测试组合（多线程优先）：gzip-log.arg2 + gcc-166.arg + gzip-source.arg
执行命令：./smtsim gzip-log.arg2 gcc-166.arg gzip-source.arg
==================================================

Process 0, Thread 0: gzip-log
Process 0, Thread 1: gzip-log
Process 2, Thread 2: gcc-166
Process 3, Thread 3: gzip-source

**** Debug Statistics at 1000000 Cycles *****
Threads: 4		Fetch Width: 8
No of useful instructions fetched:	1184172 (14.80% proc util.)
No of total instructions fetched:	1418300 (17.73% proc util.)
 includes 16516 misfetch (1.2%), 217612 (15.3%) wrong-path fetches
 and 0 flushed after failed lock(0.0%)
No of useful instructions issued/executed:	1184122 (14.80% proc util.)
No of total instructions issued/executed:	1268777 (15.86% proc util.)
 includes 84655 wrong-path (6.7%) insts and 0 flushed (0.0%)
	fp 76, 0.01%
	synch 0, 0.00%
	integer 812934, 64.07%
	load/store 455767, 35.92%
Avg size of int IQ (before scheduling): 37.19
Avg size of fp IQ (before scheduling): 0.00
No of cycles taken:		1000000
Parallelism [ 0.682, 0.000, 0.361, 0.141,] = 1.184
 IQ conflicts: 7501 (0.75%), FQ conflicts: 0 (0.00%) 
 I reg conflicts: 769687 (76.97%), FP reg conflicts: 0 (0.00%)
  Activelist confs: 0 (0.00%), ROB confs: 602 (0.06%)
  Int unit conflicts: 196730 (19.67%), FP unit conflicts: 0 (0.00%)
  Load/store unit conflicts: 83879 (8.39%)
  MSHR conflicts: 2829634 (282.96%)
----------------------------------------
==== System-wide Cache Statistics ====
Stall for miss queue full 0 cycles (0.00%)
----------------------------------------
==== Statistics for Master ID: 0 ====
Reads: 361486   Writes: 97320
ICACHE: size: 64 KB assoc: 2
ICACHE: hits:199904 misses:47  Hit Ratio: 99.98%
DCACHE: size: 16 KB assoc: 4
DCACHE: hits:257916 misses:939 writebacks:343  Hit Ratio: 99.64%
SCACHE: size: 512 KB assoc: 2
SCACHE: hits:160 misses:826  Hit Ratio: 16.23%
3CACHE: size: 4096 KB assoc: 2
3CACHE: hits:9 misses:817  Hit Ratio: 1.09%
3CACHE: dirty items replaced:0
ITLB: size: 48, misses 6, miss rate 0.00%
DTLB: size: 128, misses 63, miss rate 0.02%
Avg mem delay: 28.267 cycles
----------------------------------------
==== Statistics for Master ID: 2 ====
Reads: 212215   Writes: 55443
ICACHE: size: 64 KB assoc: 2
ICACHE: hits:137108 misses:1430  Hit Ratio: 98.97%
DCACHE: size: 16 KB assoc: 4
DCACHE: hits:126049 misses:3071 writebacks:2648  Hit Ratio: 97.62%
SCACHE: size: 512 KB assoc: 2
SCACHE: hits:733 misses:3768  Hit Ratio: 16.29%
3CACHE: size: 4096 KB assoc: 2
3CACHE: hits:29 misses:3739  Hit Ratio: 0.77%
3CACHE: dirty items replaced:0
ITLB: size: 48, misses 90, miss rate 0.06%
DTLB: size: 128, misses 413, miss rate 0.32%
Avg mem delay: 28.267 cycles
----------------------------------------
==== Statistics for Master ID: 3 ====
Reads: 114907   Writes: 22921
ICACHE: size: 64 KB assoc: 2
ICACHE: hits:69984 misses:215  Hit Ratio: 99.69%
DCACHE: size: 16 KB assoc: 4
DCACHE: hits:28284 misses:39345 writebacks:39085  Hit Ratio: 41.82%
SCACHE: size: 512 KB assoc: 2
SCACHE: hits:17212 misses:22347  Hit Ratio: 43.51%
3CACHE: size: 4096 KB assoc: 2
3CACHE: hits:0 misses:22347  Hit Ratio: 0.00%
3CACHE: dirty items replaced:0
ITLB: size: 48, misses 18, miss rate 0.03%
DTLB: size: 128, misses 5522, miss rate 8.17%
Avg mem delay: 28.267 cycles
----------------------------------------
==== Global Resource Utilization ====
STASH: size: 65536 entries, full 101548711, empty 31520, misses 2761, full rate 99.97
icache bank util. 0.052 0.036 0.031 0.040 0.048 0.056 0.066 0.084 
dcache bank util. 0.037 0.029 0.093 0.024 0.102 0.060 0.336 0.031 
L2 bank util. 0.008 0.007 0.007 0.007 0.007 0.007 0.408 0.007 
L1-L2 bus util. = 0.261, L3 util. = 0.269
----------------------------------------
branch prediction, hits = 69713, misses = 10843, hit rate = 86.54%
return_stack prediction, hits = 14181, misses = 14, hit rate = 99.90%
jump prediction, hits = 100287, misses = 4326, hit rate = 95.86%
 __sigismember __sigaddset __sigdelset mem_access_latency dl1_access_fn dl2_access_fn il1_access_fn il2_access_fn itlb_access_fn dtlb_access_fn sim_reg_options
**** Debug Statistics at 101000000 Cycles *****
Threads: 4		Fetch Width: 8
No of useful instructions fetched:	156862793 (19.41% proc util.)
No of total instructions fetched:	180098569 (22.29% proc util.)
 includes 5541482 misfetch (3.1%), 17694294 (9.8%) wrong-path fetches
 and 0 flushed after failed lock(0.0%)
No of useful instructions issued/executed:	156862778 (19.41% proc util.)
No of total instructions issued/executed:	164823704 (20.40% proc util.)
 includes 7960926 wrong-path (4.8%) insts and 0 flushed (0.0%)
	fp 599, 0.00%
	synch 0, 0.00%
	integer 115951114, 70.35%
	load/store 48871991, 29.65%
Avg size of int IQ (before scheduling): 17.89
Avg size of fp IQ (before scheduling): 0.00
No of cycles taken:		101000000
Parallelism [ 0.740, 0.000, 0.485, 0.328,] = 1.553
 IQ conflicts: 35077 (0.03%), FQ conflicts: 0 (0.00%) 
 I reg conflicts: 75124978 (74.38%), FP reg conflicts: 0 (0.00%)
  Activelist confs: 0 (0.00%), ROB confs: 602 (0.00%)
  Int unit conflicts: 9770127 (9.67%), FP unit conflicts: 8 (0.00%)
  Load/store unit conflicts: 2480932 (2.46%)
  MSHR conflicts: 46726210 (46.26%)
----------------------------------------
==== System-wide Cache Statistics ====
Stall for miss queue full 0 cycles (0.00%)
----------------------------------------
==== Statistics for Master ID: 0 ====
Reads: 33082155   Writes: 4848523
ICACHE: size: 64 KB assoc: 2
ICACHE: hits:19982262 misses:2987  Hit Ratio: 99.99%
DCACHE: size: 16 KB assoc: 4
DCACHE: hits:17602233 misses:343196 writebacks:342402  Hit Ratio: 98.09%
SCACHE: size: 512 KB assoc: 2
SCACHE: hits:131710 misses:214473  Hit Ratio: 38.05%
3CACHE: size: 4096 KB assoc: 2
3CACHE: hits:154101 misses:60372  Hit Ratio: 71.85%
3CACHE: dirty items replaced:8942
ITLB: size: 48, misses 246, miss rate 0.00%
DTLB: size: 128, misses 10486, miss rate 0.06%
Avg mem delay: 8.522 cycles
----------------------------------------
==== Statistics for Master ID: 2 ====
Reads: 32931936   Writes: 5439188
ICACHE: size: 64 KB assoc: 2
ICACHE: hits:18390229 misses:292237  Hit Ratio: 98.44%
DCACHE: size: 16 KB assoc: 4
DCACHE: hits:18549149 misses:1139509 writebacks:1139086  Hit Ratio: 94.21%
SCACHE: size: 512 KB assoc: 2
SCACHE: hits:1114201 misses:317545  Hit Ratio: 77.82%
3CACHE: size: 4096 KB assoc: 2
3CACHE: hits:215827 misses:101718  Hit Ratio: 67.97%
3CACHE: dirty items replaced:4829
ITLB: size: 48, misses 20280, miss rate 0.11%
DTLB: size: 128, misses 56432, miss rate 0.29%
Avg mem delay: 8.522 cycles
----------------------------------------
==== Statistics for Master ID: 3 ====
Reads: 17802626   Writes: 5508132
ICACHE: size: 64 KB assoc: 2
ICACHE: hits:12108486 misses:960  Hit Ratio: 99.99%
DCACHE: size: 16 KB assoc: 4
DCACHE: hits:9538453 misses:1662859 writebacks:1470814  Hit Ratio: 85.15%
SCACHE: size: 512 KB assoc: 2
SCACHE: hits:148062 misses:1515757  Hit Ratio: 8.90%
3CACHE: size: 4096 KB assoc: 2
3CACHE: hits:100 misses:1515656  Hit Ratio: 0.01%
3CACHE: dirty items replaced:48970
ITLB: size: 48, misses 58, miss rate 0.00%
DTLB: size: 128, misses 66948, miss rate 0.60%
Avg mem delay: 8.522 cycles
----------------------------------------
==== Global Resource Utilization ====
STASH: size: 65536 entries, full 288163029, empty 5919422, misses 536714, full rate 97.81
icache bank util. 0.065 0.046 0.038 0.039 0.045 0.160 0.053 0.066 
dcache bank util. 0.077 0.091 0.088 0.073 0.080 0.072 0.093 0.090 
L2 bank util. 0.040 0.039 0.038 0.038 0.037 0.037 0.049 0.061 
L1-L2 bus util. = 0.190, L3 util. = 0.166
----------------------------------------
branch prediction, hits = 14920330, misses = 1239186, hit rate = 92.33%
return_stack prediction, hits = 787382, misses = 590, hit rate = 99.93%
jump prediction, hits = 14681070, misses = 1495792, hit rate = 90.75%
 sim_check_options
**** Debug Statistics at 201000000 Cycles *****
Threads: 4		Fetch Width: 8
No of useful instructions fetched:	501422551 (31.18% proc util.)
No of total instructions fetched:	633318828 (39.39% proc util.)
 includes 20084014 misfetch (3.2%), 111812263 (17.7%) wrong-path fetches
 and 0 flushed after failed lock(0.0%)
No of useful instructions issued/executed:	501422521 (31.18% proc util.)
No of total instructions issued/executed:	551151200 (34.28% proc util.)
 includes 49728679 wrong-path (9.0%) insts and 0 flushed (0.0%)
	fp 18805, 0.00%
	synch 0, 0.00%
	integer 389755579, 70.72%
	load/store 161376816, 29.28%
Avg size of int IQ (before scheduling): 23.42
Avg size of fp IQ (before scheduling): 0.00
No of cycles taken:		201000000
Parallelism [ 1.050, 0.000, 0.688, 0.757,] = 2.495
 IQ conflicts: 1385478 (0.69%), FQ conflicts: 0 (0.00%) 
 I reg conflicts: 105931432 (52.70%), FP reg conflicts: 0 (0.00%)
  Activelist confs: 141 (0.00%), ROB confs: 13365 (0.01%)
  Int unit conflicts: 178994224 (89.05%), FP unit conflicts: 10 (0.00%)
  Load/store unit conflicts: 17711233 (8.81%)
  MSHR conflicts: 72757898 (36.20%)
----------------------------------------
==== System-wide Cache Statistics ====
Stall for miss queue full 0 cycles (0.00%)
----------------------------------------
==== Statistics for Master ID: 0 ====
Reads: 101789345   Writes: 14176755
ICACHE: size: 64 KB assoc: 2
ICACHE: hits:63527641 misses:97064  Hit Ratio: 99.85%
DCACHE: size: 16 KB assoc: 4
DCACHE: hits:51335165 misses:1006230 writebacks:1005436  Hit Ratio: 98.08%
SCACHE: size: 512 KB assoc: 2
SCACHE: hits:671378 misses:431916  Hit Ratio: 60.85%
3CACHE: size: 4096 KB assoc: 2
3CACHE: hits:309435 misses:122481  Hit Ratio: 71.64%
3CACHE: dirty items replaced:20254
ITLB: size: 48, misses 535, miss rate 0.00%
DTLB: size: 128, misses 44654, miss rate 0.09%
Avg mem delay: 3.885 cycles
----------------------------------------
==== Statistics for Master ID: 2 ====
Reads: 109754865   Writes: 17618666
ICACHE: size: 64 KB assoc: 2
ICACHE: hits:63153142 misses:965512  Hit Ratio: 98.49%
DCACHE: size: 16 KB assoc: 4
DCACHE: hits:60987416 misses:2267461 writebacks:2267038  Hit Ratio: 96.42%
SCACHE: size: 512 KB assoc: 2
SCACHE: hits:2575771 misses:657202  Hit Ratio: 79.67%
3CACHE: size: 4096 KB assoc: 2
3CACHE: hits:501576 misses:155626  Hit Ratio: 76.32%
3CACHE: dirty items replaced:13612
ITLB: size: 48, misses 38070, miss rate 0.06%
DTLB: size: 128, misses 140087, miss rate 0.22%
Avg mem delay: 3.885 cycles
----------------------------------------
==== Statistics for Master ID: 3 ====
Reads: 84619302   Writes: 15335656
ICACHE: size: 64 KB assoc: 2
ICACHE: hits:54340382 misses:97628  Hit Ratio: 99.82%
DCACHE: size: 16 KB assoc: 4
DCACHE: hits:42631338 misses:2885610 writebacks:2671698  Hit Ratio: 93.66%
SCACHE: size: 512 KB assoc: 2
SCACHE: hits:911942 misses:2071296  Hit Ratio: 30.57%
3CACHE: size: 4096 KB assoc: 2
3CACHE: hits:117887 misses:1953409  Hit Ratio: 5.69%
3CACHE: dirty items replaced:83682
ITLB: size: 48, misses 291, miss rate 0.00%
DTLB: size: 128, misses 116719, miss rate 0.26%
Avg mem delay: 3.885 cycles
----------------------------------------
==== Global Resource Utilization ====
STASH: size: 65536 entries, full 779411953, empty 16742352, misses 1508933, full rate 97.71
icache bank util. 0.122 0.087 0.079 0.092 0.112 0.194 0.108 0.131 
dcache bank util. 0.105 0.122 0.130 0.107 0.142 0.120 0.146 0.110 
L2 bank util. 0.042 0.040 0.039 0.040 0.038 0.038 0.045 0.053 
L1-L2 bus util. = 0.198, L3 util. = 0.111
----------------------------------------
branch prediction, hits = 40207023, misses = 5123561, hit rate = 88.70%
return_stack prediction, hits = 3473781, misses = 1637, hit rate = 99.95%
jump prediction, hits = 41459563, misses = 5097455, hit rate = 89.05%

**** Debug Statistics at 301000000 Cycles *****
Threads: 4		Fetch Width: 8
No of useful instructions fetched:	919226743 (38.17% proc util.)
No of total instructions fetched:	1191651571 (49.49% proc util.)
 includes 38630066 misfetch (3.2%), 233794762 (19.6%) wrong-path fetches
 and 0 flushed after failed lock(0.0%)
No of useful instructions issued/executed:	919226704 (38.17% proc util.)
No of total instructions issued/executed:	1021728711 (42.43% proc util.)
 includes 102502007 wrong-path (10.0%) insts and 0 flushed (0.0%)
	fp 24932, 0.00%
	synch 0, 0.00%
	integer 724080722, 70.87%
	load/store 297623057, 29.13%
Avg size of int IQ (before scheduling): 26.82
Avg size of fp IQ (before scheduling): 0.00
No of cycles taken:		301000000
Parallelism [ 1.219, 0.000, 0.828, 1.007,] = 3.054
 IQ conflicts: 2964614 (0.98%), FQ conflicts: 0 (0.00%) 
 I reg conflicts: 121026716 (40.21%), FP reg conflicts: 0 (0.00%)
  Activelist confs: 504 (0.00%), ROB confs: 77894 (0.03%)
  Int unit conflicts: 446928987 (148.48%), FP unit conflicts: 10 (0.00%)
  Load/store unit conflicts: 40629215 (13.50%)
  MSHR conflicts: 103588990 (34.41%)
----------------------------------------
==== System-wide Cache Statistics ====
Stall for miss queue full 0 cycles (0.00%)
----------------------------------------
==== Statistics for Master ID: 0 ====
Reads: 180231796   Writes: 24543794
ICACHE: size: 64 KB assoc: 2
ICACHE: hits:113966709 misses:223836  Hit Ratio: 99.80%
DCACHE: size: 16 KB assoc: 4
DCACHE: hits:88899112 misses:1685933 writebacks:1685139  Hit Ratio: 98.14%
SCACHE: size: 512 KB assoc: 2
SCACHE: hits:1255151 misses:654618  Hit Ratio: 65.72%
3CACHE: size: 4096 KB assoc: 2
3CACHE: hits:471327 misses:183291  Hit Ratio: 72.00%
3CACHE: dirty items replaced:32754
ITLB: size: 48, misses 887, miss rate 0.00%
DTLB: size: 128, misses 80626, miss rate 0.09%
Avg mem delay: 2.722 cycles
----------------------------------------
==== Statistics for Master ID: 2 ====
Reads: 206992733   Writes: 33277443
ICACHE: size: 64 KB assoc: 2
ICACHE: hits:119851014 misses:1722099  Hit Ratio: 98.58%
DCACHE: size: 16 KB assoc: 4
DCACHE: hits:115264943 misses:3432120 writebacks:3431697  Hit Ratio: 97.11%
SCACHE: size: 512 KB assoc: 2
SCACHE: hits:4172935 misses:981284  Hit Ratio: 80.96%
3CACHE: size: 4096 KB assoc: 2
3CACHE: hits:786913 misses:194371  Hit Ratio: 80.19%
3CACHE: dirty items replaced:24232
ITLB: size: 48, misses 44806, miss rate 0.04%
DTLB: size: 128, misses 223224, miss rate 0.19%
Avg mem delay: 2.722 cycles
----------------------------------------
==== Statistics for Master ID: 3 ====
Reads: 169051228   Writes: 26735912
ICACHE: size: 64 KB assoc: 2
ICACHE: hits:107729439 misses:229712  Hit Ratio: 99.79%
DCACHE: size: 16 KB assoc: 4
DCACHE: hits:83787803 misses:4040186 writebacks:3826274  Hit Ratio: 95.40%
SCACHE: size: 512 KB assoc: 2
SCACHE: hits:1982633 misses:2287265  Hit Ratio: 46.43%
3CACHE: size: 4096 KB assoc: 2
3CACHE: hits:285979 misses:2001286  Hit Ratio: 12.50%
3CACHE: dirty items replaced:95445
ITLB: size: 48, misses 579, miss rate 0.00%
DTLB: size: 128, misses 149272, miss rate 0.17%
Avg mem delay: 2.722 cycles
----------------------------------------
==== Global Resource Utilization ====
STASH: size: 65536 entries, full 1384638065, empty 29163035, misses 2618195, full rate 97.76
icache bank util. 0.155 0.113 0.103 0.122 0.148 0.213 0.139 0.170 
dcache bank util. 0.123 0.139 0.152 0.126 0.176 0.147 0.179 0.125 
L2 bank util. 0.041 0.040 0.039 0.040 0.039 0.038 0.044 0.049 
L1-L2 bus util. = 0.202, L3 util. = 0.079
----------------------------------------
branch prediction, hits = 69317816, misses = 9915059, hit rate = 87.49%
return_stack prediction, hits = 6510555, misses = 1929, hit rate = 99.97%
jump prediction, hits = 71639797, misses = 9664418, hit rate = 88.11%
 sim_aux_config sim_reg_stats sim_init sim_aux_stats sim_uninit ruu_init ruu_dumpent ruu_dump lsq_init lsq_dump rslink_init ruu_release_fu eventq_init eventq_dump eventq_queue_event eventq_next_event readyq_init readyq_dump readyq_enqueue cv_init cv_dump ruu_commit ruu_recover ruu_writeback lsq_refresh ruu_issue
**** Debug Statistics at 401000000 Cycles *****
Threads: 4		Fetch Width: 8
No of useful instructions fetched:	1301886175 (40.58% proc util.)
No of total instructions fetched:	1685702922 (52.55% proc util.)
 includes 49172581 misfetch (2.9%), 334644166 (19.9%) wrong-path fetches
 and 0 flushed after failed lock(0.0%)
No of useful instructions issued/executed:	1301886140 (40.58% proc util.)
No of total instructions issued/executed:	1449521077 (45.18% proc util.)
 includes 147634937 wrong-path (10.2%) insts and 0 flushed (0.0%)
	fp 34701, 0.00%
	synch 0, 0.00%
	integer 1032737365, 71.25%
	load/store 416749011, 28.75%
Avg size of int IQ (before scheduling): 28.95
Avg size of fp IQ (before scheduling): 0.00
No of cycles taken:		401000000
Parallelism [ 1.289, 0.000, 0.834, 1.124,] = 3.247
 IQ conflicts: 6383702 (1.59%), FQ conflicts: 0 (0.00%) 
 I reg conflicts: 143478350 (35.78%), FP reg conflicts: 0 (0.00%)
  Activelist confs: 886 (0.00%), ROB confs: 105725 (0.03%)
  Int unit conflicts: 671132568 (167.36%), FP unit conflicts: 11 (0.00%)
  Load/store unit conflicts: 56756530 (14.15%)
  MSHR conflicts: 126583268 (31.57%)
----------------------------------------
==== System-wide Cache Statistics ====
Stall for miss queue full 0 cycles (0.00%)
----------------------------------------
==== Statistics for Master ID: 0 ====
Reads: 256827383   Writes: 34803961
ICACHE: size: 64 KB assoc: 2
ICACHE: hits:162704443 misses:331391  Hit Ratio: 99.80%
DCACHE: size: 16 KB assoc: 4
DCACHE: hits:126176787 misses:2418723 writebacks:2417929  Hit Ratio: 98.12%
SCACHE: size: 512 KB assoc: 2
SCACHE: hits:1843571 misses:906543  Hit Ratio: 67.04%
3CACHE: size: 4096 KB assoc: 2
3CACHE: hits:633316 misses:273227  Hit Ratio: 69.86%
3CACHE: dirty items replaced:56417
ITLB: size: 48, misses 1413, miss rate 0.00%
DTLB: size: 128, misses 109431, miss rate 0.09%
Avg mem delay: 2.370 cycles
----------------------------------------
==== Statistics for Master ID: 2 ====
Reads: 278400527   Writes: 44586245
ICACHE: size: 64 KB assoc: 2
ICACHE: hits:161556207 misses:2590351  Hit Ratio: 98.42%
DCACHE: size: 16 KB assoc: 4
DCACHE: hits:154336808 misses:4503406 writebacks:4502983  Hit Ratio: 97.16%
SCACHE: size: 512 KB assoc: 2
SCACHE: hits:5617931 misses:1475825  Hit Ratio: 79.20%
3CACHE: size: 4096 KB assoc: 2
3CACHE: hits:1175496 misses:300329  Hit Ratio: 79.65%
3CACHE: dirty items replaced:50598
ITLB: size: 48, misses 106467, miss rate 0.06%
DTLB: size: 128, misses 307275, miss rate 0.19%
Avg mem delay: 2.370 cycles
----------------------------------------
==== Statistics for Master ID: 3 ====
Reads: 249451458   Writes: 37749729
ICACHE: size: 64 KB assoc: 2
ICACHE: hits:158178977 misses:339914  Hit Ratio: 99.79%
DCACHE: size: 16 KB assoc: 4
DCACHE: hits:123683313 misses:4998983 writebacks:4785071  Hit Ratio: 96.12%
SCACHE: size: 512 KB assoc: 2
SCACHE: hits:2813987 misses:2524910  Hit Ratio: 52.71%
3CACHE: size: 4096 KB assoc: 2
3CACHE: hits:440785 misses:2084125  Hit Ratio: 17.46%
3CACHE: dirty items replaced:118063
ITLB: size: 48, misses 985, miss rate 0.00%
DTLB: size: 128, misses 175682, miss rate 0.14%
Avg mem delay: 2.370 cycles
----------------------------------------
==== Global Resource Utilization ====
STASH: size: 65536 entries, full 1919151258, empty 41574652, misses 3700861, full rate 97.70
icache bank util. 0.167 0.121 0.110 0.131 0.158 0.214 0.149 0.185 
dcache bank util. 0.127 0.144 0.161 0.133 0.186 0.146 0.187 0.130 
L2 bank util. 0.041 0.040 0.039 0.040 0.038 0.038 0.042 0.047 
L1-L2 bus util. = 0.201, L3 util. = 0.066
----------------------------------------
branch prediction, hits = 94640418, misses = 13738655, hit rate = 87.32%
return_stack prediction, hits = 9149026, misses = 5318, hit rate = 99.94%
jump prediction, hits = 99856220, misses = 12438249, hit rate = 88.92%
 rspec_dump tracer_recover tracer_init spec_mem_access mspec_dump simoo_mem_obj ruu_link_idep ruu_install_odep InstSRA InstSRAV InstMULT InstMULTU simoo_reg_obj
**** Debug Statistics at 501000000 Cycles *****
Threads: 4		Fetch Width: 8
No of useful instructions fetched:	1700838891 (42.44% proc util.)
No of total instructions fetched:	2210841005 (55.16% proc util.)
 includes 63141469 misfetch (2.9%), 446860645 (20.2%) wrong-path fetches
 and 0 flushed after failed lock(0.0%)
No of useful instructions issued/executed:	1700838825 (42.44% proc util.)
No of total instructions issued/executed:	1897422536 (47.34% proc util.)
 includes 196583711 wrong-path (10.4%) insts and 0 flushed (0.0%)
	fp 41275, 0.00%
	synch 0, 0.00%
	integer 1353048617, 71.31%
	load/store 544332644, 28.69%
Avg size of int IQ (before scheduling): 30.05
Avg size of fp IQ (before scheduling): 0.00
No of cycles taken:		501000000
Parallelism [ 1.340, 0.000, 0.854, 1.201,] = 3.395
 IQ conflicts: 8841028 (1.76%), FQ conflicts: 0 (0.00%) 
 I reg conflicts: 162366681 (32.41%), FP reg conflicts: 0 (0.00%)
  Activelist confs: 1018 (0.00%), ROB confs: 131148 (0.03%)
  Int unit conflicts: 914734346 (182.58%), FP unit conflicts: 11 (0.00%)
  Load/store unit conflicts: 75664524 (15.10%)
  MSHR conflicts: 152226016 (30.38%)
----------------------------------------
==== System-wide Cache Statistics ====
Stall for miss queue full 0 cycles (0.00%)
----------------------------------------
==== Statistics for Master ID: 0 ====
Reads: 335292115   Writes: 45174350
ICACHE: size: 64 KB assoc: 2
ICACHE: hits:212960177 misses:448904  Hit Ratio: 99.79%
DCACHE: size: 16 KB assoc: 4
DCACHE: hits:163924608 misses:3132776 writebacks:3131982  Hit Ratio: 98.12%
SCACHE: size: 512 KB assoc: 2
SCACHE: hits:2445193 misses:1136487  Hit Ratio: 68.27%
3CACHE: size: 4096 KB assoc: 2
3CACHE: hits:782893 misses:353594  Hit Ratio: 68.89%
3CACHE: dirty items replaced:82006
ITLB: size: 48, misses 1964, miss rate 0.00%
DTLB: size: 128, misses 136890, miss rate 0.08%
Avg mem delay: 2.139 cycles
----------------------------------------
==== Statistics for Master ID: 2 ====
Reads: 359687205   Writes: 57776188
ICACHE: size: 64 KB assoc: 2
ICACHE: hits:208671625 misses:3553967  Hit Ratio: 98.33%
DCACHE: size: 16 KB assoc: 4
DCACHE: hits:199795279 misses:5442522 writebacks:5442099  Hit Ratio: 97.35%
SCACHE: size: 512 KB assoc: 2
SCACHE: hits:7106331 misses:1890158  Hit Ratio: 78.99%
3CACHE: size: 4096 KB assoc: 2
3CACHE: hits:1511092 misses:379066  Hit Ratio: 79.95%
3CACHE: dirty items replaced:77462
ITLB: size: 48, misses 157540, miss rate 0.07%
DTLB: size: 128, misses 377585, miss rate 0.18%
Avg mem delay: 2.139 cycles
----------------------------------------
==== Statistics for Master ID: 3 ====
Reads: 333073693   Writes: 49406768
ICACHE: size: 64 KB assoc: 2
ICACHE: hits:210745329 misses:461697  Hit Ratio: 99.78%
DCACHE: size: 16 KB assoc: 4
DCACHE: hits:165243867 misses:6029568 writebacks:5815656  Hit Ratio: 96.48%
SCACHE: size: 512 KB assoc: 2
SCACHE: hits:3748436 misses:2742829  Hit Ratio: 57.75%
3CACHE: size: 4096 KB assoc: 2
3CACHE: hits:588371 misses:2154458  Hit Ratio: 21.45%
3CACHE: dirty items replaced:140985
ITLB: size: 48, misses 1394, miss rate 0.00%
DTLB: size: 128, misses 200498, miss rate 0.12%
Avg mem delay: 2.139 cycles
----------------------------------------
==== Global Resource Utilization ====
STASH: size: 65536 entries, full 2486819767, empty 55554791, misses 4916941, full rate 97.63
icache bank util. 0.176 0.128 0.117 0.139 0.166 0.217 0.158 0.197 
dcache bank util. 0.131 0.149 0.171 0.138 0.195 0.146 0.194 0.135 
L2 bank util. 0.041 0.040 0.039 0.040 0.038 0.037 0.041 0.045 
L1-L2 bus util. = 0.200, L3 util. = 0.058
----------------------------------------
branch prediction, hits = 121070450, misses = 18059869, hit rate = 87.02%
return_stack prediction, hits = 11941492, misses = 9359, hit rate = 99.92%
jump prediction, hits = 128454353, misses = 16056188, hit rate = 88.89%
 ruu_dispatch
**** Early Exiting at 580720129 Cycles *****
========================================
 SMTSIM Global Statistics
========================================
Threads: 4		Fetch Width: 8
No of useful instructions fetched:	2000000077 (43.05% proc util.)
No of total instructions fetched:	2592396959 (55.80% proc util.)
 includes 71853353 misfetch (2.8%), 520543529 (20.1%) wrong-path fetches
 and 0 flushed after failed lock(0.0%)
No of useful instructions issued/executed:	2000000035 (43.05% proc util.)
No of total instructions issued/executed:	2230195188 (48.00% proc util.)
 includes 230195153 wrong-path (10.3%) insts and 0 flushed (0.0%)
	fp 41490, 0.00%
	synch 0, 0.00%
	integer 1591843048, 71.38%
	load/store 638310650, 28.62%
Avg size of int IQ (before scheduling): 30.73
Avg size of fp IQ (before scheduling): 0.00
No of cycles taken:		580720129
Parallelism [ 1.358, 0.000, 0.852, 1.234,] = 3.444
 IQ conflicts: 11475161 (1.98%), FQ conflicts: 0 (0.00%) 
 I reg conflicts: 182419041 (31.41%), FP reg conflicts: 0 (0.00%)
  Activelist confs: 1018 (0.00%), ROB confs: 170991 (0.03%)
  Int unit conflicts: 1085145580 (186.86%), FP unit conflicts: 11 (0.00%)
  Load/store unit conflicts: 90053795 (15.51%)
  MSHR conflicts: 185356043 (31.92%)
----------------------------------------
==== System-wide Cache Statistics ====
Stall for miss queue full 0 cycles (0.00%)
----------------------------------------
==== Statistics for Master ID: 0 ====
Reads: 394372494   Writes: 53046928
ICACHE: size: 64 KB assoc: 2
ICACHE: hits:250687336 misses:506386  Hit Ratio: 99.80%
DCACHE: size: 16 KB assoc: 4
DCACHE: hits:192554145 misses:3671555 writebacks:3670761  Hit Ratio: 98.13%
SCACHE: size: 512 KB assoc: 2
SCACHE: hits:2836344 misses:1341597  Hit Ratio: 67.89%
3CACHE: size: 4096 KB assoc: 2
3CACHE: hits:915019 misses:426578  Hit Ratio: 68.20%
3CACHE: dirty items replaced:105632
ITLB: size: 48, misses 2422, miss rate 0.00%
DTLB: size: 128, misses 157732, miss rate 0.08%
Avg mem delay: 2.040 cycles
----------------------------------------
==== Statistics for Master ID: 2 ====
Reads: 414902703   Writes: 67986204
ICACHE: size: 64 KB assoc: 2
ICACHE: hits:240437723 misses:4232848  Hit Ratio: 98.27%
DCACHE: size: 16 KB assoc: 4
DCACHE: hits:232035416 misses:6182920 writebacks:6182497  Hit Ratio: 97.40%
SCACHE: size: 512 KB assoc: 2
SCACHE: hits:8112150 misses:2303617  Hit Ratio: 77.88%
3CACHE: size: 4096 KB assoc: 2
3CACHE: hits:1818938 misses:484679  Hit Ratio: 78.96%
3CACHE: dirty items replaced:113219
ITLB: size: 48, misses 214978, miss rate 0.09%
DTLB: size: 128, misses 436172, miss rate 0.18%
Avg mem delay: 2.040 cycles
----------------------------------------
==== Statistics for Master ID: 3 ====
Reads: 395764205   Writes: 57916111
ICACHE: size: 64 KB assoc: 2
ICACHE: hits:250122075 misses:517550  Hit Ratio: 99.79%
DCACHE: size: 16 KB assoc: 4
DCACHE: hits:196201847 misses:6838844 writebacks:6624932  Hit Ratio: 96.63%
SCACHE: size: 512 KB assoc: 2
SCACHE: hits:4425435 misses:2930959  Hit Ratio: 60.16%
3CACHE: size: 4096 KB assoc: 2
3CACHE: hits:709601 misses:2221358  Hit Ratio: 24.21%
3CACHE: dirty items replaced:163218
ITLB: size: 48, misses 1734, miss rate 0.00%
DTLB: size: 128, misses 219541, miss rate 0.11%
Avg mem delay: 2.040 cycles
----------------------------------------
==== Global Resource Utilization ====
STASH: size: 65536 entries, full 2898374477, empty 66948696, misses 5934659, full rate 97.55
icache bank util. 0.179 0.130 0.119 0.141 0.167 0.215 0.159 0.202 
dcache bank util. 0.133 0.150 0.174 0.139 0.197 0.144 0.196 0.136 
L2 bank util. 0.041 0.039 0.039 0.039 0.038 0.037 0.040 0.045 
L1-L2 bus util. = 0.199, L3 util. = 0.054
----------------------------------------
branch prediction, hits = 140279787, misses = 20780626, hit rate = 87.10%
return_stack prediction, hits = 14014651, misses = 16239, hit rate = 99.88%
jump prediction, hits = 149701450, misses = 18394198, hit rate = 89.06%
total IPC 3.444

=== Results saved to: ./results/gzip-log_2_gcc-166_1_gzip-source_1.txt ===
