测试组合（多线程优先）：mgrid.arg2 + crafty.arg + gcc-166.arg
执行命令：./smtsim mgrid.arg2 crafty.arg gcc-166.arg
==================================================

Process 0, Thread 0: mgrid
Process 0, Thread 1: mgrid
Process 2, Thread 2: crafty
Process 3, Thread 3: gcc-166

**** Debug Statistics at 1000000 Cycles *****
Threads: 4		Fetch Width: 8
No of useful instructions fetched:	2007945 (25.10% proc util.)
No of total instructions fetched:	2348374 (29.35% proc util.)
 includes 19968 misfetch (0.9%), 320461 (13.6%) wrong-path fetches
 and 0 flushed after failed lock(0.0%)
No of useful instructions issued/executed:	2007903 (25.10% proc util.)
No of total instructions issued/executed:	2148618 (26.86% proc util.)
 includes 140715 wrong-path (6.5%) insts and 0 flushed (0.0%)
	fp 303547, 14.13%
	synch 0, 0.00%
	integer 1242380, 57.82%
	load/store 602691, 28.05%
Avg size of int IQ (before scheduling): 7.48
Avg size of fp IQ (before scheduling): 7.82
No of cycles taken:		1000000
Parallelism [ 0.717, 0.000, 0.744, 0.547,] = 2.008
 IQ conflicts: 2741 (0.27%), FQ conflicts: 0 (0.00%) 
 I reg conflicts: 100441 (10.04%), FP reg conflicts: 491796 (49.18%)
  Activelist confs: 10 (0.00%), ROB confs: 1862 (0.19%)
  Int unit conflicts: 209282 (20.93%), FP unit conflicts: 1210 (0.12%)
  Load/store unit conflicts: 65818 (6.58%)
  MSHR conflicts: 335642 (33.56%)
----------------------------------------
==== System-wide Cache Statistics ====
Stall for miss queue full 0 cycles (0.00%)
----------------------------------------
==== Statistics for Master ID: 0 ====
Reads: 541157   Writes: 9783
ICACHE: size: 64 KB assoc: 2
ICACHE: hits:266421 misses:106  Hit Ratio: 99.96%
DCACHE: size: 16 KB assoc: 4
DCACHE: hits:277812 misses:6601 writebacks:4771  Hit Ratio: 97.68%
SCACHE: size: 512 KB assoc: 2
SCACHE: hits:363 misses:6343  Hit Ratio: 5.41%
3CACHE: size: 4096 KB assoc: 2
3CACHE: hits:7 misses:6335  Hit Ratio: 0.11%
3CACHE: dirty items replaced:0
ITLB: size: 48, misses 2, miss rate 0.00%
DTLB: size: 128, misses 104, miss rate 0.04%
Avg mem delay: 3.464 cycles
----------------------------------------
==== Statistics for Master ID: 2 ====
Reads: 382386   Writes: 35459
ICACHE: size: 64 KB assoc: 2
ICACHE: hits:299066 misses:170  Hit Ratio: 99.94%
DCACHE: size: 16 KB assoc: 4
DCACHE: hits:117869 misses:740 writebacks:446  Hit Ratio: 99.38%
SCACHE: size: 512 KB assoc: 2
SCACHE: hits:20 misses:890  Hit Ratio: 2.20%
3CACHE: size: 4096 KB assoc: 2
3CACHE: hits:1 misses:889  Hit Ratio: 0.11%
3CACHE: dirty items replaced:0
ITLB: size: 48, misses 16, miss rate 0.01%
DTLB: size: 128, misses 35, miss rate 0.03%
Avg mem delay: 3.464 cycles
----------------------------------------
==== Statistics for Master ID: 3 ====
Reads: 333040   Writes: 81247
ICACHE: size: 64 KB assoc: 2
ICACHE: hits:213023 misses:1819  Hit Ratio: 99.15%
DCACHE: size: 16 KB assoc: 4
DCACHE: hits:196076 misses:3369 writebacks:2935  Hit Ratio: 98.31%
SCACHE: size: 512 KB assoc: 2
SCACHE: hits:872 misses:4316  Hit Ratio: 16.81%
3CACHE: size: 4096 KB assoc: 2
3CACHE: hits:129 misses:4187  Hit Ratio: 2.99%
3CACHE: dirty items replaced:0
ITLB: size: 48, misses 108, miss rate 0.05%
DTLB: size: 128, misses 160, miss rate 0.08%
Avg mem delay: 3.464 cycles
----------------------------------------
==== Global Resource Utilization ====
STASH: size: 65536 entries, full 502843377, empty 67177, misses 6791, full rate 99.99
icache bank util. 0.129 0.102 0.069 0.071 0.086 0.115 0.122 0.091 
dcache bank util. 0.079 0.082 0.063 0.069 0.068 0.075 0.134 0.089 
L2 bank util. 0.018 0.018 0.017 0.017 0.016 0.016 0.016 0.017 
L1-L2 bus util. = 0.063, L3 util. = 0.114
----------------------------------------
branch prediction, hits = 178812, misses = 19407, hit rate = 90.21%
return_stack prediction, hits = 9299, misses = 7, hit rate = 99.92%
jump prediction, hits = 196931, misses = 6048, hit rate = 97.02%
 __sigismember __sigaddset __sigdelset mem_access_latency dl1_access_fn dl2_access_fn il1_access_fn il2_access_fn itlb_access_fn dtlb_access_fn sim_reg_options
**** Debug Statistics at 101000000 Cycles *****
Threads: 4		Fetch Width: 8
No of useful instructions fetched:	183463650 (22.71% proc util.)
No of total instructions fetched:	227793686 (28.19% proc util.)
 includes 10299695 misfetch (4.5%), 34030341 (14.9%) wrong-path fetches
 and 0 flushed after failed lock(0.0%)
No of useful instructions issued/executed:	183463617 (22.71% proc util.)
No of total instructions issued/executed:	202024660 (25.00% proc util.)
 includes 18561043 wrong-path (9.2%) insts and 0 flushed (0.0%)
	fp 37063847, 18.35%
	synch 0, 0.00%
	integer 91989434, 45.53%
	load/store 72971379, 36.12%
Avg size of int IQ (before scheduling): 9.41
Avg size of fp IQ (before scheduling): 5.78
No of cycles taken:		101000000
Parallelism [ 0.869, 0.000, 0.586, 0.361,] = 1.816
 IQ conflicts: 1057176 (1.05%), FQ conflicts: 0 (0.00%) 
 I reg conflicts: 6573588 (6.51%), FP reg conflicts: 53180752 (52.65%)
  Activelist confs: 10 (0.00%), ROB confs: 54951 (0.05%)
  Int unit conflicts: 14570168 (14.43%), FP unit conflicts: 153481 (0.15%)
  Load/store unit conflicts: 9150196 (9.06%)
  MSHR conflicts: 18121596 (17.94%)
----------------------------------------
==== System-wide Cache Statistics ====
Stall for miss queue full 0 cycles (0.00%)
----------------------------------------
==== Statistics for Master ID: 0 ====
Reads: 63961429   Writes: 1250780
ICACHE: size: 64 KB assoc: 2
ICACHE: hits:30301163 misses:20527  Hit Ratio: 99.93%
DCACHE: size: 16 KB assoc: 4
DCACHE: hits:34022207 misses:868312 writebacks:858703  Hit Ratio: 97.51%
SCACHE: size: 512 KB assoc: 2
SCACHE: hits:133307 misses:755531  Hit Ratio: 15.00%
3CACHE: size: 4096 KB assoc: 2
3CACHE: hits:244599 misses:510932  Hit Ratio: 32.37%
3CACHE: dirty items replaced:8275
ITLB: size: 48, misses 426, miss rate 0.00%
DTLB: size: 128, misses 17070, miss rate 0.05%
Avg mem delay: 3.875 cycles
----------------------------------------
==== Statistics for Master ID: 2 ====
Reads: 41602601   Writes: 4623168
ICACHE: size: 64 KB assoc: 2
ICACHE: hits:24583161 misses:540758  Hit Ratio: 97.85%
DCACHE: size: 16 KB assoc: 4
DCACHE: hits:20340221 misses:761629 writebacks:761334  Hit Ratio: 96.39%
SCACHE: size: 512 KB assoc: 2
SCACHE: hits:1044864 misses:257523  Hit Ratio: 80.23%
3CACHE: size: 4096 KB assoc: 2
3CACHE: hits:185119 misses:72404  Hit Ratio: 71.88%
3CACHE: dirty items replaced:2489
ITLB: size: 48, misses 11917, miss rate 0.05%
DTLB: size: 128, misses 98884, miss rate 0.47%
Avg mem delay: 3.875 cycles
----------------------------------------
==== Statistics for Master ID: 3 ====
Reads: 31246935   Writes: 4617970
ICACHE: size: 64 KB assoc: 2
ICACHE: hits:18238542 misses:693143  Hit Ratio: 96.34%
DCACHE: size: 16 KB assoc: 4
DCACHE: hits:16124747 misses:808473 writebacks:808039  Hit Ratio: 95.23%
SCACHE: size: 512 KB assoc: 2
SCACHE: hits:1159605 misses:342011  Hit Ratio: 77.22%
3CACHE: size: 4096 KB assoc: 2
3CACHE: hits:258843 misses:83168  Hit Ratio: 75.68%
3CACHE: dirty items replaced:2532
ITLB: size: 48, misses 55509, miss rate 0.29%
DTLB: size: 128, misses 95652, miss rate 0.56%
Avg mem delay: 3.875 cycles
----------------------------------------
==== Global Resource Utilization ====
STASH: size: 65536 entries, full 784582774, empty 12179530, misses 1093952, full rate 98.34
icache bank util. 0.100 0.106 0.093 0.097 0.102 0.088 0.096 0.091 
dcache bank util. 0.098 0.126 0.111 0.089 0.112 0.109 0.111 0.110 
L2 bank util. 0.037 0.046 0.039 0.034 0.038 0.038 0.035 0.042 
L1-L2 bus util. = 0.182, L3 util. = 0.066
----------------------------------------
branch prediction, hits = 9694518, misses = 1693247, hit rate = 85.13%
return_stack prediction, hits = 1421225, misses = 598, hit rate = 99.96%
jump prediction, hits = 8860419, misses = 2993726, hit rate = 74.75%
 sim_check_options
**** Debug Statistics at 201000000 Cycles *****
Threads: 4		Fetch Width: 8
No of useful instructions fetched:	442401862 (27.51% proc util.)
No of total instructions fetched:	552044370 (34.33% proc util.)
 includes 24918172 misfetch (4.5%), 84724336 (15.3%) wrong-path fetches
 and 0 flushed after failed lock(0.0%)
No of useful instructions issued/executed:	442401847 (27.51% proc util.)
No of total instructions issued/executed:	488715210 (30.39% proc util.)
 includes 46313363 wrong-path (9.5%) insts and 0 flushed (0.0%)
	fp 88457256, 18.10%
	synch 0, 0.00%
	integer 220341721, 45.09%
	load/store 179916233, 36.81%
Avg size of int IQ (before scheduling): 10.77
Avg size of fp IQ (before scheduling): 6.94
No of cycles taken:		201000000
Parallelism [ 1.034, 0.000, 0.690, 0.477,] = 2.201
 IQ conflicts: 1687143 (0.84%), FQ conflicts: 0 (0.00%) 
 I reg conflicts: 14638914 (7.28%), FP reg conflicts: 88422706 (43.99%)
  Activelist confs: 634 (0.00%), ROB confs: 72123 (0.04%)
  Int unit conflicts: 41941753 (20.87%), FP unit conflicts: 480055 (0.24%)
  Load/store unit conflicts: 27347222 (13.61%)
  MSHR conflicts: 32354786 (16.10%)
----------------------------------------
==== System-wide Cache Statistics ====
Stall for miss queue full 0 cycles (0.00%)
----------------------------------------
==== Statistics for Master ID: 0 ====
Reads: 151327262   Writes: 2952897
ICACHE: size: 64 KB assoc: 2
ICACHE: hits:71105246 misses:43415  Hit Ratio: 99.94%
DCACHE: size: 16 KB assoc: 4
DCACHE: hits:81397743 misses:1733755 writebacks:1724146  Hit Ratio: 97.91%
SCACHE: size: 512 KB assoc: 2
SCACHE: hits:225232 misses:1551938  Hit Ratio: 12.67%
3CACHE: size: 4096 KB assoc: 2
3CACHE: hits:585383 misses:966555  Hit Ratio: 37.72%
3CACHE: dirty items replaced:37239
ITLB: size: 48, misses 466, miss rate 0.00%
DTLB: size: 128, misses 31050, miss rate 0.04%
Avg mem delay: 3.497 cycles
----------------------------------------
==== Statistics for Master ID: 2 ====
Reads: 99813161   Writes: 11301843
ICACHE: size: 64 KB assoc: 2
ICACHE: hits:57438172 misses:1326023  Hit Ratio: 97.74%
DCACHE: size: 16 KB assoc: 4
DCACHE: hits:50371522 misses:1979287 writebacks:1978992  Hit Ratio: 96.22%
SCACHE: size: 512 KB assoc: 2
SCACHE: hits:2760791 misses:544519  Hit Ratio: 83.53%
3CACHE: size: 4096 KB assoc: 2
3CACHE: hits:409579 misses:134940  Hit Ratio: 75.22%
3CACHE: dirty items replaced:9508
ITLB: size: 48, misses 21783, miss rate 0.04%
DTLB: size: 128, misses 269331, miss rate 0.51%
Avg mem delay: 3.497 cycles
----------------------------------------
==== Statistics for Master ID: 3 ====
Reads: 81517164   Writes: 12013185
ICACHE: size: 64 KB assoc: 2
ICACHE: hits:47749689 misses:1512711  Hit Ratio: 96.93%
DCACHE: size: 16 KB assoc: 4
DCACHE: hits:42487528 misses:1780421 writebacks:1779987  Hit Ratio: 95.98%
SCACHE: size: 512 KB assoc: 2
SCACHE: hits:2603752 misses:689379  Hit Ratio: 79.07%
3CACHE: size: 4096 KB assoc: 2
3CACHE: hits:534018 misses:155361  Hit Ratio: 77.46%
3CACHE: dirty items replaced:14205
ITLB: size: 48, misses 101270, miss rate 0.21%
DTLB: size: 128, misses 206688, miss rate 0.47%
Avg mem delay: 3.497 cycles
----------------------------------------
==== Global Resource Utilization ====
STASH: size: 65536 entries, full 1183900684, empty 29063777, misses 2640041, full rate 97.39
icache bank util. 0.120 0.108 0.112 0.118 0.127 0.116 0.120 0.113 
dcache bank util. 0.122 0.143 0.133 0.111 0.141 0.142 0.133 0.134 
L2 bank util. 0.040 0.051 0.043 0.038 0.043 0.043 0.039 0.047 
L1-L2 bus util. = 0.207, L3 util. = 0.063
----------------------------------------
branch prediction, hits = 24142280, misses = 4041467, hit rate = 85.66%
return_stack prediction, hits = 3675656, misses = 1773, hit rate = 99.95%
jump prediction, hits = 22328524, misses = 7128402, hit rate = 75.80%

**** Debug Statistics at 301000000 Cycles *****
Threads: 4		Fetch Width: 8
No of useful instructions fetched:	643598834 (26.73% proc util.)
No of total instructions fetched:	820802691 (34.09% proc util.)
 includes 42397751 misfetch (5.2%), 134806106 (16.4%) wrong-path fetches
 and 0 flushed after failed lock(0.0%)
No of useful instructions issued/executed:	643598824 (26.73% proc util.)
No of total instructions issued/executed:	716417398 (29.75% proc util.)
 includes 72818574 wrong-path (10.2%) insts and 0 flushed (0.0%)
	fp 129520929, 18.08%
	synch 0, 0.00%
	integer 321084178, 44.82%
	load/store 265812291, 37.10%
Avg size of int IQ (before scheduling): 10.10
Avg size of fp IQ (before scheduling): 6.64
No of cycles taken:		301000000
Parallelism [ 1.012, 0.000, 0.652, 0.474,] = 2.138
 IQ conflicts: 2681317 (0.89%), FQ conflicts: 0 (0.00%) 
 I reg conflicts: 19706522 (6.55%), FP reg conflicts: 135227084 (44.93%)
  Activelist confs: 761 (0.00%), ROB confs: 78084 (0.03%)
  Int unit conflicts: 59217822 (19.67%), FP unit conflicts: 691127 (0.23%)
  Load/store unit conflicts: 41421194 (13.76%)
  MSHR conflicts: 61962765 (20.59%)
----------------------------------------
==== System-wide Cache Statistics ====
Stall for miss queue full 0 cycles (0.00%)
----------------------------------------
==== Statistics for Master ID: 0 ====
Reads: 222600448   Writes: 4378718
ICACHE: size: 64 KB assoc: 2
ICACHE: hits:105055995 misses:83290  Hit Ratio: 99.92%
DCACHE: size: 16 KB assoc: 4
DCACHE: hits:119233946 misses:2605935 writebacks:2596326  Hit Ratio: 97.86%
SCACHE: size: 512 KB assoc: 2
SCACHE: hits:367178 misses:2322047  Hit Ratio: 13.65%
3CACHE: size: 4096 KB assoc: 2
3CACHE: hits:852565 misses:1469482  Hit Ratio: 36.72%
3CACHE: dirty items replaced:87946
ITLB: size: 48, misses 654, miss rate 0.00%
DTLB: size: 128, misses 48624, miss rate 0.04%
Avg mem delay: 3.479 cycles
----------------------------------------
==== Statistics for Master ID: 2 ====
Reads: 143264713   Writes: 16102580
ICACHE: size: 64 KB assoc: 2
ICACHE: hits:81915450 misses:2333002  Hit Ratio: 97.23%
DCACHE: size: 16 KB assoc: 4
DCACHE: hits:72236109 misses:2882732 writebacks:2882437  Hit Ratio: 96.16%
SCACHE: size: 512 KB assoc: 2
SCACHE: hits:4440494 misses:775240  Hit Ratio: 85.14%
3CACHE: size: 4096 KB assoc: 2
3CACHE: hits:589596 misses:185644  Hit Ratio: 76.05%
3CACHE: dirty items replaced:16397
ITLB: size: 48, misses 33380, miss rate 0.04%
DTLB: size: 128, misses 419694, miss rate 0.56%
Avg mem delay: 3.479 cycles
----------------------------------------
==== Statistics for Master ID: 3 ====
Reads: 126185074   Writes: 18603050
ICACHE: size: 64 KB assoc: 2
ICACHE: hits:73679114 misses:2588726  Hit Ratio: 96.61%
DCACHE: size: 16 KB assoc: 4
DCACHE: hits:66134490 misses:2385794 writebacks:2385360  Hit Ratio: 96.52%
SCACHE: size: 512 KB assoc: 2
SCACHE: hits:4037167 misses:937353  Hit Ratio: 81.16%
3CACHE: size: 4096 KB assoc: 2
3CACHE: hits:755195 misses:182158  Hit Ratio: 80.57%
3CACHE: dirty items replaced:22112
ITLB: size: 48, misses 122048, miss rate 0.16%
DTLB: size: 128, misses 296522, miss rate 0.43%
Avg mem delay: 3.479 cycles
----------------------------------------
==== Global Resource Utilization ====
STASH: size: 65536 entries, full 1515988974, empty 43309370, misses 3926115, full rate 96.98
icache bank util. 0.118 0.110 0.113 0.120 0.128 0.116 0.118 0.110 
dcache bank util. 0.118 0.136 0.129 0.107 0.140 0.148 0.132 0.130 
L2 bank util. 0.039 0.050 0.044 0.039 0.044 0.044 0.039 0.047 
L1-L2 bus util. = 0.207, L3 util. = 0.061
----------------------------------------
branch prediction, hits = 34484704, misses = 6727882, hit rate = 83.68%
return_stack prediction, hits = 5412156, misses = 1914, hit rate = 99.96%
jump prediction, hits = 30376152, misses = 12057726, hit rate = 71.58%

**** Debug Statistics at 401000000 Cycles *****
Threads: 4		Fetch Width: 8
No of useful instructions fetched:	831764263 (25.93% proc util.)
No of total instructions fetched:	1069618160 (33.34% proc util.)
 includes 57881926 misfetch (5.4%), 179971971 (16.8%) wrong-path fetches
 and 0 flushed after failed lock(0.0%)
No of useful instructions issued/executed:	831764189 (25.93% proc util.)
No of total instructions issued/executed:	928211245 (28.93% proc util.)
 includes 96447056 wrong-path (10.4%) insts and 0 flushed (0.0%)
	fp 167199500, 18.01%
	synch 0, 0.00%
	integer 414993878, 44.71%
	load/store 346017867, 37.28%
Avg size of int IQ (before scheduling): 9.49
Avg size of fp IQ (before scheduling): 6.35
No of cycles taken:		401000000
Parallelism [ 0.982, 0.000, 0.626, 0.466,] = 2.074
 IQ conflicts: 3123228 (0.78%), FQ conflicts: 0 (0.00%) 
 I reg conflicts: 23751058 (5.92%), FP reg conflicts: 187032128 (46.64%)
  Activelist confs: 785 (0.00%), ROB confs: 82746 (0.02%)
  Int unit conflicts: 75240632 (18.76%), FP unit conflicts: 853597 (0.21%)
  Load/store unit conflicts: 54473165 (13.58%)
  MSHR conflicts: 77623840 (19.36%)
----------------------------------------
==== System-wide Cache Statistics ====
Stall for miss queue full 0 cycles (0.00%)
----------------------------------------
==== Statistics for Master ID: 0 ====
Reads: 288305694   Writes: 5620173
ICACHE: size: 64 KB assoc: 2
ICACHE: hits:136569963 misses:121987  Hit Ratio: 99.91%
DCACHE: size: 16 KB assoc: 4
DCACHE: hits:153778093 misses:3455824 writebacks:3446215  Hit Ratio: 97.80%
SCACHE: size: 512 KB assoc: 2
SCACHE: hits:513024 misses:3064784  Hit Ratio: 14.34%
3CACHE: size: 4096 KB assoc: 2
3CACHE: hits:1095663 misses:1969121  Hit Ratio: 35.75%
3CACHE: dirty items replaced:144788
ITLB: size: 48, misses 781, miss rate 0.00%
DTLB: size: 128, misses 64642, miss rate 0.04%
Avg mem delay: 3.467 cycles
----------------------------------------
==== Statistics for Master ID: 2 ====
Reads: 184166020   Writes: 20727787
ICACHE: size: 64 KB assoc: 2
ICACHE: hits:104896213 misses:3224448  Hit Ratio: 97.02%
DCACHE: size: 16 KB assoc: 4
DCACHE: hits:93053513 misses:3719633 writebacks:3719338  Hit Ratio: 96.16%
SCACHE: size: 512 KB assoc: 2
SCACHE: hits:5951938 misses:992143  Hit Ratio: 85.71%
3CACHE: size: 4096 KB assoc: 2
3CACHE: hits:760464 misses:231679  Hit Ratio: 76.65%
3CACHE: dirty items replaced:23260
ITLB: size: 48, misses 43053, miss rate 0.04%
DTLB: size: 128, misses 543880, miss rate 0.56%
Avg mem delay: 3.467 cycles
----------------------------------------
==== Statistics for Master ID: 3 ====
Reads: 168044934   Writes: 24978015
ICACHE: size: 64 KB assoc: 2
ICACHE: hits:97960801 misses:3534696  Hit Ratio: 96.52%
DCACHE: size: 16 KB assoc: 4
DCACHE: hits:88593337 misses:2934115 writebacks:2933681  Hit Ratio: 96.79%
SCACHE: size: 512 KB assoc: 2
SCACHE: hits:5298150 misses:1170660  Hit Ratio: 81.90%
3CACHE: size: 4096 KB assoc: 2
3CACHE: hits:958422 misses:212238  Hit Ratio: 81.87%
3CACHE: dirty items replaced:30701
ITLB: size: 48, misses 141352, miss rate 0.14%
DTLB: size: 128, misses 370336, miss rate 0.40%
Avg mem delay: 3.467 cycles
----------------------------------------
==== Global Resource Utilization ====
STASH: size: 65536 entries, full 1824166792, empty 56249705, misses 5106233, full rate 96.75
icache bank util. 0.114 0.110 0.112 0.119 0.126 0.113 0.114 0.106 
dcache bank util. 0.114 0.130 0.124 0.104 0.137 0.148 0.130 0.126 
L2 bank util. 0.038 0.049 0.043 0.039 0.043 0.043 0.039 0.046 
L1-L2 bus util. = 0.203, L3 util. = 0.060
----------------------------------------
branch prediction, hits = 44238135, misses = 9207902, hit rate = 82.77%
return_stack prediction, hits = 7019011, misses = 2060, hit rate = 99.97%
jump prediction, hits = 38146311, misses = 16525054, hit rate = 69.77%

**** Debug Statistics at 501000000 Cycles *****
Threads: 4		Fetch Width: 8
No of useful instructions fetched:	1042115353 (26.00% proc util.)
No of total instructions fetched:	1352936365 (33.76% proc util.)
 includes 75340408 misfetch (5.6%), 235480604 (17.4%) wrong-path fetches
 and 0 flushed after failed lock(0.0%)
No of useful instructions issued/executed:	1042115315 (26.00% proc util.)
No of total instructions issued/executed:	1167446555 (29.13% proc util.)
 includes 125331240 wrong-path (10.7%) insts and 0 flushed (0.0%)
	fp 205121899, 17.57%
	synch 0, 0.00%
	integer 527802237, 45.21%
	load/store 434522419, 37.22%
Avg size of int IQ (before scheduling): 10.44
Avg size of fp IQ (before scheduling): 7.28
No of cycles taken:		501000000
Parallelism [ 0.962, 0.000, 0.633, 0.485,] = 2.080
 IQ conflicts: 5839454 (1.17%), FQ conflicts: 1008 (0.00%) 
 I reg conflicts: 35421435 (7.07%), FP reg conflicts: 225412689 (44.99%)
  Activelist confs: 1016 (0.00%), ROB confs: 145657 (0.03%)
  Int unit conflicts: 107001875 (21.36%), FP unit conflicts: 2163292 (0.43%)
  Load/store unit conflicts: 73435363 (14.66%)
  MSHR conflicts: 175646856 (35.06%)
----------------------------------------
==== System-wide Cache Statistics ====
Stall for miss queue full 0 cycles (0.00%)
----------------------------------------
==== Statistics for Master ID: 0 ====
Reads: 348918238   Writes: 9577128
ICACHE: size: 64 KB assoc: 2
ICACHE: hits:166865649 misses:139616  Hit Ratio: 99.92%
DCACHE: size: 16 KB assoc: 4
DCACHE: hits:186678394 misses:4811707 writebacks:4802098  Hit Ratio: 97.49%
SCACHE: size: 512 KB assoc: 2
SCACHE: hits:736009 misses:4215314  Hit Ratio: 14.86%
3CACHE: size: 4096 KB assoc: 2
3CACHE: hits:1428582 misses:2786731  Hit Ratio: 33.89%
3CACHE: dirty items replaced:273048
ITLB: size: 48, misses 1214, miss rate 0.00%
DTLB: size: 128, misses 93989, miss rate 0.05%
Avg mem delay: 3.661 cycles
----------------------------------------
==== Statistics for Master ID: 2 ====
Reads: 233785140   Writes: 26470250
ICACHE: size: 64 KB assoc: 2
ICACHE: hits:132463109 misses:4140733  Hit Ratio: 96.97%
DCACHE: size: 16 KB assoc: 4
DCACHE: hits:118841963 misses:4809585 writebacks:4809290  Hit Ratio: 96.11%
SCACHE: size: 512 KB assoc: 2
SCACHE: hits:7650761 misses:1299557  Hit Ratio: 85.48%
3CACHE: size: 4096 KB assoc: 2
3CACHE: hits:1001608 misses:297949  Hit Ratio: 77.07%
3CACHE: dirty items replaced:34918
ITLB: size: 48, misses 53963, miss rate 0.04%
DTLB: size: 128, misses 703883, miss rate 0.57%
Avg mem delay: 3.661 cycles
----------------------------------------
==== Statistics for Master ID: 3 ====
Reads: 215959745   Writes: 32585660
ICACHE: size: 64 KB assoc: 2
ICACHE: hits:125290890 misses:4452155  Hit Ratio: 96.57%
DCACHE: size: 16 KB assoc: 4
DCACHE: hits:115365361 misses:3436999 writebacks:3436565  Hit Ratio: 97.11%
SCACHE: size: 512 KB assoc: 2
SCACHE: hits:6406092 misses:1483062  Hit Ratio: 81.20%
3CACHE: size: 4096 KB assoc: 2
3CACHE: hits:1209185 misses:273877  Hit Ratio: 81.53%
3CACHE: dirty items replaced:49307
ITLB: size: 48, misses 187069, miss rate 0.14%
DTLB: size: 128, misses 457200, miss rate 0.38%
Avg mem delay: 3.661 cycles
----------------------------------------
==== Global Resource Utilization ====
STASH: size: 65536 entries, full 2155549450, empty 72491358, misses 6563955, full rate 96.46
icache bank util. 0.115 0.113 0.114 0.118 0.125 0.112 0.113 0.107 
dcache bank util. 0.115 0.130 0.124 0.105 0.138 0.150 0.132 0.128 
L2 bank util. 0.039 0.051 0.045 0.040 0.044 0.045 0.040 0.047 
L1-L2 bus util. = 0.209, L3 util. = 0.067
----------------------------------------
branch prediction, hits = 56374959, misses = 11717981, hit rate = 82.79%
return_stack prediction, hits = 8818568, misses = 2342, hit rate = 99.97%
jump prediction, hits = 48174893, misses = 21047375, hit rate = 69.59%
 sim_aux_config sim_reg_stats sim_init
**** Debug Statistics at 601000000 Cycles *****
Threads: 4		Fetch Width: 8
No of useful instructions fetched:	1235025465 (25.69% proc util.)
No of total instructions fetched:	1596432782 (33.20% proc util.)
 includes 86436802 misfetch (5.4%), 274970515 (17.2%) wrong-path fetches
 and 0 flushed after failed lock(0.0%)
No of useful instructions issued/executed:	1235025441 (25.69% proc util.)
No of total instructions issued/executed:	1381657329 (28.74% proc util.)
 includes 146631888 wrong-path (10.6%) insts and 0 flushed (0.0%)
	fp 242519797, 17.55%
	synch 0, 0.00%
	integer 625363930, 45.26%
	load/store 513773602, 37.19%
Avg size of int IQ (before scheduling): 10.07
Avg size of fp IQ (before scheduling): 7.01
No of cycles taken:		601000000
Parallelism [ 0.949, 0.000, 0.624, 0.482,] = 2.055
 IQ conflicts: 5937821 (0.99%), FQ conflicts: 1008 (0.00%) 
 I reg conflicts: 40462561 (6.73%), FP reg conflicts: 277730419 (46.21%)
  Activelist confs: 1298 (0.00%), ROB confs: 159047 (0.03%)
  Int unit conflicts: 125608327 (20.90%), FP unit conflicts: 2319201 (0.39%)
  Load/store unit conflicts: 86060751 (14.32%)
  MSHR conflicts: 179320958 (29.84%)
----------------------------------------
==== System-wide Cache Statistics ====
Stall for miss queue full 0 cycles (0.00%)
----------------------------------------
==== Statistics for Master ID: 0 ====
Reads: 413800467   Writes: 10781974
ICACHE: size: 64 KB assoc: 2
ICACHE: hits:197857458 misses:162148  Hit Ratio: 99.92%
DCACHE: size: 16 KB assoc: 4
DCACHE: hits:220916454 misses:5646381 writebacks:5636772  Hit Ratio: 97.51%
SCACHE: size: 512 KB assoc: 2
SCACHE: hits:867326 misses:4941203  Hit Ratio: 14.93%
3CACHE: size: 4096 KB assoc: 2
3CACHE: hits:1670294 misses:3270909  Hit Ratio: 33.80%
3CACHE: dirty items replaced:375851
ITLB: size: 48, misses 1563, miss rate 0.00%
DTLB: size: 128, misses 106485, miss rate 0.05%
Avg mem delay: 3.633 cycles
----------------------------------------
==== Statistics for Master ID: 2 ====
Reads: 277019865   Writes: 31377686
ICACHE: size: 64 KB assoc: 2
ICACHE: hits:157028955 misses:4751819  Hit Ratio: 97.06%
DCACHE: size: 16 KB assoc: 4
DCACHE: hits:140932601 misses:5684176 writebacks:5683881  Hit Ratio: 96.12%
SCACHE: size: 512 KB assoc: 2
SCACHE: hits:8907735 misses:1528260  Hit Ratio: 85.36%
3CACHE: size: 4096 KB assoc: 2
3CACHE: hits:1181184 misses:347076  Hit Ratio: 77.29%
3CACHE: dirty items replaced:44089
ITLB: size: 48, misses 62826, miss rate 0.04%
DTLB: size: 128, misses 833888, miss rate 0.57%
Avg mem delay: 3.633 cycles
----------------------------------------
==== Statistics for Master ID: 3 ====
Reads: 254856749   Writes: 38441242
ICACHE: size: 64 KB assoc: 2
ICACHE: hits:148317800 misses:5040584  Hit Ratio: 96.71%
DCACHE: size: 16 KB assoc: 4
DCACHE: hits:135852807 misses:4086800 writebacks:4086366  Hit Ratio: 97.08%
SCACHE: size: 512 KB assoc: 2
SCACHE: hits:7372550 misses:1754834  Hit Ratio: 80.77%
3CACHE: size: 4096 KB assoc: 2
3CACHE: hits:1409627 misses:345207  Hit Ratio: 80.33%
3CACHE: dirty items replaced:70016
ITLB: size: 48, misses 220885, miss rate 0.14%
DTLB: size: 128, misses 532424, miss rate 0.38%
Avg mem delay: 3.633 cycles
----------------------------------------
==== Global Resource Utilization ====
STASH: size: 65536 entries, full 2457039754, empty 85455873, misses 7742372, full rate 96.35
icache bank util. 0.112 0.112 0.112 0.116 0.123 0.110 0.112 0.105 
dcache bank util. 0.114 0.128 0.122 0.105 0.137 0.147 0.129 0.126 
L2 bank util. 0.038 0.050 0.044 0.039 0.043 0.044 0.039 0.046 
L1-L2 bus util. = 0.204, L3 util. = 0.066
----------------------------------------
branch prediction, hits = 66945188, misses = 13661648, hit rate = 83.05%
return_stack prediction, hits = 10458034, misses = 3036, hit rate = 99.97%
jump prediction, hits = 57948166, misses = 24308883, hit rate = 70.45%
 sim_aux_stats sim_uninit ruu_init ruu_dumpent ruu_dump lsq_init lsq_dump rslink_init ruu_release_fu eventq_init eventq_dump eventq_queue_event eventq_next_event readyq_init readyq_dump readyq_enqueue cv_init cv_dump ruu_commit ruu_recover
**** Debug Statistics at 701000000 Cycles *****
Threads: 4		Fetch Width: 8
No of useful instructions fetched:	1425911915 (25.43% proc util.)
No of total instructions fetched:	1838973014 (32.79% proc util.)
 includes 98043672 misfetch (5.3%), 315017427 (17.1%) wrong-path fetches
 and 0 flushed after failed lock(0.0%)
No of useful instructions issued/executed:	1425911899 (25.43% proc util.)
No of total instructions issued/executed:	1594059395 (28.42% proc util.)
 includes 168147496 wrong-path (10.5%) insts and 0 flushed (0.0%)
	fp 282572725, 17.73%
	synch 0, 0.00%
	integer 718303462, 45.06%
	load/store 593183208, 37.21%
Avg size of int IQ (before scheduling): 9.93
Avg size of fp IQ (before scheduling): 6.94
No of cycles taken:		701000000
Parallelism [ 0.949, 0.000, 0.619, 0.467,] = 2.034
 IQ conflicts: 7329765 (1.05%), FQ conflicts: 1008 (0.00%) 
 I reg conflicts: 46244275 (6.60%), FP reg conflicts: 327707223 (46.75%)
  Activelist confs: 1587 (0.00%), ROB confs: 174444 (0.02%)
  Int unit conflicts: 141651901 (20.21%), FP unit conflicts: 2514270 (0.36%)
  Load/store unit conflicts: 98356036 (14.03%)
  MSHR conflicts: 209122442 (29.83%)
----------------------------------------
==== System-wide Cache Statistics ====
Stall for miss queue full 0 cycles (0.00%)
----------------------------------------
==== Statistics for Master ID: 0 ====
Reads: 482635053   Writes: 12175074
ICACHE: size: 64 KB assoc: 2
ICACHE: hits:230296119 misses:183295  Hit Ratio: 99.92%
DCACHE: size: 16 KB assoc: 4
DCACHE: hits:257813192 misses:6517521 writebacks:6507912  Hit Ratio: 97.53%
SCACHE: size: 512 KB assoc: 2
SCACHE: hits:982526 misses:5718290  Hit Ratio: 14.66%
3CACHE: size: 4096 KB assoc: 2
3CACHE: hits:1939390 misses:3778900  Hit Ratio: 33.92%
3CACHE: dirty items replaced:494339
ITLB: size: 48, misses 1861, miss rate 0.00%
DTLB: size: 128, misses 123630, miss rate 0.05%
Avg mem delay: 3.642 cycles
----------------------------------------
==== Statistics for Master ID: 2 ====
Reads: 321619926   Writes: 36400590
ICACHE: size: 64 KB assoc: 2
ICACHE: hits:182248229 misses:5455367  Hit Ratio: 97.09%
DCACHE: size: 16 KB assoc: 4
DCACHE: hits:163684623 misses:6632297 writebacks:6632002  Hit Ratio: 96.11%
SCACHE: size: 512 KB assoc: 2
SCACHE: hits:10290787 misses:1796876  Hit Ratio: 85.13%
3CACHE: size: 4096 KB assoc: 2
3CACHE: hits:1391363 misses:405513  Hit Ratio: 77.43%
3CACHE: dirty items replaced:56014
ITLB: size: 48, misses 74620, miss rate 0.04%
DTLB: size: 128, misses 966075, miss rate 0.57%
Avg mem delay: 3.642 cycles
----------------------------------------
==== Statistics for Master ID: 3 ====
Reads: 287370081   Writes: 43535422
ICACHE: size: 64 KB assoc: 2
ICACHE: hits:167242721 misses:5828585  Hit Ratio: 96.63%
DCACHE: size: 16 KB assoc: 4
DCACHE: hits:153355319 misses:4478878 writebacks:4478444  Hit Ratio: 97.16%
SCACHE: size: 512 KB assoc: 2
SCACHE: hits:8163131 misses:2144332  Hit Ratio: 79.20%
3CACHE: size: 4096 KB assoc: 2
3CACHE: hits:1684755 misses:459577  Hit Ratio: 78.57%
3CACHE: dirty items replaced:99305
ITLB: size: 48, misses 282088, miss rate 0.16%
DTLB: size: 128, misses 607309, miss rate 0.38%
Avg mem delay: 3.642 cycles
----------------------------------------
==== Global Resource Utilization ====
STASH: size: 65536 entries, full 2757417414, empty 100804278, misses 9111881, full rate 96.17
icache bank util. 0.111 0.110 0.111 0.115 0.121 0.109 0.110 0.104 
dcache bank util. 0.113 0.126 0.121 0.104 0.135 0.144 0.128 0.125 
L2 bank util. 0.038 0.049 0.043 0.039 0.042 0.043 0.039 0.045 
L1-L2 bus util. = 0.200, L3 util. = 0.066
----------------------------------------
branch prediction, hits = 75940732, misses = 15671706, hit rate = 82.89%
return_stack prediction, hits = 11959387, misses = 4952, hit rate = 99.96%
jump prediction, hits = 66129597, misses = 27678093, hit rate = 70.49%
 ruu_writeback lsq_refresh ruu_issue rspec_dump tracer_recover tracer_init spec_mem_access mspec_dump simoo_mem_obj
**** Debug Statistics at 801000000 Cycles *****
Threads: 4		Fetch Width: 8
No of useful instructions fetched:	1665877342 (26.00% proc util.)
No of total instructions fetched:	2147582340 (33.51% proc util.)
 includes 114176886 misfetch (5.3%), 367528112 (17.1%) wrong-path fetches
 and 0 flushed after failed lock(0.0%)
No of useful instructions issued/executed:	1665877316 (26.00% proc util.)
No of total instructions issued/executed:	1862653948 (29.07% proc util.)
 includes 196776632 wrong-path (10.6%) insts and 0 flushed (0.0%)
	fp 334145286, 17.94%
	synch 0, 0.00%
	integer 833786269, 44.76%
	load/store 694722393, 37.30%
Avg size of int IQ (before scheduling): 9.99
Avg size of fp IQ (before scheduling): 7.14
No of cycles taken:		801000000
Parallelism [ 0.980, 0.000, 0.632, 0.467,] = 2.080
 IQ conflicts: 7705453 (0.96%), FQ conflicts: 1008 (0.00%) 
 I reg conflicts: 53753231 (6.71%), FP reg conflicts: 365757571 (45.66%)
  Activelist confs: 1773 (0.00%), ROB confs: 195055 (0.02%)
  Int unit conflicts: 163036308 (20.35%), FP unit conflicts: 2846158 (0.36%)
  Load/store unit conflicts: 114130668 (14.25%)
  MSHR conflicts: 213383521 (26.64%)
----------------------------------------
==== System-wide Cache Statistics ====
Stall for miss queue full 0 cycles (0.00%)
----------------------------------------
==== Statistics for Master ID: 0 ====
Reads: 569929302   Writes: 13837993
ICACHE: size: 64 KB assoc: 2
ICACHE: hits:270887633 misses:216053  Hit Ratio: 99.92%
DCACHE: size: 16 KB assoc: 4
DCACHE: hits:305288283 misses:7375326 writebacks:7365717  Hit Ratio: 97.64%
SCACHE: size: 512 KB assoc: 2
SCACHE: hits:1075469 misses:6515910  Hit Ratio: 14.17%
3CACHE: size: 4096 KB assoc: 2
3CACHE: hits:2283080 misses:4232830  Hit Ratio: 35.04%
3CACHE: dirty items replaced:619213
ITLB: size: 48, misses 1861, miss rate 0.00%
DTLB: size: 128, misses 137185, miss rate 0.04%
Avg mem delay: 3.588 cycles
----------------------------------------
==== Statistics for Master ID: 2 ====
Reads: 376546026   Writes: 42643737
ICACHE: size: 64 KB assoc: 2
ICACHE: hits:213187770 misses:6403679  Hit Ratio: 97.08%
DCACHE: size: 16 KB assoc: 4
DCACHE: hits:191761225 misses:7837089 writebacks:7836794  Hit Ratio: 96.07%
SCACHE: size: 512 KB assoc: 2
SCACHE: hits:12120486 misses:2120282  Hit Ratio: 85.11%
3CACHE: size: 4096 KB assoc: 2
3CACHE: hits:1641412 misses:478870  Hit Ratio: 77.41%
3CACHE: dirty items replaced:74148
ITLB: size: 48, misses 88735, miss rate 0.04%
DTLB: size: 128, misses 1132075, miss rate 0.57%
Avg mem delay: 3.588 cycles
----------------------------------------
==== Statistics for Master ID: 3 ====
Reads: 330071376   Writes: 50314832
ICACHE: size: 64 KB assoc: 2
ICACHE: hits:191770239 misses:6936073  Hit Ratio: 96.51%
DCACHE: size: 16 KB assoc: 4
DCACHE: hits:176650333 misses:5029563 writebacks:5029129  Hit Ratio: 97.23%
SCACHE: size: 512 KB assoc: 2
SCACHE: hits:9384613 misses:2581022  Hit Ratio: 78.43%
3CACHE: size: 4096 KB assoc: 2
3CACHE: hits:2017097 misses:563925  Hit Ratio: 78.15%
3CACHE: dirty items replaced:130397
ITLB: size: 48, misses 352494, miss rate 0.18%
DTLB: size: 128, misses 698735, miss rate 0.38%
Avg mem delay: 3.588 cycles
----------------------------------------
==== Global Resource Utilization ====
STASH: size: 65536 entries, full 3137301872, empty 120427055, misses 10863083, full rate 95.98
icache bank util. 0.113 0.110 0.112 0.118 0.124 0.112 0.113 0.108 
dcache bank util. 0.115 0.129 0.124 0.106 0.137 0.146 0.131 0.129 
L2 bank util. 0.039 0.050 0.043 0.039 0.043 0.044 0.039 0.046 
L1-L2 bus util. = 0.202, L3 util. = 0.066
----------------------------------------
branch prediction, hits = 87301298, misses = 18191719, hit rate = 82.76%
return_stack prediction, hits = 13867660, misses = 7337, hit rate = 99.95%
jump prediction, hits = 76028321, misses = 32226520, hit rate = 70.23%
 ruu_link_idep ruu_install_odep InstSRA InstSRAV InstMULT InstMULTU simoo_reg_obj
**** Debug Statistics at 901000000 Cycles *****
Threads: 4		Fetch Width: 8
No of useful instructions fetched:	1851379767 (25.69% proc util.)
No of total instructions fetched:	2383566861 (33.07% proc util.)
 includes 126520878 misfetch (5.3%), 405666216 (17.0%) wrong-path fetches
 and 0 flushed after failed lock(0.0%)
No of useful instructions issued/executed:	1851379753 (25.69% proc util.)
No of total instructions issued/executed:	2068458819 (28.70% proc util.)
 includes 217079066 wrong-path (10.5%) insts and 0 flushed (0.0%)
	fp 371467060, 17.96%
	synch 0, 0.00%
	integer 925925197, 44.76%
	load/store 771066562, 37.28%
Avg size of int IQ (before scheduling): 9.78
Avg size of fp IQ (before scheduling): 6.98
No of cycles taken:		901000000
Parallelism [ 0.970, 0.000, 0.625, 0.460,] = 2.055
 IQ conflicts: 8751419 (0.97%), FQ conflicts: 1008 (0.00%) 
 I reg conflicts: 58401105 (6.48%), FP reg conflicts: 418298313 (46.43%)
  Activelist confs: 1934 (0.00%), ROB confs: 209036 (0.02%)
  Int unit conflicts: 178755310 (19.84%), FP unit conflicts: 3007860 (0.33%)
  Load/store unit conflicts: 125959022 (13.98%)
  MSHR conflicts: 244758674 (27.17%)
----------------------------------------
==== System-wide Cache Statistics ====
Stall for miss queue full 0 cycles (0.00%)
----------------------------------------
==== Statistics for Master ID: 0 ====
Reads: 634707108   Writes: 15142972
ICACHE: size: 64 KB assoc: 2
ICACHE: hits:301721633 misses:250569  Hit Ratio: 99.92%
DCACHE: size: 16 KB assoc: 4
DCACHE: hits:339629178 misses:8248700 writebacks:8239091  Hit Ratio: 97.63%
SCACHE: size: 512 KB assoc: 2
SCACHE: hits:1223685 misses:7275584  Hit Ratio: 14.40%
3CACHE: size: 4096 KB assoc: 2
3CACHE: hits:2529117 misses:4746467  Hit Ratio: 34.76%
3CACHE: dirty items replaced:782521
ITLB: size: 48, misses 2413, miss rate 0.00%
DTLB: size: 128, misses 154383, miss rate 0.04%
Avg mem delay: 3.585 cycles
----------------------------------------
==== Statistics for Master ID: 2 ====
Reads: 418731627   Writes: 47085525
ICACHE: size: 64 KB assoc: 2
ICACHE: hits:237415544 misses:7049922  Hit Ratio: 97.12%
DCACHE: size: 16 KB assoc: 4
DCACHE: hits:212683543 misses:8668143 writebacks:8667848  Hit Ratio: 96.08%
SCACHE: size: 512 KB assoc: 2
SCACHE: hits:13367484 misses:2350581  Hit Ratio: 85.05%
3CACHE: size: 4096 KB assoc: 2
3CACHE: hits:1822577 misses:528004  Hit Ratio: 77.54%
3CACHE: dirty items replaced:87671
ITLB: size: 48, misses 100555, miss rate 0.04%
DTLB: size: 128, misses 1241997, miss rate 0.56%
Avg mem delay: 3.585 cycles
----------------------------------------
==== Statistics for Master ID: 3 ====
Reads: 364825435   Writes: 55914400
ICACHE: size: 64 KB assoc: 2
ICACHE: hits:211966730 misses:7767468  Hit Ratio: 96.47%
DCACHE: size: 16 KB assoc: 4
DCACHE: hits:195567582 misses:5438055 writebacks:5437621  Hit Ratio: 97.29%
SCACHE: size: 512 KB assoc: 2
SCACHE: hits:10324320 misses:2881203  Hit Ratio: 78.18%
3CACHE: size: 4096 KB assoc: 2
3CACHE: hits:2255568 misses:625635  Hit Ratio: 78.29%
3CACHE: dirty items replaced:154127
ITLB: size: 48, misses 409111, miss rate 0.19%
DTLB: size: 128, misses 759798, miss rate 0.38%
Avg mem delay: 3.585 cycles
----------------------------------------
==== Global Resource Utilization ====
STASH: size: 65536 entries, full 3431221031, empty 133905867, misses 12068048, full rate 95.92
icache bank util. 0.111 0.110 0.111 0.117 0.123 0.110 0.111 0.106 
dcache bank util. 0.113 0.127 0.123 0.105 0.135 0.143 0.129 0.128 
L2 bank util. 0.038 0.049 0.043 0.038 0.042 0.043 0.039 0.046 
L1-L2 bus util. = 0.199, L3 util. = 0.065
----------------------------------------
branch prediction, hits = 96642038, misses = 20179478, hit rate = 82.73%
return_stack prediction, hits = 15490319, misses = 10245, hit rate = 99.93%
jump prediction, hits = 84229581, misses = 35851441, hit rate = 70.14%
 ruu_dispatch
**** Early Exiting at 981346562 Cycles *****
========================================
 SMTSIM Global Statistics
========================================
Threads: 4		Fetch Width: 8
No of useful instructions fetched:	2000000190 (25.48% proc util.)
No of total instructions fetched:	2570801139 (32.75% proc util.)
 includes 136159618 misfetch (5.3%), 434641331 (16.9%) wrong-path fetches
 and 0 flushed after failed lock(0.0%)
No of useful instructions issued/executed:	2000000173 (25.48% proc util.)
No of total instructions issued/executed:	2232564396 (28.44% proc util.)
 includes 232564223 wrong-path (10.4%) insts and 0 flushed (0.0%)
	fp 400780844, 17.95%
	synch 0, 0.00%
	integer 999763037, 44.78%
	load/store 832020515, 37.27%
Avg size of int IQ (before scheduling): 9.69
Avg size of fp IQ (before scheduling): 6.89
No of cycles taken:		981346562
Parallelism [ 0.961, 0.000, 0.621, 0.456,] = 2.038
 IQ conflicts: 9860448 (1.00%), FQ conflicts: 1008 (0.00%) 
 I reg conflicts: 62551585 (6.37%), FP reg conflicts: 460431612 (46.92%)
  Activelist confs: 2213 (0.00%), ROB confs: 221574 (0.02%)
  Int unit conflicts: 192262874 (19.59%), FP unit conflicts: 3131080 (0.32%)
  Load/store unit conflicts: 136032401 (13.86%)
  MSHR conflicts: 279463735 (28.48%)
----------------------------------------
==== System-wide Cache Statistics ====
Stall for miss queue full 0 cycles (0.00%)
----------------------------------------
==== Statistics for Master ID: 0 ====
Reads: 685709591   Writes: 16190301
ICACHE: size: 64 KB assoc: 2
ICACHE: hits:326043586 misses:271875  Hit Ratio: 99.92%
DCACHE: size: 16 KB assoc: 4
DCACHE: hits:366616358 misses:8968073 writebacks:8958464  Hit Ratio: 97.61%
SCACHE: size: 512 KB assoc: 2
SCACHE: hits:1333959 misses:7905989  Hit Ratio: 14.44%
3CACHE: size: 4096 KB assoc: 2
3CACHE: hits:2729771 misses:5176218  Hit Ratio: 34.53%
3CACHE: dirty items replaced:924500
ITLB: size: 48, misses 2970, miss rate 0.00%
DTLB: size: 128, misses 169379, miss rate 0.05%
Avg mem delay: 3.594 cycles
----------------------------------------
==== Statistics for Master ID: 2 ====
Reads: 452334682   Writes: 50697185
ICACHE: size: 64 KB assoc: 2
ICACHE: hits:256640922 misses:7551162  Hit Ratio: 97.14%
DCACHE: size: 16 KB assoc: 4
DCACHE: hits:229478564 misses:9361219 writebacks:9360924  Hit Ratio: 96.08%
SCACHE: size: 512 KB assoc: 2
SCACHE: hits:14381229 misses:2531152  Hit Ratio: 85.03%
3CACHE: size: 4096 KB assoc: 2
3CACHE: hits:1965479 misses:565673  Hit Ratio: 77.65%
3CACHE: dirty items replaced:98068
ITLB: size: 48, misses 110860, miss rate 0.04%
DTLB: size: 128, misses 1338437, miss rate 0.56%
Avg mem delay: 3.594 cycles
----------------------------------------
==== Statistics for Master ID: 3 ====
Reads: 392719761   Writes: 60451778
ICACHE: size: 64 KB assoc: 2
ICACHE: hits:228077188 misses:8358540  Hit Ratio: 96.46%
DCACHE: size: 16 KB assoc: 4
DCACHE: hits:210982841 misses:5752970 writebacks:5752536  Hit Ratio: 97.35%
SCACHE: size: 512 KB assoc: 2
SCACHE: hits:11001471 misses:3110039  Hit Ratio: 77.96%
3CACHE: size: 4096 KB assoc: 2
3CACHE: hits:2424485 misses:685554  Hit Ratio: 77.96%
3CACHE: dirty items replaced:174900
ITLB: size: 48, misses 459168, miss rate 0.19%
DTLB: size: 128, misses 810941, miss rate 0.37%
Avg mem delay: 3.594 cycles
----------------------------------------
==== Global Resource Utilization ====
STASH: size: 65536 entries, full 3663863649, empty 144519076, misses 13019505, full rate 95.88
icache bank util. 0.110 0.109 0.111 0.116 0.122 0.109 0.110 0.105 
dcache bank util. 0.113 0.126 0.122 0.104 0.134 0.142 0.127 0.127 
L2 bank util. 0.038 0.049 0.042 0.038 0.041 0.043 0.038 0.045 
L1-L2 bus util. = 0.197, L3 util. = 0.065
----------------------------------------
branch prediction, hits = 104286861, misses = 21643822, hit rate = 82.81%
return_stack prediction, hits = 16731926, misses = 12109, hit rate = 99.93%
jump prediction, hits = 90837161, misses = 38655264, hit rate = 70.15%
total IPC 2.038

=== Results saved to: ./results/mgrid_2_crafty_1_gcc-166_1.txt ===
