测试组合（多线程优先）：gcc-expr.arg2 + cacherand.arg + cacheseq.arg
执行命令：./smtsim gcc-expr.arg2 cacherand.arg cacheseq.arg
==================================================

SMTCache
Process 0, Thread 0: gcc-expr
Process 0, Thread 1: gcc-expr
Process 2, Thread 2: cacherand
Process 3, Thread 3: cacheseq

**** Debug Statistics at 1000000 Cycles *****
Threads: 4		Fetch Width: 8
No of useful instructions fetched:	4005353 (50.07% proc util.)
No of total instructions fetched:	4228832 (52.86% proc util.)
 includes 21024 misfetch (0.5%), 202455 (4.8%) wrong-path fetches
 and 0 flushed after failed lock(0.0%)
No of useful instructions issued/executed:	4005302 (50.07% proc util.)
No of total instructions issued/executed:	4086281 (51.08% proc util.)
 includes 80979 wrong-path (2.0%) insts and 0 flushed (0.0%)
	fp 88, 0.00%
	synch 0, 0.00%
	integer 3319859, 81.24%
	load/store 766334, 18.75%
Avg size of int IQ (before scheduling): 28.68
Avg size of fp IQ (before scheduling): 0.00
No of cycles taken:		1000000
Parallelism [ 0.960, 0.000, 1.218, 1.828,] = 4.005
 IQ conflicts: 1425 (0.14%), FQ conflicts: 0 (0.00%) 
 I reg conflicts: 417172 (41.72%), FP reg conflicts: 0 (0.00%)
  Activelist confs: 0 (0.00%), ROB confs: 551 (0.06%)
  Int unit conflicts: 1679694 (167.97%), FP unit conflicts: 1 (0.00%)
  Load/store unit conflicts: 56222 (5.62%)
  MSHR conflicts: 94504 (9.45%)
----------------------------------------
==== System-wide Cache Statistics ====
Stall for miss queue full 0 cycles (0.00%)
----------------------------------------
==== Statistics for Master ID: 0 ====
Reads: 538645   Writes: 151176
ICACHE: size: 64 KB assoc: 2
ICACHE: hits:318232 misses:2041  Hit Ratio: 99.36%
DCACHE: size: 16 KB assoc: 4
DCACHE: hits:365772 misses:3776 writebacks:3343  Hit Ratio: 98.98%
SCACHE: size: 512 KB assoc: 2
SCACHE: hits:773 misses:5044  Hit Ratio: 13.29%
3CACHE: size: 4096 KB assoc: 2
3CACHE: hits:241 misses:4803  Hit Ratio: 4.78%
3CACHE: dirty items replaced:0
ITLB: size: 48, misses 130, miss rate 0.04%
DTLB: size: 128, misses 183, miss rate 0.05%
Avg mem delay: 3.137 cycles
----------------------------------------
==== Statistics for Master ID: 2 ====
Reads: 404613   Writes: 35
ICACHE: size: 64 KB assoc: 2
ICACHE: hits:359414 misses:23  Hit Ratio: 99.99%
DCACHE: size: 16 KB assoc: 4
DCACHE: hits:15141 misses:30070 writebacks:946  Hit Ratio: 33.49%
SCACHE: size: 512 KB assoc: 2
SCACHE: hits:28724 misses:1369  Hit Ratio: 95.45%
3CACHE: size: 4096 KB assoc: 2
3CACHE: hits:555 misses:814  Hit Ratio: 40.54%
3CACHE: dirty items replaced:0
ITLB: size: 48, misses 4, miss rate 0.00%
DTLB: size: 128, misses 23, miss rate 0.05%
Avg mem delay: 3.137 cycles
----------------------------------------
==== Statistics for Master ID: 3 ====
Reads: 816441   Writes: 5157
ICACHE: size: 64 KB assoc: 2
ICACHE: hits:470230 misses:22  Hit Ratio: 100.00%
DCACHE: size: 16 KB assoc: 4
DCACHE: hits:329296 misses:22050 writebacks:21776  Hit Ratio: 93.72%
SCACHE: size: 512 KB assoc: 2
SCACHE: hits:21393 misses:679  Hit Ratio: 96.92%
3CACHE: size: 4096 KB assoc: 2
3CACHE: hits:312 misses:367  Hit Ratio: 45.95%
3CACHE: dirty items replaced:0
ITLB: size: 48, misses 5, miss rate 0.00%
DTLB: size: 128, misses 15, miss rate 0.00%
Avg mem delay: 3.137 cycles
----------------------------------------
==== Global Resource Utilization ====
STASH: size: 65536 entries, full 4304901, empty 47482, misses 4510, full rate 98.81
icache bank util. 0.253 0.184 0.057 0.048 0.032 0.057 0.492 0.033 
dcache bank util. 0.117 0.129 0.095 0.102 0.114 0.119 0.179 0.158 
L2 bank util. 0.050 0.051 0.048 0.049 0.049 0.050 0.049 0.050 
L1-L2 bus util. = 0.252, L3 util. = 0.060
----------------------------------------
branch prediction, hits = 491093, misses = 9246, hit rate = 98.15%
return_stack prediction, hits = 17682, misses = 21, hit rate = 99.88%
jump prediction, hits = 513561, misses = 5704, hit rate = 98.90%
 init_expr_once init_expr save_expr_status restore_expr_status enqueue_insn protect_from_queue queued_subexp_p emit_queue init_queue convert_move
**** Debug Statistics at 101000000 Cycles *****
Threads: 4		Fetch Width: 8
No of useful instructions fetched:	477114199 (59.05% proc util.)
No of total instructions fetched:	567395235 (70.22% proc util.)
 includes 16858763 misfetch (3.0%), 73422273 (12.9%) wrong-path fetches
 and 0 flushed after failed lock(0.0%)
No of useful instructions issued/executed:	477114158 (59.05% proc util.)
No of total instructions issued/executed:	508704404 (62.96% proc util.)
 includes 31590246 wrong-path (6.2%) insts and 0 flushed (0.0%)
	fp 2410, 0.00%
	synch 0, 0.00%
	integer 402533721, 79.13%
	load/store 106168273, 20.87%
Avg size of int IQ (before scheduling): 32.70
Avg size of fp IQ (before scheduling): 0.00
No of cycles taken:		101000000
Parallelism [ 1.165, 0.000, 1.385, 2.174,] = 4.724
 IQ conflicts: 81539 (0.08%), FQ conflicts: 0 (0.00%) 
 I reg conflicts: 22782720 (22.56%), FP reg conflicts: 0 (0.00%)
  Activelist confs: 0 (0.00%), ROB confs: 13697 (0.01%)
  Int unit conflicts: 203838916 (201.82%), FP unit conflicts: 6 (0.00%)
  Load/store unit conflicts: 6734334 (6.67%)
  MSHR conflicts: 2392227 (2.37%)
----------------------------------------
==== System-wide Cache Statistics ====
Stall for miss queue full 0 cycles (0.00%)
----------------------------------------
==== Statistics for Master ID: 0 ====
Reads: 93517036   Writes: 16159252
ICACHE: size: 64 KB assoc: 2
ICACHE: hits:52132304 misses:677562  Hit Ratio: 98.72%
DCACHE: size: 16 KB assoc: 4
DCACHE: hits:55574159 misses:1292263 writebacks:1291830  Hit Ratio: 97.73%
SCACHE: size: 512 KB assoc: 2
SCACHE: hits:1656317 misses:313508  Hit Ratio: 84.08%
3CACHE: size: 4096 KB assoc: 2
3CACHE: hits:245906 misses:67602  Hit Ratio: 78.44%
3CACHE: dirty items replaced:2646
ITLB: size: 48, misses 29116, miss rate 0.06%
DTLB: size: 128, misses 28379, miss rate 0.05%
Avg mem delay: 2.670 cycles
----------------------------------------
==== Statistics for Master ID: 2 ====
Reads: 45599884   Writes: 36
ICACHE: size: 64 KB assoc: 2
ICACHE: hits:40416882 misses:168  Hit Ratio: 100.00%
DCACHE: size: 16 KB assoc: 4
DCACHE: hits:1726412 misses:3456458 writebacks:107895  Hit Ratio: 33.31%
SCACHE: size: 512 KB assoc: 2
SCACHE: hits:3360689 misses:95936  Hit Ratio: 97.22%
3CACHE: size: 4096 KB assoc: 2
3CACHE: hits:94875 misses:1061  Hit Ratio: 98.89%
3CACHE: dirty items replaced:27
ITLB: size: 48, misses 4, miss rate 0.00%
DTLB: size: 128, misses 27, miss rate 0.00%
Avg mem delay: 2.670 cycles
----------------------------------------
==== Statistics for Master ID: 3 ====
Reads: 106248697   Writes: 5157
ICACHE: size: 64 KB assoc: 2
ICACHE: hits:62339738 misses:1162  Hit Ratio: 100.00%
DCACHE: size: 16 KB assoc: 4
DCACHE: hits:41157229 misses:2755725 writebacks:2755451  Hit Ratio: 93.72%
SCACHE: size: 512 KB assoc: 2
SCACHE: hits:2695093 misses:61794  Hit Ratio: 97.76%
3CACHE: size: 4096 KB assoc: 2
3CACHE: hits:61422 misses:372  Hit Ratio: 99.40%
3CACHE: dirty items replaced:0
ITLB: size: 48, misses 5, miss rate 0.00%
DTLB: size: 128, misses 96, miss rate 0.00%
Avg mem delay: 2.670 cycles
----------------------------------------
==== Global Resource Utilization ====
STASH: size: 65536 entries, full 576384342, empty 13281429, misses 1184301, full rate 97.55
icache bank util. 0.306 0.233 0.062 0.067 0.074 0.072 0.673 0.074 
dcache bank util. 0.172 0.174 0.174 0.182 0.173 0.183 0.174 0.163 
L2 bank util. 0.067 0.069 0.068 0.070 0.069 0.068 0.067 0.068 
L1-L2 bus util. = 0.366, L3 util. = 0.007
----------------------------------------
branch prediction, hits = 62452461, misses = 2651812, hit rate = 95.93%
return_stack prediction, hits = 1514012, misses = 1478, hit rate = 99.90%
jump prediction, hits = 59675307, misses = 4128438, hit rate = 93.53%
 convert_to_mode
**** Debug Statistics at 201000000 Cycles *****
Threads: 4		Fetch Width: 8
No of useful instructions fetched:	961271744 (59.78% proc util.)
No of total instructions fetched:	1145882264 (71.26% proc util.)
 includes 33072187 misfetch (2.9%), 151538333 (13.2%) wrong-path fetches
 and 0 flushed after failed lock(0.0%)
No of useful instructions issued/executed:	961271693 (59.78% proc util.)
No of total instructions issued/executed:	1025935044 (63.80% proc util.)
 includes 64663351 wrong-path (6.3%) insts and 0 flushed (0.0%)
	fp 3577, 0.00%
	synch 0, 0.00%
	integer 809561449, 78.91%
	load/store 216370018, 21.09%
Avg size of int IQ (before scheduling): 33.13
Avg size of fp IQ (before scheduling): 0.00
No of cycles taken:		201000000
Parallelism [ 1.218, 0.000, 1.386, 2.179,] = 4.782
 IQ conflicts: 169834 (0.08%), FQ conflicts: 0 (0.00%) 
 I reg conflicts: 42952281 (21.37%), FP reg conflicts: 0 (0.00%)
  Activelist confs: 0 (0.00%), ROB confs: 47984 (0.02%)
  Int unit conflicts: 428573592 (213.22%), FP unit conflicts: 10 (0.00%)
  Load/store unit conflicts: 14868066 (7.40%)
  MSHR conflicts: 6295032 (3.13%)
----------------------------------------
==== System-wide Cache Statistics ====
Stall for miss queue full 0 cycles (0.00%)
----------------------------------------
==== Statistics for Master ID: 0 ====
Reads: 193334334   Writes: 33746197
ICACHE: size: 64 KB assoc: 2
ICACHE: hits:107780184 misses:1264659  Hit Ratio: 98.84%
DCACHE: size: 16 KB assoc: 4
DCACHE: hits:115519710 misses:2515978 writebacks:2515545  Hit Ratio: 97.87%
SCACHE: size: 512 KB assoc: 2
SCACHE: hits:3200407 misses:580230  Hit Ratio: 84.65%
3CACHE: size: 4096 KB assoc: 2
3CACHE: hits:483157 misses:97073  Hit Ratio: 83.27%
3CACHE: dirty items replaced:9703
ITLB: size: 48, misses 51347, miss rate 0.05%
DTLB: size: 128, misses 58366, miss rate 0.05%
Avg mem delay: 2.636 cycles
----------------------------------------
==== Statistics for Master ID: 2 ====
Reads: 90422654   Writes: 36
ICACHE: size: 64 KB assoc: 2
ICACHE: hits:80105881 misses:275  Hit Ratio: 100.00%
DCACHE: size: 16 KB assoc: 4
DCACHE: hits:3436708 misses:6879826 writebacks:214963  Hit Ratio: 33.31%
SCACHE: size: 512 KB assoc: 2
SCACHE: hits:6674678 misses:205423  Hit Ratio: 97.01%
3CACHE: size: 4096 KB assoc: 2
3CACHE: hits:203912 misses:1511  Hit Ratio: 99.26%
3CACHE: dirty items replaced:112
ITLB: size: 48, misses 4, miss rate 0.00%
DTLB: size: 128, misses 27, miss rate 0.00%
Avg mem delay: 2.636 cycles
----------------------------------------
==== Statistics for Master ID: 3 ====
Reads: 212883487   Writes: 5157
ICACHE: size: 64 KB assoc: 2
ICACHE: hits:125273665 misses:2472  Hit Ratio: 100.00%
DCACHE: size: 16 KB assoc: 4
DCACHE: hits:82113949 misses:5498558 writebacks:5498284  Hit Ratio: 93.72%
SCACHE: size: 512 KB assoc: 2
SCACHE: hits:5367228 misses:133802  Hit Ratio: 97.57%
3CACHE: size: 4096 KB assoc: 2
3CACHE: hits:133367 misses:435  Hit Ratio: 99.67%
3CACHE: dirty items replaced:5
ITLB: size: 48, misses 5, miss rate 0.00%
DTLB: size: 128, misses 155, miss rate 0.00%
Avg mem delay: 2.636 cycles
----------------------------------------
==== Global Resource Utilization ====
STASH: size: 65536 entries, full 1166346060, empty 24922736, misses 2220562, full rate 97.73
icache bank util. 0.305 0.235 0.066 0.070 0.077 0.076 0.679 0.075 
dcache bank util. 0.182 0.186 0.175 0.177 0.171 0.180 0.180 0.168 
L2 bank util. 0.067 0.069 0.067 0.070 0.068 0.067 0.068 0.067 
L1-L2 bus util. = 0.364, L3 util. = 0.005
----------------------------------------
branch prediction, hits = 126042658, misses = 5445331, hit rate = 95.86%
return_stack prediction, hits = 3163251, misses = 2357, hit rate = 99.93%
jump prediction, hits = 120520446, misses = 8151341, hit rate = 93.67%
 move_by_pieces move_by_pieces_ninsns move_by_pieces_1 emit_block_move
**** Debug Statistics at 301000000 Cycles *****
Threads: 4		Fetch Width: 8
No of useful instructions fetched:	1443314533 (59.94% proc util.)
No of total instructions fetched:	1719375070 (71.40% proc util.)
 includes 48697903 misfetch (2.8%), 227362634 (13.2%) wrong-path fetches
 and 0 flushed after failed lock(0.0%)
No of useful instructions issued/executed:	1443314485 (59.94% proc util.)
No of total instructions issued/executed:	1540683998 (63.98% proc util.)
 includes 97369513 wrong-path (6.3%) insts and 0 flushed (0.0%)
	fp 5472, 0.00%
	synch 0, 0.00%
	integer 1214378413, 78.82%
	load/store 326300113, 21.18%
Avg size of int IQ (before scheduling): 33.24
Avg size of fp IQ (before scheduling): 0.00
No of cycles taken:		301000000
Parallelism [ 1.232, 0.000, 1.384, 2.180,] = 4.795
 IQ conflicts: 258949 (0.09%), FQ conflicts: 0 (0.00%) 
 I reg conflicts: 63618857 (21.14%), FP reg conflicts: 0 (0.00%)
  Activelist confs: 0 (0.00%), ROB confs: 66966 (0.02%)
  Int unit conflicts: 646382772 (214.75%), FP unit conflicts: 14 (0.00%)
  Load/store unit conflicts: 22610194 (7.51%)
  MSHR conflicts: 9045445 (3.01%)
----------------------------------------
==== System-wide Cache Statistics ====
Stall for miss queue full 0 cycles (0.00%)
----------------------------------------
==== Statistics for Master ID: 0 ====
Reads: 292091026   Writes: 52235113
ICACHE: size: 64 KB assoc: 2
ICACHE: hits:163524823 misses:1792414  Hit Ratio: 98.92%
DCACHE: size: 16 KB assoc: 4
DCACHE: hits:174934460 misses:4074442 writebacks:4074009  Hit Ratio: 97.72%
SCACHE: size: 512 KB assoc: 2
SCACHE: hits:4968307 misses:898549  Hit Ratio: 84.68%
3CACHE: size: 4096 KB assoc: 2
3CACHE: hits:767201 misses:131348  Hit Ratio: 85.38%
3CACHE: dirty items replaced:18778
ITLB: size: 48, misses 64521, miss rate 0.04%
DTLB: size: 128, misses 94714, miss rate 0.05%
Avg mem delay: 2.655 cycles
----------------------------------------
==== Statistics for Master ID: 2 ====
Reads: 134740191   Writes: 36
ICACHE: size: 64 KB assoc: 2
ICACHE: hits:119314438 misses:360  Hit Ratio: 100.00%
DCACHE: size: 16 KB assoc: 4
DCACHE: hits:5138838 misses:10286591 writebacks:321192  Hit Ratio: 33.31%
SCACHE: size: 512 KB assoc: 2
SCACHE: hits:9995370 misses:291581  Hit Ratio: 97.17%
3CACHE: size: 4096 KB assoc: 2
3CACHE: hits:289872 misses:1709  Hit Ratio: 99.41%
3CACHE: dirty items replaced:151
ITLB: size: 48, misses 4, miss rate 0.00%
DTLB: size: 128, misses 30, miss rate 0.00%
Avg mem delay: 2.655 cycles
----------------------------------------
==== Statistics for Master ID: 3 ====
Reads: 319010165   Writes: 5157
ICACHE: size: 64 KB assoc: 2
ICACHE: hits:187750394 misses:3426  Hit Ratio: 100.00%
DCACHE: size: 16 KB assoc: 4
DCACHE: hits:123023876 misses:8237626 writebacks:8237352  Hit Ratio: 93.72%
SCACHE: size: 512 KB assoc: 2
SCACHE: hits:8051997 misses:189055  Hit Ratio: 97.71%
3CACHE: size: 4096 KB assoc: 2
3CACHE: hits:188559 misses:496  Hit Ratio: 99.74%
3CACHE: dirty items replaced:42
ITLB: size: 48, misses 5, miss rate 0.00%
DTLB: size: 128, misses 250, miss rate 0.00%
Avg mem delay: 2.655 cycles
----------------------------------------
==== Global Resource Utilization ====
STASH: size: 65536 entries, full 1750900174, empty 36145788, misses 3234504, full rate 97.80
icache bank util. 0.303 0.233 0.067 0.071 0.081 0.079 0.679 0.074 
dcache bank util. 0.180 0.178 0.175 0.177 0.173 0.182 0.186 0.182 
L2 bank util. 0.068 0.070 0.068 0.071 0.069 0.068 0.069 0.068 
L1-L2 bus util. = 0.369, L3 util. = 0.004
----------------------------------------
branch prediction, hits = 189575945, misses = 8055770, hit rate = 95.92%
return_stack prediction, hits = 4784665, misses = 3237, hit rate = 99.93%
jump prediction, hits = 181738111, misses = 12045341, hit rate = 93.78%

**** Debug Statistics at 401000000 Cycles *****
Threads: 4		Fetch Width: 8
No of useful instructions fetched:	1931333077 (60.20% proc util.)
No of total instructions fetched:	2290273392 (71.39% proc util.)
 includes 63441016 misfetch (2.8%), 295499299 (12.9%) wrong-path fetches
 and 0 flushed after failed lock(0.0%)
No of useful instructions issued/executed:	1931333031 (60.20% proc util.)
No of total instructions issued/executed:	2057691791 (64.14% proc util.)
 includes 126358760 wrong-path (6.1%) insts and 0 flushed (0.0%)
	fp 5711, 0.00%
	synch 0, 0.00%
	integer 1621202369, 78.79%
	load/store 436483711, 21.21%
Avg size of int IQ (before scheduling): 33.47
Avg size of fp IQ (before scheduling): 0.00
No of cycles taken:		401000000
Parallelism [ 1.265, 0.000, 1.379, 2.172,] = 4.816
 IQ conflicts: 405456 (0.10%), FQ conflicts: 0 (0.00%) 
 I reg conflicts: 84716327 (21.13%), FP reg conflicts: 0 (0.00%)
  Activelist confs: 41 (0.00%), ROB confs: 100774 (0.03%)
  Int unit conflicts: 893355462 (222.78%), FP unit conflicts: 35 (0.00%)
  Load/store unit conflicts: 30381617 (7.58%)
  MSHR conflicts: 20918362 (5.22%)
----------------------------------------
==== System-wide Cache Statistics ====
Stall for miss queue full 0 cycles (0.00%)
----------------------------------------
==== Statistics for Master ID: 0 ====
Reads: 392512992   Writes: 70376681
ICACHE: size: 64 KB assoc: 2
ICACHE: hits:219735792 misses:2229497  Hit Ratio: 99.00%
DCACHE: size: 16 KB assoc: 4
DCACHE: hits:235141029 misses:5783355 writebacks:5782922  Hit Ratio: 97.60%
SCACHE: size: 512 KB assoc: 2
SCACHE: hits:6797466 misses:1215385  Hit Ratio: 84.83%
3CACHE: size: 4096 KB assoc: 2
3CACHE: hits:1048414 misses:166971  Hit Ratio: 86.26%
3CACHE: dirty items replaced:30407
ITLB: size: 48, misses 72495, miss rate 0.03%
DTLB: size: 128, misses 129715, miss rate 0.05%
Avg mem delay: 2.660 cycles
----------------------------------------
==== Statistics for Master ID: 2 ====
Reads: 178236832   Writes: 36
ICACHE: size: 64 KB assoc: 2
ICACHE: hits:157751800 misses:395  Hit Ratio: 100.00%
DCACHE: size: 16 KB assoc: 4
DCACHE: hits:6825101 misses:13659572 writebacks:426569  Hit Ratio: 33.32%
SCACHE: size: 512 KB assoc: 2
SCACHE: hits:13289073 misses:370893  Hit Ratio: 97.28%
3CACHE: size: 4096 KB assoc: 2
3CACHE: hits:368980 misses:1913  Hit Ratio: 99.48%
3CACHE: dirty items replaced:198
ITLB: size: 48, misses 4, miss rate 0.00%
DTLB: size: 128, misses 34, miss rate 0.00%
Avg mem delay: 2.660 cycles
----------------------------------------
==== Statistics for Master ID: 3 ====
Reads: 423966798   Writes: 5157
ICACHE: size: 64 KB assoc: 2
ICACHE: hits:249708460 misses:4620  Hit Ratio: 100.00%
DCACHE: size: 16 KB assoc: 4
DCACHE: hits:163323068 misses:10935807 writebacks:10935533  Hit Ratio: 93.72%
SCACHE: size: 512 KB assoc: 2
SCACHE: hits:10702519 misses:237908  Hit Ratio: 97.83%
3CACHE: size: 4096 KB assoc: 2
3CACHE: hits:237348 misses:560  Hit Ratio: 99.76%
3CACHE: dirty items replaced:92
ITLB: size: 48, misses 5, miss rate 0.00%
DTLB: size: 128, misses 313, miss rate 0.00%
Avg mem delay: 2.660 cycles
----------------------------------------
==== Global Resource Utilization ====
STASH: size: 65536 entries, full 2334735620, empty 44928385, misses 4029661, full rate 97.95
icache bank util. 0.300 0.234 0.065 0.069 0.083 0.081 0.677 0.077 
dcache bank util. 0.188 0.175 0.174 0.177 0.172 0.180 0.190 0.187 
L2 bank util. 0.068 0.070 0.068 0.071 0.069 0.068 0.069 0.069 
L1-L2 bus util. = 0.372, L3 util. = 0.004
----------------------------------------
branch prediction, hits = 254775909, misses = 10463748, hit rate = 96.05%
return_stack prediction, hits = 6173377, misses = 3570, hit rate = 99.94%
jump prediction, hits = 244233166, misses = 15639082, hit rate = 93.98%

**** Early Exiting at 415527303 Cycles *****
========================================
 SMTSIM Global Statistics
========================================
Threads: 4		Fetch Width: 8
No of useful instructions fetched:	2000000109 (60.16% proc util.)
No of total instructions fetched:	2372306316 (71.36% proc util.)
 includes 65967070 misfetch (2.8%), 306339137 (12.9%) wrong-path fetches
 and 0 flushed after failed lock(0.0%)
No of useful instructions issued/executed:	2000000070 (60.16% proc util.)
No of total instructions issued/executed:	2130789699 (64.10% proc util.)
 includes 130789629 wrong-path (6.1%) insts and 0 flushed (0.0%)
	fp 5716, 0.00%
	synch 0, 0.00%
	integer 1679547315, 78.82%
	load/store 451236668, 21.18%
Avg size of int IQ (before scheduling): 33.43
Avg size of fp IQ (before scheduling): 0.00
No of cycles taken:		415527303
Parallelism [ 1.256, 0.000, 1.382, 2.175,] = 4.813
 IQ conflicts: 413862 (0.10%), FQ conflicts: 0 (0.00%) 
 I reg conflicts: 87966732 (21.17%), FP reg conflicts: 0 (0.00%)
  Activelist confs: 41 (0.00%), ROB confs: 100774 (0.02%)
  Int unit conflicts: 919728722 (221.34%), FP unit conflicts: 35 (0.00%)
  Load/store unit conflicts: 31590452 (7.60%)
  MSHR conflicts: 20940823 (5.04%)
----------------------------------------
==== System-wide Cache Statistics ====
Stall for miss queue full 0 cycles (0.00%)
----------------------------------------
==== Statistics for Master ID: 0 ====
Reads: 404648395   Writes: 72428470
ICACHE: size: 64 KB assoc: 2
ICACHE: hits:226341391 misses:2432680  Hit Ratio: 98.94%
DCACHE: size: 16 KB assoc: 4
DCACHE: hits:242452676 misses:5850118 writebacks:5849685  Hit Ratio: 97.64%
SCACHE: size: 512 KB assoc: 2
SCACHE: hits:7026616 misses:1256182  Hit Ratio: 84.83%
3CACHE: size: 4096 KB assoc: 2
3CACHE: hits:1086321 misses:169861  Hit Ratio: 86.48%
3CACHE: dirty items replaced:31615
ITLB: size: 48, misses 88620, miss rate 0.04%
DTLB: size: 128, misses 133934, miss rate 0.05%
Avg mem delay: 2.663 cycles
----------------------------------------
==== Statistics for Master ID: 2 ====
Reads: 185276867   Writes: 36
ICACHE: size: 64 KB assoc: 2
ICACHE: hits:164008263 misses:451  Hit Ratio: 100.00%
DCACHE: size: 16 KB assoc: 4
DCACHE: hits:7086596 misses:14181593 writebacks:443003  Hit Ratio: 33.32%
SCACHE: size: 512 KB assoc: 2
SCACHE: hits:13785349 misses:396694  Hit Ratio: 97.20%
3CACHE: size: 4096 KB assoc: 2
3CACHE: hits:394713 misses:1981  Hit Ratio: 99.50%
3CACHE: dirty items replaced:211
ITLB: size: 48, misses 4, miss rate 0.00%
DTLB: size: 128, misses 34, miss rate 0.00%
Avg mem delay: 2.663 cycles
----------------------------------------
==== Statistics for Master ID: 3 ====
Reads: 439802310   Writes: 5157
ICACHE: size: 64 KB assoc: 2
ICACHE: hits:258967561 misses:5056  Hit Ratio: 100.00%
DCACHE: size: 16 KB assoc: 4
DCACHE: hits:169486188 misses:11348662 writebacks:11348388  Hit Ratio: 93.72%
SCACHE: size: 512 KB assoc: 2
SCACHE: hits:11098812 misses:254906  Hit Ratio: 97.75%
3CACHE: size: 4096 KB assoc: 2
3CACHE: hits:254341 misses:565  Hit Ratio: 99.78%
3CACHE: dirty items replaced:96
ITLB: size: 48, misses 5, miss rate 0.00%
DTLB: size: 128, misses 319, miss rate 0.00%
Avg mem delay: 2.663 cycles
----------------------------------------
==== Global Resource Utilization ====
STASH: size: 65536 entries, full 2416935909, empty 47903112, misses 4279406, full rate 97.89
icache bank util. 0.300 0.234 0.065 0.069 0.082 0.081 0.678 0.077 
dcache bank util. 0.187 0.175 0.173 0.176 0.172 0.179 0.190 0.186 
L2 bank util. 0.068 0.071 0.068 0.071 0.069 0.068 0.069 0.068 
L1-L2 bus util. = 0.372, L3 util. = 0.004
----------------------------------------
branch prediction, hits = 263705189, misses = 10925146, hit rate = 96.02%
return_stack prediction, hits = 6379559, misses = 3915, hit rate = 99.94%
jump prediction, hits = 252595601, misses = 16271947, hit rate = 93.95%
total IPC 4.813

=== Results saved to: ./results/gcc-expr_2_cacherand_1_cacheseq_1.txt ===
