测试组合（多线程优先）：gzip-program.arg2 + matmul.arg + randacc.arg
执行命令：./smtsim gzip-program.arg2 matmul.arg randacc.arg
==================================================

SMTCache
Process 0, Thread 0: gzip-program
Process 0, Thread 1: gzip-program
Process 2, Thread 2: matmul
Process 3, Thread 3: randacc

**** Debug Statistics at 1000000 Cycles *****
Threads: 4		Fetch Width: 8
No of useful instructions fetched:	1418105 (17.73% proc util.)
No of total instructions fetched:	1437902 (17.97% proc util.)
 includes 1117 misfetch (0.1%), 18680 (1.3%) wrong-path fetches
 and 0 flushed after failed lock(0.0%)
No of useful instructions issued/executed:	1418060 (17.73% proc util.)
No of total instructions issued/executed:	1422196 (17.78% proc util.)
 includes 4136 wrong-path (0.3%) insts and 0 flushed (0.0%)
	fp 28, 0.00%
	synch 0, 0.00%
	integer 1054369, 74.14%
	load/store 367799, 25.86%
Avg size of int IQ (before scheduling): 34.07
Avg size of fp IQ (before scheduling): 0.00
No of cycles taken:		1000000
Parallelism [ 0.161, 0.000, 0.646, 0.611,] = 1.418
 IQ conflicts: 618 (0.06%), FQ conflicts: 0 (0.00%) 
 I reg conflicts: 792457 (79.25%), FP reg conflicts: 0 (0.00%)
  Activelist confs: 0 (0.00%), ROB confs: 0 (0.00%)
  Int unit conflicts: 23896 (2.39%), FP unit conflicts: 0 (0.00%)
  Load/store unit conflicts: 8962 (0.90%)
  MSHR conflicts: 927016 (92.70%)
----------------------------------------
==== System-wide Cache Statistics ====
Stall for miss queue full 0 cycles (0.00%)
----------------------------------------
==== Statistics for Master ID: 0 ====
Reads: 120676   Writes: 26066
ICACHE: size: 64 KB assoc: 2
ICACHE: hits:69445 misses:207  Hit Ratio: 99.70%
DCACHE: size: 16 KB assoc: 4
DCACHE: hits:28006 misses:49084 writebacks:48931  Hit Ratio: 36.33%
SCACHE: size: 512 KB assoc: 2
SCACHE: hits:23782 misses:25504  Hit Ratio: 48.25%
3CACHE: size: 4096 KB assoc: 2
3CACHE: hits:0 misses:25504  Hit Ratio: 0.00%
3CACHE: dirty items replaced:0
ITLB: size: 48, misses 18, miss rate 0.03%
DTLB: size: 128, misses 6309, miss rate 8.18%
Avg mem delay: 38.676 cycles
----------------------------------------
==== Statistics for Master ID: 2 ====
Reads: 346512   Writes: 72640
ICACHE: size: 64 KB assoc: 2
ICACHE: hits:164933 misses:29  Hit Ratio: 99.98%
DCACHE: size: 16 KB assoc: 4
DCACHE: hits:245176 misses:9014 writebacks:8746  Hit Ratio: 96.45%
SCACHE: size: 512 KB assoc: 2
SCACHE: hits:8181 misses:862  Hit Ratio: 90.47%
3CACHE: size: 4096 KB assoc: 2
3CACHE: hits:27 misses:835  Hit Ratio: 3.13%
3CACHE: dirty items replaced:0
ITLB: size: 48, misses 4, miss rate 0.00%
DTLB: size: 128, misses 26, miss rate 0.01%
Avg mem delay: 38.676 cycles
----------------------------------------
==== Statistics for Master ID: 3 ====
Reads: 204168   Writes: 35
ICACHE: size: 64 KB assoc: 2
ICACHE: hits:167654 misses:32  Hit Ratio: 99.98%
DCACHE: size: 16 KB assoc: 4
DCACHE: hits:28413 misses:8104 writebacks:248  Hit Ratio: 77.81%
SCACHE: size: 512 KB assoc: 2
SCACHE: hits:7062 misses:1074  Hit Ratio: 86.80%
3CACHE: size: 4096 KB assoc: 2
3CACHE: hits:356 misses:718  Hit Ratio: 33.15%
3CACHE: dirty items replaced:0
ITLB: size: 48, misses 4, miss rate 0.00%
DTLB: size: 128, misses 119, miss rate 0.33%
Avg mem delay: 38.676 cycles
----------------------------------------
==== Global Resource Utilization ====
STASH: size: 65536 entries, full 1448668, empty 2617, misses 231, full rate 99.80
icache bank util. 0.101 0.192 0.032 0.000 0.000 0.000 0.013 0.063 
dcache bank util. 0.041 0.045 0.072 0.047 0.046 0.065 0.384 0.040 
L2 bank util. 0.012 0.017 0.017 0.017 0.016 0.019 0.506 0.012 
L1-L2 bus util. = 0.373, L3 util. = 0.271
----------------------------------------
branch prediction, hits = 106107, misses = 1738, hit rate = 98.39%
return_stack prediction, hits = 95, misses = 9, hit rate = 91.35%
jump prediction, hits = 125003, misses = 280, hit rate = 99.78%

**** Debug Statistics at 101000000 Cycles *****
Threads: 4		Fetch Width: 8
No of useful instructions fetched:	186250392 (23.05% proc util.)
No of total instructions fetched:	188137312 (23.28% proc util.)
 includes 1410 misfetch (0.0%), 1885510 (1.0%) wrong-path fetches
 and 0 flushed after failed lock(0.0%)
No of useful instructions issued/executed:	186250364 (23.05% proc util.)
No of total instructions issued/executed:	186608435 (23.10% proc util.)
 includes 358071 wrong-path (0.2%) insts and 0 flushed (0.0%)
	fp 42, 0.00%
	synch 0, 0.00%
	integer 140518780, 75.30%
	load/store 46089613, 24.70%
Avg size of int IQ (before scheduling): 21.09
Avg size of fp IQ (before scheduling): 0.00
No of cycles taken:		101000000
Parallelism [ 0.351, 0.000, 0.774, 0.719,] = 1.844
 IQ conflicts: 670 (0.00%), FQ conflicts: 0 (0.00%) 
 I reg conflicts: 75012853 (74.27%), FP reg conflicts: 0 (0.00%)
  Activelist confs: 0 (0.00%), ROB confs: 0 (0.00%)
  Int unit conflicts: 5191275 (5.14%), FP unit conflicts: 0 (0.00%)
  Load/store unit conflicts: 221173 (0.22%)
  MSHR conflicts: 14235689 (14.09%)
----------------------------------------
==== System-wide Cache Statistics ====
Stall for miss queue full 0 cycles (0.00%)
----------------------------------------
==== Statistics for Master ID: 0 ====
Reads: 18721868   Writes: 5255070
ICACHE: size: 64 KB assoc: 2
ICACHE: hits:13281723 misses:269  Hit Ratio: 100.00%
DCACHE: size: 16 KB assoc: 4
DCACHE: hits:9061611 misses:1633335 writebacks:1532974  Hit Ratio: 84.73%
SCACHE: size: 512 KB assoc: 2
SCACHE: hits:181494 misses:1452110  Hit Ratio: 11.11%
3CACHE: size: 4096 KB assoc: 2
3CACHE: hits:0 misses:1452109  Hit Ratio: 0.00%
3CACHE: dirty items replaced:0
ITLB: size: 48, misses 19, miss rate 0.00%
DTLB: size: 128, misses 65958, miss rate 0.62%
Avg mem delay: 7.162 cycles
----------------------------------------
==== Statistics for Master ID: 2 ====
Reads: 43021239   Writes: 7743157
ICACHE: size: 64 KB assoc: 2
ICACHE: hits:19694204 misses:34  Hit Ratio: 100.00%
DCACHE: size: 16 KB assoc: 4
DCACHE: hits:30010877 misses:1059281 writebacks:1059013  Hit Ratio: 96.59%
SCACHE: size: 512 KB assoc: 2
SCACHE: hits:1020460 misses:38855  Hit Ratio: 96.33%
3CACHE: size: 4096 KB assoc: 2
3CACHE: hits:24652 misses:14203  Hit Ratio: 63.45%
3CACHE: dirty items replaced:0
ITLB: size: 48, misses 4, miss rate 0.00%
DTLB: size: 128, misses 263, miss rate 0.00%
Avg mem delay: 7.162 cycles
----------------------------------------
==== Statistics for Master ID: 3 ====
Reads: 23339855   Writes: 35
ICACHE: size: 64 KB assoc: 2
ICACHE: hits:19015345 misses:39  Hit Ratio: 100.00%
DCACHE: size: 16 KB assoc: 4
DCACHE: hits:3369787 misses:954719 writebacks:29711  Hit Ratio: 77.92%
SCACHE: size: 512 KB assoc: 2
SCACHE: hits:927395 misses:27363  Hit Ratio: 97.13%
3CACHE: size: 4096 KB assoc: 2
3CACHE: hits:14948 misses:12415  Hit Ratio: 54.63%
3CACHE: dirty items replaced:0
ITLB: size: 48, misses 4, miss rate 0.00%
DTLB: size: 128, misses 831, miss rate 0.02%
Avg mem delay: 7.162 cycles
----------------------------------------
==== Global Resource Utilization ====
STASH: size: 65536 entries, full 189523773, empty 3124, misses 273, full rate 100.00
icache bank util. 0.092 0.239 0.037 0.000 0.000 0.078 0.010 0.059 
dcache bank util. 0.071 0.077 0.077 0.075 0.075 0.100 0.080 0.088 
L2 bank util. 0.031 0.038 0.037 0.036 0.036 0.041 0.043 0.056 
L1-L2 bus util. = 0.186, L3 util. = 0.146
----------------------------------------
branch prediction, hits = 17042133, misses = 189686, hit rate = 98.90%
return_stack prediction, hits = 232, misses = 10, hit rate = 95.87%
jump prediction, hits = 19293973, misses = 346, hit rate = 100.00%

**** Debug Statistics at 201000000 Cycles *****
Threads: 4		Fetch Width: 8
No of useful instructions fetched:	545684172 (33.94% proc util.)
No of total instructions fetched:	574888252 (35.75% proc util.)
 includes 3680 misfetch (0.0%), 29200400 (5.1%) wrong-path fetches
 and 0 flushed after failed lock(0.0%)
No of useful instructions issued/executed:	545684127 (33.94% proc util.)
No of total instructions issued/executed:	556414849 (34.60% proc util.)
 includes 10730722 wrong-path (1.9%) insts and 0 flushed (0.0%)
	fp 42, 0.00%
	synch 0, 0.00%
	integer 419498386, 75.39%
	load/store 136916421, 24.61%
Avg size of int IQ (before scheduling): 24.73
Avg size of fp IQ (before scheduling): 0.00
No of cycles taken:		201000000
Parallelism [ 0.752, 0.000, 1.017, 0.946,] = 2.715
 IQ conflicts: 3212 (0.00%), FQ conflicts: 0 (0.00%) 
 I reg conflicts: 120308365 (59.85%), FP reg conflicts: 0 (0.00%)
  Activelist confs: 0 (0.00%), ROB confs: 0 (0.00%)
  Int unit conflicts: 124088026 (61.74%), FP unit conflicts: 0 (0.00%)
  Load/store unit conflicts: 3395048 (1.69%)
  MSHR conflicts: 24309489 (12.09%)
----------------------------------------
==== System-wide Cache Statistics ====
Stall for miss queue full 0 cycles (0.00%)
----------------------------------------
==== Statistics for Master ID: 0 ====
Reads: 82005267   Writes: 15034235
ICACHE: size: 64 KB assoc: 2
ICACHE: hits:52746387 misses:542  Hit Ratio: 100.00%
DCACHE: size: 16 KB assoc: 4
DCACHE: hits:41153727 misses:3138846 writebacks:3021279  Hit Ratio: 92.91%
SCACHE: size: 512 KB assoc: 2
SCACHE: hits:991966 misses:2147422  Hit Ratio: 31.60%
3CACHE: size: 4096 KB assoc: 2
3CACHE: hits:19692 misses:2127730  Hit Ratio: 0.92%
3CACHE: dirty items replaced:3039
ITLB: size: 48, misses 25, miss rate 0.00%
DTLB: size: 128, misses 90973, miss rate 0.21%
Avg mem delay: 3.880 cycles
----------------------------------------
==== Statistics for Master ID: 2 ====
Reads: 115672407   Writes: 20228037
ICACHE: size: 64 KB assoc: 2
ICACHE: hits:54604128 misses:37  Hit Ratio: 100.00%
DCACHE: size: 16 KB assoc: 4
DCACHE: hits:78363661 misses:2932618 writebacks:2932350  Hit Ratio: 96.39%
SCACHE: size: 512 KB assoc: 2
SCACHE: hits:2859487 misses:73168  Hit Ratio: 97.51%
3CACHE: size: 4096 KB assoc: 2
3CACHE: hits:44754 misses:28414  Hit Ratio: 61.17%
3CACHE: dirty items replaced:3136
ITLB: size: 48, misses 4, miss rate 0.00%
DTLB: size: 128, misses 364, miss rate 0.00%
Avg mem delay: 3.880 cycles
----------------------------------------
==== Statistics for Master ID: 3 ====
Reads: 63668276   Writes: 44
ICACHE: size: 64 KB assoc: 2
ICACHE: hits:52340720 misses:41  Hit Ratio: 100.00%
DCACHE: size: 16 KB assoc: 4
DCACHE: hits:8827948 misses:2499611 writebacks:77665  Hit Ratio: 77.93%
SCACHE: size: 512 KB assoc: 2
SCACHE: hits:2449593 misses:50059  Hit Ratio: 98.00%
3CACHE: size: 4096 KB assoc: 2
3CACHE: hits:25449 misses:24610  Hit Ratio: 50.84%
3CACHE: dirty items replaced:3027
ITLB: size: 48, misses 4, miss rate 0.00%
DTLB: size: 128, misses 976, miss rate 0.01%
Avg mem delay: 3.880 cycles
----------------------------------------
==== Global Resource Utilization ====
STASH: size: 65536 entries, full 592569643, empty 6923, misses 542, full rate 100.00
icache bank util. 0.135 0.347 0.056 0.016 0.028 0.102 0.032 0.079 
dcache bank util. 0.095 0.110 0.112 0.106 0.119 0.132 0.118 0.108 
L2 bank util. 0.035 0.044 0.044 0.044 0.044 0.048 0.041 0.049 
L1-L2 bus util. = 0.218, L3 util. = 0.108
----------------------------------------
branch prediction, hits = 44414857, misses = 1496670, hit rate = 96.74%
return_stack prediction, hits = 660718, misses = 10, hit rate = 100.00%
jump prediction, hits = 53006917, misses = 977, hit rate = 100.00%

**** Debug Statistics at 301000000 Cycles *****
Threads: 4		Fetch Width: 8
No of useful instructions fetched:	1033118817 (42.90% proc util.)
No of total instructions fetched:	1099745168 (45.67% proc util.)
 includes 5785 misfetch (0.0%), 66620566 (6.1%) wrong-path fetches
 and 0 flushed after failed lock(0.0%)
No of useful instructions issued/executed:	1033118773 (42.90% proc util.)
No of total instructions issued/executed:	1057438170 (43.91% proc util.)
 includes 24319397 wrong-path (2.3%) insts and 0 flushed (0.0%)
	fp 42, 0.00%
	synch 0, 0.00%
	integer 798547218, 75.52%
	load/store 258890910, 24.48%
Avg size of int IQ (before scheduling): 28.33
Avg size of fp IQ (before scheduling): 0.00
No of cycles taken:		301000000
Parallelism [ 1.091, 0.000, 1.213, 1.128,] = 3.432
 IQ conflicts: 7006 (0.00%), FQ conflicts: 0 (0.00%) 
 I reg conflicts: 145673822 (48.40%), FP reg conflicts: 0 (0.00%)
  Activelist confs: 0 (0.00%), ROB confs: 0 (0.00%)
  Int unit conflicts: 334404925 (111.10%), FP unit conflicts: 0 (0.00%)
  Load/store unit conflicts: 8700725 (2.89%)
  MSHR conflicts: 27759617 (9.22%)
----------------------------------------
==== System-wide Cache Statistics ====
Stall for miss queue full 0 cycles (0.00%)
----------------------------------------
==== Statistics for Master ID: 0 ====
Reads: 175753760   Writes: 27949293
ICACHE: size: 64 KB assoc: 2
ICACHE: hits:110335462 misses:544  Hit Ratio: 100.00%
DCACHE: size: 16 KB assoc: 4
DCACHE: hits:89075208 misses:4291839 writebacks:4174272  Hit Ratio: 95.40%
SCACHE: size: 512 KB assoc: 2
SCACHE: hits:2080352 misses:2212031  Hit Ratio: 48.47%
3CACHE: size: 4096 KB assoc: 2
3CACHE: hits:51881 misses:2160150  Hit Ratio: 2.35%
3CACHE: dirty items replaced:10959
ITLB: size: 48, misses 25, miss rate 0.00%
DTLB: size: 128, misses 91486, miss rate 0.10%
Avg mem delay: 2.647 cycles
----------------------------------------
==== Statistics for Master ID: 2 ====
Reads: 209691169   Writes: 36128744
ICACHE: size: 64 KB assoc: 2
ICACHE: hits:100530538 misses:37  Hit Ratio: 100.00%
DCACHE: size: 16 KB assoc: 4
DCACHE: hits:139908675 misses:5380663 writebacks:5380395  Hit Ratio: 96.30%
SCACHE: size: 512 KB assoc: 2
SCACHE: hits:5279611 misses:101089  Hit Ratio: 98.12%
3CACHE: size: 4096 KB assoc: 2
3CACHE: hits:62647 misses:38442  Hit Ratio: 61.97%
3CACHE: dirty items replaced:10850
ITLB: size: 48, misses 4, miss rate 0.00%
DTLB: size: 128, misses 364, miss rate 0.00%
Avg mem delay: 2.647 cycles
----------------------------------------
==== Statistics for Master ID: 3 ====
Reads: 116237159   Writes: 64
ICACHE: size: 64 KB assoc: 2
ICACHE: hits:96002676 misses:41  Hit Ratio: 100.00%
DCACHE: size: 16 KB assoc: 4
DCACHE: hits:15771172 misses:4463334 writebacks:141831  Hit Ratio: 77.94%
SCACHE: size: 512 KB assoc: 2
SCACHE: hits:4394123 misses:69252  Hit Ratio: 98.45%
3CACHE: size: 4096 KB assoc: 2
3CACHE: hits:34700 misses:34552  Hit Ratio: 50.11%
3CACHE: dirty items replaced:10556
ITLB: size: 48, misses 4, miss rate 0.00%
DTLB: size: 128, misses 980, miss rate 0.00%
Avg mem delay: 2.647 cycles
----------------------------------------
==== Global Resource Utilization ====
STASH: size: 65536 entries, full 1143702565, empty 6979, misses 544, full rate 100.00
icache bank util. 0.172 0.434 0.072 0.030 0.050 0.110 0.052 0.102 
dcache bank util. 0.112 0.133 0.139 0.129 0.154 0.156 0.149 0.125 
L2 bank util. 0.035 0.047 0.047 0.048 0.047 0.052 0.040 0.047 
L1-L2 bus util. = 0.238, L3 util. = 0.074
----------------------------------------
branch prediction, hits = 79184688, misses = 3278703, hit rate = 96.02%
return_stack prediction, hits = 1807986, misses = 10, hit rate = 100.00%
jump prediction, hits = 96795378, misses = 1652, hit rate = 100.00%

**** Debug Statistics at 401000000 Cycles *****
Threads: 4		Fetch Width: 8
No of useful instructions fetched:	1515463943 (47.24% proc util.)
No of total instructions fetched:	1622577350 (50.58% proc util.)
 includes 8064 misfetch (0.0%), 107105343 (6.6%) wrong-path fetches
 and 0 flushed after failed lock(0.0%)
No of useful instructions issued/executed:	1515463888 (47.24% proc util.)
No of total instructions issued/executed:	1555444179 (48.49% proc util.)
 includes 39980291 wrong-path (2.6%) insts and 0 flushed (0.0%)
	fp 42, 0.00%
	synch 0, 0.00%
	integer 1174355102, 75.50%
	load/store 381089035, 24.50%
Avg size of int IQ (before scheduling): 30.08
Avg size of fp IQ (before scheduling): 0.00
No of cycles taken:		401000000
Parallelism [ 1.251, 0.000, 1.310, 1.218,] = 3.779
 IQ conflicts: 10795 (0.00%), FQ conflicts: 0 (0.00%) 
 I reg conflicts: 171136595 (42.68%), FP reg conflicts: 0 (0.00%)
  Activelist confs: 0 (0.00%), ROB confs: 0 (0.00%)
  Int unit conflicts: 540761654 (134.85%), FP unit conflicts: 0 (0.00%)
  Load/store unit conflicts: 14146801 (3.53%)
  MSHR conflicts: 31043544 (7.74%)
----------------------------------------
==== System-wide Cache Statistics ====
Stall for miss queue full 0 cycles (0.00%)
----------------------------------------
==== Statistics for Master ID: 0 ====
Reads: 269743145   Writes: 41236093
ICACHE: size: 64 KB assoc: 2
ICACHE: hits:168006944 misses:545  Hit Ratio: 100.00%
DCACHE: size: 16 KB assoc: 4
DCACHE: hits:137339845 misses:5631904 writebacks:5514337  Hit Ratio: 96.06%
SCACHE: size: 512 KB assoc: 2
SCACHE: hits:3354713 misses:2277736  Hit Ratio: 59.56%
3CACHE: size: 4096 KB assoc: 2
3CACHE: hits:84394 misses:2193342  Hit Ratio: 3.71%
3CACHE: dirty items replaced:19515
ITLB: size: 48, misses 25, miss rate 0.00%
DTLB: size: 128, misses 91977, miss rate 0.06%
Avg mem delay: 2.226 cycles
----------------------------------------
==== Statistics for Master ID: 2 ====
Reads: 303319234   Writes: 51960829
ICACHE: size: 64 KB assoc: 2
ICACHE: hits:146275502 misses:37  Hit Ratio: 100.00%
DCACHE: size: 16 KB assoc: 4
DCACHE: hits:201190059 misses:7814465 writebacks:7814197  Hit Ratio: 96.26%
SCACHE: size: 512 KB assoc: 2
SCACHE: hits:7684710 misses:129791  Hit Ratio: 98.34%
3CACHE: size: 4096 KB assoc: 2
3CACHE: hits:80825 misses:48966  Hit Ratio: 62.27%
3CACHE: dirty items replaced:18843
ITLB: size: 48, misses 4, miss rate 0.00%
DTLB: size: 128, misses 364, miss rate 0.00%
Avg mem delay: 2.226 cycles
----------------------------------------
==== Statistics for Master ID: 3 ====
Reads: 168678440   Writes: 79
ICACHE: size: 64 KB assoc: 2
ICACHE: hits:139565746 misses:41  Hit Ratio: 100.00%
DCACHE: size: 16 KB assoc: 4
DCACHE: hits:22691579 misses:6421153 writebacks:211889  Hit Ratio: 77.94%
SCACHE: size: 512 KB assoc: 2
SCACHE: hits:6332754 misses:88440  Hit Ratio: 98.62%
3CACHE: size: 4096 KB assoc: 2
3CACHE: hits:43782 misses:44658  Hit Ratio: 49.50%
3CACHE: dirty items replaced:18262
ITLB: size: 48, misses 4, miss rate 0.00%
DTLB: size: 128, misses 987, miss rate 0.00%
Avg mem delay: 2.226 cycles
----------------------------------------
==== Global Resource Utilization ====
STASH: size: 65536 entries, full 1693722392, empty 6992, misses 545, full rate 100.00
icache bank util. 0.190 0.477 0.080 0.037 0.061 0.113 0.061 0.114 
dcache bank util. 0.121 0.146 0.153 0.141 0.173 0.168 0.165 0.134 
L2 bank util. 0.036 0.049 0.050 0.050 0.049 0.055 0.039 0.046 
L1-L2 bus util. = 0.250, L3 util. = 0.057
----------------------------------------
branch prediction, hits = 113200040, misses = 5151250, hit rate = 95.65%
return_stack prediction, hits = 2985356, misses = 10, hit rate = 100.00%
jump prediction, hits = 140042030, misses = 2371, hit rate = 100.00%

**** Debug Statistics at 501000000 Cycles *****
Threads: 4		Fetch Width: 8
No of useful instructions fetched:	1997046955 (49.83% proc util.)
No of total instructions fetched:	2146887155 (53.57% proc util.)
 includes 10516 misfetch (0.0%), 149829684 (7.0%) wrong-path fetches
 and 0 flushed after failed lock(0.0%)
No of useful instructions issued/executed:	1997046904 (49.83% proc util.)
No of total instructions issued/executed:	2053852472 (51.24% proc util.)
 includes 56805568 wrong-path (2.8%) insts and 0 flushed (0.0%)
	fp 42, 0.00%
	synch 0, 0.00%
	integer 1550672363, 75.50%
	load/store 503180067, 24.50%
Avg size of int IQ (before scheduling): 31.13
Avg size of fp IQ (before scheduling): 0.00
No of cycles taken:		501000000
Parallelism [ 1.345, 0.000, 1.369, 1.272,] = 3.986
 IQ conflicts: 14433 (0.00%), FQ conflicts: 0 (0.00%) 
 I reg conflicts: 196389340 (39.20%), FP reg conflicts: 0 (0.00%)
  Activelist confs: 0 (0.00%), ROB confs: 0 (0.00%)
  Int unit conflicts: 746027994 (148.91%), FP unit conflicts: 0 (0.00%)
  Load/store unit conflicts: 19562985 (3.90%)
  MSHR conflicts: 34112697 (6.81%)
----------------------------------------
==== System-wide Cache Statistics ====
Stall for miss queue full 0 cycles (0.00%)
----------------------------------------
==== Statistics for Master ID: 0 ====
Reads: 364060497   Writes: 54254259
ICACHE: size: 64 KB assoc: 2
ICACHE: hits:225993625 misses:545  Hit Ratio: 100.00%
DCACHE: size: 16 KB assoc: 4
DCACHE: hits:185274838 misses:7045748 writebacks:6928181  Hit Ratio: 96.34%
SCACHE: size: 512 KB assoc: 2
SCACHE: hits:4706694 misses:2339599  Hit Ratio: 66.80%
3CACHE: size: 4096 KB assoc: 2
3CACHE: hits:114561 misses:2225038  Hit Ratio: 4.90%
3CACHE: dirty items replaced:27267
ITLB: size: 48, misses 25, miss rate 0.00%
DTLB: size: 128, misses 92441, miss rate 0.05%
Avg mem delay: 2.013 cycles
----------------------------------------
==== Statistics for Master ID: 2 ====
Reads: 397169330   Writes: 67826262
ICACHE: size: 64 KB assoc: 2
ICACHE: hits:192140538 misses:37  Hit Ratio: 100.00%
DCACHE: size: 16 KB assoc: 4
DCACHE: hits:262598911 misses:10256106 writebacks:10255838  Hit Ratio: 96.24%
SCACHE: size: 512 KB assoc: 2
SCACHE: hits:10098725 misses:157418  Hit Ratio: 98.47%
3CACHE: size: 4096 KB assoc: 2
3CACHE: hits:98584 misses:58834  Hit Ratio: 62.63%
3CACHE: dirty items replaced:26334
ITLB: size: 48, misses 4, miss rate 0.00%
DTLB: size: 128, misses 364, miss rate 0.00%
Avg mem delay: 2.013 cycles
----------------------------------------
==== Statistics for Master ID: 3 ====
Reads: 221218163   Writes: 84
ICACHE: size: 64 KB assoc: 2
ICACHE: hits:183213784 misses:41  Hit Ratio: 100.00%
DCACHE: size: 16 KB assoc: 4
DCACHE: hits:29622797 misses:8381625 writebacks:287771  Hit Ratio: 77.95%
SCACHE: size: 512 KB assoc: 2
SCACHE: hits:8274681 misses:106985  Hit Ratio: 98.72%
3CACHE: size: 4096 KB assoc: 2
3CACHE: hits:52737 misses:54248  Hit Ratio: 49.29%
3CACHE: dirty items replaced:25407
ITLB: size: 48, misses 4, miss rate 0.00%
DTLB: size: 128, misses 991, miss rate 0.00%
Avg mem delay: 2.013 cycles
----------------------------------------
==== Global Resource Utilization ====
STASH: size: 65536 entries, full 2245633711, empty 6992, misses 545, full rate 100.00
icache bank util. 0.201 0.502 0.084 0.040 0.068 0.116 0.068 0.121 
dcache bank util. 0.126 0.153 0.162 0.148 0.184 0.176 0.175 0.139 
L2 bank util. 0.037 0.050 0.051 0.051 0.051 0.056 0.039 0.046 
L1-L2 bus util. = 0.258, L3 util. = 0.047
----------------------------------------
branch prediction, hits = 147290815, misses = 7103294, hit rate = 95.40%
return_stack prediction, hits = 4166693, misses = 10, hit rate = 100.00%
jump prediction, hits = 183449873, misses = 3122, hit rate = 100.00%

**** Early Exiting at 501640972 Cycles *****
========================================
 SMTSIM Global Statistics
========================================
Threads: 4		Fetch Width: 8
No of useful instructions fetched:	2000000128 (49.84% proc util.)
No of total instructions fetched:	2150221396 (53.58% proc util.)
 includes 10516 misfetch (0.0%), 150210752 (7.0%) wrong-path fetches
 and 0 flushed after failed lock(0.0%)
No of useful instructions issued/executed:	2000000066 (49.84% proc util.)
No of total instructions issued/executed:	2056973642 (51.26% proc util.)
 includes 56973576 wrong-path (2.8%) insts and 0 flushed (0.0%)
	fp 42, 0.00%
	synch 0, 0.00%
	integer 1553042727, 75.50%
	load/store 503930873, 24.50%
Avg size of int IQ (before scheduling): 31.14
Avg size of fp IQ (before scheduling): 0.00
No of cycles taken:		501640972
Parallelism [ 1.345, 0.000, 1.369, 1.273,] = 3.987
 IQ conflicts: 14441 (0.00%), FQ conflicts: 0 (0.00%) 
 I reg conflicts: 196552322 (39.18%), FP reg conflicts: 0 (0.00%)
  Activelist confs: 0 (0.00%), ROB confs: 0 (0.00%)
  Int unit conflicts: 747152442 (148.94%), FP unit conflicts: 0 (0.00%)
  Load/store unit conflicts: 19583286 (3.90%)
  MSHR conflicts: 34112697 (6.80%)
----------------------------------------
==== System-wide Cache Statistics ====
Stall for miss queue full 0 cycles (0.00%)
----------------------------------------
==== Statistics for Master ID: 0 ====
Reads: 364673415   Writes: 54309962
ICACHE: size: 64 KB assoc: 2
ICACHE: hits:226369114 misses:545  Hit Ratio: 100.00%
DCACHE: size: 16 KB assoc: 4
DCACHE: hits:185553083 misses:7060635 writebacks:6943068  Hit Ratio: 96.33%
SCACHE: size: 512 KB assoc: 2
SCACHE: hits:4721257 misses:2339922  Hit Ratio: 66.86%
3CACHE: size: 4096 KB assoc: 2
3CACHE: hits:114791 misses:2225131  Hit Ratio: 4.91%
3CACHE: dirty items replaced:27346
ITLB: size: 48, misses 25, miss rate 0.00%
DTLB: size: 128, misses 92443, miss rate 0.05%
Avg mem delay: 2.012 cycles
----------------------------------------
==== Statistics for Master ID: 2 ====
Reads: 397760954   Writes: 67926093
ICACHE: size: 64 KB assoc: 2
ICACHE: hits:192430286 misses:37  Hit Ratio: 100.00%
DCACHE: size: 16 KB assoc: 4
DCACHE: hits:262985494 misses:10271230 writebacks:10270962  Hit Ratio: 96.24%
SCACHE: size: 512 KB assoc: 2
SCACHE: hits:10113594 misses:157673  Hit Ratio: 98.46%
3CACHE: size: 4096 KB assoc: 2
3CACHE: hits:98727 misses:58946  Hit Ratio: 62.62%
3CACHE: dirty items replaced:26442
ITLB: size: 48, misses 4, miss rate 0.00%
DTLB: size: 128, misses 364, miss rate 0.00%
Avg mem delay: 2.012 cycles
----------------------------------------
==== Statistics for Master ID: 3 ====
Reads: 221553239   Writes: 84
ICACHE: size: 64 KB assoc: 2
ICACHE: hits:183492894 misses:41  Hit Ratio: 100.00%
DCACHE: size: 16 KB assoc: 4
DCACHE: hits:29666530 misses:8393858 writebacks:288266  Hit Ratio: 77.95%
SCACHE: size: 512 KB assoc: 2
SCACHE: hits:8286747 misses:107152  Hit Ratio: 98.72%
3CACHE: size: 4096 KB assoc: 2
3CACHE: hits:52818 misses:54334  Hit Ratio: 49.29%
3CACHE: dirty items replaced:25484
ITLB: size: 48, misses 4, miss rate 0.00%
DTLB: size: 128, misses 991, miss rate 0.00%
Avg mem delay: 2.012 cycles
----------------------------------------
==== Global Resource Utilization ====
STASH: size: 65536 entries, full 2249178016, empty 6992, misses 545, full rate 100.00
icache bank util. 0.201 0.503 0.084 0.040 0.068 0.116 0.068 0.121 
dcache bank util. 0.126 0.153 0.162 0.148 0.184 0.176 0.175 0.139 
L2 bank util. 0.037 0.050 0.051 0.051 0.051 0.056 0.039 0.046 
L1-L2 bus util. = 0.259, L3 util. = 0.047
----------------------------------------
branch prediction, hits = 147512981, misses = 7120063, hit rate = 95.40%
return_stack prediction, hits = 4172978, misses = 10, hit rate = 100.00%
jump prediction, hits = 183728689, misses = 3122, hit rate = 100.00%
total IPC 3.987

=== Results saved to: ./results/gzip-program_2_matmul_1_randacc_1.txt ===
