测试组合（多线程优先）：gcc-200.arg2 + gcc-166.arg + mgrid.arg
执行命令：./smtsim gcc-200.arg2 gcc-166.arg mgrid.arg
==================================================

 abend_ adia_ adib_ ambm6_ analie6_ betalf_Process 0, Thread 0: gcc-200
Process 0, Thread 1: gcc-200
Process 2, Thread 2: gcc-166
Process 3, Thread 3: mgrid

**** Debug Statistics at 1000000 Cycles *****
Threads: 4		Fetch Width: 8
No of useful instructions fetched:	1073270 (13.42% proc util.)
No of total instructions fetched:	1567668 (19.60% proc util.)
 includes 97908 misfetch (6.2%), 396490 (25.3%) wrong-path fetches
 and 0 flushed after failed lock(0.0%)
No of useful instructions issued/executed:	1073250 (13.42% proc util.)
No of total instructions issued/executed:	1267957 (15.85% proc util.)
 includes 194707 wrong-path (15.4%) insts and 0 flushed (0.0%)
	fp 192, 0.02%
	synch 0, 0.00%
	integer 796954, 62.85%
	load/store 470811, 37.13%
Avg size of int IQ (before scheduling): 8.62
Avg size of fp IQ (before scheduling): 0.01
No of cycles taken:		1000000
Parallelism [ 0.270, 0.000, 0.349, 0.454,] = 1.073
 IQ conflicts: 13606 (1.36%), FQ conflicts: 0 (0.00%) 
 I reg conflicts: 657686 (65.77%), FP reg conflicts: 0 (0.00%)
  Activelist confs: 676 (0.07%), ROB confs: 10553 (1.06%)
  Int unit conflicts: 233294 (23.33%), FP unit conflicts: 0 (0.00%)
  Load/store unit conflicts: 80610 (8.06%)
  MSHR conflicts: 938440 (93.84%)
----------------------------------------
==== System-wide Cache Statistics ====
Stall for miss queue full 0 cycles (0.00%)
----------------------------------------
==== Statistics for Master ID: 0 ====
Reads: 255535   Writes: 43283
ICACHE: size: 64 KB assoc: 2
ICACHE: hits:143285 misses:5334  Hit Ratio: 96.41%
DCACHE: size: 16 KB assoc: 4
DCACHE: hits:146231 misses:3968 writebacks:2684  Hit Ratio: 97.36%
SCACHE: size: 512 KB assoc: 2
SCACHE: hits:5671 misses:3631  Hit Ratio: 60.97%
3CACHE: size: 4096 KB assoc: 2
3CACHE: hits:1147 misses:2484  Hit Ratio: 31.59%
3CACHE: dirty items replaced:13
ITLB: size: 48, misses 357, miss rate 0.24%
DTLB: size: 128, misses 336, miss rate 0.22%
Avg mem delay: 3.221 cycles
----------------------------------------
==== Statistics for Master ID: 2 ====
Reads: 209423   Writes: 54468
ICACHE: size: 64 KB assoc: 2
ICACHE: hits:134057 misses:2691  Hit Ratio: 98.03%
DCACHE: size: 16 KB assoc: 4
DCACHE: hits:124070 misses:3073 writebacks:2638  Hit Ratio: 97.58%
SCACHE: size: 512 KB assoc: 2
SCACHE: hits:1561 misses:4203  Hit Ratio: 27.08%
3CACHE: size: 4096 KB assoc: 2
3CACHE: hits:435 misses:3768  Hit Ratio: 10.35%
3CACHE: dirty items replaced:2
ITLB: size: 48, misses 232, miss rate 0.17%
DTLB: size: 128, misses 220, miss rate 0.17%
Avg mem delay: 3.221 cycles
----------------------------------------
==== Statistics for Master ID: 3 ====
Reads: 191545   Writes: 138572
ICACHE: size: 64 KB assoc: 2
ICACHE: hits:135745 misses:2219  Hit Ratio: 98.39%
DCACHE: size: 16 KB assoc: 4
DCACHE: hits:177875 misses:14278 writebacks:13977  Hit Ratio: 92.57%
SCACHE: size: 512 KB assoc: 2
SCACHE: hits:1203 misses:15294  Hit Ratio: 7.29%
3CACHE: size: 4096 KB assoc: 2
3CACHE: hits:142 misses:15152  Hit Ratio: 0.93%
3CACHE: dirty items replaced:7
ITLB: size: 48, misses 189, miss rate 0.14%
DTLB: size: 128, misses 324, miss rate 0.17%
Avg mem delay: 3.221 cycles
----------------------------------------
==== Global Resource Utilization ====
STASH: size: 65536 entries, full 93454833, empty 7388318, misses 873591, full rate 91.88
icache bank util. 0.055 0.062 0.058 0.048 0.050 0.088 0.045 0.049 
dcache bank util. 0.067 0.079 0.080 0.076 0.071 0.069 0.078 0.072 
L2 bank util. 0.039 0.040 0.038 0.040 0.039 0.037 0.037 0.039 
L1-L2 bus util. = 0.153, L3 util. = 0.214
----------------------------------------
branch prediction, hits = 112410, misses = 19177, hit rate = 85.43%
return_stack prediction, hits = 16321, misses = 36, hit rate = 99.78%
jump prediction, hits = 112053, misses = 24648, hit rate = 81.97%
 __sigismember __sigaddset __sigdelset mem_access_latency dl1_access_fn dl2_access_fn il1_access_fn il2_access_fn itlb_access_fn dtlb_access_fn sim_reg_options
**** Debug Statistics at 101000000 Cycles *****
Threads: 4		Fetch Width: 8
No of useful instructions fetched:	147022823 (18.20% proc util.)
No of total instructions fetched:	191117512 (23.65% proc util.)
 includes 9380892 misfetch (4.9%), 34713797 (18.2%) wrong-path fetches
 and 0 flushed after failed lock(0.0%)
No of useful instructions issued/executed:	147022801 (18.20% proc util.)
No of total instructions issued/executed:	165458935 (20.48% proc util.)
 includes 18436134 wrong-path (11.1%) insts and 0 flushed (0.0%)
	fp 28520822, 17.24%
	synch 0, 0.00%
	integer 72639313, 43.90%
	load/store 64298800, 38.86%
Avg size of int IQ (before scheduling): 8.77
Avg size of fp IQ (before scheduling): 4.77
No of cycles taken:		101000000
Parallelism [ 0.380, 0.000, 0.305, 0.770,] = 1.456
 IQ conflicts: 1714544 (1.70%), FQ conflicts: 0 (0.00%) 
 I reg conflicts: 21890095 (21.67%), FP reg conflicts: 43479104 (43.05%)
  Activelist confs: 1017 (0.00%), ROB confs: 670111 (0.66%)
  Int unit conflicts: 12890331 (12.76%), FP unit conflicts: 113985 (0.11%)
  Load/store unit conflicts: 11600139 (11.49%)
  MSHR conflicts: 58940256 (58.36%)
----------------------------------------
==== System-wide Cache Statistics ====
Stall for miss queue full 0 cycles (0.00%)
----------------------------------------
==== Statistics for Master ID: 0 ====
Reads: 32109495   Writes: 5463365
ICACHE: size: 64 KB assoc: 2
ICACHE: hits:18496394 misses:537338  Hit Ratio: 97.18%
DCACHE: size: 16 KB assoc: 4
DCACHE: hits:18144973 misses:394155 writebacks:392868  Hit Ratio: 97.87%
SCACHE: size: 512 KB assoc: 2
SCACHE: hits:654371 misses:277122  Hit Ratio: 70.25%
3CACHE: size: 4096 KB assoc: 2
3CACHE: hits:211975 misses:65147  Hit Ratio: 76.49%
3CACHE: dirty items replaced:10102
ITLB: size: 48, misses 63887, miss rate 0.34%
DTLB: size: 128, misses 39469, miss rate 0.21%
Avg mem delay: 4.100 cycles
----------------------------------------
==== Statistics for Master ID: 2 ====
Reads: 25579773   Writes: 3938828
ICACHE: size: 64 KB assoc: 2
ICACHE: hits:14855718 misses:618051  Hit Ratio: 96.01%
DCACHE: size: 16 KB assoc: 4
DCACHE: hits:13510081 misses:534751 writebacks:534316  Hit Ratio: 96.19%
SCACHE: size: 512 KB assoc: 2
SCACHE: hits:829523 misses:323278  Hit Ratio: 71.96%
3CACHE: size: 4096 KB assoc: 2
3CACHE: hits:241758 misses:81520  Hit Ratio: 74.78%
3CACHE: dirty items replaced:7423
ITLB: size: 48, misses 71558, miss rate 0.46%
DTLB: size: 128, misses 60332, miss rate 0.43%
Avg mem delay: 4.100 cycles
----------------------------------------
==== Statistics for Master ID: 3 ====
Reads: 51491337   Writes: 5513219
ICACHE: size: 64 KB assoc: 2
ICACHE: hits:25332817 misses:23516  Hit Ratio: 99.91%
DCACHE: size: 16 KB assoc: 4
DCACHE: hits:30396444 misses:1251779 writebacks:1251478  Hit Ratio: 96.04%
SCACHE: size: 512 KB assoc: 2
SCACHE: hits:117210 misses:1158084  Hit Ratio: 9.19%
3CACHE: size: 4096 KB assoc: 2
3CACHE: hits:196036 misses:962047  Hit Ratio: 16.93%
3CACHE: dirty items replaced:38948
ITLB: size: 48, misses 2399, miss rate 0.01%
DTLB: size: 128, misses 23012, miss rate 0.07%
Avg mem delay: 4.100 cycles
----------------------------------------
==== Global Resource Utilization ====
STASH: size: 65536 entries, full 325601695, empty 15991974, misses 1621246, full rate 94.87
icache bank util. 0.078 0.084 0.072 0.075 0.077 0.092 0.073 0.076 
dcache bank util. 0.096 0.110 0.098 0.094 0.091 0.093 0.090 0.092 
L2 bank util. 0.039 0.041 0.038 0.038 0.037 0.036 0.036 0.037 
L1-L2 bus util. = 0.165, L3 util. = 0.110
----------------------------------------
branch prediction, hits = 9598746, misses = 1789812, hit rate = 84.28%
return_stack prediction, hits = 823928, misses = 779, hit rate = 99.91%
jump prediction, hits = 7661666, misses = 2677161, hit rate = 74.11%
 block_ sim_check_options
**** Debug Statistics at 201000000 Cycles *****
Threads: 4		Fetch Width: 8
No of useful instructions fetched:	331713267 (20.63% proc util.)
No of total instructions fetched:	425268791 (26.45% proc util.)
 includes 17232061 misfetch (4.1%), 76323463 (17.9%) wrong-path fetches
 and 0 flushed after failed lock(0.0%)
No of useful instructions issued/executed:	331713185 (20.63% proc util.)
No of total instructions issued/executed:	372955054 (23.19% proc util.)
 includes 41241869 wrong-path (11.1%) insts and 0 flushed (0.0%)
	fp 65359754, 17.52%
	synch 0, 0.00%
	integer 165246221, 44.31%
	load/store 142349079, 38.17%
Avg size of int IQ (before scheduling): 9.44
Avg size of fp IQ (before scheduling): 5.48
No of cycles taken:		201000000
Parallelism [ 0.446, 0.000, 0.384, 0.821,] = 1.650
 IQ conflicts: 3239396 (1.61%), FQ conflicts: 267557 (0.13%) 
 I reg conflicts: 25629255 (12.75%), FP reg conflicts: 97293999 (48.40%)
  Activelist confs: 1122 (0.00%), ROB confs: 696916 (0.35%)
  Int unit conflicts: 33083110 (16.46%), FP unit conflicts: 259738 (0.13%)
  Load/store unit conflicts: 27312225 (13.59%)
  MSHR conflicts: 103047443 (51.27%)
----------------------------------------
==== System-wide Cache Statistics ====
Stall for miss queue full 0 cycles (0.00%)
----------------------------------------
==== Statistics for Master ID: 0 ====
Reads: 72802498   Writes: 12137794
ICACHE: size: 64 KB assoc: 2
ICACHE: hits:42404696 misses:942615  Hit Ratio: 97.83%
DCACHE: size: 16 KB assoc: 4
DCACHE: hits:40612730 misses:980251 writebacks:978964  Hit Ratio: 97.64%
SCACHE: size: 512 KB assoc: 2
SCACHE: hits:1338627 misses:584238  Hit Ratio: 69.62%
3CACHE: size: 4096 KB assoc: 2
3CACHE: hits:450847 misses:133391  Hit Ratio: 77.17%
3CACHE: dirty items replaced:26079
ITLB: size: 48, misses 96168, miss rate 0.22%
DTLB: size: 128, misses 98949, miss rate 0.24%
Avg mem delay: 3.929 cycles
----------------------------------------
==== Statistics for Master ID: 2 ====
Reads: 63380821   Writes: 9258529
ICACHE: size: 64 KB assoc: 2
ICACHE: hits:37237092 misses:1023092  Hit Ratio: 97.33%
DCACHE: size: 16 KB assoc: 4
DCACHE: hits:32834984 misses:1544182 writebacks:1543747  Hit Ratio: 95.51%
SCACHE: size: 512 KB assoc: 2
SCACHE: hits:1981988 misses:585286  Hit Ratio: 77.20%
3CACHE: size: 4096 KB assoc: 2
3CACHE: hits:446359 misses:138927  Hit Ratio: 76.26%
3CACHE: dirty items replaced:16680
ITLB: size: 48, misses 109235, miss rate 0.29%
DTLB: size: 128, misses 129065, miss rate 0.38%
Avg mem delay: 3.929 cycles
----------------------------------------
==== Statistics for Master ID: 3 ====
Reads: 114624090   Writes: 6806236
ICACHE: size: 64 KB assoc: 2
ICACHE: hits:55205384 misses:41857  Hit Ratio: 99.92%
DCACHE: size: 16 KB assoc: 4
DCACHE: hits:64058665 misses:2124420 writebacks:2124119  Hit Ratio: 96.79%
SCACHE: size: 512 KB assoc: 2
SCACHE: hits:243288 misses:1922989  Hit Ratio: 11.23%
3CACHE: size: 4096 KB assoc: 2
3CACHE: hits:442918 misses:1480071  Hit Ratio: 23.03%
3CACHE: dirty items replaced:120601
ITLB: size: 48, misses 3214, miss rate 0.01%
DTLB: size: 128, misses 40005, miss rate 0.06%
Avg mem delay: 3.929 cycles
----------------------------------------
==== Global Resource Utilization ====
STASH: size: 65536 entries, full 616936933, empty 23702456, misses 2303412, full rate 95.96
icache bank util. 0.088 0.090 0.086 0.091 0.091 0.094 0.086 0.083 
dcache bank util. 0.110 0.114 0.107 0.104 0.100 0.104 0.102 0.104 
L2 bank util. 0.038 0.039 0.037 0.038 0.036 0.035 0.036 0.037 
L1-L2 bus util. = 0.169, L3 util. = 0.087
----------------------------------------
branch prediction, hits = 22567455, misses = 3630316, hit rate = 86.14%
return_stack prediction, hits = 2144755, misses = 3311, hit rate = 99.85%
jump prediction, hits = 19564157, misses = 4964123, hit rate = 79.76%
 blockdis_
**** Debug Statistics at 301000000 Cycles *****
Threads: 4		Fetch Width: 8
No of useful instructions fetched:	525193458 (21.81% proc util.)
No of total instructions fetched:	716064560 (29.74% proc util.)
 includes 35914229 misfetch (5.0%), 154956873 (21.6%) wrong-path fetches
 and 0 flushed after failed lock(0.0%)
No of useful instructions issued/executed:	525193439 (21.81% proc util.)
No of total instructions issued/executed:	607359649 (25.22% proc util.)
 includes 82166210 wrong-path (13.5%) insts and 0 flushed (0.0%)
	fp 101401466, 16.70%
	synch 0, 0.00%
	integer 276289221, 45.49%
	load/store 229668962, 37.81%
Avg size of int IQ (before scheduling): 11.35
Avg size of fp IQ (before scheduling): 11.79
No of cycles taken:		301000000
Parallelism [ 0.505, 0.000, 0.435, 0.805,] = 1.745
 IQ conflicts: 6550465 (2.18%), FQ conflicts: 11911552 (3.96%) 
 I reg conflicts: 34874716 (11.59%), FP reg conflicts: 125072619 (41.55%)
  Activelist confs: 2334 (0.00%), ROB confs: 765094 (0.25%)
  Int unit conflicts: 68181809 (22.65%), FP unit conflicts: 801619 (0.27%)
  Load/store unit conflicts: 48138981 (15.99%)
  MSHR conflicts: 176103694 (58.51%)
----------------------------------------
==== System-wide Cache Statistics ====
Stall for miss queue full 0 cycles (0.00%)
----------------------------------------
==== Statistics for Master ID: 0 ====
Reads: 123245575   Writes: 20727394
ICACHE: size: 64 KB assoc: 2
ICACHE: hits:71353083 misses:1658692  Hit Ratio: 97.73%
DCACHE: size: 16 KB assoc: 4
DCACHE: hits:69153297 misses:1807897 writebacks:1806610  Hit Ratio: 97.45%
SCACHE: size: 512 KB assoc: 2
SCACHE: hits:2466879 misses:999709  Hit Ratio: 71.16%
3CACHE: size: 4096 KB assoc: 2
3CACHE: hits:776163 misses:223546  Hit Ratio: 77.64%
3CACHE: dirty items replaced:61449
ITLB: size: 48, misses 159115, miss rate 0.22%
DTLB: size: 128, misses 199861, miss rate 0.28%
Avg mem delay: 4.022 cycles
----------------------------------------
==== Statistics for Master ID: 2 ====
Reads: 116982203   Writes: 17313169
ICACHE: size: 64 KB assoc: 2
ICACHE: hits:67978761 misses:1874003  Hit Ratio: 97.32%
DCACHE: size: 16 KB assoc: 4
DCACHE: hits:62147590 misses:2295018 writebacks:2294583  Hit Ratio: 96.44%
SCACHE: size: 512 KB assoc: 2
SCACHE: hits:3154567 misses:1014454  Hit Ratio: 75.67%
3CACHE: size: 4096 KB assoc: 2
3CACHE: hits:817638 misses:196816  Hit Ratio: 80.60%
3CACHE: dirty items replaced:41514
ITLB: size: 48, misses 153041, miss rate 0.22%
DTLB: size: 128, misses 200148, miss rate 0.31%
Avg mem delay: 4.022 cycles
----------------------------------------
==== Statistics for Master ID: 3 ====
Reads: 167785150   Writes: 8875269
ICACHE: size: 64 KB assoc: 2
ICACHE: hits:82806910 misses:61383  Hit Ratio: 99.93%
DCACHE: size: 16 KB assoc: 4
DCACHE: hits:90509201 misses:3282925 writebacks:3282624  Hit Ratio: 96.50%
SCACHE: size: 512 KB assoc: 2
SCACHE: hits:425309 misses:2918999  Hit Ratio: 12.72%
3CACHE: size: 4096 KB assoc: 2
3CACHE: hits:719329 misses:2199670  Hit Ratio: 24.64%
3CACHE: dirty items replaced:291325
ITLB: size: 48, misses 3563, miss rate 0.00%
DTLB: size: 128, misses 60614, miss rate 0.06%
Avg mem delay: 4.022 cycles
----------------------------------------
==== Global Resource Utilization ====
STASH: size: 65536 entries, full 954005733, empty 35623405, misses 3352516, full rate 96.07
icache bank util. 0.097 0.096 0.093 0.099 0.100 0.107 0.101 0.092 
dcache bank util. 0.114 0.121 0.114 0.111 0.111 0.120 0.111 0.106 
L2 bank util. 0.041 0.042 0.040 0.041 0.039 0.038 0.039 0.040 
L1-L2 bus util. = 0.183, L3 util. = 0.087
----------------------------------------
branch prediction, hits = 37632765, misses = 6627817, hit rate = 85.03%
return_stack prediction, hits = 3892328, misses = 5198, hit rate = 99.87%
jump prediction, hits = 31805749, misses = 9394345, hit rate = 77.20%

**** Debug Statistics at 401000000 Cycles *****
Threads: 4		Fetch Width: 8
No of useful instructions fetched:	704066257 (21.95% proc util.)
No of total instructions fetched:	959427489 (29.91% proc util.)
 includes 49988937 misfetch (5.2%), 205372295 (21.4%) wrong-path fetches
 and 0 flushed after failed lock(0.0%)
No of useful instructions issued/executed:	704066241 (21.95% proc util.)
No of total instructions issued/executed:	812564886 (25.33% proc util.)
 includes 108498645 wrong-path (13.4%) insts and 0 flushed (0.0%)
	fp 138416378, 17.03%
	synch 0, 0.00%
	integer 365196867, 44.94%
	load/store 308951641, 38.02%
Avg size of int IQ (before scheduling): 11.27
Avg size of fp IQ (before scheduling): 10.86
No of cycles taken:		401000000
Parallelism [ 0.504, 0.000, 0.436, 0.816,] = 1.756
 IQ conflicts: 8273331 (2.06%), FQ conflicts: 11913643 (2.97%) 
 I reg conflicts: 38455986 (9.59%), FP reg conflicts: 178575175 (44.53%)
  Activelist confs: 2784 (0.00%), ROB confs: 843393 (0.21%)
  Int unit conflicts: 90803224 (22.64%), FP unit conflicts: 2148893 (0.54%)
  Load/store unit conflicts: 65944480 (16.45%)
  MSHR conflicts: 225802230 (56.31%)
----------------------------------------
==== System-wide Cache Statistics ====
Stall for miss queue full 0 cycles (0.00%)
----------------------------------------
==== Statistics for Master ID: 0 ====
Reads: 163019094   Writes: 27360592
ICACHE: size: 64 KB assoc: 2
ICACHE: hits:94317744 misses:2223008  Hit Ratio: 97.70%
DCACHE: size: 16 KB assoc: 4
DCACHE: hits:91377915 misses:2461019 writebacks:2459732  Hit Ratio: 97.38%
SCACHE: size: 512 KB assoc: 2
SCACHE: hits:3344727 misses:1339300  Hit Ratio: 71.41%
3CACHE: size: 4096 KB assoc: 2
3CACHE: hits:1047400 misses:291900  Hit Ratio: 78.21%
3CACHE: dirty items replaced:94826
ITLB: size: 48, misses 203570, miss rate 0.21%
DTLB: size: 128, misses 275831, miss rate 0.29%
Avg mem delay: 4.016 cycles
----------------------------------------
==== Statistics for Master ID: 2 ====
Reads: 157975035   Writes: 23908435
ICACHE: size: 64 KB assoc: 2
ICACHE: hits:91510075 misses:2609789  Hit Ratio: 97.23%
DCACHE: size: 16 KB assoc: 4
DCACHE: hits:84956020 misses:2807586 writebacks:2807151  Hit Ratio: 96.80%
SCACHE: size: 512 KB assoc: 2
SCACHE: hits:4050318 misses:1367057  Hit Ratio: 74.77%
3CACHE: size: 4096 KB assoc: 2
3CACHE: hits:1127331 misses:239726  Hit Ratio: 82.46%
3CACHE: dirty items replaced:60701
ITLB: size: 48, misses 183650, miss rate 0.20%
DTLB: size: 128, misses 255513, miss rate 0.29%
Avg mem delay: 4.016 cycles
----------------------------------------
==== Statistics for Master ID: 3 ====
Reads: 225930731   Writes: 12003636
ICACHE: size: 64 KB assoc: 2
ICACHE: hits:111143077 misses:91546  Hit Ratio: 99.92%
DCACHE: size: 16 KB assoc: 4
DCACHE: hits:122423056 misses:4276688 writebacks:4276387  Hit Ratio: 96.62%
SCACHE: size: 512 KB assoc: 2
SCACHE: hits:570297 misses:3797937  Hit Ratio: 13.06%
3CACHE: size: 4096 KB assoc: 2
3CACHE: hits:931888 misses:2866049  Hit Ratio: 24.54%
3CACHE: dirty items replaced:496396
ITLB: size: 48, misses 4201, miss rate 0.00%
DTLB: size: 128, misses 80420, miss rate 0.06%
Avg mem delay: 4.016 cycles
----------------------------------------
==== Global Resource Utilization ====
STASH: size: 65536 entries, full 1245922214, empty 44620947, misses 4152979, full rate 96.23
icache bank util. 0.098 0.099 0.096 0.101 0.101 0.103 0.100 0.093 
dcache bank util. 0.113 0.118 0.114 0.110 0.113 0.124 0.113 0.106 
L2 bank util. 0.040 0.042 0.040 0.041 0.039 0.037 0.039 0.040 
L1-L2 bus util. = 0.180, L3 util. = 0.085
----------------------------------------
branch prediction, hits = 49931137, misses = 8976736, hit rate = 84.76%
return_stack prediction, hits = 5308019, misses = 5558, hit rate = 99.90%
jump prediction, hits = 41564276, misses = 13090526, hit rate = 76.05%
 caconv_ calrms_ chroma_
**** Debug Statistics at 501000000 Cycles *****
Threads: 4		Fetch Width: 8
No of useful instructions fetched:	871841795 (21.75% proc util.)
No of total instructions fetched:	1185939243 (29.59% proc util.)
 includes 63203926 misfetch (5.3%), 250893522 (21.2%) wrong-path fetches
 and 0 flushed after failed lock(0.0%)
No of useful instructions issued/executed:	871841778 (21.75% proc util.)
No of total instructions issued/executed:	1004092927 (25.05% proc util.)
 includes 132251149 wrong-path (13.2%) insts and 0 flushed (0.0%)
	fp 176211046, 17.55%
	synch 0, 0.00%
	integer 444265643, 44.25%
	load/store 383616238, 38.21%
Avg size of int IQ (before scheduling): 10.29
Avg size of fp IQ (before scheduling): 9.91
No of cycles taken:		501000000
Parallelism [ 0.476, 0.000, 0.433, 0.832,] = 1.740
 IQ conflicts: 8529180 (1.70%), FQ conflicts: 11913643 (2.38%) 
 I reg conflicts: 40050032 (7.99%), FP reg conflicts: 236522533 (47.21%)
  Activelist confs: 2789 (0.00%), ROB confs: 878125 (0.18%)
  Int unit conflicts: 105597273 (21.08%), FP unit conflicts: 2301606 (0.46%)
  Load/store unit conflicts: 79731153 (15.91%)
  MSHR conflicts: 236748809 (47.26%)
----------------------------------------
==== System-wide Cache Statistics ====
Stall for miss queue full 0 cycles (0.00%)
----------------------------------------
==== Statistics for Master ID: 0 ====
Reads: 195234998   Writes: 32746007
ICACHE: size: 64 KB assoc: 2
ICACHE: hits:112851609 misses:2953558  Hit Ratio: 97.45%
DCACHE: size: 16 KB assoc: 4
DCACHE: hits:109233123 misses:2942715 writebacks:2941428  Hit Ratio: 97.38%
SCACHE: size: 512 KB assoc: 2
SCACHE: hits:4171106 misses:1725167  Hit Ratio: 70.74%
3CACHE: size: 4096 KB assoc: 2
3CACHE: hits:1352761 misses:372406  Hit Ratio: 78.41%
3CACHE: dirty items replaced:127335
ITLB: size: 48, misses 261931, miss rate 0.23%
DTLB: size: 128, misses 317656, miss rate 0.28%
Avg mem delay: 3.916 cycles
----------------------------------------
==== Statistics for Master ID: 2 ====
Reads: 195586403   Writes: 29616671
ICACHE: size: 64 KB assoc: 2
ICACHE: hits:113370258 misses:3347383  Hit Ratio: 97.13%
DCACHE: size: 16 KB assoc: 4
DCACHE: hits:105232864 misses:3252569 writebacks:3252134  Hit Ratio: 97.00%
SCACHE: size: 512 KB assoc: 2
SCACHE: hits:4901863 misses:1698089  Hit Ratio: 74.27%
3CACHE: size: 4096 KB assoc: 2
3CACHE: hits:1419789 misses:278300  Hit Ratio: 83.61%
3CACHE: dirty items replaced:76080
ITLB: size: 48, misses 221585, miss rate 0.19%
DTLB: size: 128, misses 292855, miss rate 0.27%
Avg mem delay: 3.916 cycles
----------------------------------------
==== Statistics for Master ID: 3 ====
Reads: 290518647   Writes: 13222024
ICACHE: size: 64 KB assoc: 2
ICACHE: hits:141488846 misses:120021  Hit Ratio: 99.92%
DCACHE: size: 16 KB assoc: 4
DCACHE: hits:156981920 misses:5149884 writebacks:5149583  Hit Ratio: 96.82%
SCACHE: size: 512 KB assoc: 2
SCACHE: hits:741395 misses:4528510  Hit Ratio: 14.07%
3CACHE: size: 4096 KB assoc: 2
3CACHE: hits:1171954 misses:3356556  Hit Ratio: 25.88%
3CACHE: dirty items replaced:664401
ITLB: size: 48, misses 5518, miss rate 0.00%
DTLB: size: 128, misses 93053, miss rate 0.06%
Avg mem delay: 3.916 cycles
----------------------------------------
==== Global Resource Utilization ====
STASH: size: 65536 entries, full 1529233269, empty 54124594, misses 4990375, full rate 96.28
icache bank util. 0.097 0.099 0.095 0.101 0.101 0.102 0.098 0.092 
dcache bank util. 0.111 0.115 0.112 0.108 0.112 0.124 0.113 0.105 
L2 bank util. 0.039 0.041 0.039 0.040 0.038 0.036 0.038 0.039 
L1-L2 bus util. = 0.174, L3 util. = 0.080
----------------------------------------
branch prediction, hits = 59861668, misses = 11263246, hit rate = 84.16%
return_stack prediction, hits = 6427363, misses = 6961, hit rate = 99.89%
jump prediction, hits = 49031064, misses = 16721381, hit rate = 74.57%
 cinvar_ sim_aux_config sim_reg_stats clor6_
**** Debug Statistics at 601000000 Cycles *****
Threads: 4		Fetch Width: 8
No of useful instructions fetched:	1104843547 (22.98% proc util.)
No of total instructions fetched:	1492121417 (31.03% proc util.)
 includes 75993504 misfetch (5.1%), 311284366 (20.9%) wrong-path fetches
 and 0 flushed after failed lock(0.0%)
No of useful instructions issued/executed:	1104843496 (22.98% proc util.)
No of total instructions issued/executed:	1269751605 (26.41% proc util.)
 includes 164908109 wrong-path (13.0%) insts and 0 flushed (0.0%)
	fp 227413555, 17.91%
	synch 0, 0.00%
	integer 556722526, 43.84%
	load/store 485615524, 38.24%
Avg size of int IQ (before scheduling): 10.46
Avg size of fp IQ (before scheduling): 9.72
No of cycles taken:		601000000
Parallelism [ 0.488, 0.000, 0.458, 0.893,] = 1.838
 IQ conflicts: 10098429 (1.68%), FQ conflicts: 11913643 (1.98%) 
 I reg conflicts: 44514629 (7.41%), FP reg conflicts: 277435096 (46.16%)
  Activelist confs: 2927 (0.00%), ROB confs: 952784 (0.16%)
  Int unit conflicts: 131314205 (21.85%), FP unit conflicts: 2607681 (0.43%)
  Load/store unit conflicts: 101538383 (16.89%)
  MSHR conflicts: 285980800 (47.58%)
----------------------------------------
==== System-wide Cache Statistics ====
Stall for miss queue full 0 cycles (0.00%)
----------------------------------------
==== Statistics for Master ID: 0 ====
Reads: 240917345   Writes: 40001543
ICACHE: size: 64 KB assoc: 2
ICACHE: hits:139392526 misses:3724162  Hit Ratio: 97.40%
DCACHE: size: 16 KB assoc: 4
DCACHE: hits:134235545 misses:3566655 writebacks:3565368  Hit Ratio: 97.41%
SCACHE: size: 512 KB assoc: 2
SCACHE: hits:5148530 misses:2142287  Hit Ratio: 70.62%
3CACHE: size: 4096 KB assoc: 2
3CACHE: hits:1661187 misses:481100  Hit Ratio: 77.54%
3CACHE: dirty items replaced:175218
ITLB: size: 48, misses 335675, miss rate 0.23%
DTLB: size: 128, misses 380407, miss rate 0.28%
Avg mem delay: 3.784 cycles
----------------------------------------
==== Statistics for Master ID: 2 ====
Reads: 245397780   Writes: 37496689
ICACHE: size: 64 KB assoc: 2
ICACHE: hits:142283166 misses:4092733  Hit Ratio: 97.20%
DCACHE: size: 16 KB assoc: 4
DCACHE: hits:132563948 misses:3954622 writebacks:3954187  Hit Ratio: 97.10%
SCACHE: size: 512 KB assoc: 2
SCACHE: hits:5991609 misses:2055746  Hit Ratio: 74.45%
3CACHE: size: 4096 KB assoc: 2
3CACHE: hits:1686455 misses:369291  Hit Ratio: 82.04%
3CACHE: dirty items replaced:114527
ITLB: size: 48, misses 288456, miss rate 0.20%
DTLB: size: 128, misses 349600, miss rate 0.26%
Avg mem delay: 3.784 cycles
----------------------------------------
==== Statistics for Master ID: 3 ====
Reads: 376808581   Writes: 14974746
ICACHE: size: 64 KB assoc: 2
ICACHE: hits:181309863 misses:148753  Hit Ratio: 99.92%
DCACHE: size: 16 KB assoc: 4
DCACHE: hits:204271706 misses:6053005 writebacks:6052704  Hit Ratio: 97.12%
SCACHE: size: 512 KB assoc: 2
SCACHE: hits:831602 misses:5370156  Hit Ratio: 13.41%
3CACHE: size: 4096 KB assoc: 2
3CACHE: hits:1514134 misses:3856022  Hit Ratio: 28.20%
3CACHE: dirty items replaced:842898
ITLB: size: 48, misses 5669, miss rate 0.00%
DTLB: size: 128, misses 111291, miss rate 0.05%
Avg mem delay: 3.784 cycles
----------------------------------------
==== Global Resource Utilization ====
STASH: size: 65536 entries, full 1908661992, empty 65276965, misses 5946963, full rate 96.40
icache bank util. 0.102 0.099 0.099 0.106 0.107 0.108 0.104 0.098 
dcache bank util. 0.117 0.119 0.117 0.115 0.117 0.127 0.118 0.111 
L2 bank util. 0.039 0.041 0.039 0.040 0.038 0.037 0.038 0.039 
L1-L2 bus util. = 0.175, L3 util. = 0.078
----------------------------------------
branch prediction, hits = 74024734, misses = 13861043, hit rate = 84.23%
return_stack prediction, hits = 7859941, misses = 9683, hit rate = 99.88%
jump prediction, hits = 61122907, misses = 20268262, hit rate = 75.10%
 sim_init sim_aux_stats sim_uninit ruu_init ruu_dumpent ruu_dump lsq_init lsq_dump rslink_init ruu_release_fu eventq_init eventq_dump eventq_queue_event eventq_next_event readyq_init readyq_dump readyq_enqueue
**** Debug Statistics at 701000000 Cycles *****
Threads: 4		Fetch Width: 8
No of useful instructions fetched:	1295480641 (23.10% proc util.)
No of total instructions fetched:	1745568986 (31.13% proc util.)
 includes 87643910 misfetch (5.0%), 362444435 (20.8%) wrong-path fetches
 and 0 flushed after failed lock(0.0%)
No of useful instructions issued/executed:	1295480626 (23.10% proc util.)
No of total instructions issued/executed:	1487366564 (26.52% proc util.)
 includes 191885938 wrong-path (12.9%) insts and 0 flushed (0.0%)
	fp 268561553, 18.06%
	synch 0, 0.00%
	integer 649154247, 43.64%
	load/store 569650764, 38.30%
Avg size of int IQ (before scheduling): 10.37
Avg size of fp IQ (before scheduling): 9.32
No of cycles taken:		701000000
Parallelism [ 0.490, 0.000, 0.454, 0.904,] = 1.848
 IQ conflicts: 12224521 (1.74%), FQ conflicts: 11913643 (1.70%) 
 I reg conflicts: 47228681 (6.74%), FP reg conflicts: 328308532 (46.83%)
  Activelist confs: 3209 (0.00%), ROB confs: 1017807 (0.15%)
  Int unit conflicts: 150399296 (21.45%), FP unit conflicts: 2803293 (0.40%)
  Load/store unit conflicts: 118915890 (16.96%)
  MSHR conflicts: 334750730 (47.75%)
----------------------------------------
==== System-wide Cache Statistics ====
Stall for miss queue full 0 cycles (0.00%)
----------------------------------------
==== Statistics for Master ID: 0 ====
Reads: 284890381   Writes: 47260307
ICACHE: size: 64 KB assoc: 2
ICACHE: hits:165034183 misses:4349186  Hit Ratio: 97.43%
DCACHE: size: 16 KB assoc: 4
DCACHE: hits:158530243 misses:4237076 writebacks:4235789  Hit Ratio: 97.40%
SCACHE: size: 512 KB assoc: 2
SCACHE: hits:6067956 misses:2518306  Hit Ratio: 70.67%
3CACHE: size: 4096 KB assoc: 2
3CACHE: hits:1961096 misses:557210  Hit Ratio: 77.87%
3CACHE: dirty items replaced:210596
ITLB: size: 48, misses 368917, miss rate 0.22%
DTLB: size: 128, misses 429715, miss rate 0.26%
Avg mem delay: 3.747 cycles
----------------------------------------
==== Statistics for Master ID: 2 ====
Reads: 282062925   Writes: 43073819
ICACHE: size: 64 KB assoc: 2
ICACHE: hits:163760518 misses:4721257  Hit Ratio: 97.20%
DCACHE: size: 16 KB assoc: 4
DCACHE: hits:152245190 misses:4409779 writebacks:4409344  Hit Ratio: 97.19%
SCACHE: size: 512 KB assoc: 2
SCACHE: hits:6688895 misses:2442141  Hit Ratio: 73.25%
3CACHE: size: 4096 KB assoc: 2
3CACHE: hits:1958472 misses:483669  Hit Ratio: 80.19%
3CACHE: dirty items replaced:163787
ITLB: size: 48, misses 341360, miss rate 0.20%
DTLB: size: 128, misses 398811, miss rate 0.25%
Avg mem delay: 3.747 cycles
----------------------------------------
==== Statistics for Master ID: 3 ====
Reads: 447250322   Writes: 16403395
ICACHE: size: 64 KB assoc: 2
ICACHE: hits:214378567 misses:178158  Hit Ratio: 99.92%
DCACHE: size: 16 KB assoc: 4
DCACHE: hits:242163537 misses:6933455 writebacks:6933154  Hit Ratio: 97.22%
SCACHE: size: 512 KB assoc: 2
SCACHE: hits:958595 misses:6153018  Hit Ratio: 13.48%
3CACHE: size: 4096 KB assoc: 2
3CACHE: hits:1791970 misses:4361048  Hit Ratio: 29.12%
3CACHE: dirty items replaced:1052760
ITLB: size: 48, misses 6191, miss rate 0.00%
DTLB: size: 128, misses 128479, miss rate 0.05%
Avg mem delay: 3.747 cycles
----------------------------------------
==== Global Resource Utilization ====
STASH: size: 65536 entries, full 2222914834, empty 75445834, misses 6833256, full rate 96.43
icache bank util. 0.103 0.099 0.100 0.107 0.108 0.108 0.104 0.099 
dcache bank util. 0.118 0.119 0.117 0.116 0.119 0.125 0.118 0.112 
L2 bank util. 0.039 0.040 0.039 0.040 0.038 0.036 0.038 0.038 
L1-L2 bus util. = 0.173, L3 util. = 0.077
----------------------------------------
branch prediction, hits = 85957795, misses = 16250191, hit rate = 84.10%
return_stack prediction, hits = 9121386, misses = 10975, hit rate = 99.88%
jump prediction, hits = 71086691, misses = 23567593, hit rate = 75.10%
 cv_init cv_dump ruu_commit ruu_recover ruu_writeback lsq_refresh ruu_issue rspec_dump tracer_recover tracer_init spec_mem_access clorb_
**** Debug Statistics at 801000000 Cycles *****
Threads: 4		Fetch Width: 8
No of useful instructions fetched:	1464697167 (22.86% proc util.)
No of total instructions fetched:	1963213732 (30.64% proc util.)
 includes 96102265 misfetch (4.9%), 402414300 (20.5%) wrong-path fetches
 and 0 flushed after failed lock(0.0%)
No of useful instructions issued/executed:	1464697142 (22.86% proc util.)
No of total instructions issued/executed:	1678069040 (26.19% proc util.)
 includes 213371898 wrong-path (12.7%) insts and 0 flushed (0.0%)
	fp 305468725, 18.20%
	synch 0, 0.00%
	integer 730871553, 43.55%
	load/store 641728762, 38.24%
Avg size of int IQ (before scheduling): 10.05
Avg size of fp IQ (before scheduling): 8.95
No of cycles taken:		801000000
Parallelism [ 0.489, 0.000, 0.439, 0.900,] = 1.829
 IQ conflicts: 12692400 (1.58%), FQ conflicts: 11913643 (1.49%) 
 I reg conflicts: 50275883 (6.28%), FP reg conflicts: 386285573 (48.23%)
  Activelist confs: 3209 (0.00%), ROB confs: 1064686 (0.13%)
  Int unit conflicts: 165410751 (20.65%), FP unit conflicts: 2945940 (0.37%)
  Load/store unit conflicts: 132287318 (16.52%)
  MSHR conflicts: 353973851 (44.19%)
----------------------------------------
==== System-wide Cache Statistics ====
Stall for miss queue full 0 cycles (0.00%)
----------------------------------------
==== Statistics for Master ID: 0 ====
Reads: 323808035   Writes: 53227398
ICACHE: size: 64 KB assoc: 2
ICACHE: hits:188084196 misses:4782602  Hit Ratio: 97.52%
DCACHE: size: 16 KB assoc: 4
DCACHE: hits:179443175 misses:4725460 writebacks:4724173  Hit Ratio: 97.43%
SCACHE: size: 512 KB assoc: 2
SCACHE: hits:6699792 misses:2808270  Hit Ratio: 70.46%
3CACHE: size: 4096 KB assoc: 2
3CACHE: hits:2165907 misses:642362  Hit Ratio: 77.13%
3CACHE: dirty items replaced:254076
ITLB: size: 48, misses 416707, miss rate 0.22%
DTLB: size: 128, misses 476602, miss rate 0.26%
Avg mem delay: 3.743 cycles
----------------------------------------
==== Statistics for Master ID: 2 ====
Reads: 310743303   Writes: 47757200
ICACHE: size: 64 KB assoc: 2
ICACHE: hits:180428553 misses:5399794  Hit Ratio: 97.09%
DCACHE: size: 16 KB assoc: 4
DCACHE: hits:167866613 misses:4805543 writebacks:4805108  Hit Ratio: 97.22%
SCACHE: size: 512 KB assoc: 2
SCACHE: hits:7364083 misses:2841253  Hit Ratio: 72.16%
3CACHE: size: 4096 KB assoc: 2
3CACHE: hits:2249475 misses:591778  Hit Ratio: 79.17%
3CACHE: dirty items replaced:215152
ITLB: size: 48, misses 414158, miss rate 0.22%
DTLB: size: 128, misses 446689, miss rate 0.26%
Avg mem delay: 3.743 cycles
----------------------------------------
==== Statistics for Master ID: 3 ====
Reads: 510171441   Writes: 17592798
ICACHE: size: 64 KB assoc: 2
ICACHE: hits:243884448 misses:193882  Hit Ratio: 99.92%
DCACHE: size: 16 KB assoc: 4
DCACHE: hits:275897143 misses:7788766 writebacks:7788465  Hit Ratio: 97.25%
SCACHE: size: 512 KB assoc: 2
SCACHE: hits:1093961 misses:6888687  Hit Ratio: 13.70%
3CACHE: size: 4096 KB assoc: 2
3CACHE: hits:2034198 misses:4854489  Hit Ratio: 29.53%
3CACHE: dirty items replaced:1279605
ITLB: size: 48, misses 7474, miss rate 0.00%
DTLB: size: 128, misses 140942, miss rate 0.05%
Avg mem delay: 3.743 cycles
----------------------------------------
==== Global Resource Utilization ====
STASH: size: 65536 entries, full 2494808004, empty 85138450, misses 7674803, full rate 96.41
icache bank util. 0.101 0.099 0.099 0.106 0.107 0.106 0.102 0.097 
dcache bank util. 0.117 0.117 0.115 0.115 0.116 0.122 0.116 0.111 
L2 bank util. 0.038 0.039 0.038 0.039 0.037 0.035 0.037 0.037 
L1-L2 bus util. = 0.169, L3 util. = 0.076
----------------------------------------
branch prediction, hits = 96158367, misses = 18152222, hit rate = 84.12%
return_stack prediction, hits = 10182936, misses = 13906, hit rate = 99.86%
jump prediction, hits = 79918448, misses = 26042004, hit rate = 75.42%
 mspec_dump simoo_mem_obj ruu_link_idep ruu_install_odep InstSRA clorb2_ InstSRAV
**** Debug Statistics at 901000000 Cycles *****
Threads: 4		Fetch Width: 8
No of useful instructions fetched:	1638535005 (22.73% proc util.)
No of total instructions fetched:	2198589952 (30.50% proc util.)
 includes 108011644 misfetch (4.9%), 452043303 (20.6%) wrong-path fetches
 and 0 flushed after failed lock(0.0%)
No of useful instructions issued/executed:	1638534946 (22.73% proc util.)
No of total instructions issued/executed:	1878207790 (26.06% proc util.)
 includes 239672844 wrong-path (12.8%) insts and 0 flushed (0.0%)
	fp 344185028, 18.33%
	synch 0, 0.00%
	integer 815623100, 43.43%
	load/store 718399662, 38.25%
Avg size of int IQ (before scheduling): 10.20
Avg size of fp IQ (before scheduling): 9.30
No of cycles taken:		901000000
Parallelism [ 0.483, 0.000, 0.435, 0.900,] = 1.819
 IQ conflicts: 15143999 (1.68%), FQ conflicts: 11915910 (1.32%) 
 I reg conflicts: 56332092 (6.25%), FP reg conflicts: 437531539 (48.56%)
  Activelist confs: 4387 (0.00%), ROB confs: 1174737 (0.13%)
  Int unit conflicts: 187878162 (20.85%), FP unit conflicts: 4276506 (0.47%)
  Load/store unit conflicts: 149490451 (16.59%)
  MSHR conflicts: 437936925 (48.61%)
----------------------------------------
==== System-wide Cache Statistics ====
Stall for miss queue full 0 cycles (0.00%)
----------------------------------------
==== Statistics for Master ID: 0 ====
Reads: 359996108   Writes: 59212662
ICACHE: size: 64 KB assoc: 2
ICACHE: hits:208710776 misses:5494186  Hit Ratio: 97.44%
DCACHE: size: 16 KB assoc: 4
DCACHE: hits:199789017 misses:5214791 writebacks:5213504  Hit Ratio: 97.46%
SCACHE: size: 512 KB assoc: 2
SCACHE: hits:7462848 misses:3246129  Hit Ratio: 69.69%
3CACHE: size: 4096 KB assoc: 2
3CACHE: hits:2500115 misses:746014  Hit Ratio: 77.02%
3CACHE: dirty items replaced:305615
ITLB: size: 48, misses 476672, miss rate 0.22%
DTLB: size: 128, misses 523002, miss rate 0.26%
Avg mem delay: 3.849 cycles
----------------------------------------
==== Statistics for Master ID: 2 ====
Reads: 346308858   Writes: 53518613
ICACHE: size: 64 KB assoc: 2
ICACHE: hits:200620814 misses:6179766  Hit Ratio: 97.01%
DCACHE: size: 16 KB assoc: 4
DCACHE: hits:187808618 misses:5218273 writebacks:5217838  Hit Ratio: 97.30%
SCACHE: size: 512 KB assoc: 2
SCACHE: hits:8124439 misses:3273599  Hit Ratio: 71.28%
3CACHE: size: 4096 KB assoc: 2
3CACHE: hits:2578621 misses:694978  Hit Ratio: 78.77%
3CACHE: dirty items replaced:265160
ITLB: size: 48, misses 475473, miss rate 0.23%
DTLB: size: 128, misses 491530, miss rate 0.25%
Avg mem delay: 3.849 cycles
----------------------------------------
==== Statistics for Master ID: 3 ====
Reads: 571097831   Writes: 21067699
ICACHE: size: 64 KB assoc: 2
ICACHE: hits:272915116 misses:209503  Hit Ratio: 99.92%
DCACHE: size: 16 KB assoc: 4
DCACHE: hits:309923310 misses:9117601 writebacks:9117300  Hit Ratio: 97.14%
SCACHE: size: 512 KB assoc: 2
SCACHE: hits:1326572 misses:8000532  Hit Ratio: 14.22%
3CACHE: size: 4096 KB assoc: 2
3CACHE: hits:2375877 misses:5624654  Hit Ratio: 29.70%
3CACHE: dirty items replaced:1659508
ITLB: size: 48, misses 7950, miss rate 0.00%
DTLB: size: 128, misses 168355, miss rate 0.05%
Avg mem delay: 3.849 cycles
----------------------------------------
==== Global Resource Utilization ====
STASH: size: 65536 entries, full 2778124267, empty 94856528, misses 8508926, full rate 96.41
icache bank util. 0.101 0.099 0.099 0.105 0.105 0.104 0.101 0.097 
dcache bank util. 0.116 0.117 0.116 0.114 0.116 0.121 0.116 0.111 
L2 bank util. 0.038 0.040 0.038 0.039 0.037 0.036 0.037 0.038 
L1-L2 bus util. = 0.170, L3 util. = 0.078
----------------------------------------
branch prediction, hits = 106737397, misses = 20281062, hit rate = 84.03%
return_stack prediction, hits = 11329265, misses = 16623, hit rate = 99.85%
jump prediction, hits = 88541588, misses = 29161147, hit rate = 75.22%
 InstMULT InstMULTU simoo_reg_obj combel_
**** Debug Statistics at 1001000000 Cycles *****
Threads: 4		Fetch Width: 8
No of useful instructions fetched:	1809599898 (22.60% proc util.)
No of total instructions fetched:	2426375196 (30.30% proc util.)
 includes 119307501 misfetch (4.9%), 497467797 (20.5%) wrong-path fetches
 and 0 flushed after failed lock(0.0%)
No of useful instructions issued/executed:	1809599877 (22.60% proc util.)
No of total instructions issued/executed:	2073084977 (25.89% proc util.)
 includes 263485100 wrong-path (12.7%) insts and 0 flushed (0.0%)
	fp 381372705, 18.40%
	synch 0, 0.00%
	integer 897757885, 43.31%
	load/store 793954387, 38.30%
Avg size of int IQ (before scheduling): 9.96
Avg size of fp IQ (before scheduling): 9.02
No of cycles taken:		1001000000
Parallelism [ 0.478, 0.000, 0.432, 0.898,] = 1.808
 IQ conflicts: 16421423 (1.64%), FQ conflicts: 11916337 (1.19%) 
 I reg conflicts: 58542089 (5.85%), FP reg conflicts: 494083198 (49.36%)
  Activelist confs: 4636 (0.00%), ROB confs: 1219429 (0.12%)
  Int unit conflicts: 205244962 (20.50%), FP unit conflicts: 4742288 (0.47%)
  Load/store unit conflicts: 164547058 (16.44%)
  MSHR conflicts: 475759217 (47.53%)
----------------------------------------
==== System-wide Cache Statistics ====
Stall for miss queue full 0 cycles (0.00%)
----------------------------------------
==== Statistics for Master ID: 0 ====
Reads: 397283475   Writes: 65339971
ICACHE: size: 64 KB assoc: 2
ICACHE: hits:230237332 misses:6117185  Hit Ratio: 97.41%
DCACHE: size: 16 KB assoc: 4
DCACHE: hits:220590115 misses:5678814 writebacks:5677527  Hit Ratio: 97.49%
SCACHE: size: 512 KB assoc: 2
SCACHE: hits:8246876 misses:3549123  Hit Ratio: 69.91%
3CACHE: size: 4096 KB assoc: 2
3CACHE: hits:2731170 misses:817953  Hit Ratio: 76.95%
3CACHE: dirty items replaced:345410
ITLB: size: 48, misses 531965, miss rate 0.23%
DTLB: size: 128, misses 560788, miss rate 0.25%
Avg mem delay: 3.829 cycles
----------------------------------------
==== Statistics for Master ID: 2 ====
Reads: 380936049   Writes: 59162190
ICACHE: size: 64 KB assoc: 2
ICACHE: hits:220540321 misses:6918212  Hit Ratio: 96.96%
DCACHE: size: 16 KB assoc: 4
DCACHE: hits:207033416 misses:5606290 writebacks:5605855  Hit Ratio: 97.36%
SCACHE: size: 512 KB assoc: 2
SCACHE: hits:8930573 misses:3593929  Hit Ratio: 71.30%
3CACHE: size: 4096 KB assoc: 2
3CACHE: hits:2834797 misses:759132  Hit Ratio: 78.88%
3CACHE: dirty items replaced:300332
ITLB: size: 48, misses 539608, miss rate 0.24%
DTLB: size: 128, misses 526038, miss rate 0.25%
Avg mem delay: 3.829 cycles
----------------------------------------
==== Statistics for Master ID: 3 ====
Reads: 633585363   Writes: 22803985
ICACHE: size: 64 KB assoc: 2
ICACHE: hits:302551114 misses:231021  Hit Ratio: 99.92%
DCACHE: size: 16 KB assoc: 4
DCACHE: hits:343567127 misses:10040086 writebacks:10039785  Hit Ratio: 97.16%
SCACHE: size: 512 KB assoc: 2
SCACHE: hits:1476869 misses:8794238  Hit Ratio: 14.38%
3CACHE: size: 4096 KB assoc: 2
3CACHE: hits:2612897 misses:6181341  Hit Ratio: 29.71%
3CACHE: dirty items replaced:1959649
ITLB: size: 48, misses 9624, miss rate 0.00%
DTLB: size: 128, misses 185960, miss rate 0.05%
Avg mem delay: 3.829 cycles
----------------------------------------
==== Global Resource Utilization ====
STASH: size: 65536 entries, full 3059608074, empty 104825347, misses 9371289, full rate 96.40
icache bank util. 0.100 0.099 0.098 0.105 0.105 0.103 0.100 0.096 
dcache bank util. 0.115 0.116 0.116 0.114 0.114 0.119 0.115 0.111 
L2 bank util. 0.038 0.039 0.038 0.039 0.037 0.035 0.037 0.037 
L1-L2 bus util. = 0.168, L3 util. = 0.078
----------------------------------------
branch prediction, hits = 117095463, misses = 22524558, hit rate = 83.87%
return_stack prediction, hits = 12503928, misses = 19393, hit rate = 99.85%
jump prediction, hits = 96935381, misses = 32388800, hit rate = 74.96%
 ruu_dispatch comnul_
**** Debug Statistics at 1101000000 Cycles *****
Threads: 4		Fetch Width: 8
No of useful instructions fetched:	1977451882 (22.45% proc util.)
No of total instructions fetched:	2641585479 (29.99% proc util.)
 includes 127980265 misfetch (4.8%), 536153332 (20.3%) wrong-path fetches
 and 0 flushed after failed lock(0.0%)
No of useful instructions issued/executed:	1977451834 (22.45% proc util.)
No of total instructions issued/executed:	2262889274 (25.69% proc util.)
 includes 285437440 wrong-path (12.6%) insts and 0 flushed (0.0%)
	fp 420987190, 18.60%
	synch 0, 0.00%
	integer 973766798, 43.03%
	load/store 868135286, 38.36%
Avg size of int IQ (before scheduling): 9.93
Avg size of fp IQ (before scheduling): 8.83
No of cycles taken:		1101000000
Parallelism [ 0.469, 0.000, 0.426, 0.901,] = 1.796
 IQ conflicts: 17861000 (1.62%), FQ conflicts: 11916337 (1.08%) 
 I reg conflicts: 62571727 (5.68%), FP reg conflicts: 550076310 (49.96%)
  Activelist confs: 4717 (0.00%), ROB confs: 1248458 (0.11%)
  Int unit conflicts: 221044827 (20.08%), FP unit conflicts: 4915539 (0.45%)
  Load/store unit conflicts: 180596519 (16.40%)
  MSHR conflicts: 517594709 (47.01%)
----------------------------------------
==== System-wide Cache Statistics ====
Stall for miss queue full 0 cycles (0.00%)
----------------------------------------
==== Statistics for Master ID: 0 ====
Reads: 429692785   Writes: 70865760
ICACHE: size: 64 KB assoc: 2
ICACHE: hits:249054875 misses:6765342  Hit Ratio: 97.36%
DCACHE: size: 16 KB assoc: 4
DCACHE: hits:238436309 misses:6302019 writebacks:6300732  Hit Ratio: 97.42%
SCACHE: size: 512 KB assoc: 2
SCACHE: hits:9107719 misses:3959640  Hit Ratio: 69.70%
3CACHE: size: 4096 KB assoc: 2
3CACHE: hits:3061642 misses:897998  Hit Ratio: 77.32%
3CACHE: dirty items replaced:392962
ITLB: size: 48, misses 604352, miss rate 0.24%
DTLB: size: 128, misses 622266, miss rate 0.25%
Avg mem delay: 3.851 cycles
----------------------------------------
==== Statistics for Master ID: 2 ====
Reads: 412382017   Writes: 64714591
ICACHE: size: 64 KB assoc: 2
ICACHE: hits:238596815 misses:7576579  Hit Ratio: 96.92%
DCACHE: size: 16 KB assoc: 4
DCACHE: hits:224914751 misses:6008463 writebacks:6008028  Hit Ratio: 97.40%
SCACHE: size: 512 KB assoc: 2
SCACHE: hits:9593455 misses:3991586  Hit Ratio: 70.62%
3CACHE: size: 4096 KB assoc: 2
3CACHE: hits:3095966 misses:895620  Hit Ratio: 77.56%
3CACHE: dirty items replaced:381782
ITLB: size: 48, misses 611825, miss rate 0.25%
DTLB: size: 128, misses 573769, miss rate 0.25%
Avg mem delay: 3.851 cycles
----------------------------------------
==== Statistics for Master ID: 3 ====
Reads: 699959828   Writes: 24183351
ICACHE: size: 64 KB assoc: 2
ICACHE: hits:332943305 misses:249534  Hit Ratio: 99.93%
DCACHE: size: 16 KB assoc: 4
DCACHE: hits:379994576 misses:10955764 writebacks:10955463  Hit Ratio: 97.20%
SCACHE: size: 512 KB assoc: 2
SCACHE: hits:1631268 misses:9574030  Hit Ratio: 14.56%
3CACHE: size: 4096 KB assoc: 2
3CACHE: hits:2880835 misses:6693195  Hit Ratio: 30.09%
3CACHE: dirty items replaced:2249344
ITLB: size: 48, misses 11187, miss rate 0.00%
DTLB: size: 128, misses 203431, miss rate 0.05%
Avg mem delay: 3.851 cycles
----------------------------------------
==== Global Resource Utilization ====
STASH: size: 65536 entries, full 3330430068, empty 115549953, misses 10312203, full rate 96.36
icache bank util. 0.100 0.098 0.098 0.104 0.103 0.101 0.099 0.096 
dcache bank util. 0.115 0.115 0.115 0.113 0.113 0.117 0.114 0.111 
L2 bank util. 0.038 0.039 0.038 0.038 0.037 0.035 0.037 0.037 
L1-L2 bus util. = 0.167, L3 util. = 0.077
----------------------------------------
branch prediction, hits = 126162735, misses = 24140791, hit rate = 83.94%
return_stack prediction, hits = 13575398, misses = 26358, hit rate = 99.81%
jump prediction, hits = 104804544, misses = 34907269, hit rate = 75.01%

**** Early Exiting at 1111354964 Cycles *****
========================================
 SMTSIM Global Statistics
========================================
Threads: 4		Fetch Width: 8
No of useful instructions fetched:	2000000135 (22.50% proc util.)
No of total instructions fetched:	2671014460 (30.04% proc util.)
 includes 129122619 misfetch (4.8%), 541891706 (20.3%) wrong-path fetches
 and 0 flushed after failed lock(0.0%)
No of useful instructions issued/executed:	2000000094 (22.50% proc util.)
No of total instructions issued/executed:	2288760663 (25.74% proc util.)
 includes 288760569 wrong-path (12.6%) insts and 0 flushed (0.0%)
	fp 426327870, 18.63%
	synch 0, 0.00%
	integer 983945050, 42.99%
	load/store 878487743, 38.38%
Avg size of int IQ (before scheduling): 9.96
Avg size of fp IQ (before scheduling): 8.83
No of cycles taken:		1111354964
Parallelism [ 0.469, 0.000, 0.426, 0.904,] = 1.800
 IQ conflicts: 17981698 (1.62%), FQ conflicts: 11916337 (1.07%) 
 I reg conflicts: 63344309 (5.70%), FP reg conflicts: 554380112 (49.88%)
  Activelist confs: 4717 (0.00%), ROB confs: 1253891 (0.11%)
  Int unit conflicts: 223463895 (20.11%), FP unit conflicts: 4947122 (0.45%)
  Load/store unit conflicts: 183372032 (16.50%)
  MSHR conflicts: 523915099 (47.14%)
----------------------------------------
==== System-wide Cache Statistics ====
Stall for miss queue full 0 cycles (0.00%)
----------------------------------------
==== Statistics for Master ID: 0 ====
Reads: 434597162   Writes: 71681924
ICACHE: size: 64 KB assoc: 2
ICACHE: hits:251892764 misses:6827828  Hit Ratio: 97.36%
DCACHE: size: 16 KB assoc: 4
DCACHE: hits:241138813 misses:6419681 writebacks:6418394  Hit Ratio: 97.41%
SCACHE: size: 512 KB assoc: 2
SCACHE: hits:9244528 misses:4002981  Hit Ratio: 69.78%
3CACHE: size: 4096 KB assoc: 2
3CACHE: hits:3098341 misses:904640  Hit Ratio: 77.40%
3CACHE: dirty items replaced:397176
ITLB: size: 48, misses 609467, miss rate 0.24%
DTLB: size: 128, misses 638132, miss rate 0.26%
Avg mem delay: 3.848 cycles
----------------------------------------
==== Statistics for Master ID: 2 ====
Reads: 416584564   Writes: 65522892
ICACHE: size: 64 KB assoc: 2
ICACHE: hits:241011520 misses:7661763  Hit Ratio: 96.92%
DCACHE: size: 16 KB assoc: 4
DCACHE: hits:227363935 misses:6070238 writebacks:6069803  Hit Ratio: 97.40%
SCACHE: size: 512 KB assoc: 2
SCACHE: hits:9684085 misses:4047916  Hit Ratio: 70.52%
3CACHE: size: 4096 KB assoc: 2
3CACHE: hits:3135309 misses:912607  Hit Ratio: 77.45%
3CACHE: dirty items replaced:392233
ITLB: size: 48, misses 620108, miss rate 0.25%
DTLB: size: 128, misses 583466, miss rate 0.25%
Avg mem delay: 3.848 cycles
----------------------------------------
==== Statistics for Master ID: 3 ====
Reads: 708839928   Writes: 24355544
ICACHE: size: 64 KB assoc: 2
ICACHE: hits:336986560 misses:251597  Hit Ratio: 99.93%
DCACHE: size: 16 KB assoc: 4
DCACHE: hits:384912687 misses:11044628 writebacks:11044327  Hit Ratio: 97.21%
SCACHE: size: 512 KB assoc: 2
SCACHE: hits:1638953 misses:9657271  Hit Ratio: 14.51%
3CACHE: size: 4096 KB assoc: 2
3CACHE: hits:2916594 misses:6740677  Hit Ratio: 30.20%
3CACHE: dirty items replaced:2277403
ITLB: size: 48, misses 11187, miss rate 0.00%
DTLB: size: 128, misses 204823, miss rate 0.05%
Avg mem delay: 3.848 cycles
----------------------------------------
==== Global Resource Utilization ====
STASH: size: 65536 entries, full 3367279001, empty 116749886, misses 10417830, full rate 96.36
icache bank util. 0.100 0.098 0.098 0.104 0.103 0.101 0.099 0.096 
dcache bank util. 0.116 0.115 0.116 0.113 0.114 0.117 0.115 0.111 
L2 bank util. 0.038 0.039 0.038 0.039 0.037 0.035 0.037 0.037 
L1-L2 bus util. = 0.167, L3 util. = 0.077
----------------------------------------
branch prediction, hits = 127451043, misses = 24359304, hit rate = 83.95%
return_stack prediction, hits = 13730420, misses = 26910, hit rate = 99.80%
jump prediction, hits = 105913949, misses = 35228752, hit rate = 75.04%
total IPC 1.800

=== Results saved to: ./results/gcc-200_2_gcc-166_1_mgrid_1.txt ===
