测试组合（多线程优先）：crafty.arg2 + cacherand.arg + gcc-scilab.arg
执行命令：./smtsim crafty.arg2 cacherand.arg gcc-scilab.arg
==================================================

SMTCache
Process 0, Thread 0: crafty
Process 0, Thread 1: crafty
Process 2, Thread 2: cacherand
Process 3, Thread 3: gcc-scilab

**** Debug Statistics at 1000000 Cycles *****
Threads: 4		Fetch Width: 8
No of useful instructions fetched:	2827828 (35.35% proc util.)
No of total instructions fetched:	3465420 (43.32% proc util.)
 includes 139274 misfetch (4.0%), 498318 (14.4%) wrong-path fetches
 and 0 flushed after failed lock(0.0%)
No of useful instructions issued/executed:	2827772 (35.35% proc util.)
No of total instructions issued/executed:	3066804 (38.34% proc util.)
 includes 239032 wrong-path (7.8%) insts and 0 flushed (0.0%)
	fp 71, 0.00%
	synch 0, 0.00%
	integer 2339821, 76.30%
	load/store 726912, 23.70%
Avg size of int IQ (before scheduling): 25.32
Avg size of fp IQ (before scheduling): 0.00
No of cycles taken:		1000000
Parallelism [ 0.819, 0.000, 1.121, 0.888,] = 2.828
 IQ conflicts: 4084 (0.41%), FQ conflicts: 0 (0.00%) 
 I reg conflicts: 475722 (47.57%), FP reg conflicts: 0 (0.00%)
  Activelist confs: 0 (0.00%), ROB confs: 320 (0.03%)
  Int unit conflicts: 1047955 (104.80%), FP unit conflicts: 2 (0.00%)
  Load/store unit conflicts: 115782 (11.58%)
  MSHR conflicts: 121561 (12.16%)
----------------------------------------
==== System-wide Cache Statistics ====
Stall for miss queue full 0 cycles (0.00%)
----------------------------------------
==== Statistics for Master ID: 0 ====
Reads: 597523   Writes: 75566
ICACHE: size: 64 KB assoc: 2
ICACHE: hits:324246 misses:6455  Hit Ratio: 98.05%
DCACHE: size: 16 KB assoc: 4
DCACHE: hits:328212 misses:14176 writebacks:10146  Hit Ratio: 95.86%
SCACHE: size: 512 KB assoc: 2
SCACHE: hits:16017 misses:4613  Hit Ratio: 77.64%
3CACHE: size: 4096 KB assoc: 2
3CACHE: hits:1654 misses:2959  Hit Ratio: 35.86%
3CACHE: dirty items replaced:0
ITLB: size: 48, misses 55, miss rate 0.02%
DTLB: size: 128, misses 1648, miss rate 0.48%
Avg mem delay: 2.725 cycles
----------------------------------------
==== Statistics for Master ID: 2 ====
Reads: 359593   Writes: 34
ICACHE: size: 64 KB assoc: 2
ICACHE: hits:318005 misses:25  Hit Ratio: 99.99%
DCACHE: size: 16 KB assoc: 4
DCACHE: hits:13962 misses:27635 writebacks:875  Hit Ratio: 33.56%
SCACHE: size: 512 KB assoc: 2
SCACHE: hits:26087 misses:1573  Hit Ratio: 94.31%
3CACHE: size: 4096 KB assoc: 2
3CACHE: hits:656 misses:917  Hit Ratio: 41.70%
3CACHE: dirty items replaced:0
ITLB: size: 48, misses 4, miss rate 0.00%
DTLB: size: 128, misses 33, miss rate 0.08%
Avg mem delay: 2.725 cycles
----------------------------------------
==== Statistics for Master ID: 3 ====
Reads: 529868   Writes: 139419
ICACHE: size: 64 KB assoc: 2
ICACHE: hits:323270 misses:3356  Hit Ratio: 98.97%
DCACHE: size: 16 KB assoc: 4
DCACHE: hits:339067 misses:3594 writebacks:3155  Hit Ratio: 98.95%
SCACHE: size: 512 KB assoc: 2
SCACHE: hits:2132 misses:4818  Hit Ratio: 30.68%
3CACHE: size: 4096 KB assoc: 2
3CACHE: hits:384 misses:4434  Hit Ratio: 7.97%
3CACHE: dirty items replaced:0
ITLB: size: 48, misses 146, miss rate 0.04%
DTLB: size: 128, misses 405, miss rate 0.12%
Avg mem delay: 2.725 cycles
----------------------------------------
==== Global Resource Utilization ====
STASH: size: 65536 entries, full 452639552, empty 46048569, misses 5105058, full rate 89.85
icache bank util. 0.259 0.224 0.102 0.094 0.081 0.083 0.088 0.074 
dcache bank util. 0.085 0.111 0.080 0.065 0.121 0.146 0.165 0.133 
L2 bank util. 0.040 0.052 0.045 0.040 0.046 0.051 0.041 0.048 
L1-L2 bus util. = 0.208, L3 util. = 0.083
----------------------------------------
branch prediction, hits = 183099, misses = 21576, hit rate = 89.46%
return_stack prediction, hits = 28960, misses = 6, hit rate = 99.98%
jump prediction, hits = 198363, misses = 34171, hit rate = 85.30%
 dgelq2_ dgelqf_
**** Debug Statistics at 101000000 Cycles *****
Threads: 4		Fetch Width: 8
No of useful instructions fetched:	313899643 (38.85% proc util.)
No of total instructions fetched:	428738965 (53.06% proc util.)
 includes 28361132 misfetch (6.6%), 86478190 (20.2%) wrong-path fetches
 and 0 flushed after failed lock(0.0%)
No of useful instructions issued/executed:	313899578 (38.85% proc util.)
No of total instructions issued/executed:	357099932 (44.20% proc util.)
 includes 43200354 wrong-path (12.1%) insts and 0 flushed (0.0%)
	fp 1372, 0.00%
	synch 0, 0.00%
	integer 271662378, 76.07%
	load/store 85436182, 23.93%
Avg size of int IQ (before scheduling): 28.29
Avg size of fp IQ (before scheduling): 0.00
No of cycles taken:		101000000
Parallelism [ 0.972, 0.000, 1.334, 0.802,] = 3.108
 IQ conflicts: 380088 (0.38%), FQ conflicts: 0 (0.00%) 
 I reg conflicts: 36252276 (35.89%), FP reg conflicts: 0 (0.00%)
  Activelist confs: 57 (0.00%), ROB confs: 13710 (0.01%)
  Int unit conflicts: 89403653 (88.52%), FP unit conflicts: 13 (0.00%)
  Load/store unit conflicts: 10797399 (10.69%)
  MSHR conflicts: 3348490 (3.32%)
----------------------------------------
==== System-wide Cache Statistics ====
Stall for miss queue full 0 cycles (0.00%)
----------------------------------------
==== Statistics for Master ID: 0 ====
Reads: 70555771   Writes: 8226382
ICACHE: size: 64 KB assoc: 2
ICACHE: hits:38248040 misses:1406555  Hit Ratio: 96.45%
DCACHE: size: 16 KB assoc: 4
DCACHE: hits:37529421 misses:1598137 writebacks:1592268  Hit Ratio: 95.92%
SCACHE: size: 512 KB assoc: 2
SCACHE: hits:2546649 misses:458042  Hit Ratio: 84.76%
3CACHE: size: 4096 KB assoc: 2
3CACHE: hits:386183 misses:71859  Hit Ratio: 84.31%
3CACHE: dirty items replaced:1638
ITLB: size: 48, misses 17002, miss rate 0.04%
DTLB: size: 128, misses 250870, miss rate 0.64%
Avg mem delay: 2.498 cycles
----------------------------------------
==== Statistics for Master ID: 2 ====
Reads: 43989774   Writes: 37
ICACHE: size: 64 KB assoc: 2
ICACHE: hits:38999968 misses:1127  Hit Ratio: 100.00%
DCACHE: size: 16 KB assoc: 4
DCACHE: hits:1661383 misses:3327333 writebacks:103822  Hit Ratio: 33.30%
SCACHE: size: 512 KB assoc: 2
SCACHE: hits:3148046 misses:180414  Hit Ratio: 94.58%
3CACHE: size: 4096 KB assoc: 2
3CACHE: hits:158566 misses:21848  Hit Ratio: 87.89%
3CACHE: dirty items replaced:2
ITLB: size: 48, misses 4, miss rate 0.00%
DTLB: size: 128, misses 3166, miss rate 0.06%
Avg mem delay: 2.498 cycles
----------------------------------------
==== Statistics for Master ID: 3 ====
Reads: 70113491   Writes: 11426819
ICACHE: size: 64 KB assoc: 2
ICACHE: hits:38911553 misses:1483143  Hit Ratio: 96.33%
DCACHE: size: 16 KB assoc: 4
DCACHE: hits:40108725 misses:1036889 writebacks:1036450  Hit Ratio: 97.48%
SCACHE: size: 512 KB assoc: 2
SCACHE: hits:2142158 misses:377874  Hit Ratio: 85.01%
3CACHE: size: 4096 KB assoc: 2
3CACHE: hits:312251 misses:65623  Hit Ratio: 82.63%
3CACHE: dirty items replaced:6538
ITLB: size: 48, misses 67554, miss rate 0.17%
DTLB: size: 128, misses 139726, miss rate 0.34%
Avg mem delay: 2.498 cycles
----------------------------------------
==== Global Resource Utilization ====
STASH: size: 65536 entries, full 893750576, empty 70749988, misses 7292649, full rate 91.97
icache bank util. 0.326 0.283 0.108 0.111 0.120 0.104 0.104 0.108 
dcache bank util. 0.116 0.142 0.145 0.119 0.147 0.149 0.140 0.144 
L2 bank util. 0.062 0.082 0.070 0.063 0.071 0.073 0.064 0.075 
L1-L2 bus util. = 0.344, L3 util. = 0.016
----------------------------------------
branch prediction, hits = 20574963, misses = 3776156, hit rate = 84.49%
return_stack prediction, hits = 2809680, misses = 1163, hit rate = 99.96%
jump prediction, hits = 17688537, misses = 6885642, hit rate = 71.98%
 dgels_
**** Debug Statistics at 201000000 Cycles *****
Threads: 4		Fetch Width: 8
No of useful instructions fetched:	637035260 (39.62% proc util.)
No of total instructions fetched:	867205207 (53.93% proc util.)
 includes 56690904 misfetch (6.5%), 173479043 (20.0%) wrong-path fetches
 and 0 flushed after failed lock(0.0%)
No of useful instructions issued/executed:	637035230 (39.62% proc util.)
No of total instructions issued/executed:	723735916 (45.01% proc util.)
 includes 86700686 wrong-path (12.0%) insts and 0 flushed (0.0%)
	fp 6031, 0.00%
	synch 0, 0.00%
	integer 549518679, 75.93%
	load/store 174211206, 24.07%
Avg size of int IQ (before scheduling): 28.39
Avg size of fp IQ (before scheduling): 0.00
No of cycles taken:		201000000
Parallelism [ 1.012, 0.000, 1.330, 0.827,] = 3.169
 IQ conflicts: 710771 (0.35%), FQ conflicts: 0 (0.00%) 
 I reg conflicts: 70134733 (34.89%), FP reg conflicts: 0 (0.00%)
  Activelist confs: 500 (0.00%), ROB confs: 34516 (0.02%)
  Int unit conflicts: 184251980 (91.67%), FP unit conflicts: 13 (0.00%)
  Load/store unit conflicts: 21653545 (10.77%)
  MSHR conflicts: 6257828 (3.11%)
----------------------------------------
==== System-wide Cache Statistics ====
Stall for miss queue full 0 cycles (0.00%)
----------------------------------------
==== Statistics for Master ID: 0 ====
Reads: 144294365   Writes: 16566694
ICACHE: size: 64 KB assoc: 2
ICACHE: hits:78544964 misses:2686947  Hit Ratio: 96.69%
DCACHE: size: 16 KB assoc: 4
DCACHE: hits:76468110 misses:3161038 writebacks:3155169  Hit Ratio: 96.03%
SCACHE: size: 512 KB assoc: 2
SCACHE: hits:4978037 misses:869948  Hit Ratio: 85.12%
3CACHE: size: 4096 KB assoc: 2
3CACHE: hits:747548 misses:122400  Hit Ratio: 85.93%
3CACHE: dirty items replaced:4555
ITLB: size: 48, misses 34366, miss rate 0.04%
DTLB: size: 128, misses 492879, miss rate 0.62%
Avg mem delay: 2.491 cycles
----------------------------------------
==== Statistics for Master ID: 2 ====
Reads: 87509563   Writes: 39
ICACHE: size: 64 KB assoc: 2
ICACHE: hits:77602866 misses:2448  Hit Ratio: 100.00%
DCACHE: size: 16 KB assoc: 4
DCACHE: hits:3299247 misses:6605041 writebacks:206285  Hit Ratio: 33.31%
SCACHE: size: 512 KB assoc: 2
SCACHE: hits:6273912 misses:333577  Hit Ratio: 94.95%
3CACHE: size: 4096 KB assoc: 2
3CACHE: hits:294607 misses:38970  Hit Ratio: 88.32%
3CACHE: dirty items replaced:33
ITLB: size: 48, misses 4, miss rate 0.00%
DTLB: size: 128, misses 6334, miss rate 0.06%
Avg mem delay: 2.491 cycles
----------------------------------------
==== Statistics for Master ID: 3 ====
Reads: 143826896   Writes: 23721608
ICACHE: size: 64 KB assoc: 2
ICACHE: hits:80379260 misses:2844108  Hit Ratio: 96.58%
DCACHE: size: 16 KB assoc: 4
DCACHE: hits:82085989 misses:2239147 writebacks:2238708  Hit Ratio: 97.34%
SCACHE: size: 512 KB assoc: 2
SCACHE: hits:4309409 misses:773846  Hit Ratio: 84.78%
3CACHE: size: 4096 KB assoc: 2
3CACHE: hits:661167 misses:112679  Hit Ratio: 85.44%
3CACHE: dirty items replaced:15449
ITLB: size: 48, misses 118673, miss rate 0.14%
DTLB: size: 128, misses 292867, miss rate 0.35%
Avg mem delay: 2.491 cycles
----------------------------------------
==== Global Resource Utilization ====
STASH: size: 65536 entries, full 1350717931, empty 94856701, misses 9450275, full rate 92.83
icache bank util. 0.328 0.284 0.112 0.116 0.126 0.107 0.105 0.109 
dcache bank util. 0.118 0.140 0.140 0.121 0.166 0.157 0.141 0.145 
L2 bank util. 0.063 0.081 0.070 0.063 0.071 0.072 0.063 0.076 
L1-L2 bus util. = 0.345, L3 util. = 0.014
----------------------------------------
branch prediction, hits = 42425603, misses = 7542124, hit rate = 84.91%
return_stack prediction, hits = 5842874, misses = 2556, hit rate = 99.96%
jump prediction, hits = 36925710, misses = 13808466, hit rate = 72.78%

**** Debug Statistics at 301000000 Cycles *****
Threads: 4		Fetch Width: 8
No of useful instructions fetched:	966482510 (40.14% proc util.)
No of total instructions fetched:	1307984966 (54.32% proc util.)
 includes 83018979 misfetch (6.3%), 258483477 (19.8%) wrong-path fetches
 and 0 flushed after failed lock(0.0%)
No of useful instructions issued/executed:	966482485 (40.14% proc util.)
No of total instructions issued/executed:	1095158634 (45.48% proc util.)
 includes 128676149 wrong-path (11.7%) insts and 0 flushed (0.0%)
	fp 6163, 0.00%
	synch 0, 0.00%
	integer 831333426, 75.91%
	load/store 263819045, 24.09%
Avg size of int IQ (before scheduling): 28.42
Avg size of fp IQ (before scheduling): 0.00
No of cycles taken:		301000000
Parallelism [ 1.022, 0.000, 1.329, 0.860,] = 3.211
 IQ conflicts: 1013256 (0.34%), FQ conflicts: 0 (0.00%) 
 I reg conflicts: 103853001 (34.50%), FP reg conflicts: 0 (0.00%)
  Activelist confs: 593 (0.00%), ROB confs: 88918 (0.03%)
  Int unit conflicts: 292600747 (97.21%), FP unit conflicts: 16 (0.00%)
  Load/store unit conflicts: 33204046 (11.03%)
  MSHR conflicts: 13939457 (4.63%)
----------------------------------------
==== System-wide Cache Statistics ====
Stall for miss queue full 0 cycles (0.00%)
----------------------------------------
==== Statistics for Master ID: 0 ====
Reads: 218021290   Writes: 25036583
ICACHE: size: 64 KB assoc: 2
ICACHE: hits:119089603 misses:3954502  Hit Ratio: 96.79%
DCACHE: size: 16 KB assoc: 4
DCACHE: hits:115309748 misses:4704020 writebacks:4698151  Hit Ratio: 96.08%
SCACHE: size: 512 KB assoc: 2
SCACHE: hits:7382027 misses:1276495  Hit Ratio: 85.26%
3CACHE: size: 4096 KB assoc: 2
3CACHE: hits:1105068 misses:171427  Hit Ratio: 86.57%
3CACHE: dirty items replaced:9037
ITLB: size: 48, misses 51104, miss rate 0.04%
DTLB: size: 128, misses 737731, miss rate 0.61%
Avg mem delay: 2.484 cycles
----------------------------------------
==== Statistics for Master ID: 2 ====
Reads: 131060148   Writes: 39
ICACHE: size: 64 KB assoc: 2
ICACHE: hits:116241908 misses:4250  Hit Ratio: 100.00%
DCACHE: size: 16 KB assoc: 4
DCACHE: hits:4935063 misses:9878966 writebacks:308465  Hit Ratio: 33.31%
SCACHE: size: 512 KB assoc: 2
SCACHE: hits:9383314 misses:499902  Hit Ratio: 94.94%
3CACHE: size: 4096 KB assoc: 2
3CACHE: hits:443479 misses:56423  Hit Ratio: 88.71%
3CACHE: dirty items replaced:644
ITLB: size: 48, misses 4, miss rate 0.00%
DTLB: size: 128, misses 9455, miss rate 0.06%
Avg mem delay: 2.484 cycles
----------------------------------------
==== Statistics for Master ID: 3 ====
Reads: 218399231   Writes: 36176062
ICACHE: size: 64 KB assoc: 2
ICACHE: hits:121977249 misses:4114617  Hit Ratio: 96.74%
DCACHE: size: 16 KB assoc: 4
DCACHE: hits:125204376 misses:3279051 writebacks:3278612  Hit Ratio: 97.45%
SCACHE: size: 512 KB assoc: 2
SCACHE: hits:6219253 misses:1174415  Hit Ratio: 84.12%
3CACHE: size: 4096 KB assoc: 2
3CACHE: hits:1015999 misses:158416  Hit Ratio: 86.51%
3CACHE: dirty items replaced:27610
ITLB: size: 48, misses 189661, miss rate 0.15%
DTLB: size: 128, misses 452649, miss rate 0.35%
Avg mem delay: 2.484 cycles
----------------------------------------
==== Global Resource Utilization ====
STASH: size: 65536 entries, full 1809895247, empty 118192821, misses 11505051, full rate 93.31
icache bank util. 0.327 0.286 0.111 0.114 0.128 0.109 0.106 0.112 
dcache bank util. 0.124 0.139 0.138 0.120 0.161 0.157 0.148 0.149 
L2 bank util. 0.061 0.082 0.069 0.062 0.070 0.072 0.063 0.074 
L1-L2 bus util. = 0.341, L3 util. = 0.013
----------------------------------------
branch prediction, hits = 64987213, misses = 11245261, hit rate = 85.25%
return_stack prediction, hits = 8776326, misses = 2898, hit rate = 99.97%
jump prediction, hits = 57020648, misses = 20183056, hit rate = 73.86%
 dgemm_
**** Debug Statistics at 401000000 Cycles *****
Threads: 4		Fetch Width: 8
No of useful instructions fetched:	1299621066 (40.51% proc util.)
No of total instructions fetched:	1748614248 (54.51% proc util.)
 includes 107170233 misfetch (6.1%), 341822949 (19.5%) wrong-path fetches
 and 0 flushed after failed lock(0.0%)
No of useful instructions issued/executed:	1299621019 (40.51% proc util.)
No of total instructions issued/executed:	1469442695 (45.81% proc util.)
 includes 169821676 wrong-path (11.6%) insts and 0 flushed (0.0%)
	fp 22584, 0.00%
	synch 0, 0.00%
	integer 1115425206, 75.91%
	load/store 353994905, 24.09%
Avg size of int IQ (before scheduling): 28.51
Avg size of fp IQ (before scheduling): 0.00
No of cycles taken:		401000000
Parallelism [ 1.032, 0.000, 1.323, 0.886,] = 3.241
 IQ conflicts: 1379543 (0.34%), FQ conflicts: 0 (0.00%) 
 I reg conflicts: 137642677 (34.32%), FP reg conflicts: 0 (0.00%)
  Activelist confs: 764 (0.00%), ROB confs: 163471 (0.04%)
  Int unit conflicts: 402739842 (100.43%), FP unit conflicts: 16 (0.00%)
  Load/store unit conflicts: 43966613 (10.96%)
  MSHR conflicts: 18099865 (4.51%)
----------------------------------------
==== System-wide Cache Statistics ====
Stall for miss queue full 0 cycles (0.00%)
----------------------------------------
==== Statistics for Master ID: 0 ====
Reads: 293376094   Writes: 33468343
ICACHE: size: 64 KB assoc: 2
ICACHE: hits:160468010 misses:5061971  Hit Ratio: 96.94%
DCACHE: size: 16 KB assoc: 4
DCACHE: hits:154951370 misses:6363086 writebacks:6357217  Hit Ratio: 96.06%
SCACHE: size: 512 KB assoc: 2
SCACHE: hits:9732894 misses:1692161  Hit Ratio: 85.19%
3CACHE: size: 4096 KB assoc: 2
3CACHE: hits:1470121 misses:222039  Hit Ratio: 86.88%
3CACHE: dirty items replaced:16255
ITLB: size: 48, misses 64037, miss rate 0.04%
DTLB: size: 128, misses 979573, miss rate 0.61%
Avg mem delay: 2.469 cycles
----------------------------------------
==== Statistics for Master ID: 2 ====
Reads: 173966052   Writes: 41
ICACHE: size: 64 KB assoc: 2
ICACHE: hits:154316784 misses:6956  Hit Ratio: 100.00%
DCACHE: size: 16 KB assoc: 4
DCACHE: hits:6545034 misses:13097319 writebacks:408930  Hit Ratio: 33.32%
SCACHE: size: 512 KB assoc: 2
SCACHE: hits:12442259 misses:662016  Hit Ratio: 94.95%
3CACHE: size: 4096 KB assoc: 2
3CACHE: hits:588408 misses:73608  Hit Ratio: 88.88%
3CACHE: dirty items replaced:1833
ITLB: size: 48, misses 4, miss rate 0.00%
DTLB: size: 128, misses 12428, miss rate 0.06%
Avg mem delay: 2.469 cycles
----------------------------------------
==== Statistics for Master ID: 3 ====
Reads: 293243247   Writes: 48927056
ICACHE: size: 64 KB assoc: 2
ICACHE: hits:164601919 misses:5139423  Hit Ratio: 96.97%
DCACHE: size: 16 KB assoc: 4
DCACHE: hits:168089992 misses:4338969 writebacks:4338530  Hit Ratio: 97.48%
SCACHE: size: 512 KB assoc: 2
SCACHE: hits:7868477 misses:1609915  Hit Ratio: 83.01%
3CACHE: size: 4096 KB assoc: 2
3CACHE: hits:1402728 misses:207187  Hit Ratio: 87.13%
3CACHE: dirty items replaced:43087
ITLB: size: 48, misses 239630, miss rate 0.14%
DTLB: size: 128, misses 590388, miss rate 0.34%
Avg mem delay: 2.469 cycles
----------------------------------------
==== Global Resource Utilization ====
STASH: size: 65536 entries, full 2270376568, empty 140799803, misses 13506977, full rate 93.64
icache bank util. 0.326 0.285 0.114 0.116 0.128 0.109 0.106 0.112 
dcache bank util. 0.125 0.138 0.139 0.119 0.160 0.162 0.152 0.148 
L2 bank util. 0.061 0.081 0.068 0.061 0.068 0.071 0.062 0.073 
L1-L2 bus util. = 0.337, L3 util. = 0.013
----------------------------------------
branch prediction, hits = 88326853, misses = 14692844, hit rate = 85.74%
return_stack prediction, hits = 11824204, misses = 4708, hit rate = 99.96%
jump prediction, hits = 78400761, misses = 26230844, hit rate = 74.93%
 dgemv_ dgeqr2_
**** Debug Statistics at 501000000 Cycles *****
Threads: 4		Fetch Width: 8
No of useful instructions fetched:	1626846797 (40.59% proc util.)
No of total instructions fetched:	2185944333 (54.54% proc util.)
 includes 132814784 misfetch (6.1%), 426282752 (19.5%) wrong-path fetches
 and 0 flushed after failed lock(0.0%)
No of useful instructions issued/executed:	1626846774 (40.59% proc util.)
No of total instructions issued/executed:	1838094308 (45.86% proc util.)
 includes 211247534 wrong-path (11.5%) insts and 0 flushed (0.0%)
	fp 31036, 0.00%
	synch 0, 0.00%
	integer 1395542949, 75.92%
	load/store 442520323, 24.07%
Avg size of int IQ (before scheduling): 28.47
Avg size of fp IQ (before scheduling): 0.00
No of cycles taken:		501000000
Parallelism [ 1.035, 0.000, 1.321, 0.892,] = 3.247
 IQ conflicts: 1662138 (0.33%), FQ conflicts: 0 (0.00%) 
 I reg conflicts: 171908784 (34.31%), FP reg conflicts: 0 (0.00%)
  Activelist confs: 925 (0.00%), ROB confs: 220247 (0.04%)
  Int unit conflicts: 504671180 (100.73%), FP unit conflicts: 16 (0.00%)
  Load/store unit conflicts: 54460783 (10.87%)
  MSHR conflicts: 22230113 (4.44%)
----------------------------------------
==== System-wide Cache Statistics ====
Stall for miss queue full 0 cycles (0.00%)
----------------------------------------
==== Statistics for Master ID: 0 ====
Reads: 367095279   Writes: 41514017
ICACHE: size: 64 KB assoc: 2
ICACHE: hits:201062839 misses:6219220  Hit Ratio: 97.00%
DCACHE: size: 16 KB assoc: 4
DCACHE: hits:193354977 misses:7972260 writebacks:7966391  Hit Ratio: 96.04%
SCACHE: size: 512 KB assoc: 2
SCACHE: hits:12086313 misses:2105167  Hit Ratio: 85.17%
3CACHE: size: 4096 KB assoc: 2
3CACHE: hits:1822858 misses:282309  Hit Ratio: 86.59%
3CACHE: dirty items replaced:29263
ITLB: size: 48, misses 79866, miss rate 0.04%
DTLB: size: 128, misses 1205751, miss rate 0.60%
Avg mem delay: 2.448 cycles
----------------------------------------
==== Statistics for Master ID: 2 ====
Reads: 217246579   Writes: 41
ICACHE: size: 64 KB assoc: 2
ICACHE: hits:192731247 misses:9970  Hit Ratio: 99.99%
DCACHE: size: 16 KB assoc: 4
DCACHE: hits:8164506 misses:16340897 writebacks:510085  Hit Ratio: 33.32%
SCACHE: size: 512 KB assoc: 2
SCACHE: hits:15523903 misses:826964  Hit Ratio: 94.94%
3CACHE: size: 4096 KB assoc: 2
3CACHE: hits:729395 misses:97569  Hit Ratio: 88.20%
3CACHE: dirty items replaced:5588
ITLB: size: 48, misses 4, miss rate 0.00%
DTLB: size: 128, misses 15148, miss rate 0.06%
Avg mem delay: 2.448 cycles
----------------------------------------
==== Statistics for Master ID: 3 ====
Reads: 366871744   Writes: 61365741
ICACHE: size: 64 KB assoc: 2
ICACHE: hits:205973581 misses:6292915  Hit Ratio: 97.04%
DCACHE: size: 16 KB assoc: 4
DCACHE: hits:210646976 misses:5324013 writebacks:5323574  Hit Ratio: 97.53%
SCACHE: size: 512 KB assoc: 2
SCACHE: hits:9622438 misses:1994490  Hit Ratio: 82.83%
3CACHE: size: 4096 KB assoc: 2
3CACHE: hits:1727992 misses:266498  Hit Ratio: 86.64%
3CACHE: dirty items replaced:68366
ITLB: size: 48, misses 303970, miss rate 0.14%
DTLB: size: 128, misses 727863, miss rate 0.34%
Avg mem delay: 2.448 cycles
----------------------------------------
==== Global Resource Utilization ====
STASH: size: 65536 entries, full 2727499557, empty 163436913, misses 15505398, full rate 93.84
icache bank util. 0.326 0.285 0.114 0.117 0.128 0.109 0.106 0.112 
dcache bank util. 0.126 0.140 0.140 0.116 0.160 0.162 0.151 0.148 
L2 bank util. 0.061 0.081 0.068 0.060 0.068 0.070 0.062 0.073 
L1-L2 bus util. = 0.335, L3 util. = 0.013
----------------------------------------
branch prediction, hits = 110482497, misses = 18273917, hit rate = 85.81%
return_stack prediction, hits = 14808536, misses = 6260, hit rate = 99.96%
jump prediction, hits = 98445999, misses = 32581147, hit rate = 75.13%
 dgeqrf_
**** Debug Statistics at 601000000 Cycles *****
Threads: 4		Fetch Width: 8
No of useful instructions fetched:	1953110390 (40.62% proc util.)
No of total instructions fetched:	2629635707 (54.69% proc util.)
 includes 161047182 misfetch (6.1%), 515478135 (19.6%) wrong-path fetches
 and 0 flushed after failed lock(0.0%)
No of useful instructions issued/executed:	1953110368 (40.62% proc util.)
No of total instructions issued/executed:	2208281702 (45.93% proc util.)
 includes 255171334 wrong-path (11.6%) insts and 0 flushed (0.0%)
	fp 35766, 0.00%
	synch 0, 0.00%
	integer 1675806844, 75.89%
	load/store 532439092, 24.11%
Avg size of int IQ (before scheduling): 28.43
Avg size of fp IQ (before scheduling): 0.00
No of cycles taken:		601000000
Parallelism [ 1.035, 0.000, 1.322, 0.893,] = 3.250
 IQ conflicts: 1925297 (0.32%), FQ conflicts: 0 (0.00%) 
 I reg conflicts: 205039225 (34.12%), FP reg conflicts: 0 (0.00%)
  Activelist confs: 1014 (0.00%), ROB confs: 251348 (0.04%)
  Int unit conflicts: 604897899 (100.65%), FP unit conflicts: 16 (0.00%)
  Load/store unit conflicts: 65683936 (10.93%)
  MSHR conflicts: 25656419 (4.27%)
----------------------------------------
==== System-wide Cache Statistics ====
Stall for miss queue full 0 cycles (0.00%)
----------------------------------------
==== Statistics for Master ID: 0 ====
Reads: 440654849   Writes: 49567876
ICACHE: size: 64 KB assoc: 2
ICACHE: hits:241368261 misses:7560881  Hit Ratio: 96.96%
DCACHE: size: 16 KB assoc: 4
DCACHE: hits:231721620 misses:9571963 writebacks:9566094  Hit Ratio: 96.03%
SCACHE: size: 512 KB assoc: 2
SCACHE: hits:14603159 misses:2529684  Hit Ratio: 85.23%
3CACHE: size: 4096 KB assoc: 2
3CACHE: hits:2192093 misses:337590  Hit Ratio: 86.65%
3CACHE: dirty items replaced:42100
ITLB: size: 48, misses 93627, miss rate 0.04%
DTLB: size: 128, misses 1435175, miss rate 0.59%
Avg mem delay: 2.431 cycles
----------------------------------------
==== Statistics for Master ID: 2 ====
Reads: 260995616   Writes: 42
ICACHE: size: 64 KB assoc: 2
ICACHE: hits:231557706 misses:11510  Hit Ratio: 100.00%
DCACHE: size: 16 KB assoc: 4
DCACHE: hits:9804849 misses:19621593 writebacks:612175  Hit Ratio: 33.32%
SCACHE: size: 512 KB assoc: 2
SCACHE: hits:18638009 misses:995094  Hit Ratio: 94.93%
3CACHE: size: 4096 KB assoc: 2
3CACHE: hits:877088 misses:118006  Hit Ratio: 88.14%
3CACHE: dirty items replaced:9362
ITLB: size: 48, misses 4, miss rate 0.00%
DTLB: size: 128, misses 18070, miss rate 0.06%
Avg mem delay: 2.431 cycles
----------------------------------------
==== Statistics for Master ID: 3 ====
Reads: 443219742   Writes: 73856421
ICACHE: size: 64 KB assoc: 2
ICACHE: hits:248607785 misses:7635440  Hit Ratio: 97.02%
DCACHE: size: 16 KB assoc: 4
DCACHE: hits:254466686 misses:6366252 writebacks:6365813  Hit Ratio: 97.56%
SCACHE: size: 512 KB assoc: 2
SCACHE: hits:11654047 misses:2347645  Hit Ratio: 83.23%
3CACHE: size: 4096 KB assoc: 2
3CACHE: hits:2037189 misses:310455  Hit Ratio: 86.78%
3CACHE: dirty items replaced:89125
ITLB: size: 48, misses 356773, miss rate 0.14%
DTLB: size: 128, misses 866659, miss rate 0.33%
Avg mem delay: 2.431 cycles
----------------------------------------
==== Global Resource Utilization ====
STASH: size: 65536 entries, full 3191311110, empty 186671016, misses 17565243, full rate 93.99
icache bank util. 0.327 0.286 0.115 0.118 0.128 0.109 0.107 0.112 
dcache bank util. 0.126 0.139 0.141 0.116 0.159 0.161 0.151 0.151 
L2 bank util. 0.061 0.080 0.068 0.061 0.068 0.070 0.062 0.074 
L1-L2 bus util. = 0.336, L3 util. = 0.013
----------------------------------------
branch prediction, hits = 132680089, misses = 22157786, hit rate = 85.69%
return_stack prediction, hits = 17851149, misses = 7172, hit rate = 99.96%
jump prediction, hits = 117849960, misses = 39545638, hit rate = 74.88%
 dger_
**** Early Exiting at 615952090 Cycles *****
========================================
 SMTSIM Global Statistics
========================================
Threads: 4		Fetch Width: 8
No of useful instructions fetched:	2000000082 (40.59% proc util.)
No of total instructions fetched:	2693452754 (54.66% proc util.)
 includes 165554151 misfetch (6.1%), 527898521 (19.6%) wrong-path fetches
 and 0 flushed after failed lock(0.0%)
No of useful instructions issued/executed:	2000000051 (40.59% proc util.)
No of total instructions issued/executed:	2261377973 (45.89% proc util.)
 includes 261377922 wrong-path (11.6%) insts and 0 flushed (0.0%)
	fp 35805, 0.00%
	synch 0, 0.00%
	integer 1716364896, 75.90%
	load/store 544977272, 24.10%
Avg size of int IQ (before scheduling): 28.43
Avg size of fp IQ (before scheduling): 0.00
No of cycles taken:		615952090
Parallelism [ 1.034, 0.000, 1.322, 0.891,] = 3.247
 IQ conflicts: 1968338 (0.32%), FQ conflicts: 0 (0.00%) 
 I reg conflicts: 210335010 (34.15%), FP reg conflicts: 0 (0.00%)
  Activelist confs: 1065 (0.00%), ROB confs: 259114 (0.04%)
  Int unit conflicts: 617584922 (100.27%), FP unit conflicts: 16 (0.00%)
  Load/store unit conflicts: 67161070 (10.90%)
  MSHR conflicts: 25942072 (4.21%)
----------------------------------------
==== System-wide Cache Statistics ====
Stall for miss queue full 0 cycles (0.00%)
----------------------------------------
==== Statistics for Master ID: 0 ====
Reads: 451302633   Writes: 50723797
ICACHE: size: 64 KB assoc: 2
ICACHE: hits:247199108 misses:7758342  Hit Ratio: 96.96%
DCACHE: size: 16 KB assoc: 4
DCACHE: hits:237262126 misses:9806854 writebacks:9800985  Hit Ratio: 96.03%
SCACHE: size: 512 KB assoc: 2
SCACHE: hits:14967486 misses:2597709  Hit Ratio: 85.21%
3CACHE: size: 4096 KB assoc: 2
3CACHE: hits:2251185 misses:346524  Hit Ratio: 86.66%
3CACHE: dirty items replaced:44436
ITLB: size: 48, misses 96655, miss rate 0.04%
DTLB: size: 128, misses 1469520, miss rate 0.59%
Avg mem delay: 2.431 cycles
----------------------------------------
==== Statistics for Master ID: 2 ====
Reads: 267555384   Writes: 42
ICACHE: size: 64 KB assoc: 2
ICACHE: hits:237375126 misses:11749  Hit Ratio: 100.00%
DCACHE: size: 16 KB assoc: 4
DCACHE: hits:10051876 misses:20116675 writebacks:627666  Hit Ratio: 33.32%
SCACHE: size: 512 KB assoc: 2
SCACHE: hits:19104369 misses:1024055  Hit Ratio: 94.91%
3CACHE: size: 4096 KB assoc: 2
3CACHE: hits:902879 misses:121176  Hit Ratio: 88.17%
3CACHE: dirty items replaced:9939
ITLB: size: 48, misses 4, miss rate 0.00%
DTLB: size: 128, misses 18484, miss rate 0.06%
Avg mem delay: 2.431 cycles
----------------------------------------
==== Statistics for Master ID: 3 ====
Reads: 453436250   Writes: 75575410
ICACHE: size: 64 KB assoc: 2
ICACHE: hits:254320334 misses:7856751  Hit Ratio: 97.00%
DCACHE: size: 16 KB assoc: 4
DCACHE: hits:260326853 misses:6507722 writebacks:6507283  Hit Ratio: 97.56%
SCACHE: size: 512 KB assoc: 2
SCACHE: hits:11948128 misses:2416345  Hit Ratio: 83.18%
3CACHE: size: 4096 KB assoc: 2
3CACHE: hits:2095241 misses:321104  Hit Ratio: 86.71%
3CACHE: dirty items replaced:94121
ITLB: size: 48, misses 366491, miss rate 0.14%
DTLB: size: 128, misses 886167, miss rate 0.33%
Avg mem delay: 2.431 cycles
----------------------------------------
==== Global Resource Utilization ====
STASH: size: 65536 entries, full 3257757198, empty 190406286, misses 17893013, full rate 93.99
icache bank util. 0.327 0.286 0.115 0.118 0.128 0.109 0.107 0.112 
dcache bank util. 0.126 0.138 0.141 0.116 0.159 0.161 0.151 0.151 
L2 bank util. 0.061 0.080 0.068 0.061 0.068 0.070 0.062 0.074 
L1-L2 bus util. = 0.336, L3 util. = 0.013
----------------------------------------
branch prediction, hits = 135746571, misses = 22693758, hit rate = 85.68%
return_stack prediction, hits = 18296416, misses = 7571, hit rate = 99.96%
jump prediction, hits = 120475345, misses = 40633445, hit rate = 74.78%
total IPC 3.247

=== Results saved to: ./results/crafty_2_cacherand_1_gcc-scilab_1.txt ===
