===== 执行信息 =====
Cache目录：smtc64
执行命令：./smtsim ../crafty.arg2 ../gcc-expr.arg ../gzip-program.arg
执行时间：2026-04-16 17:10:23
返回码：0
===== 输出内容 =====
SMTCache
Process 0, Thread 0: crafty
Process 0, Thread 1: crafty
Process 2, Thread 2: gcc-expr
Process 3, Thread 3: gzip-program

**** Debug Statistics at 1000000 Cycles *****
Threads: 4		Fetch Width: 8
No of useful instructions fetched:	709656 (8.87% proc util.)
No of total instructions fetched:	901763 (11.27% proc util.)
 includes 56903 misfetch (6.3%), 135204 (15.0%) wrong-path fetches
 and 0 flushed after failed lock(0.0%)
No of useful instructions issued/executed:	709619 (8.87% proc util.)
No of total instructions issued/executed:	771044 (9.64% proc util.)
 includes 61425 wrong-path (8.0%) insts and 0 flushed (0.0%)
	fp 61, 0.01%
	synch 0, 0.00%
	integer 502692, 65.20%
	load/store 268291, 34.80%
Avg size of int IQ (before scheduling): 35.66
Avg size of fp IQ (before scheduling): 0.00
No of cycles taken:		1000000
Parallelism [ 0.293, 0.000, 0.272, 0.144,] = 0.710
 IQ conflicts: 11925 (1.19%), FQ conflicts: 0 (0.00%) 
 I reg conflicts: 819816 (81.98%), FP reg conflicts: 0 (0.00%)
  Activelist confs: 0 (0.00%), ROB confs: 911 (0.09%)
  Int unit conflicts: 58983 (5.90%), FP unit conflicts: 0 (0.00%)
  Load/store unit conflicts: 36064 (3.61%)
  MSHR conflicts: 785099 (78.51%)
----------------------------------------
==== System-wide Cache Statistics ====
Stall for miss queue full 0 cycles (0.00%)
----------------------------------------
==== Statistics for Master ID: 0 ====
Reads: 187818   Writes: 23824
ICACHE: size: 64 KB assoc: 2
ICACHE: hits:99280 misses:2057  Hit Ratio: 97.97%
DCACHE: size: 16 KB assoc: 4
DCACHE: hits:106329 misses:3976 writebacks:1611  Hit Ratio: 96.40%
SCACHE: size: 512 KB assoc: 2
SCACHE: hits:4137 misses:1895  Hit Ratio: 68.58%
3CACHE: size: 4096 KB assoc: 2
3CACHE: hits:244 misses:1651  Hit Ratio: 12.88%
3CACHE: dirty items replaced:1
ITLB: size: 48, misses 47, miss rate 0.05%
DTLB: size: 128, misses 1393, miss rate 1.26%
Avg mem delay: 55.347 cycles
----------------------------------------
==== Statistics for Master ID: 2 ====
Reads: 151193   Writes: 34268
ICACHE: size: 64 KB assoc: 2
ICACHE: hits:94941 misses:1819  Hit Ratio: 98.12%
DCACHE: size: 16 KB assoc: 4
DCACHE: hits:86872 misses:1829 writebacks:1406  Hit Ratio: 97.94%
SCACHE: size: 512 KB assoc: 2
SCACHE: hits:958 misses:2690  Hit Ratio: 26.26%
3CACHE: size: 4096 KB assoc: 2
3CACHE: hits:121 misses:2569  Hit Ratio: 4.50%
3CACHE: dirty items replaced:0
ITLB: size: 48, misses 93, miss rate 0.10%
DTLB: size: 128, misses 385, miss rate 0.43%
Avg mem delay: 55.347 cycles
----------------------------------------
==== Statistics for Master ID: 3 ====
Reads: 109949   Writes: 23434
ICACHE: size: 64 KB assoc: 2
ICACHE: hits:63951 misses:223  Hit Ratio: 99.65%
DCACHE: size: 16 KB assoc: 4
DCACHE: hits:26914 misses:42295 writebacks:41289  Hit Ratio: 38.89%
SCACHE: size: 512 KB assoc: 2
SCACHE: hits:19646 misses:22872  Hit Ratio: 46.21%
3CACHE: size: 4096 KB assoc: 2
3CACHE: hits:3 misses:22869  Hit Ratio: 0.01%
3CACHE: dirty items replaced:5
ITLB: size: 48, misses 18, miss rate 0.03%
DTLB: size: 128, misses 5649, miss rate 8.16%
Avg mem delay: 55.347 cycles
----------------------------------------
==== Global Resource Utilization ====
STASH: size: 65536 entries, full 92423823, empty 7732498, misses 860852, full rate 91.49
icache bank util. 0.041 0.030 0.028 0.029 0.028 0.023 0.036 0.058 
dcache bank util. 0.029 0.036 0.050 0.016 0.029 0.026 0.326 0.033 
L2 bank util. 0.009 0.013 0.009 0.009 0.009 0.009 0.434 0.012 
L1-L2 bus util. = 0.289, L3 util. = 0.271
----------------------------------------
branch prediction, hits = 56105, misses = 8235, hit rate = 87.20%
return_stack prediction, hits = 8276, misses = 18, hit rate = 99.78%
jump prediction, hits = 55049, misses = 12973, hit rate = 80.93%
 init_expr_once init_expr save_expr_status restore_expr_status enqueue_insn protect_from_queue queued_subexp_p
**** Debug Statistics at 101000000 Cycles *****
Threads: 4		Fetch Width: 8
No of useful instructions fetched:	128743017 (15.93% proc util.)
No of total instructions fetched:	167278028 (20.70% proc util.)
 includes 12836781 misfetch (7.7%), 25698230 (15.4%) wrong-path fetches
 and 0 flushed after failed lock(0.0%)
No of useful instructions issued/executed:	128742996 (15.93% proc util.)
No of total instructions issued/executed:	140727722 (17.42% proc util.)
 includes 11984726 wrong-path (8.5%) insts and 0 flushed (0.0%)
	fp 2130, 0.00%
	synch 0, 0.00%
	integer 93172594, 66.21%
	load/store 47552998, 33.79%
Avg size of int IQ (before scheduling): 19.37
Avg size of fp IQ (before scheduling): 0.00
No of cycles taken:		101000000
Parallelism [ 0.523, 0.000, 0.398, 0.354,] = 1.275
 IQ conflicts: 172540 (0.17%), FQ conflicts: 0 (0.00%) 
 I reg conflicts: 74898407 (74.16%), FP reg conflicts: 0 (0.00%)
  Activelist confs: 0 (0.00%), ROB confs: 911 (0.00%)
  Int unit conflicts: 11847957 (11.73%), FP unit conflicts: 0 (0.00%)
  Load/store unit conflicts: 4065409 (4.03%)
  MSHR conflicts: 29655858 (29.36%)
----------------------------------------
==== System-wide Cache Statistics ====
Stall for miss queue full 0 cycles (0.00%)
----------------------------------------
==== Statistics for Master ID: 0 ====
Reads: 34186139   Writes: 4285277
ICACHE: size: 64 KB assoc: 2
ICACHE: hits:18325152 misses:567237  Hit Ratio: 97.00%
DCACHE: size: 16 KB assoc: 4
DCACHE: hits:18819369 misses:759658 writebacks:753798  Hit Ratio: 96.12%
SCACHE: size: 512 KB assoc: 2
SCACHE: hits:1089634 misses:237261  Hit Ratio: 82.12%
3CACHE: size: 4096 KB assoc: 2
3CACHE: hits:181002 misses:56259  Hit Ratio: 76.29%
3CACHE: dirty items replaced:2064
ITLB: size: 48, misses 11618, miss rate 0.06%
DTLB: size: 128, misses 103052, miss rate 0.53%
Avg mem delay: 8.069 cycles
----------------------------------------
==== Statistics for Master ID: 2 ====
Reads: 29049724   Writes: 4901038
ICACHE: size: 64 KB assoc: 2
ICACHE: hits:16136626 misses:662839  Hit Ratio: 96.05%
DCACHE: size: 16 KB assoc: 4
DCACHE: hits:16744356 misses:406941 writebacks:406511  Hit Ratio: 97.63%
SCACHE: size: 512 KB assoc: 2
SCACHE: hits:782143 misses:287637  Hit Ratio: 73.11%
3CACHE: size: 4096 KB assoc: 2
3CACHE: hits:182218 misses:105419  Hit Ratio: 63.35%
3CACHE: dirty items replaced:5009
ITLB: size: 48, misses 54751, miss rate 0.33%
DTLB: size: 128, misses 46773, miss rate 0.27%
Avg mem delay: 8.069 cycles
----------------------------------------
==== Statistics for Master ID: 3 ====
Reads: 18653121   Writes: 5301551
ICACHE: size: 64 KB assoc: 2
ICACHE: hits:13165484 misses:857  Hit Ratio: 99.99%
DCACHE: size: 16 KB assoc: 4
DCACHE: hits:9155099 misses:1633232 writebacks:1538202  Hit Ratio: 84.86%
SCACHE: size: 512 KB assoc: 2
SCACHE: hits:169878 misses:1464211  Hit Ratio: 10.40%
3CACHE: size: 4096 KB assoc: 2
3CACHE: hits:115 misses:1464096  Hit Ratio: 0.01%
3CACHE: dirty items replaced:32133
ITLB: size: 48, misses 80, miss rate 0.00%
DTLB: size: 128, misses 66157, miss rate 0.61%
Avg mem delay: 8.069 cycles
----------------------------------------
==== Global Resource Utilization ====
STASH: size: 65536 entries, full 265741200, empty 20147947, misses 1978283, full rate 92.31
icache bank util. 0.063 0.052 0.046 0.048 0.052 0.120 0.058 0.082 
dcache bank util. 0.067 0.087 0.080 0.059 0.079 0.082 0.084 0.095 
L2 bank util. 0.038 0.047 0.041 0.036 0.039 0.041 0.048 0.067 
L1-L2 bus util. = 0.200, L3 util. = 0.161
----------------------------------------
branch prediction, hits = 13138874, misses = 1715939, hit rate = 88.45%
return_stack prediction, hits = 1381487, misses = 789, hit rate = 99.94%
jump prediction, hits = 11226201, misses = 3283335, hit rate = 77.37%
 emit_queue init_queue convert_move
**** Debug Statistics at 201000000 Cycles *****
Threads: 4		Fetch Width: 8
No of useful instructions fetched:	355038995 (22.08% proc util.)
No of total instructions fetched:	504595986 (31.38% proc util.)
 includes 35063781 misfetch (6.9%), 114493210 (22.7%) wrong-path fetches
 and 0 flushed after failed lock(0.0%)
No of useful instructions issued/executed:	355038966 (22.08% proc util.)
No of total instructions issued/executed:	411298142 (25.58% proc util.)
 includes 56259176 wrong-path (13.7%) insts and 0 flushed (0.0%)
	fp 2332, 0.00%
	synch 0, 0.00%
	integer 274831949, 66.82%
	load/store 136463861, 33.18%
Avg size of int IQ (before scheduling): 20.53
Avg size of fp IQ (before scheduling): 0.00
No of cycles taken:		201000000
Parallelism [ 0.618, 0.000, 0.499, 0.649,] = 1.766
 IQ conflicts: 853119 (0.42%), FQ conflicts: 0 (0.00%) 
 I reg conflicts: 120724824 (60.06%), FP reg conflicts: 0 (0.00%)
  Activelist confs: 587 (0.00%), ROB confs: 24687 (0.01%)
  Int unit conflicts: 79112070 (39.36%), FP unit conflicts: 1 (0.00%)
  Load/store unit conflicts: 16428860 (8.17%)
  MSHR conflicts: 60096368 (29.90%)
----------------------------------------
==== System-wide Cache Statistics ====
Stall for miss queue full 0 cycles (0.00%)
----------------------------------------
==== Statistics for Master ID: 0 ====
Reads: 85879899   Writes: 10226381
ICACHE: size: 64 KB assoc: 2
ICACHE: hits:46386293 misses:1953549  Hit Ratio: 95.96%
DCACHE: size: 16 KB assoc: 4
DCACHE: hits:45882973 misses:1883465 writebacks:1877605  Hit Ratio: 96.06%
SCACHE: size: 512 KB assoc: 2
SCACHE: hits:3361458 misses:475554  Hit Ratio: 87.61%
3CACHE: size: 4096 KB assoc: 2
3CACHE: hits:357680 misses:117874  Hit Ratio: 75.21%
3CACHE: dirty items replaced:13238
ITLB: size: 48, misses 26028, miss rate 0.05%
DTLB: size: 128, misses 333229, miss rate 0.70%
Avg mem delay: 4.801 cycles
----------------------------------------
==== Statistics for Master ID: 2 ====
Reads: 83084157   Writes: 13924177
ICACHE: size: 64 KB assoc: 2
ICACHE: hits:46689575 misses:1921444  Hit Ratio: 96.05%
DCACHE: size: 16 KB assoc: 4
DCACHE: hits:47251334 misses:1145981 writebacks:1145551  Hit Ratio: 97.63%
SCACHE: size: 512 KB assoc: 2
SCACHE: hits:2429255 misses:638170  Hit Ratio: 79.20%
3CACHE: size: 4096 KB assoc: 2
3CACHE: hits:450490 misses:187680  Hit Ratio: 70.59%
3CACHE: dirty items replaced:16851
ITLB: size: 48, misses 97065, miss rate 0.20%
DTLB: size: 128, misses 182598, miss rate 0.38%
Avg mem delay: 4.801 cycles
----------------------------------------
==== Statistics for Master ID: 3 ====
Reads: 75517570   Writes: 13842660
ICACHE: size: 64 KB assoc: 2
ICACHE: hits:49202396 misses:48089  Hit Ratio: 99.90%
DCACHE: size: 16 KB assoc: 4
DCACHE: hits:37142174 misses:2967571 writebacks:2857067  Hit Ratio: 92.60%
SCACHE: size: 512 KB assoc: 2
SCACHE: hits:804838 misses:2210822  Hit Ratio: 26.69%
3CACHE: size: 4096 KB assoc: 2
3CACHE: hits:79247 misses:2131575  Hit Ratio: 3.58%
3CACHE: dirty items replaced:72384
ITLB: size: 48, misses 343, miss rate 0.00%
DTLB: size: 128, misses 175236, miss rate 0.44%
Avg mem delay: 4.801 cycles
----------------------------------------
==== Global Resource Utilization ====
STASH: size: 65536 entries, full 629975471, empty 37030571, misses 3484219, full rate 93.96
icache bank util. 0.092 0.082 0.075 0.082 0.099 0.157 0.094 0.105 
dcache bank util. 0.086 0.107 0.108 0.088 0.122 0.114 0.120 0.110 
L2 bank util. 0.044 0.054 0.048 0.045 0.048 0.049 0.049 0.065 
L1-L2 bus util. = 0.236, L3 util. = 0.121
----------------------------------------
branch prediction, hits = 31035101, misses = 5843713, hit rate = 84.15%
return_stack prediction, hits = 4007315, misses = 1700, hit rate = 99.96%
jump prediction, hits = 28421884, misses = 9205608, hit rate = 75.53%
 convert_to_mode
**** Debug Statistics at 301000000 Cycles *****
Threads: 4		Fetch Width: 8
No of useful instructions fetched:	679306057 (28.21% proc util.)
No of total instructions fetched:	979391664 (40.67% proc util.)
 includes 60842750 misfetch (6.2%), 239242857 (24.4%) wrong-path fetches
 and 0 flushed after failed lock(0.0%)
No of useful instructions issued/executed:	679306033 (28.21% proc util.)
No of total instructions issued/executed:	797067136 (33.10% proc util.)
 includes 117761103 wrong-path (14.8%) insts and 0 flushed (0.0%)
	fp 3499, 0.00%
	synch 0, 0.00%
	integer 537358899, 67.42%
	load/store 259704738, 32.58%
Avg size of int IQ (before scheduling): 22.19
Avg size of fp IQ (before scheduling): 0.00
No of cycles taken:		301000000
Parallelism [ 0.727, 0.000, 0.621, 0.909,] = 2.257
 IQ conflicts: 2167060 (0.72%), FQ conflicts: 0 (0.00%) 
 I reg conflicts: 144162242 (47.89%), FP reg conflicts: 0 (0.00%)
  Activelist confs: 1166 (0.00%), ROB confs: 100658 (0.03%)
  Int unit conflicts: 214429677 (71.24%), FP unit conflicts: 1 (0.00%)
  Load/store unit conflicts: 35531178 (11.80%)
  MSHR conflicts: 68559102 (22.78%)
----------------------------------------
==== System-wide Cache Statistics ====
Stall for miss queue full 0 cycles (0.00%)
----------------------------------------
==== Statistics for Master ID: 0 ====
Reads: 156650490   Writes: 18380966
ICACHE: size: 64 KB assoc: 2
ICACHE: hits:85140352 misses:3691956  Hit Ratio: 95.84%
DCACHE: size: 16 KB assoc: 4
DCACHE: hits:82768162 misses:3430986 writebacks:3425126  Hit Ratio: 96.02%
SCACHE: size: 512 KB assoc: 2
SCACHE: hits:6376714 misses:746228  Hit Ratio: 89.52%
3CACHE: size: 4096 KB assoc: 2
3CACHE: hits:571345 misses:174883  Hit Ratio: 76.56%
3CACHE: dirty items replaced:39690
ITLB: size: 48, misses 40938, miss rate 0.05%
DTLB: size: 128, misses 628912, miss rate 0.73%
Avg mem delay: 3.399 cycles
----------------------------------------
==== Statistics for Master ID: 2 ====
Reads: 158019747   Writes: 25841243
ICACHE: size: 64 KB assoc: 2
ICACHE: hits:89627756 misses:3241018  Hit Ratio: 96.51%
DCACHE: size: 16 KB assoc: 4
DCACHE: hits:88980527 misses:2011689 writebacks:2011259  Hit Ratio: 97.79%
SCACHE: size: 512 KB assoc: 2
SCACHE: hits:4294504 misses:958202  Hit Ratio: 81.76%
3CACHE: size: 4096 KB assoc: 2
3CACHE: hits:711797 misses:246405  Hit Ratio: 74.28%
3CACHE: dirty items replaced:35999
ITLB: size: 48, misses 149427, miss rate 0.16%
DTLB: size: 128, misses 358657, miss rate 0.39%
Avg mem delay: 3.399 cycles
----------------------------------------
==== Statistics for Master ID: 3 ====
Reads: 159474378   Writes: 24691937
ICACHE: size: 64 KB assoc: 2
ICACHE: hits:101895307 misses:113884  Hit Ratio: 99.89%
DCACHE: size: 16 KB assoc: 4
DCACHE: hits:78216980 misses:3940144 writebacks:3829640  Hit Ratio: 95.20%
SCACHE: size: 512 KB assoc: 2
SCACHE: hits:1667571 misses:2386457  Hit Ratio: 41.13%
3CACHE: size: 4096 KB assoc: 2
3CACHE: hits:211257 misses:2175200  Hit Ratio: 8.85%
3CACHE: dirty items replaced:88864
ITLB: size: 48, misses 763, miss rate 0.00%
DTLB: size: 128, misses 286426, miss rate 0.35%
Avg mem delay: 3.399 cycles
----------------------------------------
==== Global Resource Utilization ====
STASH: size: 65536 entries, full 1145372394, empty 59132864, misses 5460081, full rate 94.66
icache bank util. 0.118 0.107 0.100 0.111 0.137 0.180 0.127 0.134 
dcache bank util. 0.107 0.131 0.132 0.106 0.154 0.132 0.153 0.132 
L2 bank util. 0.046 0.059 0.050 0.047 0.051 0.052 0.050 0.066 
L1-L2 bus util. = 0.256, L3 util. = 0.086
----------------------------------------
branch prediction, hits = 54973739, misses = 11207528, hit rate = 83.07%
return_stack prediction, hits = 7614488, misses = 2408, hit rate = 99.97%
jump prediction, hits = 52406059, misses = 16160827, hit rate = 76.43%

**** Debug Statistics at 401000000 Cycles *****
Threads: 4		Fetch Width: 8
No of useful instructions fetched:	1006777101 (31.38% proc util.)
No of total instructions fetched:	1460359333 (45.52% proc util.)
 includes 86572426 misfetch (5.9%), 367009806 (25.1%) wrong-path fetches
 and 0 flushed after failed lock(0.0%)
No of useful instructions issued/executed:	1006777097 (31.38% proc util.)
No of total instructions issued/executed:	1188241952 (37.04% proc util.)
 includes 181464855 wrong-path (15.3%) insts and 0 flushed (0.0%)
	fp 5075, 0.00%
	synch 0, 0.00%
	integer 803446101, 67.62%
	load/store 384790776, 32.38%
Avg size of int IQ (before scheduling): 22.96
Avg size of fp IQ (before scheduling): 0.00
No of cycles taken:		401000000
Parallelism [ 0.785, 0.000, 0.691, 1.034,] = 2.511
 IQ conflicts: 3195968 (0.80%), FQ conflicts: 0 (0.00%) 
 I reg conflicts: 167074184 (41.66%), FP reg conflicts: 0 (0.00%)
  Activelist confs: 1258 (0.00%), ROB confs: 191163 (0.05%)
  Int unit conflicts: 354411449 (88.38%), FP unit conflicts: 4 (0.00%)
  Load/store unit conflicts: 55187879 (13.76%)
  MSHR conflicts: 77276447 (19.27%)
----------------------------------------
==== System-wide Cache Statistics ====
Stall for miss queue full 0 cycles (0.00%)
----------------------------------------
==== Statistics for Master ID: 0 ====
Reads: 228524352   Writes: 26592505
ICACHE: size: 64 KB assoc: 2
ICACHE: hits:124666721 misses:5371827  Hit Ratio: 95.87%
DCACHE: size: 16 KB assoc: 4
DCACHE: hits:120118749 misses:4959560 writebacks:4953700  Hit Ratio: 96.03%
SCACHE: size: 512 KB assoc: 2
SCACHE: hits:9315069 misses:1016318  Hit Ratio: 90.16%
3CACHE: size: 4096 KB assoc: 2
3CACHE: hits:792175 misses:224143  Hit Ratio: 77.95%
3CACHE: dirty items replaced:64347
ITLB: size: 48, misses 55327, miss rate 0.04%
DTLB: size: 128, misses 951441, miss rate 0.76%
Avg mem delay: 2.921 cycles
----------------------------------------
==== Statistics for Master ID: 2 ====
Reads: 235381356   Writes: 38028219
ICACHE: size: 64 KB assoc: 2
ICACHE: hits:134031118 misses:4535530  Hit Ratio: 96.73%
DCACHE: size: 16 KB assoc: 4
DCACHE: hits:131922680 misses:2920247 writebacks:2919817  Hit Ratio: 97.83%
SCACHE: size: 512 KB assoc: 2
SCACHE: hits:6184034 misses:1271743  Hit Ratio: 82.94%
3CACHE: size: 4096 KB assoc: 2
3CACHE: hits:983705 misses:288038  Hit Ratio: 77.35%
3CACHE: dirty items replaced:52414
ITLB: size: 48, misses 197987, miss rate 0.14%
DTLB: size: 128, misses 547471, miss rate 0.41%
Avg mem delay: 2.921 cycles
----------------------------------------
==== Statistics for Master ID: 3 ====
Reads: 243227934   Writes: 35798575
ICACHE: size: 64 KB assoc: 2
ICACHE: hits:154503913 misses:182558  Hit Ratio: 99.88%
DCACHE: size: 16 KB assoc: 4
DCACHE: hits:119315295 misses:5024743 writebacks:4914239  Hit Ratio: 95.96%
SCACHE: size: 512 KB assoc: 2
SCACHE: hits:2633091 misses:2574210  Hit Ratio: 50.57%
3CACHE: size: 4096 KB assoc: 2
3CACHE: hits:361492 misses:2212718  Hit Ratio: 14.04%
3CACHE: dirty items replaced:107487
ITLB: size: 48, misses 1183, miss rate 0.00%
DTLB: size: 128, misses 409780, miss rate 0.33%
Avg mem delay: 2.921 cycles
----------------------------------------
==== Global Resource Utilization ====
STASH: size: 65536 entries, full 1667253180, empty 81361276, misses 7436968, full rate 94.94
icache bank util. 0.132 0.121 0.113 0.126 0.156 0.190 0.143 0.150 
dcache bank util. 0.119 0.145 0.144 0.115 0.171 0.144 0.170 0.142 
L2 bank util. 0.048 0.061 0.052 0.048 0.052 0.054 0.051 0.065 
L1-L2 bus util. = 0.268, L3 util. = 0.068
----------------------------------------
branch prediction, hits = 79069765, misses = 16632005, hit rate = 82.62%
return_stack prediction, hits = 11233100, misses = 3021, hit rate = 99.97%
jump prediction, hits = 76451075, misses = 23108733, hit rate = 76.79%
 move_by_pieces move_by_pieces_ninsns move_by_pieces_1 emit_block_move
**** Debug Statistics at 501000000 Cycles *****
Threads: 4		Fetch Width: 8
No of useful instructions fetched:	1310787861 (32.70% proc util.)
No of total instructions fetched:	1913605580 (47.74% proc util.)
 includes 113066475 misfetch (5.9%), 489751244 (25.6%) wrong-path fetches
 and 0 flushed after failed lock(0.0%)
No of useful instructions issued/executed:	1310787807 (32.70% proc util.)
No of total instructions issued/executed:	1555079731 (38.80% proc util.)
 includes 244291924 wrong-path (15.7%) insts and 0 flushed (0.0%)
	fp 5503, 0.00%
	synch 0, 0.00%
	integer 1051732750, 67.63%
	load/store 503341478, 32.37%
Avg size of int IQ (before scheduling): 23.45
Avg size of fp IQ (before scheduling): 0.00
No of cycles taken:		501000000
Parallelism [ 0.809, 0.000, 0.703, 1.104,] = 2.616
 IQ conflicts: 4770016 (0.95%), FQ conflicts: 0 (0.00%) 
 I reg conflicts: 193072208 (38.54%), FP reg conflicts: 0 (0.00%)
  Activelist confs: 2512 (0.00%), ROB confs: 254291 (0.05%)
  Int unit conflicts: 466749923 (93.16%), FP unit conflicts: 6 (0.00%)
  Load/store unit conflicts: 73013858 (14.57%)
  MSHR conflicts: 84556003 (16.88%)
----------------------------------------
==== System-wide Cache Statistics ====
Stall for miss queue full 0 cycles (0.00%)
----------------------------------------
==== Statistics for Master ID: 0 ====
Reads: 296320082   Writes: 34423359
ICACHE: size: 64 KB assoc: 2
ICACHE: hits:161623683 misses:7116332  Hit Ratio: 95.78%
DCACHE: size: 16 KB assoc: 4
DCACHE: hits:155543451 misses:6459975 writebacks:6454115  Hit Ratio: 96.01%
SCACHE: size: 512 KB assoc: 2
SCACHE: hits:12284491 misses:1291816  Hit Ratio: 90.48%
3CACHE: size: 4096 KB assoc: 2
3CACHE: hits:1013406 misses:278410  Hit Ratio: 78.45%
3CACHE: dirty items replaced:93092
ITLB: size: 48, misses 73263, miss rate 0.04%
DTLB: size: 128, misses 1285385, miss rate 0.79%
Avg mem delay: 2.745 cycles
----------------------------------------
==== Statistics for Master ID: 2 ====
Reads: 303544940   Writes: 49835312
ICACHE: size: 64 KB assoc: 2
ICACHE: hits:173221180 misses:5995936  Hit Ratio: 96.65%
DCACHE: size: 16 KB assoc: 4
DCACHE: hits:170140060 misses:4023076 writebacks:4022646  Hit Ratio: 97.69%
SCACHE: size: 512 KB assoc: 2
SCACHE: hits:8283667 misses:1735344  Hit Ratio: 82.68%
3CACHE: size: 4096 KB assoc: 2
3CACHE: hits:1385770 misses:349574  Hit Ratio: 79.86%
3CACHE: dirty items replaced:79174
ITLB: size: 48, misses 252674, miss rate 0.14%
DTLB: size: 128, misses 763451, miss rate 0.44%
Avg mem delay: 2.745 cycles
----------------------------------------
==== Statistics for Master ID: 3 ====
Reads: 326001348   Writes: 46842244
ICACHE: size: 64 KB assoc: 2
ICACHE: hits:206126573 misses:250736  Hit Ratio: 99.88%
DCACHE: size: 16 KB assoc: 4
DCACHE: hits:160360586 misses:6105697 writebacks:5995193  Hit Ratio: 96.33%
SCACHE: size: 512 KB assoc: 2
SCACHE: hits:3575397 misses:2781036  Hit Ratio: 56.25%
3CACHE: size: 4096 KB assoc: 2
3CACHE: hits:529024 misses:2252012  Hit Ratio: 19.02%
3CACHE: dirty items replaced:127820
ITLB: size: 48, misses 1627, miss rate 0.00%
DTLB: size: 128, misses 538693, miss rate 0.32%
Avg mem delay: 2.745 cycles
----------------------------------------
==== Global Resource Utilization ====
STASH: size: 65536 entries, full 2157861982, empty 104703919, misses 9507726, full rate 94.97
icache bank util. 0.138 0.126 0.118 0.133 0.167 0.197 0.151 0.156 
dcache bank util. 0.121 0.148 0.151 0.120 0.181 0.149 0.180 0.151 
L2 bank util. 0.049 0.063 0.054 0.049 0.054 0.056 0.052 0.066 
L1-L2 bus util. = 0.278, L3 util. = 0.057
----------------------------------------
branch prediction, hits = 100694506, misses = 21769299, hit rate = 82.22%
return_stack prediction, hits = 14699289, misses = 3983, hit rate = 99.97%
jump prediction, hits = 98329585, misses = 30166759, hit rate = 76.52%

**** Debug Statistics at 601000000 Cycles *****
Threads: 4		Fetch Width: 8
No of useful instructions fetched:	1620533578 (33.70% proc util.)
No of total instructions fetched:	2377101060 (49.44% proc util.)
 includes 141380631 misfetch (5.9%), 615186851 (25.9%) wrong-path fetches
 and 0 flushed after failed lock(0.0%)
No of useful instructions issued/executed:	1620533536 (33.70% proc util.)
No of total instructions issued/executed:	1928685413 (40.11% proc util.)
 includes 308151877 wrong-path (16.0%) insts and 0 flushed (0.0%)
	fp 5641, 0.00%
	synch 0, 0.00%
	integer 1304215002, 67.62%
	load/store 624464770, 32.38%
Avg size of int IQ (before scheduling): 23.72
Avg size of fp IQ (before scheduling): 0.00
No of cycles taken:		601000000
Parallelism [ 0.831, 0.000, 0.721, 1.145,] = 2.696
 IQ conflicts: 6035628 (1.00%), FQ conflicts: 0 (0.00%) 
 I reg conflicts: 217803106 (36.24%), FP reg conflicts: 0 (0.00%)
  Activelist confs: 3295 (0.00%), ROB confs: 387039 (0.06%)
  Int unit conflicts: 579277287 (96.39%), FP unit conflicts: 8 (0.00%)
  Load/store unit conflicts: 92591708 (15.41%)
  MSHR conflicts: 97701693 (16.26%)
----------------------------------------
==== System-wide Cache Statistics ====
Stall for miss queue full 0 cycles (0.00%)
----------------------------------------
==== Statistics for Master ID: 0 ====
Reads: 365513997   Writes: 41952766
ICACHE: size: 64 KB assoc: 2
ICACHE: hits:199756715 misses:8830062  Hit Ratio: 95.77%
DCACHE: size: 16 KB assoc: 4
DCACHE: hits:190960400 misses:7919586 writebacks:7913726  Hit Ratio: 96.02%
SCACHE: size: 512 KB assoc: 2
SCACHE: hits:15219646 misses:1530002  Hit Ratio: 90.87%
3CACHE: size: 4096 KB assoc: 2
3CACHE: hits:1208251 misses:321751  Hit Ratio: 78.97%
3CACHE: dirty items replaced:117157
ITLB: size: 48, misses 87624, miss rate 0.04%
DTLB: size: 128, misses 1600542, miss rate 0.80%
Avg mem delay: 2.645 cycles
----------------------------------------
==== Statistics for Master ID: 2 ====
Reads: 377067913   Writes: 63048824
ICACHE: size: 64 KB assoc: 2
ICACHE: hits:215638272 misses:7484841  Hit Ratio: 96.65%
DCACHE: size: 16 KB assoc: 4
DCACHE: hits:211629847 misses:5363777 writebacks:5363347  Hit Ratio: 97.53%
SCACHE: size: 512 KB assoc: 2
SCACHE: hits:10673785 misses:2174832  Hit Ratio: 83.07%
3CACHE: size: 4096 KB assoc: 2
3CACHE: hits:1785244 misses:389588  Hit Ratio: 82.09%
3CACHE: dirty items replaced:99867
ITLB: size: 48, misses 285100, miss rate 0.13%
DTLB: size: 128, misses 990229, miss rate 0.46%
Avg mem delay: 2.645 cycles
----------------------------------------
==== Statistics for Master ID: 3 ====
Reads: 407933355   Writes: 57540411
ICACHE: size: 64 KB assoc: 2
ICACHE: hits:257495148 misses:323533  Hit Ratio: 99.87%
DCACHE: size: 16 KB assoc: 4
DCACHE: hits:200397987 misses:7257098 writebacks:7146594  Hit Ratio: 96.51%
SCACHE: size: 512 KB assoc: 2
SCACHE: hits:4594242 misses:2986389  Hit Ratio: 60.61%
3CACHE: size: 4096 KB assoc: 2
3CACHE: hits:701948 misses:2284441  Hit Ratio: 23.50%
3CACHE: dirty items replaced:144537
ITLB: size: 48, misses 2020, miss rate 0.00%
DTLB: size: 128, misses 679283, miss rate 0.33%
Avg mem delay: 2.645 cycles
----------------------------------------
==== Global Resource Utilization ====
STASH: size: 65536 entries, full 2663597053, empty 125225783, misses 11333948, full rate 95.12
icache bank util. 0.142 0.130 0.122 0.138 0.177 0.202 0.157 0.160 
dcache bank util. 0.125 0.150 0.155 0.124 0.187 0.152 0.189 0.160 
L2 bank util. 0.050 0.065 0.055 0.051 0.056 0.057 0.053 0.068 
L1-L2 bus util. = 0.288, L3 util. = 0.050
----------------------------------------
branch prediction, hits = 123469296, misses = 27179402, hit rate = 81.96%
return_stack prediction, hits = 18401516, misses = 4310, hit rate = 99.98%
jump prediction, hits = 121028328, misses = 37745821, hit rate = 76.23%

**** Debug Statistics at 701000000 Cycles *****
Threads: 4		Fetch Width: 8
No of useful instructions fetched:	1953372234 (34.83% proc util.)
No of total instructions fetched:	2855166867 (50.91% proc util.)
 includes 165213956 misfetch (5.8%), 736580677 (25.8%) wrong-path fetches
 and 0 flushed after failed lock(0.0%)
No of useful instructions issued/executed:	1953372219 (34.83% proc util.)
No of total instructions issued/executed:	2321199494 (41.39% proc util.)
 includes 367827275 wrong-path (15.8%) insts and 0 flushed (0.0%)
	fp 5732, 0.00%
	synch 0, 0.00%
	integer 1573636005, 67.79%
	load/store 747557757, 32.21%
Avg size of int IQ (before scheduling): 23.99
Avg size of fp IQ (before scheduling): 0.00
No of cycles taken:		701000000
Parallelism [ 0.854, 0.000, 0.750, 1.183,] = 2.787
 IQ conflicts: 7327790 (1.05%), FQ conflicts: 0 (0.00%) 
 I reg conflicts: 240683851 (34.33%), FP reg conflicts: 0 (0.00%)
  Activelist confs: 3437 (0.00%), ROB confs: 445078 (0.06%)
  Int unit conflicts: 741018919 (105.71%), FP unit conflicts: 8 (0.00%)
  Load/store unit conflicts: 111601986 (15.92%)
  MSHR conflicts: 112482664 (16.05%)
----------------------------------------
==== System-wide Cache Statistics ====
Stall for miss queue full 0 cycles (0.00%)
----------------------------------------
==== Statistics for Master ID: 0 ====
Reads: 438153381   Writes: 49993902
ICACHE: size: 64 KB assoc: 2
ICACHE: hits:239994569 misses:10420674  Hit Ratio: 95.84%
DCACHE: size: 16 KB assoc: 4
DCACHE: hits:228291501 misses:9440539 writebacks:9434679  Hit Ratio: 96.03%
SCACHE: size: 512 KB assoc: 2
SCACHE: hits:18040810 misses:1820402  Hit Ratio: 90.83%
3CACHE: size: 4096 KB assoc: 2
3CACHE: hits:1449529 misses:370873  Hit Ratio: 79.63%
3CACHE: dirty items replaced:144897
ITLB: size: 48, misses 106761, miss rate 0.04%
DTLB: size: 128, misses 1888301, miss rate 0.79%
Avg mem delay: 2.522 cycles
----------------------------------------
==== Statistics for Master ID: 2 ====
Reads: 449716579   Writes: 73823266
ICACHE: size: 64 KB assoc: 2
ICACHE: hits:256508529 misses:8902971  Hit Ratio: 96.65%
DCACHE: size: 16 KB assoc: 4
DCACHE: hits:251972317 misses:6156028 writebacks:6155598  Hit Ratio: 97.62%
SCACHE: size: 512 KB assoc: 2
SCACHE: hits:12532165 misses:2526833  Hit Ratio: 83.22%
3CACHE: size: 4096 KB assoc: 2
3CACHE: hits:2096914 misses:429919  Hit Ratio: 82.99%
3CACHE: dirty items replaced:121436
ITLB: size: 48, misses 370481, miss rate 0.14%
DTLB: size: 128, misses 1178464, miss rate 0.46%
Avg mem delay: 2.522 cycles
----------------------------------------
==== Statistics for Master ID: 3 ====
Reads: 493540888   Writes: 68667501
ICACHE: size: 64 KB assoc: 2
ICACHE: hits:311197600 misses:383163  Hit Ratio: 99.88%
DCACHE: size: 16 KB assoc: 4
DCACHE: hits:242226135 misses:8401491 writebacks:8290987  Hit Ratio: 96.65%
SCACHE: size: 512 KB assoc: 2
SCACHE: hits:5614344 misses:3170310  Hit Ratio: 63.91%
3CACHE: size: 4096 KB assoc: 2
3CACHE: hits:847916 misses:2322394  Hit Ratio: 26.75%
3CACHE: dirty items replaced:167237
ITLB: size: 48, misses 2419, miss rate 0.00%
DTLB: size: 128, misses 794942, miss rate 0.32%
Avg mem delay: 2.522 cycles
----------------------------------------
==== Global Resource Utilization ====
STASH: size: 65536 entries, full 3183524226, empty 147129830, misses 13277155, full rate 95.20
icache bank util. 0.145 0.136 0.125 0.141 0.182 0.206 0.162 0.168 
dcache bank util. 0.131 0.153 0.157 0.126 0.192 0.154 0.195 0.163 
L2 bank util. 0.050 0.066 0.055 0.051 0.057 0.058 0.053 0.068 
L1-L2 bus util. = 0.289, L3 util. = 0.045
----------------------------------------
branch prediction, hits = 148921819, misses = 32480414, hit rate = 82.09%
return_stack prediction, hits = 21914872, misses = 5109, hit rate = 99.98%
jump prediction, hits = 146340911, misses = 44139349, hit rate = 76.83%

**** Early Exiting at 714643121 Cycles *****
========================================
 SMTSIM Global Statistics
========================================
Threads: 4		Fetch Width: 8
No of useful instructions fetched:	2000000056 (34.98% proc util.)
No of total instructions fetched:	2918943546 (51.06% proc util.)
 includes 168091853 misfetch (5.8%), 750851637 (25.7%) wrong-path fetches
 and 0 flushed after failed lock(0.0%)
No of useful instructions issued/executed:	2000000041 (34.98% proc util.)
No of total instructions issued/executed:	2374863250 (41.54% proc util.)
 includes 374863209 wrong-path (15.8%) insts and 0 flushed (0.0%)
	fp 5736, 0.00%
	synch 0, 0.00%
	integer 1610108536, 67.80%
	load/store 764748978, 32.20%
Avg size of int IQ (before scheduling): 24.03
Avg size of fp IQ (before scheduling): 0.00
No of cycles taken:		714643121
Parallelism [ 0.856, 0.000, 0.753, 1.189,] = 2.799
 IQ conflicts: 7568885 (1.06%), FQ conflicts: 0 (0.00%) 
 I reg conflicts: 243971070 (34.14%), FP reg conflicts: 0 (0.00%)
  Activelist confs: 3607 (0.00%), ROB confs: 546541 (0.08%)
  Int unit conflicts: 763521759 (106.84%), FP unit conflicts: 8 (0.00%)
  Load/store unit conflicts: 117263123 (16.41%)
  MSHR conflicts: 121136577 (16.95%)
----------------------------------------
==== System-wide Cache Statistics ====
Stall for miss queue full 0 cycles (0.00%)
----------------------------------------
==== Statistics for Master ID: 0 ====
Reads: 447934220   Writes: 51088160
ICACHE: size: 64 KB assoc: 2
ICACHE: hits:245455627 misses:10607050  Hit Ratio: 95.86%
DCACHE: size: 16 KB assoc: 4
DCACHE: hits:233311359 misses:9648344 writebacks:9642484  Hit Ratio: 96.03%
SCACHE: size: 512 KB assoc: 2
SCACHE: hits:18398024 misses:1857369  Hit Ratio: 90.83%
3CACHE: size: 4096 KB assoc: 2
3CACHE: hits:1479682 misses:377687  Hit Ratio: 79.67%
3CACHE: dirty items replaced:148902
ITLB: size: 48, misses 109231, miss rate 0.04%
DTLB: size: 128, misses 1928791, miss rate 0.79%
Avg mem delay: 2.515 cycles
----------------------------------------
==== Statistics for Master ID: 2 ====
Reads: 459237657   Writes: 76053033
ICACHE: size: 64 KB assoc: 2
ICACHE: hits:262044456 misses:9058186  Hit Ratio: 96.66%
DCACHE: size: 16 KB assoc: 4
DCACHE: hits:257795147 misses:6392901 writebacks:6392471  Hit Ratio: 97.58%
SCACHE: size: 512 KB assoc: 2
SCACHE: hits:12871892 misses:2579195  Hit Ratio: 83.31%
3CACHE: size: 4096 KB assoc: 2
3CACHE: hits:2139463 misses:439732  Hit Ratio: 82.95%
3CACHE: dirty items replaced:127399
ITLB: size: 48, misses 381096, miss rate 0.14%
DTLB: size: 128, misses 1208454, miss rate 0.46%
Avg mem delay: 2.515 cycles
----------------------------------------
==== Statistics for Master ID: 3 ====
Reads: 504959126   Writes: 70234648
ICACHE: size: 64 KB assoc: 2
ICACHE: hits:318284566 misses:389205  Hit Ratio: 99.88%
DCACHE: size: 16 KB assoc: 4
DCACHE: hits:248026599 misses:8493404 writebacks:8382900  Hit Ratio: 96.69%
SCACHE: size: 512 KB assoc: 2
SCACHE: hits:5687443 misses:3195166  Hit Ratio: 64.03%
3CACHE: size: 4096 KB assoc: 2
3CACHE: hits:867204 misses:2327962  Hit Ratio: 27.14%
3CACHE: dirty items replaced:170856
ITLB: size: 48, misses 2477, miss rate 0.00%
DTLB: size: 128, misses 805007, miss rate 0.31%
Avg mem delay: 2.515 cycles
----------------------------------------
==== Global Resource Utilization ====
STASH: size: 65536 entries, full 3252285139, empty 150289887, misses 13550787, full rate 95.20
icache bank util. 0.145 0.136 0.125 0.142 0.183 0.206 0.162 0.168 
dcache bank util. 0.132 0.153 0.158 0.126 0.192 0.154 0.195 0.163 
L2 bank util. 0.051 0.066 0.055 0.051 0.057 0.058 0.053 0.068 
L1-L2 bus util. = 0.290, L3 util. = 0.044
----------------------------------------
branch prediction, hits = 152296388, misses = 33093828, hit rate = 82.15%
return_stack prediction, hits = 22404233, misses = 5211, hit rate = 99.98%
jump prediction, hits = 149985543, misses = 44890563, hit rate = 76.96%
total IPC 2.799

=== Results saved to: ./results/crafty_2_gcc-expr_1_gzip-program_1.txt ===
