===== 执行信息 =====
Cache目录：smtc64
执行命令：./smtsim ../gzip-program.arg2 ../gcc-scilab.arg ../gzip-source.arg
执行时间：2026-04-16 17:36:50
返回码：0
===== 输出内容 =====
SMTCache
Process 0, Thread 0: gzip-program
Process 0, Thread 1: gzip-program
Process 2, Thread 2: gcc-scilab
Process 3, Thread 3: gzip-source

**** Debug Statistics at 1000000 Cycles *****
Threads: 4		Fetch Width: 8
No of useful instructions fetched:	846528 (10.58% proc util.)
No of total instructions fetched:	1099440 (13.74% proc util.)
 includes 18483 misfetch (1.7%), 234429 (21.3%) wrong-path fetches
 and 0 flushed after failed lock(0.0%)
No of useful instructions issued/executed:	846506 (10.58% proc util.)
No of total instructions issued/executed:	961294 (12.02% proc util.)
 includes 114788 wrong-path (11.9%) insts and 0 flushed (0.0%)
	fp 54, 0.01%
	synch 0, 0.00%
	integer 669121, 69.61%
	load/store 292119, 30.39%
Avg size of int IQ (before scheduling): 34.54
Avg size of fp IQ (before scheduling): 0.00
No of cycles taken:		1000000
Parallelism [ 0.402, 0.000, 0.310, 0.134,] = 0.847
 IQ conflicts: 6729 (0.67%), FQ conflicts: 0 (0.00%) 
 I reg conflicts: 819358 (81.94%), FP reg conflicts: 0 (0.00%)
  Activelist confs: 0 (0.00%), ROB confs: 0 (0.00%)
  Int unit conflicts: 84914 (8.49%), FP unit conflicts: 0 (0.00%)
  Load/store unit conflicts: 17920 (1.79%)
  MSHR conflicts: 362908 (36.29%)
----------------------------------------
==== System-wide Cache Statistics ====
Stall for miss queue full 0 cycles (0.00%)
----------------------------------------
==== Statistics for Master ID: 0 ====
Reads: 241383   Writes: 23051
ICACHE: size: 64 KB assoc: 2
ICACHE: hits:143245 misses:56  Hit Ratio: 99.96%
DCACHE: size: 16 KB assoc: 4
DCACHE: hits:115530 misses:5603 writebacks:4842  Hit Ratio: 95.37%
SCACHE: size: 512 KB assoc: 2
SCACHE: hits:3663 misses:1996  Hit Ratio: 64.73%
3CACHE: size: 4096 KB assoc: 2
3CACHE: hits:113 misses:1883  Hit Ratio: 5.66%
3CACHE: dirty items replaced:0
ITLB: size: 48, misses 3, miss rate 0.00%
DTLB: size: 128, misses 880, miss rate 0.73%
Avg mem delay: 43.917 cycles
----------------------------------------
==== Statistics for Master ID: 2 ====
Reads: 173704   Writes: 44027
ICACHE: size: 64 KB assoc: 2
ICACHE: hits:109949 misses:1352  Hit Ratio: 98.79%
DCACHE: size: 16 KB assoc: 4
DCACHE: hits:104067 misses:2363 writebacks:1942  Hit Ratio: 97.78%
SCACHE: size: 512 KB assoc: 2
SCACHE: hits:572 misses:3142  Hit Ratio: 15.40%
3CACHE: size: 4096 KB assoc: 2
3CACHE: hits:22 misses:3120  Hit Ratio: 0.70%
3CACHE: dirty items replaced:0
ITLB: size: 48, misses 83, miss rate 0.07%
DTLB: size: 128, misses 412, miss rate 0.39%
Avg mem delay: 43.917 cycles
----------------------------------------
==== Statistics for Master ID: 3 ====
Reads: 108543   Writes: 21862
ICACHE: size: 64 KB assoc: 2
ICACHE: hits:65738 misses:217  Hit Ratio: 99.67%
DCACHE: size: 16 KB assoc: 4
DCACHE: hits:29074 misses:35376 writebacks:35217  Hit Ratio: 45.11%
SCACHE: size: 512 KB assoc: 2
SCACHE: hits:14291 misses:21301  Hit Ratio: 40.15%
3CACHE: size: 4096 KB assoc: 2
3CACHE: hits:0 misses:21301  Hit Ratio: 0.00%
3CACHE: dirty items replaced:0
ITLB: size: 48, misses 18, miss rate 0.03%
DTLB: size: 128, misses 5260, miss rate 8.16%
Avg mem delay: 43.917 cycles
----------------------------------------
==== Global Resource Utilization ====
STASH: size: 65536 entries, full 101207004, empty 26942, misses 2312, full rate 99.97
icache bank util. 0.040 0.027 0.026 0.029 0.037 0.049 0.051 0.066 
dcache bank util. 0.030 0.047 0.048 0.031 0.023 0.022 0.307 0.040 
L2 bank util. 0.011 0.011 0.011 0.012 0.011 0.010 0.376 0.014 
L1-L2 bus util. = 0.261, L3 util. = 0.263
----------------------------------------
branch prediction, hits = 66080, misses = 11668, hit rate = 84.99%
return_stack prediction, hits = 6388, misses = 14, hit rate = 99.78%
jump prediction, hits = 76514, misses = 4708, hit rate = 94.20%
 dgelq2_ dgelqf_
**** Debug Statistics at 101000000 Cycles *****
Threads: 4		Fetch Width: 8
No of useful instructions fetched:	165798588 (20.52% proc util.)
No of total instructions fetched:	203803907 (25.22% proc util.)
 includes 7103620 misfetch (3.5%), 30901699 (15.2%) wrong-path fetches
 and 0 flushed after failed lock(0.0%)
No of useful instructions issued/executed:	165798565 (20.52% proc util.)
No of total instructions issued/executed:	178914308 (22.14% proc util.)
 includes 13115743 wrong-path (7.3%) insts and 0 flushed (0.0%)
	fp 1279, 0.00%
	synch 0, 0.00%
	integer 121573972, 67.95%
	load/store 57339057, 32.05%
Avg size of int IQ (before scheduling): 16.45
Avg size of fp IQ (before scheduling): 0.00
No of cycles taken:		101000000
Parallelism [ 0.759, 0.000, 0.546, 0.337,] = 1.642
 IQ conflicts: 55319 (0.05%), FQ conflicts: 0 (0.00%) 
 I reg conflicts: 70887353 (70.19%), FP reg conflicts: 0 (0.00%)
  Activelist confs: 0 (0.00%), ROB confs: 0 (0.00%)
  Int unit conflicts: 11586322 (11.47%), FP unit conflicts: 5 (0.00%)
  Load/store unit conflicts: 3473624 (3.44%)
  MSHR conflicts: 12168889 (12.05%)
----------------------------------------
==== System-wide Cache Statistics ====
Stall for miss queue full 0 cycles (0.00%)
----------------------------------------
==== Statistics for Master ID: 0 ====
Reads: 39045160   Writes: 5624869
ICACHE: size: 64 KB assoc: 2
ICACHE: hits:23513365 misses:4637  Hit Ratio: 99.98%
DCACHE: size: 16 KB assoc: 4
DCACHE: hits:20517355 misses:634672 writebacks:633905  Hit Ratio: 97.00%
SCACHE: size: 512 KB assoc: 2
SCACHE: hits:426669 misses:212639  Hit Ratio: 66.74%
3CACHE: size: 4096 KB assoc: 2
3CACHE: hits:150611 misses:62028  Hit Ratio: 70.83%
3CACHE: dirty items replaced:8854
ITLB: size: 48, misses 143, miss rate 0.00%
DTLB: size: 128, misses 12204, miss rate 0.06%
Avg mem delay: 7.243 cycles
----------------------------------------
==== Statistics for Master ID: 2 ====
Reads: 39786823   Writes: 7370960
ICACHE: size: 64 KB assoc: 2
ICACHE: hits:22206627 misses:331652  Hit Ratio: 98.53%
DCACHE: size: 16 KB assoc: 4
DCACHE: hits:23924920 misses:694584 writebacks:694163  Hit Ratio: 97.18%
SCACHE: size: 512 KB assoc: 2
SCACHE: hits:721978 misses:304258  Hit Ratio: 70.35%
3CACHE: size: 4096 KB assoc: 2
3CACHE: hits:220050 misses:84208  Hit Ratio: 72.32%
3CACHE: dirty items replaced:8367
ITLB: size: 48, misses 20094, miss rate 0.09%
DTLB: size: 128, misses 26463, miss rate 0.11%
Avg mem delay: 7.243 cycles
----------------------------------------
==== Statistics for Master ID: 3 ====
Reads: 18548596   Writes: 5657651
ICACHE: size: 64 KB assoc: 2
ICACHE: hits:12705025 misses:777  Hit Ratio: 99.99%
DCACHE: size: 16 KB assoc: 4
DCACHE: hits:9798929 misses:1701516 writebacks:1507096  Hit Ratio: 85.20%
SCACHE: size: 512 KB assoc: 2
SCACHE: hits:149130 misses:1553163  Hit Ratio: 8.76%
3CACHE: size: 4096 KB assoc: 2
3CACHE: hits:118 misses:1553045  Hit Ratio: 0.01%
3CACHE: dirty items replaced:72702
ITLB: size: 48, misses 60, miss rate 0.00%
DTLB: size: 128, misses 67538, miss rate 0.59%
Avg mem delay: 7.243 cycles
----------------------------------------
==== Global Resource Utilization ====
STASH: size: 65536 entries, full 317452139, empty 6141309, misses 563770, full rate 97.93
icache bank util. 0.058 0.047 0.042 0.052 0.068 0.192 0.065 0.066 
dcache bank util. 0.074 0.089 0.100 0.097 0.104 0.068 0.111 0.098 
L2 bank util. 0.037 0.037 0.037 0.038 0.037 0.036 0.048 0.063 
L1-L2 bus util. = 0.184, L3 util. = 0.168
----------------------------------------
branch prediction, hits = 15723358, misses = 2314585, hit rate = 87.17%
return_stack prediction, hits = 1294988, misses = 932, hit rate = 99.93%
jump prediction, hits = 16660064, misses = 1965472, hit rate = 89.45%
 dgels_
**** Debug Statistics at 201000000 Cycles *****
Threads: 4		Fetch Width: 8
No of useful instructions fetched:	514352455 (31.99% proc util.)
No of total instructions fetched:	667977878 (41.54% proc util.)
 includes 19118975 misfetch (2.9%), 134506448 (20.1%) wrong-path fetches
 and 0 flushed after failed lock(0.0%)
No of useful instructions issued/executed:	514352416 (31.99% proc util.)
No of total instructions issued/executed:	573517404 (35.67% proc util.)
 includes 59164988 wrong-path (10.3%) insts and 0 flushed (0.0%)
	fp 6022, 0.00%
	synch 0, 0.00%
	integer 398665170, 69.51%
	load/store 174846212, 30.49%
Avg size of int IQ (before scheduling): 22.47
Avg size of fp IQ (before scheduling): 0.00
No of cycles taken:		201000000
Parallelism [ 1.057, 0.000, 0.733, 0.769,] = 2.559
 IQ conflicts: 1493884 (0.74%), FQ conflicts: 0 (0.00%) 
 I reg conflicts: 98892669 (49.20%), FP reg conflicts: 0 (0.00%)
  Activelist confs: 236 (0.00%), ROB confs: 74421 (0.04%)
  Int unit conflicts: 201409134 (100.20%), FP unit conflicts: 6 (0.00%)
  Load/store unit conflicts: 20907010 (10.40%)
  MSHR conflicts: 25101309 (12.49%)
----------------------------------------
==== System-wide Cache Statistics ====
Stall for miss queue full 0 cycles (0.00%)
----------------------------------------
==== Statistics for Master ID: 0 ====
Reads: 113793081   Writes: 15545134
ICACHE: size: 64 KB assoc: 2
ICACHE: hits:70128412 misses:145027  Hit Ratio: 99.79%
DCACHE: size: 16 KB assoc: 4
DCACHE: hits:57636661 misses:1428115 writebacks:1427348  Hit Ratio: 97.58%
SCACHE: size: 512 KB assoc: 2
SCACHE: hits:1134273 misses:438869  Hit Ratio: 72.10%
3CACHE: size: 4096 KB assoc: 2
3CACHE: hits:324418 misses:114451  Hit Ratio: 73.92%
3CACHE: dirty items replaced:20607
ITLB: size: 48, misses 389, miss rate 0.00%
DTLB: size: 128, misses 45649, miss rate 0.08%
Avg mem delay: 3.672 cycles
----------------------------------------
==== Statistics for Master ID: 2 ====
Reads: 117281640   Writes: 20238697
ICACHE: size: 64 KB assoc: 2
ICACHE: hits:67066328 misses:979218  Hit Ratio: 98.56%
DCACHE: size: 16 KB assoc: 4
DCACHE: hits:67644275 misses:1830516 writebacks:1830095  Hit Ratio: 97.37%
SCACHE: size: 512 KB assoc: 2
SCACHE: hits:2100884 misses:708850  Hit Ratio: 74.77%
3CACHE: size: 4096 KB assoc: 2
3CACHE: hits:560338 misses:148511  Hit Ratio: 79.05%
3CACHE: dirty items replaced:22315
ITLB: size: 48, misses 45538, miss rate 0.07%
DTLB: size: 128, misses 108798, miss rate 0.16%
Avg mem delay: 3.672 cycles
----------------------------------------
==== Statistics for Master ID: 3 ====
Reads: 86289858   Writes: 15480823
ICACHE: size: 64 KB assoc: 2
ICACHE: hits:55546556 misses:137538  Hit Ratio: 99.75%
DCACHE: size: 16 KB assoc: 4
DCACHE: hits:43173186 misses:2913401 writebacks:2699716  Hit Ratio: 93.68%
SCACHE: size: 512 KB assoc: 2
SCACHE: hits:956804 misses:2094135  Hit Ratio: 31.36%
3CACHE: size: 4096 KB assoc: 2
3CACHE: hits:136422 misses:1957713  Hit Ratio: 6.51%
3CACHE: dirty items replaced:113909
ITLB: size: 48, misses 333, miss rate 0.00%
DTLB: size: 128, misses 117418, miss rate 0.25%
Avg mem delay: 3.672 cycles
----------------------------------------
==== Global Resource Utilization ====
STASH: size: 65536 entries, full 825641237, empty 15795458, misses 1425199, full rate 97.96
icache bank util. 0.110 0.087 0.078 0.100 0.132 0.224 0.124 0.128 
dcache bank util. 0.103 0.126 0.142 0.128 0.169 0.096 0.164 0.122 
L2 bank util. 0.039 0.040 0.039 0.041 0.040 0.038 0.045 0.055 
L1-L2 bus util. = 0.200, L3 util. = 0.110
----------------------------------------
branch prediction, hits = 41229697, misses = 6764092, hit rate = 85.91%
return_stack prediction, hits = 4084882, misses = 2211, hit rate = 99.95%
jump prediction, hits = 45294902, misses = 5178671, hit rate = 89.74%

**** Debug Statistics at 301000000 Cycles *****
Threads: 4		Fetch Width: 8
No of useful instructions fetched:	902262880 (37.47% proc util.)
No of total instructions fetched:	1198418306 (49.77% proc util.)
 includes 33508285 misfetch (2.8%), 262647141 (21.9%) wrong-path fetches
 and 0 flushed after failed lock(0.0%)
No of useful instructions issued/executed:	902262849 (37.47% proc util.)
No of total instructions issued/executed:	1019751881 (42.35% proc util.)
 includes 117489032 wrong-path (11.5%) insts and 0 flushed (0.0%)
	fp 6134, 0.00%
	synch 0, 0.00%
	integer 711449538, 69.77%
	load/store 308296209, 30.23%
Avg size of int IQ (before scheduling): 25.30
Avg size of fp IQ (before scheduling): 0.00
No of cycles taken:		301000000
Parallelism [ 1.168, 0.000, 0.846, 0.983,] = 2.998
 IQ conflicts: 3137290 (1.04%), FQ conflicts: 0 (0.00%) 
 I reg conflicts: 116686933 (38.77%), FP reg conflicts: 0 (0.00%)
  Activelist confs: 743 (0.00%), ROB confs: 205733 (0.07%)
  Int unit conflicts: 441516360 (146.68%), FP unit conflicts: 6 (0.00%)
  Load/store unit conflicts: 43599978 (14.49%)
  MSHR conflicts: 44276526 (14.71%)
----------------------------------------
==== System-wide Cache Statistics ====
Stall for miss queue full 0 cycles (0.00%)
----------------------------------------
==== Statistics for Master ID: 0 ====
Reads: 195480795   Writes: 26526695
ICACHE: size: 64 KB assoc: 2
ICACHE: hits:121508877 misses:300447  Hit Ratio: 99.75%
DCACHE: size: 16 KB assoc: 4
DCACHE: hits:97644248 misses:2553918 writebacks:2553151  Hit Ratio: 97.45%
SCACHE: size: 512 KB assoc: 2
SCACHE: hits:2193522 misses:660843  Hit Ratio: 76.85%
3CACHE: size: 4096 KB assoc: 2
3CACHE: hits:488928 misses:171915  Hit Ratio: 73.99%
3CACHE: dirty items replaced:38465
ITLB: size: 48, misses 639, miss rate 0.00%
DTLB: size: 128, misses 106076, miss rate 0.11%
Avg mem delay: 2.762 cycles
----------------------------------------
==== Statistics for Master ID: 2 ====
Reads: 208541204   Writes: 35157829
ICACHE: size: 64 KB assoc: 2
ICACHE: hits:119903580 misses:1682175  Hit Ratio: 98.62%
DCACHE: size: 16 KB assoc: 4
DCACHE: hits:118970436 misses:3142842 writebacks:3142421  Hit Ratio: 97.43%
SCACHE: size: 512 KB assoc: 2
SCACHE: hits:3714036 misses:1110980  Hit Ratio: 76.97%
3CACHE: size: 4096 KB assoc: 2
3CACHE: hits:909143 misses:201836  Hit Ratio: 81.83%
3CACHE: dirty items replaced:38702
ITLB: size: 48, misses 65213, miss rate 0.05%
DTLB: size: 128, misses 234549, miss rate 0.19%
Avg mem delay: 2.762 cycles
----------------------------------------
==== Statistics for Master ID: 3 ====
Reads: 165297701   Writes: 26044309
ICACHE: size: 64 KB assoc: 2
ICACHE: hits:105494608 misses:290587  Hit Ratio: 99.73%
DCACHE: size: 16 KB assoc: 4
DCACHE: hits:81525469 misses:4031346 writebacks:3817661  Hit Ratio: 95.29%
SCACHE: size: 512 KB assoc: 2
SCACHE: hits:2000353 misses:2321580  Hit Ratio: 46.28%
3CACHE: size: 4096 KB assoc: 2
3CACHE: hits:302413 misses:2019167  Hit Ratio: 13.03%
3CACHE: dirty items replaced:132761
ITLB: size: 48, misses 620, miss rate 0.00%
DTLB: size: 128, misses 177709, miss rate 0.21%
Avg mem delay: 2.762 cycles
----------------------------------------
==== Global Resource Utilization ====
STASH: size: 65536 entries, full 1409168217, empty 25740274, misses 2307096, full rate 98.05
icache bank util. 0.136 0.110 0.096 0.122 0.165 0.240 0.153 0.161 
dcache bank util. 0.123 0.143 0.161 0.146 0.199 0.109 0.194 0.140 
L2 bank util. 0.041 0.042 0.041 0.043 0.042 0.040 0.046 0.053 
L1-L2 bus util. = 0.214, L3 util. = 0.079
----------------------------------------
branch prediction, hits = 68676263, misses = 11969753, hit rate = 85.16%
return_stack prediction, hits = 7163513, misses = 2405, hit rate = 99.97%
jump prediction, hits = 75772894, misses = 8975314, hit rate = 89.41%
 dgemm_
**** Debug Statistics at 401000000 Cycles *****
Threads: 4		Fetch Width: 8
No of useful instructions fetched:	1308156689 (40.78% proc util.)
No of total instructions fetched:	1735766470 (54.11% proc util.)
 includes 42889693 misfetch (2.5%), 384720088 (22.2%) wrong-path fetches
 and 0 flushed after failed lock(0.0%)
No of useful instructions issued/executed:	1308156647 (40.78% proc util.)
No of total instructions issued/executed:	1480060472 (46.14% proc util.)
 includes 171903825 wrong-path (11.6%) insts and 0 flushed (0.0%)
	fp 25982, 0.00%
	synch 0, 0.00%
	integer 1036839298, 70.05%
	load/store 443195192, 29.94%
Avg size of int IQ (before scheduling): 27.14
Avg size of fp IQ (before scheduling): 0.00
No of cycles taken:		401000000
Parallelism [ 1.236, 0.000, 0.918, 1.108,] = 3.262
 IQ conflicts: 4992691 (1.25%), FQ conflicts: 0 (0.00%) 
 I reg conflicts: 133446160 (33.28%), FP reg conflicts: 0 (0.00%)
  Activelist confs: 1183 (0.00%), ROB confs: 388573 (0.10%)
  Int unit conflicts: 708537435 (176.69%), FP unit conflicts: 6 (0.00%)
  Load/store unit conflicts: 66768486 (16.65%)
  MSHR conflicts: 62591427 (15.61%)
----------------------------------------
==== System-wide Cache Statistics ====
Stall for miss queue full 0 cycles (0.00%)
----------------------------------------
==== Statistics for Master ID: 0 ====
Reads: 279500546   Writes: 37507136
ICACHE: size: 64 KB assoc: 2
ICACHE: hits:174264676 misses:451817  Hit Ratio: 99.74%
DCACHE: size: 16 KB assoc: 4
DCACHE: hits:138588293 misses:3702896 writebacks:3702129  Hit Ratio: 97.40%
SCACHE: size: 512 KB assoc: 2
SCACHE: hits:3284868 misses:869845  Hit Ratio: 79.06%
3CACHE: size: 4096 KB assoc: 2
3CACHE: hits:646972 misses:222873  Hit Ratio: 74.38%
3CACHE: dirty items replaced:55814
ITLB: size: 48, misses 900, miss rate 0.00%
DTLB: size: 128, misses 146630, miss rate 0.10%
Avg mem delay: 2.388 cycles
----------------------------------------
==== Statistics for Master ID: 2 ====
Reads: 298111329   Writes: 50163106
ICACHE: size: 64 KB assoc: 2
ICACHE: hits:172405416 misses:2225023  Hit Ratio: 98.73%
DCACHE: size: 16 KB assoc: 4
DCACHE: hits:169302523 misses:4341473 writebacks:4341052  Hit Ratio: 97.50%
SCACHE: size: 512 KB assoc: 2
SCACHE: hits:5044994 misses:1521502  Hit Ratio: 76.83%
3CACHE: size: 4096 KB assoc: 2
3CACHE: hits:1257217 misses:264285  Hit Ratio: 82.63%
3CACHE: dirty items replaced:59363
ITLB: size: 48, misses 87788, miss rate 0.05%
DTLB: size: 128, misses 329918, miss rate 0.19%
Avg mem delay: 2.388 cycles
----------------------------------------
==== Statistics for Master ID: 3 ====
Reads: 246371316   Writes: 37352568
ICACHE: size: 64 KB assoc: 2
ICACHE: hits:156561474 misses:440414  Hit Ratio: 99.72%
DCACHE: size: 16 KB assoc: 4
DCACHE: hits:121760037 misses:4961959 writebacks:4748274  Hit Ratio: 96.08%
SCACHE: size: 512 KB assoc: 2
SCACHE: hits:2861695 misses:2540677  Hit Ratio: 52.97%
3CACHE: size: 4096 KB assoc: 2
3CACHE: hits:462708 misses:2077969  Hit Ratio: 18.21%
3CACHE: dirty items replaced:153107
ITLB: size: 48, misses 935, miss rate 0.00%
DTLB: size: 128, misses 220533, miss rate 0.17%
Avg mem delay: 2.388 cycles
----------------------------------------
==== Global Resource Utilization ====
STASH: size: 65536 entries, full 2000090469, empty 34364839, misses 3072621, full rate 98.16
icache bank util. 0.149 0.120 0.107 0.136 0.181 0.247 0.168 0.179 
dcache bank util. 0.130 0.150 0.171 0.152 0.215 0.118 0.213 0.147 
L2 bank util. 0.042 0.042 0.042 0.043 0.042 0.040 0.044 0.051 
L1-L2 bus util. = 0.216, L3 util. = 0.064
----------------------------------------
branch prediction, hits = 97594350, misses = 16729303, hit rate = 85.37%
return_stack prediction, hits = 10289453, misses = 4174, hit rate = 99.96%
jump prediction, hits = 109468579, misses = 11637122, hit rate = 90.39%
 dgemv_ dgeqr2_ dgeqrf_
**** Debug Statistics at 501000000 Cycles *****
Threads: 4		Fetch Width: 8
No of useful instructions fetched:	1689531525 (42.15% proc util.)
No of total instructions fetched:	2255392107 (56.27% proc util.)
 includes 54700277 misfetch (2.4%), 511160305 (22.7%) wrong-path fetches
 and 0 flushed after failed lock(0.0%)
No of useful instructions issued/executed:	1689531507 (42.15% proc util.)
No of total instructions issued/executed:	1918807111 (47.87% proc util.)
 includes 229275604 wrong-path (11.9%) insts and 0 flushed (0.0%)
	fp 31129, 0.00%
	synch 0, 0.00%
	integer 1345551624, 70.12%
	load/store 573224358, 29.87%
Avg size of int IQ (before scheduling): 27.98
Avg size of fp IQ (before scheduling): 0.00
No of cycles taken:		501000000
Parallelism [ 1.265, 0.000, 0.936, 1.171,] = 3.372
 IQ conflicts: 6715021 (1.34%), FQ conflicts: 0 (0.00%) 
 I reg conflicts: 152788140 (30.50%), FP reg conflicts: 0 (0.00%)
  Activelist confs: 1458 (0.00%), ROB confs: 472622 (0.09%)
  Int unit conflicts: 937744996 (187.17%), FP unit conflicts: 7 (0.00%)
  Load/store unit conflicts: 87078830 (17.38%)
  MSHR conflicts: 74845982 (14.94%)
----------------------------------------
==== System-wide Cache Statistics ====
Stall for miss queue full 0 cycles (0.00%)
----------------------------------------
==== Statistics for Master ID: 0 ====
Reads: 361167243   Writes: 48105959
ICACHE: size: 64 KB assoc: 2
ICACHE: hits:225610992 misses:621205  Hit Ratio: 99.73%
DCACHE: size: 16 KB assoc: 4
DCACHE: hits:178189298 misses:4851707 writebacks:4850940  Hit Ratio: 97.35%
SCACHE: size: 512 KB assoc: 2
SCACHE: hits:4390757 misses:1082154  Hit Ratio: 80.23%
3CACHE: size: 4096 KB assoc: 2
3CACHE: hits:787056 misses:295098  Hit Ratio: 72.73%
3CACHE: dirty items replaced:88679
ITLB: size: 48, misses 1143, miss rate 0.00%
DTLB: size: 128, misses 193484, miss rate 0.11%
Avg mem delay: 2.201 cycles
----------------------------------------
==== Statistics for Master ID: 2 ====
Reads: 384033769   Writes: 64451511
ICACHE: size: 64 KB assoc: 2
ICACHE: hits:222145974 misses:2902497  Hit Ratio: 98.71%
DCACHE: size: 16 KB assoc: 4
DCACHE: hits:217919817 misses:5516992 writebacks:5516571  Hit Ratio: 97.53%
SCACHE: size: 512 KB assoc: 2
SCACHE: hits:6513385 misses:1906104  Hit Ratio: 77.36%
3CACHE: size: 4096 KB assoc: 2
3CACHE: hits:1557283 misses:348821  Hit Ratio: 81.70%
3CACHE: dirty items replaced:96730
ITLB: size: 48, misses 117369, miss rate 0.05%
DTLB: size: 128, misses 432653, miss rate 0.19%
Avg mem delay: 2.201 cycles
----------------------------------------
==== Statistics for Master ID: 3 ====
Reads: 324883108   Writes: 47928789
ICACHE: size: 64 KB assoc: 2
ICACHE: hits:206144325 misses:603340  Hit Ratio: 99.71%
DCACHE: size: 16 KB assoc: 4
DCACHE: hits:160099064 misses:5965168 writebacks:5751483  Hit Ratio: 96.41%
SCACHE: size: 512 KB assoc: 2
SCACHE: hits:3808902 misses:2759606  Hit Ratio: 57.99%
3CACHE: size: 4096 KB assoc: 2
3CACHE: hits:604396 misses:2155210  Hit Ratio: 21.90%
3CACHE: dirty items replaced:188190
ITLB: size: 48, misses 1262, miss rate 0.00%
DTLB: size: 128, misses 267601, miss rate 0.16%
Avg mem delay: 2.201 cycles
----------------------------------------
==== Global Resource Utilization ====
STASH: size: 65536 entries, full 2570522696, empty 44724465, misses 3985176, full rate 98.14
icache bank util. 0.155 0.125 0.112 0.143 0.189 0.250 0.176 0.187 
dcache bank util. 0.133 0.156 0.178 0.156 0.221 0.121 0.219 0.152 
L2 bank util. 0.042 0.042 0.042 0.043 0.043 0.040 0.044 0.050 
L1-L2 bus util. = 0.219, L3 util. = 0.056
----------------------------------------
branch prediction, hits = 124040021, misses = 21755611, hit rate = 85.08%
return_stack prediction, hits = 13327854, misses = 6105, hit rate = 99.95%
jump prediction, hits = 140095926, misses = 14873999, hit rate = 90.40%
 dger_
**** Early Exiting at 578256617 Cycles *****
========================================
 SMTSIM Global Statistics
========================================
Threads: 4		Fetch Width: 8
No of useful instructions fetched:	2000000147 (43.23% proc util.)
No of total instructions fetched:	2680946487 (57.95% proc util.)
 includes 65433228 misfetch (2.4%), 615513112 (23.0%) wrong-path fetches
 and 0 flushed after failed lock(0.0%)
No of useful instructions issued/executed:	2000000106 (43.23% proc util.)
No of total instructions issued/executed:	2275255507 (49.18% proc util.)
 includes 275255401 wrong-path (12.1%) insts and 0 flushed (0.0%)
	fp 36959, 0.00%
	synch 0, 0.00%
	integer 1595659293, 70.13%
	load/store 679559255, 29.87%
Avg size of int IQ (before scheduling): 28.39
Avg size of fp IQ (before scheduling): 0.00
No of cycles taken:		578256617
Parallelism [ 1.288, 0.000, 0.957, 1.213,] = 3.459
 IQ conflicts: 7843268 (1.36%), FQ conflicts: 0 (0.00%) 
 I reg conflicts: 164363371 (28.42%), FP reg conflicts: 0 (0.00%)
  Activelist confs: 1792 (0.00%), ROB confs: 546162 (0.09%)
  Int unit conflicts: 1129744330 (195.37%), FP unit conflicts: 7 (0.00%)
  Load/store unit conflicts: 104106774 (18.00%)
  MSHR conflicts: 83341283 (14.41%)
----------------------------------------
==== System-wide Cache Statistics ====
Stall for miss queue full 0 cycles (0.00%)
----------------------------------------
==== Statistics for Master ID: 0 ====
Reads: 426511576   Writes: 56557353
ICACHE: size: 64 KB assoc: 2
ICACHE: hits:266863998 misses:754553  Hit Ratio: 99.72%
DCACHE: size: 16 KB assoc: 4
DCACHE: hits:209747485 misses:5702893 writebacks:5702126  Hit Ratio: 97.35%
SCACHE: size: 512 KB assoc: 2
SCACHE: hits:5218322 misses:1239124  Hit Ratio: 80.81%
3CACHE: size: 4096 KB assoc: 2
3CACHE: hits:903029 misses:336095  Hit Ratio: 72.88%
3CACHE: dirty items replaced:105282
ITLB: size: 48, misses 1349, miss rate 0.00%
DTLB: size: 128, misses 228869, miss rate 0.11%
Avg mem delay: 2.085 cycles
----------------------------------------
==== Statistics for Master ID: 2 ====
Reads: 456504328   Writes: 76012653
ICACHE: size: 64 KB assoc: 2
ICACHE: hits:264221995 misses:3455356  Hit Ratio: 98.71%
DCACHE: size: 16 KB assoc: 4
DCACHE: hits:258438125 misses:6401505 writebacks:6401084  Hit Ratio: 97.58%
SCACHE: size: 512 KB assoc: 2
SCACHE: hits:7697353 misses:2159508  Hit Ratio: 78.09%
3CACHE: size: 4096 KB assoc: 2
3CACHE: hits:1774587 misses:384921  Hit Ratio: 82.18%
3CACHE: dirty items replaced:112172
ITLB: size: 48, misses 135416, miss rate 0.05%
DTLB: size: 128, misses 504332, miss rate 0.19%
Avg mem delay: 2.085 cycles
----------------------------------------
==== Statistics for Master ID: 3 ====
Reads: 388568556   Writes: 56949402
ICACHE: size: 64 KB assoc: 2
ICACHE: hits:246340003 misses:731034  Hit Ratio: 99.70%
DCACHE: size: 16 KB assoc: 4
DCACHE: hits:191719027 misses:6727894 writebacks:6514209  Hit Ratio: 96.61%
SCACHE: size: 512 KB assoc: 2
SCACHE: hits:4534153 misses:2924774  Hit Ratio: 60.79%
3CACHE: size: 4096 KB assoc: 2
3CACHE: hits:722761 misses:2202013  Hit Ratio: 24.71%
3CACHE: dirty items replaced:207046
ITLB: size: 48, misses 1539, miss rate 0.00%
DTLB: size: 128, misses 301302, miss rate 0.15%
Avg mem delay: 2.085 cycles
----------------------------------------
==== Global Resource Utilization ====
STASH: size: 65536 entries, full 3037827364, empty 52852304, misses 4706781, full rate 98.14
icache bank util. 0.161 0.130 0.116 0.148 0.195 0.253 0.182 0.193 
dcache bank util. 0.137 0.159 0.183 0.159 0.229 0.123 0.224 0.155 
L2 bank util. 0.042 0.042 0.042 0.043 0.043 0.040 0.044 0.050 
L1-L2 bus util. = 0.220, L3 util. = 0.051
----------------------------------------
branch prediction, hits = 145589970, misses = 26037885, hit rate = 84.83%
return_stack prediction, hits = 15854014, misses = 6740, hit rate = 99.96%
jump prediction, hits = 164719081, misses = 17758459, hit rate = 90.27%
total IPC 3.459

=== Results saved to: ./results/gzip-program_2_gcc-scilab_1_gzip-source_1.txt ===
