===== 执行信息 =====
Cache目录：smtc64
执行命令：./smtsim ../gzip-source.arg2 ../gzip-program.arg ../randacc.arg
执行时间：2026-04-17 12:06:25
返回码：0
===== 输出内容 =====
SMTCache
Process 0, Thread 0: gzip-source
Process 0, Thread 1: gzip-source
Process 2, Thread 2: gzip-program
Process 3, Thread 3: randacc

**** Debug Statistics at 1000000 Cycles *****
Threads: 4		Fetch Width: 8
No of useful instructions fetched:	574009 (7.18% proc util.)
No of total instructions fetched:	585946 (7.32% proc util.)
 includes 2700 misfetch (0.5%), 9237 (1.6%) wrong-path fetches
 and 0 flushed after failed lock(0.0%)
No of useful instructions issued/executed:	573957 (7.17% proc util.)
No of total instructions issued/executed:	576525 (7.21% proc util.)
 includes 2568 wrong-path (0.4%) insts and 0 flushed (0.0%)
	fp 38, 0.01%
	synch 0, 0.00%
	integer 469937, 81.51%
	load/store 106550, 18.48%
Avg size of int IQ (before scheduling): 37.05
Avg size of fp IQ (before scheduling): 0.00
No of cycles taken:		1000000
Parallelism [ 0.087, 0.000, 0.085, 0.402,] = 0.574
 IQ conflicts: 843 (0.08%), FQ conflicts: 0 (0.00%) 
 I reg conflicts: 911423 (91.14%), FP reg conflicts: 0 (0.00%)
  Activelist confs: 0 (0.00%), ROB confs: 0 (0.00%)
  Int unit conflicts: 3156 (0.32%), FP unit conflicts: 0 (0.00%)
  Load/store unit conflicts: 1547 (0.15%)
  MSHR conflicts: 1220111 (122.01%)
----------------------------------------
==== System-wide Cache Statistics ====
Stall for miss queue full 0 cycles (0.00%)
----------------------------------------
==== Statistics for Master ID: 0 ====
Reads: 67017   Writes: 14235
ICACHE: size: 64 KB assoc: 2
ICACHE: hits:39416 misses:214  Hit Ratio: 99.46%
DCACHE: size: 16 KB assoc: 4
DCACHE: hits:23452 misses:18170 writebacks:13323  Hit Ratio: 56.35%
SCACHE: size: 512 KB assoc: 2
SCACHE: hits:4708 misses:13676  Hit Ratio: 25.61%
3CACHE: size: 4096 KB assoc: 2
3CACHE: hits:0 misses:13676  Hit Ratio: 0.00%
3CACHE: dirty items replaced:0
ITLB: size: 48, misses 18, miss rate 0.05%
DTLB: size: 128, misses 3351, miss rate 8.05%
Avg mem delay: 167.173 cycles
----------------------------------------
==== Statistics for Master ID: 2 ====
Reads: 65495   Writes: 14001
ICACHE: size: 64 KB assoc: 2
ICACHE: hits:38441 misses:207  Hit Ratio: 99.46%
DCACHE: size: 16 KB assoc: 4
DCACHE: hits:22869 misses:17979 writebacks:13126  Hit Ratio: 55.99%
SCACHE: size: 512 KB assoc: 2
SCACHE: hits:4712 misses:13472  Hit Ratio: 25.91%
3CACHE: size: 4096 KB assoc: 2
3CACHE: hits:0 misses:13472  Hit Ratio: 0.00%
3CACHE: dirty items replaced:0
ITLB: size: 48, misses 18, miss rate 0.05%
DTLB: size: 128, misses 3303, miss rate 8.09%
Avg mem delay: 167.173 cycles
----------------------------------------
==== Statistics for Master ID: 3 ====
Reads: 102550   Writes: 36
ICACHE: size: 64 KB assoc: 2
ICACHE: hits:78486 misses:25  Hit Ratio: 99.97%
DCACHE: size: 16 KB assoc: 4
DCACHE: hits:18755 misses:5320 writebacks:13  Hit Ratio: 77.90%
SCACHE: size: 512 KB assoc: 2
SCACHE: hits:4475 misses:870  Hit Ratio: 83.72%
3CACHE: size: 4096 KB assoc: 2
3CACHE: hits:129 misses:741  Hit Ratio: 14.83%
3CACHE: dirty items replaced:0
ITLB: size: 48, misses 4, miss rate 0.01%
DTLB: size: 128, misses 111, miss rate 0.46%
Avg mem delay: 167.173 cycles
----------------------------------------
==== Global Resource Utilization ====
STASH: size: 65536 entries, full 596060, empty 4580, misses 399, full rate 99.17
icache bank util. 0.042 0.027 0.013 0.001 0.001 0.001 0.012 0.062 
dcache bank util. 0.004 0.004 0.030 0.004 0.004 0.016 0.244 0.004 
L2 bank util. 0.005 0.004 0.004 0.005 0.005 0.005 0.370 0.004 
L1-L2 bus util. = 0.205, L3 util. = 0.279
----------------------------------------
branch prediction, hits = 30432, misses = 543, hit rate = 98.25%
return_stack prediction, hits = 166, misses = 18, hit rate = 90.22%
jump prediction, hits = 41917, misses = 594, hit rate = 98.60%

**** Debug Statistics at 101000000 Cycles *****
Threads: 4		Fetch Width: 8
No of useful instructions fetched:	79384738 (9.82% proc util.)
No of total instructions fetched:	79767881 (9.87% proc util.)
 includes 4263 misfetch (0.0%), 378880 (0.5%) wrong-path fetches
 and 0 flushed after failed lock(0.0%)
No of useful instructions issued/executed:	79384728 (9.82% proc util.)
No of total instructions issued/executed:	79444911 (9.83% proc util.)
 includes 60183 wrong-path (0.1%) insts and 0 flushed (0.0%)
	fp 66, 0.00%
	synch 0, 0.00%
	integer 63602834, 80.06%
	load/store 15842011, 19.94%
Avg size of int IQ (before scheduling): 16.56
Avg size of fp IQ (before scheduling): 0.00
No of cycles taken:		101000000
Parallelism [ 0.233, 0.000, 0.204, 0.350,] = 0.786
 IQ conflicts: 863 (0.00%), FQ conflicts: 0 (0.00%) 
 I reg conflicts: 90286811 (89.39%), FP reg conflicts: 0 (0.00%)
  Activelist confs: 0 (0.00%), ROB confs: 0 (0.00%)
  Int unit conflicts: 3090417 (3.06%), FP unit conflicts: 0 (0.00%)
  Load/store unit conflicts: 104056 (0.10%)
  MSHR conflicts: 42535398 (42.11%)
----------------------------------------
==== System-wide Cache Statistics ====
Stall for miss queue full 0 cycles (0.00%)
----------------------------------------
==== Statistics for Master ID: 0 ====
Reads: 10409501   Writes: 3911972
ICACHE: size: 64 KB assoc: 2
ICACHE: hits:6312399 misses:313  Hit Ratio: 100.00%
DCACHE: size: 16 KB assoc: 4
DCACHE: hits:6816745 misses:1192016 writebacks:650109  Hit Ratio: 85.12%
SCACHE: size: 512 KB assoc: 2
SCACHE: hits:75966 misses:1116363  Hit Ratio: 6.37%
3CACHE: size: 4096 KB assoc: 2
3CACHE: hits:0 misses:1116363  Hit Ratio: 0.00%
3CACHE: dirty items replaced:0
ITLB: size: 48, misses 19, miss rate 0.00%
DTLB: size: 128, misses 60704, miss rate 0.76%
Avg mem delay: 41.757 cycles
----------------------------------------
==== Statistics for Master ID: 2 ====
Reads: 8900209   Writes: 2772684
ICACHE: size: 64 KB assoc: 2
ICACHE: hits:5942765 misses:292  Hit Ratio: 100.00%
DCACHE: size: 16 KB assoc: 4
DCACHE: hits:4822342 misses:907494 writebacks:507711  Hit Ratio: 84.16%
SCACHE: size: 512 KB assoc: 2
SCACHE: hits:76244 misses:831542  Hit Ratio: 8.40%
3CACHE: size: 4096 KB assoc: 2
3CACHE: hits:0 misses:831541  Hit Ratio: 0.00%
3CACHE: dirty items replaced:0
ITLB: size: 48, misses 19, miss rate 0.00%
DTLB: size: 128, misses 56253, miss rate 0.98%
Avg mem delay: 41.757 cycles
----------------------------------------
==== Statistics for Master ID: 3 ====
Reads: 11194398   Writes: 36
ICACHE: size: 64 KB assoc: 2
ICACHE: hits:9091000 misses:25  Hit Ratio: 100.00%
DCACHE: size: 16 KB assoc: 4
DCACHE: hits:1638917 misses:464492 writebacks:13  Hit Ratio: 77.92%
SCACHE: size: 512 KB assoc: 2
SCACHE: hits:419477 misses:45040  Hit Ratio: 90.30%
3CACHE: size: 4096 KB assoc: 2
3CACHE: hits:34034 misses:11006  Hit Ratio: 75.56%
3CACHE: dirty items replaced:0
ITLB: size: 48, misses 4, miss rate 0.00%
DTLB: size: 128, misses 1430, miss rate 0.07%
Avg mem delay: 41.757 cycles
----------------------------------------
==== Global Resource Utilization ====
STASH: size: 65536 entries, full 81243665, empty 5571, misses 478, full rate 99.99
icache bank util. 0.043 0.028 0.016 0.000 0.000 0.074 0.009 0.041 
dcache bank util. 0.027 0.027 0.031 0.027 0.027 0.038 0.039 0.050 
L2 bank util. 0.024 0.024 0.024 0.024 0.024 0.024 0.041 0.058 
L1-L2 bus util. = 0.111, L3 util. = 0.194
----------------------------------------
branch prediction, hits = 8445723, misses = 32762, hit rate = 99.61%
return_stack prediction, hits = 460, misses = 20, hit rate = 95.83%
jump prediction, hits = 9480788, misses = 974, hit rate = 99.99%

**** Debug Statistics at 201000000 Cycles *****
Threads: 4		Fetch Width: 8
No of useful instructions fetched:	175321947 (10.90% proc util.)
No of total instructions fetched:	177173410 (11.02% proc util.)
 includes 5193 misfetch (0.0%), 1846270 (1.0%) wrong-path fetches
 and 0 flushed after failed lock(0.0%)
No of useful instructions issued/executed:	175321928 (10.90% proc util.)
No of total instructions issued/executed:	175868661 (10.94% proc util.)
 includes 546733 wrong-path (0.3%) insts and 0 flushed (0.0%)
	fp 66, 0.00%
	synch 0, 0.00%
	integer 140141774, 79.69%
	load/store 35726821, 20.31%
Avg size of int IQ (before scheduling): 15.29
Avg size of fp IQ (before scheduling): 0.00
No of cycles taken:		201000000
Parallelism [ 0.272, 0.000, 0.228, 0.373,] = 0.872
 IQ conflicts: 1094 (0.00%), FQ conflicts: 0 (0.00%) 
 I reg conflicts: 177437562 (88.28%), FP reg conflicts: 0 (0.00%)
  Activelist confs: 0 (0.00%), ROB confs: 0 (0.00%)
  Int unit conflicts: 6889067 (3.43%), FP unit conflicts: 0 (0.00%)
  Load/store unit conflicts: 329881 (0.16%)
  MSHR conflicts: 93180181 (46.36%)
----------------------------------------
==== System-wide Cache Statistics ====
Stall for miss queue full 0 cycles (0.00%)
----------------------------------------
==== Statistics for Master ID: 0 ====
Reads: 23246629   Writes: 7576751
ICACHE: size: 64 KB assoc: 2
ICACHE: hits:13704379 misses:501  Hit Ratio: 100.00%
DCACHE: size: 16 KB assoc: 4
DCACHE: hits:15017684 misses:2100816 writebacks:1067791  Hit Ratio: 87.73%
SCACHE: size: 512 KB assoc: 2
SCACHE: hits:152841 misses:1948476  Hit Ratio: 7.27%
3CACHE: size: 4096 KB assoc: 2
3CACHE: hits:21168 misses:1927308  Hit Ratio: 1.09%
3CACHE: dirty items replaced:252
ITLB: size: 48, misses 25, miss rate 0.00%
DTLB: size: 128, misses 88155, miss rate 0.51%
Avg mem delay: 29.721 cycles
----------------------------------------
==== Statistics for Master ID: 2 ====
Reads: 19676227   Writes: 6980252
ICACHE: size: 64 KB assoc: 2
ICACHE: hits:12511008 misses:340  Hit Ratio: 100.00%
DCACHE: size: 16 KB assoc: 4
DCACHE: hits:12185717 misses:1959414 writebacks:1033668  Hit Ratio: 86.15%
SCACHE: size: 512 KB assoc: 2
SCACHE: hits:76244 misses:1883510  Hit Ratio: 3.89%
3CACHE: size: 4096 KB assoc: 2
3CACHE: hits:0 misses:1883510  Hit Ratio: 0.00%
3CACHE: dirty items replaced:1826
ITLB: size: 48, misses 19, miss rate 0.00%
DTLB: size: 128, misses 72710, miss rate 0.51%
Avg mem delay: 29.721 cycles
----------------------------------------
==== Statistics for Master ID: 3 ====
Reads: 25297715   Writes: 115
ICACHE: size: 64 KB assoc: 2
ICACHE: hits:20834620 misses:25  Hit Ratio: 100.00%
DCACHE: size: 16 KB assoc: 4
DCACHE: hits:3477894 misses:985291 writebacks:77  Hit Ratio: 77.92%
SCACHE: size: 512 KB assoc: 2
SCACHE: hits:893586 misses:91730  Hit Ratio: 90.69%
3CACHE: size: 4096 KB assoc: 2
3CACHE: hits:69804 misses:21926  Hit Ratio: 76.10%
3CACHE: dirty items replaced:203
ITLB: size: 48, misses 4, miss rate 0.00%
DTLB: size: 128, misses 1713, miss rate 0.04%
Avg mem delay: 29.721 cycles
----------------------------------------
==== Global Resource Utilization ====
STASH: size: 65536 entries, full 180202082, empty 7876, misses 648, full rate 100.00
icache bank util. 0.048 0.033 0.020 0.002 0.002 0.092 0.006 0.031 
dcache bank util. 0.031 0.032 0.034 0.032 0.031 0.043 0.039 0.043 
L2 bank util. 0.026 0.026 0.026 0.026 0.026 0.026 0.035 0.043 
L1-L2 bus util. = 0.107, L3 util. = 0.191
----------------------------------------
branch prediction, hits = 18737867, misses = 157877, hit rate = 99.16%
return_stack prediction, hits = 44302, misses = 20, hit rate = 99.95%
jump prediction, hits = 21086162, misses = 1254, hit rate = 99.99%

**** Debug Statistics at 301000000 Cycles *****
Threads: 4		Fetch Width: 8
No of useful instructions fetched:	616375177 (25.60% proc util.)
No of total instructions fetched:	679818566 (28.23% proc util.)
 includes 157259 misfetch (0.0%), 63286130 (9.3%) wrong-path fetches
 and 0 flushed after failed lock(0.0%)
No of useful instructions issued/executed:	616375137 (25.60% proc util.)
No of total instructions issued/executed:	641215698 (26.63% proc util.)
 includes 24840561 wrong-path (3.9%) insts and 0 flushed (0.0%)
	fp 66, 0.00%
	synch 0, 0.00%
	integer 511695400, 79.80%
	load/store 129520232, 20.20%
Avg size of int IQ (before scheduling): 21.46
Avg size of fp IQ (before scheduling): 0.00
No of cycles taken:		301000000
Parallelism [ 0.706, 0.000, 0.631, 0.711,] = 2.048
 IQ conflicts: 141848 (0.05%), FQ conflicts: 0 (0.00%) 
 I reg conflicts: 204619006 (67.98%), FP reg conflicts: 0 (0.00%)
  Activelist confs: 0 (0.00%), ROB confs: 131 (0.00%)
  Int unit conflicts: 239810962 (79.67%), FP unit conflicts: 0 (0.00%)
  Load/store unit conflicts: 4865823 (1.62%)
  MSHR conflicts: 94620865 (31.44%)
----------------------------------------
==== System-wide Cache Statistics ====
Stall for miss queue full 0 cycles (0.00%)
----------------------------------------
==== Statistics for Master ID: 0 ====
Reads: 106234714   Writes: 19649658
ICACHE: size: 64 KB assoc: 2
ICACHE: hits:64349788 misses:34891  Hit Ratio: 99.95%
DCACHE: size: 16 KB assoc: 4
DCACHE: hits:58139618 misses:3360075 writebacks:1587682  Hit Ratio: 94.54%
SCACHE: size: 512 KB assoc: 2
SCACHE: hits:1332948 misses:2062018  Hit Ratio: 39.26%
3CACHE: size: 4096 KB assoc: 2
3CACHE: hits:84550 misses:1977468  Hit Ratio: 4.10%
3CACHE: dirty items replaced:8659
ITLB: size: 48, misses 25, miss rate 0.00%
DTLB: size: 128, misses 92934, miss rate 0.15%
Avg mem delay: 7.381 cycles
----------------------------------------
==== Statistics for Master ID: 2 ====
Reads: 99101220   Writes: 17915148
ICACHE: size: 64 KB assoc: 2
ICACHE: hits:61727540 misses:32273  Hit Ratio: 99.95%
DCACHE: size: 16 KB assoc: 4
DCACHE: hits:51908058 misses:3348497 writebacks:1582989  Hit Ratio: 93.94%
SCACHE: size: 512 KB assoc: 2
SCACHE: hits:1189402 misses:2191368  Hit Ratio: 35.18%
3CACHE: size: 4096 KB assoc: 2
3CACHE: hits:47245 misses:2144123  Hit Ratio: 2.16%
3CACHE: dirty items replaced:14412
ITLB: size: 48, misses 25, miss rate 0.00%
DTLB: size: 128, misses 93453, miss rate 0.17%
Avg mem delay: 7.381 cycles
----------------------------------------
==== Statistics for Master ID: 3 ====
Reads: 78150785   Writes: 173
ICACHE: size: 64 KB assoc: 2
ICACHE: hits:65386969 misses:25  Hit Ratio: 100.00%
DCACHE: size: 16 KB assoc: 4
DCACHE: hits:9949305 misses:2814659 writebacks:131  Hit Ratio: 77.95%
SCACHE: size: 512 KB assoc: 2
SCACHE: hits:2695914 misses:118770  Hit Ratio: 95.78%
3CACHE: size: 4096 KB assoc: 2
3CACHE: hits:79246 misses:39524  Hit Ratio: 66.72%
3CACHE: dirty items replaced:6909
ITLB: size: 48, misses 4, miss rate 0.00%
DTLB: size: 128, misses 2142, miss rate 0.02%
Avg mem delay: 7.381 cycles
----------------------------------------
==== Global Resource Utilization ====
STASH: size: 65536 entries, full 728812847, empty 13473, misses 1035, full rate 100.00
icache bank util. 0.123 0.093 0.057 0.033 0.053 0.134 0.054 0.090 
dcache bank util. 0.051 0.064 0.071 0.059 0.086 0.069 0.092 0.064 
L2 bank util. 0.029 0.029 0.029 0.029 0.029 0.029 0.035 0.042 
L1-L2 bus util. = 0.127, L3 util. = 0.138
----------------------------------------
branch prediction, hits = 43931454, misses = 2852287, hit rate = 93.90%
return_stack prediction, hits = 1995424, misses = 20, hit rate = 100.00%
jump prediction, hits = 57492249, misses = 70692, hit rate = 99.88%

**** Debug Statistics at 401000000 Cycles *****
Threads: 4		Fetch Width: 8
No of useful instructions fetched:	1106039864 (34.48% proc util.)
No of total instructions fetched:	1231318143 (38.38% proc util.)
 includes 268334 misfetch (0.0%), 125009945 (10.2%) wrong-path fetches
 and 0 flushed after failed lock(0.0%)
No of useful instructions issued/executed:	1106039797 (34.48% proc util.)
No of total instructions issued/executed:	1153468563 (35.96% proc util.)
 includes 47428766 wrong-path (4.1%) insts and 0 flushed (0.0%)
	fp 66, 0.00%
	synch 0, 0.00%
	integer 921250801, 79.87%
	load/store 232217696, 20.13%
Avg size of int IQ (before scheduling): 25.35
Avg size of fp IQ (before scheduling): 0.00
No of cycles taken:		401000000
Parallelism [ 0.954, 0.000, 0.900, 0.904,] = 2.758
 IQ conflicts: 324681 (0.08%), FQ conflicts: 0 (0.00%) 
 I reg conflicts: 225087094 (56.13%), FP reg conflicts: 0 (0.00%)
  Activelist confs: 0 (0.00%), ROB confs: 131 (0.00%)
  Int unit conflicts: 531090033 (132.44%), FP unit conflicts: 0 (0.00%)
  Load/store unit conflicts: 9896370 (2.47%)
  MSHR conflicts: 95324247 (23.77%)
----------------------------------------
==== System-wide Cache Statistics ====
Stall for miss queue full 0 cycles (0.00%)
----------------------------------------
==== Statistics for Master ID: 0 ====
Reads: 193806503   Writes: 32389815
ICACHE: size: 64 KB assoc: 2
ICACHE: hits:118382255 misses:52183  Hit Ratio: 99.96%
DCACHE: size: 16 KB assoc: 4
DCACHE: hits:103315460 misses:4446420 writebacks:2053820  Hit Ratio: 95.87%
SCACHE: size: 512 KB assoc: 2
SCACHE: hits:2334555 misses:2164048  Hit Ratio: 51.90%
3CACHE: size: 4096 KB assoc: 2
3CACHE: hits:138020 misses:2026028  Hit Ratio: 6.38%
3CACHE: dirty items replaced:19313
ITLB: size: 48, misses 25, miss rate 0.00%
DTLB: size: 128, misses 96925, miss rate 0.09%
Avg mem delay: 4.469 cycles
----------------------------------------
==== Statistics for Master ID: 2 ====
Reads: 189866214   Writes: 30463326
ICACHE: size: 64 KB assoc: 2
ICACHE: hits:117461493 misses:50343  Hit Ratio: 99.96%
DCACHE: size: 16 KB assoc: 4
DCACHE: hits:98354008 misses:4463696 writebacks:2066439  Hit Ratio: 95.66%
SCACHE: size: 512 KB assoc: 2
SCACHE: hits:2228134 misses:2285905  Hit Ratio: 49.36%
3CACHE: size: 4096 KB assoc: 2
3CACHE: hits:99855 misses:2186050  Hit Ratio: 4.37%
3CACHE: dirty items replaced:24942
ITLB: size: 48, misses 25, miss rate 0.00%
DTLB: size: 128, misses 96939, miss rate 0.09%
Avg mem delay: 4.469 cycles
----------------------------------------
==== Statistics for Master ID: 3 ====
Reads: 134966630   Writes: 235
ICACHE: size: 64 KB assoc: 2
ICACHE: hits:113328759 misses:25  Hit Ratio: 100.00%
DCACHE: size: 16 KB assoc: 4
DCACHE: hits:16869212 misses:4768869 writebacks:190  Hit Ratio: 77.96%
SCACHE: size: 512 KB assoc: 2
SCACHE: hits:4630163 misses:138731  Hit Ratio: 97.09%
3CACHE: size: 4096 KB assoc: 2
3CACHE: hits:84553 misses:54178  Hit Ratio: 60.95%
3CACHE: dirty items replaced:15305
ITLB: size: 48, misses 4, miss rate 0.00%
DTLB: size: 128, misses 2271, miss rate 0.01%
Avg mem delay: 4.469 cycles
----------------------------------------
==== Global Resource Utilization ====
STASH: size: 65536 entries, full 1328658898, empty 13506, misses 1038, full rate 100.00
icache bank util. 0.169 0.129 0.079 0.053 0.081 0.154 0.081 0.125 
dcache bank util. 0.062 0.081 0.094 0.074 0.121 0.084 0.121 0.076 
L2 bank util. 0.029 0.029 0.029 0.029 0.029 0.029 0.034 0.040 
L1-L2 bus util. = 0.134, L3 util. = 0.106
----------------------------------------
branch prediction, hits = 71492965, misses = 5525035, hit rate = 92.83%
return_stack prediction, hits = 4086092, misses = 20, hit rate = 100.00%
jump prediction, hits = 96896489, misses = 120550, hit rate = 99.88%

**** Debug Statistics at 501000000 Cycles *****
Threads: 4		Fetch Width: 8
No of useful instructions fetched:	1591544626 (39.71% proc util.)
No of total instructions fetched:	1781322678 (44.44% proc util.)
 includes 420874 misfetch (0.0%), 189357178 (10.6%) wrong-path fetches
 and 0 flushed after failed lock(0.0%)
No of useful instructions issued/executed:	1591544555 (39.71% proc util.)
No of total instructions issued/executed:	1663161215 (41.50% proc util.)
 includes 71616660 wrong-path (4.3%) insts and 0 flushed (0.0%)
	fp 66, 0.00%
	synch 0, 0.00%
	integer 1328193823, 79.86%
	load/store 334967326, 20.14%
Avg size of int IQ (before scheduling): 27.60
Avg size of fp IQ (before scheduling): 0.00
No of cycles taken:		501000000
Parallelism [ 1.101, 0.000, 1.057, 1.019,] = 3.177
 IQ conflicts: 507237 (0.10%), FQ conflicts: 0 (0.00%) 
 I reg conflicts: 245615038 (49.02%), FP reg conflicts: 0 (0.00%)
  Activelist confs: 0 (0.00%), ROB confs: 131 (0.00%)
  Int unit conflicts: 817022011 (163.08%), FP unit conflicts: 0 (0.00%)
  Load/store unit conflicts: 14966354 (2.99%)
  MSHR conflicts: 96011183 (19.16%)
----------------------------------------
==== System-wide Cache Statistics ====
Stall for miss queue full 0 cycles (0.00%)
----------------------------------------
==== Statistics for Master ID: 0 ====
Reads: 281050461   Writes: 44812716
ICACHE: size: 64 KB assoc: 2
ICACHE: hits:172283425 misses:67909  Hit Ratio: 99.96%
DCACHE: size: 16 KB assoc: 4
DCACHE: hits:147934437 misses:5577406 writebacks:2523254  Hit Ratio: 96.37%
SCACHE: size: 512 KB assoc: 2
SCACHE: hits:3378300 misses:2267015  Hit Ratio: 59.84%
3CACHE: size: 4096 KB assoc: 2
3CACHE: hits:193339 misses:2073676  Hit Ratio: 8.53%
3CACHE: dirty items replaced:28531
ITLB: size: 48, misses 25, miss rate 0.00%
DTLB: size: 128, misses 100764, miss rate 0.07%
Avg mem delay: 3.418 cycles
----------------------------------------
==== Statistics for Master ID: 2 ====
Reads: 280951476   Writes: 43474409
ICACHE: size: 64 KB assoc: 2
ICACHE: hits:173372598 misses:69847  Hit Ratio: 99.96%
DCACHE: size: 16 KB assoc: 4
DCACHE: hits:145323121 misses:5660319 writebacks:2587251  Hit Ratio: 96.25%
SCACHE: size: 512 KB assoc: 2
SCACHE: hits:3346937 misses:2383229  Hit Ratio: 58.41%
3CACHE: size: 4096 KB assoc: 2
3CACHE: hits:154934 misses:2228295  Hit Ratio: 6.50%
3CACHE: dirty items replaced:34603
ITLB: size: 48, misses 25, miss rate 0.00%
DTLB: size: 128, misses 100314, miss rate 0.07%
Avg mem delay: 3.418 cycles
----------------------------------------
==== Statistics for Master ID: 3 ====
Reads: 191562985   Writes: 291
ICACHE: size: 64 KB assoc: 2
ICACHE: hits:161091257 misses:25  Hit Ratio: 100.00%
DCACHE: size: 16 KB assoc: 4
DCACHE: hits:23758302 misses:6713692 writebacks:242  Hit Ratio: 77.97%
SCACHE: size: 512 KB assoc: 2
SCACHE: hits:6553100 misses:160617  Hit Ratio: 97.61%
3CACHE: size: 4096 KB assoc: 2
3CACHE: hits:90776 misses:69841  Hit Ratio: 56.52%
3CACHE: dirty items replaced:23374
ITLB: size: 48, misses 4, miss rate 0.00%
DTLB: size: 128, misses 2410, miss rate 0.01%
Avg mem delay: 3.418 cycles
----------------------------------------
==== Global Resource Utilization ====
STASH: size: 65536 entries, full 1927713813, empty 13533, misses 1039, full rate 100.00
icache bank util. 0.196 0.151 0.093 0.066 0.098 0.166 0.097 0.147 
dcache bank util. 0.069 0.091 0.108 0.083 0.142 0.092 0.138 0.083 
L2 bank util. 0.029 0.030 0.030 0.030 0.029 0.029 0.033 0.039 
L1-L2 bus util. = 0.139, L3 util. = 0.087
----------------------------------------
branch prediction, hits = 98517799, misses = 8296518, hit rate = 92.23%
return_stack prediction, hits = 6186707, misses = 20, hit rate = 100.00%
jump prediction, hits = 135827360, misses = 188167, hit rate = 99.86%

**** Early Exiting at 586245463 Cycles *****
========================================
 SMTSIM Global Statistics
========================================
Threads: 4		Fetch Width: 8
No of useful instructions fetched:	2000000105 (42.64% proc util.)
No of total instructions fetched:	2247903332 (47.93% proc util.)
 includes 550364 misfetch (0.0%), 247352863 (11.0%) wrong-path fetches
 and 0 flushed after failed lock(0.0%)
No of useful instructions issued/executed:	2000000053 (42.64% proc util.)
No of total instructions issued/executed:	2094187613 (44.65% proc util.)
 includes 94187560 wrong-path (4.5%) insts and 0 flushed (0.0%)
	fp 66, 0.00%
	synch 0, 0.00%
	integer 1672404534, 79.86%
	load/store 421783013, 20.14%
Avg size of int IQ (before scheduling): 28.84
Avg size of fp IQ (before scheduling): 0.00
No of cycles taken:		586245463
Parallelism [ 1.185, 0.000, 1.141, 1.085,] = 3.412
 IQ conflicts: 642826 (0.11%), FQ conflicts: 0 (0.00%) 
 I reg conflicts: 263324294 (44.92%), FP reg conflicts: 0 (0.00%)
  Activelist confs: 0 (0.00%), ROB confs: 131 (0.00%)
  Int unit conflicts: 1052101820 (179.46%), FP unit conflicts: 0 (0.00%)
  Load/store unit conflicts: 19383750 (3.31%)
  MSHR conflicts: 96553908 (16.47%)
----------------------------------------
==== System-wide Cache Statistics ====
Stall for miss queue full 0 cycles (0.00%)
----------------------------------------
==== Statistics for Master ID: 0 ====
Reads: 355483040   Writes: 55550725
ICACHE: size: 64 KB assoc: 2
ICACHE: hits:218159798 misses:85679  Hit Ratio: 99.96%
DCACHE: size: 16 KB assoc: 4
DCACHE: hits:186242989 misses:6545299 writebacks:2925432  Hit Ratio: 96.60%
SCACHE: size: 512 KB assoc: 2
SCACHE: hits:4275023 misses:2355955  Hit Ratio: 64.47%
3CACHE: size: 4096 KB assoc: 2
3CACHE: hits:241067 misses:2114888  Hit Ratio: 10.23%
3CACHE: dirty items replaced:37975
ITLB: size: 48, misses 25, miss rate 0.00%
DTLB: size: 128, misses 104197, miss rate 0.05%
Avg mem delay: 2.953 cycles
----------------------------------------
==== Statistics for Master ID: 2 ====
Reads: 358042824   Writes: 53939718
ICACHE: size: 64 KB assoc: 2
ICACHE: hits:220865326 misses:93635  Hit Ratio: 99.96%
DCACHE: size: 16 KB assoc: 4
DCACHE: hits:184145989 misses:6877592 writebacks:3066650  Hit Ratio: 96.40%
SCACHE: size: 512 KB assoc: 2
SCACHE: hits:4507137 misses:2464090  Hit Ratio: 64.65%
3CACHE: size: 4096 KB assoc: 2
3CACHE: hits:199150 misses:2264940  Hit Ratio: 8.08%
3CACHE: dirty items replaced:42796
ITLB: size: 48, misses 25, miss rate 0.00%
DTLB: size: 128, misses 103168, miss rate 0.05%
Avg mem delay: 2.953 cycles
----------------------------------------
==== Statistics for Master ID: 3 ====
Reads: 239645942   Writes: 342
ICACHE: size: 64 KB assoc: 2
ICACHE: hits:201675174 misses:25  Hit Ratio: 100.00%
DCACHE: size: 16 KB assoc: 4
DCACHE: hits:29606416 misses:8364669 writebacks:291  Hit Ratio: 77.97%
SCACHE: size: 512 KB assoc: 2
SCACHE: hits:8184337 misses:180357  Hit Ratio: 97.84%
3CACHE: size: 4096 KB assoc: 2
3CACHE: hits:96287 misses:84070  Hit Ratio: 53.39%
3CACHE: dirty items replaced:30729
ITLB: size: 48, misses 4, miss rate 0.00%
DTLB: size: 128, misses 2545, miss rate 0.01%
Avg mem delay: 2.953 cycles
----------------------------------------
==== Global Resource Utilization ====
STASH: size: 65536 entries, full 2436749261, empty 13547, misses 1040, full rate 100.00
icache bank util. 0.211 0.163 0.100 0.072 0.108 0.174 0.106 0.159 
dcache bank util. 0.073 0.097 0.115 0.088 0.154 0.097 0.149 0.088 
L2 bank util. 0.030 0.030 0.031 0.030 0.030 0.030 0.033 0.039 
L1-L2 bus util. = 0.143, L3 util. = 0.076
----------------------------------------
branch prediction, hits = 121318182, misses = 10786435, hit rate = 91.83%
return_stack prediction, hits = 7977165, misses = 20, hit rate = 100.00%
jump prediction, hits = 168919968, misses = 246974, hit rate = 99.85%
total IPC 3.412

=== Results saved to: ./results/gzip-source_2_gzip-program_1_randacc_1.txt ===
