===== 执行信息 =====
Cache目录：smtc64
执行命令：./smtsim ../gcc-expr.arg2 ../cacherand.arg ../recurseq.arg
执行时间：2026-04-17 11:12:11
返回码：0
===== 输出内容 =====
SMTCache
Process 0, Thread 0: gcc-expr
Process 0, Thread 1: gcc-expr
Process 2, Thread 2: cacherand
Process 3, Thread 3: recurseq

**** Debug Statistics at 1000000 Cycles *****
Threads: 4		Fetch Width: 8
No of useful instructions fetched:	2388924 (29.86% proc util.)
No of total instructions fetched:	3094870 (38.69% proc util.)
 includes 17820 misfetch (0.6%), 688126 (22.2%) wrong-path fetches
 and 0 flushed after failed lock(0.0%)
No of useful instructions issued/executed:	2388877 (29.86% proc util.)
No of total instructions issued/executed:	2767264 (34.59% proc util.)
 includes 378387 wrong-path (13.7%) insts and 0 flushed (0.0%)
	fp 86, 0.00%
	synch 0, 0.00%
	integer 2170491, 78.43%
	load/store 596687, 21.56%
Avg size of int IQ (before scheduling): 16.28
Avg size of fp IQ (before scheduling): 0.00
No of cycles taken:		1000000
Parallelism [ 0.741, 0.000, 0.787, 0.860,] = 2.389
 IQ conflicts: 969 (0.10%), FQ conflicts: 0 (0.00%) 
 I reg conflicts: 546846 (54.68%), FP reg conflicts: 0 (0.00%)
  Activelist confs: 7 (0.00%), ROB confs: 522 (0.05%)
  Int unit conflicts: 1205574 (120.56%), FP unit conflicts: 2 (0.00%)
  Load/store unit conflicts: 51526 (5.15%)
  MSHR conflicts: 8126 (0.81%)
----------------------------------------
==== System-wide Cache Statistics ====
Stall for miss queue full 0 cycles (0.00%)
----------------------------------------
==== Statistics for Master ID: 0 ====
Reads: 447679   Writes: 114065
ICACHE: size: 64 KB assoc: 2
ICACHE: hits:282193 misses:1721  Hit Ratio: 99.39%
DCACHE: size: 16 KB assoc: 4
DCACHE: hits:274386 misses:3444 writebacks:2427  Hit Ratio: 98.76%
SCACHE: size: 512 KB assoc: 2
SCACHE: hits:691 misses:4474  Hit Ratio: 13.38%
3CACHE: size: 4096 KB assoc: 2
3CACHE: hits:177 misses:4297  Hit Ratio: 3.96%
3CACHE: dirty items replaced:1
ITLB: size: 48, misses 108, miss rate 0.04%
DTLB: size: 128, misses 164, miss rate 0.06%
Avg mem delay: 1.860 cycles
----------------------------------------
==== Statistics for Master ID: 2 ====
Reads: 248200   Writes: 35
ICACHE: size: 64 KB assoc: 2
ICACHE: hits:218946 misses:31  Hit Ratio: 99.99%
DCACHE: size: 16 KB assoc: 4
DCACHE: hits:9788 misses:19470 writebacks:13  Hit Ratio: 33.45%
SCACHE: size: 512 KB assoc: 2
SCACHE: hits:18412 misses:1089  Hit Ratio: 94.42%
3CACHE: size: 4096 KB assoc: 2
3CACHE: hits:234 misses:855  Hit Ratio: 21.49%
3CACHE: dirty items replaced:0
ITLB: size: 48, misses 4, miss rate 0.00%
DTLB: size: 128, misses 23, miss rate 0.08%
Avg mem delay: 1.860 cycles
----------------------------------------
==== Statistics for Master ID: 3 ====
Reads: 427925   Writes: 201042
ICACHE: size: 64 KB assoc: 2
ICACHE: hits:339531 misses:34  Hit Ratio: 99.99%
DCACHE: size: 16 KB assoc: 4
DCACHE: hits:281488 misses:7914 writebacks:6335  Hit Ratio: 97.27%
SCACHE: size: 512 KB assoc: 2
SCACHE: hits:2853 misses:5095  Hit Ratio: 35.90%
3CACHE: size: 4096 KB assoc: 2
3CACHE: hits:564 misses:4531  Hit Ratio: 11.07%
3CACHE: dirty items replaced:0
ITLB: size: 48, misses 4, miss rate 0.00%
DTLB: size: 128, misses 99, miss rate 0.03%
Avg mem delay: 1.860 cycles
----------------------------------------
==== Global Resource Utilization ====
STASH: size: 65536 entries, full 3233751, empty 42377, misses 4041, full rate 98.58
icache bank util. 0.248 0.268 0.060 0.041 0.030 0.038 0.043 0.121 
dcache bank util. 0.070 0.079 0.067 0.148 0.066 0.072 0.114 0.099 
L2 bank util. 0.029 0.030 0.029 0.029 0.029 0.029 0.029 0.029 
L1-L2 bus util. = 0.124, L3 util. = 0.097
----------------------------------------
branch prediction, hits = 190707, misses = 7592, hit rate = 96.17%
return_stack prediction, hits = 13536, misses = 20775, hit rate = 39.45%
jump prediction, hits = 243449, misses = 5417, hit rate = 97.82%
 init_expr_once init_expr save_expr_status restore_expr_status enqueue_insn protect_from_queue queued_subexp_p emit_queue init_queue convert_move
**** Debug Statistics at 101000000 Cycles *****
Threads: 4		Fetch Width: 8
No of useful instructions fetched:	362465064 (44.86% proc util.)
No of total instructions fetched:	596853805 (73.87% proc util.)
 includes 15513770 misfetch (2.6%), 218874971 (36.7%) wrong-path fetches
 and 0 flushed after failed lock(0.0%)
No of useful instructions issued/executed:	362465048 (44.86% proc util.)
No of total instructions issued/executed:	475116975 (58.80% proc util.)
 includes 112651927 wrong-path (23.7%) insts and 0 flushed (0.0%)
	fp 2489, 0.00%
	synch 0, 0.00%
	integer 356284894, 74.99%
	load/store 118829592, 25.01%
Avg size of int IQ (before scheduling): 27.62
Avg size of fp IQ (before scheduling): 0.00
No of cycles taken:		101000000
Parallelism [ 1.155, 0.000, 1.259, 1.175,] = 3.589
 IQ conflicts: 323217 (0.32%), FQ conflicts: 0 (0.00%) 
 I reg conflicts: 14147786 (14.01%), FP reg conflicts: 0 (0.00%)
  Activelist confs: 76 (0.00%), ROB confs: 26446 (0.03%)
  Int unit conflicts: 210158905 (208.08%), FP unit conflicts: 8 (0.00%)
  Load/store unit conflicts: 9399968 (9.31%)
  MSHR conflicts: 1861066 (1.84%)
----------------------------------------
==== System-wide Cache Statistics ====
Stall for miss queue full 0 cycles (0.00%)
----------------------------------------
==== Statistics for Master ID: 0 ====
Reads: 99453078   Writes: 15882561
ICACHE: size: 64 KB assoc: 2
ICACHE: hits:58976541 misses:712646  Hit Ratio: 98.81%
DCACHE: size: 16 KB assoc: 4
DCACHE: hits:54369984 misses:1276468 writebacks:422941  Hit Ratio: 97.71%
SCACHE: size: 512 KB assoc: 2
SCACHE: hits:1647893 misses:341221  Hit Ratio: 82.85%
3CACHE: size: 4096 KB assoc: 2
3CACHE: hits:266789 misses:74431  Hit Ratio: 78.19%
3CACHE: dirty items replaced:3206
ITLB: size: 48, misses 28899, miss rate 0.05%
DTLB: size: 128, misses 30285, miss rate 0.05%
Avg mem delay: 1.351 cycles
----------------------------------------
==== Statistics for Master ID: 2 ====
Reads: 43728661   Writes: 35
ICACHE: size: 64 KB assoc: 2
ICACHE: hits:38978629 misses:39861  Hit Ratio: 99.90%
DCACHE: size: 16 KB assoc: 4
DCACHE: hits:1568698 misses:3141508 writebacks:13  Hit Ratio: 33.30%
SCACHE: size: 512 KB assoc: 2
SCACHE: hits:3126791 misses:54578  Hit Ratio: 98.28%
3CACHE: size: 4096 KB assoc: 2
3CACHE: hits:51349 misses:3229  Hit Ratio: 94.08%
3CACHE: dirty items replaced:179
ITLB: size: 48, misses 4, miss rate 0.00%
DTLB: size: 128, misses 29, miss rate 0.00%
Avg mem delay: 1.351 cycles
----------------------------------------
==== Statistics for Master ID: 3 ====
Reads: 88807294   Writes: 35812029
ICACHE: size: 64 KB assoc: 2
ICACHE: hits:66307623 misses:36778  Hit Ratio: 99.94%
DCACHE: size: 16 KB assoc: 4
DCACHE: hits:57348212 misses:926710 writebacks:586499  Hit Ratio: 98.41%
SCACHE: size: 512 KB assoc: 2
SCACHE: hits:811966 misses:151522  Hit Ratio: 84.27%
3CACHE: size: 4096 KB assoc: 2
3CACHE: hits:140269 misses:11253  Hit Ratio: 92.57%
3CACHE: dirty items replaced:669
ITLB: size: 48, misses 4, miss rate 0.00%
DTLB: size: 128, misses 5535, miss rate 0.01%
Avg mem delay: 1.351 cycles
----------------------------------------
==== Global Resource Utilization ====
STASH: size: 65536 entries, full 627755546, empty 12931838, misses 1162799, full rate 97.80
icache bank util. 0.495 0.470 0.094 0.077 0.085 0.082 0.077 0.278 
dcache bank util. 0.136 0.137 0.179 0.362 0.138 0.146 0.137 0.128 
L2 bank util. 0.046 0.045 0.044 0.047 0.044 0.043 0.043 0.043 
L1-L2 bus util. = 0.212, L3 util. = 0.009
----------------------------------------
branch prediction, hits = 23438776, misses = 2619112, hit rate = 89.95%
return_stack prediction, hits = 1565551, misses = 5314957, hit rate = 22.75%
jump prediction, hits = 28642499, misses = 4123997, hit rate = 87.41%
 convert_to_mode
**** Debug Statistics at 201000000 Cycles *****
Threads: 4		Fetch Width: 8
No of useful instructions fetched:	733160990 (45.59% proc util.)
No of total instructions fetched:	1204278405 (74.89% proc util.)
 includes 30391074 misfetch (2.5%), 440726341 (36.6%) wrong-path fetches
 and 0 flushed after failed lock(0.0%)
No of useful instructions issued/executed:	733160959 (45.59% proc util.)
No of total instructions issued/executed:	959044194 (59.64% proc util.)
 includes 225883235 wrong-path (23.6%) insts and 0 flushed (0.0%)
	fp 3665, 0.00%
	synch 0, 0.00%
	integer 716969446, 74.76%
	load/store 242071083, 25.24%
Avg size of int IQ (before scheduling): 27.85
Avg size of fp IQ (before scheduling): 0.00
No of cycles taken:		201000000
Parallelism [ 1.208, 0.000, 1.258, 1.182,] = 3.648
 IQ conflicts: 533704 (0.27%), FQ conflicts: 0 (0.00%) 
 I reg conflicts: 25407912 (12.64%), FP reg conflicts: 0 (0.00%)
  Activelist confs: 76 (0.00%), ROB confs: 63617 (0.03%)
  Int unit conflicts: 439928138 (218.87%), FP unit conflicts: 11 (0.00%)
  Load/store unit conflicts: 20668323 (10.28%)
  MSHR conflicts: 5074765 (2.52%)
----------------------------------------
==== System-wide Cache Statistics ====
Stall for miss queue full 0 cycles (0.00%)
----------------------------------------
==== Statistics for Master ID: 0 ====
Reads: 205929401   Writes: 33175771
ICACHE: size: 64 KB assoc: 2
ICACHE: hits:122049769 misses:1415738  Hit Ratio: 98.85%
DCACHE: size: 16 KB assoc: 4
DCACHE: hits:113162255 misses:2477410 writebacks:856898  Hit Ratio: 97.86%
SCACHE: size: 512 KB assoc: 2
SCACHE: hits:3283856 misses:609292  Hit Ratio: 84.35%
3CACHE: size: 4096 KB assoc: 2
3CACHE: hits:498246 misses:111046  Hit Ratio: 81.77%
3CACHE: dirty items replaced:11598
ITLB: size: 48, misses 50956, miss rate 0.04%
DTLB: size: 128, misses 62403, miss rate 0.05%
Avg mem delay: 1.325 cycles
----------------------------------------
==== Statistics for Master ID: 2 ====
Reads: 86569454   Writes: 35
ICACHE: size: 64 KB assoc: 2
ICACHE: hits:77057541 misses:149048  Hit Ratio: 99.81%
DCACHE: size: 16 KB assoc: 4
DCACHE: hits:3118567 misses:6244333 writebacks:13  Hit Ratio: 33.31%
SCACHE: size: 512 KB assoc: 2
SCACHE: hits:6287530 misses:105851  Hit Ratio: 98.34%
3CACHE: size: 4096 KB assoc: 2
3CACHE: hits:99610 misses:6241  Hit Ratio: 94.10%
3CACHE: dirty items replaced:836
ITLB: size: 48, misses 4, miss rate 0.00%
DTLB: size: 128, misses 31, miss rate 0.00%
Avg mem delay: 1.325 cycles
----------------------------------------
==== Statistics for Master ID: 3 ====
Reads: 177841627   Writes: 71739819
ICACHE: size: 64 KB assoc: 2
ICACHE: hits:132768713 misses:133930  Hit Ratio: 99.90%
DCACHE: size: 16 KB assoc: 4
DCACHE: hits:114824737 misses:1854066 writebacks:1172022  Hit Ratio: 98.41%
SCACHE: size: 512 KB assoc: 2
SCACHE: hits:1704148 misses:283848  Hit Ratio: 85.72%
3CACHE: size: 4096 KB assoc: 2
3CACHE: hits:266512 misses:17336  Hit Ratio: 93.89%
3CACHE: dirty items replaced:2046
ITLB: size: 48, misses 4, miss rate 0.00%
DTLB: size: 128, misses 11014, miss rate 0.01%
Avg mem delay: 1.325 cycles
----------------------------------------
==== Global Resource Utilization ====
STASH: size: 65536 entries, full 1268522556, empty 24212410, misses 2174664, full rate 97.96
icache bank util. 0.497 0.479 0.096 0.081 0.088 0.086 0.078 0.279 
dcache bank util. 0.146 0.149 0.181 0.359 0.136 0.143 0.143 0.133 
L2 bank util. 0.049 0.046 0.043 0.047 0.043 0.042 0.042 0.042 
L1-L2 bus util. = 0.213, L3 util. = 0.007
----------------------------------------
branch prediction, hits = 48197618, misses = 5377387, hit rate = 89.96%
return_stack prediction, hits = 3270933, misses = 10656756, hit rate = 23.49%
jump prediction, hits = 58444170, misses = 8138817, hit rate = 87.78%
 move_by_pieces move_by_pieces_ninsns move_by_pieces_1 emit_block_move
**** Debug Statistics at 301000000 Cycles *****
Threads: 4		Fetch Width: 8
No of useful instructions fetched:	1101758897 (45.75% proc util.)
No of total instructions fetched:	1806096635 (75.00% proc util.)
 includes 44415155 misfetch (2.5%), 659922583 (36.5%) wrong-path fetches
 and 0 flushed after failed lock(0.0%)
No of useful instructions issued/executed:	1101758878 (45.75% proc util.)
No of total instructions issued/executed:	1440591191 (59.83% proc util.)
 includes 338832313 wrong-path (23.5%) insts and 0 flushed (0.0%)
	fp 5568, 0.00%
	synch 0, 0.00%
	integer 1075921656, 74.69%
	load/store 364663967, 25.31%
Avg size of int IQ (before scheduling): 28.05
Avg size of fp IQ (before scheduling): 0.00
No of cycles taken:		301000000
Parallelism [ 1.220, 0.000, 1.257, 1.183,] = 3.660
 IQ conflicts: 1022291 (0.34%), FQ conflicts: 0 (0.00%) 
 I reg conflicts: 37701735 (12.53%), FP reg conflicts: 0 (0.00%)
  Activelist confs: 161 (0.00%), ROB confs: 98627 (0.03%)
  Int unit conflicts: 664021372 (220.61%), FP unit conflicts: 19 (0.00%)
  Load/store unit conflicts: 31327282 (10.41%)
  MSHR conflicts: 7159095 (2.38%)
----------------------------------------
==== System-wide Cache Statistics ====
Stall for miss queue full 0 cycles (0.00%)
----------------------------------------
==== Statistics for Master ID: 0 ====
Reads: 310770980   Writes: 51292618
ICACHE: size: 64 KB assoc: 2
ICACHE: hits:184904782 misses:2000402  Hit Ratio: 98.93%
DCACHE: size: 16 KB assoc: 4
DCACHE: hits:171160679 misses:3997735 writebacks:1455494  Hit Ratio: 97.72%
SCACHE: size: 512 KB assoc: 2
SCACHE: hits:5020114 misses:978023  Hit Ratio: 83.69%
3CACHE: size: 4096 KB assoc: 2
3CACHE: hits:825749 misses:152274  Hit Ratio: 84.43%
3CACHE: dirty items replaced:22398
ITLB: size: 48, misses 64345, miss rate 0.03%
DTLB: size: 128, misses 101226, miss rate 0.06%
Avg mem delay: 1.342 cycles
----------------------------------------
==== Statistics for Master ID: 2 ====
Reads: 129031931   Writes: 35
ICACHE: size: 64 KB assoc: 2
ICACHE: hits:114802100 misses:214049  Hit Ratio: 99.81%
DCACHE: size: 16 KB assoc: 4
DCACHE: hits:4668802 misses:9347015 writebacks:13  Hit Ratio: 33.31%
SCACHE: size: 512 KB assoc: 2
SCACHE: hits:9406124 misses:154940  Hit Ratio: 98.38%
3CACHE: size: 4096 KB assoc: 2
3CACHE: hits:146406 misses:8534  Hit Ratio: 94.49%
3CACHE: dirty items replaced:1421
ITLB: size: 48, misses 4, miss rate 0.00%
DTLB: size: 128, misses 37, miss rate 0.00%
Avg mem delay: 1.342 cycles
----------------------------------------
==== Statistics for Master ID: 3 ====
Reads: 266282460   Writes: 107631526
ICACHE: size: 64 KB assoc: 2
ICACHE: hits:198815020 misses:186809  Hit Ratio: 99.91%
DCACHE: size: 16 KB assoc: 4
DCACHE: hits:172137028 misses:2775129 writebacks:1753736  Hit Ratio: 98.41%
SCACHE: size: 512 KB assoc: 2
SCACHE: hits:2525046 misses:436892  Hit Ratio: 85.25%
3CACHE: size: 4096 KB assoc: 2
3CACHE: hits:415105 misses:21787  Hit Ratio: 95.01%
3CACHE: dirty items replaced:3196
ITLB: size: 48, misses 4, miss rate 0.00%
DTLB: size: 128, misses 16451, miss rate 0.01%
Avg mem delay: 1.342 cycles
----------------------------------------
==== Global Resource Utilization ====
STASH: size: 65536 entries, full 1903107879, empty 34956867, misses 3151767, full rate 98.04
icache bank util. 0.495 0.478 0.095 0.083 0.092 0.090 0.078 0.278 
dcache bank util. 0.144 0.141 0.180 0.360 0.138 0.145 0.149 0.145 
L2 bank util. 0.049 0.048 0.044 0.047 0.044 0.042 0.043 0.043 
L1-L2 bus util. = 0.217, L3 util. = 0.006
----------------------------------------
branch prediction, hits = 72843329, misses = 7930171, hit rate = 90.18%
return_stack prediction, hits = 4936485, misses = 15980497, hit rate = 23.60%
jump prediction, hits = 89019066, misses = 11942202, hit rate = 88.17%

**** Debug Statistics at 401000000 Cycles *****
Threads: 4		Fetch Width: 8
No of useful instructions fetched:	1480139215 (46.14% proc util.)
No of total instructions fetched:	2409110426 (75.10% proc util.)
 includes 58081534 misfetch (2.4%), 870889677 (36.1%) wrong-path fetches
 and 0 flushed after failed lock(0.0%)
No of useful instructions issued/executed:	1480139177 (46.14% proc util.)
No of total instructions issued/executed:	1926927135 (60.07% proc util.)
 includes 446787958 wrong-path (23.2%) insts and 0 flushed (0.0%)
	fp 5765, 0.00%
	synch 0, 0.00%
	integer 1438246493, 74.64%
	load/store 488674877, 25.36%
Avg size of int IQ (before scheduling): 28.23
Avg size of fp IQ (before scheduling): 0.00
No of cycles taken:		401000000
Parallelism [ 1.257, 0.000, 1.252, 1.182,] = 3.691
 IQ conflicts: 1621744 (0.40%), FQ conflicts: 0 (0.00%) 
 I reg conflicts: 49788036 (12.42%), FP reg conflicts: 0 (0.00%)
  Activelist confs: 244 (0.00%), ROB confs: 166925 (0.04%)
  Int unit conflicts: 914570134 (228.07%), FP unit conflicts: 33 (0.00%)
  Load/store unit conflicts: 41917740 (10.45%)
  MSHR conflicts: 16216475 (4.04%)
----------------------------------------
==== System-wide Cache Statistics ====
Stall for miss queue full 0 cycles (0.00%)
----------------------------------------
==== Statistics for Master ID: 0 ====
Reads: 419307695   Writes: 69480136
ICACHE: size: 64 KB assoc: 2
ICACHE: hits:249727307 misses:2438536  Hit Ratio: 99.03%
DCACHE: size: 16 KB assoc: 4
DCACHE: hits:230870225 misses:5751763 writebacks:2201331  Hit Ratio: 97.57%
SCACHE: size: 512 KB assoc: 2
SCACHE: hits:6852065 misses:1338234  Hit Ratio: 83.66%
3CACHE: size: 4096 KB assoc: 2
3CACHE: hits:1148551 misses:189683  Hit Ratio: 85.83%
3CACHE: dirty items replaced:35018
ITLB: size: 48, misses 68798, miss rate 0.03%
DTLB: size: 128, misses 137641, miss rate 0.06%
Avg mem delay: 1.350 cycles
----------------------------------------
==== Statistics for Master ID: 2 ====
Reads: 171137459   Writes: 35
ICACHE: size: 64 KB assoc: 2
ICACHE: hits:152294265 misses:245543  Hit Ratio: 99.84%
DCACHE: size: 16 KB assoc: 4
DCACHE: hits:6195812 misses:12401874 writebacks:13  Hit Ratio: 33.31%
SCACHE: size: 512 KB assoc: 2
SCACHE: hits:12438730 misses:208687  Hit Ratio: 98.35%
3CACHE: size: 4096 KB assoc: 2
3CACHE: hits:198136 misses:10551  Hit Ratio: 94.94%
3CACHE: dirty items replaced:1851
ITLB: size: 48, misses 4, miss rate 0.00%
DTLB: size: 128, misses 43, miss rate 0.00%
Avg mem delay: 1.350 cycles
----------------------------------------
==== Statistics for Master ID: 3 ====
Reads: 353483448   Writes: 143272575
ICACHE: size: 64 KB assoc: 2
ICACHE: hits:263872103 misses:215665  Hit Ratio: 99.92%
DCACHE: size: 16 KB assoc: 4
DCACHE: hits:228977266 misses:3690989 writebacks:2332114  Hit Ratio: 98.41%
SCACHE: size: 512 KB assoc: 2
SCACHE: hits:3329228 misses:577426  Hit Ratio: 85.22%
3CACHE: size: 4096 KB assoc: 2
3CACHE: hits:552537 misses:24889  Hit Ratio: 95.69%
3CACHE: dirty items replaced:4077
ITLB: size: 48, misses 4, miss rate 0.00%
DTLB: size: 128, misses 21852, miss rate 0.01%
Avg mem delay: 1.350 cycles
----------------------------------------
==== Global Resource Utilization ====
STASH: size: 65536 entries, full 2540786612, empty 43263209, misses 3914374, full rate 98.18
icache bank util. 0.492 0.481 0.092 0.080 0.095 0.094 0.077 0.280 
dcache bank util. 0.152 0.138 0.179 0.359 0.138 0.143 0.154 0.151 
L2 bank util. 0.049 0.047 0.045 0.047 0.045 0.043 0.044 0.044 
L1-L2 bus util. = 0.219, L3 util. = 0.006
----------------------------------------
branch prediction, hits = 100036488, misses = 10305371, hit rate = 90.66%
return_stack prediction, hits = 6390254, misses = 21272942, hit rate = 23.10%
jump prediction, hits = 121719925, misses = 15547741, hit rate = 88.67%

**** Debug Statistics at 501000000 Cycles *****
Threads: 4		Fetch Width: 8
No of useful instructions fetched:	1849756534 (46.15% proc util.)
No of total instructions fetched:	2991053188 (74.63% proc util.)
 includes 66198026 misfetch (2.2%), 1075098628 (35.9%) wrong-path fetches
 and 0 flushed after failed lock(0.0%)
No of useful instructions issued/executed:	1849756513 (46.15% proc util.)
No of total instructions issued/executed:	2402619994 (59.95% proc util.)
 includes 552863481 wrong-path (23.0%) insts and 0 flushed (0.0%)
	fp 8953, 0.00%
	synch 0, 0.00%
	integer 1795487998, 74.73%
	load/store 607123043, 25.27%
Avg size of int IQ (before scheduling): 28.33
Avg size of fp IQ (before scheduling): 0.00
No of cycles taken:		501000000
Parallelism [ 1.265, 0.000, 1.250, 1.177,] = 3.692
 IQ conflicts: 1875126 (0.37%), FQ conflicts: 0 (0.00%) 
 I reg conflicts: 64422578 (12.86%), FP reg conflicts: 0 (0.00%)
  Activelist confs: 346 (0.00%), ROB confs: 259920 (0.05%)
  Int unit conflicts: 1148682864 (229.28%), FP unit conflicts: 33 (0.00%)
  Load/store unit conflicts: 51951044 (10.37%)
  MSHR conflicts: 19460256 (3.88%)
----------------------------------------
==== System-wide Cache Statistics ====
Stall for miss queue full 0 cycles (0.00%)
----------------------------------------
==== Statistics for Master ID: 0 ====
Reads: 518901804   Writes: 87382125
ICACHE: size: 64 KB assoc: 2
ICACHE: hits:309290757 misses:3083669  Hit Ratio: 99.01%
DCACHE: size: 16 KB assoc: 4
DCACHE: hits:286722019 misses:7187484 writebacks:2943538  Hit Ratio: 97.55%
SCACHE: size: 512 KB assoc: 2
SCACHE: hits:8562431 misses:1708722  Hit Ratio: 83.36%
3CACHE: size: 4096 KB assoc: 2
3CACHE: hits:1486575 misses:222147  Hit Ratio: 87.00%
3CACHE: dirty items replaced:48665
ITLB: size: 48, misses 95545, miss rate 0.03%
DTLB: size: 128, misses 177243, miss rate 0.06%
Avg mem delay: 1.372 cycles
----------------------------------------
==== Statistics for Master ID: 2 ====
Reads: 212854130   Writes: 35
ICACHE: size: 64 KB assoc: 2
ICACHE: hits:189225434 misses:435852  Hit Ratio: 99.77%
DCACHE: size: 16 KB assoc: 4
DCACHE: hits:7727279 misses:15465600 writebacks:13  Hit Ratio: 33.32%
SCACHE: size: 512 KB assoc: 2
SCACHE: hits:15638428 misses:263023  Hit Ratio: 98.35%
3CACHE: size: 4096 KB assoc: 2
3CACHE: hits:248030 misses:14993  Hit Ratio: 94.30%
3CACHE: dirty items replaced:2937
ITLB: size: 48, misses 4, miss rate 0.00%
DTLB: size: 128, misses 46, miss rate 0.00%
Avg mem delay: 1.372 cycles
----------------------------------------
==== Statistics for Master ID: 3 ====
Reads: 438959129   Writes: 177886445
ICACHE: size: 64 KB assoc: 2
ICACHE: hits:327326689 misses:375459  Hit Ratio: 99.89%
DCACHE: size: 16 KB assoc: 4
DCACHE: hits:284548138 misses:4595288 writebacks:2903044  Hit Ratio: 98.41%
SCACHE: size: 512 KB assoc: 2
SCACHE: hits:4239770 misses:730977  Hit Ratio: 85.29%
3CACHE: size: 4096 KB assoc: 2
3CACHE: hits:699256 misses:31721  Hit Ratio: 95.66%
3CACHE: dirty items replaced:5916
ITLB: size: 48, misses 4, miss rate 0.00%
DTLB: size: 128, misses 27190, miss rate 0.01%
Avg mem delay: 1.372 cycles
----------------------------------------
==== Global Resource Utilization ====
STASH: size: 65536 entries, full 3154787886, empty 52565751, misses 4717657, full rate 98.22
icache bank util. 0.489 0.475 0.094 0.082 0.093 0.091 0.075 0.279 
dcache bank util. 0.149 0.137 0.179 0.362 0.140 0.142 0.151 0.148 
L2 bank util. 0.052 0.049 0.045 0.047 0.045 0.043 0.044 0.043 
L1-L2 bus util. = 0.221, L3 util. = 0.005
----------------------------------------
branch prediction, hits = 125422994, misses = 12493291, hit rate = 90.94%
return_stack prediction, hits = 7709585, misses = 26475215, hit rate = 22.55%
jump prediction, hits = 154337666, misses = 17940352, hit rate = 89.59%
 move_block_to_reg move_block_from_reg use_regs group_insns clear_storage emit_move_insn
**** Early Exiting at 543621336 Cycles *****
========================================
 SMTSIM Global Statistics
========================================
Threads: 4		Fetch Width: 8
No of useful instructions fetched:	2000000133 (45.99% proc util.)
No of total instructions fetched:	3234297206 (74.37% proc util.)
 includes 69758823 misfetch (2.2%), 1164538250 (36.0%) wrong-path fetches
 and 0 flushed after failed lock(0.0%)
No of useful instructions issued/executed:	2000000090 (45.99% proc util.)
No of total instructions issued/executed:	2599275825 (59.77% proc util.)
 includes 599275735 wrong-path (23.1%) insts and 0 flushed (0.0%)
	fp 10045, 0.00%
	synch 0, 0.00%
	integer 1944474946, 74.81%
	load/store 654790834, 25.19%
Avg size of int IQ (before scheduling): 28.31
Avg size of fp IQ (before scheduling): 0.00
No of cycles taken:		543621336
Parallelism [ 1.255, 0.000, 1.250, 1.174,] = 3.679
 IQ conflicts: 2018639 (0.37%), FQ conflicts: 0 (0.00%) 
 I reg conflicts: 70425422 (12.95%), FP reg conflicts: 0 (0.00%)
  Activelist confs: 371 (0.00%), ROB confs: 267365 (0.05%)
  Int unit conflicts: 1238566943 (227.84%), FP unit conflicts: 33 (0.00%)
  Load/store unit conflicts: 55639136 (10.23%)
  MSHR conflicts: 19541763 (3.59%)
----------------------------------------
==== System-wide Cache Statistics ====
Stall for miss queue full 0 cycles (0.00%)
----------------------------------------
==== Statistics for Master ID: 0 ====
Reads: 558613597   Writes: 93352612
ICACHE: size: 64 KB assoc: 2
ICACHE: hits:333056499 misses:3372522  Hit Ratio: 99.00%
DCACHE: size: 16 KB assoc: 4
DCACHE: hits:307884600 misses:7652588 writebacks:3044986  Hit Ratio: 97.57%
SCACHE: size: 512 KB assoc: 2
SCACHE: hits:9113166 misses:1911944  Hit Ratio: 82.66%
3CACHE: size: 4096 KB assoc: 2
3CACHE: hits:1668471 misses:243473  Hit Ratio: 87.27%
3CACHE: dirty items replaced:57807
ITLB: size: 48, misses 108144, miss rate 0.03%
DTLB: size: 128, misses 196085, miss rate 0.06%
Avg mem delay: 1.372 cycles
----------------------------------------
==== Statistics for Master ID: 2 ====
Reads: 230845368   Writes: 36
ICACHE: size: 64 KB assoc: 2
ICACHE: hits:205176602 misses:506956  Hit Ratio: 99.75%
DCACHE: size: 16 KB assoc: 4
DCACHE: hits:8383593 misses:16778253 writebacks:14  Hit Ratio: 33.32%
SCACHE: size: 512 KB assoc: 2
SCACHE: hits:16986259 misses:298949  Hit Ratio: 98.27%
3CACHE: size: 4096 KB assoc: 2
3CACHE: hits:282441 misses:16508  Hit Ratio: 94.48%
3CACHE: dirty items replaced:3292
ITLB: size: 48, misses 4, miss rate 0.00%
DTLB: size: 128, misses 51, miss rate 0.00%
Avg mem delay: 1.372 cycles
----------------------------------------
==== Statistics for Master ID: 3 ====
Reads: 475232061   Writes: 192669559
ICACHE: size: 64 KB assoc: 2
ICACHE: hits:354307675 misses:436612  Hit Ratio: 99.88%
DCACHE: size: 16 KB assoc: 4
DCACHE: hits:308182424 misses:4974909 writebacks:3142794  Hit Ratio: 98.41%
SCACHE: size: 512 KB assoc: 2
SCACHE: hits:4589988 misses:821533  Hit Ratio: 84.82%
3CACHE: size: 4096 KB assoc: 2
3CACHE: hits:786589 misses:34944  Hit Ratio: 95.75%
3CACHE: dirty items replaced:6754
ITLB: size: 48, misses 4, miss rate 0.00%
DTLB: size: 128, misses 29472, miss rate 0.01%
Avg mem delay: 1.372 cycles
----------------------------------------
==== Global Resource Utilization ====
STASH: size: 65536 entries, full 3411250792, empty 56863841, misses 5103667, full rate 98.22
icache bank util. 0.489 0.474 0.094 0.082 0.091 0.090 0.075 0.279 
dcache bank util. 0.148 0.136 0.178 0.360 0.139 0.141 0.150 0.146 
L2 bank util. 0.053 0.049 0.044 0.047 0.044 0.043 0.044 0.043 
L1-L2 bus util. = 0.220, L3 util. = 0.005
----------------------------------------
branch prediction, hits = 135214139, misses = 13463513, hit rate = 90.94%
return_stack prediction, hits = 8369911, misses = 28672170, hit rate = 22.60%
jump prediction, hits = 167309928, misses = 18993457, hit rate = 89.81%
total IPC 3.679

=== Results saved to: ./results/gcc-expr_2_cacherand_1_recurseq_1.txt ===
