===== 执行信息 =====
Cache目录：ssmtc64-500-5%
执行命令：./smtsim ../gcc-expr.arg2 ../gzip-source.arg ../recurseq.arg
执行时间：2026-04-16 12:12:00
返回码：0
===== 输出内容 =====
动态重分配参数：每500万周期检查，阈值5
Process 0, Thread 0: gcc-expr
Process 0, Thread 1: gcc-expr
Process 2, Thread 2: gzip-source
Process 3, Thread 3: recurseq
[切片调度] 新安全域0无任何切片，尝试分配空闲切片
[切片管理] 成功绑定切片0 → 安全域0

======================== 切片硬件状态 ========================
切片号 | 所属安全域 | 当前状态    | 路扩展 | LRU touched
------------------------------------------------------------------
  0    |   域0      | 正常运行   |  否   |  0
  1    |   域-1     | 切片空闲   |  否   |  0
  2    |   域-1     | 切片空闲   |  否   |  0
  3    |   域-1     | 切片空闲   |  否   |  0
==================================================================

[切片管理] 成功绑定切片1 → 安全域0，触发【路扩展模式】

======================== 切片硬件状态 ========================
切片号 | 所属安全域 | 当前状态    | 路扩展 | LRU touched
------------------------------------------------------------------
  0    |   域0      | 正常运行   |  是   |  0
  1    |   域0      | 正常运行   |  是   |  0
  2    |   域-1     | 切片空闲   |  否   |  0
  3    |   域-1     | 切片空闲   |  否   |  0
==================================================================

[切片调度] 新安全域2无任何切片，尝试分配空闲切片
[切片管理] 成功绑定切片2 → 安全域2

======================== 切片硬件状态 ========================
切片号 | 所属安全域 | 当前状态    | 路扩展 | LRU touched
------------------------------------------------------------------
  0    |   域0      | 正常运行   |  是   |  320
  1    |   域0      | 正常运行   |  是   |  0
  2    |   域2      | 正常运行   |  否   |  0
  3    |   域-1     | 切片空闲   |  否   |  0
==================================================================

[切片管理] 成功绑定切片3 → 安全域2，触发【路扩展模式】

======================== 切片硬件状态 ========================
切片号 | 所属安全域 | 当前状态    | 路扩展 | LRU touched
------------------------------------------------------------------
  0    |   域0      | 正常运行   |  是   |  320
  1    |   域0      | 正常运行   |  是   |  0
  2    |   域2      | 正常运行   |  是   |  0
  3    |   域2      | 正常运行   |  是   |  0
==================================================================

[切片调度] 新安全域3无任何切片，尝试分配空闲切片
[切片调度] 新安全域3未找到空闲切片，尝试剥夺切片
[切片替换] 优先从【路扩展切片】中选择LRU替换目标...
[切片替换] 找到路扩展切片作为受害者：切片1（最后访问：0）
[切片调度] 安全域3触发切片剥夺：从域0剥夺切片1
[切片剥夺] 周期751：切片1（所属域0）进入待剥夺状态，禁止新替换
[切片剥夺] 周期751：切片1在途请求已清空，开始执行脏行写回
[切片剥夺] 周期751：切片1无脏行，直接完成剥夺
[切片管理] 周期751：原域0仅剩1个切片，关闭路扩展模式
[动态重分配] 周期751：切片1写回完成，自动绑定到域3
[切片管理] 成功绑定切片1 → 安全域3

======================== 切片硬件状态 ========================
切片号 | 所属安全域 | 当前状态    | 路扩展 | LRU touched
------------------------------------------------------------------
  0    |   域0      | 正常运行   |  否   |  320
  1    |   域3      | 正常运行   |  否   |  751
  2    |   域2      | 正常运行   |  是   |  751
  3    |   域2      | 正常运行   |  是   |  0
==================================================================

[切片唤醒] 周期751：域3切片就绪，唤醒等待指令

**** Debug Statistics at 1000000 Cycles *****
Threads: 4		Fetch Width: 8
No of useful instructions fetched:	846658 (10.58% proc util.)
No of total instructions fetched:	974057 (12.18% proc util.)
 includes 11938 misfetch (1.2%), 115461 (11.9%) wrong-path fetches
 and 0 flushed after failed lock(0.0%)
No of useful instructions issued/executed:	846610 (10.58% proc util.)
No of total instructions issued/executed:	903378 (11.29% proc util.)
 includes 56768 wrong-path (6.3%) insts and 0 flushed (0.0%)
	fp 52, 0.01%
	synch 0, 0.00%
	integer 666368, 73.76%
	load/store 236958, 26.23%
Avg size of int IQ (before scheduling): 17.51
Avg size of fp IQ (before scheduling): 0.00
No of cycles taken:		1000000
Parallelism [ 0.272, 0.000, 0.117, 0.457,] = 0.847
 IQ conflicts: 619 (0.06%), FQ conflicts: 0 (0.00%) 
 I reg conflicts: 858511 (85.85%), FP reg conflicts: 0 (0.00%)
  Activelist confs: 0 (0.00%), ROB confs: 0 (0.00%)
  Int unit conflicts: 218914 (21.89%), FP unit conflicts: 0 (0.00%)
  Load/store unit conflicts: 9796 (0.98%)
  MSHR conflicts: 48799 (4.88%)
----------------------------------------
==== System-wide Cache Statistics ====
Stall for miss queue full 0 cycles (0.00%)
----------------------------------------
==== Statistics for Master ID: 0 ====
Reads: 149922   Writes: 34124
ICACHE: size: 64 KB assoc: 2
ICACHE: hits:95589 misses:1158  Hit Ratio: 98.80%
DCACHE: size: 1*16 KB assoc: 1*4
DCACHE: hits:85477 misses:1822 writebacks:1082  Hit Ratio: 97.91%
SCACHE: size: 512 KB assoc: 2
SCACHE: hits:408 misses:2572  Hit Ratio: 13.69%
3CACHE: size: 4096 KB assoc: 2
3CACHE: hits:35 misses:2537  Hit Ratio: 1.36%
3CACHE: dirty items replaced:0
ITLB: size: 48, misses 66, miss rate 0.07%
DTLB: size: 128, misses 263, miss rate 0.30%
Avg mem delay: 33.184 cycles
----------------------------------------
==== Statistics for Master ID: 2 ====
Reads: 89526   Writes: 19168
ICACHE: size: 64 KB assoc: 2
ICACHE: hits:52124 misses:203  Hit Ratio: 99.61%
DCACHE: size: 2*16 KB assoc: 2*4
DCACHE: hits:37949 misses:18418 writebacks:18251  Hit Ratio: 67.32%
SCACHE: size: 512 KB assoc: 2
SCACHE: hits:8 misses:18613  Hit Ratio: 0.04%
3CACHE: size: 4096 KB assoc: 2
3CACHE: hits:0 misses:18613  Hit Ratio: 0.00%
3CACHE: dirty items replaced:0
ITLB: size: 48, misses 18, miss rate 0.03%
DTLB: size: 128, misses 4586, miss rate 8.14%
Avg mem delay: 33.184 cycles
----------------------------------------
==== Statistics for Master ID: 3 ====
Reads: 129430   Writes: 80855
ICACHE: size: 64 KB assoc: 2
ICACHE: hits:117017 misses:30  Hit Ratio: 99.97%
DCACHE: size: 1*16 KB assoc: 1*4
DCACHE: hits:88458 misses:4779 writebacks:4376  Hit Ratio: 94.87%
SCACHE: size: 512 KB assoc: 2
SCACHE: hits:365 misses:4444  Hit Ratio: 7.59%
3CACHE: size: 4096 KB assoc: 2
3CACHE: hits:29 misses:4415  Hit Ratio: 0.65%
3CACHE: dirty items replaced:0
ITLB: size: 48, misses 4, miss rate 0.00%
DTLB: size: 128, misses 94, miss rate 0.10%
Avg mem delay: 33.184 cycles
----------------------------------------
==== Global Resource Utilization ====
STASH: size: 65536 entries, full 1008669, empty 18890, misses 1626, full rate 98.01
icache bank util. 0.034 0.107 0.020 0.015 0.013 0.012 0.021 0.048 
dcache bank util. 0.029 0.031 0.041 0.035 0.022 0.022 0.173 0.030 
L2 bank util. 0.011 0.011 0.011 0.011 0.011 0.011 0.230 0.011 
L1-L2 bus util. = 0.150, L3 util. = 0.256
----------------------------------------

======================== 切片硬件状态 ========================
切片号 | 所属安全域 | 当前状态    | 路扩展 | LRU touched
------------------------------------------------------------------
  0    |   域0      | 正常运行   |  否   |  999927
  1    |   域3      | 正常运行   |  否   |  999926
  2    |   域2      | 正常运行   |  是   |  999925
  3    |   域2      | 正常运行   |  是   |  999889
==================================================================

branch prediction, hits = 103570, misses = 4127, hit rate = 96.17%
return_stack prediction, hits = 3565, misses = 2157, hit rate = 62.30%
jump prediction, hits = 108471, misses = 3306, hit rate = 97.04%
 init_expr_once init_expr save_expr_status restore_expr_status enqueue_insn protect_from_queue queued_subexp_p emit_queue init_queue convert_move
**** Debug Statistics at 101000000 Cycles *****
Threads: 4		Fetch Width: 8
No of useful instructions fetched:	142223630 (17.60% proc util.)
No of total instructions fetched:	203045967 (25.13% proc util.)
 includes 5064777 misfetch (2.5%), 55757560 (27.5%) wrong-path fetches
 and 0 flushed after failed lock(0.0%)
No of useful instructions issued/executed:	142223621 (17.60% proc util.)
No of total instructions issued/executed:	171152274 (21.18% proc util.)
 includes 28928653 wrong-path (16.9%) insts and 0 flushed (0.0%)
	fp 2286, 0.00%
	synch 0, 0.00%
	integer 115653217, 67.57%
	load/store 55496771, 32.43%
Avg size of int IQ (before scheduling): 14.84
Avg size of fp IQ (before scheduling): 0.00
No of cycles taken:		101000000
Parallelism [ 0.475, 0.000, 0.339, 0.594,] = 1.408
 IQ conflicts: 13084 (0.01%), FQ conflicts: 0 (0.00%) 
 I reg conflicts: 71875953 (71.16%), FP reg conflicts: 0 (0.00%)
  Activelist confs: 0 (0.00%), ROB confs: 0 (0.00%)
  Int unit conflicts: 18750968 (18.57%), FP unit conflicts: 1 (0.00%)
  Load/store unit conflicts: 2477534 (2.45%)
  MSHR conflicts: 16535866 (16.37%)
----------------------------------------
==== System-wide Cache Statistics ====
Stall for miss queue full 0 cycles (0.00%)
----------------------------------------
==== Statistics for Master ID: 0 ====
Reads: 33649460   Writes: 5831832
ICACHE: size: 64 KB assoc: 2
ICACHE: hits:19175108 misses:363054  Hit Ratio: 98.14%
DCACHE: size: 1*16 KB assoc: 1*4
DCACHE: hits:19463402 misses:479728 writebacks:114632  Hit Ratio: 97.59%
SCACHE: size: 512 KB assoc: 2
SCACHE: hits:522543 misses:320239  Hit Ratio: 62.00%
3CACHE: size: 4096 KB assoc: 2
3CACHE: hits:184004 misses:136235  Hit Ratio: 57.46%
3CACHE: dirty items replaced:4944
ITLB: size: 48, misses 26489, miss rate 0.14%
DTLB: size: 128, misses 21711, miss rate 0.11%
Avg mem delay: 7.132 cycles
----------------------------------------
==== Statistics for Master ID: 2 ====
Reads: 19630949   Writes: 5701591
ICACHE: size: 64 KB assoc: 2
ICACHE: hits:13743741 misses:670  Hit Ratio: 100.00%
DCACHE: size: 2*16 KB assoc: 2*4
DCACHE: hits:10024635 misses:1563494 writebacks:873668  Hit Ratio: 86.51%
SCACHE: size: 512 KB assoc: 2
SCACHE: hits:48 misses:1564116  Hit Ratio: 0.00%
3CACHE: size: 4096 KB assoc: 2
3CACHE: hits:116 misses:1563999  Hit Ratio: 0.01%
3CACHE: dirty items replaced:35276
ITLB: size: 48, misses 60, miss rate 0.00%
DTLB: size: 128, misses 67702, miss rate 0.58%
Avg mem delay: 7.132 cycles
----------------------------------------
==== Statistics for Master ID: 3 ====
Reads: 35370369   Writes: 13013828
ICACHE: size: 64 KB assoc: 2
ICACHE: hits:24449722 misses:1672  Hit Ratio: 99.99%
DCACHE: size: 1*16 KB assoc: 1*4
DCACHE: hits:23466430 misses:466372 writebacks:295685  Hit Ratio: 98.05%
SCACHE: size: 512 KB assoc: 2
SCACHE: hits:295024 misses:173020  Hit Ratio: 63.03%
3CACHE: size: 4096 KB assoc: 2
3CACHE: hits:104285 misses:68735  Hit Ratio: 60.27%
3CACHE: dirty items replaced:708
ITLB: size: 48, misses 4, miss rate 0.00%
DTLB: size: 128, misses 4048, miss rate 0.02%
Avg mem delay: 7.132 cycles
----------------------------------------
==== Global Resource Utilization ====
STASH: size: 65536 entries, full 214558608, empty 6564028, misses 592241, full rate 96.77
icache bank util. 0.126 0.085 0.027 0.025 0.025 0.152 0.027 0.115 
dcache bank util. 0.066 0.074 0.077 0.173 0.062 0.063 0.071 0.076 
L2 bank util. 0.030 0.030 0.030 0.031 0.030 0.029 0.037 0.044 
L1-L2 bus util. = 0.124, L3 util. = 0.175
----------------------------------------

======================== 切片硬件状态 ========================
切片号 | 所属安全域 | 当前状态    | 路扩展 | LRU touched
------------------------------------------------------------------
  0    |   域0      | 正常运行   |  否   |  100999908
  1    |   域3      | 正常运行   |  否   |  100999904
  2    |   域2      | 正常运行   |  是   |  100999014
  3    |   域2      | 正常运行   |  是   |  100999988
==================================================================

branch prediction, hits = 13496411, misses = 1048724, hit rate = 92.79%
return_stack prediction, hits = 613511, misses = 2677507, hit rate = 18.64%
jump prediction, hits = 17270184, misses = 1523737, hit rate = 91.89%

**** Debug Statistics at 201000000 Cycles *****
Threads: 4		Fetch Width: 8
No of useful instructions fetched:	461168014 (28.68% proc util.)
No of total instructions fetched:	712513679 (44.31% proc util.)
 includes 17190388 misfetch (2.4%), 234155277 (32.9%) wrong-path fetches
 and 0 flushed after failed lock(0.0%)
No of useful instructions issued/executed:	461167985 (28.68% proc util.)
No of total instructions issued/executed:	580029610 (36.07% proc util.)
 includes 118861625 wrong-path (20.5%) insts and 0 flushed (0.0%)
	fp 3485, 0.00%
	synch 0, 0.00%
	integer 397262906, 68.49%
	load/store 182763219, 31.51%
Avg size of int IQ (before scheduling): 19.38
Avg size of fp IQ (before scheduling): 0.00
No of cycles taken:		201000000
Parallelism [ 0.736, 0.000, 0.773, 0.785,] = 2.294
 IQ conflicts: 642561 (0.32%), FQ conflicts: 0 (0.00%) 
 I reg conflicts: 96655643 (48.09%), FP reg conflicts: 0 (0.00%)
  Activelist confs: 118 (0.00%), ROB confs: 27325 (0.01%)
  Int unit conflicts: 243035277 (120.91%), FP unit conflicts: 6 (0.00%)
  Load/store unit conflicts: 18313440 (9.11%)
  MSHR conflicts: 26264953 (13.07%)
----------------------------------------
==== System-wide Cache Statistics ====
Stall for miss queue full 0 cycles (0.00%)
----------------------------------------
==== Statistics for Master ID: 0 ====
Reads: 115996444   Writes: 19511206
ICACHE: size: 64 KB assoc: 2
ICACHE: hits:67756109 misses:824704  Hit Ratio: 98.80%
DCACHE: size: 1*16 KB assoc: 1*4
DCACHE: hits:65455941 misses:1470896 writebacks:492837  Hit Ratio: 97.80%
SCACHE: size: 512 KB assoc: 2
SCACHE: hits:1708081 misses:587519  Hit Ratio: 74.41%
3CACHE: size: 4096 KB assoc: 2
3CACHE: hits:378725 misses:208794  Hit Ratio: 64.46%
3CACHE: dirty items replaced:19792
ITLB: size: 48, misses 39860, miss rate 0.06%
DTLB: size: 128, misses 57100, miss rate 0.09%
Avg mem delay: 3.248 cycles
----------------------------------------
==== Statistics for Master ID: 2 ====
Reads: 88511906   Writes: 15474500
ICACHE: size: 64 KB assoc: 2
ICACHE: hits:58266009 misses:6952  Hit Ratio: 99.99%
DCACHE: size: 2*16 KB assoc: 2*4
DCACHE: hits:43177357 misses:2536088 writebacks:1307063  Hit Ratio: 94.45%
SCACHE: size: 512 KB assoc: 2
SCACHE: hits:508577 misses:2034463  Hit Ratio: 20.00%
3CACHE: size: 4096 KB assoc: 2
3CACHE: hits:68380 misses:1966083  Hit Ratio: 3.36%
3CACHE: dirty items replaced:68604
ITLB: size: 48, misses 231, miss rate 0.00%
DTLB: size: 128, misses 95079, miss rate 0.21%
Avg mem delay: 3.248 cycles
----------------------------------------
==== Statistics for Master ID: 3 ====
Reads: 107143000   Writes: 40546444
ICACHE: size: 64 KB assoc: 2
ICACHE: hits:77763325 misses:2315  Hit Ratio: 100.00%
DCACHE: size: 1*16 KB assoc: 1*4
DCACHE: hits:68697268 misses:1226535 writebacks:775745  Hit Ratio: 98.25%
SCACHE: size: 512 KB assoc: 2
SCACHE: hits:899421 misses:329429  Hit Ratio: 73.19%
3CACHE: size: 4096 KB assoc: 2
3CACHE: hits:214459 misses:114970  Hit Ratio: 65.10%
3CACHE: dirty items replaced:11047
ITLB: size: 48, misses 4, miss rate 0.00%
DTLB: size: 128, misses 8817, miss rate 0.01%
Avg mem delay: 3.248 cycles
----------------------------------------
==== Global Resource Utilization ====
STASH: size: 65536 entries, full 766883674, empty 14879437, misses 1347639, full rate 97.93
icache bank util. 0.202 0.175 0.069 0.067 0.081 0.164 0.073 0.199 
dcache bank util. 0.099 0.105 0.125 0.251 0.118 0.101 0.123 0.102 
L2 bank util. 0.029 0.029 0.030 0.031 0.030 0.029 0.033 0.037 
L1-L2 bus util. = 0.129, L3 util. = 0.114
----------------------------------------

======================== 切片硬件状态 ========================
切片号 | 所属安全域 | 当前状态    | 路扩展 | LRU touched
------------------------------------------------------------------
  0    |   域0      | 正常运行   |  否   |  200999998
  1    |   域3      | 正常运行   |  否   |  200999942
  2    |   域2      | 正常运行   |  是   |  200999987
  3    |   域2      | 正常运行   |  是   |  200999999
==================================================================

branch prediction, hits = 36774032, misses = 4301595, hit rate = 89.53%
return_stack prediction, hits = 2635802, misses = 7074137, hit rate = 27.15%
jump prediction, hits = 47155055, misses = 4982504, hit rate = 90.44%
 convert_to_mode
**** Debug Statistics at 301000000 Cycles *****
Threads: 4		Fetch Width: 8
No of useful instructions fetched:	844769623 (35.08% proc util.)
No of total instructions fetched:	1329322178 (55.20% proc util.)
 includes 30580754 misfetch (2.3%), 453971801 (34.2%) wrong-path fetches
 and 0 flushed after failed lock(0.0%)
No of useful instructions issued/executed:	844769601 (35.08% proc util.)
No of total instructions issued/executed:	1074044917 (44.60% proc util.)
 includes 229275316 wrong-path (21.3%) insts and 0 flushed (0.0%)
	fp 5106, 0.00%
	synch 0, 0.00%
	integer 739856059, 68.89%
	load/store 334183752, 31.11%
Avg size of int IQ (before scheduling): 21.57
Avg size of fp IQ (before scheduling): 0.00
No of cycles taken:		301000000
Parallelism [ 0.878, 0.000, 1.031, 0.898,] = 2.807
 IQ conflicts: 1394207 (0.46%), FQ conflicts: 0 (0.00%) 
 I reg conflicts: 105503951 (35.05%), FP reg conflicts: 0 (0.00%)
  Activelist confs: 118 (0.00%), ROB confs: 67072 (0.02%)
  Int unit conflicts: 552854083 (183.67%), FP unit conflicts: 11 (0.00%)
  Load/store unit conflicts: 38879891 (12.92%)
  MSHR conflicts: 33091240 (10.99%)
----------------------------------------
==== System-wide Cache Statistics ====
Stall for miss queue full 0 cycles (0.00%)
----------------------------------------
==== Statistics for Master ID: 0 ====
Reads: 213381916   Writes: 35156052
ICACHE: size: 64 KB assoc: 2
ICACHE: hits:125641499 misses:1356606  Hit Ratio: 98.93%
DCACHE: size: 1*16 KB assoc: 1*4
DCACHE: hits:118933833 misses:2606030 writebacks:891128  Hit Ratio: 97.86%
SCACHE: size: 512 KB assoc: 2
SCACHE: hits:3105641 misses:856995  Hit Ratio: 78.37%
3CACHE: size: 4096 KB assoc: 2
3CACHE: hits:600855 misses:256140  Hit Ratio: 70.11%
3CACHE: dirty items replaced:33367
ITLB: size: 48, misses 55545, miss rate 0.04%
DTLB: size: 128, misses 103499, miss rate 0.09%
Avg mem delay: 2.259 cycles
----------------------------------------
==== Statistics for Master ID: 2 ====
Reads: 175604944   Writes: 27046754
ICACHE: size: 64 KB assoc: 2
ICACHE: hits:114425410 misses:15183  Hit Ratio: 99.99%
DCACHE: size: 2*16 KB assoc: 2*4
DCACHE: hits:84804757 misses:3406348 writebacks:1694226  Hit Ratio: 96.14%
SCACHE: size: 512 KB assoc: 2
SCACHE: hits:1225185 misses:2196345  Hit Ratio: 35.81%
3CACHE: size: 4096 KB assoc: 2
3CACHE: hits:182861 misses:2013484  Hit Ratio: 8.33%
3CACHE: dirty items replaced:81762
ITLB: size: 48, misses 441, miss rate 0.00%
DTLB: size: 128, misses 106008, miss rate 0.12%
Avg mem delay: 2.259 cycles
----------------------------------------
==== Statistics for Master ID: 3 ====
Reads: 191799777   Writes: 73274886
ICACHE: size: 64 KB assoc: 2
ICACHE: hits:141021507 misses:3355  Hit Ratio: 100.00%
DCACHE: size: 1*16 KB assoc: 1*4
DCACHE: hits:121949801 misses:2099999 writebacks:1327263  Hit Ratio: 98.31%
SCACHE: size: 512 KB assoc: 2
SCACHE: hits:1612765 misses:490589  Hit Ratio: 76.68%
3CACHE: size: 4096 KB assoc: 2
3CACHE: hits:358428 misses:132161  Hit Ratio: 73.06%
3CACHE: dirty items replaced:17938
ITLB: size: 48, misses 4, miss rate 0.00%
DTLB: size: 128, misses 14129, miss rate 0.01%
Avg mem delay: 2.259 cycles
----------------------------------------
==== Global Resource Utilization ====
STASH: size: 65536 entries, full 1436775565, empty 24371944, misses 2206136, full rate 98.18
icache bank util. 0.246 0.224 0.095 0.090 0.110 0.172 0.099 0.248 
dcache bank util. 0.121 0.132 0.153 0.288 0.146 0.117 0.151 0.119 
L2 bank util. 0.029 0.029 0.030 0.032 0.030 0.028 0.032 0.034 
L1-L2 bus util. = 0.134, L3 util. = 0.080
----------------------------------------

======================== 切片硬件状态 ========================
切片号 | 所属安全域 | 当前状态    | 路扩展 | LRU touched
------------------------------------------------------------------
  0    |   域0      | 正常运行   |  否   |  300999993
  1    |   域3      | 正常运行   |  否   |  300999999
  2    |   域2      | 正常运行   |  是   |  300999986
  3    |   域2      | 正常运行   |  是   |  300999996
==================================================================

branch prediction, hits = 63692600, misses = 8190200, hit rate = 88.61%
return_stack prediction, hits = 5104268, misses = 12127645, hit rate = 29.62%
jump prediction, hits = 81812706, misses = 8902668, hit rate = 90.19%
 move_by_pieces move_by_pieces_ninsns move_by_pieces_1 emit_block_move
**** Debug Statistics at 401000000 Cycles *****
Threads: 4		Fetch Width: 8
No of useful instructions fetched:	1221467193 (38.08% proc util.)
No of total instructions fetched:	1938832807 (60.44% proc util.)
 includes 44508788 misfetch (2.3%), 672856826 (34.7%) wrong-path fetches
 and 0 flushed after failed lock(0.0%)
No of useful instructions issued/executed:	1221467169 (38.08% proc util.)
No of total instructions issued/executed:	1561477532 (48.67% proc util.)
 includes 340010363 wrong-path (21.8%) insts and 0 flushed (0.0%)
	fp 5539, 0.00%
	synch 0, 0.00%
	integer 1077484503, 69.00%
	load/store 483987490, 31.00%
Avg size of int IQ (before scheduling): 22.76
Avg size of fp IQ (before scheduling): 0.00
No of cycles taken:		401000000
Parallelism [ 0.931, 0.000, 1.161, 0.954,] = 3.046
 IQ conflicts: 2379583 (0.59%), FQ conflicts: 0 (0.00%) 
 I reg conflicts: 115149219 (28.72%), FP reg conflicts: 0 (0.00%)
  Activelist confs: 186 (0.00%), ROB confs: 106636 (0.03%)
  Int unit conflicts: 842980569 (210.22%), FP unit conflicts: 11 (0.00%)
  Load/store unit conflicts: 58743574 (14.65%)
  MSHR conflicts: 38467243 (9.59%)
----------------------------------------
==== System-wide Cache Statistics ====
Stall for miss queue full 0 cycles (0.00%)
----------------------------------------
==== Statistics for Master ID: 0 ====
Reads: 307160091   Writes: 51521468
ICACHE: size: 64 KB assoc: 2
ICACHE: hits:182054016 misses:1936985  Hit Ratio: 98.95%
DCACHE: size: 1*16 KB assoc: 1*4
DCACHE: hits:170636215 misses:4054343 writebacks:1451745  Hit Ratio: 97.68%
SCACHE: size: 512 KB assoc: 2
SCACHE: hits:4759827 misses:1231501  Hit Ratio: 79.45%
3CACHE: size: 4096 KB assoc: 2
3CACHE: hits:921135 misses:310366  Hit Ratio: 74.80%
3CACHE: dirty items replaced:49933
ITLB: size: 48, misses 69397, miss rate 0.04%
DTLB: size: 128, misses 155880, miss rate 0.09%
Avg mem delay: 1.923 cycles
----------------------------------------
==== Statistics for Master ID: 2 ====
Reads: 261763326   Writes: 38644093
ICACHE: size: 64 KB assoc: 2
ICACHE: hits:169829215 misses:23531  Hit Ratio: 99.99%
DCACHE: size: 2*16 KB assoc: 2*4
DCACHE: hits:126425155 misses:4129518 writebacks:2034627  Hit Ratio: 96.84%
SCACHE: size: 512 KB assoc: 2
SCACHE: hits:1769244 misses:2383805  Hit Ratio: 42.60%
3CACHE: size: 4096 KB assoc: 2
3CACHE: hits:323770 misses:2060035  Hit Ratio: 13.58%
3CACHE: dirty items replaced:95249
ITLB: size: 48, misses 686, miss rate 0.00%
DTLB: size: 128, misses 119643, miss rate 0.09%
Avg mem delay: 1.923 cycles
----------------------------------------
==== Statistics for Master ID: 3 ====
Reads: 276316922   Writes: 106026422
ICACHE: size: 64 KB assoc: 2
ICACHE: hits:204171202 misses:4348  Hit Ratio: 100.00%
DCACHE: size: 1*16 KB assoc: 1*4
DCACHE: hits:175196806 misses:2970987 writebacks:1877233  Hit Ratio: 98.33%
SCACHE: size: 512 KB assoc: 2
SCACHE: hits:2309588 misses:665747  Hit Ratio: 77.62%
3CACHE: size: 4096 KB assoc: 2
3CACHE: hits:517742 misses:148005  Hit Ratio: 77.77%
3CACHE: dirty items replaced:24268
ITLB: size: 48, misses 4, miss rate 0.00%
DTLB: size: 128, misses 19472, miss rate 0.01%
Avg mem delay: 1.923 cycles
----------------------------------------
==== Global Resource Utilization ====
STASH: size: 65536 entries, full 2096522589, empty 34758646, misses 3153483, full rate 98.22
icache bank util. 0.268 0.247 0.107 0.101 0.125 0.176 0.111 0.271 
dcache bank util. 0.128 0.137 0.167 0.308 0.163 0.125 0.167 0.136 
L2 bank util. 0.029 0.030 0.031 0.032 0.030 0.029 0.032 0.033 
L1-L2 bus util. = 0.138, L3 util. = 0.063
----------------------------------------

======================== 切片硬件状态 ========================
切片号 | 所属安全域 | 当前状态    | 路扩展 | LRU touched
------------------------------------------------------------------
  0    |   域0      | 正常运行   |  否   |  400999998
  1    |   域3      | 正常运行   |  否   |  400999997
  2    |   域2      | 正常运行   |  是   |  400999906
  3    |   域2      | 正常运行   |  是   |  400999999
==================================================================

branch prediction, hits = 89781166, misses = 11942221, hit rate = 88.26%
return_stack prediction, hits = 7548260, misses = 17164554, hit rate = 30.54%
jump prediction, hits = 115423449, misses = 12960253, hit rate = 89.91%

**** Debug Statistics at 501000000 Cycles *****
Threads: 4		Fetch Width: 8
No of useful instructions fetched:	1615589256 (40.31% proc util.)
No of total instructions fetched:	2556317801 (63.78% proc util.)
 includes 56532802 misfetch (2.2%), 884195743 (34.6%) wrong-path fetches
 and 0 flushed after failed lock(0.0%)
No of useful instructions issued/executed:	1615589231 (40.31% proc util.)
No of total instructions issued/executed:	2062063263 (51.45% proc util.)
 includes 446474032 wrong-path (21.7%) insts and 0 flushed (0.0%)
	fp 5686, 0.00%
	synch 0, 0.00%
	integer 1425188457, 69.11%
	load/store 636869120, 30.89%
Avg size of int IQ (before scheduling): 23.69
Avg size of fp IQ (before scheduling): 0.00
No of cycles taken:		501000000
Parallelism [ 0.998, 0.000, 1.239, 0.988,] = 3.225
 IQ conflicts: 3674342 (0.73%), FQ conflicts: 0 (0.00%) 
 I reg conflicts: 123607118 (24.67%), FP reg conflicts: 0 (0.00%)
  Activelist confs: 240 (0.00%), ROB confs: 192646 (0.04%)
  Int unit conflicts: 1192561639 (238.04%), FP unit conflicts: 24 (0.00%)
  Load/store unit conflicts: 79938143 (15.96%)
  MSHR conflicts: 55710697 (11.12%)
----------------------------------------
==== System-wide Cache Statistics ====
Stall for miss queue full 0 cycles (0.00%)
----------------------------------------
==== Statistics for Master ID: 0 ====
Reads: 406512117   Writes: 68089845
ICACHE: size: 64 KB assoc: 2
ICACHE: hits:241364808 misses:2322714  Hit Ratio: 99.05%
DCACHE: size: 1*16 KB assoc: 1*4
DCACHE: hits:225231231 misses:5683209 writebacks:2125155  Hit Ratio: 97.54%
SCACHE: size: 512 KB assoc: 2
SCACHE: hits:6392562 misses:1613361  Hit Ratio: 79.85%
3CACHE: size: 4096 KB assoc: 2
3CACHE: hits:1261976 misses:351385  Hit Ratio: 78.22%
3CACHE: dirty items replaced:66302
ITLB: size: 48, misses 70234, miss rate 0.03%
DTLB: size: 128, misses 208199, miss rate 0.09%
Avg mem delay: 1.741 cycles
----------------------------------------
==== Statistics for Master ID: 2 ====
Reads: 347927424   Writes: 50224914
ICACHE: size: 64 KB assoc: 2
ICACHE: hits:225238626 misses:30688  Hit Ratio: 99.99%
DCACHE: size: 2*16 KB assoc: 2*4
DCACHE: hits:167985769 misses:4897255 writebacks:2382789  Hit Ratio: 97.17%
SCACHE: size: 512 KB assoc: 2
SCACHE: hits:2363315 misses:2564628  Hit Ratio: 47.96%
3CACHE: size: 4096 KB assoc: 2
3CACHE: hits:465875 misses:2098753  Hit Ratio: 18.17%
3CACHE: dirty items replaced:109677
ITLB: size: 48, misses 817, miss rate 0.00%
DTLB: size: 128, misses 132180, miss rate 0.08%
Avg mem delay: 1.741 cycles
----------------------------------------
==== Statistics for Master ID: 3 ====
Reads: 360335534   Writes: 138815353
ICACHE: size: 64 KB assoc: 2
ICACHE: hits:266843921 misses:4406  Hit Ratio: 100.00%
DCACHE: size: 1*16 KB assoc: 1*4
DCACHE: hits:228457320 misses:3845239 writebacks:2429316  Hit Ratio: 98.34%
SCACHE: size: 512 KB assoc: 2
SCACHE: hits:3027706 misses:821939  Hit Ratio: 78.65%
3CACHE: size: 4096 KB assoc: 2
3CACHE: hits:663553 misses:158386  Hit Ratio: 80.73%
3CACHE: dirty items replaced:29162
ITLB: size: 48, misses 4, miss rate 0.00%
DTLB: size: 128, misses 24657, miss rate 0.01%
Avg mem delay: 1.741 cycles
----------------------------------------
==== Global Resource Utilization ====
STASH: size: 65536 entries, full 2767883164, empty 41691299, misses 3794475, full rate 98.38
icache bank util. 0.281 0.263 0.112 0.106 0.134 0.180 0.117 0.289 
dcache bank util. 0.139 0.140 0.174 0.320 0.172 0.129 0.179 0.144 
L2 bank util. 0.030 0.031 0.031 0.032 0.031 0.029 0.032 0.033 
L1-L2 bus util. = 0.142, L3 util. = 0.052
----------------------------------------

======================== 切片硬件状态 ========================
切片号 | 所属安全域 | 当前状态    | 路扩展 | LRU touched
------------------------------------------------------------------
  0    |   域0      | 正常运行   |  否   |  500999999
  1    |   域3      | 正常运行   |  否   |  500999998
  2    |   域2      | 正常运行   |  是   |  500999992
  3    |   域2      | 正常运行   |  是   |  500999995
==================================================================

branch prediction, hits = 119161777, misses = 15426874, hit rate = 88.54%
return_stack prediction, hits = 9763206, misses = 22224594, hit rate = 30.52%
jump prediction, hits = 153089224, misses = 16421599, hit rate = 90.31%

**** Debug Statistics at 601000000 Cycles *****
Threads: 4		Fetch Width: 8
No of useful instructions fetched:	1997867965 (41.55% proc util.)
No of total instructions fetched:	3154075501 (65.60% proc util.)
 includes 64570601 misfetch (2.0%), 1091636935 (34.6%) wrong-path fetches
 and 0 flushed after failed lock(0.0%)
No of useful instructions issued/executed:	1997867937 (41.55% proc util.)
No of total instructions issued/executed:	2549516471 (53.03% proc util.)
 includes 551648534 wrong-path (21.6%) insts and 0 flushed (0.0%)
	fp 8868, 0.00%
	synch 0, 0.00%
	integer 1765487086, 69.25%
	load/store 784020517, 30.75%
Avg size of int IQ (before scheduling): 24.31
Avg size of fp IQ (before scheduling): 0.00
No of cycles taken:		601000000
Parallelism [ 1.029, 0.000, 1.289, 1.006,] = 3.324
 IQ conflicts: 4640373 (0.77%), FQ conflicts: 0 (0.00%) 
 I reg conflicts: 135387231 (22.53%), FP reg conflicts: 0 (0.00%)
  Activelist confs: 240 (0.00%), ROB confs: 260160 (0.04%)
  Int unit conflicts: 1515300767 (252.13%), FP unit conflicts: 24 (0.00%)
  Load/store unit conflicts: 101809021 (16.94%)
  MSHR conflicts: 71613754 (11.92%)
----------------------------------------
==== System-wide Cache Statistics ====
Stall for miss queue full 0 cycles (0.00%)
----------------------------------------
==== Statistics for Master ID: 0 ====
Reads: 497313759   Writes: 84741757
ICACHE: size: 64 KB assoc: 2
ICACHE: hits:295619216 misses:2826173  Hit Ratio: 99.05%
DCACHE: size: 1*16 KB assoc: 1*4
DCACHE: hits:276626123 misses:6984004 writebacks:2853013  Hit Ratio: 97.54%
SCACHE: size: 512 KB assoc: 2
SCACHE: hits:7847811 misses:1962366  Hit Ratio: 80.00%
3CACHE: size: 4096 KB assoc: 2
3CACHE: hits:1562771 misses:399595  Hit Ratio: 79.64%
3CACHE: dirty items replaced:94892
ITLB: size: 48, misses 106851, miss rate 0.04%
DTLB: size: 128, misses 262138, miss rate 0.09%
Avg mem delay: 1.647 cycles
----------------------------------------
==== Statistics for Master ID: 2 ====
Reads: 433092318   Writes: 61529231
ICACHE: size: 64 KB assoc: 2
ICACHE: hits:280047993 misses:35441  Hit Ratio: 99.99%
DCACHE: size: 2*16 KB assoc: 2*4
DCACHE: hits:208874641 misses:5663474 writebacks:2735100  Hit Ratio: 97.36%
SCACHE: size: 512 KB assoc: 2
SCACHE: hits:2955675 misses:2743240  Hit Ratio: 51.86%
3CACHE: size: 4096 KB assoc: 2
3CACHE: hits:594288 misses:2148952  Hit Ratio: 21.66%
3CACHE: dirty items replaced:134767
ITLB: size: 48, misses 1100, miss rate 0.00%
DTLB: size: 128, misses 144954, miss rate 0.07%
Avg mem delay: 1.647 cycles
----------------------------------------
==== Statistics for Master ID: 3 ====
Reads: 443011092   Writes: 170772124
ICACHE: size: 64 KB assoc: 2
ICACHE: hits:328761964 misses:6354  Hit Ratio: 100.00%
DCACHE: size: 1*16 KB assoc: 1*4
DCACHE: hits:280319704 misses:4695193 writebacks:2965917  Hit Ratio: 98.35%
SCACHE: size: 512 KB assoc: 2
SCACHE: hits:3696772 misses:1004775  Hit Ratio: 78.63%
3CACHE: size: 4096 KB assoc: 2
3CACHE: hits:825608 misses:179167  Hit Ratio: 82.17%
3CACHE: dirty items replaced:43850
ITLB: size: 48, misses 4, miss rate 0.00%
DTLB: size: 128, misses 30043, miss rate 0.01%
Avg mem delay: 1.647 cycles
----------------------------------------
==== Global Resource Utilization ====
STASH: size: 65536 entries, full 3414253625, empty 51252950, misses 4619767, full rate 98.39
icache bank util. 0.287 0.270 0.119 0.112 0.138 0.179 0.120 0.298 
dcache bank util. 0.141 0.143 0.180 0.330 0.179 0.131 0.182 0.146 
L2 bank util. 0.030 0.031 0.032 0.032 0.031 0.029 0.032 0.032 
L1-L2 bus util. = 0.144, L3 util. = 0.045
----------------------------------------

======================== 切片硬件状态 ========================
切片号 | 所属安全域 | 当前状态    | 路扩展 | LRU touched
------------------------------------------------------------------
  0    |   域0      | 正常运行   |  否   |  600999996
  1    |   域3      | 正常运行   |  否   |  600999999
  2    |   域2      | 正常运行   |  是   |  600999999
  3    |   域2      | 正常运行   |  是   |  600999989
==================================================================

branch prediction, hits = 146194918, misses = 18818471, hit rate = 88.60%
return_stack prediction, hits = 11774406, misses = 27140505, hit rate = 30.26%
jump prediction, hits = 189433349, misses = 18903488, hit rate = 90.93%

**** Early Exiting at 601542237 Cycles *****
========================================
 SMTSIM Global Statistics
========================================
Threads: 4		Fetch Width: 8
No of useful instructions fetched:	2000000128 (41.56% proc util.)
No of total instructions fetched:	3157406698 (65.61% proc util.)
 includes 64578718 misfetch (2.0%), 1092827852 (34.6%) wrong-path fetches
 and 0 flushed after failed lock(0.0%)
No of useful instructions issued/executed:	2000000056 (41.56% proc util.)
No of total instructions issued/executed:	2552247130 (53.04% proc util.)
 includes 552247074 wrong-path (21.6%) insts and 0 flushed (0.0%)
	fp 8868, 0.00%
	synch 0, 0.00%
	integer 1767324965, 69.25%
	load/store 784913297, 30.75%
Avg size of int IQ (before scheduling): 24.32
Avg size of fp IQ (before scheduling): 0.00
No of cycles taken:		601542237
Parallelism [ 1.029, 0.000, 1.290, 1.006,] = 3.325
 IQ conflicts: 4649077 (0.77%), FQ conflicts: 0 (0.00%) 
 I reg conflicts: 135422866 (22.51%), FP reg conflicts: 0 (0.00%)
  Activelist confs: 240 (0.00%), ROB confs: 260160 (0.04%)
  Int unit conflicts: 1517091403 (252.20%), FP unit conflicts: 24 (0.00%)
  Load/store unit conflicts: 101937566 (16.95%)
  MSHR conflicts: 71613754 (11.91%)
----------------------------------------
==== System-wide Cache Statistics ====
Stall for miss queue full 0 cycles (0.00%)
----------------------------------------
==== Statistics for Master ID: 0 ====
Reads: 497748078   Writes: 84777985
ICACHE: size: 64 KB assoc: 2
ICACHE: hits:295884318 misses:2826189  Hit Ratio: 99.05%
DCACHE: size: 1*16 KB assoc: 1*4
DCACHE: hits:276817844 misses:6997712 writebacks:2853177  Hit Ratio: 97.53%
SCACHE: size: 512 KB assoc: 2
SCACHE: hits:7857645 misses:1966256  Hit Ratio: 79.98%
3CACHE: size: 4096 KB assoc: 2
3CACHE: hits:1566629 misses:399627  Hit Ratio: 79.68%
3CACHE: dirty items replaced:94911
ITLB: size: 48, misses 106853, miss rate 0.04%
DTLB: size: 128, misses 262643, miss rate 0.09%
Avg mem delay: 1.647 cycles
----------------------------------------
==== Statistics for Master ID: 2 ====
Reads: 433691293   Writes: 61666992
ICACHE: size: 64 KB assoc: 2
ICACHE: hits:280405112 misses:35441  Hit Ratio: 99.99%
DCACHE: size: 2*16 KB assoc: 2*4
DCACHE: hits:209253826 misses:5663906 writebacks:2735293  Hit Ratio: 97.36%
SCACHE: size: 512 KB assoc: 2
SCACHE: hits:2955731 misses:2743616  Hit Ratio: 51.86%
3CACHE: size: 4096 KB assoc: 2
3CACHE: hits:594648 misses:2148968  Hit Ratio: 21.67%
3CACHE: dirty items replaced:134778
ITLB: size: 48, misses 1100, miss rate 0.00%
DTLB: size: 128, misses 144969, miss rate 0.07%
Avg mem delay: 1.647 cycles
----------------------------------------
==== Statistics for Master ID: 3 ====
Reads: 443489863   Writes: 170965209
ICACHE: size: 64 KB assoc: 2
ICACHE: hits:329126554 misses:6354  Hit Ratio: 100.00%
DCACHE: size: 1*16 KB assoc: 1*4
DCACHE: hits:280622072 misses:4700091 writebacks:2969001  Hit Ratio: 98.35%
SCACHE: size: 512 KB assoc: 2
SCACHE: hits:3700620 misses:1005825  Hit Ratio: 78.63%
3CACHE: size: 4096 KB assoc: 2
3CACHE: hits:826632 misses:179193  Hit Ratio: 82.18%
3CACHE: dirty items replaced:43860
ITLB: size: 48, misses 4, miss rate 0.00%
DTLB: size: 128, misses 30071, miss rate 0.01%
Avg mem delay: 1.647 cycles
----------------------------------------
==== Global Resource Utilization ====
STASH: size: 65536 entries, full 3417946124, empty 51253145, misses 4619781, full rate 98.39
icache bank util. 0.287 0.270 0.119 0.112 0.138 0.179 0.120 0.298 
dcache bank util. 0.141 0.143 0.180 0.330 0.179 0.131 0.182 0.146 
L2 bank util. 0.030 0.031 0.032 0.032 0.031 0.029 0.032 0.032 
L1-L2 bus util. = 0.144, L3 util. = 0.045
----------------------------------------

======================== 切片硬件状态 ========================
切片号 | 所属安全域 | 当前状态    | 路扩展 | LRU touched
------------------------------------------------------------------
  0    |   域0      | 正常运行   |  否   |  601542230
  1    |   域3      | 正常运行   |  否   |  601542235
  2    |   域2      | 正常运行   |  是   |  601542234
  3    |   域2      | 正常运行   |  是   |  601542235
==================================================================

branch prediction, hits = 146356905, misses = 18835221, hit rate = 88.60%
return_stack prediction, hits = 11797572, misses = 27169150, hit rate = 30.28%
jump prediction, hits = 189681656, misses = 18906419, hit rate = 90.94%
total IPC 3.325

=== Results saved to: ./results/gcc-expr_2_gzip-source_1_recurseq_1.txt ===
