===== 执行信息 =====
Cache目录：ssmtc64-500-5%
执行命令：./smtsim ../cacherand.arg2 ../smalltrans.arg ../gcc-200.arg
执行时间：2026-04-17 17:51:27
返回码：0
===== 输出内容 =====
动态重分配参数：每500万周期检查，阈值5
Process 0, Thread 0: cacherand
Process 0, Thread 1: cacherand
Process 2, Thread 2: smalltrans
Process 3, Thread 3: gcc-200
[切片调度] 新安全域2无任何切片，尝试分配空闲切片
[切片管理] 成功绑定切片0 → 安全域2

======================== 切片硬件状态 ========================
切片号 | 所属安全域 | 当前状态    | 路扩展 | LRU touched
------------------------------------------------------------------
  0    |   域2      | 正常运行   |  否   |  0
  1    |   域-1     | 切片空闲   |  否   |  0
  2    |   域-1     | 切片空闲   |  否   |  0
  3    |   域-1     | 切片空闲   |  否   |  0
==================================================================

[切片管理] 成功绑定切片1 → 安全域2，触发【路扩展模式】

======================== 切片硬件状态 ========================
切片号 | 所属安全域 | 当前状态    | 路扩展 | LRU touched
------------------------------------------------------------------
  0    |   域2      | 正常运行   |  是   |  0
  1    |   域2      | 正常运行   |  是   |  0
  2    |   域-1     | 切片空闲   |  否   |  0
  3    |   域-1     | 切片空闲   |  否   |  0
==================================================================

[切片调度] 新安全域3无任何切片，尝试分配空闲切片
[切片管理] 成功绑定切片2 → 安全域3

======================== 切片硬件状态 ========================
切片号 | 所属安全域 | 当前状态    | 路扩展 | LRU touched
------------------------------------------------------------------
  0    |   域2      | 正常运行   |  是   |  435
  1    |   域2      | 正常运行   |  是   |  0
  2    |   域3      | 正常运行   |  否   |  0
  3    |   域-1     | 切片空闲   |  否   |  0
==================================================================

[切片管理] 成功绑定切片3 → 安全域3，触发【路扩展模式】

======================== 切片硬件状态 ========================
切片号 | 所属安全域 | 当前状态    | 路扩展 | LRU touched
------------------------------------------------------------------
  0    |   域2      | 正常运行   |  是   |  435
  1    |   域2      | 正常运行   |  是   |  0
  2    |   域3      | 正常运行   |  是   |  0
  3    |   域3      | 正常运行   |  是   |  0
==================================================================

[切片调度] 新安全域0无任何切片，尝试分配空闲切片
[切片调度] 新安全域0未找到空闲切片，尝试剥夺切片
[切片替换] 优先从【路扩展切片】中选择LRU替换目标...
[切片替换] 找到路扩展切片作为受害者：切片1（最后访问：0）
[切片调度] 安全域0触发切片剥夺：从域2剥夺切片1
[切片剥夺] 周期541：切片1（所属域2）进入待剥夺状态，禁止新替换
[切片剥夺] 周期541：切片1在途请求已清空，开始执行脏行写回
[切片剥夺] 周期541：切片1无脏行，直接完成剥夺
[切片管理] 周期541：原域2仅剩1个切片，关闭路扩展模式
[动态重分配] 周期541：切片1写回完成，自动绑定到域0
[切片管理] 成功绑定切片1 → 安全域0

======================== 切片硬件状态 ========================
切片号 | 所属安全域 | 当前状态    | 路扩展 | LRU touched
------------------------------------------------------------------
  0    |   域2      | 正常运行   |  否   |  435
  1    |   域0      | 正常运行   |  否   |  541
  2    |   域3      | 正常运行   |  是   |  511
  3    |   域3      | 正常运行   |  是   |  0
==================================================================

[切片唤醒] 周期541：域0切片就绪，唤醒等待指令

**** Debug Statistics at 1000000 Cycles *****
Threads: 4		Fetch Width: 8
No of useful instructions fetched:	4001086 (50.01% proc util.)
No of total instructions fetched:	4321861 (54.02% proc util.)
 includes 19764 misfetch (0.5%), 301011 (7.0%) wrong-path fetches
 and 0 flushed after failed lock(0.0%)
No of useful instructions issued/executed:	4001051 (50.01% proc util.)
No of total instructions issued/executed:	4102162 (51.28% proc util.)
 includes 101111 wrong-path (2.5%) insts and 0 flushed (0.0%)
	fp 78, 0.00%
	synch 0, 0.00%
	integer 2851182, 69.50%
	load/store 1250902, 30.49%
Avg size of int IQ (before scheduling): 29.31
Avg size of fp IQ (before scheduling): 0.00
No of cycles taken:		1000000
Parallelism [ 1.289, 0.000, 1.754, 0.957,] = 4.001
 IQ conflicts: 2721 (0.27%), FQ conflicts: 0 (0.00%) 
 I reg conflicts: 397191 (39.72%), FP reg conflicts: 0 (0.00%)
  Activelist confs: 0 (0.00%), ROB confs: 694 (0.07%)
  Int unit conflicts: 2336569 (233.66%), FP unit conflicts: 1 (0.00%)
  Load/store unit conflicts: 164639 (16.46%)
  MSHR conflicts: 86991 (8.70%)
----------------------------------------
==== System-wide Cache Statistics ====
Stall for miss queue full 0 cycles (0.00%)
----------------------------------------
==== Statistics for Master ID: 0 ====
Reads: 385563   Writes: 0
ICACHE: size: 64 KB assoc: 2
ICACHE: hits:337800 misses:5  Hit Ratio: 100.00%
DCACHE: size: 1*16 KB assoc: 1*4
DCACHE: hits:15774 misses:31983 writebacks:0  Hit Ratio: 33.03%
SCACHE: size: 512 KB assoc: 2
SCACHE: hits:31171 misses:816  Hit Ratio: 97.45%
3CACHE: size: 4096 KB assoc: 2
3CACHE: hits:41 misses:775  Hit Ratio: 5.02%
3CACHE: dirty items replaced:0
ITLB: size: 48, misses 1, miss rate 0.00%
DTLB: size: 128, misses 13, miss rate 0.03%
Avg mem delay: 2.166 cycles
----------------------------------------
==== Statistics for Master ID: 2 ====
Reads: 947575   Writes: 416505
ICACHE: size: 64 KB assoc: 2
ICACHE: hits:529523 misses:10  Hit Ratio: 100.00%
DCACHE: size: 1*16 KB assoc: 1*4
DCACHE: hits:809642 misses:24905 writebacks:24303  Hit Ratio: 97.02%
SCACHE: size: 512 KB assoc: 2
SCACHE: hits:24487 misses:428  Hit Ratio: 98.28%
3CACHE: size: 4096 KB assoc: 2
3CACHE: hits:5 misses:423  Hit Ratio: 1.17%
3CACHE: dirty items replaced:0
ITLB: size: 48, misses 1, miss rate 0.00%
DTLB: size: 128, misses 11, miss rate 0.00%
Avg mem delay: 2.166 cycles
----------------------------------------
==== Statistics for Master ID: 3 ====
Reads: 546242   Writes: 150551
ICACHE: size: 64 KB assoc: 2
ICACHE: hits:326381 misses:2029  Hit Ratio: 99.38%
DCACHE: size: 2*16 KB assoc: 2*4
DCACHE: hits:365138 misses:3245 writebacks:2192  Hit Ratio: 99.12%
SCACHE: size: 512 KB assoc: 2
SCACHE: hits:411 misses:4863  Hit Ratio: 7.79%
3CACHE: size: 4096 KB assoc: 2
3CACHE: hits:99 misses:4764  Hit Ratio: 2.04%
3CACHE: dirty items replaced:0
ITLB: size: 48, misses 129, miss rate 0.04%
DTLB: size: 128, misses 170, miss rate 0.05%
Avg mem delay: 2.166 cycles
----------------------------------------
==== Global Resource Utilization ====
STASH: size: 65536 entries, full 504398387, empty 46690, misses 4467, full rate 99.99
icache bank util. 0.232 0.185 0.057 0.049 0.032 0.051 0.303 0.293 
dcache bank util. 0.179 0.191 0.157 0.164 0.176 0.180 0.242 0.220 
L2 bank util. 0.052 0.053 0.051 0.052 0.052 0.052 0.052 0.051 
L1-L2 bus util. = 0.266, L3 util. = 0.060
----------------------------------------

======================== 切片硬件状态 ========================
切片号 | 所属安全域 | 当前状态    | 路扩展 | LRU touched
------------------------------------------------------------------
  0    |   域2      | 正常运行   |  否   |  999998
  1    |   域0      | 正常运行   |  否   |  999993
  2    |   域3      | 正常运行   |  是   |  999998
  3    |   域3      | 正常运行   |  是   |  999999
==================================================================

branch prediction, hits = 358566, misses = 14557, hit rate = 96.10%
return_stack prediction, hits = 17615, misses = 21, hit rate = 99.88%
jump prediction, hits = 386199, misses = 5695, hit rate = 98.55%
 abend_ adia_ adib_ ambm6_ analie6_ betalf_
======================== 切片硬件状态 ========================
切片号 | 所属安全域 | 当前状态    | 路扩展 | LRU touched
------------------------------------------------------------------
  0    |   域2      | 正常运行   |  否   |  30000000
  1    |   域0      | 正常运行   |  否   |  29999984
  2    |   域3      | 正常运行   |  是   |  30000000
  3    |   域3      | 正常运行   |  是   |  29999999
==================================================================

[动态重分配] 周期30000000：预约迁移 冗余域3(1%) -> 切片2 -> 饥饿域0(66%)
[切片剥夺] 周期30000000：切片2（所属域3）进入待剥夺状态，禁止新替换
[切片剥夺] 周期30000000：切片2在途请求已清空，开始执行脏行写回
[切片管理] 周期30000318：原域3仅剩1个切片，关闭路扩展模式
[动态重分配] 周期30000318：切片2写回完成，自动绑定到域0
[切片管理] 成功绑定切片2 → 安全域0，触发【路扩展模式】

======================== 切片硬件状态 ========================
切片号 | 所属安全域 | 当前状态    | 路扩展 | LRU touched
------------------------------------------------------------------
  0    |   域2      | 正常运行   |  否   |  30000289
  1    |   域0      | 正常运行   |  是   |  30000294
  2    |   域0      | 正常运行   |  是   |  30000318
  3    |   域3      | 正常运行   |  否   |  30000018
==================================================================


**** Debug Statistics at 101000000 Cycles *****
Threads: 4		Fetch Width: 8
No of useful instructions fetched:	478901702 (59.27% proc util.)
No of total instructions fetched:	568944906 (70.41% proc util.)
 includes 11907077 misfetch (2.1%), 78136127 (13.7%) wrong-path fetches
 and 0 flushed after failed lock(0.0%)
No of useful instructions issued/executed:	478901641 (59.27% proc util.)
No of total instructions issued/executed:	509979070 (63.12% proc util.)
 includes 31077429 wrong-path (6.1%) insts and 0 flushed (0.0%)
	fp 13539, 0.00%
	synch 0, 0.00%
	integer 345231466, 67.70%
	load/store 164734065, 32.30%
Avg size of int IQ (before scheduling): 34.01
Avg size of fp IQ (before scheduling): 0.00
No of cycles taken:		101000000
Parallelism [ 1.453, 0.000, 2.177, 1.111,] = 4.742
 IQ conflicts: 375756 (0.37%), FQ conflicts: 0 (0.00%) 
 I reg conflicts: 20825002 (20.62%), FP reg conflicts: 0 (0.00%)
  Activelist confs: 93 (0.00%), ROB confs: 50280 (0.05%)
  Int unit conflicts: 292387482 (289.49%), FP unit conflicts: 10 (0.00%)
  Load/store unit conflicts: 20216758 (20.02%)
  MSHR conflicts: 5415959 (5.36%)
----------------------------------------
==== System-wide Cache Statistics ====
Stall for miss queue full 23 cycles (0.00%)
----------------------------------------
==== Statistics for Master ID: 0 ====
Reads: 44360913   Writes: 0
ICACHE: size: 64 KB assoc: 2
ICACHE: hits:38924533 misses:190  Hit Ratio: 100.00%
DCACHE: size: 2*16 KB assoc: 2*4
DCACHE: hits:3072551 misses:2363638 writebacks:0  Hit Ratio: 56.52%
SCACHE: size: 512 KB assoc: 2
SCACHE: hits:2335921 misses:27907  Hit Ratio: 98.82%
3CACHE: size: 4096 KB assoc: 2
3CACHE: hits:26745 misses:1162  Hit Ratio: 95.84%
3CACHE: dirty items replaced:12
ITLB: size: 48, misses 1, miss rate 0.00%
DTLB: size: 128, misses 21, miss rate 0.00%
Avg mem delay: 2.032 cycles
----------------------------------------
==== Statistics for Master ID: 2 ====
Reads: 123930374   Writes: 52588490
ICACHE: size: 64 KB assoc: 2
ICACHE: hits:70288121 misses:1151  Hit Ratio: 100.00%
DCACHE: size: 1*16 KB assoc: 1*4
DCACHE: hits:103080606 misses:3148986 writebacks:3102612  Hit Ratio: 97.04%
SCACHE: size: 512 KB assoc: 2
SCACHE: hits:3134148 misses:15989  Hit Ratio: 99.49%
3CACHE: size: 4096 KB assoc: 2
3CACHE: hits:15213 misses:776  Hit Ratio: 95.15%
3CACHE: dirty items replaced:31
ITLB: size: 48, misses 1, miss rate 0.00%
DTLB: size: 128, misses 91, miss rate 0.00%
Avg mem delay: 2.032 cycles
----------------------------------------
==== Statistics for Master ID: 3 ====
Reads: 86806831   Writes: 15540082
ICACHE: size: 64 KB assoc: 2
ICACHE: hits:48683636 misses:731155  Hit Ratio: 98.52%
DCACHE: size: 1*16 KB assoc: 1*4
DCACHE: hits:51666042 misses:1266178 writebacks:318632  Hit Ratio: 97.61%
SCACHE: size: 512 KB assoc: 2
SCACHE: hits:1649990 misses:347245  Hit Ratio: 82.61%
3CACHE: size: 4096 KB assoc: 2
3CACHE: hits:276152 misses:71093  Hit Ratio: 79.53%
3CACHE: dirty items replaced:2158
ITLB: size: 48, misses 49530, miss rate 0.10%
DTLB: size: 128, misses 37091, miss rate 0.07%
Avg mem delay: 2.032 cycles
----------------------------------------
==== Global Resource Utilization ====
STASH: size: 65536 entries, full 1074854331, empty 14226338, misses 1262229, full rate 98.58
icache bank util. 0.295 0.229 0.059 0.064 0.065 0.061 0.407 0.412 
dcache bank util. 0.243 0.244 0.240 0.240 0.244 0.245 0.241 0.237 
L2 bank util. 0.061 0.062 0.061 0.061 0.061 0.061 0.061 0.061 
L1-L2 bus util. = 0.325, L3 util. = 0.007
----------------------------------------

======================== 切片硬件状态 ========================
切片号 | 所属安全域 | 当前状态    | 路扩展 | LRU touched
------------------------------------------------------------------
  0    |   域2      | 正常运行   |  否   |  100999998
  1    |   域0      | 正常运行   |  是   |  100999966
  2    |   域0      | 正常运行   |  是   |  100999987
  3    |   域3      | 正常运行   |  否   |  100999999
==================================================================

branch prediction, hits = 45014957, misses = 2990324, hit rate = 93.77%
return_stack prediction, hits = 1515533, misses = 3045, hit rate = 99.80%
jump prediction, hits = 44171001, misses = 3134888, hit rate = 93.37%
 block_ blockdis_
**** Debug Statistics at 201000000 Cycles *****
Threads: 4		Fetch Width: 8
No of useful instructions fetched:	971481919 (60.42% proc util.)
No of total instructions fetched:	1144006933 (71.14% proc util.)
 includes 20883221 misfetch (1.8%), 151641793 (13.3%) wrong-path fetches
 and 0 flushed after failed lock(0.0%)
No of useful instructions issued/executed:	971481887 (60.42% proc util.)
No of total instructions issued/executed:	1031156598 (64.13% proc util.)
 includes 59674711 wrong-path (5.8%) insts and 0 flushed (0.0%)
	fp 49221, 0.00%
	synch 0, 0.00%
	integer 697303552, 67.62%
	load/store 333803825, 32.37%
Avg size of int IQ (before scheduling): 35.06
Avg size of fp IQ (before scheduling): 0.01
No of cycles taken:		201000000
Parallelism [ 1.438, 0.000, 2.184, 1.211,] = 4.833
 IQ conflicts: 977171 (0.49%), FQ conflicts: 0 (0.00%) 
 I reg conflicts: 39115054 (19.46%), FP reg conflicts: 0 (0.00%)
  Activelist confs: 616 (0.00%), ROB confs: 196803 (0.10%)
  Int unit conflicts: 642964074 (319.88%), FP unit conflicts: 11 (0.00%)
  Load/store unit conflicts: 42626346 (21.21%)
  MSHR conflicts: 10994976 (5.47%)
----------------------------------------
==== System-wide Cache Statistics ====
Stall for miss queue full 23 cycles (0.00%)
----------------------------------------
==== Statistics for Master ID: 0 ====
Reads: 86985175   Writes: 0
ICACHE: size: 64 KB assoc: 2
ICACHE: hits:76279699 misses:322  Hit Ratio: 100.00%
DCACHE: size: 2*16 KB assoc: 2*4
DCACHE: hits:6581972 misses:4123181 writebacks:0  Hit Ratio: 61.48%
SCACHE: size: 512 KB assoc: 2
SCACHE: hits:4065146 misses:58357  Hit Ratio: 98.58%
3CACHE: size: 4096 KB assoc: 2
3CACHE: hits:56507 misses:1850  Hit Ratio: 96.83%
3CACHE: dirty items replaced:122
ITLB: size: 48, misses 1, miss rate 0.00%
DTLB: size: 128, misses 143, miss rate 0.00%
Avg mem delay: 2.019 cycles
----------------------------------------
==== Statistics for Master ID: 2 ====
Reads: 247904215   Writes: 104991758
ICACHE: size: 64 KB assoc: 2
ICACHE: hits:140791291 misses:1820  Hit Ratio: 100.00%
DCACHE: size: 1*16 KB assoc: 1*4
DCACHE: hits:205814864 misses:6287998 writebacks:6194599  Hit Ratio: 97.04%
SCACHE: size: 512 KB assoc: 2
SCACHE: hits:6266365 misses:23453  Hit Ratio: 99.63%
3CACHE: size: 4096 KB assoc: 2
3CACHE: hits:22558 misses:895  Hit Ratio: 96.18%
3CACHE: dirty items replaced:66
ITLB: size: 48, misses 1, miss rate 0.00%
DTLB: size: 128, misses 494, miss rate 0.00%
Avg mem delay: 2.019 cycles
----------------------------------------
==== Statistics for Master ID: 3 ====
Reads: 181104291   Writes: 32593925
ICACHE: size: 64 KB assoc: 2
ICACHE: hits:101744800 misses:1191203  Hit Ratio: 98.84%
DCACHE: size: 1*16 KB assoc: 1*4
DCACHE: hits:108047062 misses:2715249 writebacks:675970  Hit Ratio: 97.55%
SCACHE: size: 512 KB assoc: 2
SCACHE: hits:3277958 misses:628395  Hit Ratio: 83.91%
3CACHE: size: 4096 KB assoc: 2
3CACHE: hits:527625 misses:100770  Hit Ratio: 83.96%
3CACHE: dirty items replaced:6983
ITLB: size: 48, misses 72533, miss rate 0.07%
DTLB: size: 128, misses 87506, miss rate 0.08%
Avg mem delay: 2.019 cycles
----------------------------------------
==== Global Resource Utilization ====
STASH: size: 65536 entries, full 1660243135, empty 24804298, misses 2222592, full rate 98.40
icache bank util. 0.291 0.227 0.063 0.071 0.069 0.064 0.409 0.416 
dcache bank util. 0.247 0.246 0.245 0.243 0.244 0.248 0.244 0.240 
L2 bank util. 0.059 0.060 0.059 0.059 0.058 0.058 0.059 0.059 
L1-L2 bus util. = 0.316, L3 util. = 0.005
----------------------------------------

======================== 切片硬件状态 ========================
切片号 | 所属安全域 | 当前状态    | 路扩展 | LRU touched
------------------------------------------------------------------
  0    |   域2      | 正常运行   |  否   |  200999998
  1    |   域0      | 正常运行   |  是   |  200999992
  2    |   域0      | 正常运行   |  是   |  200999980
  3    |   域3      | 正常运行   |  否   |  200999989
==================================================================

branch prediction, hits = 93083762, misses = 5729215, hit rate = 94.20%
return_stack prediction, hits = 3303359, misses = 6479, hit rate = 99.80%
jump prediction, hits = 91783810, misses = 5563713, hit rate = 94.28%
 caconv_ calrms_ chroma_ cinvar_
**** Debug Statistics at 301000000 Cycles *****
Threads: 4		Fetch Width: 8
No of useful instructions fetched:	1459934540 (60.63% proc util.)
No of total instructions fetched:	1722146048 (71.52% proc util.)
 includes 30948548 misfetch (1.8%), 231262960 (13.4%) wrong-path fetches
 and 0 flushed after failed lock(0.0%)
No of useful instructions issued/executed:	1459934500 (60.63% proc util.)
No of total instructions issued/executed:	1551001183 (64.41% proc util.)
 includes 91066683 wrong-path (5.9%) insts and 0 flushed (0.0%)
	fp 70325, 0.00%
	synch 0, 0.00%
	integer 1047830366, 67.56%
	load/store 503100492, 32.44%
Avg size of int IQ (before scheduling): 35.21
Avg size of fp IQ (before scheduling): 0.01
No of cycles taken:		301000000
Parallelism [ 1.436, 0.000, 2.190, 1.224,] = 4.850
 IQ conflicts: 1516728 (0.50%), FQ conflicts: 0 (0.00%) 
 I reg conflicts: 57038040 (18.95%), FP reg conflicts: 0 (0.00%)
  Activelist confs: 1092 (0.00%), ROB confs: 361198 (0.12%)
  Int unit conflicts: 979473220 (325.41%), FP unit conflicts: 11 (0.00%)
  Load/store unit conflicts: 64838787 (21.54%)
  MSHR conflicts: 14574413 (4.84%)
----------------------------------------
==== System-wide Cache Statistics ====
Stall for miss queue full 23 cycles (0.00%)
----------------------------------------
==== Statistics for Master ID: 0 ====
Reads: 130026326   Writes: 1
ICACHE: size: 64 KB assoc: 2
ICACHE: hits:114013276 misses:466  Hit Ratio: 100.00%
DCACHE: size: 2*16 KB assoc: 2*4
DCACHE: hits:10117038 misses:5895546 writebacks:1  Hit Ratio: 63.18%
SCACHE: size: 512 KB assoc: 2
SCACHE: hits:5809887 misses:86125  Hit Ratio: 98.54%
3CACHE: size: 4096 KB assoc: 2
3CACHE: hits:82826 misses:3299  Hit Ratio: 96.17%
3CACHE: dirty items replaced:503
ITLB: size: 48, misses 1, miss rate 0.00%
DTLB: size: 128, misses 167, miss rate 0.00%
Avg mem delay: 2.016 cycles
----------------------------------------
==== Statistics for Master ID: 2 ====
Reads: 372575439   Writes: 157624645
ICACHE: size: 64 KB assoc: 2
ICACHE: hits:211758069 misses:2784  Hit Ratio: 100.00%
DCACHE: size: 1*16 KB assoc: 1*4
DCACHE: hits:308998105 misses:9441126 writebacks:9300430  Hit Ratio: 97.04%
SCACHE: size: 512 KB assoc: 2
SCACHE: hits:9406790 misses:37120  Hit Ratio: 99.61%
3CACHE: size: 4096 KB assoc: 2
3CACHE: hits:36088 misses:1032  Hit Ratio: 97.22%
3CACHE: dirty items replaced:84
ITLB: size: 48, misses 1, miss rate 0.00%
DTLB: size: 128, misses 638, miss rate 0.00%
Avg mem delay: 2.016 cycles
----------------------------------------
==== Statistics for Master ID: 3 ====
Reads: 275410581   Writes: 49251290
ICACHE: size: 64 KB assoc: 2
ICACHE: hits:154656102 misses:1719811  Hit Ratio: 98.90%
DCACHE: size: 1*16 KB assoc: 1*4
DCACHE: hits:164084061 misses:4201995 writebacks:1041509  Hit Ratio: 97.50%
SCACHE: size: 512 KB assoc: 2
SCACHE: hits:4987668 misses:934040  Hit Ratio: 84.23%
3CACHE: size: 4096 KB assoc: 2
3CACHE: hits:796647 misses:137393  Hit Ratio: 85.29%
3CACHE: dirty items replaced:20210
ITLB: size: 48, misses 98320, miss rate 0.06%
DTLB: size: 128, misses 132731, miss rate 0.08%
Avg mem delay: 2.016 cycles
----------------------------------------
==== Global Resource Utilization ====
STASH: size: 65536 entries, full 2247847404, empty 36337456, misses 3251088, full rate 98.27
icache bank util. 0.291 0.227 0.064 0.072 0.071 0.064 0.411 0.418 
dcache bank util. 0.247 0.246 0.248 0.244 0.246 0.248 0.247 0.242 
L2 bank util. 0.059 0.060 0.059 0.059 0.058 0.058 0.059 0.058 
L1-L2 bus util. = 0.315, L3 util. = 0.005
----------------------------------------

======================== 切片硬件状态 ========================
切片号 | 所属安全域 | 当前状态    | 路扩展 | LRU touched
------------------------------------------------------------------
  0    |   域2      | 正常运行   |  否   |  300999998
  1    |   域0      | 正常运行   |  是   |  300999968
  2    |   域0      | 正常运行   |  是   |  300999983
  3    |   域3      | 正常运行   |  否   |  300999999
==================================================================

branch prediction, hits = 140383286, misses = 8712970, hit rate = 94.16%
return_stack prediction, hits = 4986022, misses = 8475, hit rate = 99.83%
jump prediction, hits = 138530772, misses = 8267423, hit rate = 94.37%
 clor6_ clorb_
**** Debug Statistics at 401000000 Cycles *****
Threads: 4		Fetch Width: 8
No of useful instructions fetched:	1941571431 (60.52% proc util.)
No of total instructions fetched:	2294356888 (71.52% proc util.)
 includes 41929174 misfetch (1.8%), 310856283 (13.5%) wrong-path fetches
 and 0 flushed after failed lock(0.0%)
No of useful instructions issued/executed:	1941571396 (60.52% proc util.)
No of total instructions issued/executed:	2064196044 (64.35% proc util.)
 includes 122624648 wrong-path (5.9%) insts and 0 flushed (0.0%)
	fp 83558, 0.00%
	synch 0, 0.00%
	integer 1395020883, 67.58%
	load/store 669091603, 32.41%
Avg size of int IQ (before scheduling): 35.16
Avg size of fp IQ (before scheduling): 0.01
No of cycles taken:		401000000
Parallelism [ 1.437, 0.000, 2.190, 1.214,] = 4.842
 IQ conflicts: 2030262 (0.51%), FQ conflicts: 0 (0.00%) 
 I reg conflicts: 76053652 (18.97%), FP reg conflicts: 0 (0.00%)
  Activelist confs: 1564 (0.00%), ROB confs: 472107 (0.12%)
  Int unit conflicts: 1295060287 (322.96%), FP unit conflicts: 13 (0.00%)
  Load/store unit conflicts: 85484610 (21.32%)
  MSHR conflicts: 20864998 (5.20%)
----------------------------------------
==== System-wide Cache Statistics ====
Stall for miss queue full 23 cycles (0.00%)
----------------------------------------
==== Statistics for Master ID: 0 ====
Reads: 173413577   Writes: 1
ICACHE: size: 64 KB assoc: 2
ICACHE: hits:152064763 misses:594  Hit Ratio: 100.00%
DCACHE: size: 2*16 KB assoc: 2*4
DCACHE: hits:13672927 misses:7675293 writebacks:1  Hit Ratio: 64.05%
SCACHE: size: 512 KB assoc: 2
SCACHE: hits:7559115 misses:116772  Hit Ratio: 98.48%
3CACHE: size: 4096 KB assoc: 2
3CACHE: hits:112407 misses:4365  Hit Ratio: 96.26%
3CACHE: dirty items replaced:1047
ITLB: size: 48, misses 1, miss rate 0.00%
DTLB: size: 128, misses 174, miss rate 0.00%
Avg mem delay: 2.017 cycles
----------------------------------------
==== Statistics for Master ID: 2 ====
Reads: 496444843   Writes: 210017949
ICACHE: size: 64 KB assoc: 2
ICACHE: hits:282168359 misses:3956  Hit Ratio: 100.00%
DCACHE: size: 1*16 KB assoc: 1*4
DCACHE: hits:411710768 misses:12579709 writebacks:12392096  Hit Ratio: 97.04%
SCACHE: size: 512 KB assoc: 2
SCACHE: hits:12532519 misses:51146  Hit Ratio: 99.59%
3CACHE: size: 4096 KB assoc: 2
3CACHE: hits:49984 misses:1162  Hit Ratio: 97.73%
3CACHE: dirty items replaced:123
ITLB: size: 48, misses 1, miss rate 0.00%
DTLB: size: 128, misses 765, miss rate 0.00%
Avg mem delay: 2.017 cycles
----------------------------------------
==== Statistics for Master ID: 3 ====
Reads: 365673990   Writes: 65204944
ICACHE: size: 64 KB assoc: 2
ICACHE: hits:205608813 misses:2321636  Hit Ratio: 98.88%
DCACHE: size: 1*16 KB assoc: 1*4
DCACHE: hits:217342922 misses:5605661 writebacks:1463767  Hit Ratio: 97.49%
SCACHE: size: 512 KB assoc: 2
SCACHE: hits:6629046 misses:1298153  Hit Ratio: 83.62%
3CACHE: size: 4096 KB assoc: 2
3CACHE: hits:1116813 misses:181339  Hit Ratio: 86.03%
3CACHE: dirty items replaced:39236
ITLB: size: 48, misses 134688, miss rate 0.06%
DTLB: size: 128, misses 183954, miss rate 0.08%
Avg mem delay: 2.017 cycles
----------------------------------------
==== Global Resource Utilization ====
STASH: size: 65536 entries, full 2828172165, empty 48733715, misses 4357921, full rate 98.16
icache bank util. 0.291 0.227 0.064 0.071 0.071 0.065 0.411 0.418 
dcache bank util. 0.249 0.245 0.246 0.245 0.247 0.246 0.245 0.242 
L2 bank util. 0.059 0.060 0.059 0.059 0.058 0.058 0.059 0.058 
L1-L2 bus util. = 0.315, L3 util. = 0.005
----------------------------------------

======================== 切片硬件状态 ========================
切片号 | 所属安全域 | 当前状态    | 路扩展 | LRU touched
------------------------------------------------------------------
  0    |   域2      | 正常运行   |  否   |  400999999
  1    |   域0      | 正常运行   |  是   |  400999988
  2    |   域0      | 正常运行   |  是   |  400999948
  3    |   域3      | 正常运行   |  否   |  400999998
==================================================================

branch prediction, hits = 186356439, misses = 11722147, hit rate = 94.08%
return_stack prediction, hits = 6495829, misses = 11495, hit rate = 99.82%
jump prediction, hits = 183738296, misses = 11177983, hit rate = 94.27%

**** Early Exiting at 413045062 Cycles *****
========================================
 SMTSIM Global Statistics
========================================
Threads: 4		Fetch Width: 8
No of useful instructions fetched:	2000000138 (60.53% proc util.)
No of total instructions fetched:	2365544008 (71.59% proc util.)
 includes 43569610 misfetch (1.8%), 321974260 (13.6%) wrong-path fetches
 and 0 flushed after failed lock(0.0%)
No of useful instructions issued/executed:	2000000085 (60.53% proc util.)
No of total instructions issued/executed:	2127141451 (64.37% proc util.)
 includes 127141366 wrong-path (6.0%) insts and 0 flushed (0.0%)
	fp 83602, 0.00%
	synch 0, 0.00%
	integer 1436793710, 67.55%
	load/store 690264139, 32.45%
Avg size of int IQ (before scheduling): 35.13
Avg size of fp IQ (before scheduling): 0.01
No of cycles taken:		413045062
Parallelism [ 1.437, 0.000, 2.191, 1.214,] = 4.842
 IQ conflicts: 2071168 (0.50%), FQ conflicts: 0 (0.00%) 
 I reg conflicts: 77967551 (18.88%), FP reg conflicts: 0 (0.00%)
  Activelist confs: 1564 (0.00%), ROB confs: 492794 (0.12%)
  Int unit conflicts: 1333236420 (322.78%), FP unit conflicts: 13 (0.00%)
  Load/store unit conflicts: 88728230 (21.48%)
  MSHR conflicts: 21289460 (5.15%)
----------------------------------------
==== System-wide Cache Statistics ====
Stall for miss queue full 23 cycles (0.00%)
----------------------------------------
==== Statistics for Master ID: 0 ====
Reads: 178541600   Writes: 1
ICACHE: size: 64 KB assoc: 2
ICACHE: hits:156561478 misses:598  Hit Ratio: 100.00%
DCACHE: size: 2*16 KB assoc: 2*4
DCACHE: hits:14093126 misses:7886398 writebacks:1  Hit Ratio: 64.12%
SCACHE: size: 512 KB assoc: 2
SCACHE: hits:7766467 misses:120529  Hit Ratio: 98.47%
3CACHE: size: 4096 KB assoc: 2
3CACHE: hits:116092 misses:4437  Hit Ratio: 96.32%
3CACHE: dirty items replaced:1086
ITLB: size: 48, misses 1, miss rate 0.00%
DTLB: size: 128, misses 176, miss rate 0.00%
Avg mem delay: 2.019 cycles
----------------------------------------
==== Statistics for Master ID: 2 ====
Reads: 511766496   Writes: 216438490
ICACHE: size: 64 KB assoc: 2
ICACHE: hits:290935624 misses:4229  Hit Ratio: 100.00%
DCACHE: size: 1*16 KB assoc: 1*4
DCACHE: hits:424299295 misses:12965838 writebacks:12771519  Hit Ratio: 97.03%
SCACHE: size: 512 KB assoc: 2
SCACHE: hits:12915506 misses:54561  Hit Ratio: 99.58%
3CACHE: size: 4096 KB assoc: 2
3CACHE: hits:53377 misses:1184  Hit Ratio: 97.83%
3CACHE: dirty items replaced:129
ITLB: size: 48, misses 1, miss rate 0.00%
DTLB: size: 128, misses 777, miss rate 0.00%
Avg mem delay: 2.019 cycles
----------------------------------------
==== Statistics for Master ID: 3 ====
Reads: 377789211   Writes: 67437685
ICACHE: size: 64 KB assoc: 2
ICACHE: hits:212354363 misses:2384695  Hit Ratio: 98.89%
DCACHE: size: 1*16 KB assoc: 1*4
DCACHE: hits:224684630 misses:5803306 writebacks:1514767  Hit Ratio: 97.48%
SCACHE: size: 512 KB assoc: 2
SCACHE: hits:6851885 misses:1336018  Hit Ratio: 83.68%
3CACHE: size: 4096 KB assoc: 2
3CACHE: hits:1149441 misses:186577  Hit Ratio: 86.03%
3CACHE: dirty items replaced:41532
ITLB: size: 48, misses 135009, miss rate 0.06%
DTLB: size: 128, misses 189121, miss rate 0.08%
Avg mem delay: 2.019 cycles
----------------------------------------
==== Global Resource Utilization ====
STASH: size: 65536 entries, full 2900606780, empty 50261292, misses 4496285, full rate 98.15
icache bank util. 0.291 0.227 0.064 0.071 0.071 0.065 0.411 0.419 
dcache bank util. 0.249 0.245 0.247 0.246 0.247 0.246 0.246 0.242 
L2 bank util. 0.059 0.060 0.059 0.059 0.058 0.058 0.059 0.058 
L1-L2 bus util. = 0.315, L3 util. = 0.005
----------------------------------------

======================== 切片硬件状态 ========================
切片号 | 所属安全域 | 当前状态    | 路扩展 | LRU touched
------------------------------------------------------------------
  0    |   域2      | 正常运行   |  否   |  413045061
  1    |   域0      | 正常运行   |  是   |  413045054
  2    |   域0      | 正常运行   |  是   |  413045034
  3    |   域3      | 正常运行   |  否   |  413045059
==================================================================

branch prediction, hits = 192021895, misses = 12129798, hit rate = 94.06%
return_stack prediction, hits = 6729207, misses = 11536, hit rate = 99.83%
jump prediction, hits = 189337036, misses = 11610824, hit rate = 94.22%
total IPC 4.842

=== Results saved to: ./results/cacherand_2_smalltrans_1_gcc-200_1.txt ===
