===== 执行信息 =====
Cache目录：ssmtc64-500-5%
执行命令：./smtsim ../smalltrans.arg2 ../seqacc.arg ../cacherand.arg
执行时间：2026-04-17 17:49:51
返回码：0
===== 输出内容 =====
动态重分配参数：每500万周期检查，阈值5
Process 0, Thread 0: smalltrans
Process 0, Thread 1: smalltrans
Process 2, Thread 2: seqacc
Process 3, Thread 3: cacherand
[切片调度] 新安全域0无任何切片，尝试分配空闲切片
[切片管理] 成功绑定切片0 → 安全域0

======================== 切片硬件状态 ========================
切片号 | 所属安全域 | 当前状态    | 路扩展 | LRU touched
------------------------------------------------------------------
  0    |   域0      | 正常运行   |  否   |  0
  1    |   域-1     | 切片空闲   |  否   |  0
  2    |   域-1     | 切片空闲   |  否   |  0
  3    |   域-1     | 切片空闲   |  否   |  0
==================================================================

[切片管理] 成功绑定切片1 → 安全域0，触发【路扩展模式】

======================== 切片硬件状态 ========================
切片号 | 所属安全域 | 当前状态    | 路扩展 | LRU touched
------------------------------------------------------------------
  0    |   域0      | 正常运行   |  是   |  0
  1    |   域0      | 正常运行   |  是   |  0
  2    |   域-1     | 切片空闲   |  否   |  0
  3    |   域-1     | 切片空闲   |  否   |  0
==================================================================

[切片调度] 新安全域2无任何切片，尝试分配空闲切片
[切片管理] 成功绑定切片2 → 安全域2

======================== 切片硬件状态 ========================
切片号 | 所属安全域 | 当前状态    | 路扩展 | LRU touched
------------------------------------------------------------------
  0    |   域0      | 正常运行   |  是   |  330
  1    |   域0      | 正常运行   |  是   |  0
  2    |   域2      | 正常运行   |  否   |  0
  3    |   域-1     | 切片空闲   |  否   |  0
==================================================================

[切片管理] 成功绑定切片3 → 安全域2，触发【路扩展模式】

======================== 切片硬件状态 ========================
切片号 | 所属安全域 | 当前状态    | 路扩展 | LRU touched
------------------------------------------------------------------
  0    |   域0      | 正常运行   |  是   |  330
  1    |   域0      | 正常运行   |  是   |  0
  2    |   域2      | 正常运行   |  是   |  0
  3    |   域2      | 正常运行   |  是   |  0
==================================================================

[切片调度] 新安全域3无任何切片，尝试分配空闲切片
[切片调度] 新安全域3未找到空闲切片，尝试剥夺切片
[切片替换] 优先从【路扩展切片】中选择LRU替换目标...
[切片替换] 找到路扩展切片作为受害者：切片1（最后访问：0）
[切片调度] 安全域3触发切片剥夺：从域0剥夺切片1
[切片剥夺] 周期535：切片1（所属域0）进入待剥夺状态，禁止新替换
[切片剥夺] 周期535：切片1在途请求已清空，开始执行脏行写回
[切片剥夺] 周期535：切片1无脏行，直接完成剥夺
[切片管理] 周期535：原域0仅剩1个切片，关闭路扩展模式
[动态重分配] 周期535：切片1写回完成，自动绑定到域3
[切片管理] 成功绑定切片1 → 安全域3

======================== 切片硬件状态 ========================
切片号 | 所属安全域 | 当前状态    | 路扩展 | LRU touched
------------------------------------------------------------------
  0    |   域0      | 正常运行   |  否   |  330
  1    |   域3      | 正常运行   |  否   |  535
  2    |   域2      | 正常运行   |  是   |  435
  3    |   域2      | 正常运行   |  是   |  0
==================================================================

[切片唤醒] 周期535：域3切片就绪，唤醒等待指令

**** Debug Statistics at 1000000 Cycles *****
Threads: 4		Fetch Width: 8
No of useful instructions fetched:	4641927 (58.02% proc util.)
No of total instructions fetched:	4835281 (60.44% proc util.)
 includes 132 misfetch (0.0%), 193222 (4.0%) wrong-path fetches
 and 0 flushed after failed lock(0.0%)
No of useful instructions issued/executed:	4641881 (58.02% proc util.)
No of total instructions issued/executed:	4695024 (58.69% proc util.)
 includes 53143 wrong-path (1.1%) insts and 0 flushed (0.0%)
	fp 0, 0.00%
	synch 0, 0.00%
	integer 3622805, 77.16%
	load/store 1072219, 22.84%
Avg size of int IQ (before scheduling): 31.27
Avg size of fp IQ (before scheduling): 0.00
No of cycles taken:		1000000
Parallelism [ 1.999, 0.000, 1.392, 1.251,] = 4.642
 IQ conflicts: 633 (0.06%), FQ conflicts: 0 (0.00%) 
 I reg conflicts: 347780 (34.78%), FP reg conflicts: 0 (0.00%)
  Activelist confs: 0 (0.00%), ROB confs: 0 (0.00%)
  Int unit conflicts: 1813376 (181.34%), FP unit conflicts: 0 (0.00%)
  Load/store unit conflicts: 3790 (0.38%)
  MSHR conflicts: 2385 (0.24%)
----------------------------------------
==== System-wide Cache Statistics ====
Stall for miss queue full 0 cycles (0.00%)
----------------------------------------
==== Statistics for Master ID: 0 ====
Reads: 1072442   Writes: 475004
ICACHE: size: 64 KB assoc: 2
ICACHE: hits:594053 misses:10  Hit Ratio: 100.00%
DCACHE: size: 1*16 KB assoc: 1*4
DCACHE: hits:924823 misses:28560 writebacks:27825  Hit Ratio: 97.00%
SCACHE: size: 512 KB assoc: 2
SCACHE: hits:28146 misses:423  Hit Ratio: 98.52%
3CACHE: size: 4096 KB assoc: 2
3CACHE: hits:0 misses:423  Hit Ratio: 0.00%
3CACHE: dirty items replaced:0
ITLB: size: 48, misses 1, miss rate 0.00%
DTLB: size: 128, misses 11, miss rate 0.00%
Avg mem delay: 1.794 cycles
----------------------------------------
==== Statistics for Master ID: 2 ====
Reads: 434725   Writes: 5127
ICACHE: size: 64 KB assoc: 2
ICACHE: hits:367437 misses:10  Hit Ratio: 100.00%
DCACHE: size: 2*16 KB assoc: 2*4
DCACHE: hits:72077 misses:328 writebacks:0  Hit Ratio: 99.55%
SCACHE: size: 512 KB assoc: 2
SCACHE: hits:0 misses:338  Hit Ratio: 0.00%
3CACHE: size: 4096 KB assoc: 2
3CACHE: hits:0 misses:338  Hit Ratio: 0.00%
3CACHE: dirty items replaced:0
ITLB: size: 48, misses 1, miss rate 0.00%
DTLB: size: 128, misses 11, miss rate 0.02%
Avg mem delay: 1.794 cycles
----------------------------------------
==== Statistics for Master ID: 3 ====
Reads: 383840   Writes: 35
ICACHE: size: 64 KB assoc: 2
ICACHE: hits:337421 misses:22  Hit Ratio: 99.99%
DCACHE: size: 1*16 KB assoc: 1*4
DCACHE: hits:15546 misses:30885 writebacks:12  Hit Ratio: 33.48%
SCACHE: size: 512 KB assoc: 2
SCACHE: hits:30095 misses:812  Hit Ratio: 97.37%
3CACHE: size: 4096 KB assoc: 2
3CACHE: hits:0 misses:812  Hit Ratio: 0.00%
3CACHE: dirty items replaced:0
ITLB: size: 48, misses 4, miss rate 0.00%
DTLB: size: 128, misses 22, miss rate 0.05%
Avg mem delay: 1.794 cycles
----------------------------------------
==== Global Resource Utilization ====
STASH: size: 65536 entries, full 4834956, empty 443, misses 39, full rate 99.99
icache bank util. 0.317 0.186 0.000 0.000 0.000 0.022 0.367 0.408 
dcache bank util. 0.164 0.164 0.162 0.162 0.163 0.164 0.193 0.164 
L2 bank util. 0.049 0.049 0.048 0.048 0.049 0.049 0.049 0.048 
L1-L2 bus util. = 0.263, L3 util. = 0.016
----------------------------------------

======================== 切片硬件状态 ========================
切片号 | 所属安全域 | 当前状态    | 路扩展 | LRU touched
------------------------------------------------------------------
  0    |   域0      | 正常运行   |  否   |  999999
  1    |   域3      | 正常运行   |  否   |  999982
  2    |   域2      | 正常运行   |  是   |  999991
  3    |   域2      | 正常运行   |  是   |  999843
==================================================================

branch prediction, hits = 369052, misses = 11096, hit rate = 97.08%
return_stack prediction, hits = 8, misses = 0, hit rate = 100.00%
jump prediction, hits = 408704, misses = 40, hit rate = 99.99%

======================== 切片硬件状态 ========================
切片号 | 所属安全域 | 当前状态    | 路扩展 | LRU touched
------------------------------------------------------------------
  0    |   域0      | 正常运行   |  否   |  30000000
  1    |   域3      | 正常运行   |  否   |  29999993
  2    |   域2      | 正常运行   |  是   |  29999992
  3    |   域2      | 正常运行   |  是   |  29999702
==================================================================

[动态重分配] 周期30000000：预约迁移 冗余域2(0%) -> 切片2 -> 饥饿域3(66%)
[切片剥夺] 周期30000000：切片2（所属域2）进入待剥夺状态，禁止新替换
[切片剥夺] 周期30000000：切片2在途请求已清空，开始执行脏行写回
[切片管理] 周期30004678：原域2仅剩1个切片，关闭路扩展模式
[动态重分配] 周期30004678：切片2写回完成，自动绑定到域3
[切片管理] 成功绑定切片2 → 安全域3，触发【路扩展模式】

======================== 切片硬件状态 ========================
切片号 | 所属安全域 | 当前状态    | 路扩展 | LRU touched
------------------------------------------------------------------
  0    |   域0      | 正常运行   |  否   |  30004678
  1    |   域3      | 正常运行   |  是   |  30004665
  2    |   域3      | 正常运行   |  是   |  30004678
  3    |   域2      | 正常运行   |  否   |  30004671
==================================================================


**** Debug Statistics at 101000000 Cycles *****
Threads: 4		Fetch Width: 8
No of useful instructions fetched:	522854128 (64.71% proc util.)
No of total instructions fetched:	545615507 (67.53% proc util.)
 includes 132 misfetch (0.0%), 22761247 (4.2%) wrong-path fetches
 and 0 flushed after failed lock(0.0%)
No of useful instructions issued/executed:	522854077 (64.71% proc util.)
No of total instructions issued/executed:	529050463 (65.48% proc util.)
 includes 6196386 wrong-path (1.2%) insts and 0 flushed (0.0%)
	fp 0, 0.00%
	synch 0, 0.00%
	integer 406833066, 76.90%
	load/store 122217397, 23.10%
Avg size of int IQ (before scheduling): 35.22
Avg size of fp IQ (before scheduling): 0.00
No of cycles taken:		101000000
Parallelism [ 2.230, 0.000, 1.542, 1.405,] = 5.177
 IQ conflicts: 60943 (0.06%), FQ conflicts: 0 (0.00%) 
 I reg conflicts: 27552389 (27.28%), FP reg conflicts: 0 (0.00%)
  Activelist confs: 0 (0.00%), ROB confs: 0 (0.00%)
  Int unit conflicts: 217819305 (215.66%), FP unit conflicts: 0 (0.00%)
  Load/store unit conflicts: 419877 (0.42%)
  MSHR conflicts: 2385 (0.00%)
----------------------------------------
==== System-wide Cache Statistics ====
Stall for miss queue full 463 cycles (0.00%)
----------------------------------------
==== Statistics for Master ID: 0 ====
Reads: 122367520   Writes: 53865459
ICACHE: size: 64 KB assoc: 2
ICACHE: hits:67389552 misses:10  Hit Ratio: 100.00%
DCACHE: size: 1*16 KB assoc: 1*4
DCACHE: hits:105606083 misses:3237334 writebacks:3183884  Hit Ratio: 97.03%
SCACHE: size: 512 KB assoc: 2
SCACHE: hits:3236920 misses:424  Hit Ratio: 99.99%
3CACHE: size: 4096 KB assoc: 2
3CACHE: hits:0 misses:424  Hit Ratio: 0.00%
3CACHE: dirty items replaced:0
ITLB: size: 48, misses 1, miss rate 0.00%
DTLB: size: 128, misses 11, miss rate 0.00%
Avg mem delay: 1.576 cycles
----------------------------------------
==== Statistics for Master ID: 2 ====
Reads: 49489735   Writes: 5127
ICACHE: size: 64 KB assoc: 2
ICACHE: hits:41375090 misses:10  Hit Ratio: 100.00%
DCACHE: size: 1*16 KB assoc: 1*4
DCACHE: hits:7577674 misses:542338 writebacks:322  Hit Ratio: 93.32%
SCACHE: size: 512 KB assoc: 2
SCACHE: hits:541760 misses:338  Hit Ratio: 99.94%
3CACHE: size: 4096 KB assoc: 2
3CACHE: hits:0 misses:338  Hit Ratio: 0.00%
3CACHE: dirty items replaced:0
ITLB: size: 48, misses 1, miss rate 0.00%
DTLB: size: 128, misses 11, miss rate 0.00%
Avg mem delay: 1.576 cycles
----------------------------------------
==== Statistics for Master ID: 3 ====
Reads: 43257694   Writes: 35
ICACHE: size: 64 KB assoc: 2
ICACHE: hits:38003487 misses:23  Hit Ratio: 100.00%
DCACHE: size: 2*16 KB assoc: 2*4
DCACHE: hits:2985536 misses:2268682 writebacks:12  Hit Ratio: 56.82%
SCACHE: size: 512 KB assoc: 2
SCACHE: hits:2267892 misses:813  Hit Ratio: 99.96%
3CACHE: size: 4096 KB assoc: 2
3CACHE: hits:0 misses:813  Hit Ratio: 0.00%
3CACHE: dirty items replaced:0
ITLB: size: 48, misses 4, miss rate 0.00%
DTLB: size: 128, misses 22, miss rate 0.00%
Avg mem delay: 1.576 cycles
----------------------------------------
==== Global Resource Utilization ====
STASH: size: 65536 entries, full 545615289, empty 444, misses 39, full rate 100.00
icache bank util. 0.364 0.210 0.000 0.000 0.000 0.000 0.409 0.471 
dcache bank util. 0.181 0.182 0.180 0.180 0.181 0.182 0.217 0.181 
L2 bank util. 0.049 0.049 0.049 0.049 0.050 0.050 0.050 0.048 
L1-L2 bus util. = 0.274, L3 util. = 0.000
----------------------------------------

======================== 切片硬件状态 ========================
切片号 | 所属安全域 | 当前状态    | 路扩展 | LRU touched
------------------------------------------------------------------
  0    |   域0      | 正常运行   |  否   |  100999998
  1    |   域3      | 正常运行   |  是   |  100999917
  2    |   域3      | 正常运行   |  是   |  100999990
  3    |   域2      | 正常运行   |  否   |  100999994
==================================================================

branch prediction, hits = 41446695, misses = 1291433, hit rate = 96.98%
return_stack prediction, hits = 8, misses = 0, hit rate = 100.00%
jump prediction, hits = 46196473, misses = 41, hit rate = 100.00%

**** Debug Statistics at 201000000 Cycles *****
Threads: 4		Fetch Width: 8
No of useful instructions fetched:	1041678046 (64.78% proc util.)
No of total instructions fetched:	1087101264 (67.61% proc util.)
 includes 132 misfetch (0.0%), 45423086 (4.2%) wrong-path fetches
 and 0 flushed after failed lock(0.0%)
No of useful instructions issued/executed:	1041678000 (64.78% proc util.)
No of total instructions issued/executed:	1054008229 (65.55% proc util.)
 includes 12330229 wrong-path (1.2%) insts and 0 flushed (0.0%)
	fp 0, 0.00%
	synch 0, 0.00%
	integer 810580186, 76.90%
	load/store 243428043, 23.10%
Avg size of int IQ (before scheduling): 35.33
Avg size of fp IQ (before scheduling): 0.00
No of cycles taken:		201000000
Parallelism [ 2.232, 0.000, 1.543, 1.408,] = 5.182
 IQ conflicts: 129613 (0.06%), FQ conflicts: 0 (0.00%) 
 I reg conflicts: 54653211 (27.19%), FP reg conflicts: 0 (0.00%)
  Activelist confs: 0 (0.00%), ROB confs: 0 (0.00%)
  Int unit conflicts: 438341879 (218.08%), FP unit conflicts: 0 (0.00%)
  Load/store unit conflicts: 835201 (0.42%)
  MSHR conflicts: 2385 (0.00%)
----------------------------------------
==== System-wide Cache Statistics ====
Stall for miss queue full 463 cycles (0.00%)
----------------------------------------
==== Statistics for Master ID: 0 ====
Reads: 243745876   Writes: 107278971
ICACHE: size: 64 KB assoc: 2
ICACHE: hits:134244044 misses:10  Hit Ratio: 100.00%
DCACHE: size: 1*16 KB assoc: 1*4
DCACHE: hits:210333469 misses:6447324 writebacks:6341069  Hit Ratio: 97.03%
SCACHE: size: 512 KB assoc: 2
SCACHE: hits:6446910 misses:424  Hit Ratio: 99.99%
3CACHE: size: 4096 KB assoc: 2
3CACHE: hits:0 misses:424  Hit Ratio: 0.00%
3CACHE: dirty items replaced:0
ITLB: size: 48, misses 1, miss rate 0.00%
DTLB: size: 128, misses 11, miss rate 0.00%
Avg mem delay: 1.558 cycles
----------------------------------------
==== Statistics for Master ID: 2 ====
Reads: 98543721   Writes: 5127
ICACHE: size: 64 KB assoc: 2
ICACHE: hits:82382920 misses:10  Hit Ratio: 100.00%
DCACHE: size: 1*16 KB assoc: 1*4
DCACHE: hits:14861430 misses:1304738 writebacks:322  Hit Ratio: 91.93%
SCACHE: size: 512 KB assoc: 2
SCACHE: hits:1304160 misses:338  Hit Ratio: 99.97%
3CACHE: size: 4096 KB assoc: 2
3CACHE: hits:0 misses:338  Hit Ratio: 0.00%
3CACHE: dirty items replaced:0
ITLB: size: 48, misses 1, miss rate 0.00%
DTLB: size: 128, misses 11, miss rate 0.00%
Avg mem delay: 1.558 cycles
----------------------------------------
==== Statistics for Master ID: 3 ====
Reads: 86283485   Writes: 35
ICACHE: size: 64 KB assoc: 2
ICACHE: hits:75802164 misses:23  Hit Ratio: 100.00%
DCACHE: size: 2*16 KB assoc: 2*4
DCACHE: hits:6467612 misses:4013720 writebacks:12  Hit Ratio: 61.71%
SCACHE: size: 512 KB assoc: 2
SCACHE: hits:4012930 misses:813  Hit Ratio: 99.98%
3CACHE: size: 4096 KB assoc: 2
3CACHE: hits:0 misses:813  Hit Ratio: 0.00%
3CACHE: dirty items replaced:0
ITLB: size: 48, misses 4, miss rate 0.00%
DTLB: size: 128, misses 22, miss rate 0.00%
Avg mem delay: 1.558 cycles
----------------------------------------
==== Global Resource Utilization ====
STASH: size: 65536 entries, full 1087101153, empty 444, misses 39, full rate 100.00
icache bank util. 0.365 0.210 0.000 0.000 0.000 0.000 0.409 0.471 
dcache bank util. 0.181 0.181 0.180 0.180 0.180 0.182 0.216 0.181 
L2 bank util. 0.048 0.049 0.048 0.048 0.049 0.050 0.049 0.047 
L1-L2 bus util. = 0.270, L3 util. = 0.000
----------------------------------------

======================== 切片硬件状态 ========================
切片号 | 所属安全域 | 当前状态    | 路扩展 | LRU touched
------------------------------------------------------------------
  0    |   域0      | 正常运行   |  否   |  200999999
  1    |   域3      | 正常运行   |  是   |  200999989
  2    |   域3      | 正常运行   |  是   |  200999972
  3    |   域2      | 正常运行   |  否   |  200999988
==================================================================

branch prediction, hits = 82555001, misses = 2572555, hit rate = 96.98%
return_stack prediction, hits = 8, misses = 0, hit rate = 100.00%
jump prediction, hits = 92015408, misses = 41, hit rate = 100.00%

**** Debug Statistics at 301000000 Cycles *****
Threads: 4		Fetch Width: 8
No of useful instructions fetched:	1560536449 (64.81% proc util.)
No of total instructions fetched:	1628625731 (67.63% proc util.)
 includes 132 misfetch (0.0%), 68089150 (4.2%) wrong-path fetches
 and 0 flushed after failed lock(0.0%)
No of useful instructions issued/executed:	1560536393 (64.81% proc util.)
No of total instructions issued/executed:	1579001253 (65.57% proc util.)
 includes 18464860 wrong-path (1.2%) insts and 0 flushed (0.0%)
	fp 0, 0.00%
	synch 0, 0.00%
	integer 1214356197, 76.91%
	load/store 364645056, 23.09%
Avg size of int IQ (before scheduling): 35.37
Avg size of fp IQ (before scheduling): 0.00
No of cycles taken:		301000000
Parallelism [ 2.233, 0.000, 1.543, 1.409,] = 5.185
 IQ conflicts: 199328 (0.07%), FQ conflicts: 0 (0.00%) 
 I reg conflicts: 81747168 (27.16%), FP reg conflicts: 0 (0.00%)
  Activelist confs: 0 (0.00%), ROB confs: 0 (0.00%)
  Int unit conflicts: 658895348 (218.90%), FP unit conflicts: 0 (0.00%)
  Load/store unit conflicts: 1249461 (0.42%)
  MSHR conflicts: 2385 (0.00%)
----------------------------------------
==== System-wide Cache Statistics ====
Stall for miss queue full 463 cycles (0.00%)
----------------------------------------
==== Statistics for Master ID: 0 ====
Reads: 365134050   Writes: 160694584
ICACHE: size: 64 KB assoc: 2
ICACHE: hits:201105408 misses:10  Hit Ratio: 100.00%
DCACHE: size: 1*16 KB assoc: 1*4
DCACHE: hits:315065724 misses:9657492 writebacks:9498394  Hit Ratio: 97.03%
SCACHE: size: 512 KB assoc: 2
SCACHE: hits:9657078 misses:424  Hit Ratio: 100.00%
3CACHE: size: 4096 KB assoc: 2
3CACHE: hits:0 misses:424  Hit Ratio: 0.00%
3CACHE: dirty items replaced:0
ITLB: size: 48, misses 1, miss rate 0.00%
DTLB: size: 128, misses 11, miss rate 0.00%
Avg mem delay: 1.551 cycles
----------------------------------------
==== Statistics for Master ID: 2 ====
Reads: 147603453   Writes: 5127
ICACHE: size: 64 KB assoc: 2
ICACHE: hits:123395740 misses:10  Hit Ratio: 100.00%
DCACHE: size: 1*16 KB assoc: 1*4
DCACHE: hits:22145916 misses:2067164 writebacks:322  Hit Ratio: 91.46%
SCACHE: size: 512 KB assoc: 2
SCACHE: hits:2066586 misses:338  Hit Ratio: 99.98%
3CACHE: size: 4096 KB assoc: 2
3CACHE: hits:0 misses:338  Hit Ratio: 0.00%
3CACHE: dirty items replaced:0
ITLB: size: 48, misses 1, miss rate 0.00%
DTLB: size: 128, misses 11, miss rate 0.00%
Avg mem delay: 1.551 cycles
----------------------------------------
==== Statistics for Master ID: 3 ====
Reads: 129309615   Writes: 35
ICACHE: size: 64 KB assoc: 2
ICACHE: hits:113600616 misses:23  Hit Ratio: 100.00%
DCACHE: size: 2*16 KB assoc: 2*4
DCACHE: hits:9950134 misses:5758876 writebacks:12  Hit Ratio: 63.34%
SCACHE: size: 512 KB assoc: 2
SCACHE: hits:5758086 misses:813  Hit Ratio: 99.99%
3CACHE: size: 4096 KB assoc: 2
3CACHE: hits:0 misses:813  Hit Ratio: 0.00%
3CACHE: dirty items replaced:0
ITLB: size: 48, misses 4, miss rate 0.00%
DTLB: size: 128, misses 22, miss rate 0.00%
Avg mem delay: 1.551 cycles
----------------------------------------
==== Global Resource Utilization ====
STASH: size: 65536 entries, full 1628625726, empty 444, misses 39, full rate 100.00
icache bank util. 0.365 0.210 0.000 0.000 0.000 0.000 0.409 0.471 
dcache bank util. 0.181 0.181 0.180 0.180 0.180 0.182 0.216 0.181 
L2 bank util. 0.048 0.048 0.048 0.047 0.049 0.049 0.049 0.047 
L1-L2 bus util. = 0.269, L3 util. = 0.000
----------------------------------------

======================== 切片硬件状态 ========================
切片号 | 所属安全域 | 当前状态    | 路扩展 | LRU touched
------------------------------------------------------------------
  0    |   域0      | 正常运行   |  否   |  300999999
  1    |   域3      | 正常运行   |  是   |  300999985
  2    |   域3      | 正常运行   |  是   |  300999908
  3    |   域2      | 正常运行   |  否   |  300999994
==================================================================

branch prediction, hits = 123665494, misses = 3853719, hit rate = 96.98%
return_stack prediction, hits = 8, misses = 0, hit rate = 100.00%
jump prediction, hits = 137836824, misses = 41, hit rate = 100.00%

**** Early Exiting at 385699403 Cycles *****
========================================
 SMTSIM Global Statistics
========================================
Threads: 4		Fetch Width: 8
No of useful instructions fetched:	2000000107 (64.82% proc util.)
No of total instructions fetched:	2087271892 (67.65% proc util.)
 includes 132 misfetch (0.0%), 87271653 (4.2%) wrong-path fetches
 and 0 flushed after failed lock(0.0%)
No of useful instructions issued/executed:	2000000054 (64.82% proc util.)
No of total instructions issued/executed:	2023661419 (65.58% proc util.)
 includes 23661365 wrong-path (1.2%) insts and 0 flushed (0.0%)
	fp 0, 0.00%
	synch 0, 0.00%
	integer 1556348057, 76.91%
	load/store 467313362, 23.09%
Avg size of int IQ (before scheduling): 35.39
Avg size of fp IQ (before scheduling): 0.00
No of cycles taken:		385699403
Parallelism [ 2.233, 0.000, 1.543, 1.410,] = 5.185
 IQ conflicts: 258220 (0.07%), FQ conflicts: 0 (0.00%) 
 I reg conflicts: 104699619 (27.15%), FP reg conflicts: 0 (0.00%)
  Activelist confs: 0 (0.00%), ROB confs: 0 (0.00%)
  Int unit conflicts: 845737550 (219.27%), FP unit conflicts: 0 (0.00%)
  Load/store unit conflicts: 1599199 (0.41%)
  MSHR conflicts: 2385 (0.00%)
----------------------------------------
==== System-wide Cache Statistics ====
Stall for miss queue full 463 cycles (0.00%)
----------------------------------------
==== Statistics for Master ID: 0 ====
Reads: 467946203   Writes: 205936459
ICACHE: size: 64 KB assoc: 2
ICACHE: hits:257734407 misses:10  Hit Ratio: 100.00%
DCACHE: size: 1*16 KB assoc: 1*4
DCACHE: hits:403771864 misses:12376381 writebacks:12172552  Hit Ratio: 97.03%
SCACHE: size: 512 KB assoc: 2
SCACHE: hits:12375966 misses:424  Hit Ratio: 100.00%
3CACHE: size: 4096 KB assoc: 2
3CACHE: hits:0 misses:424  Hit Ratio: 0.00%
3CACHE: dirty items replaced:0
ITLB: size: 48, misses 1, miss rate 0.00%
DTLB: size: 128, misses 11, miss rate 0.00%
Avg mem delay: 1.549 cycles
----------------------------------------
==== Statistics for Master ID: 2 ====
Reads: 189155768   Writes: 5127
ICACHE: size: 64 KB assoc: 2
ICACHE: hits:158132482 misses:10  Hit Ratio: 100.00%
DCACHE: size: 1*16 KB assoc: 1*4
DCACHE: hits:28315531 misses:2713122 writebacks:322  Hit Ratio: 91.26%
SCACHE: size: 512 KB assoc: 2
SCACHE: hits:2712544 misses:338  Hit Ratio: 99.99%
3CACHE: size: 4096 KB assoc: 2
3CACHE: hits:0 misses:338  Hit Ratio: 0.00%
3CACHE: dirty items replaced:0
ITLB: size: 48, misses 1, miss rate 0.00%
DTLB: size: 128, misses 11, miss rate 0.00%
Avg mem delay: 1.549 cycles
----------------------------------------
==== Statistics for Master ID: 3 ====
Reads: 165747698   Writes: 35
ICACHE: size: 64 KB assoc: 2
ICACHE: hits:145610995 misses:23  Hit Ratio: 100.00%
DCACHE: size: 2*16 KB assoc: 2*4
DCACHE: hits:12900686 misses:7236028 writebacks:12  Hit Ratio: 64.07%
SCACHE: size: 512 KB assoc: 2
SCACHE: hits:7235238 misses:813  Hit Ratio: 99.99%
3CACHE: size: 4096 KB assoc: 2
3CACHE: hits:0 misses:813  Hit Ratio: 0.00%
3CACHE: dirty items replaced:0
ITLB: size: 48, misses 4, miss rate 0.00%
DTLB: size: 128, misses 22, miss rate 0.00%
Avg mem delay: 1.549 cycles
----------------------------------------
==== Global Resource Utilization ====
STASH: size: 65536 entries, full 2087271977, empty 444, misses 39, full rate 100.00
icache bank util. 0.365 0.210 0.000 0.000 0.000 0.000 0.409 0.471 
dcache bank util. 0.181 0.181 0.180 0.180 0.180 0.182 0.216 0.181 
L2 bank util. 0.048 0.048 0.047 0.047 0.048 0.049 0.049 0.047 
L1-L2 bus util. = 0.268, L3 util. = 0.000
----------------------------------------

======================== 切片硬件状态 ========================
切片号 | 所属安全域 | 当前状态    | 路扩展 | LRU touched
------------------------------------------------------------------
  0    |   域0      | 正常运行   |  否   |  385699402
  1    |   域3      | 正常运行   |  是   |  385699394
  2    |   域3      | 正常运行   |  是   |  385699320
  3    |   域2      | 正常运行   |  否   |  385699397
==================================================================

branch prediction, hits = 158485440, misses = 4938814, hit rate = 96.98%
return_stack prediction, hits = 8, misses = 0, hit rate = 100.00%
jump prediction, hits = 176646819, misses = 41, hit rate = 100.00%
total IPC 5.185

=== Results saved to: ./results/smalltrans_2_seqacc_1_cacherand_1.txt ===
