测试组合（多线程优先）：gzip-log.arg2 + gzip-graphic.arg + gzip-source.arg
执行命令：./smtsim gzip-log.arg2 gzip-graphic.arg gzip-source.arg
==================================================

SMTCache
Process 0, Thread 0: gzip-log
Process 0, Thread 1: gzip-log
Process 2, Thread 2: gzip-graphic
Process 3, Thread 3: gzip-source

**** Debug Statistics at 1000000 Cycles *****
Threads: 4		Fetch Width: 8
No of useful instructions fetched:	517910 (6.47% proc util.)
No of total instructions fetched:	587181 (7.34% proc util.)
 includes 2787 misfetch (0.5%), 66484 (11.3%) wrong-path fetches
 and 0 flushed after failed lock(0.0%)
No of useful instructions issued/executed:	517864 (6.47% proc util.)
No of total instructions issued/executed:	542466 (6.78% proc util.)
 includes 24602 wrong-path (4.5%) insts and 0 flushed (0.0%)
	fp 38, 0.01%
	synch 0, 0.00%
	integer 327308, 60.34%
	load/store 215120, 39.66%
Avg size of int IQ (before scheduling): 47.73
Avg size of fp IQ (before scheduling): 0.01
No of cycles taken:		1000000
Parallelism [ 0.344, 0.000, 0.087, 0.087,] = 0.518
 IQ conflicts: 3854 (0.39%), FQ conflicts: 0 (0.00%) 
 I reg conflicts: 898712 (89.87%), FP reg conflicts: 0 (0.00%)
  Activelist confs: 27 (0.00%), ROB confs: 511 (0.05%)
  Int unit conflicts: 21512 (2.15%), FP unit conflicts: 0 (0.00%)
  Load/store unit conflicts: 93488 (9.35%)
  MSHR conflicts: 6411314 (641.13%)
----------------------------------------
==== System-wide Cache Statistics ====
Stall for miss queue full 0 cycles (0.00%)
----------------------------------------
==== Statistics for Master ID: 0 ====
Reads: 169249   Writes: 49618
ICACHE: size: 64 KB assoc: 2
ICACHE: hits:87121 misses:41  Hit Ratio: 99.95%
DCACHE: size: 16 KB assoc: 4
DCACHE: hits:130949 misses:756 writebacks:238  Hit Ratio: 99.43%
SCACHE: size: 512 KB assoc: 2
SCACHE: hits:92 misses:705  Hit Ratio: 11.54%
3CACHE: size: 4096 KB assoc: 2
3CACHE: hits:1 misses:704  Hit Ratio: 0.14%
3CACHE: dirty items replaced:0
ITLB: size: 48, misses 6, miss rate 0.01%
DTLB: size: 128, misses 40, miss rate 0.03%
Avg mem delay: 73.026 cycles
----------------------------------------
==== Statistics for Master ID: 2 ====
Reads: 62919   Writes: 14200
ICACHE: size: 64 KB assoc: 2
ICACHE: hits:35462 misses:205  Hit Ratio: 99.43%
DCACHE: size: 16 KB assoc: 4
DCACHE: hits:24131 misses:17321 writebacks:17169  Hit Ratio: 58.21%
SCACHE: size: 512 KB assoc: 2
SCACHE: hits:3853 misses:13670  Hit Ratio: 21.99%
3CACHE: size: 4096 KB assoc: 2
3CACHE: hits:0 misses:13670  Hit Ratio: 0.00%
3CACHE: dirty items replaced:0
ITLB: size: 48, misses 18, miss rate 0.05%
DTLB: size: 128, misses 3352, miss rate 8.09%
Avg mem delay: 73.026 cycles
----------------------------------------
==== Statistics for Master ID: 3 ====
Reads: 64359   Writes: 14338
ICACHE: size: 64 KB assoc: 2
ICACHE: hits:36533 misses:210  Hit Ratio: 99.43%
DCACHE: size: 16 KB assoc: 4
DCACHE: hits:24544 misses:17410 writebacks:17202  Hit Ratio: 58.50%
SCACHE: size: 512 KB assoc: 2
SCACHE: hits:3855 misses:13764  Hit Ratio: 21.88%
3CACHE: size: 4096 KB assoc: 2
3CACHE: hits:0 misses:13764  Hit Ratio: 0.00%
3CACHE: dirty items replaced:0
ITLB: size: 48, misses 18, miss rate 0.05%
DTLB: size: 128, misses 3377, miss rate 8.05%
Avg mem delay: 73.026 cycles
----------------------------------------
==== Global Resource Utilization ====
STASH: size: 65536 entries, full 100645726, empty 9444, misses 837, full rate 99.99
icache bank util. 0.027 0.007 0.005 0.010 0.015 0.020 0.028 0.050 
dcache bank util. 0.007 0.003 0.057 0.005 0.046 0.024 0.279 0.005 
L2 bank util. 0.002 0.002 0.002 0.002 0.002 0.002 0.384 0.002 
L1-L2 bus util. = 0.212, L3 util. = 0.281
----------------------------------------
branch prediction, hits = 21405, misses = 2611, hit rate = 89.13%
return_stack prediction, hits = 4863, misses = 18, hit rate = 99.63%
jump prediction, hits = 34749, misses = 599, hit rate = 98.31%

**** Debug Statistics at 101000000 Cycles *****
Threads: 4		Fetch Width: 8
No of useful instructions fetched:	72618776 (8.99% proc util.)
No of total instructions fetched:	73770285 (9.13% proc util.)
 includes 4743 misfetch (0.0%), 1146766 (1.6%) wrong-path fetches
 and 0 flushed after failed lock(0.0%)
No of useful instructions issued/executed:	72618758 (8.99% proc util.)
No of total instructions issued/executed:	73055735 (9.04% proc util.)
 includes 436977 wrong-path (0.6%) insts and 0 flushed (0.0%)
	fp 92, 0.00%
	synch 0, 0.00%
	integer 52651944, 72.07%
	load/store 20403699, 27.93%
Avg size of int IQ (before scheduling): 17.67
Avg size of fp IQ (before scheduling): 0.00
No of cycles taken:		101000000
Parallelism [ 0.315, 0.000, 0.196, 0.207,] = 0.719
 IQ conflicts: 9621 (0.01%), FQ conflicts: 0 (0.00%) 
 I reg conflicts: 79489171 (78.70%), FP reg conflicts: 0 (0.00%)
  Activelist confs: 27 (0.00%), ROB confs: 511 (0.00%)
  Int unit conflicts: 3397875 (3.36%), FP unit conflicts: 2 (0.00%)
  Load/store unit conflicts: 1512169 (1.50%)
  MSHR conflicts: 141218774 (139.82%)
----------------------------------------
==== System-wide Cache Statistics ====
Stall for miss queue full 0 cycles (0.00%)
----------------------------------------
==== Statistics for Master ID: 0 ====
Reads: 13926070   Writes: 1919784
ICACHE: size: 64 KB assoc: 2
ICACHE: hits:8488595 misses:57320  Hit Ratio: 99.33%
DCACHE: size: 16 KB assoc: 4
DCACHE: hits:7157154 misses:142785 writebacks:142026  Hit Ratio: 98.04%
SCACHE: size: 512 KB assoc: 2
SCACHE: hits:34469 misses:165636  Hit Ratio: 17.23%
3CACHE: size: 4096 KB assoc: 2
3CACHE: hits:57023 misses:108613  Hit Ratio: 34.43%
3CACHE: dirty items replaced:66410
ITLB: size: 48, misses 8, miss rate 0.00%
DTLB: size: 128, misses 2455, miss rate 0.03%
Avg mem delay: 28.037 cycles
----------------------------------------
==== Statistics for Master ID: 2 ====
Reads: 8480071   Writes: 2881850
ICACHE: size: 64 KB assoc: 2
ICACHE: hits:5356077 misses:57505  Hit Ratio: 98.94%
DCACHE: size: 16 KB assoc: 4
DCACHE: hits:5035406 misses:912933 writebacks:793455  Hit Ratio: 84.65%
SCACHE: size: 512 KB assoc: 2
SCACHE: hits:54419 misses:916019  Hit Ratio: 5.61%
3CACHE: size: 4096 KB assoc: 2
3CACHE: hits:4 misses:916014  Hit Ratio: 0.00%
3CACHE: dirty items replaced:72654
ITLB: size: 48, misses 19, miss rate 0.00%
DTLB: size: 128, misses 56681, miss rate 0.95%
Avg mem delay: 28.037 cycles
----------------------------------------
==== Statistics for Master ID: 3 ====
Reads: 9164196   Writes: 3485224
ICACHE: size: 64 KB assoc: 2
ICACHE: hits:5436515 misses:57507  Hit Ratio: 98.95%
DCACHE: size: 16 KB assoc: 4
DCACHE: hits:6091620 misses:1063778 writebacks:919501  Hit Ratio: 85.13%
SCACHE: size: 512 KB assoc: 2
SCACHE: hits:54446 misses:1066839  Hit Ratio: 4.86%
3CACHE: size: 4096 KB assoc: 2
3CACHE: hits:1 misses:1066838  Hit Ratio: 0.00%
3CACHE: dirty items replaced:76171
ITLB: size: 48, misses 19, miss rate 0.00%
DTLB: size: 128, misses 59034, miss rate 0.83%
Avg mem delay: 28.037 cycles
----------------------------------------
==== Global Resource Utilization ====
STASH: size: 65536 entries, full 177435004, empty 10723, misses 920, full rate 99.99
icache bank util. 0.022 0.008 0.008 0.009 0.011 0.087 0.016 0.037 
dcache bank util. 0.034 0.035 0.040 0.034 0.037 0.034 0.050 0.057 
L2 bank util. 0.024 0.023 0.023 0.023 0.023 0.038 0.041 0.058 
L1-L2 bus util. = 0.123, L3 util. = 0.207
----------------------------------------
branch prediction, hits = 7872635, misses = 85959, hit rate = 98.92%
return_stack prediction, hits = 95076, misses = 20, hit rate = 99.98%
jump prediction, hits = 8161022, misses = 1172, hit rate = 99.99%

**** Debug Statistics at 201000000 Cycles *****
Threads: 4		Fetch Width: 8
No of useful instructions fetched:	136509341 (8.49% proc util.)
No of total instructions fetched:	138767364 (8.63% proc util.)
 includes 5584 misfetch (0.0%), 2252439 (1.6%) wrong-path fetches
 and 0 flushed after failed lock(0.0%)
No of useful instructions issued/executed:	136509322 (8.49% proc util.)
No of total instructions issued/executed:	137351495 (8.54% proc util.)
 includes 842173 wrong-path (0.6%) insts and 0 flushed (0.0%)
	fp 92, 0.00%
	synch 0, 0.00%
	integer 97730211, 71.15%
	load/store 39621192, 28.85%
Avg size of int IQ (before scheduling): 14.52
Avg size of fp IQ (before scheduling): 0.00
No of cycles taken:		201000000
Parallelism [ 0.287, 0.000, 0.194, 0.198,] = 0.679
 IQ conflicts: 12432 (0.01%), FQ conflicts: 0 (0.00%) 
 I reg conflicts: 154249060 (76.74%), FP reg conflicts: 0 (0.00%)
  Activelist confs: 27 (0.00%), ROB confs: 511 (0.00%)
  Int unit conflicts: 6698357 (3.33%), FP unit conflicts: 2 (0.00%)
  Load/store unit conflicts: 2829537 (1.41%)
  MSHR conflicts: 208409979 (103.69%)
----------------------------------------
==== System-wide Cache Statistics ====
Stall for miss queue full 0 cycles (0.00%)
----------------------------------------
==== Statistics for Master ID: 0 ====
Reads: 26752932   Writes: 3815654
ICACHE: size: 64 KB assoc: 2
ICACHE: hits:16567765 misses:138812  Hit Ratio: 99.17%
DCACHE: size: 16 KB assoc: 4
DCACHE: hits:13607707 misses:254302 writebacks:253543  Hit Ratio: 98.17%
SCACHE: size: 512 KB assoc: 2
SCACHE: hits:63655 misses:329459  Hit Ratio: 16.19%
3CACHE: size: 4096 KB assoc: 2
3CACHE: hits:99175 misses:230284  Hit Ratio: 30.10%
3CACHE: dirty items replaced:157176
ITLB: size: 48, misses 9, miss rate 0.00%
DTLB: size: 128, misses 4034, miss rate 0.03%
Avg mem delay: 22.474 cycles
----------------------------------------
==== Statistics for Master ID: 2 ====
Reads: 15857616   Writes: 6064926
ICACHE: size: 64 KB assoc: 2
ICACHE: hits:9468981 misses:138961  Hit Ratio: 98.55%
DCACHE: size: 16 KB assoc: 4
DCACHE: hits:10605883 misses:1708717 writebacks:1490249  Hit Ratio: 86.12%
SCACHE: size: 512 KB assoc: 2
SCACHE: hits:54449 misses:1793229  Hit Ratio: 2.95%
3CACHE: size: 4096 KB assoc: 2
3CACHE: hits:17 misses:1793212  Hit Ratio: 0.00%
3CACHE: dirty items replaced:177476
ITLB: size: 48, misses 19, miss rate 0.00%
DTLB: size: 128, misses 69126, miss rate 0.56%
Avg mem delay: 22.474 cycles
----------------------------------------
==== Statistics for Master ID: 3 ====
Reads: 16466754   Writes: 6629765
ICACHE: size: 64 KB assoc: 2
ICACHE: hits:9513015 misses:138944  Hit Ratio: 98.56%
DCACHE: size: 16 KB assoc: 4
DCACHE: hits:11594635 misses:1849925 writebacks:1640899  Hit Ratio: 86.24%
SCACHE: size: 512 KB assoc: 2
SCACHE: hits:54481 misses:1934388  Hit Ratio: 2.74%
3CACHE: size: 4096 KB assoc: 2
3CACHE: hits:9 misses:1934379  Hit Ratio: 0.00%
3CACHE: dirty items replaced:181008
ITLB: size: 48, misses 19, miss rate 0.00%
DTLB: size: 128, misses 71329, miss rate 0.53%
Avg mem delay: 22.474 cycles
----------------------------------------
==== Global Resource Utilization ====
STASH: size: 65536 entries, full 244957860, empty 10869, misses 931, full rate 100.00
icache bank util. 0.017 0.008 0.008 0.009 0.010 0.092 0.014 0.026 
dcache bank util. 0.034 0.034 0.039 0.034 0.038 0.035 0.044 0.046 
L2 bank util. 0.024 0.024 0.024 0.024 0.024 0.042 0.033 0.042 
L1-L2 bus util. = 0.114, L3 util. = 0.197
----------------------------------------
branch prediction, hits = 15579818, misses = 186248, hit rate = 98.82%
return_stack prediction, hits = 223666, misses = 20, hit rate = 99.99%
jump prediction, hits = 16286460, misses = 1455, hit rate = 99.99%

**** Debug Statistics at 301000000 Cycles *****
Threads: 4		Fetch Width: 8
No of useful instructions fetched:	405128798 (16.82% proc util.)
No of total instructions fetched:	450741370 (18.72% proc util.)
 includes 254617 misfetch (0.1%), 45357955 (10.1%) wrong-path fetches
 and 0 flushed after failed lock(0.0%)
No of useful instructions issued/executed:	405128743 (16.82% proc util.)
No of total instructions issued/executed:	426457519 (17.71% proc util.)
 includes 21328776 wrong-path (5.0%) insts and 0 flushed (0.0%)
	fp 92, 0.00%
	synch 0, 0.00%
	integer 310744389, 72.87%
	load/store 115713038, 27.13%
Avg size of int IQ (before scheduling): 18.97
Avg size of fp IQ (before scheduling): 0.00
No of cycles taken:		301000000
Parallelism [ 0.506, 0.000, 0.409, 0.431,] = 1.346
 IQ conflicts: 2059896 (0.68%), FQ conflicts: 0 (0.00%) 
 I reg conflicts: 191315861 (63.56%), FP reg conflicts: 0 (0.00%)
  Activelist confs: 96 (0.00%), ROB confs: 511 (0.00%)
  Int unit conflicts: 156394646 (51.96%), FP unit conflicts: 2 (0.00%)
  Load/store unit conflicts: 9721003 (3.23%)
  MSHR conflicts: 234084435 (77.77%)
----------------------------------------
==== System-wide Cache Statistics ====
Stall for miss queue full 0 cycles (0.00%)
----------------------------------------
==== Statistics for Master ID: 0 ====
Reads: 72883766   Writes: 10560611
ICACHE: size: 64 KB assoc: 2
ICACHE: hits:44572400 misses:653918  Hit Ratio: 98.55%
DCACHE: size: 16 KB assoc: 4
DCACHE: hits:37516280 misses:701779 writebacks:701020  Hit Ratio: 98.16%
SCACHE: size: 512 KB assoc: 2
SCACHE: hits:760011 misses:595686  Hit Ratio: 56.06%
3CACHE: size: 4096 KB assoc: 2
3CACHE: hits:180362 misses:415324  Hit Ratio: 30.28%
3CACHE: dirty items replaced:213933
ITLB: size: 48, misses 9, miss rate 0.00%
DTLB: size: 128, misses 18045, miss rate 0.05%
Avg mem delay: 8.126 cycles
----------------------------------------
==== Statistics for Master ID: 2 ====
Reads: 63544946   Writes: 13734997
ICACHE: size: 64 KB assoc: 2
ICACHE: hits:37920485 misses:643109  Hit Ratio: 98.33%
DCACHE: size: 16 KB assoc: 4
DCACHE: hits:35906097 misses:2810252 writebacks:2564732  Hit Ratio: 92.74%
SCACHE: size: 512 KB assoc: 2
SCACHE: hits:1120889 misses:2332472  Hit Ratio: 32.46%
3CACHE: size: 4096 KB assoc: 2
3CACHE: hits:35109 misses:2297363  Hit Ratio: 1.51%
3CACHE: dirty items replaced:240313
ITLB: size: 48, misses 26, miss rate 0.00%
DTLB: size: 128, misses 96238, miss rate 0.25%
Avg mem delay: 8.126 cycles
----------------------------------------
==== Statistics for Master ID: 3 ====
Reads: 63740049   Writes: 13666007
ICACHE: size: 64 KB assoc: 2
ICACHE: hits:37965322 misses:662175  Hit Ratio: 98.29%
DCACHE: size: 16 KB assoc: 4
DCACHE: hits:36212593 misses:2565966 writebacks:2351617  Hit Ratio: 93.38%
SCACHE: size: 512 KB assoc: 2
SCACHE: hits:933981 misses:2294160  Hit Ratio: 28.93%
3CACHE: size: 4096 KB assoc: 2
3CACHE: hits:67249 misses:2226911  Hit Ratio: 2.93%
3CACHE: dirty items replaced:239355
ITLB: size: 48, misses 25, miss rate 0.00%
DTLB: size: 128, misses 98562, miss rate 0.25%
Avg mem delay: 8.126 cycles
----------------------------------------
==== Global Resource Utilization ====
STASH: size: 65536 entries, full 593543859, empty 18600, misses 1473, full rate 100.00
icache bank util. 0.049 0.028 0.025 0.036 0.052 0.123 0.050 0.064 
dcache bank util. 0.049 0.058 0.069 0.055 0.080 0.050 0.082 0.058 
L2 bank util. 0.028 0.026 0.027 0.028 0.031 0.042 0.036 0.041 
L1-L2 bus util. = 0.136, L3 util. = 0.164
----------------------------------------
branch prediction, hits = 31248521, misses = 1781301, hit rate = 94.61%
return_stack prediction, hits = 1848431, misses = 20, hit rate = 100.00%
jump prediction, hits = 37208211, misses = 74777, hit rate = 99.80%

**** Debug Statistics at 401000000 Cycles *****
Threads: 4		Fetch Width: 8
No of useful instructions fetched:	675913900 (21.07% proc util.)
No of total instructions fetched:	771265508 (24.04% proc util.)
 includes 582844 misfetch (0.1%), 94768764 (12.3%) wrong-path fetches
 and 0 flushed after failed lock(0.0%)
No of useful instructions issued/executed:	675913897 (21.07% proc util.)
No of total instructions issued/executed:	722587199 (22.52% proc util.)
 includes 46673302 wrong-path (6.5%) insts and 0 flushed (0.0%)
	fp 92, 0.00%
	synch 0, 0.00%
	integer 530654506, 73.44%
	load/store 191932601, 26.56%
Avg size of int IQ (before scheduling): 20.98
Avg size of fp IQ (before scheduling): 0.00
No of cycles taken:		401000000
Parallelism [ 0.607, 0.000, 0.534, 0.544,] = 1.686
 IQ conflicts: 4408504 (1.10%), FQ conflicts: 0 (0.00%) 
 I reg conflicts: 216488006 (53.99%), FP reg conflicts: 0 (0.00%)
  Activelist confs: 387 (0.00%), ROB confs: 511 (0.00%)
  Int unit conflicts: 317953848 (79.29%), FP unit conflicts: 2 (0.00%)
  Load/store unit conflicts: 16492598 (4.11%)
  MSHR conflicts: 243167256 (60.64%)
----------------------------------------
==== System-wide Cache Statistics ====
Stall for miss queue full 0 cycles (0.00%)
----------------------------------------
==== Statistics for Master ID: 0 ====
Reads: 117162771   Writes: 16534782
ICACHE: size: 64 KB assoc: 2
ICACHE: hits:71648753 misses:1268592  Hit Ratio: 98.26%
DCACHE: size: 16 KB assoc: 4
DCACHE: hits:59624678 misses:1155530 writebacks:1154771  Hit Ratio: 98.10%
SCACHE: size: 512 KB assoc: 2
SCACHE: hits:1500389 misses:923733  Hit Ratio: 61.89%
3CACHE: size: 4096 KB assoc: 2
3CACHE: hits:256199 misses:667534  Hit Ratio: 27.74%
3CACHE: dirty items replaced:293611
ITLB: size: 48, misses 9, miss rate 0.00%
DTLB: size: 128, misses 38213, miss rate 0.06%
Avg mem delay: 5.390 cycles
----------------------------------------
==== Statistics for Master ID: 2 ====
Reads: 115068460   Writes: 21441200
ICACHE: size: 64 KB assoc: 2
ICACHE: hits:68210228 misses:1275489  Hit Ratio: 98.16%
DCACHE: size: 16 KB assoc: 4
DCACHE: hits:63343860 misses:3680083 writebacks:3434563  Hit Ratio: 94.51%
SCACHE: size: 512 KB assoc: 2
SCACHE: hits:2321273 misses:2634299  Hit Ratio: 46.84%
3CACHE: size: 4096 KB assoc: 2
3CACHE: hits:92200 misses:2542099  Hit Ratio: 3.50%
3CACHE: dirty items replaced:320477
ITLB: size: 48, misses 26, miss rate 0.00%
DTLB: size: 128, misses 112162, miss rate 0.17%
Avg mem delay: 5.390 cycles
----------------------------------------
==== Statistics for Master ID: 3 ====
Reads: 112049223   Writes: 20288645
ICACHE: size: 64 KB assoc: 2
ICACHE: hits:66909099 misses:1300497  Hit Ratio: 98.09%
DCACHE: size: 16 KB assoc: 4
DCACHE: hits:60725603 misses:3402669 writebacks:3188320  Hit Ratio: 94.69%
SCACHE: size: 512 KB assoc: 2
SCACHE: hits:2098312 misses:2604854  Hit Ratio: 44.61%
3CACHE: size: 4096 KB assoc: 2
3CACHE: hits:131615 misses:2473239  Hit Ratio: 5.05%
3CACHE: dirty items replaced:318920
ITLB: size: 48, misses 25, miss rate 0.00%
DTLB: size: 128, misses 115979, miss rate 0.18%
Avg mem delay: 5.390 cycles
----------------------------------------
==== Global Resource Utilization ====
STASH: size: 65536 entries, full 953925394, empty 18895, misses 1495, full rate 100.00
icache bank util. 0.064 0.038 0.033 0.051 0.077 0.136 0.070 0.084 
dcache bank util. 0.057 0.071 0.083 0.066 0.097 0.056 0.103 0.065 
L2 bank util. 0.029 0.027 0.027 0.030 0.036 0.043 0.038 0.040 
L1-L2 bus util. = 0.149, L3 util. = 0.142
----------------------------------------
branch prediction, hits = 46288778, misses = 3455394, hit rate = 93.05%
return_stack prediction, hits = 3515710, misses = 20, hit rate = 100.00%
jump prediction, hits = 57652448, misses = 165683, hit rate = 99.71%

**** Debug Statistics at 501000000 Cycles *****
Threads: 4		Fetch Width: 8
No of useful instructions fetched:	969386286 (24.19% proc util.)
No of total instructions fetched:	1114433895 (27.81% proc util.)
 includes 871582 misfetch (0.1%), 144176027 (12.9%) wrong-path fetches
 and 0 flushed after failed lock(0.0%)
No of useful instructions issued/executed:	969386261 (24.19% proc util.)
No of total instructions issued/executed:	1039681068 (25.94% proc util.)
 includes 70294807 wrong-path (6.8%) insts and 0 flushed (0.0%)
	fp 92, 0.00%
	synch 0, 0.00%
	integer 766074992, 73.68%
	load/store 273605984, 26.32%
Avg size of int IQ (before scheduling): 22.55
Avg size of fp IQ (before scheduling): 0.00
No of cycles taken:		501000000
Parallelism [ 0.683, 0.000, 0.623, 0.629,] = 1.935
 IQ conflicts: 7150785 (1.43%), FQ conflicts: 0 (0.00%) 
 I reg conflicts: 239124089 (47.73%), FP reg conflicts: 0 (0.00%)
  Activelist confs: 493 (0.00%), ROB confs: 511 (0.00%)
  Int unit conflicts: 510934145 (101.98%), FP unit conflicts: 2 (0.00%)
  Load/store unit conflicts: 24805994 (4.95%)
  MSHR conflicts: 253973573 (50.69%)
----------------------------------------
==== System-wide Cache Statistics ====
Stall for miss queue full 0 cycles (0.00%)
----------------------------------------
==== Statistics for Master ID: 0 ====
Reads: 164911561   Writes: 23254288
ICACHE: size: 64 KB assoc: 2
ICACHE: hits:101026942 misses:1836816  Hit Ratio: 98.21%
DCACHE: size: 16 KB assoc: 4
DCACHE: hits:83726187 misses:1575904 writebacks:1575145  Hit Ratio: 98.15%
SCACHE: size: 512 KB assoc: 2
SCACHE: hits:2177923 misses:1234797  Hit Ratio: 63.82%
3CACHE: size: 4096 KB assoc: 2
3CACHE: hits:329154 misses:905643  Hit Ratio: 26.66%
3CACHE: dirty items replaced:352046
ITLB: size: 48, misses 9, miss rate 0.00%
DTLB: size: 128, misses 52735, miss rate 0.06%
Avg mem delay: 4.193 cycles
----------------------------------------
==== Statistics for Master ID: 2 ====
Reads: 171083072   Writes: 29572387
ICACHE: size: 64 KB assoc: 2
ICACHE: hits:101411879 misses:1841533  Hit Ratio: 98.22%
DCACHE: size: 16 KB assoc: 4
DCACHE: hits:92723562 misses:4678485 writebacks:4432965  Hit Ratio: 95.20%
SCACHE: size: 512 KB assoc: 2
SCACHE: hits:3612644 misses:2907374  Hit Ratio: 55.41%
3CACHE: size: 4096 KB assoc: 2
3CACHE: hits:137636 misses:2769738  Hit Ratio: 4.73%
3CACHE: dirty items replaced:379019
ITLB: size: 48, misses 26, miss rate 0.00%
DTLB: size: 128, misses 121488, miss rate 0.12%
Avg mem delay: 4.193 cycles
----------------------------------------
==== Statistics for Master ID: 3 ====
Reads: 162680743   Writes: 27672688
ICACHE: size: 64 KB assoc: 2
ICACHE: hits:97557347 misses:1894522  Hit Ratio: 98.10%
DCACHE: size: 16 KB assoc: 4
DCACHE: hits:86883072 misses:4018490 writebacks:3804141  Hit Ratio: 95.58%
SCACHE: size: 512 KB assoc: 2
SCACHE: hits:3007982 misses:2905030  Hit Ratio: 50.87%
3CACHE: size: 4096 KB assoc: 2
3CACHE: hits:197092 misses:2707938  Hit Ratio: 6.78%
3CACHE: dirty items replaced:377582
ITLB: size: 48, misses 25, miss rate 0.00%
DTLB: size: 128, misses 128727, miss rate 0.14%
Avg mem delay: 4.193 cycles
----------------------------------------
==== Global Resource Utilization ====
STASH: size: 65536 entries, full 1337760203, empty 18950, misses 1498, full rate 100.00
icache bank util. 0.077 0.046 0.040 0.061 0.092 0.145 0.083 0.099 
dcache bank util. 0.062 0.079 0.093 0.073 0.113 0.061 0.116 0.069 
L2 bank util. 0.030 0.027 0.028 0.031 0.039 0.042 0.038 0.039 
L1-L2 bus util. = 0.154, L3 util. = 0.127
----------------------------------------
branch prediction, hits = 62275853, misses = 5178089, hit rate = 92.32%
return_stack prediction, hits = 5298489, misses = 20, hit rate = 100.00%
jump prediction, hits = 79420313, misses = 246658, hit rate = 99.69%

**** Debug Statistics at 601000000 Cycles *****
Threads: 4		Fetch Width: 8
No of useful instructions fetched:	1235009572 (25.69% proc util.)
No of total instructions fetched:	1427055458 (29.68% proc util.)
 includes 1170635 misfetch (0.1%), 190875251 (13.4%) wrong-path fetches
 and 0 flushed after failed lock(0.0%)
No of useful instructions issued/executed:	1235009512 (25.69% proc util.)
No of total instructions issued/executed:	1328515225 (27.63% proc util.)
 includes 93505713 wrong-path (7.0%) insts and 0 flushed (0.0%)
	fp 92, 0.00%
	synch 0, 0.00%
	integer 980959491, 73.84%
	load/store 347555642, 26.16%
Avg size of int IQ (before scheduling): 23.22
Avg size of fp IQ (before scheduling): 0.00
No of cycles taken:		601000000
Parallelism [ 0.719, 0.000, 0.667, 0.669,] = 2.055
 IQ conflicts: 9687701 (1.61%), FQ conflicts: 0 (0.00%) 
 I reg conflicts: 261801203 (43.56%), FP reg conflicts: 0 (0.00%)
  Activelist confs: 675 (0.00%), ROB confs: 511 (0.00%)
  Int unit conflicts: 665719200 (110.77%), FP unit conflicts: 2 (0.00%)
  Load/store unit conflicts: 30893093 (5.14%)
  MSHR conflicts: 263540897 (43.85%)
----------------------------------------
==== System-wide Cache Statistics ====
Stall for miss queue full 0 cycles (0.00%)
----------------------------------------
==== Statistics for Master ID: 0 ====
Reads: 208208575   Writes: 29287311
ICACHE: size: 64 KB assoc: 2
ICACHE: hits:127441737 misses:2400332  Hit Ratio: 98.15%
DCACHE: size: 16 KB assoc: 4
DCACHE: hits:105659689 misses:1994128 writebacks:1993369  Hit Ratio: 98.15%
SCACHE: size: 512 KB assoc: 2
SCACHE: hits:2819005 misses:1575455  Hit Ratio: 64.15%
3CACHE: size: 4096 KB assoc: 2
3CACHE: hits:404441 misses:1171014  Hit Ratio: 25.67%
3CACHE: dirty items replaced:418942
ITLB: size: 48, misses 9, miss rate 0.00%
DTLB: size: 128, misses 67849, miss rate 0.06%
Avg mem delay: 3.624 cycles
----------------------------------------
==== Statistics for Master ID: 2 ====
Reads: 222038747   Writes: 36940705
ICACHE: size: 64 KB assoc: 2
ICACHE: hits:131335582 misses:2418404  Hit Ratio: 98.19%
DCACHE: size: 16 KB assoc: 4
DCACHE: hits:119598662 misses:5626804 writebacks:5381284  Hit Ratio: 95.51%
SCACHE: size: 512 KB assoc: 2
SCACHE: hits:4837453 misses:3207755  Hit Ratio: 60.13%
3CACHE: size: 4096 KB assoc: 2
3CACHE: hits:181320 misses:3026435  Hit Ratio: 5.65%
3CACHE: dirty items replaced:446703
ITLB: size: 48, misses 26, miss rate 0.00%
DTLB: size: 128, misses 130476, miss rate 0.10%
Avg mem delay: 3.624 cycles
----------------------------------------
==== Statistics for Master ID: 3 ====
Reads: 207882777   Writes: 34072347
ICACHE: size: 64 KB assoc: 2
ICACHE: hits:124780825 misses:2498337  Hit Ratio: 98.04%
DCACHE: size: 16 KB assoc: 4
DCACHE: hits:110068857 misses:4607105 writebacks:4392756  Hit Ratio: 95.98%
SCACHE: size: 512 KB assoc: 2
SCACHE: hits:3866681 misses:3238761  Hit Ratio: 54.42%
3CACHE: size: 4096 KB assoc: 2
3CACHE: hits:270026 misses:2968735  Hit Ratio: 8.34%
3CACHE: dirty items replaced:443517
ITLB: size: 48, misses 25, miss rate 0.00%
DTLB: size: 128, misses 142068, miss rate 0.12%
Avg mem delay: 3.624 cycles
----------------------------------------
==== Global Resource Utilization ====
STASH: size: 65536 entries, full 1687910982, empty 18988, misses 1499, full rate 100.00
icache bank util. 0.082 0.049 0.043 0.066 0.101 0.149 0.090 0.106 
dcache bank util. 0.064 0.083 0.098 0.077 0.119 0.063 0.123 0.071 
L2 bank util. 0.031 0.027 0.028 0.031 0.041 0.041 0.038 0.038 
L1-L2 bus util. = 0.156, L3 util. = 0.119
----------------------------------------
branch prediction, hits = 76912879, misses = 6732340, hit rate = 91.95%
return_stack prediction, hits = 6896986, misses = 20, hit rate = 100.00%
jump prediction, hits = 99170049, misses = 330555, hit rate = 99.67%

**** Debug Statistics at 701000000 Cycles *****
Threads: 4		Fetch Width: 8
No of useful instructions fetched:	1538183617 (27.43% proc util.)
No of total instructions fetched:	1783614819 (31.80% proc util.)
 includes 1510689 misfetch (0.1%), 243920513 (13.7%) wrong-path fetches
 and 0 flushed after failed lock(0.0%)
No of useful instructions issued/executed:	1538183617 (27.43% proc util.)
No of total instructions issued/executed:	1657911878 (29.56% proc util.)
 includes 119728261 wrong-path (7.2%) insts and 0 flushed (0.0%)
	fp 92, 0.00%
	synch 0, 0.00%
	integer 1224663688, 73.87%
	load/store 433248098, 26.13%
Avg size of int IQ (before scheduling): 24.15
Avg size of fp IQ (before scheduling): 0.00
No of cycles taken:		701000000
Parallelism [ 0.761, 0.000, 0.718, 0.716,] = 2.194
 IQ conflicts: 12376559 (1.77%), FQ conflicts: 0 (0.00%) 
 I reg conflicts: 286364226 (40.85%), FP reg conflicts: 0 (0.00%)
  Activelist confs: 751 (0.00%), ROB confs: 511 (0.00%)
  Int unit conflicts: 864178811 (123.28%), FP unit conflicts: 2 (0.00%)
  Load/store unit conflicts: 39492815 (5.63%)
  MSHR conflicts: 274774584 (39.20%)
----------------------------------------
==== System-wide Cache Statistics ====
Stall for miss queue full 0 cycles (0.00%)
----------------------------------------
==== Statistics for Master ID: 0 ====
Reads: 258176096   Writes: 36368345
ICACHE: size: 64 KB assoc: 2
ICACHE: hits:157963255 misses:3011473  Hit Ratio: 98.13%
DCACHE: size: 16 KB assoc: 4
DCACHE: hits:131091009 misses:2478704 writebacks:2477945  Hit Ratio: 98.14%
SCACHE: size: 512 KB assoc: 2
SCACHE: hits:3611423 misses:1878754  Hit Ratio: 65.78%
3CACHE: size: 4096 KB assoc: 2
3CACHE: hits:486107 misses:1392646  Hit Ratio: 25.87%
3CACHE: dirty items replaced:486214
ITLB: size: 48, misses 9, miss rate 0.00%
DTLB: size: 128, misses 85837, miss rate 0.06%
Avg mem delay: 3.204 cycles
----------------------------------------
==== Statistics for Master ID: 2 ====
Reads: 280632627   Writes: 45480870
ICACHE: size: 64 KB assoc: 2
ICACHE: hits:165952805 misses:3002190  Hit Ratio: 98.22%
DCACHE: size: 16 KB assoc: 4
DCACHE: hits:150466315 misses:6692187 writebacks:6446667  Hit Ratio: 95.74%
SCACHE: size: 512 KB assoc: 2
SCACHE: hits:6219955 misses:3474422  Hit Ratio: 64.16%
3CACHE: size: 4096 KB assoc: 2
3CACHE: hits:232777 misses:3241645  Hit Ratio: 6.70%
3CACHE: dirty items replaced:516533
ITLB: size: 48, misses 26, miss rate 0.00%
DTLB: size: 128, misses 141166, miss rate 0.09%
Avg mem delay: 3.204 cycles
----------------------------------------
==== Statistics for Master ID: 3 ====
Reads: 260230943   Writes: 41755056
ICACHE: size: 64 KB assoc: 2
ICACHE: hits:156332431 misses:3134162  Hit Ratio: 98.03%
DCACHE: size: 16 KB assoc: 4
DCACHE: hits:137288909 misses:5230497 writebacks:5016148  Hit Ratio: 96.33%
SCACHE: size: 512 KB assoc: 2
SCACHE: hits:4833422 misses:3531237  Hit Ratio: 57.78%
3CACHE: size: 4096 KB assoc: 2
3CACHE: hits:344219 misses:3187018  Hit Ratio: 9.75%
3CACHE: dirty items replaced:511386
ITLB: size: 48, misses 25, miss rate 0.00%
DTLB: size: 128, misses 157639, miss rate 0.11%
Avg mem delay: 3.204 cycles
----------------------------------------
==== Global Resource Utilization ====
STASH: size: 65536 entries, full 2087986334, empty 19055, misses 1503, full rate 100.00
icache bank util. 0.088 0.053 0.046 0.072 0.110 0.155 0.098 0.114 
dcache bank util. 0.067 0.088 0.104 0.081 0.128 0.066 0.131 0.074 
L2 bank util. 0.031 0.028 0.028 0.032 0.042 0.042 0.039 0.037 
L1-L2 bus util. = 0.160, L3 util. = 0.112
----------------------------------------
branch prediction, hits = 93548878, misses = 8533246, hit rate = 91.64%
return_stack prediction, hits = 8839663, misses = 20, hit rate = 100.00%
jump prediction, hits = 122014183, misses = 427756, hit rate = 99.65%

**** Debug Statistics at 801000000 Cycles *****
Threads: 4		Fetch Width: 8
No of useful instructions fetched:	1851609622 (28.90% proc util.)
No of total instructions fetched:	2153000136 (33.60% proc util.)
 includes 1842070 misfetch (0.1%), 299548444 (13.9%) wrong-path fetches
 and 0 flushed after failed lock(0.0%)
No of useful instructions issued/executed:	1851609583 (28.90% proc util.)
No of total instructions issued/executed:	1998442647 (31.19% proc util.)
 includes 146833064 wrong-path (7.3%) insts and 0 flushed (0.0%)
	fp 92, 0.00%
	synch 0, 0.00%
	integer 1476870644, 73.90%
	load/store 521571911, 26.10%
Avg size of int IQ (before scheduling): 24.97
Avg size of fp IQ (before scheduling): 0.00
No of cycles taken:		801000000
Parallelism [ 0.797, 0.000, 0.759, 0.755,] = 2.312
 IQ conflicts: 15186587 (1.90%), FQ conflicts: 0 (0.00%) 
 I reg conflicts: 311429483 (38.88%), FP reg conflicts: 0 (0.00%)
  Activelist confs: 751 (0.00%), ROB confs: 511 (0.00%)
  Int unit conflicts: 1066280394 (133.12%), FP unit conflicts: 2 (0.00%)
  Load/store unit conflicts: 47987807 (5.99%)
  MSHR conflicts: 286149115 (35.72%)
----------------------------------------
==== System-wide Cache Statistics ====
Stall for miss queue full 0 cycles (0.00%)
----------------------------------------
==== Statistics for Master ID: 0 ====
Reads: 310293470   Writes: 43680163
ICACHE: size: 64 KB assoc: 2
ICACHE: hits:189987830 misses:3584179  Hit Ratio: 98.15%
DCACHE: size: 16 KB assoc: 4
DCACHE: hits:157416003 misses:2985621 writebacks:2984862  Hit Ratio: 98.14%
SCACHE: size: 512 KB assoc: 2
SCACHE: hits:4402456 misses:2167344  Hit Ratio: 67.01%
3CACHE: size: 4096 KB assoc: 2
3CACHE: hits:561478 misses:1605866  Hit Ratio: 25.91%
3CACHE: dirty items replaced:552907
ITLB: size: 48, misses 9, miss rate 0.00%
DTLB: size: 128, misses 102402, miss rate 0.06%
Avg mem delay: 2.918 cycles
----------------------------------------
==== Statistics for Master ID: 2 ====
Reads: 340887367   Writes: 54223787
ICACHE: size: 64 KB assoc: 2
ICACHE: hits:201718335 misses:3568073  Hit Ratio: 98.26%
DCACHE: size: 16 KB assoc: 4
DCACHE: hits:182034738 misses:7790008 writebacks:7544488  Hit Ratio: 95.90%
SCACHE: size: 512 KB assoc: 2
SCACHE: hits:7632952 misses:3725129  Hit Ratio: 67.20%
3CACHE: size: 4096 KB assoc: 2
3CACHE: hits:279659 misses:3445470  Hit Ratio: 7.51%
3CACHE: dirty items replaced:585906
ITLB: size: 48, misses 26, miss rate 0.00%
DTLB: size: 128, misses 151444, miss rate 0.08%
Avg mem delay: 2.918 cycles
----------------------------------------
==== Statistics for Master ID: 3 ====
Reads: 314892589   Writes: 49625344
ICACHE: size: 64 KB assoc: 2
ICACHE: hits:189438638 misses:3734339  Hit Ratio: 98.07%
DCACHE: size: 16 KB assoc: 4
DCACHE: hits:165405476 misses:5939480 writebacks:5725131  Hit Ratio: 96.53%
SCACHE: size: 512 KB assoc: 2
SCACHE: hits:5861338 misses:3812481  Hit Ratio: 60.59%
3CACHE: size: 4096 KB assoc: 2
3CACHE: hits:416191 misses:3396290  Hit Ratio: 10.92%
3CACHE: dirty items replaced:578404
ITLB: size: 48, misses 25, miss rate 0.00%
DTLB: size: 128, misses 171898, miss rate 0.10%
Avg mem delay: 2.918 cycles
----------------------------------------
==== Global Resource Utilization ====
STASH: size: 65536 entries, full 2502470781, empty 19070, misses 1504, full rate 100.00
icache bank util. 0.093 0.057 0.049 0.077 0.118 0.161 0.104 0.121 
dcache bank util. 0.070 0.092 0.110 0.085 0.135 0.069 0.138 0.076 
L2 bank util. 0.032 0.028 0.028 0.033 0.043 0.042 0.039 0.037 
L1-L2 bus util. = 0.164, L3 util. = 0.105
----------------------------------------
branch prediction, hits = 110706718, misses = 10449509, hit rate = 91.38%
return_stack prediction, hits = 10813262, misses = 20, hit rate = 100.00%
jump prediction, hits = 145485885, misses = 523024, hit rate = 99.64%

**** Early Exiting at 847565743 Cycles *****
========================================
 SMTSIM Global Statistics
========================================
Threads: 4		Fetch Width: 8
No of useful instructions fetched:	2000000093 (29.50% proc util.)
No of total instructions fetched:	2325638039 (34.30% proc util.)
 includes 1968860 misfetch (0.1%), 323669086 (13.9%) wrong-path fetches
 and 0 flushed after failed lock(0.0%)
No of useful instructions issued/executed:	2000000037 (29.50% proc util.)
No of total instructions issued/executed:	2158730991 (31.84% proc util.)
 includes 158730954 wrong-path (7.4%) insts and 0 flushed (0.0%)
	fp 92, 0.00%
	synch 0, 0.00%
	integer 1596465373, 73.95%
	load/store 562265526, 26.05%
Avg size of int IQ (before scheduling): 25.35
Avg size of fp IQ (before scheduling): 0.00
No of cycles taken:		847565743
Parallelism [ 0.813, 0.000, 0.775, 0.771,] = 2.360
 IQ conflicts: 16731907 (1.97%), FQ conflicts: 0 (0.00%) 
 I reg conflicts: 323864424 (38.21%), FP reg conflicts: 0 (0.00%)
  Activelist confs: 918 (0.00%), ROB confs: 511 (0.00%)
  Int unit conflicts: 1158177849 (136.65%), FP unit conflicts: 2 (0.00%)
  Load/store unit conflicts: 51873052 (6.12%)
  MSHR conflicts: 291777469 (34.43%)
----------------------------------------
==== System-wide Cache Statistics ====
Stall for miss queue full 0 cycles (0.00%)
----------------------------------------
==== Statistics for Master ID: 0 ====
Reads: 333833079   Writes: 46822225
ICACHE: size: 64 KB assoc: 2
ICACHE: hits:204607142 misses:3848471  Hit Ratio: 98.15%
DCACHE: size: 16 KB assoc: 4
DCACHE: hits:169019837 misses:3179854 writebacks:3179095  Hit Ratio: 98.15%
SCACHE: size: 512 KB assoc: 2
SCACHE: hits:4722074 misses:2306251  Hit Ratio: 67.19%
3CACHE: size: 4096 KB assoc: 2
3CACHE: hits:603355 misses:1702896  Hit Ratio: 26.16%
3CACHE: dirty items replaced:581514
ITLB: size: 48, misses 9, miss rate 0.00%
DTLB: size: 128, misses 109396, miss rate 0.06%
Avg mem delay: 2.824 cycles
----------------------------------------
==== Statistics for Master ID: 2 ====
Reads: 369027328   Writes: 58242489
ICACHE: size: 64 KB assoc: 2
ICACHE: hits:218417816 misses:3842787  Hit Ratio: 98.27%
DCACHE: size: 16 KB assoc: 4
DCACHE: hits:196693227 misses:8315987 writebacks:8070467  Hit Ratio: 95.94%
SCACHE: size: 512 KB assoc: 2
SCACHE: hits:8319233 misses:3839541  Hit Ratio: 68.42%
3CACHE: size: 4096 KB assoc: 2
3CACHE: hits:301917 misses:3537624  Hit Ratio: 7.86%
3CACHE: dirty items replaced:615986
ITLB: size: 48, misses 26, miss rate 0.00%
DTLB: size: 128, misses 155226, miss rate 0.08%
Avg mem delay: 2.824 cycles
----------------------------------------
==== Statistics for Master ID: 3 ====
Reads: 340718545   Writes: 53389573
ICACHE: size: 64 KB assoc: 2
ICACHE: hits:205028530 misses:4023575  Hit Ratio: 98.08%
DCACHE: size: 16 KB assoc: 4
DCACHE: hits:178782127 misses:6273886 writebacks:6059537  Hit Ratio: 96.61%
SCACHE: size: 512 KB assoc: 2
SCACHE: hits:6352586 misses:3944875  Hit Ratio: 61.69%
3CACHE: size: 4096 KB assoc: 2
3CACHE: hits:454527 misses:3490348  Hit Ratio: 11.52%
3CACHE: dirty items replaced:608290
ITLB: size: 48, misses 25, miss rate 0.00%
DTLB: size: 128, misses 177602, miss rate 0.10%
Avg mem delay: 2.824 cycles
----------------------------------------
==== Global Resource Utilization ====
STASH: size: 65536 entries, full 2695211369, empty 19078, misses 1504, full rate 100.00
icache bank util. 0.096 0.058 0.050 0.079 0.120 0.163 0.106 0.124 
dcache bank util. 0.071 0.093 0.112 0.086 0.138 0.069 0.140 0.077 
L2 bank util. 0.032 0.028 0.028 0.033 0.043 0.042 0.040 0.037 
L1-L2 bus util. = 0.166, L3 util. = 0.103
----------------------------------------
branch prediction, hits = 118858025, misses = 11273250, hit rate = 91.34%
return_stack prediction, hits = 11664191, misses = 20, hit rate = 100.00%
jump prediction, hits = 156318653, misses = 559404, hit rate = 99.64%
total IPC 2.360

=== Results saved to: ./results/gzip-log_2_gzip-graphic_1_gzip-source_1.txt ===
