测试组合（多线程优先）：gzip-log.arg2 + gcc-166.arg + gcc-200.arg
执行命令：./smtsim gzip-log.arg2 gcc-166.arg gcc-200.arg
==================================================

SMTCache
Process 0, Thread 0: gzip-log
Process 0, Thread 1: gzip-log
Process 2, Thread 2: gcc-166
Process 3, Thread 3: gcc-200

**** Debug Statistics at 1000000 Cycles *****
Threads: 4		Fetch Width: 8
No of useful instructions fetched:	2182456 (27.28% proc util.)
No of total instructions fetched:	2840086 (35.50% proc util.)
 includes 125277 misfetch (4.4%), 532353 (18.7%) wrong-path fetches
 and 0 flushed after failed lock(0.0%)
No of useful instructions issued/executed:	2182420 (27.28% proc util.)
No of total instructions issued/executed:	2456654 (30.71% proc util.)
 includes 274234 wrong-path (11.2%) insts and 0 flushed (0.0%)
	fp 159, 0.01%
	synch 0, 0.00%
	integer 1724118, 70.18%
	load/store 732377, 29.81%
Avg size of int IQ (before scheduling): 24.71
Avg size of fp IQ (before scheduling): 0.01
No of cycles taken:		1000000
Parallelism [ 0.962, 0.000, 0.609, 0.611,] = 2.182
 IQ conflicts: 43646 (4.36%), FQ conflicts: 0 (0.00%) 
 I reg conflicts: 498072 (49.81%), FP reg conflicts: 0 (0.00%)
  Activelist confs: 0 (0.00%), ROB confs: 950 (0.10%)
  Int unit conflicts: 937816 (93.78%), FP unit conflicts: 1 (0.00%)
  Load/store unit conflicts: 132616 (13.26%)
  MSHR conflicts: 549922 (54.99%)
----------------------------------------
==== System-wide Cache Statistics ====
Stall for miss queue full 0 cycles (0.00%)
----------------------------------------
==== Statistics for Master ID: 0 ====
Reads: 554184   Writes: 41456
ICACHE: size: 64 KB assoc: 2
ICACHE: hits:319344 misses:465  Hit Ratio: 99.85%
DCACHE: size: 16 KB assoc: 4
DCACHE: hits:267741 misses:8090 writebacks:7048  Hit Ratio: 97.07%
SCACHE: size: 512 KB assoc: 2
SCACHE: hits:5099 misses:3456  Hit Ratio: 59.60%
3CACHE: size: 4096 KB assoc: 2
3CACHE: hits:719 misses:2737  Hit Ratio: 20.80%
3CACHE: dirty items replaced:3
ITLB: size: 48, misses 5, miss rate 0.00%
DTLB: size: 128, misses 231, miss rate 0.08%
Avg mem delay: 2.287 cycles
----------------------------------------
==== Statistics for Master ID: 2 ====
Reads: 368378   Writes: 91443
ICACHE: size: 64 KB assoc: 2
ICACHE: hits:227410 misses:5711  Hit Ratio: 97.55%
DCACHE: size: 16 KB assoc: 4
DCACHE: hits:223292 misses:3408 writebacks:2992  Hit Ratio: 98.50%
SCACHE: size: 512 KB assoc: 2
SCACHE: hits:4364 misses:4755  Hit Ratio: 47.86%
3CACHE: size: 4096 KB assoc: 2
3CACHE: hits:426 misses:4329  Hit Ratio: 8.96%
3CACHE: dirty items replaced:4
ITLB: size: 48, misses 216, miss rate 0.09%
DTLB: size: 128, misses 271, miss rate 0.12%
Avg mem delay: 2.287 cycles
----------------------------------------
==== Statistics for Master ID: 3 ====
Reads: 373869   Writes: 92279
ICACHE: size: 64 KB assoc: 2
ICACHE: hits:231112 misses:5701  Hit Ratio: 97.59%
DCACHE: size: 16 KB assoc: 4
DCACHE: hits:225901 misses:3434 writebacks:3011  Hit Ratio: 98.50%
SCACHE: size: 512 KB assoc: 2
SCACHE: hits:4362 misses:4773  Hit Ratio: 47.75%
3CACHE: size: 4096 KB assoc: 2
3CACHE: hits:426 misses:4347  Hit Ratio: 8.93%
3CACHE: dirty items replaced:3
ITLB: size: 48, misses 205, miss rate 0.09%
DTLB: size: 128, misses 276, miss rate 0.12%
Avg mem delay: 2.287 cycles
----------------------------------------
==== Global Resource Utilization ====
STASH: size: 65536 entries, full 503109739, empty 91331, misses 8041, full rate 99.98
icache bank util. 0.110 0.096 0.103 0.103 0.089 0.105 0.101 0.118 
dcache bank util. 0.095 0.120 0.066 0.082 0.069 0.082 0.171 0.132 
L2 bank util. 0.030 0.028 0.029 0.029 0.025 0.027 0.027 0.030 
L1-L2 bus util. = 0.120, L3 util. = 0.114
----------------------------------------
branch prediction, hits = 206300, misses = 20255, hit rate = 91.06%
return_stack prediction, hits = 25076, misses = 12, hit rate = 99.95%
jump prediction, hits = 203526, misses = 33956, hit rate = 85.70%
 __sigismember abend_ __sigaddset __sigdelset adia_ adib_ ambm6_ mem_access_latency dl1_access_fn dl2_access_fn il1_access_fn il2_access_fn itlb_access_fn dtlb_access_fn sim_reg_options analie6_ betalf_
**** Debug Statistics at 101000000 Cycles *****
Threads: 4		Fetch Width: 8
No of useful instructions fetched:	313184211 (38.76% proc util.)
No of total instructions fetched:	446045190 (55.20% proc util.)
 includes 19036309 misfetch (4.3%), 113824670 (25.5%) wrong-path fetches
 and 0 flushed after failed lock(0.0%)
No of useful instructions issued/executed:	313184132 (38.76% proc util.)
No of total instructions issued/executed:	370811176 (45.89% proc util.)
 includes 57627044 wrong-path (15.5%) insts and 0 flushed (0.0%)
	fp 31814, 0.01%
	synch 0, 0.00%
	integer 257501716, 69.44%
	load/store 113277646, 30.55%
Avg size of int IQ (before scheduling): 32.92
Avg size of fp IQ (before scheduling): 0.01
No of cycles taken:		101000000
Parallelism [ 1.681, 0.000, 0.695, 0.725,] = 3.101
 IQ conflicts: 6249120 (6.19%), FQ conflicts: 0 (0.00%) 
 I reg conflicts: 24956836 (24.71%), FP reg conflicts: 0 (0.00%)
  Activelist confs: 1144 (0.00%), ROB confs: 63165 (0.06%)
  Int unit conflicts: 135131462 (133.79%), FP unit conflicts: 34 (0.00%)
  Load/store unit conflicts: 17638360 (17.46%)
  MSHR conflicts: 27956544 (27.68%)
----------------------------------------
==== System-wide Cache Statistics ====
Stall for miss queue full 0 cycles (0.00%)
----------------------------------------
==== Statistics for Master ID: 0 ====
Reads: 85188839   Writes: 12113013
ICACHE: size: 64 KB assoc: 2
ICACHE: hits:52668984 misses:15272  Hit Ratio: 99.97%
DCACHE: size: 16 KB assoc: 4
DCACHE: hits:43788974 misses:828622 writebacks:827579  Hit Ratio: 98.14%
SCACHE: size: 512 KB assoc: 2
SCACHE: hits:590564 misses:253330  Hit Ratio: 69.98%
3CACHE: size: 4096 KB assoc: 2
3CACHE: hits:181036 misses:72294  Hit Ratio: 71.46%
3CACHE: dirty items replaced:6780
ITLB: size: 48, misses 867, miss rate 0.00%
DTLB: size: 128, misses 45646, miss rate 0.10%
Avg mem delay: 1.824 cycles
----------------------------------------
==== Statistics for Master ID: 2 ====
Reads: 59649706   Writes: 8579182
ICACHE: size: 64 KB assoc: 2
ICACHE: hits:34211013 misses:1004766  Hit Ratio: 97.15%
DCACHE: size: 16 KB assoc: 4
DCACHE: hits:31544749 misses:1468360 writebacks:1467944  Hit Ratio: 95.55%
SCACHE: size: 512 KB assoc: 2
SCACHE: hits:1983782 misses:489343  Hit Ratio: 80.21%
3CACHE: size: 4096 KB assoc: 2
3CACHE: hits:374065 misses:115278  Hit Ratio: 76.44%
3CACHE: dirty items replaced:12413
ITLB: size: 48, misses 107743, miss rate 0.31%
DTLB: size: 128, misses 143575, miss rate 0.43%
Avg mem delay: 1.824 cycles
----------------------------------------
==== Statistics for Master ID: 3 ====
Reads: 61468268   Writes: 9989520
ICACHE: size: 64 KB assoc: 2
ICACHE: hits:34891077 misses:1136901  Hit Ratio: 96.84%
DCACHE: size: 16 KB assoc: 4
DCACHE: hits:34514493 misses:915317 writebacks:914894  Hit Ratio: 97.42%
SCACHE: size: 512 KB assoc: 2
SCACHE: hits:1544069 misses:508149  Hit Ratio: 75.24%
3CACHE: size: 4096 KB assoc: 2
3CACHE: hits:393772 misses:114377  Hit Ratio: 77.49%
3CACHE: dirty items replaced:14513
ITLB: size: 48, misses 114233, miss rate 0.32%
DTLB: size: 128, misses 109194, miss rate 0.31%
Avg mem delay: 1.824 cycles
----------------------------------------
==== Global Resource Utilization ====
STASH: size: 65536 entries, full 976525281, empty 17267777, misses 1472542, full rate 98.12
icache bank util. 0.188 0.144 0.131 0.142 0.159 0.169 0.161 0.196 
dcache bank util. 0.164 0.181 0.176 0.148 0.171 0.146 0.175 0.150 
L2 bank util. 0.056 0.055 0.052 0.051 0.049 0.048 0.049 0.052 
L1-L2 bus util. = 0.255, L3 util. = 0.030
----------------------------------------
branch prediction, hits = 25185324, misses = 4021822, hit rate = 86.23%
return_stack prediction, hits = 2566703, misses = 2529, hit rate = 99.90%
jump prediction, hits = 24476406, misses = 4710828, hit rate = 83.86%
 sim_check_options
**** Debug Statistics at 201000000 Cycles *****
Threads: 4		Fetch Width: 8
No of useful instructions fetched:	643450035 (40.02% proc util.)
No of total instructions fetched:	937667589 (58.31% proc util.)
 includes 47494486 misfetch (5.1%), 246723068 (26.3%) wrong-path fetches
 and 0 flushed after failed lock(0.0%)
No of useful instructions issued/executed:	643450025 (40.02% proc util.)
No of total instructions issued/executed:	765299963 (47.59% proc util.)
 includes 121849938 wrong-path (15.9%) insts and 0 flushed (0.0%)
	fp 59475, 0.01%
	synch 0, 0.00%
	integer 528302420, 69.03%
	load/store 236938068, 30.96%
Avg size of int IQ (before scheduling): 31.89
Avg size of fp IQ (before scheduling): 0.01
No of cycles taken:		201000000
Parallelism [ 1.716, 0.000, 0.711, 0.774,] = 3.201
 IQ conflicts: 9355148 (4.65%), FQ conflicts: 0 (0.00%) 
 I reg conflicts: 45307552 (22.54%), FP reg conflicts: 0 (0.00%)
  Activelist confs: 2527 (0.00%), ROB confs: 188779 (0.09%)
  Int unit conflicts: 275047169 (136.84%), FP unit conflicts: 40 (0.00%)
  Load/store unit conflicts: 40808816 (20.30%)
  MSHR conflicts: 71611866 (35.63%)
----------------------------------------
==== System-wide Cache Statistics ====
Stall for miss queue full 0 cycles (0.00%)
----------------------------------------
==== Statistics for Master ID: 0 ====
Reads: 172085023   Writes: 23709666
ICACHE: size: 64 KB assoc: 2
ICACHE: hits:107375590 misses:37804  Hit Ratio: 99.96%
DCACHE: size: 16 KB assoc: 4
DCACHE: hits:86746873 misses:1634422 writebacks:1633379  Hit Ratio: 98.15%
SCACHE: size: 512 KB assoc: 2
SCACHE: hits:1174054 misses:498172  Hit Ratio: 70.21%
3CACHE: size: 4096 KB assoc: 2
3CACHE: hits:369484 misses:128688  Hit Ratio: 74.17%
3CACHE: dirty items replaced:19981
ITLB: size: 48, misses 1751, miss rate 0.00%
DTLB: size: 128, misses 97364, miss rate 0.11%
Avg mem delay: 1.766 cycles
----------------------------------------
==== Statistics for Master ID: 2 ====
Reads: 129363069   Writes: 19287129
ICACHE: size: 64 KB assoc: 2
ICACHE: hits:74192569 misses:2448497  Hit Ratio: 96.81%
DCACHE: size: 16 KB assoc: 4
DCACHE: hits:69559850 misses:2449282 writebacks:2448866  Hit Ratio: 96.60%
SCACHE: size: 512 KB assoc: 2
SCACHE: hits:3819193 misses:1078586  Hit Ratio: 77.98%
3CACHE: size: 4096 KB assoc: 2
3CACHE: hits:908854 misses:169732  Hit Ratio: 84.26%
3CACHE: dirty items replaced:32847
ITLB: size: 48, misses 191532, miss rate 0.25%
DTLB: size: 128, misses 265182, miss rate 0.37%
Avg mem delay: 1.766 cycles
----------------------------------------
==== Statistics for Master ID: 3 ====
Reads: 130947568   Writes: 21610910
ICACHE: size: 64 KB assoc: 2
ICACHE: hits:74184977 misses:2403064  Hit Ratio: 96.86%
DCACHE: size: 16 KB assoc: 4
DCACHE: hits:74128203 misses:1842234 writebacks:1841811  Hit Ratio: 97.58%
SCACHE: size: 512 KB assoc: 2
SCACHE: hits:3184850 misses:1060446  Hit Ratio: 75.02%
3CACHE: size: 4096 KB assoc: 2
3CACHE: hits:876108 misses:184338  Hit Ratio: 82.62%
3CACHE: dirty items replaced:38025
ITLB: size: 48, misses 220987, miss rate 0.29%
DTLB: size: 128, misses 232138, miss rate 0.31%
Avg mem delay: 1.766 cycles
----------------------------------------
==== Global Resource Utilization ====
STASH: size: 65536 entries, full 1500503512, empty 36077970, misses 3106886, full rate 97.46
icache bank util. 0.197 0.154 0.142 0.157 0.172 0.179 0.164 0.204 
dcache bank util. 0.161 0.171 0.177 0.153 0.183 0.178 0.183 0.148 
L2 bank util. 0.054 0.054 0.051 0.052 0.049 0.047 0.049 0.052 
L1-L2 bus util. = 0.250, L3 util. = 0.024
----------------------------------------
branch prediction, hits = 51754202, misses = 9164115, hit rate = 84.96%
return_stack prediction, hits = 5353397, misses = 4948, hit rate = 99.91%
jump prediction, hits = 47850121, misses = 11608990, hit rate = 80.48%
 block_ blockdis_
**** Debug Statistics at 301000000 Cycles *****
Threads: 4		Fetch Width: 8
No of useful instructions fetched:	979223206 (40.67% proc util.)
No of total instructions fetched:	1432796327 (59.50% proc util.)
 includes 74695517 misfetch (5.2%), 378877604 (26.4%) wrong-path fetches
 and 0 flushed after failed lock(0.0%)
No of useful instructions issued/executed:	979223169 (40.67% proc util.)
No of total instructions issued/executed:	1164836330 (48.37% proc util.)
 includes 185613161 wrong-path (15.9%) insts and 0 flushed (0.0%)
	fp 69099, 0.01%
	synch 0, 0.00%
	integer 801168120, 68.78%
	load/store 363599111, 31.21%
Avg size of int IQ (before scheduling): 31.39
Avg size of fp IQ (before scheduling): 0.01
No of cycles taken:		301000000
Parallelism [ 1.714, 0.000, 0.750, 0.790,] = 3.253
 IQ conflicts: 12338283 (4.10%), FQ conflicts: 0 (0.00%) 
 I reg conflicts: 64960011 (21.58%), FP reg conflicts: 0 (0.00%)
  Activelist confs: 3098 (0.00%), ROB confs: 338123 (0.11%)
  Int unit conflicts: 425347421 (141.31%), FP unit conflicts: 40 (0.00%)
  Load/store unit conflicts: 64676252 (21.49%)
  MSHR conflicts: 109084545 (36.24%)
----------------------------------------
==== System-wide Cache Statistics ====
Stall for miss queue full 0 cycles (0.00%)
----------------------------------------
==== Statistics for Master ID: 0 ====
Reads: 259607598   Writes: 35858554
ICACHE: size: 64 KB assoc: 2
ICACHE: hits:162313957 misses:59758  Hit Ratio: 99.96%
DCACHE: size: 16 KB assoc: 4
DCACHE: hits:130626819 misses:2465618 writebacks:2464575  Hit Ratio: 98.15%
SCACHE: size: 512 KB assoc: 2
SCACHE: hits:1786949 misses:738427  Hit Ratio: 70.76%
3CACHE: size: 4096 KB assoc: 2
3CACHE: hits:561706 misses:176721  Hit Ratio: 76.07%
3CACHE: dirty items replaced:36482
ITLB: size: 48, misses 2577, miss rate 0.00%
DTLB: size: 128, misses 158922, miss rate 0.12%
Avg mem delay: 1.758 cycles
----------------------------------------
==== Statistics for Master ID: 2 ====
Reads: 205726250   Writes: 31286799
ICACHE: size: 64 KB assoc: 2
ICACHE: hits:117748002 misses:3833135  Hit Ratio: 96.85%
DCACHE: size: 16 KB assoc: 4
DCACHE: hits:112064300 misses:3367612 writebacks:3367196  Hit Ratio: 97.08%
SCACHE: size: 512 KB assoc: 2
SCACHE: hits:5657139 misses:1543604  Hit Ratio: 78.56%
3CACHE: size: 4096 KB assoc: 2
3CACHE: hits:1334739 misses:208865  Hit Ratio: 86.47%
3CACHE: dirty items replaced:53489
ITLB: size: 48, misses 272905, miss rate 0.22%
DTLB: size: 128, misses 399243, miss rate 0.35%
Avg mem delay: 1.758 cycles
----------------------------------------
==== Statistics for Master ID: 3 ====
Reads: 197832189   Writes: 32738608
ICACHE: size: 64 KB assoc: 2
ICACHE: hits:112886456 misses:3522830  Hit Ratio: 96.97%
DCACHE: size: 16 KB assoc: 4
DCACHE: hits:111185815 misses:2975696 writebacks:2975273  Hit Ratio: 97.39%
SCACHE: size: 512 KB assoc: 2
SCACHE: hits:4945181 misses:1553344  Hit Ratio: 76.10%
3CACHE: size: 4096 KB assoc: 2
3CACHE: hits:1304216 misses:249128  Hit Ratio: 83.96%
3CACHE: dirty items replaced:65371
ITLB: size: 48, misses 321215, miss rate 0.28%
DTLB: size: 128, misses 419103, miss rate 0.37%
Avg mem delay: 1.758 cycles
----------------------------------------
==== Global Resource Utilization ====
STASH: size: 65536 entries, full 2031367312, empty 53714124, misses 4645351, full rate 97.21
icache bank util. 0.199 0.157 0.146 0.163 0.179 0.185 0.167 0.207 
dcache bank util. 0.161 0.168 0.179 0.155 0.189 0.189 0.191 0.148 
L2 bank util. 0.053 0.054 0.051 0.052 0.049 0.047 0.050 0.052 
L1-L2 bus util. = 0.249, L3 util. = 0.021
----------------------------------------
branch prediction, hits = 79858548, misses = 14325007, hit rate = 84.79%
return_stack prediction, hits = 8533200, misses = 8285, hit rate = 99.90%
jump prediction, hits = 73324760, misses = 18261931, hit rate = 80.06%
 sim_aux_config sim_reg_stats caconv_ calrms_ sim_init chroma_ sim_aux_stats sim_uninit ruu_init ruu_dumpent ruu_dump lsq_init lsq_dump rslink_init
**** Debug Statistics at 401000000 Cycles *****
Threads: 4		Fetch Width: 8
No of useful instructions fetched:	1320671733 (41.17% proc util.)
No of total instructions fetched:	1924621276 (59.99% proc util.)
 includes 95571039 misfetch (5.0%), 508378504 (26.4%) wrong-path fetches
 and 0 flushed after failed lock(0.0%)
No of useful instructions issued/executed:	1320671711 (41.17% proc util.)
No of total instructions issued/executed:	1568962971 (48.91% proc util.)
 includes 248291260 wrong-path (15.8%) insts and 0 flushed (0.0%)
	fp 97987, 0.01%
	synch 0, 0.00%
	integer 1078180035, 68.72%
	load/store 490684949, 31.27%
Avg size of int IQ (before scheduling): 31.62
Avg size of fp IQ (before scheduling): 0.01
No of cycles taken:		401000000
Parallelism [ 1.708, 0.000, 0.776, 0.809,] = 3.293
 IQ conflicts: 16181506 (4.04%), FQ conflicts: 0 (0.00%) 
 I reg conflicts: 85142549 (21.23%), FP reg conflicts: 0 (0.00%)
  Activelist confs: 3710 (0.00%), ROB confs: 516573 (0.13%)
  Int unit conflicts: 596298119 (148.70%), FP unit conflicts: 43 (0.00%)
  Load/store unit conflicts: 90075408 (22.46%)
  MSHR conflicts: 149678350 (37.33%)
----------------------------------------
==== System-wide Cache Statistics ====
Stall for miss queue full 0 cycles (0.00%)
----------------------------------------
==== Statistics for Master ID: 0 ====
Reads: 343750068   Writes: 47081347
ICACHE: size: 64 KB assoc: 2
ICACHE: hits:215585933 misses:79443  Hit Ratio: 99.96%
DCACHE: size: 16 KB assoc: 4
DCACHE: hits:171933488 misses:3232551 writebacks:3231508  Hit Ratio: 98.15%
SCACHE: size: 512 KB assoc: 2
SCACHE: hits:2324080 misses:987913  Hit Ratio: 70.17%
3CACHE: size: 4096 KB assoc: 2
3CACHE: hits:752046 misses:235867  Hit Ratio: 76.12%
3CACHE: dirty items replaced:62950
ITLB: size: 48, misses 3397, miss rate 0.00%
DTLB: size: 128, misses 205884, miss rate 0.12%
Avg mem delay: 1.751 cycles
----------------------------------------
==== Statistics for Master ID: 2 ====
Reads: 278749478   Writes: 42678480
ICACHE: size: 64 KB assoc: 2
ICACHE: hits:159743760 misses:4781988  Hit Ratio: 97.09%
DCACHE: size: 16 KB assoc: 4
DCACHE: hits:152500997 misses:4401213 writebacks:4400797  Hit Ratio: 97.19%
SCACHE: size: 512 KB assoc: 2
SCACHE: hits:7166162 misses:2017039  Hit Ratio: 78.04%
3CACHE: size: 4096 KB assoc: 2
3CACHE: hits:1711824 misses:305215  Hit Ratio: 84.87%
3CACHE: dirty items replaced:101701
ITLB: size: 48, misses 353163, miss rate 0.21%
DTLB: size: 128, misses 519691, miss rate 0.33%
Avg mem delay: 1.751 cycles
----------------------------------------
==== Statistics for Master ID: 3 ====
Reads: 271722858   Writes: 45217518
ICACHE: size: 64 KB assoc: 2
ICACHE: hits:154970988 misses:4526301  Hit Ratio: 97.16%
DCACHE: size: 16 KB assoc: 4
DCACHE: hits:153297051 misses:4146036 writebacks:4145613  Hit Ratio: 97.37%
SCACHE: size: 512 KB assoc: 2
SCACHE: hits:6660090 misses:2012247  Hit Ratio: 76.80%
3CACHE: size: 4096 KB assoc: 2
3CACHE: hits:1680301 misses:331946  Hit Ratio: 83.50%
3CACHE: dirty items replaced:107184
ITLB: size: 48, misses 404868, miss rate 0.25%
DTLB: size: 128, misses 554250, miss rate 0.35%
Avg mem delay: 1.751 cycles
----------------------------------------
==== Global Resource Utilization ====
STASH: size: 65536 entries, full 2556094954, empty 70987003, misses 6126642, full rate 97.07
icache bank util. 0.201 0.159 0.148 0.166 0.180 0.185 0.168 0.209 
dcache bank util. 0.162 0.169 0.182 0.161 0.191 0.187 0.192 0.152 
L2 bank util. 0.053 0.053 0.050 0.052 0.048 0.046 0.049 0.051 
L1-L2 bus util. = 0.246, L3 util. = 0.022
----------------------------------------
branch prediction, hits = 108680203, misses = 19046803, hit rate = 85.09%
return_stack prediction, hits = 11518286, misses = 11005, hit rate = 99.90%
jump prediction, hits = 100935861, misses = 23585306, hit rate = 81.06%
 ruu_release_fu eventq_init eventq_dump eventq_queue_event eventq_next_event readyq_init readyq_dump readyq_enqueue cv_init cv_dump ruu_commit ruu_recover ruu_writeback lsq_refresh ruu_issue cinvar_ rspec_dump tracer_recover clor6_ tracer_init spec_mem_access mspec_dump simoo_mem_obj
**** Debug Statistics at 501000000 Cycles *****
Threads: 4		Fetch Width: 8
No of useful instructions fetched:	1624840024 (40.54% proc util.)
No of total instructions fetched:	2370914145 (59.15% proc util.)
 includes 116636587 misfetch (4.9%), 629437534 (26.5%) wrong-path fetches
 and 0 flushed after failed lock(0.0%)
No of useful instructions issued/executed:	1624839991 (40.54% proc util.)
No of total instructions issued/executed:	1933221951 (48.23% proc util.)
 includes 308381960 wrong-path (16.0%) insts and 0 flushed (0.0%)
	fp 108923, 0.01%
	synch 0, 0.00%
	integer 1330112269, 68.80%
	load/store 603000759, 31.19%
Avg size of int IQ (before scheduling): 31.61
Avg size of fp IQ (before scheduling): 0.01
No of cycles taken:		501000000
Parallelism [ 1.711, 0.000, 0.739, 0.793,] = 3.243
 IQ conflicts: 20888367 (4.17%), FQ conflicts: 0 (0.00%) 
 I reg conflicts: 109834337 (21.92%), FP reg conflicts: 0 (0.00%)
  Activelist confs: 5535 (0.00%), ROB confs: 630370 (0.13%)
  Int unit conflicts: 716426704 (143.00%), FP unit conflicts: 48 (0.00%)
  Load/store unit conflicts: 107910759 (21.54%)
  MSHR conflicts: 182669113 (36.46%)
----------------------------------------
==== System-wide Cache Statistics ====
Stall for miss queue full 0 cycles (0.00%)
----------------------------------------
==== Statistics for Master ID: 0 ====
Reads: 430648238   Writes: 59378289
ICACHE: size: 64 KB assoc: 2
ICACHE: hits:269450914 misses:98055  Hit Ratio: 99.96%
DCACHE: size: 16 KB assoc: 4
DCACHE: hits:216405309 misses:4072249 writebacks:4071206  Hit Ratio: 98.15%
SCACHE: size: 512 KB assoc: 2
SCACHE: hits:2906536 misses:1263768  Hit Ratio: 69.70%
3CACHE: size: 4096 KB assoc: 2
3CACHE: hits:948237 misses:315531  Hit Ratio: 75.03%
3CACHE: dirty items replaced:104234
ITLB: size: 48, misses 4329, miss rate 0.00%
DTLB: size: 128, misses 249650, miss rate 0.11%
Avg mem delay: 1.746 cycles
----------------------------------------
==== Statistics for Master ID: 2 ====
Reads: 332345589   Writes: 51426523
ICACHE: size: 64 KB assoc: 2
ICACHE: hits:190102138 misses:6165021  Hit Ratio: 96.86%
DCACHE: size: 16 KB assoc: 4
DCACHE: hits:182360612 misses:5144341 writebacks:5143925  Hit Ratio: 97.26%
SCACHE: size: 512 KB assoc: 2
SCACHE: hits:8627398 misses:2681963  Hit Ratio: 76.29%
3CACHE: size: 4096 KB assoc: 2
3CACHE: hits:2255289 misses:426674  Hit Ratio: 84.09%
3CACHE: dirty items replaced:167921
ITLB: size: 48, misses 479119, miss rate 0.24%
DTLB: size: 128, misses 631092, miss rate 0.34%
Avg mem delay: 1.746 cycles
----------------------------------------
==== Statistics for Master ID: 3 ====
Reads: 334713190   Writes: 55366014
ICACHE: size: 64 KB assoc: 2
ICACHE: hits:190719994 misses:5729381  Hit Ratio: 97.08%
DCACHE: size: 16 KB assoc: 4
DCACHE: hits:188581934 misses:5047895 writebacks:5047472  Hit Ratio: 97.39%
SCACHE: size: 512 KB assoc: 2
SCACHE: hits:8185723 misses:2591552  Hit Ratio: 75.95%
3CACHE: size: 4096 KB assoc: 2
3CACHE: hits:2145313 misses:446238  Hit Ratio: 82.78%
3CACHE: dirty items replaced:170947
ITLB: size: 48, misses 512073, miss rate 0.26%
DTLB: size: 128, misses 668158, miss rate 0.35%
Avg mem delay: 1.746 cycles
----------------------------------------
==== Global Resource Utilization ====
STASH: size: 65536 entries, full 3030696904, empty 90892752, misses 7825536, full rate 96.85
icache bank util. 0.198 0.155 0.145 0.163 0.177 0.183 0.165 0.207 
dcache bank util. 0.159 0.165 0.181 0.159 0.189 0.180 0.189 0.150 
L2 bank util. 0.053 0.053 0.050 0.051 0.048 0.046 0.049 0.051 
L1-L2 bus util. = 0.243, L3 util. = 0.024
----------------------------------------
branch prediction, hits = 131713648, misses = 23503768, hit rate = 84.86%
return_stack prediction, hits = 14067457, misses = 16818, hit rate = 99.88%
jump prediction, hits = 122997221, misses = 28861915, hit rate = 80.99%
 ruu_link_idep ruu_install_odep InstSRA InstSRAV InstMULT InstMULTU simoo_reg_obj ruu_dispatch clorb_
**** Debug Statistics at 601000000 Cycles *****
Threads: 4		Fetch Width: 8
No of useful instructions fetched:	1959806374 (40.76% proc util.)
No of total instructions fetched:	2855743300 (59.40% proc util.)
 includes 139144874 misfetch (4.9%), 756792052 (26.5%) wrong-path fetches
 and 0 flushed after failed lock(0.0%)
No of useful instructions issued/executed:	1959806328 (40.76% proc util.)
No of total instructions issued/executed:	2329481596 (48.45% proc util.)
 includes 369675268 wrong-path (15.9%) insts and 0 flushed (0.0%)
	fp 126182, 0.01%
	synch 0, 0.00%
	integer 1603561401, 68.84%
	load/store 725794013, 31.16%
Avg size of int IQ (before scheduling): 31.63
Avg size of fp IQ (before scheduling): 0.01
No of cycles taken:		601000000
Parallelism [ 1.711, 0.000, 0.741, 0.809,] = 3.261
 IQ conflicts: 24769449 (4.12%), FQ conflicts: 0 (0.00%) 
 I reg conflicts: 130693718 (21.75%), FP reg conflicts: 0 (0.00%)
  Activelist confs: 6382 (0.00%), ROB confs: 826412 (0.14%)
  Int unit conflicts: 877411257 (145.99%), FP unit conflicts: 48 (0.00%)
  Load/store unit conflicts: 131577373 (21.89%)
  MSHR conflicts: 226101260 (37.62%)
----------------------------------------
==== System-wide Cache Statistics ====
Stall for miss queue full 0 cycles (0.00%)
----------------------------------------
==== Statistics for Master ID: 0 ====
Reads: 515781204   Writes: 70758490
ICACHE: size: 64 KB assoc: 2
ICACHE: hits:323186228 misses:117618  Hit Ratio: 99.96%
DCACHE: size: 16 KB assoc: 4
DCACHE: hits:258381587 misses:4854261 writebacks:4853218  Hit Ratio: 98.16%
SCACHE: size: 512 KB assoc: 2
SCACHE: hits:3448839 misses:1523040  Hit Ratio: 69.37%
3CACHE: size: 4096 KB assoc: 2
3CACHE: hits:1144457 misses:378583  Hit Ratio: 75.14%
3CACHE: dirty items replaced:142013
ITLB: size: 48, misses 5187, miss rate 0.00%
DTLB: size: 128, misses 291654, miss rate 0.11%
Avg mem delay: 1.729 cycles
----------------------------------------
==== Statistics for Master ID: 2 ====
Reads: 397812842   Writes: 62035152
ICACHE: size: 64 KB assoc: 2
ICACHE: hits:227447221 misses:7462622  Hit Ratio: 96.82%
DCACHE: size: 16 KB assoc: 4
DCACHE: hits:219038028 misses:5900123 writebacks:5899707  Hit Ratio: 97.38%
SCACHE: size: 512 KB assoc: 2
SCACHE: hits:10203002 misses:3159743  Hit Ratio: 76.35%
3CACHE: size: 4096 KB assoc: 2
3CACHE: hits:2644282 misses:515461  Hit Ratio: 83.69%
3CACHE: dirty items replaced:223736
ITLB: size: 48, misses 597509, miss rate 0.25%
DTLB: size: 128, misses 731246, miss rate 0.33%
Avg mem delay: 1.729 cycles
----------------------------------------
==== Statistics for Master ID: 3 ====
Reads: 408510610   Writes: 67355508
ICACHE: size: 64 KB assoc: 2
ICACHE: hits:233108786 misses:6748306  Hit Ratio: 97.19%
DCACHE: size: 16 KB assoc: 4
DCACHE: hits:229913121 misses:6095905 writebacks:6095482  Hit Ratio: 97.42%
SCACHE: size: 512 KB assoc: 2
SCACHE: hits:9755786 misses:3088424  Hit Ratio: 75.95%
3CACHE: size: 4096 KB assoc: 2
3CACHE: hits:2550228 misses:538195  Hit Ratio: 82.57%
3CACHE: dirty items replaced:232713
ITLB: size: 48, misses 603263, miss rate 0.25%
DTLB: size: 128, misses 786817, miss rate 0.33%
Avg mem delay: 1.729 cycles
----------------------------------------
==== Global Resource Utilization ====
STASH: size: 65536 entries, full 3547292716, empty 109488911, misses 9417938, full rate 96.76
icache bank util. 0.198 0.156 0.146 0.163 0.177 0.184 0.165 0.209 
dcache bank util. 0.161 0.165 0.182 0.160 0.188 0.176 0.189 0.152 
L2 bank util. 0.052 0.052 0.050 0.051 0.048 0.045 0.048 0.050 
L1-L2 bus util. = 0.240, L3 util. = 0.024
----------------------------------------
branch prediction, hits = 159095055, misses = 28289093, hit rate = 84.90%
return_stack prediction, hits = 16766404, misses = 22318, hit rate = 99.87%
jump prediction, hits = 148202413, misses = 34564568, hit rate = 81.09%

**** Early Exiting at 614278899 Cycles *****
========================================
 SMTSIM Global Statistics
========================================
Threads: 4		Fetch Width: 8
No of useful instructions fetched:	2000000061 (40.70% proc util.)
No of total instructions fetched:	2915518918 (59.33% proc util.)
 includes 142275257 misfetch (4.9%), 773243600 (26.5%) wrong-path fetches
 and 0 flushed after failed lock(0.0%)
No of useful instructions issued/executed:	2000000029 (40.70% proc util.)
No of total instructions issued/executed:	2377933955 (48.39% proc util.)
 includes 377933926 wrong-path (15.9%) insts and 0 flushed (0.0%)
	fp 126263, 0.01%
	synch 0, 0.00%
	integer 1636003308, 68.80%
	load/store 741804384, 31.20%
Avg size of int IQ (before scheduling): 31.60
Avg size of fp IQ (before scheduling): 0.01
No of cycles taken:		614278899
Parallelism [ 1.710, 0.000, 0.739, 0.807,] = 3.256
 IQ conflicts: 25329587 (4.12%), FQ conflicts: 0 (0.00%) 
 I reg conflicts: 133992668 (21.81%), FP reg conflicts: 0 (0.00%)
  Activelist confs: 6549 (0.00%), ROB confs: 834386 (0.14%)
  Int unit conflicts: 893630060 (145.48%), FP unit conflicts: 48 (0.00%)
  Load/store unit conflicts: 134725602 (21.93%)
  MSHR conflicts: 231028775 (37.61%)
----------------------------------------
==== System-wide Cache Statistics ====
Stall for miss queue full 0 cycles (0.00%)
----------------------------------------
==== Statistics for Master ID: 0 ====
Reads: 527285835   Writes: 72564959
ICACHE: size: 64 KB assoc: 2
ICACHE: hits:330315679 misses:119704  Hit Ratio: 99.96%
DCACHE: size: 16 KB assoc: 4
DCACHE: hits:264464174 misses:4951237 writebacks:4950194  Hit Ratio: 98.16%
SCACHE: size: 512 KB assoc: 2
SCACHE: hits:3512484 misses:1558457  Hit Ratio: 69.27%
3CACHE: size: 4096 KB assoc: 2
3CACHE: hits:1168842 misses:389615  Hit Ratio: 75.00%
3CACHE: dirty items replaced:148526
ITLB: size: 48, misses 5309, miss rate 0.00%
DTLB: size: 128, misses 297422, miss rate 0.11%
Avg mem delay: 1.727 cycles
----------------------------------------
==== Statistics for Master ID: 2 ====
Reads: 405265202   Writes: 63408611
ICACHE: size: 64 KB assoc: 2
ICACHE: hits:231607329 misses:7629930  Hit Ratio: 96.81%
DCACHE: size: 16 KB assoc: 4
DCACHE: hits:223438944 misses:5997610 writebacks:5997194  Hit Ratio: 97.39%
SCACHE: size: 512 KB assoc: 2
SCACHE: hits:10385736 misses:3241804  Hit Ratio: 76.21%
3CACHE: size: 4096 KB assoc: 2
3CACHE: hits:2709144 misses:532659  Hit Ratio: 83.57%
3CACHE: dirty items replaced:234614
ITLB: size: 48, misses 615216, miss rate 0.26%
DTLB: size: 128, misses 745060, miss rate 0.32%
Avg mem delay: 1.727 cycles
----------------------------------------
==== Statistics for Master ID: 3 ====
Reads: 417545979   Writes: 68838230
ICACHE: size: 64 KB assoc: 2
ICACHE: hits:238168139 misses:6912078  Hit Ratio: 97.18%
DCACHE: size: 16 KB assoc: 4
DCACHE: hits:235062693 misses:6241299 writebacks:6240876  Hit Ratio: 97.41%
SCACHE: size: 512 KB assoc: 2
SCACHE: hits:10001207 misses:3152170  Hit Ratio: 76.04%
3CACHE: size: 4096 KB assoc: 2
3CACHE: hits:2600183 misses:551987  Hit Ratio: 82.49%
3CACHE: dirty items replaced:241169
ITLB: size: 48, misses 616678, miss rate 0.25%
DTLB: size: 128, misses 801082, miss rate 0.33%
Avg mem delay: 1.727 cycles
----------------------------------------
==== Global Resource Utilization ====
STASH: size: 65536 entries, full 3611015087, empty 112246200, misses 9658301, full rate 96.73
icache bank util. 0.198 0.156 0.146 0.163 0.177 0.183 0.165 0.209 
dcache bank util. 0.161 0.165 0.182 0.160 0.188 0.176 0.189 0.152 
L2 bank util. 0.052 0.052 0.050 0.051 0.048 0.045 0.048 0.050 
L1-L2 bus util. = 0.240, L3 util. = 0.024
----------------------------------------
branch prediction, hits = 162043233, misses = 28889343, hit rate = 84.87%
return_stack prediction, hits = 17167529, misses = 23261, hit rate = 99.86%
jump prediction, hits = 151082901, misses = 35364009, hit rate = 81.03%
total IPC 3.256

=== Results saved to: ./results/gzip-log_2_gcc-166_1_gcc-200_1.txt ===
