测试组合（多线程优先）：gzip-log.arg2 + gcc-scilab.arg + gzip-source.arg
执行命令：./smtsim gzip-log.arg2 gcc-scilab.arg gzip-source.arg
==================================================

SMTCache
Process 0, Thread 0: gzip-log
Process 0, Thread 1: gzip-log
Process 2, Thread 2: gcc-scilab
Process 3, Thread 3: gzip-source

**** Debug Statistics at 1000000 Cycles *****
Threads: 4		Fetch Width: 8
No of useful instructions fetched:	1170554 (14.63% proc util.)
No of total instructions fetched:	1401027 (17.51% proc util.)
 includes 16268 misfetch (1.2%), 214205 (15.3%) wrong-path fetches
 and 0 flushed after failed lock(0.0%)
No of useful instructions issued/executed:	1170530 (14.63% proc util.)
No of total instructions issued/executed:	1254328 (15.68% proc util.)
 includes 83798 wrong-path (6.7%) insts and 0 flushed (0.0%)
	fp 78, 0.01%
	synch 0, 0.00%
	integer 803898, 64.09%
	load/store 450352, 35.90%
Avg size of int IQ (before scheduling): 37.37
Avg size of fp IQ (before scheduling): 0.00
No of cycles taken:		1000000
Parallelism [ 0.676, 0.000, 0.353, 0.141,] = 1.171
 IQ conflicts: 6437 (0.64%), FQ conflicts: 0 (0.00%) 
 I reg conflicts: 773884 (77.39%), FP reg conflicts: 0 (0.00%)
  Activelist confs: 0 (0.00%), ROB confs: 0 (0.00%)
  Int unit conflicts: 186159 (18.62%), FP unit conflicts: 1 (0.00%)
  Load/store unit conflicts: 82267 (8.23%)
  MSHR conflicts: 2801501 (280.15%)
----------------------------------------
==== System-wide Cache Statistics ====
Stall for miss queue full 0 cycles (0.00%)
----------------------------------------
==== Statistics for Master ID: 0 ====
Reads: 357731   Writes: 96382
ICACHE: size: 64 KB assoc: 2
ICACHE: hits:197669 misses:49  Hit Ratio: 99.98%
DCACHE: size: 16 KB assoc: 4
DCACHE: hits:255455 misses:940 writebacks:342  Hit Ratio: 99.63%
SCACHE: size: 512 KB assoc: 2
SCACHE: hits:161 misses:828  Hit Ratio: 16.28%
3CACHE: size: 4096 KB assoc: 2
3CACHE: hits:9 misses:819  Hit Ratio: 1.09%
3CACHE: dirty items replaced:0
ITLB: size: 48, misses 6, miss rate 0.00%
DTLB: size: 128, misses 59, miss rate 0.02%
Avg mem delay: 28.806 cycles
----------------------------------------
==== Statistics for Master ID: 2 ====
Reads: 207284   Writes: 54323
ICACHE: size: 64 KB assoc: 2
ICACHE: hits:134170 misses:1422  Hit Ratio: 98.95%
DCACHE: size: 16 KB assoc: 4
DCACHE: hits:122977 misses:3038 writebacks:2612  Hit Ratio: 97.59%
SCACHE: size: 512 KB assoc: 2
SCACHE: hits:702 misses:3758  Hit Ratio: 15.74%
3CACHE: size: 4096 KB assoc: 2
3CACHE: hits:27 misses:3731  Hit Ratio: 0.72%
3CACHE: dirty items replaced:0
ITLB: size: 48, misses 90, miss rate 0.07%
DTLB: size: 128, misses 418, miss rate 0.33%
Avg mem delay: 28.806 cycles
----------------------------------------
==== Statistics for Master ID: 3 ====
Reads: 115309   Writes: 22972
ICACHE: size: 64 KB assoc: 2
ICACHE: hits:70280 misses:215  Hit Ratio: 99.70%
DCACHE: size: 16 KB assoc: 4
DCACHE: hits:28107 misses:39679 writebacks:39486  Hit Ratio: 41.46%
SCACHE: size: 512 KB assoc: 2
SCACHE: hits:17496 misses:22398  Hit Ratio: 43.86%
3CACHE: size: 4096 KB assoc: 2
3CACHE: hits:0 misses:22398  Hit Ratio: 0.00%
3CACHE: dirty items replaced:0
ITLB: size: 48, misses 18, miss rate 0.03%
DTLB: size: 128, misses 5538, miss rate 8.17%
Avg mem delay: 28.806 cycles
----------------------------------------
==== Global Resource Utilization ====
STASH: size: 65536 entries, full 101530524, empty 30708, misses 2676, full rate 99.97
icache bank util. 0.052 0.035 0.030 0.040 0.048 0.055 0.066 0.084 
dcache bank util. 0.034 0.028 0.092 0.023 0.102 0.060 0.339 0.029 
L2 bank util. 0.008 0.007 0.007 0.007 0.007 0.007 0.411 0.007 
L1-L2 bus util. = 0.263, L3 util. = 0.269
----------------------------------------
branch prediction, hits = 68973, misses = 10736, hit rate = 86.53%
return_stack prediction, hits = 13969, misses = 14, hit rate = 99.90%
jump prediction, hits = 99105, misses = 4317, hit rate = 95.83%
 dgelq2_ dgelqf_
**** Debug Statistics at 101000000 Cycles *****
Threads: 4		Fetch Width: 8
No of useful instructions fetched:	168113325 (20.81% proc util.)
No of total instructions fetched:	198223017 (24.53% proc util.)
 includes 6965529 misfetch (3.5%), 23144163 (11.7%) wrong-path fetches
 and 0 flushed after failed lock(0.0%)
No of useful instructions issued/executed:	168113299 (20.81% proc util.)
No of total instructions issued/executed:	177878156 (22.01% proc util.)
 includes 9764857 wrong-path (5.5%) insts and 0 flushed (0.0%)
	fp 1266, 0.00%
	synch 0, 0.00%
	integer 122504806, 68.87%
	load/store 55372084, 31.13%
Avg size of int IQ (before scheduling): 17.19
Avg size of fp IQ (before scheduling): 0.00
No of cycles taken:		101000000
Parallelism [ 0.792, 0.000, 0.538, 0.334,] = 1.664
 IQ conflicts: 69937 (0.07%), FQ conflicts: 0 (0.00%) 
 I reg conflicts: 72314433 (71.60%), FP reg conflicts: 0 (0.00%)
  Activelist confs: 0 (0.00%), ROB confs: 0 (0.00%)
  Int unit conflicts: 12009433 (11.89%), FP unit conflicts: 4 (0.00%)
  Load/store unit conflicts: 4029000 (3.99%)
  MSHR conflicts: 46992874 (46.53%)
----------------------------------------
==== System-wide Cache Statistics ====
Stall for miss queue full 0 cycles (0.00%)
----------------------------------------
==== Statistics for Master ID: 0 ====
Reads: 36370516   Writes: 5542602
ICACHE: size: 64 KB assoc: 2
ICACHE: hits:22055185 misses:3732  Hit Ratio: 99.98%
DCACHE: size: 16 KB assoc: 4
DCACHE: hits:19504095 misses:350106 writebacks:349293  Hit Ratio: 98.24%
SCACHE: size: 512 KB assoc: 2
SCACHE: hits:139198 misses:214640  Hit Ratio: 39.34%
3CACHE: size: 4096 KB assoc: 2
3CACHE: hits:152440 misses:62200  Hit Ratio: 71.02%
3CACHE: dirty items replaced:8156
ITLB: size: 48, misses 216, miss rate 0.00%
DTLB: size: 128, misses 6941, miss rate 0.03%
Avg mem delay: 7.334 cycles
----------------------------------------
==== Statistics for Master ID: 2 ====
Reads: 38431861   Writes: 7230172
ICACHE: size: 64 KB assoc: 2
ICACHE: hits:21312907 misses:319043  Hit Ratio: 98.53%
DCACHE: size: 16 KB assoc: 4
DCACHE: hits:23356636 misses:673447 writebacks:673021  Hit Ratio: 97.20%
SCACHE: size: 512 KB assoc: 2
SCACHE: hits:702717 misses:289773  Hit Ratio: 70.80%
3CACHE: size: 4096 KB assoc: 2
3CACHE: hits:207123 misses:82650  Hit Ratio: 71.48%
3CACHE: dirty items replaced:8367
ITLB: size: 48, misses 19459, miss rate 0.09%
DTLB: size: 128, misses 21723, miss rate 0.09%
Avg mem delay: 7.334 cycles
----------------------------------------
==== Statistics for Master ID: 3 ====
Reads: 18466626   Writes: 5619742
ICACHE: size: 64 KB assoc: 2
ICACHE: hits:12660668 misses:1111  Hit Ratio: 99.99%
DCACHE: size: 16 KB assoc: 4
DCACHE: hits:9727934 misses:1696655 writebacks:1500415  Hit Ratio: 85.15%
SCACHE: size: 512 KB assoc: 2
SCACHE: hits:154116 misses:1543650  Hit Ratio: 9.08%
3CACHE: size: 4096 KB assoc: 2
3CACHE: hits:112 misses:1543538  Hit Ratio: 0.01%
3CACHE: dirty items replaced:73820
ITLB: size: 48, misses 59, miss rate 0.00%
DTLB: size: 128, misses 67388, miss rate 0.59%
Avg mem delay: 7.334 cycles
----------------------------------------
==== Global Resource Utilization ====
STASH: size: 65536 entries, full 308448721, empty 6079073, misses 559260, full rate 97.89
icache bank util. 0.066 0.049 0.045 0.051 0.056 0.174 0.055 0.073 
dcache bank util. 0.075 0.081 0.097 0.091 0.093 0.077 0.098 0.091 
L2 bank util. 0.035 0.034 0.034 0.034 0.034 0.033 0.046 0.057 
L1-L2 bus util. = 0.165, L3 util. = 0.167
----------------------------------------
branch prediction, hits = 15797451, misses = 1712145, hit rate = 90.22%
return_stack prediction, hits = 1123177, misses = 930, hit rate = 99.92%
jump prediction, hits = 15696792, misses = 1905165, hit rate = 89.18%
 dgels_
**** Debug Statistics at 201000000 Cycles *****
Threads: 4		Fetch Width: 8
No of useful instructions fetched:	518308985 (32.23% proc util.)
No of total instructions fetched:	654126792 (40.68% proc util.)
 includes 18787538 misfetch (2.9%), 117030269 (17.9%) wrong-path fetches
 and 0 flushed after failed lock(0.0%)
No of useful instructions issued/executed:	518308960 (32.23% proc util.)
No of total instructions issued/executed:	569728900 (35.43% proc util.)
 includes 51419940 wrong-path (9.0%) insts and 0 flushed (0.0%)
	fp 5998, 0.00%
	synch 0, 0.00%
	integer 400614354, 70.32%
	load/store 169108548, 29.68%
Avg size of int IQ (before scheduling): 23.86
Avg size of fp IQ (before scheduling): 0.00
No of cycles taken:		201000000
Parallelism [ 1.081, 0.000, 0.730, 0.768,] = 2.579
 IQ conflicts: 1910308 (0.95%), FQ conflicts: 0 (0.00%) 
 I reg conflicts: 102534832 (51.01%), FP reg conflicts: 0 (0.00%)
  Activelist confs: 409 (0.00%), ROB confs: 52487 (0.03%)
  Int unit conflicts: 211385530 (105.17%), FP unit conflicts: 5 (0.00%)
  Load/store unit conflicts: 21663819 (10.78%)
  MSHR conflicts: 79368021 (39.49%)
----------------------------------------
==== System-wide Cache Statistics ====
Stall for miss queue full 0 cycles (0.00%)
----------------------------------------
==== Statistics for Master ID: 0 ====
Reads: 105378752   Writes: 14709071
ICACHE: size: 64 KB assoc: 2
ICACHE: hits:65955767 misses:90530  Hit Ratio: 99.86%
DCACHE: size: 16 KB assoc: 4
DCACHE: hits:53015153 misses:1026373 writebacks:1025560  Hit Ratio: 98.10%
SCACHE: size: 512 KB assoc: 2
SCACHE: hits:657198 misses:459705  Hit Ratio: 58.84%
3CACHE: size: 4096 KB assoc: 2
3CACHE: hits:333516 misses:126189  Hit Ratio: 72.55%
3CACHE: dirty items replaced:21082
ITLB: size: 48, misses 572, miss rate 0.00%
DTLB: size: 128, misses 37108, miss rate 0.07%
Avg mem delay: 3.695 cycles
----------------------------------------
==== Statistics for Master ID: 2 ====
Reads: 115171059   Writes: 20076541
ICACHE: size: 64 KB assoc: 2
ICACHE: hits:65614506 misses:917951  Hit Ratio: 98.62%
DCACHE: size: 16 KB assoc: 4
DCACHE: hits:66907240 misses:1807903 writebacks:1807477  Hit Ratio: 97.37%
SCACHE: size: 512 KB assoc: 2
SCACHE: hits:2038062 misses:687792  Hit Ratio: 74.77%
3CACHE: size: 4096 KB assoc: 2
3CACHE: hits:539156 misses:148636  Hit Ratio: 78.39%
3CACHE: dirty items replaced:22931
ITLB: size: 48, misses 44247, miss rate 0.07%
DTLB: size: 128, misses 93045, miss rate 0.14%
Avg mem delay: 3.695 cycles
----------------------------------------
==== Statistics for Master ID: 3 ====
Reads: 86194318   Writes: 15496463
ICACHE: size: 64 KB assoc: 2
ICACHE: hits:55459781 misses:90899  Hit Ratio: 99.84%
DCACHE: size: 16 KB assoc: 4
DCACHE: hits:43229361 misses:2910740 writebacks:2691799  Hit Ratio: 93.69%
SCACHE: size: 512 KB assoc: 2
SCACHE: hits:915890 misses:2085749  Hit Ratio: 30.51%
3CACHE: size: 4096 KB assoc: 2
3CACHE: hits:129622 misses:1956127  Hit Ratio: 6.21%
3CACHE: dirty items replaced:116037
ITLB: size: 48, misses 336, miss rate 0.00%
DTLB: size: 128, misses 111354, miss rate 0.24%
Avg mem delay: 3.695 cycles
----------------------------------------
==== Global Resource Utilization ====
STASH: size: 65536 entries, full 802860474, empty 15667383, misses 1414237, full rate 97.92
icache bank util. 0.123 0.090 0.082 0.097 0.116 0.200 0.108 0.137 
dcache bank util. 0.105 0.119 0.139 0.122 0.151 0.108 0.148 0.116 
L2 bank util. 0.039 0.037 0.038 0.038 0.037 0.036 0.043 0.049 
L1-L2 bus util. = 0.185, L3 util. = 0.111
----------------------------------------
branch prediction, hits = 41072151, misses = 5526102, hit rate = 88.14%
return_stack prediction, hits = 3570683, misses = 2211, hit rate = 99.94%
jump prediction, hits = 42749790, misses = 5001267, hit rate = 89.53%

**** Debug Statistics at 301000000 Cycles *****
Threads: 4		Fetch Width: 8
No of useful instructions fetched:	926730372 (38.49% proc util.)
No of total instructions fetched:	1190677010 (49.45% proc util.)
 includes 33397047 misfetch (2.8%), 230549591 (19.4%) wrong-path fetches
 and 0 flushed after failed lock(0.0%)
No of useful instructions issued/executed:	926730302 (38.49% proc util.)
No of total instructions issued/executed:	1028052944 (42.69% proc util.)
 includes 101322642 wrong-path (9.9%) insts and 0 flushed (0.0%)
	fp 6138, 0.00%
	synch 0, 0.00%
	integer 726703416, 70.69%
	load/store 301343390, 29.31%
Avg size of int IQ (before scheduling): 27.49
Avg size of fp IQ (before scheduling): 0.00
No of cycles taken:		301000000
Parallelism [ 1.224, 0.000, 0.857, 0.997,] = 3.079
 IQ conflicts: 4441234 (1.48%), FQ conflicts: 0 (0.00%) 
 I reg conflicts: 119914878 (39.84%), FP reg conflicts: 0 (0.00%)
  Activelist confs: 1068 (0.00%), ROB confs: 145621 (0.05%)
  Int unit conflicts: 485961009 (161.45%), FP unit conflicts: 7 (0.00%)
  Load/store unit conflicts: 46522575 (15.46%)
  MSHR conflicts: 120952988 (40.18%)
----------------------------------------
==== System-wide Cache Statistics ====
Stall for miss queue full 0 cycles (0.00%)
----------------------------------------
==== Statistics for Master ID: 0 ====
Reads: 180997216   Writes: 24627659
ICACHE: size: 64 KB assoc: 2
ICACHE: hits:114400520 misses:221251  Hit Ratio: 99.81%
DCACHE: size: 16 KB assoc: 4
DCACHE: hits:89308040 misses:1695064 writebacks:1694251  Hit Ratio: 98.14%
SCACHE: size: 512 KB assoc: 2
SCACHE: hits:1229640 misses:686675  Hit Ratio: 64.17%
3CACHE: size: 4096 KB assoc: 2
3CACHE: hits:490870 misses:195805  Hit Ratio: 71.49%
3CACHE: dirty items replaced:39918
ITLB: size: 48, misses 973, miss rate 0.00%
DTLB: size: 128, misses 74475, miss rate 0.08%
Avg mem delay: 2.720 cycles
----------------------------------------
==== Statistics for Master ID: 2 ====
Reads: 208705448   Writes: 35510222
ICACHE: size: 64 KB assoc: 2
ICACHE: hits:119612222 misses:1591855  Hit Ratio: 98.69%
DCACHE: size: 16 KB assoc: 4
DCACHE: hits:119858223 misses:3153370 writebacks:3152944  Hit Ratio: 97.44%
SCACHE: size: 512 KB assoc: 2
SCACHE: hits:3667615 misses:1077610  Hit Ratio: 77.29%
3CACHE: size: 4096 KB assoc: 2
3CACHE: hits:873824 misses:203786  Hit Ratio: 81.09%
3CACHE: dirty items replaced:40879
ITLB: size: 48, misses 61521, miss rate 0.05%
DTLB: size: 128, misses 184520, miss rate 0.15%
Avg mem delay: 2.720 cycles
----------------------------------------
==== Statistics for Master ID: 3 ====
Reads: 167586482   Writes: 26401371
ICACHE: size: 64 KB assoc: 2
ICACHE: hits:106853535 misses:225051  Hit Ratio: 99.79%
DCACHE: size: 16 KB assoc: 4
DCACHE: hits:82865687 misses:4043580 writebacks:3824639  Hit Ratio: 95.35%
SCACHE: size: 512 KB assoc: 2
SCACHE: hits:1954659 misses:2313972  Hit Ratio: 45.79%
3CACHE: size: 4096 KB assoc: 2
3CACHE: hits:299211 misses:2014761  Hit Ratio: 12.93%
3CACHE: dirty items replaced:134433
ITLB: size: 48, misses 645, miss rate 0.00%
DTLB: size: 128, misses 146206, miss rate 0.17%
Avg mem delay: 2.720 cycles
----------------------------------------
==== Global Resource Utilization ====
STASH: size: 65536 entries, full 1385602020, empty 25867424, misses 2319082, full rate 98.01
icache bank util. 0.153 0.115 0.101 0.121 0.148 0.213 0.135 0.173 
dcache bank util. 0.126 0.137 0.157 0.140 0.180 0.124 0.176 0.135 
L2 bank util. 0.040 0.039 0.039 0.039 0.039 0.037 0.043 0.047 
L1-L2 bus util. = 0.195, L3 util. = 0.080
----------------------------------------
branch prediction, hits = 70114671, misses = 9921235, hit rate = 87.60%
return_stack prediction, hits = 6306183, misses = 2420, hit rate = 99.96%
jump prediction, hits = 72909998, misses = 8714287, hit rate = 89.32%
 dgemm_
**** Debug Statistics at 401000000 Cycles *****
Threads: 4		Fetch Width: 8
No of useful instructions fetched:	1344607520 (41.91% proc util.)
No of total instructions fetched:	1725268506 (53.78% proc util.)
 includes 42810595 misfetch (2.5%), 337850391 (19.6%) wrong-path fetches
 and 0 flushed after failed lock(0.0%)
No of useful instructions issued/executed:	1344607496 (41.91% proc util.)
No of total instructions issued/executed:	1492213137 (46.52% proc util.)
 includes 147605641 wrong-path (9.9%) insts and 0 flushed (0.0%)
	fp 26038, 0.00%
	synch 0, 0.00%
	integer 1058763161, 70.95%
	load/store 433423938, 29.05%
Avg size of int IQ (before scheduling): 29.59
Avg size of fp IQ (before scheduling): 0.00
No of cycles taken:		401000000
Parallelism [ 1.299, 0.000, 0.931, 1.123,] = 3.353
 IQ conflicts: 7106751 (1.77%), FQ conflicts: 0 (0.00%) 
 I reg conflicts: 137537081 (34.30%), FP reg conflicts: 0 (0.00%)
  Activelist confs: 1293 (0.00%), ROB confs: 253265 (0.06%)
  Int unit conflicts: 782289767 (195.08%), FP unit conflicts: 7 (0.00%)
  Load/store unit conflicts: 70565425 (17.60%)
  MSHR conflicts: 158703186 (39.58%)
----------------------------------------
==== System-wide Cache Statistics ====
Stall for miss queue full 0 cycles (0.00%)
----------------------------------------
==== Statistics for Master ID: 0 ====
Reads: 258615294   Writes: 35003808
ICACHE: size: 64 KB assoc: 2
ICACHE: hits:163915520 misses:328380  Hit Ratio: 99.80%
DCACHE: size: 16 KB assoc: 4
DCACHE: hits:126939770 misses:2435432 writebacks:2434619  Hit Ratio: 98.12%
SCACHE: size: 512 KB assoc: 2
SCACHE: hits:1845581 misses:918231  Hit Ratio: 66.78%
3CACHE: size: 4096 KB assoc: 2
3CACHE: hits:656209 misses:262022  Hit Ratio: 71.46%
3CACHE: dirty items replaced:62516
ITLB: size: 48, misses 1350, miss rate 0.00%
DTLB: size: 128, misses 102948, miss rate 0.08%
Avg mem delay: 2.324 cycles
----------------------------------------
==== Statistics for Master ID: 2 ====
Reads: 298945256   Writes: 50653603
ICACHE: size: 64 KB assoc: 2
ICACHE: hits:172416517 misses:2103063  Hit Ratio: 98.79%
DCACHE: size: 16 KB assoc: 4
DCACHE: hits:170724702 misses:4354577 writebacks:4354151  Hit Ratio: 97.51%
SCACHE: size: 512 KB assoc: 2
SCACHE: hits:4972559 misses:1485081  Hit Ratio: 77.00%
3CACHE: size: 4096 KB assoc: 2
3CACHE: hits:1216259 misses:268822  Hit Ratio: 81.90%
3CACHE: dirty items replaced:63419
ITLB: size: 48, misses 83290, miss rate 0.05%
DTLB: size: 128, misses 258949, miss rate 0.15%
Avg mem delay: 2.324 cycles
----------------------------------------
==== Statistics for Master ID: 3 ====
Reads: 249321023   Writes: 37722101
ICACHE: size: 64 KB assoc: 2
ICACHE: hits:158267539 misses:338074  Hit Ratio: 99.79%
DCACHE: size: 16 KB assoc: 4
DCACHE: hits:123438763 misses:4998748 writebacks:4779807  Hit Ratio: 96.11%
SCACHE: size: 512 KB assoc: 2
SCACHE: hits:2801238 misses:2535584  Hit Ratio: 52.49%
3CACHE: size: 4096 KB assoc: 2
3CACHE: hits:462839 misses:2072745  Hit Ratio: 18.25%
3CACHE: dirty items replaced:154937
ITLB: size: 48, misses 960, miss rate 0.00%
DTLB: size: 128, misses 172713, miss rate 0.13%
Avg mem delay: 2.324 cycles
----------------------------------------
==== Global Resource Utilization ====
STASH: size: 65536 entries, full 1966851008, empty 34654587, misses 3094450, full rate 98.12
icache bank util. 0.168 0.125 0.113 0.135 0.162 0.218 0.148 0.191 
dcache bank util. 0.134 0.143 0.168 0.147 0.194 0.134 0.193 0.142 
L2 bank util. 0.040 0.039 0.039 0.039 0.039 0.037 0.041 0.044 
L1-L2 bus util. = 0.195, L3 util. = 0.065
----------------------------------------
branch prediction, hits = 99811337, misses = 13900580, hit rate = 87.78%
return_stack prediction, hits = 9075439, misses = 4174, hit rate = 99.95%
jump prediction, hits = 105501132, misses = 11291712, hit rate = 90.33%
 dgemv_ dgeqr2_ dgeqrf_
**** Debug Statistics at 501000000 Cycles *****
Threads: 4		Fetch Width: 8
No of useful instructions fetched:	1741914732 (43.46% proc util.)
No of total instructions fetched:	2245793548 (56.03% proc util.)
 includes 55348395 misfetch (2.5%), 448530421 (20.0%) wrong-path fetches
 and 0 flushed after failed lock(0.0%)
No of useful instructions issued/executed:	1741914676 (43.46% proc util.)
No of total instructions issued/executed:	1937943373 (48.35% proc util.)
 includes 196028697 wrong-path (10.1%) insts and 0 flushed (0.0%)
	fp 31083, 0.00%
	synch 0, 0.00%
	integer 1375425391, 70.97%
	load/store 562486899, 29.02%
Avg size of int IQ (before scheduling): 30.57
Avg size of fp IQ (before scheduling): 0.00
No of cycles taken:		501000000
Parallelism [ 1.337, 0.000, 0.949, 1.191,] = 3.477
 IQ conflicts: 9545920 (1.91%), FQ conflicts: 0 (0.00%) 
 I reg conflicts: 157387970 (31.41%), FP reg conflicts: 0 (0.00%)
  Activelist confs: 1455 (0.00%), ROB confs: 301225 (0.06%)
  Int unit conflicts: 1036698280 (206.93%), FP unit conflicts: 9 (0.00%)
  Load/store unit conflicts: 92499806 (18.46%)
  MSHR conflicts: 188259286 (37.58%)
----------------------------------------
==== System-wide Cache Statistics ====
Stall for miss queue full 0 cycles (0.00%)
----------------------------------------
==== Statistics for Master ID: 0 ====
Reads: 333922994   Writes: 45040876
ICACHE: size: 64 KB assoc: 2
ICACHE: hits:212083358 misses:439592  Hit Ratio: 99.79%
DCACHE: size: 16 KB assoc: 4
DCACHE: hits:163318112 misses:3122808 writebacks:3121995  Hit Ratio: 98.12%
SCACHE: size: 512 KB assoc: 2
SCACHE: hits:2418851 misses:1143549  Hit Ratio: 67.90%
3CACHE: size: 4096 KB assoc: 2
3CACHE: hits:793987 misses:349562  Hit Ratio: 69.43%
3CACHE: dirty items replaced:97871
ITLB: size: 48, misses 1791, miss rate 0.00%
DTLB: size: 128, misses 132854, miss rate 0.08%
Avg mem delay: 2.131 cycles
----------------------------------------
==== Statistics for Master ID: 2 ====
Reads: 386037949   Writes: 65234131
ICACHE: size: 64 KB assoc: 2
ICACHE: hits:222856800 misses:2765000  Hit Ratio: 98.77%
DCACHE: size: 16 KB assoc: 4
DCACHE: hits:220080434 misses:5569846 writebacks:5569420  Hit Ratio: 97.53%
SCACHE: size: 512 KB assoc: 2
SCACHE: hits:6474443 misses:1860401  Hit Ratio: 77.68%
3CACHE: size: 4096 KB assoc: 2
3CACHE: hits:1503739 misses:356662  Hit Ratio: 80.83%
3CACHE: dirty items replaced:103258
ITLB: size: 48, misses 111715, miss rate 0.05%
DTLB: size: 128, misses 336216, miss rate 0.15%
Avg mem delay: 2.131 cycles
----------------------------------------
==== Statistics for Master ID: 3 ====
Reads: 330125695   Writes: 49061976
ICACHE: size: 64 KB assoc: 2
ICACHE: hits:209029311 misses:451828  Hit Ratio: 99.78%
DCACHE: size: 16 KB assoc: 4
DCACHE: hits:163722243 misses:5984289 writebacks:5765348  Hit Ratio: 96.47%
SCACHE: size: 512 KB assoc: 2
SCACHE: hits:3688014 misses:2748102  Hit Ratio: 57.30%
3CACHE: size: 4096 KB assoc: 2
3CACHE: hits:598125 misses:2149977  Hit Ratio: 21.77%
3CACHE: dirty items replaced:191188
ITLB: size: 48, misses 1318, miss rate 0.00%
DTLB: size: 128, misses 199981, miss rate 0.12%
Avg mem delay: 2.131 cycles
----------------------------------------
==== Global Resource Utilization ====
STASH: size: 65536 entries, full 2531379322, empty 45584137, misses 4061485, full rate 98.08
icache bank util. 0.176 0.131 0.119 0.142 0.170 0.220 0.156 0.200 
dcache bank util. 0.137 0.148 0.175 0.149 0.202 0.138 0.200 0.147 
L2 bank util. 0.040 0.039 0.039 0.039 0.039 0.036 0.041 0.043 
L1-L2 bus util. = 0.196, L3 util. = 0.057
----------------------------------------
branch prediction, hits = 127046942, misses = 18115227, hit rate = 87.52%
return_stack prediction, hits = 11885690, misses = 6105, hit rate = 99.95%
jump prediction, hits = 135127230, misses = 14581313, hit rate = 90.26%
 dger_
**** Early Exiting at 562185036 Cycles *****
========================================
 SMTSIM Global Statistics
========================================
Threads: 4		Fetch Width: 8
No of useful instructions fetched:	2000000068 (44.47% proc util.)
No of total instructions fetched:	2585693931 (57.49% proc util.)
 includes 63539773 misfetch (2.5%), 522154090 (20.2%) wrong-path fetches
 and 0 flushed after failed lock(0.0%)
No of useful instructions issued/executed:	2000000034 (44.47% proc util.)
No of total instructions issued/executed:	2227443026 (49.53% proc util.)
 includes 227442992 wrong-path (10.2%) insts and 0 flushed (0.0%)
	fp 35843, 0.00%
	synch 0, 0.00%
	integer 1581695861, 71.01%
	load/store 645711322, 28.99%
Avg size of int IQ (before scheduling): 31.06
Avg size of fp IQ (before scheduling): 0.00
No of cycles taken:		562185036
Parallelism [ 1.363, 0.000, 0.967, 1.228,] = 3.558
 IQ conflicts: 10791350 (1.92%), FQ conflicts: 0 (0.00%) 
 I reg conflicts: 166698245 (29.65%), FP reg conflicts: 0 (0.00%)
  Activelist confs: 2066 (0.00%), ROB confs: 345872 (0.06%)
  Int unit conflicts: 1212826550 (215.73%), FP unit conflicts: 9 (0.00%)
  Load/store unit conflicts: 106642167 (18.97%)
  MSHR conflicts: 208939672 (37.17%)
----------------------------------------
==== System-wide Cache Statistics ====
Stall for miss queue full 0 cycles (0.00%)
----------------------------------------
==== Statistics for Master ID: 0 ====
Reads: 382928658   Writes: 51793268
ICACHE: size: 64 KB assoc: 2
ICACHE: hits:243375247 misses:500825  Hit Ratio: 99.79%
DCACHE: size: 16 KB assoc: 4
DCACHE: hits:187309469 misses:3536385 writebacks:3535572  Hit Ratio: 98.15%
SCACHE: size: 512 KB assoc: 2
SCACHE: hits:2758600 misses:1278610  Hit Ratio: 68.33%
3CACHE: size: 4096 KB assoc: 2
3CACHE: hits:889170 misses:389440  Hit Ratio: 69.54%
3CACHE: dirty items replaced:116803
ITLB: size: 48, misses 2057, miss rate 0.00%
DTLB: size: 128, misses 149581, miss rate 0.08%
Avg mem delay: 2.032 cycles
----------------------------------------
==== Statistics for Master ID: 2 ====
Reads: 443983101   Writes: 74536666
ICACHE: size: 64 KB assoc: 2
ICACHE: hits:256503070 misses:3162487  Hit Ratio: 98.78%
DCACHE: size: 16 KB assoc: 4
DCACHE: hits:252565544 misses:6288666 writebacks:6288240  Hit Ratio: 97.57%
SCACHE: size: 512 KB assoc: 2
SCACHE: hits:7384629 misses:2066523  Hit Ratio: 78.13%
3CACHE: size: 4096 KB assoc: 2
3CACHE: hits:1676349 misses:390174  Hit Ratio: 81.12%
3CACHE: dirty items replaced:117364
ITLB: size: 48, misses 126464, miss rate 0.05%
DTLB: size: 128, misses 379571, miss rate 0.15%
Avg mem delay: 2.032 cycles
----------------------------------------
==== Statistics for Master ID: 3 ====
Reads: 381641173   Writes: 55809518
ICACHE: size: 64 KB assoc: 2
ICACHE: hits:241719843 misses:516886  Hit Ratio: 99.79%
DCACHE: size: 16 KB assoc: 4
DCACHE: hits:188550637 misses:6663325 writebacks:6444384  Hit Ratio: 96.59%
SCACHE: size: 512 KB assoc: 2
SCACHE: hits:4300365 misses:2879846  Hit Ratio: 59.89%
3CACHE: size: 4096 KB assoc: 2
3CACHE: hits:698417 misses:2181429  Hit Ratio: 24.25%
3CACHE: dirty items replaced:203300
ITLB: size: 48, misses 1515, miss rate 0.00%
DTLB: size: 128, misses 216260, miss rate 0.11%
Avg mem delay: 2.032 cycles
----------------------------------------
==== Global Resource Utilization ====
STASH: size: 65536 entries, full 2900520360, empty 51966551, misses 4626756, full rate 98.09
icache bank util. 0.181 0.135 0.123 0.146 0.174 0.222 0.161 0.206 
dcache bank util. 0.140 0.151 0.178 0.152 0.207 0.140 0.203 0.150 
L2 bank util. 0.040 0.039 0.039 0.039 0.039 0.036 0.040 0.043 
L1-L2 bus util. = 0.197, L3 util. = 0.053
----------------------------------------
branch prediction, hits = 145054120, misses = 20916734, hit rate = 87.40%
return_stack prediction, hits = 13661581, misses = 6709, hit rate = 99.95%
jump prediction, hits = 154427626, misses = 16717642, hit rate = 90.23%
total IPC 3.558

=== Results saved to: ./results/gzip-log_2_gcc-scilab_1_gzip-source_1.txt ===
