测试组合（多线程优先）：gcc-200.arg2 + equake.arg + matmul.arg
执行命令：./smtsim gcc-200.arg2 equake.arg matmul.arg
==================================================

equake: Reading nodes.
动态重分配参数：每100万周期检查，阈值10
Process 0, Thread 0: gcc-200
Process 0, Thread 1: gcc-200
Process 2, Thread 2: equake
Process 3, Thread 3: matmul
[切片调度] 新安全域0无任何切片，尝试分配空闲切片
[切片管理] 成功绑定切片0 → 安全域0

======================== 切片硬件状态 ========================
切片号 | 所属安全域 | 当前状态    | 路扩展 | LRU touched
------------------------------------------------------------------
  0    |   域0      | 正常运行   |  否   |  0
  1    |   域-1     | 切片空闲   |  否   |  0
  2    |   域-1     | 切片空闲   |  否   |  0
  3    |   域-1     | 切片空闲   |  否   |  0
==================================================================

[切片管理] 成功绑定切片1 → 安全域0，触发【路扩展模式】

======================== 切片硬件状态 ========================
切片号 | 所属安全域 | 当前状态    | 路扩展 | LRU touched
------------------------------------------------------------------
  0    |   域0      | 正常运行   |  是   |  0
  1    |   域0      | 正常运行   |  是   |  0
  2    |   域-1     | 切片空闲   |  否   |  0
  3    |   域-1     | 切片空闲   |  否   |  0
==================================================================

[切片调度] 新安全域2无任何切片，尝试分配空闲切片
[切片管理] 成功绑定切片2 → 安全域2

======================== 切片硬件状态 ========================
切片号 | 所属安全域 | 当前状态    | 路扩展 | LRU touched
------------------------------------------------------------------
  0    |   域0      | 正常运行   |  是   |  320
  1    |   域0      | 正常运行   |  是   |  0
  2    |   域2      | 正常运行   |  否   |  0
  3    |   域-1     | 切片空闲   |  否   |  0
==================================================================

[切片管理] 成功绑定切片3 → 安全域2，触发【路扩展模式】

======================== 切片硬件状态 ========================
切片号 | 所属安全域 | 当前状态    | 路扩展 | LRU touched
------------------------------------------------------------------
  0    |   域0      | 正常运行   |  是   |  320
  1    |   域0      | 正常运行   |  是   |  0
  2    |   域2      | 正常运行   |  是   |  0
  3    |   域2      | 正常运行   |  是   |  0
==================================================================

[切片调度] 新安全域3无任何切片，尝试分配空闲切片
[切片调度] 新安全域3未找到空闲切片，尝试剥夺切片
[切片替换] 优先从【路扩展切片】中选择LRU替换目标...
[切片替换] 找到路扩展切片作为受害者：切片1（最后访问：0）
[切片调度] 安全域3触发切片剥夺：从域0剥夺切片1
[切片剥夺] 周期535：切片1（所属域0）进入待剥夺状态，禁止新替换
[切片剥夺] 周期535：切片1在途请求已清空，开始执行脏行写回
[切片剥夺] 周期535：切片1无脏行，直接完成剥夺
[切片管理] 周期535：原域0仅剩1个切片，关闭路扩展模式
[动态重分配] 周期535：切片1写回完成，自动绑定到域3
[切片管理] 成功绑定切片1 → 安全域3

======================== 切片硬件状态 ========================
切片号 | 所属安全域 | 当前状态    | 路扩展 | LRU touched
------------------------------------------------------------------
  0    |   域0      | 正常运行   |  否   |  320
  1    |   域3      | 正常运行   |  否   |  535
  2    |   域2      | 正常运行   |  是   |  435
  3    |   域2      | 正常运行   |  是   |  0
==================================================================

[切片唤醒] 周期535：域3切片就绪，唤醒等待指令

**** Debug Statistics at 1000000 Cycles *****
Threads: 4		Fetch Width: 8
No of useful instructions fetched:	2497192 (31.21% proc util.)
No of total instructions fetched:	2879854 (36.00% proc util.)
 includes 30350 misfetch (1.1%), 352312 (12.2%) wrong-path fetches
 and 0 flushed after failed lock(0.0%)
No of useful instructions issued/executed:	2497175 (31.21% proc util.)
No of total instructions issued/executed:	2637525 (32.97% proc util.)
 includes 140350 wrong-path (5.3%) insts and 0 flushed (0.0%)
	fp 211, 0.01%
	synch 0, 0.00%
	integer 1687177, 63.97%
	load/store 950137, 36.02%
Avg size of int IQ (before scheduling): 15.57
Avg size of fp IQ (before scheduling): 0.00
No of cycles taken:		1000000
Parallelism [ 0.604, 0.000, 0.973, 0.921,] = 2.497
 IQ conflicts: 4920 (0.49%), FQ conflicts: 0 (0.00%) 
 I reg conflicts: 564326 (56.43%), FP reg conflicts: 0 (0.00%)
  Activelist confs: 0 (0.00%), ROB confs: 1172 (0.12%)
  Int unit conflicts: 1666524 (166.65%), FP unit conflicts: 5 (0.00%)
  Load/store unit conflicts: 194891 (19.49%)
  MSHR conflicts: 215155 (21.52%)
----------------------------------------
==== System-wide Cache Statistics ====
Stall for miss queue full 0 cycles (0.00%)
----------------------------------------
==== Statistics for Master ID: 0 ====
Reads: 362292   Writes: 91112
ICACHE: size: 64 KB assoc: 2
ICACHE: hits:227679 misses:1955  Hit Ratio: 99.15%
DCACHE: size: 1*16 KB assoc: 1*4
DCACHE: hits:220393 misses:3377 writebacks:2374  Hit Ratio: 98.49%
SCACHE: size: 512 KB assoc: 2
SCACHE: hits:949 misses:4383  Hit Ratio: 17.80%
3CACHE: size: 4096 KB assoc: 2
3CACHE: hits:150 misses:4233  Hit Ratio: 3.42%
3CACHE: dirty items replaced:1
ITLB: size: 48, misses 115, miss rate 0.05%
DTLB: size: 128, misses 160, miss rate 0.07%
Avg mem delay: 1.210 cycles
----------------------------------------
==== Statistics for Master ID: 2 ====
Reads: 523486   Writes: 152076
ICACHE: size: 64 KB assoc: 2
ICACHE: hits:315498 misses:617  Hit Ratio: 99.80%
DCACHE: size: 2*16 KB assoc: 2*4
DCACHE: hits:353423 misses:6024 writebacks:5341  Hit Ratio: 98.32%
SCACHE: size: 512 KB assoc: 2
SCACHE: hits:288 misses:6353  Hit Ratio: 4.34%
3CACHE: size: 4096 KB assoc: 2
3CACHE: hits:32 misses:6321  Hit Ratio: 0.50%
3CACHE: dirty items replaced:1
ITLB: size: 48, misses 34, miss rate 0.01%
DTLB: size: 128, misses 134, miss rate 0.04%
Avg mem delay: 1.210 cycles
----------------------------------------
==== Statistics for Master ID: 3 ====
Reads: 536495   Writes: 99841
ICACHE: size: 64 KB assoc: 2
ICACHE: hits:272459 misses:23  Hit Ratio: 99.99%
DCACHE: size: 1*16 KB assoc: 1*4
DCACHE: hits:349955 misses:13898 writebacks:863  Hit Ratio: 96.18%
SCACHE: size: 512 KB assoc: 2
SCACHE: hits:12943 misses:978  Hit Ratio: 92.97%
3CACHE: size: 4096 KB assoc: 2
3CACHE: hits:148 misses:830  Hit Ratio: 15.13%
3CACHE: dirty items replaced:0
ITLB: size: 48, misses 4, miss rate 0.00%
DTLB: size: 128, misses 22, miss rate 0.01%
Avg mem delay: 1.210 cycles
----------------------------------------
==== Global Resource Utilization ====
STASH: size: 65536 entries, full 3003735, empty 48024, misses 4460, full rate 98.28
icache bank util. 0.073 0.312 0.044 0.080 0.084 0.093 0.080 0.061 
dcache bank util. 0.104 0.112 0.126 0.187 0.170 0.117 0.115 0.111 
L2 bank util. 0.022 0.027 0.027 0.027 0.027 0.029 0.021 0.022 
L1-L2 bus util. = 0.103, L3 util. = 0.114
----------------------------------------

======================== 切片硬件状态 ========================
切片号 | 所属安全域 | 当前状态    | 路扩展 | LRU touched
------------------------------------------------------------------
  0    |   域0      | 正常运行   |  否   |  999995
  1    |   域3      | 正常运行   |  否   |  999999
  2    |   域2      | 正常运行   |  是   |  999991
  3    |   域2      | 正常运行   |  是   |  999966
==================================================================

branch prediction, hits = 259657, misses = 16024, hit rate = 94.19%
return_stack prediction, hits = 29961, misses = 15, hit rate = 99.95%
jump prediction, hits = 296180, misses = 8634, hit rate = 97.17%
 abend_ adia_ adib_ ambm6_ analie6_ betalf_
**** Debug Statistics at 101000000 Cycles *****
Threads: 4		Fetch Width: 8
No of useful instructions fetched:	455588827 (56.38% proc util.)
No of total instructions fetched:	611708510 (75.71% proc util.)
 includes 42587208 misfetch (7.0%), 113532475 (18.6%) wrong-path fetches
 and 0 flushed after failed lock(0.0%)
No of useful instructions issued/executed:	455588766 (56.38% proc util.)
No of total instructions issued/executed:	506810451 (62.72% proc util.)
 includes 51221685 wrong-path (10.1%) insts and 0 flushed (0.0%)
	fp 446307, 0.09%
	synch 0, 0.00%
	integer 325805069, 64.29%
	load/store 180559075, 35.63%
Avg size of int IQ (before scheduling): 30.04
Avg size of fp IQ (before scheduling): 0.02
No of cycles taken:		101000000
Parallelism [ 0.990, 0.000, 1.814, 1.707,] = 4.511
 IQ conflicts: 381850 (0.38%), FQ conflicts: 0 (0.00%) 
 I reg conflicts: 8012508 (7.93%), FP reg conflicts: 0 (0.00%)
  Activelist confs: 31 (0.00%), ROB confs: 37163 (0.04%)
  Int unit conflicts: 258964556 (256.40%), FP unit conflicts: 5 (0.00%)
  Load/store unit conflicts: 34167093 (33.83%)
  MSHR conflicts: 4385400 (4.34%)
----------------------------------------
==== System-wide Cache Statistics ====
Stall for miss queue full 0 cycles (0.00%)
----------------------------------------
==== Statistics for Master ID: 0 ====
Reads: 85422337   Writes: 13959344
ICACHE: size: 64 KB assoc: 2
ICACHE: hits:49375975 misses:1303577  Hit Ratio: 97.43%
DCACHE: size: 1*16 KB assoc: 1*4
DCACHE: hits:47374665 misses:1327464 writebacks:319772  Hit Ratio: 97.27%
SCACHE: size: 512 KB assoc: 2
SCACHE: hits:2344160 misses:286881  Hit Ratio: 89.10%
3CACHE: size: 4096 KB assoc: 2
3CACHE: hits:219622 misses:67259  Hit Ratio: 76.56%
3CACHE: dirty items replaced:3244
ITLB: size: 48, misses 102813, miss rate 0.20%
DTLB: size: 128, misses 38037, miss rate 0.08%
Avg mem delay: 1.083 cycles
----------------------------------------
==== Statistics for Master ID: 2 ====
Reads: 115209420   Writes: 19463609
ICACHE: size: 64 KB assoc: 2
ICACHE: hits:71086897 misses:522761  Hit Ratio: 99.27%
DCACHE: size: 2*16 KB assoc: 2*4
DCACHE: hits:63026513 misses:36858 writebacks:31241  Hit Ratio: 99.94%
SCACHE: size: 512 KB assoc: 2
SCACHE: hits:506185 misses:53434  Hit Ratio: 90.45%
3CACHE: size: 4096 KB assoc: 2
3CACHE: hits:25650 misses:27784  Hit Ratio: 48.00%
3CACHE: dirty items replaced:184
ITLB: size: 48, misses 548, miss rate 0.00%
DTLB: size: 128, misses 2771, miss rate 0.00%
Avg mem delay: 1.083 cycles
----------------------------------------
==== Statistics for Master ID: 3 ====
Reads: 105488253   Writes: 17054537
ICACHE: size: 64 KB assoc: 2
ICACHE: hits:53953460 misses:11097  Hit Ratio: 99.98%
DCACHE: size: 1*16 KB assoc: 1*4
DCACHE: hits:65989479 misses:2588753 writebacks:17485  Hit Ratio: 96.23%
SCACHE: size: 512 KB assoc: 2
SCACHE: hits:2582715 misses:17134  Hit Ratio: 99.34%
3CACHE: size: 4096 KB assoc: 2
3CACHE: hits:16084 misses:1050  Hit Ratio: 93.87%
3CACHE: dirty items replaced:2
ITLB: size: 48, misses 4, miss rate 0.00%
DTLB: size: 128, misses 561, miss rate 0.00%
Avg mem delay: 1.083 cycles
----------------------------------------
==== Global Resource Utilization ====
STASH: size: 65536 entries, full 647609561, empty 13658230, misses 1168802, full rate 97.76
icache bank util. 0.194 0.688 0.175 0.150 0.144 0.144 0.147 0.159 
dcache bank util. 0.195 0.288 0.284 0.277 0.230 0.205 0.236 0.198 
L2 bank util. 0.031 0.046 0.047 0.043 0.040 0.042 0.031 0.031 
L1-L2 bus util. = 0.183, L3 util. = 0.010
----------------------------------------

======================== 切片硬件状态 ========================
切片号 | 所属安全域 | 当前状态    | 路扩展 | LRU touched
------------------------------------------------------------------
  0    |   域0      | 正常运行   |  否   |  100999997
  1    |   域3      | 正常运行   |  否   |  100999999
  2    |   域2      | 正常运行   |  是   |  100999997
  3    |   域2      | 正常运行   |  是   |  100999988
==================================================================

branch prediction, hits = 50933359, misses = 4401343, hit rate = 92.05%
return_stack prediction, hits = 6973446, misses = 2979, hit rate = 99.96%
jump prediction, hits = 46518089, misses = 9269588, hit rate = 83.38%
equake: Reading elements.
 block_
======================== 切片硬件状态 ========================
切片号 | 所属安全域 | 当前状态    | 路扩展 | LRU touched
------------------------------------------------------------------
  0    |   域0      | 正常运行   |  否   |  181000000
  1    |   域3      | 正常运行   |  否   |  180999997
  2    |   域2      | 正常运行   |  是   |  181000000
  3    |   域2      | 正常运行   |  是   |  180999995
==================================================================

[动态重分配] 周期181000000：预约迁移 冗余域2(0%) -> 切片2 -> 饥饿域0(14%)
[切片剥夺] 周期181000000：切片2（所属域2）进入待剥夺状态，禁止新替换
[切片剥夺] 周期181000000：切片2在途请求已清空，开始执行脏行写回
[切片管理] 周期181002880：原域2仅剩1个切片，关闭路扩展模式
[动态重分配] 周期181002880：切片2写回完成，自动绑定到域0
[切片管理] 成功绑定切片2 → 安全域0，触发【路扩展模式】

======================== 切片硬件状态 ========================
切片号 | 所属安全域 | 当前状态    | 路扩展 | LRU touched
------------------------------------------------------------------
  0    |   域0      | 正常运行   |  是   |  181002864
  1    |   域3      | 正常运行   |  否   |  181002879
  2    |   域0      | 正常运行   |  是   |  181002880
  3    |   域2      | 正常运行   |  否   |  181002880
==================================================================


**** Debug Statistics at 201000000 Cycles *****
Threads: 4		Fetch Width: 8
No of useful instructions fetched:	901825737 (56.08% proc util.)
No of total instructions fetched:	1181153341 (73.45% proc util.)
 includes 73009656 misfetch (6.2%), 206317948 (17.5%) wrong-path fetches
 and 0 flushed after failed lock(0.0%)
No of useful instructions issued/executed:	901825703 (56.08% proc util.)
No of total instructions issued/executed:	993560756 (61.79% proc util.)
 includes 91735053 wrong-path (9.2%) insts and 0 flushed (0.0%)
	fp 697659, 0.07%
	synch 0, 0.00%
	integer 638136539, 64.23%
	load/store 354726558, 35.70%
Avg size of int IQ (before scheduling): 29.61
Avg size of fp IQ (before scheduling): 0.02
No of cycles taken:		201000000
Parallelism [ 1.052, 0.000, 1.800, 1.635,] = 4.487
 IQ conflicts: 920334 (0.46%), FQ conflicts: 0 (0.00%) 
 I reg conflicts: 21689138 (10.79%), FP reg conflicts: 0 (0.00%)
  Activelist confs: 122 (0.00%), ROB confs: 131459 (0.07%)
  Int unit conflicts: 573083957 (285.12%), FP unit conflicts: 14 (0.00%)
  Load/store unit conflicts: 73102600 (36.37%)
  MSHR conflicts: 14155719 (7.04%)
----------------------------------------
==== System-wide Cache Statistics ====
Stall for miss queue full 132 cycles (0.00%)
----------------------------------------
==== Statistics for Master ID: 0 ====
Reads: 173573209   Writes: 28787211
ICACHE: size: 64 KB assoc: 2
ICACHE: hits:100497842 misses:2068380  Hit Ratio: 97.98%
DCACHE: size: 2*16 KB assoc: 2*4
DCACHE: hits:97290857 misses:2503341 writebacks:616359  Hit Ratio: 97.49%
SCACHE: size: 512 KB assoc: 2
SCACHE: hits:4075389 misses:496331  Hit Ratio: 89.14%
3CACHE: size: 4096 KB assoc: 2
3CACHE: hits:374213 misses:122118  Hit Ratio: 75.40%
3CACHE: dirty items replaced:16830
ITLB: size: 48, misses 175814, miss rate 0.17%
DTLB: size: 128, misses 85014, miss rate 0.09%
Avg mem delay: 1.090 cycles
----------------------------------------
==== Statistics for Master ID: 2 ====
Reads: 222234222   Writes: 39236917
ICACHE: size: 64 KB assoc: 2
ICACHE: hits:136807067 misses:846101  Hit Ratio: 99.39%
DCACHE: size: 1*16 KB assoc: 1*4
DCACHE: hits:123666177 misses:151932 writebacks:139532  Hit Ratio: 99.88%
SCACHE: size: 512 KB assoc: 2
SCACHE: hits:826152 misses:171743  Hit Ratio: 82.79%
3CACHE: size: 4096 KB assoc: 2
3CACHE: hits:35119 misses:136624  Hit Ratio: 20.45%
3CACHE: dirty items replaced:21180
ITLB: size: 48, misses 913, miss rate 0.00%
DTLB: size: 128, misses 5861, miss rate 0.00%
Avg mem delay: 1.090 cycles
----------------------------------------
==== Statistics for Master ID: 3 ====
Reads: 199607329   Writes: 32500683
ICACHE: size: 64 KB assoc: 2
ICACHE: hits:101376016 misses:18325  Hit Ratio: 99.98%
DCACHE: size: 1*16 KB assoc: 1*4
DCACHE: hits:125800014 misses:4913656 writebacks:32627  Hit Ratio: 96.24%
SCACHE: size: 512 KB assoc: 2
SCACHE: hits:4898198 misses:33783  Hit Ratio: 99.32%
3CACHE: size: 4096 KB assoc: 2
3CACHE: hits:31635 misses:2148  Hit Ratio: 93.64%
3CACHE: dirty items replaced:64
ITLB: size: 48, misses 4, miss rate 0.00%
DTLB: size: 128, misses 1041, miss rate 0.00%
Avg mem delay: 1.090 cycles
----------------------------------------
==== Global Resource Utilization ====
STASH: size: 65536 entries, full 1252060005, empty 22870414, misses 1973205, full rate 98.05
icache bank util. 0.189 0.655 0.171 0.152 0.142 0.139 0.142 0.153 
dcache bank util. 0.192 0.273 0.285 0.277 0.229 0.207 0.231 0.195 
L2 bank util. 0.029 0.043 0.043 0.040 0.037 0.039 0.028 0.029 
L1-L2 bus util. = 0.169, L3 util. = 0.013
----------------------------------------

======================== 切片硬件状态 ========================
切片号 | 所属安全域 | 当前状态    | 路扩展 | LRU touched
------------------------------------------------------------------
  0    |   域0      | 正常运行   |  是   |  200999996
  1    |   域3      | 正常运行   |  否   |  200999999
  2    |   域0      | 正常运行   |  是   |  200999999
  3    |   域2      | 正常运行   |  否   |  200999999
==================================================================

branch prediction, hits = 102752132, misses = 7996357, hit rate = 92.78%
return_stack prediction, hits = 14045323, misses = 4982, hit rate = 99.96%
jump prediction, hits = 95492009, misses = 16038003, hit rate = 85.62%
 blockdis_ caconv_ calrms_ chroma_
**** Debug Statistics at 301000000 Cycles *****
Threads: 4		Fetch Width: 8
No of useful instructions fetched:	1389239655 (57.69% proc util.)
No of total instructions fetched:	1790423797 (74.35% proc util.)
 includes 102940863 misfetch (5.7%), 298243279 (16.7%) wrong-path fetches
 and 0 flushed after failed lock(0.0%)
No of useful instructions issued/executed:	1389239596 (57.69% proc util.)
No of total instructions issued/executed:	1520972124 (63.16% proc util.)
 includes 131732528 wrong-path (8.7%) insts and 0 flushed (0.0%)
	fp 829993, 0.05%
	synch 0, 0.00%
	integer 977321336, 64.26%
	load/store 542820795, 35.69%
Avg size of int IQ (before scheduling): 30.21
Avg size of fp IQ (before scheduling): 0.01
No of cycles taken:		301000000
Parallelism [ 1.102, 0.000, 1.866, 1.647,] = 4.615
 IQ conflicts: 1348135 (0.45%), FQ conflicts: 0 (0.00%) 
 I reg conflicts: 28551426 (9.49%), FP reg conflicts: 0 (0.00%)
  Activelist confs: 461 (0.00%), ROB confs: 260114 (0.09%)
  Int unit conflicts: 930271580 (309.06%), FP unit conflicts: 16 (0.00%)
  Load/store unit conflicts: 115966485 (38.53%)
  MSHR conflicts: 18515819 (6.15%)
----------------------------------------
==== System-wide Cache Statistics ====
Stall for miss queue full 132 cycles (0.00%)
----------------------------------------
==== Statistics for Master ID: 0 ====
Reads: 269587024   Writes: 44936456
ICACHE: size: 64 KB assoc: 2
ICACHE: hits:156264933 misses:2963741  Hit Ratio: 98.14%
DCACHE: size: 2*16 KB assoc: 2*4
DCACHE: hits:151922507 misses:3372299 writebacks:852876  Hit Ratio: 97.83%
SCACHE: size: 512 KB assoc: 2
SCACHE: hits:5615042 misses:720998  Hit Ratio: 88.62%
3CACHE: size: 4096 KB assoc: 2
3CACHE: hits:554622 misses:166376  Hit Ratio: 76.92%
3CACHE: dirty items replaced:32793
ITLB: size: 48, misses 243797, miss rate 0.15%
DTLB: size: 128, misses 130084, miss rate 0.08%
Avg mem delay: 1.080 cycles
----------------------------------------
==== Statistics for Master ID: 2 ====
Reads: 338872275   Writes: 60333811
ICACHE: size: 64 KB assoc: 2
ICACHE: hits:208332819 misses:1163210  Hit Ratio: 99.44%
DCACHE: size: 1*16 KB assoc: 1*4
DCACHE: hits:189532772 misses:177423 writebacks:152025  Hit Ratio: 99.91%
SCACHE: size: 512 KB assoc: 2
SCACHE: hits:1145623 misses:194872  Hit Ratio: 85.46%
3CACHE: size: 4096 KB assoc: 2
3CACHE: hits:41796 misses:153076  Hit Ratio: 21.45%
3CACHE: dirty items replaced:27882
ITLB: size: 48, misses 1170, miss rate 0.00%
DTLB: size: 128, misses 7069, miss rate 0.00%
Avg mem delay: 1.080 cycles
----------------------------------------
==== Statistics for Master ID: 3 ====
Reads: 299650108   Writes: 49041542
ICACHE: size: 64 KB assoc: 2
ICACHE: hits:151418262 misses:18848  Hit Ratio: 99.99%
DCACHE: size: 1*16 KB assoc: 1*4
DCACHE: hits:189845698 misses:7408841 writebacks:48844  Hit Ratio: 96.24%
SCACHE: size: 512 KB assoc: 2
SCACHE: hits:7380028 misses:47661  Hit Ratio: 99.36%
3CACHE: size: 4096 KB assoc: 2
3CACHE: hits:43723 misses:3938  Hit Ratio: 91.74%
3CACHE: dirty items replaced:438
ITLB: size: 48, misses 4, miss rate 0.00%
DTLB: size: 128, misses 1564, miss rate 0.00%
Avg mem delay: 1.080 cycles
----------------------------------------
==== Global Resource Utilization ====
STASH: size: 65536 entries, full 1898476833, empty 34690267, misses 3000138, full rate 98.05
icache bank util. 0.197 0.660 0.179 0.158 0.143 0.138 0.144 0.152 
dcache bank util. 0.189 0.275 0.297 0.281 0.233 0.211 0.238 0.197 
L2 bank util. 0.027 0.041 0.041 0.038 0.036 0.038 0.026 0.027 
L1-L2 bus util. = 0.161, L3 util. = 0.011
----------------------------------------

======================== 切片硬件状态 ========================
切片号 | 所属安全域 | 当前状态    | 路扩展 | LRU touched
------------------------------------------------------------------
  0    |   域0      | 正常运行   |  是   |  300999998
  1    |   域3      | 正常运行   |  否   |  300999998
  2    |   域0      | 正常运行   |  是   |  300999999
  3    |   域2      | 正常运行   |  否   |  300999999
==================================================================

branch prediction, hits = 160666541, misses = 11532440, hit rate = 93.30%
return_stack prediction, hits = 22516979, misses = 8080, hit rate = 99.96%
jump prediction, hits = 151053421, misses = 22744076, hit rate = 86.91%
 cinvar_ clor6_
**** Debug Statistics at 401000000 Cycles *****
Threads: 4		Fetch Width: 8
No of useful instructions fetched:	1870890748 (58.32% proc util.)
No of total instructions fetched:	2398980966 (74.78% proc util.)
 includes 134845921 misfetch (5.6%), 393244297 (16.4%) wrong-path fetches
 and 0 flushed after failed lock(0.0%)
No of useful instructions issued/executed:	1870890715 (58.32% proc util.)
No of total instructions issued/executed:	2043873083 (63.71% proc util.)
 includes 172982368 wrong-path (8.5%) insts and 0 flushed (0.0%)
	fp 947309, 0.05%
	synch 0, 0.00%
	integer 1313941701, 64.29%
	load/store 728984073, 35.67%
Avg size of int IQ (before scheduling): 30.39
Avg size of fp IQ (before scheduling): 0.01
No of cycles taken:		401000000
Parallelism [ 1.110, 0.000, 1.901, 1.655,] = 4.666
 IQ conflicts: 1857372 (0.46%), FQ conflicts: 0 (0.00%) 
 I reg conflicts: 35520101 (8.86%), FP reg conflicts: 0 (0.00%)
  Activelist confs: 887 (0.00%), ROB confs: 356903 (0.09%)
  Int unit conflicts: 1266607596 (315.86%), FP unit conflicts: 20 (0.00%)
  Load/store unit conflicts: 156667226 (39.07%)
  MSHR conflicts: 26168913 (6.53%)
----------------------------------------
==== System-wide Cache Statistics ====
Stall for miss queue full 132 cycles (0.00%)
----------------------------------------
==== Statistics for Master ID: 0 ====
Reads: 362588040   Writes: 60211968
ICACHE: size: 64 KB assoc: 2
ICACHE: hits:210151197 misses:3983681  Hit Ratio: 98.14%
DCACHE: size: 2*16 KB assoc: 2*4
DCACHE: hits:204529194 misses:4135936 writebacks:1103532  Hit Ratio: 98.02%
SCACHE: size: 512 KB assoc: 2
SCACHE: hits:7157167 misses:962450  Hit Ratio: 88.15%
3CACHE: size: 4096 KB assoc: 2
3CACHE: hits:749014 misses:213436  Hit Ratio: 77.82%
3CACHE: dirty items replaced:55345
ITLB: size: 48, misses 332278, miss rate 0.16%
DTLB: size: 128, misses 174055, miss rate 0.08%
Avg mem delay: 1.073 cycles
----------------------------------------
==== Statistics for Master ID: 2 ====
Reads: 455519151   Writes: 81445178
ICACHE: size: 64 KB assoc: 2
ICACHE: hits:279870180 misses:1527348  Hit Ratio: 99.46%
DCACHE: size: 1*16 KB assoc: 1*4
DCACHE: hits:255364001 misses:202938 writebacks:164531  Hit Ratio: 99.92%
SCACHE: size: 512 KB assoc: 2
SCACHE: hits:1511973 misses:218175  Hit Ratio: 87.39%
3CACHE: size: 4096 KB assoc: 2
3CACHE: hits:48437 misses:169738  Hit Ratio: 22.20%
3CACHE: dirty items replaced:34395
ITLB: size: 48, misses 1383, miss rate 0.00%
DTLB: size: 128, misses 8326, miss rate 0.00%
Avg mem delay: 1.073 cycles
----------------------------------------
==== Statistics for Master ID: 3 ====
Reads: 400451083   Writes: 65636352
ICACHE: size: 64 KB assoc: 2
ICACHE: hits:202055584 misses:19417  Hit Ratio: 99.99%
DCACHE: size: 1*16 KB assoc: 1*4
DCACHE: hits:254099399 misses:9913034 writebacks:65113  Hit Ratio: 96.25%
SCACHE: size: 512 KB assoc: 2
SCACHE: hits:9867887 misses:64564  Hit Ratio: 99.35%
3CACHE: size: 4096 KB assoc: 2
3CACHE: hits:58634 misses:5930  Hit Ratio: 90.82%
3CACHE: dirty items replaced:938
ITLB: size: 48, misses 4, miss rate 0.00%
DTLB: size: 128, misses 2092, miss rate 0.00%
Avg mem delay: 1.073 cycles
----------------------------------------
==== Global Resource Utilization ====
STASH: size: 65536 entries, full 2543205976, empty 47159181, misses 4076137, full rate 98.03
icache bank util. 0.200 0.664 0.182 0.158 0.142 0.139 0.144 0.152 
dcache bank util. 0.189 0.276 0.301 0.283 0.236 0.209 0.240 0.198 
L2 bank util. 0.027 0.040 0.040 0.037 0.035 0.038 0.025 0.027 
L1-L2 bus util. = 0.158, L3 util. = 0.010
----------------------------------------

======================== 切片硬件状态 ========================
切片号 | 所属安全域 | 当前状态    | 路扩展 | LRU touched
------------------------------------------------------------------
  0    |   域0      | 正常运行   |  是   |  400999999
  1    |   域3      | 正常运行   |  否   |  400999995
  2    |   域0      | 正常运行   |  是   |  400999994
  3    |   域2      | 正常运行   |  否   |  400999996
==================================================================

branch prediction, hits = 217325730, misses = 15246134, hit rate = 93.44%
return_stack prediction, hits = 30743578, misses = 10471, hit rate = 99.97%
jump prediction, hits = 204600734, misses = 29899041, hit rate = 87.25%

**** Early Exiting at 427206488 Cycles *****
========================================
 SMTSIM Global Statistics
========================================
Threads: 4		Fetch Width: 8
No of useful instructions fetched:	2000000067 (58.52% proc util.)
No of total instructions fetched:	2557966384 (74.85% proc util.)
 includes 141039596 misfetch (5.5%), 416926721 (16.3%) wrong-path fetches
 and 0 flushed after failed lock(0.0%)
No of useful instructions issued/executed:	2000000041 (58.52% proc util.)
No of total instructions issued/executed:	2183074049 (63.88% proc util.)
 includes 183074008 wrong-path (8.4%) insts and 0 flushed (0.0%)
	fp 985699, 0.05%
	synch 0, 0.00%
	integer 1404511734, 64.34%
	load/store 777576616, 35.62%
Avg size of int IQ (before scheduling): 30.58
Avg size of fp IQ (before scheduling): 0.01
No of cycles taken:		427206488
Parallelism [ 1.126, 0.000, 1.902, 1.653,] = 4.682
 IQ conflicts: 2110883 (0.49%), FQ conflicts: 0 (0.00%) 
 I reg conflicts: 37524385 (8.78%), FP reg conflicts: 0 (0.00%)
  Activelist confs: 1031 (0.00%), ROB confs: 380730 (0.09%)
  Int unit conflicts: 1376474295 (322.20%), FP unit conflicts: 20 (0.00%)
  Load/store unit conflicts: 167539756 (39.22%)
  MSHR conflicts: 28541901 (6.68%)
----------------------------------------
==== System-wide Cache Statistics ====
Stall for miss queue full 132 cycles (0.00%)
----------------------------------------
==== Statistics for Master ID: 0 ====
Reads: 389669769   Writes: 64396729
ICACHE: size: 64 KB assoc: 2
ICACHE: hits:226131919 misses:4078199  Hit Ratio: 98.23%
DCACHE: size: 2*16 KB assoc: 2*4
DCACHE: hits:219440156 misses:4416224 writebacks:1191763  Hit Ratio: 98.03%
SCACHE: size: 512 KB assoc: 2
SCACHE: hits:7463810 misses:1030613  Hit Ratio: 87.87%
3CACHE: size: 4096 KB assoc: 2
3CACHE: hits:807310 misses:223303  Hit Ratio: 78.33%
3CACHE: dirty items replaced:59593
ITLB: size: 48, misses 335224, miss rate 0.15%
DTLB: size: 128, misses 190490, miss rate 0.09%
Avg mem delay: 1.072 cycles
----------------------------------------
==== Statistics for Master ID: 2 ====
Reads: 484891550   Writes: 86683006
ICACHE: size: 64 KB assoc: 2
ICACHE: hits:297975053 misses:1614502  Hit Ratio: 99.46%
DCACHE: size: 1*16 KB assoc: 1*4
DCACHE: hits:271776024 misses:209115 writebacks:167533  Hit Ratio: 99.92%
SCACHE: size: 512 KB assoc: 2
SCACHE: hits:1599541 misses:223937  Hit Ratio: 87.72%
3CACHE: size: 4096 KB assoc: 2
3CACHE: hits:50265 misses:173672  Hit Ratio: 22.45%
3CACHE: dirty items replaced:35811
ITLB: size: 48, misses 1443, miss rate 0.00%
DTLB: size: 128, misses 8601, miss rate 0.00%
Avg mem delay: 1.072 cycles
----------------------------------------
==== Statistics for Master ID: 3 ====
Reads: 425654730   Writes: 69850707
ICACHE: size: 64 KB assoc: 2
ICACHE: hits:214521429 misses:19486  Hit Ratio: 99.99%
DCACHE: size: 1*16 KB assoc: 1*4
DCACHE: hits:270419031 misses:10545490 writebacks:69245  Hit Ratio: 96.25%
SCACHE: size: 512 KB assoc: 2
SCACHE: hits:10493342 misses:71634  Hit Ratio: 99.32%
3CACHE: size: 4096 KB assoc: 2
3CACHE: hits:65440 misses:6194  Hit Ratio: 91.35%
3CACHE: dirty items replaced:992
ITLB: size: 48, misses 4, miss rate 0.00%
DTLB: size: 128, misses 2224, miss rate 0.00%
Avg mem delay: 1.072 cycles
----------------------------------------
==== Global Resource Utilization ====
STASH: size: 65536 entries, full 2712826360, empty 48840411, misses 4222375, full rate 98.08
icache bank util. 0.200 0.662 0.184 0.159 0.142 0.139 0.144 0.152 
dcache bank util. 0.190 0.275 0.302 0.283 0.236 0.209 0.240 0.199 
L2 bank util. 0.027 0.040 0.040 0.037 0.035 0.038 0.024 0.027 
L1-L2 bus util. = 0.157, L3 util. = 0.009
----------------------------------------

======================== 切片硬件状态 ========================
切片号 | 所属安全域 | 当前状态    | 路扩展 | LRU touched
------------------------------------------------------------------
  0    |   域0      | 正常运行   |  是   |  427206484
  1    |   域3      | 正常运行   |  否   |  427206485
  2    |   域0      | 正常运行   |  是   |  427206487
  3    |   域2      | 正常运行   |  否   |  427206484
==================================================================

branch prediction, hits = 232711235, misses = 16106511, hit rate = 93.53%
return_stack prediction, hits = 32848721, misses = 10707, hit rate = 99.97%
jump prediction, hits = 219610091, misses = 31309047, hit rate = 87.52%
total IPC 4.682

=== Results saved to: ./results/gcc-200_2_equake_1_matmul_1.txt ===
