测试组合（多线程优先）：gcc-expr.arg2 + crafty.arg + seqacc.arg
执行命令：./smtsim gcc-expr.arg2 crafty.arg seqacc.arg
==================================================

动态重分配参数：每100万周期检查，阈值10
Process 0, Thread 0: gcc-expr
Process 0, Thread 1: gcc-expr
Process 2, Thread 2: crafty
Process 3, Thread 3: seqacc
[切片调度] 新安全域0无任何切片，尝试分配空闲切片
[切片管理] 成功绑定切片0 → 安全域0

======================== 切片硬件状态 ========================
切片号 | 所属安全域 | 当前状态    | 路扩展 | LRU touched
------------------------------------------------------------------
  0    |   域0      | 正常运行   |  否   |  0
  1    |   域-1     | 切片空闲   |  否   |  0
  2    |   域-1     | 切片空闲   |  否   |  0
  3    |   域-1     | 切片空闲   |  否   |  0
==================================================================

[切片管理] 成功绑定切片1 → 安全域0，触发【路扩展模式】

======================== 切片硬件状态 ========================
切片号 | 所属安全域 | 当前状态    | 路扩展 | LRU touched
------------------------------------------------------------------
  0    |   域0      | 正常运行   |  是   |  0
  1    |   域0      | 正常运行   |  是   |  0
  2    |   域-1     | 切片空闲   |  否   |  0
  3    |   域-1     | 切片空闲   |  否   |  0
==================================================================

[切片调度] 新安全域2无任何切片，尝试分配空闲切片
[切片管理] 成功绑定切片2 → 安全域2

======================== 切片硬件状态 ========================
切片号 | 所属安全域 | 当前状态    | 路扩展 | LRU touched
------------------------------------------------------------------
  0    |   域0      | 正常运行   |  是   |  320
  1    |   域0      | 正常运行   |  是   |  0
  2    |   域2      | 正常运行   |  否   |  0
  3    |   域-1     | 切片空闲   |  否   |  0
==================================================================

[切片管理] 成功绑定切片3 → 安全域2，触发【路扩展模式】

======================== 切片硬件状态 ========================
切片号 | 所属安全域 | 当前状态    | 路扩展 | LRU touched
------------------------------------------------------------------
  0    |   域0      | 正常运行   |  是   |  320
  1    |   域0      | 正常运行   |  是   |  0
  2    |   域2      | 正常运行   |  是   |  0
  3    |   域2      | 正常运行   |  是   |  0
==================================================================

[切片调度] 新安全域3无任何切片，尝试分配空闲切片
[切片调度] 新安全域3未找到空闲切片，尝试剥夺切片
[切片替换] 优先从【路扩展切片】中选择LRU替换目标...
[切片替换] 找到路扩展切片作为受害者：切片1（最后访问：0）
[切片调度] 安全域3触发切片剥夺：从域0剥夺切片1
[切片剥夺] 周期535：切片1（所属域0）进入待剥夺状态，禁止新替换
[切片剥夺] 周期535：切片1在途请求已清空，开始执行脏行写回
[切片剥夺] 周期535：切片1无脏行，直接完成剥夺
[切片管理] 周期535：原域0仅剩1个切片，关闭路扩展模式
[动态重分配] 周期535：切片1写回完成，自动绑定到域3
[切片管理] 成功绑定切片1 → 安全域3

======================== 切片硬件状态 ========================
切片号 | 所属安全域 | 当前状态    | 路扩展 | LRU touched
------------------------------------------------------------------
  0    |   域0      | 正常运行   |  否   |  320
  1    |   域3      | 正常运行   |  否   |  535
  2    |   域2      | 正常运行   |  是   |  435
  3    |   域2      | 正常运行   |  是   |  0
==================================================================

[切片唤醒] 周期535：域3切片就绪，唤醒等待指令

**** Debug Statistics at 1000000 Cycles *****
Threads: 4		Fetch Width: 8
No of useful instructions fetched:	3667849 (45.85% proc util.)
No of total instructions fetched:	4299511 (53.74% proc util.)
 includes 33163 misfetch (0.8%), 598499 (13.9%) wrong-path fetches
 and 0 flushed after failed lock(0.0%)
No of useful instructions issued/executed:	3667804 (45.85% proc util.)
No of total instructions issued/executed:	3890692 (48.63% proc util.)
 includes 222888 wrong-path (5.7%) insts and 0 flushed (0.0%)
	fp 103, 0.00%
	synch 0, 0.00%
	integer 3213458, 82.59%
	load/store 677131, 17.40%
Avg size of int IQ (before scheduling): 27.30
Avg size of fp IQ (before scheduling): 0.00
No of cycles taken:		1000000
Parallelism [ 0.942, 0.000, 1.389, 1.337,] = 3.668
 IQ conflicts: 1384 (0.14%), FQ conflicts: 0 (0.00%) 
 I reg conflicts: 335199 (33.52%), FP reg conflicts: 0 (0.00%)
  Activelist confs: 0 (0.00%), ROB confs: 1366 (0.14%)
  Int unit conflicts: 1956768 (195.68%), FP unit conflicts: 2 (0.00%)
  Load/store unit conflicts: 65539 (6.55%)
  MSHR conflicts: 154341 (15.43%)
----------------------------------------
==== System-wide Cache Statistics ====
Stall for miss queue full 0 cycles (0.00%)
----------------------------------------
==== Statistics for Master ID: 0 ====
Reads: 567471   Writes: 148798
ICACHE: size: 64 KB assoc: 2
ICACHE: hits:349364 misses:2241  Hit Ratio: 99.36%
DCACHE: size: 1*16 KB assoc: 1*4
DCACHE: hits:360923 misses:3741 writebacks:2621  Hit Ratio: 98.97%
SCACHE: size: 512 KB assoc: 2
SCACHE: hits:1115 misses:4867  Hit Ratio: 18.64%
3CACHE: size: 4096 KB assoc: 2
3CACHE: hits:109 misses:4758  Hit Ratio: 2.24%
3CACHE: dirty items replaced:0
ITLB: size: 48, misses 130, miss rate 0.04%
DTLB: size: 128, misses 181, miss rate 0.05%
Avg mem delay: 1.384 cycles
----------------------------------------
==== Statistics for Master ID: 2 ====
Reads: 679056   Writes: 72882
ICACHE: size: 64 KB assoc: 2
ICACHE: hits:508861 misses:157  Hit Ratio: 99.97%
DCACHE: size: 2*16 KB assoc: 2*4
DCACHE: hits:241595 misses:1325 writebacks:783  Hit Ratio: 99.45%
SCACHE: size: 512 KB assoc: 2
SCACHE: hits:10 misses:1472  Hit Ratio: 0.67%
3CACHE: size: 4096 KB assoc: 2
3CACHE: hits:0 misses:1472  Hit Ratio: 0.00%
3CACHE: dirty items replaced:0
ITLB: size: 48, misses 16, miss rate 0.00%
DTLB: size: 128, misses 45, miss rate 0.02%
Avg mem delay: 1.384 cycles
----------------------------------------
==== Statistics for Master ID: 3 ====
Reads: 481540   Writes: 5128
ICACHE: size: 64 KB assoc: 2
ICACHE: hits:417356 misses:13  Hit Ratio: 100.00%
DCACHE: size: 1*16 KB assoc: 1*4
DCACHE: hits:62736 misses:6562 writebacks:323  Hit Ratio: 90.53%
SCACHE: size: 512 KB assoc: 2
SCACHE: hits:6197 misses:378  Hit Ratio: 94.25%
3CACHE: size: 4096 KB assoc: 2
3CACHE: hits:40 misses:338  Hit Ratio: 10.58%
3CACHE: dirty items replaced:0
ITLB: size: 48, misses 1, miss rate 0.00%
DTLB: size: 128, misses 10, miss rate 0.01%
Avg mem delay: 1.384 cycles
----------------------------------------
==== Global Resource Utilization ====
STASH: size: 65536 entries, full 4555696, empty 48274, misses 4561, full rate 98.85
icache bank util. 0.305 0.160 0.065 0.054 0.082 0.134 0.227 0.257 
dcache bank util. 0.067 0.078 0.045 0.052 0.064 0.068 0.242 0.108 
L2 bank util. 0.014 0.014 0.013 0.013 0.013 0.013 0.013 0.014 
L1-L2 bus util. = 0.053, L3 util. = 0.066
----------------------------------------

======================== 切片硬件状态 ========================
切片号 | 所属安全域 | 当前状态    | 路扩展 | LRU touched
------------------------------------------------------------------
  0    |   域0      | 正常运行   |  否   |  999882
  1    |   域3      | 正常运行   |  否   |  999896
  2    |   域2      | 正常运行   |  是   |  999808
  3    |   域2      | 正常运行   |  是   |  999998
==================================================================

branch prediction, hits = 368138, misses = 28095, hit rate = 92.91%
return_stack prediction, hits = 17459, misses = 23, hit rate = 99.87%
jump prediction, hits = 433968, misses = 8223, hit rate = 98.14%
 init_expr_once init_expr save_expr_status restore_expr_status enqueue_insn protect_from_queue queued_subexp_p emit_queue init_queue convert_move
**** Debug Statistics at 101000000 Cycles *****
Threads: 4		Fetch Width: 8
No of useful instructions fetched:	376410541 (46.59% proc util.)
No of total instructions fetched:	507333963 (62.79% proc util.)
 includes 31337505 misfetch (6.2%), 99585917 (19.6%) wrong-path fetches
 and 0 flushed after failed lock(0.0%)
No of useful instructions issued/executed:	376410504 (46.59% proc util.)
No of total instructions issued/executed:	423239833 (52.38% proc util.)
 includes 46829329 wrong-path (11.1%) insts and 0 flushed (0.0%)
	fp 2585, 0.00%
	synch 0, 0.00%
	integer 322459425, 76.19%
	load/store 100777823, 23.81%
Avg size of int IQ (before scheduling): 28.04
Avg size of fp IQ (before scheduling): 0.00
No of cycles taken:		101000000
Parallelism [ 0.864, 0.000, 1.273, 1.590,] = 3.727
 IQ conflicts: 584939 (0.58%), FQ conflicts: 0 (0.00%) 
 I reg conflicts: 21381418 (21.17%), FP reg conflicts: 0 (0.00%)
  Activelist confs: 316 (0.00%), ROB confs: 115175 (0.11%)
  Int unit conflicts: 157857863 (156.29%), FP unit conflicts: 13 (0.00%)
  Load/store unit conflicts: 12614503 (12.49%)
  MSHR conflicts: 1519756 (1.50%)
----------------------------------------
==== System-wide Cache Statistics ====
Stall for miss queue full 0 cycles (0.00%)
----------------------------------------
==== Statistics for Master ID: 0 ====
Reads: 75616345   Writes: 12316141
ICACHE: size: 64 KB assoc: 2
ICACHE: hits:42469967 misses:1618824  Hit Ratio: 96.33%
DCACHE: size: 1*16 KB assoc: 1*4
DCACHE: hits:42819212 misses:1024483 writebacks:306184  Hit Ratio: 97.66%
SCACHE: size: 512 KB assoc: 2
SCACHE: hits:2293412 misses:349895  Hit Ratio: 86.76%
3CACHE: size: 4096 KB assoc: 2
3CACHE: hits:274614 misses:75281  Hit Ratio: 78.48%
3CACHE: dirty items replaced:4805
ITLB: size: 48, misses 80950, miss rate 0.18%
DTLB: size: 128, misses 122119, miss rate 0.28%
Avg mem delay: 1.460 cycles
----------------------------------------
==== Statistics for Master ID: 2 ====
Reads: 88009013   Writes: 10421764
ICACHE: size: 64 KB assoc: 2
ICACHE: hits:48556087 misses:1448723  Hit Ratio: 97.10%
DCACHE: size: 2*16 KB assoc: 2*4
DCACHE: hits:47871057 misses:554910 writebacks:89563  Hit Ratio: 98.85%
SCACHE: size: 512 KB assoc: 2
SCACHE: hits:1707930 misses:295702  Hit Ratio: 85.24%
3CACHE: size: 4096 KB assoc: 2
3CACHE: hits:237547 misses:58155  Hit Ratio: 80.33%
3CACHE: dirty items replaced:1919
ITLB: size: 48, misses 19246, miss rate 0.04%
DTLB: size: 128, misses 228163, miss rate 0.47%
Avg mem delay: 1.460 cycles
----------------------------------------
==== Statistics for Master ID: 3 ====
Reads: 60282929   Writes: 5128
ICACHE: size: 64 KB assoc: 2
ICACHE: hits:51956839 misses:539  Hit Ratio: 100.00%
DCACHE: size: 1*16 KB assoc: 1*4
DCACHE: hits:7537006 misses:793672 writebacks:323  Hit Ratio: 90.47%
SCACHE: size: 512 KB assoc: 2
SCACHE: hits:724363 misses:69848  Hit Ratio: 91.21%
3CACHE: size: 4096 KB assoc: 2
3CACHE: hits:69245 misses:603  Hit Ratio: 99.14%
3CACHE: dirty items replaced:4
ITLB: size: 48, misses 1, miss rate 0.00%
DTLB: size: 128, misses 1891, miss rate 0.02%
Avg mem delay: 1.460 cycles
----------------------------------------
==== Global Resource Utilization ====
STASH: size: 65536 entries, full 526871762, empty 28382735, misses 2514445, full rate 94.46
icache bank util. 0.312 0.201 0.125 0.129 0.140 0.122 0.198 0.310 
dcache bank util. 0.108 0.131 0.128 0.098 0.154 0.159 0.174 0.126 
L2 bank util. 0.036 0.043 0.039 0.038 0.039 0.038 0.036 0.040 
L1-L2 bus util. = 0.173, L3 util. = 0.013
----------------------------------------

======================== 切片硬件状态 ========================
切片号 | 所属安全域 | 当前状态    | 路扩展 | LRU touched
------------------------------------------------------------------
  0    |   域0      | 正常运行   |  否   |  100999998
  1    |   域3      | 正常运行   |  否   |  100999995
  2    |   域2      | 正常运行   |  是   |  100999986
  3    |   域2      | 正常运行   |  是   |  100999992
==================================================================

branch prediction, hits = 28357565, misses = 4180013, hit rate = 87.15%
return_stack prediction, hits = 3374570, misses = 1552, hit rate = 99.95%
jump prediction, hits = 29124612, misses = 7719525, hit rate = 79.05%
 convert_to_mode
**** Debug Statistics at 201000000 Cycles *****
Threads: 4		Fetch Width: 8
No of useful instructions fetched:	759838285 (47.25% proc util.)
No of total instructions fetched:	1032044180 (64.18% proc util.)
 includes 64720962 misfetch (6.3%), 207484933 (20.1%) wrong-path fetches
 and 0 flushed after failed lock(0.0%)
No of useful instructions issued/executed:	759838254 (47.25% proc util.)
No of total instructions issued/executed:	856922670 (53.29% proc util.)
 includes 97084416 wrong-path (11.3%) insts and 0 flushed (0.0%)
	fp 3735, 0.00%
	synch 0, 0.00%
	integer 648810494, 75.71%
	load/store 208108441, 24.29%
Avg size of int IQ (before scheduling): 28.02
Avg size of fp IQ (before scheduling): 0.00
No of cycles taken:		201000000
Parallelism [ 0.941, 0.000, 1.254, 1.585,] = 3.780
 IQ conflicts: 1028945 (0.51%), FQ conflicts: 0 (0.00%) 
 I reg conflicts: 39662333 (19.73%), FP reg conflicts: 0 (0.00%)
  Activelist confs: 400 (0.00%), ROB confs: 161184 (0.08%)
  Int unit conflicts: 333794374 (166.07%), FP unit conflicts: 13 (0.00%)
  Load/store unit conflicts: 27613092 (13.74%)
  MSHR conflicts: 4386040 (2.18%)
----------------------------------------
==== System-wide Cache Statistics ====
Stall for miss queue full 0 cycles (0.00%)
----------------------------------------
==== Statistics for Master ID: 0 ====
Reads: 161744830   Writes: 26440244
ICACHE: size: 64 KB assoc: 2
ICACHE: hits:91193492 misses:3174554  Hit Ratio: 96.64%
DCACHE: size: 1*16 KB assoc: 1*4
DCACHE: hits:91753408 misses:2063620 writebacks:682230  Hit Ratio: 97.80%
SCACHE: size: 512 KB assoc: 2
SCACHE: hits:4640117 misses:598057  Hit Ratio: 88.58%
3CACHE: size: 4096 KB assoc: 2
3CACHE: hits:485392 misses:112665  Hit Ratio: 81.16%
3CACHE: dirty items replaced:14815
ITLB: size: 48, misses 133191, miss rate 0.14%
DTLB: size: 128, misses 253538, miss rate 0.27%
Avg mem delay: 1.459 cycles
----------------------------------------
==== Statistics for Master ID: 2 ====
Reads: 176328761   Writes: 20795126
ICACHE: size: 64 KB assoc: 2
ICACHE: hits:96649247 misses:3086194  Hit Ratio: 96.91%
DCACHE: size: 2*16 KB assoc: 2*4
DCACHE: hits:96278394 misses:1110052 writebacks:140115  Hit Ratio: 98.86%
SCACHE: size: 512 KB assoc: 2
SCACHE: hits:3653877 misses:542368  Hit Ratio: 87.07%
3CACHE: size: 4096 KB assoc: 2
3CACHE: hits:457360 misses:85008  Hit Ratio: 84.33%
3CACHE: dirty items replaced:5736
ITLB: size: 48, misses 35145, miss rate 0.04%
DTLB: size: 128, misses 482329, miss rate 0.50%
Avg mem delay: 1.459 cycles
----------------------------------------
==== Statistics for Master ID: 3 ====
Reads: 120054388   Writes: 5128
ICACHE: size: 64 KB assoc: 2
ICACHE: hits:103531758 misses:1119  Hit Ratio: 100.00%
DCACHE: size: 1*16 KB assoc: 1*4
DCACHE: hits:14950731 misses:1575907 writebacks:323  Hit Ratio: 90.46%
SCACHE: size: 512 KB assoc: 2
SCACHE: hits:1441358 misses:135668  Hit Ratio: 91.40%
3CACHE: size: 4096 KB assoc: 2
3CACHE: hits:134990 misses:678  Hit Ratio: 99.50%
3CACHE: dirty items replaced:10
ITLB: size: 48, misses 1, miss rate 0.00%
DTLB: size: 128, misses 4128, miss rate 0.02%
Avg mem delay: 1.459 cycles
----------------------------------------
==== Global Resource Utilization ====
STASH: size: 65536 entries, full 1074512954, empty 55117710, misses 4895957, full rate 94.71
icache bank util. 0.313 0.205 0.131 0.135 0.146 0.129 0.201 0.315 
dcache bank util. 0.118 0.135 0.132 0.106 0.153 0.159 0.180 0.134 
L2 bank util. 0.035 0.043 0.039 0.039 0.040 0.039 0.036 0.039 
L1-L2 bus util. = 0.177, L3 util. = 0.010
----------------------------------------

======================== 切片硬件状态 ========================
切片号 | 所属安全域 | 当前状态    | 路扩展 | LRU touched
------------------------------------------------------------------
  0    |   域0      | 正常运行   |  否   |  200999999
  1    |   域3      | 正常运行   |  否   |  200999986
  2    |   域2      | 正常运行   |  是   |  200999997
  3    |   域2      | 正常运行   |  是   |  200999999
==================================================================

branch prediction, hits = 57593288, misses = 8753034, hit rate = 86.81%
return_stack prediction, hits = 6783709, misses = 2336, hit rate = 99.97%
jump prediction, hits = 58292686, misses = 16022307, hit rate = 78.44%
 move_by_pieces move_by_pieces_ninsns move_by_pieces_1
**** Debug Statistics at 301000000 Cycles *****
Threads: 4		Fetch Width: 8
No of useful instructions fetched:	1141333479 (47.40% proc util.)
No of total instructions fetched:	1550136448 (64.37% proc util.)
 includes 95729465 misfetch (6.2%), 313073504 (20.2%) wrong-path fetches
 and 0 flushed after failed lock(0.0%)
No of useful instructions issued/executed:	1141333448 (47.40% proc util.)
No of total instructions issued/executed:	1287859288 (53.48% proc util.)
 includes 146525840 wrong-path (11.4%) insts and 0 flushed (0.0%)
	fp 5488, 0.00%
	synch 0, 0.00%
	integer 973967961, 75.63%
	load/store 313885839, 24.37%
Avg size of int IQ (before scheduling): 28.13
Avg size of fp IQ (before scheduling): 0.00
No of cycles taken:		301000000
Parallelism [ 0.961, 0.000, 1.249, 1.582,] = 3.792
 IQ conflicts: 1632350 (0.54%), FQ conflicts: 0 (0.00%) 
 I reg conflicts: 58870039 (19.56%), FP reg conflicts: 0 (0.00%)
  Activelist confs: 584 (0.00%), ROB confs: 209138 (0.07%)
  Int unit conflicts: 512558860 (170.29%), FP unit conflicts: 15 (0.00%)
  Load/store unit conflicts: 42545099 (14.13%)
  MSHR conflicts: 7648691 (2.54%)
----------------------------------------
==== System-wide Cache Statistics ====
Stall for miss queue full 0 cycles (0.00%)
----------------------------------------
==== Statistics for Master ID: 0 ====
Reads: 245161975   Writes: 39852322
ICACHE: size: 64 KB assoc: 2
ICACHE: hits:138453984 misses:4644309  Hit Ratio: 96.75%
DCACHE: size: 1*16 KB assoc: 1*4
DCACHE: hits:138846335 misses:3069669 writebacks:1026220  Hit Ratio: 97.84%
SCACHE: size: 512 KB assoc: 2
SCACHE: hits:6844953 misses:869025  Hit Ratio: 88.73%
3CACHE: size: 4096 KB assoc: 2
3CACHE: hits:714938 misses:154087  Hit Ratio: 82.27%
3CACHE: dirty items replaced:27951
ITLB: size: 48, misses 194665, miss rate 0.14%
DTLB: size: 128, misses 396199, miss rate 0.28%
Avg mem delay: 1.472 cycles
----------------------------------------
==== Statistics for Master ID: 2 ====
Reads: 264657721   Writes: 31348109
ICACHE: size: 64 KB assoc: 2
ICACHE: hits:144646039 misses:4642583  Hit Ratio: 96.89%
DCACHE: size: 2*16 KB assoc: 2*4
DCACHE: hits:145022502 misses:1694706 writebacks:195577  Hit Ratio: 98.84%
SCACHE: size: 512 KB assoc: 2
SCACHE: hits:5532499 misses:804789  Hit Ratio: 87.30%
3CACHE: size: 4096 KB assoc: 2
3CACHE: hits:694785 misses:110004  Hit Ratio: 86.33%
3CACHE: dirty items replaced:10478
ITLB: size: 48, misses 50043, miss rate 0.03%
DTLB: size: 128, misses 751926, miss rate 0.51%
Avg mem delay: 1.472 cycles
----------------------------------------
==== Statistics for Master ID: 3 ====
Reads: 179477502   Writes: 5128
ICACHE: size: 64 KB assoc: 2
ICACHE: hits:154780716 misses:1602  Hit Ratio: 100.00%
DCACHE: size: 1*16 KB assoc: 1*4
DCACHE: hits:22344452 misses:2355859 writebacks:323  Hit Ratio: 90.46%
SCACHE: size: 512 KB assoc: 2
SCACHE: hits:2160297 misses:197164  Hit Ratio: 91.64%
3CACHE: size: 4096 KB assoc: 2
3CACHE: hits:195433 misses:1731  Hit Ratio: 99.12%
3CACHE: dirty items replaced:72
ITLB: size: 48, misses 1, miss rate 0.00%
DTLB: size: 128, misses 6532, miss rate 0.03%
Avg mem delay: 1.472 cycles
----------------------------------------
==== Global Resource Utilization ====
STASH: size: 65536 entries, full 1612315554, empty 83780076, misses 7445948, full rate 94.64
icache bank util. 0.312 0.205 0.132 0.135 0.147 0.130 0.202 0.316 
dcache bank util. 0.122 0.135 0.131 0.105 0.153 0.161 0.182 0.136 
L2 bank util. 0.035 0.043 0.039 0.039 0.040 0.039 0.036 0.038 
L1-L2 bus util. = 0.176, L3 util. = 0.009
----------------------------------------

======================== 切片硬件状态 ========================
切片号 | 所属安全域 | 当前状态    | 路扩展 | LRU touched
------------------------------------------------------------------
  0    |   域0      | 正常运行   |  否   |  300999997
  1    |   域3      | 正常运行   |  否   |  300999982
  2    |   域2      | 正常运行   |  是   |  300999996
  3    |   域2      | 正常运行   |  是   |  300999999
==================================================================

branch prediction, hits = 86676889, misses = 13172355, hit rate = 86.81%
return_stack prediction, hits = 10079989, misses = 3451, hit rate = 99.97%
jump prediction, hits = 87746105, misses = 23732563, hit rate = 78.71%
 emit_block_move
**** Debug Statistics at 401000000 Cycles *****
Threads: 4		Fetch Width: 8
No of useful instructions fetched:	1509250982 (47.05% proc util.)
No of total instructions fetched:	2057553397 (64.14% proc util.)
 includes 131239891 misfetch (6.4%), 417062524 (20.3%) wrong-path fetches
 and 0 flushed after failed lock(0.0%)
No of useful instructions issued/executed:	1509250962 (47.05% proc util.)
No of total instructions issued/executed:	1705838109 (53.17% proc util.)
 includes 196587147 wrong-path (11.5%) insts and 0 flushed (0.0%)
	fp 5625, 0.00%
	synch 0, 0.00%
	integer 1287725481, 75.49%
	load/store 418107003, 24.51%
Avg size of int IQ (before scheduling): 28.03
Avg size of fp IQ (before scheduling): 0.00
No of cycles taken:		401000000
Parallelism [ 0.955, 0.000, 1.229, 1.579,] = 3.764
 IQ conflicts: 2203864 (0.55%), FQ conflicts: 0 (0.00%) 
 I reg conflicts: 79342695 (19.79%), FP reg conflicts: 0 (0.00%)
  Activelist confs: 1175 (0.00%), ROB confs: 244109 (0.06%)
  Int unit conflicts: 662465801 (165.20%), FP unit conflicts: 15 (0.00%)
  Load/store unit conflicts: 56812057 (14.17%)
  MSHR conflicts: 9988339 (2.49%)
----------------------------------------
==== System-wide Cache Statistics ====
Stall for miss queue full 0 cycles (0.00%)
----------------------------------------
==== Statistics for Master ID: 0 ====
Reads: 327913399   Writes: 54672725
ICACHE: size: 64 KB assoc: 2
ICACHE: hits:185379654 misses:6384908  Hit Ratio: 96.67%
DCACHE: size: 1*16 KB assoc: 1*4
DCACHE: hits:186375401 misses:4446161 writebacks:1579907  Hit Ratio: 97.67%
SCACHE: size: 512 KB assoc: 2
SCACHE: hits:9642185 misses:1188884  Hit Ratio: 89.02%
3CACHE: size: 4096 KB assoc: 2
3CACHE: hits:997264 misses:191620  Hit Ratio: 83.88%
3CACHE: dirty items replaced:41624
ITLB: size: 48, misses 237553, miss rate 0.12%
DTLB: size: 128, misses 564962, miss rate 0.30%
Avg mem delay: 1.532 cycles
----------------------------------------
==== Statistics for Master ID: 2 ====
Reads: 348565966   Writes: 41330413
ICACHE: size: 64 KB assoc: 2
ICACHE: hits:189834396 misses:6421918  Hit Ratio: 96.73%
DCACHE: size: 2*16 KB assoc: 2*4
DCACHE: hits:191379598 misses:2260467 writebacks:246788  Hit Ratio: 98.83%
SCACHE: size: 512 KB assoc: 2
SCACHE: hits:7631280 misses:1051105  Hit Ratio: 87.89%
3CACHE: size: 4096 KB assoc: 2
3CACHE: hits:914908 misses:136197  Hit Ratio: 87.04%
3CACHE: dirty items replaced:15902
ITLB: size: 48, misses 67388, miss rate 0.03%
DTLB: size: 128, misses 1037849, miss rate 0.54%
Avg mem delay: 1.532 cycles
----------------------------------------
==== Statistics for Master ID: 3 ====
Reads: 238472825   Writes: 5128
ICACHE: size: 64 KB assoc: 2
ICACHE: hits:205628310 misses:2086  Hit Ratio: 100.00%
DCACHE: size: 1*16 KB assoc: 1*4
DCACHE: hits:29714983 misses:3132573 writebacks:323  Hit Ratio: 90.46%
SCACHE: size: 512 KB assoc: 2
SCACHE: hits:2877517 misses:257141  Hit Ratio: 91.80%
3CACHE: size: 4096 KB assoc: 2
3CACHE: hits:253465 misses:3675  Hit Ratio: 98.57%
3CACHE: dirty items replaced:509
ITLB: size: 48, misses 1, miss rate 0.00%
DTLB: size: 128, misses 9532, miss rate 0.03%
Avg mem delay: 1.532 cycles
----------------------------------------
==== Global Resource Utilization ====
STASH: size: 65536 entries, full 2139117123, empty 111974548, misses 9942662, full rate 94.61
icache bank util. 0.310 0.203 0.131 0.135 0.150 0.133 0.200 0.313 
dcache bank util. 0.120 0.130 0.130 0.104 0.153 0.161 0.185 0.145 
L2 bank util. 0.036 0.045 0.041 0.040 0.041 0.041 0.038 0.040 
L1-L2 bus util. = 0.183, L3 util. = 0.008
----------------------------------------

======================== 切片硬件状态 ========================
切片号 | 所属安全域 | 当前状态    | 路扩展 | LRU touched
------------------------------------------------------------------
  0    |   域0      | 正常运行   |  否   |  400999995
  1    |   域3      | 正常运行   |  否   |  400999998
  2    |   域2      | 正常运行   |  是   |  400999997
  3    |   域2      | 正常运行   |  是   |  400999994
==================================================================

branch prediction, hits = 114418923, misses = 17565958, hit rate = 86.69%
return_stack prediction, hits = 13315621, misses = 4055, hit rate = 99.97%
jump prediction, hits = 115018418, misses = 32494520, hit rate = 77.97%

**** Debug Statistics at 501000000 Cycles *****
Threads: 4		Fetch Width: 8
No of useful instructions fetched:	1904234262 (47.51% proc util.)
No of total instructions fetched:	2579764029 (64.37% proc util.)
 includes 162723305 misfetch (6.3%), 512806462 (19.9%) wrong-path fetches
 and 0 flushed after failed lock(0.0%)
No of useful instructions issued/executed:	1904234234 (47.51% proc util.)
No of total instructions issued/executed:	2145462558 (53.53% proc util.)
 includes 241228324 wrong-path (11.2%) insts and 0 flushed (0.0%)
	fp 5683, 0.00%
	synch 0, 0.00%
	integer 1618372346, 75.43%
	load/store 527084529, 24.57%
Avg size of int IQ (before scheduling): 28.21
Avg size of fp IQ (before scheduling): 0.00
No of cycles taken:		501000000
Parallelism [ 0.996, 0.000, 1.236, 1.569,] = 3.801
 IQ conflicts: 2861170 (0.57%), FQ conflicts: 0 (0.00%) 
 I reg conflicts: 98372252 (19.64%), FP reg conflicts: 0 (0.00%)
  Activelist confs: 1242 (0.00%), ROB confs: 324259 (0.06%)
  Int unit conflicts: 870390718 (173.73%), FP unit conflicts: 15 (0.00%)
  Load/store unit conflicts: 71753273 (14.32%)
  MSHR conflicts: 23323120 (4.66%)
----------------------------------------
==== System-wide Cache Statistics ====
Stall for miss queue full 0 cycles (0.00%)
----------------------------------------
==== Statistics for Master ID: 0 ====
Reads: 417499850   Writes: 69823752
ICACHE: size: 64 KB assoc: 2
ICACHE: hits:236169722 misses:7748273  Hit Ratio: 96.82%
DCACHE: size: 1*16 KB assoc: 1*4
DCACHE: hits:237432885 misses:5972722 writebacks:2226835  Hit Ratio: 97.55%
SCACHE: size: 512 KB assoc: 2
SCACHE: hits:12213821 misses:1507174  Hit Ratio: 89.02%
3CACHE: size: 4096 KB assoc: 2
3CACHE: hits:1273182 misses:233992  Hit Ratio: 84.47%
3CACHE: dirty items replaced:59584
ITLB: size: 48, misses 258457, miss rate 0.11%
DTLB: size: 128, misses 706967, miss rate 0.29%
Avg mem delay: 1.541 cycles
----------------------------------------
==== Statistics for Master ID: 2 ====
Reads: 436973287   Writes: 51239239
ICACHE: size: 64 KB assoc: 2
ICACHE: hits:238517417 misses:7803666  Hit Ratio: 96.83%
DCACHE: size: 2*16 KB assoc: 2*4
DCACHE: hits:239077390 misses:2814053 writebacks:291838  Hit Ratio: 98.84%
SCACHE: size: 512 KB assoc: 2
SCACHE: hits:9351671 misses:1266047  Hit Ratio: 88.08%
3CACHE: size: 4096 KB assoc: 2
3CACHE: hits:1108488 misses:157559  Hit Ratio: 87.56%
3CACHE: dirty items replaced:21260
ITLB: size: 48, misses 77377, miss rate 0.03%
DTLB: size: 128, misses 1292649, miss rate 0.53%
Avg mem delay: 1.541 cycles
----------------------------------------
==== Statistics for Master ID: 3 ====
Reads: 295926779   Writes: 5128
ICACHE: size: 64 KB assoc: 2
ICACHE: hits:255151322 misses:2467  Hit Ratio: 100.00%
DCACHE: size: 1*16 KB assoc: 1*4
DCACHE: hits:36889522 misses:3888595 writebacks:323  Hit Ratio: 90.46%
SCACHE: size: 512 KB assoc: 2
SCACHE: hits:3589036 misses:302026  Hit Ratio: 92.24%
3CACHE: size: 4096 KB assoc: 2
3CACHE: hits:296889 misses:5137  Hit Ratio: 98.30%
3CACHE: dirty items replaced:943
ITLB: size: 48, misses 1, miss rate 0.00%
DTLB: size: 128, misses 11772, miss rate 0.03%
Avg mem delay: 1.541 cycles
----------------------------------------
==== Global Resource Utilization ====
STASH: size: 65536 entries, full 2686508243, empty 136312597, misses 12121999, full rate 94.76
icache bank util. 0.308 0.204 0.130 0.134 0.153 0.136 0.200 0.315 
dcache bank util. 0.127 0.128 0.130 0.105 0.153 0.160 0.189 0.148 
L2 bank util. 0.036 0.045 0.041 0.040 0.042 0.041 0.038 0.040 
L1-L2 bus util. = 0.184, L3 util. = 0.008
----------------------------------------

======================== 切片硬件状态 ========================
切片号 | 所属安全域 | 当前状态    | 路扩展 | LRU touched
------------------------------------------------------------------
  0    |   域0      | 正常运行   |  否   |  500999999
  1    |   域3      | 正常运行   |  否   |  500999997
  2    |   域2      | 正常运行   |  是   |  500999981
  3    |   域2      | 正常运行   |  是   |  500999994
==================================================================

branch prediction, hits = 146620178, misses = 21649276, hit rate = 87.13%
return_stack prediction, hits = 16658399, misses = 4457, hit rate = 99.97%
jump prediction, hits = 146436125, misses = 40368936, hit rate = 78.39%

**** Early Exiting at 526759538 Cycles *****
========================================
 SMTSIM Global Statistics
========================================
Threads: 4		Fetch Width: 8
No of useful instructions fetched:	2000000082 (47.46% proc util.)
No of total instructions fetched:	2707647279 (64.25% proc util.)
 includes 170283121 misfetch (6.3%), 537364076 (19.8%) wrong-path fetches
 and 0 flushed after failed lock(0.0%)
No of useful instructions issued/executed:	2000000036 (47.46% proc util.)
No of total instructions issued/executed:	2252715557 (53.46% proc util.)
 includes 252715521 wrong-path (11.2%) insts and 0 flushed (0.0%)
	fp 5733, 0.00%
	synch 0, 0.00%
	integer 1700652988, 75.49%
	load/store 552056836, 24.51%
Avg size of int IQ (before scheduling): 28.21
Avg size of fp IQ (before scheduling): 0.00
No of cycles taken:		526759538
Parallelism [ 0.982, 0.000, 1.239, 1.575,] = 3.797
 IQ conflicts: 2939387 (0.56%), FQ conflicts: 0 (0.00%) 
 I reg conflicts: 103903074 (19.72%), FP reg conflicts: 0 (0.00%)
  Activelist confs: 1242 (0.00%), ROB confs: 328141 (0.06%)
  Int unit conflicts: 908671904 (172.50%), FP unit conflicts: 15 (0.00%)
  Load/store unit conflicts: 75426227 (14.32%)
  MSHR conflicts: 23423609 (4.45%)
----------------------------------------
==== System-wide Cache Statistics ====
Stall for miss queue full 0 cycles (0.00%)
----------------------------------------
==== Statistics for Master ID: 0 ====
Reads: 434010236   Writes: 72459700
ICACHE: size: 64 KB assoc: 2
ICACHE: hits:245081795 misses:8292334  Hit Ratio: 96.73%
DCACHE: size: 1*16 KB assoc: 1*4
DCACHE: hits:247022608 misses:6073199 writebacks:2251325  Hit Ratio: 97.60%
SCACHE: size: 512 KB assoc: 2
SCACHE: hits:12784780 misses:1580753  Hit Ratio: 89.00%
3CACHE: size: 4096 KB assoc: 2
3CACHE: hits:1338543 misses:242210  Hit Ratio: 84.68%
3CACHE: dirty items replaced:63153
ITLB: size: 48, misses 307444, miss rate 0.12%
DTLB: size: 128, misses 746863, miss rate 0.30%
Avg mem delay: 1.537 cycles
----------------------------------------
==== Statistics for Master ID: 2 ====
Reads: 460035575   Writes: 53987583
ICACHE: size: 64 KB assoc: 2
ICACHE: hits:250944610 misses:8200912  Hit Ratio: 96.84%
DCACHE: size: 2*16 KB assoc: 2*4
DCACHE: hits:251933685 misses:2943951 writebacks:304768  Hit Ratio: 98.84%
SCACHE: size: 512 KB assoc: 2
SCACHE: hits:9794806 misses:1350057  Hit Ratio: 87.89%
3CACHE: size: 4096 KB assoc: 2
3CACHE: hits:1185529 misses:164528  Hit Ratio: 87.81%
3CACHE: dirty items replaced:23148
ITLB: size: 48, misses 85992, miss rate 0.03%
DTLB: size: 128, misses 1354864, miss rate 0.53%
Avg mem delay: 1.537 cycles
----------------------------------------
==== Statistics for Master ID: 3 ====
Reads: 312212197   Writes: 5128
ICACHE: size: 64 KB assoc: 2
ICACHE: hits:269168665 misses:2800  Hit Ratio: 100.00%
DCACHE: size: 1*16 KB assoc: 1*4
DCACHE: hits:38940988 misses:4104871 writebacks:323  Hit Ratio: 90.46%
SCACHE: size: 512 KB assoc: 2
SCACHE: hits:3776306 misses:331365  Hit Ratio: 91.93%
3CACHE: size: 4096 KB assoc: 2
3CACHE: hits:326085 misses:5280  Hit Ratio: 98.41%
3CACHE: dirty items replaced:984
ITLB: size: 48, misses 1, miss rate 0.00%
DTLB: size: 128, misses 12269, miss rate 0.03%
Avg mem delay: 1.537 cycles
----------------------------------------
==== Global Resource Utilization ====
STASH: size: 65536 entries, full 2817886933, empty 144678985, misses 12862958, full rate 94.71
icache bank util. 0.308 0.204 0.130 0.134 0.152 0.135 0.199 0.315 
dcache bank util. 0.126 0.128 0.129 0.104 0.153 0.160 0.188 0.148 
L2 bank util. 0.036 0.045 0.041 0.040 0.041 0.041 0.038 0.040 
L1-L2 bus util. = 0.183, L3 util. = 0.008
----------------------------------------

======================== 切片硬件状态 ========================
切片号 | 所属安全域 | 当前状态    | 路扩展 | LRU touched
------------------------------------------------------------------
  0    |   域0      | 正常运行   |  否   |  526759537
  1    |   域3      | 正常运行   |  否   |  526759536
  2    |   域2      | 正常运行   |  是   |  526759536
  3    |   域2      | 正常运行   |  是   |  526759534
==================================================================

branch prediction, hits = 153532714, misses = 22757572, hit rate = 87.09%
return_stack prediction, hits = 17496918, misses = 4838, hit rate = 99.97%
jump prediction, hits = 153522307, misses = 42218557, hit rate = 78.43%
total IPC 3.797

=== Results saved to: ./results/gcc-expr_2_crafty_1_seqacc_1.txt ===
