测试组合（多线程优先）：gcc-expr.arg2 + crafty.arg + gcc-200.arg
执行命令：./smtsim gcc-expr.arg2 crafty.arg gcc-200.arg
==================================================

 init_expr_once init_expr save_expr_status restore_expr_status enqueue_insn protect_from_queue queued_subexp_p emit_queue init_queue convert_move convert_to_mode move_by_pieces move_by_pieces_ninsns move_by_pieces_1 emit_block_move动态重分配参数：每100万周期检查，阈值10
Process 0, Thread 0: gcc-expr
Process 0, Thread 1: gcc-expr
Process 2, Thread 2: crafty
Process 3, Thread 3: gcc-200
[切片调度] 新安全域0无任何切片，尝试分配空闲切片
[切片管理] 成功绑定切片0 → 安全域0

======================== 切片硬件状态 ========================
切片号 | 所属安全域 | 当前状态    | 路扩展 | LRU touched
------------------------------------------------------------------
  0    |   域0      | 正常运行   |  否   |  0
  1    |   域-1     | 切片空闲   |  否   |  0
  2    |   域-1     | 切片空闲   |  否   |  0
  3    |   域-1     | 切片空闲   |  否   |  0
==================================================================

[切片管理] 成功绑定切片1 → 安全域0，触发【路扩展模式】

======================== 切片硬件状态 ========================
切片号 | 所属安全域 | 当前状态    | 路扩展 | LRU touched
------------------------------------------------------------------
  0    |   域0      | 正常运行   |  是   |  0
  1    |   域0      | 正常运行   |  是   |  0
  2    |   域-1     | 切片空闲   |  否   |  0
  3    |   域-1     | 切片空闲   |  否   |  0
==================================================================

[切片调度] 新安全域2无任何切片，尝试分配空闲切片
[切片管理] 成功绑定切片2 → 安全域2

======================== 切片硬件状态 ========================
切片号 | 所属安全域 | 当前状态    | 路扩展 | LRU touched
------------------------------------------------------------------
  0    |   域0      | 正常运行   |  是   |  318
  1    |   域0      | 正常运行   |  是   |  0
  2    |   域2      | 正常运行   |  否   |  0
  3    |   域-1     | 切片空闲   |  否   |  0
==================================================================

[切片管理] 成功绑定切片3 → 安全域2，触发【路扩展模式】

======================== 切片硬件状态 ========================
切片号 | 所属安全域 | 当前状态    | 路扩展 | LRU touched
------------------------------------------------------------------
  0    |   域0      | 正常运行   |  是   |  318
  1    |   域0      | 正常运行   |  是   |  0
  2    |   域2      | 正常运行   |  是   |  0
  3    |   域2      | 正常运行   |  是   |  0
==================================================================

[切片调度] 新安全域3无任何切片，尝试分配空闲切片
[切片调度] 新安全域3未找到空闲切片，尝试剥夺切片
[切片替换] 优先从【路扩展切片】中选择LRU替换目标...
[切片替换] 找到路扩展切片作为受害者：切片1（最后访问：0）
[切片调度] 安全域3触发切片剥夺：从域0剥夺切片1
[切片剥夺] 周期560：切片1（所属域0）进入待剥夺状态，禁止新替换
[切片剥夺] 周期560：切片1在途请求已清空，开始执行脏行写回
[切片剥夺] 周期560：切片1无脏行，直接完成剥夺
[切片管理] 周期560：原域0仅剩1个切片，关闭路扩展模式
[动态重分配] 周期560：切片1写回完成，自动绑定到域3
[切片管理] 成功绑定切片1 → 安全域3

======================== 切片硬件状态 ========================
切片号 | 所属安全域 | 当前状态    | 路扩展 | LRU touched
------------------------------------------------------------------
  0    |   域0      | 正常运行   |  否   |  318
  1    |   域3      | 正常运行   |  否   |  560
  2    |   域2      | 正常运行   |  是   |  435
  3    |   域2      | 正常运行   |  是   |  0
==================================================================

[切片唤醒] 周期560：域3切片就绪，唤醒等待指令

**** Debug Statistics at 1000000 Cycles *****
Threads: 4		Fetch Width: 8
No of useful instructions fetched:	3142892 (39.29% proc util.)
No of total instructions fetched:	3845775 (48.07% proc util.)
 includes 43879 misfetch (1.1%), 659004 (17.1%) wrong-path fetches
 and 0 flushed after failed lock(0.0%)
No of useful instructions issued/executed:	3142841 (39.29% proc util.)
No of total instructions issued/executed:	3436085 (42.95% proc util.)
 includes 293244 wrong-path (8.5%) insts and 0 flushed (0.0%)
	fp 103, 0.00%
	synch 0, 0.00%
	integer 2494193, 72.59%
	load/store 941789, 27.41%
Avg size of int IQ (before scheduling): 27.01
Avg size of fp IQ (before scheduling): 0.00
No of cycles taken:		1000000
Parallelism [ 0.993, 0.000, 1.251, 0.899,] = 3.143
 IQ conflicts: 40111 (4.01%), FQ conflicts: 0 (0.00%) 
 I reg conflicts: 321803 (32.18%), FP reg conflicts: 0 (0.00%)
  Activelist confs: 27 (0.00%), ROB confs: 6212 (0.62%)
  Int unit conflicts: 1340434 (134.04%), FP unit conflicts: 1 (0.00%)
  Load/store unit conflicts: 117903 (11.79%)
  MSHR conflicts: 237691 (23.77%)
----------------------------------------
==== System-wide Cache Statistics ====
Stall for miss queue full 0 cycles (0.00%)
----------------------------------------
==== Statistics for Master ID: 0 ====
Reads: 632945   Writes: 174304
ICACHE: size: 64 KB assoc: 2
ICACHE: hits:427454 misses:229  Hit Ratio: 99.95%
DCACHE: size: 1*16 KB assoc: 1*4
DCACHE: hits:352123 misses:27443 writebacks:11476  Hit Ratio: 92.77%
SCACHE: size: 512 KB assoc: 2
SCACHE: hits:24562 misses:3110  Hit Ratio: 88.76%
3CACHE: size: 4096 KB assoc: 2
3CACHE: hits:78 misses:3032  Hit Ratio: 2.51%
3CACHE: dirty items replaced:1
ITLB: size: 48, misses 10, miss rate 0.00%
DTLB: size: 128, misses 165, miss rate 0.04%
Avg mem delay: 2.100 cycles
----------------------------------------
==== Statistics for Master ID: 2 ====
Reads: 611933   Writes: 64319
ICACHE: size: 64 KB assoc: 2
ICACHE: hits:461291 misses:152  Hit Ratio: 99.97%
DCACHE: size: 2*16 KB assoc: 2*4
DCACHE: hits:213615 misses:1194 writebacks:650  Hit Ratio: 99.44%
SCACHE: size: 512 KB assoc: 2
SCACHE: hits:7 misses:1339  Hit Ratio: 0.52%
3CACHE: size: 4096 KB assoc: 2
3CACHE: hits:0 misses:1339  Hit Ratio: 0.00%
3CACHE: dirty items replaced:0
ITLB: size: 48, misses 16, miss rate 0.00%
DTLB: size: 128, misses 44, miss rate 0.02%
Avg mem delay: 2.100 cycles
----------------------------------------
==== Statistics for Master ID: 3 ====
Reads: 532270   Writes: 140825
ICACHE: size: 64 KB assoc: 2
ICACHE: hits:324052 misses:1987  Hit Ratio: 99.39%
DCACHE: size: 1*16 KB assoc: 1*4
DCACHE: hits:343486 misses:3569 writebacks:2491  Hit Ratio: 98.97%
SCACHE: size: 512 KB assoc: 2
SCACHE: hits:1007 misses:4548  Hit Ratio: 18.13%
3CACHE: size: 4096 KB assoc: 2
3CACHE: hits:111 misses:4437  Hit Ratio: 2.44%
3CACHE: dirty items replaced:0
ITLB: size: 48, misses 117, miss rate 0.04%
DTLB: size: 128, misses 175, miss rate 0.05%
Avg mem delay: 2.100 cycles
----------------------------------------
==== Global Resource Utilization ====
STASH: size: 65536 entries, full 475673825, empty 25432143, misses 3062165, full rate 94.35
icache bank util. 0.181 0.116 0.073 0.065 0.244 0.274 0.156 0.114 
dcache bank util. 0.109 0.121 0.093 0.102 0.119 0.132 0.259 0.149 
L2 bank util. 0.028 0.029 0.034 0.029 0.034 0.033 0.034 0.032 
L1-L2 bus util. = 0.148, L3 util. = 0.088
----------------------------------------

======================== 切片硬件状态 ========================
切片号 | 所属安全域 | 当前状态    | 路扩展 | LRU touched
------------------------------------------------------------------
  0    |   域0      | 正常运行   |  否   |  999998
  1    |   域3      | 正常运行   |  否   |  999999
  2    |   域2      | 正常运行   |  是   |  999996
  3    |   域2      | 正常运行   |  是   |  998883
==================================================================

branch prediction, hits = 429557, misses = 30364, hit rate = 93.40%
return_stack prediction, hits = 19604, misses = 9, hit rate = 99.95%
jump prediction, hits = 448167, misses = 11256, hit rate = 97.55%
 abend_ adia_ adib_ ambm6_ analie6_
**** Debug Statistics at 101000000 Cycles *****
Threads: 4		Fetch Width: 8
No of useful instructions fetched:	253999554 (31.44% proc util.)
No of total instructions fetched:	406303147 (50.29% proc util.)
 includes 31962509 misfetch (7.9%), 120341084 (29.6%) wrong-path fetches
 and 0 flushed after failed lock(0.0%)
No of useful instructions issued/executed:	253999522 (31.44% proc util.)
No of total instructions issued/executed:	316737821 (39.20% proc util.)
 includes 62738299 wrong-path (19.8%) insts and 0 flushed (0.0%)
	fp 10928, 0.00%
	synch 0, 0.00%
	integer 205919863, 65.01%
	load/store 110807030, 34.98%
Avg size of int IQ (before scheduling): 20.58
Avg size of fp IQ (before scheduling): 0.00
No of cycles taken:		101000000
Parallelism [ 0.847, 0.000, 1.049, 0.619,] = 2.515
 IQ conflicts: 2957311 (2.93%), FQ conflicts: 0 (0.00%) 
 I reg conflicts: 21304970 (21.09%), FP reg conflicts: 0 (0.00%)
  Activelist confs: 3572 (0.00%), ROB confs: 373506 (0.37%)
  Int unit conflicts: 97192114 (96.23%), FP unit conflicts: 8 (0.00%)
  Load/store unit conflicts: 29825331 (29.53%)
  MSHR conflicts: 38170906 (37.79%)
----------------------------------------
==== System-wide Cache Statistics ====
Stall for miss queue full 0 cycles (0.00%)
----------------------------------------
==== Statistics for Master ID: 0 ====
Reads: 64653088   Writes: 10380094
ICACHE: size: 64 KB assoc: 2
ICACHE: hits:35136038 misses:1596616  Hit Ratio: 95.65%
DCACHE: size: 1*16 KB assoc: 1*4
DCACHE: hits:37528901 misses:771627 writebacks:409628  Hit Ratio: 97.99%
SCACHE: size: 512 KB assoc: 2
SCACHE: hits:1934051 misses:434192  Hit Ratio: 81.67%
3CACHE: size: 4096 KB assoc: 2
3CACHE: hits:348010 misses:86182  Hit Ratio: 80.15%
3CACHE: dirty items replaced:15805
ITLB: size: 48, misses 142456, miss rate 0.39%
DTLB: size: 128, misses 208543, miss rate 0.54%
Avg mem delay: 2.140 cycles
----------------------------------------
==== Statistics for Master ID: 2 ====
Reads: 74989401   Writes: 8685949
ICACHE: size: 64 KB assoc: 2
ICACHE: hits:41228258 misses:1692606  Hit Ratio: 96.06%
DCACHE: size: 2*16 KB assoc: 2*4
DCACHE: hits:40260656 misses:493830 writebacks:81905  Hit Ratio: 98.79%
SCACHE: size: 512 KB assoc: 2
SCACHE: hits:1824640 misses:361796  Hit Ratio: 83.45%
3CACHE: size: 4096 KB assoc: 2
3CACHE: hits:290828 misses:70968  Hit Ratio: 80.38%
3CACHE: dirty items replaced:5604
ITLB: size: 48, misses 55334, miss rate 0.13%
DTLB: size: 128, misses 300943, miss rate 0.74%
Avg mem delay: 2.140 cycles
----------------------------------------
==== Statistics for Master ID: 3 ====
Reads: 55009678   Writes: 8823295
ICACHE: size: 64 KB assoc: 2
ICACHE: hits:30674693 misses:1595631  Hit Ratio: 95.06%
DCACHE: size: 1*16 KB assoc: 1*4
DCACHE: hits:30733906 misses:828742 writebacks:200261  Hit Ratio: 97.37%
SCACHE: size: 512 KB assoc: 2
SCACHE: hits:1936582 misses:487790  Hit Ratio: 79.88%
3CACHE: size: 4096 KB assoc: 2
3CACHE: hits:394367 misses:93423  Hit Ratio: 80.85%
3CACHE: dirty items replaced:14926
ITLB: size: 48, misses 154498, miss rate 0.48%
DTLB: size: 128, misses 205359, miss rate 0.65%
Avg mem delay: 2.140 cycles
----------------------------------------
==== Global Resource Utilization ====
STASH: size: 65536 entries, full 901295252, empty 54406749, misses 5565853, full rate 93.76
icache bank util. 0.152 0.173 0.147 0.149 0.161 0.153 0.144 0.174 
dcache bank util. 0.163 0.147 0.139 0.115 0.155 0.152 0.162 0.145 
L2 bank util. 0.051 0.059 0.053 0.050 0.053 0.050 0.049 0.053 
L1-L2 bus util. = 0.228, L3 util. = 0.025
----------------------------------------

======================== 切片硬件状态 ========================
切片号 | 所属安全域 | 当前状态    | 路扩展 | LRU touched
------------------------------------------------------------------
  0    |   域0      | 正常运行   |  否   |  100999997
  1    |   域3      | 正常运行   |  否   |  100999999
  2    |   域2      | 正常运行   |  是   |  100999997
  3    |   域2      | 正常运行   |  是   |  100999999
==================================================================

branch prediction, hits = 24397174, misses = 5031206, hit rate = 82.90%
return_stack prediction, hits = 3281966, misses = 2139, hit rate = 99.93%
jump prediction, hits = 19849982, misses = 7979851, hit rate = 71.33%
 betalf_
**** Debug Statistics at 201000000 Cycles *****
Threads: 4		Fetch Width: 8
No of useful instructions fetched:	498297812 (30.99% proc util.)
No of total instructions fetched:	814618950 (50.66% proc util.)
 includes 64721817 misfetch (7.9%), 251599321 (30.9%) wrong-path fetches
 and 0 flushed after failed lock(0.0%)
No of useful instructions issued/executed:	498297797 (30.99% proc util.)
No of total instructions issued/executed:	631543675 (39.28% proc util.)
 includes 133245878 wrong-path (21.1%) insts and 0 flushed (0.0%)
	fp 17691, 0.00%
	synch 0, 0.00%
	integer 407719030, 64.56%
	load/store 223806954, 35.44%
Avg size of int IQ (before scheduling): 21.18
Avg size of fp IQ (before scheduling): 0.00
No of cycles taken:		201000000
Parallelism [ 0.866, 0.000, 0.998, 0.615,] = 2.479
 IQ conflicts: 5714007 (2.84%), FQ conflicts: 0 (0.00%) 
 I reg conflicts: 45320823 (22.55%), FP reg conflicts: 0 (0.00%)
  Activelist confs: 6833 (0.00%), ROB confs: 746348 (0.37%)
  Int unit conflicts: 186055902 (92.57%), FP unit conflicts: 9 (0.00%)
  Load/store unit conflicts: 62578905 (31.13%)
  MSHR conflicts: 73103080 (36.37%)
----------------------------------------
==== System-wide Cache Statistics ====
Stall for miss queue full 0 cycles (0.00%)
----------------------------------------
==== Statistics for Master ID: 0 ====
Reads: 137425219   Writes: 22572025
ICACHE: size: 64 KB assoc: 2
ICACHE: hits:76933294 misses:2642059  Hit Ratio: 96.68%
DCACHE: size: 1*16 KB assoc: 1*4
DCACHE: hits:78586218 misses:1835673 writebacks:851949  Hit Ratio: 97.72%
SCACHE: size: 512 KB assoc: 2
SCACHE: hits:3625769 misses:851961  Hit Ratio: 80.97%
3CACHE: size: 4096 KB assoc: 2
3CACHE: hits:691622 misses:160339  Hit Ratio: 81.18%
3CACHE: dirty items replaced:49278
ITLB: size: 48, misses 234985, miss rate 0.30%
DTLB: size: 128, misses 442366, miss rate 0.55%
Avg mem delay: 2.307 cycles
----------------------------------------
==== Statistics for Master ID: 2 ====
Reads: 144975479   Writes: 16773352
ICACHE: size: 64 KB assoc: 2
ICACHE: hits:79123892 misses:3457659  Hit Ratio: 95.81%
DCACHE: size: 2*16 KB assoc: 2*4
DCACHE: hits:78214561 misses:952719 writebacks:124231  Hit Ratio: 98.80%
SCACHE: size: 512 KB assoc: 2
SCACHE: hits:3781371 misses:629007  Hit Ratio: 85.74%
3CACHE: size: 4096 KB assoc: 2
3CACHE: hits:508735 misses:120272  Hit Ratio: 80.88%
3CACHE: dirty items replaced:19276
ITLB: size: 48, misses 112633, miss rate 0.14%
DTLB: size: 128, misses 641158, miss rate 0.81%
Avg mem delay: 2.307 cycles
----------------------------------------
==== Statistics for Master ID: 3 ====
Reads: 110884098   Writes: 17870471
ICACHE: size: 64 KB assoc: 2
ICACHE: hits:61750918 misses:3215502  Hit Ratio: 95.05%
DCACHE: size: 1*16 KB assoc: 1*4
DCACHE: hits:62129335 misses:1658813 writebacks:405596  Hit Ratio: 97.40%
SCACHE: size: 512 KB assoc: 2
SCACHE: hits:3987593 misses:886722  Hit Ratio: 81.81%
3CACHE: size: 4096 KB assoc: 2
3CACHE: hits:728696 misses:158026  Hit Ratio: 82.18%
3CACHE: dirty items replaced:39879
ITLB: size: 48, misses 315337, miss rate 0.49%
DTLB: size: 128, misses 448341, miss rate 0.70%
Avg mem delay: 2.307 cycles
----------------------------------------
==== Global Resource Utilization ====
STASH: size: 65536 entries, full 1335506601, empty 80394837, misses 7831833, full rate 93.80
icache bank util. 0.155 0.170 0.158 0.159 0.165 0.152 0.145 0.165 
dcache bank util. 0.148 0.142 0.145 0.131 0.170 0.162 0.157 0.143 
L2 bank util. 0.051 0.058 0.052 0.050 0.052 0.049 0.047 0.051 
L1-L2 bus util. = 0.226, L3 util. = 0.022
----------------------------------------

======================== 切片硬件状态 ========================
切片号 | 所属安全域 | 当前状态    | 路扩展 | LRU touched
------------------------------------------------------------------
  0    |   域0      | 正常运行   |  否   |  200999921
  1    |   域3      | 正常运行   |  否   |  200999997
  2    |   域2      | 正常运行   |  是   |  200999994
  3    |   域2      | 正常运行   |  是   |  200999885
==================================================================

branch prediction, hits = 47907209, misses = 10163684, hit rate = 82.50%
return_stack prediction, hits = 6552959, misses = 4251, hit rate = 99.94%
jump prediction, hits = 39019301, misses = 16345154, hit rate = 70.48%
 move_block_to_reg move_block_from_reg block_ use_regs group_insns clear_storage emit_move_insn
======================== 切片硬件状态 ========================
切片号 | 所属安全域 | 当前状态    | 路扩展 | LRU touched
------------------------------------------------------------------
  0    |   域0      | 正常运行   |  否   |  289999994
  1    |   域3      | 正常运行   |  否   |  289999998
  2    |   域2      | 正常运行   |  是   |  289999996
  3    |   域2      | 正常运行   |  是   |  289999995
==================================================================

[动态重分配] 周期290000000：预约迁移 冗余域2(1%) -> 切片2 -> 饥饿域3(13%)
[切片剥夺] 周期290000000：切片2（所属域2）进入待剥夺状态，禁止新替换
[切片剥夺] 周期290000000：切片2在途请求已清空，开始执行脏行写回
[切片管理] 周期290000162：原域2仅剩1个切片，关闭路扩展模式
[动态重分配] 周期290000162：切片2写回完成，自动绑定到域3
[切片管理] 成功绑定切片2 → 安全域3，触发【路扩展模式】

======================== 切片硬件状态 ========================
切片号 | 所属安全域 | 当前状态    | 路扩展 | LRU touched
------------------------------------------------------------------
  0    |   域0      | 正常运行   |  否   |  289999994
  1    |   域3      | 正常运行   |  是   |  290000150
  2    |   域3      | 正常运行   |  是   |  290000162
  3    |   域2      | 正常运行   |  否   |  290000162
==================================================================


**** Debug Statistics at 301000000 Cycles *****
Threads: 4		Fetch Width: 8
No of useful instructions fetched:	731634420 (30.38% proc util.)
No of total instructions fetched:	1206637916 (50.11% proc util.)
 includes 98785793 misfetch (8.2%), 376217703 (31.2%) wrong-path fetches
 and 0 flushed after failed lock(0.0%)
No of useful instructions issued/executed:	731634394 (30.38% proc util.)
No of total instructions issued/executed:	931692875 (38.69% proc util.)
 includes 200058481 wrong-path (21.5%) insts and 0 flushed (0.0%)
	fp 45534, 0.00%
	synch 0, 0.00%
	integer 599457101, 64.34%
	load/store 332190240, 35.65%
Avg size of int IQ (before scheduling): 21.35
Avg size of fp IQ (before scheduling): 0.00
No of cycles taken:		301000000
Parallelism [ 0.796, 0.000, 0.986, 0.649,] = 2.431
 IQ conflicts: 9150142 (3.04%), FQ conflicts: 0 (0.00%) 
 I reg conflicts: 69333727 (23.03%), FP reg conflicts: 0 (0.00%)
  Activelist confs: 11246 (0.00%), ROB confs: 914758 (0.30%)
  Int unit conflicts: 263511452 (87.55%), FP unit conflicts: 9 (0.00%)
  Load/store unit conflicts: 84148626 (27.96%)
  MSHR conflicts: 85211297 (28.31%)
----------------------------------------
==== System-wide Cache Statistics ====
Stall for miss queue full 0 cycles (0.00%)
----------------------------------------
==== Statistics for Master ID: 0 ====
Reads: 196776896   Writes: 31390556
ICACHE: size: 64 KB assoc: 2
ICACHE: hits:110393869 misses:4105768  Hit Ratio: 96.41%
DCACHE: size: 1*16 KB assoc: 1*4
DCACHE: hits:111102908 misses:2564907 writebacks:1035030  Hit Ratio: 97.74%
SCACHE: size: 512 KB assoc: 2
SCACHE: hits:5378510 misses:1292165  Hit Ratio: 80.63%
3CACHE: size: 4096 KB assoc: 2
3CACHE: hits:1051646 misses:240519  Hit Ratio: 81.39%
3CACHE: dirty items replaced:81856
ITLB: size: 48, misses 353459, miss rate 0.31%
DTLB: size: 128, misses 650168, miss rate 0.57%
Avg mem delay: 2.333 cycles
----------------------------------------
==== Statistics for Master ID: 2 ====
Reads: 216400244   Writes: 25114282
ICACHE: size: 64 KB assoc: 2
ICACHE: hits:117375922 misses:5266991  Hit Ratio: 95.71%
DCACHE: size: 1*16 KB assoc: 1*4
DCACHE: hits:117323500 misses:1548160 writebacks:182014  Hit Ratio: 98.70%
SCACHE: size: 512 KB assoc: 2
SCACHE: hits:5893324 misses:921780  Hit Ratio: 86.47%
3CACHE: size: 4096 KB assoc: 2
3CACHE: hits:751494 misses:170286  Hit Ratio: 81.53%
3CACHE: dirty items replaced:35022
ITLB: size: 48, misses 164132, miss rate 0.13%
DTLB: size: 128, misses 980507, miss rate 0.82%
Avg mem delay: 2.333 cycles
----------------------------------------
==== Statistics for Master ID: 3 ====
Reads: 171715961   Writes: 27843391
ICACHE: size: 64 KB assoc: 2
ICACHE: hits:96088286 misses:4498368  Hit Ratio: 95.53%
DCACHE: size: 2*16 KB assoc: 2*4
DCACHE: hits:96345003 misses:2627694 writebacks:630007  Hit Ratio: 97.35%
SCACHE: size: 512 KB assoc: 2
SCACHE: hits:5771607 misses:1354455  Hit Ratio: 80.99%
3CACHE: size: 4096 KB assoc: 2
3CACHE: hits:1124389 misses:230066  Hit Ratio: 83.01%
3CACHE: dirty items replaced:70487
ITLB: size: 48, misses 430704, miss rate 0.43%
DTLB: size: 128, misses 731821, miss rate 0.74%
Avg mem delay: 2.333 cycles
----------------------------------------
==== Global Resource Utilization ====
STASH: size: 65536 entries, full 1751849713, empty 107806088, misses 10235306, full rate 93.69
icache bank util. 0.155 0.167 0.156 0.161 0.165 0.150 0.146 0.161 
dcache bank util. 0.144 0.141 0.143 0.127 0.165 0.164 0.156 0.146 
L2 bank util. 0.050 0.058 0.052 0.050 0.051 0.049 0.047 0.051 
L1-L2 bus util. = 0.224, L3 util. = 0.021
----------------------------------------

======================== 切片硬件状态 ========================
切片号 | 所属安全域 | 当前状态    | 路扩展 | LRU touched
------------------------------------------------------------------
  0    |   域0      | 正常运行   |  否   |  300999995
  1    |   域3      | 正常运行   |  是   |  300999997
  2    |   域3      | 正常运行   |  是   |  300999990
  3    |   域2      | 正常运行   |  否   |  300999999
==================================================================

branch prediction, hits = 70006852, misses = 15130515, hit rate = 82.23%
return_stack prediction, hits = 10010846, misses = 6976, hit rate = 99.93%
jump prediction, hits = 57269723, misses = 24859755, hit rate = 69.73%
 push_block blockdis_ gen_push_operand emit_push_insn
**** Debug Statistics at 401000000 Cycles *****
Threads: 4		Fetch Width: 8
No of useful instructions fetched:	960014797 (29.93% proc util.)
No of total instructions fetched:	1588678629 (49.52% proc util.)
 includes 131918629 misfetch (8.3%), 496745203 (31.3%) wrong-path fetches
 and 0 flushed after failed lock(0.0%)
No of useful instructions issued/executed:	960014774 (29.93% proc util.)
No of total instructions issued/executed:	1225536851 (38.20% proc util.)
 includes 265522077 wrong-path (21.7%) insts and 0 flushed (0.0%)
	fp 56095, 0.00%
	synch 0, 0.00%
	integer 785855223, 64.12%
	load/store 439625533, 35.87%
Avg size of int IQ (before scheduling): 21.37
Avg size of fp IQ (before scheduling): 0.00
No of cycles taken:		401000000
Parallelism [ 0.756, 0.000, 0.972, 0.666,] = 2.394
 IQ conflicts: 12523000 (3.12%), FQ conflicts: 0 (0.00%) 
 I reg conflicts: 93636976 (23.35%), FP reg conflicts: 0 (0.00%)
  Activelist confs: 15104 (0.00%), ROB confs: 1123565 (0.28%)
  Int unit conflicts: 339081586 (84.56%), FP unit conflicts: 9 (0.00%)
  Load/store unit conflicts: 106618039 (26.59%)
  MSHR conflicts: 101023064 (25.19%)
----------------------------------------
==== System-wide Cache Statistics ====
Stall for miss queue full 0 cycles (0.00%)
----------------------------------------
==== Statistics for Master ID: 0 ====
Reads: 254960490   Writes: 40897520
ICACHE: size: 64 KB assoc: 2
ICACHE: hits:142758371 misses:5655162  Hit Ratio: 96.19%
DCACHE: size: 1*16 KB assoc: 1*4
DCACHE: hits:144138662 misses:3305815 writebacks:1262356  Hit Ratio: 97.76%
SCACHE: size: 512 KB assoc: 2
SCACHE: hits:7182735 misses:1778242  Hit Ratio: 80.16%
3CACHE: size: 4096 KB assoc: 2
3CACHE: hits:1451291 misses:326951  Hit Ratio: 81.61%
3CACHE: dirty items replaced:122719
ITLB: size: 48, misses 477371, miss rate 0.32%
DTLB: size: 128, misses 856579, miss rate 0.58%
Avg mem delay: 2.374 cycles
----------------------------------------
==== Statistics for Master ID: 2 ====
Reads: 286018129   Writes: 33300272
ICACHE: size: 64 KB assoc: 2
ICACHE: hits:154621895 misses:7016238  Hit Ratio: 95.66%
DCACHE: size: 1*16 KB assoc: 1*4
DCACHE: hits:154608965 misses:3071350 writebacks:343921  Hit Ratio: 98.05%
SCACHE: size: 512 KB assoc: 2
SCACHE: hits:8811420 misses:1276121  Hit Ratio: 87.35%
3CACHE: size: 4096 KB assoc: 2
3CACHE: hits:1051407 misses:224714  Hit Ratio: 82.39%
3CACHE: dirty items replaced:54004
ITLB: size: 48, misses 218225, miss rate 0.14%
DTLB: size: 128, misses 1329677, miss rate 0.84%
Avg mem delay: 2.374 cycles
----------------------------------------
==== Statistics for Master ID: 3 ====
Reads: 230845816   Writes: 37865157
ICACHE: size: 64 KB assoc: 2
ICACHE: hits:129305960 misses:5823698  Hit Ratio: 95.69%
DCACHE: size: 2*16 KB assoc: 2*4
DCACHE: hits:130351150 misses:3230164 writebacks:778108  Hit Ratio: 97.58%
SCACHE: size: 512 KB assoc: 2
SCACHE: hits:7251488 misses:1802374  Hit Ratio: 80.09%
3CACHE: size: 4096 KB assoc: 2
3CACHE: hits:1502673 misses:299701  Hit Ratio: 83.37%
3CACHE: dirty items replaced:102677
ITLB: size: 48, misses 553048, miss rate 0.41%
DTLB: size: 128, misses 997380, miss rate 0.75%
Avg mem delay: 2.374 cycles
----------------------------------------
==== Global Resource Utilization ====
STASH: size: 65536 entries, full 2155928931, empty 136143376, misses 12704120, full rate 93.54
icache bank util. 0.155 0.164 0.154 0.160 0.165 0.149 0.145 0.157 
dcache bank util. 0.139 0.141 0.145 0.126 0.166 0.164 0.155 0.146 
L2 bank util. 0.050 0.059 0.053 0.051 0.052 0.051 0.048 0.052 
L1-L2 bus util. = 0.228, L3 util. = 0.021
----------------------------------------

======================== 切片硬件状态 ========================
切片号 | 所属安全域 | 当前状态    | 路扩展 | LRU touched
------------------------------------------------------------------
  0    |   域0      | 正常运行   |  否   |  400999621
  1    |   域3      | 正常运行   |  是   |  400999831
  2    |   域3      | 正常运行   |  是   |  400999827
  3    |   域2      | 正常运行   |  否   |  400999599
==================================================================

branch prediction, hits = 91652634, misses = 19896281, hit rate = 82.16%
return_stack prediction, hits = 13501789, misses = 9726, hit rate = 99.93%
jump prediction, hits = 75391864, misses = 33096783, hit rate = 69.49%
 caconv_ calrms_ chroma_
**** Debug Statistics at 501000000 Cycles *****
Threads: 4		Fetch Width: 8
No of useful instructions fetched:	1192007401 (29.74% proc util.)
No of total instructions fetched:	1986324222 (49.56% proc util.)
 includes 166905238 misfetch (8.4%), 627411583 (31.6%) wrong-path fetches
 and 0 flushed after failed lock(0.0%)
No of useful instructions issued/executed:	1192007374 (29.74% proc util.)
No of total instructions issued/executed:	1526580693 (38.09% proc util.)
 includes 334573319 wrong-path (21.9%) insts and 0 flushed (0.0%)
	fp 72338, 0.00%
	synch 0, 0.00%
	integer 977601317, 64.04%
	load/store 548907038, 35.96%
Avg size of int IQ (before scheduling): 21.04
Avg size of fp IQ (before scheduling): 0.00
No of cycles taken:		501000000
Parallelism [ 0.755, 0.000, 0.957, 0.668,] = 2.379
 IQ conflicts: 14932876 (2.98%), FQ conflicts: 0 (0.00%) 
 I reg conflicts: 115035040 (22.96%), FP reg conflicts: 0 (0.00%)
  Activelist confs: 20416 (0.00%), ROB confs: 1346887 (0.27%)
  Int unit conflicts: 417657209 (83.36%), FP unit conflicts: 11 (0.00%)
  Load/store unit conflicts: 129241970 (25.80%)
  MSHR conflicts: 119405556 (23.83%)
----------------------------------------
==== System-wide Cache Statistics ====
Stall for miss queue full 0 cycles (0.00%)
----------------------------------------
==== Statistics for Master ID: 0 ====
Reads: 318836472   Writes: 50768225
ICACHE: size: 64 KB assoc: 2
ICACHE: hits:177956761 misses:7367723  Hit Ratio: 96.02%
DCACHE: size: 1*16 KB assoc: 1*4
DCACHE: hits:180267168 misses:4013045 writebacks:1536298  Hit Ratio: 97.82%
SCACHE: size: 512 KB assoc: 2
SCACHE: hits:9206553 misses:2174215  Hit Ratio: 80.90%
3CACHE: size: 4096 KB assoc: 2
3CACHE: hits:1786256 misses:387959  Hit Ratio: 82.16%
3CACHE: dirty items replaced:162833
ITLB: size: 48, misses 618085, miss rate 0.33%
DTLB: size: 128, misses 1071256, miss rate 0.58%
Avg mem delay: 2.375 cycles
----------------------------------------
==== Statistics for Master ID: 2 ====
Reads: 354859105   Writes: 41235517
ICACHE: size: 64 KB assoc: 2
ICACHE: hits:191369634 misses:8973432  Hit Ratio: 95.52%
DCACHE: size: 1*16 KB assoc: 1*4
DCACHE: hits:191102855 misses:4648748 writebacks:510697  Hit Ratio: 97.63%
SCACHE: size: 512 KB assoc: 2
SCACHE: hits:11959846 misses:1662286  Hit Ratio: 87.80%
3CACHE: size: 4096 KB assoc: 2
3CACHE: hits:1381045 misses:281241  Hit Ratio: 83.08%
3CACHE: dirty items replaced:75294
ITLB: size: 48, misses 282729, miss rate 0.14%
DTLB: size: 128, misses 1700344, miss rate 0.87%
Avg mem delay: 2.375 cycles
----------------------------------------
==== Statistics for Master ID: 3 ====
Reads: 289822906   Writes: 47344613
ICACHE: size: 64 KB assoc: 2
ICACHE: hits:162014758 misses:7452734  Hit Ratio: 95.60%
DCACHE: size: 2*16 KB assoc: 2*4
DCACHE: hits:164022111 misses:3677915 writebacks:918437  Hit Ratio: 97.81%
SCACHE: size: 512 KB assoc: 2
SCACHE: hits:8911638 misses:2219011  Hit Ratio: 80.06%
3CACHE: size: 4096 KB assoc: 2
3CACHE: hits:1848619 misses:370392  Hit Ratio: 83.31%
3CACHE: dirty items replaced:138778
ITLB: size: 48, misses 703214, miss rate 0.41%
DTLB: size: 128, misses 1229752, miss rate 0.73%
Avg mem delay: 2.375 cycles
----------------------------------------
==== Global Resource Utilization ====
STASH: size: 65536 entries, full 2575426663, empty 165911266, misses 15266523, full rate 93.43
icache bank util. 0.155 0.164 0.153 0.159 0.166 0.150 0.146 0.157 
dcache bank util. 0.140 0.140 0.144 0.126 0.166 0.167 0.154 0.146 
L2 bank util. 0.051 0.061 0.054 0.051 0.054 0.052 0.049 0.054 
L1-L2 bus util. = 0.234, L3 util. = 0.021
----------------------------------------

======================== 切片硬件状态 ========================
切片号 | 所属安全域 | 当前状态    | 路扩展 | LRU touched
------------------------------------------------------------------
  0    |   域0      | 正常运行   |  否   |  500999999
  1    |   域3      | 正常运行   |  是   |  500999993
  2    |   域3      | 正常运行   |  是   |  500999999
  3    |   域2      | 正常运行   |  否   |  500999999
==================================================================

branch prediction, hits = 112896894, misses = 25365665, hit rate = 81.65%
return_stack prediction, hits = 16635332, misses = 12063, hit rate = 99.93%
jump prediction, hits = 92021125, misses = 41938590, hit rate = 68.69%
 cinvar_ clor6_ emit_library_call
**** Debug Statistics at 601000000 Cycles *****
Threads: 4		Fetch Width: 8
No of useful instructions fetched:	1414528638 (29.42% proc util.)
No of total instructions fetched:	2363192499 (49.15% proc util.)
 includes 200017786 misfetch (8.5%), 748646075 (31.7%) wrong-path fetches
 and 0 flushed after failed lock(0.0%)
No of useful instructions issued/executed:	1414528638 (29.42% proc util.)
No of total instructions issued/executed:	1814953673 (37.75% proc util.)
 includes 400425035 wrong-path (22.1%) insts and 0 flushed (0.0%)
	fp 81338, 0.00%
	synch 0, 0.00%
	integer 1162537269, 64.05%
	load/store 652335066, 35.94%
Avg size of int IQ (before scheduling): 21.14
Avg size of fp IQ (before scheduling): 0.00
No of cycles taken:		601000000
Parallelism [ 0.743, 0.000, 0.955, 0.656,] = 2.354
 IQ conflicts: 18300729 (3.05%), FQ conflicts: 0 (0.00%) 
 I reg conflicts: 139425944 (23.20%), FP reg conflicts: 0 (0.00%)
  Activelist confs: 26659 (0.00%), ROB confs: 1579424 (0.26%)
  Int unit conflicts: 488120889 (81.22%), FP unit conflicts: 11 (0.00%)
  Load/store unit conflicts: 149833181 (24.93%)
  MSHR conflicts: 131867568 (21.94%)
----------------------------------------
==== System-wide Cache Statistics ====
Stall for miss queue full 0 cycles (0.00%)
----------------------------------------
==== Statistics for Master ID: 0 ====
Reads: 378565982   Writes: 60920636
ICACHE: size: 64 KB assoc: 2
ICACHE: hits:211859555 misses:8619406  Hit Ratio: 96.09%
DCACHE: size: 1*16 KB assoc: 1*4
DCACHE: hits:214008121 misses:4999536 writebacks:1841153  Hit Ratio: 97.72%
SCACHE: size: 512 KB assoc: 2
SCACHE: hits:10857657 misses:2761285  Hit Ratio: 79.72%
3CACHE: size: 4096 KB assoc: 2
3CACHE: hits:2263335 misses:497950  Hit Ratio: 81.97%
3CACHE: dirty items replaced:226857
ITLB: size: 48, misses 729214, miss rate 0.33%
DTLB: size: 128, misses 1275441, miss rate 0.58%
Avg mem delay: 2.401 cycles
----------------------------------------
==== Statistics for Master ID: 2 ====
Reads: 424853341   Writes: 49081763
ICACHE: size: 64 KB assoc: 2
ICACHE: hits:228955157 misses:10617515  Hit Ratio: 95.57%
DCACHE: size: 1*16 KB assoc: 1*4
DCACHE: hits:228160709 misses:6201770 writebacks:669519  Hit Ratio: 97.35%
SCACHE: size: 512 KB assoc: 2
SCACHE: hits:14789254 misses:2029984  Hit Ratio: 87.93%
3CACHE: size: 4096 KB assoc: 2
3CACHE: hits:1681115 misses:348869  Hit Ratio: 82.81%
3CACHE: dirty items replaced:103084
ITLB: size: 48, misses 336001, miss rate 0.14%
DTLB: size: 128, misses 2024440, miss rate 0.86%
Avg mem delay: 2.401 cycles
----------------------------------------
==== Statistics for Master ID: 3 ====
Reads: 342002848   Writes: 55657334
ICACHE: size: 64 KB assoc: 2
ICACHE: hits:191109966 misses:8966656  Hit Ratio: 95.52%
DCACHE: size: 2*16 KB assoc: 2*4
DCACHE: hits:193470139 misses:4113420 writebacks:1042291  Hit Ratio: 97.92%
SCACHE: size: 512 KB assoc: 2
SCACHE: hits:10356948 misses:2723128  Hit Ratio: 79.18%
3CACHE: size: 4096 KB assoc: 2
3CACHE: hits:2261909 misses:461218  Hit Ratio: 83.06%
3CACHE: dirty items replaced:186814
ITLB: size: 48, misses 843672, miss rate 0.42%
DTLB: size: 128, misses 1434229, miss rate 0.73%
Avg mem delay: 2.401 cycles
----------------------------------------
==== Global Resource Utilization ====
STASH: size: 65536 entries, full 2975805672, empty 192882672, misses 17597851, full rate 93.39
icache bank util. 0.153 0.161 0.153 0.159 0.165 0.149 0.144 0.155 
dcache bank util. 0.138 0.139 0.143 0.125 0.166 0.165 0.153 0.148 
L2 bank util. 0.051 0.061 0.055 0.051 0.054 0.053 0.050 0.055 
L1-L2 bus util. = 0.235, L3 util. = 0.022
----------------------------------------

======================== 切片硬件状态 ========================
切片号 | 所属安全域 | 当前状态    | 路扩展 | LRU touched
------------------------------------------------------------------
  0    |   域0      | 正常运行   |  否   |  600999992
  1    |   域3      | 正常运行   |  是   |  600999986
  2    |   域3      | 正常运行   |  是   |  600999991
  3    |   域2      | 正常运行   |  否   |  600999998
==================================================================

branch prediction, hits = 133656828, misses = 29977247, hit rate = 81.68%
return_stack prediction, hits = 19916646, misses = 15302, hit rate = 99.92%
jump prediction, hits = 109256939, misses = 50094409, hit rate = 68.56%

**** Debug Statistics at 701000000 Cycles *****
Threads: 4		Fetch Width: 8
No of useful instructions fetched:	1643291849 (29.30% proc util.)
No of total instructions fetched:	2747120425 (48.99% proc util.)
 includes 235899341 misfetch (8.6%), 867929235 (31.6%) wrong-path fetches
 and 0 flushed after failed lock(0.0%)
No of useful instructions issued/executed:	1643291828 (29.30% proc util.)
No of total instructions issued/executed:	2108337984 (37.60% proc util.)
 includes 465046156 wrong-path (22.1%) insts and 0 flushed (0.0%)
	fp 94089, 0.00%
	synch 0, 0.00%
	integer 1348212903, 63.95%
	load/store 760030992, 36.05%
Avg size of int IQ (before scheduling): 21.13
Avg size of fp IQ (before scheduling): 0.00
No of cycles taken:		701000000
Parallelism [ 0.727, 0.000, 0.957, 0.661,] = 2.344
 IQ conflicts: 21617346 (3.08%), FQ conflicts: 0 (0.00%) 
 I reg conflicts: 162369044 (23.16%), FP reg conflicts: 0 (0.00%)
  Activelist confs: 36365 (0.01%), ROB confs: 2101274 (0.30%)
  Int unit conflicts: 562492680 (80.24%), FP unit conflicts: 11 (0.00%)
  Load/store unit conflicts: 174606331 (24.91%)
  MSHR conflicts: 160834897 (22.94%)
----------------------------------------
==== System-wide Cache Statistics ====
Stall for miss queue full 0 cycles (0.00%)
----------------------------------------
==== Statistics for Master ID: 0 ====
Reads: 436133145   Writes: 72025800
ICACHE: size: 64 KB assoc: 2
ICACHE: hits:244072731 misses:10341574  Hit Ratio: 95.94%
DCACHE: size: 1*16 KB assoc: 1*4
DCACHE: hits:247568402 misses:6176238 writebacks:2320269  Hit Ratio: 97.57%
SCACHE: size: 512 KB assoc: 2
SCACHE: hits:13170969 misses:3346842  Hit Ratio: 79.74%
3CACHE: size: 4096 KB assoc: 2
3CACHE: hits:2774742 misses:572100  Hit Ratio: 82.91%
3CACHE: dirty items replaced:277636
ITLB: size: 48, misses 853786, miss rate 0.34%
DTLB: size: 128, misses 1513011, miss rate 0.60%
Avg mem delay: 2.435 cycles
----------------------------------------
==== Statistics for Master ID: 2 ====
Reads: 495940855   Writes: 57116159
ICACHE: size: 64 KB assoc: 2
ICACHE: hits:267062705 misses:12400691  Hit Ratio: 95.56%
DCACHE: size: 1*16 KB assoc: 1*4
DCACHE: hits:265853650 misses:7740015 writebacks:827549  Hit Ratio: 97.17%
SCACHE: size: 512 KB assoc: 2
SCACHE: hits:17804615 misses:2336044  Hit Ratio: 88.40%
3CACHE: size: 4096 KB assoc: 2
3CACHE: hits:1932368 misses:403676  Hit Ratio: 82.72%
3CACHE: dirty items replaced:128959
ITLB: size: 48, misses 393561, miss rate 0.14%
DTLB: size: 128, misses 2355185, miss rate 0.86%
Avg mem delay: 2.435 cycles
----------------------------------------
==== Statistics for Master ID: 3 ====
Reads: 399610554   Writes: 64930776
ICACHE: size: 64 KB assoc: 2
ICACHE: hits:223006625 misses:10544022  Hit Ratio: 95.49%
DCACHE: size: 2*16 KB assoc: 2*4
DCACHE: hits:226387416 misses:4603266 writebacks:1222884  Hit Ratio: 98.01%
SCACHE: size: 512 KB assoc: 2
SCACHE: hits:11904078 misses:3243210  Hit Ratio: 78.59%
3CACHE: size: 4096 KB assoc: 2
3CACHE: hits:2716499 misses:526711  Hit Ratio: 83.76%
3CACHE: dirty items replaced:229487
ITLB: size: 48, misses 974156, miss rate 0.42%
DTLB: size: 128, misses 1674386, miss rate 0.72%
Avg mem delay: 2.435 cycles
----------------------------------------
==== Global Resource Utilization ====
STASH: size: 65536 entries, full 3384365725, empty 218971475, misses 19885549, full rate 93.41
icache bank util. 0.153 0.160 0.152 0.158 0.167 0.150 0.144 0.153 
dcache bank util. 0.140 0.138 0.142 0.126 0.166 0.164 0.154 0.149 
L2 bank util. 0.052 0.063 0.056 0.053 0.056 0.054 0.051 0.056 
L1-L2 bus util. = 0.240, L3 util. = 0.021
----------------------------------------

======================== 切片硬件状态 ========================
切片号 | 所属安全域 | 当前状态    | 路扩展 | LRU touched
------------------------------------------------------------------
  0    |   域0      | 正常运行   |  否   |  700999958
  1    |   域3      | 正常运行   |  是   |  700999997
  2    |   域3      | 正常运行   |  是   |  700999999
  3    |   域2      | 正常运行   |  否   |  700999999
==================================================================

branch prediction, hits = 155313303, misses = 34828704, hit rate = 81.68%
return_stack prediction, hits = 23283528, misses = 15818, hit rate = 99.93%
jump prediction, hits = 126668390, misses = 58904846, hit rate = 68.26%
 clorb_ clorb2_
**** Debug Statistics at 801000000 Cycles *****
Threads: 4		Fetch Width: 8
No of useful instructions fetched:	1888796155 (29.48% proc util.)
No of total instructions fetched:	3150421428 (49.16% proc util.)
 includes 271135542 misfetch (8.6%), 990489731 (31.4%) wrong-path fetches
 and 0 flushed after failed lock(0.0%)
No of useful instructions issued/executed:	1888796153 (29.48% proc util.)
No of total instructions issued/executed:	2418933636 (37.75% proc util.)
 includes 530137483 wrong-path (21.9%) insts and 0 flushed (0.0%)
	fp 99180, 0.00%
	synch 0, 0.00%
	integer 1548836596, 64.03%
	load/store 869997860, 35.97%
Avg size of int IQ (before scheduling): 21.06
Avg size of fp IQ (before scheduling): 0.00
No of cycles taken:		801000000
Parallelism [ 0.739, 0.000, 0.954, 0.666,] = 2.358
 IQ conflicts: 24686696 (3.08%), FQ conflicts: 0 (0.00%) 
 I reg conflicts: 183767721 (22.94%), FP reg conflicts: 0 (0.00%)
  Activelist confs: 40980 (0.01%), ROB confs: 2363490 (0.30%)
  Int unit conflicts: 652687715 (81.48%), FP unit conflicts: 11 (0.00%)
  Load/store unit conflicts: 195620637 (24.42%)
  MSHR conflicts: 182846109 (22.83%)
----------------------------------------
==== System-wide Cache Statistics ====
Stall for miss queue full 0 cycles (0.00%)
----------------------------------------
==== Statistics for Master ID: 0 ====
Reads: 500474684   Writes: 81332847
ICACHE: size: 64 KB assoc: 2
ICACHE: hits:279258995 misses:11988483  Hit Ratio: 95.88%
DCACHE: size: 1*16 KB assoc: 1*4
DCACHE: hits:283665546 misses:6894507 writebacks:2592771  Hit Ratio: 97.63%
SCACHE: size: 512 KB assoc: 2
SCACHE: hits:15119435 misses:3763555  Hit Ratio: 80.07%
3CACHE: size: 4096 KB assoc: 2
3CACHE: hits:3128775 misses:634780  Hit Ratio: 83.13%
3CACHE: dirty items replaced:321195
ITLB: size: 48, misses 997168, miss rate 0.34%
DTLB: size: 128, misses 1726540, miss rate 0.59%
Avg mem delay: 2.419 cycles
----------------------------------------
==== Statistics for Master ID: 2 ====
Reads: 565696720   Writes: 64844086
ICACHE: size: 64 KB assoc: 2
ICACHE: hits:305050126 misses:14216864  Hit Ratio: 95.55%
DCACHE: size: 1*16 KB assoc: 1*4
DCACHE: hits:302062128 misses:9211735 writebacks:971859  Hit Ratio: 97.04%
SCACHE: size: 512 KB assoc: 2
SCACHE: hits:20738339 misses:2690213  Hit Ratio: 88.52%
3CACHE: size: 4096 KB assoc: 2
3CACHE: hits:2239586 misses:450627  Hit Ratio: 83.25%
3CACHE: dirty items replaced:151212
ITLB: size: 48, misses 457304, miss rate 0.14%
DTLB: size: 128, misses 2682618, miss rate 0.86%
Avg mem delay: 2.419 cycles
----------------------------------------
==== Statistics for Master ID: 3 ====
Reads: 460628363   Writes: 74881569
ICACHE: size: 64 KB assoc: 2
ICACHE: hits:257250349 misses:12040133  Hit Ratio: 95.53%
DCACHE: size: 2*16 KB assoc: 2*4
DCACHE: hits:261079390 misses:5140059 writebacks:1373853  Hit Ratio: 98.07%
SCACHE: size: 512 KB assoc: 2
SCACHE: hits:13516492 misses:3663700  Hit Ratio: 78.67%
3CACHE: size: 4096 KB assoc: 2
3CACHE: hits:3065696 misses:598004  Hit Ratio: 83.68%
3CACHE: dirty items replaced:274368
ITLB: size: 48, misses 1109395, miss rate 0.41%
DTLB: size: 128, misses 1896852, miss rate 0.71%
Avg mem delay: 2.419 cycles
----------------------------------------
==== Global Resource Utilization ====
STASH: size: 65536 entries, full 3812204776, empty 247500789, misses 22324370, full rate 93.39
icache bank util. 0.152 0.162 0.152 0.157 0.167 0.151 0.144 0.156 
dcache bank util. 0.144 0.138 0.142 0.125 0.164 0.164 0.154 0.151 
L2 bank util. 0.052 0.063 0.056 0.052 0.056 0.055 0.051 0.056 
L1-L2 bus util. = 0.241, L3 util. = 0.021
----------------------------------------

======================== 切片硬件状态 ========================
切片号 | 所属安全域 | 当前状态    | 路扩展 | LRU touched
------------------------------------------------------------------
  0    |   域0      | 正常运行   |  否   |  800999969
  1    |   域3      | 正常运行   |  是   |  800999983
  2    |   域3      | 正常运行   |  是   |  800999992
  3    |   域2      | 正常运行   |  否   |  800999990
==================================================================

branch prediction, hits = 179149771, misses = 39943173, hit rate = 81.77%
return_stack prediction, hits = 26590701, misses = 18361, hit rate = 99.93%
jump prediction, hits = 145219359, misses = 67620472, hit rate = 68.23%
 combel_
**** Early Exiting at 848448699 Cycles *****
========================================
 SMTSIM Global Statistics
========================================
Threads: 4		Fetch Width: 8
No of useful instructions fetched:	2000000046 (29.47% proc util.)
No of total instructions fetched:	3338031531 (49.18% proc util.)
 includes 287923040 misfetch (8.6%), 1050108445 (31.5%) wrong-path fetches
 and 0 flushed after failed lock(0.0%)
No of useful instructions issued/executed:	2000000018 (29.47% proc util.)
No of total instructions issued/executed:	2561666075 (37.74% proc util.)
 includes 561666057 wrong-path (21.9%) insts and 0 flushed (0.0%)
	fp 103408, 0.00%
	synch 0, 0.00%
	integer 1639723160, 64.01%
	load/store 921839507, 35.99%
Avg size of int IQ (before scheduling): 20.99
Avg size of fp IQ (before scheduling): 0.00
No of cycles taken:		848448699
Parallelism [ 0.737, 0.000, 0.953, 0.667,] = 2.357
 IQ conflicts: 25821214 (3.04%), FQ conflicts: 0 (0.00%) 
 I reg conflicts: 193890598 (22.85%), FP reg conflicts: 0 (0.00%)
  Activelist confs: 42598 (0.01%), ROB confs: 2631369 (0.31%)
  Int unit conflicts: 688049525 (81.10%), FP unit conflicts: 11 (0.00%)
  Load/store unit conflicts: 213534134 (25.17%)
  MSHR conflicts: 206346864 (24.32%)
----------------------------------------
==== System-wide Cache Statistics ====
Stall for miss queue full 0 cycles (0.00%)
----------------------------------------
==== Statistics for Master ID: 0 ====
Reads: 528056963   Writes: 86625427
ICACHE: size: 64 KB assoc: 2
ICACHE: hits:294426182 misses:12844459  Hit Ratio: 95.82%
DCACHE: size: 1*16 KB assoc: 1*4
DCACHE: hits:300067695 misses:7344054 writebacks:2888850  Hit Ratio: 97.61%
SCACHE: size: 512 KB assoc: 2
SCACHE: hits:16214403 misses:3974110  Hit Ratio: 80.31%
3CACHE: size: 4096 KB assoc: 2
3CACHE: hits:3304891 misses:669219  Hit Ratio: 83.16%
3CACHE: dirty items replaced:347886
ITLB: size: 48, misses 1071130, miss rate 0.35%
DTLB: size: 128, misses 1838695, miss rate 0.60%
Avg mem delay: 2.431 cycles
----------------------------------------
==== Statistics for Master ID: 2 ====
Reads: 599716958   Writes: 68522769
ICACHE: size: 64 KB assoc: 2
ICACHE: hits:323449775 misses:15067558  Hit Ratio: 95.55%
DCACHE: size: 1*16 KB assoc: 1*4
DCACHE: hits:319734421 misses:9988020 writebacks:1042779  Hit Ratio: 96.97%
SCACHE: size: 512 KB assoc: 2
SCACHE: hits:22179200 misses:2876331  Hit Ratio: 88.52%
3CACHE: size: 4096 KB assoc: 2
3CACHE: hits:2402546 misses:473785  Hit Ratio: 83.53%
3CACHE: dirty items replaced:162103
ITLB: size: 48, misses 485858, miss rate 0.14%
DTLB: size: 128, misses 2848796, miss rate 0.86%
Avg mem delay: 2.431 cycles
----------------------------------------
==== Statistics for Master ID: 3 ====
Reads: 488920855   Writes: 79499174
ICACHE: size: 64 KB assoc: 2
ICACHE: hits:272940549 misses:12815316  Hit Ratio: 95.52%
DCACHE: size: 2*16 KB assoc: 2*4
DCACHE: hits:277331497 misses:5332666 writebacks:1430384  Hit Ratio: 98.11%
SCACHE: size: 512 KB assoc: 2
SCACHE: hits:14283385 misses:3864597  Hit Ratio: 78.71%
3CACHE: size: 4096 KB assoc: 2
3CACHE: hits:3237854 misses:626743  Hit Ratio: 83.78%
3CACHE: dirty items replaced:295228
ITLB: size: 48, misses 1178013, miss rate 0.41%
DTLB: size: 128, misses 2003497, miss rate 0.71%
Avg mem delay: 2.431 cycles
----------------------------------------
==== Global Resource Utilization ====
STASH: size: 65536 entries, full 4011222319, empty 261248436, misses 23497818, full rate 93.37
icache bank util. 0.152 0.162 0.152 0.158 0.168 0.151 0.144 0.155 
dcache bank util. 0.144 0.138 0.142 0.125 0.164 0.164 0.154 0.151 
L2 bank util. 0.052 0.064 0.056 0.053 0.056 0.055 0.051 0.056 
L1-L2 bus util. = 0.243, L3 util. = 0.021
----------------------------------------

======================== 切片硬件状态 ========================
切片号 | 所属安全域 | 当前状态    | 路扩展 | LRU touched
------------------------------------------------------------------
  0    |   域0      | 正常运行   |  否   |  848448542
  1    |   域3      | 正常运行   |  是   |  848448691
  2    |   域3      | 正常运行   |  是   |  848448690
  3    |   域2      | 正常运行   |  否   |  848448698
==================================================================

branch prediction, hits = 189044653, misses = 42450835, hit rate = 81.66%
return_stack prediction, hits = 28192935, misses = 19357, hit rate = 99.93%
jump prediction, hits = 153258021, misses = 71774577, hit rate = 68.10%
total IPC 2.357

=== Results saved to: ./results/gcc-expr_2_crafty_1_gcc-200_1.txt ===
