测试组合（多线程优先）：gcc-scilab.arg2 + equake.arg + gzip-program.arg
执行命令：./smtsim gcc-scilab.arg2 equake.arg gzip-program.arg
==================================================

 dgelq2_ dgelqf_equake: Reading nodes.
全共享缓存
Process 0, Thread 0: gcc-scilab
Process 0, Thread 1: gcc-scilab
Process 2, Thread 2: equake
Process 3, Thread 3: gzip-program

**** Debug Statistics at 1000000 Cycles *****
Threads: 4		Fetch Width: 8
No of useful instructions fetched:	869746 (10.87% proc util.)
No of total instructions fetched:	1119360 (13.99% proc util.)
 includes 17417 misfetch (1.6%), 232197 (20.7%) wrong-path fetches
 and 0 flushed after failed lock(0.0%)
No of useful instructions issued/executed:	869673 (10.87% proc util.)
No of total instructions issued/executed:	990374 (12.38% proc util.)
 includes 120701 wrong-path (12.2%) insts and 0 flushed (0.0%)
	fp 119, 0.01%
	synch 0, 0.00%
	integer 618152, 62.42%
	load/store 372103, 37.57%
Avg size of int IQ (before scheduling): 34.48
Avg size of fp IQ (before scheduling): 0.01
No of cycles taken:		1000000
Parallelism [ 0.282, 0.000, 0.459, 0.129,] = 0.870
 IQ conflicts: 14456 (1.45%), FQ conflicts: 0 (0.00%) 
 I reg conflicts: 792542 (79.25%), FP reg conflicts: 0 (0.00%)
  Activelist confs: 0 (0.00%), ROB confs: 0 (0.00%)
  Int unit conflicts: 224439 (22.44%), FP unit conflicts: 1 (0.00%)
  Load/store unit conflicts: 74581 (7.46%)
  MSHR conflicts: 1959625 (195.96%)
----------------------------------------
==== System-wide Cache Statistics ====
Stall for miss queue full 0 cycles (0.00%)
----------------------------------------
==== Statistics for Master ID: 0 ====
Reads: 237150   Writes: 39842
ICACHE: size: 64 KB assoc: 2
ICACHE: hits:139680 misses:347  Hit Ratio: 99.75%
DCACHE: size: 32 KB assoc: 8
DCACHE: hits:133895 misses:3070 writebacks:2706  Hit Ratio: 97.76%
SCACHE: size: 512 KB assoc: 2
SCACHE: hits:1038 misses:2379  Hit Ratio: 30.38%
3CACHE: size: 4096 KB assoc: 2
3CACHE: hits:96 misses:2283  Hit Ratio: 4.04%
3CACHE: dirty items replaced:1
ITLB: size: 48, misses 11, miss rate 0.01%
DTLB: size: 128, misses 490, miss rate 0.36%
Avg mem delay: 30.521 cycles
----------------------------------------
==== Statistics for Master ID: 2 ====
Reads: 239915   Writes: 74236
ICACHE: size: 64 KB assoc: 2
ICACHE: hits:141642 misses:524  Hit Ratio: 99.63%
DCACHE: size: 32 KB assoc: 8
DCACHE: hits:168919 misses:3066 writebacks:2661  Hit Ratio: 98.22%
SCACHE: size: 512 KB assoc: 2
SCACHE: hits:248 misses:3342  Hit Ratio: 6.91%
3CACHE: size: 4096 KB assoc: 2
3CACHE: hits:19 misses:3323  Hit Ratio: 0.57%
3CACHE: dirty items replaced:0
ITLB: size: 48, misses 29, miss rate 0.02%
DTLB: size: 128, misses 119, miss rate 0.07%
Avg mem delay: 30.521 cycles
----------------------------------------
==== Statistics for Master ID: 3 ====
Reads: 93284   Writes: 20955
ICACHE: size: 64 KB assoc: 2
ICACHE: hits:52148 misses:211  Hit Ratio: 99.60%
DCACHE: size: 32 KB assoc: 8
DCACHE: hits:41298 misses:20582 writebacks:20417  Hit Ratio: 66.74%
SCACHE: size: 512 KB assoc: 2
SCACHE: hits:381 misses:20412  Hit Ratio: 1.83%
3CACHE: size: 4096 KB assoc: 2
3CACHE: hits:0 misses:20412  Hit Ratio: 0.00%
3CACHE: dirty items replaced:13
ITLB: size: 48, misses 18, miss rate 0.03%
DTLB: size: 128, misses 5035, miss rate 8.14%
Avg mem delay: 30.521 cycles
----------------------------------------
==== Global Resource Utilization ====
STASH: size: 65536 entries, full 94799312, empty 5739818, misses 692186, full rate 93.65
icache bank util. 0.044 0.033 0.021 0.039 0.043 0.050 0.054 0.055 
dcache bank util. 0.035 0.023 0.063 0.068 0.068 0.040 0.199 0.033 
L2 bank util. 0.009 0.009 0.009 0.009 0.009 0.009 0.258 0.009 
L1-L2 bus util. = 0.161, L3 util. = 0.260
----------------------------------------
branch prediction, hits = 92366, misses = 9674, hit rate = 90.52%
return_stack prediction, hits = 15514, misses = 18, hit rate = 99.88%
jump prediction, hits = 110578, misses = 4426, hit rate = 96.15%
 dgels_
**** Debug Statistics at 101000000 Cycles *****
Threads: 4		Fetch Width: 8
No of useful instructions fetched:	170298554 (21.08% proc util.)
No of total instructions fetched:	227648336 (28.17% proc util.)
 includes 21538871 misfetch (9.5%), 35810911 (15.7%) wrong-path fetches
 and 0 flushed after failed lock(0.0%)
No of useful instructions issued/executed:	170298525 (21.08% proc util.)
No of total instructions issued/executed:	186723207 (23.11% proc util.)
 includes 16424682 wrong-path (8.8%) insts and 0 flushed (0.0%)
	fp 168628, 0.09%
	synch 0, 0.00%
	integer 124230213, 66.53%
	load/store 62324366, 33.38%
Avg size of int IQ (before scheduling): 20.29
Avg size of fp IQ (before scheduling): 0.01
No of cycles taken:		101000000
Parallelism [ 0.560, 0.000, 0.774, 0.353,] = 1.686
 IQ conflicts: 133166 (0.13%), FQ conflicts: 0 (0.00%) 
 I reg conflicts: 66177977 (65.52%), FP reg conflicts: 0 (0.00%)
  Activelist confs: 0 (0.00%), ROB confs: 475 (0.00%)
  Int unit conflicts: 21886194 (21.67%), FP unit conflicts: 4 (0.00%)
  Load/store unit conflicts: 6617647 (6.55%)
  MSHR conflicts: 52521255 (52.00%)
----------------------------------------
==== System-wide Cache Statistics ====
Stall for miss queue full 0 cycles (0.00%)
----------------------------------------
==== Statistics for Master ID: 0 ====
Reads: 43019403   Writes: 7726920
ICACHE: size: 64 KB assoc: 2
ICACHE: hits:24487343 misses:580132  Hit Ratio: 97.69%
DCACHE: size: 32 KB assoc: 8
DCACHE: hits:24909994 misses:768854 writebacks:768473  Hit Ratio: 97.01%
SCACHE: size: 512 KB assoc: 2
SCACHE: hits:975634 misses:373352  Hit Ratio: 72.32%
3CACHE: size: 4096 KB assoc: 2
3CACHE: hits:293388 misses:79964  Hit Ratio: 78.58%
3CACHE: dirty items replaced:9316
ITLB: size: 48, misses 27849, miss rate 0.11%
DTLB: size: 128, misses 25755, miss rate 0.10%
Avg mem delay: 5.545 cycles
----------------------------------------
==== Statistics for Master ID: 2 ====
Reads: 46449295   Writes: 8170026
ICACHE: size: 64 KB assoc: 2
ICACHE: hits:28537931 misses:277006  Hit Ratio: 99.04%
DCACHE: size: 32 KB assoc: 8
DCACHE: hits:25730804 misses:73580 writebacks:73167  Hit Ratio: 99.71%
SCACHE: size: 512 KB assoc: 2
SCACHE: hits:296823 misses:53763  Hit Ratio: 84.66%
3CACHE: size: 4096 KB assoc: 2
3CACHE: hits:23885 misses:29878  Hit Ratio: 44.43%
3CACHE: dirty items replaced:166
ITLB: size: 48, misses 503, miss rate 0.00%
DTLB: size: 128, misses 1362, miss rate 0.01%
Avg mem delay: 5.545 cycles
----------------------------------------
==== Statistics for Master ID: 3 ====
Reads: 19191318   Writes: 5282492
ICACHE: size: 64 KB assoc: 2
ICACHE: hits:13722639 misses:841  Hit Ratio: 99.99%
DCACHE: size: 32 KB assoc: 8
DCACHE: hits:9287118 misses:1463212 writebacks:1463047  Hit Ratio: 86.39%
SCACHE: size: 512 KB assoc: 2
SCACHE: hits:4493 misses:1459560  Hit Ratio: 0.31%
3CACHE: size: 4096 KB assoc: 2
3CACHE: hits:233 misses:1459326  Hit Ratio: 0.02%
3CACHE: dirty items replaced:65005
ITLB: size: 48, misses 69, miss rate 0.00%
DTLB: size: 128, misses 66088, miss rate 0.61%
Avg mem delay: 5.545 cycles
----------------------------------------
==== Global Resource Utilization ====
STASH: size: 65536 entries, full 338318482, empty 11734835, misses 1222438, full rate 96.31
icache bank util. 0.092 0.073 0.074 0.068 0.067 0.147 0.074 0.098 
dcache bank util. 0.072 0.106 0.111 0.115 0.099 0.074 0.092 0.085 
L2 bank util. 0.034 0.037 0.036 0.037 0.033 0.032 0.042 0.049 
L1-L2 bus util. = 0.162, L3 util. = 0.155
----------------------------------------
branch prediction, hits = 21199702, misses = 2236355, hit rate = 90.46%
return_stack prediction, hits = 3162470, misses = 1214, hit rate = 99.96%
jump prediction, hits = 18191446, misses = 5044985, hit rate = 78.29%

**** Debug Statistics at 201000000 Cycles *****
Threads: 4		Fetch Width: 8
No of useful instructions fetched:	490205182 (30.49% proc util.)
No of total instructions fetched:	681453001 (42.38% proc util.)
 includes 55151240 misfetch (8.1%), 136096579 (20.0%) wrong-path fetches
 and 0 flushed after failed lock(0.0%)
No of useful instructions issued/executed:	490205151 (30.49% proc util.)
No of total instructions issued/executed:	551851982 (34.32% proc util.)
 includes 61646831 wrong-path (11.2%) insts and 0 flushed (0.0%)
	fp 454059, 0.08%
	synch 0, 0.00%
	integer 372865026, 67.57%
	load/store 178532897, 32.35%
Avg size of int IQ (before scheduling): 21.32
Avg size of fp IQ (before scheduling): 0.01
No of cycles taken:		201000000
Parallelism [ 0.708, 0.000, 1.020, 0.711,] = 2.439
 IQ conflicts: 1033335 (0.51%), FQ conflicts: 0 (0.00%) 
 I reg conflicts: 95739381 (47.63%), FP reg conflicts: 0 (0.00%)
  Activelist confs: 0 (0.00%), ROB confs: 41802 (0.02%)
  Int unit conflicts: 167085690 (83.13%), FP unit conflicts: 4 (0.00%)
  Load/store unit conflicts: 24314246 (12.10%)
  MSHR conflicts: 94512521 (47.02%)
----------------------------------------
==== System-wide Cache Statistics ====
Stall for miss queue full 0 cycles (0.00%)
----------------------------------------
==== Statistics for Master ID: 0 ====
Reads: 114424125   Writes: 19285110
ICACHE: size: 64 KB assoc: 2
ICACHE: hits:65482321 misses:1516334  Hit Ratio: 97.74%
DCACHE: size: 32 KB assoc: 8
DCACHE: hits:64876741 misses:1833839 writebacks:1833458  Hit Ratio: 97.25%
SCACHE: size: 512 KB assoc: 2
SCACHE: hits:2655085 misses:695087  Hit Ratio: 79.25%
3CACHE: size: 4096 KB assoc: 2
3CACHE: hits:560679 misses:134408  Hit Ratio: 80.66%
3CACHE: dirty items replaced:21311
ITLB: size: 48, misses 67517, miss rate 0.10%
DTLB: size: 128, misses 76691, miss rate 0.11%
Avg mem delay: 3.115 cycles
----------------------------------------
==== Statistics for Master ID: 2 ====
Reads: 127005020   Writes: 21325660
ICACHE: size: 64 KB assoc: 2
ICACHE: hits:78992116 misses:766591  Hit Ratio: 99.04%
DCACHE: size: 32 KB assoc: 8
DCACHE: hits:68399654 misses:172319 writebacks:171906  Hit Ratio: 99.75%
SCACHE: size: 512 KB assoc: 2
SCACHE: hits:841597 misses:97313  Hit Ratio: 89.64%
3CACHE: size: 4096 KB assoc: 2
3CACHE: hits:53321 misses:43992  Hit Ratio: 54.79%
3CACHE: dirty items replaced:1065
ITLB: size: 48, misses 859, miss rate 0.00%
DTLB: size: 128, misses 4191, miss rate 0.01%
Avg mem delay: 3.115 cycles
----------------------------------------
==== Statistics for Master ID: 3 ====
Reads: 83373778   Writes: 14678027
ICACHE: size: 64 KB assoc: 2
ICACHE: hits:55078593 misses:22884  Hit Ratio: 99.96%
DCACHE: size: 32 KB assoc: 8
DCACHE: hits:40080890 misses:2869438 writebacks:2869273  Hit Ratio: 93.32%
SCACHE: size: 512 KB assoc: 2
SCACHE: hits:706280 misses:2186042  Hit Ratio: 24.42%
3CACHE: size: 4096 KB assoc: 2
3CACHE: hits:60492 misses:2125550  Hit Ratio: 2.77%
3CACHE: dirty items replaced:109444
ITLB: size: 48, misses 343, miss rate 0.00%
DTLB: size: 128, misses 102685, miss rate 0.24%
Avg mem delay: 3.115 cycles
----------------------------------------
==== Global Resource Utilization ====
STASH: size: 65536 entries, full 836303934, empty 19209853, misses 1879992, full rate 97.54
icache bank util. 0.137 0.118 0.111 0.105 0.118 0.194 0.119 0.137 
dcache bank util. 0.101 0.144 0.150 0.152 0.138 0.093 0.141 0.114 
L2 bank util. 0.036 0.041 0.039 0.041 0.036 0.034 0.040 0.045 
L1-L2 bus util. = 0.180, L3 util. = 0.115
----------------------------------------
branch prediction, hits = 54274585, misses = 7050013, hit rate = 88.50%
return_stack prediction, hits = 8735685, misses = 1305, hit rate = 99.99%
jump prediction, hits = 47946766, misses = 13340355, hit rate = 78.23%
equake: Reading elements.
 dgemm_
**** Debug Statistics at 301000000 Cycles *****
Threads: 4		Fetch Width: 8
No of useful instructions fetched:	906415413 (37.64% proc util.)
No of total instructions fetched:	1238057797 (51.41% proc util.)
 includes 82423775 misfetch (6.7%), 249218609 (20.1%) wrong-path fetches
 and 0 flushed after failed lock(0.0%)
No of useful instructions issued/executed:	906415361 (37.64% proc util.)
No of total instructions issued/executed:	1018333615 (42.29% proc util.)
 includes 111918254 wrong-path (11.0%) insts and 0 flushed (0.0%)
	fp 644446, 0.06%
	synch 0, 0.00%
	integer 695452518, 68.29%
	load/store 322236651, 31.64%
Avg size of int IQ (before scheduling): 22.49
Avg size of fp IQ (before scheduling): 0.01
No of cycles taken:		301000000
Parallelism [ 0.812, 0.000, 1.229, 0.970,] = 3.011
 IQ conflicts: 1872764 (0.62%), FQ conflicts: 0 (0.00%) 
 I reg conflicts: 109605873 (36.41%), FP reg conflicts: 0 (0.00%)
  Activelist confs: 215 (0.00%), ROB confs: 117323 (0.04%)
  Int unit conflicts: 425068939 (141.22%), FP unit conflicts: 6 (0.00%)
  Load/store unit conflicts: 51150371 (16.99%)
  MSHR conflicts: 118347848 (39.32%)
----------------------------------------
==== System-wide Cache Statistics ====
Stall for miss queue full 0 cycles (0.00%)
----------------------------------------
==== Statistics for Master ID: 0 ====
Reads: 195690154   Writes: 32648141
ICACHE: size: 64 KB assoc: 2
ICACHE: hits:113283681 misses:2229802  Hit Ratio: 98.07%
DCACHE: size: 32 KB assoc: 8
DCACHE: hits:109967447 misses:2857365 writebacks:2856984  Hit Ratio: 97.47%
SCACHE: size: 512 KB assoc: 2
SCACHE: hits:4075657 misses:1011510  Hit Ratio: 80.12%
3CACHE: size: 4096 KB assoc: 2
3CACHE: hits:823171 misses:188339  Hit Ratio: 81.38%
3CACHE: dirty items replaced:34895
ITLB: size: 48, misses 122700, miss rate 0.11%
DTLB: size: 128, misses 138874, miss rate 0.12%
Avg mem delay: 2.179 cycles
----------------------------------------
==== Statistics for Master ID: 2 ====
Reads: 227518883   Writes: 39533661
ICACHE: size: 64 KB assoc: 2
ICACHE: hits:141577016 misses:1082617  Hit Ratio: 99.24%
DCACHE: size: 32 KB assoc: 8
DCACHE: hits:124065176 misses:327735 writebacks:327322  Hit Ratio: 99.74%
SCACHE: size: 512 KB assoc: 2
SCACHE: hits:1187530 misses:222822  Hit Ratio: 84.20%
3CACHE: size: 4096 KB assoc: 2
3CACHE: hits:68215 misses:154607  Hit Ratio: 30.61%
3CACHE: dirty items replaced:18230
ITLB: size: 48, misses 1332, miss rate 0.00%
DTLB: size: 128, misses 8207, miss rate 0.01%
Avg mem delay: 2.179 cycles
----------------------------------------
==== Statistics for Master ID: 3 ====
Reads: 168597727   Writes: 25274413
ICACHE: size: 64 KB assoc: 2
ICACHE: hits:109271860 misses:49282  Hit Ratio: 99.95%
DCACHE: size: 32 KB assoc: 8
DCACHE: hits:80709715 misses:3841283 writebacks:3841118  Hit Ratio: 95.46%
SCACHE: size: 512 KB assoc: 2
SCACHE: hits:1569692 misses:2320873  Hit Ratio: 40.35%
3CACHE: size: 4096 KB assoc: 2
3CACHE: hits:165042 misses:2155831  Hit Ratio: 7.11%
3CACHE: dirty items replaced:114603
ITLB: size: 48, misses 714, miss rate 0.00%
DTLB: size: 128, misses 118296, miss rate 0.14%
Avg mem delay: 2.179 cycles
----------------------------------------
==== Global Resource Utilization ====
STASH: size: 65536 entries, full 1447840210, empty 27527815, misses 2602722, full rate 97.96
icache bank util. 0.165 0.143 0.138 0.136 0.151 0.209 0.150 0.162 
dcache bank util. 0.110 0.165 0.181 0.177 0.165 0.110 0.174 0.127 
L2 bank util. 0.035 0.038 0.036 0.038 0.033 0.031 0.036 0.042 
L1-L2 bus util. = 0.174, L3 util. = 0.083
----------------------------------------
branch prediction, hits = 95528644, misses = 11815958, hit rate = 88.99%
return_stack prediction, hits = 16065422, misses = 3043, hit rate = 99.98%
jump prediction, hits = 89244197, misses = 20175789, hit rate = 81.56%
 dgemv_ dgeqr2_
**** Debug Statistics at 401000000 Cycles *****
Threads: 4		Fetch Width: 8
No of useful instructions fetched:	1356513808 (42.29% proc util.)
No of total instructions fetched:	1838948403 (57.32% proc util.)
 includes 112725449 misfetch (6.1%), 369709146 (20.1%) wrong-path fetches
 and 0 flushed after failed lock(0.0%)
No of useful instructions issued/executed:	1356513772 (42.29% proc util.)
No of total instructions issued/executed:	1522413496 (47.46% proc util.)
 includes 165899724 wrong-path (10.9%) insts and 0 flushed (0.0%)
	fp 752144, 0.05%
	synch 0, 0.00%
	integer 1041698136, 68.42%
	load/store 479963216, 31.53%
Avg size of int IQ (before scheduling): 23.28
Avg size of fp IQ (before scheduling): 0.01
No of cycles taken:		401000000
Parallelism [ 0.879, 0.000, 1.380, 1.124,] = 3.383
 IQ conflicts: 2485665 (0.62%), FQ conflicts: 0 (0.00%) 
 I reg conflicts: 116017427 (28.93%), FP reg conflicts: 0 (0.00%)
  Activelist confs: 331 (0.00%), ROB confs: 230564 (0.06%)
  Int unit conflicts: 708517790 (176.69%), FP unit conflicts: 6 (0.00%)
  Load/store unit conflicts: 79987394 (19.95%)
  MSHR conflicts: 137318404 (34.24%)
----------------------------------------
==== System-wide Cache Statistics ====
Stall for miss queue full 0 cycles (0.00%)
----------------------------------------
==== Statistics for Master ID: 0 ====
Reads: 284012622   Writes: 47212052
ICACHE: size: 64 KB assoc: 2
ICACHE: hits:164510777 misses:3080836  Hit Ratio: 98.16%
DCACHE: size: 32 KB assoc: 8
DCACHE: hits:159683672 misses:3949389 writebacks:3949008  Hit Ratio: 97.59%
SCACHE: size: 512 KB assoc: 2
SCACHE: hits:5743265 misses:1286960  Hit Ratio: 81.69%
3CACHE: size: 4096 KB assoc: 2
3CACHE: hits:1041133 misses:245827  Hit Ratio: 80.90%
3CACHE: dirty items replaced:61425
ITLB: size: 48, misses 189718, miss rate 0.11%
DTLB: size: 128, misses 198409, miss rate 0.12%
Avg mem delay: 1.782 cycles
----------------------------------------
==== Statistics for Master ID: 2 ====
Reads: 337466183   Writes: 58784563
ICACHE: size: 64 KB assoc: 2
ICACHE: hits:210157547 misses:1444213  Hit Ratio: 99.32%
DCACHE: size: 32 KB assoc: 8
DCACHE: hits:184275721 misses:373265 writebacks:372852  Hit Ratio: 99.80%
SCACHE: size: 512 KB assoc: 2
SCACHE: hits:1566360 misses:251118  Hit Ratio: 86.18%
3CACHE: size: 4096 KB assoc: 2
3CACHE: hits:80240 misses:170878  Hit Ratio: 31.95%
3CACHE: dirty items replaced:25941
ITLB: size: 48, misses 1596, miss rate 0.00%
DTLB: size: 128, misses 10006, miss rate 0.01%
Avg mem delay: 1.782 cycles
----------------------------------------
==== Statistics for Master ID: 3 ====
Reads: 261801864   Writes: 37681267
ICACHE: size: 64 KB assoc: 2
ICACHE: hits:168353465 misses:80115  Hit Ratio: 99.95%
DCACHE: size: 32 KB assoc: 8
DCACHE: hits:125987270 misses:5062281 writebacks:5062116  Hit Ratio: 96.14%
SCACHE: size: 512 KB assoc: 2
SCACHE: hits:2695426 misses:2446970  Hit Ratio: 52.42%
3CACHE: size: 4096 KB assoc: 2
3CACHE: hits:261212 misses:2185758  Hit Ratio: 10.67%
3CACHE: dirty items replaced:125629
ITLB: size: 48, misses 1168, miss rate 0.00%
DTLB: size: 128, misses 132586, miss rate 0.10%
Avg mem delay: 1.782 cycles
----------------------------------------
==== Global Resource Utilization ====
STASH: size: 65536 entries, full 2109868868, empty 37286027, misses 3444688, full rate 98.11
icache bank util. 0.188 0.163 0.157 0.154 0.170 0.219 0.169 0.180 
dcache bank util. 0.118 0.183 0.207 0.193 0.184 0.119 0.195 0.137 
L2 bank util. 0.035 0.038 0.036 0.037 0.033 0.031 0.035 0.040 
L1-L2 bus util. = 0.175, L3 util. = 0.065
----------------------------------------
branch prediction, hits = 140807396, misses = 16841128, hit rate = 89.32%
return_stack prediction, hits = 24622205, misses = 4542, hit rate = 99.98%
jump prediction, hits = 134116799, misses = 27773875, hit rate = 82.84%
 dgeqrf_ dger_
**** Debug Statistics at 501000000 Cycles *****
Threads: 4		Fetch Width: 8
No of useful instructions fetched:	1800489819 (44.92% proc util.)
No of total instructions fetched:	2442982480 (60.95% proc util.)
 includes 146030843 misfetch (6.0%), 496461818 (20.3%) wrong-path fetches
 and 0 flushed after failed lock(0.0%)
No of useful instructions issued/executed:	1800489798 (44.92% proc util.)
No of total instructions issued/executed:	2023727484 (50.49% proc util.)
 includes 223237686 wrong-path (11.0%) insts and 0 flushed (0.0%)
	fp 856827, 0.04%
	synch 0, 0.00%
	integer 1385476772, 68.46%
	load/store 637393885, 31.50%
Avg size of int IQ (before scheduling): 23.57
Avg size of fp IQ (before scheduling): 0.01
No of cycles taken:		501000000
Parallelism [ 0.913, 0.000, 1.467, 1.214,] = 3.594
 IQ conflicts: 2945357 (0.59%), FQ conflicts: 0 (0.00%) 
 I reg conflicts: 122004202 (24.35%), FP reg conflicts: 0 (0.00%)
  Activelist confs: 385 (0.00%), ROB confs: 278109 (0.06%)
  Int unit conflicts: 967574135 (193.13%), FP unit conflicts: 6 (0.00%)
  Load/store unit conflicts: 107234224 (21.40%)
  MSHR conflicts: 150922733 (30.12%)
----------------------------------------
==== System-wide Cache Statistics ====
Stall for miss queue full 0 cycles (0.00%)
----------------------------------------
==== Statistics for Master ID: 0 ====
Reads: 374351068   Writes: 61549732
ICACHE: size: 64 KB assoc: 2
ICACHE: hits:216739280 misses:4075722  Hit Ratio: 98.15%
DCACHE: size: 32 KB assoc: 8
DCACHE: hits:210073819 misses:5011979 writebacks:5011598  Hit Ratio: 97.67%
SCACHE: size: 512 KB assoc: 2
SCACHE: hits:7559949 misses:1527751  Hit Ratio: 83.19%
3CACHE: size: 4096 KB assoc: 2
3CACHE: hits:1235954 misses:291797  Hit Ratio: 80.90%
3CACHE: dirty items replaced:80660
ITLB: size: 48, misses 244263, miss rate 0.11%
DTLB: size: 128, misses 255802, miss rate 0.12%
Avg mem delay: 1.586 cycles
----------------------------------------
==== Statistics for Master ID: 2 ====
Reads: 446697089   Writes: 77825892
ICACHE: size: 64 KB assoc: 2
ICACHE: hits:278282763 misses:1871682  Hit Ratio: 99.33%
DCACHE: size: 32 KB assoc: 8
DCACHE: hits:243950298 misses:418238 writebacks:417825  Hit Ratio: 99.83%
SCACHE: size: 512 KB assoc: 2
SCACHE: hits:2009509 misses:280411  Hit Ratio: 87.75%
3CACHE: size: 4096 KB assoc: 2
3CACHE: hits:93594 misses:186817  Hit Ratio: 33.38%
3CACHE: dirty items replaced:32369
ITLB: size: 48, misses 1845, miss rate 0.00%
DTLB: size: 128, misses 11872, miss rate 0.00%
Avg mem delay: 1.586 cycles
----------------------------------------
==== Statistics for Master ID: 3 ====
Reads: 355111586   Writes: 49694083
ICACHE: size: 64 KB assoc: 2
ICACHE: hits:227608913 misses:117558  Hit Ratio: 99.95%
DCACHE: size: 32 KB assoc: 8
DCACHE: hits:170760264 misses:6318934 writebacks:6318769  Hit Ratio: 96.43%
SCACHE: size: 512 KB assoc: 2
SCACHE: hits:3873147 misses:2563345  Hit Ratio: 60.17%
3CACHE: size: 4096 KB assoc: 2
3CACHE: hits:348758 misses:2214587  Hit Ratio: 13.61%
3CACHE: dirty items replaced:134407
ITLB: size: 48, misses 1589, miss rate 0.00%
DTLB: size: 128, misses 147194, miss rate 0.08%
Avg mem delay: 1.586 cycles
----------------------------------------
==== Global Resource Utilization ====
STASH: size: 65536 entries, full 2775584232, empty 47702432, misses 4356873, full rate 98.16
icache bank util. 0.202 0.175 0.169 0.166 0.182 0.226 0.181 0.190 
dcache bank util. 0.123 0.193 0.221 0.203 0.195 0.123 0.208 0.147 
L2 bank util. 0.035 0.039 0.036 0.037 0.032 0.031 0.034 0.040 
L1-L2 bus util. = 0.177, L3 util. = 0.054
----------------------------------------
branch prediction, hits = 185477705, misses = 22257493, hit rate = 89.29%
return_stack prediction, hits = 33240045, misses = 5722, hit rate = 99.98%
jump prediction, hits = 177819089, misses = 36171923, hit rate = 83.10%
 dlabad_ dlacon_ dlae2_
**** Early Exiting at 545718699 Cycles *****
========================================
 SMTSIM Global Statistics
========================================
Threads: 4		Fetch Width: 8
No of useful instructions fetched:	2000000038 (45.81% proc util.)
No of total instructions fetched:	2713525748 (62.15% proc util.)
 includes 160116790 misfetch (5.9%), 553408920 (20.4%) wrong-path fetches
 and 0 flushed after failed lock(0.0%)
No of useful instructions issued/executed:	2000000025 (45.81% proc util.)
No of total instructions issued/executed:	2248828546 (51.51% proc util.)
 includes 248828521 wrong-path (11.1%) insts and 0 flushed (0.0%)
	fp 904680, 0.04%
	synch 0, 0.00%
	integer 1540231976, 68.49%
	load/store 707691890, 31.47%
Avg size of int IQ (before scheduling): 23.65
Avg size of fp IQ (before scheduling): 0.01
No of cycles taken:		545718699
Parallelism [ 0.921, 0.000, 1.498, 1.246,] = 3.665
 IQ conflicts: 3116428 (0.57%), FQ conflicts: 0 (0.00%) 
 I reg conflicts: 124555834 (22.82%), FP reg conflicts: 0 (0.00%)
  Activelist confs: 587 (0.00%), ROB confs: 300547 (0.06%)
  Int unit conflicts: 1083126987 (198.48%), FP unit conflicts: 8 (0.00%)
  Load/store unit conflicts: 118843645 (21.78%)
  MSHR conflicts: 156191093 (28.62%)
----------------------------------------
==== System-wide Cache Statistics ====
Stall for miss queue full 0 cycles (0.00%)
----------------------------------------
==== Statistics for Master ID: 0 ====
Reads: 413073340   Writes: 67653532
ICACHE: size: 64 KB assoc: 2
ICACHE: hits:239174796 misses:4531202  Hit Ratio: 98.14%
DCACHE: size: 32 KB assoc: 8
DCACHE: hits:231584081 misses:5436793 writebacks:5436412  Hit Ratio: 97.71%
SCACHE: size: 512 KB assoc: 2
SCACHE: hits:8311328 misses:1656667  Hit Ratio: 83.38%
3CACHE: size: 4096 KB assoc: 2
3CACHE: hits:1344481 misses:312186  Hit Ratio: 81.16%
3CACHE: dirty items replaced:89423
ITLB: size: 48, misses 277158, miss rate 0.11%
DTLB: size: 128, misses 282621, miss rate 0.12%
Avg mem delay: 1.521 cycles
----------------------------------------
==== Statistics for Master ID: 2 ====
Reads: 496273870   Writes: 86413081
ICACHE: size: 64 KB assoc: 2
ICACHE: hits:309208301 misses:2048662  Hit Ratio: 99.34%
DCACHE: size: 32 KB assoc: 8
DCACHE: hits:270992388 misses:437600 writebacks:437187  Hit Ratio: 99.84%
SCACHE: size: 512 KB assoc: 2
SCACHE: hits:2192143 misses:294119  Hit Ratio: 88.17%
3CACHE: size: 4096 KB assoc: 2
3CACHE: hits:100284 misses:193835  Hit Ratio: 34.10%
3CACHE: dirty items replaced:33953
ITLB: size: 48, misses 1972, miss rate 0.00%
DTLB: size: 128, misses 12753, miss rate 0.00%
Avg mem delay: 1.521 cycles
----------------------------------------
==== Statistics for Master ID: 3 ====
Reads: 397910915   Writes: 55280880
ICACHE: size: 64 KB assoc: 2
ICACHE: hits:254765405 misses:131398  Hit Ratio: 99.95%
DCACHE: size: 32 KB assoc: 8
DCACHE: hits:191433886 misses:6861106 writebacks:6860941  Hit Ratio: 96.54%
SCACHE: size: 512 KB assoc: 2
SCACHE: hits:4373570 misses:2618934  Hit Ratio: 62.55%
3CACHE: size: 4096 KB assoc: 2
3CACHE: hits:392798 misses:2226136  Hit Ratio: 15.00%
3CACHE: dirty items replaced:140678
ITLB: size: 48, misses 1796, miss rate 0.00%
DTLB: size: 128, misses 153503, miss rate 0.08%
Avg mem delay: 1.521 cycles
----------------------------------------
==== Global Resource Utilization ====
STASH: size: 65536 entries, full 3073404100, empty 52802879, misses 4795481, full rate 98.16
icache bank util. 0.206 0.179 0.173 0.169 0.186 0.228 0.185 0.194 
dcache bank util. 0.123 0.196 0.226 0.206 0.198 0.125 0.212 0.149 
L2 bank util. 0.035 0.039 0.036 0.036 0.032 0.030 0.033 0.040 
L1-L2 bus util. = 0.177, L3 util. = 0.050
----------------------------------------
branch prediction, hits = 205269771, misses = 24696179, hit rate = 89.26%
return_stack prediction, hits = 37130632, misses = 6617, hit rate = 99.98%
jump prediction, hits = 197665218, misses = 39737205, hit rate = 83.26%
total IPC 3.665

=== Results saved to: ./results/gcc-scilab_2_equake_1_gzip-program_1.txt ===
