测试组合（多线程优先）：gzip-program.arg3 + equake.arg
执行命令：./smtsim gzip-program.arg3 equake.arg
==================================================

equake: Reading nodes.
Process 0, Thread 0: gzip-program
Process 0, Thread 1: gzip-program
Process 0, Thread 2: gzip-program
Process 3, Thread 3: equake

**** Debug Statistics at 1000000 Cycles *****
Threads: 4		Fetch Width: 8
No of useful instructions fetched:	1791611 (22.40% proc util.)
No of total instructions fetched:	2385069 (29.81% proc util.)
 includes 5436 misfetch (0.2%), 588022 (24.7%) wrong-path fetches
 and 0 flushed after failed lock(0.0%)
No of useful instructions issued/executed:	1791604 (22.40% proc util.)
No of total instructions issued/executed:	2053962 (25.67% proc util.)
 includes 262358 wrong-path (12.8%) insts and 0 flushed (0.0%)
	fp 137, 0.01%
	synch 0, 0.00%
	integer 1451159, 70.65%
	load/store 602666, 29.34%
Avg size of int IQ (before scheduling): 13.09
Avg size of fp IQ (before scheduling): 0.00
No of cycles taken:		1000000
Parallelism [ 0.772, 0.000, 0.000, 1.020,] = 1.792
 IQ conflicts: 1322 (0.13%), FQ conflicts: 0 (0.00%) 
 I reg conflicts: 619987 (62.00%), FP reg conflicts: 0 (0.00%)
  Activelist confs: 0 (0.00%), ROB confs: 0 (0.00%)
  Int unit conflicts: 837403 (83.74%), FP unit conflicts: 2 (0.00%)
  Load/store unit conflicts: 57379 (5.74%)
  MSHR conflicts: 39776 (3.98%)
----------------------------------------
==== System-wide Cache Statistics ====
Stall for miss queue full 0 cycles (0.00%)
----------------------------------------
==== Statistics for Master ID: 0 ====
Reads: 518815   Writes: 41574
ICACHE: size: 64 KB assoc: 2
ICACHE: hits:339666 misses:107  Hit Ratio: 99.97%
DCACHE: size: 32 KB assoc: 8
DCACHE: hits:214365 misses:6251 writebacks:5541  Hit Ratio: 97.17%
SCACHE: size: 512 KB assoc: 2
SCACHE: hits:4123 misses:2235  Hit Ratio: 64.85%
3CACHE: size: 4096 KB assoc: 2
3CACHE: hits:83 misses:2152  Hit Ratio: 3.71%
3CACHE: dirty items replaced:1
ITLB: size: 48, misses 5, miss rate 0.00%
DTLB: size: 128, misses 66, miss rate 0.03%
Avg mem delay: 1.272 cycles
----------------------------------------
==== Statistics for Master ID: 3 ====
Reads: 555115   Writes: 160138
ICACHE: size: 64 KB assoc: 2
ICACHE: hits:334730 misses:483  Hit Ratio: 99.86%
DCACHE: size: 32 KB assoc: 8
DCACHE: hits:373616 misses:6424 writebacks:6071  Hit Ratio: 98.31%
SCACHE: size: 512 KB assoc: 2
SCACHE: hits:296 misses:6611  Hit Ratio: 4.29%
3CACHE: size: 4096 KB assoc: 2
3CACHE: hits:4 misses:6607  Hit Ratio: 0.06%
3CACHE: dirty items replaced:0
ITLB: size: 48, misses 28, miss rate 0.01%
DTLB: size: 128, misses 127, miss rate 0.03%
Avg mem delay: 1.272 cycles
----------------------------------------
==== Global Resource Utilization ====
STASH: size: 65536 entries, full 3502626847, empty 10674, misses 923, full rate 100.00
icache bank util. 0.066 0.059 0.043 0.084 0.121 0.138 0.100 0.066 
dcache bank util. 0.053 0.066 0.088 0.168 0.122 0.059 0.067 0.051 
L2 bank util. 0.017 0.017 0.016 0.018 0.016 0.016 0.017 0.020 
L1-L2 bus util. = 0.075, L3 util. = 0.088
----------------------------------------
branch prediction, hits = 169270, misses = 19833, hit rate = 89.51%
return_stack prediction, hits = 24745, misses = 9, hit rate = 99.96%
jump prediction, hits = 222668, misses = 1190, hit rate = 99.47%

**** Debug Statistics at 101000000 Cycles *****
Threads: 4		Fetch Width: 8
No of useful instructions fetched:	441625526 (54.66% proc util.)
No of total instructions fetched:	599088876 (74.14% proc util.)
 includes 24292204 misfetch (4.1%), 133171146 (22.2%) wrong-path fetches
 and 0 flushed after failed lock(0.0%)
No of useful instructions issued/executed:	441625497 (54.66% proc util.)
No of total instructions issued/executed:	498857321 (61.74% proc util.)
 includes 57231824 wrong-path (11.5%) insts and 0 flushed (0.0%)
	fp 567901, 0.11%
	synch 0, 0.00%
	integer 354427093, 71.05%
	load/store 143862327, 28.84%
Avg size of int IQ (before scheduling): 28.44
Avg size of fp IQ (before scheduling): 0.04
No of cycles taken:		101000000
Parallelism [ 2.084, 0.000, 0.000, 2.289,] = 4.373
 IQ conflicts: 922761 (0.91%), FQ conflicts: 0 (0.00%) 
 I reg conflicts: 6226068 (6.16%), FP reg conflicts: 0 (0.00%)
  Activelist confs: 868 (0.00%), ROB confs: 0 (0.00%)
  Int unit conflicts: 218812414 (216.65%), FP unit conflicts: 2 (0.00%)
  Load/store unit conflicts: 17572664 (17.40%)
  MSHR conflicts: 13357383 (13.23%)
----------------------------------------
==== System-wide Cache Statistics ====
Stall for miss queue full 0 cycles (0.00%)
----------------------------------------
==== Statistics for Master ID: 0 ====
Reads: 133161733   Writes: 16191111
ICACHE: size: 64 KB assoc: 2
ICACHE: hits:86551616 misses:4950  Hit Ratio: 99.99%
DCACHE: size: 32 KB assoc: 8
DCACHE: hits:61613224 misses:1183054 writebacks:1182344  Hit Ratio: 98.12%
SCACHE: size: 512 KB assoc: 2
SCACHE: hits:1140969 misses:47035  Hit Ratio: 96.04%
3CACHE: size: 4096 KB assoc: 2
3CACHE: hits:14421 misses:32614  Hit Ratio: 30.66%
3CACHE: dirty items replaced:33
ITLB: size: 48, misses 9, miss rate 0.00%
DTLB: size: 128, misses 1024, miss rate 0.00%
Avg mem delay: 0.700 cycles
----------------------------------------
==== Statistics for Master ID: 3 ====
Reads: 146130068   Writes: 25173446
ICACHE: size: 64 KB assoc: 2
ICACHE: hits:90287034 misses:9294  Hit Ratio: 99.99%
DCACHE: size: 32 KB assoc: 8
DCACHE: hits:80938888 misses:68298 writebacks:67943  Hit Ratio: 99.92%
SCACHE: size: 512 KB assoc: 2
SCACHE: hits:36211 misses:41381  Hit Ratio: 46.67%
3CACHE: size: 4096 KB assoc: 2
3CACHE: hits:16974 misses:24407  Hit Ratio: 41.02%
3CACHE: dirty items replaced:53
ITLB: size: 48, misses 28, miss rate 0.00%
DTLB: size: 128, misses 763, miss rate 0.00%
Avg mem delay: 0.700 cycles
----------------------------------------
==== Global Resource Utilization ====
STASH: size: 65536 entries, full 4171592062, empty 12487, misses 1019, full rate 100.00
icache bank util. 0.235 0.182 0.179 0.177 0.229 0.270 0.236 0.244 
dcache bank util. 0.105 0.241 0.252 0.220 0.218 0.095 0.240 0.127 
L2 bank util. 0.013 0.013 0.012 0.014 0.012 0.012 0.012 0.017 
L1-L2 bus util. = 0.075, L3 util. = 0.006
----------------------------------------
branch prediction, hits = 41112657, misses = 3902754, hit rate = 91.33%
return_stack prediction, hits = 8490091, misses = 9, hit rate = 100.00%
jump prediction, hits = 45790436, misses = 4172054, hit rate = 91.65%
equake: Reading elements.

**** Debug Statistics at 201000000 Cycles *****
Threads: 4		Fetch Width: 8
No of useful instructions fetched:	875501112 (54.45% proc util.)
No of total instructions fetched:	1140062977 (70.90% proc util.)
 includes 39189976 misfetch (3.4%), 225371889 (19.8%) wrong-path fetches
 and 0 flushed after failed lock(0.0%)
No of useful instructions issued/executed:	875501094 (54.45% proc util.)
No of total instructions issued/executed:	973410850 (60.54% proc util.)
 includes 97909756 wrong-path (10.1%) insts and 0 flushed (0.0%)
	fp 746428, 0.08%
	synch 0, 0.00%
	integer 690841805, 70.97%
	load/store 281822617, 28.95%
Avg size of int IQ (before scheduling): 28.10
Avg size of fp IQ (before scheduling): 0.02
No of cycles taken:		201000000
Parallelism [ 2.020, 0.000, 0.000, 2.336,] = 4.356
 IQ conflicts: 1275852 (0.63%), FQ conflicts: 0 (0.00%) 
 I reg conflicts: 20832089 (10.36%), FP reg conflicts: 0 (0.00%)
  Activelist confs: 1941 (0.00%), ROB confs: 0 (0.00%)
  Int unit conflicts: 463696806 (230.69%), FP unit conflicts: 4 (0.00%)
  Load/store unit conflicts: 36683999 (18.25%)
  MSHR conflicts: 27353389 (13.61%)
----------------------------------------
==== System-wide Cache Statistics ====
Stall for miss queue full 0 cycles (0.00%)
----------------------------------------
==== Statistics for Master ID: 0 ====
Reads: 253989858   Writes: 31331170
ICACHE: size: 64 KB assoc: 2
ICACHE: hits:165014094 misses:5804  Hit Ratio: 100.00%
DCACHE: size: 32 KB assoc: 8
DCACHE: hits:117951026 misses:2350104 writebacks:2349394  Hit Ratio: 98.05%
SCACHE: size: 512 KB assoc: 2
SCACHE: hits:2249129 misses:106779  Hit Ratio: 95.47%
3CACHE: size: 4096 KB assoc: 2
3CACHE: hits:41060 misses:65719  Hit Ratio: 38.45%
3CACHE: dirty items replaced:2271
ITLB: size: 48, misses 9, miss rate 0.00%
DTLB: size: 128, misses 2116, miss rate 0.00%
Avg mem delay: 0.713 cycles
----------------------------------------
==== Statistics for Master ID: 3 ====
Reads: 282044379   Writes: 51954708
ICACHE: size: 64 KB assoc: 2
ICACHE: hits:172553539 misses:10326  Hit Ratio: 99.99%
DCACHE: size: 32 KB assoc: 8
DCACHE: hits:161235722 misses:199500 writebacks:199145  Hit Ratio: 99.88%
SCACHE: size: 512 KB assoc: 2
SCACHE: hits:51929 misses:157897  Hit Ratio: 24.75%
3CACHE: size: 4096 KB assoc: 2
3CACHE: hits:21708 misses:136189  Hit Ratio: 13.75%
3CACHE: dirty items replaced:9554
ITLB: size: 48, misses 28, miss rate 0.00%
DTLB: size: 128, misses 2760, miss rate 0.00%
Avg mem delay: 0.713 cycles
----------------------------------------
==== Global Resource Utilization ====
STASH: size: 65536 entries, full 4777145109, empty 13255, misses 1070, full rate 100.00
icache bank util. 0.233 0.181 0.174 0.174 0.216 0.250 0.225 0.226 
dcache bank util. 0.096 0.225 0.261 0.224 0.218 0.096 0.233 0.123 
L2 bank util. 0.013 0.013 0.013 0.014 0.013 0.012 0.012 0.016 
L1-L2 bus util. = 0.076, L3 util. = 0.010
----------------------------------------
branch prediction, hits = 83802968, misses = 6538365, hit rate = 92.76%
return_stack prediction, hits = 17516838, misses = 9, hit rate = 100.00%
jump prediction, hits = 93901238, misses = 6648026, hit rate = 93.39%

**** Debug Statistics at 301000000 Cycles *****
Threads: 4		Fetch Width: 8
No of useful instructions fetched:	1345783110 (55.89% proc util.)
No of total instructions fetched:	1726790399 (71.71% proc util.)
 includes 55058308 misfetch (3.2%), 325948981 (18.9%) wrong-path fetches
 and 0 flushed after failed lock(0.0%)
No of useful instructions issued/executed:	1345783053 (55.89% proc util.)
No of total instructions issued/executed:	1488450157 (61.81% proc util.)
 includes 142667104 wrong-path (9.6%) insts and 0 flushed (0.0%)
	fp 888846, 0.06%
	synch 0, 0.00%
	integer 1056411846, 70.97%
	load/store 431149465, 28.97%
Avg size of int IQ (before scheduling): 28.52
Avg size of fp IQ (before scheduling): 0.02
No of cycles taken:		301000000
Parallelism [ 2.044, 0.000, 0.000, 2.427,] = 4.471
 IQ conflicts: 1426412 (0.47%), FQ conflicts: 0 (0.00%) 
 I reg conflicts: 27857543 (9.25%), FP reg conflicts: 0 (0.00%)
  Activelist confs: 2877 (0.00%), ROB confs: 0 (0.00%)
  Int unit conflicts: 726980780 (241.52%), FP unit conflicts: 4 (0.00%)
  Load/store unit conflicts: 57210075 (19.01%)
  MSHR conflicts: 40527776 (13.46%)
----------------------------------------
==== System-wide Cache Statistics ====
Stall for miss queue full 0 cycles (0.00%)
----------------------------------------
==== Statistics for Master ID: 0 ====
Reads: 386312044   Writes: 47554379
ICACHE: size: 64 KB assoc: 2
ICACHE: hits:250875672 misses:6182  Hit Ratio: 100.00%
DCACHE: size: 32 KB assoc: 8
DCACHE: hits:179315406 misses:3669163 writebacks:3668453  Hit Ratio: 97.99%
SCACHE: size: 512 KB assoc: 2
SCACHE: hits:3530381 misses:144964  Hit Ratio: 96.06%
3CACHE: size: 4096 KB assoc: 2
3CACHE: hits:51853 misses:93111  Hit Ratio: 35.77%
3CACHE: dirty items replaced:4152
ITLB: size: 48, misses 9, miss rate 0.00%
DTLB: size: 128, misses 2787, miss rate 0.00%
Avg mem delay: 0.711 cycles
----------------------------------------
==== Statistics for Master ID: 3 ====
Reads: 430369133   Writes: 80185034
ICACHE: size: 64 KB assoc: 2
ICACHE: hits:262466106 misses:10368  Hit Ratio: 100.00%
DCACHE: size: 32 KB assoc: 8
DCACHE: hits:247842178 misses:235515 writebacks:235160  Hit Ratio: 99.91%
SCACHE: size: 512 KB assoc: 2
SCACHE: hits:66185 misses:179698  Hit Ratio: 26.92%
3CACHE: size: 4096 KB assoc: 2
3CACHE: hits:26326 misses:153372  Hit Ratio: 14.65%
3CACHE: dirty items replaced:12121
ITLB: size: 48, misses 28, miss rate 0.00%
DTLB: size: 128, misses 3159, miss rate 0.00%
Avg mem delay: 0.711 cycles
----------------------------------------
==== Global Resource Utilization ====
STASH: size: 65536 entries, full 5436755359, empty 13314, misses 1071, full rate 100.00
icache bank util. 0.241 0.187 0.180 0.178 0.216 0.250 0.228 0.225 
dcache bank util. 0.095 0.227 0.273 0.229 0.221 0.098 0.241 0.126 
L2 bank util. 0.014 0.013 0.013 0.014 0.013 0.012 0.012 0.017 
L1-L2 bus util. = 0.078, L3 util. = 0.008
----------------------------------------
branch prediction, hits = 131078655, misses = 9430020, hit rate = 93.29%
return_stack prediction, hits = 27775480, misses = 9, hit rate = 100.00%
jump prediction, hits = 147053641, misses = 9296602, hit rate = 94.05%

**** Debug Statistics at 401000000 Cycles *****
Threads: 4		Fetch Width: 8
No of useful instructions fetched:	1818136485 (56.68% proc util.)
No of total instructions fetched:	2311603625 (72.06% proc util.)
 includes 70017820 misfetch (3.0%), 423449320 (18.3%) wrong-path fetches
 and 0 flushed after failed lock(0.0%)
No of useful instructions issued/executed:	1818136452 (56.68% proc util.)
No of total instructions issued/executed:	2002700377 (62.43% proc util.)
 includes 184563925 wrong-path (9.2%) insts and 0 flushed (0.0%)
	fp 1024734, 0.05%
	synch 0, 0.00%
	integer 1421835958, 71.00%
	load/store 579839685, 28.95%
Avg size of int IQ (before scheduling): 28.74
Avg size of fp IQ (before scheduling): 0.01
No of cycles taken:		401000000
Parallelism [ 2.063, 0.000, 0.000, 2.471,] = 4.534
 IQ conflicts: 1581942 (0.39%), FQ conflicts: 0 (0.00%) 
 I reg conflicts: 35262429 (8.79%), FP reg conflicts: 0 (0.00%)
  Activelist confs: 3916 (0.00%), ROB confs: 0 (0.00%)
  Int unit conflicts: 991050872 (247.14%), FP unit conflicts: 4 (0.00%)
  Load/store unit conflicts: 77212975 (19.26%)
  MSHR conflicts: 53946448 (13.45%)
----------------------------------------
==== System-wide Cache Statistics ====
Stall for miss queue full 0 cycles (0.00%)
----------------------------------------
==== Statistics for Master ID: 0 ====
Reads: 518296487   Writes: 63951445
ICACHE: size: 64 KB assoc: 2
ICACHE: hits:336390033 misses:6554  Hit Ratio: 100.00%
DCACHE: size: 32 KB assoc: 8
DCACHE: hits:241022011 misses:4829334 writebacks:4828624  Hit Ratio: 98.04%
SCACHE: size: 512 KB assoc: 2
SCACHE: hits:4651456 misses:184432  Hit Ratio: 96.19%
3CACHE: size: 4096 KB assoc: 2
3CACHE: hits:63113 misses:121319  Hit Ratio: 34.22%
3CACHE: dirty items replaced:8020
ITLB: size: 48, misses 9, miss rate 0.00%
DTLB: size: 128, misses 3506, miss rate 0.00%
Avg mem delay: 0.705 cycles
----------------------------------------
==== Statistics for Master ID: 3 ====
Reads: 577934773   Writes: 107962583
ICACHE: size: 64 KB assoc: 2
ICACHE: hits:351988837 misses:10412  Hit Ratio: 100.00%
DCACHE: size: 32 KB assoc: 8
DCACHE: hits:333627317 misses:270790 writebacks:270435  Hit Ratio: 99.92%
SCACHE: size: 512 KB assoc: 2
SCACHE: hits:80512 misses:200690  Hit Ratio: 28.63%
3CACHE: size: 4096 KB assoc: 2
3CACHE: hits:28234 misses:172456  Hit Ratio: 14.07%
3CACHE: dirty items replaced:15205
ITLB: size: 48, misses 28, miss rate 0.00%
DTLB: size: 128, misses 3545, miss rate 0.00%
Avg mem delay: 0.705 cycles
----------------------------------------
==== Global Resource Utilization ====
STASH: size: 65536 entries, full 6093449689, empty 13337, misses 1072, full rate 100.00
icache bank util. 0.245 0.190 0.183 0.179 0.215 0.250 0.229 0.225 
dcache bank util. 0.093 0.226 0.278 0.231 0.224 0.099 0.243 0.128 
L2 bank util. 0.013 0.013 0.013 0.014 0.012 0.012 0.012 0.017 
L1-L2 bus util. = 0.076, L3 util. = 0.007
----------------------------------------
branch prediction, hits = 178405289, misses = 12321982, hit rate = 93.54%
return_stack prediction, hits = 38034222, misses = 9, hit rate = 100.00%
jump prediction, hits = 200540222, misses = 11808147, hit rate = 94.44%

**** Early Exiting at 439151123 Cycles *****
========================================
 SMTSIM Global Statistics
========================================
Threads: 4		Fetch Width: 8
No of useful instructions fetched:	2000000117 (56.93% proc util.)
No of total instructions fetched:	2533188633 (72.10% proc util.)
 includes 75696326 misfetch (3.0%), 457492190 (18.1%) wrong-path fetches
 and 0 flushed after failed lock(0.0%)
No of useful instructions issued/executed:	2000000049 (56.93% proc util.)
No of total instructions issued/executed:	2199373511 (62.60% proc util.)
 includes 199373462 wrong-path (9.1%) insts and 0 flushed (0.0%)
	fp 1076692, 0.05%
	synch 0, 0.00%
	integer 1562025723, 71.02%
	load/store 636271096, 28.93%
Avg size of int IQ (before scheduling): 28.91
Avg size of fp IQ (before scheduling): 0.01
No of cycles taken:		439151123
Parallelism [ 2.071, 0.000, 0.000, 2.483,] = 4.554
 IQ conflicts: 1681345 (0.38%), FQ conflicts: 0 (0.00%) 
 I reg conflicts: 38374513 (8.74%), FP reg conflicts: 0 (0.00%)
  Activelist confs: 4405 (0.00%), ROB confs: 0 (0.00%)
  Int unit conflicts: 1095646066 (249.49%), FP unit conflicts: 4 (0.00%)
  Load/store unit conflicts: 84920227 (19.34%)
  MSHR conflicts: 60068240 (13.68%)
----------------------------------------
==== System-wide Cache Statistics ====
Stall for miss queue full 0 cycles (0.00%)
----------------------------------------
==== Statistics for Master ID: 0 ====
Reads: 568019651   Writes: 70071465
ICACHE: size: 64 KB assoc: 2
ICACHE: hits:368634521 misses:6678  Hit Ratio: 100.00%
DCACHE: size: 32 KB assoc: 8
DCACHE: hits:264182181 misses:5267736 writebacks:5267026  Hit Ratio: 98.05%
SCACHE: size: 512 KB assoc: 2
SCACHE: hits:5073370 misses:201044  Hit Ratio: 96.19%
3CACHE: size: 4096 KB assoc: 2
3CACHE: hits:68252 misses:132792  Hit Ratio: 33.95%
3CACHE: dirty items replaced:8704
ITLB: size: 48, misses 9, miss rate 0.00%
DTLB: size: 128, misses 3782, miss rate 0.00%
Avg mem delay: 0.704 cycles
----------------------------------------
==== Statistics for Master ID: 3 ====
Reads: 634004780   Writes: 118610365
ICACHE: size: 64 KB assoc: 2
ICACHE: hits:385875529 misses:10422  Hit Ratio: 100.00%
DCACHE: size: 32 KB assoc: 8
DCACHE: hits:366444824 misses:284370 writebacks:284015  Hit Ratio: 99.92%
SCACHE: size: 512 KB assoc: 2
SCACHE: hits:86229 misses:208563  Hit Ratio: 29.25%
3CACHE: size: 4096 KB assoc: 2
3CACHE: hits:28888 misses:179675  Hit Ratio: 13.85%
3CACHE: dirty items replaced:15661
ITLB: size: 48, misses 28, miss rate 0.00%
DTLB: size: 128, misses 3680, miss rate 0.00%
Avg mem delay: 0.704 cycles
----------------------------------------
==== Global Resource Utilization ====
STASH: size: 65536 entries, full 6341737962, empty 13345, misses 1074, full rate 100.00
icache bank util. 0.247 0.191 0.183 0.179 0.214 0.250 0.229 0.225 
dcache bank util. 0.093 0.226 0.279 0.232 0.223 0.099 0.244 0.128 
L2 bank util. 0.013 0.013 0.012 0.014 0.012 0.012 0.012 0.017 
L1-L2 bus util. = 0.076, L3 util. = 0.007
----------------------------------------
branch prediction, hits = 196672795, misses = 13299964, hit rate = 93.67%
return_stack prediction, hits = 41929204, misses = 9, hit rate = 100.00%
jump prediction, hits = 220959245, misses = 12744188, hit rate = 94.55%
total IPC 4.554

=== Results saved to: ./results/gzip-program_3_equake_1.txt ===
