测试启动顺序：randacc.arg2 + seqacc.arg + gzip-program.arg
执行命令：./smtsim randacc.arg2 seqacc.arg gzip-program.arg
重试次数：0
==================================================

全共享缓存
Process 0, Thread 0: randacc
Process 0, Thread 1: randacc
Process 2, Thread 2: seqacc
Process 3, Thread 3: gzip-program

**** Debug Statistics at 1000000 Cycles *****
Threads: 4		Fetch Width: 8
No of useful instructions fetched:	1928044 (24.10% proc util.)
No of total instructions fetched:	1943706 (24.30% proc util.)
 includes 999 misfetch (0.1%), 14663 (0.8%) wrong-path fetches
 and 0 flushed after failed lock(0.0%)
No of useful instructions issued/executed:	1927980 (24.10% proc util.)
No of total instructions issued/executed:	1931082 (24.14% proc util.)
 includes 3102 wrong-path (0.2%) insts and 0 flushed (0.0%)
	fp 22, 0.00%
	synch 0, 0.00%
	integer 1760330, 91.16%
	load/store 170730, 8.84%
Avg size of int IQ (before scheduling): 31.94
Avg size of fp IQ (before scheduling): 0.00
No of cycles taken:		1000000
Parallelism [ 0.882, 0.000, 0.896, 0.150,] = 1.928
 IQ conflicts: 535 (0.05%), FQ conflicts: 0 (0.00%) 
 I reg conflicts: 729648 (72.96%), FP reg conflicts: 0 (0.00%)
  Activelist confs: 0 (0.00%), ROB confs: 563 (0.06%)
  Int unit conflicts: 34615 (3.46%), FP unit conflicts: 0 (0.00%)
  Load/store unit conflicts: 237 (0.02%)
  MSHR conflicts: 4266 (0.43%)
----------------------------------------
==== System-wide Cache Statistics ====
Stall for miss queue full 0 cycles (0.00%)
----------------------------------------
==== Statistics for Master ID: 0 ====
Reads: 283329   Writes: 0
ICACHE: size: 64 KB assoc: 2
ICACHE: hits:230748 misses:4  Hit Ratio: 100.00%
DCACHE: size: 32 KB assoc: 8
DCACHE: hits:42263 misses:10314 writebacks:6099  Hit Ratio: 80.38%
SCACHE: size: 512 KB assoc: 2
SCACHE: hits:9049 misses:1269  Hit Ratio: 87.70%
3CACHE: size: 4096 KB assoc: 2
3CACHE: hits:587 misses:682  Hit Ratio: 46.26%
3CACHE: dirty items replaced:0
ITLB: size: 48, misses 1, miss rate 0.00%
DTLB: size: 128, misses 104, miss rate 0.20%
Avg mem delay: 61.692 cycles
----------------------------------------
==== Statistics for Master ID: 2 ====
Reads: 269542   Writes: 5127
ICACHE: size: 64 KB assoc: 2
ICACHE: hits:228339 misses:10  Hit Ratio: 100.00%
DCACHE: size: 32 KB assoc: 8
DCACHE: hits:39198 misses:7122 writebacks:4398  Hit Ratio: 84.62%
SCACHE: size: 512 KB assoc: 2
SCACHE: hits:6373 misses:759  Hit Ratio: 89.36%
3CACHE: size: 4096 KB assoc: 2
3CACHE: hits:417 misses:342  Hit Ratio: 54.94%
3CACHE: dirty items replaced:0
ITLB: size: 48, misses 1, miss rate 0.00%
DTLB: size: 128, misses 30, miss rate 0.06%
Avg mem delay: 61.692 cycles
----------------------------------------
==== Statistics for Master ID: 3 ====
Reads: 110044   Writes: 24318
ICACHE: size: 64 KB assoc: 2
ICACHE: hits:62336 misses:195  Hit Ratio: 99.69%
DCACHE: size: 32 KB assoc: 8
DCACHE: hits:48097 misses:23734 writebacks:23570  Hit Ratio: 66.96%
SCACHE: size: 512 KB assoc: 2
SCACHE: hits:163 misses:23763  Hit Ratio: 0.68%
3CACHE: size: 4096 KB assoc: 2
3CACHE: hits:0 misses:23763  Hit Ratio: 0.00%
3CACHE: dirty items replaced:11
ITLB: size: 48, misses 18, miss rate 0.03%
DTLB: size: 128, misses 5875, miss rate 8.18%
Avg mem delay: 61.692 cycles
----------------------------------------
==== Global Resource Utilization ====
STASH: size: 65536 entries, full 101953499, empty 2432, misses 218, full rate 100.00
icache bank util. 0.173 0.106 0.036 0.000 0.000 0.014 0.051 0.142 
dcache bank util. 0.016 0.016 0.040 0.016 0.015 0.043 0.233 0.016 
L2 bank util. 0.014 0.014 0.014 0.014 0.013 0.014 0.315 0.014 
L1-L2 bus util. = 0.226, L3 util. = 0.248
----------------------------------------
branch prediction, hits = 109166, misses = 990, hit rate = 99.10%
return_stack prediction, hits = 79, misses = 9, hit rate = 89.77%
jump prediction, hits = 152674, misses = 246, hit rate = 99.84%

**** Debug Statistics at 101000000 Cycles *****
Threads: 4		Fetch Width: 8
No of useful instructions fetched:	201167694 (24.90% proc util.)
No of total instructions fetched:	202141393 (25.02% proc util.)
 includes 1307 misfetch (0.0%), 972392 (0.5%) wrong-path fetches
 and 0 flushed after failed lock(0.0%)
No of useful instructions issued/executed:	201167671 (24.90% proc util.)
No of total instructions issued/executed:	201320731 (24.92% proc util.)
 includes 153060 wrong-path (0.1%) insts and 0 flushed (0.0%)
	fp 36, 0.00%
	synch 0, 0.00%
	integer 181616357, 90.21%
	load/store 19704338, 9.79%
Avg size of int IQ (before scheduling): 22.01
Avg size of fp IQ (before scheduling): 0.00
No of cycles taken:		101000000
Parallelism [ 0.823, 0.000, 0.826, 0.343,] = 1.992
 IQ conflicts: 7982 (0.01%), FQ conflicts: 0 (0.00%) 
 I reg conflicts: 73318252 (72.59%), FP reg conflicts: 0 (0.00%)
  Activelist confs: 0 (0.00%), ROB confs: 563 (0.00%)
  Int unit conflicts: 5189476 (5.14%), FP unit conflicts: 0 (0.00%)
  Load/store unit conflicts: 437 (0.00%)
  MSHR conflicts: 4266 (0.00%)
----------------------------------------
==== System-wide Cache Statistics ====
Stall for miss queue full 0 cycles (0.00%)
----------------------------------------
==== Statistics for Master ID: 0 ====
Reads: 26090376   Writes: 0
ICACHE: size: 64 KB assoc: 2
ICACHE: hits:21140049 misses:4  Hit Ratio: 100.00%
DCACHE: size: 32 KB assoc: 8
DCACHE: hits:3610916 misses:1339407 writebacks:1306336  Hit Ratio: 72.94%
SCACHE: size: 512 KB assoc: 2
SCACHE: hits:1315528 misses:23882  Hit Ratio: 98.22%
3CACHE: size: 4096 KB assoc: 2
3CACHE: hits:20777 misses:3105  Hit Ratio: 87.00%
3CACHE: dirty items replaced:0
ITLB: size: 48, misses 1, miss rate 0.00%
DTLB: size: 128, misses 754, miss rate 0.02%
Avg mem delay: 17.043 cycles
----------------------------------------
==== Statistics for Master ID: 2 ====
Reads: 25770396   Writes: 5127
ICACHE: size: 64 KB assoc: 2
ICACHE: hits:21449683 misses:10  Hit Ratio: 100.00%
DCACHE: size: 32 KB assoc: 8
DCACHE: hits:3343678 misses:982152 writebacks:959833  Hit Ratio: 77.30%
SCACHE: size: 512 KB assoc: 2
SCACHE: hits:978227 misses:3935  Hit Ratio: 99.60%
3CACHE: size: 4096 KB assoc: 2
3CACHE: hits:3552 misses:383  Hit Ratio: 90.27%
3CACHE: dirty items replaced:0
ITLB: size: 48, misses 1, miss rate 0.00%
DTLB: size: 128, misses 91, miss rate 0.00%
Avg mem delay: 17.043 cycles
----------------------------------------
==== Statistics for Master ID: 3 ====
Reads: 17298661   Writes: 5121697
ICACHE: size: 64 KB assoc: 2
ICACHE: hits:11991930 misses:245  Hit Ratio: 100.00%
DCACHE: size: 32 KB assoc: 8
DCACHE: hits:9008826 misses:1419357 writebacks:1418747  Hit Ratio: 86.39%
SCACHE: size: 512 KB assoc: 2
SCACHE: hits:831 misses:1418771  Hit Ratio: 0.06%
3CACHE: size: 4096 KB assoc: 2
3CACHE: hits:0 misses:1418770  Hit Ratio: 0.00%
3CACHE: dirty items replaced:48
ITLB: size: 48, misses 19, miss rate 0.00%
DTLB: size: 128, misses 65444, miss rate 0.63%
Avg mem delay: 17.043 cycles
----------------------------------------
==== Global Resource Utilization ====
STASH: size: 65536 entries, full 303525807, empty 2921, misses 260, full rate 100.00
icache bank util. 0.157 0.101 0.033 0.000 0.000 0.072 0.039 0.137 
dcache bank util. 0.044 0.044 0.046 0.044 0.044 0.069 0.068 0.055 
L2 bank util. 0.041 0.041 0.041 0.041 0.041 0.041 0.049 0.057 
L1-L2 bus util. = 0.221, L3 util. = 0.141
----------------------------------------
branch prediction, hits = 14722554, misses = 77510, hit rate = 99.48%
return_stack prediction, hits = 216, misses = 10, hit rate = 95.58%
jump prediction, hits = 19012163, misses = 315, hit rate = 100.00%

**** Debug Statistics at 201000000 Cycles *****
Threads: 4		Fetch Width: 8
No of useful instructions fetched:	550583500 (34.24% proc util.)
No of total instructions fetched:	574135678 (35.70% proc util.)
 includes 3456 misfetch (0.0%), 23548722 (4.1%) wrong-path fetches
 and 0 flushed after failed lock(0.0%)
No of useful instructions issued/executed:	550583466 (34.24% proc util.)
No of total instructions issued/executed:	559654967 (34.80% proc util.)
 includes 9071501 wrong-path (1.6%) insts and 0 flushed (0.0%)
	fp 36, 0.00%
	synch 0, 0.00%
	integer 494035835, 88.28%
	load/store 65619096, 11.72%
Avg size of int IQ (before scheduling): 24.79
Avg size of fp IQ (before scheduling): 0.00
No of cycles taken:		201000000
Parallelism [ 0.994, 0.000, 1.012, 0.733,] = 2.739
 IQ conflicts: 43358 (0.02%), FQ conflicts: 0 (0.00%) 
 I reg conflicts: 121200864 (60.30%), FP reg conflicts: 0 (0.00%)
  Activelist confs: 0 (0.00%), ROB confs: 30295 (0.02%)
  Int unit conflicts: 87177495 (43.37%), FP unit conflicts: 0 (0.00%)
  Load/store unit conflicts: 455573 (0.23%)
  MSHR conflicts: 4266 (0.00%)
----------------------------------------
==== System-wide Cache Statistics ====
Stall for miss queue full 0 cycles (0.00%)
----------------------------------------
==== Statistics for Master ID: 0 ====
Reads: 66229885   Writes: 1
ICACHE: size: 64 KB assoc: 2
ICACHE: hits:54316394 misses:6  Hit Ratio: 100.00%
DCACHE: size: 32 KB assoc: 8
DCACHE: hits:8679116 misses:3234370 writebacks:3201299  Hit Ratio: 72.85%
SCACHE: size: 512 KB assoc: 2
SCACHE: hits:3200253 misses:34123  Hit Ratio: 98.94%
3CACHE: size: 4096 KB assoc: 2
3CACHE: hits:28841 misses:5282  Hit Ratio: 84.52%
3CACHE: dirty items replaced:0
ITLB: size: 48, misses 1, miss rate 0.00%
DTLB: size: 128, misses 915, miss rate 0.01%
Avg mem delay: 7.262 cycles
----------------------------------------
==== Statistics for Master ID: 2 ====
Reads: 65945055   Writes: 5127
ICACHE: size: 64 KB assoc: 2
ICACHE: hits:55401656 misses:10  Hit Ratio: 100.00%
DCACHE: size: 32 KB assoc: 8
DCACHE: hits:8162965 misses:2385551 writebacks:2363232  Hit Ratio: 77.38%
SCACHE: size: 512 KB assoc: 2
SCACHE: hits:2381568 misses:3993  Hit Ratio: 99.83%
3CACHE: size: 4096 KB assoc: 2
3CACHE: hits:3557 misses:436  Hit Ratio: 89.08%
3CACHE: dirty items replaced:0
ITLB: size: 48, misses 1, miss rate 0.00%
DTLB: size: 128, misses 98, miss rate 0.00%
Avg mem delay: 7.262 cycles
----------------------------------------
==== Statistics for Master ID: 3 ====
Reads: 76094855   Writes: 14790462
ICACHE: size: 64 KB assoc: 2
ICACHE: hits:47727710 misses:516  Hit Ratio: 100.00%
DCACHE: size: 32 KB assoc: 8
DCACHE: hits:40134676 misses:3022415 writebacks:3021805  Hit Ratio: 93.00%
SCACHE: size: 512 KB assoc: 2
SCACHE: hits:889703 misses:2133228  Hit Ratio: 29.43%
3CACHE: size: 4096 KB assoc: 2
3CACHE: hits:12464 misses:2120764  Hit Ratio: 0.58%
3CACHE: dirty items replaced:59
ITLB: size: 48, misses 25, miss rate 0.00%
DTLB: size: 128, misses 90892, miss rate 0.21%
Avg mem delay: 7.262 cycles
----------------------------------------
==== Global Resource Utilization ====
STASH: size: 65536 entries, full 690932509, empty 6705, misses 527, full rate 100.00
icache bank util. 0.214 0.138 0.051 0.014 0.025 0.095 0.067 0.179 
dcache bank util. 0.058 0.064 0.068 0.062 0.075 0.086 0.102 0.067 
L2 bank util. 0.046 0.046 0.047 0.047 0.046 0.047 0.051 0.056 
L1-L2 bus util. = 0.257, L3 util. = 0.106
----------------------------------------
branch prediction, hits = 36591134, misses = 1144068, hit rate = 96.97%
return_stack prediction, hits = 643990, misses = 10, hit rate = 100.00%
jump prediction, hits = 49592712, misses = 919, hit rate = 100.00%

**** Debug Statistics at 301000000 Cycles *****
Threads: 4		Fetch Width: 8
No of useful instructions fetched:	1024685723 (42.55% proc util.)
No of total instructions fetched:	1080023586 (44.85% proc util.)
 includes 5379 misfetch (0.0%), 55332484 (5.1%) wrong-path fetches
 and 0 flushed after failed lock(0.0%)
No of useful instructions issued/executed:	1024685647 (42.55% proc util.)
No of total instructions issued/executed:	1045826418 (43.43% proc util.)
 includes 21140771 wrong-path (2.0%) insts and 0 flushed (0.0%)
	fp 36, 0.00%
	synch 0, 0.00%
	integer 914987244, 87.49%
	load/store 130839138, 12.51%
Avg size of int IQ (before scheduling): 27.87
Avg size of fp IQ (before scheduling): 0.00
No of cycles taken:		301000000
Parallelism [ 1.149, 0.000, 1.180, 1.075,] = 3.404
 IQ conflicts: 109811 (0.04%), FQ conflicts: 0 (0.00%) 
 I reg conflicts: 149612305 (49.71%), FP reg conflicts: 0 (0.00%)
  Activelist confs: 0 (0.00%), ROB confs: 30295 (0.01%)
  Int unit conflicts: 234286921 (77.84%), FP unit conflicts: 0 (0.00%)
  Load/store unit conflicts: 1280512 (0.43%)
  MSHR conflicts: 4266 (0.00%)
----------------------------------------
==== System-wide Cache Statistics ====
Stall for miss queue full 0 cycles (0.00%)
----------------------------------------
==== Statistics for Master ID: 0 ====
Reads: 118543228   Writes: 1
ICACHE: size: 64 KB assoc: 2
ICACHE: hits:97919418 misses:6  Hit Ratio: 100.00%
DCACHE: size: 32 KB assoc: 8
DCACHE: hits:15160202 misses:5463603 writebacks:5430532  Hit Ratio: 73.51%
SCACHE: size: 512 KB assoc: 2
SCACHE: hits:5427454 misses:36155  Hit Ratio: 99.34%
3CACHE: size: 4096 KB assoc: 2
3CACHE: hits:30800 misses:5355  Hit Ratio: 85.19%
3CACHE: dirty items replaced:0
ITLB: size: 48, misses 1, miss rate 0.00%
DTLB: size: 128, misses 915, miss rate 0.00%
Avg mem delay: 4.232 cycles
----------------------------------------
==== Statistics for Master ID: 2 ====
Reads: 118323693   Writes: 5127
ICACHE: size: 64 KB assoc: 2
ICACHE: hits:99912133 misses:10  Hit Ratio: 100.00%
DCACHE: size: 32 KB assoc: 8
DCACHE: hits:14396011 misses:4020666 writebacks:3998347  Hit Ratio: 78.17%
SCACHE: size: 512 KB assoc: 2
SCACHE: hits:4016674 misses:4002  Hit Ratio: 99.90%
3CACHE: size: 4096 KB assoc: 2
3CACHE: hits:3566 misses:436  Hit Ratio: 89.11%
3CACHE: dirty items replaced:0
ITLB: size: 48, misses 1, miss rate 0.00%
DTLB: size: 128, misses 102, miss rate 0.00%
Avg mem delay: 4.232 cycles
----------------------------------------
==== Statistics for Master ID: 3 ====
Reads: 164917001   Writes: 27597862
ICACHE: size: 64 KB assoc: 2
ICACHE: hits:100715694 misses:517  Hit Ratio: 100.00%
DCACHE: size: 32 KB assoc: 8
DCACHE: hits:87464095 misses:4334557 writebacks:4333947  Hit Ratio: 95.28%
SCACHE: size: 512 KB assoc: 2
SCACHE: hits:2158084 misses:2176990  Hit Ratio: 49.78%
3CACHE: size: 4096 KB assoc: 2
3CACHE: hits:33711 misses:2143279  Hit Ratio: 1.55%
3CACHE: dirty items replaced:62
ITLB: size: 48, misses 25, miss rate 0.00%
DTLB: size: 128, misses 91298, miss rate 0.10%
Avg mem delay: 4.232 cycles
----------------------------------------
==== Global Resource Utilization ====
STASH: size: 65536 entries, full 1222523690, empty 6754, misses 529, full rate 100.00
icache bank util. 0.266 0.171 0.067 0.027 0.045 0.102 0.092 0.221 
dcache bank util. 0.067 0.078 0.085 0.075 0.100 0.099 0.128 0.078 
L2 bank util. 0.048 0.048 0.048 0.049 0.048 0.048 0.051 0.057 
L1-L2 bus util. = 0.275, L3 util. = 0.071
----------------------------------------
branch prediction, hits = 64227880, misses = 2653115, hit rate = 96.03%
return_stack prediction, hits = 1786587, misses = 10, hit rate = 100.00%
jump prediction, hits = 89243481, misses = 1570, hit rate = 100.00%

**** Debug Statistics at 401000000 Cycles *****
Threads: 4		Fetch Width: 8
No of useful instructions fetched:	1493404030 (46.55% proc util.)
No of total instructions fetched:	1583423821 (49.36% proc util.)
 includes 7537 misfetch (0.0%), 90012254 (5.7%) wrong-path fetches
 and 0 flushed after failed lock(0.0%)
No of useful instructions issued/executed:	1493403967 (46.55% proc util.)
No of total instructions issued/executed:	1528568361 (47.65% proc util.)
 includes 35164394 wrong-path (2.3%) insts and 0 flushed (0.0%)
	fp 36, 0.00%
	synch 0, 0.00%
	integer 1332124954, 87.15%
	load/store 196443371, 12.85%
Avg size of int IQ (before scheduling): 29.36
Avg size of fp IQ (before scheduling): 0.00
No of cycles taken:		401000000
Parallelism [ 1.226, 0.000, 1.263, 1.236,] = 3.724
 IQ conflicts: 172630 (0.04%), FQ conflicts: 0 (0.00%) 
 I reg conflicts: 178164083 (44.43%), FP reg conflicts: 0 (0.00%)
  Activelist confs: 0 (0.00%), ROB confs: 30295 (0.01%)
  Int unit conflicts: 378931830 (94.50%), FP unit conflicts: 0 (0.00%)
  Load/store unit conflicts: 2154866 (0.54%)
  MSHR conflicts: 4266 (0.00%)
----------------------------------------
==== System-wide Cache Statistics ====
Stall for miss queue full 0 cycles (0.00%)
----------------------------------------
==== Statistics for Master ID: 0 ====
Reads: 170687658   Writes: 1
ICACHE: size: 64 KB assoc: 2
ICACHE: hits:141388804 misses:6  Hit Ratio: 100.00%
DCACHE: size: 32 KB assoc: 8
DCACHE: hits:21584463 misses:7714386 writebacks:7681315  Hit Ratio: 73.67%
SCACHE: size: 512 KB assoc: 2
SCACHE: hits:7676498 misses:37894  Hit Ratio: 99.51%
3CACHE: size: 4096 KB assoc: 2
3CACHE: hits:31905 misses:5989  Hit Ratio: 84.20%
3CACHE: dirty items replaced:110
ITLB: size: 48, misses 1, miss rate 0.00%
DTLB: size: 128, misses 915, miss rate 0.00%
Avg mem delay: 3.307 cycles
----------------------------------------
==== Statistics for Master ID: 2 ====
Reads: 170522071   Writes: 5127
ICACHE: size: 64 KB assoc: 2
ICACHE: hits:144274237 misses:10  Hit Ratio: 100.00%
DCACHE: size: 32 KB assoc: 8
DCACHE: hits:20573229 misses:5679722 writebacks:5657403  Hit Ratio: 78.37%
SCACHE: size: 512 KB assoc: 2
SCACHE: hits:5675723 misses:4009  Hit Ratio: 99.93%
3CACHE: size: 4096 KB assoc: 2
3CACHE: hits:3572 misses:437  Hit Ratio: 89.10%
3CACHE: dirty items replaced:1
ITLB: size: 48, misses 1, miss rate 0.00%
DTLB: size: 128, misses 103, miss rate 0.00%
Avg mem delay: 3.307 cycles
----------------------------------------
==== Statistics for Master ID: 3 ====
Reads: 253750830   Writes: 40827911
ICACHE: size: 64 KB assoc: 2
ICACHE: hits:153686657 misses:519  Hit Ratio: 100.00%
DCACHE: size: 32 KB assoc: 8
DCACHE: hits:135057234 misses:5834331 writebacks:5833721  Hit Ratio: 95.86%
SCACHE: size: 512 KB assoc: 2
SCACHE: hits:3614675 misses:2220175  Hit Ratio: 61.95%
3CACHE: size: 4096 KB assoc: 2
3CACHE: hits:54148 misses:2166027  Hit Ratio: 2.44%
3CACHE: dirty items replaced:114
ITLB: size: 48, misses 25, miss rate 0.00%
DTLB: size: 128, misses 91673, miss rate 0.07%
Avg mem delay: 3.307 cycles
----------------------------------------
==== Global Resource Utilization ====
STASH: size: 65536 entries, full 1752477297, empty 6773, misses 529, full rate 100.00
icache bank util. 0.292 0.187 0.075 0.034 0.056 0.105 0.104 0.243 
dcache bank util. 0.072 0.085 0.094 0.082 0.113 0.105 0.143 0.083 
L2 bank util. 0.049 0.049 0.049 0.050 0.049 0.050 0.052 0.057 
L1-L2 bus util. = 0.287, L3 util. = 0.054
----------------------------------------
branch prediction, hits = 91030049, misses = 4248073, hit rate = 95.54%
return_stack prediction, hits = 2954938, misses = 10, hit rate = 100.00%
jump prediction, hits = 128238992, misses = 2269, hit rate = 100.00%

**** Debug Statistics at 501000000 Cycles *****
Threads: 4		Fetch Width: 8
No of useful instructions fetched:	1961201201 (48.93% proc util.)
No of total instructions fetched:	2087964281 (52.09% proc util.)
 includes 9771 misfetch (0.0%), 126753309 (6.1%) wrong-path fetches
 and 0 flushed after failed lock(0.0%)
No of useful instructions issued/executed:	1961201171 (48.93% proc util.)
No of total instructions issued/executed:	2011373878 (50.18% proc util.)
 includes 50172707 wrong-path (2.5%) insts and 0 flushed (0.0%)
	fp 36, 0.00%
	synch 0, 0.00%
	integer 1749519958, 86.98%
	load/store 261853884, 13.02%
Avg size of int IQ (before scheduling): 30.24
Avg size of fp IQ (before scheduling): 0.00
No of cycles taken:		501000000
Parallelism [ 1.271, 0.000, 1.312, 1.331,] = 3.915
 IQ conflicts: 232706 (0.05%), FQ conflicts: 0 (0.00%) 
 I reg conflicts: 206529556 (41.22%), FP reg conflicts: 0 (0.00%)
  Activelist confs: 0 (0.00%), ROB confs: 30295 (0.01%)
  Int unit conflicts: 523292971 (104.45%), FP unit conflicts: 0 (0.00%)
  Load/store unit conflicts: 3028852 (0.60%)
  MSHR conflicts: 4266 (0.00%)
----------------------------------------
==== System-wide Cache Statistics ====
Stall for miss queue full 0 cycles (0.00%)
----------------------------------------
==== Statistics for Master ID: 0 ====
Reads: 222902531   Writes: 1
ICACHE: size: 64 KB assoc: 2
ICACHE: hits:184927520 misses:6  Hit Ratio: 100.00%
DCACHE: size: 32 KB assoc: 8
DCACHE: hits:27987756 misses:9987250 writebacks:9954179  Hit Ratio: 73.70%
SCACHE: size: 512 KB assoc: 2
SCACHE: hits:9947292 misses:39964  Hit Ratio: 99.60%
3CACHE: size: 4096 KB assoc: 2
3CACHE: hits:33929 misses:6035  Hit Ratio: 84.90%
3CACHE: dirty items replaced:111
ITLB: size: 48, misses 1, miss rate 0.00%
DTLB: size: 128, misses 915, miss rate 0.00%
Avg mem delay: 2.862 cycles
----------------------------------------
==== Statistics for Master ID: 2 ====
Reads: 222773664   Writes: 5127
ICACHE: size: 64 KB assoc: 2
ICACHE: hits:188686965 misses:10  Hit Ratio: 100.00%
DCACHE: size: 32 KB assoc: 8
DCACHE: hits:26733890 misses:7357926 writebacks:7335607  Hit Ratio: 78.42%
SCACHE: size: 512 KB assoc: 2
SCACHE: hits:7353924 misses:4012  Hit Ratio: 99.95%
3CACHE: size: 4096 KB assoc: 2
3CACHE: hits:3575 misses:437  Hit Ratio: 89.11%
3CACHE: dirty items replaced:1
ITLB: size: 48, misses 1, miss rate 0.00%
DTLB: size: 128, misses 103, miss rate 0.00%
Avg mem delay: 2.862 cycles
----------------------------------------
==== Statistics for Master ID: 3 ====
Reads: 343081450   Writes: 53708296
ICACHE: size: 64 KB assoc: 2
ICACHE: hits:207002172 misses:519  Hit Ratio: 100.00%
DCACHE: size: 32 KB assoc: 8
DCACHE: hits:182393920 misses:7393135 writebacks:7392525  Hit Ratio: 96.10%
SCACHE: size: 512 KB assoc: 2
SCACHE: hits:5132966 misses:2260687  Hit Ratio: 69.42%
3CACHE: size: 4096 KB assoc: 2
3CACHE: hits:73410 misses:2187277  Hit Ratio: 3.25%
3CACHE: dirty items replaced:114
ITLB: size: 48, misses 25, miss rate 0.00%
DTLB: size: 128, misses 92033, miss rate 0.05%
Avg mem delay: 2.862 cycles
----------------------------------------
==== Global Resource Utilization ====
STASH: size: 65536 entries, full 2284097786, empty 6781, misses 530, full rate 100.00
icache bank util. 0.308 0.196 0.079 0.038 0.063 0.108 0.112 0.255 
dcache bank util. 0.075 0.090 0.099 0.086 0.121 0.109 0.152 0.087 
L2 bank util. 0.050 0.050 0.050 0.051 0.050 0.051 0.053 0.058 
L1-L2 bus util. = 0.296, L3 util. = 0.044
----------------------------------------
branch prediction, hits = 118031493, misses = 5930788, hit rate = 95.22%
return_stack prediction, hits = 4139271, misses = 10, hit rate = 100.00%
jump prediction, hits = 167551061, misses = 2974, hit rate = 100.00%

**** Early Exiting at 509319550 Cycles *****
========================================
 SMTSIM Global Statistics
========================================
Threads: 4		Fetch Width: 8
No of useful instructions fetched:	2000000095 (49.09% proc util.)
No of total instructions fetched:	2130057429 (52.28% proc util.)
 includes 9900 misfetch (0.0%), 130047434 (6.1%) wrong-path fetches
 and 0 flushed after failed lock(0.0%)
No of useful instructions issued/executed:	2000000066 (49.09% proc util.)
No of total instructions issued/executed:	2051493970 (50.35% proc util.)
 includes 51493904 wrong-path (2.5%) insts and 0 flushed (0.0%)
	fp 36, 0.00%
	synch 0, 0.00%
	integer 1784165735, 86.97%
	load/store 267328199, 13.03%
Avg size of int IQ (before scheduling): 30.29
Avg size of fp IQ (before scheduling): 0.00
No of cycles taken:		509319550
Parallelism [ 1.274, 0.000, 1.315, 1.337,] = 3.927
 IQ conflicts: 237327 (0.05%), FQ conflicts: 0 (0.00%) 
 I reg conflicts: 208869297 (41.01%), FP reg conflicts: 0 (0.00%)
  Activelist confs: 0 (0.00%), ROB confs: 30295 (0.01%)
  Int unit conflicts: 535389875 (105.12%), FP unit conflicts: 0 (0.00%)
  Load/store unit conflicts: 3104137 (0.61%)
  MSHR conflicts: 4266 (0.00%)
----------------------------------------
==== System-wide Cache Statistics ====
Stall for miss queue full 0 cycles (0.00%)
----------------------------------------
==== Statistics for Master ID: 0 ====
Reads: 227250218   Writes: 1
ICACHE: size: 64 KB assoc: 2
ICACHE: hits:188554548 misses:6  Hit Ratio: 100.00%
DCACHE: size: 32 KB assoc: 8
DCACHE: hits:28518533 misses:10177132 writebacks:10144061  Hit Ratio: 73.70%
SCACHE: size: 512 KB assoc: 2
SCACHE: hits:10137084 misses:40054  Hit Ratio: 99.61%
3CACHE: size: 4096 KB assoc: 2
3CACHE: hits:33984 misses:6070  Hit Ratio: 84.85%
3CACHE: dirty items replaced:111
ITLB: size: 48, misses 1, miss rate 0.00%
DTLB: size: 128, misses 915, miss rate 0.00%
Avg mem delay: 2.835 cycles
----------------------------------------
==== Statistics for Master ID: 2 ====
Reads: 227128380   Writes: 5127
ICACHE: size: 64 KB assoc: 2
ICACHE: hits:192390635 misses:10  Hit Ratio: 100.00%
DCACHE: size: 32 KB assoc: 8
DCACHE: hits:27244374 misses:7498488 writebacks:7476169  Hit Ratio: 78.42%
SCACHE: size: 512 KB assoc: 2
SCACHE: hits:7494485 misses:4013  Hit Ratio: 99.95%
3CACHE: size: 4096 KB assoc: 2
3CACHE: hits:3576 misses:437  Hit Ratio: 89.11%
3CACHE: dirty items replaced:1
ITLB: size: 48, misses 1, miss rate 0.00%
DTLB: size: 128, misses 103, miss rate 0.00%
Avg mem delay: 2.835 cycles
----------------------------------------
==== Statistics for Master ID: 3 ====
Reads: 350562297   Writes: 54795355
ICACHE: size: 64 KB assoc: 2
ICACHE: hits:211467469 misses:519  Hit Ratio: 100.00%
DCACHE: size: 32 KB assoc: 8
DCACHE: hits:186365445 misses:7524219 writebacks:7523609  Hit Ratio: 96.12%
SCACHE: size: 512 KB assoc: 2
SCACHE: hits:5260440 misses:2264298  Hit Ratio: 69.91%
3CACHE: size: 4096 KB assoc: 2
3CACHE: hits:75204 misses:2189094  Hit Ratio: 3.32%
3CACHE: dirty items replaced:116
ITLB: size: 48, misses 25, miss rate 0.00%
DTLB: size: 128, misses 92062, miss rate 0.05%
Avg mem delay: 2.835 cycles
----------------------------------------
==== Global Resource Utilization ====
STASH: size: 65536 entries, full 2328476792, empty 6781, misses 530, full rate 100.00
icache bank util. 0.309 0.197 0.080 0.038 0.063 0.108 0.113 0.256 
dcache bank util. 0.075 0.090 0.100 0.086 0.122 0.109 0.152 0.087 
L2 bank util. 0.050 0.050 0.050 0.051 0.050 0.051 0.053 0.058 
L1-L2 bus util. = 0.297, L3 util. = 0.043
----------------------------------------
branch prediction, hits = 120264230, misses = 6083208, hit rate = 95.19%
return_stack prediction, hits = 4239493, misses = 10, hit rate = 100.00%
jump prediction, hits = 170827730, misses = 3020, hit rate = 100.00%
total IPC 3.927

=== Results saved to: ./results/randacc_2_seqacc_1_gzip-program_1.txt ===
