===== 执行信息 =====
Cache目录：ssmtc64-500-5%
执行命令：./smtsim ../gcc-scilab.arg3 ../recurseq.arg
执行时间：2026-04-16 14:53:11
返回码：0
===== 输出内容 =====
动态重分配参数：每500万周期检查，阈值5
Process 0, Thread 0: gcc-scilab
Process 0, Thread 1: gcc-scilab
Process 0, Thread 2: gcc-scilab
Process 3, Thread 3: recurseq
[切片调度] 新安全域0无任何切片，尝试分配空闲切片
[切片管理] 成功绑定切片0 → 安全域0

======================== 切片硬件状态 ========================
切片号 | 所属安全域 | 当前状态    | 路扩展 | LRU touched
------------------------------------------------------------------
  0    |   域0      | 正常运行   |  否   |  0
  1    |   域-1     | 切片空闲   |  否   |  0
  2    |   域-1     | 切片空闲   |  否   |  0
  3    |   域-1     | 切片空闲   |  否   |  0
==================================================================

[切片管理] 成功绑定切片1 → 安全域0，触发【路扩展模式】

======================== 切片硬件状态 ========================
切片号 | 所属安全域 | 当前状态    | 路扩展 | LRU touched
------------------------------------------------------------------
  0    |   域0      | 正常运行   |  是   |  0
  1    |   域0      | 正常运行   |  是   |  0
  2    |   域-1     | 切片空闲   |  否   |  0
  3    |   域-1     | 切片空闲   |  否   |  0
==================================================================

[切片调度] 新安全域3无任何切片，尝试分配空闲切片
[切片管理] 成功绑定切片2 → 安全域3

======================== 切片硬件状态 ========================
切片号 | 所属安全域 | 当前状态    | 路扩展 | LRU touched
------------------------------------------------------------------
  0    |   域0      | 正常运行   |  是   |  315
  1    |   域0      | 正常运行   |  是   |  0
  2    |   域3      | 正常运行   |  否   |  0
  3    |   域-1     | 切片空闲   |  否   |  0
==================================================================

[切片管理] 成功绑定切片3 → 安全域3，触发【路扩展模式】

======================== 切片硬件状态 ========================
切片号 | 所属安全域 | 当前状态    | 路扩展 | LRU touched
------------------------------------------------------------------
  0    |   域0      | 正常运行   |  是   |  315
  1    |   域0      | 正常运行   |  是   |  0
  2    |   域3      | 正常运行   |  是   |  0
  3    |   域3      | 正常运行   |  是   |  0
==================================================================


**** Debug Statistics at 1000000 Cycles *****
Threads: 4		Fetch Width: 8
No of useful instructions fetched:	1898045 (23.73% proc util.)
No of total instructions fetched:	2951571 (36.89% proc util.)
 includes 22273 misfetch (0.8%), 1031253 (34.9%) wrong-path fetches
 and 0 flushed after failed lock(0.0%)
No of useful instructions issued/executed:	1897970 (23.72% proc util.)
No of total instructions issued/executed:	2468886 (30.86% proc util.)
 includes 570916 wrong-path (23.1%) insts and 0 flushed (0.0%)
	fp 86, 0.00%
	synch 0, 0.00%
	integer 1755001, 71.08%
	load/store 713799, 28.91%
Avg size of int IQ (before scheduling): 13.10
Avg size of fp IQ (before scheduling): 0.00
No of cycles taken:		1000000
Parallelism [ 0.903, 0.000, 0.000, 0.995,] = 1.898
 IQ conflicts: 3026 (0.30%), FQ conflicts: 0 (0.00%) 
 I reg conflicts: 516052 (51.61%), FP reg conflicts: 0 (0.00%)
  Activelist confs: 0 (0.00%), ROB confs: 5814 (0.58%)
  Int unit conflicts: 1191312 (119.13%), FP unit conflicts: 1 (0.00%)
  Load/store unit conflicts: 104419 (10.44%)
  MSHR conflicts: 15613 (1.56%)
----------------------------------------
==== System-wide Cache Statistics ====
Stall for miss queue full 0 cycles (0.00%)
----------------------------------------
==== Statistics for Master ID: 0 ====
Reads: 563360   Writes: 142778
ICACHE: size: 64 KB assoc: 2
ICACHE: hits:348846 misses:1815  Hit Ratio: 99.48%
DCACHE: size: 2*16 KB assoc: 2*4
DCACHE: hits:352362 misses:3115 writebacks:2094  Hit Ratio: 99.12%
SCACHE: size: 512 KB assoc: 2
SCACHE: hits:348 misses:4582  Hit Ratio: 7.06%
3CACHE: size: 4096 KB assoc: 2
3CACHE: hits:107 misses:4475  Hit Ratio: 2.34%
3CACHE: dirty items replaced:0
ITLB: size: 48, misses 113, miss rate 0.03%
DTLB: size: 128, misses 180, miss rate 0.05%
Avg mem delay: 1.191 cycles
----------------------------------------
==== Statistics for Master ID: 3 ====
Reads: 558196   Writes: 247026
ICACHE: size: 64 KB assoc: 2
ICACHE: hits:447112 misses:29  Hit Ratio: 99.99%
DCACHE: size: 2*16 KB assoc: 2*4
DCACHE: hits:351999 misses:6082 writebacks:4110  Hit Ratio: 98.30%
SCACHE: size: 512 KB assoc: 2
SCACHE: hits:1360 misses:4751  Hit Ratio: 22.25%
3CACHE: size: 4096 KB assoc: 2
3CACHE: hits:350 misses:4401  Hit Ratio: 7.37%
3CACHE: dirty items replaced:0
ITLB: size: 48, misses 4, miss rate 0.00%
DTLB: size: 128, misses 104, miss rate 0.03%
Avg mem delay: 1.191 cycles
----------------------------------------
==== Global Resource Utilization ====
STASH: size: 65536 entries, full 3145907, empty 44675, misses 4187, full rate 98.47
icache bank util. 0.162 0.215 0.087 0.051 0.034 0.045 0.053 0.158 
dcache bank util. 0.064 0.076 0.071 0.164 0.068 0.090 0.132 0.094 
L2 bank util. 0.014 0.014 0.014 0.014 0.014 0.014 0.014 0.014 
L1-L2 bus util. = 0.052, L3 util. = 0.089
----------------------------------------

======================== 切片硬件状态 ========================
切片号 | 所属安全域 | 当前状态    | 路扩展 | LRU touched
------------------------------------------------------------------
  0    |   域0      | 正常运行   |  是   |  999999
  1    |   域0      | 正常运行   |  是   |  999997
  2    |   域3      | 正常运行   |  是   |  999997
  3    |   域3      | 正常运行   |  是   |  999994
==================================================================

branch prediction, hits = 182476, misses = 8411, hit rate = 95.59%
return_stack prediction, hits = 17015, misses = 26710, hit rate = 38.91%
jump prediction, hits = 250400, misses = 5445, hit rate = 97.87%
 dgelq2_ dgelqf_ dgels_
**** Debug Statistics at 101000000 Cycles *****
Threads: 4		Fetch Width: 8
No of useful instructions fetched:	268773865 (33.26% proc util.)
No of total instructions fetched:	579712677 (71.75% proc util.)
 includes 17276397 misfetch (3.0%), 293662415 (50.7%) wrong-path fetches
 and 0 flushed after failed lock(0.0%)
No of useful instructions issued/executed:	268773838 (33.26% proc util.)
No of total instructions issued/executed:	421035173 (52.11% proc util.)
 includes 152261335 wrong-path (36.2%) insts and 0 flushed (0.0%)
	fp 6202, 0.00%
	synch 0, 0.00%
	integer 283697707, 67.38%
	load/store 137331264, 32.62%
Avg size of int IQ (before scheduling): 22.78
Avg size of fp IQ (before scheduling): 0.00
No of cycles taken:		101000000
Parallelism [ 1.346, 0.000, 0.000, 1.315,] = 2.661
 IQ conflicts: 1234803 (1.22%), FQ conflicts: 0 (0.00%) 
 I reg conflicts: 9959185 (9.86%), FP reg conflicts: 0 (0.00%)
  Activelist confs: 459 (0.00%), ROB confs: 94002 (0.09%)
  Int unit conflicts: 154286960 (152.76%), FP unit conflicts: 5 (0.00%)
  Load/store unit conflicts: 17426500 (17.25%)
  MSHR conflicts: 7250173 (7.18%)
----------------------------------------
==== System-wide Cache Statistics ====
Stall for miss queue full 0 cycles (0.00%)
----------------------------------------
==== Statistics for Master ID: 0 ====
Reads: 123790531   Writes: 19871068
ICACHE: size: 64 KB assoc: 2
ICACHE: hits:72949271 misses:763005  Hit Ratio: 98.96%
DCACHE: size: 2*16 KB assoc: 2*4
DCACHE: hits:69055881 misses:893442 writebacks:289707  Hit Ratio: 98.72%
SCACHE: size: 512 KB assoc: 2
SCACHE: hits:1319330 misses:337117  Hit Ratio: 79.65%
3CACHE: size: 4096 KB assoc: 2
3CACHE: hits:259305 misses:77812  Hit Ratio: 76.92%
3CACHE: dirty items replaced:5980
ITLB: size: 48, misses 36426, miss rate 0.05%
DTLB: size: 128, misses 43987, miss rate 0.06%
Avg mem delay: 1.121 cycles
----------------------------------------
==== Statistics for Master ID: 3 ====
Reads: 109125127   Writes: 41955261
ICACHE: size: 64 KB assoc: 2
ICACHE: hits:83942907 misses:1978  Hit Ratio: 100.00%
DCACHE: size: 2*16 KB assoc: 2*4
DCACHE: hits:66755111 misses:380392 writebacks:4197  Hit Ratio: 99.43%
SCACHE: size: 512 KB assoc: 2
SCACHE: hits:274544 misses:107826  Hit Ratio: 71.80%
3CACHE: size: 4096 KB assoc: 2
3CACHE: hits:101453 misses:6373  Hit Ratio: 94.09%
3CACHE: dirty items replaced:134
ITLB: size: 48, misses 4, miss rate 0.00%
DTLB: size: 128, misses 5995, miss rate 0.01%
Avg mem delay: 1.121 cycles
----------------------------------------
==== Global Resource Utilization ====
STASH: size: 65536 entries, full 617825983, empty 15509508, misses 1372163, full rate 97.34
icache bank util. 0.340 0.381 0.129 0.099 0.099 0.095 0.092 0.349 
dcache bank util. 0.129 0.137 0.210 0.398 0.139 0.126 0.133 0.131 
L2 bank util. 0.016 0.016 0.016 0.017 0.016 0.015 0.015 0.016 
L1-L2 bus util. = 0.069, L3 util. = 0.008
----------------------------------------

======================== 切片硬件状态 ========================
切片号 | 所属安全域 | 当前状态    | 路扩展 | LRU touched
------------------------------------------------------------------
  0    |   域0      | 正常运行   |  是   |  100999999
  1    |   域0      | 正常运行   |  是   |  100999997
  2    |   域3      | 正常运行   |  是   |  100999998
  3    |   域3      | 正常运行   |  是   |  100999998
==================================================================

branch prediction, hits = 21600871, misses = 3050112, hit rate = 87.63%
return_stack prediction, hits = 1909322, misses = 5950040, hit rate = 24.29%
jump prediction, hits = 28650020, misses = 4033108, hit rate = 87.66%

**** Debug Statistics at 201000000 Cycles *****
Threads: 4		Fetch Width: 8
No of useful instructions fetched:	554875460 (34.51% proc util.)
No of total instructions fetched:	1176146869 (73.14% proc util.)
 includes 34685849 misfetch (2.9%), 586585560 (49.9%) wrong-path fetches
 and 0 flushed after failed lock(0.0%)
No of useful instructions issued/executed:	554875431 (34.51% proc util.)
No of total instructions issued/executed:	857053372 (53.30% proc util.)
 includes 302177941 wrong-path (35.3%) insts and 0 flushed (0.0%)
	fp 22596, 0.00%
	synch 0, 0.00%
	integer 577761098, 67.41%
	load/store 279269678, 32.58%
Avg size of int IQ (before scheduling): 22.88
Avg size of fp IQ (before scheduling): 0.00
No of cycles taken:		201000000
Parallelism [ 1.439, 0.000, 0.000, 1.321,] = 2.761
 IQ conflicts: 2634853 (1.31%), FQ conflicts: 0 (0.00%) 
 I reg conflicts: 17359415 (8.64%), FP reg conflicts: 0 (0.00%)
  Activelist confs: 1399 (0.00%), ROB confs: 286273 (0.14%)
  Int unit conflicts: 336526943 (167.43%), FP unit conflicts: 5 (0.00%)
  Load/store unit conflicts: 36818696 (18.32%)
  MSHR conflicts: 21940740 (10.92%)
----------------------------------------
==== System-wide Cache Statistics ====
Stall for miss queue full 0 cycles (0.00%)
----------------------------------------
==== Statistics for Master ID: 0 ====
Reads: 257859110   Writes: 40714325
ICACHE: size: 64 KB assoc: 2
ICACHE: hits:152368593 misses:1347928  Hit Ratio: 99.12%
DCACHE: size: 2*16 KB assoc: 2*4
DCACHE: hits:142956110 misses:1900804 writebacks:709186  Hit Ratio: 98.69%
SCACHE: size: 512 KB assoc: 2
SCACHE: hits:2585081 misses:663651  Hit Ratio: 79.57%
3CACHE: size: 4096 KB assoc: 2
3CACHE: hits:542376 misses:121275  Hit Ratio: 81.73%
3CACHE: dirty items replaced:17540
ITLB: size: 48, misses 46246, miss rate 0.03%
DTLB: size: 128, misses 94564, miss rate 0.07%
Avg mem delay: 1.102 cycles
----------------------------------------
==== Statistics for Master ID: 3 ====
Reads: 218576852   Writes: 84125514
ICACHE: size: 64 KB assoc: 2
ICACHE: hits:168801818 misses:2874  Hit Ratio: 100.00%
DCACHE: size: 2*16 KB assoc: 2*4
DCACHE: hits:133140133 misses:757541 writebacks:4261  Hit Ratio: 99.43%
SCACHE: size: 512 KB assoc: 2
SCACHE: hits:560143 misses:200272  Hit Ratio: 73.66%
3CACHE: size: 4096 KB assoc: 2
3CACHE: hits:191636 misses:8635  Hit Ratio: 95.69%
3CACHE: dirty items replaced:744
ITLB: size: 48, misses 4, miss rate 0.00%
DTLB: size: 128, misses 11911, miss rate 0.01%
Avg mem delay: 1.102 cycles
----------------------------------------
==== Global Resource Utilization ====
STASH: size: 65536 entries, full 1254964317, empty 28724950, misses 2540446, full rate 97.57
icache bank util. 0.341 0.400 0.130 0.102 0.104 0.102 0.093 0.353 
dcache bank util. 0.140 0.131 0.199 0.395 0.148 0.136 0.146 0.142 
L2 bank util. 0.015 0.016 0.016 0.017 0.017 0.015 0.015 0.016 
L1-L2 bus util. = 0.070, L3 util. = 0.006
----------------------------------------

======================== 切片硬件状态 ========================
切片号 | 所属安全域 | 当前状态    | 路扩展 | LRU touched
------------------------------------------------------------------
  0    |   域0      | 正常运行   |  是   |  200999962
  1    |   域0      | 正常运行   |  是   |  200999968
  2    |   域3      | 正常运行   |  是   |  200999998
  3    |   域3      | 正常运行   |  是   |  200999996
==================================================================

branch prediction, hits = 45828920, misses = 6239454, hit rate = 88.02%
return_stack prediction, hits = 3689965, misses = 11917892, hit rate = 23.64%
jump prediction, hits = 59122031, misses = 8062367, hit rate = 88.00%
 dgemm_ dgemv_ dgeqr2_
**** Debug Statistics at 301000000 Cycles *****
Threads: 4		Fetch Width: 8
No of useful instructions fetched:	832752842 (34.58% proc util.)
No of total instructions fetched:	1754284800 (72.85% proc util.)
 includes 48177684 misfetch (2.7%), 873354274 (49.8%) wrong-path fetches
 and 0 flushed after failed lock(0.0%)
No of useful instructions issued/executed:	832752822 (34.58% proc util.)
No of total instructions issued/executed:	1281947446 (53.24% proc util.)
 includes 449194624 wrong-path (35.0%) insts and 0 flushed (0.0%)
	fp 30889, 0.00%
	synch 0, 0.00%
	integer 864702844, 67.45%
	load/store 417213713, 32.55%
Avg size of int IQ (before scheduling): 23.10
Avg size of fp IQ (before scheduling): 0.00
No of cycles taken:		301000000
Parallelism [ 1.448, 0.000, 0.000, 1.319,] = 2.767
 IQ conflicts: 4153055 (1.38%), FQ conflicts: 0 (0.00%) 
 I reg conflicts: 26833097 (8.91%), FP reg conflicts: 0 (0.00%)
  Activelist confs: 2184 (0.00%), ROB confs: 598339 (0.20%)
  Int unit conflicts: 509592705 (169.30%), FP unit conflicts: 8 (0.00%)
  Load/store unit conflicts: 55873430 (18.56%)
  MSHR conflicts: 33035171 (10.98%)
----------------------------------------
==== System-wide Cache Statistics ====
Stall for miss queue full 0 cycles (0.00%)
----------------------------------------
==== Statistics for Master ID: 0 ====
Reads: 383132653   Writes: 62009527
ICACHE: size: 64 KB assoc: 2
ICACHE: hits:226825826 misses:1961085  Hit Ratio: 99.14%
DCACHE: size: 2*16 KB assoc: 2*4
DCACHE: hits:213415615 misses:2939654 writebacks:1073103  Hit Ratio: 98.64%
SCACHE: size: 512 KB assoc: 2
SCACHE: hits:3880536 misses:1020203  Hit Ratio: 79.18%
3CACHE: size: 4096 KB assoc: 2
3CACHE: hits:839173 misses:181030  Hit Ratio: 82.26%
3CACHE: dirty items replaced:42555
ITLB: size: 48, misses 76729, miss rate 0.03%
DTLB: size: 128, misses 142068, miss rate 0.07%
Avg mem delay: 1.102 cycles
----------------------------------------
==== Statistics for Master ID: 3 ====
Reads: 326187020   Writes: 125806792
ICACHE: size: 64 KB assoc: 2
ICACHE: hits:251816702 misses:4720  Hit Ratio: 100.00%
DCACHE: size: 2*16 KB assoc: 2*4
DCACHE: hits:199042048 misses:1130342 writebacks:4330  Hit Ratio: 99.44%
SCACHE: size: 512 KB assoc: 2
SCACHE: hits:817724 misses:317338  Hit Ratio: 72.04%
3CACHE: size: 4096 KB assoc: 2
3CACHE: hits:305327 misses:12011  Hit Ratio: 96.22%
3CACHE: dirty items replaced:2155
ITLB: size: 48, misses 4, miss rate 0.00%
DTLB: size: 128, misses 17762, miss rate 0.01%
Avg mem delay: 1.102 cycles
----------------------------------------
==== Global Resource Utilization ====
STASH: size: 65536 entries, full 1871595792, empty 42592365, misses 3765299, full rate 97.58
icache bank util. 0.338 0.399 0.126 0.102 0.105 0.101 0.093 0.352 
dcache bank util. 0.140 0.133 0.202 0.392 0.145 0.136 0.144 0.142 
L2 bank util. 0.016 0.017 0.016 0.017 0.017 0.015 0.016 0.016 
L1-L2 bus util. = 0.071, L3 util. = 0.006
----------------------------------------

======================== 切片硬件状态 ========================
切片号 | 所属安全域 | 当前状态    | 路扩展 | LRU touched
------------------------------------------------------------------
  0    |   域0      | 正常运行   |  是   |  300999998
  1    |   域0      | 正常运行   |  是   |  300999999
  2    |   域3      | 正常运行   |  是   |  300999982
  3    |   域3      | 正常运行   |  是   |  300999999
==================================================================

branch prediction, hits = 68876760, misses = 8892964, hit rate = 88.57%
return_stack prediction, hits = 5638223, misses = 17819679, hit rate = 24.04%
jump prediction, hits = 90204524, misses = 11336037, hit rate = 88.84%
 dgeqrf_ dger_ dlabad_ dlacon_
**** Debug Statistics at 401000000 Cycles *****
Threads: 4		Fetch Width: 8
No of useful instructions fetched:	1107209548 (34.51% proc util.)
No of total instructions fetched:	2345180341 (73.10% proc util.)
 includes 65841472 misfetch (2.8%), 1172129321 (50.0%) wrong-path fetches
 and 0 flushed after failed lock(0.0%)
No of useful instructions issued/executed:	1107209535 (34.51% proc util.)
No of total instructions issued/executed:	1709495054 (53.29% proc util.)
 includes 602285519 wrong-path (35.2%) insts and 0 flushed (0.0%)
	fp 37928, 0.00%
	synch 0, 0.00%
	integer 1151953493, 67.39%
	load/store 557503633, 32.61%
Avg size of int IQ (before scheduling): 22.87
Avg size of fp IQ (before scheduling): 0.00
No of cycles taken:		401000000
Parallelism [ 1.439, 0.000, 0.000, 1.322,] = 2.761
 IQ conflicts: 4922859 (1.23%), FQ conflicts: 0 (0.00%) 
 I reg conflicts: 34900160 (8.70%), FP reg conflicts: 0 (0.00%)
  Activelist confs: 3281 (0.00%), ROB confs: 720625 (0.18%)
  Int unit conflicts: 673241231 (167.89%), FP unit conflicts: 8 (0.00%)
  Load/store unit conflicts: 74251164 (18.52%)
  MSHR conflicts: 37899587 (9.45%)
----------------------------------------
==== System-wide Cache Statistics ====
Stall for miss queue full 0 cycles (0.00%)
----------------------------------------
==== Statistics for Master ID: 0 ====
Reads: 512420988   Writes: 82425593
ICACHE: size: 64 KB assoc: 2
ICACHE: hits:302993009 misses:2677004  Hit Ratio: 99.12%
DCACHE: size: 2*16 KB assoc: 2*4
DCACHE: hits:285448747 misses:3727821 writebacks:1327204  Hit Ratio: 98.71%
SCACHE: size: 512 KB assoc: 2
SCACHE: hits:5098364 misses:1306461  Hit Ratio: 79.60%
3CACHE: size: 4096 KB assoc: 2
3CACHE: hits:1071467 misses:234994  Hit Ratio: 82.01%
3CACHE: dirty items replaced:68206
ITLB: size: 48, misses 102527, miss rate 0.03%
DTLB: size: 128, misses 186792, miss rate 0.06%
Avg mem delay: 1.089 cycles
----------------------------------------
==== Statistics for Master ID: 3 ====
Reads: 436147740   Writes: 168070356
ICACHE: size: 64 KB assoc: 2
ICACHE: hits:336828942 misses:5993  Hit Ratio: 100.00%
DCACHE: size: 2*16 KB assoc: 2*4
DCACHE: hits:265874634 misses:1508527 writebacks:4410  Hit Ratio: 99.44%
SCACHE: size: 512 KB assoc: 2
SCACHE: hits:1101843 misses:412677  Hit Ratio: 72.75%
3CACHE: size: 4096 KB assoc: 2
3CACHE: hits:395500 misses:17177  Hit Ratio: 95.84%
3CACHE: dirty items replaced:4521
ITLB: size: 48, misses 4, miss rate 0.00%
DTLB: size: 128, misses 23704, miss rate 0.01%
Avg mem delay: 1.089 cycles
----------------------------------------
==== Global Resource Utilization ====
STASH: size: 65536 entries, full 2501660741, empty 57772103, misses 5104792, full rate 97.55
icache bank util. 0.340 0.401 0.127 0.103 0.105 0.101 0.093 0.353 
dcache bank util. 0.140 0.133 0.202 0.391 0.144 0.136 0.144 0.146 
L2 bank util. 0.015 0.016 0.016 0.017 0.016 0.015 0.015 0.015 
L1-L2 bus util. = 0.069, L3 util. = 0.006
----------------------------------------

======================== 切片硬件状态 ========================
切片号 | 所属安全域 | 当前状态    | 路扩展 | LRU touched
------------------------------------------------------------------
  0    |   域0      | 正常运行   |  是   |  400999998
  1    |   域0      | 正常运行   |  是   |  400999996
  2    |   域3      | 正常运行   |  是   |  400999993
  3    |   域3      | 正常运行   |  是   |  400999998
==================================================================

branch prediction, hits = 91086022, misses = 12157304, hit rate = 88.22%
return_stack prediction, hits = 7605174, misses = 23804793, hit rate = 24.21%
jump prediction, hits = 119246809, misses = 15496300, hit rate = 88.50%
 dlae2_ dlaev2_ dlamch_ dlamc1_ dlamc2_
**** Debug Statistics at 501000000 Cycles *****
Threads: 4		Fetch Width: 8
No of useful instructions fetched:	1380191733 (34.44% proc util.)
No of total instructions fetched:	2936731469 (73.27% proc util.)
 includes 85003678 misfetch (2.9%), 1471536058 (50.1%) wrong-path fetches
 and 0 flushed after failed lock(0.0%)
No of useful instructions issued/executed:	1380191701 (34.44% proc util.)
No of total instructions issued/executed:	2138046870 (53.34% proc util.)
 includes 757855169 wrong-path (35.4%) insts and 0 flushed (0.0%)
	fp 56533, 0.00%
	synch 0, 0.00%
	integer 1440290394, 67.36%
	load/store 697699943, 32.63%
Avg size of int IQ (before scheduling): 22.71
Avg size of fp IQ (before scheduling): 0.00
No of cycles taken:		501000000
Parallelism [ 1.430, 0.000, 0.000, 1.325,] = 2.755
 IQ conflicts: 5568201 (1.11%), FQ conflicts: 0 (0.00%) 
 I reg conflicts: 42721697 (8.53%), FP reg conflicts: 0 (0.00%)
  Activelist confs: 4705 (0.00%), ROB confs: 823784 (0.16%)
  Int unit conflicts: 834815773 (166.63%), FP unit conflicts: 17 (0.00%)
  Load/store unit conflicts: 92336542 (18.43%)
  MSHR conflicts: 42233266 (8.43%)
----------------------------------------
==== System-wide Cache Statistics ====
Stall for miss queue full 0 cycles (0.00%)
----------------------------------------
==== Statistics for Master ID: 0 ====
Reads: 640523207   Writes: 102687811
ICACHE: size: 64 KB assoc: 2
ICACHE: hits:378599068 misses:3450064  Hit Ratio: 99.10%
DCACHE: size: 2*16 KB assoc: 2*4
DCACHE: hits:356697928 misses:4463958 writebacks:1560319  Hit Ratio: 98.76%
SCACHE: size: 512 KB assoc: 2
SCACHE: hits:6323388 misses:1590634  Hit Ratio: 79.90%
3CACHE: size: 4096 KB assoc: 2
3CACHE: hits:1305170 misses:285464  Hit Ratio: 82.05%
3CACHE: dirty items replaced:95689
ITLB: size: 48, misses 135093, miss rate 0.04%
DTLB: size: 128, misses 225917, miss rate 0.06%
Avg mem delay: 1.079 cycles
----------------------------------------
==== Statistics for Master ID: 3 ====
Reads: 547323290   Writes: 210369884
ICACHE: size: 64 KB assoc: 2
ICACHE: hits:422379577 misses:7483  Hit Ratio: 100.00%
DCACHE: size: 2*16 KB assoc: 2*4
DCACHE: hits:333417300 misses:1888814 writebacks:4459  Hit Ratio: 99.44%
SCACHE: size: 512 KB assoc: 2
SCACHE: hits:1395895 misses:500402  Hit Ratio: 73.61%
3CACHE: size: 4096 KB assoc: 2
3CACHE: hits:481211 misses:19191  Hit Ratio: 96.16%
3CACHE: dirty items replaced:5466
ITLB: size: 48, misses 4, miss rate 0.00%
DTLB: size: 128, misses 29686, miss rate 0.01%
Avg mem delay: 1.079 cycles
----------------------------------------
==== Global Resource Utilization ====
STASH: size: 65536 entries, full 3131713498, empty 74243742, misses 6559008, full rate 97.48
icache bank util. 0.341 0.396 0.133 0.104 0.105 0.101 0.094 0.353 
dcache bank util. 0.142 0.133 0.201 0.391 0.146 0.138 0.142 0.145 
L2 bank util. 0.015 0.016 0.015 0.016 0.016 0.015 0.015 0.015 
L1-L2 bus util. = 0.068, L3 util. = 0.006
----------------------------------------

======================== 切片硬件状态 ========================
切片号 | 所属安全域 | 当前状态    | 路扩展 | LRU touched
------------------------------------------------------------------
  0    |   域0      | 正常运行   |  是   |  500999999
  1    |   域0      | 正常运行   |  是   |  500999998
  2    |   域3      | 正常运行   |  是   |  500999998
  3    |   域3      | 正常运行   |  是   |  500999759
==================================================================

branch prediction, hits = 112819231, misses = 15473148, hit rate = 87.94%
return_stack prediction, hits = 9634255, misses = 29824039, hit rate = 24.42%
jump prediction, hits = 147702026, misses = 19898129, hit rate = 88.13%
 dlamc3_ dlamc4_ dlamc5_ dlange_ dlansp_
**** Debug Statistics at 601000000 Cycles *****
Threads: 4		Fetch Width: 8
No of useful instructions fetched:	1656677569 (34.46% proc util.)
No of total instructions fetched:	3522843123 (73.27% proc util.)
 includes 100740711 misfetch (2.9%), 1765424843 (50.1%) wrong-path fetches
 and 0 flushed after failed lock(0.0%)
No of useful instructions issued/executed:	1656677558 (34.46% proc util.)
No of total instructions issued/executed:	2565581276 (53.36% proc util.)
 includes 908903718 wrong-path (35.4%) insts and 0 flushed (0.0%)
	fp 76167, 0.00%
	synch 0, 0.00%
	integer 1729023694, 67.39%
	load/store 836481415, 32.60%
Avg size of int IQ (before scheduling): 22.68
Avg size of fp IQ (before scheduling): 0.00
No of cycles taken:		601000000
Parallelism [ 1.431, 0.000, 0.000, 1.326,] = 2.757
 IQ conflicts: 6440425 (1.07%), FQ conflicts: 0 (0.00%) 
 I reg conflicts: 51469282 (8.56%), FP reg conflicts: 0 (0.00%)
  Activelist confs: 6380 (0.00%), ROB confs: 979546 (0.16%)
  Int unit conflicts: 1005843691 (167.36%), FP unit conflicts: 18 (0.00%)
  Load/store unit conflicts: 110136205 (18.33%)
  MSHR conflicts: 50721455 (8.44%)
----------------------------------------
==== System-wide Cache Statistics ====
Stall for miss queue full 0 cycles (0.00%)
----------------------------------------
==== Statistics for Master ID: 0 ====
Reads: 767385568   Writes: 122915949
ICACHE: size: 64 KB assoc: 2
ICACHE: hits:453514253 misses:4175090  Hit Ratio: 99.09%
DCACHE: size: 2*16 KB assoc: 2*4
DCACHE: hits:427348625 misses:5263549 writebacks:1825881  Hit Ratio: 98.78%
SCACHE: size: 512 KB assoc: 2
SCACHE: hits:7529512 misses:1909127  Hit Ratio: 79.77%
3CACHE: size: 4096 KB assoc: 2
3CACHE: hits:1566925 misses:342202  Hit Ratio: 82.08%
3CACHE: dirty items replaced:133869
ITLB: size: 48, misses 166230, miss rate 0.04%
DTLB: size: 128, misses 271626, miss rate 0.06%
Avg mem delay: 1.070 cycles
----------------------------------------
==== Statistics for Master ID: 3 ====
Reads: 656699350   Writes: 252465336
ICACHE: size: 64 KB assoc: 2
ICACHE: hits:506741604 misses:9114  Hit Ratio: 100.00%
DCACHE: size: 2*16 KB assoc: 2*4
DCACHE: hits:400147936 misses:2266032 writebacks:4530  Hit Ratio: 99.44%
SCACHE: size: 512 KB assoc: 2
SCACHE: hits:1669759 misses:605387  Hit Ratio: 73.39%
3CACHE: size: 4096 KB assoc: 2
3CACHE: hits:581861 misses:23526  Hit Ratio: 96.11%
3CACHE: dirty items replaced:7507
ITLB: size: 48, misses 4, miss rate 0.00%
DTLB: size: 128, misses 35617, miss rate 0.01%
Avg mem delay: 1.070 cycles
----------------------------------------
==== Global Resource Utilization ====
STASH: size: 65536 entries, full 3756390763, empty 89502243, misses 7895727, full rate 97.47
icache bank util. 0.341 0.395 0.133 0.104 0.105 0.101 0.094 0.353 
dcache bank util. 0.144 0.133 0.199 0.390 0.144 0.137 0.143 0.146 
L2 bank util. 0.015 0.016 0.015 0.016 0.016 0.015 0.015 0.015 
L1-L2 bus util. = 0.068, L3 util. = 0.006
----------------------------------------

======================== 切片硬件状态 ========================
切片号 | 所属安全域 | 当前状态    | 路扩展 | LRU touched
------------------------------------------------------------------
  0    |   域0      | 正常运行   |  是   |  600999994
  1    |   域0      | 正常运行   |  是   |  600999990
  2    |   域3      | 正常运行   |  是   |  600999998
  3    |   域3      | 正常运行   |  是   |  600999491
==================================================================

branch prediction, hits = 135137577, misses = 18555586, hit rate = 87.93%
return_stack prediction, hits = 11502319, misses = 35794491, hit rate = 24.32%
jump prediction, hits = 177464871, misses = 23626817, hit rate = 88.25%
 dlanst_ dlantr_
**** Debug Statistics at 701000000 Cycles *****
Threads: 4		Fetch Width: 8
No of useful instructions fetched:	1928043717 (34.38% proc util.)
No of total instructions fetched:	4108487547 (73.26% proc util.)
 includes 119131404 misfetch (2.9%), 2061312426 (50.2%) wrong-path fetches
 and 0 flushed after failed lock(0.0%)
No of useful instructions issued/executed:	1928043679 (34.38% proc util.)
No of total instructions issued/executed:	2990078682 (53.32% proc util.)
 includes 1062035003 wrong-path (35.5%) insts and 0 flushed (0.0%)
	fp 80571, 0.00%
	synch 0, 0.00%
	integer 2014702774, 67.38%
	load/store 975295337, 32.62%
Avg size of int IQ (before scheduling): 22.61
Avg size of fp IQ (before scheduling): 0.00
No of cycles taken:		701000000
Parallelism [ 1.424, 0.000, 0.000, 1.327,] = 2.750
 IQ conflicts: 7417625 (1.06%), FQ conflicts: 0 (0.00%) 
 I reg conflicts: 59944138 (8.55%), FP reg conflicts: 0 (0.00%)
  Activelist confs: 8497 (0.00%), ROB confs: 1096738 (0.16%)
  Int unit conflicts: 1163545168 (165.98%), FP unit conflicts: 25 (0.00%)
  Load/store unit conflicts: 128511022 (18.33%)
  MSHR conflicts: 62370148 (8.90%)
----------------------------------------
==== System-wide Cache Statistics ====
Stall for miss queue full 0 cycles (0.00%)
----------------------------------------
==== Statistics for Master ID: 0 ====
Reads: 894881982   Writes: 143197240
ICACHE: size: 64 KB assoc: 2
ICACHE: hits:529268998 misses:4916907  Hit Ratio: 99.08%
DCACHE: size: 2*16 KB assoc: 2*4
DCACHE: hits:497597375 misses:6295942 writebacks:2225092  Hit Ratio: 98.75%
SCACHE: size: 512 KB assoc: 2
SCACHE: hits:8980033 misses:2232816  Hit Ratio: 80.09%
3CACHE: size: 4096 KB assoc: 2
3CACHE: hits:1837527 misses:395289  Hit Ratio: 82.30%
3CACHE: dirty items replaced:169153
ITLB: size: 48, misses 189447, miss rate 0.04%
DTLB: size: 128, misses 323660, miss rate 0.06%
Avg mem delay: 1.066 cycles
----------------------------------------
==== Statistics for Master ID: 3 ====
Reads: 766116788   Writes: 294797774
ICACHE: size: 64 KB assoc: 2
ICACHE: hits:591316584 misses:9878  Hit Ratio: 100.00%
DCACHE: size: 2*16 KB assoc: 2*4
DCACHE: hits:466943868 misses:2644232 writebacks:4582  Hit Ratio: 99.44%
SCACHE: size: 512 KB assoc: 2
SCACHE: hits:1950180 misses:703930  Hit Ratio: 73.48%
3CACHE: size: 4096 KB assoc: 2
3CACHE: hits:677914 misses:26016  Hit Ratio: 96.30%
3CACHE: dirty items replaced:8792
ITLB: size: 48, misses 4, miss rate 0.00%
DTLB: size: 128, misses 41540, miss rate 0.01%
Avg mem delay: 1.066 cycles
----------------------------------------
==== Global Resource Utilization ====
STASH: size: 65536 entries, full 4380044844, empty 105017637, misses 9265550, full rate 97.46
icache bank util. 0.341 0.397 0.132 0.103 0.106 0.102 0.094 0.352 
dcache bank util. 0.143 0.132 0.199 0.388 0.144 0.138 0.145 0.146 
L2 bank util. 0.015 0.016 0.016 0.017 0.016 0.015 0.015 0.016 
L1-L2 bus util. = 0.069, L3 util. = 0.006
----------------------------------------

======================== 切片硬件状态 ========================
切片号 | 所属安全域 | 当前状态    | 路扩展 | LRU touched
------------------------------------------------------------------
  0    |   域0      | 正常运行   |  是   |  700999991
  1    |   域0      | 正常运行   |  是   |  700999999
  2    |   域3      | 正常运行   |  是   |  700999999
  3    |   域3      | 正常运行   |  是   |  700999995
==================================================================

branch prediction, hits = 157117198, misses = 21912775, hit rate = 87.76%
return_stack prediction, hits = 13361846, misses = 41781638, hit rate = 24.23%
jump prediction, hits = 205849344, misses = 27890203, hit rate = 88.07%

**** Early Exiting at 725379738 Cycles *****
========================================
 SMTSIM Global Statistics
========================================
Threads: 4		Fetch Width: 8
No of useful instructions fetched:	2000000048 (34.46% proc util.)
No of total instructions fetched:	4253088453 (73.29% proc util.)
 includes 121693994 misfetch (2.9%), 2131394411 (50.1%) wrong-path fetches
 and 0 flushed after failed lock(0.0%)
No of useful instructions issued/executed:	2000000028 (34.46% proc util.)
No of total instructions issued/executed:	3097783168 (53.38% proc util.)
 includes 1097783140 wrong-path (35.4%) insts and 0 flushed (0.0%)
	fp 85095, 0.00%
	synch 0, 0.00%
	integer 2087645745, 67.39%
	load/store 1010052328, 32.61%
Avg size of int IQ (before scheduling): 22.65
Avg size of fp IQ (before scheduling): 0.00
No of cycles taken:		725379738
Parallelism [ 1.431, 0.000, 0.000, 1.326,] = 2.757
 IQ conflicts: 7725101 (1.06%), FQ conflicts: 0 (0.00%) 
 I reg conflicts: 62025884 (8.55%), FP reg conflicts: 0 (0.00%)
  Activelist confs: 8768 (0.00%), ROB confs: 1179213 (0.16%)
  Int unit conflicts: 1212966700 (167.22%), FP unit conflicts: 25 (0.00%)
  Load/store unit conflicts: 133662821 (18.43%)
  MSHR conflicts: 67651523 (9.33%)
----------------------------------------
==== System-wide Cache Statistics ====
Stall for miss queue full 0 cycles (0.00%)
----------------------------------------
==== Statistics for Master ID: 0 ====
Reads: 927277910   Writes: 148815372
ICACHE: size: 64 KB assoc: 2
ICACHE: hits:548626793 misses:5017404  Hit Ratio: 99.09%
DCACHE: size: 2*16 KB assoc: 2*4
DCACHE: hits:515876763 misses:6572322 writebacks:2355259  Hit Ratio: 98.74%
SCACHE: size: 512 KB assoc: 2
SCACHE: hits:9269300 misses:2320426  Hit Ratio: 79.98%
3CACHE: size: 4096 KB assoc: 2
3CACHE: hits:1915752 misses:404673  Hit Ratio: 82.56%
3CACHE: dirty items replaced:175825
ITLB: size: 48, misses 192483, miss rate 0.03%
DTLB: size: 128, misses 335748, miss rate 0.06%
Avg mem delay: 1.068 cycles
----------------------------------------
==== Statistics for Master ID: 3 ====
Reads: 792616070   Writes: 304997494
ICACHE: size: 64 KB assoc: 2
ICACHE: hits:611849162 misses:10180  Hit Ratio: 100.00%
DCACHE: size: 2*16 KB assoc: 2*4
DCACHE: hits:483018710 misses:2735512 writebacks:4593  Hit Ratio: 99.44%
SCACHE: size: 512 KB assoc: 2
SCACHE: hits:2011635 misses:734057  Hit Ratio: 73.27%
3CACHE: size: 4096 KB assoc: 2
3CACHE: hits:707953 misses:26104  Hit Ratio: 96.44%
3CACHE: dirty items replaced:8857
ITLB: size: 48, misses 4, miss rate 0.00%
DTLB: size: 128, misses 42971, miss rate 0.01%
Avg mem delay: 1.068 cycles
----------------------------------------
==== Global Resource Utilization ====
STASH: size: 65536 entries, full 4534783159, empty 107580606, misses 9487876, full rate 97.48
icache bank util. 0.341 0.397 0.132 0.104 0.106 0.102 0.094 0.352 
dcache bank util. 0.144 0.132 0.199 0.388 0.144 0.138 0.146 0.147 
L2 bank util. 0.015 0.016 0.016 0.017 0.016 0.015 0.015 0.016 
L1-L2 bus util. = 0.069, L3 util. = 0.006
----------------------------------------

======================== 切片硬件状态 ========================
切片号 | 所属安全域 | 当前状态    | 路扩展 | LRU touched
------------------------------------------------------------------
  0    |   域0      | 正常运行   |  是   |  725379734
  1    |   域0      | 正常运行   |  是   |  725379735
  2    |   域3      | 正常运行   |  是   |  725379737
  3    |   域3      | 正常运行   |  是   |  725379727
==================================================================

branch prediction, hits = 163187272, misses = 22559583, hit rate = 87.85%
return_stack prediction, hits = 13755239, misses = 43225731, hit rate = 24.14%
jump prediction, hits = 214126544, misses = 28532097, hit rate = 88.24%
total IPC 2.757

=== Results saved to: ./results/gcc-scilab_3_recurseq_1.txt ===
