测试组合（多线程优先）：equake.arg2 + crafty.arg + gzip-graphic.arg
执行命令：./smtsim equake.arg2 crafty.arg gzip-graphic.arg
==================================================

equake: Reading nodes.
动态重分配参数：每10万周期检查，阈值5
Process 0, Thread 0: equake
Process 0, Thread 1: equake
Process 2, Thread 2: crafty
Process 3, Thread 3: gzip-graphic
[切片调度] 新安全域2无任何切片，尝试分配空闲切片
[切片管理] 成功绑定切片0 → 安全域2

======================== 切片硬件状态 ========================
切片号 | 所属安全域 | 当前状态    | 路扩展 | LRU touched
------------------------------------------------------------------
  0    |   域2      | 正常运行   |  否   |  0
  1    |   域-1     | 切片空闲   |  否   |  0
  2    |   域-1     | 切片空闲   |  否   |  0
  3    |   域-1     | 切片空闲   |  否   |  0
==================================================================

[切片管理] 成功绑定切片1 → 安全域2，触发【路扩展模式】

======================== 切片硬件状态 ========================
切片号 | 所属安全域 | 当前状态    | 路扩展 | LRU touched
------------------------------------------------------------------
  0    |   域2      | 正常运行   |  是   |  0
  1    |   域2      | 正常运行   |  是   |  0
  2    |   域-1     | 切片空闲   |  否   |  0
  3    |   域-1     | 切片空闲   |  否   |  0
==================================================================

[切片调度] 新安全域3无任何切片，尝试分配空闲切片
[切片管理] 成功绑定切片2 → 安全域3

======================== 切片硬件状态 ========================
切片号 | 所属安全域 | 当前状态    | 路扩展 | LRU touched
------------------------------------------------------------------
  0    |   域2      | 正常运行   |  是   |  435
  1    |   域2      | 正常运行   |  是   |  0
  2    |   域3      | 正常运行   |  否   |  0
  3    |   域-1     | 切片空闲   |  否   |  0
==================================================================

[切片管理] 成功绑定切片3 → 安全域3，触发【路扩展模式】

======================== 切片硬件状态 ========================
切片号 | 所属安全域 | 当前状态    | 路扩展 | LRU touched
------------------------------------------------------------------
  0    |   域2      | 正常运行   |  是   |  435
  1    |   域2      | 正常运行   |  是   |  0
  2    |   域3      | 正常运行   |  是   |  0
  3    |   域3      | 正常运行   |  是   |  0
==================================================================

[切片调度] 新安全域0无任何切片，尝试分配空闲切片
[切片调度] 新安全域0未找到空闲切片，尝试剥夺切片
[切片替换] 优先从【路扩展切片】中选择LRU替换目标...
[切片替换] 找到路扩展切片作为受害者：切片1（最后访问：0）
[切片调度] 安全域0触发切片剥夺：从域2剥夺切片1
[切片剥夺] 周期826：切片1（所属域2）进入待剥夺状态，禁止新替换
[切片剥夺] 周期826：切片1在途请求已清空，开始执行脏行写回
[切片剥夺] 周期826：切片1无脏行，直接完成剥夺
[切片管理] 周期826：原域2仅剩1个切片，关闭路扩展模式
[动态重分配] 周期826：切片1写回完成，自动绑定到域0
[切片管理] 成功绑定切片1 → 安全域0

======================== 切片硬件状态 ========================
切片号 | 所属安全域 | 当前状态    | 路扩展 | LRU touched
------------------------------------------------------------------
  0    |   域2      | 正常运行   |  否   |  435
  1    |   域0      | 正常运行   |  否   |  826
  2    |   域3      | 正常运行   |  是   |  826
  3    |   域3      | 正常运行   |  是   |  0
==================================================================

[切片唤醒] 周期826：域0切片就绪，唤醒等待指令

**** Debug Statistics at 1000000 Cycles *****
Threads: 4		Fetch Width: 8
No of useful instructions fetched:	2483851 (31.05% proc util.)
No of total instructions fetched:	3052774 (38.16% proc util.)
 includes 112991 misfetch (3.7%), 455932 (14.9%) wrong-path fetches
 and 0 flushed after failed lock(0.0%)
No of useful instructions issued/executed:	2483787 (31.05% proc util.)
No of total instructions issued/executed:	2682637 (33.53% proc util.)
 includes 198850 wrong-path (7.4%) insts and 0 flushed (0.0%)
	fp 2423, 0.09%
	synch 0, 0.00%
	integer 2015923, 75.15%
	load/store 664291, 24.76%
Avg size of int IQ (before scheduling): 35.51
Avg size of fp IQ (before scheduling): 0.01
No of cycles taken:		1000000
Parallelism [ 1.168, 0.000, 1.158, 0.158,] = 2.484
 IQ conflicts: 2057 (0.21%), FQ conflicts: 0 (0.00%) 
 I reg conflicts: 493743 (49.37%), FP reg conflicts: 0 (0.00%)
  Activelist confs: 0 (0.00%), ROB confs: 1498 (0.15%)
  Int unit conflicts: 351428 (35.14%), FP unit conflicts: 0 (0.00%)
  Load/store unit conflicts: 40270 (4.03%)
  MSHR conflicts: 680546 (68.05%)
----------------------------------------
==== System-wide Cache Statistics ====
Stall for miss queue full 0 cycles (0.00%)
----------------------------------------
==== Statistics for Master ID: 0 ====
Reads: 707510   Writes: 121070
ICACHE: size: 64 KB assoc: 2
ICACHE: hits:440003 misses:250  Hit Ratio: 99.94%
DCACHE: size: 1*16 KB assoc: 1*4
DCACHE: hits:387106 misses:1220 writebacks:53  Hit Ratio: 99.69%
SCACHE: size: 512 KB assoc: 2
SCACHE: hits:1006 misses:464  Hit Ratio: 68.44%
3CACHE: size: 4096 KB assoc: 2
3CACHE: hits:5 misses:459  Hit Ratio: 1.08%
3CACHE: dirty items replaced:0
ITLB: size: 48, misses 16, miss rate 0.00%
DTLB: size: 128, misses 19, miss rate 0.00%
Avg mem delay: 18.003 cycles
----------------------------------------
==== Statistics for Master ID: 2 ====
Reads: 577559   Writes: 59092
ICACHE: size: 64 KB assoc: 2
ICACHE: hits:436352 misses:159  Hit Ratio: 99.96%
DCACHE: size: 1*16 KB assoc: 1*4
DCACHE: hits:199021 misses:1119 writebacks:827  Hit Ratio: 99.44%
SCACHE: size: 512 KB assoc: 2
SCACHE: hits:7 misses:1271  Hit Ratio: 0.55%
3CACHE: size: 4096 KB assoc: 2
3CACHE: hits:0 misses:1271  Hit Ratio: 0.00%
3CACHE: dirty items replaced:0
ITLB: size: 48, misses 17, miss rate 0.00%
DTLB: size: 128, misses 55, miss rate 0.03%
Avg mem delay: 18.003 cycles
----------------------------------------
==== Statistics for Master ID: 3 ====
Reads: 114151   Writes: 25612
ICACHE: size: 64 KB assoc: 2
ICACHE: hits:63766 misses:201  Hit Ratio: 99.69%
DCACHE: size: 2*16 KB assoc: 2*4
DCACHE: hits:50945 misses:24851 writebacks:24674  Hit Ratio: 67.21%
SCACHE: size: 512 KB assoc: 2
SCACHE: hits:5 misses:25040  Hit Ratio: 0.02%
3CACHE: size: 4096 KB assoc: 2
3CACHE: hits:0 misses:25036  Hit Ratio: 0.00%
3CACHE: dirty items replaced:0
ITLB: size: 48, misses 18, miss rate 0.03%
DTLB: size: 128, misses 6196, miss rate 8.17%
Avg mem delay: 18.003 cycles
----------------------------------------
==== Global Resource Utilization ====
STASH: size: 65536 entries, full 103347037, empty 8862, misses 785, full rate 99.99
icache bank util. 0.204 0.119 0.064 0.051 0.085 0.117 0.154 0.149 
dcache bank util. 0.041 0.093 0.119 0.089 0.057 0.041 0.337 0.045 
L2 bank util. 0.003 0.003 0.003 0.007 0.003 0.003 0.299 0.003 
L1-L2 bus util. = 0.160, L3 util. = 0.268
----------------------------------------

======================== 切片硬件状态 ========================
切片号 | 所属安全域 | 当前状态    | 路扩展 | LRU touched
------------------------------------------------------------------
  0    |   域2      | 正常运行   |  否   |  999972
  1    |   域0      | 正常运行   |  否   |  999971
  2    |   域3      | 正常运行   |  是   |  999969
  3    |   域3      | 正常运行   |  是   |  999972
==================================================================

branch prediction, hits = 324246, misses = 24040, hit rate = 93.10%
return_stack prediction, hits = 36163, misses = 11, hit rate = 99.97%
jump prediction, hits = 337735, misses = 20307, hit rate = 94.33%

**** Debug Statistics at 101000000 Cycles *****
Threads: 4		Fetch Width: 8
No of useful instructions fetched:	195536794 (24.20% proc util.)
No of total instructions fetched:	246501606 (30.51% proc util.)
 includes 22783850 misfetch (9.2%), 28180962 (11.4%) wrong-path fetches
 and 0 flushed after failed lock(0.0%)
No of useful instructions issued/executed:	195536755 (24.20% proc util.)
No of total instructions issued/executed:	208440210 (25.80% proc util.)
 includes 12903455 wrong-path (6.2%) insts and 0 flushed (0.0%)
	fp 175587, 0.08%
	synch 0, 0.00%
	integer 143065523, 68.64%
	load/store 65199100, 31.28%
Avg size of int IQ (before scheduling): 19.96
Avg size of fp IQ (before scheduling): 0.00
No of cycles taken:		101000000
Parallelism [ 0.818, 0.000, 0.747, 0.371,] = 1.936
 IQ conflicts: 21308 (0.02%), FQ conflicts: 0 (0.00%) 
 I reg conflicts: 63154191 (62.53%), FP reg conflicts: 0 (0.00%)
  Activelist confs: 0 (0.00%), ROB confs: 4534 (0.00%)
  Int unit conflicts: 20631744 (20.43%), FP unit conflicts: 2 (0.00%)
  Load/store unit conflicts: 5752143 (5.70%)
  MSHR conflicts: 67174653 (66.51%)
----------------------------------------
==== System-wide Cache Statistics ====
Stall for miss queue full 0 cycles (0.00%)
----------------------------------------
==== Statistics for Master ID: 0 ====
Reads: 49798484   Writes: 8424121
ICACHE: size: 64 KB assoc: 2
ICACHE: hits:30745758 misses:367321  Hit Ratio: 98.82%
DCACHE: size: 1*16 KB assoc: 1*4
DCACHE: hits:27025114 misses:84411 writebacks:8461  Hit Ratio: 99.69%
SCACHE: size: 512 KB assoc: 2
SCACHE: hits:426932 misses:24800  Hit Ratio: 94.51%
3CACHE: size: 4096 KB assoc: 2
3CACHE: hits:12660 misses:12140  Hit Ratio: 51.05%
3CACHE: dirty items replaced:22
ITLB: size: 48, misses 23, miss rate 0.00%
DTLB: size: 128, misses 1029, miss rate 0.00%
Avg mem delay: 5.300 cycles
----------------------------------------
==== Statistics for Master ID: 2 ====
Reads: 48716780   Writes: 5844067
ICACHE: size: 64 KB assoc: 2
ICACHE: hits:27682879 misses:628263  Hit Ratio: 97.78%
DCACHE: size: 1*16 KB assoc: 1*4
DCACHE: hits:25299810 misses:949895 writebacks:146346  Hit Ratio: 96.38%
SCACHE: size: 512 KB assoc: 2
SCACHE: hits:1362605 misses:215552  Hit Ratio: 86.34%
3CACHE: size: 4096 KB assoc: 2
3CACHE: hits:134743 misses:80809  Hit Ratio: 62.51%
3CACHE: dirty items replaced:1478
ITLB: size: 48, misses 580, miss rate 0.00%
DTLB: size: 128, misses 68893, miss rate 0.26%
Avg mem delay: 5.300 cycles
----------------------------------------
==== Statistics for Master ID: 3 ====
Reads: 20312357   Writes: 5818112
ICACHE: size: 64 KB assoc: 2
ICACHE: hits:14307992 misses:1025  Hit Ratio: 99.99%
DCACHE: size: 2*16 KB assoc: 2*4
DCACHE: hits:10228805 misses:1592647 writebacks:888249  Hit Ratio: 86.53%
SCACHE: size: 512 KB assoc: 2
SCACHE: hits:568 misses:1593104  Hit Ratio: 0.04%
3CACHE: size: 4096 KB assoc: 2
3CACHE: hits:23 misses:1593081  Hit Ratio: 0.00%
3CACHE: dirty items replaced:7736
ITLB: size: 48, misses 35, miss rate 0.00%
DTLB: size: 128, misses 68167, miss rate 0.58%
Avg mem delay: 5.300 cycles
----------------------------------------
==== Global Resource Utilization ====
STASH: size: 65536 entries, full 367705838, empty 8665699, misses 788212, full rate 97.49
icache bank util. 0.098 0.088 0.084 0.071 0.074 0.172 0.077 0.096 
dcache bank util. 0.063 0.110 0.112 0.091 0.100 0.085 0.104 0.090 
L2 bank util. 0.030 0.039 0.034 0.031 0.032 0.032 0.036 0.049 
L1-L2 bus util. = 0.139, L3 util. = 0.167
----------------------------------------

======================== 切片硬件状态 ========================
切片号 | 所属安全域 | 当前状态    | 路扩展 | LRU touched
------------------------------------------------------------------
  0    |   域2      | 正常运行   |  否   |  100999994
  1    |   域0      | 正常运行   |  否   |  100999993
  2    |   域3      | 正常运行   |  是   |  100999939
  3    |   域3      | 正常运行   |  是   |  100999992
==================================================================

branch prediction, hits = 21891816, misses = 1782822, hit rate = 92.47%
return_stack prediction, hits = 3853732, misses = 52, hit rate = 100.00%
jump prediction, hits = 19464303, misses = 5488328, hit rate = 78.01%
equake: Reading elements.

======================== 切片硬件状态 ========================
切片号 | 所属安全域 | 当前状态    | 路扩展 | LRU touched
------------------------------------------------------------------
  0    |   域2      | 正常运行   |  否   |  152099993
  1    |   域0      | 正常运行   |  否   |  152099998
  2    |   域3      | 正常运行   |  是   |  152100000
  3    |   域3      | 正常运行   |  是   |  152100000
==================================================================

[动态重分配] 周期152100000：预约迁移 冗余域3(0%) -> 切片2 -> 饥饿域2(6%)
[切片剥夺] 周期152100000：切片2（所属域3）进入待剥夺状态，禁止新替换
[切片剥夺] 周期152100000：切片2在途请求已清空，开始执行脏行写回
[切片管理] 周期152105724：原域3仅剩1个切片，关闭路扩展模式
[动态重分配] 周期152105724：切片2写回完成，自动绑定到域2
[切片管理] 成功绑定切片2 → 安全域2，触发【路扩展模式】

======================== 切片硬件状态 ========================
切片号 | 所属安全域 | 当前状态    | 路扩展 | LRU touched
------------------------------------------------------------------
  0    |   域2      | 正常运行   |  是   |  152105723
  1    |   域0      | 正常运行   |  否   |  152105723
  2    |   域2      | 正常运行   |  是   |  152105724
  3    |   域3      | 正常运行   |  否   |  152105724
==================================================================


======================== 切片硬件状态 ========================
切片号 | 所属安全域 | 当前状态    | 路扩展 | LRU touched
------------------------------------------------------------------
  0    |   域2      | 正常运行   |  是   |  170299690
  1    |   域0      | 正常运行   |  否   |  170299984
  2    |   域2      | 正常运行   |  是   |  170299689
  3    |   域3      | 正常运行   |  否   |  170299985
==================================================================

[动态重分配] 周期170300000：预约迁移 冗余域2(1%) -> 切片0 -> 饥饿域3(8%)
[切片剥夺] 周期170300000：切片0（所属域2）进入待剥夺状态，禁止新替换
[切片剥夺] 周期170300000：切片0在途请求已清空，开始执行脏行写回
[切片管理] 周期170300149：原域2仅剩1个切片，关闭路扩展模式
[动态重分配] 周期170300149：切片0写回完成，自动绑定到域3
[切片管理] 成功绑定切片0 → 安全域3，触发【路扩展模式】

======================== 切片硬件状态 ========================
切片号 | 所属安全域 | 当前状态    | 路扩展 | LRU touched
------------------------------------------------------------------
  0    |   域3      | 正常运行   |  是   |  170300149
  1    |   域0      | 正常运行   |  否   |  170299984
  2    |   域2      | 正常运行   |  否   |  170299689
  3    |   域3      | 正常运行   |  是   |  170300149
==================================================================


======================== 切片硬件状态 ========================
切片号 | 所属安全域 | 当前状态    | 路扩展 | LRU touched
------------------------------------------------------------------
  0    |   域3      | 正常运行   |  是   |  189100000
  1    |   域0      | 正常运行   |  否   |  189099999
  2    |   域2      | 正常运行   |  否   |  189099996
  3    |   域3      | 正常运行   |  是   |  189100000
==================================================================

[动态重分配] 周期189100000：预约迁移 冗余域3(0%) -> 切片3 -> 饥饿域2(6%)
[切片剥夺] 周期189100000：切片3（所属域3）进入待剥夺状态，禁止新替换
[切片剥夺] 周期189100000：切片3在途请求已清空，开始执行脏行写回
[切片管理] 周期189109706：原域3仅剩1个切片，关闭路扩展模式
[动态重分配] 周期189109706：切片3写回完成，自动绑定到域2
[切片管理] 成功绑定切片3 → 安全域2，触发【路扩展模式】

======================== 切片硬件状态 ========================
切片号 | 所属安全域 | 当前状态    | 路扩展 | LRU touched
------------------------------------------------------------------
  0    |   域3      | 正常运行   |  否   |  189109706
  1    |   域0      | 正常运行   |  否   |  189109706
  2    |   域2      | 正常运行   |  是   |  189109704
  3    |   域2      | 正常运行   |  是   |  189109706
==================================================================


**** Debug Statistics at 201000000 Cycles *****
Threads: 4		Fetch Width: 8
No of useful instructions fetched:	530297564 (32.98% proc util.)
No of total instructions fetched:	686012541 (42.66% proc util.)
 includes 53442332 misfetch (7.8%), 102272645 (14.9%) wrong-path fetches
 and 0 flushed after failed lock(0.0%)
No of useful instructions issued/executed:	530297525 (32.98% proc util.)
No of total instructions issued/executed:	578232322 (35.96% proc util.)
 includes 47934797 wrong-path (8.3%) insts and 0 flushed (0.0%)
	fp 384911, 0.07%
	synch 0, 0.00%
	integer 397893770, 68.81%
	load/store 179953641, 31.12%
Avg size of int IQ (before scheduling): 20.28
Avg size of fp IQ (before scheduling): 0.00
No of cycles taken:		201000000
Parallelism [ 1.042, 0.000, 0.848, 0.748,] = 2.638
 IQ conflicts: 263378 (0.13%), FQ conflicts: 0 (0.00%) 
 I reg conflicts: 94360577 (46.95%), FP reg conflicts: 0 (0.00%)
  Activelist confs: 0 (0.00%), ROB confs: 4534 (0.00%)
  Int unit conflicts: 168006246 (83.59%), FP unit conflicts: 2 (0.00%)
  Load/store unit conflicts: 20738318 (10.32%)
  MSHR conflicts: 89375086 (44.47%)
----------------------------------------
==== System-wide Cache Statistics ====
Stall for miss queue full 239 cycles (0.00%)
----------------------------------------
==== Statistics for Master ID: 0 ====
Reads: 128647436   Writes: 22437804
ICACHE: size: 64 KB assoc: 2
ICACHE: hits:79895113 misses:869658  Hit Ratio: 98.92%
DCACHE: size: 1*16 KB assoc: 1*4
DCACHE: hits:70056468 misses:264000 writebacks:116211  Hit Ratio: 99.62%
SCACHE: size: 512 KB assoc: 2
SCACHE: hits:987882 misses:145776  Hit Ratio: 87.14%
3CACHE: size: 4096 KB assoc: 2
3CACHE: hits:23668 misses:122108  Hit Ratio: 16.24%
3CACHE: dirty items replaced:3263
ITLB: size: 48, misses 51, miss rate 0.00%
DTLB: size: 128, misses 7233, miss rate 0.01%
Avg mem delay: 2.927 cycles
----------------------------------------
==== Statistics for Master ID: 2 ====
Reads: 116862354   Writes: 13605154
ICACHE: size: 64 KB assoc: 2
ICACHE: hits:65592732 misses:1851777  Hit Ratio: 97.25%
DCACHE: size: 2*16 KB assoc: 2*4
DCACHE: hits:61011722 misses:2011323 writebacks:260919  Hit Ratio: 96.81%
SCACHE: size: 512 KB assoc: 2
SCACHE: hits:3478207 misses:384847  Hit Ratio: 90.04%
3CACHE: size: 4096 KB assoc: 2
3CACHE: hits:253483 misses:131364  Hit Ratio: 65.87%
3CACHE: dirty items replaced:7511
ITLB: size: 48, misses 706, miss rate 0.00%
DTLB: size: 128, misses 257683, miss rate 0.41%
Avg mem delay: 2.927 cycles
----------------------------------------
==== Statistics for Master ID: 3 ====
Reads: 87706036   Writes: 15761002
ICACHE: size: 64 KB assoc: 2
ICACHE: hits:56911345 misses:41853  Hit Ratio: 99.93%
DCACHE: size: 1*16 KB assoc: 1*4
DCACHE: hits:43562721 misses:2951387 writebacks:1460666  Hit Ratio: 93.65%
SCACHE: size: 512 KB assoc: 2
SCACHE: hits:905579 misses:2087393  Hit Ratio: 30.26%
3CACHE: size: 4096 KB assoc: 2
3CACHE: hits:52673 misses:2034720  Hit Ratio: 2.52%
3CACHE: dirty items replaced:15431
ITLB: size: 48, misses 140, miss rate 0.00%
DTLB: size: 128, misses 126773, miss rate 0.27%
Avg mem delay: 2.927 cycles
----------------------------------------
==== Global Resource Utilization ====
STASH: size: 65536 entries, full 853211672, empty 22316847, misses 2020869, full rate 97.23
icache bank util. 0.135 0.121 0.113 0.111 0.132 0.196 0.123 0.131 
dcache bank util. 0.078 0.144 0.153 0.124 0.147 0.107 0.144 0.104 
L2 bank util. 0.031 0.041 0.034 0.030 0.032 0.033 0.033 0.044 
L1-L2 bus util. = 0.147, L3 util. = 0.114
----------------------------------------

======================== 切片硬件状态 ========================
切片号 | 所属安全域 | 当前状态    | 路扩展 | LRU touched
------------------------------------------------------------------
  0    |   域3      | 正常运行   |  否   |  200999999
  1    |   域0      | 正常运行   |  否   |  200999997
  2    |   域2      | 正常运行   |  是   |  200999999
  3    |   域2      | 正常运行   |  是   |  200999994
==================================================================

branch prediction, hits = 51372989, misses = 5234990, hit rate = 90.75%
return_stack prediction, hits = 10175778, misses = 219, hit rate = 100.00%
jump prediction, hits = 48945652, misses = 13309403, hit rate = 78.62%

======================== 切片硬件状态 ========================
切片号 | 所属安全域 | 当前状态    | 路扩展 | LRU touched
------------------------------------------------------------------
  0    |   域3      | 正常运行   |  否   |  243800000
  1    |   域0      | 正常运行   |  否   |  243799998
  2    |   域2      | 正常运行   |  是   |  243799996
  3    |   域2      | 正常运行   |  是   |  243800000
==================================================================

[动态重分配] 周期243800000：预约迁移 冗余域2(0%) -> 切片2 -> 饥饿域3(6%)
[切片剥夺] 周期243800000：切片2（所属域2）进入待剥夺状态，禁止新替换
[切片剥夺] 周期243800000：切片2在途请求已清空，开始执行脏行写回
[切片管理] 周期243800140：原域2仅剩1个切片，关闭路扩展模式
[动态重分配] 周期243800140：切片2写回完成，自动绑定到域3
[切片管理] 成功绑定切片2 → 安全域3，触发【路扩展模式】

======================== 切片硬件状态 ========================
切片号 | 所属安全域 | 当前状态    | 路扩展 | LRU touched
------------------------------------------------------------------
  0    |   域3      | 正常运行   |  是   |  243800140
  1    |   域0      | 正常运行   |  否   |  243800136
  2    |   域3      | 正常运行   |  是   |  243800140
  3    |   域2      | 正常运行   |  否   |  243800030
==================================================================


**** Debug Statistics at 301000000 Cycles *****
Threads: 4		Fetch Width: 8
No of useful instructions fetched:	965452092 (40.09% proc util.)
No of total instructions fetched:	1244974742 (51.70% proc util.)
 includes 88863005 misfetch (7.1%), 190659645 (15.3%) wrong-path fetches
 and 0 flushed after failed lock(0.0%)
No of useful instructions issued/executed:	965452043 (40.09% proc util.)
No of total instructions issued/executed:	1055154749 (43.82% proc util.)
 includes 89702706 wrong-path (8.5%) insts and 0 flushed (0.0%)
	fp 477359, 0.05%
	synch 0, 0.00%
	integer 727684605, 68.96%
	load/store 326992785, 30.99%
Avg size of int IQ (before scheduling): 21.05
Avg size of fp IQ (before scheduling): 0.00
No of cycles taken:		301000000
Parallelism [ 1.252, 0.000, 0.948, 1.008,] = 3.207
 IQ conflicts: 446997 (0.15%), FQ conflicts: 0 (0.00%) 
 I reg conflicts: 106007704 (35.22%), FP reg conflicts: 0 (0.00%)
  Activelist confs: 0 (0.00%), ROB confs: 4534 (0.00%)
  Int unit conflicts: 393099516 (130.60%), FP unit conflicts: 2 (0.00%)
  Load/store unit conflicts: 41658894 (13.84%)
  MSHR conflicts: 94338973 (31.34%)
----------------------------------------
==== System-wide Cache Statistics ====
Stall for miss queue full 239 cycles (0.00%)
----------------------------------------
==== Statistics for Master ID: 0 ====
Reads: 230569737   Writes: 40001803
ICACHE: size: 64 KB assoc: 2
ICACHE: hits:143501441 misses:1370298  Hit Ratio: 99.05%
DCACHE: size: 1*16 KB assoc: 1*4
DCACHE: hits:125414690 misses:285110 writebacks:126787  Hit Ratio: 99.77%
SCACHE: size: 512 KB assoc: 2
SCACHE: hits:1485803 misses:169605  Hit Ratio: 89.75%
3CACHE: size: 4096 KB assoc: 2
3CACHE: hits:31795 misses:137810  Hit Ratio: 18.75%
3CACHE: dirty items replaced:5020
ITLB: size: 48, misses 69, miss rate 0.00%
DTLB: size: 128, misses 12075, miss rate 0.01%
Avg mem delay: 2.076 cycles
----------------------------------------
==== Statistics for Master ID: 2 ====
Reads: 200203641   Writes: 23091296
ICACHE: size: 64 KB assoc: 2
ICACHE: hits:111855111 misses:3359030  Hit Ratio: 97.08%
DCACHE: size: 1*16 KB assoc: 1*4
DCACHE: hits:104831993 misses:3248891 writebacks:394794  Hit Ratio: 96.99%
SCACHE: size: 512 KB assoc: 2
SCACHE: hits:6065581 misses:542252  Hit Ratio: 91.79%
3CACHE: size: 4096 KB assoc: 2
3CACHE: hits:372451 misses:169801  Hit Ratio: 68.69%
3CACHE: dirty items replaced:19977
ITLB: size: 48, misses 773, miss rate 0.00%
DTLB: size: 128, misses 492944, miss rate 0.46%
Avg mem delay: 2.076 cycles
----------------------------------------
==== Statistics for Master ID: 3 ====
Reads: 179000358   Writes: 28357038
ICACHE: size: 64 KB assoc: 2
ICACHE: hits:114192820 misses:100483  Hit Ratio: 99.91%
DCACHE: size: 2*16 KB assoc: 2*4
DCACHE: hits:88716273 misses:4348088 writebacks:2032603  Hit Ratio: 95.33%
SCACHE: size: 512 KB assoc: 2
SCACHE: hits:2272312 misses:2175991  Hit Ratio: 51.08%
3CACHE: size: 4096 KB assoc: 2
3CACHE: hits:111435 misses:2064556  Hit Ratio: 5.12%
3CACHE: dirty items replaced:23471
ITLB: size: 48, misses 225, miss rate 0.00%
DTLB: size: 128, misses 180904, miss rate 0.19%
Avg mem delay: 2.076 cycles
----------------------------------------
==== Global Resource Utilization ====
STASH: size: 65536 entries, full 1473889960, empty 39533233, misses 3586765, full rate 97.16
icache bank util. 0.168 0.151 0.141 0.139 0.168 0.211 0.155 0.158 
dcache bank util. 0.087 0.171 0.187 0.147 0.177 0.122 0.179 0.120 
L2 bank util. 0.032 0.042 0.034 0.028 0.032 0.033 0.031 0.043 
L1-L2 bus util. = 0.152, L3 util. = 0.079
----------------------------------------

======================== 切片硬件状态 ========================
切片号 | 所属安全域 | 当前状态    | 路扩展 | LRU touched
------------------------------------------------------------------
  0    |   域3      | 正常运行   |  是   |  300999656
  1    |   域0      | 正常运行   |  否   |  300999999
  2    |   域3      | 正常运行   |  是   |  300999997
  3    |   域2      | 正常运行   |  否   |  300999991
==================================================================

branch prediction, hits = 90177689, misses = 9114104, hit rate = 90.82%
return_stack prediction, hits = 19094228, misses = 422, hit rate = 100.00%
jump prediction, hits = 88466139, misses = 22357313, hit rate = 79.83%

======================== 切片硬件状态 ========================
切片号 | 所属安全域 | 当前状态    | 路扩展 | LRU touched
------------------------------------------------------------------
  0    |   域3      | 正常运行   |  是   |  318099997
  1    |   域0      | 正常运行   |  否   |  318100000
  2    |   域3      | 正常运行   |  是   |  318099989
  3    |   域2      | 正常运行   |  否   |  318099990
==================================================================

[动态重分配] 周期318100000：预约迁移 冗余域3(0%) -> 切片0 -> 饥饿域2(6%)
[切片剥夺] 周期318100000：切片0（所属域3）进入待剥夺状态，禁止新替换
[切片剥夺] 周期318100000：切片0在途请求已清空，开始执行脏行写回
[切片管理] 周期318100387：原域3仅剩1个切片，关闭路扩展模式
[动态重分配] 周期318100387：切片0写回完成，自动绑定到域2
[切片管理] 成功绑定切片0 → 安全域2，触发【路扩展模式】

======================== 切片硬件状态 ========================
切片号 | 所属安全域 | 当前状态    | 路扩展 | LRU touched
------------------------------------------------------------------
  0    |   域2      | 正常运行   |  是   |  318100387
  1    |   域0      | 正常运行   |  否   |  318100385
  2    |   域3      | 正常运行   |  否   |  318100384
  3    |   域2      | 正常运行   |  是   |  318100383
==================================================================


======================== 切片硬件状态 ========================
切片号 | 所属安全域 | 当前状态    | 路扩展 | LRU touched
------------------------------------------------------------------
  0    |   域2      | 正常运行   |  是   |  328900000
  1    |   域0      | 正常运行   |  否   |  328899998
  2    |   域3      | 正常运行   |  否   |  328899999
  3    |   域2      | 正常运行   |  是   |  328899971
==================================================================

[动态重分配] 周期328900000：预约迁移 冗余域2(0%) -> 切片0 -> 饥饿域3(6%)
[切片剥夺] 周期328900000：切片0（所属域2）进入待剥夺状态，禁止新替换
[切片剥夺] 周期328900000：切片0在途请求已清空，开始执行脏行写回
[切片管理] 周期328900122：原域2仅剩1个切片，关闭路扩展模式
[动态重分配] 周期328900122：切片0写回完成，自动绑定到域3
[切片管理] 成功绑定切片0 → 安全域3，触发【路扩展模式】

======================== 切片硬件状态 ========================
切片号 | 所属安全域 | 当前状态    | 路扩展 | LRU touched
------------------------------------------------------------------
  0    |   域3      | 正常运行   |  是   |  328900122
  1    |   域0      | 正常运行   |  否   |  328900095
  2    |   域3      | 正常运行   |  是   |  328900063
  3    |   域2      | 正常运行   |  否   |  328900120
==================================================================


======================== 切片硬件状态 ========================
切片号 | 所属安全域 | 当前状态    | 路扩展 | LRU touched
------------------------------------------------------------------
  0    |   域3      | 正常运行   |  是   |  398199996
  1    |   域0      | 正常运行   |  否   |  398200000
  2    |   域3      | 正常运行   |  是   |  398199996
  3    |   域2      | 正常运行   |  否   |  398200000
==================================================================

[动态重分配] 周期398200000：预约迁移 冗余域3(0%) -> 切片0 -> 饥饿域2(6%)
[切片剥夺] 周期398200000：切片0（所属域3）进入待剥夺状态，禁止新替换
[切片剥夺] 周期398200000：切片0在途请求已清空，开始执行脏行写回
[切片管理] 周期398213318：原域3仅剩1个切片，关闭路扩展模式
[动态重分配] 周期398213318：切片0写回完成，自动绑定到域2
[切片管理] 成功绑定切片0 → 安全域2，触发【路扩展模式】

======================== 切片硬件状态 ========================
切片号 | 所属安全域 | 当前状态    | 路扩展 | LRU touched
------------------------------------------------------------------
  0    |   域2      | 正常运行   |  是   |  398213318
  1    |   域0      | 正常运行   |  否   |  398213318
  2    |   域3      | 正常运行   |  否   |  398213317
  3    |   域2      | 正常运行   |  是   |  398213316
==================================================================


**** Debug Statistics at 401000000 Cycles *****
Threads: 4		Fetch Width: 8
No of useful instructions fetched:	1397386444 (43.56% proc util.)
No of total instructions fetched:	1799971824 (56.11% proc util.)
 includes 123621988 misfetch (6.9%), 278963392 (15.5%) wrong-path fetches
 and 0 flushed after failed lock(0.0%)
No of useful instructions issued/executed:	1397386398 (43.56% proc util.)
No of total instructions issued/executed:	1529652230 (47.68% proc util.)
 includes 132265832 wrong-path (8.6%) insts and 0 flushed (0.0%)
	fp 568725, 0.04%
	synch 0, 0.00%
	integer 1055955106, 69.03%
	load/store 473128399, 30.93%
Avg size of int IQ (before scheduling): 21.51
Avg size of fp IQ (before scheduling): 0.00
No of cycles taken:		401000000
Parallelism [ 1.357, 0.000, 0.991, 1.137,] = 3.485
 IQ conflicts: 631517 (0.16%), FQ conflicts: 0 (0.00%) 
 I reg conflicts: 118196344 (29.48%), FP reg conflicts: 0 (0.00%)
  Activelist confs: 0 (0.00%), ROB confs: 4534 (0.00%)
  Int unit conflicts: 617136065 (153.90%), FP unit conflicts: 2 (0.00%)
  Load/store unit conflicts: 62471943 (15.58%)
  MSHR conflicts: 99256437 (24.75%)
----------------------------------------
==== System-wide Cache Statistics ====
Stall for miss queue full 415 cycles (0.00%)
----------------------------------------
==== Statistics for Master ID: 0 ====
Reads: 332315233   Writes: 57522194
ICACHE: size: 64 KB assoc: 2
ICACHE: hits:206898647 misses:1876397  Hit Ratio: 99.10%
DCACHE: size: 1*16 KB assoc: 1*4
DCACHE: hits:180756275 misses:306107 writebacks:137256  Hit Ratio: 99.83%
SCACHE: size: 512 KB assoc: 2
SCACHE: hits:1988511 misses:193993  Hit Ratio: 91.11%
3CACHE: size: 4096 KB assoc: 2
3CACHE: hits:40595 misses:153398  Hit Ratio: 20.93%
3CACHE: dirty items replaced:8382
ITLB: size: 48, misses 98, miss rate 0.00%
DTLB: size: 128, misses 17548, miss rate 0.01%
Avg mem delay: 1.779 cycles
----------------------------------------
==== Statistics for Master ID: 2 ====
Reads: 281808027   Writes: 32490509
ICACHE: size: 64 KB assoc: 2
ICACHE: hits:157054196 misses:4858954  Hit Ratio: 97.00%
DCACHE: size: 2*16 KB assoc: 2*4
DCACHE: hits:147568194 misses:4817315 writebacks:557586  Hit Ratio: 96.84%
SCACHE: size: 512 KB assoc: 2
SCACHE: hits:8964033 misses:712112  Hit Ratio: 92.64%
3CACHE: size: 4096 KB assoc: 2
3CACHE: hits:505059 misses:207053  Hit Ratio: 70.92%
3CACHE: dirty items replaced:34839
ITLB: size: 48, misses 908, miss rate 0.00%
DTLB: size: 128, misses 750648, miss rate 0.49%
Avg mem delay: 1.779 cycles
----------------------------------------
==== Statistics for Master ID: 3 ====
Reads: 270516428   Writes: 40711960
ICACHE: size: 64 KB assoc: 2
ICACHE: hits:171569636 misses:166428  Hit Ratio: 99.90%
DCACHE: size: 1*16 KB assoc: 1*4
DCACHE: hits:133700325 misses:5792515 writebacks:2604555  Hit Ratio: 95.85%
SCACHE: size: 512 KB assoc: 2
SCACHE: hits:3691114 misses:2267312  Hit Ratio: 61.95%
3CACHE: size: 4096 KB assoc: 2
3CACHE: hits:170739 misses:2096573  Hit Ratio: 7.53%
3CACHE: dirty items replaced:34153
ITLB: size: 48, misses 306, miss rate 0.00%
DTLB: size: 128, misses 237971, miss rate 0.17%
Avg mem delay: 1.779 cycles
----------------------------------------
==== Global Resource Utilization ====
STASH: size: 65536 entries, full 2088981417, empty 57848518, misses 5227696, full rate 97.07
icache bank util. 0.183 0.164 0.154 0.153 0.187 0.220 0.171 0.171 
dcache bank util. 0.092 0.184 0.203 0.159 0.192 0.131 0.197 0.127 
L2 bank util. 0.033 0.043 0.034 0.027 0.032 0.034 0.031 0.043 
L1-L2 bus util. = 0.158, L3 util. = 0.061
----------------------------------------

======================== 切片硬件状态 ========================
切片号 | 所属安全域 | 当前状态    | 路扩展 | LRU touched
------------------------------------------------------------------
  0    |   域2      | 正常运行   |  是   |  400999939
  1    |   域0      | 正常运行   |  否   |  400999999
  2    |   域3      | 正常运行   |  否   |  400999995
  3    |   域2      | 正常运行   |  是   |  400999997
==================================================================

branch prediction, hits = 128731007, misses = 12897619, hit rate = 90.89%
return_stack prediction, hits = 27989014, misses = 619, hit rate = 100.00%
jump prediction, hits = 128214610, misses = 31138774, hit rate = 80.46%

======================== 切片硬件状态 ========================
切片号 | 所属安全域 | 当前状态    | 路扩展 | LRU touched
------------------------------------------------------------------
  0    |   域2      | 正常运行   |  是   |  407999999
  1    |   域0      | 正常运行   |  否   |  408000000
  2    |   域3      | 正常运行   |  否   |  407999997
  3    |   域2      | 正常运行   |  是   |  408000000
==================================================================

[动态重分配] 周期408000000：预约迁移 冗余域2(0%) -> 切片0 -> 饥饿域3(6%)
[切片剥夺] 周期408000000：切片0（所属域2）进入待剥夺状态，禁止新替换
[切片剥夺] 周期408000000：切片0在途请求已清空，开始执行脏行写回
[切片管理] 周期408000095：原域2仅剩1个切片，关闭路扩展模式
[动态重分配] 周期408000095：切片0写回完成，自动绑定到域3
[切片管理] 成功绑定切片0 → 安全域3，触发【路扩展模式】

======================== 切片硬件状态 ========================
切片号 | 所属安全域 | 当前状态    | 路扩展 | LRU touched
------------------------------------------------------------------
  0    |   域3      | 正常运行   |  是   |  408000095
  1    |   域0      | 正常运行   |  否   |  408000095
  2    |   域3      | 正常运行   |  是   |  408000088
  3    |   域2      | 正常运行   |  否   |  408000061
==================================================================


======================== 切片硬件状态 ========================
切片号 | 所属安全域 | 当前状态    | 路扩展 | LRU touched
------------------------------------------------------------------
  0    |   域3      | 正常运行   |  是   |  411499997
  1    |   域0      | 正常运行   |  否   |  411500000
  2    |   域3      | 正常运行   |  是   |  411499996
  3    |   域2      | 正常运行   |  否   |  411499997
==================================================================

[动态重分配] 周期411500000：预约迁移 冗余域3(0%) -> 切片0 -> 饥饿域2(6%)
[切片剥夺] 周期411500000：切片0（所属域3）进入待剥夺状态，禁止新替换
[切片剥夺] 周期411500000：切片0在途请求已清空，开始执行脏行写回
[切片管理] 周期411503890：原域3仅剩1个切片，关闭路扩展模式
[动态重分配] 周期411503890：切片0写回完成，自动绑定到域2
[切片管理] 成功绑定切片0 → 安全域2，触发【路扩展模式】

======================== 切片硬件状态 ========================
切片号 | 所属安全域 | 当前状态    | 路扩展 | LRU touched
------------------------------------------------------------------
  0    |   域2      | 正常运行   |  是   |  411503890
  1    |   域0      | 正常运行   |  否   |  411503887
  2    |   域3      | 正常运行   |  否   |  411503890
  3    |   域2      | 正常运行   |  是   |  411503888
==================================================================


======================== 切片硬件状态 ========================
切片号 | 所属安全域 | 当前状态    | 路扩展 | LRU touched
------------------------------------------------------------------
  0    |   域2      | 正常运行   |  是   |  429799999
  1    |   域0      | 正常运行   |  否   |  429799994
  2    |   域3      | 正常运行   |  否   |  429799997
  3    |   域2      | 正常运行   |  是   |  429800000
==================================================================

[动态重分配] 周期429800000：预约迁移 冗余域2(0%) -> 切片3 -> 饥饿域3(6%)
[切片剥夺] 周期429800000：切片3（所属域2）进入待剥夺状态，禁止新替换
[切片剥夺] 周期429800000：切片3在途请求已清空，开始执行脏行写回
[切片管理] 周期429800131：原域2仅剩1个切片，关闭路扩展模式
[动态重分配] 周期429800131：切片3写回完成，自动绑定到域3
[切片管理] 成功绑定切片3 → 安全域3，触发【路扩展模式】

======================== 切片硬件状态 ========================
切片号 | 所属安全域 | 当前状态    | 路扩展 | LRU touched
------------------------------------------------------------------
  0    |   域2      | 正常运行   |  否   |  429800002
  1    |   域0      | 正常运行   |  否   |  429800062
  2    |   域3      | 正常运行   |  是   |  429800077
  3    |   域3      | 正常运行   |  是   |  429800131
==================================================================


======================== 切片硬件状态 ========================
切片号 | 所属安全域 | 当前状态    | 路扩展 | LRU touched
------------------------------------------------------------------
  0    |   域2      | 正常运行   |  否   |  450000000
  1    |   域0      | 正常运行   |  否   |  449999993
  2    |   域3      | 正常运行   |  是   |  449999997
  3    |   域3      | 正常运行   |  是   |  449999997
==================================================================

[动态重分配] 周期450000000：预约迁移 冗余域3(0%) -> 切片2 -> 饥饿域2(6%)
[切片剥夺] 周期450000000：切片2（所属域3）进入待剥夺状态，禁止新替换
[切片剥夺] 周期450000000：切片2在途请求已清空，开始执行脏行写回
[切片管理] 周期450000116：原域3仅剩1个切片，关闭路扩展模式
[动态重分配] 周期450000116：切片2写回完成，自动绑定到域2
[切片管理] 成功绑定切片2 → 安全域2，触发【路扩展模式】

======================== 切片硬件状态 ========================
切片号 | 所属安全域 | 当前状态    | 路扩展 | LRU touched
------------------------------------------------------------------
  0    |   域2      | 正常运行   |  是   |  450000040
  1    |   域0      | 正常运行   |  否   |  450000115
  2    |   域2      | 正常运行   |  是   |  450000116
  3    |   域3      | 正常运行   |  否   |  450000109
==================================================================


======================== 切片硬件状态 ========================
切片号 | 所属安全域 | 当前状态    | 路扩展 | LRU touched
------------------------------------------------------------------
  0    |   域2      | 正常运行   |  是   |  454099999
  1    |   域0      | 正常运行   |  否   |  454099998
  2    |   域2      | 正常运行   |  是   |  454099991
  3    |   域3      | 正常运行   |  否   |  454099988
==================================================================

[动态重分配] 周期454100000：预约迁移 冗余域2(0%) -> 切片0 -> 饥饿域3(6%)
[切片剥夺] 周期454100000：切片0（所属域2）进入待剥夺状态，禁止新替换
[切片剥夺] 周期454100000：切片0在途请求已清空，开始执行脏行写回
[切片管理] 周期454100146：原域2仅剩1个切片，关闭路扩展模式
[动态重分配] 周期454100146：切片0写回完成，自动绑定到域3
[切片管理] 成功绑定切片0 → 安全域3，触发【路扩展模式】

======================== 切片硬件状态 ========================
切片号 | 所属安全域 | 当前状态    | 路扩展 | LRU touched
------------------------------------------------------------------
  0    |   域3      | 正常运行   |  是   |  454100146
  1    |   域0      | 正常运行   |  否   |  454100146
  2    |   域2      | 正常运行   |  否   |  454100144
  3    |   域3      | 正常运行   |  是   |  454100084
==================================================================


======================== 切片硬件状态 ========================
切片号 | 所属安全域 | 当前状态    | 路扩展 | LRU touched
------------------------------------------------------------------
  0    |   域3      | 正常运行   |  是   |  458399989
  1    |   域0      | 正常运行   |  否   |  458400000
  2    |   域2      | 正常运行   |  否   |  458399999
  3    |   域3      | 正常运行   |  是   |  458399984
==================================================================

[动态重分配] 周期458400000：预约迁移 冗余域3(0%) -> 切片0 -> 饥饿域2(6%)
[切片剥夺] 周期458400000：切片0（所属域3）进入待剥夺状态，禁止新替换
[切片剥夺] 周期458400000：切片0在途请求已清空，开始执行脏行写回
[切片管理] 周期458404493：原域3仅剩1个切片，关闭路扩展模式
[动态重分配] 周期458404493：切片0写回完成，自动绑定到域2
[切片管理] 成功绑定切片0 → 安全域2，触发【路扩展模式】

======================== 切片硬件状态 ========================
切片号 | 所属安全域 | 当前状态    | 路扩展 | LRU touched
------------------------------------------------------------------
  0    |   域2      | 正常运行   |  是   |  458404493
  1    |   域0      | 正常运行   |  否   |  458404491
  2    |   域2      | 正常运行   |  是   |  458404492
  3    |   域3      | 正常运行   |  否   |  458404493
==================================================================


======================== 切片硬件状态 ========================
切片号 | 所属安全域 | 当前状态    | 路扩展 | LRU touched
------------------------------------------------------------------
  0    |   域2      | 正常运行   |  是   |  459899992
  1    |   域0      | 正常运行   |  否   |  459899999
  2    |   域2      | 正常运行   |  是   |  459900000
  3    |   域3      | 正常运行   |  否   |  459899997
==================================================================

[动态重分配] 周期459900000：预约迁移 冗余域2(0%) -> 切片2 -> 饥饿域3(6%)
[切片剥夺] 周期459900000：切片2（所属域2）进入待剥夺状态，禁止新替换
[切片剥夺] 周期459900000：切片2在途请求已清空，开始执行脏行写回
[切片管理] 周期459900095：原域2仅剩1个切片，关闭路扩展模式
[动态重分配] 周期459900095：切片2写回完成，自动绑定到域3
[切片管理] 成功绑定切片2 → 安全域3，触发【路扩展模式】

======================== 切片硬件状态 ========================
切片号 | 所属安全域 | 当前状态    | 路扩展 | LRU touched
------------------------------------------------------------------
  0    |   域2      | 正常运行   |  否   |  459900055
  1    |   域0      | 正常运行   |  否   |  459900080
  2    |   域3      | 正常运行   |  是   |  459900095
  3    |   域3      | 正常运行   |  是   |  459900063
==================================================================


======================== 切片硬件状态 ========================
切片号 | 所属安全域 | 当前状态    | 路扩展 | LRU touched
------------------------------------------------------------------
  0    |   域2      | 正常运行   |  否   |  478899999
  1    |   域0      | 正常运行   |  否   |  478900000
  2    |   域3      | 正常运行   |  是   |  478899992
  3    |   域3      | 正常运行   |  是   |  478900000
==================================================================

[动态重分配] 周期478900000：预约迁移 冗余域3(0%) -> 切片3 -> 饥饿域2(6%)
[切片剥夺] 周期478900000：切片3（所属域3）进入待剥夺状态，禁止新替换
[切片剥夺] 周期478900000：切片3在途请求已清空，开始执行脏行写回
[切片管理] 周期478909614：原域3仅剩1个切片，关闭路扩展模式
[动态重分配] 周期478909614：切片3写回完成，自动绑定到域2
[切片管理] 成功绑定切片3 → 安全域2，触发【路扩展模式】

======================== 切片硬件状态 ========================
切片号 | 所属安全域 | 当前状态    | 路扩展 | LRU touched
------------------------------------------------------------------
  0    |   域2      | 正常运行   |  是   |  478909611
  1    |   域0      | 正常运行   |  否   |  478909614
  2    |   域3      | 正常运行   |  否   |  478909610
  3    |   域2      | 正常运行   |  是   |  478909614
==================================================================


**** Debug Statistics at 501000000 Cycles *****
Threads: 4		Fetch Width: 8
No of useful instructions fetched:	1827461720 (45.60% proc util.)
No of total instructions fetched:	2353192117 (58.71% proc util.)
 includes 158644841 misfetch (6.7%), 367085556 (15.6%) wrong-path fetches
 and 0 flushed after failed lock(0.0%)
No of useful instructions issued/executed:	1827461680 (45.60% proc util.)
No of total instructions issued/executed:	2001999253 (49.95% proc util.)
 includes 174537573 wrong-path (8.7%) insts and 0 flushed (0.0%)
	fp 658075, 0.03%
	synch 0, 0.00%
	integer 1382720892, 69.07%
	load/store 618620286, 30.90%
Avg size of int IQ (before scheduling): 21.76
Avg size of fp IQ (before scheduling): 0.00
No of cycles taken:		501000000
Parallelism [ 1.419, 0.000, 1.016, 1.212,] = 3.648
 IQ conflicts: 826484 (0.16%), FQ conflicts: 0 (0.00%) 
 I reg conflicts: 130653416 (26.08%), FP reg conflicts: 0 (0.00%)
  Activelist confs: 4 (0.00%), ROB confs: 4534 (0.00%)
  Int unit conflicts: 837218628 (167.11%), FP unit conflicts: 2 (0.00%)
  Load/store unit conflicts: 82926374 (16.55%)
  MSHR conflicts: 104131412 (20.78%)
----------------------------------------
==== System-wide Cache Statistics ====
Stall for miss queue full 722 cycles (0.00%)
----------------------------------------
==== Statistics for Master ID: 0 ====
Reads: 433548650   Writes: 74862969
ICACHE: size: 64 KB assoc: 2
ICACHE: hits:270010678 misses:2393690  Hit Ratio: 99.12%
DCACHE: size: 1*16 KB assoc: 1*4
DCACHE: hits:235680521 misses:326729 writebacks:147476  Hit Ratio: 99.86%
SCACHE: size: 512 KB assoc: 2
SCACHE: hits:2502313 misses:218106  Hit Ratio: 91.98%
3CACHE: size: 4096 KB assoc: 2
3CACHE: hits:49074 misses:169032  Hit Ratio: 22.50%
3CACHE: dirty items replaced:10197
ITLB: size: 48, misses 122, miss rate 0.00%
DTLB: size: 128, misses 23366, miss rate 0.01%
Avg mem delay: 1.619 cycles
----------------------------------------
==== Statistics for Master ID: 2 ====
Reads: 363629914   Writes: 41855555
ICACHE: size: 64 KB assoc: 2
ICACHE: hits:202342594 misses:6373047  Hit Ratio: 96.95%
DCACHE: size: 2*16 KB assoc: 2*4
DCACHE: hits:190815757 misses:5954330 writebacks:674070  Hit Ratio: 96.97%
SCACHE: size: 512 KB assoc: 2
SCACHE: hits:11452747 misses:874371  Hit Ratio: 92.91%
3CACHE: size: 4096 KB assoc: 2
3CACHE: hits:632157 misses:242214  Hit Ratio: 72.30%
3CACHE: dirty items replaced:49405
ITLB: size: 48, misses 965, miss rate 0.00%
DTLB: size: 128, misses 1017395, miss rate 0.52%
Avg mem delay: 1.619 cycles
----------------------------------------
==== Statistics for Master ID: 3 ====
Reads: 361359082   Writes: 53043822
ICACHE: size: 64 KB assoc: 2
ICACHE: hits:228564849 misses:225765  Hit Ratio: 99.90%
DCACHE: size: 1*16 KB assoc: 1*4
DCACHE: hits:178321113 misses:7292108 writebacks:3197200  Hit Ratio: 96.07%
SCACHE: size: 512 KB assoc: 2
SCACHE: hits:5161816 misses:2355126  Hit Ratio: 68.67%
3CACHE: size: 4096 KB assoc: 2
3CACHE: hits:225578 misses:2129548  Hit Ratio: 9.58%
3CACHE: dirty items replaced:46564
ITLB: size: 48, misses 392, miss rate 0.00%
DTLB: size: 128, misses 299981, miss rate 0.16%
Avg mem delay: 1.619 cycles
----------------------------------------
==== Global Resource Utilization ====
STASH: size: 65536 entries, full 2701910843, empty 76559979, misses 6894363, full rate 97.00
icache bank util. 0.193 0.172 0.162 0.162 0.199 0.225 0.180 0.179 
dcache bank util. 0.095 0.191 0.213 0.166 0.201 0.136 0.207 0.131 
L2 bank util. 0.033 0.043 0.034 0.027 0.032 0.035 0.031 0.043 
L1-L2 bus util. = 0.159, L3 util. = 0.051
----------------------------------------

======================== 切片硬件状态 ========================
切片号 | 所属安全域 | 当前状态    | 路扩展 | LRU touched
------------------------------------------------------------------
  0    |   域2      | 正常运行   |  是   |  500999996
  1    |   域0      | 正常运行   |  否   |  500999998
  2    |   域3      | 正常运行   |  否   |  500999997
  3    |   域2      | 正常运行   |  是   |  500999999
==================================================================

branch prediction, hits = 166971042, misses = 16697382, hit rate = 90.91%
return_stack prediction, hits = 36844025, misses = 837, hit rate = 100.00%
jump prediction, hits = 167461500, misses = 40053969, hit rate = 80.70%

======================== 切片硬件状态 ========================
切片号 | 所属安全域 | 当前状态    | 路扩展 | LRU touched
------------------------------------------------------------------
  0    |   域2      | 正常运行   |  是   |  517499998
  1    |   域0      | 正常运行   |  否   |  517500000
  2    |   域3      | 正常运行   |  否   |  517500000
  3    |   域2      | 正常运行   |  是   |  517499993
==================================================================

[动态重分配] 周期517500000：预约迁移 冗余域2(0%) -> 切片0 -> 饥饿域3(6%)
[切片剥夺] 周期517500000：切片0（所属域2）进入待剥夺状态，禁止新替换
[切片剥夺] 周期517500000：切片0在途请求已清空，开始执行脏行写回
[切片管理] 周期517500146：原域2仅剩1个切片，关闭路扩展模式
[动态重分配] 周期517500146：切片0写回完成，自动绑定到域3
[切片管理] 成功绑定切片0 → 安全域3，触发【路扩展模式】

======================== 切片硬件状态 ========================
切片号 | 所属安全域 | 当前状态    | 路扩展 | LRU touched
------------------------------------------------------------------
  0    |   域3      | 正常运行   |  是   |  517500146
  1    |   域0      | 正常运行   |  否   |  517500146
  2    |   域3      | 正常运行   |  是   |  517500143
  3    |   域2      | 正常运行   |  否   |  517500138
==================================================================


**** Early Exiting at 540080743 Cycles *****
========================================
 SMTSIM Global Statistics
========================================
Threads: 4		Fetch Width: 8
No of useful instructions fetched:	2000000052 (46.29% proc util.)
No of total instructions fetched:	2573763734 (59.57% proc util.)
 includes 172968434 misfetch (6.7%), 400795248 (15.6%) wrong-path fetches
 and 0 flushed after failed lock(0.0%)
No of useful instructions issued/executed:	2000000033 (46.29% proc util.)
No of total instructions issued/executed:	2190407532 (50.70% proc util.)
 includes 190407499 wrong-path (8.7%) insts and 0 flushed (0.0%)
	fp 692498, 0.03%
	synch 0, 0.00%
	integer 1513663944, 69.10%
	load/store 676051090, 30.86%
Avg size of int IQ (before scheduling): 21.85
Avg size of fp IQ (before scheduling): 0.00
No of cycles taken:		540080743
Parallelism [ 1.439, 0.000, 1.030, 1.235,] = 3.703
 IQ conflicts: 888161 (0.16%), FQ conflicts: 0 (0.00%) 
 I reg conflicts: 134899359 (24.98%), FP reg conflicts: 0 (0.00%)
  Activelist confs: 4 (0.00%), ROB confs: 4534 (0.00%)
  Int unit conflicts: 926118017 (171.48%), FP unit conflicts: 2 (0.00%)
  Load/store unit conflicts: 90697550 (16.79%)
  MSHR conflicts: 106020493 (19.63%)
----------------------------------------
==== System-wide Cache Statistics ====
Stall for miss queue full 722 cycles (0.00%)
----------------------------------------
==== Statistics for Master ID: 0 ====
Reads: 473739734   Writes: 81690562
ICACHE: size: 64 KB assoc: 2
ICACHE: hits:295121732 misses:2576651  Hit Ratio: 99.13%
DCACHE: size: 1*16 KB assoc: 1*4
DCACHE: hits:257397110 misses:334802 writebacks:151406  Hit Ratio: 99.87%
SCACHE: size: 512 KB assoc: 2
SCACHE: hits:2684379 misses:227074  Hit Ratio: 92.20%
3CACHE: size: 4096 KB assoc: 2
3CACHE: hits:52129 misses:174945  Hit Ratio: 22.96%
3CACHE: dirty items replaced:10805
ITLB: size: 48, misses 132, miss rate 0.00%
DTLB: size: 128, misses 25217, miss rate 0.01%
Avg mem delay: 1.569 cycles
----------------------------------------
==== Statistics for Master ID: 2 ====
Reads: 397009063   Writes: 45436274
ICACHE: size: 64 KB assoc: 2
ICACHE: hits:221148767 misses:6882969  Hit Ratio: 96.98%
DCACHE: size: 1*16 KB assoc: 1*4
DCACHE: hits:207996349 misses:6417552 writebacks:720929  Hit Ratio: 97.01%
SCACHE: size: 512 KB assoc: 2
SCACHE: hits:12368042 misses:932178  Hit Ratio: 92.99%
3CACHE: size: 4096 KB assoc: 2
3CACHE: hits:679337 misses:252841  Hit Ratio: 72.88%
3CACHE: dirty items replaced:54526
ITLB: size: 48, misses 1008, miss rate 0.00%
DTLB: size: 128, misses 1107106, miss rate 0.52%
Avg mem delay: 1.569 cycles
----------------------------------------
==== Statistics for Master ID: 3 ====
Reads: 396982630   Writes: 57876243
ICACHE: size: 64 KB assoc: 2
ICACHE: hits:250954495 misses:247426  Hit Ratio: 99.90%
DCACHE: size: 2*16 KB assoc: 2*4
DCACHE: hits:195784690 misses:7873193 writebacks:3432392  Hit Ratio: 96.13%
SCACHE: size: 512 KB assoc: 2
SCACHE: hits:5730874 misses:2388814  Hit Ratio: 70.58%
3CACHE: size: 4096 KB assoc: 2
3CACHE: hits:247259 misses:2141555  Hit Ratio: 10.35%
3CACHE: dirty items replaced:50008
ITLB: size: 48, misses 439, miss rate 0.00%
DTLB: size: 128, misses 320097, miss rate 0.16%
Avg mem delay: 1.569 cycles
----------------------------------------
==== Global Resource Utilization ====
STASH: size: 65536 entries, full 2947847065, empty 83027177, misses 7470685, full rate 97.02
icache bank util. 0.196 0.175 0.165 0.165 0.202 0.226 0.183 0.181 
dcache bank util. 0.095 0.194 0.215 0.167 0.204 0.137 0.211 0.133 
L2 bank util. 0.033 0.043 0.033 0.026 0.032 0.034 0.030 0.043 
L1-L2 bus util. = 0.159, L3 util. = 0.048
----------------------------------------

======================== 切片硬件状态 ========================
切片号 | 所属安全域 | 当前状态    | 路扩展 | LRU touched
------------------------------------------------------------------
  0    |   域3      | 正常运行   |  是   |  540080726
  1    |   域0      | 正常运行   |  否   |  540080735
  2    |   域3      | 正常运行   |  是   |  540080704
  3    |   域2      | 正常运行   |  否   |  540080722
==================================================================

branch prediction, hits = 182351356, misses = 18182385, hit rate = 90.93%
return_stack prediction, hits = 40458297, misses = 944, hit rate = 100.00%
jump prediction, hits = 183098854, misses = 43762282, hit rate = 80.71%
total IPC 3.703

=== Results saved to: ./results/equake_2_crafty_1_gzip-graphic_1.txt ===
