测试组合（多线程优先）：gzip-graphic.arg2 + gzip-log.arg + gzip-source.arg
执行命令：./smtsim gzip-graphic.arg2 gzip-log.arg gzip-source.arg
==================================================

动态重分配参数：每10万周期检查，阈值5
Process 0, Thread 0: gzip-graphic
Process 0, Thread 1: gzip-graphic
Process 2, Thread 2: gzip-log
Process 3, Thread 3: gzip-source
[切片调度] 新安全域0无任何切片，尝试分配空闲切片
[切片管理] 成功绑定切片0 → 安全域0

======================== 切片硬件状态 ========================
切片号 | 所属安全域 | 当前状态    | 路扩展 | LRU touched
------------------------------------------------------------------
  0    |   域0      | 正常运行   |  否   |  0
  1    |   域-1     | 切片空闲   |  否   |  0
  2    |   域-1     | 切片空闲   |  否   |  0
  3    |   域-1     | 切片空闲   |  否   |  0
==================================================================

[切片管理] 成功绑定切片1 → 安全域0，触发【路扩展模式】

======================== 切片硬件状态 ========================
切片号 | 所属安全域 | 当前状态    | 路扩展 | LRU touched
------------------------------------------------------------------
  0    |   域0      | 正常运行   |  是   |  0
  1    |   域0      | 正常运行   |  是   |  0
  2    |   域-1     | 切片空闲   |  否   |  0
  3    |   域-1     | 切片空闲   |  否   |  0
==================================================================

[切片调度] 新安全域2无任何切片，尝试分配空闲切片
[切片管理] 成功绑定切片2 → 安全域2

======================== 切片硬件状态 ========================
切片号 | 所属安全域 | 当前状态    | 路扩展 | LRU touched
------------------------------------------------------------------
  0    |   域0      | 正常运行   |  是   |  319
  1    |   域0      | 正常运行   |  是   |  0
  2    |   域2      | 正常运行   |  否   |  0
  3    |   域-1     | 切片空闲   |  否   |  0
==================================================================

[切片管理] 成功绑定切片3 → 安全域2，触发【路扩展模式】

======================== 切片硬件状态 ========================
切片号 | 所属安全域 | 当前状态    | 路扩展 | LRU touched
------------------------------------------------------------------
  0    |   域0      | 正常运行   |  是   |  319
  1    |   域0      | 正常运行   |  是   |  0
  2    |   域2      | 正常运行   |  是   |  0
  3    |   域2      | 正常运行   |  是   |  0
==================================================================

[切片调度] 新安全域3无任何切片，尝试分配空闲切片
[切片调度] 新安全域3未找到空闲切片，尝试剥夺切片
[切片替换] 优先从【路扩展切片】中选择LRU替换目标...
[切片替换] 找到路扩展切片作为受害者：切片1（最后访问：0）
[切片调度] 安全域3触发切片剥夺：从域0剥夺切片1
[切片剥夺] 周期658：切片1（所属域0）进入待剥夺状态，禁止新替换
[切片剥夺] 周期658：切片1在途请求已清空，开始执行脏行写回
[切片剥夺] 周期658：切片1无脏行，直接完成剥夺
[切片管理] 周期658：原域0仅剩1个切片，关闭路扩展模式
[动态重分配] 周期658：切片1写回完成，自动绑定到域3
[切片管理] 成功绑定切片1 → 安全域3

======================== 切片硬件状态 ========================
切片号 | 所属安全域 | 当前状态    | 路扩展 | LRU touched
------------------------------------------------------------------
  0    |   域0      | 正常运行   |  否   |  654
  1    |   域3      | 正常运行   |  否   |  658
  2    |   域2      | 正常运行   |  是   |  435
  3    |   域2      | 正常运行   |  是   |  0
==================================================================

[切片唤醒] 周期658：域3切片就绪，唤醒等待指令

**** Debug Statistics at 1000000 Cycles *****
Threads: 4		Fetch Width: 8
No of useful instructions fetched:	327184 (4.09% proc util.)
No of total instructions fetched:	389747 (4.87% proc util.)
 includes 2526 misfetch (0.6%), 60037 (15.4%) wrong-path fetches
 and 0 flushed after failed lock(0.0%)
No of useful instructions issued/executed:	327151 (4.09% proc util.)
No of total instructions issued/executed:	367689 (4.60% proc util.)
 includes 40538 wrong-path (11.0%) insts and 0 flushed (0.0%)
	fp 42, 0.01%
	synch 0, 0.00%
	integer 234543, 63.79%
	load/store 133104, 36.20%
Avg size of int IQ (before scheduling): 42.60
Avg size of fp IQ (before scheduling): 0.00
No of cycles taken:		1000000
Parallelism [ 0.162, 0.000, 0.083, 0.082,] = 0.327
 IQ conflicts: 4102 (0.41%), FQ conflicts: 0 (0.00%) 
 I reg conflicts: 930364 (93.04%), FP reg conflicts: 0 (0.00%)
  Activelist confs: 0 (0.00%), ROB confs: 0 (0.00%)
  Int unit conflicts: 4729 (0.47%), FP unit conflicts: 0 (0.00%)
  Load/store unit conflicts: 23447 (2.34%)
  MSHR conflicts: 3156276 (315.63%)
----------------------------------------
==== System-wide Cache Statistics ====
Stall for miss queue full 0 cycles (0.00%)
----------------------------------------
==== Statistics for Master ID: 0 ====
Reads: 92506   Writes: 11976
ICACHE: size: 64 KB assoc: 2
ICACHE: hits:50705 misses:77  Hit Ratio: 99.85%
DCACHE: size: 1*16 KB assoc: 1*4
DCACHE: hits:50887 misses:2813 writebacks:1049  Hit Ratio: 94.76%
SCACHE: size: 512 KB assoc: 2
SCACHE: hits:1053 misses:1837  Hit Ratio: 36.44%
3CACHE: size: 4096 KB assoc: 2
3CACHE: hits:2 misses:1835  Hit Ratio: 0.11%
3CACHE: dirty items replaced:0
ITLB: size: 48, misses 3, miss rate 0.01%
DTLB: size: 128, misses 999, miss rate 1.86%
Avg mem delay: 110.136 cycles
----------------------------------------
==== Statistics for Master ID: 2 ====
Reads: 56757   Writes: 13702
ICACHE: size: 64 KB assoc: 2
ICACHE: hits:30239 misses:228  Hit Ratio: 99.25%
DCACHE: size: 2*16 KB assoc: 2*4
DCACHE: hits:27043 misses:12949 writebacks:12780  Hit Ratio: 67.62%
SCACHE: size: 512 KB assoc: 2
SCACHE: hits:27 misses:13150  Hit Ratio: 0.20%
3CACHE: size: 4096 KB assoc: 2
3CACHE: hits:1 misses:13148  Hit Ratio: 0.01%
3CACHE: dirty items replaced:0
ITLB: size: 48, misses 18, miss rate 0.06%
DTLB: size: 128, misses 3218, miss rate 8.05%
Avg mem delay: 110.136 cycles
----------------------------------------
==== Statistics for Master ID: 3 ====
Reads: 55986   Writes: 13522
ICACHE: size: 64 KB assoc: 2
ICACHE: hits:29863 misses:241  Hit Ratio: 99.20%
DCACHE: size: 1*16 KB assoc: 1*4
DCACHE: hits:26605 misses:12798 writebacks:12645  Hit Ratio: 67.52%
SCACHE: size: 512 KB assoc: 2
SCACHE: hits:44 misses:12994  Hit Ratio: 0.34%
3CACHE: size: 4096 KB assoc: 2
3CACHE: hits:0 misses:12993  Hit Ratio: 0.00%
3CACHE: dirty items replaced:0
ITLB: size: 48, misses 18, miss rate 0.06%
DTLB: size: 128, misses 3181, miss rate 8.07%
Avg mem delay: 110.136 cycles
----------------------------------------
==== Global Resource Utilization ====
STASH: size: 65536 entries, full 100431680, empty 9351, misses 843, full rate 99.99
icache bank util. 0.020 0.004 0.004 0.004 0.010 0.013 0.022 0.035 
dcache bank util. 0.006 0.013 0.033 0.010 0.005 0.005 0.220 0.007 
L2 bank util. 0.004 0.004 0.004 0.004 0.004 0.004 0.309 0.004 
L1-L2 bus util. = 0.167, L3 util. = 0.280
----------------------------------------

======================== 切片硬件状态 ========================
切片号 | 所属安全域 | 当前状态    | 路扩展 | LRU touched
------------------------------------------------------------------
  0    |   域0      | 正常运行   |  否   |  999984
  1    |   域3      | 正常运行   |  否   |  999996
  2    |   域2      | 正常运行   |  是   |  999994
  3    |   域2      | 正常运行   |  是   |  999979
==================================================================

branch prediction, hits = 16601, misses = 1937, hit rate = 89.55%
return_stack prediction, hits = 1470, misses = 18, hit rate = 98.79%
jump prediction, hits = 19951, misses = 606, hit rate = 97.05%

**** Debug Statistics at 101000000 Cycles *****
Threads: 4		Fetch Width: 8
No of useful instructions fetched:	72173193 (8.93% proc util.)
No of total instructions fetched:	74727118 (9.25% proc util.)
 includes 6490 misfetch (0.0%), 2547435 (3.4%) wrong-path fetches
 and 0 flushed after failed lock(0.0%)
No of useful instructions issued/executed:	72173177 (8.93% proc util.)
No of total instructions issued/executed:	73287705 (9.07% proc util.)
 includes 1114528 wrong-path (1.5%) insts and 0 flushed (0.0%)
	fp 70, 0.00%
	synch 0, 0.00%
	integer 50785403, 69.30%
	load/store 22502232, 30.70%
Avg size of int IQ (before scheduling): 18.44
Avg size of fp IQ (before scheduling): 0.00
No of cycles taken:		101000000
Parallelism [ 0.300, 0.000, 0.207, 0.208,] = 0.715
 IQ conflicts: 5156 (0.01%), FQ conflicts: 0 (0.00%) 
 I reg conflicts: 84320767 (83.49%), FP reg conflicts: 0 (0.00%)
  Activelist confs: 0 (0.00%), ROB confs: 0 (0.00%)
  Int unit conflicts: 3901292 (3.86%), FP unit conflicts: 0 (0.00%)
  Load/store unit conflicts: 1492329 (1.48%)
  MSHR conflicts: 137205922 (135.85%)
----------------------------------------
==== System-wide Cache Statistics ====
Stall for miss queue full 0 cycles (0.00%)
----------------------------------------
==== Statistics for Master ID: 0 ====
Reads: 15477604   Writes: 2509101
ICACHE: size: 64 KB assoc: 2
ICACHE: hits:9215905 misses:28845  Hit Ratio: 99.69%
DCACHE: size: 1*16 KB assoc: 1*4
DCACHE: hits:8464680 misses:277275 writebacks:115558  Hit Ratio: 96.83%
SCACHE: size: 512 KB assoc: 2
SCACHE: hits:136556 misses:169564  Hit Ratio: 44.61%
3CACHE: size: 4096 KB assoc: 2
3CACHE: hits:98814 misses:70750  Hit Ratio: 58.28%
3CACHE: dirty items replaced:2307
ITLB: size: 48, misses 9, miss rate 0.00%
DTLB: size: 128, misses 10843, miss rate 0.12%
Avg mem delay: 26.162 cycles
----------------------------------------
==== Statistics for Master ID: 2 ====
Reads: 8837493   Writes: 3196077
ICACHE: size: 64 KB assoc: 2
ICACHE: hits:5427716 misses:28956  Hit Ratio: 99.47%
DCACHE: size: 2*16 KB assoc: 2*4
DCACHE: hits:5639786 misses:937112 writebacks:560488  Hit Ratio: 85.75%
SCACHE: size: 512 KB assoc: 2
SCACHE: hits:47 misses:966021  Hit Ratio: 0.00%
3CACHE: size: 4096 KB assoc: 2
3CACHE: hits:21 misses:965999  Hit Ratio: 0.00%
3CACHE: dirty items replaced:5620
ITLB: size: 48, misses 19, miss rate 0.00%
DTLB: size: 128, misses 57909, miss rate 0.88%
Avg mem delay: 26.162 cycles
----------------------------------------
==== Statistics for Master ID: 3 ====
Reads: 8987165   Writes: 3499353
ICACHE: size: 64 KB assoc: 2
ICACHE: hits:5274215 misses:28944  Hit Ratio: 99.45%
DCACHE: size: 1*16 KB assoc: 1*4
DCACHE: hits:6170421 misses:1012937 writebacks:598527  Hit Ratio: 85.90%
SCACHE: size: 512 KB assoc: 2
SCACHE: hits:75 misses:1041806  Hit Ratio: 0.01%
3CACHE: size: 4096 KB assoc: 2
3CACHE: hits:4 misses:1041802  Hit Ratio: 0.00%
3CACHE: dirty items replaced:5728
ITLB: size: 48, misses 19, miss rate 0.00%
DTLB: size: 128, misses 59082, miss rate 0.82%
Avg mem delay: 26.162 cycles
----------------------------------------
==== Global Resource Utilization ====
STASH: size: 65536 entries, full 180131344, empty 10846, misses 942, full rate 99.99
icache bank util. 0.014 0.006 0.004 0.010 0.019 0.098 0.021 0.027 
dcache bank util. 0.032 0.037 0.042 0.035 0.045 0.031 0.053 0.052 
L2 bank util. 0.023 0.023 0.023 0.023 0.023 0.031 0.038 0.053 
L1-L2 bus util. = 0.107, L3 util. = 0.206
----------------------------------------

======================== 切片硬件状态 ========================
切片号 | 所属安全域 | 当前状态    | 路扩展 | LRU touched
------------------------------------------------------------------
  0    |   域0      | 正常运行   |  否   |  100999982
  1    |   域3      | 正常运行   |  否   |  100999959
  2    |   域2      | 正常运行   |  是   |  100999818
  3    |   域2      | 正常运行   |  是   |  100999981
==================================================================

branch prediction, hits = 8086247, misses = 201115, hit rate = 97.57%
return_stack prediction, hits = 264154, misses = 20, hit rate = 99.99%
jump prediction, hits = 8997933, misses = 1606, hit rate = 99.98%

======================== 切片硬件状态 ========================
切片号 | 所属安全域 | 当前状态    | 路扩展 | LRU touched
------------------------------------------------------------------
  0    |   域0      | 正常运行   |  否   |  195999968
  1    |   域3      | 正常运行   |  否   |  195999937
  2    |   域2      | 正常运行   |  是   |  195999972
  3    |   域2      | 正常运行   |  是   |  195999974
==================================================================

[动态重分配] 周期196000000：预约迁移 冗余域2(12%) -> 切片2 -> 饥饿域3(18%)
[切片剥夺] 周期196000000：切片2（所属域2）进入待剥夺状态，禁止新替换
[切片剥夺] 周期196000112：切片2在途请求已清空，开始执行脏行写回
[切片管理] 周期196004326：原域2仅剩1个切片，关闭路扩展模式
[动态重分配] 周期196004326：切片2写回完成，自动绑定到域3
[切片管理] 成功绑定切片2 → 安全域3，触发【路扩展模式】

======================== 切片硬件状态 ========================
切片号 | 所属安全域 | 当前状态    | 路扩展 | LRU touched
------------------------------------------------------------------
  0    |   域0      | 正常运行   |  否   |  196004313
  1    |   域3      | 正常运行   |  是   |  196004310
  2    |   域3      | 正常运行   |  是   |  196004326
  3    |   域2      | 正常运行   |  否   |  196004314
==================================================================


**** Debug Statistics at 201000000 Cycles *****
Threads: 4		Fetch Width: 8
No of useful instructions fetched:	143787168 (8.94% proc util.)
No of total instructions fetched:	148599796 (9.24% proc util.)
 includes 7952 misfetch (0.0%), 4804676 (3.2%) wrong-path fetches
 and 0 flushed after failed lock(0.0%)
No of useful instructions issued/executed:	143787120 (8.94% proc util.)
No of total instructions issued/executed:	145857210 (9.07% proc util.)
 includes 2070090 wrong-path (1.4%) insts and 0 flushed (0.0%)
	fp 70, 0.00%
	synch 0, 0.00%
	integer 101111333, 69.32%
	load/store 44745807, 30.68%
Avg size of int IQ (before scheduling): 15.95
Avg size of fp IQ (before scheduling): 0.00
No of cycles taken:		201000000
Parallelism [ 0.294, 0.000, 0.213, 0.208,] = 0.715
 IQ conflicts: 6481 (0.00%), FQ conflicts: 0 (0.00%) 
 I reg conflicts: 165778879 (82.48%), FP reg conflicts: 0 (0.00%)
  Activelist confs: 0 (0.00%), ROB confs: 0 (0.00%)
  Int unit conflicts: 7353747 (3.66%), FP unit conflicts: 0 (0.00%)
  Load/store unit conflicts: 2537116 (1.26%)
  MSHR conflicts: 238995337 (118.90%)
----------------------------------------
==== System-wide Cache Statistics ====
Stall for miss queue full 120 cycles (0.00%)
----------------------------------------
==== Statistics for Master ID: 0 ====
Reads: 30642775   Writes: 4706875
ICACHE: size: 64 KB assoc: 2
ICACHE: hits:18493015 misses:67519  Hit Ratio: 99.64%
DCACHE: size: 1*16 KB assoc: 1*4
DCACHE: hits:16216279 misses:572837 writebacks:240494  Hit Ratio: 96.59%
SCACHE: size: 512 KB assoc: 2
SCACHE: hits:258295 misses:382061  Hit Ratio: 40.34%
3CACHE: size: 4096 KB assoc: 2
3CACHE: hits:234588 misses:147473  Hit Ratio: 61.40%
3CACHE: dirty items replaced:6457
ITLB: size: 48, misses 9, miss rate 0.00%
DTLB: size: 128, misses 12547, miss rate 0.07%
Avg mem delay: 21.838 cycles
----------------------------------------
==== Statistics for Master ID: 2 ====
Reads: 17424468   Writes: 6838117
ICACHE: size: 64 KB assoc: 2
ICACHE: hits:10333851 misses:67641  Hit Ratio: 99.35%
DCACHE: size: 1*16 KB assoc: 1*4
DCACHE: hits:12013457 misses:1847766 writebacks:1015875  Hit Ratio: 86.67%
SCACHE: size: 512 KB assoc: 2
SCACHE: hits:58 misses:1915218  Hit Ratio: 0.00%
3CACHE: size: 4096 KB assoc: 2
3CACHE: hits:32 misses:1915186  Hit Ratio: 0.00%
3CACHE: dirty items replaced:19979
ITLB: size: 48, misses 19, miss rate 0.00%
DTLB: size: 128, misses 72147, miss rate 0.52%
Avg mem delay: 21.838 cycles
----------------------------------------
==== Statistics for Master ID: 3 ====
Reads: 17282741   Writes: 6905746
ICACHE: size: 64 KB assoc: 2
ICACHE: hits:10025221 misses:67688  Hit Ratio: 99.33%
DCACHE: size: 2*16 KB assoc: 2*4
DCACHE: hits:12193033 misses:1902544 writebacks:1019029  Hit Ratio: 86.50%
SCACHE: size: 512 KB assoc: 2
SCACHE: hits:93 misses:1970139  Hit Ratio: 0.00%
3CACHE: size: 4096 KB assoc: 2
3CACHE: hits:4 misses:1970135  Hit Ratio: 0.00%
3CACHE: dirty items replaced:19499
ITLB: size: 48, misses 19, miss rate 0.00%
DTLB: size: 128, misses 84675, miss rate 0.60%
Avg mem delay: 21.838 cycles
----------------------------------------
==== Global Resource Utilization ====
STASH: size: 65536 entries, full 258515244, empty 10969, misses 950, full rate 100.00
icache bank util. 0.012 0.006 0.005 0.010 0.019 0.105 0.019 0.021 
dcache bank util. 0.033 0.039 0.042 0.037 0.045 0.032 0.050 0.044 
L2 bank util. 0.025 0.025 0.025 0.025 0.025 0.034 0.032 0.040 
L1-L2 bus util. = 0.102, L3 util. = 0.201
----------------------------------------

======================== 切片硬件状态 ========================
切片号 | 所属安全域 | 当前状态    | 路扩展 | LRU touched
------------------------------------------------------------------
  0    |   域0      | 正常运行   |  否   |  200999998
  1    |   域3      | 正常运行   |  是   |  200999999
  2    |   域3      | 正常运行   |  是   |  200999888
  3    |   域2      | 正常运行   |  否   |  200999998
==================================================================

branch prediction, hits = 16758153, misses = 398421, hit rate = 97.68%
return_stack prediction, hits = 497667, misses = 20, hit rate = 100.00%
jump prediction, hits = 18454439, misses = 2024, hit rate = 99.99%

======================== 切片硬件状态 ========================
切片号 | 所属安全域 | 当前状态    | 路扩展 | LRU touched
------------------------------------------------------------------
  0    |   域0      | 正常运行   |  否   |  202599998
  1    |   域3      | 正常运行   |  是   |  202599985
  2    |   域3      | 正常运行   |  是   |  202599964
  3    |   域2      | 正常运行   |  否   |  202599972
==================================================================

[动态重分配] 周期202600000：预约迁移 冗余域3(1%) -> 切片1 -> 饥饿域2(12%)
[切片剥夺] 周期202600000：切片1（所属域3）进入待剥夺状态，禁止新替换
[切片剥夺] 周期202600000：切片1在途请求已清空，开始执行脏行写回
[切片管理] 周期202600266：原域3仅剩1个切片，关闭路扩展模式
[动态重分配] 周期202600266：切片1写回完成，自动绑定到域2
[切片管理] 成功绑定切片1 → 安全域2，触发【路扩展模式】

======================== 切片硬件状态 ========================
切片号 | 所属安全域 | 当前状态    | 路扩展 | LRU touched
------------------------------------------------------------------
  0    |   域0      | 正常运行   |  否   |  202600068
  1    |   域2      | 正常运行   |  是   |  202600266
  2    |   域3      | 正常运行   |  否   |  202600049
  3    |   域2      | 正常运行   |  是   |  202600065
==================================================================


======================== 切片硬件状态 ========================
切片号 | 所属安全域 | 当前状态    | 路扩展 | LRU touched
------------------------------------------------------------------
  0    |   域0      | 正常运行   |  否   |  219099998
  1    |   域2      | 正常运行   |  是   |  219100000
  2    |   域3      | 正常运行   |  否   |  219099998
  3    |   域2      | 正常运行   |  是   |  219099996
==================================================================

[动态重分配] 周期219100000：预约迁移 冗余域2(0%) -> 切片1 -> 饥饿域3(6%)
[切片剥夺] 周期219100000：切片1（所属域2）进入待剥夺状态，禁止新替换
[切片剥夺] 周期219100000：切片1在途请求已清空，开始执行脏行写回
[切片管理] 周期219100170：原域2仅剩1个切片，关闭路扩展模式
[动态重分配] 周期219100170：切片1写回完成，自动绑定到域3
[切片管理] 成功绑定切片1 → 安全域3，触发【路扩展模式】

======================== 切片硬件状态 ========================
切片号 | 所属安全域 | 当前状态    | 路扩展 | LRU touched
------------------------------------------------------------------
  0    |   域0      | 正常运行   |  否   |  219100167
  1    |   域3      | 正常运行   |  是   |  219100170
  2    |   域3      | 正常运行   |  是   |  219100170
  3    |   域2      | 正常运行   |  否   |  219100168
==================================================================


======================== 切片硬件状态 ========================
切片号 | 所属安全域 | 当前状态    | 路扩展 | LRU touched
------------------------------------------------------------------
  0    |   域0      | 正常运行   |  否   |  238299939
  1    |   域3      | 正常运行   |  是   |  238299884
  2    |   域3      | 正常运行   |  是   |  238295897
  3    |   域2      | 正常运行   |  否   |  238299974
==================================================================

[动态重分配] 周期238300000：预约迁移 冗余域3(1%) -> 切片1 -> 饥饿域0(10%)
[切片剥夺] 周期238300000：切片1（所属域3）进入待剥夺状态，禁止新替换
[切片剥夺] 周期238300000：切片1在途请求已清空，开始执行脏行写回
有1切片写回中，跳过本次重分配
[切片管理] 周期238456639：原域3仅剩1个切片，关闭路扩展模式
[动态重分配] 周期238456639：切片1写回完成，自动绑定到域0
[切片管理] 成功绑定切片1 → 安全域0，触发【路扩展模式】

======================== 切片硬件状态 ========================
切片号 | 所属安全域 | 当前状态    | 路扩展 | LRU touched
------------------------------------------------------------------
  0    |   域0      | 正常运行   |  是   |  238456448
  1    |   域0      | 正常运行   |  是   |  238456639
  2    |   域3      | 正常运行   |  否   |  238456624
  3    |   域2      | 正常运行   |  否   |  238456570
==================================================================


======================== 切片硬件状态 ========================
切片号 | 所属安全域 | 当前状态    | 路扩展 | LRU touched
------------------------------------------------------------------
  0    |   域0      | 正常运行   |  是   |  239099891
  1    |   域0      | 正常运行   |  是   |  239018868
  2    |   域3      | 正常运行   |  否   |  239100000
  3    |   域2      | 正常运行   |  否   |  239099910
==================================================================

[动态重分配] 周期239100000：预约迁移 冗余域0(1%) -> 切片0 -> 饥饿域3(7%)
[切片剥夺] 周期239100000：切片0（所属域0）进入待剥夺状态，禁止新替换
[切片剥夺] 周期239100124：切片0在途请求已清空，开始执行脏行写回
[切片管理] 周期239111512：原域0仅剩1个切片，关闭路扩展模式
[动态重分配] 周期239111512：切片0写回完成，自动绑定到域3
[切片管理] 成功绑定切片0 → 安全域3，触发【路扩展模式】

======================== 切片硬件状态 ========================
切片号 | 所属安全域 | 当前状态    | 路扩展 | LRU touched
------------------------------------------------------------------
  0    |   域3      | 正常运行   |  是   |  239111512
  1    |   域0      | 正常运行   |  否   |  239111503
  2    |   域3      | 正常运行   |  是   |  239111509
  3    |   域2      | 正常运行   |  否   |  239111512
==================================================================


======================== 切片硬件状态 ========================
切片号 | 所属安全域 | 当前状态    | 路扩展 | LRU touched
------------------------------------------------------------------
  0    |   域3      | 正常运行   |  是   |  256499531
  1    |   域0      | 正常运行   |  否   |  256500000
  2    |   域3      | 正常运行   |  是   |  256499999
  3    |   域2      | 正常运行   |  否   |  256499996
==================================================================

[动态重分配] 周期256500000：预约迁移 冗余域3(1%) -> 切片0 -> 饥饿域0(9%)
[切片剥夺] 周期256500000：切片0（所属域3）进入待剥夺状态，禁止新替换
[切片剥夺] 周期256500000：切片0在途请求已清空，开始执行脏行写回
[切片管理] 周期256510537：原域3仅剩1个切片，关闭路扩展模式
[动态重分配] 周期256510537：切片0写回完成，自动绑定到域0
[切片管理] 成功绑定切片0 → 安全域0，触发【路扩展模式】

======================== 切片硬件状态 ========================
切片号 | 所属安全域 | 当前状态    | 路扩展 | LRU touched
------------------------------------------------------------------
  0    |   域0      | 正常运行   |  是   |  256510537
  1    |   域0      | 正常运行   |  是   |  256510536
  2    |   域3      | 正常运行   |  否   |  256510523
  3    |   域2      | 正常运行   |  否   |  256510513
==================================================================


======================== 切片硬件状态 ========================
切片号 | 所属安全域 | 当前状态    | 路扩展 | LRU touched
------------------------------------------------------------------
  0    |   域0      | 正常运行   |  是   |  260600000
  1    |   域0      | 正常运行   |  是   |  260599994
  2    |   域3      | 正常运行   |  否   |  260599992
  3    |   域2      | 正常运行   |  否   |  260599998
==================================================================

[动态重分配] 周期260600000：预约迁移 冗余域0(0%) -> 切片0 -> 饥饿域3(6%)
[切片剥夺] 周期260600000：切片0（所属域0）进入待剥夺状态，禁止新替换
[切片剥夺] 周期260600000：切片0在途请求已清空，开始执行脏行写回
[切片管理] 周期260601079：原域0仅剩1个切片，关闭路扩展模式
[动态重分配] 周期260601079：切片0写回完成，自动绑定到域3
[切片管理] 成功绑定切片0 → 安全域3，触发【路扩展模式】

======================== 切片硬件状态 ========================
切片号 | 所属安全域 | 当前状态    | 路扩展 | LRU touched
------------------------------------------------------------------
  0    |   域3      | 正常运行   |  是   |  260601079
  1    |   域0      | 正常运行   |  否   |  260601073
  2    |   域3      | 正常运行   |  是   |  260601065
  3    |   域2      | 正常运行   |  否   |  260601078
==================================================================


======================== 切片硬件状态 ========================
切片号 | 所属安全域 | 当前状态    | 路扩展 | LRU touched
------------------------------------------------------------------
  0    |   域3      | 正常运行   |  是   |  268200000
  1    |   域0      | 正常运行   |  否   |  268199993
  2    |   域3      | 正常运行   |  是   |  268199996
  3    |   域2      | 正常运行   |  否   |  268199995
==================================================================

[动态重分配] 周期268200000：预约迁移 冗余域3(0%) -> 切片0 -> 饥饿域0(6%)
[切片剥夺] 周期268200000：切片0（所属域3）进入待剥夺状态，禁止新替换
[切片剥夺] 周期268200168：切片0在途请求已清空，开始执行脏行写回
[切片管理] 周期268200836：原域3仅剩1个切片，关闭路扩展模式
[动态重分配] 周期268200836：切片0写回完成，自动绑定到域0
[切片管理] 成功绑定切片0 → 安全域0，触发【路扩展模式】

======================== 切片硬件状态 ========================
切片号 | 所属安全域 | 当前状态    | 路扩展 | LRU touched
------------------------------------------------------------------
  0    |   域0      | 正常运行   |  是   |  268200836
  1    |   域0      | 正常运行   |  是   |  268200826
  2    |   域3      | 正常运行   |  否   |  268200828
  3    |   域2      | 正常运行   |  否   |  268200829
==================================================================


======================== 切片硬件状态 ========================
切片号 | 所属安全域 | 当前状态    | 路扩展 | LRU touched
------------------------------------------------------------------
  0    |   域0      | 正常运行   |  是   |  291599999
  1    |   域0      | 正常运行   |  是   |  291599999
  2    |   域3      | 正常运行   |  否   |  291599996
  3    |   域2      | 正常运行   |  否   |  291600000
==================================================================

[动态重分配] 周期291600000：预约迁移 冗余域0(0%) -> 切片0 -> 饥饿域3(6%)
[切片剥夺] 周期291600000：切片0（所属域0）进入待剥夺状态，禁止新替换
[切片剥夺] 周期291600000：切片0在途请求已清空，开始执行脏行写回
[切片管理] 周期291600633：原域0仅剩1个切片，关闭路扩展模式
[动态重分配] 周期291600633：切片0写回完成，自动绑定到域3
[切片管理] 成功绑定切片0 → 安全域3，触发【路扩展模式】

======================== 切片硬件状态 ========================
切片号 | 所属安全域 | 当前状态    | 路扩展 | LRU touched
------------------------------------------------------------------
  0    |   域3      | 正常运行   |  是   |  291600633
  1    |   域0      | 正常运行   |  否   |  291600626
  2    |   域3      | 正常运行   |  是   |  291600631
  3    |   域2      | 正常运行   |  否   |  291600619
==================================================================


======================== 切片硬件状态 ========================
切片号 | 所属安全域 | 当前状态    | 路扩展 | LRU touched
------------------------------------------------------------------
  0    |   域3      | 正常运行   |  是   |  297399735
  1    |   域0      | 正常运行   |  否   |  297399999
  2    |   域3      | 正常运行   |  是   |  297399987
  3    |   域2      | 正常运行   |  否   |  297399975
==================================================================

[动态重分配] 周期297400000：预约迁移 冗余域3(1%) -> 切片0 -> 饥饿域0(7%)
[切片剥夺] 周期297400000：切片0（所属域3）进入待剥夺状态，禁止新替换
[切片剥夺] 周期297400000：切片0在途请求已清空，开始执行脏行写回
[切片管理] 周期297434869：原域3仅剩1个切片，关闭路扩展模式
[动态重分配] 周期297434869：切片0写回完成，自动绑定到域0
[切片管理] 成功绑定切片0 → 安全域0，触发【路扩展模式】

======================== 切片硬件状态 ========================
切片号 | 所属安全域 | 当前状态    | 路扩展 | LRU touched
------------------------------------------------------------------
  0    |   域0      | 正常运行   |  是   |  297434869
  1    |   域0      | 正常运行   |  是   |  297434869
  2    |   域3      | 正常运行   |  否   |  297434863
  3    |   域2      | 正常运行   |  否   |  297434867
==================================================================


**** Debug Statistics at 301000000 Cycles *****
Threads: 4		Fetch Width: 8
No of useful instructions fetched:	446582737 (18.55% proc util.)
No of total instructions fetched:	498664426 (20.71% proc util.)
 includes 223815 misfetch (0.0%), 51857874 (10.4%) wrong-path fetches
 and 0 flushed after failed lock(0.0%)
No of useful instructions issued/executed:	446582726 (18.55% proc util.)
No of total instructions issued/executed:	470576439 (19.54% proc util.)
 includes 23993713 wrong-path (5.1%) insts and 0 flushed (0.0%)
	fp 70, 0.00%
	synch 0, 0.00%
	integer 342101844, 72.70%
	load/store 128474525, 27.30%
Avg size of int IQ (before scheduling): 20.60
Avg size of fp IQ (before scheduling): 0.00
No of cycles taken:		301000000
Parallelism [ 0.541, 0.000, 0.463, 0.480,] = 1.484
 IQ conflicts: 2371954 (0.79%), FQ conflicts: 0 (0.00%) 
 I reg conflicts: 195822395 (65.06%), FP reg conflicts: 0 (0.00%)
  Activelist confs: 9 (0.00%), ROB confs: 21 (0.00%)
  Int unit conflicts: 196059350 (65.14%), FP unit conflicts: 0 (0.00%)
  Load/store unit conflicts: 10253699 (3.41%)
  MSHR conflicts: 257309079 (85.48%)
----------------------------------------
==== System-wide Cache Statistics ====
Stall for miss queue full 2203 cycles (0.00%)
----------------------------------------
==== Statistics for Master ID: 0 ====
Reads: 88762544   Writes: 13317115
ICACHE: size: 64 KB assoc: 2
ICACHE: hits:53082831 misses:539300  Hit Ratio: 98.99%
DCACHE: size: 2*16 KB assoc: 2*4
DCACHE: hits:46935089 misses:1522907 writebacks:636869  Hit Ratio: 96.86%
SCACHE: size: 512 KB assoc: 2
SCACHE: hits:1427867 misses:633872  Hit Ratio: 69.26%
3CACHE: size: 4096 KB assoc: 2
3CACHE: hits:298322 misses:335550  Hit Ratio: 47.06%
3CACHE: dirty items replaced:42816
ITLB: size: 48, misses 9, miss rate 0.00%
DTLB: size: 128, misses 22100, miss rate 0.05%
Avg mem delay: 7.593 cycles
----------------------------------------
==== Statistics for Master ID: 2 ====
Reads: 63755997   Writes: 13263433
ICACHE: size: 64 KB assoc: 2
ICACHE: hits:39320310 misses:530871  Hit Ratio: 98.67%
DCACHE: size: 1*16 KB assoc: 1*4
DCACHE: hits:34709204 misses:2459227 writebacks:1315333  Hit Ratio: 93.38%
SCACHE: size: 512 KB assoc: 2
SCACHE: hits:604665 misses:2385251  Hit Ratio: 20.22%
3CACHE: size: 4096 KB assoc: 2
3CACHE: hits:61327 misses:2323924  Hit Ratio: 2.57%
3CACHE: dirty items replaced:57879
ITLB: size: 48, misses 26, miss rate 0.00%
DTLB: size: 128, misses 102389, miss rate 0.28%
Avg mem delay: 7.593 cycles
----------------------------------------
==== Statistics for Master ID: 3 ====
Reads: 71559209   Writes: 14732004
ICACHE: size: 64 KB assoc: 2
ICACHE: hits:42890248 misses:552470  Hit Ratio: 98.73%
DCACHE: size: 1*16 KB assoc: 1*4
DCACHE: hits:40292145 misses:2557306 writebacks:1304041  Hit Ratio: 94.03%
SCACHE: size: 512 KB assoc: 2
SCACHE: hits:859866 misses:2248953  Hit Ratio: 27.66%
3CACHE: size: 4096 KB assoc: 2
3CACHE: hits:73780 misses:2175173  Hit Ratio: 3.28%
3CACHE: dirty items replaced:55022
ITLB: size: 48, misses 25, miss rate 0.00%
DTLB: size: 128, misses 99523, miss rate 0.23%
Avg mem delay: 7.593 cycles
----------------------------------------
==== Global Resource Utilization ====
STASH: size: 65536 entries, full 649816387, empty 18525, misses 1474, full rate 100.00
icache bank util. 0.051 0.030 0.025 0.041 0.065 0.135 0.058 0.066 
dcache bank util. 0.049 0.063 0.072 0.058 0.087 0.047 0.090 0.058 
L2 bank util. 0.026 0.025 0.025 0.027 0.031 0.034 0.033 0.037 
L1-L2 bus util. = 0.114, L3 util. = 0.161
----------------------------------------

======================== 切片硬件状态 ========================
切片号 | 所属安全域 | 当前状态    | 路扩展 | LRU touched
------------------------------------------------------------------
  0    |   域0      | 正常运行   |  是   |  300999955
  1    |   域0      | 正常运行   |  是   |  300999945
  2    |   域3      | 正常运行   |  否   |  300999885
  3    |   域2      | 正常运行   |  否   |  300999921
==================================================================

branch prediction, hits = 34005258, misses = 2143723, hit rate = 94.07%
return_stack prediction, hits = 2288626, misses = 20, hit rate = 100.00%
jump prediction, hits = 41547603, misses = 67234, hit rate = 99.84%

======================== 切片硬件状态 ========================
切片号 | 所属安全域 | 当前状态    | 路扩展 | LRU touched
------------------------------------------------------------------
  0    |   域0      | 正常运行   |  是   |  302799995
  1    |   域0      | 正常运行   |  是   |  302800000
  2    |   域3      | 正常运行   |  否   |  302799998
  3    |   域2      | 正常运行   |  否   |  302799944
==================================================================

[动态重分配] 周期302800000：预约迁移 冗余域0(0%) -> 切片0 -> 饥饿域3(6%)
[切片剥夺] 周期302800000：切片0（所属域0）进入待剥夺状态，禁止新替换
[切片剥夺] 周期302800000：切片0在途请求已清空，开始执行脏行写回
[切片管理] 周期302800323：原域0仅剩1个切片，关闭路扩展模式
[动态重分配] 周期302800323：切片0写回完成，自动绑定到域3
[切片管理] 成功绑定切片0 → 安全域3，触发【路扩展模式】

======================== 切片硬件状态 ========================
切片号 | 所属安全域 | 当前状态    | 路扩展 | LRU touched
------------------------------------------------------------------
  0    |   域3      | 正常运行   |  是   |  302800323
  1    |   域0      | 正常运行   |  否   |  302800322
  2    |   域3      | 正常运行   |  是   |  302800319
  3    |   域2      | 正常运行   |  否   |  302800036
==================================================================


======================== 切片硬件状态 ========================
切片号 | 所属安全域 | 当前状态    | 路扩展 | LRU touched
------------------------------------------------------------------
  0    |   域3      | 正常运行   |  是   |  318699989
  1    |   域0      | 正常运行   |  否   |  318700000
  2    |   域3      | 正常运行   |  是   |  318699999
  3    |   域2      | 正常运行   |  否   |  318699996
==================================================================

[动态重分配] 周期318700000：预约迁移 冗余域3(0%) -> 切片0 -> 饥饿域2(6%)
[切片剥夺] 周期318700000：切片0（所属域3）进入待剥夺状态，禁止新替换
[切片剥夺] 周期318700000：切片0在途请求已清空，开始执行脏行写回
[切片管理] 周期318700278：原域3仅剩1个切片，关闭路扩展模式
[动态重分配] 周期318700278：切片0写回完成，自动绑定到域2
[切片管理] 成功绑定切片0 → 安全域2，触发【路扩展模式】

======================== 切片硬件状态 ========================
切片号 | 所属安全域 | 当前状态    | 路扩展 | LRU touched
------------------------------------------------------------------
  0    |   域2      | 正常运行   |  是   |  318700278
  1    |   域0      | 正常运行   |  否   |  318700228
  2    |   域3      | 正常运行   |  否   |  318700059
  3    |   域2      | 正常运行   |  是   |  318700146
==================================================================


======================== 切片硬件状态 ========================
切片号 | 所属安全域 | 当前状态    | 路扩展 | LRU touched
------------------------------------------------------------------
  0    |   域2      | 正常运行   |  是   |  329599998
  1    |   域0      | 正常运行   |  否   |  329599996
  2    |   域3      | 正常运行   |  否   |  329599895
  3    |   域2      | 正常运行   |  是   |  329599996
==================================================================

[动态重分配] 周期329600000：预约迁移 冗余域2(1%) -> 切片0 -> 饥饿域3(10%)
[切片剥夺] 周期329600000：切片0（所属域2）进入待剥夺状态，禁止新替换
[切片剥夺] 周期329600000：切片0在途请求已清空，开始执行脏行写回
[切片管理] 周期329602069：原域2仅剩1个切片，关闭路扩展模式
[动态重分配] 周期329602069：切片0写回完成，自动绑定到域3
[切片管理] 成功绑定切片0 → 安全域3，触发【路扩展模式】

======================== 切片硬件状态 ========================
切片号 | 所属安全域 | 当前状态    | 路扩展 | LRU touched
------------------------------------------------------------------
  0    |   域3      | 正常运行   |  是   |  329602069
  1    |   域0      | 正常运行   |  否   |  329602067
  2    |   域3      | 正常运行   |  是   |  329602069
  3    |   域2      | 正常运行   |  否   |  329602066
==================================================================


======================== 切片硬件状态 ========================
切片号 | 所属安全域 | 当前状态    | 路扩展 | LRU touched
------------------------------------------------------------------
  0    |   域3      | 正常运行   |  是   |  387799982
  1    |   域0      | 正常运行   |  否   |  387799996
  2    |   域3      | 正常运行   |  是   |  387799990
  3    |   域2      | 正常运行   |  否   |  387799987
==================================================================

[动态重分配] 周期387800000：预约迁移 冗余域3(0%) -> 切片0 -> 饥饿域0(7%)
[切片剥夺] 周期387800000：切片0（所属域3）进入待剥夺状态，禁止新替换
[切片剥夺] 周期387800000：切片0在途请求已清空，开始执行脏行写回
[切片管理] 周期387800098：原域3仅剩1个切片，关闭路扩展模式
[动态重分配] 周期387800098：切片0写回完成，自动绑定到域0
[切片管理] 成功绑定切片0 → 安全域0，触发【路扩展模式】

======================== 切片硬件状态 ========================
切片号 | 所属安全域 | 当前状态    | 路扩展 | LRU touched
------------------------------------------------------------------
  0    |   域0      | 正常运行   |  是   |  387800098
  1    |   域0      | 正常运行   |  是   |  387800095
  2    |   域3      | 正常运行   |  否   |  387799990
  3    |   域2      | 正常运行   |  否   |  387800091
==================================================================


======================== 切片硬件状态 ========================
切片号 | 所属安全域 | 当前状态    | 路扩展 | LRU touched
------------------------------------------------------------------
  0    |   域0      | 正常运行   |  是   |  393699992
  1    |   域0      | 正常运行   |  是   |  393700000
  2    |   域3      | 正常运行   |  否   |  393699996
  3    |   域2      | 正常运行   |  否   |  393699999
==================================================================

[动态重分配] 周期393700000：预约迁移 冗余域0(0%) -> 切片0 -> 饥饿域3(6%)
[切片剥夺] 周期393700000：切片0（所属域0）进入待剥夺状态，禁止新替换
[切片剥夺] 周期393700000：切片0在途请求已清空，开始执行脏行写回
[切片管理] 周期393700152：原域0仅剩1个切片，关闭路扩展模式
[动态重分配] 周期393700152：切片0写回完成，自动绑定到域3
[切片管理] 成功绑定切片0 → 安全域3，触发【路扩展模式】

======================== 切片硬件状态 ========================
切片号 | 所属安全域 | 当前状态    | 路扩展 | LRU touched
------------------------------------------------------------------
  0    |   域3      | 正常运行   |  是   |  393700152
  1    |   域0      | 正常运行   |  否   |  393700112
  2    |   域3      | 正常运行   |  是   |  393700081
  3    |   域2      | 正常运行   |  否   |  393700147
==================================================================


**** Debug Statistics at 401000000 Cycles *****
Threads: 4		Fetch Width: 8
No of useful instructions fetched:	718358783 (22.39% proc util.)
No of total instructions fetched:	821140790 (25.60% proc util.)
 includes 569774 misfetch (0.1%), 102212233 (12.4%) wrong-path fetches
 and 0 flushed after failed lock(0.0%)
No of useful instructions issued/executed:	718358724 (22.39% proc util.)
No of total instructions issued/executed:	767726341 (23.93% proc util.)
 includes 49367617 wrong-path (6.4%) insts and 0 flushed (0.0%)
	fp 70, 0.00%
	synch 0, 0.00%
	integer 562226769, 73.23%
	load/store 205499502, 26.77%
Avg size of int IQ (before scheduling): 22.21
Avg size of fp IQ (before scheduling): 0.00
No of cycles taken:		401000000
Parallelism [ 0.631, 0.000, 0.577, 0.584,] = 1.791
 IQ conflicts: 4853338 (1.21%), FQ conflicts: 0 (0.00%) 
 I reg conflicts: 220970602 (55.10%), FP reg conflicts: 0 (0.00%)
  Activelist confs: 368 (0.00%), ROB confs: 21 (0.00%)
  Int unit conflicts: 354990156 (88.53%), FP unit conflicts: 0 (0.00%)
  Load/store unit conflicts: 17017950 (4.24%)
  MSHR conflicts: 265947925 (66.32%)
----------------------------------------
==== System-wide Cache Statistics ====
Stall for miss queue full 2317 cycles (0.00%)
----------------------------------------
==== Statistics for Master ID: 0 ====
Reads: 140347699   Writes: 20921638
ICACHE: size: 64 KB assoc: 2
ICACHE: hits:83383699 misses:1174160  Hit Ratio: 98.61%
DCACHE: size: 1*16 KB assoc: 1*4
DCACHE: hits:74268763 misses:2443331 writebacks:1001815  Hit Ratio: 96.81%
SCACHE: size: 512 KB assoc: 2
SCACHE: hits:2681491 misses:935384  Hit Ratio: 74.14%
3CACHE: size: 4096 KB assoc: 2
3CACHE: hits:355444 misses:579940  Hit Ratio: 38.00%
3CACHE: dirty items replaced:110861
ITLB: size: 48, misses 9, miss rate 0.00%
DTLB: size: 128, misses 35821, miss rate 0.05%
Avg mem delay: 5.209 cycles
----------------------------------------
==== Statistics for Master ID: 2 ====
Reads: 108532956   Writes: 19423791
ICACHE: size: 64 KB assoc: 2
ICACHE: hits:66591623 misses:1150708  Hit Ratio: 98.30%
DCACHE: size: 1*16 KB assoc: 1*4
DCACHE: hits:57305762 misses:2908957 writebacks:1551989  Hit Ratio: 95.17%
SCACHE: size: 512 KB assoc: 2
SCACHE: hits:1340000 misses:2719362  Hit Ratio: 33.01%
3CACHE: size: 4096 KB assoc: 2
3CACHE: hits:141975 misses:2577387  Hit Ratio: 5.22%
3CACHE: dirty items replaced:126935
ITLB: size: 48, misses 26, miss rate 0.00%
DTLB: size: 128, misses 121353, miss rate 0.20%
Avg mem delay: 5.209 cycles
----------------------------------------
==== Statistics for Master ID: 3 ====
Reads: 119849063   Writes: 21627037
ICACHE: size: 64 KB assoc: 2
ICACHE: hits:71695421 misses:1207568  Hit Ratio: 98.34%
DCACHE: size: 2*16 KB assoc: 2*4
DCACHE: hits:65400724 misses:3173460 writebacks:1568020  Hit Ratio: 95.37%
SCACHE: size: 512 KB assoc: 2
SCACHE: hits:1812315 misses:2567639  Hit Ratio: 41.38%
3CACHE: size: 4096 KB assoc: 2
3CACHE: hits:145874 misses:2421765  Hit Ratio: 5.68%
3CACHE: dirty items replaced:123005
ITLB: size: 48, misses 25, miss rate 0.00%
DTLB: size: 128, misses 115659, miss rate 0.17%
Avg mem delay: 5.209 cycles
----------------------------------------
==== Global Resource Utilization ====
STASH: size: 65536 entries, full 1012640741, empty 18860, misses 1497, full rate 100.00
icache bank util. 0.066 0.039 0.033 0.055 0.087 0.146 0.076 0.085 
dcache bank util. 0.055 0.074 0.084 0.067 0.103 0.053 0.108 0.063 
L2 bank util. 0.027 0.025 0.025 0.028 0.034 0.035 0.034 0.035 
L1-L2 bus util. = 0.121, L3 util. = 0.139
----------------------------------------

======================== 切片硬件状态 ========================
切片号 | 所属安全域 | 当前状态    | 路扩展 | LRU touched
------------------------------------------------------------------
  0    |   域3      | 正常运行   |  是   |  400999999
  1    |   域0      | 正常运行   |  否   |  400999907
  2    |   域3      | 正常运行   |  是   |  400999621
  3    |   域2      | 正常运行   |  否   |  400999998
==================================================================

branch prediction, hits = 49024314, misses = 3826945, hit rate = 92.76%
return_stack prediction, hits = 4021872, misses = 20, hit rate = 100.00%
jump prediction, hits = 62180991, misses = 158782, hit rate = 99.75%

======================== 切片硬件状态 ========================
切片号 | 所属安全域 | 当前状态    | 路扩展 | LRU touched
------------------------------------------------------------------
  0    |   域3      | 正常运行   |  是   |  438399988
  1    |   域0      | 正常运行   |  否   |  438399967
  2    |   域3      | 正常运行   |  是   |  438399821
  3    |   域2      | 正常运行   |  否   |  438399998
==================================================================

[动态重分配] 周期438400000：预约迁移 冗余域3(1%) -> 切片0 -> 饥饿域0(10%)
[切片剥夺] 周期438400000：切片0（所属域3）进入待剥夺状态，禁止新替换
[切片剥夺] 周期438400000：切片0在途请求已清空，开始执行脏行写回
[切片管理] 周期438414734：原域3仅剩1个切片，关闭路扩展模式
[动态重分配] 周期438414734：切片0写回完成，自动绑定到域0
[切片管理] 成功绑定切片0 → 安全域0，触发【路扩展模式】

======================== 切片硬件状态 ========================
切片号 | 所属安全域 | 当前状态    | 路扩展 | LRU touched
------------------------------------------------------------------
  0    |   域0      | 正常运行   |  是   |  438414734
  1    |   域0      | 正常运行   |  是   |  438414734
  2    |   域3      | 正常运行   |  否   |  438414727
  3    |   域2      | 正常运行   |  否   |  438414729
==================================================================


======================== 切片硬件状态 ========================
切片号 | 所属安全域 | 当前状态    | 路扩展 | LRU touched
------------------------------------------------------------------
  0    |   域0      | 正常运行   |  是   |  471799992
  1    |   域0      | 正常运行   |  是   |  471800000
  2    |   域3      | 正常运行   |  否   |  471800000
  3    |   域2      | 正常运行   |  否   |  471800000
==================================================================

[动态重分配] 周期471800000：预约迁移 冗余域0(0%) -> 切片0 -> 饥饿域2(8%)
[切片剥夺] 周期471800000：切片0（所属域0）进入待剥夺状态，禁止新替换
[切片剥夺] 周期471800000：切片0在途请求已清空，开始执行脏行写回
[切片管理] 周期471801844：原域0仅剩1个切片，关闭路扩展模式
[动态重分配] 周期471801844：切片0写回完成，自动绑定到域2
[切片管理] 成功绑定切片0 → 安全域2，触发【路扩展模式】

======================== 切片硬件状态 ========================
切片号 | 所属安全域 | 当前状态    | 路扩展 | LRU touched
------------------------------------------------------------------
  0    |   域2      | 正常运行   |  是   |  471801844
  1    |   域0      | 正常运行   |  否   |  471801844
  2    |   域3      | 正常运行   |  否   |  471801843
  3    |   域2      | 正常运行   |  是   |  471801838
==================================================================


======================== 切片硬件状态 ========================
切片号 | 所属安全域 | 当前状态    | 路扩展 | LRU touched
------------------------------------------------------------------
  0    |   域2      | 正常运行   |  是   |  480599949
  1    |   域0      | 正常运行   |  否   |  480600000
  2    |   域3      | 正常运行   |  否   |  480599854
  3    |   域2      | 正常运行   |  是   |  480599947
==================================================================

[动态重分配] 周期480600000：预约迁移 冗余域2(1%) -> 切片0 -> 饥饿域3(11%)
[切片剥夺] 周期480600000：切片0（所属域2）进入待剥夺状态，禁止新替换
[切片剥夺] 周期480600000：切片0在途请求已清空，开始执行脏行写回
[切片管理] 周期480619181：原域2仅剩1个切片，关闭路扩展模式
[动态重分配] 周期480619181：切片0写回完成，自动绑定到域3
[切片管理] 成功绑定切片0 → 安全域3，触发【路扩展模式】

======================== 切片硬件状态 ========================
切片号 | 所属安全域 | 当前状态    | 路扩展 | LRU touched
------------------------------------------------------------------
  0    |   域3      | 正常运行   |  是   |  480619181
  1    |   域0      | 正常运行   |  否   |  480619174
  2    |   域3      | 正常运行   |  是   |  480619178
  3    |   域2      | 正常运行   |  否   |  480619175
==================================================================


======================== 切片硬件状态 ========================
切片号 | 所属安全域 | 当前状态    | 路扩展 | LRU touched
------------------------------------------------------------------
  0    |   域3      | 正常运行   |  是   |  480899996
  1    |   域0      | 正常运行   |  否   |  480899968
  2    |   域3      | 正常运行   |  是   |  480899996
  3    |   域2      | 正常运行   |  否   |  480899978
==================================================================

[动态重分配] 周期480900000：预约迁移 冗余域3(2%) -> 切片2 -> 饥饿域0(9%)
[切片剥夺] 周期480900000：切片2（所属域3）进入待剥夺状态，禁止新替换
[切片剥夺] 周期480900000：切片2在途请求已清空，开始执行脏行写回
[切片管理] 周期480900209：原域3仅剩1个切片，关闭路扩展模式
[动态重分配] 周期480900209：切片2写回完成，自动绑定到域0
[切片管理] 成功绑定切片2 → 安全域0，触发【路扩展模式】

======================== 切片硬件状态 ========================
切片号 | 所属安全域 | 当前状态    | 路扩展 | LRU touched
------------------------------------------------------------------
  0    |   域3      | 正常运行   |  否   |  480900202
  1    |   域0      | 正常运行   |  是   |  480899968
  2    |   域0      | 正常运行   |  是   |  480900209
  3    |   域2      | 正常运行   |  否   |  480899978
==================================================================


======================== 切片硬件状态 ========================
切片号 | 所属安全域 | 当前状态    | 路扩展 | LRU touched
------------------------------------------------------------------
  0    |   域3      | 正常运行   |  否   |  482899997
  1    |   域0      | 正常运行   |  是   |  482899999
  2    |   域0      | 正常运行   |  是   |  482900000
  3    |   域2      | 正常运行   |  否   |  482899998
==================================================================

[动态重分配] 周期482900000：预约迁移 冗余域0(0%) -> 切片1 -> 饥饿域3(6%)
[切片剥夺] 周期482900000：切片1（所属域0）进入待剥夺状态，禁止新替换
[切片剥夺] 周期482900000：切片1在途请求已清空，开始执行脏行写回
[切片管理] 周期482901079：原域0仅剩1个切片，关闭路扩展模式
[动态重分配] 周期482901079：切片1写回完成，自动绑定到域3
[切片管理] 成功绑定切片1 → 安全域3，触发【路扩展模式】

======================== 切片硬件状态 ========================
切片号 | 所属安全域 | 当前状态    | 路扩展 | LRU touched
------------------------------------------------------------------
  0    |   域3      | 正常运行   |  是   |  482901078
  1    |   域3      | 正常运行   |  是   |  482901079
  2    |   域0      | 正常运行   |  否   |  482901078
  3    |   域2      | 正常运行   |  否   |  482901072
==================================================================


======================== 切片硬件状态 ========================
切片号 | 所属安全域 | 当前状态    | 路扩展 | LRU touched
------------------------------------------------------------------
  0    |   域3      | 正常运行   |  是   |  482999999
  1    |   域3      | 正常运行   |  是   |  482999997
  2    |   域0      | 正常运行   |  否   |  482999995
  3    |   域2      | 正常运行   |  否   |  482999999
==================================================================

[动态重分配] 周期483000000：预约迁移 冗余域3(0%) -> 切片0 -> 饥饿域2(6%)
[切片剥夺] 周期483000000：切片0（所属域3）进入待剥夺状态，禁止新替换
[切片剥夺] 周期483000000：切片0在途请求已清空，开始执行脏行写回
[切片管理] 周期483000224：原域3仅剩1个切片，关闭路扩展模式
[动态重分配] 周期483000224：切片0写回完成，自动绑定到域2
[切片管理] 成功绑定切片0 → 安全域2，触发【路扩展模式】

======================== 切片硬件状态 ========================
切片号 | 所属安全域 | 当前状态    | 路扩展 | LRU touched
------------------------------------------------------------------
  0    |   域2      | 正常运行   |  是   |  483000224
  1    |   域3      | 正常运行   |  否   |  483000090
  2    |   域0      | 正常运行   |  否   |  483000224
  3    |   域2      | 正常运行   |  是   |  483000211
==================================================================


======================== 切片硬件状态 ========================
切片号 | 所属安全域 | 当前状态    | 路扩展 | LRU touched
------------------------------------------------------------------
  0    |   域2      | 正常运行   |  是   |  489400000
  1    |   域3      | 正常运行   |  否   |  489399998
  2    |   域0      | 正常运行   |  否   |  489399999
  3    |   域2      | 正常运行   |  是   |  489400000
==================================================================

[动态重分配] 周期489400000：预约迁移 冗余域2(0%) -> 切片0 -> 饥饿域0(6%)
[切片剥夺] 周期489400000：切片0（所属域2）进入待剥夺状态，禁止新替换
[切片剥夺] 周期489400000：切片0在途请求已清空，开始执行脏行写回
[切片管理] 周期489400302：原域2仅剩1个切片，关闭路扩展模式
[动态重分配] 周期489400302：切片0写回完成，自动绑定到域0
[切片管理] 成功绑定切片0 → 安全域0，触发【路扩展模式】

======================== 切片硬件状态 ========================
切片号 | 所属安全域 | 当前状态    | 路扩展 | LRU touched
------------------------------------------------------------------
  0    |   域0      | 正常运行   |  是   |  489400302
  1    |   域3      | 正常运行   |  否   |  489400302
  2    |   域0      | 正常运行   |  是   |  489400297
  3    |   域2      | 正常运行   |  否   |  489400294
==================================================================


======================== 切片硬件状态 ========================
切片号 | 所属安全域 | 当前状态    | 路扩展 | LRU touched
------------------------------------------------------------------
  0    |   域0      | 正常运行   |  是   |  492000000
  1    |   域3      | 正常运行   |  否   |  491999974
  2    |   域0      | 正常运行   |  是   |  491999870
  3    |   域2      | 正常运行   |  否   |  491999997
==================================================================

[动态重分配] 周期492000000：预约迁移 冗余域0(0%) -> 切片0 -> 饥饿域3(6%)
[切片剥夺] 周期492000000：切片0（所属域0）进入待剥夺状态，禁止新替换
[切片剥夺] 周期492000000：切片0在途请求已清空，开始执行脏行写回
[切片管理] 周期492002346：原域0仅剩1个切片，关闭路扩展模式
[动态重分配] 周期492002346：切片0写回完成，自动绑定到域3
[切片管理] 成功绑定切片0 → 安全域3，触发【路扩展模式】

======================== 切片硬件状态 ========================
切片号 | 所属安全域 | 当前状态    | 路扩展 | LRU touched
------------------------------------------------------------------
  0    |   域3      | 正常运行   |  是   |  492002346
  1    |   域3      | 正常运行   |  是   |  492002343
  2    |   域0      | 正常运行   |  否   |  492002342
  3    |   域2      | 正常运行   |  否   |  492002344
==================================================================


**** Debug Statistics at 501000000 Cycles *****
Threads: 4		Fetch Width: 8
No of useful instructions fetched:	999810823 (24.95% proc util.)
No of total instructions fetched:	1152087458 (28.74% proc util.)
 includes 882485 misfetch (0.1%), 151394150 (13.1%) wrong-path fetches
 and 0 flushed after failed lock(0.0%)
No of useful instructions issued/executed:	999810762 (24.95% proc util.)
No of total instructions issued/executed:	1073007491 (26.77% proc util.)
 includes 73196729 wrong-path (6.8%) insts and 0 flushed (0.0%)
	fp 70, 0.00%
	synch 0, 0.00%
	integer 788574812, 73.49%
	load/store 284432609, 26.51%
Avg size of int IQ (before scheduling): 23.30
Avg size of fp IQ (before scheduling): 0.00
No of cycles taken:		501000000
Parallelism [ 0.694, 0.000, 0.649, 0.653,] = 1.996
 IQ conflicts: 7380721 (1.47%), FQ conflicts: 0 (0.00%) 
 I reg conflicts: 243666374 (48.64%), FP reg conflicts: 0 (0.00%)
  Activelist confs: 370 (0.00%), ROB confs: 21 (0.00%)
  Int unit conflicts: 538061406 (107.40%), FP unit conflicts: 0 (0.00%)
  Load/store unit conflicts: 24601313 (4.91%)
  MSHR conflicts: 276278645 (55.15%)
----------------------------------------
==== System-wide Cache Statistics ====
Stall for miss queue full 3500 cycles (0.00%)
----------------------------------------
==== Statistics for Master ID: 0 ====
Reads: 194410806   Writes: 28697571
ICACHE: size: 64 KB assoc: 2
ICACHE: hits:115286089 misses:1764660  Hit Ratio: 98.49%
DCACHE: size: 1*16 KB assoc: 1*4
DCACHE: hits:102659377 misses:3399221 writebacks:1379039  Hit Ratio: 96.79%
SCACHE: size: 512 KB assoc: 2
SCACHE: hits:3942711 misses:1220199  Hit Ratio: 76.37%
3CACHE: size: 4096 KB assoc: 2
3CACHE: hits:399441 misses:820758  Hit Ratio: 32.74%
3CACHE: dirty items replaced:172768
ITLB: size: 48, misses 9, miss rate 0.00%
DTLB: size: 128, misses 46016, miss rate 0.04%
Avg mem delay: 4.132 cycles
----------------------------------------
==== Statistics for Master ID: 2 ====
Reads: 154881269   Writes: 26138269
ICACHE: size: 64 KB assoc: 2
ICACHE: hits:94821625 misses:1758087  Hit Ratio: 98.18%
DCACHE: size: 1*16 KB assoc: 1*4
DCACHE: hits:81106786 misses:3333689 writebacks:1776267  Hit Ratio: 96.05%
SCACHE: size: 512 KB assoc: 2
SCACHE: hits:2050329 misses:3040798  Hit Ratio: 40.27%
3CACHE: size: 4096 KB assoc: 2
3CACHE: hits:215702 misses:2825095  Hit Ratio: 7.09%
3CACHE: dirty items replaced:186752
ITLB: size: 48, misses 26, miss rate 0.00%
DTLB: size: 128, misses 138240, miss rate 0.16%
Avg mem delay: 4.132 cycles
----------------------------------------
==== Statistics for Master ID: 3 ====
Reads: 168034289   Writes: 28511693
ICACHE: size: 64 KB assoc: 2
ICACHE: hits:100768484 misses:1842982  Hit Ratio: 98.20%
DCACHE: size: 2*16 KB assoc: 2*4
DCACHE: hits:90216333 misses:3719648 writebacks:1810767  Hit Ratio: 96.04%
SCACHE: size: 512 KB assoc: 2
SCACHE: hits:2678808 misses:2882356  Hit Ratio: 48.17%
3CACHE: size: 4096 KB assoc: 2
3CACHE: hits:215656 misses:2666700  Hit Ratio: 7.48%
3CACHE: dirty items replaced:184207
ITLB: size: 48, misses 25, miss rate 0.00%
DTLB: size: 128, misses 130780, miss rate 0.14%
Avg mem delay: 4.132 cycles
----------------------------------------
==== Global Resource Utilization ====
STASH: size: 65536 entries, full 1383750927, empty 18959, misses 1504, full rate 100.00
icache bank util. 0.076 0.046 0.039 0.063 0.100 0.153 0.088 0.099 
dcache bank util. 0.059 0.080 0.093 0.073 0.114 0.057 0.118 0.066 
L2 bank util. 0.027 0.025 0.025 0.028 0.036 0.035 0.035 0.034 
L1-L2 bus util. = 0.124, L3 util. = 0.126
----------------------------------------

======================== 切片硬件状态 ========================
切片号 | 所属安全域 | 当前状态    | 路扩展 | LRU touched
------------------------------------------------------------------
  0    |   域3      | 正常运行   |  是   |  500999998
  1    |   域3      | 正常运行   |  是   |  500999994
  2    |   域0      | 正常运行   |  否   |  500999998
  3    |   域2      | 正常运行   |  否   |  500999983
==================================================================

branch prediction, hits = 64432813, misses = 5516392, hit rate = 92.11%
return_stack prediction, hits = 5787534, misses = 20, hit rate = 100.00%
jump prediction, hits = 83255037, misses = 247279, hit rate = 99.70%

======================== 切片硬件状态 ========================
切片号 | 所属安全域 | 当前状态    | 路扩展 | LRU touched
------------------------------------------------------------------
  0    |   域3      | 正常运行   |  是   |  520699340
  1    |   域3      | 正常运行   |  是   |  520699968
  2    |   域0      | 正常运行   |  否   |  520699862
  3    |   域2      | 正常运行   |  否   |  520699979
==================================================================

[动态重分配] 周期520700000：预约迁移 冗余域3(1%) -> 切片0 -> 饥饿域2(7%)
[切片剥夺] 周期520700000：切片0（所属域3）进入待剥夺状态，禁止新替换
[切片剥夺] 周期520700000：切片0在途请求已清空，开始执行脏行写回
[切片管理] 周期520712845：原域3仅剩1个切片，关闭路扩展模式
[动态重分配] 周期520712845：切片0写回完成，自动绑定到域2
[切片管理] 成功绑定切片0 → 安全域2，触发【路扩展模式】

======================== 切片硬件状态 ========================
切片号 | 所属安全域 | 当前状态    | 路扩展 | LRU touched
------------------------------------------------------------------
  0    |   域2      | 正常运行   |  是   |  520712845
  1    |   域3      | 正常运行   |  否   |  520712711
  2    |   域0      | 正常运行   |  否   |  520712845
  3    |   域2      | 正常运行   |  是   |  520712845
==================================================================


======================== 切片硬件状态 ========================
切片号 | 所属安全域 | 当前状态    | 路扩展 | LRU touched
------------------------------------------------------------------
  0    |   域2      | 正常运行   |  是   |  524399974
  1    |   域3      | 正常运行   |  否   |  524399998
  2    |   域0      | 正常运行   |  否   |  524400000
  3    |   域2      | 正常运行   |  是   |  524399915
==================================================================

[动态重分配] 周期524400000：预约迁移 冗余域2(0%) -> 切片0 -> 饥饿域3(6%)
[切片剥夺] 周期524400000：切片0（所属域2）进入待剥夺状态，禁止新替换
[切片剥夺] 周期524400108：切片0在途请求已清空，开始执行脏行写回
[切片管理] 周期524401700：原域2仅剩1个切片，关闭路扩展模式
[动态重分配] 周期524401700：切片0写回完成，自动绑定到域3
[切片管理] 成功绑定切片0 → 安全域3，触发【路扩展模式】

======================== 切片硬件状态 ========================
切片号 | 所属安全域 | 当前状态    | 路扩展 | LRU touched
------------------------------------------------------------------
  0    |   域3      | 正常运行   |  是   |  524401700
  1    |   域3      | 正常运行   |  是   |  524401694
  2    |   域0      | 正常运行   |  否   |  524401690
  3    |   域2      | 正常运行   |  否   |  524401686
==================================================================


======================== 切片硬件状态 ========================
切片号 | 所属安全域 | 当前状态    | 路扩展 | LRU touched
------------------------------------------------------------------
  0    |   域3      | 正常运行   |  是   |  555600000
  1    |   域3      | 正常运行   |  是   |  555599994
  2    |   域0      | 正常运行   |  否   |  555600000
  3    |   域2      | 正常运行   |  否   |  555599999
==================================================================

[动态重分配] 周期555600000：预约迁移 冗余域3(0%) -> 切片0 -> 饥饿域2(6%)
[切片剥夺] 周期555600000：切片0（所属域3）进入待剥夺状态，禁止新替换
[切片剥夺] 周期555600000：切片0在途请求已清空，开始执行脏行写回
[切片管理] 周期555601801：原域3仅剩1个切片，关闭路扩展模式
[动态重分配] 周期555601801：切片0写回完成，自动绑定到域2
[切片管理] 成功绑定切片0 → 安全域2，触发【路扩展模式】

======================== 切片硬件状态 ========================
切片号 | 所属安全域 | 当前状态    | 路扩展 | LRU touched
------------------------------------------------------------------
  0    |   域2      | 正常运行   |  是   |  555601801
  1    |   域3      | 正常运行   |  否   |  555601801
  2    |   域0      | 正常运行   |  否   |  555601801
  3    |   域2      | 正常运行   |  是   |  555601798
==================================================================


======================== 切片硬件状态 ========================
切片号 | 所属安全域 | 当前状态    | 路扩展 | LRU touched
------------------------------------------------------------------
  0    |   域2      | 正常运行   |  是   |  557499943
  1    |   域3      | 正常运行   |  否   |  557499999
  2    |   域0      | 正常运行   |  否   |  557499988
  3    |   域2      | 正常运行   |  是   |  557499983
==================================================================

[动态重分配] 周期557500000：预约迁移 冗余域2(0%) -> 切片0 -> 饥饿域3(6%)
[切片剥夺] 周期557500000：切片0（所属域2）进入待剥夺状态，禁止新替换
[切片剥夺] 周期557500000：切片0在途请求已清空，开始执行脏行写回
[切片管理] 周期557500281：原域2仅剩1个切片，关闭路扩展模式
[动态重分配] 周期557500281：切片0写回完成，自动绑定到域3
[切片管理] 成功绑定切片0 → 安全域3，触发【路扩展模式】

======================== 切片硬件状态 ========================
切片号 | 所属安全域 | 当前状态    | 路扩展 | LRU touched
------------------------------------------------------------------
  0    |   域3      | 正常运行   |  是   |  557500281
  1    |   域3      | 正常运行   |  是   |  557499999
  2    |   域0      | 正常运行   |  否   |  557500065
  3    |   域2      | 正常运行   |  否   |  557500008
==================================================================


======================== 切片硬件状态 ========================
切片号 | 所属安全域 | 当前状态    | 路扩展 | LRU touched
------------------------------------------------------------------
  0    |   域3      | 正常运行   |  是   |  578199999
  1    |   域3      | 正常运行   |  是   |  578200000
  2    |   域0      | 正常运行   |  否   |  578199997
  3    |   域2      | 正常运行   |  否   |  578199996
==================================================================

[动态重分配] 周期578200000：预约迁移 冗余域3(0%) -> 切片0 -> 饥饿域0(6%)
[切片剥夺] 周期578200000：切片0（所属域3）进入待剥夺状态，禁止新替换
[切片剥夺] 周期578200000：切片0在途请求已清空，开始执行脏行写回
[切片管理] 周期578200272：原域3仅剩1个切片，关闭路扩展模式
[动态重分配] 周期578200272：切片0写回完成，自动绑定到域0
[切片管理] 成功绑定切片0 → 安全域0，触发【路扩展模式】

======================== 切片硬件状态 ========================
切片号 | 所属安全域 | 当前状态    | 路扩展 | LRU touched
------------------------------------------------------------------
  0    |   域0      | 正常运行   |  是   |  578200272
  1    |   域3      | 正常运行   |  否   |  578200043
  2    |   域0      | 正常运行   |  是   |  578200068
  3    |   域2      | 正常运行   |  否   |  578200055
==================================================================


======================== 切片硬件状态 ========================
切片号 | 所属安全域 | 当前状态    | 路扩展 | LRU touched
------------------------------------------------------------------
  0    |   域0      | 正常运行   |  是   |  581099920
  1    |   域3      | 正常运行   |  否   |  581099916
  2    |   域0      | 正常运行   |  是   |  581099917
  3    |   域2      | 正常运行   |  否   |  581099921
==================================================================

[动态重分配] 周期581100000：预约迁移 冗余域0(0%) -> 切片0 -> 饥饿域3(6%)
[切片剥夺] 周期581100000：切片0（所属域0）进入待剥夺状态，禁止新替换
[切片剥夺] 周期581100000：切片0在途请求已清空，开始执行脏行写回
[切片管理] 周期581102555：原域0仅剩1个切片，关闭路扩展模式
[动态重分配] 周期581102555：切片0写回完成，自动绑定到域3
[切片管理] 成功绑定切片0 → 安全域3，触发【路扩展模式】

======================== 切片硬件状态 ========================
切片号 | 所属安全域 | 当前状态    | 路扩展 | LRU touched
------------------------------------------------------------------
  0    |   域3      | 正常运行   |  是   |  581102555
  1    |   域3      | 正常运行   |  是   |  581102549
  2    |   域0      | 正常运行   |  否   |  581102551
  3    |   域2      | 正常运行   |  否   |  581102554
==================================================================


======================== 切片硬件状态 ========================
切片号 | 所属安全域 | 当前状态    | 路扩展 | LRU touched
------------------------------------------------------------------
  0    |   域3      | 正常运行   |  是   |  586499999
  1    |   域3      | 正常运行   |  是   |  586499998
  2    |   域0      | 正常运行   |  否   |  586499999
  3    |   域2      | 正常运行   |  否   |  586499998
==================================================================

[动态重分配] 周期586500000：预约迁移 冗余域3(1%) -> 切片1 -> 饥饿域2(7%)
[切片剥夺] 周期586500000：切片1（所属域3）进入待剥夺状态，禁止新替换
[切片剥夺] 周期586500000：切片1在途请求已清空，开始执行脏行写回
[切片管理] 周期586500293：原域3仅剩1个切片，关闭路扩展模式
[动态重分配] 周期586500293：切片1写回完成，自动绑定到域2
[切片管理] 成功绑定切片1 → 安全域2，触发【路扩展模式】

======================== 切片硬件状态 ========================
切片号 | 所属安全域 | 当前状态    | 路扩展 | LRU touched
------------------------------------------------------------------
  0    |   域3      | 正常运行   |  否   |  586500173
  1    |   域2      | 正常运行   |  是   |  586500293
  2    |   域0      | 正常运行   |  否   |  586500180
  3    |   域2      | 正常运行   |  是   |  586500178
==================================================================


======================== 切片硬件状态 ========================
切片号 | 所属安全域 | 当前状态    | 路扩展 | LRU touched
------------------------------------------------------------------
  0    |   域3      | 正常运行   |  否   |  586800000
  1    |   域2      | 正常运行   |  是   |  586799992
  2    |   域0      | 正常运行   |  否   |  586799926
  3    |   域2      | 正常运行   |  是   |  586799999
==================================================================

[动态重分配] 周期586800000：预约迁移 冗余域2(2%) -> 切片3 -> 饥饿域0(8%)
[切片剥夺] 周期586800000：切片3（所属域2）进入待剥夺状态，禁止新替换
[切片剥夺] 周期586800180：切片3在途请求已清空，开始执行脏行写回
[切片管理] 周期586800921：原域2仅剩1个切片，关闭路扩展模式
[动态重分配] 周期586800921：切片3写回完成，自动绑定到域0
[切片管理] 成功绑定切片3 → 安全域0，触发【路扩展模式】

======================== 切片硬件状态 ========================
切片号 | 所属安全域 | 当前状态    | 路扩展 | LRU touched
------------------------------------------------------------------
  0    |   域3      | 正常运行   |  否   |  586800921
  1    |   域2      | 正常运行   |  否   |  586800798
  2    |   域0      | 正常运行   |  是   |  586800907
  3    |   域0      | 正常运行   |  是   |  586800921
==================================================================


**** Debug Statistics at 601000000 Cycles *****
Threads: 4		Fetch Width: 8
No of useful instructions fetched:	1313139620 (27.31% proc util.)
No of total instructions fetched:	1517007741 (31.55% proc util.)
 includes 1177547 misfetch (0.1%), 202690574 (13.4%) wrong-path fetches
 and 0 flushed after failed lock(0.0%)
No of useful instructions issued/executed:	1313139569 (27.31% proc util.)
No of total instructions issued/executed:	1411326643 (29.35% proc util.)
 includes 98187074 wrong-path (7.0%) insts and 0 flushed (0.0%)
	fp 70, 0.00%
	synch 0, 0.00%
	integer 1040661727, 73.74%
	load/store 370664846, 26.26%
Avg size of int IQ (before scheduling): 24.63
Avg size of fp IQ (before scheduling): 0.00
No of cycles taken:		601000000
Parallelism [ 0.754, 0.000, 0.716, 0.716,] = 2.185
 IQ conflicts: 10482369 (1.74%), FQ conflicts: 0 (0.00%) 
 I reg conflicts: 269670013 (44.87%), FP reg conflicts: 0 (0.00%)
  Activelist confs: 429 (0.00%), ROB confs: 21 (0.00%)
  Int unit conflicts: 743661078 (123.74%), FP unit conflicts: 0 (0.00%)
  Load/store unit conflicts: 33039303 (5.50%)
  MSHR conflicts: 288243938 (47.96%)
----------------------------------------
==== System-wide Cache Statistics ====
Stall for miss queue full 4341 cycles (0.00%)
----------------------------------------
==== Statistics for Master ID: 0 ====
Reads: 254816864   Writes: 37550945
ICACHE: size: 64 KB assoc: 2
ICACHE: hits:151026541 misses:2325703  Hit Ratio: 98.48%
DCACHE: size: 2*16 KB assoc: 2*4
DCACHE: hits:134548361 misses:4468321 writebacks:1800358  Hit Ratio: 96.79%
SCACHE: size: 512 KB assoc: 2
SCACHE: hits:5319881 misses:1473026  Hit Ratio: 78.32%
3CACHE: size: 4096 KB assoc: 2
3CACHE: hits:444441 misses:1028585  Hit Ratio: 30.17%
3CACHE: dirty items replaced:243400
ITLB: size: 48, misses 9, miss rate 0.00%
DTLB: size: 128, misses 54948, miss rate 0.04%
Avg mem delay: 3.511 cycles
----------------------------------------
==== Statistics for Master ID: 2 ====
Reads: 205112329   Writes: 32710399
ICACHE: size: 64 KB assoc: 2
ICACHE: hits:125943755 misses:2316279  Hit Ratio: 98.19%
DCACHE: size: 1*16 KB assoc: 1*4
DCACHE: hits:105749317 misses:3814334 writebacks:2038207  Hit Ratio: 96.52%
SCACHE: size: 512 KB assoc: 2
SCACHE: hits:2792854 misses:3336802  Hit Ratio: 45.56%
3CACHE: size: 4096 KB assoc: 2
3CACHE: hits:294079 misses:3042723  Hit Ratio: 8.81%
3CACHE: dirty items replaced:255656
ITLB: size: 48, misses 26, miss rate 0.00%
DTLB: size: 128, misses 154636, miss rate 0.14%
Avg mem delay: 3.511 cycles
----------------------------------------
==== Statistics for Master ID: 3 ====
Reads: 221716550   Writes: 36135654
ICACHE: size: 64 KB assoc: 2
ICACHE: hits:133322936 misses:2443407  Hit Ratio: 98.20%
DCACHE: size: 1*16 KB assoc: 1*4
DCACHE: hits:117851081 misses:4236805 writebacks:2051557  Hit Ratio: 96.53%
SCACHE: size: 512 KB assoc: 2
SCACHE: hits:3510067 misses:3168119  Hit Ratio: 52.56%
3CACHE: size: 4096 KB assoc: 2
3CACHE: hits:290997 misses:2877122  Hit Ratio: 9.19%
3CACHE: dirty items replaced:251272
ITLB: size: 48, misses 25, miss rate 0.00%
DTLB: size: 128, misses 144877, miss rate 0.12%
Avg mem delay: 3.511 cycles
----------------------------------------
==== Global Resource Utilization ====
STASH: size: 65536 entries, full 1792039829, empty 18964, misses 1505, full rate 100.00
icache bank util. 0.085 0.051 0.044 0.071 0.111 0.160 0.097 0.110 
dcache bank util. 0.063 0.086 0.100 0.078 0.124 0.061 0.128 0.070 
L2 bank util. 0.027 0.024 0.024 0.028 0.038 0.036 0.035 0.033 
L1-L2 bus util. = 0.127, L3 util. = 0.116
----------------------------------------

======================== 切片硬件状态 ========================
切片号 | 所属安全域 | 当前状态    | 路扩展 | LRU touched
------------------------------------------------------------------
  0    |   域3      | 正常运行   |  否   |  600999998
  1    |   域2      | 正常运行   |  否   |  600999995
  2    |   域0      | 正常运行   |  是   |  600999998
  3    |   域0      | 正常运行   |  是   |  600999996
==================================================================

branch prediction, hits = 81814979, misses = 7273733, hit rate = 91.84%
return_stack prediction, hits = 7643314, misses = 20, hit rate = 100.00%
jump prediction, hits = 106588627, misses = 332141, hit rate = 99.69%

======================== 切片硬件状态 ========================
切片号 | 所属安全域 | 当前状态    | 路扩展 | LRU touched
------------------------------------------------------------------
  0    |   域3      | 正常运行   |  否   |  626500000
  1    |   域2      | 正常运行   |  否   |  626499999
  2    |   域0      | 正常运行   |  是   |  626499998
  3    |   域0      | 正常运行   |  是   |  626500000
==================================================================

[动态重分配] 周期626500000：预约迁移 冗余域0(0%) -> 切片2 -> 饥饿域2(6%)
[切片剥夺] 周期626500000：切片2（所属域0）进入待剥夺状态，禁止新替换
[切片剥夺] 周期626500000：切片2在途请求已清空，开始执行脏行写回
[切片管理] 周期626525702：原域0仅剩1个切片，关闭路扩展模式
[动态重分配] 周期626525702：切片2写回完成，自动绑定到域2
[切片管理] 成功绑定切片2 → 安全域2，触发【路扩展模式】

======================== 切片硬件状态 ========================
切片号 | 所属安全域 | 当前状态    | 路扩展 | LRU touched
------------------------------------------------------------------
  0    |   域3      | 正常运行   |  否   |  626525702
  1    |   域2      | 正常运行   |  是   |  626525697
  2    |   域2      | 正常运行   |  是   |  626525702
  3    |   域0      | 正常运行   |  否   |  626525702
==================================================================


======================== 切片硬件状态 ========================
切片号 | 所属安全域 | 当前状态    | 路扩展 | LRU touched
------------------------------------------------------------------
  0    |   域3      | 正常运行   |  否   |  639999980
  1    |   域2      | 正常运行   |  是   |  639999983
  2    |   域2      | 正常运行   |  是   |  640000000
  3    |   域0      | 正常运行   |  否   |  640000000
==================================================================

[动态重分配] 周期640000000：预约迁移 冗余域2(2%) -> 切片1 -> 饥饿域3(8%)
[切片剥夺] 周期640000000：切片1（所属域2）进入待剥夺状态，禁止新替换
[切片剥夺] 周期640000000：切片1在途请求已清空，开始执行脏行写回
[切片管理] 周期640001874：原域2仅剩1个切片，关闭路扩展模式
[动态重分配] 周期640001874：切片1写回完成，自动绑定到域3
[切片管理] 成功绑定切片1 → 安全域3，触发【路扩展模式】

======================== 切片硬件状态 ========================
切片号 | 所属安全域 | 当前状态    | 路扩展 | LRU touched
------------------------------------------------------------------
  0    |   域3      | 正常运行   |  是   |  640001872
  1    |   域3      | 正常运行   |  是   |  640001874
  2    |   域2      | 正常运行   |  否   |  640001874
  3    |   域0      | 正常运行   |  否   |  640001874
==================================================================


======================== 切片硬件状态 ========================
切片号 | 所属安全域 | 当前状态    | 路扩展 | LRU touched
------------------------------------------------------------------
  0    |   域3      | 正常运行   |  是   |  651599930
  1    |   域3      | 正常运行   |  是   |  651599980
  2    |   域2      | 正常运行   |  否   |  651599992
  3    |   域0      | 正常运行   |  否   |  651599969
==================================================================

[动态重分配] 周期651600000：预约迁移 冗余域3(0%) -> 切片0 -> 饥饿域0(6%)
[切片剥夺] 周期651600000：切片0（所属域3）进入待剥夺状态，禁止新替换
[切片剥夺] 周期651600000：切片0在途请求已清空，开始执行脏行写回
[切片管理] 周期651600242：原域3仅剩1个切片，关闭路扩展模式
[动态重分配] 周期651600242：切片0写回完成，自动绑定到域0
[切片管理] 成功绑定切片0 → 安全域0，触发【路扩展模式】

======================== 切片硬件状态 ========================
切片号 | 所属安全域 | 当前状态    | 路扩展 | LRU touched
------------------------------------------------------------------
  0    |   域0      | 正常运行   |  是   |  651600242
  1    |   域3      | 正常运行   |  否   |  651599980
  2    |   域2      | 正常运行   |  否   |  651600023
  3    |   域0      | 正常运行   |  是   |  651600038
==================================================================


======================== 切片硬件状态 ========================
切片号 | 所属安全域 | 当前状态    | 路扩展 | LRU touched
------------------------------------------------------------------
  0    |   域0      | 正常运行   |  是   |  655100000
  1    |   域3      | 正常运行   |  否   |  655099979
  2    |   域2      | 正常运行   |  否   |  655099997
  3    |   域0      | 正常运行   |  是   |  655099990
==================================================================

[动态重分配] 周期655100000：预约迁移 冗余域0(0%) -> 切片0 -> 饥饿域2(6%)
[切片剥夺] 周期655100000：切片0（所属域0）进入待剥夺状态，禁止新替换
[切片剥夺] 周期655100000：切片0在途请求已清空，开始执行脏行写回
[切片管理] 周期655100399：原域0仅剩1个切片，关闭路扩展模式
[动态重分配] 周期655100399：切片0写回完成，自动绑定到域2
[切片管理] 成功绑定切片0 → 安全域2，触发【路扩展模式】

======================== 切片硬件状态 ========================
切片号 | 所属安全域 | 当前状态    | 路扩展 | LRU touched
------------------------------------------------------------------
  0    |   域2      | 正常运行   |  是   |  655100399
  1    |   域3      | 正常运行   |  否   |  655100371
  2    |   域2      | 正常运行   |  是   |  655100397
  3    |   域0      | 正常运行   |  否   |  655100398
==================================================================


======================== 切片硬件状态 ========================
切片号 | 所属安全域 | 当前状态    | 路扩展 | LRU touched
------------------------------------------------------------------
  0    |   域2      | 正常运行   |  是   |  660896822
  1    |   域3      | 正常运行   |  否   |  660899869
  2    |   域2      | 正常运行   |  是   |  660899990
  3    |   域0      | 正常运行   |  否   |  660899887
==================================================================

[动态重分配] 周期660900000：预约迁移 冗余域2(1%) -> 切片0 -> 饥饿域3(9%)
[切片剥夺] 周期660900000：切片0（所属域2）进入待剥夺状态，禁止新替换
[切片剥夺] 周期660900000：切片0在途请求已清空，开始执行脏行写回
有1切片写回中，跳过本次重分配
[切片管理] 周期661046560：原域2仅剩1个切片，关闭路扩展模式
[动态重分配] 周期661046560：切片0写回完成，自动绑定到域3
[切片管理] 成功绑定切片0 → 安全域3，触发【路扩展模式】

======================== 切片硬件状态 ========================
切片号 | 所属安全域 | 当前状态    | 路扩展 | LRU touched
------------------------------------------------------------------
  0    |   域3      | 正常运行   |  是   |  661046560
  1    |   域3      | 正常运行   |  是   |  661046400
  2    |   域2      | 正常运行   |  否   |  661046546
  3    |   域0      | 正常运行   |  否   |  661046455
==================================================================


======================== 切片硬件状态 ========================
切片号 | 所属安全域 | 当前状态    | 路扩展 | LRU touched
------------------------------------------------------------------
  0    |   域3      | 正常运行   |  是   |  662299995
  1    |   域3      | 正常运行   |  是   |  662296618
  2    |   域2      | 正常运行   |  否   |  662300000
  3    |   域0      | 正常运行   |  否   |  662299994
==================================================================

[动态重分配] 周期662300000：预约迁移 冗余域3(1%) -> 切片0 -> 饥饿域2(8%)
[切片剥夺] 周期662300000：切片0（所属域3）进入待剥夺状态，禁止新替换
[切片剥夺] 周期662300000：切片0在途请求已清空，开始执行脏行写回
[切片管理] 周期662321956：原域3仅剩1个切片，关闭路扩展模式
[动态重分配] 周期662321956：切片0写回完成，自动绑定到域2
[切片管理] 成功绑定切片0 → 安全域2，触发【路扩展模式】

======================== 切片硬件状态 ========================
切片号 | 所属安全域 | 当前状态    | 路扩展 | LRU touched
------------------------------------------------------------------
  0    |   域2      | 正常运行   |  是   |  662321956
  1    |   域3      | 正常运行   |  否   |  662321950
  2    |   域2      | 正常运行   |  是   |  662321956
  3    |   域0      | 正常运行   |  否   |  662321956
==================================================================


======================== 切片硬件状态 ========================
切片号 | 所属安全域 | 当前状态    | 路扩展 | LRU touched
------------------------------------------------------------------
  0    |   域2      | 正常运行   |  是   |  662699980
  1    |   域3      | 正常运行   |  否   |  662699980
  2    |   域2      | 正常运行   |  是   |  662699990
  3    |   域0      | 正常运行   |  否   |  662699964
==================================================================

[动态重分配] 周期662700000：预约迁移 冗余域2(1%) -> 切片2 -> 饥饿域0(8%)
[切片剥夺] 周期662700000：切片2（所属域2）进入待剥夺状态，禁止新替换
[切片剥夺] 周期662700180：切片2在途请求已清空，开始执行脏行写回
[切片管理] 周期662702452：原域2仅剩1个切片，关闭路扩展模式
[动态重分配] 周期662702452：切片2写回完成，自动绑定到域0
[切片管理] 成功绑定切片2 → 安全域0，触发【路扩展模式】

======================== 切片硬件状态 ========================
切片号 | 所属安全域 | 当前状态    | 路扩展 | LRU touched
------------------------------------------------------------------
  0    |   域2      | 正常运行   |  否   |  662702428
  1    |   域3      | 正常运行   |  否   |  662702266
  2    |   域0      | 正常运行   |  是   |  662702452
  3    |   域0      | 正常运行   |  是   |  662702439
==================================================================


======================== 切片硬件状态 ========================
切片号 | 所属安全域 | 当前状态    | 路扩展 | LRU touched
------------------------------------------------------------------
  0    |   域2      | 正常运行   |  否   |  662999996
  1    |   域3      | 正常运行   |  否   |  662999991
  2    |   域0      | 正常运行   |  是   |  662999989
  3    |   域0      | 正常运行   |  是   |  662999948
==================================================================

[动态重分配] 周期663000000：预约迁移 冗余域0(1%) -> 切片3 -> 饥饿域3(7%)
[切片剥夺] 周期663000000：切片3（所属域0）进入待剥夺状态，禁止新替换
[切片剥夺] 周期663000000：切片3在途请求已清空，开始执行脏行写回
[切片管理] 周期663000134：原域0仅剩1个切片，关闭路扩展模式
[动态重分配] 周期663000134：切片3写回完成，自动绑定到域3
[切片管理] 成功绑定切片3 → 安全域3，触发【路扩展模式】

======================== 切片硬件状态 ========================
切片号 | 所属安全域 | 当前状态    | 路扩展 | LRU touched
------------------------------------------------------------------
  0    |   域2      | 正常运行   |  否   |  663000032
  1    |   域3      | 正常运行   |  是   |  663000004
  2    |   域0      | 正常运行   |  否   |  663000030
  3    |   域3      | 正常运行   |  是   |  663000134
==================================================================


======================== 切片硬件状态 ========================
切片号 | 所属安全域 | 当前状态    | 路扩展 | LRU touched
------------------------------------------------------------------
  0    |   域2      | 正常运行   |  否   |  689100000
  1    |   域3      | 正常运行   |  是   |  689099994
  2    |   域0      | 正常运行   |  否   |  689099996
  3    |   域3      | 正常运行   |  是   |  689099998
==================================================================

[动态重分配] 周期689100000：预约迁移 冗余域3(2%) -> 切片1 -> 饥饿域0(8%)
[切片剥夺] 周期689100000：切片1（所属域3）进入待剥夺状态，禁止新替换
[切片剥夺] 周期689100000：切片1在途请求已清空，开始执行脏行写回
[切片管理] 周期689100293：原域3仅剩1个切片，关闭路扩展模式
[动态重分配] 周期689100293：切片1写回完成，自动绑定到域0
[切片管理] 成功绑定切片1 → 安全域0，触发【路扩展模式】

======================== 切片硬件状态 ========================
切片号 | 所属安全域 | 当前状态    | 路扩展 | LRU touched
------------------------------------------------------------------
  0    |   域2      | 正常运行   |  否   |  689100129
  1    |   域0      | 正常运行   |  是   |  689100293
  2    |   域0      | 正常运行   |  是   |  689100171
  3    |   域3      | 正常运行   |  否   |  689100152
==================================================================


**** Debug Statistics at 701000000 Cycles *****
Threads: 4		Fetch Width: 8
No of useful instructions fetched:	1615640831 (28.81% proc util.)
No of total instructions fetched:	1872543181 (33.39% proc util.)
 includes 1514266 misfetch (0.1%), 255388084 (13.6%) wrong-path fetches
 and 0 flushed after failed lock(0.0%)
No of useful instructions issued/executed:	1615640831 (28.81% proc util.)
No of total instructions issued/executed:	1739367639 (31.02% proc util.)
 includes 123726808 wrong-path (7.1%) insts and 0 flushed (0.0%)
	fp 70, 0.00%
	synch 0, 0.00%
	integer 1283729897, 73.80%
	load/store 455637672, 26.20%
Avg size of int IQ (before scheduling): 25.33
Avg size of fp IQ (before scheduling): 0.00
No of cycles taken:		701000000
Parallelism [ 0.791, 0.000, 0.758, 0.755,] = 2.305
 IQ conflicts: 13326461 (1.90%), FQ conflicts: 0 (0.00%) 
 I reg conflicts: 294513057 (42.01%), FP reg conflicts: 0 (0.00%)
  Activelist confs: 507 (0.00%), ROB confs: 21 (0.00%)
  Int unit conflicts: 932039470 (132.96%), FP unit conflicts: 0 (0.00%)
  Load/store unit conflicts: 41145927 (5.87%)
  MSHR conflicts: 298544623 (42.59%)
----------------------------------------
==== System-wide Cache Statistics ====
Stall for miss queue full 5648 cycles (0.00%)
----------------------------------------
==== Statistics for Master ID: 0 ====
Reads: 312672957   Writes: 45929590
ICACHE: size: 64 KB assoc: 2
ICACHE: hits:185179670 misses:2957077  Hit Ratio: 98.43%
DCACHE: size: 2*16 KB assoc: 2*4
DCACHE: hits:164985811 misses:5481393 writebacks:2208886  Hit Ratio: 96.78%
SCACHE: size: 512 KB assoc: 2
SCACHE: hits:6701686 misses:1735380  Hit Ratio: 79.43%
3CACHE: size: 4096 KB assoc: 2
3CACHE: hits:489433 misses:1245947  Hit Ratio: 28.20%
3CACHE: dirty items replaced:314369
ITLB: size: 48, misses 9, miss rate 0.00%
DTLB: size: 128, misses 64551, miss rate 0.04%
Avg mem delay: 3.129 cycles
----------------------------------------
==== Statistics for Master ID: 2 ====
Reads: 254539239   Writes: 39774166
ICACHE: size: 64 KB assoc: 2
ICACHE: hits:156077085 misses:2966536  Hit Ratio: 98.13%
DCACHE: size: 1*16 KB assoc: 1*4
DCACHE: hits:131022688 misses:4248548 writebacks:2273537  Hit Ratio: 96.86%
SCACHE: size: 512 KB assoc: 2
SCACHE: hits:3570248 misses:3643384  Hit Ratio: 49.49%
3CACHE: size: 4096 KB assoc: 2
3CACHE: hits:373748 misses:3269635  Hit Ratio: 10.26%
3CACHE: dirty items replaced:324954
ITLB: size: 48, misses 26, miss rate 0.00%
DTLB: size: 128, misses 170784, miss rate 0.13%
Avg mem delay: 3.129 cycles
----------------------------------------
==== Statistics for Master ID: 3 ====
Reads: 273980092   Writes: 43783120
ICACHE: size: 64 KB assoc: 2
ICACHE: hits:164742020 misses:3119932  Hit Ratio: 98.14%
DCACHE: size: 1*16 KB assoc: 1*4
DCACHE: hits:145071797 misses:4831915 writebacks:2304504  Hit Ratio: 96.78%
SCACHE: size: 512 KB assoc: 2
SCACHE: hits:4485765 misses:3463629  Hit Ratio: 56.43%
3CACHE: size: 4096 KB assoc: 2
3CACHE: hits:363707 misses:3099922  Hit Ratio: 10.50%
3CACHE: dirty items replaced:320700
ITLB: size: 48, misses 25, miss rate 0.00%
DTLB: size: 128, misses 158812, miss rate 0.11%
Avg mem delay: 3.129 cycles
----------------------------------------
==== Global Resource Utilization ====
STASH: size: 65536 entries, full 2190546008, empty 19000, misses 1506, full rate 100.00
icache bank util. 0.091 0.055 0.047 0.076 0.119 0.164 0.103 0.118 
dcache bank util. 0.065 0.089 0.105 0.081 0.131 0.063 0.134 0.072 
L2 bank util. 0.027 0.024 0.024 0.029 0.039 0.036 0.035 0.033 
L1-L2 bus util. = 0.130, L3 util. = 0.109
----------------------------------------

======================== 切片硬件状态 ========================
切片号 | 所属安全域 | 当前状态    | 路扩展 | LRU touched
------------------------------------------------------------------
  0    |   域2      | 正常运行   |  否   |  700999974
  1    |   域0      | 正常运行   |  是   |  700999871
  2    |   域0      | 正常运行   |  是   |  700999866
  3    |   域3      | 正常运行   |  否   |  700999949
==================================================================

branch prediction, hits = 98336599, misses = 9086106, hit rate = 91.54%
return_stack prediction, hits = 9527372, misses = 20, hit rate = 100.00%
jump prediction, hits = 129077892, misses = 426714, hit rate = 99.67%

======================== 切片硬件状态 ========================
切片号 | 所属安全域 | 当前状态    | 路扩展 | LRU touched
------------------------------------------------------------------
  0    |   域2      | 正常运行   |  否   |  712500000
  1    |   域0      | 正常运行   |  是   |  712500000
  2    |   域0      | 正常运行   |  是   |  712499998
  3    |   域3      | 正常运行   |  否   |  712499998
==================================================================

[动态重分配] 周期712500000：预约迁移 冗余域0(0%) -> 切片1 -> 饥饿域2(6%)
[切片剥夺] 周期712500000：切片1（所属域0）进入待剥夺状态，禁止新替换
[切片剥夺] 周期712500000：切片1在途请求已清空，开始执行脏行写回
[切片管理] 周期712506893：原域0仅剩1个切片，关闭路扩展模式
[动态重分配] 周期712506893：切片1写回完成，自动绑定到域2
[切片管理] 成功绑定切片1 → 安全域2，触发【路扩展模式】

======================== 切片硬件状态 ========================
切片号 | 所属安全域 | 当前状态    | 路扩展 | LRU touched
------------------------------------------------------------------
  0    |   域2      | 正常运行   |  是   |  712506887
  1    |   域2      | 正常运行   |  是   |  712506893
  2    |   域0      | 正常运行   |  否   |  712506893
  3    |   域3      | 正常运行   |  否   |  712506892
==================================================================


======================== 切片硬件状态 ========================
切片号 | 所属安全域 | 当前状态    | 路扩展 | LRU touched
------------------------------------------------------------------
  0    |   域2      | 正常运行   |  是   |  746600000
  1    |   域2      | 正常运行   |  是   |  746599999
  2    |   域0      | 正常运行   |  否   |  746599999
  3    |   域3      | 正常运行   |  否   |  746599994
==================================================================

[动态重分配] 周期746600000：预约迁移 冗余域2(0%) -> 切片0 -> 饥饿域0(6%)
[切片剥夺] 周期746600000：切片0（所属域2）进入待剥夺状态，禁止新替换
[切片剥夺] 周期746600000：切片0在途请求已清空，开始执行脏行写回
[切片管理] 周期746600386：原域2仅剩1个切片，关闭路扩展模式
[动态重分配] 周期746600386：切片0写回完成，自动绑定到域0
[切片管理] 成功绑定切片0 → 安全域0，触发【路扩展模式】

======================== 切片硬件状态 ========================
切片号 | 所属安全域 | 当前状态    | 路扩展 | LRU touched
------------------------------------------------------------------
  0    |   域0      | 正常运行   |  是   |  746600386
  1    |   域2      | 正常运行   |  否   |  746600381
  2    |   域0      | 正常运行   |  是   |  746600384
  3    |   域3      | 正常运行   |  否   |  746600382
==================================================================


======================== 切片硬件状态 ========================
切片号 | 所属安全域 | 当前状态    | 路扩展 | LRU touched
------------------------------------------------------------------
  0    |   域0      | 正常运行   |  是   |  759499999
  1    |   域2      | 正常运行   |  否   |  759500000
  2    |   域0      | 正常运行   |  是   |  759499992
  3    |   域3      | 正常运行   |  否   |  759499998
==================================================================

[动态重分配] 周期759500000：预约迁移 冗余域0(0%) -> 切片0 -> 饥饿域2(6%)
[切片剥夺] 周期759500000：切片0（所属域0）进入待剥夺状态，禁止新替换
[切片剥夺] 周期759500000：切片0在途请求已清空，开始执行脏行写回
[切片管理] 周期759504115：原域0仅剩1个切片，关闭路扩展模式
[动态重分配] 周期759504115：切片0写回完成，自动绑定到域2
[切片管理] 成功绑定切片0 → 安全域2，触发【路扩展模式】

======================== 切片硬件状态 ========================
切片号 | 所属安全域 | 当前状态    | 路扩展 | LRU touched
------------------------------------------------------------------
  0    |   域2      | 正常运行   |  是   |  759504115
  1    |   域2      | 正常运行   |  是   |  759504114
  2    |   域0      | 正常运行   |  否   |  759504112
  3    |   域3      | 正常运行   |  否   |  759504104
==================================================================


======================== 切片硬件状态 ========================
切片号 | 所属安全域 | 当前状态    | 路扩展 | LRU touched
------------------------------------------------------------------
  0    |   域2      | 正常运行   |  是   |  764299996
  1    |   域2      | 正常运行   |  是   |  764299048
  2    |   域0      | 正常运行   |  否   |  764299995
  3    |   域3      | 正常运行   |  否   |  764299989
==================================================================

[动态重分配] 周期764300000：预约迁移 冗余域2(1%) -> 切片0 -> 饥饿域3(8%)
[切片剥夺] 周期764300000：切片0（所属域2）进入待剥夺状态，禁止新替换
[切片剥夺] 周期764300004：切片0在途请求已清空，开始执行脏行写回
[切片管理] 周期764313084：原域2仅剩1个切片，关闭路扩展模式
[动态重分配] 周期764313084：切片0写回完成，自动绑定到域3
[切片管理] 成功绑定切片0 → 安全域3，触发【路扩展模式】

======================== 切片硬件状态 ========================
切片号 | 所属安全域 | 当前状态    | 路扩展 | LRU touched
------------------------------------------------------------------
  0    |   域3      | 正常运行   |  是   |  764313084
  1    |   域2      | 正常运行   |  否   |  764312990
  2    |   域0      | 正常运行   |  否   |  764313071
  3    |   域3      | 正常运行   |  是   |  764313078
==================================================================


======================== 切片硬件状态 ========================
切片号 | 所属安全域 | 当前状态    | 路扩展 | LRU touched
------------------------------------------------------------------
  0    |   域3      | 正常运行   |  是   |  774599997
  1    |   域2      | 正常运行   |  否   |  774599995
  2    |   域0      | 正常运行   |  否   |  774600000
  3    |   域3      | 正常运行   |  是   |  774599998
==================================================================

[动态重分配] 周期774600000：预约迁移 冗余域3(2%) -> 切片3 -> 饥饿域0(8%)
[切片剥夺] 周期774600000：切片3（所属域3）进入待剥夺状态，禁止新替换
[切片剥夺] 周期774600000：切片3在途请求已清空，开始执行脏行写回
[切片管理] 周期774600731：原域3仅剩1个切片，关闭路扩展模式
[动态重分配] 周期774600731：切片3写回完成，自动绑定到域0
[切片管理] 成功绑定切片3 → 安全域0，触发【路扩展模式】

======================== 切片硬件状态 ========================
切片号 | 所属安全域 | 当前状态    | 路扩展 | LRU touched
------------------------------------------------------------------
  0    |   域3      | 正常运行   |  否   |  774600729
  1    |   域2      | 正常运行   |  否   |  774600725
  2    |   域0      | 正常运行   |  是   |  774600731
  3    |   域0      | 正常运行   |  是   |  774600731
==================================================================


======================== 切片硬件状态 ========================
切片号 | 所属安全域 | 当前状态    | 路扩展 | LRU touched
------------------------------------------------------------------
  0    |   域3      | 正常运行   |  否   |  775399900
  1    |   域2      | 正常运行   |  否   |  775399997
  2    |   域0      | 正常运行   |  是   |  775291663
  3    |   域0      | 正常运行   |  是   |  775399996
==================================================================

[动态重分配] 周期775400000：预约迁移 冗余域0(1%) -> 切片3 -> 饥饿域3(9%)
[切片剥夺] 周期775400000：切片3（所属域0）进入待剥夺状态，禁止新替换
[切片剥夺] 周期775400000：切片3在途请求已清空，开始执行脏行写回
有1切片写回中，跳过本次重分配
[切片管理] 周期775518231：原域0仅剩1个切片，关闭路扩展模式
[动态重分配] 周期775518231：切片3写回完成，自动绑定到域3
[切片管理] 成功绑定切片3 → 安全域3，触发【路扩展模式】

======================== 切片硬件状态 ========================
切片号 | 所属安全域 | 当前状态    | 路扩展 | LRU touched
------------------------------------------------------------------
  0    |   域3      | 正常运行   |  是   |  775518110
  1    |   域2      | 正常运行   |  否   |  775518217
  2    |   域0      | 正常运行   |  否   |  775518086
  3    |   域3      | 正常运行   |  是   |  775518231
==================================================================


======================== 切片硬件状态 ========================
切片号 | 所属安全域 | 当前状态    | 路扩展 | LRU touched
------------------------------------------------------------------
  0    |   域3      | 正常运行   |  是   |  775899981
  1    |   域2      | 正常运行   |  否   |  775899983
  2    |   域0      | 正常运行   |  否   |  775899984
  3    |   域3      | 正常运行   |  是   |  775840103
==================================================================

[动态重分配] 周期775900000：预约迁移 冗余域3(1%) -> 切片0 -> 饥饿域0(7%)
[切片剥夺] 周期775900000：切片0（所属域3）进入待剥夺状态，禁止新替换
[切片剥夺] 周期775900000：切片0在途请求已清空，开始执行脏行写回
[切片管理] 周期775919213：原域3仅剩1个切片，关闭路扩展模式
[动态重分配] 周期775919213：切片0写回完成，自动绑定到域0
[切片管理] 成功绑定切片0 → 安全域0，触发【路扩展模式】

======================== 切片硬件状态 ========================
切片号 | 所属安全域 | 当前状态    | 路扩展 | LRU touched
------------------------------------------------------------------
  0    |   域0      | 正常运行   |  是   |  775919213
  1    |   域2      | 正常运行   |  否   |  775919211
  2    |   域0      | 正常运行   |  是   |  775919212
  3    |   域3      | 正常运行   |  否   |  775919207
==================================================================


**** Debug Statistics at 801000000 Cycles *****
Threads: 4		Fetch Width: 8
No of useful instructions fetched:	1919888618 (29.96% proc util.)
No of total instructions fetched:	2231599341 (34.83% proc util.)
 includes 1882410 misfetch (0.1%), 309828313 (13.9%) wrong-path fetches
 and 0 flushed after failed lock(0.0%)
No of useful instructions issued/executed:	1919888555 (29.96% proc util.)
No of total instructions issued/executed:	2069525254 (32.30% proc util.)
 includes 149636699 wrong-path (7.2%) insts and 0 flushed (0.0%)
	fp 70, 0.00%
	synch 0, 0.00%
	integer 1527926547, 73.83%
	load/store 541598637, 26.17%
Avg size of int IQ (before scheduling): 25.85
Avg size of fp IQ (before scheduling): 0.00
No of cycles taken:		801000000
Parallelism [ 0.820, 0.000, 0.790, 0.786,] = 2.397
 IQ conflicts: 16004573 (2.00%), FQ conflicts: 0 (0.00%) 
 I reg conflicts: 317962321 (39.70%), FP reg conflicts: 0 (0.00%)
  Activelist confs: 511 (0.00%), ROB confs: 21 (0.00%)
  Int unit conflicts: 1130123377 (141.09%), FP unit conflicts: 0 (0.00%)
  Load/store unit conflicts: 49299857 (6.15%)
  MSHR conflicts: 310282443 (38.74%)
----------------------------------------
==== System-wide Cache Statistics ====
Stall for miss queue full 7430 cycles (0.00%)
----------------------------------------
==== Statistics for Master ID: 0 ====
Reads: 370971335   Writes: 54630480
ICACHE: size: 64 KB assoc: 2
ICACHE: hits:219585428 misses:3561178  Hit Ratio: 98.40%
DCACHE: size: 2*16 KB assoc: 2*4
DCACHE: hits:196015009 misses:6442125 writebacks:2599234  Hit Ratio: 96.82%
SCACHE: size: 512 KB assoc: 2
SCACHE: hits:7995167 misses:2006210  Hit Ratio: 79.94%
3CACHE: size: 4096 KB assoc: 2
3CACHE: hits:541554 misses:1464656  Hit Ratio: 26.99%
3CACHE: dirty items replaced:383329
ITLB: size: 48, misses 9, miss rate 0.00%
DTLB: size: 128, misses 74948, miss rate 0.04%
Avg mem delay: 2.860 cycles
----------------------------------------
==== Statistics for Master ID: 2 ====
Reads: 304580552   Writes: 46917480
ICACHE: size: 64 KB assoc: 2
ICACHE: hits:186654269 misses:3580409  Hit Ratio: 98.12%
DCACHE: size: 1*16 KB assoc: 1*4
DCACHE: hits:156568773 misses:4696394 writebacks:2514022  Hit Ratio: 97.09%
SCACHE: size: 512 KB assoc: 2
SCACHE: hits:4324550 misses:3950440  Hit Ratio: 52.26%
3CACHE: size: 4096 KB assoc: 2
3CACHE: hits:453898 misses:3496542  Hit Ratio: 11.49%
3CACHE: dirty items replaced:392681
ITLB: size: 48, misses 26, miss rate 0.00%
DTLB: size: 128, misses 187341, miss rate 0.12%
Avg mem delay: 2.860 cycles
----------------------------------------
==== Statistics for Master ID: 3 ====
Reads: 326727888   Writes: 51452320
ICACHE: size: 64 KB assoc: 2
ICACHE: hits:196543267 misses:3757849  Hit Ratio: 98.12%
DCACHE: size: 1*16 KB assoc: 1*4
DCACHE: hits:172396796 misses:5485106 writebacks:2576879  Hit Ratio: 96.92%
SCACHE: size: 512 KB assoc: 2
SCACHE: hits:5481789 misses:3758355  Hit Ratio: 59.33%
3CACHE: size: 4096 KB assoc: 2
3CACHE: hits:435322 misses:3323033  Hit Ratio: 11.58%
3CACHE: dirty items replaced:389802
ITLB: size: 48, misses 25, miss rate 0.00%
DTLB: size: 128, misses 173118, miss rate 0.10%
Avg mem delay: 2.860 cycles
----------------------------------------
==== Global Resource Utilization ====
STASH: size: 65536 entries, full 2593348226, empty 19012, misses 1507, full rate 100.00
icache bank util. 0.095 0.058 0.050 0.080 0.124 0.168 0.108 0.123 
dcache bank util. 0.067 0.092 0.109 0.084 0.137 0.065 0.139 0.073 
L2 bank util. 0.028 0.024 0.024 0.029 0.039 0.036 0.036 0.032 
L1-L2 bus util. = 0.132, L3 util. = 0.103
----------------------------------------

======================== 切片硬件状态 ========================
切片号 | 所属安全域 | 当前状态    | 路扩展 | LRU touched
------------------------------------------------------------------
  0    |   域0      | 正常运行   |  是   |  800999997
  1    |   域2      | 正常运行   |  否   |  800999999
  2    |   域0      | 正常运行   |  是   |  800999997
  3    |   域3      | 正常运行   |  否   |  800999998
==================================================================

branch prediction, hits = 114888937, misses = 10953152, hit rate = 91.30%
return_stack prediction, hits = 11451395, misses = 20, hit rate = 100.00%
jump prediction, hits = 151765290, misses = 529783, hit rate = 99.65%

======================== 切片硬件状态 ========================
切片号 | 所属安全域 | 当前状态    | 路扩展 | LRU touched
------------------------------------------------------------------
  0    |   域0      | 正常运行   |  是   |  818099982
  1    |   域2      | 正常运行   |  否   |  818100000
  2    |   域0      | 正常运行   |  是   |  818100000
  3    |   域3      | 正常运行   |  否   |  818099999
==================================================================

[动态重分配] 周期818100000：预约迁移 冗余域0(0%) -> 切片0 -> 饥饿域3(7%)
[切片剥夺] 周期818100000：切片0（所属域0）进入待剥夺状态，禁止新替换
[切片剥夺] 周期818100000：切片0在途请求已清空，开始执行脏行写回
[切片管理] 周期818107989：原域0仅剩1个切片，关闭路扩展模式
[动态重分配] 周期818107989：切片0写回完成，自动绑定到域3
[切片管理] 成功绑定切片0 → 安全域3，触发【路扩展模式】

======================== 切片硬件状态 ========================
切片号 | 所属安全域 | 当前状态    | 路扩展 | LRU touched
------------------------------------------------------------------
  0    |   域3      | 正常运行   |  是   |  818107989
  1    |   域2      | 正常运行   |  否   |  818107987
  2    |   域0      | 正常运行   |  否   |  818107988
  3    |   域3      | 正常运行   |  是   |  818107988
==================================================================


**** Early Exiting at 825354781 Cycles *****
========================================
 SMTSIM Global Statistics
========================================
Threads: 4		Fetch Width: 8
No of useful instructions fetched:	2000000074 (30.29% proc util.)
No of total instructions fetched:	2326128460 (35.23% proc util.)
 includes 1965100 misfetch (0.1%), 324163286 (13.9%) wrong-path fetches
 and 0 flushed after failed lock(0.0%)
No of useful instructions issued/executed:	2000000034 (30.29% proc util.)
No of total instructions issued/executed:	2156485315 (32.66% proc util.)
 includes 156485281 wrong-path (7.3%) insts and 0 flushed (0.0%)
	fp 70, 0.00%
	synch 0, 0.00%
	integer 1592194366, 73.83%
	load/store 564290879, 26.17%
Avg size of int IQ (before scheduling): 26.00
Avg size of fp IQ (before scheduling): 0.00
No of cycles taken:		825354781
Parallelism [ 0.829, 0.000, 0.800, 0.795,] = 2.423
 IQ conflicts: 16695862 (2.02%), FQ conflicts: 0 (0.00%) 
 I reg conflicts: 323714129 (39.22%), FP reg conflicts: 0 (0.00%)
  Activelist confs: 601 (0.00%), ROB confs: 21 (0.00%)
  Int unit conflicts: 1182015865 (143.21%), FP unit conflicts: 0 (0.00%)
  Load/store unit conflicts: 51384349 (6.23%)
  MSHR conflicts: 313164962 (37.94%)
----------------------------------------
==== System-wide Cache Statistics ====
Stall for miss queue full 7498 cycles (0.00%)
----------------------------------------
==== Statistics for Master ID: 0 ====
Reads: 386337580   Writes: 56773066
ICACHE: size: 64 KB assoc: 2
ICACHE: hits:228696487 misses:3726151  Hit Ratio: 98.40%
DCACHE: size: 1*16 KB assoc: 1*4
DCACHE: hits:203977900 misses:6712152 writebacks:2710141  Hit Ratio: 96.81%
SCACHE: size: 512 KB assoc: 2
SCACHE: hits:8372694 misses:2063565  Hit Ratio: 80.23%
3CACHE: size: 4096 KB assoc: 2
3CACHE: hits:554650 misses:1508915  Hit Ratio: 26.88%
3CACHE: dirty items replaced:397978
ITLB: size: 48, misses 9, miss rate 0.00%
DTLB: size: 128, misses 77405, miss rate 0.04%
Avg mem delay: 2.800 cycles
----------------------------------------
==== Statistics for Master ID: 2 ====
Reads: 318102018   Writes: 48913943
ICACHE: size: 64 KB assoc: 2
ICACHE: hits:194893056 misses:3748560  Hit Ratio: 98.11%
DCACHE: size: 1*16 KB assoc: 1*4
DCACHE: hits:163557456 misses:4818702 writebacks:2577216  Hit Ratio: 97.14%
SCACHE: size: 512 KB assoc: 2
SCACHE: hits:4547839 misses:4017609  Hit Ratio: 53.10%
3CACHE: size: 4096 KB assoc: 2
3CACHE: hits:473042 misses:3544566  Hit Ratio: 11.77%
3CACHE: dirty items replaced:407244
ITLB: size: 48, misses 26, miss rate 0.00%
DTLB: size: 128, misses 191349, miss rate 0.11%
Avg mem delay: 2.800 cycles
----------------------------------------
==== Statistics for Master ID: 3 ====
Reads: 340665691   Writes: 53459822
ICACHE: size: 64 KB assoc: 2
ICACHE: hits:204960946 misses:3937029  Hit Ratio: 98.12%
DCACHE: size: 2*16 KB assoc: 2*4
DCACHE: hits:179584750 misses:5645598 writebacks:2644340  Hit Ratio: 96.95%
SCACHE: size: 512 KB assoc: 2
SCACHE: hits:5757890 misses:3821926  Hit Ratio: 60.10%
3CACHE: size: 4096 KB assoc: 2
3CACHE: hits:452105 misses:3369821  Hit Ratio: 11.83%
3CACHE: dirty items replaced:404273
ITLB: size: 48, misses 25, miss rate 0.00%
DTLB: size: 128, misses 176607, miss rate 0.10%
Avg mem delay: 2.800 cycles
----------------------------------------
==== Global Resource Utilization ====
STASH: size: 65536 entries, full 2699551452, empty 19012, misses 1507, full rate 100.00
icache bank util. 0.097 0.059 0.051 0.081 0.126 0.169 0.110 0.125 
dcache bank util. 0.068 0.093 0.110 0.085 0.139 0.066 0.141 0.074 
L2 bank util. 0.028 0.024 0.025 0.029 0.040 0.036 0.036 0.032 
L1-L2 bus util. = 0.133, L3 util. = 0.102
----------------------------------------

======================== 切片硬件状态 ========================
切片号 | 所属安全域 | 当前状态    | 路扩展 | LRU touched
------------------------------------------------------------------
  0    |   域3      | 正常运行   |  是   |  825354778
  1    |   域2      | 正常运行   |  否   |  825354780
  2    |   域0      | 正常运行   |  否   |  825354729
  3    |   域3      | 正常运行   |  是   |  825354779
==================================================================

branch prediction, hits = 119250880, misses = 11470694, hit rate = 91.23%
return_stack prediction, hits = 11967466, misses = 20, hit rate = 100.00%
jump prediction, hits = 157765706, misses = 554968, hit rate = 99.65%
total IPC 2.423

=== Results saved to: ./results/gzip-graphic_2_gzip-log_1_gzip-source_1.txt ===
