测试组合（多线程优先）：crafty.arg2 + gzip-log.arg + gzip-program.arg
执行命令：./smtsim crafty.arg2 gzip-log.arg gzip-program.arg
==================================================

动态重分配参数：每10万周期检查，阈值5
Process 0, Thread 0: crafty
Process 0, Thread 1: crafty
Process 2, Thread 2: gzip-log
Process 3, Thread 3: gzip-program
[切片调度] 新安全域0无任何切片，尝试分配空闲切片
[切片管理] 成功绑定切片0 → 安全域0

======================== 切片硬件状态 ========================
切片号 | 所属安全域 | 当前状态    | 路扩展 | LRU touched
------------------------------------------------------------------
  0    |   域0      | 正常运行   |  否   |  0
  1    |   域-1     | 切片空闲   |  否   |  0
  2    |   域-1     | 切片空闲   |  否   |  0
  3    |   域-1     | 切片空闲   |  否   |  0
==================================================================

[切片管理] 成功绑定切片1 → 安全域0，触发【路扩展模式】

======================== 切片硬件状态 ========================
切片号 | 所属安全域 | 当前状态    | 路扩展 | LRU touched
------------------------------------------------------------------
  0    |   域0      | 正常运行   |  是   |  0
  1    |   域0      | 正常运行   |  是   |  0
  2    |   域-1     | 切片空闲   |  否   |  0
  3    |   域-1     | 切片空闲   |  否   |  0
==================================================================

[切片调度] 新安全域2无任何切片，尝试分配空闲切片
[切片管理] 成功绑定切片2 → 安全域2

======================== 切片硬件状态 ========================
切片号 | 所属安全域 | 当前状态    | 路扩展 | LRU touched
------------------------------------------------------------------
  0    |   域0      | 正常运行   |  是   |  319
  1    |   域0      | 正常运行   |  是   |  0
  2    |   域2      | 正常运行   |  否   |  0
  3    |   域-1     | 切片空闲   |  否   |  0
==================================================================

[切片管理] 成功绑定切片3 → 安全域2，触发【路扩展模式】

======================== 切片硬件状态 ========================
切片号 | 所属安全域 | 当前状态    | 路扩展 | LRU touched
------------------------------------------------------------------
  0    |   域0      | 正常运行   |  是   |  319
  1    |   域0      | 正常运行   |  是   |  0
  2    |   域2      | 正常运行   |  是   |  0
  3    |   域2      | 正常运行   |  是   |  0
==================================================================

[切片调度] 新安全域3无任何切片，尝试分配空闲切片
[切片调度] 新安全域3未找到空闲切片，尝试剥夺切片
[切片替换] 优先从【路扩展切片】中选择LRU替换目标...
[切片替换] 找到路扩展切片作为受害者：切片1（最后访问：0）
[切片调度] 安全域3触发切片剥夺：从域0剥夺切片1
[切片剥夺] 周期751：切片1（所属域0）进入待剥夺状态，禁止新替换
[切片剥夺] 周期751：切片1在途请求已清空，开始执行脏行写回
[切片剥夺] 周期751：切片1无脏行，直接完成剥夺
[切片管理] 周期751：原域0仅剩1个切片，关闭路扩展模式
[动态重分配] 周期751：切片1写回完成，自动绑定到域3
[切片管理] 成功绑定切片1 → 安全域3

======================== 切片硬件状态 ========================
切片号 | 所属安全域 | 当前状态    | 路扩展 | LRU touched
------------------------------------------------------------------
  0    |   域0      | 正常运行   |  否   |  652
  1    |   域3      | 正常运行   |  否   |  751
  2    |   域2      | 正常运行   |  是   |  751
  3    |   域2      | 正常运行   |  是   |  0
==================================================================

[切片唤醒] 周期751：域3切片就绪，唤醒等待指令

**** Debug Statistics at 1000000 Cycles *****
Threads: 4		Fetch Width: 8
No of useful instructions fetched:	329532 (4.12% proc util.)
No of total instructions fetched:	379172 (4.74% proc util.)
 includes 16513 misfetch (4.4%), 33127 (8.7%) wrong-path fetches
 and 0 flushed after failed lock(0.0%)
No of useful instructions issued/executed:	329488 (4.12% proc util.)
No of total instructions issued/executed:	344509 (4.31% proc util.)
 includes 15021 wrong-path (4.4%) insts and 0 flushed (0.0%)
	fp 34, 0.01%
	synch 0, 0.00%
	integer 204449, 59.35%
	load/store 140026, 40.65%
Avg size of int IQ (before scheduling): 45.97
Avg size of fp IQ (before scheduling): 0.00
No of cycles taken:		1000000
Parallelism [ 0.160, 0.000, 0.086, 0.084,] = 0.330
 IQ conflicts: 9808 (0.98%), FQ conflicts: 0 (0.00%) 
 I reg conflicts: 893889 (89.39%), FP reg conflicts: 0 (0.00%)
  Activelist confs: 0 (0.00%), ROB confs: 682 (0.07%)
  Int unit conflicts: 3734 (0.37%), FP unit conflicts: 0 (0.00%)
  Load/store unit conflicts: 65849 (6.58%)
  MSHR conflicts: 5836934 (583.69%)
----------------------------------------
==== System-wide Cache Statistics ====
Stall for miss queue full 0 cycles (0.00%)
----------------------------------------
==== Statistics for Master ID: 0 ====
Reads: 90965   Writes: 13290
ICACHE: size: 64 KB assoc: 2
ICACHE: hits:44933 misses:903  Hit Ratio: 98.03%
DCACHE: size: 1*16 KB assoc: 1*4
DCACHE: hits:56311 misses:2108 writebacks:155  Hit Ratio: 96.39%
SCACHE: size: 512 KB assoc: 2
SCACHE: hits:1597 misses:1414  Hit Ratio: 53.04%
3CACHE: size: 4096 KB assoc: 2
3CACHE: hits:43 misses:1371  Hit Ratio: 3.04%
3CACHE: dirty items replaced:0
ITLB: size: 48, misses 30, miss rate 0.07%
DTLB: size: 128, misses 926, miss rate 1.59%
Avg mem delay: 110.143 cycles
----------------------------------------
==== Statistics for Master ID: 2 ====
Reads: 59039   Writes: 14137
ICACHE: size: 64 KB assoc: 2
ICACHE: hits:31501 misses:280  Hit Ratio: 99.12%
DCACHE: size: 2*16 KB assoc: 2*4
DCACHE: hits:28024 misses:13371 writebacks:13198  Hit Ratio: 67.70%
SCACHE: size: 512 KB assoc: 2
SCACHE: hits:45 misses:13604  Hit Ratio: 0.33%
3CACHE: size: 4096 KB assoc: 2
3CACHE: hits:3 misses:13601  Hit Ratio: 0.02%
3CACHE: dirty items replaced:0
ITLB: size: 48, misses 18, miss rate 0.06%
DTLB: size: 128, misses 3327, miss rate 8.04%
Avg mem delay: 110.143 cycles
----------------------------------------
==== Statistics for Master ID: 3 ====
Reads: 57210   Writes: 13781
ICACHE: size: 64 KB assoc: 2
ICACHE: hits:30505 misses:282  Hit Ratio: 99.08%
DCACHE: size: 1*16 KB assoc: 1*4
DCACHE: hits:27144 misses:13059 writebacks:12905  Hit Ratio: 67.52%
SCACHE: size: 512 KB assoc: 2
SCACHE: hits:47 misses:13294  Hit Ratio: 0.35%
3CACHE: size: 4096 KB assoc: 2
3CACHE: hits:11 misses:13283  Hit Ratio: 0.08%
3CACHE: dirty items replaced:0
ITLB: size: 48, misses 18, miss rate 0.06%
DTLB: size: 128, misses 3247, miss rate 8.08%
Avg mem delay: 110.143 cycles
----------------------------------------
==== Global Resource Utilization ====
STASH: size: 65536 entries, full 91868842, empty 7697997, misses 857821, full rate 91.48
icache bank util. 0.023 0.007 0.007 0.007 0.008 0.006 0.018 0.037 
dcache bank util. 0.006 0.009 0.037 0.004 0.011 0.010 0.218 0.009 
L2 bank util. 0.003 0.005 0.003 0.003 0.003 0.003 0.317 0.004 
L1-L2 bus util. = 0.169, L3 util. = 0.282
----------------------------------------

======================== 切片硬件状态 ========================
切片号 | 所属安全域 | 当前状态    | 路扩展 | LRU touched
------------------------------------------------------------------
  0    |   域0      | 正常运行   |  否   |  999992
  1    |   域3      | 正常运行   |  否   |  999992
  2    |   域2      | 正常运行   |  是   |  999991
  3    |   域2      | 正常运行   |  是   |  999994
==================================================================

branch prediction, hits = 18716, misses = 1945, hit rate = 90.59%
return_stack prediction, hits = 2674, misses = 18, hit rate = 99.33%
jump prediction, hits = 20731, misses = 3003, hit rate = 87.35%

**** Debug Statistics at 101000000 Cycles *****
Threads: 4		Fetch Width: 8
No of useful instructions fetched:	81447320 (10.08% proc util.)
No of total instructions fetched:	89237596 (11.04% proc util.)
 includes 2300320 misfetch (2.6%), 5489956 (6.2%) wrong-path fetches
 and 0 flushed after failed lock(0.0%)
No of useful instructions issued/executed:	81447302 (10.08% proc util.)
No of total instructions issued/executed:	83776885 (10.37% proc util.)
 includes 2329583 wrong-path (2.8%) insts and 0 flushed (0.0%)
	fp 71, 0.00%
	synch 0, 0.00%
	integer 57263077, 68.35%
	load/store 26513737, 31.65%
Avg size of int IQ (before scheduling): 21.09
Avg size of fp IQ (before scheduling): 0.00
No of cycles taken:		101000000
Parallelism [ 0.344, 0.000, 0.240, 0.222,] = 0.806
 IQ conflicts: 116398 (0.12%), FQ conflicts: 0 (0.00%) 
 I reg conflicts: 87250514 (86.39%), FP reg conflicts: 0 (0.00%)
  Activelist confs: 0 (0.00%), ROB confs: 682 (0.00%)
  Int unit conflicts: 6040447 (5.98%), FP unit conflicts: 0 (0.00%)
  Load/store unit conflicts: 2670824 (2.64%)
  MSHR conflicts: 140184508 (138.80%)
----------------------------------------
==== System-wide Cache Statistics ====
Stall for miss queue full 0 cycles (0.00%)
----------------------------------------
==== Statistics for Master ID: 0 ====
Reads: 21150280   Writes: 2760651
ICACHE: size: 64 KB assoc: 2
ICACHE: hits:11383713 misses:66152  Hit Ratio: 99.42%
DCACHE: size: 1*16 KB assoc: 1*4
DCACHE: hits:11981160 misses:479906 writebacks:55607  Hit Ratio: 96.15%
SCACHE: size: 512 KB assoc: 2
SCACHE: hits:425144 misses:120914  Hit Ratio: 77.86%
3CACHE: size: 4096 KB assoc: 2
3CACHE: hits:75494 misses:45420  Hit Ratio: 62.44%
3CACHE: dirty items replaced:1130
ITLB: size: 48, misses 73, miss rate 0.00%
DTLB: size: 128, misses 52966, miss rate 0.43%
Avg mem delay: 20.708 cycles
----------------------------------------
==== Statistics for Master ID: 2 ====
Reads: 10971410   Writes: 3756246
ICACHE: size: 64 KB assoc: 2
ICACHE: hits:7024088 misses:6117  Hit Ratio: 99.91%
DCACHE: size: 2*16 KB assoc: 2*4
DCACHE: hits:6620275 misses:1077176 writebacks:630512  Hit Ratio: 86.01%
SCACHE: size: 512 KB assoc: 2
SCACHE: hits:2744 misses:1080549  Hit Ratio: 0.25%
3CACHE: size: 4096 KB assoc: 2
3CACHE: hits:415 misses:1080134  Hit Ratio: 0.04%
3CACHE: dirty items replaced:4011
ITLB: size: 48, misses 30, miss rate 0.00%
DTLB: size: 128, misses 60115, miss rate 0.78%
Avg mem delay: 20.708 cycles
----------------------------------------
==== Statistics for Master ID: 3 ====
Reads: 10267597   Writes: 3084851
ICACHE: size: 64 KB assoc: 2
ICACHE: hits:6991743 misses:6291  Hit Ratio: 99.91%
DCACHE: size: 1*16 KB assoc: 1*4
DCACHE: hits:5445071 misses:909342 writebacks:546730  Hit Ratio: 85.69%
SCACHE: size: 512 KB assoc: 2
SCACHE: hits:2905 misses:912728  Hit Ratio: 0.32%
3CACHE: size: 4096 KB assoc: 2
3CACHE: hits:463 misses:912265  Hit Ratio: 0.05%
3CACHE: dirty items replaced:4017
ITLB: size: 48, misses 33, miss rate 0.00%
DTLB: size: 128, misses 57483, miss rate 0.90%
Avg mem delay: 20.708 cycles
----------------------------------------
==== Global Resource Utilization ====
STASH: size: 65536 entries, full 184450102, empty 12273766, misses 1308023, full rate 93.14
icache bank util. 0.030 0.015 0.014 0.015 0.017 0.080 0.029 0.054 
dcache bank util. 0.037 0.043 0.046 0.033 0.048 0.049 0.053 0.063 
L2 bank util. 0.024 0.027 0.026 0.023 0.025 0.026 0.039 0.056 
L1-L2 bus util. = 0.112, L3 util. = 0.202
----------------------------------------

======================== 切片硬件状态 ========================
切片号 | 所属安全域 | 当前状态    | 路扩展 | LRU touched
------------------------------------------------------------------
  0    |   域0      | 正常运行   |  否   |  100999978
  1    |   域3      | 正常运行   |  否   |  100999980
  2    |   域2      | 正常运行   |  是   |  100999987
  3    |   域2      | 正常运行   |  是   |  100999849
==================================================================

branch prediction, hits = 9160487, misses = 354422, hit rate = 96.28%
return_stack prediction, hits = 595597, misses = 85, hit rate = 99.99%
jump prediction, hits = 9090293, misses = 565639, hit rate = 94.14%

======================== 切片硬件状态 ========================
切片号 | 所属安全域 | 当前状态    | 路扩展 | LRU touched
------------------------------------------------------------------
  0    |   域0      | 正常运行   |  否   |  198499999
  1    |   域3      | 正常运行   |  否   |  198499989
  2    |   域2      | 正常运行   |  是   |  198498031
  3    |   域2      | 正常运行   |  是   |  198499998
==================================================================

[动态重分配] 周期198500000：预约迁移 冗余域2(6%) -> 切片3 -> 饥饿域3(12%)
[切片剥夺] 周期198500000：切片3（所属域2）进入待剥夺状态，禁止新替换
[切片剥夺] 周期198500000：切片3在途请求已清空，开始执行脏行写回
[切片管理] 周期198500116：原域2仅剩1个切片，关闭路扩展模式
[动态重分配] 周期198500116：切片3写回完成，自动绑定到域3
[切片管理] 成功绑定切片3 → 安全域3，触发【路扩展模式】

======================== 切片硬件状态 ========================
切片号 | 所属安全域 | 当前状态    | 路扩展 | LRU touched
------------------------------------------------------------------
  0    |   域0      | 正常运行   |  否   |  198500110
  1    |   域3      | 正常运行   |  是   |  198500004
  2    |   域2      | 正常运行   |  否   |  198500106
  3    |   域3      | 正常运行   |  是   |  198500116
==================================================================


**** Debug Statistics at 201000000 Cycles *****
Threads: 4		Fetch Width: 8
No of useful instructions fetched:	164415427 (10.22% proc util.)
No of total instructions fetched:	179197123 (11.14% proc util.)
 includes 4193196 misfetch (2.3%), 10588500 (5.9%) wrong-path fetches
 and 0 flushed after failed lock(0.0%)
No of useful instructions issued/executed:	164415397 (10.22% proc util.)
No of total instructions issued/executed:	168787981 (10.50% proc util.)
 includes 4372584 wrong-path (2.6%) insts and 0 flushed (0.0%)
	fp 71, 0.00%
	synch 0, 0.00%
	integer 114165483, 67.64%
	load/store 54622427, 32.36%
Avg size of int IQ (before scheduling): 18.57
Avg size of fp IQ (before scheduling): 0.00
No of cycles taken:		201000000
Parallelism [ 0.334, 0.000, 0.247, 0.237,] = 0.818
 IQ conflicts: 118583 (0.06%), FQ conflicts: 0 (0.00%) 
 I reg conflicts: 174259128 (86.70%), FP reg conflicts: 0 (0.00%)
  Activelist confs: 0 (0.00%), ROB confs: 682 (0.00%)
  Int unit conflicts: 11522491 (5.73%), FP unit conflicts: 0 (0.00%)
  Load/store unit conflicts: 5333326 (2.65%)
  MSHR conflicts: 326385918 (162.38%)
----------------------------------------
==== System-wide Cache Statistics ====
Stall for miss queue full 0 cycles (0.00%)
----------------------------------------
==== Statistics for Master ID: 0 ====
Reads: 41686652   Writes: 5333010
ICACHE: size: 64 KB assoc: 2
ICACHE: hits:22960819 misses:134017  Hit Ratio: 99.42%
DCACHE: size: 1*16 KB assoc: 1*4
DCACHE: hits:23000560 misses:924266 writebacks:105072  Hit Ratio: 96.14%
SCACHE: size: 512 KB assoc: 2
SCACHE: hits:810470 misses:247813  Hit Ratio: 76.58%
3CACHE: size: 4096 KB assoc: 2
3CACHE: hits:161340 misses:86473  Hit Ratio: 65.11%
3CACHE: dirty items replaced:2775
ITLB: size: 48, misses 78, miss rate 0.00%
DTLB: size: 128, misses 94798, miss rate 0.40%
Avg mem delay: 17.734 cycles
----------------------------------------
==== Statistics for Master ID: 2 ====
Reads: 21546548   Writes: 7633825
ICACHE: size: 64 KB assoc: 2
ICACHE: hits:13259763 misses:7859  Hit Ratio: 99.94%
DCACHE: size: 1*16 KB assoc: 1*4
DCACHE: hits:13824494 misses:2088290 writebacks:1106419  Hit Ratio: 86.88%
SCACHE: size: 512 KB assoc: 2
SCACHE: hits:9083 misses:2087033  Hit Ratio: 0.43%
3CACHE: size: 4096 KB assoc: 2
3CACHE: hits:3583 misses:2083450  Hit Ratio: 0.17%
3CACHE: dirty items replaced:15552
ITLB: size: 48, misses 49, miss rate 0.00%
DTLB: size: 128, misses 90573, miss rate 0.57%
Avg mem delay: 17.734 cycles
----------------------------------------
==== Statistics for Master ID: 3 ====
Reads: 20742010   Writes: 7299328
ICACHE: size: 64 KB assoc: 2
ICACHE: hits:13250456 misses:7277  Hit Ratio: 99.95%
DCACHE: size: 2*16 KB assoc: 2*4
DCACHE: hits:12820617 misses:1962987 writebacks:1073421  Hit Ratio: 86.72%
SCACHE: size: 512 KB assoc: 2
SCACHE: hits:3134 misses:1967129  Hit Ratio: 0.16%
3CACHE: size: 4096 KB assoc: 2
3CACHE: hits:526 misses:1966603  Hit Ratio: 0.03%
3CACHE: dirty items replaced:16406
ITLB: size: 48, misses 38, miss rate 0.00%
DTLB: size: 128, misses 73966, miss rate 0.50%
Avg mem delay: 17.734 cycles
----------------------------------------
==== Global Resource Utilization ====
STASH: size: 65536 entries, full 276250903, empty 16459664, misses 1715044, full rate 93.83
icache bank util. 0.024 0.016 0.015 0.015 0.018 0.103 0.022 0.036 
dcache bank util. 0.040 0.046 0.048 0.037 0.050 0.052 0.051 0.056 
L2 bank util. 0.027 0.030 0.029 0.027 0.028 0.029 0.034 0.044 
L1-L2 bus util. = 0.111, L3 util. = 0.206
----------------------------------------

======================== 切片硬件状态 ========================
切片号 | 所属安全域 | 当前状态    | 路扩展 | LRU touched
------------------------------------------------------------------
  0    |   域0      | 正常运行   |  否   |  200999997
  1    |   域3      | 正常运行   |  是   |  200999999
  2    |   域2      | 正常运行   |  否   |  200999999
  3    |   域3      | 正常运行   |  是   |  200996376
==================================================================

branch prediction, hits = 19687765, misses = 724074, hit rate = 96.45%
return_stack prediction, hits = 1169520, misses = 150, hit rate = 99.99%
jump prediction, hits = 20122009, misses = 1090803, hit rate = 94.86%

======================== 切片硬件状态 ========================
切片号 | 所属安全域 | 当前状态    | 路扩展 | LRU touched
------------------------------------------------------------------
  0    |   域0      | 正常运行   |  否   |  210599999
  1    |   域3      | 正常运行   |  是   |  210599998
  2    |   域2      | 正常运行   |  否   |  210600000
  3    |   域3      | 正常运行   |  是   |  210599979
==================================================================

[动态重分配] 周期210600000：预约迁移 冗余域3(0%) -> 切片1 -> 饥饿域0(6%)
[切片剥夺] 周期210600000：切片1（所属域3）进入待剥夺状态，禁止新替换
[切片剥夺] 周期210600000：切片1在途请求已清空，开始执行脏行写回
[切片管理] 周期210600134：原域3仅剩1个切片，关闭路扩展模式
[动态重分配] 周期210600134：切片1写回完成，自动绑定到域0
[切片管理] 成功绑定切片1 → 安全域0，触发【路扩展模式】

======================== 切片硬件状态 ========================
切片号 | 所属安全域 | 当前状态    | 路扩展 | LRU touched
------------------------------------------------------------------
  0    |   域0      | 正常运行   |  是   |  210600133
  1    |   域0      | 正常运行   |  是   |  210600134
  2    |   域2      | 正常运行   |  否   |  210600134
  3    |   域3      | 正常运行   |  否   |  210600130
==================================================================


======================== 切片硬件状态 ========================
切片号 | 所属安全域 | 当前状态    | 路扩展 | LRU touched
------------------------------------------------------------------
  0    |   域0      | 正常运行   |  是   |  221099994
  1    |   域0      | 正常运行   |  是   |  221100000
  2    |   域2      | 正常运行   |  否   |  221099999
  3    |   域3      | 正常运行   |  否   |  221099993
==================================================================

[动态重分配] 周期221100000：预约迁移 冗余域0(0%) -> 切片0 -> 饥饿域2(6%)
[切片剥夺] 周期221100000：切片0（所属域0）进入待剥夺状态，禁止新替换
[切片剥夺] 周期221100000：切片0在途请求已清空，开始执行脏行写回
[切片管理] 周期221100143：原域0仅剩1个切片，关闭路扩展模式
[动态重分配] 周期221100143：切片0写回完成，自动绑定到域2
[切片管理] 成功绑定切片0 → 安全域2，触发【路扩展模式】

======================== 切片硬件状态 ========================
切片号 | 所属安全域 | 当前状态    | 路扩展 | LRU touched
------------------------------------------------------------------
  0    |   域2      | 正常运行   |  是   |  221100143
  1    |   域0      | 正常运行   |  否   |  221100141
  2    |   域2      | 正常运行   |  是   |  221100143
  3    |   域3      | 正常运行   |  否   |  221100136
==================================================================


======================== 切片硬件状态 ========================
切片号 | 所属安全域 | 当前状态    | 路扩展 | LRU touched
------------------------------------------------------------------
  0    |   域2      | 正常运行   |  是   |  235699949
  1    |   域0      | 正常运行   |  否   |  235699931
  2    |   域2      | 正常运行   |  是   |  235699740
  3    |   域3      | 正常运行   |  否   |  235700000
==================================================================

[动态重分配] 周期235700000：预约迁移 冗余域2(0%) -> 切片0 -> 饥饿域0(6%)
[切片剥夺] 周期235700000：切片0（所属域2）进入待剥夺状态，禁止新替换
[切片剥夺] 周期235700000：切片0在途请求已清空，开始执行脏行写回
[切片管理] 周期235700257：原域2仅剩1个切片，关闭路扩展模式
[动态重分配] 周期235700257：切片0写回完成，自动绑定到域0
[切片管理] 成功绑定切片0 → 安全域0，触发【路扩展模式】

======================== 切片硬件状态 ========================
切片号 | 所属安全域 | 当前状态    | 路扩展 | LRU touched
------------------------------------------------------------------
  0    |   域0      | 正常运行   |  是   |  235700257
  1    |   域0      | 正常运行   |  是   |  235699931
  2    |   域2      | 正常运行   |  否   |  235699740
  3    |   域3      | 正常运行   |  否   |  235700257
==================================================================


======================== 切片硬件状态 ========================
切片号 | 所属安全域 | 当前状态    | 路扩展 | LRU touched
------------------------------------------------------------------
  0    |   域0      | 正常运行   |  是   |  239699999
  1    |   域0      | 正常运行   |  是   |  239699999
  2    |   域2      | 正常运行   |  否   |  239700000
  3    |   域3      | 正常运行   |  否   |  239699999
==================================================================

[动态重分配] 周期239700000：预约迁移 冗余域0(0%) -> 切片1 -> 饥饿域3(6%)
[切片剥夺] 周期239700000：切片1（所属域0）进入待剥夺状态，禁止新替换
[切片剥夺] 周期239700000：切片1在途请求已清空，开始执行脏行写回
[切片管理] 周期239700158：原域0仅剩1个切片，关闭路扩展模式
[动态重分配] 周期239700158：切片1写回完成，自动绑定到域3
[切片管理] 成功绑定切片1 → 安全域3，触发【路扩展模式】

======================== 切片硬件状态 ========================
切片号 | 所属安全域 | 当前状态    | 路扩展 | LRU touched
------------------------------------------------------------------
  0    |   域0      | 正常运行   |  否   |  239700027
  1    |   域3      | 正常运行   |  是   |  239700158
  2    |   域2      | 正常运行   |  否   |  239700156
  3    |   域3      | 正常运行   |  是   |  239700154
==================================================================


======================== 切片硬件状态 ========================
切片号 | 所属安全域 | 当前状态    | 路扩展 | LRU touched
------------------------------------------------------------------
  0    |   域0      | 正常运行   |  否   |  249399995
  1    |   域3      | 正常运行   |  是   |  249399998
  2    |   域2      | 正常运行   |  否   |  249400000
  3    |   域3      | 正常运行   |  是   |  249399995
==================================================================

[动态重分配] 周期249400000：预约迁移 冗余域3(0%) -> 切片1 -> 饥饿域0(6%)
[切片剥夺] 周期249400000：切片1（所属域3）进入待剥夺状态，禁止新替换
[切片剥夺] 周期249400000：切片1在途请求已清空，开始执行脏行写回
[切片管理] 周期249400083：原域3仅剩1个切片，关闭路扩展模式
[动态重分配] 周期249400083：切片1写回完成，自动绑定到域0
[切片管理] 成功绑定切片1 → 安全域0，触发【路扩展模式】

======================== 切片硬件状态 ========================
切片号 | 所属安全域 | 当前状态    | 路扩展 | LRU touched
------------------------------------------------------------------
  0    |   域0      | 正常运行   |  是   |  249399995
  1    |   域0      | 正常运行   |  是   |  249400083
  2    |   域2      | 正常运行   |  否   |  249400052
  3    |   域3      | 正常运行   |  否   |  249400021
==================================================================


======================== 切片硬件状态 ========================
切片号 | 所属安全域 | 当前状态    | 路扩展 | LRU touched
------------------------------------------------------------------
  0    |   域0      | 正常运行   |  是   |  249899999
  1    |   域0      | 正常运行   |  是   |  249899995
  2    |   域2      | 正常运行   |  否   |  249900000
  3    |   域3      | 正常运行   |  否   |  249899925
==================================================================

[动态重分配] 周期249900000：预约迁移 冗余域0(0%) -> 切片0 -> 饥饿域2(6%)
[切片剥夺] 周期249900000：切片0（所属域0）进入待剥夺状态，禁止新替换
[切片剥夺] 周期249900000：切片0在途请求已清空，开始执行脏行写回
[切片管理] 周期249900119：原域0仅剩1个切片，关闭路扩展模式
[动态重分配] 周期249900119：切片0写回完成，自动绑定到域2
[切片管理] 成功绑定切片0 → 安全域2，触发【路扩展模式】

======================== 切片硬件状态 ========================
切片号 | 所属安全域 | 当前状态    | 路扩展 | LRU touched
------------------------------------------------------------------
  0    |   域2      | 正常运行   |  是   |  249900119
  1    |   域0      | 正常运行   |  否   |  249900116
  2    |   域2      | 正常运行   |  是   |  249900117
  3    |   域3      | 正常运行   |  否   |  249899925
==================================================================


======================== 切片硬件状态 ========================
切片号 | 所属安全域 | 当前状态    | 路扩展 | LRU touched
------------------------------------------------------------------
  0    |   域2      | 正常运行   |  是   |  290700000
  1    |   域0      | 正常运行   |  否   |  290700000
  2    |   域2      | 正常运行   |  是   |  290699972
  3    |   域3      | 正常运行   |  否   |  290700000
==================================================================

[动态重分配] 周期290700000：预约迁移 冗余域2(0%) -> 切片0 -> 饥饿域3(6%)
[切片剥夺] 周期290700000：切片0（所属域2）进入待剥夺状态，禁止新替换
[切片剥夺] 周期290700000：切片0在途请求已清空，开始执行脏行写回
[切片管理] 周期290700125：原域2仅剩1个切片，关闭路扩展模式
[动态重分配] 周期290700125：切片0写回完成，自动绑定到域3
[切片管理] 成功绑定切片0 → 安全域3，触发【路扩展模式】

======================== 切片硬件状态 ========================
切片号 | 所属安全域 | 当前状态    | 路扩展 | LRU touched
------------------------------------------------------------------
  0    |   域3      | 正常运行   |  是   |  290700125
  1    |   域0      | 正常运行   |  否   |  290700044
  2    |   域2      | 正常运行   |  否   |  290700050
  3    |   域3      | 正常运行   |  是   |  290700049
==================================================================


**** Debug Statistics at 301000000 Cycles *****
Threads: 4		Fetch Width: 8
No of useful instructions fetched:	512251360 (21.27% proc util.)
No of total instructions fetched:	617299776 (25.64% proc util.)
 includes 13263007 misfetch (2.1%), 91785409 (14.9%) wrong-path fetches
 and 0 flushed after failed lock(0.0%)
No of useful instructions issued/executed:	512251333 (21.27% proc util.)
No of total instructions issued/executed:	552821923 (22.96% proc util.)
 includes 40570590 wrong-path (7.3%) insts and 0 flushed (0.0%)
	fp 71, 0.00%
	synch 0, 0.00%
	integer 391629161, 70.84%
	load/store 161192691, 29.16%
Avg size of int IQ (before scheduling): 21.97
Avg size of fp IQ (before scheduling): 0.00
No of cycles taken:		301000000
Parallelism [ 0.562, 0.000, 0.599, 0.540,] = 1.702
 IQ conflicts: 1260121 (0.42%), FQ conflicts: 0 (0.00%) 
 I reg conflicts: 200732137 (66.69%), FP reg conflicts: 0 (0.00%)
  Activelist confs: 0 (0.00%), ROB confs: 682 (0.00%)
  Int unit conflicts: 202743707 (67.36%), FP unit conflicts: 0 (0.00%)
  Load/store unit conflicts: 18158082 (6.03%)
  MSHR conflicts: 345609620 (114.82%)
----------------------------------------
==== System-wide Cache Statistics ====
Stall for miss queue full 0 cycles (0.00%)
----------------------------------------
==== Statistics for Master ID: 0 ====
Reads: 114135740   Writes: 13870194
ICACHE: size: 64 KB assoc: 2
ICACHE: hits:62715995 misses:1108288  Hit Ratio: 98.26%
DCACHE: size: 1*16 KB assoc: 1*4
DCACHE: hits:61843802 misses:2337971 writebacks:253435  Hit Ratio: 96.36%
SCACHE: size: 512 KB assoc: 2
SCACHE: hits:2951348 misses:494787  Hit Ratio: 85.64%
3CACHE: size: 4096 KB assoc: 2
3CACHE: hits:293023 misses:201764  Hit Ratio: 59.22%
3CACHE: dirty items replaced:74005
ITLB: size: 48, misses 96, miss rate 0.00%
DTLB: size: 128, misses 292553, miss rate 0.46%
Avg mem delay: 6.290 cycles
----------------------------------------
==== Statistics for Master ID: 2 ====
Reads: 85797649   Writes: 16157194
ICACHE: size: 64 KB assoc: 2
ICACHE: hits:53767137 misses:306465  Hit Ratio: 99.43%
DCACHE: size: 1*16 KB assoc: 1*4
DCACHE: hits:45275484 misses:2605910 writebacks:1399808  Hit Ratio: 94.56%
SCACHE: size: 512 KB assoc: 2
SCACHE: hits:589407 misses:2322815  Hit Ratio: 20.24%
3CACHE: size: 4096 KB assoc: 2
3CACHE: hits:113298 misses:2209517  Hit Ratio: 4.88%
3CACHE: dirty items replaced:83691
ITLB: size: 48, misses 56, miss rate 0.00%
DTLB: size: 128, misses 134900, miss rate 0.28%
Avg mem delay: 6.290 cycles
----------------------------------------
==== Statistics for Master ID: 3 ====
Reads: 88608021   Writes: 16270996
ICACHE: size: 64 KB assoc: 2
ICACHE: hits:55423845 misses:330112  Hit Ratio: 99.41%
DCACHE: size: 2*16 KB assoc: 2*4
DCACHE: hits:46139156 misses:2985963 writebacks:1461144  Hit Ratio: 93.92%
SCACHE: size: 512 KB assoc: 2
SCACHE: hits:1011218 misses:2304796  Hit Ratio: 30.49%
3CACHE: size: 4096 KB assoc: 2
3CACHE: hits:89876 misses:2214920  Hit Ratio: 3.90%
3CACHE: dirty items replaced:86687
ITLB: size: 48, misses 57, miss rate 0.00%
DTLB: size: 128, misses 144531, miss rate 0.29%
Avg mem delay: 6.290 cycles
----------------------------------------
==== Global Resource Utilization ====
STASH: size: 65536 entries, full 753790794, empty 31262948, misses 3114582, full rate 95.64
icache bank util. 0.072 0.054 0.049 0.056 0.070 0.136 0.069 0.088 
dcache bank util. 0.062 0.077 0.084 0.060 0.100 0.082 0.097 0.082 
L2 bank util. 0.029 0.033 0.030 0.028 0.031 0.032 0.034 0.044 
L1-L2 bus util. = 0.127, L3 util. = 0.154
----------------------------------------

======================== 切片硬件状态 ========================
切片号 | 所属安全域 | 当前状态    | 路扩展 | LRU touched
------------------------------------------------------------------
  0    |   域3      | 正常运行   |  是   |  300999972
  1    |   域0      | 正常运行   |  否   |  300999992
  2    |   域2      | 正常运行   |  否   |  300999995
  3    |   域3      | 正常运行   |  是   |  300999979
==================================================================

branch prediction, hits = 40508744, misses = 3947886, hit rate = 91.12%
return_stack prediction, hits = 4104486, misses = 328, hit rate = 99.99%
jump prediction, hits = 45494392, misses = 3473934, hit rate = 92.91%

======================== 切片硬件状态 ========================
切片号 | 所属安全域 | 当前状态    | 路扩展 | LRU touched
------------------------------------------------------------------
  0    |   域3      | 正常运行   |  是   |  323899920
  1    |   域0      | 正常运行   |  否   |  323899969
  2    |   域2      | 正常运行   |  否   |  323899904
  3    |   域3      | 正常运行   |  是   |  323899659
==================================================================

[动态重分配] 周期323900000：预约迁移 冗余域3(0%) -> 切片0 -> 饥饿域2(6%)
[切片剥夺] 周期323900000：切片0（所属域3）进入待剥夺状态，禁止新替换
[切片剥夺] 周期323900000：切片0在途请求已清空，开始执行脏行写回
[切片管理] 周期323901736：原域3仅剩1个切片，关闭路扩展模式
[动态重分配] 周期323901736：切片0写回完成，自动绑定到域2
[切片管理] 成功绑定切片0 → 安全域2，触发【路扩展模式】

======================== 切片硬件状态 ========================
切片号 | 所属安全域 | 当前状态    | 路扩展 | LRU touched
------------------------------------------------------------------
  0    |   域2      | 正常运行   |  是   |  323901736
  1    |   域0      | 正常运行   |  否   |  323901735
  2    |   域2      | 正常运行   |  是   |  323901728
  3    |   域3      | 正常运行   |  否   |  323901736
==================================================================


======================== 切片硬件状态 ========================
切片号 | 所属安全域 | 当前状态    | 路扩展 | LRU touched
------------------------------------------------------------------
  0    |   域2      | 正常运行   |  是   |  348100000
  1    |   域0      | 正常运行   |  否   |  348099998
  2    |   域2      | 正常运行   |  是   |  348099991
  3    |   域3      | 正常运行   |  否   |  348099997
==================================================================

[动态重分配] 周期348100000：预约迁移 冗余域2(0%) -> 切片0 -> 饥饿域0(6%)
[切片剥夺] 周期348100000：切片0（所属域2）进入待剥夺状态，禁止新替换
[切片剥夺] 周期348100000：切片0在途请求已清空，开始执行脏行写回
[切片管理] 周期348100284：原域2仅剩1个切片，关闭路扩展模式
[动态重分配] 周期348100284：切片0写回完成，自动绑定到域0
[切片管理] 成功绑定切片0 → 安全域0，触发【路扩展模式】

======================== 切片硬件状态 ========================
切片号 | 所属安全域 | 当前状态    | 路扩展 | LRU touched
------------------------------------------------------------------
  0    |   域0      | 正常运行   |  是   |  348100284
  1    |   域0      | 正常运行   |  是   |  348100136
  2    |   域2      | 正常运行   |  否   |  348100013
  3    |   域3      | 正常运行   |  否   |  348100163
==================================================================


======================== 切片硬件状态 ========================
切片号 | 所属安全域 | 当前状态    | 路扩展 | LRU touched
------------------------------------------------------------------
  0    |   域0      | 正常运行   |  是   |  355400000
  1    |   域0      | 正常运行   |  是   |  355400000
  2    |   域2      | 正常运行   |  否   |  355399993
  3    |   域3      | 正常运行   |  否   |  355400000
==================================================================

[动态重分配] 周期355400000：预约迁移 冗余域0(0%) -> 切片0 -> 饥饿域3(6%)
[切片剥夺] 周期355400000：切片0（所属域0）进入待剥夺状态，禁止新替换
[切片剥夺] 周期355400000：切片0在途请求已清空，开始执行脏行写回
[切片管理] 周期355400122：原域0仅剩1个切片，关闭路扩展模式
[动态重分配] 周期355400122：切片0写回完成，自动绑定到域3
[切片管理] 成功绑定切片0 → 安全域3，触发【路扩展模式】

======================== 切片硬件状态 ========================
切片号 | 所属安全域 | 当前状态    | 路扩展 | LRU touched
------------------------------------------------------------------
  0    |   域3      | 正常运行   |  是   |  355400122
  1    |   域0      | 正常运行   |  否   |  355400077
  2    |   域2      | 正常运行   |  否   |  355400052
  3    |   域3      | 正常运行   |  是   |  355400079
==================================================================


**** Debug Statistics at 401000000 Cycles *****
Threads: 4		Fetch Width: 8
No of useful instructions fetched:	891008114 (27.77% proc util.)
No of total instructions fetched:	1088905605 (33.94% proc util.)
 includes 22828510 misfetch (2.1%), 175068981 (16.1%) wrong-path fetches
 and 0 flushed after failed lock(0.0%)
No of useful instructions issued/executed:	891008111 (27.77% proc util.)
No of total instructions issued/executed:	968294698 (30.18% proc util.)
 includes 77286587 wrong-path (8.0%) insts and 0 flushed (0.0%)
	fp 85, 0.00%
	synch 0, 0.00%
	integer 691665692, 71.43%
	load/store 276628921, 28.57%
Avg size of int IQ (before scheduling): 24.02
Avg size of fp IQ (before scheduling): 0.00
No of cycles taken:		401000000
Parallelism [ 0.692, 0.000, 0.790, 0.740,] = 2.222
 IQ conflicts: 2532380 (0.63%), FQ conflicts: 0 (0.00%) 
 I reg conflicts: 223150827 (55.65%), FP reg conflicts: 0 (0.00%)
  Activelist confs: 0 (0.00%), ROB confs: 682 (0.00%)
  Int unit conflicts: 439190185 (109.52%), FP unit conflicts: 0 (0.00%)
  Load/store unit conflicts: 33378621 (8.32%)
  MSHR conflicts: 361018042 (90.03%)
----------------------------------------
==== System-wide Cache Statistics ====
Stall for miss queue full 89 cycles (0.00%)
----------------------------------------
==== Statistics for Master ID: 0 ====
Reads: 191480253   Writes: 23078563
ICACHE: size: 64 KB assoc: 2
ICACHE: hits:105395626 misses:2143055  Hit Ratio: 98.01%
DCACHE: size: 1*16 KB assoc: 1*4
DCACHE: hits:103077121 misses:3943172 writebacks:424710  Hit Ratio: 96.32%
SCACHE: size: 512 KB assoc: 2
SCACHE: hits:5345687 misses:740381  Hit Ratio: 87.83%
3CACHE: size: 4096 KB assoc: 2
3CACHE: hits:444936 misses:295445  Hit Ratio: 60.10%
3CACHE: dirty items replaced:140945
ITLB: size: 48, misses 149, miss rate 0.00%
DTLB: size: 128, misses 516063, miss rate 0.48%
Avg mem delay: 4.184 cycles
----------------------------------------
==== Statistics for Master ID: 2 ====
Reads: 155324728   Writes: 25683795
ICACHE: size: 64 KB assoc: 2
ICACHE: hits:97555296 misses:647467  Hit Ratio: 99.34%
DCACHE: size: 1*16 KB assoc: 1*4
DCACHE: hits:79568062 misses:3237940 writebacks:1731470  Hit Ratio: 96.09%
SCACHE: size: 512 KB assoc: 2
SCACHE: hits:1351537 misses:2533628  Hit Ratio: 34.79%
3CACHE: size: 4096 KB assoc: 2
3CACHE: hits:211392 misses:2322236  Hit Ratio: 8.34%
3CACHE: dirty items replaced:146668
ITLB: size: 48, misses 75, miss rate 0.00%
DTLB: size: 128, misses 187747, miss rate 0.23%
Avg mem delay: 4.184 cycles
----------------------------------------
==== Statistics for Master ID: 3 ====
Reads: 163158531   Writes: 25983430
ICACHE: size: 64 KB assoc: 2
ICACHE: hits:101654003 misses:693563  Hit Ratio: 99.32%
DCACHE: size: 2*16 KB assoc: 2*4
DCACHE: hits:83164907 misses:3629671 writebacks:1758958  Hit Ratio: 95.82%
SCACHE: size: 512 KB assoc: 2
SCACHE: hits:1820219 misses:2502831  Hit Ratio: 42.10%
3CACHE: size: 4096 KB assoc: 2
3CACHE: hits:188505 misses:2314326  Hit Ratio: 7.53%
3CACHE: dirty items replaced:149424
ITLB: size: 48, misses 74, miss rate 0.00%
DTLB: size: 128, misses 202381, miss rate 0.23%
Avg mem delay: 4.184 cycles
----------------------------------------
==== Global Resource Utilization ====
STASH: size: 65536 entries, full 1266524089, empty 48731550, misses 4760461, full rate 95.95
icache bank util. 0.099 0.074 0.068 0.080 0.102 0.156 0.098 0.119 
dcache bank util. 0.074 0.094 0.105 0.074 0.130 0.101 0.124 0.098 
L2 bank util. 0.030 0.035 0.031 0.027 0.032 0.034 0.033 0.044 
L1-L2 bus util. = 0.136, L3 util. = 0.123
----------------------------------------

======================== 切片硬件状态 ========================
切片号 | 所属安全域 | 当前状态    | 路扩展 | LRU touched
------------------------------------------------------------------
  0    |   域3      | 正常运行   |  是   |  400999996
  1    |   域0      | 正常运行   |  否   |  400999998
  2    |   域2      | 正常运行   |  否   |  400999994
  3    |   域3      | 正常运行   |  是   |  400999994
==================================================================

branch prediction, hits = 63022481, misses = 7281412, hit rate = 89.64%
return_stack prediction, hits = 7333171, misses = 523, hit rate = 99.99%
jump prediction, hits = 72921641, misses = 6012938, hit rate = 92.38%

======================== 切片硬件状态 ========================
切片号 | 所属安全域 | 当前状态    | 路扩展 | LRU touched
------------------------------------------------------------------
  0    |   域3      | 正常运行   |  是   |  413499993
  1    |   域0      | 正常运行   |  否   |  413499999
  2    |   域2      | 正常运行   |  否   |  413500000
  3    |   域3      | 正常运行   |  是   |  413499997
==================================================================

[动态重分配] 周期413500000：预约迁移 冗余域3(0%) -> 切片0 -> 饥饿域0(6%)
[切片剥夺] 周期413500000：切片0（所属域3）进入待剥夺状态，禁止新替换
[切片剥夺] 周期413500000：切片0在途请求已清空，开始执行脏行写回
[切片管理] 周期413500365：原域3仅剩1个切片，关闭路扩展模式
[动态重分配] 周期413500365：切片0写回完成，自动绑定到域0
[切片管理] 成功绑定切片0 → 安全域0，触发【路扩展模式】

======================== 切片硬件状态 ========================
切片号 | 所属安全域 | 当前状态    | 路扩展 | LRU touched
------------------------------------------------------------------
  0    |   域0      | 正常运行   |  是   |  413500365
  1    |   域0      | 正常运行   |  是   |  413500365
  2    |   域2      | 正常运行   |  否   |  413500363
  3    |   域3      | 正常运行   |  否   |  413500363
==================================================================


======================== 切片硬件状态 ========================
切片号 | 所属安全域 | 当前状态    | 路扩展 | LRU touched
------------------------------------------------------------------
  0    |   域0      | 正常运行   |  是   |  418199962
  1    |   域0      | 正常运行   |  是   |  418199994
  2    |   域2      | 正常运行   |  否   |  418199983
  3    |   域3      | 正常运行   |  否   |  418199998
==================================================================

[动态重分配] 周期418200000：预约迁移 冗余域0(0%) -> 切片1 -> 饥饿域3(6%)
[切片剥夺] 周期418200000：切片1（所属域0）进入待剥夺状态，禁止新替换
[切片剥夺] 周期418200000：切片1在途请求已清空，开始执行脏行写回
[切片管理] 周期418200151：原域0仅剩1个切片，关闭路扩展模式
[动态重分配] 周期418200151：切片1写回完成，自动绑定到域3
[切片管理] 成功绑定切片1 → 安全域3，触发【路扩展模式】

======================== 切片硬件状态 ========================
切片号 | 所属安全域 | 当前状态    | 路扩展 | LRU touched
------------------------------------------------------------------
  0    |   域0      | 正常运行   |  否   |  418200135
  1    |   域3      | 正常运行   |  是   |  418200151
  2    |   域2      | 正常运行   |  否   |  418200129
  3    |   域3      | 正常运行   |  是   |  418200148
==================================================================


======================== 切片硬件状态 ========================
切片号 | 所属安全域 | 当前状态    | 路扩展 | LRU touched
------------------------------------------------------------------
  0    |   域0      | 正常运行   |  否   |  428600000
  1    |   域3      | 正常运行   |  是   |  428599999
  2    |   域2      | 正常运行   |  否   |  428600000
  3    |   域3      | 正常运行   |  是   |  428599941
==================================================================

[动态重分配] 周期428600000：预约迁移 冗余域3(0%) -> 切片1 -> 饥饿域0(6%)
[切片剥夺] 周期428600000：切片1（所属域3）进入待剥夺状态，禁止新替换
[切片剥夺] 周期428600000：切片1在途请求已清空，开始执行脏行写回
[切片管理] 周期428600296：原域3仅剩1个切片，关闭路扩展模式
[动态重分配] 周期428600296：切片1写回完成，自动绑定到域0
[切片管理] 成功绑定切片1 → 安全域0，触发【路扩展模式】

======================== 切片硬件状态 ========================
切片号 | 所属安全域 | 当前状态    | 路扩展 | LRU touched
------------------------------------------------------------------
  0    |   域0      | 正常运行   |  是   |  428600114
  1    |   域0      | 正常运行   |  是   |  428600296
  2    |   域2      | 正常运行   |  否   |  428600210
  3    |   域3      | 正常运行   |  否   |  428600295
==================================================================


======================== 切片硬件状态 ========================
切片号 | 所属安全域 | 当前状态    | 路扩展 | LRU touched
------------------------------------------------------------------
  0    |   域0      | 正常运行   |  是   |  446799998
  1    |   域0      | 正常运行   |  是   |  446799999
  2    |   域2      | 正常运行   |  否   |  446799993
  3    |   域3      | 正常运行   |  否   |  446800000
==================================================================

[动态重分配] 周期446800000：预约迁移 冗余域0(0%) -> 切片0 -> 饥饿域3(6%)
[切片剥夺] 周期446800000：切片0（所属域0）进入待剥夺状态，禁止新替换
[切片剥夺] 周期446800000：切片0在途请求已清空，开始执行脏行写回
[切片管理] 周期446800130：原域0仅剩1个切片，关闭路扩展模式
[动态重分配] 周期446800130：切片0写回完成，自动绑定到域3
[切片管理] 成功绑定切片0 → 安全域3，触发【路扩展模式】

======================== 切片硬件状态 ========================
切片号 | 所属安全域 | 当前状态    | 路扩展 | LRU touched
------------------------------------------------------------------
  0    |   域3      | 正常运行   |  是   |  446800130
  1    |   域0      | 正常运行   |  否   |  446800130
  2    |   域2      | 正常运行   |  否   |  446800128
  3    |   域3      | 正常运行   |  是   |  446800128
==================================================================


======================== 切片硬件状态 ========================
切片号 | 所属安全域 | 当前状态    | 路扩展 | LRU touched
------------------------------------------------------------------
  0    |   域3      | 正常运行   |  是   |  455199991
  1    |   域0      | 正常运行   |  否   |  455200000
  2    |   域2      | 正常运行   |  否   |  455199999
  3    |   域3      | 正常运行   |  是   |  455199999
==================================================================

[动态重分配] 周期455200000：预约迁移 冗余域3(0%) -> 切片0 -> 饥饿域0(6%)
[切片剥夺] 周期455200000：切片0（所属域3）进入待剥夺状态，禁止新替换
[切片剥夺] 周期455200000：切片0在途请求已清空，开始执行脏行写回
[切片管理] 周期455200299：原域3仅剩1个切片，关闭路扩展模式
[动态重分配] 周期455200299：切片0写回完成，自动绑定到域0
[切片管理] 成功绑定切片0 → 安全域0，触发【路扩展模式】

======================== 切片硬件状态 ========================
切片号 | 所属安全域 | 当前状态    | 路扩展 | LRU touched
------------------------------------------------------------------
  0    |   域0      | 正常运行   |  是   |  455200299
  1    |   域0      | 正常运行   |  是   |  455200112
  2    |   域2      | 正常运行   |  否   |  455200299
  3    |   域3      | 正常运行   |  否   |  455200295
==================================================================


======================== 切片硬件状态 ========================
切片号 | 所属安全域 | 当前状态    | 路扩展 | LRU touched
------------------------------------------------------------------
  0    |   域0      | 正常运行   |  是   |  472699987
  1    |   域0      | 正常运行   |  是   |  472699956
  2    |   域2      | 正常运行   |  否   |  472699994
  3    |   域3      | 正常运行   |  否   |  472699997
==================================================================

[动态重分配] 周期472700000：预约迁移 冗余域0(0%) -> 切片0 -> 饥饿域3(6%)
[切片剥夺] 周期472700000：切片0（所属域0）进入待剥夺状态，禁止新替换
[切片剥夺] 周期472700048：切片0在途请求已清空，开始执行脏行写回
[切片管理] 周期472700164：原域0仅剩1个切片，关闭路扩展模式
[动态重分配] 周期472700164：切片0写回完成，自动绑定到域3
[切片管理] 成功绑定切片0 → 安全域3，触发【路扩展模式】

======================== 切片硬件状态 ========================
切片号 | 所属安全域 | 当前状态    | 路扩展 | LRU touched
------------------------------------------------------------------
  0    |   域3      | 正常运行   |  是   |  472700164
  1    |   域0      | 正常运行   |  否   |  472700127
  2    |   域2      | 正常运行   |  否   |  472700119
  3    |   域3      | 正常运行   |  是   |  472700161
==================================================================


======================== 切片硬件状态 ========================
切片号 | 所属安全域 | 当前状态    | 路扩展 | LRU touched
------------------------------------------------------------------
  0    |   域3      | 正常运行   |  是   |  481599999
  1    |   域0      | 正常运行   |  否   |  481599999
  2    |   域2      | 正常运行   |  否   |  481599995
  3    |   域3      | 正常运行   |  是   |  481599983
==================================================================

[动态重分配] 周期481600000：预约迁移 冗余域3(0%) -> 切片0 -> 饥饿域0(6%)
[切片剥夺] 周期481600000：切片0（所属域3）进入待剥夺状态，禁止新替换
[切片剥夺] 周期481600000：切片0在途请求已清空，开始执行脏行写回
[切片管理] 周期481600260：原域3仅剩1个切片，关闭路扩展模式
[动态重分配] 周期481600260：切片0写回完成，自动绑定到域0
[切片管理] 成功绑定切片0 → 安全域0，触发【路扩展模式】

======================== 切片硬件状态 ========================
切片号 | 所属安全域 | 当前状态    | 路扩展 | LRU touched
------------------------------------------------------------------
  0    |   域0      | 正常运行   |  是   |  481600260
  1    |   域0      | 正常运行   |  是   |  481600149
  2    |   域2      | 正常运行   |  否   |  481600153
  3    |   域3      | 正常运行   |  否   |  481600108
==================================================================


======================== 切片硬件状态 ========================
切片号 | 所属安全域 | 当前状态    | 路扩展 | LRU touched
------------------------------------------------------------------
  0    |   域0      | 正常运行   |  是   |  485500000
  1    |   域0      | 正常运行   |  是   |  485500000
  2    |   域2      | 正常运行   |  否   |  485499998
  3    |   域3      | 正常运行   |  否   |  485499999
==================================================================

[动态重分配] 周期485500000：预约迁移 冗余域0(0%) -> 切片1 -> 饥饿域3(6%)
[切片剥夺] 周期485500000：切片1（所属域0）进入待剥夺状态，禁止新替换
[切片剥夺] 周期485500000：切片1在途请求已清空，开始执行脏行写回
[切片管理] 周期485500104：原域0仅剩1个切片，关闭路扩展模式
[动态重分配] 周期485500104：切片1写回完成，自动绑定到域3
[切片管理] 成功绑定切片1 → 安全域3，触发【路扩展模式】

======================== 切片硬件状态 ========================
切片号 | 所属安全域 | 当前状态    | 路扩展 | LRU touched
------------------------------------------------------------------
  0    |   域0      | 正常运行   |  否   |  485500091
  1    |   域3      | 正常运行   |  是   |  485500104
  2    |   域2      | 正常运行   |  否   |  485500097
  3    |   域3      | 正常运行   |  是   |  485500104
==================================================================


**** Debug Statistics at 501000000 Cycles *****
Threads: 4		Fetch Width: 8
No of useful instructions fetched:	1269139769 (31.67% proc util.)
No of total instructions fetched:	1562078584 (38.97% proc util.)
 includes 32933856 misfetch (2.1%), 260004959 (16.6%) wrong-path fetches
 and 0 flushed after failed lock(0.0%)
No of useful instructions issued/executed:	1269139755 (31.67% proc util.)
No of total instructions issued/executed:	1384333314 (34.54% proc util.)
 includes 115193559 wrong-path (8.3%) insts and 0 flushed (0.0%)
	fp 85, 0.00%
	synch 0, 0.00%
	integer 991973983, 71.66%
	load/store 392359246, 28.34%
Avg size of int IQ (before scheduling): 25.32
Avg size of fp IQ (before scheduling): 0.00
No of cycles taken:		501000000
Parallelism [ 0.771, 0.000, 0.908, 0.854,] = 2.533
 IQ conflicts: 3855849 (0.77%), FQ conflicts: 0 (0.00%) 
 I reg conflicts: 246642278 (49.23%), FP reg conflicts: 0 (0.00%)
  Activelist confs: 64 (0.00%), ROB confs: 682 (0.00%)
  Int unit conflicts: 674606551 (134.65%), FP unit conflicts: 0 (0.00%)
  Load/store unit conflicts: 48514221 (9.68%)
  MSHR conflicts: 377018305 (75.25%)
----------------------------------------
==== System-wide Cache Statistics ====
Stall for miss queue full 106 cycles (0.00%)
----------------------------------------
==== Statistics for Master ID: 0 ====
Reads: 269806694   Writes: 32357582
ICACHE: size: 64 KB assoc: 2
ICACHE: hits:148604656 misses:3153168  Hit Ratio: 97.92%
DCACHE: size: 1*16 KB assoc: 1*4
DCACHE: hits:145259715 misses:5147043 writebacks:550207  Hit Ratio: 96.58%
SCACHE: size: 512 KB assoc: 2
SCACHE: hits:7325228 misses:974676  Hit Ratio: 88.26%
3CACHE: size: 4096 KB assoc: 2
3CACHE: hits:590031 misses:384645  Hit Ratio: 60.54%
3CACHE: dirty items replaced:202094
ITLB: size: 48, misses 159, miss rate 0.00%
DTLB: size: 128, misses 753205, miss rate 0.50%
Avg mem delay: 3.366 cycles
----------------------------------------
==== Statistics for Master ID: 2 ====
Reads: 223610436   Writes: 34591166
ICACHE: size: 64 KB assoc: 2
ICACHE: hits:140918642 misses:952872  Hit Ratio: 99.33%
DCACHE: size: 1*16 KB assoc: 1*4
DCACHE: hits:112479233 misses:3851097 writebacks:2065509  Hit Ratio: 96.69%
SCACHE: size: 512 KB assoc: 2
SCACHE: hits:2065556 misses:2738171  Hit Ratio: 43.00%
3CACHE: size: 4096 KB assoc: 2
3CACHE: hits:304917 misses:2433254  Hit Ratio: 11.14%
3CACHE: dirty items replaced:205751
ITLB: size: 48, misses 81, miss rate 0.00%
DTLB: size: 128, misses 238698, miss rate 0.21%
Avg mem delay: 3.366 cycles
----------------------------------------
==== Statistics for Master ID: 3 ====
Reads: 239060105   Writes: 36337264
ICACHE: size: 64 KB assoc: 2
ICACHE: hits:148769645 misses:1018039  Hit Ratio: 99.32%
DCACHE: size: 2*16 KB assoc: 2*4
DCACHE: hits:121080810 misses:4529420 writebacks:2147424  Hit Ratio: 96.39%
SCACHE: size: 512 KB assoc: 2
SCACHE: hits:2859218 misses:2687695  Hit Ratio: 51.55%
3CACHE: size: 4096 KB assoc: 2
3CACHE: hits:278884 misses:2408811  Hit Ratio: 10.38%
3CACHE: dirty items replaced:208855
ITLB: size: 48, misses 77, miss rate 0.00%
DTLB: size: 128, misses 265102, miss rate 0.21%
Avg mem delay: 3.366 cycles
----------------------------------------
==== Global Resource Utilization ====
STASH: size: 65536 entries, full 1780657603, empty 66512622, misses 6421797, full rate 96.07
icache bank util. 0.115 0.087 0.080 0.094 0.120 0.167 0.114 0.138 
dcache bank util. 0.082 0.104 0.118 0.082 0.148 0.111 0.141 0.106 
L2 bank util. 0.030 0.035 0.031 0.027 0.032 0.034 0.033 0.043 
L1-L2 bus util. = 0.140, L3 util. = 0.104
----------------------------------------

======================== 切片硬件状态 ========================
切片号 | 所属安全域 | 当前状态    | 路扩展 | LRU touched
------------------------------------------------------------------
  0    |   域0      | 正常运行   |  否   |  500999992
  1    |   域3      | 正常运行   |  是   |  500999992
  2    |   域2      | 正常运行   |  否   |  500999999
  3    |   域3      | 正常运行   |  是   |  500999987
==================================================================

branch prediction, hits = 85047810, misses = 10643904, hit rate = 88.88%
return_stack prediction, hits = 10503893, misses = 721, hit rate = 99.99%
jump prediction, hits = 99743976, misses = 8703457, hit rate = 91.97%

======================== 切片硬件状态 ========================
切片号 | 所属安全域 | 当前状态    | 路扩展 | LRU touched
------------------------------------------------------------------
  0    |   域0      | 正常运行   |  否   |  506999998
  1    |   域3      | 正常运行   |  是   |  506999986
  2    |   域2      | 正常运行   |  否   |  506999995
  3    |   域3      | 正常运行   |  是   |  507000000
==================================================================

[动态重分配] 周期507000000：预约迁移 冗余域3(0%) -> 切片1 -> 饥饿域0(6%)
[切片剥夺] 周期507000000：切片1（所属域3）进入待剥夺状态，禁止新替换
[切片剥夺] 周期507000000：切片1在途请求已清空，开始执行脏行写回
[切片管理] 周期507000242：原域3仅剩1个切片，关闭路扩展模式
[动态重分配] 周期507000242：切片1写回完成，自动绑定到域0
[切片管理] 成功绑定切片1 → 安全域0，触发【路扩展模式】

======================== 切片硬件状态 ========================
切片号 | 所属安全域 | 当前状态    | 路扩展 | LRU touched
------------------------------------------------------------------
  0    |   域0      | 正常运行   |  是   |  507000147
  1    |   域0      | 正常运行   |  是   |  507000242
  2    |   域2      | 正常运行   |  否   |  507000218
  3    |   域3      | 正常运行   |  否   |  507000226
==================================================================


======================== 切片硬件状态 ========================
切片号 | 所属安全域 | 当前状态    | 路扩展 | LRU touched
------------------------------------------------------------------
  0    |   域0      | 正常运行   |  是   |  539199700
  1    |   域0      | 正常运行   |  是   |  539199710
  2    |   域2      | 正常运行   |  否   |  539199926
  3    |   域3      | 正常运行   |  否   |  539199926
==================================================================

[动态重分配] 周期539200000：预约迁移 冗余域0(1%) -> 切片0 -> 饥饿域2(9%)
[切片剥夺] 周期539200000：切片0（所属域0）进入待剥夺状态，禁止新替换
[切片剥夺] 周期539200000：切片0在途请求已清空，开始执行脏行写回
[切片管理] 周期539200107：原域0仅剩1个切片，关闭路扩展模式
[动态重分配] 周期539200107：切片0写回完成，自动绑定到域2
[切片管理] 成功绑定切片0 → 安全域2，触发【路扩展模式】

======================== 切片硬件状态 ========================
切片号 | 所属安全域 | 当前状态    | 路扩展 | LRU touched
------------------------------------------------------------------
  0    |   域2      | 正常运行   |  是   |  539200107
  1    |   域0      | 正常运行   |  否   |  539200086
  2    |   域2      | 正常运行   |  是   |  539200104
  3    |   域3      | 正常运行   |  否   |  539200107
==================================================================


======================== 切片硬件状态 ========================
切片号 | 所属安全域 | 当前状态    | 路扩展 | LRU touched
------------------------------------------------------------------
  0    |   域2      | 正常运行   |  是   |  551400000
  1    |   域0      | 正常运行   |  否   |  551400000
  2    |   域2      | 正常运行   |  是   |  551399962
  3    |   域3      | 正常运行   |  否   |  551399995
==================================================================

[动态重分配] 周期551400000：预约迁移 冗余域2(0%) -> 切片0 -> 饥饿域3(6%)
[切片剥夺] 周期551400000：切片0（所属域2）进入待剥夺状态，禁止新替换
[切片剥夺] 周期551400000：切片0在途请求已清空，开始执行脏行写回
[切片管理] 周期551400056：原域2仅剩1个切片，关闭路扩展模式
[动态重分配] 周期551400056：切片0写回完成，自动绑定到域3
[切片管理] 成功绑定切片0 → 安全域3，触发【路扩展模式】

======================== 切片硬件状态 ========================
切片号 | 所属安全域 | 当前状态    | 路扩展 | LRU touched
------------------------------------------------------------------
  0    |   域3      | 正常运行   |  是   |  551400056
  1    |   域0      | 正常运行   |  否   |  551400056
  2    |   域2      | 正常运行   |  否   |  551400053
  3    |   域3      | 正常运行   |  是   |  551400036
==================================================================


======================== 切片硬件状态 ========================
切片号 | 所属安全域 | 当前状态    | 路扩展 | LRU touched
------------------------------------------------------------------
  0    |   域3      | 正常运行   |  是   |  573699989
  1    |   域0      | 正常运行   |  否   |  573700000
  2    |   域2      | 正常运行   |  否   |  573699998
  3    |   域3      | 正常运行   |  是   |  573699999
==================================================================

[动态重分配] 周期573700000：预约迁移 冗余域3(0%) -> 切片0 -> 饥饿域0(6%)
[切片剥夺] 周期573700000：切片0（所属域3）进入待剥夺状态，禁止新替换
[切片剥夺] 周期573700116：切片0在途请求已清空，开始执行脏行写回
[切片管理] 周期573700148：原域3仅剩1个切片，关闭路扩展模式
[动态重分配] 周期573700148：切片0写回完成，自动绑定到域0
[切片管理] 成功绑定切片0 → 安全域0，触发【路扩展模式】

======================== 切片硬件状态 ========================
切片号 | 所属安全域 | 当前状态    | 路扩展 | LRU touched
------------------------------------------------------------------
  0    |   域0      | 正常运行   |  是   |  573700148
  1    |   域0      | 正常运行   |  是   |  573700137
  2    |   域2      | 正常运行   |  否   |  573700148
  3    |   域3      | 正常运行   |  否   |  573700147
==================================================================


======================== 切片硬件状态 ========================
切片号 | 所属安全域 | 当前状态    | 路扩展 | LRU touched
------------------------------------------------------------------
  0    |   域0      | 正常运行   |  是   |  579699994
  1    |   域0      | 正常运行   |  是   |  579700000
  2    |   域2      | 正常运行   |  否   |  579699999
  3    |   域3      | 正常运行   |  否   |  579699912
==================================================================

[动态重分配] 周期579700000：预约迁移 冗余域0(0%) -> 切片0 -> 饥饿域3(6%)
[切片剥夺] 周期579700000：切片0（所属域0）进入待剥夺状态，禁止新替换
[切片剥夺] 周期579700000：切片0在途请求已清空，开始执行脏行写回
[切片管理] 周期579700110：原域0仅剩1个切片，关闭路扩展模式
[动态重分配] 周期579700110：切片0写回完成，自动绑定到域3
[切片管理] 成功绑定切片0 → 安全域3，触发【路扩展模式】

======================== 切片硬件状态 ========================
切片号 | 所属安全域 | 当前状态    | 路扩展 | LRU touched
------------------------------------------------------------------
  0    |   域3      | 正常运行   |  是   |  579700110
  1    |   域0      | 正常运行   |  否   |  579700109
  2    |   域2      | 正常运行   |  否   |  579700025
  3    |   域3      | 正常运行   |  是   |  579699912
==================================================================


**** Debug Statistics at 601000000 Cycles *****
Threads: 4		Fetch Width: 8
No of useful instructions fetched:	1640411491 (34.12% proc util.)
No of total instructions fetched:	2028510672 (42.19% proc util.)
 includes 42532444 misfetch (2.1%), 345566737 (17.0%) wrong-path fetches
 and 0 flushed after failed lock(0.0%)
No of useful instructions issued/executed:	1640411450 (34.12% proc util.)
No of total instructions issued/executed:	1793951585 (37.31% proc util.)
 includes 153540135 wrong-path (8.6%) insts and 0 flushed (0.0%)
	fp 90, 0.00%
	synch 0, 0.00%
	integer 1287491581, 71.77%
	load/store 506459914, 28.23%
Avg size of int IQ (before scheduling): 26.00
Avg size of fp IQ (before scheduling): 0.00
No of cycles taken:		601000000
Parallelism [ 0.824, 0.000, 0.980, 0.926,] = 2.729
 IQ conflicts: 4987559 (0.83%), FQ conflicts: 0 (0.00%) 
 I reg conflicts: 269148477 (44.78%), FP reg conflicts: 0 (0.00%)
  Activelist confs: 64 (0.00%), ROB confs: 682 (0.00%)
  Int unit conflicts: 896666201 (149.20%), FP unit conflicts: 0 (0.00%)
  Load/store unit conflicts: 62746581 (10.44%)
  MSHR conflicts: 391101532 (65.08%)
----------------------------------------
==== System-wide Cache Statistics ====
Stall for miss queue full 106 cycles (0.00%)
----------------------------------------
==== Statistics for Master ID: 0 ====
Reads: 346671784   Writes: 41021998
ICACHE: size: 64 KB assoc: 2
ICACHE: hits:191273593 misses:4133157  Hit Ratio: 97.88%
DCACHE: size: 1*16 KB assoc: 1*4
DCACHE: hits:185961456 misses:6325945 writebacks:665829  Hit Ratio: 96.71%
SCACHE: size: 512 KB assoc: 2
SCACHE: hits:9247549 misses:1211184  Hit Ratio: 88.42%
3CACHE: size: 4096 KB assoc: 2
3CACHE: hits:729315 misses:481868  Hit Ratio: 60.22%
3CACHE: dirty items replaced:276235
ITLB: size: 48, misses 189, miss rate 0.00%
DTLB: size: 128, misses 971590, miss rate 0.51%
Avg mem delay: 2.923 cycles
----------------------------------------
==== Statistics for Master ID: 2 ====
Reads: 291957812   Writes: 44036248
ICACHE: size: 64 KB assoc: 2
ICACHE: hits:183814038 misses:1316656  Hit Ratio: 99.29%
DCACHE: size: 1*16 KB assoc: 1*4
DCACHE: hits:146376506 misses:4487115 writebacks:2396711  Hit Ratio: 97.03%
SCACHE: size: 512 KB assoc: 2
SCACHE: hits:2849439 misses:2954077  Hit Ratio: 49.10%
3CACHE: size: 4096 KB assoc: 2
3CACHE: hits:400768 misses:2553309  Hit Ratio: 13.57%
3CACHE: dirty items replaced:279200
ITLB: size: 48, misses 95, miss rate 0.00%
DTLB: size: 128, misses 295368, miss rate 0.20%
Avg mem delay: 2.923 cycles
----------------------------------------
==== Statistics for Master ID: 3 ====
Reads: 313155619   Writes: 46159684
ICACHE: size: 64 KB assoc: 2
ICACHE: hits:194623131 misses:1399452  Hit Ratio: 99.29%
DCACHE: size: 2*16 KB assoc: 2*4
DCACHE: hits:157920115 misses:5373232 writebacks:2510220  Hit Ratio: 96.71%
SCACHE: size: 512 KB assoc: 2
SCACHE: hits:3886577 misses:2885479  Hit Ratio: 57.39%
3CACHE: size: 4096 KB assoc: 2
3CACHE: hits:369973 misses:2515506  Hit Ratio: 12.82%
3CACHE: dirty items replaced:280838
ITLB: size: 48, misses 89, miss rate 0.00%
DTLB: size: 128, misses 328772, miss rate 0.20%
Avg mem delay: 2.923 cycles
----------------------------------------
==== Global Resource Utilization ====
STASH: size: 65536 entries, full 2291614384, empty 82191653, misses 7884804, full rate 96.22
icache bank util. 0.125 0.095 0.088 0.103 0.133 0.175 0.125 0.149 
dcache bank util. 0.086 0.111 0.125 0.087 0.159 0.118 0.152 0.112 
L2 bank util. 0.030 0.035 0.031 0.027 0.033 0.034 0.033 0.043 
L1-L2 bus util. = 0.143, L3 util. = 0.092
----------------------------------------

======================== 切片硬件状态 ========================
切片号 | 所属安全域 | 当前状态    | 路扩展 | LRU touched
------------------------------------------------------------------
  0    |   域3      | 正常运行   |  是   |  600999997
  1    |   域0      | 正常运行   |  否   |  600999999
  2    |   域2      | 正常运行   |  否   |  600999992
  3    |   域3      | 正常运行   |  是   |  600999997
==================================================================

branch prediction, hits = 106878650, misses = 14059447, hit rate = 88.37%
return_stack prediction, hits = 13877332, misses = 924, hit rate = 99.99%
jump prediction, hits = 126756009, misses = 11278778, hit rate = 91.83%

**** Early Exiting at 694549126 Cycles *****
========================================
 SMTSIM Global Statistics
========================================
Threads: 4		Fetch Width: 8
No of useful instructions fetched:	2000000051 (35.99% proc util.)
No of total instructions fetched:	2477712967 (44.59% proc util.)
 includes 51609259 misfetch (2.1%), 426103657 (17.2%) wrong-path fetches
 and 0 flushed after failed lock(0.0%)
No of useful instructions issued/executed:	2000000024 (35.99% proc util.)
No of total instructions issued/executed:	2189855706 (39.41% proc util.)
 includes 189855682 wrong-path (8.7%) insts and 0 flushed (0.0%)
	fp 96, 0.00%
	synch 0, 0.00%
	integer 1573628631, 71.86%
	load/store 616226979, 28.14%
Avg size of int IQ (before scheduling): 26.59
Avg size of fp IQ (before scheduling): 0.00
No of cycles taken:		694549126
Parallelism [ 0.866, 0.000, 1.034, 0.981,] = 2.880
 IQ conflicts: 5954842 (0.86%), FQ conflicts: 0 (0.00%) 
 I reg conflicts: 290755642 (41.86%), FP reg conflicts: 0 (0.00%)
  Activelist confs: 239 (0.00%), ROB confs: 682 (0.00%)
  Int unit conflicts: 1120378093 (161.31%), FP unit conflicts: 0 (0.00%)
  Load/store unit conflicts: 76937779 (11.08%)
  MSHR conflicts: 404945479 (58.30%)
----------------------------------------
==== System-wide Cache Statistics ====
Stall for miss queue full 106 cycles (0.00%)
----------------------------------------
==== Statistics for Master ID: 0 ====
Reads: 421225121   Writes: 49490448
ICACHE: size: 64 KB assoc: 2
ICACHE: hits:232783401 misses:5041924  Hit Ratio: 97.88%
DCACHE: size: 1*16 KB assoc: 1*4
DCACHE: hits:224974195 misses:7916418 writebacks:827556  Hit Ratio: 96.60%
SCACHE: size: 512 KB assoc: 2
SCACHE: hits:11540942 misses:1417029  Hit Ratio: 89.06%
3CACHE: size: 4096 KB assoc: 2
3CACHE: hits:863651 misses:553378  Hit Ratio: 60.95%
3CACHE: dirty items replaced:325279
ITLB: size: 48, misses 214, miss rate 0.00%
DTLB: size: 128, misses 1188783, miss rate 0.51%
Avg mem delay: 2.668 cycles
----------------------------------------
==== Statistics for Master ID: 2 ====
Reads: 357242428   Writes: 52606337
ICACHE: size: 64 KB assoc: 2
ICACHE: hits:225179508 misses:1637156  Hit Ratio: 99.28%
DCACHE: size: 1*16 KB assoc: 1*4
DCACHE: hits:177902804 misses:5129552 writebacks:2732732  Hit Ratio: 97.20%
SCACHE: size: 512 KB assoc: 2
SCACHE: hits:3634708 misses:3131745  Hit Ratio: 53.72%
3CACHE: size: 4096 KB assoc: 2
3CACHE: hits:488212 misses:2643533  Hit Ratio: 15.59%
3CACHE: dirty items replaced:327963
ITLB: size: 48, misses 101, miss rate 0.00%
DTLB: size: 128, misses 351825, miss rate 0.19%
Avg mem delay: 2.668 cycles
----------------------------------------
==== Statistics for Master ID: 3 ====
Reads: 385807474   Writes: 55917282
ICACHE: size: 64 KB assoc: 2
ICACHE: hits:239708783 misses:1732031  Hit Ratio: 99.28%
DCACHE: size: 2*16 KB assoc: 2*4
DCACHE: hits:194152470 misses:6132099 writebacks:2827819  Hit Ratio: 96.94%
SCACHE: size: 512 KB assoc: 2
SCACHE: hits:4815975 misses:3047527  Hit Ratio: 61.24%
3CACHE: size: 4096 KB assoc: 2
3CACHE: hits:455664 misses:2591863  Hit Ratio: 14.95%
3CACHE: dirty items replaced:328433
ITLB: size: 48, misses 96, miss rate 0.00%
DTLB: size: 128, misses 392823, miss rate 0.20%
Avg mem delay: 2.668 cycles
----------------------------------------
==== Global Resource Utilization ====
STASH: size: 65536 entries, full 2782962479, empty 97736876, misses 9341099, full rate 96.29
icache bank util. 0.132 0.101 0.093 0.110 0.143 0.182 0.134 0.158 
dcache bank util. 0.090 0.116 0.132 0.092 0.168 0.123 0.160 0.116 
L2 bank util. 0.030 0.036 0.031 0.027 0.033 0.035 0.033 0.043 
L1-L2 bus util. = 0.147, L3 util. = 0.083
----------------------------------------

======================== 切片硬件状态 ========================
切片号 | 所属安全域 | 当前状态    | 路扩展 | LRU touched
------------------------------------------------------------------
  0    |   域3      | 正常运行   |  是   |  694549123
  1    |   域0      | 正常运行   |  否   |  694549125
  2    |   域2      | 正常运行   |  否   |  694549064
  3    |   域3      | 正常运行   |  是   |  694549124
==================================================================

branch prediction, hits = 128109577, misses = 17339356, hit rate = 88.08%
return_stack prediction, hits = 17108961, misses = 1074, hit rate = 99.99%
jump prediction, hits = 153091427, misses = 13726329, hit rate = 91.77%
total IPC 2.880

=== Results saved to: ./results/crafty_2_gzip-log_1_gzip-program_1.txt ===
