===== 执行信息 =====
Cache目录：share32
执行命令：./smtsim ../smalltrans.arg2 ../gzip-program.arg ../gcc-200.arg
执行时间：2026-04-17 17:29:41
返回码：0
===== 输出内容 =====
全共享缓存
Process 0, Thread 0: smalltrans
Process 0, Thread 1: smalltrans
Process 2, Thread 2: gzip-program
Process 3, Thread 3: gcc-200

**** Debug Statistics at 1000000 Cycles *****
Threads: 4		Fetch Width: 8
No of useful instructions fetched:	1103059 (13.79% proc util.)
No of total instructions fetched:	1242621 (15.53% proc util.)
 includes 14385 misfetch (1.2%), 125177 (10.1%) wrong-path fetches
 and 0 flushed after failed lock(0.0%)
No of useful instructions issued/executed:	1102991 (13.79% proc util.)
No of total instructions issued/executed:	1154269 (14.43% proc util.)
 includes 51278 wrong-path (4.4%) insts and 0 flushed (0.0%)
	fp 70, 0.01%
	synch 0, 0.00%
	integer 664820, 57.60%
	load/store 489379, 42.40%
Avg size of int IQ (before scheduling): 35.26
Avg size of fp IQ (before scheduling): 0.00
No of cycles taken:		1000000
Parallelism [ 0.634, 0.000, 0.142, 0.327,] = 1.103
 IQ conflicts: 8307 (0.83%), FQ conflicts: 0 (0.00%) 
 I reg conflicts: 796850 (79.69%), FP reg conflicts: 0 (0.00%)
  Activelist confs: 0 (0.00%), ROB confs: 214 (0.02%)
  Int unit conflicts: 207225 (20.72%), FP unit conflicts: 0 (0.00%)
  Load/store unit conflicts: 54480 (5.45%)
  MSHR conflicts: 910095 (91.01%)
----------------------------------------
==== System-wide Cache Statistics ====
Stall for miss queue full 0 cycles (0.00%)
----------------------------------------
==== Statistics for Master ID: 0 ====
Reads: 339339   Writes: 151415
ICACHE: size: 64 KB assoc: 2
ICACHE: hits:185369 misses:5  Hit Ratio: 100.00%
DCACHE: size: 32 KB assoc: 8
DCACHE: hits:299105 misses:6275 writebacks:5879  Hit Ratio: 97.95%
SCACHE: size: 512 KB assoc: 2
SCACHE: hits:5313 misses:967  Hit Ratio: 84.60%
3CACHE: size: 4096 KB assoc: 2
3CACHE: hits:545 misses:422  Hit Ratio: 56.36%
3CACHE: dirty items replaced:0
ITLB: size: 48, misses 1, miss rate 0.00%
DTLB: size: 128, misses 83, miss rate 0.03%
Avg mem delay: 27.933 cycles
----------------------------------------
==== Statistics for Master ID: 2 ====
Reads: 92823   Writes: 23134
ICACHE: size: 64 KB assoc: 2
ICACHE: hits:47457 misses:208  Hit Ratio: 99.56%
DCACHE: size: 32 KB assoc: 8
DCACHE: hits:43332 misses:24960 writebacks:24870  Hit Ratio: 63.45%
SCACHE: size: 512 KB assoc: 2
SCACHE: hits:2586 misses:22578  Hit Ratio: 10.28%
3CACHE: size: 4096 KB assoc: 2
3CACHE: hits:0 misses:22578  Hit Ratio: 0.00%
3CACHE: dirty items replaced:11
ITLB: size: 48, misses 18, miss rate 0.04%
DTLB: size: 128, misses 5581, miss rate 8.17%
Avg mem delay: 27.933 cycles
----------------------------------------
==== Statistics for Master ID: 3 ====
Reads: 186715   Writes: 50328
ICACHE: size: 64 KB assoc: 2
ICACHE: hits:120065 misses:1379  Hit Ratio: 98.86%
DCACHE: size: 32 KB assoc: 8
DCACHE: hits:112103 misses:3496 writebacks:3393  Hit Ratio: 96.98%
SCACHE: size: 512 KB assoc: 2
SCACHE: hits:1151 misses:3724  Hit Ratio: 23.61%
3CACHE: size: 4096 KB assoc: 2
3CACHE: hits:84 misses:3640  Hit Ratio: 2.26%
3CACHE: dirty items replaced:0
ITLB: size: 48, misses 89, miss rate 0.07%
DTLB: size: 128, misses 399, miss rate 0.35%
Avg mem delay: 27.933 cycles
----------------------------------------
==== Global Resource Utilization ====
STASH: size: 65536 entries, full 501272556, empty 22189, misses 1878, full rate 100.00
icache bank util. 0.025 0.019 0.020 0.018 0.015 0.015 0.118 0.130 
dcache bank util. 0.064 0.064 0.075 0.054 0.053 0.053 0.267 0.064 
L2 bank util. 0.012 0.010 0.010 0.010 0.010 0.010 0.319 0.011 
L1-L2 bus util. = 0.211, L3 util. = 0.266
----------------------------------------
branch prediction, hits = 119178, misses = 6928, hit rate = 94.51%
return_stack prediction, hits = 4163, misses = 14, hit rate = 99.66%
jump prediction, hits = 122175, misses = 3879, hit rate = 96.92%
 abend_ adia_ adib_ ambm6_ analie6_
**** Debug Statistics at 101000000 Cycles *****
Threads: 4		Fetch Width: 8
No of useful instructions fetched:	207615773 (25.70% proc util.)
No of total instructions fetched:	240319060 (29.74% proc util.)
 includes 6453170 misfetch (2.7%), 26250117 (10.9%) wrong-path fetches
 and 0 flushed after failed lock(0.0%)
No of useful instructions issued/executed:	207615758 (25.70% proc util.)
No of total instructions issued/executed:	218748912 (27.07% proc util.)
 includes 11133154 wrong-path (5.1%) insts and 0 flushed (0.0%)
	fp 10250, 0.00%
	synch 0, 0.00%
	integer 129145699, 59.04%
	load/store 89592963, 40.96%
Avg size of int IQ (before scheduling): 19.57
Avg size of fp IQ (before scheduling): 0.00
No of cycles taken:		101000000
Parallelism [ 1.035, 0.000, 0.359, 0.661,] = 2.056
 IQ conflicts: 132697 (0.13%), FQ conflicts: 0 (0.00%) 
 I reg conflicts: 64823512 (64.18%), FP reg conflicts: 0 (0.00%)
  Activelist confs: 0 (0.00%), ROB confs: 214 (0.00%)
  Int unit conflicts: 28871295 (28.59%), FP unit conflicts: 0 (0.00%)
  Load/store unit conflicts: 7290526 (7.22%)
  MSHR conflicts: 22711380 (22.49%)
----------------------------------------
==== System-wide Cache Statistics ====
Stall for miss queue full 0 cycles (0.00%)
----------------------------------------
==== Statistics for Master ID: 0 ====
Reads: 58302673   Writes: 24972545
ICACHE: size: 64 KB assoc: 2
ICACHE: hits:32916484 misses:1969  Hit Ratio: 99.99%
DCACHE: size: 32 KB assoc: 8
DCACHE: hits:48803791 misses:1552974 writebacks:1552578  Hit Ratio: 96.92%
SCACHE: size: 512 KB assoc: 2
SCACHE: hits:1538381 misses:16562  Hit Ratio: 98.93%
3CACHE: size: 4096 KB assoc: 2
3CACHE: hits:13441 misses:3121  Hit Ratio: 81.16%
3CACHE: dirty items replaced:647
ITLB: size: 48, misses 1, miss rate 0.00%
DTLB: size: 128, misses 938, miss rate 0.00%
Avg mem delay: 4.433 cycles
----------------------------------------
==== Statistics for Master ID: 2 ====
Reads: 17486442   Writes: 5395118
ICACHE: size: 64 KB assoc: 2
ICACHE: hits:11900419 misses:5742  Hit Ratio: 99.95%
DCACHE: size: 32 KB assoc: 8
DCACHE: hits:9462133 misses:1513266 writebacks:1513176  Hit Ratio: 86.21%
SCACHE: size: 512 KB assoc: 2
SCACHE: hits:31422 misses:1487585  Hit Ratio: 2.07%
3CACHE: size: 4096 KB assoc: 2
3CACHE: hits:144 misses:1487441  Hit Ratio: 0.01%
3CACHE: dirty items replaced:52555
ITLB: size: 48, misses 72, miss rate 0.00%
DTLB: size: 128, misses 66532, miss rate 0.61%
Avg mem delay: 4.433 cycles
----------------------------------------
==== Statistics for Master ID: 3 ====
Reads: 44809526   Writes: 8395264
ICACHE: size: 64 KB assoc: 2
ICACHE: hits:24578685 misses:413954  Hit Ratio: 98.34%
DCACHE: size: 32 KB assoc: 8
DCACHE: hits:27241779 misses:970372 writebacks:970269  Hit Ratio: 96.56%
SCACHE: size: 512 KB assoc: 2
SCACHE: hits:1085070 misses:299256  Hit Ratio: 78.38%
3CACHE: size: 4096 KB assoc: 2
3CACHE: hits:191540 misses:107716  Hit Ratio: 64.01%
3CACHE: dirty items replaced:7939
ITLB: size: 48, misses 32851, miss rate 0.13%
DTLB: size: 128, misses 25017, miss rate 0.09%
Avg mem delay: 4.433 cycles
----------------------------------------
==== Global Resource Utilization ====
STASH: size: 65536 entries, full 743697422, empty 7914685, misses 707857, full rate 98.85
icache bank util. 0.044 0.034 0.031 0.033 0.033 0.108 0.202 0.219 
dcache bank util. 0.143 0.144 0.139 0.136 0.136 0.134 0.143 0.151 
L2 bank util. 0.049 0.049 0.048 0.048 0.047 0.047 0.057 0.066 
L1-L2 bus util. = 0.252, L3 util. = 0.158
----------------------------------------
branch prediction, hits = 25542472, misses = 1672911, hit rate = 93.85%
return_stack prediction, hits = 867144, misses = 1378, hit rate = 99.84%
jump prediction, hits = 24995971, misses = 1762925, hit rate = 93.41%
 betalf_
**** Debug Statistics at 201000000 Cycles *****
Threads: 4		Fetch Width: 8
No of useful instructions fetched:	569062582 (35.39% proc util.)
No of total instructions fetched:	689060608 (42.85% proc util.)
 includes 14439414 misfetch (2.1%), 105558612 (15.3%) wrong-path fetches
 and 0 flushed after failed lock(0.0%)
No of useful instructions issued/executed:	569062558 (35.39% proc util.)
No of total instructions issued/executed:	613563921 (38.16% proc util.)
 includes 44501363 wrong-path (7.3%) insts and 0 flushed (0.0%)
	fp 39748, 0.01%
	synch 0, 0.00%
	integer 370499080, 60.38%
	load/store 243025093, 39.61%
Avg size of int IQ (before scheduling): 22.69
Avg size of fp IQ (before scheduling): 0.01
No of cycles taken:		201000000
Parallelism [ 1.340, 0.000, 0.692, 0.799,] = 2.831
 IQ conflicts: 861209 (0.43%), FQ conflicts: 0 (0.00%) 
 I reg conflicts: 97343325 (48.43%), FP reg conflicts: 0 (0.00%)
  Activelist confs: 87 (0.00%), ROB confs: 83661 (0.04%)
  Int unit conflicts: 265792495 (132.24%), FP unit conflicts: 3 (0.00%)
  Load/store unit conflicts: 37929359 (18.87%)
  MSHR conflicts: 59922121 (29.81%)
----------------------------------------
==== System-wide Cache Statistics ====
Stall for miss queue full 0 cycles (0.00%)
----------------------------------------
==== Statistics for Master ID: 0 ====
Reads: 153176631   Writes: 64324212
ICACHE: size: 64 KB assoc: 2
ICACHE: hits:87669887 misses:2933  Hit Ratio: 100.00%
DCACHE: size: 32 KB assoc: 8
DCACHE: hits:126051034 misses:3776989 writebacks:3776593  Hit Ratio: 97.09%
SCACHE: size: 512 KB assoc: 2
SCACHE: hits:3745840 misses:34082  Hit Ratio: 99.10%
3CACHE: size: 4096 KB assoc: 2
3CACHE: hits:28152 misses:5930  Hit Ratio: 82.60%
3CACHE: dirty items replaced:2037
ITLB: size: 48, misses 1, miss rate 0.00%
DTLB: size: 128, misses 2077, miss rate 0.00%
Avg mem delay: 3.255 cycles
----------------------------------------
==== Statistics for Master ID: 2 ====
Reads: 75053591   Writes: 14206237
ICACHE: size: 64 KB assoc: 2
ICACHE: hits:47842560 misses:10371  Hit Ratio: 99.98%
DCACHE: size: 32 KB assoc: 8
DCACHE: hits:38353272 misses:3053625 writebacks:3053535  Hit Ratio: 92.63%
SCACHE: size: 512 KB assoc: 2
SCACHE: hits:882739 misses:2181257  Hit Ratio: 28.81%
3CACHE: size: 4096 KB assoc: 2
3CACHE: hits:58788 misses:2122469  Hit Ratio: 2.70%
3CACHE: dirty items replaced:97678
ITLB: size: 48, misses 250, miss rate 0.00%
DTLB: size: 128, misses 100739, miss rate 0.24%
Avg mem delay: 3.255 cycles
----------------------------------------
==== Statistics for Master ID: 3 ====
Reads: 115861040   Writes: 21192600
ICACHE: size: 64 KB assoc: 2
ICACHE: hits:64568472 misses:839924  Hit Ratio: 98.72%
DCACHE: size: 32 KB assoc: 8
DCACHE: hits:69347438 misses:2297806 writebacks:2297703  Hit Ratio: 96.79%
SCACHE: size: 512 KB assoc: 2
SCACHE: hits:2494099 misses:643631  Hit Ratio: 79.49%
3CACHE: size: 4096 KB assoc: 2
3CACHE: hits:456970 misses:186661  Hit Ratio: 71.00%
3CACHE: dirty items replaced:19020
ITLB: size: 48, misses 57271, miss rate 0.09%
DTLB: size: 128, misses 77790, miss rate 0.11%
Avg mem delay: 3.255 cycles
----------------------------------------
==== Global Resource Utilization ====
STASH: size: 65536 entries, full 1213851833, empty 16727369, misses 1503114, full rate 98.52
icache bank util. 0.066 0.055 0.050 0.059 0.069 0.135 0.284 0.294 
dcache bank util. 0.181 0.185 0.186 0.180 0.191 0.177 0.196 0.186 
L2 bank util. 0.054 0.054 0.053 0.054 0.052 0.051 0.057 0.065 
L1-L2 bus util. = 0.285, L3 util. = 0.115
----------------------------------------
branch prediction, hits = 63567840, misses = 5137649, hit rate = 92.52%
return_stack prediction, hits = 2661671, misses = 3348, hit rate = 99.87%
jump prediction, hits = 64794172, misses = 4065597, hit rate = 94.10%
 block_ blockdis_
**** Debug Statistics at 301000000 Cycles *****
Threads: 4		Fetch Width: 8
No of useful instructions fetched:	1041873777 (43.27% proc util.)
No of total instructions fetched:	1267121596 (52.62% proc util.)
 includes 22312164 misfetch (1.8%), 202935655 (16.0%) wrong-path fetches
 and 0 flushed after failed lock(0.0%)
No of useful instructions issued/executed:	1041873724 (43.27% proc util.)
No of total instructions issued/executed:	1127619013 (46.83% proc util.)
 includes 85745289 wrong-path (7.6%) insts and 0 flushed (0.0%)
	fp 49257, 0.00%
	synch 0, 0.00%
	integer 689067683, 61.11%
	load/store 438502073, 38.89%
Avg size of int IQ (before scheduling): 26.04
Avg size of fp IQ (before scheduling): 0.01
No of cycles taken:		301000000
Parallelism [ 1.595, 0.000, 0.963, 0.904,] = 3.461
 IQ conflicts: 2417729 (0.80%), FQ conflicts: 0 (0.00%) 
 I reg conflicts: 109110928 (36.25%), FP reg conflicts: 0 (0.00%)
  Activelist confs: 264 (0.00%), ROB confs: 229866 (0.08%)
  Int unit conflicts: 638959419 (212.28%), FP unit conflicts: 3 (0.00%)
  Load/store unit conflicts: 81509630 (27.08%)
  MSHR conflicts: 74682529 (24.81%)
----------------------------------------
==== System-wide Cache Statistics ====
Stall for miss queue full 0 cycles (0.00%)
----------------------------------------
==== Statistics for Master ID: 0 ====
Reads: 274518361   Writes: 114706478
ICACHE: size: 64 KB assoc: 2
ICACHE: hits:157596274 misses:3739  Hit Ratio: 100.00%
DCACHE: size: 32 KB assoc: 8
DCACHE: hits:225085190 misses:6539636 writebacks:6539240  Hit Ratio: 97.18%
SCACHE: size: 512 KB assoc: 2
SCACHE: hits:6495204 misses:48171  Hit Ratio: 99.26%
3CACHE: size: 4096 KB assoc: 2
3CACHE: hits:40466 misses:7705  Hit Ratio: 84.00%
3CACHE: dirty items replaced:3707
ITLB: size: 48, misses 1, miss rate 0.00%
DTLB: size: 128, misses 4681, miss rate 0.00%
Avg mem delay: 2.788 cycles
----------------------------------------
==== Statistics for Master ID: 2 ====
Reads: 156891896   Writes: 25156167
ICACHE: size: 64 KB assoc: 2
ICACHE: hits:98218124 misses:19246  Hit Ratio: 99.98%
DCACHE: size: 32 KB assoc: 8
DCACHE: hits:79519528 misses:4291165 writebacks:4291075  Hit Ratio: 94.88%
SCACHE: size: 512 KB assoc: 2
SCACHE: hits:2009182 misses:2301229  Hit Ratio: 46.61%
3CACHE: size: 4096 KB assoc: 2
3CACHE: hits:154403 misses:2146826  Hit Ratio: 6.71%
3CACHE: dirty items replaced:102981
ITLB: size: 48, misses 517, miss rate 0.00%
DTLB: size: 128, misses 126146, miss rate 0.15%
Avg mem delay: 2.788 cycles
----------------------------------------
==== Statistics for Master ID: 3 ====
Reads: 200773028   Writes: 36360568
ICACHE: size: 64 KB assoc: 2
ICACHE: hits:112999242 misses:1322822  Hit Ratio: 98.84%
DCACHE: size: 32 KB assoc: 8
DCACHE: hits:118609359 misses:4202173 writebacks:4202070  Hit Ratio: 96.58%
SCACHE: size: 512 KB assoc: 2
SCACHE: hits:4589641 misses:935354  Hit Ratio: 83.07%
3CACHE: size: 4096 KB assoc: 2
3CACHE: hits:705386 misses:229968  Hit Ratio: 75.41%
3CACHE: dirty items replaced:31600
ITLB: size: 48, misses 80337, miss rate 0.07%
DTLB: size: 128, misses 181211, miss rate 0.15%
Avg mem delay: 2.788 cycles
----------------------------------------
==== Global Resource Utilization ====
STASH: size: 65536 entries, full 1824042486, empty 26209600, misses 2358056, full rate 98.46
icache bank util. 0.085 0.070 0.063 0.079 0.095 0.144 0.350 0.357 
dcache bank util. 0.208 0.219 0.224 0.213 0.233 0.204 0.238 0.216 
L2 bank util. 0.058 0.058 0.057 0.058 0.055 0.054 0.059 0.067 
L1-L2 bus util. = 0.313, L3 util. = 0.079
----------------------------------------
branch prediction, hits = 111887617, misses = 9045809, hit rate = 92.52%
return_stack prediction, hits = 5313885, misses = 6621, hit rate = 99.88%
jump prediction, hits = 116148999, misses = 6383789, hit rate = 94.79%
 caconv_ calrms_ chroma_ cinvar_ clor6_
**** Debug Statistics at 401000000 Cycles *****
Threads: 4		Fetch Width: 8
No of useful instructions fetched:	1509304563 (47.05% proc util.)
No of total instructions fetched:	1854116937 (57.80% proc util.)
 includes 31482299 misfetch (1.7%), 313330075 (16.9%) wrong-path fetches
 and 0 flushed after failed lock(0.0%)
No of useful instructions issued/executed:	1509304534 (47.05% proc util.)
No of total instructions issued/executed:	1641972891 (51.18% proc util.)
 includes 132668357 wrong-path (8.1%) insts and 0 flushed (0.0%)
	fp 70986, 0.00%
	synch 0, 0.00%
	integer 1006700140, 61.31%
	load/store 635201765, 38.69%
Avg size of int IQ (before scheduling): 27.10
Avg size of fp IQ (before scheduling): 0.01
No of cycles taken:		401000000
Parallelism [ 1.729, 0.000, 1.094, 0.941,] = 3.764
 IQ conflicts: 3379460 (0.84%), FQ conflicts: 0 (0.00%) 
 I reg conflicts: 120034046 (29.93%), FP reg conflicts: 0 (0.00%)
  Activelist confs: 651 (0.00%), ROB confs: 351644 (0.09%)
  Int unit conflicts: 985506592 (245.76%), FP unit conflicts: 6 (0.00%)
  Load/store unit conflicts: 122033532 (30.43%)
  MSHR conflicts: 88466348 (22.06%)
----------------------------------------
==== System-wide Cache Statistics ====
Stall for miss queue full 0 cycles (0.00%)
----------------------------------------
==== Statistics for Master ID: 0 ====
Reads: 397873118   Writes: 165745987
ICACHE: size: 64 KB assoc: 2
ICACHE: hits:228861654 misses:4575  Hit Ratio: 100.00%
DCACHE: size: 32 KB assoc: 8
DCACHE: hits:325475334 misses:9277542 writebacks:9277146  Hit Ratio: 97.23%
SCACHE: size: 512 KB assoc: 2
SCACHE: hits:9220321 misses:61796  Hit Ratio: 99.33%
3CACHE: size: 4096 KB assoc: 2
3CACHE: hits:51334 misses:10462  Hit Ratio: 83.07%
3CACHE: dirty items replaced:6246
ITLB: size: 48, misses 1, miss rate 0.00%
DTLB: size: 128, misses 5410, miss rate 0.00%
Avg mem delay: 2.582 cycles
----------------------------------------
==== Statistics for Master ID: 2 ====
Reads: 240699867   Writes: 37042013
ICACHE: size: 64 KB assoc: 2
ICACHE: hits:149824926 misses:27732  Hit Ratio: 99.98%
DCACHE: size: 32 KB assoc: 8
DCACHE: hits:122220115 misses:5669107 writebacks:5669017  Hit Ratio: 95.57%
SCACHE: size: 512 KB assoc: 2
SCACHE: hits:3264593 misses:2432244  Hit Ratio: 57.31%
3CACHE: size: 4096 KB assoc: 2
3CACHE: hits:254300 misses:2177944  Hit Ratio: 10.46%
3CACHE: dirty items replaced:113764
ITLB: size: 48, misses 845, miss rate 0.00%
DTLB: size: 128, misses 138867, miss rate 0.11%
Avg mem delay: 2.582 cycles
----------------------------------------
==== Statistics for Master ID: 3 ====
Reads: 284582791   Writes: 50411464
ICACHE: size: 64 KB assoc: 2
ICACHE: hits:160869583 misses:1939450  Hit Ratio: 98.81%
DCACHE: size: 32 KB assoc: 8
DCACHE: hits:166439779 misses:5745443 writebacks:5745340  Hit Ratio: 96.66%
SCACHE: size: 512 KB assoc: 2
SCACHE: hits:6417672 misses:1267221  Hit Ratio: 83.51%
3CACHE: size: 4096 KB assoc: 2
3CACHE: hits:978346 misses:288875  Hit Ratio: 77.20%
3CACHE: dirty items replaced:58457
ITLB: size: 48, misses 122040, miss rate 0.07%
DTLB: size: 128, misses 250372, miss rate 0.15%
Avg mem delay: 2.582 cycles
----------------------------------------
==== Global Resource Utilization ====
STASH: size: 65536 entries, full 2442479561, empty 37646759, misses 3369936, full rate 98.35
icache bank util. 0.093 0.077 0.071 0.089 0.109 0.150 0.385 0.390 
dcache bank util. 0.223 0.233 0.243 0.230 0.257 0.218 0.260 0.229 
L2 bank util. 0.059 0.059 0.058 0.059 0.056 0.056 0.060 0.067 
L1-L2 bus util. = 0.324, L3 util. = 0.062
----------------------------------------
branch prediction, hits = 157761451, misses = 13549369, hit rate = 92.09%
return_stack prediction, hits = 7688622, misses = 9441, hit rate = 99.88%
jump prediction, hits = 165305259, misses = 9082275, hit rate = 94.79%
 clorb_
**** Debug Statistics at 501000000 Cycles *****
Threads: 4		Fetch Width: 8
No of useful instructions fetched:	1975688653 (49.29% proc util.)
No of total instructions fetched:	2440444091 (60.89% proc util.)
 includes 41151055 misfetch (1.7%), 423604383 (17.4%) wrong-path fetches
 and 0 flushed after failed lock(0.0%)
No of useful instructions issued/executed:	1975688624 (49.29% proc util.)
No of total instructions issued/executed:	2155541021 (53.78% proc util.)
 includes 179852397 wrong-path (8.3%) insts and 0 flushed (0.0%)
	fp 83888, 0.00%
	synch 0, 0.00%
	integer 1324275896, 61.44%
	load/store 831181237, 38.56%
Avg size of int IQ (before scheduling): 27.83
Avg size of fp IQ (before scheduling): 0.01
No of cycles taken:		501000000
Parallelism [ 1.805, 0.000, 1.168, 0.970,] = 3.943
 IQ conflicts: 4603329 (0.92%), FQ conflicts: 0 (0.00%) 
 I reg conflicts: 131034045 (26.15%), FP reg conflicts: 0 (0.00%)
  Activelist confs: 735 (0.00%), ROB confs: 486112 (0.10%)
  Int unit conflicts: 1333909795 (266.25%), FP unit conflicts: 8 (0.00%)
  Load/store unit conflicts: 163796103 (32.69%)
  MSHR conflicts: 108278155 (21.61%)
----------------------------------------
==== System-wide Cache Statistics ====
Stall for miss queue full 0 cycles (0.00%)
----------------------------------------
==== Statistics for Master ID: 0 ====
Reads: 519924299   Writes: 216173904
ICACHE: size: 64 KB assoc: 2
ICACHE: hits:299452249 misses:5746  Hit Ratio: 100.00%
DCACHE: size: 32 KB assoc: 8
DCACHE: hits:424592692 misses:12047516 writebacks:12047120  Hit Ratio: 97.24%
SCACHE: size: 512 KB assoc: 2
SCACHE: hits:11979536 misses:73726  Hit Ratio: 99.39%
3CACHE: size: 4096 KB assoc: 2
3CACHE: hits:61242 misses:12484  Hit Ratio: 83.07%
3CACHE: dirty items replaced:8233
ITLB: size: 48, misses 1, miss rate 0.00%
DTLB: size: 128, misses 6139, miss rate 0.00%
Avg mem delay: 2.483 cycles
----------------------------------------
==== Statistics for Master ID: 2 ====
Reads: 323006260   Writes: 48143082
ICACHE: size: 64 KB assoc: 2
ICACHE: hits:200606416 misses:36519  Hit Ratio: 99.98%
DCACHE: size: 32 KB assoc: 8
DCACHE: hits:163448558 misses:7057849 writebacks:7057759  Hit Ratio: 95.86%
SCACHE: size: 512 KB assoc: 2
SCACHE: hits:4527765 misses:2566603  Hit Ratio: 63.82%
3CACHE: size: 4096 KB assoc: 2
3CACHE: hits:362395 misses:2204208  Hit Ratio: 14.12%
3CACHE: dirty items replaced:124713
ITLB: size: 48, misses 1111, miss rate 0.00%
DTLB: size: 128, misses 153350, miss rate 0.09%
Avg mem delay: 2.483 cycles
----------------------------------------
==== Statistics for Master ID: 3 ====
Reads: 371015730   Writes: 65240753
ICACHE: size: 64 KB assoc: 2
ICACHE: hits:210272607 misses:2472894  Hit Ratio: 98.84%
DCACHE: size: 32 KB assoc: 8
DCACHE: hits:216099690 misses:7411292 writebacks:7411189  Hit Ratio: 96.68%
SCACHE: size: 512 KB assoc: 2
SCACHE: hits:8260152 misses:1624033  Hit Ratio: 83.57%
3CACHE: size: 4096 KB assoc: 2
3CACHE: hits:1278331 misses:345702  Hit Ratio: 78.71%
3CACHE: dirty items replaced:86110
ITLB: size: 48, misses 146760, miss rate 0.07%
DTLB: size: 128, misses 326903, miss rate 0.15%
Avg mem delay: 2.483 cycles
----------------------------------------
==== Global Resource Utilization ====
STASH: size: 65536 entries, full 3060992590, empty 48203025, misses 4313484, full rate 98.31
icache bank util. 0.098 0.082 0.075 0.095 0.118 0.155 0.405 0.410 
dcache bank util. 0.233 0.243 0.253 0.241 0.270 0.225 0.272 0.239 
L2 bank util. 0.061 0.060 0.059 0.060 0.057 0.056 0.061 0.068 
L1-L2 bus util. = 0.333, L3 util. = 0.051
----------------------------------------
branch prediction, hits = 204204675, misses = 18035840, hit rate = 91.88%
return_stack prediction, hits = 10051907, misses = 11397, hit rate = 99.89%
jump prediction, hits = 214671213, misses = 11892723, hit rate = 94.75%

**** Early Exiting at 506443378 Cycles *****
========================================
 SMTSIM Global Statistics
========================================
Threads: 4		Fetch Width: 8
No of useful instructions fetched:	2000000111 (49.36% proc util.)
No of total instructions fetched:	2471377321 (61.00% proc util.)
 includes 41672005 misfetch (1.7%), 429705205 (17.4%) wrong-path fetches
 and 0 flushed after failed lock(0.0%)
No of useful instructions issued/executed:	2000000037 (49.36% proc util.)
No of total instructions issued/executed:	2182610278 (53.87% proc util.)
 includes 182610241 wrong-path (8.4%) insts and 0 flushed (0.0%)
	fp 83921, 0.00%
	synch 0, 0.00%
	integer 1340712727, 61.43%
	load/store 841813630, 38.57%
Avg size of int IQ (before scheduling): 27.84
Avg size of fp IQ (before scheduling): 0.01
No of cycles taken:		506443378
Parallelism [ 1.809, 0.000, 1.171, 0.969,] = 3.949
 IQ conflicts: 4650975 (0.92%), FQ conflicts: 0 (0.00%) 
 I reg conflicts: 131779657 (26.02%), FP reg conflicts: 0 (0.00%)
  Activelist confs: 735 (0.00%), ROB confs: 490675 (0.10%)
  Int unit conflicts: 1349550697 (266.48%), FP unit conflicts: 8 (0.00%)
  Load/store unit conflicts: 166002436 (32.78%)
  MSHR conflicts: 108716130 (21.47%)
----------------------------------------
==== System-wide Cache Statistics ====
Stall for miss queue full 0 cycles (0.00%)
----------------------------------------
==== Statistics for Master ID: 0 ====
Reads: 526493480   Writes: 218906434
ICACHE: size: 64 KB assoc: 2
ICACHE: hits:303233011 misses:5813  Hit Ratio: 100.00%
DCACHE: size: 32 KB assoc: 8
DCACHE: hits:429962246 misses:12198844 writebacks:12198448  Hit Ratio: 97.24%
SCACHE: size: 512 KB assoc: 2
SCACHE: hits:12130161 misses:74496  Hit Ratio: 99.39%
3CACHE: size: 4096 KB assoc: 2
3CACHE: hits:61923 misses:12573  Hit Ratio: 83.12%
3CACHE: dirty items replaced:8322
ITLB: size: 48, misses 1, miss rate 0.00%
DTLB: size: 128, misses 6173, miss rate 0.00%
Avg mem delay: 2.480 cycles
----------------------------------------
==== Statistics for Master ID: 2 ====
Reads: 327580304   Writes: 48785906
ICACHE: size: 64 KB assoc: 2
ICACHE: hits:203422689 misses:37093  Hit Ratio: 99.98%
DCACHE: size: 32 KB assoc: 8
DCACHE: hits:165769104 misses:7137324 writebacks:7137234  Hit Ratio: 95.87%
SCACHE: size: 512 KB assoc: 2
SCACHE: hits:4600025 misses:2574392  Hit Ratio: 64.12%
3CACHE: size: 4096 KB assoc: 2
3CACHE: hits:368184 misses:2206208  Hit Ratio: 14.30%
3CACHE: dirty items replaced:125506
ITLB: size: 48, misses 1124, miss rate 0.00%
DTLB: size: 128, misses 153876, miss rate 0.09%
Avg mem delay: 2.480 cycles
----------------------------------------
==== Statistics for Master ID: 3 ====
Reads: 375364326   Writes: 66043804
ICACHE: size: 64 KB assoc: 2
ICACHE: hits:212686381 misses:2508490  Hit Ratio: 98.83%
DCACHE: size: 32 KB assoc: 8
DCACHE: hits:218712484 misses:7500775 writebacks:7500672  Hit Ratio: 96.68%
SCACHE: size: 512 KB assoc: 2
SCACHE: hits:8363919 misses:1645346  Hit Ratio: 83.56%
3CACHE: size: 4096 KB assoc: 2
3CACHE: hits:1293535 misses:351811  Hit Ratio: 78.62%
3CACHE: dirty items replaced:88602
ITLB: size: 48, misses 148660, miss rate 0.07%
DTLB: size: 128, misses 330710, miss rate 0.15%
Avg mem delay: 2.480 cycles
----------------------------------------
==== Global Resource Utilization ====
STASH: size: 65536 entries, full 3093627369, empty 48824472, misses 4368605, full rate 98.31
icache bank util. 0.099 0.082 0.076 0.095 0.118 0.155 0.406 0.410 
dcache bank util. 0.234 0.244 0.253 0.241 0.271 0.225 0.272 0.239 
L2 bank util. 0.061 0.060 0.059 0.060 0.058 0.056 0.061 0.068 
L1-L2 bus util. = 0.333, L3 util. = 0.051
----------------------------------------
branch prediction, hits = 206554492, misses = 18278039, hit rate = 91.87%
return_stack prediction, hits = 10190820, misses = 11514, hit rate = 99.89%
jump prediction, hits = 217250852, misses = 12052798, hit rate = 94.74%
total IPC 3.949

=== Results saved to: ./results/smalltrans_2_gzip-program_1_gcc-200_1.txt ===
