===== 执行信息 =====
Cache目录：share32
执行命令：./smtsim ../gcc-scilab.arg2 ../gcc-200.arg ../randacc.arg
执行时间：2026-04-16 10:35:13
返回码：0
===== 输出内容 =====
全共享缓存
Process 0, Thread 0: gcc-scilab
Process 0, Thread 1: gcc-scilab
Process 2, Thread 2: gcc-200
Process 3, Thread 3: randacc

**** Debug Statistics at 1000000 Cycles *****
Threads: 4		Fetch Width: 8
No of useful instructions fetched:	2792944 (34.91% proc util.)
No of total instructions fetched:	3335458 (41.69% proc util.)
 includes 130015 misfetch (3.9%), 412499 (12.4%) wrong-path fetches
 and 0 flushed after failed lock(0.0%)
No of useful instructions issued/executed:	2792920 (34.91% proc util.)
No of total instructions issued/executed:	2973757 (37.17% proc util.)
 includes 180837 wrong-path (6.1%) insts and 0 flushed (0.0%)
	fp 148, 0.00%
	synch 0, 0.00%
	integer 2298240, 77.28%
	load/store 675369, 22.71%
Avg size of int IQ (before scheduling): 24.29
Avg size of fp IQ (before scheduling): 0.01
No of cycles taken:		1000000
Parallelism [ 0.767, 0.000, 0.768, 1.258,] = 2.793
 IQ conflicts: 8746 (0.87%), FQ conflicts: 0 (0.00%) 
 I reg conflicts: 462816 (46.28%), FP reg conflicts: 0 (0.00%)
  Activelist confs: 0 (0.00%), ROB confs: 690 (0.07%)
  Int unit conflicts: 1231728 (123.17%), FP unit conflicts: 4 (0.00%)
  Load/store unit conflicts: 142165 (14.22%)
  MSHR conflicts: 353861 (35.39%)
----------------------------------------
==== System-wide Cache Statistics ====
Stall for miss queue full 0 cycles (0.00%)
----------------------------------------
==== Statistics for Master ID: 0 ====
Reads: 463675   Writes: 118550
ICACHE: size: 64 KB assoc: 2
ICACHE: hits:279517 misses:5385  Hit Ratio: 98.11%
DCACHE: size: 32 KB assoc: 8
DCACHE: hits:292658 misses:4665 writebacks:4201  Hit Ratio: 98.43%
SCACHE: size: 512 KB assoc: 2
SCACHE: hits:4984 misses:5066  Hit Ratio: 49.59%
3CACHE: size: 4096 KB assoc: 2
3CACHE: hits:588 misses:4478  Hit Ratio: 11.61%
3CACHE: dirty items replaced:20
ITLB: size: 48, misses 191, miss rate 0.07%
DTLB: size: 128, misses 200, miss rate 0.07%
Avg mem delay: 2.156 cycles
----------------------------------------
==== Statistics for Master ID: 2 ====
Reads: 474076   Writes: 119761
ICACHE: size: 64 KB assoc: 2
ICACHE: hits:286373 misses:5454  Hit Ratio: 98.13%
DCACHE: size: 32 KB assoc: 8
DCACHE: hits:297319 misses:4691 writebacks:4241  Hit Ratio: 98.45%
SCACHE: size: 512 KB assoc: 2
SCACHE: hits:5054 misses:5091  Hit Ratio: 49.82%
3CACHE: size: 4096 KB assoc: 2
3CACHE: hits:570 misses:4521  Hit Ratio: 11.20%
3CACHE: dirty items replaced:23
ITLB: size: 48, misses 184, miss rate 0.06%
DTLB: size: 128, misses 215, miss rate 0.07%
Avg mem delay: 2.156 cycles
----------------------------------------
==== Statistics for Master ID: 3 ====
Reads: 425791   Writes: 36
ICACHE: size: 64 KB assoc: 2
ICACHE: hits:350214 misses:31  Hit Ratio: 99.99%
DCACHE: size: 32 KB assoc: 8
DCACHE: hits:65398 misses:10184 writebacks:9218  Hit Ratio: 86.53%
SCACHE: size: 512 KB assoc: 2
SCACHE: hits:8597 misses:1618  Hit Ratio: 84.16%
3CACHE: size: 4096 KB assoc: 2
3CACHE: hits:638 misses:979  Hit Ratio: 39.46%
3CACHE: dirty items replaced:0
ITLB: size: 48, misses 4, miss rate 0.00%
DTLB: size: 128, misses 23, miss rate 0.03%
Avg mem delay: 2.156 cycles
----------------------------------------
==== Global Resource Utilization ====
STASH: size: 65536 entries, full 3502533, empty 87668, misses 7728, full rate 97.35
icache bank util. 0.201 0.187 0.156 0.087 0.059 0.074 0.084 0.112 
dcache bank util. 0.078 0.095 0.044 0.057 0.075 0.132 0.171 0.134 
L2 bank util. 0.035 0.032 0.030 0.034 0.028 0.030 0.030 0.033 
L1-L2 bus util. = 0.144, L3 util. = 0.100
----------------------------------------
branch prediction, hits = 227457, misses = 15685, hit rate = 93.55%
return_stack prediction, hits = 27640, misses = 12, hit rate = 99.96%
jump prediction, hits = 268124, misses = 33120, hit rate = 89.01%
 dgelq2_ abend_ adia_ adib_ dgelqf_ ambm6_ analie6_ betalf_
**** Debug Statistics at 101000000 Cycles *****
Threads: 4		Fetch Width: 8
No of useful instructions fetched:	320594351 (39.68% proc util.)
No of total instructions fetched:	455344431 (56.35% proc util.)
 includes 25160941 misfetch (5.5%), 109589139 (24.1%) wrong-path fetches
 and 0 flushed after failed lock(0.0%)
No of useful instructions issued/executed:	320594291 (39.68% proc util.)
No of total instructions issued/executed:	374814710 (46.39% proc util.)
 includes 54220419 wrong-path (14.5%) insts and 0 flushed (0.0%)
	fp 14309, 0.00%
	synch 0, 0.00%
	integer 286627689, 76.47%
	load/store 88172712, 23.52%
Avg size of int IQ (before scheduling): 29.97
Avg size of fp IQ (before scheduling): 0.00
No of cycles taken:		101000000
Parallelism [ 0.785, 0.000, 0.728, 1.661,] = 3.174
 IQ conflicts: 1155400 (1.14%), FQ conflicts: 0 (0.00%) 
 I reg conflicts: 29014755 (28.73%), FP reg conflicts: 0 (0.00%)
  Activelist confs: 755 (0.00%), ROB confs: 79408 (0.08%)
  Int unit conflicts: 108063934 (106.99%), FP unit conflicts: 17 (0.00%)
  Load/store unit conflicts: 12135643 (12.02%)
  MSHR conflicts: 4446105 (4.40%)
----------------------------------------
==== System-wide Cache Statistics ====
Stall for miss queue full 0 cycles (0.00%)
----------------------------------------
==== Statistics for Master ID: 0 ====
Reads: 70698876   Writes: 11599713
ICACHE: size: 64 KB assoc: 2
ICACHE: hits:38902455 misses:1312279  Hit Ratio: 96.74%
DCACHE: size: 32 KB assoc: 8
DCACHE: hits:40626226 misses:1457629 writebacks:1457165  Hit Ratio: 96.54%
SCACHE: size: 512 KB assoc: 2
SCACHE: hits:2212251 misses:557656  Hit Ratio: 79.87%
3CACHE: size: 4096 KB assoc: 2
3CACHE: hits:452270 misses:105386  Hit Ratio: 81.10%
3CACHE: dirty items replaced:23608
ITLB: size: 48, misses 98768, miss rate 0.25%
DTLB: size: 128, misses 82079, miss rate 0.20%
Avg mem delay: 2.095 cycles
----------------------------------------
==== Statistics for Master ID: 2 ====
Reads: 60858987   Writes: 10062922
ICACHE: size: 64 KB assoc: 2
ICACHE: hits:33828733 misses:1338656  Hit Ratio: 96.19%
DCACHE: size: 32 KB assoc: 8
DCACHE: hits:34390626 misses:1363894 writebacks:1363444  Hit Ratio: 96.19%
SCACHE: size: 512 KB assoc: 2
SCACHE: hits:2115663 misses:586886  Hit Ratio: 78.28%
3CACHE: size: 4096 KB assoc: 2
3CACHE: hits:470417 misses:116469  Hit Ratio: 80.15%
3CACHE: dirty items replaced:23619
ITLB: size: 48, misses 128763, miss rate 0.37%
DTLB: size: 128, misses 90419, miss rate 0.25%
Avg mem delay: 2.095 cycles
----------------------------------------
==== Statistics for Master ID: 3 ====
Reads: 60438062   Writes: 42
ICACHE: size: 64 KB assoc: 2
ICACHE: hits:50389217 misses:1135  Hit Ratio: 100.00%
DCACHE: size: 32 KB assoc: 8
DCACHE: hits:7695729 misses:2352023 writebacks:2351057  Hit Ratio: 76.59%
SCACHE: size: 512 KB assoc: 2
SCACHE: hits:2276400 misses:76758  Hit Ratio: 96.74%
3CACHE: size: 4096 KB assoc: 2
3CACHE: hits:62804 misses:13954  Hit Ratio: 81.82%
3CACHE: dirty items replaced:7
ITLB: size: 48, misses 4, miss rate 0.00%
DTLB: size: 128, misses 3792, miss rate 0.04%
Avg mem delay: 2.095 cycles
----------------------------------------
==== Global Resource Utilization ====
STASH: size: 65536 entries, full 468583364, empty 19064944, misses 1629484, full rate 95.77
icache bank util. 0.296 0.262 0.183 0.103 0.104 0.100 0.100 0.176 
dcache bank util. 0.146 0.151 0.153 0.150 0.130 0.173 0.135 0.140 
L2 bank util. 0.077 0.077 0.075 0.075 0.071 0.068 0.073 0.074 
L1-L2 bus util. = 0.386, L3 util. = 0.023
----------------------------------------
branch prediction, hits = 26421578, misses = 4121683, hit rate = 86.51%
return_stack prediction, hits = 2059549, misses = 2848, hit rate = 99.86%
jump prediction, hits = 27546161, misses = 5915439, hit rate = 82.32%
 dgels_ block_
**** Debug Statistics at 201000000 Cycles *****
Threads: 4		Fetch Width: 8
No of useful instructions fetched:	654094544 (40.68% proc util.)
No of total instructions fetched:	938094355 (58.34% proc util.)
 includes 50995156 misfetch (5.4%), 233004655 (24.8%) wrong-path fetches
 and 0 flushed after failed lock(0.0%)
No of useful instructions issued/executed:	654094497 (40.68% proc util.)
No of total instructions issued/executed:	768765815 (47.81% proc util.)
 includes 114671318 wrong-path (14.9%) insts and 0 flushed (0.0%)
	fp 46296, 0.01%
	synch 0, 0.00%
	integer 580438810, 75.50%
	load/store 188280709, 24.49%
Avg size of int IQ (before scheduling): 29.69
Avg size of fp IQ (before scheduling): 0.01
No of cycles taken:		201000000
Parallelism [ 0.821, 0.000, 0.822, 1.611,] = 3.254
 IQ conflicts: 2046094 (1.02%), FQ conflicts: 0 (0.00%) 
 I reg conflicts: 54104484 (26.92%), FP reg conflicts: 0 (0.00%)
  Activelist confs: 1174 (0.00%), ROB confs: 257950 (0.13%)
  Int unit conflicts: 235453419 (117.14%), FP unit conflicts: 20 (0.00%)
  Load/store unit conflicts: 27103276 (13.48%)
  MSHR conflicts: 14933696 (7.43%)
----------------------------------------
==== System-wide Cache Statistics ====
Stall for miss queue full 0 cycles (0.00%)
----------------------------------------
==== Statistics for Master ID: 0 ====
Reads: 147244736   Writes: 24297227
ICACHE: size: 64 KB assoc: 2
ICACHE: hits:81929692 misses:2465492  Hit Ratio: 97.08%
DCACHE: size: 32 KB assoc: 8
DCACHE: hits:84116921 misses:3029858 writebacks:3029394  Hit Ratio: 96.52%
SCACHE: size: 512 KB assoc: 2
SCACHE: hits:4449357 misses:1045993  Hit Ratio: 80.97%
3CACHE: size: 4096 KB assoc: 2
3CACHE: hits:865282 misses:180711  Hit Ratio: 82.72%
3CACHE: dirty items replaced:51212
ITLB: size: 48, misses 179653, miss rate 0.21%
DTLB: size: 128, misses 186823, miss rate 0.21%
Avg mem delay: 2.079 cycles
----------------------------------------
==== Statistics for Master ID: 2 ====
Reads: 136684837   Writes: 23094236
ICACHE: size: 64 KB assoc: 2
ICACHE: hits:76190523 misses:2426665  Hit Ratio: 96.91%
DCACHE: size: 32 KB assoc: 8
DCACHE: hits:78364179 misses:2797706 writebacks:2797256  Hit Ratio: 96.55%
SCACHE: size: 512 KB assoc: 2
SCACHE: hits:4156414 misses:1067957  Hit Ratio: 79.56%
3CACHE: size: 4096 KB assoc: 2
3CACHE: hits:873907 misses:194050  Hit Ratio: 81.83%
3CACHE: dirty items replaced:48683
ITLB: size: 48, misses 221977, miss rate 0.28%
DTLB: size: 128, misses 195808, miss rate 0.24%
Avg mem delay: 2.079 cycles
----------------------------------------
==== Statistics for Master ID: 3 ====
Reads: 118858176   Writes: 48
ICACHE: size: 64 KB assoc: 2
ICACHE: hits:99475739 misses:2344  Hit Ratio: 100.00%
DCACHE: size: 32 KB assoc: 8
DCACHE: hits:14688267 misses:4691874 writebacks:4690908  Hit Ratio: 75.79%
SCACHE: size: 512 KB assoc: 2
SCACHE: hits:4558190 misses:136028  Hit Ratio: 97.10%
3CACHE: size: 4096 KB assoc: 2
3CACHE: hits:109769 misses:26259  Hit Ratio: 80.70%
3CACHE: dirty items replaced:672
ITLB: size: 48, misses 4, miss rate 0.00%
DTLB: size: 128, misses 9977, miss rate 0.05%
Avg mem delay: 2.079 cycles
----------------------------------------
==== Global Resource Utilization ====
STASH: size: 65536 entries, full 968513472, empty 37669614, misses 3242851, full rate 95.95
icache bank util. 0.301 0.266 0.190 0.114 0.115 0.108 0.104 0.180 
dcache bank util. 0.150 0.150 0.153 0.160 0.156 0.193 0.143 0.144 
L2 bank util. 0.076 0.076 0.074 0.076 0.071 0.066 0.073 0.073 
L1-L2 bus util. = 0.387, L3 util. = 0.020
----------------------------------------
branch prediction, hits = 55169812, misses = 8820961, hit rate = 86.22%
return_stack prediction, hits = 4411803, misses = 5573, hit rate = 99.87%
jump prediction, hits = 57053588, misses = 12204428, hit rate = 82.38%
 blockdis_
**** Debug Statistics at 301000000 Cycles *****
Threads: 4		Fetch Width: 8
No of useful instructions fetched:	981752742 (40.77% proc util.)
No of total instructions fetched:	1391961185 (57.81% proc util.)
 includes 73327150 misfetch (5.3%), 336881293 (24.2%) wrong-path fetches
 and 0 flushed after failed lock(0.0%)
No of useful instructions issued/executed:	981752720 (40.77% proc util.)
No of total instructions issued/executed:	1147947389 (47.67% proc util.)
 includes 166194669 wrong-path (14.5%) insts and 0 flushed (0.0%)
	fp 55957, 0.00%
	synch 0, 0.00%
	integer 864998116, 75.35%
	load/store 282893316, 24.64%
Avg size of int IQ (before scheduling): 29.85
Avg size of fp IQ (before scheduling): 0.01
No of cycles taken:		301000000
Parallelism [ 0.854, 0.000, 0.827, 1.580,] = 3.262
 IQ conflicts: 3276157 (1.09%), FQ conflicts: 0 (0.00%) 
 I reg conflicts: 83124802 (27.62%), FP reg conflicts: 0 (0.00%)
  Activelist confs: 2307 (0.00%), ROB confs: 563324 (0.19%)
  Int unit conflicts: 367669361 (122.15%), FP unit conflicts: 23 (0.00%)
  Load/store unit conflicts: 41618239 (13.83%)
  MSHR conflicts: 28888798 (9.60%)
----------------------------------------
==== System-wide Cache Statistics ====
Stall for miss queue full 0 cycles (0.00%)
----------------------------------------
==== Statistics for Master ID: 0 ====
Reads: 222659578   Writes: 37098517
ICACHE: size: 64 KB assoc: 2
ICACHE: hits:123649282 misses:3534817  Hit Ratio: 97.22%
DCACHE: size: 32 KB assoc: 8
DCACHE: hits:128056318 misses:4517678 writebacks:4517214  Hit Ratio: 96.59%
SCACHE: size: 512 KB assoc: 2
SCACHE: hits:6479837 misses:1572658  Hit Ratio: 80.47%
3CACHE: size: 4096 KB assoc: 2
3CACHE: hits:1311935 misses:260723  Hit Ratio: 83.42%
3CACHE: dirty items replaced:90792
ITLB: size: 48, misses 260099, miss rate 0.20%
DTLB: size: 128, misses 309204, miss rate 0.23%
Avg mem delay: 2.151 cycles
----------------------------------------
==== Statistics for Master ID: 2 ====
Reads: 203712404   Writes: 34663877
ICACHE: size: 64 KB assoc: 2
ICACHE: hits:113920176 misses:3453940  Hit Ratio: 97.06%
DCACHE: size: 32 KB assoc: 8
DCACHE: hits:116594747 misses:4407418 writebacks:4406968  Hit Ratio: 96.36%
SCACHE: size: 512 KB assoc: 2
SCACHE: hits:6266533 misses:1594825  Hit Ratio: 79.71%
3CACHE: size: 4096 KB assoc: 2
3CACHE: hits:1326444 misses:268381  Hit Ratio: 83.17%
3CACHE: dirty items replaced:82566
ITLB: size: 48, misses 305088, miss rate 0.26%
DTLB: size: 128, misses 364648, miss rate 0.30%
Avg mem delay: 2.151 cycles
----------------------------------------
==== Statistics for Master ID: 3 ====
Reads: 174850630   Writes: 64
ICACHE: size: 64 KB assoc: 2
ICACHE: hits:146390703 misses:3519  Hit Ratio: 100.00%
DCACHE: size: 32 KB assoc: 8
DCACHE: hits:21491196 misses:6965276 writebacks:6964310  Hit Ratio: 75.52%
SCACHE: size: 512 KB assoc: 2
SCACHE: hits:6752450 misses:216345  Hit Ratio: 96.90%
3CACHE: size: 4096 KB assoc: 2
3CACHE: hits:174850 misses:41495  Hit Ratio: 80.82%
3CACHE: dirty items replaced:4062
ITLB: size: 48, misses 4, miss rate 0.00%
DTLB: size: 128, misses 18476, miss rate 0.06%
Avg mem delay: 2.151 cycles
----------------------------------------
==== Global Resource Utilization ====
STASH: size: 65536 entries, full 1439567129, empty 53500144, misses 4612482, full rate 96.12
icache bank util. 0.297 0.264 0.187 0.113 0.116 0.109 0.104 0.179 
dcache bank util. 0.154 0.149 0.153 0.158 0.152 0.191 0.148 0.148 
L2 bank util. 0.075 0.076 0.074 0.075 0.071 0.066 0.072 0.073 
L1-L2 bus util. = 0.386, L3 util. = 0.019
----------------------------------------
branch prediction, hits = 84634211, misses = 12768212, hit rate = 86.89%
return_stack prediction, hits = 6719908, misses = 8901, hit rate = 99.87%
jump prediction, hits = 87036161, misses = 17580651, hit rate = 83.20%
 caconv_ calrms_ chroma_ dgemm_
**** Debug Statistics at 401000000 Cycles *****
Threads: 4		Fetch Width: 8
No of useful instructions fetched:	1323931601 (41.27% proc util.)
No of total instructions fetched:	1861848158 (58.04% proc util.)
 includes 93585816 misfetch (5.0%), 444330741 (23.9%) wrong-path fetches
 and 0 flushed after failed lock(0.0%)
No of useful instructions issued/executed:	1323931563 (41.27% proc util.)
No of total instructions issued/executed:	1542569807 (48.09% proc util.)
 includes 218638244 wrong-path (14.2%) insts and 0 flushed (0.0%)
	fp 86425, 0.01%
	synch 0, 0.00%
	integer 1161838467, 75.32%
	load/store 380644915, 24.68%
Avg size of int IQ (before scheduling): 30.03
Avg size of fp IQ (before scheduling): 0.01
No of cycles taken:		401000000
Parallelism [ 0.881, 0.000, 0.843, 1.577,] = 3.302
 IQ conflicts: 4197026 (1.05%), FQ conflicts: 0 (0.00%) 
 I reg conflicts: 110048433 (27.44%), FP reg conflicts: 0 (0.00%)
  Activelist confs: 4600 (0.00%), ROB confs: 864533 (0.22%)
  Int unit conflicts: 515551046 (128.57%), FP unit conflicts: 25 (0.00%)
  Load/store unit conflicts: 56071958 (13.98%)
  MSHR conflicts: 38914915 (9.70%)
----------------------------------------
==== System-wide Cache Statistics ====
Stall for miss queue full 0 cycles (0.00%)
----------------------------------------
==== Statistics for Master ID: 0 ====
Reads: 297910870   Writes: 50093234
ICACHE: size: 64 KB assoc: 2
ICACHE: hits:166152131 misses:4439257  Hit Ratio: 97.40%
DCACHE: size: 32 KB assoc: 8
DCACHE: hits:171493649 misses:5919067 writebacks:5918603  Hit Ratio: 96.66%
SCACHE: size: 512 KB assoc: 2
SCACHE: hits:8198914 misses:2159409  Hit Ratio: 79.15%
3CACHE: size: 4096 KB assoc: 2
3CACHE: hits:1812513 misses:346895  Hit Ratio: 83.94%
3CACHE: dirty items replaced:137649
ITLB: size: 48, misses 327865, miss rate 0.19%
DTLB: size: 128, misses 399378, miss rate 0.23%
Avg mem delay: 2.128 cycles
----------------------------------------
==== Statistics for Master ID: 2 ====
Reads: 275847501   Writes: 47140393
ICACHE: size: 64 KB assoc: 2
ICACHE: hits:154199178 misses:4475954  Hit Ratio: 97.18%
DCACHE: size: 32 KB assoc: 8
DCACHE: hits:158471610 misses:5841152 writebacks:5840702  Hit Ratio: 96.45%
SCACHE: size: 512 KB assoc: 2
SCACHE: hits:8184679 misses:2132426  Hit Ratio: 79.33%
3CACHE: size: 4096 KB assoc: 2
3CACHE: hits:1777510 misses:354916  Hit Ratio: 83.36%
3CACHE: dirty items replaced:128470
ITLB: size: 48, misses 389240, miss rate 0.25%
DTLB: size: 128, misses 465999, miss rate 0.28%
Avg mem delay: 2.128 cycles
----------------------------------------
==== Statistics for Master ID: 3 ====
Reads: 232324212   Writes: 87
ICACHE: size: 64 KB assoc: 2
ICACHE: hits:194480555 misses:4598  Hit Ratio: 100.00%
DCACHE: size: 32 KB assoc: 8
DCACHE: hits:28617404 misses:9221742 writebacks:9220776  Hit Ratio: 75.63%
SCACHE: size: 512 KB assoc: 2
SCACHE: hits:8940024 misses:286316  Hit Ratio: 96.90%
3CACHE: size: 4096 KB assoc: 2
3CACHE: hits:231760 misses:54556  Hit Ratio: 80.95%
3CACHE: dirty items replaced:6938
ITLB: size: 48, misses 4, miss rate 0.00%
DTLB: size: 128, misses 23014, miss rate 0.06%
Avg mem delay: 2.128 cycles
----------------------------------------
==== Global Resource Utilization ====
STASH: size: 65536 entries, full 1926909476, empty 69404992, misses 5983419, full rate 96.23
icache bank util. 0.297 0.263 0.188 0.115 0.117 0.110 0.104 0.180 
dcache bank util. 0.154 0.146 0.152 0.157 0.153 0.196 0.154 0.149 
L2 bank util. 0.074 0.075 0.073 0.074 0.070 0.065 0.072 0.072 
L1-L2 bus util. = 0.381, L3 util. = 0.019
----------------------------------------
branch prediction, hits = 115410601, misses = 16666576, hit rate = 87.38%
return_stack prediction, hits = 9089609, misses = 12167, hit rate = 99.87%
jump prediction, hits = 119487758, misses = 22530560, hit rate = 84.14%
 cinvar_ dgemv_ clor6_ dgeqr2_
**** Debug Statistics at 501000000 Cycles *****
Threads: 4		Fetch Width: 8
No of useful instructions fetched:	1654202615 (41.27% proc util.)
No of total instructions fetched:	2333368436 (58.22% proc util.)
 includes 117106270 misfetch (5.0%), 562059551 (24.1%) wrong-path fetches
 and 0 flushed after failed lock(0.0%)
No of useful instructions issued/executed:	1654202570 (41.27% proc util.)
No of total instructions issued/executed:	1930451568 (48.16% proc util.)
 includes 276248998 wrong-path (14.3%) insts and 0 flushed (0.0%)
	fp 102400, 0.01%
	synch 0, 0.00%
	integer 1453361071, 75.29%
	load/store 476988097, 24.71%
Avg size of int IQ (before scheduling): 29.91
Avg size of fp IQ (before scheduling): 0.01
No of cycles taken:		501000000
Parallelism [ 0.886, 0.000, 0.839, 1.577,] = 3.302
 IQ conflicts: 4843547 (0.97%), FQ conflicts: 0 (0.00%) 
 I reg conflicts: 136845513 (27.31%), FP reg conflicts: 0 (0.00%)
  Activelist confs: 5694 (0.00%), ROB confs: 1138497 (0.23%)
  Int unit conflicts: 641656541 (128.08%), FP unit conflicts: 32 (0.00%)
  Load/store unit conflicts: 69944713 (13.96%)
  MSHR conflicts: 46977371 (9.38%)
----------------------------------------
==== System-wide Cache Statistics ====
Stall for miss queue full 0 cycles (0.00%)
----------------------------------------
==== Statistics for Master ID: 0 ====
Reads: 372677503   Writes: 62814258
ICACHE: size: 64 KB assoc: 2
ICACHE: hits:207847671 misses:5508750  Hit Ratio: 97.42%
DCACHE: size: 32 KB assoc: 8
DCACHE: hits:214855968 misses:7279372 writebacks:7278908  Hit Ratio: 96.72%
SCACHE: size: 512 KB assoc: 2
SCACHE: hits:10144141 misses:2643981  Hit Ratio: 79.32%
3CACHE: size: 4096 KB assoc: 2
3CACHE: hits:2201687 misses:442294  Hit Ratio: 83.27%
3CACHE: dirty items replaced:197414
ITLB: size: 48, misses 419313, miss rate 0.20%
DTLB: size: 128, misses 499073, miss rate 0.22%
Avg mem delay: 2.113 cycles
----------------------------------------
==== Statistics for Master ID: 2 ====
Reads: 346790003   Writes: 59194106
ICACHE: size: 64 KB assoc: 2
ICACHE: hits:194092506 misses:5635430  Hit Ratio: 97.18%
DCACHE: size: 32 KB assoc: 8
DCACHE: hits:198947550 misses:7308623 writebacks:7308173  Hit Ratio: 96.46%
SCACHE: size: 512 KB assoc: 2
SCACHE: hits:10252902 misses:2691147  Hit Ratio: 79.21%
3CACHE: size: 4096 KB assoc: 2
3CACHE: hits:2240240 misses:450907  Hit Ratio: 83.24%
3CACHE: dirty items replaced:185557
ITLB: size: 48, misses 479209, miss rate 0.24%
DTLB: size: 128, misses 574788, miss rate 0.28%
Avg mem delay: 2.113 cycles
----------------------------------------
==== Statistics for Master ID: 3 ====
Reads: 290718173   Writes: 98
ICACHE: size: 64 KB assoc: 2
ICACHE: hits:243450011 misses:6285  Hit Ratio: 100.00%
DCACHE: size: 32 KB assoc: 8
DCACHE: hits:35754881 misses:11507094 writebacks:11506128  Hit Ratio: 75.65%
SCACHE: size: 512 KB assoc: 2
SCACHE: hits:11161845 misses:351534  Hit Ratio: 96.95%
3CACHE: size: 4096 KB assoc: 2
3CACHE: hits:280363 misses:71171  Hit Ratio: 79.75%
3CACHE: dirty items replaced:13005
ITLB: size: 48, misses 4, miss rate 0.00%
DTLB: size: 128, misses 28304, miss rate 0.06%
Avg mem delay: 2.113 cycles
----------------------------------------
==== Global Resource Utilization ====
STASH: size: 65536 entries, full 2413783591, empty 88215829, misses 7594175, full rate 96.18
icache bank util. 0.297 0.263 0.189 0.116 0.117 0.110 0.105 0.180 
dcache bank util. 0.154 0.147 0.153 0.157 0.155 0.195 0.153 0.149 
L2 bank util. 0.074 0.074 0.073 0.074 0.070 0.065 0.071 0.072 
L1-L2 bus util. = 0.379, L3 util. = 0.019
----------------------------------------
branch prediction, hits = 143550641, misses = 21067881, hit rate = 87.20%
return_stack prediction, hits = 11292710, misses = 15915, hit rate = 99.86%
jump prediction, hits = 148982665, misses = 28288760, hit rate = 84.04%
 dgeqrf_ clorb_
**** Early Exiting at 600976474 Cycles *****
========================================
 SMTSIM Global Statistics
========================================
Threads: 4		Fetch Width: 8
No of useful instructions fetched:	2000000098 (41.60% proc util.)
No of total instructions fetched:	2831410936 (58.89% proc util.)
 includes 142040239 misfetch (5.0%), 689370599 (24.3%) wrong-path fetches
 and 0 flushed after failed lock(0.0%)
No of useful instructions issued/executed:	2000000057 (41.60% proc util.)
No of total instructions issued/executed:	2337409491 (48.62% proc util.)
 includes 337409434 wrong-path (14.4%) insts and 0 flushed (0.0%)
	fp 124939, 0.01%
	synch 0, 0.00%
	integer 1756394080, 75.14%
	load/store 580890472, 24.85%
Avg size of int IQ (before scheduling): 29.83
Avg size of fp IQ (before scheduling): 0.01
No of cycles taken:		600976474
Parallelism [ 0.896, 0.000, 0.861, 1.571,] = 3.328
 IQ conflicts: 5539522 (0.92%), FQ conflicts: 0 (0.00%) 
 I reg conflicts: 160238374 (26.66%), FP reg conflicts: 0 (0.00%)
  Activelist confs: 5895 (0.00%), ROB confs: 1316420 (0.22%)
  Int unit conflicts: 785874089 (130.77%), FP unit conflicts: 33 (0.00%)
  Load/store unit conflicts: 85253697 (14.19%)
  MSHR conflicts: 57115371 (9.50%)
----------------------------------------
==== System-wide Cache Statistics ====
Stall for miss queue full 0 cycles (0.00%)
----------------------------------------
==== Statistics for Master ID: 0 ====
Reads: 455291587   Writes: 76255153
ICACHE: size: 64 KB assoc: 2
ICACHE: hits:254121013 misses:6564019  Hit Ratio: 97.48%
DCACHE: size: 32 KB assoc: 8
DCACHE: hits:262111586 misses:8750122 writebacks:8749658  Hit Ratio: 96.77%
SCACHE: size: 512 KB assoc: 2
SCACHE: hits:12283381 misses:3030760  Hit Ratio: 80.21%
3CACHE: size: 4096 KB assoc: 2
3CACHE: hits:2516277 misses:514483  Hit Ratio: 83.02%
3CACHE: dirty items replaced:242984
ITLB: size: 48, misses 490141, miss rate 0.19%
DTLB: size: 128, misses 593592, miss rate 0.22%
Avg mem delay: 2.078 cycles
----------------------------------------
==== Statistics for Master ID: 2 ====
Reads: 424904781   Writes: 71862775
ICACHE: size: 64 KB assoc: 2
ICACHE: hits:238218659 misses:6622218  Hit Ratio: 97.30%
DCACHE: size: 32 KB assoc: 8
DCACHE: hits:243235223 misses:8691456 writebacks:8691006  Hit Ratio: 96.55%
SCACHE: size: 512 KB assoc: 2
SCACHE: hits:12162511 misses:3151163  Hit Ratio: 79.42%
3CACHE: size: 4096 KB assoc: 2
3CACHE: hits:2615584 misses:535578  Hit Ratio: 83.00%
3CACHE: dirty items replaced:238418
ITLB: size: 48, misses 561588, miss rate 0.23%
DTLB: size: 128, misses 681606, miss rate 0.27%
Avg mem delay: 2.078 cycles
----------------------------------------
==== Statistics for Master ID: 3 ====
Reads: 349144685   Writes: 101
ICACHE: size: 64 KB assoc: 2
ICACHE: hits:292668611 misses:7465  Hit Ratio: 100.00%
DCACHE: size: 32 KB assoc: 8
DCACHE: hits:42669121 misses:13799589 writebacks:13798623  Hit Ratio: 75.56%
SCACHE: size: 512 KB assoc: 2
SCACHE: hits:13396975 misses:410079  Hit Ratio: 97.03%
3CACHE: size: 4096 KB assoc: 2
3CACHE: hits:325387 misses:84692  Hit Ratio: 79.35%
3CACHE: dirty items replaced:18462
ITLB: size: 48, misses 4, miss rate 0.00%
DTLB: size: 128, misses 33681, miss rate 0.06%
Avg mem delay: 2.078 cycles
----------------------------------------
==== Global Resource Utilization ====
STASH: size: 65536 entries, full 2931892769, empty 105339531, misses 9073067, full rate 96.24
icache bank util. 0.299 0.266 0.191 0.118 0.119 0.112 0.106 0.182 
dcache bank util. 0.157 0.148 0.154 0.158 0.154 0.194 0.155 0.155 
L2 bank util. 0.074 0.074 0.072 0.073 0.069 0.064 0.071 0.072 
L1-L2 bus util. = 0.378, L3 util. = 0.019
----------------------------------------
branch prediction, hits = 174100441, misses = 25922199, hit rate = 87.04%
return_stack prediction, hits = 13692908, misses = 17951, hit rate = 99.87%
jump prediction, hits = 179971358, misses = 34432923, hit rate = 83.94%
total IPC 3.328

=== Results saved to: ./results/gcc-scilab_2_gcc-200_1_randacc_1.txt ===
