===== 执行信息 =====
Cache目录：smtc64
执行命令：./smtsim ../crafty.arg3 ../gcc-scilab.arg
执行时间：2026-04-17 08:52:04
返回码：0
===== 输出内容 =====
SMTCache
Process 0, Thread 0: crafty
Process 0, Thread 1: crafty
Process 0, Thread 2: crafty
Process 3, Thread 3: gcc-scilab

**** Debug Statistics at 1000000 Cycles *****
Threads: 4		Fetch Width: 8
No of useful instructions fetched:	1998126 (24.98% proc util.)
No of total instructions fetched:	3038442 (37.98% proc util.)
 includes 189857 misfetch (6.2%), 850459 (28.0%) wrong-path fetches
 and 0 flushed after failed lock(0.0%)
No of useful instructions issued/executed:	1998107 (24.98% proc util.)
No of total instructions issued/executed:	2425372 (30.32% proc util.)
 includes 427265 wrong-path (17.6%) insts and 0 flushed (0.0%)
	fp 76, 0.00%
	synch 0, 0.00%
	integer 1567730, 64.64%
	load/store 857566, 35.36%
Avg size of int IQ (before scheduling): 17.41
Avg size of fp IQ (before scheduling): 0.00
No of cycles taken:		1000000
Parallelism [ 1.025, 0.000, 0.000, 0.973,] = 1.998
 IQ conflicts: 23317 (2.33%), FQ conflicts: 0 (0.00%) 
 I reg conflicts: 326601 (32.66%), FP reg conflicts: 0 (0.00%)
  Activelist confs: 0 (0.00%), ROB confs: 7462 (0.75%)
  Int unit conflicts: 824420 (82.44%), FP unit conflicts: 2 (0.00%)
  Load/store unit conflicts: 212966 (21.30%)
  MSHR conflicts: 245356 (24.54%)
----------------------------------------
==== System-wide Cache Statistics ====
Stall for miss queue full 0 cycles (0.00%)
----------------------------------------
==== Statistics for Master ID: 0 ====
Reads: 807260   Writes: 99560
ICACHE: size: 64 KB assoc: 2
ICACHE: hits:433754 misses:7676  Hit Ratio: 98.26%
DCACHE: size: 16 KB assoc: 4
DCACHE: hits:445895 misses:19495 writebacks:2033  Hit Ratio: 95.81%
SCACHE: size: 512 KB assoc: 2
SCACHE: hits:22992 misses:4179  Hit Ratio: 84.62%
3CACHE: size: 4096 KB assoc: 2
3CACHE: hits:1018 misses:3161  Hit Ratio: 24.36%
3CACHE: dirty items replaced:1
ITLB: size: 48, misses 58, miss rate 0.01%
DTLB: size: 128, misses 2045, miss rate 0.44%
Avg mem delay: 2.054 cycles
----------------------------------------
==== Statistics for Master ID: 3 ====
Reads: 615428   Writes: 156067
ICACHE: size: 64 KB assoc: 2
ICACHE: hits:375543 misses:4153  Hit Ratio: 98.91%
DCACHE: size: 16 KB assoc: 4
DCACHE: hits:387790 misses:4009 writebacks:2762  Hit Ratio: 98.98%
SCACHE: size: 512 KB assoc: 2
SCACHE: hits:2848 misses:5314  Hit Ratio: 34.89%
3CACHE: size: 4096 KB assoc: 2
3CACHE: hits:359 misses:4955  Hit Ratio: 6.76%
3CACHE: dirty items replaced:4
ITLB: size: 48, misses 177, miss rate 0.05%
DTLB: size: 128, misses 503, miss rate 0.13%
Avg mem delay: 2.054 cycles
----------------------------------------
==== Global Resource Utilization ====
STASH: size: 65536 entries, full 452259047, empty 46101995, misses 5109632, full rate 89.83
icache bank util. 0.100 0.111 0.126 0.119 0.101 0.099 0.108 0.093 
dcache bank util. 0.090 0.113 0.080 0.061 0.128 0.154 0.172 0.143 
L2 bank util. 0.023 0.033 0.030 0.024 0.029 0.033 0.025 0.031 
L1-L2 bus util. = 0.120, L3 util. = 0.081
----------------------------------------
branch prediction, hits = 162965, misses = 25414, hit rate = 86.51%
return_stack prediction, hits = 33459, misses = 21, hit rate = 99.94%
jump prediction, hits = 179356, misses = 39619, hit rate = 81.91%
 dgelq2_ dgelqf_
**** Debug Statistics at 101000000 Cycles *****
Threads: 4		Fetch Width: 8
No of useful instructions fetched:	228751496 (28.31% proc util.)
No of total instructions fetched:	410658330 (50.82% proc util.)
 includes 37957025 misfetch (9.2%), 143949809 (35.1%) wrong-path fetches
 and 0 flushed after failed lock(0.0%)
No of useful instructions issued/executed:	228751465 (28.31% proc util.)
No of total instructions issued/executed:	303071005 (37.51% proc util.)
 includes 74319540 wrong-path (24.5%) insts and 0 flushed (0.0%)
	fp 6048, 0.00%
	synch 0, 0.00%
	integer 193840551, 63.96%
	load/store 109224406, 36.04%
Avg size of int IQ (before scheduling): 18.68
Avg size of fp IQ (before scheduling): 0.00
No of cycles taken:		101000000
Parallelism [ 1.325, 0.000, 0.000, 0.940,] = 2.265
 IQ conflicts: 2502356 (2.48%), FQ conflicts: 0 (0.00%) 
 I reg conflicts: 18900329 (18.71%), FP reg conflicts: 0 (0.00%)
  Activelist confs: 4520 (0.00%), ROB confs: 111556 (0.11%)
  Int unit conflicts: 73481584 (72.75%), FP unit conflicts: 4 (0.00%)
  Load/store unit conflicts: 20491931 (20.29%)
  MSHR conflicts: 6515793 (6.45%)
----------------------------------------
==== System-wide Cache Statistics ====
Stall for miss queue full 0 cycles (0.00%)
----------------------------------------
==== Statistics for Master ID: 0 ====
Reads: 102482022   Writes: 11601748
ICACHE: size: 64 KB assoc: 2
ICACHE: hits:55606765 misses:1685417  Hit Ratio: 97.06%
DCACHE: size: 16 KB assoc: 4
DCACHE: hits:54491963 misses:2299625 writebacks:242397  Hit Ratio: 95.95%
SCACHE: size: 512 KB assoc: 2
SCACHE: hits:3642594 misses:342448  Hit Ratio: 91.41%
3CACHE: size: 4096 KB assoc: 2
3CACHE: hits:280068 misses:62380  Hit Ratio: 81.78%
3CACHE: dirty items replaced:4671
ITLB: size: 48, misses 17328, miss rate 0.03%
DTLB: size: 128, misses 304313, miss rate 0.54%
Avg mem delay: 1.805 cycles
----------------------------------------
==== Statistics for Master ID: 3 ====
Reads: 91017039   Writes: 13970107
ICACHE: size: 64 KB assoc: 2
ICACHE: hits:51043394 misses:1763094  Hit Ratio: 96.66%
DCACHE: size: 16 KB assoc: 4
DCACHE: hits:50954955 misses:1225703 writebacks:363622  Hit Ratio: 97.65%
SCACHE: size: 512 KB assoc: 2
SCACHE: hits:2631432 misses:357365  Hit Ratio: 88.04%
3CACHE: size: 4096 KB assoc: 2
3CACHE: hits:280815 misses:76550  Hit Ratio: 78.58%
3CACHE: dirty items replaced:11344
ITLB: size: 48, misses 72522, miss rate 0.14%
DTLB: size: 128, misses 165979, miss rate 0.32%
Avg mem delay: 1.805 cycles
----------------------------------------
==== Global Resource Utilization ====
STASH: size: 65536 entries, full 885578915, empty 78319644, misses 7940260, full rate 91.12
icache bank util. 0.149 0.158 0.148 0.152 0.162 0.139 0.140 0.145 
dcache bank util. 0.123 0.148 0.154 0.121 0.166 0.169 0.162 0.159 
L2 bank util. 0.042 0.057 0.050 0.043 0.052 0.050 0.043 0.054 
L1-L2 bus util. = 0.225, L3 util. = 0.014
----------------------------------------
branch prediction, hits = 19667114, misses = 4541718, hit rate = 81.24%
return_stack prediction, hits = 3596404, misses = 1266, hit rate = 99.96%
jump prediction, hits = 16752072, misses = 8100886, hit rate = 67.40%
 dgels_
**** Debug Statistics at 201000000 Cycles *****
Threads: 4		Fetch Width: 8
No of useful instructions fetched:	453367055 (28.19% proc util.)
No of total instructions fetched:	817649225 (50.85% proc util.)
 includes 77220586 misfetch (9.4%), 287061584 (35.1%) wrong-path fetches
 and 0 flushed after failed lock(0.0%)
No of useful instructions issued/executed:	453367055 (28.19% proc util.)
No of total instructions issued/executed:	603068356 (37.50% proc util.)
 includes 149701301 wrong-path (24.8%) insts and 0 flushed (0.0%)
	fp 6324, 0.00%
	synch 0, 0.00%
	integer 384626307, 63.78%
	load/store 218435725, 36.22%
Avg size of int IQ (before scheduling): 18.95
Avg size of fp IQ (before scheduling): 0.00
No of cycles taken:		201000000
Parallelism [ 1.325, 0.000, 0.000, 0.931,] = 2.256
 IQ conflicts: 5295866 (2.63%), FQ conflicts: 0 (0.00%) 
 I reg conflicts: 38212579 (19.01%), FP reg conflicts: 0 (0.00%)
  Activelist confs: 13443 (0.01%), ROB confs: 259083 (0.13%)
  Int unit conflicts: 141470203 (70.38%), FP unit conflicts: 4 (0.00%)
  Load/store unit conflicts: 41911721 (20.85%)
  MSHR conflicts: 14392426 (7.16%)
----------------------------------------
==== System-wide Cache Statistics ====
Stall for miss queue full 0 cycles (0.00%)
----------------------------------------
==== Statistics for Master ID: 0 ====
Reads: 202297773   Writes: 22822064
ICACHE: size: 64 KB assoc: 2
ICACHE: hits:110063108 misses:3349879  Hit Ratio: 97.05%
DCACHE: size: 16 KB assoc: 4
DCACHE: hits:107241461 misses:4465389 writebacks:464884  Hit Ratio: 96.00%
SCACHE: size: 512 KB assoc: 2
SCACHE: hits:7168260 misses:647008  Hit Ratio: 91.72%
3CACHE: size: 4096 KB assoc: 2
3CACHE: hits:538584 misses:108424  Hit Ratio: 83.24%
3CACHE: dirty items replaced:12003
ITLB: size: 48, misses 34662, miss rate 0.03%
DTLB: size: 128, misses 612210, miss rate 0.55%
Avg mem delay: 1.877 cycles
----------------------------------------
==== Statistics for Master ID: 3 ====
Reads: 184306069   Writes: 29072465
ICACHE: size: 64 KB assoc: 2
ICACHE: hits:103701239 misses:3504160  Hit Ratio: 96.73%
DCACHE: size: 16 KB assoc: 4
DCACHE: hits:103376582 misses:2796553 writebacks:866084  Hit Ratio: 97.37%
SCACHE: size: 512 KB assoc: 2
SCACHE: hits:5513754 misses:786958  Hit Ratio: 87.51%
3CACHE: size: 4096 KB assoc: 2
3CACHE: hits:647499 misses:139459  Hit Ratio: 82.28%
3CACHE: dirty items replaced:28932
ITLB: size: 48, misses 121428, miss rate 0.11%
DTLB: size: 128, misses 357153, miss rate 0.34%
Avg mem delay: 1.877 cycles
----------------------------------------
==== Global Resource Utilization ====
STASH: size: 65536 entries, full 1317803189, empty 110681861, misses 10779735, full rate 91.56
icache bank util. 0.150 0.156 0.147 0.153 0.167 0.141 0.141 0.143 
dcache bank util. 0.125 0.143 0.148 0.125 0.183 0.172 0.158 0.157 
L2 bank util. 0.042 0.059 0.051 0.044 0.053 0.052 0.044 0.053 
L1-L2 bus util. = 0.231, L3 util. = 0.012
----------------------------------------
branch prediction, hits = 39148413, misses = 9029622, hit rate = 81.26%
return_stack prediction, hits = 7269581, misses = 2648, hit rate = 99.96%
jump prediction, hits = 33517774, misses = 16422173, hit rate = 67.12%

**** Debug Statistics at 301000000 Cycles *****
Threads: 4		Fetch Width: 8
No of useful instructions fetched:	704874598 (29.27% proc util.)
No of total instructions fetched:	1242094586 (51.58% proc util.)
 includes 111629289 misfetch (9.0%), 425590699 (34.3%) wrong-path fetches
 and 0 flushed after failed lock(0.0%)
No of useful instructions issued/executed:	704874594 (29.27% proc util.)
No of total instructions issued/executed:	925110858 (38.42% proc util.)
 includes 220236264 wrong-path (23.8%) insts and 0 flushed (0.0%)
	fp 22716, 0.00%
	synch 0, 0.00%
	integer 593506977, 64.16%
	load/store 331581165, 35.84%
Avg size of int IQ (before scheduling): 19.12
Avg size of fp IQ (before scheduling): 0.00
No of cycles taken:		301000000
Parallelism [ 1.336, 0.000, 0.000, 1.006,] = 2.342
 IQ conflicts: 7372024 (2.45%), FQ conflicts: 0 (0.00%) 
 I reg conflicts: 56923724 (18.91%), FP reg conflicts: 0 (0.00%)
  Activelist confs: 22950 (0.01%), ROB confs: 675494 (0.22%)
  Int unit conflicts: 233386293 (77.54%), FP unit conflicts: 4 (0.00%)
  Load/store unit conflicts: 66931624 (22.24%)
  MSHR conflicts: 36624128 (12.17%)
----------------------------------------
==== System-wide Cache Statistics ====
Stall for miss queue full 0 cycles (0.00%)
----------------------------------------
==== Statistics for Master ID: 0 ====
Reads: 306743654   Writes: 34225670
ICACHE: size: 64 KB assoc: 2
ICACHE: hits:167657336 misses:4810979  Hit Ratio: 97.21%
DCACHE: size: 16 KB assoc: 4
DCACHE: hits:161741320 misses:6759689 writebacks:680788  Hit Ratio: 95.99%
SCACHE: size: 512 KB assoc: 2
SCACHE: hits:10613010 misses:957656  Hit Ratio: 91.72%
3CACHE: size: 4096 KB assoc: 2
3CACHE: hits:803899 misses:153757  Hit Ratio: 83.94%
3CACHE: dirty items replaced:20854
ITLB: size: 48, misses 48736, miss rate 0.03%
DTLB: size: 128, misses 915287, miss rate 0.54%
Avg mem delay: 1.865 cycles
----------------------------------------
==== Statistics for Master ID: 3 ====
Reads: 281465916   Writes: 44457435
ICACHE: size: 64 KB assoc: 2
ICACHE: hits:158661226 misses:4915369  Hit Ratio: 97.00%
DCACHE: size: 16 KB assoc: 4
DCACHE: hits:158428517 misses:3918239 writebacks:1343688  Hit Ratio: 97.59%
SCACHE: size: 512 KB assoc: 2
SCACHE: hits:7695815 misses:1137793  Hit Ratio: 87.12%
3CACHE: size: 4096 KB assoc: 2
3CACHE: hits:946893 misses:190900  Hit Ratio: 83.22%
3CACHE: dirty items replaced:47978
ITLB: size: 48, misses 194808, miss rate 0.12%
DTLB: size: 128, misses 539542, miss rate 0.33%
Avg mem delay: 1.865 cycles
----------------------------------------
==== Global Resource Utilization ====
STASH: size: 65536 entries, full 1771267753, empty 140314264, misses 13364150, full rate 92.02
icache bank util. 0.148 0.159 0.151 0.156 0.168 0.143 0.141 0.147 
dcache bank util. 0.132 0.142 0.147 0.122 0.179 0.178 0.167 0.159 
L2 bank util. 0.041 0.058 0.049 0.042 0.051 0.051 0.043 0.052 
L1-L2 bus util. = 0.224, L3 util. = 0.011
----------------------------------------
branch prediction, hits = 61730864, misses = 13375855, hit rate = 82.19%
return_stack prediction, hits = 10853323, misses = 3150, hit rate = 99.97%
jump prediction, hits = 53185532, misses = 23825260, hit rate = 69.06%
 dgemm_ dgemv_
**** Debug Statistics at 401000000 Cycles *****
Threads: 4		Fetch Width: 8
No of useful instructions fetched:	942490826 (29.38% proc util.)
No of total instructions fetched:	1653512670 (51.54% proc util.)
 includes 147267256 misfetch (8.9%), 563754588 (34.1%) wrong-path fetches
 and 0 flushed after failed lock(0.0%)
No of useful instructions issued/executed:	942490793 (29.38% proc util.)
No of total instructions issued/executed:	1234263237 (38.47% proc util.)
 includes 291772444 wrong-path (23.6%) insts and 0 flushed (0.0%)
	fp 27296, 0.00%
	synch 0, 0.00%
	integer 792708496, 64.23%
	load/store 441527445, 35.77%
Avg size of int IQ (before scheduling): 19.26
Avg size of fp IQ (before scheduling): 0.00
No of cycles taken:		401000000
Parallelism [ 1.344, 0.000, 0.000, 1.006,] = 2.350
 IQ conflicts: 10049456 (2.51%), FQ conflicts: 0 (0.00%) 
 I reg conflicts: 75777126 (18.90%), FP reg conflicts: 0 (0.00%)
  Activelist confs: 28920 (0.01%), ROB confs: 973654 (0.24%)
  Int unit conflicts: 312591508 (77.95%), FP unit conflicts: 10 (0.00%)
  Load/store unit conflicts: 88865967 (22.16%)
  MSHR conflicts: 45034575 (11.23%)
----------------------------------------
==== System-wide Cache Statistics ====
Stall for miss queue full 0 cycles (0.00%)
----------------------------------------
==== Statistics for Master ID: 0 ====
Reads: 410148976   Writes: 45245017
ICACHE: size: 64 KB assoc: 2
ICACHE: hits:224418395 misses:6251005  Hit Ratio: 97.29%
DCACHE: size: 16 KB assoc: 4
DCACHE: hits:215678708 misses:9045885 writebacks:897588  Hit Ratio: 95.97%
SCACHE: size: 512 KB assoc: 2
SCACHE: hits:14006604 misses:1290286  Hit Ratio: 91.57%
3CACHE: size: 4096 KB assoc: 2
3CACHE: hits:1086330 misses:203956  Hit Ratio: 84.19%
3CACHE: dirty items replaced:33832
ITLB: size: 48, misses 65595, miss rate 0.03%
DTLB: size: 128, misses 1204518, miss rate 0.54%
Avg mem delay: 1.856 cycles
----------------------------------------
==== Statistics for Master ID: 3 ====
Reads: 373656200   Writes: 59714788
ICACHE: size: 64 KB assoc: 2
ICACHE: hits:211085679 misses:6399399  Hit Ratio: 97.06%
DCACHE: size: 16 KB assoc: 4
DCACHE: hits:210609087 misses:5276823 writebacks:1790972  Hit Ratio: 97.56%
SCACHE: size: 512 KB assoc: 2
SCACHE: hits:10109269 misses:1566953  Hit Ratio: 86.58%
3CACHE: size: 4096 KB assoc: 2
3CACHE: hits:1306381 misses:260572  Hit Ratio: 83.37%
3CACHE: dirty items replaced:78943
ITLB: size: 48, misses 263775, miss rate 0.12%
DTLB: size: 128, misses 713317, miss rate 0.33%
Avg mem delay: 1.856 cycles
----------------------------------------
==== Global Resource Utilization ====
STASH: size: 65536 entries, full 2211666527, empty 170775892, misses 16029851, full rate 92.21
icache bank util. 0.148 0.159 0.151 0.156 0.168 0.143 0.141 0.147 
dcache bank util. 0.134 0.142 0.150 0.121 0.178 0.177 0.166 0.158 
L2 bank util. 0.041 0.057 0.049 0.042 0.050 0.050 0.043 0.053 
L1-L2 bus util. = 0.222, L3 util. = 0.012
----------------------------------------
branch prediction, hits = 82614841, misses = 17548141, hit rate = 82.48%
return_stack prediction, hits = 14688662, misses = 5872, hit rate = 99.96%
jump prediction, hits = 71892967, misses = 31490599, hit rate = 69.54%
 dgeqr2_ dgeqrf_
**** Debug Statistics at 501000000 Cycles *****
Threads: 4		Fetch Width: 8
No of useful instructions fetched:	1178654172 (29.41% proc util.)
No of total instructions fetched:	2074965385 (51.77% proc util.)
 includes 186937683 misfetch (9.0%), 709373530 (34.2%) wrong-path fetches
 and 0 flushed after failed lock(0.0%)
No of useful instructions issued/executed:	1178654166 (29.41% proc util.)
No of total instructions issued/executed:	1545297873 (38.56% proc util.)
 includes 366643707 wrong-path (23.7%) insts and 0 flushed (0.0%)
	fp 32191, 0.00%
	synch 0, 0.00%
	integer 991729338, 64.18%
	load/store 553536344, 35.82%
Avg size of int IQ (before scheduling): 19.14
Avg size of fp IQ (before scheduling): 0.00
No of cycles taken:		501000000
Parallelism [ 1.345, 0.000, 0.000, 1.008,] = 2.353
 IQ conflicts: 12050740 (2.41%), FQ conflicts: 0 (0.00%) 
 I reg conflicts: 93642267 (18.69%), FP reg conflicts: 0 (0.00%)
  Activelist confs: 34745 (0.01%), ROB confs: 1137495 (0.23%)
  Int unit conflicts: 389643282 (77.77%), FP unit conflicts: 11 (0.00%)
  Load/store unit conflicts: 109537921 (21.86%)
  MSHR conflicts: 50040863 (9.99%)
----------------------------------------
==== System-wide Cache Statistics ====
Stall for miss queue full 0 cycles (0.00%)
----------------------------------------
==== Statistics for Master ID: 0 ====
Reads: 512775144   Writes: 56371921
ICACHE: size: 64 KB assoc: 2
ICACHE: hits:280796291 misses:7896910  Hit Ratio: 97.26%
DCACHE: size: 16 KB assoc: 4
DCACHE: hits:269173784 misses:11280080 writebacks:1109448  Hit Ratio: 95.98%
SCACHE: size: 512 KB assoc: 2
SCACHE: hits:17564963 misses:1612024  Hit Ratio: 91.59%
3CACHE: size: 4096 KB assoc: 2
3CACHE: hits:1355662 misses:256362  Hit Ratio: 84.10%
3CACHE: dirty items replaced:49563
ITLB: size: 48, misses 81772, miss rate 0.03%
DTLB: size: 128, misses 1498948, miss rate 0.53%
Avg mem delay: 1.834 cycles
----------------------------------------
==== Statistics for Master ID: 3 ====
Reads: 470741415   Writes: 74792304
ICACHE: size: 64 KB assoc: 2
ICACHE: hits:265558911 misses:8076088  Hit Ratio: 97.05%
DCACHE: size: 16 KB assoc: 4
DCACHE: hits:265348528 misses:6550192 writebacks:2178584  Hit Ratio: 97.59%
SCACHE: size: 512 KB assoc: 2
SCACHE: hits:12699343 misses:1926936  Hit Ratio: 86.83%
3CACHE: size: 4096 KB assoc: 2
3CACHE: hits:1600866 misses:326070  Hit Ratio: 83.08%
3CACHE: dirty items replaced:114596
ITLB: size: 48, misses 321180, miss rate 0.12%
DTLB: size: 128, misses 884303, miss rate 0.33%
Avg mem delay: 1.834 cycles
----------------------------------------
==== Global Resource Utilization ====
STASH: size: 65536 entries, full 2662062725, empty 201971100, misses 18766625, full rate 92.34
icache bank util. 0.149 0.160 0.152 0.157 0.169 0.143 0.141 0.147 
dcache bank util. 0.134 0.142 0.152 0.120 0.178 0.177 0.166 0.161 
L2 bank util. 0.041 0.057 0.049 0.042 0.050 0.050 0.043 0.053 
L1-L2 bus util. = 0.222, L3 util. = 0.012
----------------------------------------
branch prediction, hits = 103302943, misses = 22141497, hit rate = 82.35%
return_stack prediction, hits = 18426185, misses = 7018, hit rate = 99.96%
jump prediction, hits = 89305486, misses = 39967028, hit rate = 69.08%
 dger_ dlabad_ dlacon_ dlae2_
**** Debug Statistics at 601000000 Cycles *****
Threads: 4		Fetch Width: 8
No of useful instructions fetched:	1421193855 (29.56% proc util.)
No of total instructions fetched:	2497013283 (51.93% proc util.)
 includes 222889741 misfetch (8.9%), 852929687 (34.2%) wrong-path fetches
 and 0 flushed after failed lock(0.0%)
No of useful instructions issued/executed:	1421193840 (29.56% proc util.)
No of total instructions issued/executed:	1860983829 (38.71% proc util.)
 includes 439789989 wrong-path (23.6%) insts and 0 flushed (0.0%)
	fp 44436, 0.00%
	synch 0, 0.00%
	integer 1194861593, 64.21%
	load/store 666077800, 35.79%
Avg size of int IQ (before scheduling): 19.07
Avg size of fp IQ (before scheduling): 0.00
No of cycles taken:		601000000
Parallelism [ 1.358, 0.000, 0.000, 1.007,] = 2.365
 IQ conflicts: 13921662 (2.32%), FQ conflicts: 0 (0.00%) 
 I reg conflicts: 111281811 (18.52%), FP reg conflicts: 0 (0.00%)
  Activelist confs: 42313 (0.01%), ROB confs: 1335206 (0.22%)
  Int unit conflicts: 469943441 (78.19%), FP unit conflicts: 13 (0.00%)
  Load/store unit conflicts: 130456636 (21.71%)
  MSHR conflicts: 54145951 (9.01%)
----------------------------------------
==== System-wide Cache Statistics ====
Stall for miss queue full 0 cycles (0.00%)
----------------------------------------
==== Statistics for Master ID: 0 ====
Reads: 619542425   Writes: 68442648
ICACHE: size: 64 KB assoc: 2
ICACHE: hits:339274056 misses:9370188  Hit Ratio: 97.31%
DCACHE: size: 16 KB assoc: 4
DCACHE: hits:325767680 misses:13573149 writebacks:1333526  Hit Ratio: 96.00%
SCACHE: size: 512 KB assoc: 2
SCACHE: hits:21002383 misses:1940954  Hit Ratio: 91.54%
3CACHE: size: 4096 KB assoc: 2
3CACHE: hits:1639928 misses:301026  Hit Ratio: 84.49%
3CACHE: dirty items replaced:66749
ITLB: size: 48, misses 99388, miss rate 0.03%
DTLB: size: 128, misses 1790366, miss rate 0.53%
Avg mem delay: 1.813 cycles
----------------------------------------
==== Statistics for Master ID: 3 ====
Reads: 563834113   Writes: 89345616
ICACHE: size: 64 KB assoc: 2
ICACHE: hits:318174668 misses:9637434  Hit Ratio: 97.06%
DCACHE: size: 16 KB assoc: 4
DCACHE: hits:317785350 misses:7582277 writebacks:2505551  Hit Ratio: 97.67%
SCACHE: size: 512 KB assoc: 2
SCACHE: hits:14925323 misses:2294388  Hit Ratio: 86.68%
3CACHE: size: 4096 KB assoc: 2
3CACHE: hits:1904501 misses:389887  Hit Ratio: 83.01%
3CACHE: dirty items replaced:153281
ITLB: size: 48, misses 404719, miss rate 0.12%
DTLB: size: 128, misses 1043372, miss rate 0.32%
Avg mem delay: 1.813 cycles
----------------------------------------
==== Global Resource Utilization ====
STASH: size: 65536 entries, full 3112473167, empty 233577128, misses 21545463, full rate 92.42
icache bank util. 0.149 0.160 0.152 0.158 0.169 0.143 0.142 0.148 
dcache bank util. 0.135 0.144 0.153 0.118 0.177 0.177 0.166 0.160 
L2 bank util. 0.041 0.057 0.049 0.042 0.049 0.049 0.042 0.053 
L1-L2 bus util. = 0.220, L3 util. = 0.011
----------------------------------------
branch prediction, hits = 124086080, misses = 26608805, hit rate = 82.34%
return_stack prediction, hits = 22279175, misses = 8744, hit rate = 99.96%
jump prediction, hits = 108067337, misses = 47685632, hit rate = 69.38%
 dlaev2_ dlamch_ dlamc1_ dlamc2_
**** Debug Statistics at 701000000 Cycles *****
Threads: 4		Fetch Width: 8
No of useful instructions fetched:	1650091749 (29.42% proc util.)
No of total instructions fetched:	2910114699 (51.89% proc util.)
 includes 262947968 misfetch (9.0%), 997074982 (34.3%) wrong-path fetches
 and 0 flushed after failed lock(0.0%)
No of useful instructions issued/executed:	1650091720 (29.42% proc util.)
No of total instructions issued/executed:	2163950493 (38.59% proc util.)
 includes 513858773 wrong-path (23.7%) insts and 0 flushed (0.0%)
	fp 57575, 0.00%
	synch 0, 0.00%
	integer 1388592738, 64.17%
	load/store 775300180, 35.83%
Avg size of int IQ (before scheduling): 18.95
Avg size of fp IQ (before scheduling): 0.00
No of cycles taken:		701000000
Parallelism [ 1.357, 0.000, 0.000, 0.997,] = 2.354
 IQ conflicts: 15886735 (2.27%), FQ conflicts: 0 (0.00%) 
 I reg conflicts: 129228682 (18.43%), FP reg conflicts: 0 (0.00%)
  Activelist confs: 48888 (0.01%), ROB confs: 1425099 (0.20%)
  Int unit conflicts: 540005225 (77.03%), FP unit conflicts: 18 (0.00%)
  Load/store unit conflicts: 150150510 (21.42%)
  MSHR conflicts: 57509560 (8.20%)
----------------------------------------
==== System-wide Cache Statistics ====
Stall for miss queue full 45 cycles (0.00%)
----------------------------------------
==== Statistics for Master ID: 0 ====
Reads: 722865178   Writes: 79899884
ICACHE: size: 64 KB assoc: 2
ICACHE: hits:395458649 misses:11069873  Hit Ratio: 97.28%
DCACHE: size: 16 KB assoc: 4
DCACHE: hits:380335895 misses:15900645 writebacks:1562359  Hit Ratio: 95.99%
SCACHE: size: 512 KB assoc: 2
SCACHE: hits:24707092 misses:2263426  Hit Ratio: 91.61%
3CACHE: size: 4096 KB assoc: 2
3CACHE: hits:1916988 misses:346438  Hit Ratio: 84.69%
3CACHE: dirty items replaced:84219
ITLB: size: 48, misses 117501, miss rate 0.03%
DTLB: size: 128, misses 2095959, miss rate 0.53%
Avg mem delay: 1.806 cycles
----------------------------------------
==== Statistics for Master ID: 3 ====
Reads: 654913521   Writes: 103390907
ICACHE: size: 64 KB assoc: 2
ICACHE: hits:369494226 misses:11397044  Hit Ratio: 97.01%
DCACHE: size: 16 KB assoc: 4
DCACHE: hits:368765461 misses:8647697 writebacks:2818768  Hit Ratio: 97.71%
SCACHE: size: 512 KB assoc: 2
SCACHE: hits:17383275 misses:2661466  Hit Ratio: 86.72%
3CACHE: size: 4096 KB assoc: 2
3CACHE: hits:2213441 misses:448025  Hit Ratio: 83.17%
3CACHE: dirty items replaced:187662
ITLB: size: 48, misses 482330, miss rate 0.13%
DTLB: size: 128, misses 1212398, miss rate 0.32%
Avg mem delay: 1.806 cycles
----------------------------------------
==== Global Resource Utilization ====
STASH: size: 65536 entries, full 3552008588, empty 266620258, misses 24430310, full rate 92.43
icache bank util. 0.149 0.160 0.152 0.158 0.168 0.142 0.142 0.147 
dcache bank util. 0.135 0.143 0.152 0.118 0.178 0.178 0.164 0.159 
L2 bank util. 0.041 0.057 0.049 0.042 0.049 0.050 0.042 0.053 
L1-L2 bus util. = 0.220, L3 util. = 0.011
----------------------------------------
branch prediction, hits = 143498523, misses = 31215120, hit rate = 82.13%
return_stack prediction, hits = 25975716, misses = 10908, hit rate = 99.96%
jump prediction, hits = 124620000, misses = 56169355, hit rate = 68.93%
 dlamc3_ dlamc4_ dlamc5_ dlange_
**** Debug Statistics at 801000000 Cycles *****
Threads: 4		Fetch Width: 8
No of useful instructions fetched:	1886120608 (29.43% proc util.)
No of total instructions fetched:	3325337541 (51.89% proc util.)
 includes 300421771 misfetch (9.0%), 1138795162 (34.2%) wrong-path fetches
 and 0 flushed after failed lock(0.0%)
No of useful instructions issued/executed:	1886120588 (29.43% proc util.)
No of total instructions issued/executed:	2472966653 (38.59% proc util.)
 includes 586846065 wrong-path (23.7%) insts and 0 flushed (0.0%)
	fp 75542, 0.00%
	synch 0, 0.00%
	integer 1586631444, 64.16%
	load/store 886259667, 35.84%
Avg size of int IQ (before scheduling): 18.93
Avg size of fp IQ (before scheduling): 0.00
No of cycles taken:		801000000
Parallelism [ 1.357, 0.000, 0.000, 0.998,] = 2.355
 IQ conflicts: 17983493 (2.25%), FQ conflicts: 0 (0.00%) 
 I reg conflicts: 147804685 (18.45%), FP reg conflicts: 0 (0.00%)
  Activelist confs: 57081 (0.01%), ROB confs: 1604641 (0.20%)
  Int unit conflicts: 618318495 (77.19%), FP unit conflicts: 21 (0.00%)
  Load/store unit conflicts: 171308824 (21.39%)
  MSHR conflicts: 65367387 (8.16%)
----------------------------------------
==== System-wide Cache Statistics ====
Stall for miss queue full 45 cycles (0.00%)
----------------------------------------
==== Statistics for Master ID: 0 ====
Reads: 826302895   Writes: 91325992
ICACHE: size: 64 KB assoc: 2
ICACHE: hits:451934632 misses:12664544  Hit Ratio: 97.27%
DCACHE: size: 16 KB assoc: 4
DCACHE: hits:434782638 misses:18247073 writebacks:1788807  Hit Ratio: 95.97%
SCACHE: size: 512 KB assoc: 2
SCACHE: hits:28324801 misses:2586815  Hit Ratio: 91.63%
3CACHE: size: 4096 KB assoc: 2
3CACHE: hits:2192375 misses:394440  Hit Ratio: 84.75%
3CACHE: dirty items replaced:104495
ITLB: size: 48, misses 134406, miss rate 0.03%
DTLB: size: 128, misses 2411920, miss rate 0.53%
Avg mem delay: 1.805 cycles
----------------------------------------
==== Statistics for Master ID: 3 ====
Reads: 748296944   Writes: 118120460
ICACHE: size: 64 KB assoc: 2
ICACHE: hits:422060332 misses:12990338  Hit Ratio: 97.01%
DCACHE: size: 16 KB assoc: 4
DCACHE: hits:421617552 misses:9749182 writebacks:3179237  Hit Ratio: 97.74%
SCACHE: size: 512 KB assoc: 2
SCACHE: hits:19708743 misses:3030777  Hit Ratio: 86.67%
3CACHE: size: 4096 KB assoc: 2
3CACHE: hits:2523467 misses:507310  Hit Ratio: 83.26%
3CACHE: dirty items replaced:227344
ITLB: size: 48, misses 554830, miss rate 0.13%
DTLB: size: 128, misses 1382315, miss rate 0.32%
Avg mem delay: 1.805 cycles
----------------------------------------
==== Global Resource Utilization ====
STASH: size: 65536 entries, full 3993759965, empty 298878093, misses 27264984, full rate 92.45
icache bank util. 0.149 0.159 0.152 0.158 0.168 0.142 0.142 0.147 
dcache bank util. 0.136 0.143 0.150 0.118 0.177 0.178 0.165 0.161 
L2 bank util. 0.041 0.057 0.049 0.042 0.049 0.050 0.042 0.053 
L1-L2 bus util. = 0.220, L3 util. = 0.011
----------------------------------------
branch prediction, hits = 164002308, misses = 35656559, hit rate = 82.14%
return_stack prediction, hits = 29617835, misses = 12428, hit rate = 99.96%
jump prediction, hits = 142407568, misses = 64170388, hit rate = 68.94%
 dlansp_
**** Early Exiting at 849574772 Cycles *****
========================================
 SMTSIM Global Statistics
========================================
Threads: 4		Fetch Width: 8
No of useful instructions fetched:	2000000146 (29.43% proc util.)
No of total instructions fetched:	3527090858 (51.89% proc util.)
 includes 319255357 misfetch (9.1%), 1207835355 (34.2%) wrong-path fetches
 and 0 flushed after failed lock(0.0%)
No of useful instructions issued/executed:	2000000113 (29.43% proc util.)
No of total instructions issued/executed:	2622618575 (38.59% proc util.)
 includes 622618462 wrong-path (23.7%) insts and 0 flushed (0.0%)
	fp 77266, 0.00%
	synch 0, 0.00%
	integer 1682124798, 64.14%
	load/store 940416511, 35.86%
Avg size of int IQ (before scheduling): 18.88
Avg size of fp IQ (before scheduling): 0.00
No of cycles taken:		849574772
Parallelism [ 1.359, 0.000, 0.000, 0.995,] = 2.354
 IQ conflicts: 18799598 (2.21%), FQ conflicts: 0 (0.00%) 
 I reg conflicts: 156557025 (18.43%), FP reg conflicts: 0 (0.00%)
  Activelist confs: 59685 (0.01%), ROB confs: 1684457 (0.20%)
  Int unit conflicts: 654936433 (77.09%), FP unit conflicts: 21 (0.00%)
  Load/store unit conflicts: 181690109 (21.39%)
  MSHR conflicts: 68382992 (8.05%)
----------------------------------------
==== System-wide Cache Statistics ====
Stall for miss queue full 45 cycles (0.00%)
----------------------------------------
==== Statistics for Master ID: 0 ====
Reads: 876810134   Writes: 97020134
ICACHE: size: 64 KB assoc: 2
ICACHE: hits:479304521 misses:13457045  Hit Ratio: 97.27%
DCACHE: size: 16 KB assoc: 4
DCACHE: hits:461751969 misses:19316733 writebacks:1904856  Hit Ratio: 95.98%
SCACHE: size: 512 KB assoc: 2
SCACHE: hits:30029714 misses:2744064  Hit Ratio: 91.63%
3CACHE: size: 4096 KB assoc: 2
3CACHE: hits:2324962 misses:419102  Hit Ratio: 84.73%
3CACHE: dirty items replaced:115619
ITLB: size: 48, misses 143706, miss rate 0.03%
DTLB: size: 128, misses 2548506, miss rate 0.53%
Avg mem delay: 1.802 cycles
----------------------------------------
==== Statistics for Master ID: 3 ====
Reads: 793464130   Writes: 125323300
ICACHE: size: 64 KB assoc: 2
ICACHE: hits:447589228 misses:13851290  Hit Ratio: 97.00%
DCACHE: size: 16 KB assoc: 4
DCACHE: hits:447009503 misses:10337409 writebacks:3381752  Hit Ratio: 97.74%
SCACHE: size: 512 KB assoc: 2
SCACHE: hits:20964146 misses:3224552  Hit Ratio: 86.67%
3CACHE: size: 4096 KB assoc: 2
3CACHE: hits:2682652 misses:541900  Hit Ratio: 83.19%
3CACHE: dirty items replaced:250590
ITLB: size: 48, misses 587542, miss rate 0.13%
DTLB: size: 128, misses 1465545, miss rate 0.32%
Avg mem delay: 1.802 cycles
----------------------------------------
==== Global Resource Utilization ====
STASH: size: 65536 entries, full 4207220218, empty 315715677, misses 28765756, full rate 92.43
icache bank util. 0.149 0.159 0.152 0.158 0.169 0.143 0.142 0.147 
dcache bank util. 0.136 0.143 0.149 0.118 0.178 0.178 0.165 0.161 
L2 bank util. 0.041 0.057 0.049 0.042 0.049 0.050 0.042 0.053 
L1-L2 bus util. = 0.220, L3 util. = 0.011
----------------------------------------
branch prediction, hits = 173783316, misses = 37870666, hit rate = 82.11%
return_stack prediction, hits = 31419322, misses = 13565, hit rate = 99.96%
jump prediction, hits = 150896902, misses = 68181891, hit rate = 68.88%
total IPC 2.354

=== Results saved to: ./results/crafty_3_gcc-scilab_1.txt ===
