===== 执行信息 =====
Cache目录：smtc64
执行命令：./smtsim ../gzip-source.arg3 ../cacherand.arg
执行时间：2026-04-17 08:45:52
返回码：0
===== 输出内容 =====
SMTCache
Process 0, Thread 0: gzip-source
Process 0, Thread 1: gzip-source
Process 0, Thread 2: gzip-source
Process 3, Thread 3: cacherand

**** Debug Statistics at 1000000 Cycles *****
Threads: 4		Fetch Width: 8
No of useful instructions fetched:	928576 (11.61% proc util.)
No of total instructions fetched:	932048 (11.65% proc util.)
 includes 1358 misfetch (0.1%), 2114 (0.2%) wrong-path fetches
 and 0 flushed after failed lock(0.0%)
No of useful instructions issued/executed:	928542 (11.61% proc util.)
No of total instructions issued/executed:	929613 (11.62% proc util.)
 includes 1071 wrong-path (0.1%) insts and 0 flushed (0.0%)
	fp 30, 0.00%
	synch 0, 0.00%
	integer 822603, 88.49%
	load/store 106980, 11.51%
Avg size of int IQ (before scheduling): 34.65
Avg size of fp IQ (before scheduling): 0.00
No of cycles taken:		1000000
Parallelism [ 0.164, 0.000, 0.000, 0.765,] = 0.929
 IQ conflicts: 697 (0.07%), FQ conflicts: 0 (0.00%) 
 I reg conflicts: 872163 (87.22%), FP reg conflicts: 0 (0.00%)
  Activelist confs: 0 (0.00%), ROB confs: 0 (0.00%)
  Int unit conflicts: 1343 (0.13%), FP unit conflicts: 0 (0.00%)
  Load/store unit conflicts: 311 (0.03%)
  MSHR conflicts: 4861 (0.49%)
----------------------------------------
==== System-wide Cache Statistics ====
Stall for miss queue full 0 cycles (0.00%)
----------------------------------------
==== Statistics for Master ID: 0 ====
Reads: 154615   Writes: 26551
ICACHE: size: 64 KB assoc: 2
ICACHE: hits:102414 misses:200  Hit Ratio: 99.81%
DCACHE: size: 16 KB assoc: 4
DCACHE: hits:27622 misses:50930 writebacks:25636  Hit Ratio: 35.16%
SCACHE: size: 512 KB assoc: 2
SCACHE: hits:25134 misses:25993  Hit Ratio: 49.16%
3CACHE: size: 4096 KB assoc: 2
3CACHE: hits:0 misses:25993  Hit Ratio: 0.00%
3CACHE: dirty items replaced:0
ITLB: size: 48, misses 18, miss rate 0.02%
DTLB: size: 128, misses 6431, miss rate 8.19%
Avg mem delay: 165.956 cycles
----------------------------------------
==== Statistics for Master ID: 3 ====
Reads: 150274   Writes: 35
ICACHE: size: 64 KB assoc: 2
ICACHE: hits:121860 misses:23  Hit Ratio: 99.98%
DCACHE: size: 16 KB assoc: 4
DCACHE: hits:9507 misses:18919 writebacks:13  Hit Ratio: 33.44%
SCACHE: size: 512 KB assoc: 2
SCACHE: hits:17114 misses:1828  Hit Ratio: 90.35%
3CACHE: size: 4096 KB assoc: 2
3CACHE: hits:985 misses:843  Hit Ratio: 53.88%
3CACHE: dirty items replaced:0
ITLB: size: 48, misses 4, miss rate 0.00%
DTLB: size: 128, misses 38, miss rate 0.13%
Avg mem delay: 165.956 cycles
----------------------------------------
==== Global Resource Utilization ====
STASH: size: 65536 entries, full 943217, empty 2468, misses 209, full rate 99.72
icache bank util. 0.079 0.063 0.000 0.000 0.000 0.000 0.020 0.063 
dcache bank util. 0.011 0.011 0.036 0.011 0.011 0.011 0.292 0.011 
L2 bank util. 0.013 0.013 0.012 0.013 0.013 0.012 0.450 0.013 
L1-L2 bus util. = 0.287, L3 util. = 0.268
----------------------------------------
branch prediction, hits = 34988, misses = 145, hit rate = 99.59%
return_stack prediction, hits = 87, misses = 9, hit rate = 90.62%
jump prediction, hits = 34962, misses = 257, hit rate = 99.27%

**** Debug Statistics at 101000000 Cycles *****
Threads: 4		Fetch Width: 8
No of useful instructions fetched:	99071738 (12.26% proc util.)
No of total instructions fetched:	99079311 (12.26% proc util.)
 includes 1648 misfetch (0.0%), 5925 (0.0%) wrong-path fetches
 and 0 flushed after failed lock(0.0%)
No of useful instructions issued/executed:	99071709 (12.26% proc util.)
No of total instructions issued/executed:	99074437 (12.26% proc util.)
 includes 2728 wrong-path (0.0%) insts and 0 flushed (0.0%)
	fp 44, 0.00%
	synch 0, 0.00%
	integer 84387725, 85.18%
	load/store 14686668, 14.82%
Avg size of int IQ (before scheduling): 15.79
Avg size of fp IQ (before scheduling): 0.00
No of cycles taken:		101000000
Parallelism [ 0.362, 0.000, 0.000, 0.618,] = 0.981
 IQ conflicts: 912 (0.00%), FQ conflicts: 0 (0.00%) 
 I reg conflicts: 88219816 (87.35%), FP reg conflicts: 0 (0.00%)
  Activelist confs: 0 (0.00%), ROB confs: 0 (0.00%)
  Int unit conflicts: 468439 (0.46%), FP unit conflicts: 0 (0.00%)
  Load/store unit conflicts: 522 (0.00%)
  MSHR conflicts: 1777340 (1.76%)
----------------------------------------
==== System-wide Cache Statistics ====
Stall for miss queue full 0 cycles (0.00%)
----------------------------------------
==== Statistics for Master ID: 0 ====
Reads: 18915740   Writes: 6094133
ICACHE: size: 64 KB assoc: 2
ICACHE: hits:12636412 misses:254  Hit Ratio: 100.00%
DCACHE: size: 16 KB assoc: 4
DCACHE: hits:10528110 misses:1845097 writebacks:922870  Hit Ratio: 85.09%
SCACHE: size: 512 KB assoc: 2
SCACHE: hits:183480 misses:1661871  Hit Ratio: 9.94%
3CACHE: size: 4096 KB assoc: 2
3CACHE: hits:0 misses:1661871  Hit Ratio: 0.00%
3CACHE: dirty items replaced:0
ITLB: size: 48, misses 19, miss rate 0.00%
DTLB: size: 128, misses 69230, miss rate 0.56%
Avg mem delay: 37.219 cycles
----------------------------------------
==== Statistics for Master ID: 3 ====
Reads: 15082868   Writes: 35
ICACHE: size: 64 KB assoc: 2
ICACHE: hits:12769421 misses:23  Hit Ratio: 100.00%
DCACHE: size: 16 KB assoc: 4
DCACHE: hits:769997 misses:1543462 writebacks:13  Hit Ratio: 33.28%
SCACHE: size: 512 KB assoc: 2
SCACHE: hits:1519999 misses:23485  Hit Ratio: 98.48%
3CACHE: size: 4096 KB assoc: 2
3CACHE: hits:15570 misses:7915  Hit Ratio: 66.30%
3CACHE: dirty items replaced:0
ITLB: size: 48, misses 4, miss rate 0.00%
DTLB: size: 128, misses 153, miss rate 0.01%
Avg mem delay: 37.219 cycles
----------------------------------------
==== Global Resource Utilization ====
STASH: size: 65536 entries, full 99170198, empty 2993, misses 255, full rate 100.00
icache bank util. 0.076 0.052 0.000 0.000 0.000 0.118 0.001 0.005 
dcache bank util. 0.031 0.031 0.033 0.031 0.031 0.031 0.038 0.045 
L2 bank util. 0.029 0.029 0.029 0.029 0.029 0.029 0.039 0.050 
L1-L2 bus util. = 0.128, L3 util. = 0.165
----------------------------------------
branch prediction, hits = 8268623, misses = 346, hit rate = 100.00%
return_stack prediction, hits = 257, misses = 10, hit rate = 96.25%
jump prediction, hits = 8268815, misses = 317, hit rate = 100.00%

**** Debug Statistics at 201000000 Cycles *****
Threads: 4		Fetch Width: 8
No of useful instructions fetched:	451313794 (28.07% proc util.)
No of total instructions fetched:	490382641 (30.50% proc util.)
 includes 5593 misfetch (0.0%), 39063254 (8.0%) wrong-path fetches
 and 0 flushed after failed lock(0.0%)
No of useful instructions issued/executed:	451313755 (28.07% proc util.)
No of total instructions issued/executed:	469574198 (29.20% proc util.)
 includes 18260443 wrong-path (3.9%) insts and 0 flushed (0.0%)
	fp 44, 0.00%
	synch 0, 0.00%
	integer 394485509, 84.01%
	load/store 75088645, 15.99%
Avg size of int IQ (before scheduling): 23.71
Avg size of fp IQ (before scheduling): 0.00
No of cycles taken:		201000000
Parallelism [ 1.118, 0.000, 0.000, 1.128,] = 2.245
 IQ conflicts: 37793 (0.02%), FQ conflicts: 0 (0.00%) 
 I reg conflicts: 132649745 (65.99%), FP reg conflicts: 0 (0.00%)
  Activelist confs: 0 (0.00%), ROB confs: 75 (0.00%)
  Int unit conflicts: 50286599 (25.02%), FP unit conflicts: 0 (0.00%)
  Load/store unit conflicts: 896801 (0.45%)
  MSHR conflicts: 3782513 (1.88%)
----------------------------------------
==== System-wide Cache Statistics ====
Stall for miss queue full 0 cycles (0.00%)
----------------------------------------
==== Statistics for Master ID: 0 ====
Reads: 111923961   Writes: 20994452
ICACHE: size: 64 KB assoc: 2
ICACHE: hits:66223791 misses:542  Hit Ratio: 100.00%
DCACHE: size: 16 KB assoc: 4
DCACHE: hits:63151801 misses:3542279 writebacks:1616206  Hit Ratio: 94.69%
SCACHE: size: 512 KB assoc: 2
SCACHE: hits:1576616 misses:1966205  Hit Ratio: 44.50%
3CACHE: size: 4096 KB assoc: 2
3CACHE: hits:21510 misses:1944695  Hit Ratio: 1.09%
3CACHE: dirty items replaced:1
ITLB: size: 48, misses 25, miss rate 0.00%
DTLB: size: 128, misses 88182, miss rate 0.13%
Avg mem delay: 6.902 cycles
----------------------------------------
==== Statistics for Master ID: 3 ====
Reads: 72714719   Writes: 35
ICACHE: size: 64 KB assoc: 2
ICACHE: hits:64320169 misses:23  Hit Ratio: 100.00%
DCACHE: size: 16 KB assoc: 4
DCACHE: hits:2796704 misses:5597858 writebacks:13  Hit Ratio: 33.32%
SCACHE: size: 512 KB assoc: 2
SCACHE: hits:5572290 misses:25591  Hit Ratio: 99.54%
3CACHE: size: 4096 KB assoc: 2
3CACHE: hits:16432 misses:9159  Hit Ratio: 64.21%
3CACHE: dirty items replaced:0
ITLB: size: 48, misses 4, miss rate 0.00%
DTLB: size: 128, misses 166, miss rate 0.00%
Avg mem delay: 6.902 cycles
----------------------------------------
==== Global Resource Utilization ====
STASH: size: 65536 entries, full 518911555, empty 7001, misses 536, full rate 100.00
icache bank util. 0.217 0.152 0.018 0.026 0.037 0.118 0.037 0.044 
dcache bank util. 0.053 0.064 0.072 0.060 0.086 0.049 0.089 0.063 
L2 bank util. 0.035 0.035 0.035 0.034 0.034 0.034 0.040 0.045 
L1-L2 bus util. = 0.161, L3 util. = 0.097
----------------------------------------
branch prediction, hits = 25394217, misses = 1205418, hit rate = 95.47%
return_stack prediction, hits = 1161968, misses = 10, hit rate = 100.00%
jump prediction, hits = 29419752, misses = 1162, hit rate = 100.00%

**** Debug Statistics at 301000000 Cycles *****
Threads: 4		Fetch Width: 8
No of useful instructions fetched:	851648208 (35.37% proc util.)
No of total instructions fetched:	932536579 (38.73% proc util.)
 includes 8365 misfetch (0.0%), 80880006 (8.7%) wrong-path fetches
 and 0 flushed after failed lock(0.0%)
No of useful instructions issued/executed:	851648149 (35.37% proc util.)
No of total instructions issued/executed:	888498082 (36.90% proc util.)
 includes 36849933 wrong-path (4.1%) insts and 0 flushed (0.0%)
	fp 44, 0.00%
	synch 0, 0.00%
	integer 745886210, 83.95%
	load/store 142611828, 16.05%
Avg size of int IQ (before scheduling): 27.21
Avg size of fp IQ (before scheduling): 0.00
No of cycles taken:		301000000
Parallelism [ 1.475, 0.000, 0.000, 1.355,] = 2.829
 IQ conflicts: 84594 (0.03%), FQ conflicts: 0 (0.00%) 
 I reg conflicts: 170057184 (56.50%), FP reg conflicts: 0 (0.00%)
  Activelist confs: 0 (0.00%), ROB confs: 75 (0.00%)
  Int unit conflicts: 108711195 (36.12%), FP unit conflicts: 0 (0.00%)
  Load/store unit conflicts: 1736583 (0.58%)
  MSHR conflicts: 5090486 (1.69%)
----------------------------------------
==== System-wide Cache Statistics ====
Stall for miss queue full 0 cycles (0.00%)
----------------------------------------
==== Statistics for Master ID: 0 ====
Reads: 216693389   Writes: 37431736
ICACHE: size: 64 KB assoc: 2
ICACHE: hits:126617043 misses:542  Hit Ratio: 100.00%
DCACHE: size: 16 KB assoc: 4
DCACHE: hits:122547416 misses:4960124 writebacks:2222699  Hit Ratio: 96.11%
SCACHE: size: 512 KB assoc: 2
SCACHE: hits:2930351 misses:2030315  Hit Ratio: 59.07%
3CACHE: size: 4096 KB assoc: 2
3CACHE: hits:49611 misses:1980704  Hit Ratio: 2.44%
3CACHE: dirty items replaced:3
ITLB: size: 48, misses 25, miss rate 0.00%
DTLB: size: 128, misses 88935, miss rate 0.07%
Avg mem delay: 4.292 cycles
----------------------------------------
==== Statistics for Master ID: 3 ====
Reads: 136996459   Writes: 35
ICACHE: size: 64 KB assoc: 2
ICACHE: hits:121892188 misses:23  Hit Ratio: 100.00%
DCACHE: size: 16 KB assoc: 4
DCACHE: hits:5032071 misses:10072212 writebacks:13  Hit Ratio: 33.32%
SCACHE: size: 512 KB assoc: 2
SCACHE: hits:10045661 misses:26574  Hit Ratio: 99.74%
3CACHE: size: 4096 KB assoc: 2
3CACHE: hits:16989 misses:9585  Hit Ratio: 63.93%
3CACHE: dirty items replaced:0
ITLB: size: 48, misses 4, miss rate 0.00%
DTLB: size: 128, misses 166, miss rate 0.00%
Avg mem delay: 4.292 cycles
----------------------------------------
==== Global Resource Utilization ====
STASH: size: 65536 entries, full 991565000, empty 7008, misses 537, full rate 100.00
icache bank util. 0.280 0.197 0.029 0.039 0.051 0.115 0.051 0.064 
dcache bank util. 0.062 0.076 0.089 0.071 0.112 0.057 0.109 0.071 
L2 bank util. 0.036 0.036 0.037 0.036 0.035 0.036 0.039 0.043 
L1-L2 bus util. = 0.172, L3 util. = 0.066
----------------------------------------
branch prediction, hits = 44159383, misses = 2524221, hit rate = 94.59%
return_stack prediction, hits = 2379602, misses = 10, hit rate = 100.00%
jump prediction, hits = 52614401, misses = 1741, hit rate = 100.00%

**** Debug Statistics at 401000000 Cycles *****
Threads: 4		Fetch Width: 8
No of useful instructions fetched:	1251040687 (39.00% proc util.)
No of total instructions fetched:	1375590987 (42.88% proc util.)
 includes 10942 misfetch (0.0%), 124539358 (9.1%) wrong-path fetches
 and 0 flushed after failed lock(0.0%)
No of useful instructions issued/executed:	1251040665 (39.00% proc util.)
No of total instructions issued/executed:	1307357603 (40.75% proc util.)
 includes 56316938 wrong-path (4.3%) insts and 0 flushed (0.0%)
	fp 44, 0.00%
	synch 0, 0.00%
	integer 1097021054, 83.91%
	load/store 210336505, 16.09%
Avg size of int IQ (before scheduling): 28.96
Avg size of fp IQ (before scheduling): 0.00
No of cycles taken:		401000000
Parallelism [ 1.651, 0.000, 0.000, 1.469,] = 3.120
 IQ conflicts: 131868 (0.03%), FQ conflicts: 0 (0.00%) 
 I reg conflicts: 207274300 (51.69%), FP reg conflicts: 0 (0.00%)
  Activelist confs: 0 (0.00%), ROB confs: 75 (0.00%)
  Int unit conflicts: 167044603 (41.66%), FP unit conflicts: 0 (0.00%)
  Load/store unit conflicts: 2555106 (0.64%)
  MSHR conflicts: 6307114 (1.57%)
----------------------------------------
==== System-wide Cache Statistics ====
Stall for miss queue full 0 cycles (0.00%)
----------------------------------------
==== Statistics for Master ID: 0 ====
Reads: 321968777   Writes: 53833541
ICACHE: size: 64 KB assoc: 2
ICACHE: hits:187277110 misses:543  Hit Ratio: 100.00%
DCACHE: size: 16 KB assoc: 4
DCACHE: hits:182044125 misses:6480540 writebacks:2844679  Hit Ratio: 96.56%
SCACHE: size: 512 KB assoc: 2
SCACHE: hits:4387775 misses:2093308  Hit Ratio: 67.70%
3CACHE: size: 4096 KB assoc: 2
3CACHE: hits:78628 misses:2014680  Hit Ratio: 3.76%
3CACHE: dirty items replaced:11
ITLB: size: 48, misses 25, miss rate 0.00%
DTLB: size: 128, misses 89678, miss rate 0.05%
Avg mem delay: 3.412 cycles
----------------------------------------
==== Statistics for Master ID: 3 ====
Reads: 201545432   Writes: 35
ICACHE: size: 64 KB assoc: 2
ICACHE: hits:179733610 misses:23  Hit Ratio: 100.00%
DCACHE: size: 16 KB assoc: 4
DCACHE: hits:7267218 misses:14544616 writebacks:13  Hit Ratio: 33.32%
SCACHE: size: 512 KB assoc: 2
SCACHE: hits:14516892 misses:27747  Hit Ratio: 99.81%
3CACHE: size: 4096 KB assoc: 2
3CACHE: hits:17679 misses:10068  Hit Ratio: 63.71%
3CACHE: dirty items replaced:1
ITLB: size: 48, misses 4, miss rate 0.00%
DTLB: size: 128, misses 166, miss rate 0.00%
Avg mem delay: 3.412 cycles
----------------------------------------
==== Global Resource Utilization ====
STASH: size: 65536 entries, full 1465746146, empty 7008, misses 537, full rate 100.00
icache bank util. 0.311 0.220 0.034 0.045 0.059 0.115 0.058 0.074 
dcache bank util. 0.067 0.082 0.097 0.076 0.125 0.060 0.119 0.075 
L2 bank util. 0.037 0.037 0.038 0.037 0.036 0.037 0.039 0.042 
L1-L2 bus util. = 0.179, L3 util. = 0.050
----------------------------------------
branch prediction, hits = 62975510, misses = 3896453, hit rate = 94.17%
return_stack prediction, hits = 3619578, misses = 10, hit rate = 100.00%
jump prediction, hits = 75940149, misses = 2288, hit rate = 100.00%

**** Debug Statistics at 501000000 Cycles *****
Threads: 4		Fetch Width: 8
No of useful instructions fetched:	1651418552 (41.20% proc util.)
No of total instructions fetched:	1816073126 (45.31% proc util.)
 includes 13516 misfetch (0.0%), 164641058 (9.1%) wrong-path fetches
 and 0 flushed after failed lock(0.0%)
No of useful instructions issued/executed:	1651418507 (41.20% proc util.)
No of total instructions issued/executed:	1725479847 (43.05% proc util.)
 includes 74061340 wrong-path (4.3%) insts and 0 flushed (0.0%)
	fp 44, 0.00%
	synch 0, 0.00%
	integer 1448032404, 83.92%
	load/store 277447399, 16.08%
Avg size of int IQ (before scheduling): 30.02
Avg size of fp IQ (before scheduling): 0.00
No of cycles taken:		501000000
Parallelism [ 1.760, 0.000, 0.000, 1.537,] = 3.296
 IQ conflicts: 181465 (0.04%), FQ conflicts: 0 (0.00%) 
 I reg conflicts: 244988390 (48.90%), FP reg conflicts: 0 (0.00%)
  Activelist confs: 0 (0.00%), ROB confs: 75 (0.00%)
  Int unit conflicts: 225077135 (44.93%), FP unit conflicts: 0 (0.00%)
  Load/store unit conflicts: 3374767 (0.67%)
  MSHR conflicts: 7664391 (1.53%)
----------------------------------------
==== System-wide Cache Statistics ====
Stall for miss queue full 0 cycles (0.00%)
----------------------------------------
==== Statistics for Master ID: 0 ====
Reads: 426073016   Writes: 70193054
ICACHE: size: 64 KB assoc: 2
ICACHE: hits:247330908 misses:543  Hit Ratio: 100.00%
DCACHE: size: 16 KB assoc: 4
DCACHE: hits:241057165 misses:7877454 writebacks:3439284  Hit Ratio: 96.84%
SCACHE: size: 512 KB assoc: 2
SCACHE: hits:5719190 misses:2158807  Hit Ratio: 72.60%
3CACHE: size: 4096 KB assoc: 2
3CACHE: hits:106466 misses:2052341  Hit Ratio: 4.93%
3CACHE: dirty items replaced:105
ITLB: size: 48, misses 25, miss rate 0.00%
DTLB: size: 128, misses 90479, miss rate 0.04%
Avg mem delay: 2.976 cycles
----------------------------------------
==== Statistics for Master ID: 3 ====
Reads: 265477990   Writes: 35
ICACHE: size: 64 KB assoc: 2
ICACHE: hits:236965231 misses:23  Hit Ratio: 100.00%
DCACHE: size: 16 KB assoc: 4
DCACHE: hits:9500582 misses:19012189 writebacks:13  Hit Ratio: 33.32%
SCACHE: size: 512 KB assoc: 2
SCACHE: hits:18983467 misses:28744  Hit Ratio: 99.85%
3CACHE: size: 4096 KB assoc: 2
3CACHE: hits:17979 misses:10765  Hit Ratio: 62.55%
3CACHE: dirty items replaced:2
ITLB: size: 48, misses 4, miss rate 0.00%
DTLB: size: 128, misses 166, miss rate 0.00%
Avg mem delay: 2.976 cycles
----------------------------------------
==== Global Resource Utilization ====
STASH: size: 65536 entries, full 1935986882, empty 7008, misses 537, full rate 100.00
icache bank util. 0.330 0.233 0.037 0.049 0.063 0.113 0.062 0.080 
dcache bank util. 0.070 0.086 0.102 0.079 0.133 0.063 0.125 0.078 
L2 bank util. 0.038 0.038 0.039 0.037 0.037 0.037 0.039 0.042 
L1-L2 bus util. = 0.182, L3 util. = 0.041
----------------------------------------
branch prediction, hits = 81774110, misses = 5160230, hit rate = 94.06%
return_stack prediction, hits = 4815150, misses = 10, hit rate = 100.00%
jump prediction, hits = 99052078, misses = 2836, hit rate = 100.00%

**** Early Exiting at 588067302 Cycles *****
========================================
 SMTSIM Global Statistics
========================================
Threads: 4		Fetch Width: 8
No of useful instructions fetched:	2000000113 (42.51% proc util.)
No of total instructions fetched:	2202632102 (46.82% proc util.)
 includes 15927 misfetch (0.0%), 202616062 (9.2%) wrong-path fetches
 and 0 flushed after failed lock(0.0%)
No of useful instructions issued/executed:	2000000050 (42.51% proc util.)
No of total instructions issued/executed:	2090924387 (44.44% proc util.)
 includes 90924337 wrong-path (4.3%) insts and 0 flushed (0.0%)
	fp 44, 0.00%
	synch 0, 0.00%
	integer 1753941869, 83.88%
	load/store 336982474, 16.12%
Avg size of int IQ (before scheduling): 30.64
Avg size of fp IQ (before scheduling): 0.00
No of cycles taken:		588067302
Parallelism [ 1.824, 0.000, 0.000, 1.577,] = 3.401
 IQ conflicts: 223336 (0.04%), FQ conflicts: 0 (0.00%) 
 I reg conflicts: 277270737 (47.15%), FP reg conflicts: 0 (0.00%)
  Activelist confs: 0 (0.00%), ROB confs: 75 (0.00%)
  Int unit conflicts: 276652883 (47.04%), FP unit conflicts: 0 (0.00%)
  Load/store unit conflicts: 4120641 (0.70%)
  MSHR conflicts: 8709844 (1.48%)
----------------------------------------
==== System-wide Cache Statistics ====
Stall for miss queue full 0 cycles (0.00%)
----------------------------------------
==== Statistics for Master ID: 0 ====
Reads: 518096000   Writes: 84802285
ICACHE: size: 64 KB assoc: 2
ICACHE: hits:300272830 misses:543  Hit Ratio: 100.00%
DCACHE: size: 16 KB assoc: 4
DCACHE: hits:293457717 misses:9167195 writebacks:3969292  Hit Ratio: 96.97%
SCACHE: size: 512 KB assoc: 2
SCACHE: hits:6953298 misses:2214440  Hit Ratio: 75.85%
3CACHE: size: 4096 KB assoc: 2
3CACHE: hits:131897 misses:2082543  Hit Ratio: 5.96%
3CACHE: dirty items replaced:113
ITLB: size: 48, misses 25, miss rate 0.00%
DTLB: size: 128, misses 91122, miss rate 0.03%
Avg mem delay: 2.734 cycles
----------------------------------------
==== Statistics for Master ID: 3 ====
Reads: 321800439   Writes: 35
ICACHE: size: 64 KB assoc: 2
ICACHE: hits:287442899 misses:23  Hit Ratio: 100.00%
DCACHE: size: 16 KB assoc: 4
DCACHE: hits:11447885 misses:22909667 writebacks:13  Hit Ratio: 33.32%
SCACHE: size: 512 KB assoc: 2
SCACHE: hits:22879946 misses:29744  Hit Ratio: 99.87%
3CACHE: size: 4096 KB assoc: 2
3CACHE: hits:18762 misses:10982  Hit Ratio: 63.08%
3CACHE: dirty items replaced:8
ITLB: size: 48, misses 4, miss rate 0.00%
DTLB: size: 128, misses 166, miss rate 0.00%
Avg mem delay: 2.734 cycles
----------------------------------------
==== Global Resource Utilization ====
STASH: size: 65536 entries, full 2349829295, empty 7029, misses 537, full rate 100.00
icache bank util. 0.341 0.241 0.038 0.051 0.066 0.113 0.065 0.083 
dcache bank util. 0.072 0.088 0.106 0.081 0.138 0.064 0.129 0.079 
L2 bank util. 0.038 0.038 0.039 0.037 0.037 0.037 0.039 0.041 
L1-L2 bus util. = 0.184, L3 util. = 0.036
----------------------------------------
branch prediction, hits = 98134646, misses = 6358017, hit rate = 93.92%
return_stack prediction, hits = 5926124, misses = 10, hit rate = 100.00%
jump prediction, hits = 119444833, misses = 3347, hit rate = 100.00%
total IPC 3.401

=== Results saved to: ./results/gzip-source_3_cacherand_1.txt ===
