===== 执行信息 =====
Cache目录：smtc64
执行命令：./smtsim ../gcc-200.arg2 ../gzip-program.arg ../recurseq.arg
执行时间：2026-04-16 17:09:56
返回码：0
===== 输出内容 =====
SMTCache
Process 0, Thread 0: gcc-200
Process 0, Thread 1: gcc-200
Process 2, Thread 2: gzip-program
Process 3, Thread 3: recurseq

**** Debug Statistics at 1000000 Cycles *****
Threads: 4		Fetch Width: 8
No of useful instructions fetched:	837093 (10.46% proc util.)
No of total instructions fetched:	956230 (11.95% proc util.)
 includes 11461 misfetch (1.2%), 107676 (11.3%) wrong-path fetches
 and 0 flushed after failed lock(0.0%)
No of useful instructions issued/executed:	837057 (10.46% proc util.)
No of total instructions issued/executed:	889307 (11.12% proc util.)
 includes 52250 wrong-path (5.9%) insts and 0 flushed (0.0%)
	fp 52, 0.01%
	synch 0, 0.00%
	integer 656857, 73.86%
	load/store 232398, 26.13%
Avg size of int IQ (before scheduling): 17.37
Avg size of fp IQ (before scheduling): 0.00
No of cycles taken:		1000000
Parallelism [ 0.267, 0.000, 0.118, 0.453,] = 0.837
 IQ conflicts: 611 (0.06%), FQ conflicts: 0 (0.00%) 
 I reg conflicts: 861189 (86.12%), FP reg conflicts: 0 (0.00%)
  Activelist confs: 0 (0.00%), ROB confs: 0 (0.00%)
  Int unit conflicts: 211345 (21.13%), FP unit conflicts: 0 (0.00%)
  Load/store unit conflicts: 9318 (0.93%)
  MSHR conflicts: 38369 (3.84%)
----------------------------------------
==== System-wide Cache Statistics ====
Stall for miss queue full 0 cycles (0.00%)
----------------------------------------
==== Statistics for Master ID: 0 ====
Reads: 146355   Writes: 33057
ICACHE: size: 64 KB assoc: 2
ICACHE: hits:93383 misses:1152  Hit Ratio: 98.78%
DCACHE: size: 16 KB assoc: 4
DCACHE: hits:83083 misses:1794 writebacks:1365  Hit Ratio: 97.89%
SCACHE: size: 512 KB assoc: 2
SCACHE: hits:395 misses:2551  Hit Ratio: 13.41%
3CACHE: size: 4096 KB assoc: 2
3CACHE: hits:31 misses:2520  Hit Ratio: 1.22%
3CACHE: dirty items replaced:0
ITLB: size: 48, misses 66, miss rate 0.07%
DTLB: size: 128, misses 260, miss rate 0.31%
Avg mem delay: 34.186 cycles
----------------------------------------
==== Statistics for Master ID: 2 ====
Reads: 89058   Writes: 19195
ICACHE: size: 64 KB assoc: 2
ICACHE: hits:51620 misses:207  Hit Ratio: 99.60%
DCACHE: size: 16 KB assoc: 4
DCACHE: hits:35129 misses:21297 writebacks:21145  Hit Ratio: 62.26%
SCACHE: size: 512 KB assoc: 2
SCACHE: hits:2869 misses:18633  Hit Ratio: 13.34%
3CACHE: size: 4096 KB assoc: 2
3CACHE: hits:0 misses:18632  Hit Ratio: 0.00%
3CACHE: dirty items replaced:0
ITLB: size: 48, misses 18, miss rate 0.03%
DTLB: size: 128, misses 4592, miss rate 8.14%
Avg mem delay: 34.186 cycles
----------------------------------------
==== Statistics for Master ID: 3 ====
Reads: 126161   Writes: 79604
ICACHE: size: 64 KB assoc: 2
ICACHE: hits:114701 misses:30  Hit Ratio: 99.97%
DCACHE: size: 16 KB assoc: 4
DCACHE: hits:86316 misses:4718 writebacks:4450  Hit Ratio: 94.82%
SCACHE: size: 512 KB assoc: 2
SCACHE: hits:313 misses:4435  Hit Ratio: 6.59%
3CACHE: size: 4096 KB assoc: 2
3CACHE: hits:21 misses:4414  Hit Ratio: 0.47%
3CACHE: dirty items replaced:0
ITLB: size: 48, misses 4, miss rate 0.00%
DTLB: size: 128, misses 94, miss rate 0.10%
Avg mem delay: 34.186 cycles
----------------------------------------
==== Global Resource Utilization ====
STASH: size: 65536 entries, full 989287, empty 18749, misses 1615, full rate 97.98
icache bank util. 0.032 0.107 0.019 0.015 0.013 0.012 0.021 0.047 
dcache bank util. 0.029 0.031 0.041 0.034 0.022 0.021 0.189 0.030 
L2 bank util. 0.011 0.011 0.011 0.011 0.011 0.011 0.253 0.011 
L1-L2 bus util. = 0.168, L3 util. = 0.256
----------------------------------------
branch prediction, hits = 102762, misses = 4066, hit rate = 96.19%
return_stack prediction, hits = 3488, misses = 1991, hit rate = 63.66%
jump prediction, hits = 107395, misses = 3232, hit rate = 97.08%
 abend_ adia_ adib_ ambm6_ analie6_
**** Debug Statistics at 101000000 Cycles *****
Threads: 4		Fetch Width: 8
No of useful instructions fetched:	176795747 (21.88% proc util.)
No of total instructions fetched:	266432161 (32.97% proc util.)
 includes 6007473 misfetch (2.3%), 83628941 (31.4%) wrong-path fetches
 and 0 flushed after failed lock(0.0%)
No of useful instructions issued/executed:	176795713 (21.88% proc util.)
No of total instructions issued/executed:	221414980 (27.40% proc util.)
 includes 44619267 wrong-path (20.2%) insts and 0 flushed (0.0%)
	fp 10263, 0.00%
	synch 0, 0.00%
	integer 150988442, 68.19%
	load/store 70416275, 31.80%
Avg size of int IQ (before scheduling): 19.90
Avg size of fp IQ (before scheduling): 0.00
No of cycles taken:		101000000
Parallelism [ 0.647, 0.000, 0.338, 0.766,] = 1.750
 IQ conflicts: 98705 (0.10%), FQ conflicts: 0 (0.00%) 
 I reg conflicts: 61836172 (61.22%), FP reg conflicts: 0 (0.00%)
  Activelist confs: 0 (0.00%), ROB confs: 6 (0.00%)
  Int unit conflicts: 33946809 (33.61%), FP unit conflicts: 7 (0.00%)
  Load/store unit conflicts: 4105431 (4.06%)
  MSHR conflicts: 10655819 (10.55%)
----------------------------------------
==== System-wide Cache Statistics ====
Stall for miss queue full 0 cycles (0.00%)
----------------------------------------
==== Statistics for Master ID: 0 ====
Reads: 46830658   Writes: 8195606
ICACHE: size: 64 KB assoc: 2
ICACHE: hits:27121704 misses:416240  Hit Ratio: 98.49%
DCACHE: size: 16 KB assoc: 4
DCACHE: hits:26737980 misses:750340 writebacks:749907  Hit Ratio: 97.27%
SCACHE: size: 512 KB assoc: 2
SCACHE: hits:865072 misses:301508  Hit Ratio: 74.15%
3CACHE: size: 4096 KB assoc: 2
3CACHE: hits:193803 misses:107705  Hit Ratio: 64.28%
3CACHE: dirty items replaced:6805
ITLB: size: 48, misses 32730, miss rate 0.12%
DTLB: size: 128, misses 25510, miss rate 0.09%
Avg mem delay: 4.937 cycles
----------------------------------------
==== Statistics for Master ID: 2 ====
Reads: 20104280   Writes: 5033216
ICACHE: size: 64 KB assoc: 2
ICACHE: hits:14885259 misses:741  Hit Ratio: 100.00%
DCACHE: size: 16 KB assoc: 4
DCACHE: hits:8714303 misses:1537193 writebacks:1435678  Hit Ratio: 85.01%
SCACHE: size: 512 KB assoc: 2
SCACHE: hits:140820 misses:1397114  Hit Ratio: 9.16%
3CACHE: size: 4096 KB assoc: 2
3CACHE: hits:115 misses:1396999  Hit Ratio: 0.01%
3CACHE: dirty items replaced:52741
ITLB: size: 48, misses 66, miss rate 0.00%
DTLB: size: 128, misses 65097, miss rate 0.64%
Avg mem delay: 4.937 cycles
----------------------------------------
==== Statistics for Master ID: 3 ====
Reads: 47377646   Writes: 18377509
ICACHE: size: 64 KB assoc: 2
ICACHE: hits:33123600 misses:2015  Hit Ratio: 99.99%
DCACHE: size: 16 KB assoc: 4
DCACHE: hits:32028880 misses:600660 writebacks:600392  Hit Ratio: 98.16%
SCACHE: size: 512 KB assoc: 2
SCACHE: hits:382111 misses:220564  Hit Ratio: 63.40%
3CACHE: size: 4096 KB assoc: 2
3CACHE: hits:188310 misses:32254  Hit Ratio: 85.38%
3CACHE: dirty items replaced:445
ITLB: size: 48, misses 4, miss rate 0.00%
DTLB: size: 128, misses 4685, miss rate 0.01%
Avg mem delay: 4.937 cycles
----------------------------------------
==== Global Resource Utilization ====
STASH: size: 65536 entries, full 283946898, empty 7691674, misses 691543, full rate 97.13
icache bank util. 0.177 0.122 0.042 0.036 0.036 0.120 0.046 0.181 
dcache bank util. 0.091 0.091 0.099 0.224 0.084 0.082 0.092 0.103 
L2 bank util. 0.036 0.037 0.037 0.037 0.035 0.035 0.046 0.059 
L1-L2 bus util. = 0.181, L3 util. = 0.152
----------------------------------------
branch prediction, hits = 15824122, misses = 1301755, hit rate = 92.40%
return_stack prediction, hits = 888821, misses = 3457905, hit rate = 20.45%
jump prediction, hits = 20742600, misses = 1744385, hit rate = 92.24%
 betalf_
**** Debug Statistics at 201000000 Cycles *****
Threads: 4		Fetch Width: 8
No of useful instructions fetched:	448268021 (27.88% proc util.)
No of total instructions fetched:	692702841 (43.08% proc util.)
 includes 13636956 misfetch (2.0%), 230797864 (33.3%) wrong-path fetches
 and 0 flushed after failed lock(0.0%)
No of useful instructions issued/executed:	448268000 (27.88% proc util.)
No of total instructions issued/executed:	568639920 (35.36% proc util.)
 includes 120371920 wrong-path (21.2%) insts and 0 flushed (0.0%)
	fp 39608, 0.01%
	synch 0, 0.00%
	integer 390045566, 68.59%
	load/store 178554746, 31.40%
Avg size of int IQ (before scheduling): 21.04
Avg size of fp IQ (before scheduling): 0.01
No of cycles taken:		201000000
Parallelism [ 0.768, 0.000, 0.637, 0.826,] = 2.230
 IQ conflicts: 523657 (0.26%), FQ conflicts: 0 (0.00%) 
 I reg conflicts: 99027955 (49.27%), FP reg conflicts: 0 (0.00%)
  Activelist confs: 288 (0.00%), ROB confs: 62520 (0.03%)
  Int unit conflicts: 204536684 (101.76%), FP unit conflicts: 8 (0.00%)
  Load/store unit conflicts: 17247475 (8.58%)
  MSHR conflicts: 34964063 (17.40%)
----------------------------------------
==== System-wide Cache Statistics ====
Stall for miss queue full 0 cycles (0.00%)
----------------------------------------
==== Statistics for Master ID: 0 ====
Reads: 115477599   Writes: 19963507
ICACHE: size: 64 KB assoc: 2
ICACHE: hits:67320529 misses:831194  Hit Ratio: 98.78%
DCACHE: size: 16 KB assoc: 4
DCACHE: hits:65619349 misses:1670034 writebacks:1669601  Hit Ratio: 97.52%
SCACHE: size: 512 KB assoc: 2
SCACHE: hits:1834972 misses:666256  Hit Ratio: 73.36%
3CACHE: size: 4096 KB assoc: 2
3CACHE: hits:474567 misses:191689  Hit Ratio: 71.23%
3CACHE: dirty items replaced:17871
ITLB: size: 48, misses 56930, miss rate 0.08%
DTLB: size: 128, misses 67253, miss rate 0.10%
Avg mem delay: 3.303 cycles
----------------------------------------
==== Statistics for Master ID: 2 ====
Reads: 76126615   Writes: 13406751
ICACHE: size: 64 KB assoc: 2
ICACHE: hits:51601628 misses:4939  Hit Ratio: 99.99%
DCACHE: size: 16 KB assoc: 4
DCACHE: hits:35034729 misses:2892070 writebacks:2771384  Hit Ratio: 92.37%
SCACHE: size: 512 KB assoc: 2
SCACHE: hits:698782 misses:2198227  Hit Ratio: 24.12%
3CACHE: size: 4096 KB assoc: 2
3CACHE: hits:63925 misses:2134302  Hit Ratio: 2.91%
3CACHE: dirty items replaced:108226
ITLB: size: 48, misses 226, miss rate 0.00%
DTLB: size: 128, misses 97703, miss rate 0.26%
Avg mem delay: 3.303 cycles
----------------------------------------
==== Statistics for Master ID: 3 ====
Reads: 109864129   Writes: 42171948
ICACHE: size: 64 KB assoc: 2
ICACHE: hits:78822423 misses:2816  Hit Ratio: 100.00%
DCACHE: size: 16 KB assoc: 4
DCACHE: hits:71921385 misses:1289453 writebacks:1289185  Hit Ratio: 98.24%
SCACHE: size: 512 KB assoc: 2
SCACHE: hits:882362 misses:409907  Hit Ratio: 68.28%
3CACHE: size: 4096 KB assoc: 2
3CACHE: hits:336062 misses:73845  Hit Ratio: 81.98%
3CACHE: dirty items replaced:3077
ITLB: size: 48, misses 4, miss rate 0.00%
DTLB: size: 128, misses 9535, miss rate 0.01%
Avg mem delay: 3.303 cycles
----------------------------------------
==== Global Resource Utilization ====
STASH: size: 65536 entries, full 745026388, empty 16038619, misses 1447058, full rate 97.71
icache bank util. 0.208 0.161 0.066 0.062 0.070 0.149 0.071 0.214 
dcache bank util. 0.107 0.111 0.127 0.258 0.118 0.104 0.121 0.114 
L2 bank util. 0.037 0.038 0.038 0.039 0.037 0.036 0.042 0.050 
L1-L2 bus util. = 0.185, L3 util. = 0.119
----------------------------------------
branch prediction, hits = 36928751, misses = 3964927, hit rate = 90.30%
return_stack prediction, hits = 2569986, misses = 7442501, hit rate = 25.67%
jump prediction, hits = 49052496, misses = 4004273, hit rate = 92.45%
 block_ blockdis_
**** Debug Statistics at 301000000 Cycles *****
Threads: 4		Fetch Width: 8
No of useful instructions fetched:	818992435 (34.01% proc util.)
No of total instructions fetched:	1276681903 (53.02% proc util.)
 includes 21037158 misfetch (1.6%), 436652310 (34.2%) wrong-path fetches
 and 0 flushed after failed lock(0.0%)
No of useful instructions issued/executed:	818992388 (34.01% proc util.)
No of total instructions issued/executed:	1046796843 (43.47% proc util.)
 includes 227804455 wrong-path (21.8%) insts and 0 flushed (0.0%)
	fp 49097, 0.00%
	synch 0, 0.00%
	integer 722768157, 69.05%
	load/store 323979589, 30.95%
Avg size of int IQ (before scheduling): 23.30
Avg size of fp IQ (before scheduling): 0.01
No of cycles taken:		301000000
Parallelism [ 0.886, 0.000, 0.921, 0.913,] = 2.721
 IQ conflicts: 1514729 (0.50%), FQ conflicts: 0 (0.00%) 
 I reg conflicts: 111758015 (37.13%), FP reg conflicts: 0 (0.00%)
  Activelist confs: 319 (0.00%), ROB confs: 175420 (0.06%)
  Int unit conflicts: 509841850 (169.38%), FP unit conflicts: 11 (0.00%)
  Load/store unit conflicts: 37661997 (12.51%)
  MSHR conflicts: 46236642 (15.36%)
----------------------------------------
==== System-wide Cache Statistics ====
Stall for miss queue full 0 cycles (0.00%)
----------------------------------------
==== Statistics for Master ID: 0 ====
Reads: 203567705   Writes: 35077784
ICACHE: size: 64 KB assoc: 2
ICACHE: hits:119821641 misses:1283718  Hit Ratio: 98.94%
DCACHE: size: 16 KB assoc: 4
DCACHE: hits:114278405 misses:3261725 writebacks:3261292  Hit Ratio: 97.23%
SCACHE: size: 512 KB assoc: 2
SCACHE: hits:3540939 misses:1004503  Hit Ratio: 77.90%
3CACHE: size: 4096 KB assoc: 2
3CACHE: hits:759388 misses:245115  Hit Ratio: 75.60%
3CACHE: dirty items replaced:32157
ITLB: size: 48, misses 78503, miss rate 0.06%
DTLB: size: 128, misses 164152, miss rate 0.14%
Avg mem delay: 2.412 cycles
----------------------------------------
==== Statistics for Master ID: 2 ====
Reads: 162748563   Writes: 24406456
ICACHE: size: 64 KB assoc: 2
ICACHE: hits:107091426 misses:13799  Hit Ratio: 99.99%
DCACHE: size: 16 KB assoc: 4
DCACHE: hits:76159110 misses:3890684 writebacks:3769998  Hit Ratio: 95.14%
SCACHE: size: 512 KB assoc: 2
SCACHE: hits:1532975 misses:2371508  Hit Ratio: 39.26%
3CACHE: size: 4096 KB assoc: 2
3CACHE: hits:190886 misses:2180622  Hit Ratio: 8.05%
3CACHE: dirty items replaced:119414
ITLB: size: 48, misses 461, miss rate 0.00%
DTLB: size: 128, misses 120894, miss rate 0.15%
Avg mem delay: 2.412 cycles
----------------------------------------
==== Statistics for Master ID: 3 ====
Reads: 192234114   Writes: 74047765
ICACHE: size: 64 KB assoc: 2
ICACHE: hits:140114167 misses:4090  Hit Ratio: 100.00%
DCACHE: size: 16 KB assoc: 4
DCACHE: hits:124025284 misses:2138338 writebacks:2138070  Hit Ratio: 98.31%
SCACHE: size: 512 KB assoc: 2
SCACHE: hits:1557972 misses:584456  Hit Ratio: 72.72%
3CACHE: size: 4096 KB assoc: 2
3CACHE: hits:489088 misses:95368  Hit Ratio: 83.68%
3CACHE: dirty items replaced:9898
ITLB: size: 48, misses 4, miss rate 0.00%
DTLB: size: 128, misses 17697, miss rate 0.01%
Avg mem delay: 2.412 cycles
----------------------------------------
==== Global Resource Utilization ====
STASH: size: 65536 entries, full 1381554983, empty 25107777, misses 2272560, full rate 98.06
icache bank util. 0.246 0.199 0.089 0.087 0.102 0.160 0.098 0.256 
dcache bank util. 0.122 0.133 0.158 0.297 0.149 0.120 0.151 0.130 
L2 bank util. 0.038 0.039 0.039 0.040 0.037 0.037 0.041 0.049 
L1-L2 bus util. = 0.197, L3 util. = 0.084
----------------------------------------
branch prediction, hits = 64558866, misses = 7171238, hit rate = 90.00%
return_stack prediction, hits = 5374534, misses = 12342380, hit rate = 30.34%
jump prediction, hits = 87178133, misses = 6262564, hit rate = 93.30%
 caconv_ calrms_ chroma_ cinvar_ clor6_
**** Debug Statistics at 401000000 Cycles *****
Threads: 4		Fetch Width: 8
No of useful instructions fetched:	1173326174 (36.58% proc util.)
No of total instructions fetched:	1845033826 (57.51% proc util.)
 includes 29780979 misfetch (1.6%), 641926673 (34.8%) wrong-path fetches
 and 0 flushed after failed lock(0.0%)
No of useful instructions issued/executed:	1173326142 (36.58% proc util.)
No of total instructions issued/executed:	1507079019 (46.98% proc util.)
 includes 333752877 wrong-path (22.1%) insts and 0 flushed (0.0%)
	fp 70693, 0.00%
	synch 0, 0.00%
	integer 1043268419, 69.22%
	load/store 463739907, 30.77%
Avg size of int IQ (before scheduling): 24.11
Avg size of fp IQ (before scheduling): 0.01
No of cycles taken:		401000000
Parallelism [ 0.930, 0.000, 1.049, 0.947,] = 2.926
 IQ conflicts: 2427464 (0.61%), FQ conflicts: 0 (0.00%) 
 I reg conflicts: 127035117 (31.68%), FP reg conflicts: 0 (0.00%)
  Activelist confs: 1000 (0.00%), ROB confs: 291657 (0.07%)
  Int unit conflicts: 780043024 (194.52%), FP unit conflicts: 19 (0.00%)
  Load/store unit conflicts: 55099440 (13.74%)
  MSHR conflicts: 55870283 (13.93%)
----------------------------------------
==== System-wide Cache Statistics ====
Stall for miss queue full 0 cycles (0.00%)
----------------------------------------
==== Statistics for Master ID: 0 ====
Reads: 288709401   Writes: 48774884
ICACHE: size: 64 KB assoc: 2
ICACHE: hits:170260755 misses:1823781  Hit Ratio: 98.94%
DCACHE: size: 16 KB assoc: 4
DCACHE: hits:161045773 misses:4353976 writebacks:4353543  Hit Ratio: 97.37%
SCACHE: size: 512 KB assoc: 2
SCACHE: hits:4822166 misses:1355591  Hit Ratio: 78.06%
3CACHE: size: 4096 KB assoc: 2
3CACHE: hits:1024695 misses:330896  Hit Ratio: 75.59%
3CACHE: dirty items replaced:63749
ITLB: size: 48, misses 109514, miss rate 0.06%
DTLB: size: 128, misses 220090, miss rate 0.13%
Avg mem delay: 2.068 cycles
----------------------------------------
==== Statistics for Master ID: 2 ====
Reads: 246933714   Writes: 35439777
ICACHE: size: 64 KB assoc: 2
ICACHE: hits:161166268 misses:21365  Hit Ratio: 99.99%
DCACHE: size: 16 KB assoc: 4
DCACHE: hits:116219910 misses:4965948 writebacks:4845262  Hit Ratio: 95.90%
SCACHE: size: 512 KB assoc: 2
SCACHE: hits:2442153 misses:2545160  Hit Ratio: 48.97%
3CACHE: size: 4096 KB assoc: 2
3CACHE: hits:292282 misses:2252878  Hit Ratio: 11.48%
3CACHE: dirty items replaced:144268
ITLB: size: 48, misses 775, miss rate 0.00%
DTLB: size: 128, misses 132022, miss rate 0.11%
Avg mem delay: 2.068 cycles
----------------------------------------
==== Statistics for Master ID: 3 ====
Reads: 271717691   Writes: 104591713
ICACHE: size: 64 KB assoc: 2
ICACHE: hits:199482358 misses:6141  Hit Ratio: 100.00%
DCACHE: size: 16 KB assoc: 4
DCACHE: hits:173866719 misses:2954186 writebacks:2953918  Hit Ratio: 98.33%
SCACHE: size: 512 KB assoc: 2
SCACHE: hits:2195277 misses:765050  Hit Ratio: 74.16%
3CACHE: size: 4096 KB assoc: 2
3CACHE: hits:623985 misses:141065  Hit Ratio: 81.56%
3CACHE: dirty items replaced:25116
ITLB: size: 48, misses 4, miss rate 0.00%
DTLB: size: 128, misses 22902, miss rate 0.01%
Avg mem delay: 2.068 cycles
----------------------------------------
==== Global Resource Utilization ====
STASH: size: 65536 entries, full 1999184646, empty 35294960, misses 3178268, full rate 98.11
icache bank util. 0.262 0.218 0.100 0.097 0.116 0.164 0.110 0.275 
dcache bank util. 0.129 0.139 0.170 0.312 0.164 0.126 0.164 0.136 
L2 bank util. 0.038 0.038 0.039 0.040 0.037 0.036 0.040 0.046 
L1-L2 bus util. = 0.197, L3 util. = 0.068
----------------------------------------
branch prediction, hits = 89217426, misses = 10780090, hit rate = 89.22%
return_stack prediction, hits = 7712683, misses = 17054922, hit rate = 31.14%
jump prediction, hits = 121588358, misses = 8894331, hit rate = 93.18%

**** Debug Statistics at 501000000 Cycles *****
Threads: 4		Fetch Width: 8
No of useful instructions fetched:	1522357096 (37.98% proc util.)
No of total instructions fetched:	2407861587 (60.08% proc util.)
 includes 39101307 misfetch (1.6%), 846403184 (35.2%) wrong-path fetches
 and 0 flushed after failed lock(0.0%)
No of useful instructions issued/executed:	1522357029 (37.98% proc util.)
No of total instructions issued/executed:	1962385362 (48.96% proc util.)
 includes 440028333 wrong-path (22.4%) insts and 0 flushed (0.0%)
	fp 83411, 0.00%
	synch 0, 0.00%
	integer 1359925862, 69.30%
	load/store 602376089, 30.70%
Avg size of int IQ (before scheduling): 24.62
Avg size of fp IQ (before scheduling): 0.01
No of cycles taken:		501000000
Parallelism [ 0.952, 0.000, 1.121, 0.966,] = 3.039
 IQ conflicts: 3386101 (0.68%), FQ conflicts: 0 (0.00%) 
 I reg conflicts: 143129280 (28.57%), FP reg conflicts: 0 (0.00%)
  Activelist confs: 1100 (0.00%), ROB confs: 370339 (0.07%)
  Int unit conflicts: 1041221831 (207.83%), FP unit conflicts: 21 (0.00%)
  Load/store unit conflicts: 73078522 (14.59%)
  MSHR conflicts: 69324137 (13.84%)
----------------------------------------
==== System-wide Cache Statistics ====
Stall for miss queue full 0 cycles (0.00%)
----------------------------------------
==== Statistics for Master ID: 0 ====
Reads: 373001129   Writes: 62774427
ICACHE: size: 64 KB assoc: 2
ICACHE: hits:220282618 misses:2367739  Hit Ratio: 98.94%
DCACHE: size: 16 KB assoc: 4
DCACHE: hits:207563939 misses:5561260 writebacks:5560827  Hit Ratio: 97.39%
SCACHE: size: 512 KB assoc: 2
SCACHE: hits:6174692 misses:1754307  Hit Ratio: 77.87%
3CACHE: size: 4096 KB assoc: 2
3CACHE: hits:1337185 misses:417122  Hit Ratio: 76.22%
3CACHE: dirty items replaced:95297
ITLB: size: 48, misses 138533, miss rate 0.06%
DTLB: size: 128, misses 283836, miss rate 0.13%
Avg mem delay: 1.905 cycles
----------------------------------------
==== Statistics for Master ID: 2 ====
Reads: 330427057   Writes: 46144854
ICACHE: size: 64 KB assoc: 2
ICACHE: hits:214815585 misses:29883  Hit Ratio: 99.99%
DCACHE: size: 16 KB assoc: 4
DCACHE: hits:155669457 misses:6056986 writebacks:5936300  Hit Ratio: 96.25%
SCACHE: size: 512 KB assoc: 2
SCACHE: hits:3363037 misses:2723832  Hit Ratio: 55.25%
3CACHE: size: 4096 KB assoc: 2
3CACHE: hits:400617 misses:2323215  Hit Ratio: 14.71%
3CACHE: dirty items replaced:169335
ITLB: size: 48, misses 1040, miss rate 0.00%
DTLB: size: 128, misses 144203, miss rate 0.09%
Avg mem delay: 1.905 cycles
----------------------------------------
==== Statistics for Master ID: 3 ====
Reads: 350448022   Writes: 134838725
ICACHE: size: 64 KB assoc: 2
ICACHE: hits:258217280 misses:7245  Hit Ratio: 100.00%
DCACHE: size: 16 KB assoc: 4
DCACHE: hits:223298710 misses:3763512 writebacks:3763244  Hit Ratio: 98.34%
SCACHE: size: 512 KB assoc: 2
SCACHE: hits:2820629 misses:950128  Hit Ratio: 74.80%
3CACHE: size: 4096 KB assoc: 2
3CACHE: hits:762246 misses:187882  Hit Ratio: 80.23%
3CACHE: dirty items replaced:42488
ITLB: size: 48, misses 4, miss rate 0.00%
DTLB: size: 128, misses 28303, miss rate 0.01%
Avg mem delay: 1.905 cycles
----------------------------------------
==== Global Resource Utilization ====
STASH: size: 65536 entries, full 2610851570, empty 45678319, misses 4106301, full rate 98.13
icache bank util. 0.271 0.229 0.106 0.102 0.124 0.167 0.117 0.286 
dcache bank util. 0.134 0.144 0.175 0.321 0.172 0.128 0.170 0.140 
L2 bank util. 0.038 0.038 0.039 0.040 0.037 0.036 0.039 0.046 
L1-L2 bus util. = 0.198, L3 util. = 0.058
----------------------------------------
branch prediction, hits = 113632201, misses = 14397792, hit rate = 88.75%
return_stack prediction, hits = 10025956, misses = 21731103, hit rate = 31.57%
jump prediction, hits = 155572072, misses = 11658703, hit rate = 93.03%
 clorb_ clorb2_ combel_ comnul_
**** Debug Statistics at 601000000 Cycles *****
Threads: 4		Fetch Width: 8
No of useful instructions fetched:	1882333189 (39.15% proc util.)
No of total instructions fetched:	2996543014 (62.32% proc util.)
 includes 48646644 misfetch (1.6%), 1065563181 (35.6%) wrong-path fetches
 and 0 flushed after failed lock(0.0%)
No of useful instructions issued/executed:	1882333151 (39.15% proc util.)
No of total instructions issued/executed:	2435375048 (50.65% proc util.)
 includes 553041897 wrong-path (22.7%) insts and 0 flushed (0.0%)
	fp 95120, 0.00%
	synch 0, 0.00%
	integer 1689350661, 69.37%
	load/store 745929267, 30.63%
Avg size of int IQ (before scheduling): 24.89
Avg size of fp IQ (before scheduling): 0.00
No of cycles taken:		601000000
Parallelism [ 0.970, 0.000, 1.176, 0.987,] = 3.132
 IQ conflicts: 4084741 (0.68%), FQ conflicts: 0 (0.00%) 
 I reg conflicts: 155540396 (25.88%), FP reg conflicts: 0 (0.00%)
  Activelist confs: 1173 (0.00%), ROB confs: 454013 (0.08%)
  Int unit conflicts: 1316414191 (219.04%), FP unit conflicts: 21 (0.00%)
  Load/store unit conflicts: 91261925 (15.19%)
  MSHR conflicts: 75568141 (12.57%)
----------------------------------------
==== System-wide Cache Statistics ====
Stall for miss queue full 0 cycles (0.00%)
----------------------------------------
==== Statistics for Master ID: 0 ====
Reads: 459604402   Writes: 76871794
ICACHE: size: 64 KB assoc: 2
ICACHE: hits:271738566 misses:2972287  Hit Ratio: 98.92%
DCACHE: size: 16 KB assoc: 4
DCACHE: hits:255061325 misses:6704018 writebacks:6703585  Hit Ratio: 97.44%
SCACHE: size: 512 KB assoc: 2
SCACHE: hits:7582254 misses:2094050  Hit Ratio: 78.36%
3CACHE: size: 4096 KB assoc: 2
3CACHE: hits:1611001 misses:483049  Hit Ratio: 76.93%
3CACHE: dirty items replaced:119620
ITLB: size: 48, misses 176892, miss rate 0.06%
DTLB: size: 128, misses 346116, miss rate 0.13%
Avg mem delay: 1.781 cycles
----------------------------------------
==== Statistics for Master ID: 2 ====
Reads: 417906887   Writes: 57010534
ICACHE: size: 64 KB assoc: 2
ICACHE: hits:271291318 misses:38665  Hit Ratio: 99.99%
DCACHE: size: 16 KB assoc: 4
DCACHE: hits:196294156 misses:7293282 writebacks:7172596  Hit Ratio: 96.42%
SCACHE: size: 512 KB assoc: 2
SCACHE: hits:4436403 misses:2895544  Hit Ratio: 60.51%
3CACHE: size: 4096 KB assoc: 2
3CACHE: hits:517648 misses:2377896  Hit Ratio: 17.88%
3CACHE: dirty items replaced:193532
ITLB: size: 48, misses 1326, miss rate 0.00%
DTLB: size: 128, misses 156455, miss rate 0.08%
Avg mem delay: 1.781 cycles
----------------------------------------
==== Statistics for Master ID: 3 ====
Reads: 433343651   Writes: 166777478
ICACHE: size: 64 KB assoc: 2
ICACHE: hits:320109592 misses:9405  Hit Ratio: 100.00%
DCACHE: size: 16 KB assoc: 4
DCACHE: hits:275390010 misses:4612122 writebacks:4611854  Hit Ratio: 98.35%
SCACHE: size: 512 KB assoc: 2
SCACHE: hits:3495777 misses:1125750  Hit Ratio: 75.64%
3CACHE: size: 4096 KB assoc: 2
3CACHE: hits:908185 misses:217565  Hit Ratio: 80.67%
3CACHE: dirty items replaced:53056
ITLB: size: 48, misses 4, miss rate 0.00%
DTLB: size: 128, misses 33892, miss rate 0.01%
Avg mem delay: 1.781 cycles
----------------------------------------
==== Global Resource Utilization ====
STASH: size: 65536 entries, full 3251068974, empty 56876259, misses 5104301, full rate 98.13
icache bank util. 0.279 0.238 0.111 0.106 0.131 0.171 0.124 0.296 
dcache bank util. 0.137 0.149 0.181 0.330 0.178 0.130 0.177 0.144 
L2 bank util. 0.038 0.038 0.039 0.040 0.037 0.036 0.039 0.045 
L1-L2 bus util. = 0.200, L3 util. = 0.051
----------------------------------------
branch prediction, hits = 138662562, misses = 18285140, hit rate = 88.35%
return_stack prediction, hits = 12529147, misses = 26636694, hit rate = 31.99%
jump prediction, hits = 190811716, misses = 14526380, hit rate = 92.93%

**** Early Exiting at 635167432 Cycles *****
========================================
 SMTSIM Global Statistics
========================================
Threads: 4		Fetch Width: 8
No of useful instructions fetched:	2000000108 (39.36% proc util.)
No of total instructions fetched:	3190901895 (62.80% proc util.)
 includes 50886439 misfetch (1.6%), 1140015348 (35.7%) wrong-path fetches
 and 0 flushed after failed lock(0.0%)
No of useful instructions issued/executed:	2000000088 (39.36% proc util.)
No of total instructions issued/executed:	2592831264 (51.03% proc util.)
 includes 592831176 wrong-path (22.9%) insts and 0 flushed (0.0%)
	fp 95741, 0.00%
	synch 0, 0.00%
	integer 1798933359, 69.38%
	load/store 793802164, 30.62%
Avg size of int IQ (before scheduling): 25.05
Avg size of fp IQ (before scheduling): 0.00
No of cycles taken:		635167432
Parallelism [ 0.964, 0.000, 1.192, 0.992,] = 3.149
 IQ conflicts: 4391008 (0.69%), FQ conflicts: 0 (0.00%) 
 I reg conflicts: 160629677 (25.29%), FP reg conflicts: 0 (0.00%)
  Activelist confs: 1173 (0.00%), ROB confs: 476956 (0.08%)
  Int unit conflicts: 1404062765 (221.05%), FP unit conflicts: 21 (0.00%)
  Load/store unit conflicts: 97680659 (15.38%)
  MSHR conflicts: 77686758 (12.23%)
----------------------------------------
==== System-wide Cache Statistics ====
Stall for miss queue full 0 cycles (0.00%)
----------------------------------------
==== Statistics for Master ID: 0 ====
Reads: 484793450   Writes: 81395188
ICACHE: size: 64 KB assoc: 2
ICACHE: hits:286504079 misses:3229437  Hit Ratio: 98.89%
DCACHE: size: 16 KB assoc: 4
DCACHE: hits:269147226 misses:7307896 writebacks:7307463  Hit Ratio: 97.36%
SCACHE: size: 512 KB assoc: 2
SCACHE: hits:8267911 misses:2269422  Hit Ratio: 78.46%
3CACHE: size: 4096 KB assoc: 2
3CACHE: hits:1763001 misses:506421  Hit Ratio: 77.69%
3CACHE: dirty items replaced:129016
ITLB: size: 48, misses 198267, miss rate 0.07%
DTLB: size: 128, misses 384950, miss rate 0.14%
Avg mem delay: 1.761 cycles
----------------------------------------
==== Statistics for Master ID: 2 ====
Reads: 448509155   Writes: 60955772
ICACHE: size: 64 KB assoc: 2
ICACHE: hits:290967198 misses:41374  Hit Ratio: 99.99%
DCACHE: size: 16 KB assoc: 4
DCACHE: hits:210764701 misses:7691654 writebacks:7570968  Hit Ratio: 96.48%
SCACHE: size: 512 KB assoc: 2
SCACHE: hits:4772963 misses:2960065  Hit Ratio: 61.72%
3CACHE: size: 4096 KB assoc: 2
3CACHE: hits:565352 misses:2394713  Hit Ratio: 19.10%
3CACHE: dirty items replaced:201916
ITLB: size: 48, misses 1442, miss rate 0.00%
DTLB: size: 128, misses 165363, miss rate 0.08%
Avg mem delay: 1.761 cycles
----------------------------------------
==== Statistics for Master ID: 3 ====
Reads: 462053120   Writes: 177799432
ICACHE: size: 64 KB assoc: 2
ICACHE: hits:341560315 misses:9843  Hit Ratio: 100.00%
DCACHE: size: 16 KB assoc: 4
DCACHE: hits:293378826 misses:4903568 writebacks:4903300  Hit Ratio: 98.36%
SCACHE: size: 512 KB assoc: 2
SCACHE: hits:3726208 misses:1187203  Hit Ratio: 75.84%
3CACHE: size: 4096 KB assoc: 2
3CACHE: hits:961009 misses:226194  Hit Ratio: 80.95%
3CACHE: dirty items replaced:56831
ITLB: size: 48, misses 4, miss rate 0.00%
DTLB: size: 128, misses 37117, miss rate 0.01%
Avg mem delay: 1.761 cycles
----------------------------------------
==== Global Resource Utilization ====
STASH: size: 65536 entries, full 3462158346, empty 60563304, misses 5429599, full rate 98.13
icache bank util. 0.282 0.240 0.112 0.107 0.132 0.170 0.125 0.299 
dcache bank util. 0.139 0.150 0.183 0.331 0.179 0.130 0.178 0.145 
L2 bank util. 0.039 0.039 0.039 0.041 0.037 0.036 0.039 0.046 
L1-L2 bus util. = 0.203, L3 util. = 0.049
----------------------------------------
branch prediction, hits = 146572033, misses = 19423915, hit rate = 88.30%
return_stack prediction, hits = 13336602, misses = 28318561, hit rate = 32.02%
jump prediction, hits = 202523989, misses = 15252208, hit rate = 93.00%
total IPC 3.149

=== Results saved to: ./results/gcc-200_2_gzip-program_1_recurseq_1.txt ===
