===== 执行信息 =====
Cache目录：smtc64
执行命令：./smtsim ../gzip-source.arg2 ../gcc-200.arg ../gcc-expr.arg
执行时间：2026-04-16 17:54:28
返回码：0
===== 输出内容 =====
SMTCache
Process 0, Thread 0: gzip-source
Process 0, Thread 1: gzip-source
Process 2, Thread 2: gcc-200
Process 3, Thread 3: gcc-expr

**** Debug Statistics at 1000000 Cycles *****
Threads: 4		Fetch Width: 8
No of useful instructions fetched:	2381750 (29.77% proc util.)
No of total instructions fetched:	2820792 (35.26% proc util.)
 includes 115002 misfetch (4.1%), 324040 (11.5%) wrong-path fetches
 and 0 flushed after failed lock(0.0%)
No of useful instructions issued/executed:	2381695 (29.77% proc util.)
No of total instructions issued/executed:	2526308 (31.58% proc util.)
 includes 144613 wrong-path (5.7%) insts and 0 flushed (0.0%)
	fp 146, 0.01%
	synch 0, 0.00%
	integer 1836773, 72.71%
	load/store 689389, 27.29%
Avg size of int IQ (before scheduling): 37.38
Avg size of fp IQ (before scheduling): 0.01
No of cycles taken:		1000000
Parallelism [ 1.077, 0.000, 0.652, 0.653,] = 2.382
 IQ conflicts: 203168 (20.32%), FQ conflicts: 0 (0.00%) 
 I reg conflicts: 361414 (36.14%), FP reg conflicts: 0 (0.00%)
  Activelist confs: 0 (0.00%), ROB confs: 917 (0.09%)
  Int unit conflicts: 1145780 (114.58%), FP unit conflicts: 4 (0.00%)
  Load/store unit conflicts: 148094 (14.81%)
  MSHR conflicts: 524475 (52.45%)
----------------------------------------
==== System-wide Cache Statistics ====
Stall for miss queue full 0 cycles (0.00%)
----------------------------------------
==== Statistics for Master ID: 0 ====
Reads: 406701   Writes: 58681
ICACHE: size: 64 KB assoc: 2
ICACHE: hits:272673 misses:74  Hit Ratio: 99.97%
DCACHE: size: 16 KB assoc: 4
DCACHE: hits:189436 misses:3199 writebacks:2943  Hit Ratio: 98.34%
SCACHE: size: 512 KB assoc: 2
SCACHE: hits:436 misses:2837  Hit Ratio: 13.32%
3CACHE: size: 4096 KB assoc: 2
3CACHE: hits:31 misses:2806  Hit Ratio: 1.09%
3CACHE: dirty items replaced:0
ITLB: size: 48, misses 5, miss rate 0.00%
DTLB: size: 128, misses 59, miss rate 0.03%
Avg mem delay: 2.394 cycles
----------------------------------------
==== Statistics for Master ID: 2 ====
Reads: 392746   Writes: 99248
ICACHE: size: 64 KB assoc: 2
ICACHE: hits:239468 misses:5358  Hit Ratio: 97.81%
DCACHE: size: 16 KB assoc: 4
DCACHE: hits:243721 misses:3447 writebacks:3023  Hit Ratio: 98.61%
SCACHE: size: 512 KB assoc: 2
SCACHE: hits:4116 misses:4689  Hit Ratio: 46.75%
3CACHE: size: 4096 KB assoc: 2
3CACHE: hits:344 misses:4345  Hit Ratio: 7.34%
3CACHE: dirty items replaced:3
ITLB: size: 48, misses 193, miss rate 0.08%
DTLB: size: 128, misses 177, miss rate 0.07%
Avg mem delay: 2.394 cycles
----------------------------------------
==== Statistics for Master ID: 3 ====
Reads: 398884   Writes: 99387
ICACHE: size: 64 KB assoc: 2
ICACHE: hits:243773 misses:5365  Hit Ratio: 97.85%
DCACHE: size: 16 KB assoc: 4
DCACHE: hits:245704 misses:3429 writebacks:2993  Hit Ratio: 98.62%
SCACHE: size: 512 KB assoc: 2
SCACHE: hits:4093 misses:4701  Hit Ratio: 46.54%
3CACHE: size: 4096 KB assoc: 2
3CACHE: hits:353 misses:4348  Hit Ratio: 7.51%
3CACHE: dirty items replaced:3
ITLB: size: 48, misses 186, miss rate 0.07%
DTLB: size: 128, misses 177, miss rate 0.07%
Avg mem delay: 2.394 cycles
----------------------------------------
==== Global Resource Utilization ====
STASH: size: 65536 entries, full 502997786, empty 91601, misses 8161, full rate 99.98
icache bank util. 0.125 0.088 0.098 0.091 0.079 0.095 0.094 0.129 
dcache bank util. 0.087 0.099 0.056 0.068 0.074 0.085 0.147 0.131 
L2 bank util. 0.023 0.022 0.023 0.024 0.021 0.022 0.022 0.023 
L1-L2 bus util. = 0.089, L3 util. = 0.115
----------------------------------------
branch prediction, hits = 179247, misses = 13252, hit rate = 93.12%
return_stack prediction, hits = 22845, misses = 12, hit rate = 99.95%
jump prediction, hits = 177021, misses = 29248, hit rate = 85.82%
 abend_ adia_ init_expr_once adib_ ambm6_ init_expr save_expr_status restore_expr_status enqueue_insn protect_from_queue queued_subexp_p emit_queue init_queue convert_move analie6_ betalf_
**** Debug Statistics at 101000000 Cycles *****
Threads: 4		Fetch Width: 8
No of useful instructions fetched:	312805409 (38.71% proc util.)
No of total instructions fetched:	476792148 (59.01% proc util.)
 includes 23361637 misfetch (4.9%), 140625102 (29.5%) wrong-path fetches
 and 0 flushed after failed lock(0.0%)
No of useful instructions issued/executed:	312805393 (38.71% proc util.)
No of total instructions issued/executed:	382285793 (47.31% proc util.)
 includes 69480400 wrong-path (18.2%) insts and 0 flushed (0.0%)
	fp 15557, 0.00%
	synch 0, 0.00%
	integer 260121783, 68.04%
	load/store 122148453, 31.95%
Avg size of int IQ (before scheduling): 28.30
Avg size of fp IQ (before scheduling): 0.01
No of cycles taken:		101000000
Parallelism [ 1.671, 0.000, 0.719, 0.707,] = 3.097
 IQ conflicts: 3299795 (3.27%), FQ conflicts: 0 (0.00%) 
 I reg conflicts: 21748910 (21.53%), FP reg conflicts: 0 (0.00%)
  Activelist confs: 2042 (0.00%), ROB confs: 95820 (0.09%)
  Int unit conflicts: 126446508 (125.19%), FP unit conflicts: 23 (0.00%)
  Load/store unit conflicts: 18806319 (18.62%)
  MSHR conflicts: 12134672 (12.01%)
----------------------------------------
==== System-wide Cache Statistics ====
Stall for miss queue full 0 cycles (0.00%)
----------------------------------------
==== Statistics for Master ID: 0 ====
Reads: 94253699   Writes: 13548145
ICACHE: size: 64 KB assoc: 2
ICACHE: hits:57966896 misses:23977  Hit Ratio: 99.96%
DCACHE: size: 16 KB assoc: 4
DCACHE: hits:48638003 misses:1172968 writebacks:1172712  Hit Ratio: 97.65%
SCACHE: size: 512 KB assoc: 2
SCACHE: hits:945494 misses:251451  Hit Ratio: 78.99%
3CACHE: size: 4096 KB assoc: 2
3CACHE: hits:189363 misses:62088  Hit Ratio: 75.31%
3CACHE: dirty items replaced:5157
ITLB: size: 48, misses 738, miss rate 0.00%
DTLB: size: 128, misses 55394, miss rate 0.11%
Avg mem delay: 1.706 cycles
----------------------------------------
==== Statistics for Master ID: 2 ====
Reads: 62207552   Writes: 9909475
ICACHE: size: 64 KB assoc: 2
ICACHE: hits:35479032 misses:1259338  Hit Ratio: 96.57%
DCACHE: size: 16 KB assoc: 4
DCACHE: hits:34460469 misses:918188 writebacks:917764  Hit Ratio: 97.40%
SCACHE: size: 512 KB assoc: 2
SCACHE: hits:1653629 misses:523897  Hit Ratio: 75.94%
3CACHE: size: 4096 KB assoc: 2
3CACHE: hits:413700 misses:110196  Hit Ratio: 78.97%
3CACHE: dirty items replaced:16201
ITLB: size: 48, misses 125484, miss rate 0.34%
DTLB: size: 128, misses 121612, miss rate 0.34%
Avg mem delay: 1.706 cycles
----------------------------------------
==== Statistics for Master ID: 3 ====
Reads: 64319762   Writes: 10257146
ICACHE: size: 64 KB assoc: 2
ICACHE: hits:36535504 misses:1318220  Hit Ratio: 96.52%
DCACHE: size: 16 KB assoc: 4
DCACHE: hits:35883106 misses:840078 writebacks:839642  Hit Ratio: 97.71%
SCACHE: size: 512 KB assoc: 2
SCACHE: hits:1642194 misses:516103  Hit Ratio: 76.09%
3CACHE: size: 4096 KB assoc: 2
3CACHE: hits:406549 misses:109554  Hit Ratio: 78.77%
3CACHE: dirty items replaced:14536
ITLB: size: 48, misses 117924, miss rate 0.31%
DTLB: size: 128, misses 111617, miss rate 0.30%
Avg mem delay: 1.706 cycles
----------------------------------------
==== Global Resource Utilization ====
STASH: size: 65536 entries, full 1013096010, empty 19494922, misses 1658683, full rate 97.95
icache bank util. 0.181 0.152 0.138 0.160 0.182 0.201 0.179 0.197 
dcache bank util. 0.155 0.175 0.185 0.154 0.218 0.141 0.202 0.151 
L2 bank util. 0.055 0.055 0.053 0.052 0.049 0.048 0.049 0.051 
L1-L2 bus util. = 0.251, L3 util. = 0.028
----------------------------------------
branch prediction, hits = 24197111, misses = 5175001, hit rate = 82.38%
return_stack prediction, hits = 2884976, misses = 3081, hit rate = 99.89%
jump prediction, hits = 23635026, misses = 5914921, hit rate = 79.98%
 convert_to_mode
**** Debug Statistics at 201000000 Cycles *****
Threads: 4		Fetch Width: 8
No of useful instructions fetched:	644731854 (40.10% proc util.)
No of total instructions fetched:	979632486 (60.92% proc util.)
 includes 47687158 misfetch (4.9%), 287213474 (29.3%) wrong-path fetches
 and 0 flushed after failed lock(0.0%)
No of useful instructions issued/executed:	644731821 (40.10% proc util.)
No of total instructions issued/executed:	784981799 (48.82% proc util.)
 includes 140249978 wrong-path (17.9%) insts and 0 flushed (0.0%)
	fp 44413, 0.01%
	synch 0, 0.00%
	integer 532173186, 67.79%
	load/store 252764200, 32.20%
Avg size of int IQ (before scheduling): 28.40
Avg size of fp IQ (before scheduling): 0.01
No of cycles taken:		201000000
Parallelism [ 1.649, 0.000, 0.769, 0.789,] = 3.208
 IQ conflicts: 5665213 (2.82%), FQ conflicts: 0 (0.00%) 
 I reg conflicts: 40602446 (20.20%), FP reg conflicts: 0 (0.00%)
  Activelist confs: 2536 (0.00%), ROB confs: 304010 (0.15%)
  Int unit conflicts: 282412259 (140.50%), FP unit conflicts: 30 (0.00%)
  Load/store unit conflicts: 43899700 (21.84%)
  MSHR conflicts: 36793996 (18.31%)
----------------------------------------
==== System-wide Cache Statistics ====
Stall for miss queue full 0 cycles (0.00%)
----------------------------------------
==== Statistics for Master ID: 0 ====
Reads: 185094470   Writes: 26102695
ICACHE: size: 64 KB assoc: 2
ICACHE: hits:114637004 misses:48508  Hit Ratio: 99.96%
DCACHE: size: 16 KB assoc: 4
DCACHE: hits:94193775 misses:2317878 writebacks:2317622  Hit Ratio: 97.60%
SCACHE: size: 512 KB assoc: 2
SCACHE: hits:1878564 misses:487822  Hit Ratio: 79.39%
3CACHE: size: 4096 KB assoc: 2
3CACHE: hits:379520 misses:108302  Hit Ratio: 77.80%
3CACHE: dirty items replaced:18019
ITLB: size: 48, misses 1347, miss rate 0.00%
DTLB: size: 128, misses 122037, miss rate 0.13%
Avg mem delay: 1.717 cycles
----------------------------------------
==== Statistics for Master ID: 2 ====
Reads: 131686693   Writes: 21463792
ICACHE: size: 64 KB assoc: 2
ICACHE: hits:74945682 misses:2482907  Hit Ratio: 96.79%
DCACHE: size: 16 KB assoc: 4
DCACHE: hits:73870657 misses:1851239 writebacks:1850815  Hit Ratio: 97.56%
SCACHE: size: 512 KB assoc: 2
SCACHE: hits:3263375 misses:1070771  Hit Ratio: 75.29%
3CACHE: size: 4096 KB assoc: 2
3CACHE: hits:891503 misses:179268  Hit Ratio: 83.26%
3CACHE: dirty items replaced:41537
ITLB: size: 48, misses 229016, miss rate 0.30%
DTLB: size: 128, misses 265559, miss rate 0.35%
Avg mem delay: 1.717 cycles
----------------------------------------
==== Statistics for Master ID: 3 ====
Reads: 140329095   Writes: 22318224
ICACHE: size: 64 KB assoc: 2
ICACHE: hits:80122036 misses:2525957  Hit Ratio: 96.94%
DCACHE: size: 16 KB assoc: 4
DCACHE: hits:78241094 misses:1758232 writebacks:1757796  Hit Ratio: 97.80%
SCACHE: size: 512 KB assoc: 2
SCACHE: hits:3321328 misses:962861  Hit Ratio: 77.53%
3CACHE: size: 4096 KB assoc: 2
3CACHE: hits:784773 misses:178088  Hit Ratio: 81.50%
3CACHE: dirty items replaced:40131
ITLB: size: 48, misses 192424, miss rate 0.23%
DTLB: size: 128, misses 232827, miss rate 0.29%
Avg mem delay: 1.717 cycles
----------------------------------------
==== Global Resource Utilization ====
STASH: size: 65536 entries, full 1556810933, empty 34863439, misses 2987405, full rate 97.63
icache bank util. 0.184 0.159 0.146 0.169 0.191 0.209 0.181 0.203 
dcache bank util. 0.162 0.172 0.188 0.168 0.221 0.154 0.211 0.156 
L2 bank util. 0.053 0.055 0.053 0.053 0.050 0.048 0.049 0.050 
L1-L2 bus util. = 0.252, L3 util. = 0.023
----------------------------------------
branch prediction, hits = 51670676, misses = 10816840, hit rate = 82.69%
return_stack prediction, hits = 5904558, misses = 5221, hit rate = 99.91%
jump prediction, hits = 49592567, misses = 12179327, hit rate = 80.28%
 block_ blockdis_
**** Debug Statistics at 301000000 Cycles *****
Threads: 4		Fetch Width: 8
No of useful instructions fetched:	978373518 (40.63% proc util.)
No of total instructions fetched:	1479387034 (61.44% proc util.)
 includes 73112561 misfetch (4.9%), 427900955 (28.9%) wrong-path fetches
 and 0 flushed after failed lock(0.0%)
No of useful instructions issued/executed:	978373491 (40.63% proc util.)
No of total instructions issued/executed:	1187093243 (49.30% proc util.)
 includes 208719752 wrong-path (17.6%) insts and 0 flushed (0.0%)
	fp 54026, 0.00%
	synch 0, 0.00%
	integer 803899467, 67.72%
	load/store 383139750, 32.28%
Avg size of int IQ (before scheduling): 28.67
Avg size of fp IQ (before scheduling): 0.01
No of cycles taken:		301000000
Parallelism [ 1.651, 0.000, 0.786, 0.813,] = 3.250
 IQ conflicts: 8320435 (2.76%), FQ conflicts: 0 (0.00%) 
 I reg conflicts: 59444777 (19.75%), FP reg conflicts: 0 (0.00%)
  Activelist confs: 4003 (0.00%), ROB confs: 481510 (0.16%)
  Int unit conflicts: 437339190 (145.30%), FP unit conflicts: 30 (0.00%)
  Load/store unit conflicts: 68482857 (22.75%)
  MSHR conflicts: 57798185 (19.20%)
----------------------------------------
==== System-wide Cache Statistics ====
Stall for miss queue full 0 cycles (0.00%)
----------------------------------------
==== Statistics for Master ID: 0 ====
Reads: 275800141   Writes: 38709664
ICACHE: size: 64 KB assoc: 2
ICACHE: hits:171170825 misses:73034  Hit Ratio: 99.96%
DCACHE: size: 16 KB assoc: 4
DCACHE: hits:139862018 misses:3403928 writebacks:3403672  Hit Ratio: 97.62%
SCACHE: size: 512 KB assoc: 2
SCACHE: hits:2760562 misses:716400  Hit Ratio: 79.40%
3CACHE: size: 4096 KB assoc: 2
3CACHE: hits:566421 misses:149979  Hit Ratio: 79.06%
3CACHE: dirty items replaced:34894
ITLB: size: 48, misses 2021, miss rate 0.00%
DTLB: size: 128, misses 187558, miss rate 0.13%
Avg mem delay: 1.747 cycles
----------------------------------------
==== Statistics for Master ID: 2 ====
Reads: 198859394   Writes: 32600837
ICACHE: size: 64 KB assoc: 2
ICACHE: hits:113858660 misses:3597287  Hit Ratio: 96.94%
DCACHE: size: 16 KB assoc: 4
DCACHE: hits:111022782 misses:2981502 writebacks:2981078  Hit Ratio: 97.38%
SCACHE: size: 512 KB assoc: 2
SCACHE: hits:5013966 misses:1564823  Hit Ratio: 76.21%
3CACHE: size: 4096 KB assoc: 2
3CACHE: hits:1326533 misses:238290  Hit Ratio: 84.77%
3CACHE: dirty items replaced:68776
ITLB: size: 48, misses 332335, miss rate 0.28%
DTLB: size: 128, misses 461277, miss rate 0.40%
Avg mem delay: 1.747 cycles
----------------------------------------
==== Statistics for Master ID: 3 ====
Reads: 218147840   Writes: 34926796
ICACHE: size: 64 KB assoc: 2
ICACHE: hits:124205158 misses:3843497  Hit Ratio: 97.00%
DCACHE: size: 16 KB assoc: 4
DCACHE: hits:122328435 misses:2697546 writebacks:2697110  Hit Ratio: 97.84%
SCACHE: size: 512 KB assoc: 2
SCACHE: hits:5160379 misses:1380664  Hit Ratio: 78.89%
3CACHE: size: 4096 KB assoc: 2
3CACHE: hits:1150269 misses:230395  Hit Ratio: 83.31%
3CACHE: dirty items replaced:66921
ITLB: size: 48, misses 276124, miss rate 0.22%
DTLB: size: 128, misses 365167, miss rate 0.29%
Avg mem delay: 1.747 cycles
----------------------------------------
==== Global Resource Utilization ====
STASH: size: 65536 entries, full 2097361278, empty 50512066, misses 4350759, full rate 97.45
icache bank util. 0.187 0.160 0.148 0.172 0.195 0.211 0.182 0.205 
dcache bank util. 0.166 0.181 0.192 0.168 0.219 0.155 0.213 0.156 
L2 bank util. 0.053 0.055 0.053 0.054 0.050 0.048 0.050 0.051 
L1-L2 bus util. = 0.256, L3 util. = 0.021
----------------------------------------
branch prediction, hits = 79940631, misses = 16208612, hit rate = 83.14%
return_stack prediction, hits = 9190179, misses = 8719, hit rate = 99.91%
jump prediction, hits = 76091467, misses = 18649232, hit rate = 80.32%
 move_by_pieces move_by_pieces_ninsns move_by_pieces_1 emit_block_move caconv_ calrms_ chroma_
**** Debug Statistics at 401000000 Cycles *****
Threads: 4		Fetch Width: 8
No of useful instructions fetched:	1305512889 (40.70% proc util.)
No of total instructions fetched:	1967734817 (61.34% proc util.)
 includes 94410042 misfetch (4.8%), 567811886 (28.9%) wrong-path fetches
 and 0 flushed after failed lock(0.0%)
No of useful instructions issued/executed:	1305512865 (40.70% proc util.)
No of total instructions issued/executed:	1583298338 (49.35% proc util.)
 includes 277785473 wrong-path (17.5%) insts and 0 flushed (0.0%)
	fp 69947, 0.00%
	synch 0, 0.00%
	integer 1070688546, 67.62%
	load/store 512539845, 32.37%
Avg size of int IQ (before scheduling): 28.89
Avg size of fp IQ (before scheduling): 0.01
No of cycles taken:		401000000
Parallelism [ 1.639, 0.000, 0.794, 0.823,] = 3.256
 IQ conflicts: 11416250 (2.85%), FQ conflicts: 0 (0.00%) 
 I reg conflicts: 79716763 (19.88%), FP reg conflicts: 0 (0.00%)
  Activelist confs: 6216 (0.00%), ROB confs: 726518 (0.18%)
  Int unit conflicts: 590862045 (147.35%), FP unit conflicts: 33 (0.00%)
  Load/store unit conflicts: 92960750 (23.18%)
  MSHR conflicts: 77631088 (19.36%)
----------------------------------------
==== System-wide Cache Statistics ====
Stall for miss queue full 0 cycles (0.00%)
----------------------------------------
==== Statistics for Master ID: 0 ====
Reads: 364605542   Writes: 51043170
ICACHE: size: 64 KB assoc: 2
ICACHE: hits:226440192 misses:97613  Hit Ratio: 99.96%
DCACHE: size: 16 KB assoc: 4
DCACHE: hits:184598614 misses:4512293 writebacks:4512037  Hit Ratio: 97.61%
SCACHE: size: 512 KB assoc: 2
SCACHE: hits:3653581 misses:956325  Hit Ratio: 79.25%
3CACHE: size: 4096 KB assoc: 2
3CACHE: hits:762589 misses:193736  Hit Ratio: 79.74%
3CACHE: dirty items replaced:57258
ITLB: size: 48, misses 2613, miss rate 0.00%
DTLB: size: 128, misses 253000, miss rate 0.13%
Avg mem delay: 1.776 cycles
----------------------------------------
==== Statistics for Master ID: 2 ====
Reads: 268014570   Writes: 44148829
ICACHE: size: 64 KB assoc: 2
ICACHE: hits:153225955 misses:4669858  Hit Ratio: 97.04%
DCACHE: size: 16 KB assoc: 4
DCACHE: hits:150204049 misses:4063537 writebacks:4063113  Hit Ratio: 97.37%
SCACHE: size: 512 KB assoc: 2
SCACHE: hits:6657883 misses:2075512  Hit Ratio: 76.23%
3CACHE: size: 4096 KB assoc: 2
3CACHE: hits:1753546 misses:321966  Hit Ratio: 84.49%
3CACHE: dirty items replaced:116102
ITLB: size: 48, misses 420312, miss rate 0.27%
DTLB: size: 128, misses 624206, miss rate 0.40%
Avg mem delay: 1.776 cycles
----------------------------------------
==== Statistics for Master ID: 3 ====
Reads: 292292621   Writes: 47624684
ICACHE: size: 64 KB assoc: 2
ICACHE: hits:167020171 misses:4833538  Hit Ratio: 97.19%
DCACHE: size: 16 KB assoc: 4
DCACHE: hits:164289588 misses:3774008 writebacks:3773572  Hit Ratio: 97.75%
SCACHE: size: 512 KB assoc: 2
SCACHE: hits:6684933 misses:1922613  Hit Ratio: 77.66%
3CACHE: size: 4096 KB assoc: 2
3CACHE: hits:1602373 misses:320239  Hit Ratio: 83.34%
3CACHE: dirty items replaced:116186
ITLB: size: 48, misses 344119, miss rate 0.20%
DTLB: size: 128, misses 505909, miss rate 0.30%
Avg mem delay: 1.776 cycles
----------------------------------------
==== Global Resource Utilization ====
STASH: size: 65536 entries, full 2624798207, empty 66211974, misses 5705953, full rate 97.33
icache bank util. 0.186 0.160 0.149 0.173 0.196 0.211 0.182 0.203 
dcache bank util. 0.164 0.177 0.194 0.169 0.222 0.157 0.216 0.160 
L2 bank util. 0.053 0.055 0.054 0.054 0.050 0.048 0.050 0.051 
L1-L2 bus util. = 0.257, L3 util. = 0.021
----------------------------------------
branch prediction, hits = 107566187, misses = 21368499, hit rate = 83.43%
return_stack prediction, hits = 12361227, misses = 11204, hit rate = 99.91%
jump prediction, hits = 103387350, misses = 24229815, hit rate = 81.01%
 cinvar_ clor6_
**** Debug Statistics at 501000000 Cycles *****
Threads: 4		Fetch Width: 8
No of useful instructions fetched:	1622742580 (40.49% proc util.)
No of total instructions fetched:	2456465639 (61.29% proc util.)
 includes 120475852 misfetch (4.9%), 713247207 (29.0%) wrong-path fetches
 and 0 flushed after failed lock(0.0%)
No of useful instructions issued/executed:	1622742554 (40.49% proc util.)
No of total instructions issued/executed:	1972454059 (49.21% proc util.)
 includes 349711505 wrong-path (17.7%) insts and 0 flushed (0.0%)
	fp 78181, 0.00%
	synch 0, 0.00%
	integer 1331647891, 67.51%
	load/store 640727987, 32.48%
Avg size of int IQ (before scheduling): 28.80
Avg size of fp IQ (before scheduling): 0.01
No of cycles taken:		501000000
Parallelism [ 1.631, 0.000, 0.785, 0.823,] = 3.239
 IQ conflicts: 14235889 (2.84%), FQ conflicts: 0 (0.00%) 
 I reg conflicts: 99677499 (19.90%), FP reg conflicts: 0 (0.00%)
  Activelist confs: 8050 (0.00%), ROB confs: 1081027 (0.22%)
  Int unit conflicts: 721253864 (143.96%), FP unit conflicts: 38 (0.00%)
  Load/store unit conflicts: 116912407 (23.34%)
  MSHR conflicts: 101920128 (20.34%)
----------------------------------------
==== System-wide Cache Statistics ====
Stall for miss queue full 0 cycles (0.00%)
----------------------------------------
==== Statistics for Master ID: 0 ====
Reads: 454048438   Writes: 63465695
ICACHE: size: 64 KB assoc: 2
ICACHE: hits:282039679 misses:128997  Hit Ratio: 99.95%
DCACHE: size: 16 KB assoc: 4
DCACHE: hits:229680353 misses:5665104 writebacks:5664848  Hit Ratio: 97.59%
SCACHE: size: 512 KB assoc: 2
SCACHE: hits:4589531 misses:1204570  Hit Ratio: 79.21%
3CACHE: size: 4096 KB assoc: 2
3CACHE: hits:968619 misses:235951  Hit Ratio: 80.41%
3CACHE: dirty items replaced:82235
ITLB: size: 48, misses 3235, miss rate 0.00%
DTLB: size: 128, misses 326831, miss rate 0.14%
Avg mem delay: 1.807 cycles
----------------------------------------
==== Statistics for Master ID: 2 ====
Reads: 332684261   Writes: 54646741
ICACHE: size: 64 KB assoc: 2
ICACHE: hits:190164937 misses:5907629  Hit Ratio: 96.99%
DCACHE: size: 16 KB assoc: 4
DCACHE: hits:186242775 misses:5015661 writebacks:5015237  Hit Ratio: 97.38%
SCACHE: size: 512 KB assoc: 2
SCACHE: hits:8246725 misses:2676564  Hit Ratio: 75.50%
3CACHE: size: 4096 KB assoc: 2
3CACHE: hits:2271094 misses:405470  Hit Ratio: 84.85%
3CACHE: dirty items replaced:170322
ITLB: size: 48, misses 520678, miss rate 0.27%
DTLB: size: 128, misses 775255, miss rate 0.41%
Avg mem delay: 1.807 cycles
----------------------------------------
==== Statistics for Master ID: 3 ====
Reads: 368247758   Writes: 61263885
ICACHE: size: 64 KB assoc: 2
ICACHE: hits:210739349 misses:6100344  Hit Ratio: 97.19%
DCACHE: size: 16 KB assoc: 4
DCACHE: hits:207562327 misses:5109623 writebacks:5109187  Hit Ratio: 97.60%
SCACHE: size: 512 KB assoc: 2
SCACHE: hits:8728059 misses:2481906  Hit Ratio: 77.86%
3CACHE: size: 4096 KB assoc: 2
3CACHE: hits:2099007 misses:382898  Hit Ratio: 84.57%
3CACHE: dirty items replaced:157522
ITLB: size: 48, misses 404027, miss rate 0.19%
DTLB: size: 128, misses 661300, miss rate 0.31%
Avg mem delay: 1.807 cycles
----------------------------------------
==== Global Resource Utilization ====
STASH: size: 65536 entries, full 3152905118, empty 82143269, misses 7088879, full rate 97.25
icache bank util. 0.186 0.159 0.148 0.172 0.198 0.214 0.182 0.201 
dcache bank util. 0.164 0.174 0.194 0.170 0.222 0.155 0.218 0.168 
L2 bank util. 0.054 0.056 0.055 0.055 0.052 0.049 0.051 0.052 
L1-L2 bus util. = 0.262, L3 util. = 0.020
----------------------------------------
branch prediction, hits = 133664798, misses = 26916092, hit rate = 83.24%
return_stack prediction, hits = 15353251, misses = 13654, hit rate = 99.91%
jump prediction, hits = 127852615, misses = 30916203, hit rate = 80.53%

**** Debug Statistics at 601000000 Cycles *****
Threads: 4		Fetch Width: 8
No of useful instructions fetched:	1966732084 (40.91% proc util.)
No of total instructions fetched:	2961282526 (61.59% proc util.)
 includes 143401160 misfetch (4.8%), 851149282 (28.7%) wrong-path fetches
 and 0 flushed after failed lock(0.0%)
No of useful instructions issued/executed:	1966732073 (40.91% proc util.)
No of total instructions issued/executed:	2383165639 (49.57% proc util.)
 includes 416433566 wrong-path (17.5%) insts and 0 flushed (0.0%)
	fp 90755, 0.00%
	synch 0, 0.00%
	integer 1609877466, 67.55%
	load/store 773197418, 32.44%
Avg size of int IQ (before scheduling): 28.79
Avg size of fp IQ (before scheduling): 0.01
No of cycles taken:		601000000
Parallelism [ 1.622, 0.000, 0.800, 0.850,] = 3.272
 IQ conflicts: 16914286 (2.81%), FQ conflicts: 0 (0.00%) 
 I reg conflicts: 117887780 (19.62%), FP reg conflicts: 0 (0.00%)
  Activelist confs: 10575 (0.00%), ROB confs: 1394366 (0.23%)
  Int unit conflicts: 913682880 (152.03%), FP unit conflicts: 43 (0.00%)
  Load/store unit conflicts: 142509507 (23.71%)
  MSHR conflicts: 134141593 (22.32%)
----------------------------------------
==== System-wide Cache Statistics ====
Stall for miss queue full 0 cycles (0.00%)
----------------------------------------
==== Statistics for Master ID: 0 ====
Reads: 544172076   Writes: 75946170
ICACHE: size: 64 KB assoc: 2
ICACHE: hits:338123395 misses:156961  Hit Ratio: 99.95%
DCACHE: size: 16 KB assoc: 4
DCACHE: hits:274895041 misses:6942849 writebacks:6942593  Hit Ratio: 97.54%
SCACHE: size: 512 KB assoc: 2
SCACHE: hits:5655183 misses:1444627  Hit Ratio: 79.65%
3CACHE: size: 4096 KB assoc: 2
3CACHE: hits:1172780 misses:271847  Hit Ratio: 81.18%
3CACHE: dirty items replaced:106311
ITLB: size: 48, misses 3805, miss rate 0.00%
DTLB: size: 128, misses 391131, miss rate 0.14%
Avg mem delay: 1.804 cycles
----------------------------------------
==== Statistics for Master ID: 2 ====
Reads: 405122135   Writes: 66359582
ICACHE: size: 64 KB assoc: 2
ICACHE: hits:231875447 misses:6969207  Hit Ratio: 97.08%
DCACHE: size: 16 KB assoc: 4
DCACHE: hits:226593235 misses:6043828 writebacks:6043404  Hit Ratio: 97.40%
SCACHE: size: 512 KB assoc: 2
SCACHE: hits:9735197 misses:3277838  Hit Ratio: 74.81%
3CACHE: size: 4096 KB assoc: 2
3CACHE: hits:2805097 misses:472741  Hit Ratio: 85.58%
3CACHE: dirty items replaced:218929
ITLB: size: 48, misses 590080, miss rate 0.25%
DTLB: size: 128, misses 926345, miss rate 0.40%
Avg mem delay: 1.804 cycles
----------------------------------------
==== Statistics for Master ID: 3 ====
Reads: 446039846   Writes: 73327495
ICACHE: size: 64 KB assoc: 2
ICACHE: hits:255142094 misses:7266081  Hit Ratio: 97.23%
DCACHE: size: 16 KB assoc: 4
DCACHE: hits:250790160 misses:6169006 writebacks:6168570  Hit Ratio: 97.60%
SCACHE: size: 512 KB assoc: 2
SCACHE: hits:10461397 misses:2973690  Hit Ratio: 77.87%
3CACHE: size: 4096 KB assoc: 2
3CACHE: hits:2534678 misses:439012  Hit Ratio: 85.24%
3CACHE: dirty items replaced:200578
ITLB: size: 48, misses 465239, miss rate 0.18%
DTLB: size: 128, misses 795631, miss rate 0.31%
Avg mem delay: 1.804 cycles
----------------------------------------
==== Global Resource Utilization ====
STASH: size: 65536 entries, full 3701748935, empty 95430729, misses 8243345, full rate 97.28
icache bank util. 0.184 0.161 0.148 0.171 0.201 0.217 0.182 0.205 
dcache bank util. 0.171 0.174 0.192 0.170 0.221 0.154 0.222 0.170 
L2 bank util. 0.054 0.057 0.055 0.055 0.052 0.049 0.052 0.052 
L1-L2 bus util. = 0.263, L3 util. = 0.020
----------------------------------------
branch prediction, hits = 164486153, misses = 32298385, hit rate = 83.59%
return_stack prediction, hits = 18300799, misses = 14356, hit rate = 99.92%
jump prediction, hits = 156640378, misses = 36801152, hit rate = 80.98%
 clorb_
**** Early Exiting at 612564662 Cycles *****
========================================
 SMTSIM Global Statistics
========================================
Threads: 4		Fetch Width: 8
No of useful instructions fetched:	2000000128 (40.81% proc util.)
No of total instructions fetched:	3013910406 (61.50% proc util.)
 includes 146064551 misfetch (4.8%), 867845727 (28.8%) wrong-path fetches
 and 0 flushed after failed lock(0.0%)
No of useful instructions issued/executed:	2000000077 (40.81% proc util.)
No of total instructions issued/executed:	2424810551 (49.48% proc util.)
 includes 424810474 wrong-path (17.5%) insts and 0 flushed (0.0%)
	fp 90947, 0.00%
	synch 0, 0.00%
	integer 1638446998, 67.57%
	load/store 786272606, 32.43%
Avg size of int IQ (before scheduling): 28.76
Avg size of fp IQ (before scheduling): 0.00
No of cycles taken:		612564662
Parallelism [ 1.625, 0.000, 0.795, 0.846,] = 3.265
 IQ conflicts: 17198677 (2.81%), FQ conflicts: 0 (0.00%) 
 I reg conflicts: 120592462 (19.69%), FP reg conflicts: 0 (0.00%)
  Activelist confs: 10575 (0.00%), ROB confs: 1394657 (0.23%)
  Int unit conflicts: 924940070 (150.99%), FP unit conflicts: 43 (0.00%)
  Load/store unit conflicts: 144393642 (23.57%)
  MSHR conflicts: 135138120 (22.06%)
----------------------------------------
==== System-wide Cache Statistics ====
Stall for miss queue full 0 cycles (0.00%)
----------------------------------------
==== Statistics for Master ID: 0 ====
Reads: 555582413   Writes: 77603317
ICACHE: size: 64 KB assoc: 2
ICACHE: hits:345052838 misses:159028  Hit Ratio: 99.95%
DCACHE: size: 16 KB assoc: 4
DCACHE: hits:280876205 misses:7097659 writebacks:7097403  Hit Ratio: 97.54%
SCACHE: size: 512 KB assoc: 2
SCACHE: hits:5781981 misses:1474706  Hit Ratio: 79.68%
3CACHE: size: 4096 KB assoc: 2
3CACHE: hits:1196591 misses:278115  Hit Ratio: 81.14%
3CACHE: dirty items replaced:110601
ITLB: size: 48, misses 3919, miss rate 0.00%
DTLB: size: 128, misses 399056, miss rate 0.14%
Avg mem delay: 1.803 cycles
----------------------------------------
==== Statistics for Master ID: 2 ====
Reads: 410643862   Writes: 67234697
ICACHE: size: 64 KB assoc: 2
ICACHE: hits:235082888 misses:7142234  Hit Ratio: 97.05%
DCACHE: size: 16 KB assoc: 4
DCACHE: hits:229516059 misses:6137378 writebacks:6136954  Hit Ratio: 97.40%
SCACHE: size: 512 KB assoc: 2
SCACHE: hits:9937971 misses:3341640  Hit Ratio: 74.84%
3CACHE: size: 4096 KB assoc: 2
3CACHE: hits:2854225 misses:487415  Hit Ratio: 85.41%
3CACHE: dirty items replaced:228724
ITLB: size: 48, misses 611403, miss rate 0.25%
DTLB: size: 128, misses 945902, miss rate 0.40%
Avg mem delay: 1.803 cycles
----------------------------------------
==== Statistics for Master ID: 3 ====
Reads: 452787474   Writes: 74367852
ICACHE: size: 64 KB assoc: 2
ICACHE: hits:258813098 misses:7479489  Hit Ratio: 97.19%
DCACHE: size: 16 KB assoc: 4
DCACHE: hits:254653742 misses:6208997 writebacks:6208561  Hit Ratio: 97.62%
SCACHE: size: 512 KB assoc: 2
SCACHE: hits:10675424 misses:3013062  Hit Ratio: 77.99%
3CACHE: size: 4096 KB assoc: 2
3CACHE: hits:2569070 misses:443992  Hit Ratio: 85.26%
3CACHE: dirty items replaced:204414
ITLB: size: 48, misses 490974, miss rate 0.18%
DTLB: size: 128, misses 813636, miss rate 0.31%
Avg mem delay: 1.803 cycles
----------------------------------------
==== Global Resource Utilization ====
STASH: size: 65536 entries, full 3758066583, empty 98199837, misses 8476487, full rate 97.24
icache bank util. 0.184 0.161 0.147 0.171 0.201 0.217 0.182 0.204 
dcache bank util. 0.171 0.173 0.192 0.170 0.220 0.154 0.222 0.170 
L2 bank util. 0.054 0.057 0.055 0.055 0.052 0.049 0.052 0.052 
L1-L2 bus util. = 0.263, L3 util. = 0.020
----------------------------------------
branch prediction, hits = 166848357, misses = 32934220, hit rate = 83.51%
return_stack prediction, hits = 18612614, misses = 15286, hit rate = 99.92%
jump prediction, hits = 158916806, misses = 37479306, hit rate = 80.92%
total IPC 3.265

=== Results saved to: ./results/gzip-source_2_gcc-200_1_gcc-expr_1.txt ===
