===== 执行信息 =====
Cache目录：smtc64
执行命令：./smtsim ../cacherand.arg2 ../gcc-200.arg ../gzip-source.arg
执行时间：2026-04-16 17:04:00
返回码：0
===== 输出内容 =====
SMTCache
Process 0, Thread 0: cacherand
Process 0, Thread 1: cacherand
Process 2, Thread 2: gcc-200
Process 3, Thread 3: gzip-source

**** Debug Statistics at 1000000 Cycles *****
Threads: 4		Fetch Width: 8
No of useful instructions fetched:	1147611 (14.35% proc util.)
No of total instructions fetched:	1241624 (15.52% proc util.)
 includes 16252 misfetch (1.3%), 77761 (6.3%) wrong-path fetches
 and 0 flushed after failed lock(0.0%)
No of useful instructions issued/executed:	1147560 (14.34% proc util.)
No of total instructions issued/executed:	1182303 (14.78% proc util.)
 includes 34743 wrong-path (2.9%) insts and 0 flushed (0.0%)
	fp 71, 0.01%
	synch 0, 0.00%
	integer 970192, 82.06%
	load/store 212040, 17.93%
Avg size of int IQ (before scheduling): 30.86
Avg size of fp IQ (before scheduling): 0.00
No of cycles taken:		1000000
Parallelism [ 0.659, 0.000, 0.353, 0.135,] = 1.148
 IQ conflicts: 180 (0.02%), FQ conflicts: 0 (0.00%) 
 I reg conflicts: 828645 (82.86%), FP reg conflicts: 0 (0.00%)
  Activelist confs: 0 (0.00%), ROB confs: 0 (0.00%)
  Int unit conflicts: 42402 (4.24%), FP unit conflicts: 0 (0.00%)
  Load/store unit conflicts: 10919 (1.09%)
  MSHR conflicts: 189017 (18.90%)
----------------------------------------
==== System-wide Cache Statistics ====
Stall for miss queue full 0 cycles (0.00%)
----------------------------------------
==== Statistics for Master ID: 0 ====
Reads: 169636   Writes: 0
ICACHE: size: 64 KB assoc: 2
ICACHE: hits:145212 misses:3  Hit Ratio: 100.00%
DCACHE: size: 16 KB assoc: 4
DCACHE: hits:8049 misses:16372 writebacks:0  Hit Ratio: 32.96%
SCACHE: size: 512 KB assoc: 2
SCACHE: hits:14761 misses:1614  Hit Ratio: 90.14%
3CACHE: size: 4096 KB assoc: 2
3CACHE: hits:810 misses:804  Hit Ratio: 50.19%
3CACHE: dirty items replaced:0
ITLB: size: 48, misses 1, miss rate 0.00%
DTLB: size: 128, misses 35, miss rate 0.14%
Avg mem delay: 58.911 cycles
----------------------------------------
==== Statistics for Master ID: 2 ====
Reads: 182299   Writes: 53596
ICACHE: size: 64 KB assoc: 2
ICACHE: hits:111876 misses:1396  Hit Ratio: 98.77%
DCACHE: size: 16 KB assoc: 4
DCACHE: hits:119612 misses:3011 writebacks:2591  Hit Ratio: 97.54%
SCACHE: size: 512 KB assoc: 2
SCACHE: hits:658 misses:3749  Hit Ratio: 14.93%
3CACHE: size: 4096 KB assoc: 2
3CACHE: hits:49 misses:3700  Hit Ratio: 1.31%
3CACHE: dirty items replaced:0
ITLB: size: 48, misses 89, miss rate 0.08%
DTLB: size: 128, misses 386, miss rate 0.31%
Avg mem delay: 58.911 cycles
----------------------------------------
==== Statistics for Master ID: 3 ====
Reads: 114216   Writes: 22006
ICACHE: size: 64 KB assoc: 2
ICACHE: hits:71153 misses:205  Hit Ratio: 99.71%
DCACHE: size: 16 KB assoc: 4
DCACHE: hits:29243 misses:35621 writebacks:35470  Hit Ratio: 45.08%
SCACHE: size: 512 KB assoc: 2
SCACHE: hits:14382 misses:21442  Hit Ratio: 40.15%
3CACHE: size: 4096 KB assoc: 2
3CACHE: hits:0 misses:21442  Hit Ratio: 0.00%
3CACHE: dirty items replaced:0
ITLB: size: 48, misses 18, miss rate 0.03%
DTLB: size: 128, misses 5294, miss rate 8.16%
Avg mem delay: 58.911 cycles
----------------------------------------
==== Global Resource Utilization ====
STASH: size: 65536 entries, full 101268200, empty 25432, misses 2204, full rate 99.97
icache bank util. 0.106 0.082 0.018 0.017 0.014 0.015 0.028 0.056 
dcache bank util. 0.032 0.033 0.042 0.023 0.022 0.023 0.284 0.032 
L2 bank util. 0.017 0.016 0.016 0.017 0.017 0.016 0.388 0.017 
L1-L2 bus util. = 0.284, L3 util. = 0.259
----------------------------------------
branch prediction, hits = 67678, misses = 5050, hit rate = 93.06%
return_stack prediction, hits = 4557, misses = 14, hit rate = 99.69%
jump prediction, hits = 69294, misses = 3894, hit rate = 94.68%
 abend_ adia_ adib_ ambm6_
**** Debug Statistics at 101000000 Cycles *****
Threads: 4		Fetch Width: 8
No of useful instructions fetched:	148227599 (18.35% proc util.)
No of total instructions fetched:	166341496 (20.59% proc util.)
 includes 5488123 misfetch (3.3%), 12625774 (7.6%) wrong-path fetches
 and 0 flushed after failed lock(0.0%)
No of useful instructions issued/executed:	148227584 (18.34% proc util.)
No of total instructions issued/executed:	153426371 (18.99% proc util.)
 includes 5198787 wrong-path (3.4%) insts and 0 flushed (0.0%)
	fp 8802, 0.01%
	synch 0, 0.00%
	integer 119442924, 77.85%
	load/store 33974645, 22.14%
Avg size of int IQ (before scheduling): 16.82
Avg size of fp IQ (before scheduling): 0.00
No of cycles taken:		101000000
Parallelism [ 0.641, 0.000, 0.492, 0.334,] = 1.468
 IQ conflicts: 4960 (0.00%), FQ conflicts: 0 (0.00%) 
 I reg conflicts: 78178793 (77.40%), FP reg conflicts: 0 (0.00%)
  Activelist confs: 0 (0.00%), ROB confs: 0 (0.00%)
  Int unit conflicts: 5769990 (5.71%), FP unit conflicts: 3 (0.00%)
  Load/store unit conflicts: 1640523 (1.62%)
  MSHR conflicts: 2847556 (2.82%)
----------------------------------------
==== System-wide Cache Statistics ====
Stall for miss queue full 0 cycles (0.00%)
----------------------------------------
==== Statistics for Master ID: 0 ====
Reads: 18498841   Writes: 10
ICACHE: size: 64 KB assoc: 2
ICACHE: hits:16099259 misses:88  Hit Ratio: 100.00%
DCACHE: size: 16 KB assoc: 4
DCACHE: hits:799605 misses:1599899 writebacks:0  Hit Ratio: 33.32%
SCACHE: size: 512 KB assoc: 2
SCACHE: hits:1557476 misses:42511  Hit Ratio: 97.34%
3CACHE: size: 4096 KB assoc: 2
3CACHE: hits:33025 misses:9486  Hit Ratio: 77.69%
3CACHE: dirty items replaced:3
ITLB: size: 48, misses 1, miss rate 0.00%
DTLB: size: 128, misses 250, miss rate 0.01%
Avg mem delay: 11.872 cycles
----------------------------------------
==== Statistics for Master ID: 2 ====
Reads: 31126584   Writes: 6160319
ICACHE: size: 64 KB assoc: 2
ICACHE: hits:16798588 misses:347017  Hit Ratio: 97.98%
DCACHE: size: 16 KB assoc: 4
DCACHE: hits:19598065 misses:543233 writebacks:542813  Hit Ratio: 97.30%
SCACHE: size: 512 KB assoc: 2
SCACHE: hits:610880 misses:279370  Hit Ratio: 68.62%
3CACHE: size: 4096 KB assoc: 2
3CACHE: hits:181978 misses:97392  Hit Ratio: 65.14%
3CACHE: dirty items replaced:7383
ITLB: size: 48, misses 29140, miss rate 0.17%
DTLB: size: 128, misses 21830, miss rate 0.11%
Avg mem delay: 11.872 cycles
----------------------------------------
==== Statistics for Master ID: 3 ====
Reads: 18100075   Writes: 5611173
ICACHE: size: 64 KB assoc: 2
ICACHE: hits:12303219 misses:657  Hit Ratio: 99.99%
DCACHE: size: 16 KB assoc: 4
DCACHE: hits:9721689 misses:1685683 writebacks:1505454  Hit Ratio: 85.22%
SCACHE: size: 512 KB assoc: 2
SCACHE: hits:144916 misses:1541424  Hit Ratio: 8.59%
3CACHE: size: 4096 KB assoc: 2
3CACHE: hits:86 misses:1541338  Hit Ratio: 0.01%
3CACHE: dirty items replaced:39351
ITLB: size: 48, misses 58, miss rate 0.00%
DTLB: size: 128, misses 67347, miss rate 0.59%
Avg mem delay: 11.872 cycles
----------------------------------------
==== Global Resource Utilization ====
STASH: size: 65536 entries, full 267286322, empty 6324177, misses 564971, full rate 97.49
icache bank util. 0.115 0.092 0.021 0.022 0.022 0.137 0.024 0.028 
dcache bank util. 0.062 0.065 0.062 0.060 0.060 0.058 0.067 0.077 
L2 bank util. 0.039 0.039 0.038 0.039 0.038 0.038 0.049 0.062 
L1-L2 bus util. = 0.185, L3 util. = 0.163
----------------------------------------
branch prediction, hits = 13361856, misses = 1029309, hit rate = 92.85%
return_stack prediction, hits = 640786, misses = 1170, hit rate = 99.82%
jump prediction, hits = 12603891, misses = 1417184, hit rate = 89.89%
 analie6_ betalf_
**** Debug Statistics at 201000000 Cycles *****
Threads: 4		Fetch Width: 8
No of useful instructions fetched:	506615990 (31.51% proc util.)
No of total instructions fetched:	612076835 (38.06% proc util.)
 includes 15981422 misfetch (2.6%), 89479423 (14.6%) wrong-path fetches
 and 0 flushed after failed lock(0.0%)
No of useful instructions issued/executed:	506615933 (31.51% proc util.)
No of total instructions issued/executed:	546335806 (33.98% proc util.)
 includes 39719873 wrong-path (7.3%) insts and 0 flushed (0.0%)
	fp 39702, 0.01%
	synch 0, 0.00%
	integer 420891523, 77.04%
	load/store 125404581, 22.95%
Avg size of int IQ (before scheduling): 23.39
Avg size of fp IQ (before scheduling): 0.01
No of cycles taken:		201000000
Parallelism [ 0.920, 0.000, 0.772, 0.828,] = 2.520
 IQ conflicts: 178239 (0.09%), FQ conflicts: 0 (0.00%) 
 I reg conflicts: 113799171 (56.62%), FP reg conflicts: 0 (0.00%)
  Activelist confs: 283 (0.00%), ROB confs: 82770 (0.04%)
  Int unit conflicts: 157635660 (78.43%), FP unit conflicts: 6 (0.00%)
  Load/store unit conflicts: 11060230 (5.50%)
  MSHR conflicts: 11029142 (5.49%)
----------------------------------------
==== System-wide Cache Statistics ====
Stall for miss queue full 0 cycles (0.00%)
----------------------------------------
==== Statistics for Master ID: 0 ====
Reads: 58009008   Writes: 12
ICACHE: size: 64 KB assoc: 2
ICACHE: hits:51156943 misses:182  Hit Ratio: 100.00%
DCACHE: size: 16 KB assoc: 4
DCACHE: hits:2282520 misses:4569375 writebacks:0  Hit Ratio: 33.31%
SCACHE: size: 512 KB assoc: 2
SCACHE: hits:4499305 misses:70252  Hit Ratio: 98.46%
3CACHE: size: 4096 KB assoc: 2
3CACHE: hits:55607 misses:14645  Hit Ratio: 79.15%
3CACHE: dirty items replaced:825
ITLB: size: 48, misses 1, miss rate 0.00%
DTLB: size: 128, misses 660, miss rate 0.01%
Avg mem delay: 4.651 cycles
----------------------------------------
==== Statistics for Master ID: 2 ====
Reads: 111463094   Writes: 20341193
ICACHE: size: 64 KB assoc: 2
ICACHE: hits:62212506 misses:853844  Hit Ratio: 98.65%
DCACHE: size: 16 KB assoc: 4
DCACHE: hits:67042860 misses:1695077 writebacks:1694657  Hit Ratio: 97.53%
SCACHE: size: 512 KB assoc: 2
SCACHE: hits:1907651 misses:641270  Hit Ratio: 74.84%
3CACHE: size: 4096 KB assoc: 2
3CACHE: hits:472155 misses:169115  Hit Ratio: 73.63%
3CACHE: dirty items replaced:18418
ITLB: size: 48, misses 57614, miss rate 0.09%
DTLB: size: 128, misses 78134, miss rate 0.11%
Avg mem delay: 4.651 cycles
----------------------------------------
==== Statistics for Master ID: 3 ====
Reads: 90773786   Writes: 16440429
ICACHE: size: 64 KB assoc: 2
ICACHE: hits:57528849 misses:7277  Hit Ratio: 99.99%
DCACHE: size: 16 KB assoc: 4
DCACHE: hits:46659488 misses:3018601 writebacks:2817076  Hit Ratio: 93.92%
SCACHE: size: 512 KB assoc: 2
SCACHE: hits:991926 misses:2033951  Hit Ratio: 32.78%
3CACHE: size: 4096 KB assoc: 2
3CACHE: hits:90921 misses:1943030  Hit Ratio: 4.47%
3CACHE: dirty items replaced:66141
ITLB: size: 48, misses 356, miss rate 0.00%
DTLB: size: 128, misses 99916, miss rate 0.20%
Avg mem delay: 4.651 cycles
----------------------------------------
==== Global Resource Utilization ====
STASH: size: 65536 entries, full 739239066, empty 16705835, misses 1486931, full rate 97.60
icache bank util. 0.210 0.168 0.054 0.064 0.074 0.150 0.069 0.078 
dcache bank util. 0.096 0.103 0.106 0.097 0.115 0.093 0.118 0.102 
L2 bank util. 0.045 0.046 0.045 0.045 0.044 0.043 0.050 0.057 
L1-L2 bus util. = 0.219, L3 util. = 0.106
----------------------------------------
branch prediction, hits = 38087932, misses = 4052452, hit rate = 90.38%
return_stack prediction, hits = 2785719, misses = 3310, hit rate = 99.88%
jump prediction, hits = 38602338, misses = 4013174, hit rate = 90.58%
 block_ blockdis_
**** Debug Statistics at 301000000 Cycles *****
Threads: 4		Fetch Width: 8
No of useful instructions fetched:	929140007 (38.59% proc util.)
No of total instructions fetched:	1130509688 (46.95% proc util.)
 includes 25962673 misfetch (2.3%), 175407008 (15.5%) wrong-path fetches
 and 0 flushed after failed lock(0.0%)
No of useful instructions issued/executed:	929139938 (38.59% proc util.)
No of total instructions issued/executed:	1008141249 (41.87% proc util.)
 includes 79001311 wrong-path (7.8%) insts and 0 flushed (0.0%)
	fp 49174, 0.00%
	synch 0, 0.00%
	integer 776006552, 76.97%
	load/store 232085523, 23.02%
Avg size of int IQ (before scheduling): 27.19
Avg size of fp IQ (before scheduling): 0.00
No of cycles taken:		301000000
Parallelism [ 1.066, 0.000, 0.920, 1.101,] = 3.087
 IQ conflicts: 578584 (0.19%), FQ conflicts: 0 (0.00%) 
 I reg conflicts: 138369257 (45.97%), FP reg conflicts: 0 (0.00%)
  Activelist confs: 347 (0.00%), ROB confs: 226759 (0.08%)
  Int unit conflicts: 356032911 (118.28%), FP unit conflicts: 7 (0.00%)
  Load/store unit conflicts: 22978584 (7.63%)
  MSHR conflicts: 17100768 (5.68%)
----------------------------------------
==== System-wide Cache Statistics ====
Stall for miss queue full 0 cycles (0.00%)
----------------------------------------
==== Statistics for Master ID: 0 ====
Reads: 102771519   Writes: 13
ICACHE: size: 64 KB assoc: 2
ICACHE: hits:90886668 misses:318  Hit Ratio: 100.00%
DCACHE: size: 16 KB assoc: 4
DCACHE: hits:3959906 misses:7924640 writebacks:0  Hit Ratio: 33.32%
SCACHE: size: 512 KB assoc: 2
SCACHE: hits:7826376 misses:98581  Hit Ratio: 98.76%
3CACHE: size: 4096 KB assoc: 2
3CACHE: hits:78824 misses:19757  Hit Ratio: 79.96%
3CACHE: dirty items replaced:2707
ITLB: size: 48, misses 1, miss rate 0.00%
DTLB: size: 128, misses 1560, miss rate 0.01%
Avg mem delay: 3.306 cycles
----------------------------------------
==== Statistics for Master ID: 2 ====
Reads: 203924624   Writes: 36860001
ICACHE: size: 64 KB assoc: 2
ICACHE: hits:115096648 misses:1375385  Hit Ratio: 98.82%
DCACHE: size: 16 KB assoc: 4
DCACHE: hits:120953071 misses:3359521 writebacks:3359101  Hit Ratio: 97.30%
SCACHE: size: 512 KB assoc: 2
SCACHE: hits:3749114 misses:985792  Hit Ratio: 79.18%
3CACHE: size: 4096 KB assoc: 2
3CACHE: hits:768520 misses:217272  Hit Ratio: 77.96%
3CACHE: dirty items replaced:32774
ITLB: size: 48, misses 83169, miss rate 0.07%
DTLB: size: 128, misses 191403, miss rate 0.15%
Avg mem delay: 3.306 cycles
----------------------------------------
==== Statistics for Master ID: 3 ====
Reads: 178611066   Writes: 28908637
ICACHE: size: 64 KB assoc: 2
ICACHE: hits:111866594 misses:15449  Hit Ratio: 99.99%
DCACHE: size: 16 KB assoc: 4
DCACHE: hits:91439768 misses:4197892 writebacks:3996367  Hit Ratio: 95.61%
SCACHE: size: 512 KB assoc: 2
SCACHE: hits:2022808 misses:2190533  Hit Ratio: 48.01%
3CACHE: size: 4096 KB assoc: 2
3CACHE: hits:211086 misses:1979447  Hit Ratio: 9.64%
3CACHE: dirty items replaced:76979
ITLB: size: 48, misses 694, miss rate 0.00%
DTLB: size: 128, misses 128636, miss rate 0.13%
Avg mem delay: 3.306 cycles
----------------------------------------
==== Global Resource Utilization ====
STASH: size: 65536 entries, full 1290702708, empty 27051769, misses 2409968, full rate 97.77
icache bank util. 0.259 0.207 0.071 0.087 0.099 0.154 0.092 0.105 
dcache bank util. 0.111 0.122 0.133 0.117 0.146 0.108 0.145 0.116 
L2 bank util. 0.049 0.049 0.049 0.048 0.046 0.046 0.052 0.057 
L1-L2 bus util. = 0.241, L3 util. = 0.074
----------------------------------------
branch prediction, hits = 67280460, misses = 7271819, hit rate = 90.25%
return_stack prediction, hits = 5598632, misses = 6675, hit rate = 99.88%
jump prediction, hits = 69808479, misses = 6532157, hit rate = 91.44%
 caconv_ calrms_ chroma_ cinvar_ clor6_
**** Debug Statistics at 401000000 Cycles *****
Threads: 4		Fetch Width: 8
No of useful instructions fetched:	1345976213 (41.96% proc util.)
No of total instructions fetched:	1653100298 (51.53% proc util.)
 includes 37350410 misfetch (2.3%), 269773675 (16.3%) wrong-path fetches
 and 0 flushed after failed lock(0.0%)
No of useful instructions issued/executed:	1345976196 (41.96% proc util.)
No of total instructions issued/executed:	1467060403 (45.73% proc util.)
 includes 121084207 wrong-path (8.3%) insts and 0 flushed (0.0%)
	fp 70919, 0.00%
	synch 0, 0.00%
	integer 1131204928, 77.11%
	load/store 335784556, 22.89%
Avg size of int IQ (before scheduling): 28.94
Avg size of fp IQ (before scheduling): 0.01
No of cycles taken:		401000000
Parallelism [ 1.144, 0.000, 0.968, 1.244,] = 3.357
 IQ conflicts: 910144 (0.23%), FQ conflicts: 0 (0.00%) 
 I reg conflicts: 162734045 (40.58%), FP reg conflicts: 0 (0.00%)
  Activelist confs: 537 (0.00%), ROB confs: 347155 (0.09%)
  Int unit conflicts: 540591586 (134.81%), FP unit conflicts: 9 (0.00%)
  Load/store unit conflicts: 33034710 (8.24%)
  MSHR conflicts: 21274210 (5.31%)
----------------------------------------
==== System-wide Cache Statistics ====
Stall for miss queue full 0 cycles (0.00%)
----------------------------------------
==== Statistics for Master ID: 0 ====
Reads: 149000835   Writes: 13
ICACHE: size: 64 KB assoc: 2
ICACHE: hits:132003799 misses:490  Hit Ratio: 100.00%
DCACHE: size: 16 KB assoc: 4
DCACHE: hits:5663326 misses:11333233 writebacks:0  Hit Ratio: 33.32%
SCACHE: size: 512 KB assoc: 2
SCACHE: hits:11208946 misses:124777  Hit Ratio: 98.90%
3CACHE: size: 4096 KB assoc: 2
3CACHE: hits:96897 misses:27880  Hit Ratio: 77.66%
3CACHE: dirty items replaced:6538
ITLB: size: 48, misses 1, miss rate 0.00%
DTLB: size: 128, misses 1902, miss rate 0.01%
Avg mem delay: 2.796 cycles
----------------------------------------
==== Statistics for Master ID: 2 ====
Reads: 292770348   Writes: 51913613
ICACHE: size: 64 KB assoc: 2
ICACHE: hits:165817213 misses:2076490  Hit Ratio: 98.76%
DCACHE: size: 16 KB assoc: 4
DCACHE: hits:172148904 misses:4641354 writebacks:4640934  Hit Ratio: 97.37%
SCACHE: size: 512 KB assoc: 2
SCACHE: hits:5318836 misses:1399008  Hit Ratio: 79.17%
3CACHE: size: 4096 KB assoc: 2
3CACHE: hits:1110291 misses:288717  Hit Ratio: 79.36%
3CACHE: dirty items replaced:62791
ITLB: size: 48, misses 131688, miss rate 0.08%
DTLB: size: 128, misses 262478, miss rate 0.15%
Avg mem delay: 2.796 cycles
----------------------------------------
==== Statistics for Master ID: 3 ====
Reads: 267158413   Writes: 41271441
ICACHE: size: 64 KB assoc: 2
ICACHE: hits:166783195 misses:23780  Hit Ratio: 99.99%
DCACHE: size: 16 KB assoc: 4
DCACHE: hits:136322263 misses:5300616 writebacks:5099091  Hit Ratio: 96.26%
SCACHE: size: 512 KB assoc: 2
SCACHE: hits:2965714 misses:2358682  Hit Ratio: 55.70%
3CACHE: size: 4096 KB assoc: 2
3CACHE: hits:332650 misses:2026032  Hit Ratio: 14.10%
3CACHE: dirty items replaced:93702
ITLB: size: 48, misses 1103, miss rate 0.00%
DTLB: size: 128, misses 145117, miss rate 0.10%
Avg mem delay: 2.796 cycles
----------------------------------------
==== Global Resource Utilization ====
STASH: size: 65536 entries, full 1843118755, empty 39846119, misses 3529753, full rate 97.70
icache bank util. 0.285 0.228 0.080 0.097 0.111 0.157 0.104 0.118 
dcache bank util. 0.118 0.129 0.143 0.125 0.160 0.114 0.156 0.122 
L2 bank util. 0.050 0.050 0.051 0.050 0.047 0.047 0.052 0.056 
L1-L2 bus util. = 0.248, L3 util. = 0.058
----------------------------------------
branch prediction, hits = 93999593, misses = 10876361, hit rate = 89.63%
return_stack prediction, hits = 7954595, misses = 10323, hit rate = 99.87%
jump prediction, hits = 98406019, misses = 9389723, hit rate = 91.29%
 clorb_
**** Debug Statistics at 501000000 Cycles *****
Threads: 4		Fetch Width: 8
No of useful instructions fetched:	1768536993 (44.13% proc util.)
No of total instructions fetched:	2188434036 (54.60% proc util.)
 includes 50303381 misfetch (2.3%), 369593662 (16.9%) wrong-path fetches
 and 0 flushed after failed lock(0.0%)
No of useful instructions issued/executed:	1768536931 (44.13% proc util.)
No of total instructions issued/executed:	1933724236 (48.25% proc util.)
 includes 165187305 wrong-path (8.5%) insts and 0 flushed (0.0%)
	fp 83638, 0.00%
	synch 0, 0.00%
	integer 1489616947, 77.03%
	load/store 444023651, 22.96%
Avg size of int IQ (before scheduling): 30.00
Avg size of fp IQ (before scheduling): 0.01
No of cycles taken:		501000000
Parallelism [ 1.187, 0.000, 1.017, 1.326,] = 3.530
 IQ conflicts: 1254538 (0.25%), FQ conflicts: 0 (0.00%) 
 I reg conflicts: 185214260 (36.97%), FP reg conflicts: 0 (0.00%)
  Activelist confs: 666 (0.00%), ROB confs: 480584 (0.10%)
  Int unit conflicts: 736948593 (147.10%), FP unit conflicts: 9 (0.00%)
  Load/store unit conflicts: 44516296 (8.89%)
  MSHR conflicts: 28555002 (5.70%)
----------------------------------------
==== System-wide Cache Statistics ====
Stall for miss queue full 0 cycles (0.00%)
----------------------------------------
==== Statistics for Master ID: 0 ====
Reads: 194445883   Writes: 13
ICACHE: size: 64 KB assoc: 2
ICACHE: hits:172418054 misses:574  Hit Ratio: 100.00%
DCACHE: size: 16 KB assoc: 4
DCACHE: hits:7340177 misses:14687091 writebacks:0  Hit Ratio: 33.32%
SCACHE: size: 512 KB assoc: 2
SCACHE: hits:14538472 misses:149192  Hit Ratio: 98.98%
3CACHE: size: 4096 KB assoc: 2
3CACHE: hits:115066 misses:34126  Hit Ratio: 77.13%
3CACHE: dirty items replaced:10634
ITLB: size: 48, misses 1, miss rate 0.00%
DTLB: size: 128, misses 2345, miss rate 0.01%
Avg mem delay: 2.525 cycles
----------------------------------------
==== Statistics for Master ID: 2 ====
Reads: 389509521   Writes: 68414689
ICACHE: size: 64 KB assoc: 2
ICACHE: hits:221185875 misses:2633622  Hit Ratio: 98.82%
DCACHE: size: 16 KB assoc: 4
DCACHE: hits:228059672 misses:6045041 writebacks:6044621  Hit Ratio: 97.42%
SCACHE: size: 512 KB assoc: 2
SCACHE: hits:6884054 misses:1794609  Hit Ratio: 79.32%
3CACHE: size: 4096 KB assoc: 2
3CACHE: hits:1446224 misses:348385  Hit Ratio: 80.59%
3CACHE: dirty items replaced:91945
ITLB: size: 48, misses 150678, miss rate 0.07%
DTLB: size: 128, misses 340541, miss rate 0.15%
Avg mem delay: 2.525 cycles
----------------------------------------
==== Statistics for Master ID: 3 ====
Reads: 356008856   Writes: 53557827
ICACHE: size: 64 KB assoc: 2
ICACHE: hits:222186467 misses:31524  Hit Ratio: 99.99%
DCACHE: size: 16 KB assoc: 4
DCACHE: hits:180887470 misses:6461222 writebacks:6259697  Hit Ratio: 96.55%
SCACHE: size: 512 KB assoc: 2
SCACHE: hits:3976200 misses:2516546  Hit Ratio: 61.24%
3CACHE: size: 4096 KB assoc: 2
3CACHE: hits:449726 misses:2066819  Hit Ratio: 17.87%
3CACHE: dirty items replaced:114519
ITLB: size: 48, misses 1425, miss rate 0.00%
DTLB: size: 128, misses 163558, miss rate 0.09%
Avg mem delay: 2.525 cycles
----------------------------------------
==== Global Resource Utilization ====
STASH: size: 65536 entries, full 2411261042, empty 51404127, misses 4553612, full rate 97.73
icache bank util. 0.301 0.241 0.086 0.104 0.119 0.160 0.111 0.127 
dcache bank util. 0.126 0.135 0.150 0.132 0.170 0.118 0.164 0.128 
L2 bank util. 0.051 0.051 0.052 0.050 0.048 0.048 0.052 0.055 
L1-L2 bus util. = 0.252, L3 util. = 0.049
----------------------------------------
branch prediction, hits = 122268109, misses = 14700725, hit rate = 89.27%
return_stack prediction, hits = 10451085, misses = 11588, hit rate = 99.89%
jump prediction, hits = 128000904, misses = 12575772, hit rate = 91.05%
 clorb2_ combel_
**** Early Exiting at 554419894 Cycles *****
========================================
 SMTSIM Global Statistics
========================================
Threads: 4		Fetch Width: 8
No of useful instructions fetched:	2000000097 (45.09% proc util.)
No of total instructions fetched:	2480855441 (55.93% proc util.)
 includes 56829990 misfetch (2.3%), 424025354 (17.1%) wrong-path fetches
 and 0 flushed after failed lock(0.0%)
No of useful instructions issued/executed:	2000000053 (45.09% proc util.)
No of total instructions issued/executed:	2188862032 (49.35% proc util.)
 includes 188861979 wrong-path (8.6%) insts and 0 flushed (0.0%)
	fp 92373, 0.00%
	synch 0, 0.00%
	integer 1685136050, 76.99%
	load/store 503633609, 23.01%
Avg size of int IQ (before scheduling): 30.43
Avg size of fp IQ (before scheduling): 0.01
No of cycles taken:		554419894
Parallelism [ 1.207, 0.000, 1.038, 1.363,] = 3.607
 IQ conflicts: 1351492 (0.24%), FQ conflicts: 0 (0.00%) 
 I reg conflicts: 196312493 (35.41%), FP reg conflicts: 0 (0.00%)
  Activelist confs: 711 (0.00%), ROB confs: 535927 (0.10%)
  Int unit conflicts: 851693945 (153.62%), FP unit conflicts: 9 (0.00%)
  Load/store unit conflicts: 51020298 (9.20%)
  MSHR conflicts: 30192213 (5.45%)
----------------------------------------
==== System-wide Cache Statistics ====
Stall for miss queue full 0 cycles (0.00%)
----------------------------------------
==== Statistics for Master ID: 0 ====
Reads: 219264620   Writes: 14
ICACHE: size: 64 KB assoc: 2
ICACHE: hits:194489143 misses:675  Hit Ratio: 100.00%
DCACHE: size: 16 KB assoc: 4
DCACHE: hits:8255768 misses:16519048 writebacks:0  Hit Ratio: 33.32%
SCACHE: size: 512 KB assoc: 2
SCACHE: hits:16359410 misses:160313  Hit Ratio: 99.03%
3CACHE: size: 4096 KB assoc: 2
3CACHE: hits:123629 misses:36684  Hit Ratio: 77.12%
3CACHE: dirty items replaced:12192
ITLB: size: 48, misses 1, miss rate 0.00%
DTLB: size: 128, misses 2522, miss rate 0.01%
Avg mem delay: 2.411 cycles
----------------------------------------
==== Statistics for Master ID: 2 ====
Reads: 442009152   Writes: 77299740
ICACHE: size: 64 KB assoc: 2
ICACHE: hits:251210704 misses:2967159  Hit Ratio: 98.83%
DCACHE: size: 16 KB assoc: 4
DCACHE: hits:258432287 misses:6698742 writebacks:6698322  Hit Ratio: 97.47%
SCACHE: size: 512 KB assoc: 2
SCACHE: hits:7697088 misses:1968813  Hit Ratio: 79.63%
3CACHE: size: 4096 KB assoc: 2
3CACHE: hits:1592552 misses:376261  Hit Ratio: 80.89%
3CACHE: dirty items replaced:106050
ITLB: size: 48, misses 166689, miss rate 0.07%
DTLB: size: 128, misses 375804, miss rate 0.14%
Avg mem delay: 2.411 cycles
----------------------------------------
==== Statistics for Master ID: 3 ====
Reads: 405116449   Writes: 60729907
ICACHE: size: 64 KB assoc: 2
ICACHE: hits:252696227 misses:36056  Hit Ratio: 99.99%
DCACHE: size: 16 KB assoc: 4
DCACHE: hits:206065111 misses:7048962 writebacks:6847437  Hit Ratio: 96.69%
SCACHE: size: 512 KB assoc: 2
SCACHE: hits:4486373 misses:2598645  Hit Ratio: 63.32%
3CACHE: size: 4096 KB assoc: 2
3CACHE: hits:511609 misses:2087036  Hit Ratio: 19.69%
3CACHE: dirty items replaced:125602
ITLB: size: 48, misses 1644, miss rate 0.00%
DTLB: size: 128, misses 171677, miss rate 0.08%
Avg mem delay: 2.411 cycles
----------------------------------------
==== Global Resource Utilization ====
STASH: size: 65536 entries, full 2721382574, empty 58039427, misses 5135139, full rate 97.73
icache bank util. 0.308 0.247 0.089 0.107 0.123 0.161 0.115 0.131 
dcache bank util. 0.128 0.137 0.153 0.134 0.175 0.119 0.168 0.130 
L2 bank util. 0.051 0.051 0.052 0.050 0.048 0.048 0.052 0.055 
L1-L2 bus util. = 0.253, L3 util. = 0.045
----------------------------------------
branch prediction, hits = 137434815, misses = 16784883, hit rate = 89.12%
return_stack prediction, hits = 11896225, misses = 12992, hit rate = 99.89%
jump prediction, hits = 144344639, misses = 14195271, hit rate = 91.05%
total IPC 3.607

=== Results saved to: ./results/cacherand_2_gcc-200_1_gzip-source_1.txt ===
