===== 执行信息 =====
Cache目录：ssmtc64-100-5%
执行命令：./smtsim ../gcc-200.arg2 ../gcc-scilab.arg ../randacc.arg
执行时间：2026-04-16 18:45:08
返回码：0
===== 输出内容 =====
动态重分配参数：每100万周期检查，阈值5
Process 0, Thread 0: gcc-200
Process 0, Thread 1: gcc-200
Process 2, Thread 2: gcc-scilab
Process 3, Thread 3: randacc
[切片调度] 新安全域0无任何切片，尝试分配空闲切片
[切片管理] 成功绑定切片0 → 安全域0

======================== 切片硬件状态 ========================
切片号 | 所属安全域 | 当前状态    | 路扩展 | LRU touched
------------------------------------------------------------------
  0    |   域0      | 正常运行   |  否   |  0
  1    |   域-1     | 切片空闲   |  否   |  0
  2    |   域-1     | 切片空闲   |  否   |  0
  3    |   域-1     | 切片空闲   |  否   |  0
==================================================================

[切片管理] 成功绑定切片1 → 安全域0，触发【路扩展模式】

======================== 切片硬件状态 ========================
切片号 | 所属安全域 | 当前状态    | 路扩展 | LRU touched
------------------------------------------------------------------
  0    |   域0      | 正常运行   |  是   |  0
  1    |   域0      | 正常运行   |  是   |  0
  2    |   域-1     | 切片空闲   |  否   |  0
  3    |   域-1     | 切片空闲   |  否   |  0
==================================================================

[切片调度] 新安全域2无任何切片，尝试分配空闲切片
[切片管理] 成功绑定切片2 → 安全域2

======================== 切片硬件状态 ========================
切片号 | 所属安全域 | 当前状态    | 路扩展 | LRU touched
------------------------------------------------------------------
  0    |   域0      | 正常运行   |  是   |  330
  1    |   域0      | 正常运行   |  是   |  0
  2    |   域2      | 正常运行   |  否   |  0
  3    |   域-1     | 切片空闲   |  否   |  0
==================================================================

[切片管理] 成功绑定切片3 → 安全域2，触发【路扩展模式】

======================== 切片硬件状态 ========================
切片号 | 所属安全域 | 当前状态    | 路扩展 | LRU touched
------------------------------------------------------------------
  0    |   域0      | 正常运行   |  是   |  330
  1    |   域0      | 正常运行   |  是   |  0
  2    |   域2      | 正常运行   |  是   |  0
  3    |   域2      | 正常运行   |  是   |  0
==================================================================

[切片调度] 新安全域3无任何切片，尝试分配空闲切片
[切片调度] 新安全域3未找到空闲切片，尝试剥夺切片
[切片替换] 优先从【路扩展切片】中选择LRU替换目标...
[切片替换] 找到路扩展切片作为受害者：切片1（最后访问：0）
[切片调度] 安全域3触发切片剥夺：从域0剥夺切片1
[切片剥夺] 周期535：切片1（所属域0）进入待剥夺状态，禁止新替换
[切片剥夺] 周期535：切片1在途请求已清空，开始执行脏行写回
[切片剥夺] 周期535：切片1无脏行，直接完成剥夺
[切片管理] 周期535：原域0仅剩1个切片，关闭路扩展模式
[动态重分配] 周期535：切片1写回完成，自动绑定到域3
[切片管理] 成功绑定切片1 → 安全域3

======================== 切片硬件状态 ========================
切片号 | 所属安全域 | 当前状态    | 路扩展 | LRU touched
------------------------------------------------------------------
  0    |   域0      | 正常运行   |  否   |  330
  1    |   域3      | 正常运行   |  否   |  535
  2    |   域2      | 正常运行   |  是   |  435
  3    |   域2      | 正常运行   |  是   |  0
==================================================================

[切片唤醒] 周期535：域3切片就绪，唤醒等待指令

**** Debug Statistics at 1000000 Cycles *****
Threads: 4		Fetch Width: 8
No of useful instructions fetched:	2863208 (35.79% proc util.)
No of total instructions fetched:	3436949 (42.96% proc util.)
 includes 134270 misfetch (3.9%), 439471 (12.8%) wrong-path fetches
 and 0 flushed after failed lock(0.0%)
No of useful instructions issued/executed:	2863171 (35.79% proc util.)
No of total instructions issued/executed:	3053038 (38.16% proc util.)
 includes 189867 wrong-path (6.2%) insts and 0 flushed (0.0%)
	fp 146, 0.00%
	synch 0, 0.00%
	integer 2347245, 76.88%
	load/store 705647, 23.11%
Avg size of int IQ (before scheduling): 23.73
Avg size of fp IQ (before scheduling): 0.00
No of cycles taken:		1000000
Parallelism [ 0.801, 0.000, 0.801, 1.262,] = 2.863
 IQ conflicts: 6192 (0.62%), FQ conflicts: 0 (0.00%) 
 I reg conflicts: 449560 (44.96%), FP reg conflicts: 0 (0.00%)
  Activelist confs: 0 (0.00%), ROB confs: 633 (0.06%)
  Int unit conflicts: 1282374 (128.24%), FP unit conflicts: 1 (0.00%)
  Load/store unit conflicts: 156097 (15.61%)
  MSHR conflicts: 268240 (26.82%)
----------------------------------------
==== System-wide Cache Statistics ====
Stall for miss queue full 0 cycles (0.00%)
----------------------------------------
==== Statistics for Master ID: 0 ====
Reads: 494981   Writes: 124513
ICACHE: size: 64 KB assoc: 2
ICACHE: hits:298545 misses:5334  Hit Ratio: 98.24%
DCACHE: size: 1*16 KB assoc: 1*4
DCACHE: hits:312124 misses:3491 writebacks:2444  Hit Ratio: 98.89%
SCACHE: size: 512 KB assoc: 2
SCACHE: hits:4114 misses:4711  Hit Ratio: 46.62%
3CACHE: size: 4096 KB assoc: 2
3CACHE: hits:310 misses:4401  Hit Ratio: 6.58%
3CACHE: dirty items replaced:6
ITLB: size: 48, misses 180, miss rate 0.06%
DTLB: size: 128, misses 182, miss rate 0.06%
Avg mem delay: 2.122 cycles
----------------------------------------
==== Statistics for Master ID: 2 ====
Reads: 490738   Writes: 124269
ICACHE: size: 64 KB assoc: 2
ICACHE: hits:295846 misses:5329  Hit Ratio: 98.23%
DCACHE: size: 2*16 KB assoc: 2*4
DCACHE: hits:310813 misses:3019 writebacks:2020  Hit Ratio: 99.04%
SCACHE: size: 512 KB assoc: 2
SCACHE: hits:3661 misses:4687  Hit Ratio: 43.85%
3CACHE: size: 4096 KB assoc: 2
3CACHE: hits:304 misses:4383  Hit Ratio: 6.49%
3CACHE: dirty items replaced:8
ITLB: size: 48, misses 188, miss rate 0.06%
DTLB: size: 128, misses 182, miss rate 0.06%
Avg mem delay: 2.122 cycles
----------------------------------------
==== Statistics for Master ID: 3 ====
Reads: 431345   Writes: 37
ICACHE: size: 64 KB assoc: 2
ICACHE: hits:355599 misses:23  Hit Ratio: 99.99%
DCACHE: size: 1*16 KB assoc: 1*4
DCACHE: hits:59085 misses:16674 writebacks:13  Hit Ratio: 77.99%
SCACHE: size: 512 KB assoc: 2
SCACHE: hits:15269 misses:1428  Hit Ratio: 91.45%
3CACHE: size: 4096 KB assoc: 2
3CACHE: hits:493 misses:935  Hit Ratio: 34.52%
3CACHE: dirty items replaced:0
ITLB: size: 48, misses 4, miss rate 0.00%
DTLB: size: 128, misses 25, miss rate 0.03%
Avg mem delay: 2.122 cycles
----------------------------------------
==== Global Resource Utilization ====
STASH: size: 65536 entries, full 3618535, empty 87648, misses 7728, full rate 97.43
icache bank util. 0.206 0.192 0.163 0.092 0.060 0.077 0.088 0.115 
dcache bank util. 0.074 0.093 0.041 0.054 0.077 0.133 0.180 0.137 
L2 bank util. 0.029 0.027 0.029 0.030 0.027 0.028 0.028 0.029 
L1-L2 bus util. = 0.115, L3 util. = 0.097
----------------------------------------

======================== 切片硬件状态 ========================
切片号 | 所属安全域 | 当前状态    | 路扩展 | LRU touched
------------------------------------------------------------------
  0    |   域0      | 正常运行   |  否   |  999996
  1    |   域3      | 正常运行   |  否   |  999991
  2    |   域2      | 正常运行   |  是   |  999998
  3    |   域2      | 正常运行   |  是   |  999999
==================================================================

branch prediction, hits = 232493, misses = 16970, hit rate = 93.20%
return_stack prediction, hits = 29016, misses = 12, hit rate = 99.96%
jump prediction, hits = 274825, misses = 34564, hit rate = 88.83%
 dgelq2_ abend_ adia_ adib_ dgelqf_ ambm6_ analie6_ betalf_
======================== 切片硬件状态 ========================
切片号 | 所属安全域 | 当前状态    | 路扩展 | LRU touched
------------------------------------------------------------------
  0    |   域0      | 正常运行   |  否   |  5999998
  1    |   域3      | 正常运行   |  否   |  5999987
  2    |   域2      | 正常运行   |  是   |  5999958
  3    |   域2      | 正常运行   |  是   |  5999999
==================================================================

[动态重分配] 周期6000000：预约迁移 冗余域2(2%) -> 切片2 -> 饥饿域3(21%)
[切片剥夺] 周期6000000：切片2（所属域2）进入待剥夺状态，禁止新替换
[切片剥夺] 周期6000132：切片2在途请求已清空，开始执行脏行写回
[切片管理] 周期6000302：原域2仅剩1个切片，关闭路扩展模式
[动态重分配] 周期6000302：切片2写回完成，自动绑定到域3
[切片管理] 成功绑定切片2 → 安全域3，触发【路扩展模式】

======================== 切片硬件状态 ========================
切片号 | 所属安全域 | 当前状态    | 路扩展 | LRU touched
------------------------------------------------------------------
  0    |   域0      | 正常运行   |  否   |  6000302
  1    |   域3      | 正常运行   |  是   |  6000286
  2    |   域3      | 正常运行   |  是   |  6000302
  3    |   域2      | 正常运行   |  否   |  6000295
==================================================================


**** Debug Statistics at 101000000 Cycles *****
Threads: 4		Fetch Width: 8
No of useful instructions fetched:	354249511 (43.84% proc util.)
No of total instructions fetched:	505471813 (62.56% proc util.)
 includes 27566273 misfetch (5.5%), 123656029 (24.5%) wrong-path fetches
 and 0 flushed after failed lock(0.0%)
No of useful instructions issued/executed:	354249471 (43.84% proc util.)
No of total instructions issued/executed:	412664105 (51.07% proc util.)
 includes 58414634 wrong-path (14.2%) insts and 0 flushed (0.0%)
	fp 14473, 0.00%
	synch 0, 0.00%
	integer 315340207, 76.42%
	load/store 97309425, 23.58%
Avg size of int IQ (before scheduling): 32.46
Avg size of fp IQ (before scheduling): 0.00
No of cycles taken:		101000000
Parallelism [ 0.803, 0.000, 0.884, 1.821,] = 3.507
 IQ conflicts: 1262983 (1.25%), FQ conflicts: 0 (0.00%) 
 I reg conflicts: 20907169 (20.70%), FP reg conflicts: 0 (0.00%)
  Activelist confs: 1062 (0.00%), ROB confs: 124902 (0.12%)
  Int unit conflicts: 142411204 (141.00%), FP unit conflicts: 3 (0.00%)
  Load/store unit conflicts: 14381520 (14.24%)
  MSHR conflicts: 6048083 (5.99%)
----------------------------------------
==== System-wide Cache Statistics ====
Stall for miss queue full 0 cycles (0.00%)
----------------------------------------
==== Statistics for Master ID: 0 ====
Reads: 67035698   Writes: 11181158
ICACHE: size: 64 KB assoc: 2
ICACHE: hits:37378825 misses:1476338  Hit Ratio: 96.20%
DCACHE: size: 1*16 KB assoc: 1*4
DCACHE: hits:38309382 misses:1052311 writebacks:248241  Hit Ratio: 97.33%
SCACHE: size: 512 KB assoc: 2
SCACHE: hits:1991178 misses:537471  Hit Ratio: 78.74%
3CACHE: size: 4096 KB assoc: 2
3CACHE: hits:436504 misses:100967  Hit Ratio: 81.21%
3CACHE: dirty items replaced:15598
ITLB: size: 48, misses 145627, miss rate 0.37%
DTLB: size: 128, misses 95875, miss rate 0.24%
Avg mem delay: 1.368 cycles
----------------------------------------
==== Statistics for Master ID: 2 ====
Reads: 78658767   Writes: 12907202
ICACHE: size: 64 KB assoc: 2
ICACHE: hits:43497428 misses:1440359  Hit Ratio: 96.79%
DCACHE: size: 1*16 KB assoc: 1*4
DCACHE: hits:45538009 misses:1090225 writebacks:316290  Hit Ratio: 97.66%
SCACHE: size: 512 KB assoc: 2
SCACHE: hits:2025760 misses:504772  Hit Ratio: 80.05%
3CACHE: size: 4096 KB assoc: 2
3CACHE: hits:415444 misses:89327  Hit Ratio: 82.30%
3CACHE: dirty items replaced:17840
ITLB: size: 48, misses 113982, miss rate 0.25%
DTLB: size: 128, misses 86070, miss rate 0.18%
Avg mem delay: 1.368 cycles
----------------------------------------
==== Statistics for Master ID: 3 ====
Reads: 66831374   Writes: 42
ICACHE: size: 64 KB assoc: 2
ICACHE: hits:55802207 misses:1184  Hit Ratio: 100.00%
DCACHE: size: 2*16 KB assoc: 2*4
DCACHE: hits:10824666 misses:203358 writebacks:18  Hit Ratio: 98.16%
SCACHE: size: 512 KB assoc: 2
SCACHE: hits:172813 misses:31729  Hit Ratio: 84.49%
3CACHE: size: 4096 KB assoc: 2
3CACHE: hits:29579 misses:2150  Hit Ratio: 93.22%
3CACHE: dirty items replaced:7
ITLB: size: 48, misses 4, miss rate 0.00%
DTLB: size: 128, misses 3885, miss rate 0.04%
Avg mem delay: 1.368 cycles
----------------------------------------
==== Global Resource Utilization ====
STASH: size: 65536 entries, full 520336857, empty 21190974, misses 1805437, full rate 95.77
icache bank util. 0.328 0.289 0.204 0.114 0.116 0.111 0.112 0.195 
dcache bank util. 0.126 0.132 0.135 0.133 0.116 0.165 0.119 0.121 
L2 bank util. 0.041 0.042 0.041 0.041 0.040 0.038 0.038 0.039 
L1-L2 bus util. = 0.173, L3 util. = 0.019
----------------------------------------

======================== 切片硬件状态 ========================
切片号 | 所属安全域 | 当前状态    | 路扩展 | LRU touched
------------------------------------------------------------------
  0    |   域0      | 正常运行   |  否   |  100999999
  1    |   域3      | 正常运行   |  是   |  100999998
  2    |   域3      | 正常运行   |  是   |  100999935
  3    |   域2      | 正常运行   |  否   |  100999998
==================================================================

branch prediction, hits = 29142052, misses = 4548247, hit rate = 86.50%
return_stack prediction, hits = 2287193, misses = 3906, hit rate = 99.83%
jump prediction, hits = 30583583, misses = 6431282, hit rate = 82.63%
 dgels_ block_
======================== 切片硬件状态 ========================
切片号 | 所属安全域 | 当前状态    | 路扩展 | LRU touched
------------------------------------------------------------------
  0    |   域0      | 正常运行   |  否   |  138999997
  1    |   域3      | 正常运行   |  是   |  138999999
  2    |   域3      | 正常运行   |  是   |  138999986
  3    |   域2      | 正常运行   |  否   |  138999960
==================================================================

[动态重分配] 周期139000000：预约迁移 冗余域3(0%) -> 切片1 -> 饥饿域2(7%)
[切片剥夺] 周期139000000：切片1（所属域3）进入待剥夺状态，禁止新替换
[切片剥夺] 周期139000000：切片1在途请求已清空，开始执行脏行写回
[切片剥夺] 周期139000000：切片1无脏行，直接完成剥夺
[切片管理] 周期139000001：原域3仅剩1个切片，关闭路扩展模式
[动态重分配] 周期139000001：切片1写回完成，自动绑定到域2
[切片管理] 成功绑定切片1 → 安全域2，触发【路扩展模式】

======================== 切片硬件状态 ========================
切片号 | 所属安全域 | 当前状态    | 路扩展 | LRU touched
------------------------------------------------------------------
  0    |   域0      | 正常运行   |  否   |  138999997
  1    |   域2      | 正常运行   |  是   |  139000001
  2    |   域3      | 正常运行   |  否   |  138999986
  3    |   域2      | 正常运行   |  是   |  138999960
==================================================================


======================== 切片硬件状态 ========================
切片号 | 所属安全域 | 当前状态    | 路扩展 | LRU touched
------------------------------------------------------------------
  0    |   域0      | 正常运行   |  否   |  139999998
  1    |   域2      | 正常运行   |  是   |  139999988
  2    |   域3      | 正常运行   |  否   |  139999995
  3    |   域2      | 正常运行   |  是   |  140000000
==================================================================

[动态重分配] 周期140000000：预约迁移 冗余域2(3%) -> 切片3 -> 饥饿域3(21%)
[切片剥夺] 周期140000000：切片3（所属域2）进入待剥夺状态，禁止新替换
[切片剥夺] 周期140000000：切片3在途请求已清空，开始执行脏行写回
[切片管理] 周期140000848：原域2仅剩1个切片，关闭路扩展模式
[动态重分配] 周期140000848：切片3写回完成，自动绑定到域3
[切片管理] 成功绑定切片3 → 安全域3，触发【路扩展模式】

======================== 切片硬件状态 ========================
切片号 | 所属安全域 | 当前状态    | 路扩展 | LRU touched
------------------------------------------------------------------
  0    |   域0      | 正常运行   |  否   |  140000843
  1    |   域2      | 正常运行   |  否   |  140000838
  2    |   域3      | 正常运行   |  是   |  140000844
  3    |   域3      | 正常运行   |  是   |  140000848
==================================================================


======================== 切片硬件状态 ========================
切片号 | 所属安全域 | 当前状态    | 路扩展 | LRU touched
------------------------------------------------------------------
  0    |   域0      | 正常运行   |  否   |  188999968
  1    |   域2      | 正常运行   |  否   |  188999981
  2    |   域3      | 正常运行   |  是   |  188999989
  3    |   域3      | 正常运行   |  是   |  188999995
==================================================================

[动态重分配] 周期189000000：预约迁移 冗余域3(0%) -> 切片2 -> 饥饿域2(6%)
[切片剥夺] 周期189000000：切片2（所属域3）进入待剥夺状态，禁止新替换
[切片剥夺] 周期189000000：切片2在途请求已清空，开始执行脏行写回
[切片剥夺] 周期189000000：切片2无脏行，直接完成剥夺
[切片管理] 周期189000001：原域3仅剩1个切片，关闭路扩展模式
[动态重分配] 周期189000001：切片2写回完成，自动绑定到域2
[切片管理] 成功绑定切片2 → 安全域2，触发【路扩展模式】

======================== 切片硬件状态 ========================
切片号 | 所属安全域 | 当前状态    | 路扩展 | LRU touched
------------------------------------------------------------------
  0    |   域0      | 正常运行   |  否   |  188999968
  1    |   域2      | 正常运行   |  是   |  188999981
  2    |   域2      | 正常运行   |  是   |  189000001
  3    |   域3      | 正常运行   |  否   |  188999995
==================================================================


======================== 切片硬件状态 ========================
切片号 | 所属安全域 | 当前状态    | 路扩展 | LRU touched
------------------------------------------------------------------
  0    |   域0      | 正常运行   |  否   |  189999999
  1    |   域2      | 正常运行   |  是   |  189999996
  2    |   域2      | 正常运行   |  是   |  190000000
  3    |   域3      | 正常运行   |  否   |  189999997
==================================================================

[动态重分配] 周期190000000：预约迁移 冗余域2(2%) -> 切片1 -> 饥饿域3(22%)
[切片剥夺] 周期190000000：切片1（所属域2）进入待剥夺状态，禁止新替换
[切片剥夺] 周期190000000：切片1在途请求已清空，开始执行脏行写回
[切片管理] 周期190003906：原域2仅剩1个切片，关闭路扩展模式
[动态重分配] 周期190003906：切片1写回完成，自动绑定到域3
[切片管理] 成功绑定切片1 → 安全域3，触发【路扩展模式】

======================== 切片硬件状态 ========================
切片号 | 所属安全域 | 当前状态    | 路扩展 | LRU touched
------------------------------------------------------------------
  0    |   域0      | 正常运行   |  否   |  190003906
  1    |   域3      | 正常运行   |  是   |  190003906
  2    |   域2      | 正常运行   |  否   |  190003905
  3    |   域3      | 正常运行   |  是   |  190003906
==================================================================


======================== 切片硬件状态 ========================
切片号 | 所属安全域 | 当前状态    | 路扩展 | LRU touched
------------------------------------------------------------------
  0    |   域0      | 正常运行   |  否   |  193999829
  1    |   域3      | 正常运行   |  是   |  193999989
  2    |   域2      | 正常运行   |  否   |  194000000
  3    |   域3      | 正常运行   |  是   |  193999977
==================================================================

[动态重分配] 周期194000000：预约迁移 冗余域3(0%) -> 切片3 -> 饥饿域0(6%)
[切片剥夺] 周期194000000：切片3（所属域3）进入待剥夺状态，禁止新替换
[切片剥夺] 周期194000000：切片3在途请求已清空，开始执行脏行写回
[切片剥夺] 周期194000000：切片3无脏行，直接完成剥夺
[切片管理] 周期194000001：原域3仅剩1个切片，关闭路扩展模式
[动态重分配] 周期194000001：切片3写回完成，自动绑定到域0
[切片管理] 成功绑定切片3 → 安全域0，触发【路扩展模式】

======================== 切片硬件状态 ========================
切片号 | 所属安全域 | 当前状态    | 路扩展 | LRU touched
------------------------------------------------------------------
  0    |   域0      | 正常运行   |  是   |  193999829
  1    |   域3      | 正常运行   |  否   |  194000001
  2    |   域2      | 正常运行   |  否   |  194000000
  3    |   域0      | 正常运行   |  是   |  194000001
==================================================================


======================== 切片硬件状态 ========================
切片号 | 所属安全域 | 当前状态    | 路扩展 | LRU touched
------------------------------------------------------------------
  0    |   域0      | 正常运行   |  是   |  194999992
  1    |   域3      | 正常运行   |  否   |  194999997
  2    |   域2      | 正常运行   |  否   |  194999923
  3    |   域0      | 正常运行   |  是   |  194999998
==================================================================

[动态重分配] 周期195000000：预约迁移 冗余域0(0%) -> 切片0 -> 饥饿域3(21%)
[切片剥夺] 周期195000000：切片0（所属域0）进入待剥夺状态，禁止新替换
[切片剥夺] 周期195000000：切片0在途请求已清空，开始执行脏行写回
[切片管理] 周期195002225：原域0仅剩1个切片，关闭路扩展模式
[动态重分配] 周期195002225：切片0写回完成，自动绑定到域3
[切片管理] 成功绑定切片0 → 安全域3，触发【路扩展模式】

======================== 切片硬件状态 ========================
切片号 | 所属安全域 | 当前状态    | 路扩展 | LRU touched
------------------------------------------------------------------
  0    |   域3      | 正常运行   |  是   |  195002225
  1    |   域3      | 正常运行   |  是   |  195002224
  2    |   域2      | 正常运行   |  否   |  195002225
  3    |   域0      | 正常运行   |  否   |  195002224
==================================================================


**** Debug Statistics at 201000000 Cycles *****
Threads: 4		Fetch Width: 8
No of useful instructions fetched:	713166808 (44.35% proc util.)
No of total instructions fetched:	1028652448 (63.97% proc util.)
 includes 56315365 misfetch (5.5%), 259170275 (25.2%) wrong-path fetches
 and 0 flushed after failed lock(0.0%)
No of useful instructions issued/executed:	713166785 (44.35% proc util.)
No of total instructions issued/executed:	835803409 (51.98% proc util.)
 includes 122636624 wrong-path (14.7%) insts and 0 flushed (0.0%)
	fp 46271, 0.01%
	synch 0, 0.00%
	integer 631015586, 75.50%
	load/store 204741552, 24.50%
Avg size of int IQ (before scheduling): 32.04
Avg size of fp IQ (before scheduling): 0.01
No of cycles taken:		201000000
Parallelism [ 0.892, 0.000, 0.900, 1.756,] = 3.548
 IQ conflicts: 2540766 (1.26%), FQ conflicts: 0 (0.00%) 
 I reg conflicts: 39119210 (19.46%), FP reg conflicts: 0 (0.00%)
  Activelist confs: 2994 (0.00%), ROB confs: 424941 (0.21%)
  Int unit conflicts: 297981768 (148.25%), FP unit conflicts: 6 (0.00%)
  Load/store unit conflicts: 31830064 (15.84%)
  MSHR conflicts: 18892486 (9.40%)
----------------------------------------
==== System-wide Cache Statistics ====
Stall for miss queue full 545 cycles (0.00%)
----------------------------------------
==== Statistics for Master ID: 0 ====
Reads: 148089654   Writes: 24983006
ICACHE: size: 64 KB assoc: 2
ICACHE: hits:82926488 misses:2691561  Hit Ratio: 96.86%
DCACHE: size: 1*16 KB assoc: 1*4
DCACHE: hits:85296858 misses:2157875 writebacks:561496  Hit Ratio: 97.53%
SCACHE: size: 512 KB assoc: 2
SCACHE: hits:3854191 misses:995122  Hit Ratio: 79.48%
3CACHE: size: 4096 KB assoc: 2
3CACHE: hits:827507 misses:167615  Hit Ratio: 83.16%
3CACHE: dirty items replaced:39676
ITLB: size: 48, misses 242618, miss rate 0.28%
DTLB: size: 128, misses 208719, miss rate 0.24%
Avg mem delay: 1.436 cycles
----------------------------------------
==== Statistics for Master ID: 2 ====
Reads: 161634516   Writes: 26801443
ICACHE: size: 64 KB assoc: 2
ICACHE: hits:90261301 misses:2667135  Hit Ratio: 97.13%
DCACHE: size: 1*16 KB assoc: 1*4
DCACHE: hits:92991261 misses:2516646 writebacks:742174  Hit Ratio: 97.36%
SCACHE: size: 512 KB assoc: 2
SCACHE: hits:4121839 misses:1061558  Hit Ratio: 79.52%
3CACHE: size: 4096 KB assoc: 2
3CACHE: hits:900072 misses:161485  Hit Ratio: 84.79%
3CACHE: dirty items replaced:46881
ITLB: size: 48, misses 189770, miss rate 0.20%
DTLB: size: 128, misses 201101, miss rate 0.21%
Avg mem delay: 1.436 cycles
----------------------------------------
==== Statistics for Master ID: 3 ====
Reads: 130383085   Writes: 52
ICACHE: size: 64 KB assoc: 2
ICACHE: hits:109237114 misses:2267  Hit Ratio: 100.00%
DCACHE: size: 2*16 KB assoc: 2*4
DCACHE: hits:20801674 misses:342081 writebacks:28  Hit Ratio: 98.38%
SCACHE: size: 512 KB assoc: 2
SCACHE: hits:288089 misses:56259  Hit Ratio: 83.66%
3CACHE: size: 4096 KB assoc: 2
3CACHE: hits:53005 misses:3254  Hit Ratio: 94.22%
3CACHE: dirty items replaced:75
ITLB: size: 48, misses 4, miss rate 0.00%
DTLB: size: 128, misses 10577, miss rate 0.05%
Avg mem delay: 1.436 cycles
----------------------------------------
==== Global Resource Utilization ====
STASH: size: 65536 entries, full 1062488687, empty 41067538, misses 3530603, full rate 95.97
icache bank util. 0.331 0.291 0.208 0.124 0.127 0.119 0.115 0.197 
dcache bank util. 0.130 0.131 0.133 0.141 0.140 0.182 0.125 0.126 
L2 bank util. 0.040 0.042 0.041 0.042 0.040 0.037 0.039 0.039 
L1-L2 bus util. = 0.174, L3 util. = 0.017
----------------------------------------

======================== 切片硬件状态 ========================
切片号 | 所属安全域 | 当前状态    | 路扩展 | LRU touched
------------------------------------------------------------------
  0    |   域3      | 正常运行   |  是   |  200999975
  1    |   域3      | 正常运行   |  是   |  200999972
  2    |   域2      | 正常运行   |  否   |  200999986
  3    |   域0      | 正常运行   |  否   |  200999994
==================================================================

branch prediction, hits = 60197870, misses = 9584091, hit rate = 86.27%
return_stack prediction, hits = 4870452, misses = 7064, hit rate = 99.86%
jump prediction, hits = 62431075, misses = 13333422, hit rate = 82.40%

======================== 切片硬件状态 ========================
切片号 | 所属安全域 | 当前状态    | 路扩展 | LRU touched
------------------------------------------------------------------
  0    |   域3      | 正常运行   |  是   |  202999991
  1    |   域3      | 正常运行   |  是   |  202999987
  2    |   域2      | 正常运行   |  否   |  202999996
  3    |   域0      | 正常运行   |  否   |  202999999
==================================================================

[动态重分配] 周期203000000：预约迁移 冗余域3(0%) -> 切片1 -> 饥饿域0(6%)
[切片剥夺] 周期203000000：切片1（所属域3）进入待剥夺状态，禁止新替换
[切片剥夺] 周期203000000：切片1在途请求已清空，开始执行脏行写回
[切片剥夺] 周期203000000：切片1无脏行，直接完成剥夺
[切片管理] 周期203000001：原域3仅剩1个切片，关闭路扩展模式
[动态重分配] 周期203000001：切片1写回完成，自动绑定到域0
[切片管理] 成功绑定切片1 → 安全域0，触发【路扩展模式】

======================== 切片硬件状态 ========================
切片号 | 所属安全域 | 当前状态    | 路扩展 | LRU touched
------------------------------------------------------------------
  0    |   域3      | 正常运行   |  否   |  202999991
  1    |   域0      | 正常运行   |  是   |  203000001
  2    |   域2      | 正常运行   |  否   |  202999996
  3    |   域0      | 正常运行   |  是   |  203000001
==================================================================


======================== 切片硬件状态 ========================
切片号 | 所属安全域 | 当前状态    | 路扩展 | LRU touched
------------------------------------------------------------------
  0    |   域3      | 正常运行   |  否   |  203999982
  1    |   域0      | 正常运行   |  是   |  203999994
  2    |   域2      | 正常运行   |  否   |  203999998
  3    |   域0      | 正常运行   |  是   |  203999992
==================================================================

[动态重分配] 周期204000000：预约迁移 冗余域0(4%) -> 切片3 -> 饥饿域3(22%)
[切片剥夺] 周期204000000：切片3（所属域0）进入待剥夺状态，禁止新替换
[切片剥夺] 周期204000120：切片3在途请求已清空，开始执行脏行写回
[切片管理] 周期204000275：原域0仅剩1个切片，关闭路扩展模式
[动态重分配] 周期204000275：切片3写回完成，自动绑定到域3
[切片管理] 成功绑定切片3 → 安全域3，触发【路扩展模式】

======================== 切片硬件状态 ========================
切片号 | 所属安全域 | 当前状态    | 路扩展 | LRU touched
------------------------------------------------------------------
  0    |   域3      | 正常运行   |  是   |  204000263
  1    |   域0      | 正常运行   |  否   |  204000275
  2    |   域2      | 正常运行   |  否   |  204000216
  3    |   域3      | 正常运行   |  是   |  204000275
==================================================================


======================== 切片硬件状态 ========================
切片号 | 所属安全域 | 当前状态    | 路扩展 | LRU touched
------------------------------------------------------------------
  0    |   域3      | 正常运行   |  是   |  204999984
  1    |   域0      | 正常运行   |  否   |  204999978
  2    |   域2      | 正常运行   |  否   |  204999999
  3    |   域3      | 正常运行   |  是   |  204999995
==================================================================

[动态重分配] 周期205000000：预约迁移 冗余域3(0%) -> 切片0 -> 饥饿域0(7%)
[切片剥夺] 周期205000000：切片0（所属域3）进入待剥夺状态，禁止新替换
[切片剥夺] 周期205000000：切片0在途请求已清空，开始执行脏行写回
[切片剥夺] 周期205000000：切片0无脏行，直接完成剥夺
[切片管理] 周期205000001：原域3仅剩1个切片，关闭路扩展模式
[动态重分配] 周期205000001：切片0写回完成，自动绑定到域0
[切片管理] 成功绑定切片0 → 安全域0，触发【路扩展模式】

======================== 切片硬件状态 ========================
切片号 | 所属安全域 | 当前状态    | 路扩展 | LRU touched
------------------------------------------------------------------
  0    |   域0      | 正常运行   |  是   |  205000001
  1    |   域0      | 正常运行   |  是   |  204999978
  2    |   域2      | 正常运行   |  否   |  204999999
  3    |   域3      | 正常运行   |  否   |  204999995
==================================================================


======================== 切片硬件状态 ========================
切片号 | 所属安全域 | 当前状态    | 路扩展 | LRU touched
------------------------------------------------------------------
  0    |   域0      | 正常运行   |  是   |  208999968
  1    |   域0      | 正常运行   |  是   |  208999973
  2    |   域2      | 正常运行   |  否   |  208999996
  3    |   域3      | 正常运行   |  否   |  208999998
==================================================================

[动态重分配] 周期209000000：预约迁移 冗余域0(5%) -> 切片1 -> 饥饿域3(21%)
[切片剥夺] 周期209000000：切片1（所属域0）进入待剥夺状态，禁止新替换
[切片剥夺] 周期209000000：切片1在途请求已清空，开始执行脏行写回
[切片管理] 周期209000077：原域0仅剩1个切片，关闭路扩展模式
[动态重分配] 周期209000077：切片1写回完成，自动绑定到域3
[切片管理] 成功绑定切片1 → 安全域3，触发【路扩展模式】

======================== 切片硬件状态 ========================
切片号 | 所属安全域 | 当前状态    | 路扩展 | LRU touched
------------------------------------------------------------------
  0    |   域0      | 正常运行   |  否   |  209000075
  1    |   域3      | 正常运行   |  是   |  209000077
  2    |   域2      | 正常运行   |  否   |  209000045
  3    |   域3      | 正常运行   |  是   |  209000051
==================================================================


======================== 切片硬件状态 ========================
切片号 | 所属安全域 | 当前状态    | 路扩展 | LRU touched
------------------------------------------------------------------
  0    |   域0      | 正常运行   |  否   |  209999994
  1    |   域3      | 正常运行   |  是   |  209999931
  2    |   域2      | 正常运行   |  否   |  209999999
  3    |   域3      | 正常运行   |  是   |  209999995
==================================================================

[动态重分配] 周期210000000：预约迁移 冗余域3(0%) -> 切片3 -> 饥饿域0(7%)
[切片剥夺] 周期210000000：切片3（所属域3）进入待剥夺状态，禁止新替换
[切片剥夺] 周期210000000：切片3在途请求已清空，开始执行脏行写回
[切片剥夺] 周期210000000：切片3无脏行，直接完成剥夺
[切片管理] 周期210000001：原域3仅剩1个切片，关闭路扩展模式
[动态重分配] 周期210000001：切片3写回完成，自动绑定到域0
[切片管理] 成功绑定切片3 → 安全域0，触发【路扩展模式】

======================== 切片硬件状态 ========================
切片号 | 所属安全域 | 当前状态    | 路扩展 | LRU touched
------------------------------------------------------------------
  0    |   域0      | 正常运行   |  是   |  209999994
  1    |   域3      | 正常运行   |  否   |  209999931
  2    |   域2      | 正常运行   |  否   |  209999999
  3    |   域0      | 正常运行   |  是   |  210000001
==================================================================


======================== 切片硬件状态 ========================
切片号 | 所属安全域 | 当前状态    | 路扩展 | LRU touched
------------------------------------------------------------------
  0    |   域0      | 正常运行   |  是   |  210999996
  1    |   域3      | 正常运行   |  否   |  210999991
  2    |   域2      | 正常运行   |  否   |  210999986
  3    |   域0      | 正常运行   |  是   |  210999999
==================================================================

[动态重分配] 周期211000000：预约迁移 冗余域0(8%) -> 切片0 -> 饥饿域3(22%)
[切片剥夺] 周期211000000：切片0（所属域0）进入待剥夺状态，禁止新替换
[切片剥夺] 周期211000000：切片0在途请求已清空，开始执行脏行写回
[切片管理] 周期211000077：原域0仅剩1个切片，关闭路扩展模式
[动态重分配] 周期211000077：切片0写回完成，自动绑定到域3
[切片管理] 成功绑定切片0 → 安全域3，触发【路扩展模式】

======================== 切片硬件状态 ========================
切片号 | 所属安全域 | 当前状态    | 路扩展 | LRU touched
------------------------------------------------------------------
  0    |   域3      | 正常运行   |  是   |  211000077
  1    |   域3      | 正常运行   |  是   |  211000075
  2    |   域2      | 正常运行   |  否   |  211000034
  3    |   域0      | 正常运行   |  否   |  211000061
==================================================================


======================== 切片硬件状态 ========================
切片号 | 所属安全域 | 当前状态    | 路扩展 | LRU touched
------------------------------------------------------------------
  0    |   域3      | 正常运行   |  是   |  229999984
  1    |   域3      | 正常运行   |  是   |  230000000
  2    |   域2      | 正常运行   |  否   |  229999748
  3    |   域0      | 正常运行   |  否   |  230000000
==================================================================

[动态重分配] 周期230000000：预约迁移 冗余域3(0%) -> 切片1 -> 饥饿域2(6%)
[切片剥夺] 周期230000000：切片1（所属域3）进入待剥夺状态，禁止新替换
[切片剥夺] 周期230000000：切片1在途请求已清空，开始执行脏行写回
[切片剥夺] 周期230000000：切片1无脏行，直接完成剥夺
[切片管理] 周期230000001：原域3仅剩1个切片，关闭路扩展模式
[动态重分配] 周期230000001：切片1写回完成，自动绑定到域2
[切片管理] 成功绑定切片1 → 安全域2，触发【路扩展模式】

======================== 切片硬件状态 ========================
切片号 | 所属安全域 | 当前状态    | 路扩展 | LRU touched
------------------------------------------------------------------
  0    |   域3      | 正常运行   |  否   |  229999984
  1    |   域2      | 正常运行   |  是   |  230000001
  2    |   域2      | 正常运行   |  是   |  229999748
  3    |   域0      | 正常运行   |  否   |  230000000
==================================================================


======================== 切片硬件状态 ========================
切片号 | 所属安全域 | 当前状态    | 路扩展 | LRU touched
------------------------------------------------------------------
  0    |   域3      | 正常运行   |  否   |  231000000
  1    |   域2      | 正常运行   |  是   |  230999975
  2    |   域2      | 正常运行   |  是   |  230999998
  3    |   域0      | 正常运行   |  否   |  230999996
==================================================================

[动态重分配] 周期231000000：预约迁移 冗余域2(4%) -> 切片2 -> 饥饿域3(22%)
[切片剥夺] 周期231000000：切片2（所属域2）进入待剥夺状态，禁止新替换
[切片剥夺] 周期231000000：切片2在途请求已清空，开始执行脏行写回
[切片管理] 周期231000204：原域2仅剩1个切片，关闭路扩展模式
[动态重分配] 周期231000204：切片2写回完成，自动绑定到域3
[切片管理] 成功绑定切片2 → 安全域3，触发【路扩展模式】

======================== 切片硬件状态 ========================
切片号 | 所属安全域 | 当前状 blockdis_态    | 路扩展 | LRU touched
------------------------------------------------------------------
  0    |   域3      | 正常运行   |  是   |  231000174
  1    |   域2      | 正常运行   |  否   |  231000204
  2    |   域3      | 正常运行   |  是   |  231000204
  3    |   域0      | 正常运行   |  否   |  231000157
==================================================================


======================== 切片硬件状态 ========================
切片号 | 所属安全域 | 当前状态    | 路扩展 | LRU touched
------------------------------------------------------------------
  0    |   域3      | 正常运行   |  是   |  248999981
  1    |   域2      | 正常运行   |  否   |  248999993
  2    |   域3      | 正常运行   |  是   |  248999985
  3    |   域0      | 正常运行   |  否   |  249000000
==================================================================

[动态重分配] 周期249000000：预约迁移 冗余域3(0%) -> 切片0 -> 饥饿域0(6%)
[切片剥夺] 周期249000000：切片0（所属域3）进入待剥夺状态，禁止新替换
[切片剥夺] 周期249000000：切片0在途请求已清空，开始执行脏行写回
[切片剥夺] 周期249000000：切片0无脏行，直接完成剥夺
[切片管理] 周期249000001：原域3仅剩1个切片，关闭路扩展模式
[动态重分配] 周期249000001：切片0写回完成，自动绑定到域0
[切片管理] 成功绑定切片0 → 安全域0，触发【路扩展模式】

======================== 切片硬件状态 ========================
切片号 | 所属安全域 | 当前状态    | 路扩展 | LRU touched
------------------------------------------------------------------
  0    |   域0      | 正常运行   |  是   |  249000001
  1    |   域2      | 正常运行   |  否   |  248999993
  2    |   域3      | 正常运行   |  否   |  248999985
  3    |   域0      | 正常运行   |  是   |  249000000
==================================================================


======================== 切片硬件状态 ========================
切片号 | 所属安全域 | 当前状态    | 路扩展 | LRU touched
------------------------------------------------------------------
  0    |   域0      | 正常运行   |  是   |  249999998
  1    |   域2      | 正常运行   |  否   |  249999939
  2    |   域3      | 正常运行   |  否   |  249999997
  3    |   域0      | 正常运行   |  是   |  250000000
==================================================================

[动态重分配] 周期250000000：预约迁移 冗余域0(1%) -> 切片3 -> 饥饿域3(21%)
[切片剥夺] 周期250000000：切片3（所属域0）进入待剥夺状态，禁止新替换
[切片剥夺] 周期250000000：切片3在途请求已清空，开始执行脏行写回
[切片管理] 周期250000218：原域0仅剩1个切片，关闭路扩展模式
[动态重分配] 周期250000218：切片3写回完成，自动绑定到域3
[切片管理] 成功绑定切片3 → 安全域3，触发【路扩展模式】

======================== 切片硬件状态 ========================
切片号 | 所属安全域 | 当前状态    | 路扩展 | LRU touched
------------------------------------------------------------------
  0    |   域0      | 正常运行   |  否   |  250000022
  1    |   域2      | 正常运行   |  否   |  249999939
  2    |   域3      | 正常运行   |  是   |  250000057
  3    |   域3      | 正常运行   |  是   |  250000218
==================================================================


======================== 切片硬件状态 ========================
切片号 | 所属安全域 | 当前状态    | 路扩展 | LRU touched
------------------------------------------------------------------
  0    |   域0      | 正常运行   |  否   |  270999998
  1    |   域2      | 正常运行   |  否   |  270999969
  2    |   域3      | 正常运行   |  是   |  270999996
  3    |   域3      | 正常运行   |  是   |  270999998
==================================================================

[动态重分配] 周期271000000：预约迁移 冗余域3(0%) -> 切片2 -> 饥饿域0(6%)
[切片剥夺] 周期271000000：切片2（所属域3）进入待剥夺状态，禁止新替换
[切片剥夺] 周期271000000：切片2在途请求已清空，开始执行脏行写回
[切片剥夺] 周期271000000：切片2无脏行，直接完成剥夺
[切片管理] 周期271000001：原域3仅剩1个切片，关闭路扩展模式
[动态重分配] 周期271000001：切片2写回完成，自动绑定到域0
[切片管理] 成功绑定切片2 → 安全域0，触发【路扩展模式】

======================== 切片硬件状态 ========================
切片号 | 所属安全域 | 当前状态    | 路扩展 | LRU touched
------------------------------------------------------------------
  0    |   域0      | 正常运行   |  是   |  271000001
  1    |   域2      | 正常运行   |  否   |  270999969
  2    |   域0      | 正常运行   |  是   |  271000001
  3    |   域3      | 正常运行   |  否   |  270999998
==================================================================


======================== 切片硬件状态 ========================
切片号 | 所属安全域 | 当前状态    | 路扩展 | LRU touched
------------------------------------------------------------------
  0    |   域0      | 正常运行   |  是   |  271999941
  1    |   域2      | 正常运行   |  否   |  271999965
  2    |   域0      | 正常运行   |  是   |  271999943
  3    |   域3      | 正常运行   |  否   |  271999968
==================================================================

[动态重分配] 周期272000000：预约迁移 冗余域0(4%) -> 切片0 -> 饥饿域3(21%)
[切片剥夺] 周期272000000：切片0（所属域0）进入待剥夺状态，禁止新替换
[切片剥夺] 周期272000080：切片0在途请求已清空，开始执行脏行写回
[切片管理] 周期272000217：原域0仅剩1个切片，关闭路扩展模式
[动态重分配] 周期272000217：切片0写回完成，自动绑定到域3
[切片管理] 成功绑定切片0 → 安全域3，触发【路扩展模式】

======================== 切片硬件状态 ========================
切片号 | 所属安全域 | 当前状态    | 路扩展 | LRU touched
------------------------------------------------------------------
  0    |   域3      | 正常运行   |  是   |  272000217
  1    |   域2      | 正常运行   |  否   |  272000105
  2    |   域0      | 正常运行   |  否   |  272000214
  3    |   域3      | 正常运行   |  是   |  272000215
==================================================================


======================== 切片硬件状态 ========================
切片号 | 所属安全域 | 当前状态    | 路扩展 | LRU touched
------------------------------------------------------------------
  0    |   域3      | 正常运行   |  是   |  273000000
  1    |   域2      | 正常运行   |  否   |  272999973
  2    |   域0      | 正常运行   |  否   |  273000000
  3    |   域3      | 正常运行   |  是   |  272999988
==================================================================

[动态重分配] 周期273000000：预约迁移 冗余域3(0%) -> 切片3 -> 饥饿域0(7%)
[切片剥夺] 周期273000000：切片3（所属域3）进入待剥夺状态，禁止新替换
[切片剥夺] 周期273000000：切片3在途请求已清空，开始执行脏行写回
[切片剥夺] 周期273000000：切片3无脏行，直接完成剥夺
[切片管理] 周期273000001：原域3仅剩1个切片，关闭路扩展模式
[动态重分配] 周期273000001：切片3写回完成，自动绑定到域0
[切片管理] 成功绑定切片3 → 安全域0，触发【路扩展模式】

======================== 切片硬件状态 ========================
切片号 | 所属安全域 | 当前状态    | 路扩展 | LRU touched
------------------------------------------------------------------
  0    |   域3      | 正常运行   |  否   |  273000000
  1    |   域2      | 正常运行   |  否   |  272999973
  2    |   域0      | 正常运行   |  是   |  273000000
  3    |   域0      | 正常运行   |  是   |  273000001
==================================================================


======================== 切片硬件状态 ========================
切片号 | 所属安全域 | 当前状态    | 路扩展 | LRU touched
------------------------------------------------------------------
  0    |   域3      | 正常运行   |  否   |  276999997
  1    |   域2      | 正常运行   |  否   |  277000000
  2    |   域0      | 正常运行   |  是   |  276999999
  3    |   域0      | 正常运行   |  是   |  276999984
==================================================================

[动态重分配] 周期277000000：预约迁移 冗余域0(1%) -> 切片2 -> 饥饿域3(22%)
[切片剥夺] 周期277000000：切片2（所属域0）进入待剥夺状态，禁止新替换
[切片剥夺] 周期277000008：切片2在途请求已清空，开始执行脏行写回
[切片管理] 周期277000118：原域0仅剩1个切片，关闭路扩展模式
[动态重分配] 周期277000118：切片2写回完成，自动绑定到域3
[切片管理] 成功绑定切片2 → 安全域3，触发【路扩展模式】

======================== 切片硬件状态 ========================
切片号 | 所属安全域 | 当前状态    | 路扩展 | LRU touched
------------------------------------------------------------------
  0    |   域3      | 正常运行   |  是   |  277000061
  1    |   域2      | 正常运行   |  否   |  277000040
  2    |   域3      | 正常运行   |  是   |  277000118
  3    |   域0      | 正常运行   |  否   |  277000111
==================================================================


**** Debug Statistics at 301000000 Cycles *****
Threads: 4		Fetch Width: 8
No of useful instructions fetched:	1088478423 (45.20% proc util.)
No of total instructions fetched:	1544039034 (64.12% proc util.)
 includes 78994013 misfetch (5.1%), 376566598 (24.4%) wrong-path fetches
 and 0 flushed after failed lock(0.0%)
No of useful instructions issued/executed:	1088478380 (45.20% proc util.)
No of total instructions issued/executed:	1265516001 (52.55% proc util.)
 includes 177037621 wrong-path (14.0%) insts and 0 flushed (0.0%)
	fp 72538, 0.01%
	synch 0, 0.00%
	integer 952592273, 75.27%
	load/store 312851190, 24.72%
Avg size of int IQ (before scheduling): 32.13
Avg size of fp IQ (before scheduling): 0.01
No of cycles taken:		301000000
Parallelism [ 0.938, 0.000, 0.967, 1.712,] = 3.616
 IQ conflicts: 3712235 (1.23%), FQ conflicts: 0 (0.00%) 
 I reg conflicts: 59164487 (19.66%), FP reg conflicts: 0 (0.00%)
  Activelist confs: 5720 (0.00%), ROB confs: 797806 (0.27%)
  Int unit conflicts: 496137320 (164.83%), FP unit conflicts: 13 (0.00%)
  Load/store unit conflicts: 49522548 (16.45%)
  MSHR conflicts: 35938044 (11.94%)
----------------------------------------
==== System-wide Cache Statistics ====
Stall for miss queue full 545 cycles (0.00%)
----------------------------------------
==== Statistics for Master ID: 0 ====
Reads: 228584769   Writes: 38966568
ICACHE: size: 64 KB assoc: 2
ICACHE: hits:128518112 misses:3644011  Hit Ratio: 97.24%
DCACHE: size: 1*16 KB assoc: 1*4
DCACHE: hits:131905101 misses:3484461 writebacks:840696  Hit Ratio: 97.43%
SCACHE: size: 512 KB assoc: 2
SCACHE: hits:5735153 misses:1392971  Hit Ratio: 80.46%
3CACHE: size: 4096 KB assoc: 2
3CACHE: hits:1166597 misses:226374  Hit Ratio: 83.75%
3CACHE: dirty items replaced:71002
ITLB: size: 48, misses 322801, miss rate 0.24%
DTLB: size: 128, misses 383199, miss rate 0.28%
Avg mem delay: 1.489 cycles
----------------------------------------
==== Statistics for Master ID: 2 ====
Reads: 247327247   Writes: 40511911
ICACHE: size: 64 KB assoc: 2
ICACHE: hits:138413904 misses:3689787  Hit Ratio: 97.40%
DCACHE: size: 1*16 KB assoc: 1*4
DCACHE: hits:142228194 misses:3507718 writebacks:1122993  Hit Ratio: 97.59%
SCACHE: size: 512 KB assoc: 2
SCACHE: hits:5729413 misses:1467647  Hit Ratio: 79.61%
3CACHE: size: 4096 KB assoc: 2
3CACHE: hits:1251745 misses:215902  Hit Ratio: 85.29%
3CACHE: dirty items replaced:76160
ITLB: size: 48, misses 271077, miss rate 0.19%
DTLB: size: 128, misses 320493, miss rate 0.22%
Avg mem delay: 1.489 cycles
----------------------------------------
==== Statistics for Master ID: 3 ====
Reads: 191152509   Writes: 59
ICACHE: size: 64 KB assoc: 2
ICACHE: hits:160302895 misses:4086  Hit Ratio: 100.00%
DCACHE: size: 2*16 KB assoc: 2*4
DCACHE: hits:30190955 misses:654631 writebacks:34  Hit Ratio: 97.88%
SCACHE: size: 512 KB assoc: 2
SCACHE: hits:575193 misses:83524  Hit Ratio: 87.32%
3CACHE: size: 4096 KB assoc: 2
3CACHE: hits:77300 misses:6224  Hit Ratio: 92.55%
3CACHE: dirty items replaced:815
ITLB: size: 48, misses 4, miss rate 0.00%
DTLB: size: 128, misses 19167, miss rate 0.06%
Avg mem delay: 1.489 cycles
----------------------------------------
==== Global Resource Utilization ====
STASH: size: 65536 entries, full 1599361494, empty 57042248, misses 4908234, full rate 96.27
icache bank util. 0.327 0.291 0.208 0.128 0.129 0.121 0.115 0.198 
dcache bank util. 0.136 0.130 0.134 0.140 0.139 0.186 0.137 0.131 
L2 bank util. 0.039 0.041 0.039 0.040 0.039 0.035 0.037 0.037 
L1-L2 bus util. = 0.169, L3 util. = 0.015
----------------------------------------

======================== 切片硬件状态 ========================
切片号 | 所属安全域 | 当前状态    | 路扩展 | LRU touched
------------------------------------------------------------------
  0    |   域3      | 正常运行   |  是   |  300999987
  1    |   域2      | 正常运行   |  否   |  300999999
  2    |   域3      | 正常运行   |  是   |  300999942
  3    |   域0      | 正常运行   |  否   |  300999996
==================================================================

branch prediction, hits = 95090258, misses = 13983989, hit rate = 87.18%
return_stack prediction, hits = 7454827, misses = 9138, hit rate = 99.88%
jump prediction, hits = 97886583, misses = 18809577, hit rate = 83.88%
 caconv_ calrms_ chroma_ dgemm_
======================== 切片硬件状态 ========================
切片号 | 所属安全域 | 当前状态    | 路扩展 | LRU touched
------------------------------------------------------------------
  0    |   域3      | 正常运行   |  是   |  313999997
  1    |   域2      | 正常运行   |  否   |  313999999
  2    |   域3      | 正常运行   |  是   |  313999965
  3    |   域0      | 正常运行   |  否   |  314000000
==================================================================

[动态重分配] 周期314000000：预约迁移 冗余域3(0%) -> 切片0 -> 饥饿域2(7%)
[切片剥夺] 周期314000000：切片0（所属域3）进入待剥夺状态，禁止新替换
[切片剥夺] 周期314000000：切片0在途请求已清空，开始执行脏行写回
[切片剥夺] 周期314000000：切片0无脏行，直接完成剥夺
[切片管理] 周期314000001：原域3仅剩1个切片，关闭路扩展模式
[动态重分配] 周期314000001：切片0写回完成，自动绑定到域2
[切片管理] 成功绑定切片0 → 安全域2，触发【路扩展模式】

======================== 切片硬件状态 ========================
切片号 | 所属安全域 | 当前状态    | 路扩展 | LRU touched
------------------------------------------------------------------
  0    |   域2      | 正常运行   |  是   |  314000001
  1    |   域2      | 正常运行   |  是   |  313999999
  2    |   域3      | 正常运行   |  否   |  313999965
  3    |   域0      | 正常运行   |  否   |  314000001
==================================================================


======================== 切片硬件状态 ========================
切片号 | 所属安全域 | 当前状态    | 路扩展 | LRU touched
------------------------------------------------------------------
  0    |   域2      | 正常运行   |  是   |  314999991
  1    |   域2      | 正常运行   |  是   |  314999992
  2    |   域3      | 正常运行   |  否   |  314999997
  3    |   域0      | 正常运行   |  否   |  314999985
==================================================================

[动态重分配] 周期315000000：预约迁移 冗余域2(1%) -> 切片1 -> 饥饿域3(22%)
[切片剥夺] 周期315000000：切片1（所属域2）进入待剥夺状态，禁止新替换
[切片剥夺] 周期315000000：切片1在途请求已清空，开始执行脏行写回
[切片管理] 周期315000092：原域2仅剩1个切片，关闭路扩展模式
[动态重分配] 周期315000092：切片1写回完成，自动绑定到域3
[切片管理] 成功绑定切片1 → 安全域3，触发【路扩展模式】

======================== 切片硬件状态 ========================
切片号 | 所属安全域 | 当前状态    | 路扩展 | LRU touched
------------------------------------------------------------------
  0    |   域2      | 正常运行   |  否   |  315000041
  1    |   域3      | 正常运行   |  是   |  315000092
  2    |   域3      | 正常运行   |  是   |  315000060
  3    |   域0      | 正常运行   |  否   |  314999985
==================================================================


======================== 切片硬件状态 ========================
切片号 | 所属安全域 | 当前状态    | 路扩展 | LRU touched
------------------------------------------------------------------
  0    |   域2      | 正常运行   |  否   |  380999994
  1    |   域3      | 正常运行   |  是   |  380999956
  2    |   域3      | 正常运行   |  是   |  380999957
  3    |   域0      | 正常运行   |  否   |  381000000
==================================================================

[动态重分配] 周期381000000：预约迁移 冗余域3(0%) -> 切片2 -> 饥饿域0(6%)
[切片剥夺] 周期381000000：切片2（所属域3）进入待剥夺状态，禁止新替换
[切片剥夺] 周期381000000：切片2在途请求已清空，开始执行脏行写回
[切片剥夺] 周期381000000：切片2无脏行，直接完成剥夺
[切片管理] 周期381000001：原域3仅剩1个切片 cinvar_ dgemv_ clor6_，关闭路扩展模式
[动态重分配] 周期381000001：切片2写回完成，自动绑定到域0
[切片管理] 成功绑定切片2 → 安全域0，触发【路扩展模式】

======================== 切片硬件状态 ========================
切片号 | 所属安全域 | 当前状态    | 路扩展 | LRU touched
------------------------------------------------------------------
  0    |   域2      | 正常运行   |  否   |  380999994
  1    |   域3      | 正常运行   |  否   |  380999956
  2    |   域0      | 正常运行   |  是   |  381000001
  3    |   域0      | 正常运行   |  是   |  381000000
==================================================================


======================== 切片硬件状态 ========================
切片号 | 所属安全域 | 当前状态    | 路扩展 | LRU touched
------------------------------------------------------------------
  0    |   域2      | 正常运行   |  否   |  381999999
  1    |   域3      | 正常运行   |  否   |  381999992
  2    |   域0      | 正常运行   |  是   |  381999999
  3    |   域0      | 正常运行   |  是   |  381999988
==================================================================

[动态重分配] 周期382000000：预约迁移 冗余域0(5%) -> 切片3 -> 饥饿域3(21%)
[切片剥夺] 周期382000000：切片3（所属域0）进入待剥夺状态，禁止新替换
[切片剥夺] 周期382000000：切片3在途请求已清空，开始执行脏行写回
[切片管理] 周期382000098：原域0仅剩1个切片，关闭路扩展模式
[动态重分配] 周期382000098：切片3写回完成，自动绑定到域3
[切片管理] 成功绑定切片3 → 安全域3，触发【路扩展模式】

======================== 切片硬件状态 ========================
切片号 | 所属安全域 | 当前状态    | 路扩展 | LRU touched
------------------------------------------------------------------
  0    |   域2      | 正常运行   |  否   |  382000067
  1    |   域3      | 正常运行   |  是   |  382000025
  2    |   域0      | 正常运行   |  否   |  382000068
  3    |   域3      | 正常运行   |  是   |  382000098
==================================================================


**** Debug Statistics at 401000000 Cycles *****
Threads: 4		Fetch Width: 8
No of useful instructions fetched:	1452980315 (45.29% proc util.)
No of total instructions fetched:	2056395992 (64.10% proc util.)
 includes 102894449 misfetch (5.0%), 500521228 (24.3%) wrong-path fetches
 and 0 flushed after failed lock(0.0%)
No of useful instructions issued/executed:	1452980274 (45.29% proc util.)
No of total instructions issued/executed:	1688240117 (52.63% proc util.)
 includes 235259843 wrong-path (13.9%) insts and 0 flushed (0.0%)
	fp 97556, 0.01%
	synch 0, 0.00%
	integer 1271489581, 75.31%
	load/store 416652980, 24.68%
Avg size of int IQ (before scheduling): 32.21
Avg size of fp IQ (before scheduling): 0.01
No of cycles taken:		401000000
Parallelism [ 0.937, 0.000, 0.973, 1.714,] = 3.623
 IQ conflicts: 4869027 (1.21%), FQ conflicts: 0 (0.00%) 
 I reg conflicts: 79032652 (19.71%), FP reg conflicts: 0 (0.00%)
  Activelist confs: 7563 (0.00%), ROB confs: 1115532 (0.28%)
  Int unit conflicts: 667928695 (166.57%), FP unit conflicts: 14 (0.00%)
  Load/store unit conflicts: 66545000 (16.59%)
  MSHR conflicts: 47187127 (11.77%)
----------------------------------------
==== System-wide Cache Statistics ====
Stall for miss queue full 545 cycles (0.00%)
----------------------------------------
==== Statistics for Master ID: 0 ====
Reads: 305630661   Writes: 51668583
ICACHE: size: 64 KB assoc: 2
ICACHE: hits:171912441 misses:4807668  Hit Ratio: 97.28%
DCACHE: size: 1*16 KB assoc: 1*4
DCACHE: hits:176018147 misses:4561364 writebacks:1138071  Hit Ratio: 97.47%
SCACHE: size: 512 KB assoc: 2
SCACHE: hits:7472150 misses:1896506  Hit Ratio: 79.76%
3CACHE: size: 4096 KB assoc: 2
3CACHE: hits:1580884 misses:315621  Hit Ratio: 83.36%
3CACHE: dirty items replaced:123082
ITLB: size: 48, misses 419377, miss rate 0.24%
DTLB: size: 128, misses 485549, miss rate 0.27%
Avg mem delay: 1.469 cycles
----------------------------------------
==== Statistics for Master ID: 2 ====
Reads: 327610683   Writes: 54874218
ICACHE: size: 64 KB assoc: 2
ICACHE: hits:183917654 misses:4756146  Hit Ratio: 97.48%
DCACHE: size: 1*16 KB assoc: 1*4
DCACHE: hits:189065583 misses:4745989 writebacks:1576621  Hit Ratio: 97.55%
SCACHE: size: 512 KB assoc: 2
SCACHE: hits:7513311 misses:1988352  Hit Ratio: 79.07%
3CACHE: size: 4096 KB assoc: 2
3CACHE: hits:1687742 misses:300610  Hit Ratio: 84.88%
3CACHE: dirty items replaced:126077
ITLB: size: 48, misses 359326, miss rate 0.19%
DTLB: size: 128, misses 420121, miss rate 0.22%
Avg mem delay: 1.469 cycles
----------------------------------------
==== Statistics for Master ID: 3 ====
Reads: 254517492   Writes: 73
ICACHE: size: 64 KB assoc: 2
ICACHE: hits:213363160 misses:6199  Hit Ratio: 100.00%
DCACHE: size: 2*16 KB assoc: 2*4
DCACHE: hits:40382513 misses:765692 writebacks:48  Hit Ratio: 98.14%
SCACHE: size: 512 KB assoc: 2
SCACHE: hits:660723 misses:111168  Hit Ratio: 85.60%
3CACHE: size: 4096 KB assoc: 2
3CACHE: hits:102054 misses:9114  Hit Ratio: 91.80%
3CACHE: dirty items replaced:1892
ITLB: size: 48, misses 4, miss rate 0.00%
DTLB: size: 128, misses 23612, miss rate 0.06%
Avg mem delay: 1.469 cycles
----------------------------------------
==== Global Resource Utilization ====
STASH: size: 65536 entries, full 2129228116, empty 76510049, misses 6576960, full rate 96.24
icache bank util. 0.325 0.290 0.208 0.128 0.129 0.121 0.115 0.197 
dcache bank util. 0.136 0.129 0.136 0.140 0.137 0.185 0.137 0.132 
L2 bank util. 0.038 0.040 0.039 0.040 0.038 0.035 0.037 0.037 
L1-L2 bus util. = 0.167, L3 util. = 0.016
----------------------------------------

======================== 切片硬件状态 ========================
切片号 | 所属安全域 | 当前状态    | 路扩展 | LRU touched
------------------------------------------------------------------
  0    |   域2      | 正常运行   |  否   |  400999999
  1    |   域3      | 正常运行   |  是   |  400999999
  2    |   域0      | 正常运行   |  否   |  400999990
  3    |   域3      | 正常运行   |  是   |  400999960
==================================================================

branch prediction, hits = 126683781, misses = 18411908, hit rate = 87.31%
return_stack prediction, hits = 9939015, misses = 14220, hit rate = 99.86%
jump prediction, hits = 131220585, misses = 24592420, hit rate = 84.22%
 dgeqr2_ dgeqrf_
======================== 切片硬件状态 ========================
切片号 | 所属安全域 | 当前状态    | 路扩展 | LRU touched
------------------------------------------------------------------
  0    |   域2      | 正常运行   |  否   |  440000000
  1    |   域3      | 正常运行   |  是   |  439999981
  2    |   域0      | 正常运行   |  否   |  440000000
  3    |   域3      | 正常运行   |  是   |  439999991
==================================================================

[动态重分配] 周期440000000：预约迁移 冗余域3(0%) -> 切片1 -> 饥饿域0(6%)
[切片剥夺] 周期440000000：切片1（所属域3）进入待剥夺状态，禁止新替换
[切片剥夺] 周期440000000：切片1在途请求已清空，开始执行脏行写回
[切片剥夺] 周期440000000：切片1无脏行，直接完成剥夺
[切片管理] 周期440000001：原域3仅剩1个切片，关闭路扩展模式
[动态重分配] 周期440000001：切片1写回完成，自动绑定到域0
[切片管理] 成功绑定切片1 → 安全域0，触发【路扩展模式】

======================== 切片硬件状态 ========================
切片号 | 所属安全域 | 当前状态    | 路扩展 | LRU touched
------------------------------------------------------------------
  0    |   域2      | 正常运行   |  否   |  440000000
  1    |   域0      | 正常运行   |  是   |  440000001
  2    |   域0      | 正常运行   |  是   |  440000000
  3    |   域3      | 正常运行   |  否   |  439999991
==================================================================


======================== 切片硬件状态 ========================
切片号 | 所属安全域 | 当前状态    | 路扩展 | LRU touched
------------------------------------------------------------------
  0    |   域2      | 正常运行   |  否   |  440999996
  1    |   域0      | 正常运行   |  是   |  440999998
  2    |   域0      | 正常运行   |  是   |  440999997
  3    |   域3      | 正常运行   |  否   |  440999989
==================================================================

[动态重分配] 周期441000000：预约迁移 冗余域0(2%) -> 切片2 -> 饥饿域3(22%)
[切片剥夺] 周期441000000：切片2（所属域0）进入待剥夺状态，禁止新替换
[切片剥夺] 周期441000000：切片2在途请求已清空，开始执行脏行写回
[切片管理] 周期441001712：原域0仅剩1个切片，关闭路扩展模式
[动态重分配] 周期441001712：切片2写回完成，自动绑定到域3
[切片管理] 成功绑定切片2 → 安全域3，触发【路扩展模式】

======================== 切片硬件状态 ========================
切片号 | 所属安全域 | 当前状态    | 路扩展 | LRU touched
------------------------------------------------------------------
  0    |   域2      | 正常运行   |  否   |  441001706
  1    |   域0      | 正常运行   |  否   |  441001712
  2    |   域3      | 正常运行   |  是   |  441001712
  3    |   域3      | 正常运行   |  是   |  441001711
==================================================================


**** Debug Statistics at 501000000 Cycles *****
Threads: 4		Fetch Width: 8
No of useful instructions fetched:	1818974245 (45.38% proc util.)
No of total instructions fetched:	2588717493 (64.59% proc util.)
 includes 131413803 misfetch (5.1%), 638329445 (24.7%) wrong-path fetches
 and 0 flushed after failed lock(0.0%)
No of useful instructions issued/executed:	1818974220 (45.38% proc util.)
No of total instructions issued/executed:	2118501165 (52.86% proc util.)
 includes 299526945 wrong-path (14.1%) insts and 0 flushed (0.0%)
	fp 115111, 0.01%
	synch 0, 0.00%
	integer 1591987291, 75.15%
	load/store 526398763, 24.85%
Avg size of int IQ (before scheduling): 32.07
Avg size of fp IQ (before scheduling): 0.01
No of cycles taken:		501000000
Parallelism [ 0.949, 0.000, 0.971, 1.711,] = 3.631
 IQ conflicts: 5766578 (1.15%), FQ conflicts: 0 (0.00%) 
 I reg conflicts: 96305768 (19.22%), FP reg conflicts: 0 (0.00%)
  Activelist confs: 9006 (0.00%), ROB confs: 1419807 (0.28%)
  Int unit conflicts: 835467786 (166.76%), FP unit conflicts: 14 (0.00%)
  Load/store unit conflicts: 84789890 (16.92%)
  MSHR conflicts: 61161460 (12.21%)
----------------------------------------
==== System-wide Cache Statistics ====
Stall for miss queue full 619 cycles (0.00%)
----------------------------------------
==== Statistics for Master ID: 0 ====
Reads: 388539682   Writes: 65649740
ICACHE: size: 64 KB assoc: 2
ICACHE: hits:218612995 misses:6033270  Hit Ratio: 97.31%
DCACHE: size: 1*16 KB assoc: 1*4
DCACHE: hits:223807740 misses:5735913 writebacks:1526578  Hit Ratio: 97.50%
SCACHE: size: 512 KB assoc: 2
SCACHE: hits:9374452 misses:2394235  Hit Ratio: 79.66%
3CACHE: size: 4096 KB assoc: 2
3CACHE: hits:2006937 misses:387298  Hit Ratio: 83.82%
3CACHE: dirty items replaced:168884
ITLB: size: 48, misses 510603, miss rate 0.23%
DTLB: size: 128, misses 596854, miss rate 0.26%
Avg mem delay: 1.454 cycles
----------------------------------------
==== Statistics for Master ID: 2 ====
Reads: 412626728   Writes: 68954193
ICACHE: size: 64 KB assoc: 2
ICACHE: hits:231499963 misses:5985903  Hit Ratio: 97.48%
DCACHE: size: 1*16 KB assoc: 1*4
DCACHE: hits:238173446 misses:5922080 writebacks:1926765  Hit Ratio: 97.57%
SCACHE: size: 512 KB assoc: 2
SCACHE: hits:9466466 misses:2441046  Hit Ratio: 79.50%
3CACHE: size: 4096 KB assoc: 2
3CACHE: hits:2064905 misses:376141  Hit Ratio: 84.59%
3CACHE: dirty items replaced:177776
ITLB: size: 48, misses 442931, miss rate 0.19%
DTLB: size: 128, misses 518980, miss rate 0.21%
Avg mem delay: 1.454 cycles
----------------------------------------
==== Statistics for Master ID: 3 ====
Reads: 318435381   Writes: 89
ICACHE: size: 64 KB assoc: 2
ICACHE: hits:267113795 misses:7338  Hit Ratio: 100.00%
DCACHE: size: 2*16 KB assoc: 2*4
DCACHE: hits:50459747 misses:854589 writebacks:62  Hit Ratio: 98.33%
SCACHE: size: 512 KB assoc: 2
SCACHE: hits:725232 misses:136695  Hit Ratio: 84.14%
3CACHE: size: 4096 KB assoc: 2
3CACHE: hits:124695 misses:12000  Hit Ratio: 91.22%
3CACHE: dirty items replaced:3535
ITLB: size: 48, misses 4, miss rate 0.00%
DTLB: size: 128, misses 29216, miss rate 0.06%
Avg mem delay: 1.454 cycles
----------------------------------------
==== Global Resource Utilization ====
STASH: size: 65536 entries, full 2680813805, empty 96658678, misses 8313579, full rate 96.23
icache bank util. 0.328 0.291 0.210 0.129 0.131 0.123 0.117 0.199 
dcache bank util. 0.138 0.130 0.136 0.140 0.139 0.185 0.138 0.136 
L2 bank util. 0.038 0.041 0.039 0.040 0.038 0.035 0.037 0.037 
L1-L2 bus util. = 0.168, L3 util. = 0.015
----------------------------------------

======================== 切片硬件状态 ========================
切片号 | 所属安全域 | 当前状态    | 路扩展 | LRU touched
------------------------------------------------------------------
  0    |   域2      | 正常运行   |  否   |  500999998
  1    |   域0      | 正常运行   |  否   |  500999995
  2    |   域3      | 正常运行   |  是   |  500999960
  3    |   域3      | 正常运行   |  是   |  500999997
==================================================================

branch prediction, hits = 158293158, misses = 23564502, hit rate = 87.04%
return_stack prediction, hits = 12470290, misses = 16768, hit rate = 99.87%
jump prediction, hits = 163549264, misses = 31490557, hit rate = 83.85%
 clorb_ dger_
======================== 切片硬件状态 ========================
切片号 | 所属安全域 | 当前状态    | 路扩展 | LRU touched
------------------------------------------------------------------
  0    |   域2      | 正常运行   |  否   |  502999953
  1    |   域0      | 正常运行   |  否   |  502999985
  2    |   域3      | 正常运行   |  是   |  502999953
  3    |   域3      | 正常运行   |  是   |  502999998
==================================================================

[动态重分配] 周期503000000：预约迁移 冗余域3(0%) -> 切片3 -> 饥饿域0(8%)
[切片剥夺] 周期503000000：切片3（所属域3）进入待剥夺状态，禁止新替换
[切片剥夺] 周期503000000：切片3在途请求已清空，开始执行脏行写回
[切片剥夺] 周期503000000：切片3无脏行，直接完成剥夺
[切片管理] 周期503000001：原域3仅剩1个切片，关闭路扩展模式
[动态重分配] 周期503000001：切片3写回完成，自动绑定到域0
[切片管理] 成功绑定切片3 → 安全域0，触发【路扩展模式】

======================== 切片硬件状态 ========================
切片号 | 所属安全域 | 当前状态    | 路扩展 | LRU touched
------------------------------------------------------------------
  0    |   域2      | 正常运行   |  否   |  502999953
  1    |   域0      | 正常运行   |  是   |  502999985
  2    |   域3      | 正常运行   |  否   |  502999953
  3    |   域0      | 正常运行   |  是   |  503000001
==================================================================


======================== 切片硬件状态 ========================
切片号 | 所属安全域 | 当前状态    | 路扩展 | LRU touched
------------------------------------------------------------------
  0    |   域2      | 正常运行   |  否   |  503999992
  1    |   域0      | 正常运行   |  是   |  503999979
  2    |   域3      | 正常运行   |  否   |  503999997
  3    |   域0      | 正常运行   |  是   |  503999994
==================================================================

[动态重分配] 周期504000000：预约迁移 冗余域0(4%) -> 切片1 -> 饥饿域3(22%)
[切片剥夺] 周期504000000：切片1（所属域0）进入待剥夺状态，禁止新替换
[切片剥夺] 周期504000000：切片1在途请求已清空，开始执行脏行写回
[切片管理] 周期504000071：原域0仅剩1个切片，关闭路扩展模式
[动态重分配] 周期504000071：切片1写回完成，自动绑定到域3
[切片管理] 成功绑定切片1 → 安全域3，触发【路扩展模式】

======================== 切片硬件状态 ========================
切片号 | 所属安全域 | 当前状态    | 路扩展 | LRU touched
------------------------------------------------------------------
  0    |   域2      | 正常运行   |  否   |  504000071
  1    |   域3      | 正常运行   |  是   |  504000071
  2    |   域3      | 正常运行   |  是   |  504000068
  3    |   域0      | 正常运行   |  否   |  504000012
==================================================================


**** Early Exiting at 549299250 Cycles *****
========================================
 SMTSIM Global Statistics
========================================
Threads: 4		Fetch Width: 8
No of useful instructions fetched:	2000000092 (45.51% proc util.)
No of total instructions fetched:	2849798467 (64.85% proc util.)
 includes 144183515 misfetch (5.1%), 705614860 (24.8%) wrong-path fetches
 and 0 flushed after failed lock(0.0%)
No of useful instructions issued/executed:	2000000056 (45.51% proc util.)
No of total instructions issued/executed:	2330578975 (53.04% proc util.)
 includes 330578919 wrong-path (14.2%) insts and 0 flushed (0.0%)
	fp 124647, 0.01%
	synch 0, 0.00%
	integer 1750941715, 75.13%
	load/store 579512613, 24.87%
Avg size of int IQ (before scheduling): 32.06
Avg size of fp IQ (before scheduling): 0.01
No of cycles taken:		549299250
Parallelism [ 0.950, 0.000, 0.981, 1.710,] = 3.641
 IQ conflicts: 6194831 (1.13%), FQ conflicts: 0 (0.00%) 
 I reg conflicts: 104147038 (18.96%), FP reg conflicts: 0 (0.00%)
  Activelist confs: 9607 (0.00%), ROB confs: 1528255 (0.28%)
  Int unit conflicts: 924049343 (168.22%), FP unit conflicts: 14 (0.00%)
  Load/store unit conflicts: 92971993 (16.93%)
  MSHR conflicts: 65129662 (11.86%)
----------------------------------------
==== System-wide Cache Statistics ====
Stall for miss queue full 619 cycles (0.00%)
----------------------------------------
==== Statistics for Master ID: 0 ====
Reads: 427879668   Writes: 72063690
ICACHE: size: 64 KB assoc: 2
ICACHE: hits:240979594 misses:6587896  Hit Ratio: 97.34%
DCACHE: size: 1*16 KB assoc: 1*4
DCACHE: hits:246069635 misses:6306747 writebacks:1663242  Hit Ratio: 97.50%
SCACHE: size: 512 KB assoc: 2
SCACHE: hits:10303863 misses:2590265  Hit Ratio: 79.91%
3CACHE: size: 4096 KB assoc: 2
3CACHE: hits:2165060 misses:425205  Hit Ratio: 83.58%
3CACHE: dirty items replaced:193703
ITLB: size: 48, misses 556806, miss rate 0.22%
DTLB: size: 128, misses 650633, miss rate 0.26%
Avg mem delay: 1.439 cycles
----------------------------------------
==== Statistics for Master ID: 2 ====
Reads: 455912358   Writes: 75858216
ICACHE: size: 64 KB assoc: 2
ICACHE: hits:255914689 misses:6530144  Hit Ratio: 97.51%
DCACHE: size: 1*16 KB assoc: 1*4
DCACHE: hits:262910507 misses:6415705 writebacks:2087021  Hit Ratio: 97.62%
SCACHE: size: 512 KB assoc: 2
SCACHE: hits:10334863 misses:2610515  Hit Ratio: 79.83%
3CACHE: size: 4096 KB assoc: 2
3CACHE: hits:2206752 misses:403763  Hit Ratio: 84.53%
3CACHE: dirty items replaced:195994
ITLB: size: 48, misses 485360, miss rate 0.18%
DTLB: size: 128, misses 564466, miss rate 0.21%
Avg mem delay: 1.439 cycles
----------------------------------------
==== Statistics for Master ID: 3 ====
Reads: 349600258   Writes: 94
ICACHE: size: 64 KB assoc: 2
ICACHE: hits:293367202 misses:7944  Hit Ratio: 100.00%
DCACHE: size: 2*16 KB assoc: 2*4
DCACHE: hits:55316474 misses:908731 writebacks:66  Hit Ratio: 98.38%
SCACHE: size: 512 KB assoc: 2
SCACHE: hits:768021 misses:148654  Hit Ratio: 83.78%
3CACHE: size: 4096 KB assoc: 2
3CACHE: hits:135896 misses:12758  Hit Ratio: 91.42%
3CACHE: dirty items replaced:3948
ITLB: size: 48, misses 4, miss rate 0.00%
DTLB: size: 128, misses 31695, miss rate 0.06%
Avg mem delay: 1.439 cycles
----------------------------------------
==== Global Resource Utilization ====
STASH: size: 65536 entries, full 2952521800, empty 105626582, misses 9083101, full rate 96.26
icache bank util. 0.329 0.292 0.211 0.130 0.132 0.124 0.117 0.199 
dcache bank util. 0.139 0.131 0.137 0.141 0.140 0.185 0.138 0.137 
L2 bank util. 0.038 0.040 0.039 0.039 0.038 0.035 0.037 0.037 
L1-L2 bus util. = 0.167, L3 util. = 0.015
----------------------------------------

======================== 切片硬件状态 ========================
切片号 | 所属安全域 | 当前状态    | 路扩展 | LRU touched
------------------------------------------------------------------
  0    |   域2      | 正常运行   |  否   |  549299247
  1    |   域3      | 正常运行   |  是   |  549299239
  2    |   域3      | 正常运行   |  是   |  549299249
  3    |   域0      | 正常运行   |  否   |  549299249
==================================================================

branch prediction, hits = 174319247, misses = 26049893, hit rate = 87.00%
return_stack prediction, hits = 13753909, misses = 18005, hit rate = 99.87%
jump prediction, hits = 180035775, misses = 34591230, hit rate = 83.88%
total IPC 3.641

=== Results saved to: ./results/gcc-200_2_gcc-scilab_1_randacc_1.txt ===
