===== 执行信息 =====
Cache目录：ssmtc64-100-5%
执行命令：./smtsim ../smalltrans.arg2 ../seqacc.arg ../gcc-scilab.arg
执行时间：2026-04-17 19:03:56
返回码：0
===== 输出内容 =====
动态重分配参数：每100万周期检查，阈值5
Process 0, Thread 0: smalltrans
Process 0, Thread 1: smalltrans
Process 2, Thread 2: seqacc
Process 3, Thread 3: gcc-scilab
[切片调度] 新安全域0无任何切片，尝试分配空闲切片
[切片管理] 成功绑定切片0 → 安全域0

======================== 切片硬件状态 ========================
切片号 | 所属安全域 | 当前状态    | 路扩展 | LRU touched
------------------------------------------------------------------
  0    |   域0      | 正常运行   |  否   |  0
  1    |   域-1     | 切片空闲   |  否   |  0
  2    |   域-1     | 切片空闲   |  否   |  0
  3    |   域-1     | 切片空闲   |  否   |  0
==================================================================

[切片管理] 成功绑定切片1 → 安全域0，触发【路扩展模式】

======================== 切片硬件状态 ========================
切片号 | 所属安全域 | 当前状态    | 路扩展 | LRU touched
------------------------------------------------------------------
  0    |   域0      | 正常运行   |  是   |  0
  1    |   域0      | 正常运行   |  是   |  0
  2    |   域-1     | 切片空闲   |  否   |  0
  3    |   域-1     | 切片空闲   |  否   |  0
==================================================================

[切片调度] 新安全域2无任何切片，尝试分配空闲切片
[切片管理] 成功绑定切片2 → 安全域2

======================== 切片硬件状态 ========================
切片号 | 所属安全域 | 当前状态    | 路扩展 | LRU touched
------------------------------------------------------------------
  0    |   域0      | 正常运行   |  是   |  318
  1    |   域0      | 正常运行   |  是   |  0
  2    |   域2      | 正常运行   |  否   |  0
  3    |   域-1     | 切片空闲   |  否   |  0
==================================================================

[切片管理] 成功绑定切片3 → 安全域2，触发【路扩展模式】

======================== 切片硬件状态 ========================
切片号 | 所属安全域 | 当前状态    | 路扩展 | LRU touched
------------------------------------------------------------------
  0    |   域0      | 正常运行   |  是   |  318
  1    |   域0      | 正常运行   |  是   |  0
  2    |   域2      | 正常运行   |  是   |  0
  3    |   域2      | 正常运行   |  是   |  0
==================================================================

[切片调度] 新安全域3无任何切片，尝试分配空闲切片
[切片调度] 新安全域3未找到空闲切片，尝试剥夺切片
[切片替换] 优先从【路扩展切片】中选择LRU替换目标...
[切片替换] 找到路扩展切片作为受害者：切片1（最后访问：0）
[切片调度] 安全域3触发切片剥夺：从域0剥夺切片1
[切片剥夺] 周期535：切片1（所属域0）进入待剥夺状态，禁止新替换
[切片剥夺] 周期535：切片1在途请求已清空，开始执行脏行写回
[切片剥夺] 周期535：切片1无脏行，直接完成剥夺
[切片管理] 周期535：原域0仅剩1个切片，关闭路扩展模式
[动态重分配] 周期535：切片1写回完成，自动绑定到域3
[切片管理] 成功绑定切片1 → 安全域3

======================== 切片硬件状态 ========================
切片号 | 所属安全域 | 当前状态    | 路扩展 | LRU touched
------------------------------------------------------------------
  0    |   域0      | 正常运行   |  否   |  318
  1    |   域3      | 正常运行   |  否   |  535
  2    |   域2      | 正常运行   |  是   |  435
  3    |   域2      | 正常运行   |  是   |  0
==================================================================

[切片唤醒] 周期535：域3切片就绪，唤醒等待指令

**** Debug Statistics at 1000000 Cycles *****
Threads: 4		Fetch Width: 8
No of useful instructions fetched:	4342736 (54.28% proc util.)
No of total instructions fetched:	4837067 (60.46% proc util.)
 includes 20332 misfetch (0.4%), 473999 (9.8%) wrong-path fetches
 and 0 flushed after failed lock(0.0%)
No of useful instructions issued/executed:	4342684 (54.28% proc util.)
No of total instructions issued/executed:	4492253 (56.15% proc util.)
 includes 149569 wrong-path (3.3%) insts and 0 flushed (0.0%)
	fp 97, 0.00%
	synch 0, 0.00%
	integer 3110999, 69.25%
	load/store 1381157, 30.75%
Avg size of int IQ (before scheduling): 30.76
Avg size of fp IQ (before scheduling): 0.00
No of cycles taken:		1000000
Parallelism [ 1.920, 0.000, 1.447, 0.976,] = 4.343
 IQ conflicts: 8213 (0.82%), FQ conflicts: 0 (0.00%) 
 I reg conflicts: 266796 (26.68%), FP reg conflicts: 0 (0.00%)
  Activelist confs: 0 (0.00%), ROB confs: 1508 (0.15%)
  Int unit conflicts: 3141811 (314.18%), FP unit conflicts: 3 (0.00%)
  Load/store unit conflicts: 186509 (18.65%)
  MSHR conflicts: 223074 (22.31%)
----------------------------------------
==== System-wide Cache Statistics ====
Stall for miss queue full 0 cycles (0.00%)
----------------------------------------
==== Statistics for Master ID: 0 ====
Reads: 1077850   Writes: 459405
ICACHE: size: 64 KB assoc: 2
ICACHE: hits:609066 misses:18  Hit Ratio: 100.00%
DCACHE: size: 1*16 KB assoc: 1*4
DCACHE: hits:900548 misses:27623 writebacks:26844  Hit Ratio: 97.02%
SCACHE: size: 512 KB assoc: 2
SCACHE: hits:27215 misses:426  Hit Ratio: 98.46%
3CACHE: size: 4096 KB assoc: 2
3CACHE: hits:9 misses:417  Hit Ratio: 2.11%
3CACHE: dirty items replaced:0
ITLB: size: 48, misses 1, miss rate 0.00%
DTLB: size: 128, misses 9, miss rate 0.00%
Avg mem delay: 2.064 cycles
----------------------------------------
==== Statistics for Master ID: 2 ====
Reads: 474276   Writes: 5127
ICACHE: size: 64 KB assoc: 2
ICACHE: hits:403978 misses:34  Hit Ratio: 99.99%
DCACHE: size: 2*16 KB assoc: 2*4
DCACHE: hits:75064 misses:327 writebacks:0  Hit Ratio: 99.57%
SCACHE: size: 512 KB assoc: 2
SCACHE: hits:22 misses:339  Hit Ratio: 6.09%
3CACHE: size: 4096 KB assoc: 2
3CACHE: hits:2 misses:337  Hit Ratio: 0.59%
3CACHE: dirty items replaced:0
ITLB: size: 48, misses 1, miss rate 0.00%
DTLB: size: 128, misses 10, miss rate 0.01%
Avg mem delay: 2.064 cycles
----------------------------------------
==== Statistics for Master ID: 3 ====
Reads: 577794   Writes: 153251
ICACHE: size: 64 KB assoc: 2
ICACHE: hits:351529 misses:2155  Hit Ratio: 99.39%
DCACHE: size: 1*16 KB assoc: 1*4
DCACHE: hits:373490 misses:3870 writebacks:2697  Hit Ratio: 98.97%
SCACHE: size: 512 KB assoc: 2
SCACHE: hits:1027 misses:4998  Hit Ratio: 17.05%
3CACHE: size: 4096 KB assoc: 2
3CACHE: hits:61 misses:4937  Hit Ratio: 1.22%
3CACHE: dirty items replaced:1
ITLB: size: 48, misses 135, miss rate 0.04%
DTLB: size: 128, misses 188, miss rate 0.05%
Avg mem delay: 2.064 cycles
----------------------------------------
==== Global Resource Utilization ====
STASH: size: 65536 entries, full 504917604, empty 47877, misses 4554, full rate 99.99
icache bank util. 0.175 0.091 0.061 0.053 0.035 0.058 0.434 0.465 
dcache bank util. 0.182 0.191 0.160 0.167 0.179 0.201 0.273 0.211 
L2 bank util. 0.036 0.036 0.035 0.035 0.035 0.035 0.035 0.035 
L1-L2 bus util. = 0.191, L3 util. = 0.057
----------------------------------------

======================== 切片硬件状态 ========================
切片号 | 所属安全域 | 当前状态    | 路扩展 | LRU touched
------------------------------------------------------------------
  0    |   域0      | 正常运行   |  否   |  999999
  1    |   域3      | 正常运行   |  否   |  999596
  2    |   域2      | 正常运行   |  是   |  999988
  3    |   域2      | 正常运行   |  是   |  999913
==================================================================

branch prediction, hits = 410783, misses = 20771, hit rate = 95.19%
return_stack prediction, hits = 17943, misses = 22, hit rate = 99.88%
jump prediction, hits = 474730, misses = 5788, hit rate = 98.80%
 dgelq2_ dgelqf_ dgels_
**** Debug Statistics at 101000000 Cycles *****
Threads: 4		Fetch Width: 8
No of useful instructions fetched:	496985048 (61.51% proc util.)
No of total instructions fetched:	611888491 (75.73% proc util.)
 includes 12962179 misfetch (2.1%), 101941264 (16.7%) wrong-path fetches
 and 0 flushed after failed lock(0.0%)
No of useful instructions issued/executed:	496984976 (61.51% proc util.)
No of total instructions issued/executed:	536212063 (66.36% proc util.)
 includes 39227087 wrong-path (7.3%) insts and 0 flushed (0.0%)
	fp 5924, 0.00%
	synch 0, 0.00%
	integer 363507714, 67.79%
	load/store 172698425, 32.21%
Avg size of int IQ (before scheduling): 32.33
Avg size of fp IQ (before scheduling): 0.00
No of cycles taken:		101000000
Parallelism [ 2.195, 0.000, 1.557, 1.168,] = 4.921
 IQ conflicts: 592772 (0.59%), FQ conflicts: 0 (0.00%) 
 I reg conflicts: 9296527 (9.20%), FP reg conflicts: 0 (0.00%)
  Activelist confs: 40 (0.00%), ROB confs: 61216 (0.06%)
  Int unit conflicts: 348466198 (345.02%), FP unit conflicts: 6 (0.00%)
  Load/store unit conflicts: 22021097 (21.80%)
  MSHR conflicts: 5358099 (5.31%)
----------------------------------------
==== System-wide Cache Statistics ====
Stall for miss queue full 0 cycles (0.00%)
----------------------------------------
==== Statistics for Master ID: 0 ====
Reads: 127746453   Writes: 53032713
ICACHE: size: 64 KB assoc: 2
ICACHE: hits:73411489 misses:46333  Hit Ratio: 99.94%
DCACHE: size: 1*16 KB assoc: 1*4
DCACHE: hits:104153783 misses:3167561 writebacks:3124597  Hit Ratio: 97.05%
SCACHE: size: 512 KB assoc: 2
SCACHE: hits:3203363 misses:10531  Hit Ratio: 99.67%
3CACHE: size: 4096 KB assoc: 2
3CACHE: hits:7805 misses:2726  Hit Ratio: 74.11%
3CACHE: dirty items replaced:1973
ITLB: size: 48, misses 1, miss rate 0.00%
DTLB: size: 128, misses 25, miss rate 0.00%
Avg mem delay: 1.864 cycles
----------------------------------------
==== Statistics for Master ID: 2 ====
Reads: 52731648   Writes: 5127
ICACHE: size: 64 KB assoc: 2
ICACHE: hits:44442582 misses:85451  Hit Ratio: 99.81%
DCACHE: size: 2*16 KB assoc: 2*4
DCACHE: hits:8208415 misses:327 writebacks:0  Hit Ratio: 100.00%
SCACHE: size: 512 KB assoc: 2
SCACHE: hits:84405 misses:1373  Hit Ratio: 98.40%
3CACHE: size: 4096 KB assoc: 2
3CACHE: hits:1012 misses:361  Hit Ratio: 73.71%
3CACHE: dirty items replaced:0
ITLB: size: 48, misses 1, miss rate 0.00%
DTLB: size: 128, misses 239, miss rate 0.00%
Avg mem delay: 1.864 cycles
----------------------------------------
==== Statistics for Master ID: 3 ====
Reads: 96382757   Writes: 16265527
ICACHE: size: 64 KB assoc: 2
ICACHE: hits:54899040 misses:757464  Hit Ratio: 98.64%
DCACHE: size: 1*16 KB assoc: 1*4
DCACHE: hits:55618958 misses:1372821 writebacks:390115  Hit Ratio: 97.59%
SCACHE: size: 512 KB assoc: 2
SCACHE: hits:1901751 misses:228534  Hit Ratio: 89.27%
3CACHE: size: 4096 KB assoc: 2
3CACHE: hits:163587 misses:64946  Hit Ratio: 71.58%
3CACHE: dirty items replaced:6574
ITLB: size: 48, misses 39023, miss rate 0.07%
DTLB: size: 128, misses 31670, miss rate 0.06%
Avg mem delay: 1.864 cycles
----------------------------------------
==== Global Resource Utilization ====
STASH: size: 65536 entries, full 1120741227, empty 13347651, misses 1195826, full rate 98.72
icache bank util. 0.240 0.129 0.069 0.074 0.074 0.070 0.504 0.585 
dcache bank util. 0.235 0.240 0.250 0.250 0.231 0.229 0.275 0.237 
L2 bank util. 0.048 0.047 0.046 0.047 0.047 0.046 0.050 0.052 
L1-L2 bus util. = 0.266, L3 util. = 0.007
----------------------------------------

======================== 切片硬件状态 ========================
切片号 | 所属安全域 | 当前状态    | 路扩展 | LRU touched
------------------------------------------------------------------
  0    |   域0      | 正常运行   |  否   |  100999999
  1    |   域3      | 正常运行   |  否   |  100999987
  2    |   域2      | 正常运行   |  是   |  100999998
  3    |   域2      | 正常运行   |  是   |  100999918
==================================================================

branch prediction, hits = 49117367, misses = 4002322, hit rate = 92.47%
return_stack prediction, hits = 1579901, misses = 2185, hit rate = 99.86%
jump prediction, hits = 52047282, misses = 3485779, hit rate = 93.72%

======================== 切片硬件状态 ========================
切片号 | 所属安全域 | 当前状态    | 路扩展 | LRU touched
------------------------------------------------------------------
  0    |   域0      | 正常运行   |  否   |  106000000
  1    |   域3      | 正常运行   |  否   |  105999999
  2    |   域2      | 正常运行   |  是   |  105999968
  3    |   域2      | 正常运行   |  是   |  105999992
==================================================================

[动态重分配] 周期106000000：预约迁移 冗余域2(0%) -> 切片2 -> 饥饿域3(6%)
[切片剥夺] 周期106000000：切片2（所属域2）进入待剥夺状态，禁止新替换
[切片剥夺] 周期106000000：切片2在途请求已清空，开始执行脏行写回
[切片管理] 周期106010593：原域2仅剩1个切片，关闭路扩展模式
[动态重分配] 周期106010593：切片2写回完成，自动绑定到域3
[切片管理] 成功绑定切片2 → 安全域3，触发【路扩展模式】

======================== 切片硬件状态 ========================
切片号 | 所属安全域 | 当前状态    | 路扩展 | LRU touched
------------------------------------------------------------------
  0    |   域0      | 正常运行   |  否   |  106010591
  1    |   域3      | 正常运行   |  是   |  106010572
  2    |   域3      | 正常运行   |  是   |  106010593
  3    |   域2      | 正常运行   |  否   |  106010582
==================================================================


**** Debug Statistics at 201000000 Cycles *****
Threads: 4		Fetch Width: 8
No of useful instructions fetched:	988378159 (61.47% proc util.)
No of total instructions fetched:	1223524726 (76.09% proc util.)
 includes 28630695 misfetch (2.3%), 206515872 (16.9%) wrong-path fetches
 and 0 flushed after failed lock(0.0%)
No of useful instructions issued/executed:	988378095 (61.47% proc util.)
No of total instructions issued/executed:	1067109963 (66.36% proc util.)
 includes 78731868 wrong-path (7.4%) insts and 0 flushed (0.0%)
	fp 6092, 0.00%
	synch 0, 0.00%
	integer 720345709, 67.50%
	load/store 346758162, 32.50%
Avg size of int IQ (before scheduling): 31.81
Avg size of fp IQ (before scheduling): 0.00
No of cycles taken:		201000000
Parallelism [ 2.174, 0.000, 1.525, 1.219,] = 4.917
 IQ conflicts: 1407642 (0.70%), FQ conflicts: 0 (0.00%) 
 I reg conflicts: 17482005 (8.70%), FP reg conflicts: 0 (0.00%)
  Activelist confs: 247 (0.00%), ROB confs: 119877 (0.06%)
  Int unit conflicts: 695961780 (346.25%), FP unit conflicts: 6 (0.00%)
  Load/store unit conflicts: 46576447 (23.17%)
  MSHR conflicts: 15164808 (7.54%)
----------------------------------------
==== System-wide Cache Statistics ====
Stall for miss queue full 477 cycles (0.00%)
----------------------------------------
==== Statistics for Master ID: 0 ====
Reads: 252660593   Writes: 104485502
ICACHE: size: 64 KB assoc: 2
ICACHE: hits:145515104 misses:112365  Hit Ratio: 99.92%
DCACHE: size: 1*16 KB assoc: 1*4
DCACHE: hits:205279197 misses:6239429 writebacks:6156558  Hit Ratio: 97.05%
SCACHE: size: 512 KB assoc: 2
SCACHE: hits:6335743 misses:16051  Hit Ratio: 99.75%
3CACHE: size: 4096 KB assoc: 2
3CACHE: hits:11855 misses:4196  Hit Ratio: 73.86%
3CACHE: dirty items replaced:3388
ITLB: size: 48, misses 1, miss rate 0.00%
DTLB: size: 128, misses 45, miss rate 0.00%
Avg mem delay: 1.830 cycles
----------------------------------------
==== Statistics for Master ID: 2 ====
Reads: 102908230   Writes: 5127
ICACHE: size: 64 KB assoc: 2
ICACHE: hits:86714833 misses:201918  Hit Ratio: 99.77%
DCACHE: size: 1*16 KB assoc: 1*4
DCACHE: hits:15295548 misses:701310 writebacks:322  Hit Ratio: 95.62%
SCACHE: size: 512 KB assoc: 2
SCACHE: hits:883525 misses:19451  Hit Ratio: 97.85%
3CACHE: size: 4096 KB assoc: 2
3CACHE: hits:18788 misses:663  Hit Ratio: 96.59%
3CACHE: dirty items replaced:9
ITLB: size: 48, misses 1, miss rate 0.00%
DTLB: size: 128, misses 535, miss rate 0.00%
Avg mem delay: 1.830 cycles
----------------------------------------
==== Statistics for Master ID: 3 ====
Reads: 200206238   Writes: 33965605
ICACHE: size: 64 KB assoc: 2
ICACHE: hits:113893633 misses:1453126  Hit Ratio: 98.74%
DCACHE: size: 2*16 KB assoc: 2*4
DCACHE: hits:116469849 misses:2355234 writebacks:783994  Hit Ratio: 98.02%
SCACHE: size: 512 KB assoc: 2
SCACHE: hits:3322398 misses:485962  Hit Ratio: 87.24%
3CACHE: size: 4096 KB assoc: 2
3CACHE: hits:385408 misses:100554  Hit Ratio: 79.31%
3CACHE: dirty items replaced:14318
ITLB: size: 48, misses 51094, miss rate 0.04%
DTLB: size: 128, misses 69393, miss rate 0.06%
Avg mem delay: 1.830 cycles
----------------------------------------
==== Global Resource Utilization ====
STASH: size: 65536 entries, full 1743807531, empty 25526873, misses 2298000, full rate 98.43
icache bank util. 0.240 0.132 0.069 0.073 0.080 0.077 0.502 0.585 
dcache bank util. 0.242 0.236 0.240 0.251 0.246 0.233 0.273 0.243 
L2 bank util. 0.049 0.048 0.047 0.047 0.048 0.046 0.050 0.054 
L1-L2 bus util. = 0.269, L3 util. = 0.005
----------------------------------------

======================== 切片硬件状态 ========================
切片号 | 所属安全域 | 当前状态    | 路扩展 | LRU touched
------------------------------------------------------------------
  0    |   域0      | 正常运行   |  否   |  200999998
  1    |   域3      | 正常运行   |  是   |  200999998
  2    |   域3      | 正常运行   |  是   |  200999999
  3    |   域2      | 正常运行   |  否   |  200999977
==================================================================

branch prediction, hits = 98764910, misses = 8328787, hit rate = 92.22%
return_stack prediction, hits = 3212073, misses = 2351, hit rate = 99.93%
jump prediction, hits = 103351833, misses = 7626047, hit rate = 93.13%
 dgemm_
**** Debug Statistics at 301000000 Cycles *****
Threads: 4		Fetch Width: 8
No of useful instructions fetched:	1492554192 (61.98% proc util.)
No of total instructions fetched:	1829267537 (75.97% proc util.)
 includes 37148137 misfetch (2.0%), 299565208 (16.4%) wrong-path fetches
 and 0 flushed after failed lock(0.0%)
No of useful instructions issued/executed:	1492554164 (61.98% proc util.)
No of total instructions issued/executed:	1605237428 (66.66% proc util.)
 includes 112683264 wrong-path (7.0%) insts and 0 flushed (0.0%)
	fp 25818, 0.00%
	synch 0, 0.00%
	integer 1086123889, 67.66%
	load/store 519087721, 32.34%
Avg size of int IQ (before scheduling): 32.60
Avg size of fp IQ (before scheduling): 0.00
No of cycles taken:		301000000
Parallelism [ 2.164, 0.000, 1.522, 1.273,] = 4.959
 IQ conflicts: 2345239 (0.78%), FQ conflicts: 0 (0.00%) 
 I reg conflicts: 27382656 (9.10%), FP reg conflicts: 0 (0.00%)
  Activelist confs: 1125 (0.00%), ROB confs: 229334 (0.08%)
  Int unit conflicts: 1097987888 (364.78%), FP unit conflicts: 7 (0.00%)
  Load/store unit conflicts: 69644266 (23.14%)
  MSHR conflicts: 21742429 (7.22%)
----------------------------------------
==== System-wide Cache Statistics ====
Stall for miss queue full 477 cycles (0.00%)
----------------------------------------
==== Statistics for Master ID: 0 ====
Reads: 376341787   Writes: 155803424
ICACHE: size: 64 KB assoc: 2
ICACHE: hits:216715555 misses:135225  Hit Ratio: 99.94%
DCACHE: size: 1*16 KB assoc: 1*4
DCACHE: hits:305984289 misses:9310142 writebacks:9183175  Hit Ratio: 97.05%
SCACHE: size: 512 KB assoc: 2
SCACHE: hits:9425818 misses:19549  Hit Ratio: 99.79%
3CACHE: size: 4096 KB assoc: 2
3CACHE: hits:14550 misses:4999  Hit Ratio: 74.43%
3CACHE: dirty items replaced:4136
ITLB: size: 48, misses 1, miss rate 0.00%
DTLB: size: 128, misses 63, miss rate 0.00%
Avg mem delay: 1.812 cycles
----------------------------------------
==== Statistics for Master ID: 2 ====
Reads: 153323943   Writes: 5127
ICACHE: size: 64 KB assoc: 2
ICACHE: hits:129170948 misses:254120  Hit Ratio: 99.80%
DCACHE: size: 1*16 KB assoc: 1*4
DCACHE: hits:22453058 misses:1451196 writebacks:322  Hit Ratio: 93.93%
SCACHE: size: 512 KB assoc: 2
SCACHE: hits:1678306 misses:26758  Hit Ratio: 98.43%
3CACHE: size: 4096 KB assoc: 2
3CACHE: hits:26008 misses:750  Hit Ratio: 97.20%
3CACHE: dirty items replaced:22
ITLB: size: 48, misses 1, miss rate 0.00%
DTLB: size: 128, misses 769, miss rate 0.00%
Avg mem delay: 1.812 cycles
----------------------------------------
==== Statistics for Master ID: 3 ====
Reads: 301325201   Writes: 51988748
ICACHE: size: 64 KB assoc: 2
ICACHE: hits:172063279 misses:1883928  Hit Ratio: 98.92%
DCACHE: size: 2*16 KB assoc: 2*4
DCACHE: hits:176112286 misses:3254455 writebacks:1135946  Hit Ratio: 98.19%
SCACHE: size: 512 KB assoc: 2
SCACHE: hits:4404926 misses:733456  Hit Ratio: 85.73%
3CACHE: size: 4096 KB assoc: 2
3CACHE: hits:602543 misses:130913  Hit Ratio: 82.15%
3CACHE: dirty items replaced:23205
ITLB: size: 48, misses 68806, miss rate 0.04%
DTLB: size: 128, misses 102861, miss rate 0.06%
Avg mem delay: 1.812 cycles
----------------------------------------
==== Global Resource Utilization ====
STASH: size: 65536 entries, full 2360798297, empty 35288837, misses 3174026, full rate 98.40
icache bank util. 0.236 0.130 0.071 0.077 0.081 0.077 0.499 0.580 
dcache bank util. 0.242 0.235 0.239 0.247 0.243 0.238 0.279 0.243 
L2 bank util. 0.048 0.047 0.046 0.047 0.047 0.046 0.050 0.052 
L1-L2 bus util. = 0.265, L3 util. = 0.005
----------------------------------------

======================== 切片硬件状态 ========================
切片号 | 所属安全域 | 当前状态    | 路扩展 | LRU touched
------------------------------------------------------------------
  0    |   域0      | 正常运行   |  否   |  300999997
  1    |   域3      | 正常运行   |  是   |  300999992
  2    |   域3      | 正常运行   |  是   |  300999998
  3    |   域2      | 正常运行   |  否   |  300999996
==================================================================

branch prediction, hits = 149547885, misses = 11879730, hit rate = 92.64%
return_stack prediction, hits = 4753480, misses = 4240, hit rate = 99.91%
jump prediction, hits = 157854249, misses = 10061915, hit rate = 94.01%
 dgemv_ dgeqr2_ dgeqrf_
**** Debug Statistics at 401000000 Cycles *****
Threads: 4		Fetch Width: 8
No of useful instructions fetched:	1987913363 (61.97% proc util.)
No of total instructions fetched:	2442110796 (76.13% proc util.)
 includes 51245465 misfetch (2.1%), 402951968 (16.5%) wrong-path fetches
 and 0 flushed after failed lock(0.0%)
No of useful instructions issued/executed:	1987913309 (61.97% proc util.)
No of total instructions issued/executed:	2139197113 (66.68% proc util.)
 includes 151283804 wrong-path (7.1%) insts and 0 flushed (0.0%)
	fp 30752, 0.00%
	synch 0, 0.00%
	integer 1445999248, 67.60%
	load/store 693167113, 32.40%
Avg size of int IQ (before scheduling): 32.27
Avg size of fp IQ (before scheduling): 0.00
No of cycles taken:		401000000
Parallelism [ 2.169, 0.000, 1.521, 1.268,] = 4.957
 IQ conflicts: 2784981 (0.69%), FQ conflicts: 0 (0.00%) 
 I reg conflicts: 35668578 (8.89%), FP reg conflicts: 0 (0.00%)
  Activelist confs: 1134 (0.00%), ROB confs: 302034 (0.08%)
  Int unit conflicts: 1447952187 (361.09%), FP unit conflicts: 7 (0.00%)
  Load/store unit conflicts: 93272821 (23.26%)
  MSHR conflicts: 24997899 (6.23%)
----------------------------------------
==== System-wide Cache Statistics ====
Stall for miss queue full 477 cycles (0.00%)
----------------------------------------
==== Statistics for Master ID: 0 ====
Reads: 502679006   Writes: 207968149
ICACHE: size: 64 KB assoc: 2
ICACHE: hits:289580474 misses:188664  Hit Ratio: 99.93%
DCACHE: size: 1*16 KB assoc: 1*4
DCACHE: hits:408447142 misses:12430875 writebacks:12258878  Hit Ratio: 97.05%
SCACHE: size: 512 KB assoc: 2
SCACHE: hits:12595901 misses:23638  Hit Ratio: 99.81%
3CACHE: size: 4096 KB assoc: 2
3CACHE: hits:16856 misses:6782  Hit Ratio: 71.31%
3CACHE: dirty items replaced:5854
ITLB: size: 48, misses 1, miss rate 0.00%
DTLB: size: 128, misses 74, miss rate 0.00%
Avg mem delay: 1.804 cycles
----------------------------------------
==== Statistics for Master ID: 2 ====
Reads: 204382813   Writes: 5127
ICACHE: size: 64 KB assoc: 2
ICACHE: hits:172204952 misses:353642  Hit Ratio: 99.80%
DCACHE: size: 1*16 KB assoc: 1*4
DCACHE: hits:29626274 misses:2203324 writebacks:322  Hit Ratio: 93.08%
SCACHE: size: 512 KB assoc: 2
SCACHE: hits:2514144 misses:42570  Hit Ratio: 98.33%
3CACHE: size: 4096 KB assoc: 2
3CACHE: hits:41719 misses:851  Hit Ratio: 98.00%
3CACHE: dirty items replaced:45
ITLB: size: 48, misses 1, miss rate 0.00%
DTLB: size: 128, misses 1000, miss rate 0.00%
Avg mem delay: 1.804 cycles
----------------------------------------
==== Statistics for Master ID: 3 ====
Reads: 402812035   Writes: 69249425
ICACHE: size: 64 KB assoc: 2
ICACHE: hits:229713205 misses:2600710  Hit Ratio: 98.88%
DCACHE: size: 2*16 KB assoc: 2*4
DCACHE: hits:235770978 misses:3976566 writebacks:1367308  Hit Ratio: 98.34%
SCACHE: size: 512 KB assoc: 2
SCACHE: hits:5628413 misses:948863  Hit Ratio: 85.57%
3CACHE: size: 4096 KB assoc: 2
3CACHE: hits:783518 misses:165345  Hit Ratio: 82.57%
3CACHE: dirty items replaced:40063
ITLB: size: 48, misses 95878, miss rate 0.04%
DTLB: size: 128, misses 135633, miss rate 0.06%
Avg mem delay: 1.804 cycles
----------------------------------------
==== Global Resource Utilization ====
STASH: size: 65536 entries, full 2983941671, empty 48293385, misses 4343371, full rate 98.27
icache bank util. 0.237 0.130 0.072 0.077 0.081 0.077 0.501 0.582 
dcache bank util. 0.242 0.235 0.240 0.246 0.243 0.238 0.279 0.246 
L2 bank util. 0.048 0.047 0.046 0.047 0.047 0.046 0.050 0.052 
L1-L2 bus util. = 0.265, L3 util. = 0.004
----------------------------------------

======================== 切片硬件状态 ========================
切片号 | 所属安全域 | 当前状态    | 路扩展 | LRU touched
------------------------------------------------------------------
  0    |   域0      | 正常运行   |  否   |  400999998
  1    |   域3      | 正常运行   |  是   |  400999999
  2    |   域3      | 正常运行   |  是   |  400999998
  3    |   域2      | 正常运行   |  否   |  400999980
==================================================================

branch prediction, hits = 198987893, misses = 16075417, hit rate = 92.53%
return_stack prediction, hits = 6442358, misses = 6126, hit rate = 99.90%
jump prediction, hits = 209869856, misses = 13853222, hit rate = 93.81%

**** Early Exiting at 403454827 Cycles *****
========================================
 SMTSIM Global Statistics
========================================
Threads: 4		Fetch Width: 8
No of useful instructions fetched:	2000000082 (61.96% proc util.)
No of total instructions fetched:	2457135612 (76.13% proc util.)
 includes 51659251 misfetch (2.1%), 405476279 (16.5%) wrong-path fetches
 and 0 flushed after failed lock(0.0%)
No of useful instructions issued/executed:	2000000030 (61.96% proc util.)
No of total instructions issued/executed:	2152189364 (66.68% proc util.)
 includes 152189334 wrong-path (7.1%) insts and 0 flushed (0.0%)
	fp 30752, 0.00%
	synch 0, 0.00%
	integer 1454822692, 67.60%
	load/store 697335920, 32.40%
Avg size of int IQ (before scheduling): 32.25
Avg size of fp IQ (before scheduling): 0.00
No of cycles taken:		403454827
Parallelism [ 2.169, 0.000, 1.521, 1.267,] = 4.957
 IQ conflicts: 2789834 (0.69%), FQ conflicts: 0 (0.00%) 
 I reg conflicts: 35829714 (8.88%), FP reg conflicts: 0 (0.00%)
  Activelist confs: 1134 (0.00%), ROB confs: 302034 (0.07%)
  Int unit conflicts: 1455469664 (360.75%), FP unit conflicts: 7 (0.00%)
  Load/store unit conflicts: 93852129 (23.26%)
  MSHR conflicts: 25036530 (6.21%)
----------------------------------------
==== System-wide Cache Statistics ====
Stall for miss queue full 477 cycles (0.00%)
----------------------------------------
==== Statistics for Master ID: 0 ====
Reads: 505847475   Writes: 209275044
ICACHE: size: 64 KB assoc: 2
ICACHE: hits:291405403 misses:191719  Hit Ratio: 99.93%
DCACHE: size: 1*16 KB assoc: 1*4
DCACHE: hits:411016220 misses:12509177 writebacks:12335954  Hit Ratio: 97.05%
SCACHE: size: 512 KB assoc: 2
SCACHE: hits:12677241 misses:23655  Hit Ratio: 99.81%
3CACHE: size: 4096 KB assoc: 2
3CACHE: hits:16865 misses:6790  Hit Ratio: 71.30%
3CACHE: dirty items replaced:5862
ITLB: size: 48, misses 1, miss rate 0.00%
DTLB: size: 128, misses 74, miss rate 0.00%
Avg mem delay: 1.804 cycles
----------------------------------------
==== Statistics for Master ID: 2 ====
Reads: 205669521   Writes: 5127
ICACHE: size: 64 KB assoc: 2
ICACHE: hits:173287554 misses:359594  Hit Ratio: 99.79%
DCACHE: size: 1*16 KB assoc: 1*4
DCACHE: hits:29805607 misses:2222145 writebacks:322  Hit Ratio: 93.06%
SCACHE: size: 512 KB assoc: 2
SCACHE: hits:2538793 misses:42694  Hit Ratio: 98.35%
3CACHE: size: 4096 KB assoc: 2
3CACHE: hits:41843 misses:851  Hit Ratio: 98.01%
3CACHE: dirty items replaced:45
ITLB: size: 48, misses 1, miss rate 0.00%
DTLB: size: 128, misses 1000, miss rate 0.00%
Avg mem delay: 1.804 cycles
----------------------------------------
==== Statistics for Master ID: 3 ====
Reads: 405107201   Writes: 69607405
ICACHE: size: 64 KB assoc: 2
ICACHE: hits:231011593 misses:2634456  Hit Ratio: 98.87%
DCACHE: size: 2*16 KB assoc: 2*4
DCACHE: hits:237089304 misses:3979252 writebacks:1368198  Hit Ratio: 98.35%
SCACHE: size: 512 KB assoc: 2
SCACHE: hits:5663550 misses:950158  Hit Ratio: 85.63%
3CACHE: size: 4096 KB assoc: 2
3CACHE: hits:784558 misses:165600  Hit Ratio: 82.57%
3CACHE: dirty items replaced:40208
ITLB: size: 48, misses 98020, miss rate 0.04%
DTLB: size: 128, misses 136013, miss rate 0.06%
Avg mem delay: 1.804 cycles
----------------------------------------
==== Global Resource Utilization ====
STASH: size: 65536 entries, full 2999150056, empty 48711288, misses 4378945, full rate 98.26
icache bank util. 0.237 0.130 0.071 0.077 0.081 0.077 0.501 0.582 
dcache bank util. 0.241 0.235 0.240 0.246 0.243 0.238 0.279 0.246 
L2 bank util. 0.048 0.047 0.046 0.047 0.047 0.046 0.050 0.052 
L1-L2 bus util. = 0.265, L3 util. = 0.004
----------------------------------------

======================== 切片硬件状态 ========================
切片号 | 所属安全域 | 当前状态    | 路扩展 | LRU touched
------------------------------------------------------------------
  0    |   域0      | 正常运行   |  否   |  403454826
  1    |   域3      | 正常运行   |  是   |  403454826
  2    |   域3      | 正常运行   |  是   |  403454822
  3    |   域2      | 正常运行   |  否   |  403454818
==================================================================

branch prediction, hits = 200194516, misses = 16187047, hit rate = 92.52%
return_stack prediction, hits = 6483523, misses = 6146, hit rate = 99.91%
jump prediction, hits = 211086479, misses = 13963488, hit rate = 93.80%
total IPC 4.957

=== Results saved to: ./results/smalltrans_2_seqacc_1_gcc-scilab_1.txt ===
