===== 执行信息 =====
Cache目录：ssmtc64-100-5%
执行命令：./smtsim ../crafty.arg2 ../gcc-expr.arg ../gzip-source.arg
执行时间：2026-04-16 18:49:05
返回码：0
===== 输出内容 =====
动态重分配参数：每100万周期检查，阈值5
Process 0, Thread 0: crafty
Process 0, Thread 1: crafty
Process 2, Thread 2: gcc-expr
Process 3, Thread 3: gzip-source
[切片调度] 新安全域0无任何切片，尝试分配空闲切片
[切片管理] 成功绑定切片0 → 安全域0

======================== 切片硬件状态 ========================
切片号 | 所属安全域 | 当前状态    | 路扩展 | LRU touched
------------------------------------------------------------------
  0    |   域0      | 正常运行   |  否   |  0
  1    |   域-1     | 切片空闲   |  否   |  0
  2    |   域-1     | 切片空闲   |  否   |  0
  3    |   域-1     | 切片空闲   |  否   |  0
==================================================================

[切片管理] 成功绑定切片1 → 安全域0，触发【路扩展模式】

======================== 切片硬件状态 ========================
切片号 | 所属安全域 | 当前状态    | 路扩展 | LRU touched
------------------------------------------------------------------
  0    |   域0      | 正常运行   |  是   |  0
  1    |   域0      | 正常运行   |  是   |  0
  2    |   域-1     | 切片空闲   |  否   |  0
  3    |   域-1     | 切片空闲   |  否   |  0
==================================================================

[切片调度] 新安全域2无任何切片，尝试分配空闲切片
[切片管理] 成功绑定切片2 → 安全域2

======================== 切片硬件状态 ========================
切片号 | 所属安全域 | 当前状态    | 路扩展 | LRU touched
------------------------------------------------------------------
  0    |   域0      | 正常运行   |  是   |  319
  1    |   域0      | 正常运行   |  是   |  0
  2    |   域2      | 正常运行   |  否   |  0
  3    |   域-1     | 切片空闲   |  否   |  0
==================================================================

[切片管理] 成功绑定切片3 → 安全域2，触发【路扩展模式】

======================== 切片硬件状态 ========================
切片号 | 所属安全域 | 当前状态    | 路扩展 | LRU touched
------------------------------------------------------------------
  0    |   域0      | 正常运行   |  是   |  319
  1    |   域0      | 正常运行   |  是   |  0
  2    |   域2      | 正常运行   |  是   |  0
  3    |   域2      | 正常运行   |  是   |  0
==================================================================

[切片调度] 新安全域3无任何切片，尝试分配空闲切片
[切片调度] 新安全域3未找到空闲切片，尝试剥夺切片
[切片替换] 优先从【路扩展切片】中选择LRU替换目标...
[切片替换] 找到路扩展切片作为受害者：切片1（最后访问：0）
[切片调度] 安全域3触发切片剥夺：从域0剥夺切片1
[切片剥夺] 周期560：切片1（所属域0）进入待剥夺状态，禁止新替换
[切片剥夺] 周期560：切片1在途请求已清空，开始执行脏行写回
[切片剥夺] 周期560：切片1无脏行，直接完成剥夺
[切片管理] 周期560：原域0仅剩1个切片，关闭路扩展模式
[动态重分配] 周期560：切片1写回完成，自动绑定到域3
[切片管理] 成功绑定切片1 → 安全域3

======================== 切片硬件状态 ========================
切片号 | 所属安全域 | 当前状态    | 路扩展 | LRU touched
------------------------------------------------------------------
  0    |   域0      | 正常运行   |  否   |  319
  1    |   域3      | 正常运行   |  否   |  560
  2    |   域2      | 正常运行   |  是   |  435
  3    |   域2      | 正常运行   |  是   |  0
==================================================================

[切片唤醒] 周期560：域3切片就绪，唤醒等待指令

**** Debug Statistics at 1000000 Cycles *****
Threads: 4		Fetch Width: 8
No of useful instructions fetched:	705054 (8.81% proc util.)
No of total instructions fetched:	898375 (11.23% proc util.)
 includes 57365 misfetch (6.4%), 135956 (15.1%) wrong-path fetches
 and 0 flushed after failed lock(0.0%)
No of useful instructions issued/executed:	705036 (8.81% proc util.)
No of total instructions issued/executed:	766551 (9.58% proc util.)
 includes 61515 wrong-path (8.0%) insts and 0 flushed (0.0%)
	fp 61, 0.01%
	synch 0, 0.00%
	integer 499814, 65.20%
	load/store 266676, 34.79%
Avg size of int IQ (before scheduling): 36.57
Avg size of fp IQ (before scheduling): 0.00
No of cycles taken:		1000000
Parallelism [ 0.294, 0.000, 0.267, 0.145,] = 0.705
 IQ conflicts: 10576 (1.06%), FQ conflicts: 0 (0.00%) 
 I reg conflicts: 821297 (82.13%), FP reg conflicts: 0 (0.00%)
  Activelist confs: 0 (0.00%), ROB confs: 911 (0.09%)
  Int unit conflicts: 61939 (6.19%), FP unit conflicts: 0 (0.00%)
  Load/store unit conflicts: 34853 (3.49%)
  MSHR conflicts: 715204 (71.52%)
----------------------------------------
==== System-wide Cache Statistics ====
Stall for miss queue full 0 cycles (0.00%)
----------------------------------------
==== Statistics for Master ID: 0 ====
Reads: 187951   Writes: 23907
ICACHE: size: 64 KB assoc: 2
ICACHE: hits:99195 misses:2050  Hit Ratio: 97.98%
DCACHE: size: 1*16 KB assoc: 1*4
DCACHE: hits:106630 misses:3983 writebacks:341  Hit Ratio: 96.40%
SCACHE: size: 512 KB assoc: 2
SCACHE: hits:4131 misses:1902  Hit Ratio: 68.47%
3CACHE: size: 4096 KB assoc: 2
3CACHE: hits:228 misses:1674  Hit Ratio: 11.99%
3CACHE: dirty items replaced:0
ITLB: size: 48, misses 49, miss rate 0.05%
DTLB: size: 128, misses 1392, miss rate 1.26%
Avg mem delay: 52.213 cycles
----------------------------------------
==== Statistics for Master ID: 2 ====
Reads: 148356   Writes: 33325
ICACHE: size: 64 KB assoc: 2
ICACHE: hits:93467 misses:1833  Hit Ratio: 98.08%
DCACHE: size: 2*16 KB assoc: 2*4
DCACHE: hits:84835 misses:1546 writebacks:703  Hit Ratio: 98.21%
SCACHE: size: 512 KB assoc: 2
SCACHE: hits:730 misses:2649  Hit Ratio: 21.60%
3CACHE: size: 4096 KB assoc: 2
3CACHE: hits:97 misses:2552  Hit Ratio: 3.66%
3CACHE: dirty items replaced:0
ITLB: size: 48, misses 95, miss rate 0.10%
DTLB: size: 128, misses 389, miss rate 0.45%
Avg mem delay: 52.213 cycles
----------------------------------------
==== Statistics for Master ID: 3 ====
Reads: 111008   Writes: 23572
ICACHE: size: 64 KB assoc: 2
ICACHE: hits:64745 misses:221  Hit Ratio: 99.66%
DCACHE: size: 1*16 KB assoc: 1*4
DCACHE: hits:46811 misses:22802 writebacks:22642  Hit Ratio: 67.24%
SCACHE: size: 512 KB assoc: 2
SCACHE: hits:20 misses:23002  Hit Ratio: 0.09%
3CACHE: size: 4096 KB assoc: 2
3CACHE: hits:1 misses:23001  Hit Ratio: 0.00%
3CACHE: dirty items replaced:6
ITLB: size: 48, misses 18, miss rate 0.03%
DTLB: size: 128, misses 5683, miss rate 8.16%
Avg mem delay: 52.213 cycles
----------------------------------------
==== Global Resource Utilization ====
STASH: size: 65536 entries, full 92420318, empty 7732801, misses 860883, full rate 91.49
icache bank util. 0.041 0.030 0.028 0.029 0.028 0.023 0.037 0.059 
dcache bank util. 0.027 0.035 0.049 0.015 0.028 0.025 0.210 0.032 
L2 bank util. 0.008 0.012 0.008 0.008 0.008 0.008 0.281 0.010 
L1-L2 bus util. = 0.168, L3 util. = 0.272
----------------------------------------

======================== 切片硬件状态 ========================
切片号 | 所属安全域 | 当前状态    | 路扩展 | LRU touched
------------------------------------------------------------------
  0    |   域0      | 正常运行   |  否   |  999894
  1    |   域3      | 正常运行   |  否   |  999902
  2    |   域2      | 正常运行   |  是   |  999923
  3    |   域2      | 正常运行   |  是   |  999898
==================================================================

branch prediction, hits = 55507, misses = 8177, hit rate = 87.16%
return_stack prediction, hits = 8220, misses = 18, hit rate = 99.78%
jump prediction, hits = 54453, misses = 13016, hit rate = 80.71%
 init_expr_once init_expr save_expr_status restore_expr_status enqueue_insn protect_from_queue
======================== 切片硬件状态 ========================
切片号 | 所属安全域 | 当前状态    | 路扩展 | LRU touched
------------------------------------------------------------------
  0    |   域0      | 正常运行   |  否   |  5999997
  1    |   域3      | 正常运行   |  否   |  5999998
  2    |   域2      | 正常运行   |  是   |  5999999
  3    |   域2      | 正常运行   |  是   |  5999779
==================================================================

[动态重分配] 周期6000000：预约迁移 冗余域2(1%) -> 切片2 -> 饥饿域3(33%)
[切片剥夺] 周期6000000：切片2（所属域2）进入待剥夺状态，禁止新替换
[切片剥夺] 周期6000000：切片2在途请求已清空，开始执行脏行写回
[切片管理] 周期6002905：原域2仅剩1个切片，关闭路扩展模式
[动态重分配] 周期6002905：切片2写回完成，自动绑定到域3
[切片管理] 成功绑定切片2 → 安全域3，触发【路扩展模式】

======================== 切片硬件状态 ========================
切片号 | 所属安全域 | 当前状态    | 路扩展 | LRU touched
------------------------------------------------------------------
  0    |   域0      | 正常运行   |  否   |  6002903
  1    |   域3      | 正常运行   |  是   |  6002904
  2    |   域3      | 正常运行   |  是   |  6002905
  3    |   域2      | 正常运行   |  否   |  6002903
==================================================================


**** Debug Statistics at 101000000 Cycles *****
Threads: 4		Fetch Width: 8
No of useful instructions fetched:	117490160 (14.54% proc util.)
No of total instructions fetched:	148754833 (18.41% proc util.)
 includes 11058676 misfetch (7.4%), 20205997 (13.6%) wrong-path fetches
 and 0 flushed after failed lock(0.0%)
No of useful instructions issued/executed:	117490130 (14.54% proc util.)
No of total instructions issued/executed:	126618668 (15.67% proc util.)
 includes 9128538 wrong-path (7.2%) insts and 0 flushed (0.0%)
	fp 2002, 0.00%
	synch 0, 0.00%
	integer 82720826, 65.33%
	load/store 43895840, 34.67%
Avg size of int IQ (before scheduling): 15.21
Avg size of fp IQ (before scheduling): 0.00
No of cycles taken:		101000000
Parallelism [ 0.457, 0.000, 0.357, 0.349,] = 1.163
 IQ conflicts: 35061 (0.03%), FQ conflicts: 0 (0.00%) 
 I reg conflicts: 78437518 (77.66%), FP reg conflicts: 0 (0.00%)
  Activelist confs: 7 (0.00%), ROB confs: 911 (0.00%)
  Int unit conflicts: 8206301 (8.13%), FP unit conflicts: 0 (0.00%)
  Load/store unit conflicts: 3390009 (3.36%)
  MSHR conflicts: 31081228 (30.77%)
----------------------------------------
==== System-wide Cache Statistics ====
Stall for miss queue full 280 cycles (0.00%)
----------------------------------------
==== Statistics for Master ID: 0 ====
Reads: 29373574   Writes: 3719325
ICACHE: size: 64 KB assoc: 2
ICACHE: hits:15698032 misses:495214  Hit Ratio: 96.94%
DCACHE: size: 1*16 KB assoc: 1*4
DCACHE: hits:16245877 misses:653776 writebacks:74519  Hit Ratio: 96.13%
SCACHE: size: 512 KB assoc: 2
SCACHE: hits:914436 misses:234554  Hit Ratio: 79.59%
3CACHE: size: 4096 KB assoc: 2
3CACHE: hits:178222 misses:56332  Hit Ratio: 75.98%
3CACHE: dirty items replaced:2301
ITLB: size: 48, misses 10871, miss rate 0.07%
DTLB: size: 128, misses 91990, miss rate 0.54%
Avg mem delay: 9.984 cycles
----------------------------------------
==== Statistics for Master ID: 2 ====
Reads: 25243581   Writes: 4330484
ICACHE: size: 64 KB assoc: 2
ICACHE: hits:13944457 misses:592762  Hit Ratio: 95.92%
DCACHE: size: 1*16 KB assoc: 1*4
DCACHE: hits:14677345 misses:359666 writebacks:83687  Hit Ratio: 97.61%
SCACHE: size: 512 KB assoc: 2
SCACHE: hits:671139 misses:281123  Hit Ratio: 70.48%
3CACHE: size: 4096 KB assoc: 2
3CACHE: hits:181468 misses:99655  Hit Ratio: 64.55%
3CACHE: dirty items replaced:4144
ITLB: size: 48, misses 49675, miss rate 0.34%
DTLB: size: 128, misses 41916, miss rate 0.28%
Avg mem delay: 9.984 cycles
----------------------------------------
==== Statistics for Master ID: 3 ====
Reads: 18038909   Writes: 5872302
ICACHE: size: 64 KB assoc: 2
ICACHE: hits:11980594 misses:765  Hit Ratio: 99.99%
DCACHE: size: 2*16 KB assoc: 2*4
DCACHE: hits:10323667 misses:1606184 writebacks:895003  Hit Ratio: 86.54%
SCACHE: size: 512 KB assoc: 2
SCACHE: hits:159 misses:1606790  Hit Ratio: 0.01%
3CACHE: size: 4096 KB assoc: 2
3CACHE: hits:111 misses:1606678  Hit Ratio: 0.01%
3CACHE: dirty items replaced:30801
ITLB: size: 48, misses 74, miss rate 0.00%
DTLB: size: 128, misses 68376, miss rate 0.57%
Avg mem delay: 9.984 cycles
----------------------------------------
==== Global Resource Utilization ====
STASH: size: 65536 entries, full 244844659, empty 18632603, misses 1849012, full rate 92.28
icache bank util. 0.046 0.045 0.039 0.041 0.045 0.149 0.042 0.047 
dcache bank util. 0.059 0.074 0.069 0.052 0.069 0.071 0.072 0.077 
L2 bank util. 0.033 0.039 0.035 0.032 0.034 0.035 0.039 0.051 
L1-L2 bus util. = 0.141, L3 util. = 0.175
----------------------------------------

======================== 切片硬件状态 ========================
切片号 | 所属安全域 | 当前状态    | 路扩展 | LRU touched
------------------------------------------------------------------
  0    |   域0      | 正常运行   |  否   |  100999966
  1    |   域3      | 正常运行   |  是   |  100999968
  2    |   域3      | 正常运行   |  是   |  100999962
  3    |   域2      | 正常运行   |  否   |  100999952
==================================================================

branch prediction, hits = 12812371, misses = 1506770, hit rate = 89.48%
return_stack prediction, hits = 1211134, misses = 711, hit rate = 99.94%
jump prediction, hits = 11592971, misses = 2961763, hit rate = 79.65%
 queued_subexp_p emit_queue init_queue convert_move
**** Debug Statistics at 201000000 Cycles *****
Threads: 4		Fetch Width: 8
No of useful instructions fetched:	395817794 (24.62% proc util.)
No of total instructions fetched:	553863187 (34.44% proc util.)
 includes 36449752 misfetch (6.6%), 121595641 (22.0%) wrong-path fetches
 and 0 flushed after failed lock(0.0%)
No of useful instructions issued/executed:	395817765 (24.62% proc util.)
No of total instructions issued/executed:	455137133 (28.30% proc util.)
 includes 59319368 wrong-path (13.0%) insts and 0 flushed (0.0%)
	fp 2409, 0.00%
	synch 0, 0.00%
	integer 304889024, 66.99%
	load/store 150245700, 33.01%
Avg size of int IQ (before scheduling): 19.26
Avg size of fp IQ (before scheduling): 0.00
No of cycles taken:		201000000
Parallelism [ 0.647, 0.000, 0.521, 0.800,] = 1.969
 IQ conflicts: 1044153 (0.52%), FQ conflicts: 0 (0.00%) 
 I reg conflicts: 113053098 (56.25%), FP reg conflicts: 0 (0.00%)
  Activelist confs: 885 (0.00%), ROB confs: 30919 (0.02%)
  Int unit conflicts: 106083185 (52.78%), FP unit conflicts: 1 (0.00%)
  Load/store unit conflicts: 18986064 (9.45%)
  MSHR conflicts: 43187934 (21.49%)
----------------------------------------
==== System-wide Cache Statistics ====
Stall for miss queue full 280 cycles (0.00%)
----------------------------------------
==== Statistics for Master ID: 0 ====
Reads: 90976354   Writes: 10757724
ICACHE: size: 64 KB assoc: 2
ICACHE: hits:49297562 misses:2106245  Hit Ratio: 95.90%
DCACHE: size: 1*16 KB assoc: 1*4
DCACHE: hits:48337052 misses:1993219 writebacks:217346  Hit Ratio: 96.04%
SCACHE: size: 512 KB assoc: 2
SCACHE: hits:3612232 misses:487232  Hit Ratio: 88.11%
3CACHE: size: 4096 KB assoc: 2
3CACHE: hits:366991 misses:120241  Hit Ratio: 75.32%
3CACHE: dirty items replaced:21959
ITLB: size: 48, misses 26514, miss rate 0.05%
DTLB: size: 128, misses 364064, miss rate 0.72%
Avg mem delay: 4.496 cycles
----------------------------------------
==== Statistics for Master ID: 2 ====
Reads: 87648116   Writes: 14556160
ICACHE: size: 64 KB assoc: 2
ICACHE: hits:49395365 misses:2014481  Hit Ratio: 96.08%
DCACHE: size: 1*16 KB assoc: 1*4
DCACHE: hits:49595842 misses:1198753 writebacks:390294  Hit Ratio: 97.64%
SCACHE: size: 512 KB assoc: 2
SCACHE: hits:2589369 misses:623700  Hit Ratio: 80.59%
3CACHE: size: 4096 KB assoc: 2
3CACHE: hits:450312 misses:173388  Hit Ratio: 72.20%
3CACHE: dirty items replaced:17589
ITLB: size: 48, misses 97500, miss rate 0.19%
DTLB: size: 128, misses 197246, miss rate 0.39%
Avg mem delay: 4.496 cycles
----------------------------------------
==== Statistics for Master ID: 3 ====
Reads: 89326398   Writes: 16269143
ICACHE: size: 64 KB assoc: 2
ICACHE: hits:56634941 misses:52872  Hit Ratio: 99.91%
DCACHE: size: 2*16 KB assoc: 2*4
DCACHE: hits:46315564 misses:2592163 writebacks:1326376  Hit Ratio: 94.70%
SCACHE: size: 512 KB assoc: 2
SCACHE: hits:570447 misses:2074587  Hit Ratio: 21.57%
3CACHE: size: 4096 KB assoc: 2
3CACHE: hits:117496 misses:1957091  Hit Ratio: 5.66%
3CACHE: dirty items replaced:55466
ITLB: size: 48, misses 485, miss rate 0.00%
DTLB: size: 128, misses 182616, miss rate 0.37%
Avg mem delay: 4.496 cycles
----------------------------------------
==== Global Resource Utilization ====
STASH: size: 65536 entries, full 683079392, empty 38515037, misses 3616932, full rate 94.19
icache bank util. 0.099 0.091 0.083 0.093 0.112 0.174 0.099 0.104 
dcache bank util. 0.085 0.105 0.112 0.088 0.131 0.113 0.124 0.103 
L2 bank util. 0.038 0.046 0.042 0.039 0.042 0.042 0.042 0.050 
L1-L2 bus util. = 0.177, L3 util. = 0.112
----------------------------------------

======================== 切片硬件状态 ========================
切片号 | 所属安全域 | 当前状态    | 路扩展 | LRU touched
------------------------------------------------------------------
  0    |   域0      | 正常运行   |  否   |  200999979
  1    |   域3      | 正常运行   |  是   |  200999980
  2    |   域3      | 正常运行   |  是   |  200999984
  3    |   域2      | 正常运行   |  否   |  200999995
==================================================================

branch prediction, hits = 33259173, misses = 6066322, hit rate = 84.57%
return_stack prediction, hits = 4409841, misses = 1713, hit rate = 99.96%
jump prediction, hits = 31426257, misses = 9709272, hit rate = 76.40%
 convert_to_mode
**** Debug Statistics at 301000000 Cycles *****
Threads: 4		Fetch Width: 8
No of useful instructions fetched:	726326230 (30.16% proc util.)
No of total instructions fetched:	1029897906 (42.77% proc util.)
 includes 62813272 misfetch (6.1%), 240758404 (23.4%) wrong-path fetches
 and 0 flushed after failed lock(0.0%)
No of useful instructions issued/executed:	726326204 (30.16% proc util.)
No of total instructions issued/executed:	844252647 (35.06% proc util.)
 includes 117926443 wrong-path (14.0%) insts and 0 flushed (0.0%)
	fp 3626, 0.00%
	synch 0, 0.00%
	integer 570211954, 67.54%
	load/store 274037067, 32.46%
Avg size of int IQ (before scheduling): 21.45
Avg size of fp IQ (before scheduling): 0.00
No of cycles taken:		301000000
Parallelism [ 0.752, 0.000, 0.638, 1.024,] = 2.413
 IQ conflicts: 2392066 (0.79%), FQ conflicts: 0 (0.00%) 
 I reg conflicts: 136638652 (45.39%), FP reg conflicts: 0 (0.00%)
  Activelist confs: 1405 (0.00%), ROB confs: 93169 (0.03%)
  Int unit conflicts: 250856484 (83.34%), FP unit conflicts: 2 (0.00%)
  Load/store unit conflicts: 38817957 (12.90%)
  MSHR conflicts: 53423267 (17.75%)
----------------------------------------
==== System-wide Cache Statistics ====
Stall for miss queue full 280 cycles (0.00%)
----------------------------------------
==== Statistics for Master ID: 0 ====
Reads: 162507705   Writes: 19040908
ICACHE: size: 64 KB assoc: 2
ICACHE: hits:88477148 misses:3824734  Hit Ratio: 95.86%
DCACHE: size: 1*16 KB assoc: 1*4
DCACHE: hits:85688026 misses:3558705 writebacks:391199  Hit Ratio: 96.01%
SCACHE: size: 512 KB assoc: 2
SCACHE: hits:6615286 misses:768153  Hit Ratio: 89.60%
3CACHE: size: 4096 KB assoc: 2
3CACHE: hits:587765 misses:180387  Hit Ratio: 76.52%
3CACHE: dirty items replaced:55861
ITLB: size: 48, misses 42093, miss rate 0.05%
DTLB: size: 128, misses 661649, miss rate 0.74%
Avg mem delay: 3.283 cycles
----------------------------------------
==== Statistics for Master ID: 2 ====
Reads: 162874837   Writes: 26554476
ICACHE: size: 64 KB assoc: 2
ICACHE: hits:92435590 misses:3354773  Hit Ratio: 96.50%
DCACHE: size: 1*16 KB assoc: 1*4
DCACHE: hits:91572828 misses:2066287 writebacks:685282  Hit Ratio: 97.79%
SCACHE: size: 512 KB assoc: 2
SCACHE: hits:4462374 misses:958521  Hit Ratio: 82.32%
3CACHE: size: 4096 KB assoc: 2
3CACHE: hits:727911 misses:230610  Hit Ratio: 75.94%
3CACHE: dirty items replaced:38092
ITLB: size: 48, misses 150894, miss rate 0.16%
DTLB: size: 128, misses 377822, miss rate 0.40%
Avg mem delay: 3.283 cycles
----------------------------------------
==== Statistics for Master ID: 3 ====
Reads: 172103386   Writes: 27513711
ICACHE: size: 64 KB assoc: 2
ICACHE: hits:108729155 misses:112283  Hit Ratio: 99.90%
DCACHE: size: 2*16 KB assoc: 2*4
DCACHE: hits:87355358 misses:3420300 writebacks:1693119  Hit Ratio: 96.23%
SCACHE: size: 512 KB assoc: 2
SCACHE: hits:1262438 misses:2270145  Hit Ratio: 35.74%
3CACHE: size: 4096 KB assoc: 2
3CACHE: hits:260790 misses:2009355  Hit Ratio: 11.49%
3CACHE: dirty items replaced:77670
ITLB: size: 48, misses 1006, miss rate 0.00%
DTLB: size: 128, misses 289088, miss rate 0.32%
Avg mem delay: 3.283 cycles
----------------------------------------
==== Global Resource Utilization ====
STASH: size: 65536 entries, full 1197807245, empty 61126064, misses 5639826, full rate 94.72
icache bank util. 0.126 0.116 0.107 0.120 0.142 0.186 0.127 0.135 
dcache bank util. 0.105 0.127 0.132 0.103 0.158 0.129 0.152 0.122 
L2 bank util. 0.039 0.049 0.044 0.040 0.044 0.044 0.042 0.050 
L1-L2 bus util. = 0.190, L3 util. = 0.080
----------------------------------------

======================== 切片硬件状态 ========================
切片号 | 所属安全域 | 当前状态    | 路扩展 | LRU touched
------------------------------------------------------------------
  0    |   域0      | 正常运行   |  否   |  300999999
  1    |   域3      | 正常运行   |  是   |  300999996
  2    |   域3      | 正常运行   |  是   |  300999993
  3    |   域2      | 正常运行   |  否   |  300999999
==================================================================

branch prediction, hits = 57335418, misses = 11123063, hit rate = 83.75%
return_stack prediction, hits = 7957432, misses = 2434, hit rate = 99.97%
jump prediction, hits = 54822027, misses = 16741332, hit rate = 76.61%
 move_by_pieces move_by_pieces_ninsns
**** Debug Statistics at 401000000 Cycles *****
Threads: 4		Fetch Width: 8
No of useful instructions fetched:	1067145331 (33.27% proc util.)
No of total instructions fetched:	1517578066 (47.31% proc util.)
 includes 88693629 misfetch (5.8%), 361739106 (23.8%) wrong-path fetches
 and 0 flushed after failed lock(0.0%)
No of useful instructions issued/executed:	1067145309 (33.27% proc util.)
No of total instructions issued/executed:	1243690177 (38.77% proc util.)
 includes 176544868 wrong-path (14.2%) insts and 0 flushed (0.0%)
	fp 5238, 0.00%
	synch 0, 0.00%
	integer 843833054, 67.85%
	load/store 399851885, 32.15%
Avg size of int IQ (before scheduling): 22.64
Avg size of fp IQ (before scheduling): 0.00
No of cycles taken:		401000000
Parallelism [ 0.813, 0.000, 0.702, 1.147,] = 2.661
 IQ conflicts: 3739625 (0.93%), FQ conflicts: 0 (0.00%) 
 I reg conflicts: 158743863 (39.59%), FP reg conflicts: 0 (0.00%)
  Activelist confs: 1818 (0.00%), ROB confs: 174177 (0.04%)
  Int unit conflicts: 406376597 (101.34%), FP unit conflicts: 4 (0.00%)
  Load/store unit conflicts: 58945799 (14.70%)
  MSHR conflicts: 63939750 (15.95%)
----------------------------------------
==== System-wide Cache Statistics ====
Stall for miss queue full 280 cycles (0.00%)
----------------------------------------
==== Statistics for Master ID: 0 ====
Reads: 236740921   Writes: 27559949
ICACHE: size: 64 KB assoc: 2
ICACHE: hits:129329588 misses:5473544  Hit Ratio: 95.94%
DCACHE: size: 1*16 KB assoc: 1*4
DCACHE: hits:124358528 misses:5139210 writebacks:554857  Hit Ratio: 96.03%
SCACHE: size: 512 KB assoc: 2
SCACHE: hits:9563685 misses:1049069  Hit Ratio: 90.12%
3CACHE: size: 4096 KB assoc: 2
3CACHE: hits:816430 misses:232639  Hit Ratio: 77.82%
3CACHE: dirty items replaced:88454
ITLB: size: 48, misses 56866, miss rate 0.04%
DTLB: size: 128, misses 970012, miss rate 0.75%
Avg mem delay: 2.816 cycles
----------------------------------------
==== Statistics for Master ID: 2 ====
Reads: 239200260   Writes: 38547712
ICACHE: size: 64 KB assoc: 2
ICACHE: hits:136362427 misses:4658035  Hit Ratio: 96.70%
DCACHE: size: 1*16 KB assoc: 1*4
DCACHE: hits:133740646 misses:2987029 writebacks:999598  Hit Ratio: 97.82%
SCACHE: size: 512 KB assoc: 2
SCACHE: hits:6354287 misses:1290611  Hit Ratio: 83.12%
3CACHE: size: 4096 KB assoc: 2
3CACHE: hits:1008014 misses:282597  Hit Ratio: 78.10%
3CACHE: dirty items replaced:57785
ITLB: size: 48, misses 206125, miss rate 0.15%
DTLB: size: 128, misses 560513, miss rate 0.41%
Avg mem delay: 2.816 cycles
----------------------------------------
==== Statistics for Master ID: 3 ====
Reads: 255977035   Writes: 38889112
ICACHE: size: 64 KB assoc: 2
ICACHE: hits:161606734 misses:166280  Hit Ratio: 99.90%
DCACHE: size: 2*16 KB assoc: 2*4
DCACHE: hits:128947392 misses:4145740 writebacks:2033333  Hit Ratio: 96.89%
SCACHE: size: 512 KB assoc: 2
SCACHE: hits:1844162 misses:2467858  Hit Ratio: 42.77%
3CACHE: size: 4096 KB assoc: 2
3CACHE: hits:414364 misses:2053494  Hit Ratio: 16.79%
3CACHE: dirty items replaced:97593
ITLB: size: 48, misses 1493, miss rate 0.00%
DTLB: size: 128, misses 388900, miss rate 0.29%
Avg mem delay: 2.816 cycles
----------------------------------------
==== Global Resource Utilization ====
STASH: size: 65536 entries, full 1723838187, empty 84326563, misses 7699452, full rate 94.93
icache bank util. 0.141 0.130 0.120 0.134 0.158 0.192 0.141 0.152 
dcache bank util. 0.115 0.137 0.142 0.109 0.174 0.140 0.166 0.131 
L2 bank util. 0.040 0.050 0.045 0.040 0.045 0.045 0.042 0.050 
L1-L2 bus util. = 0.196, L3 util. = 0.064
----------------------------------------

======================== 切片硬件状态 ========================
切片号 | 所属安全域 | 当前状态    | 路扩展 | LRU touched
------------------------------------------------------------------
  0    |   域0      | 正常运行   |  否   |  400999993
  1    |   域3      | 正常运行   |  是   |  400999964
  2    |   域3      | 正常运行   |  是   |  400999998
  3    |   域2      | 正常运行   |  否   |  400999894
==================================================================

branch prediction, hits = 82129993, misses = 16278538, hit rate = 83.46%
return_stack prediction, hits = 11528868, misses = 3334, hit rate = 99.97%
jump prediction, hits = 79066293, misses = 23677706, hit rate = 76.95%
 move_by_pieces_1 emit_block_move
**** Debug Statistics at 501000000 Cycles *****
Threads: 4		Fetch Width: 8
No of useful instructions fetched:	1387550259 (34.62% proc util.)
No of total instructions fetched:	1983859968 (49.50% proc util.)
 includes 117047845 misfetch (5.9%), 479261864 (24.2%) wrong-path fetches
 and 0 flushed after failed lock(0.0%)
No of useful instructions issued/executed:	1387550194 (34.62% proc util.)
No of total instructions issued/executed:	1622513570 (40.48% proc util.)
 includes 234963376 wrong-path (14.5%) insts and 0 flushed (0.0%)
	fp 5622, 0.00%
	synch 0, 0.00%
	integer 1101008191, 67.86%
	load/store 521499757, 32.14%
Avg size of int IQ (before scheduling): 23.28
Avg size of fp IQ (before scheduling): 0.00
No of cycles taken:		501000000
Parallelism [ 0.835, 0.000, 0.720, 1.214,] = 2.770
 IQ conflicts: 5186214 (1.04%), FQ conflicts: 0 (0.00%) 
 I reg conflicts: 183439609 (36.61%), FP reg conflicts: 0 (0.00%)
  Activelist confs: 2850 (0.00%), ROB confs: 234480 (0.05%)
  Int unit conflicts: 531310464 (106.05%), FP unit conflicts: 7 (0.00%)
  Load/store unit conflicts: 77513307 (15.47%)
  MSHR conflicts: 72374903 (14.45%)
----------------------------------------
==== System-wide Cache Statistics ====
Stall for miss queue full 280 cycles (0.00%)
----------------------------------------
==== Statistics for Master ID: 0 ====
Reads: 306121899   Writes: 35543008
ICACHE: size: 64 KB assoc: 2
ICACHE: hits:167174143 misses:7283563  Hit Ratio: 95.83%
DCACHE: size: 1*16 KB assoc: 1*4
DCACHE: hits:160514613 misses:6692588 writebacks:722578  Hit Ratio: 96.00%
SCACHE: size: 512 KB assoc: 2
SCACHE: hits:12654355 misses:1321796  Hit Ratio: 90.54%
3CACHE: size: 4096 KB assoc: 2
3CACHE: hits:1032713 misses:289083  Hit Ratio: 78.13%
3CACHE: dirty items replaced:122054
ITLB: size: 48, misses 74244, miss rate 0.04%
DTLB: size: 128, misses 1298656, miss rate 0.78%
Avg mem delay: 2.634 cycles
----------------------------------------
==== Statistics for Master ID: 2 ====
Reads: 311129958   Writes: 51053943
ICACHE: size: 64 KB assoc: 2
ICACHE: hits:177627423 misses:6199679  Hit Ratio: 96.63%
DCACHE: size: 1*16 KB assoc: 1*4
DCACHE: hits:174239619 misses:4117345 writebacks:1444612  Hit Ratio: 97.69%
SCACHE: size: 512 KB assoc: 2
SCACHE: hits:8583428 misses:1733431  Hit Ratio: 83.20%
3CACHE: size: 4096 KB assoc: 2
3CACHE: hits:1397401 misses:336030  Hit Ratio: 80.61%
3CACHE: dirty items replaced:81715
ITLB: size: 48, misses 254789, miss rate 0.14%
DTLB: size: 128, misses 772553, miss rate 0.43%
Avg mem delay: 2.634 cycles
----------------------------------------
==== Statistics for Master ID: 3 ====
Reads: 338468301   Writes: 50254857
ICACHE: size: 64 KB assoc: 2
ICACHE: hits:213296347 misses:222023  Hit Ratio: 99.90%
DCACHE: size: 2*16 KB assoc: 2*4
DCACHE: hits:170301933 misses:4902854 writebacks:2372480  Hit Ratio: 97.20%
SCACHE: size: 512 KB assoc: 2
SCACHE: hits:2441004 misses:2683873  Hit Ratio: 47.63%
3CACHE: size: 4096 KB assoc: 2
3CACHE: hits:584810 misses:2099063  Hit Ratio: 21.79%
3CACHE: dirty items replaced:119779
ITLB: size: 48, misses 2006, miss rate 0.00%
DTLB: size: 128, misses 503370, miss rate 0.29%
Avg mem delay: 2.634 cycles
----------------------------------------
==== Global Resource Utilization ====
STASH: size: 65536 entries, full 2226202361, empty 108037126, misses 9799347, full rate 94.97
icache bank util. 0.148 0.135 0.126 0.141 0.168 0.196 0.149 0.159 
dcache bank util. 0.117 0.139 0.148 0.113 0.183 0.144 0.175 0.141 
L2 bank util. 0.041 0.052 0.046 0.041 0.046 0.046 0.043 0.050 
L1-L2 bus util. = 0.203, L3 util. = 0.054
----------------------------------------

======================== 切片硬件状态 ========================
切片号 | 所属安全域 | 当前状态    | 路扩展 | LRU touched
------------------------------------------------------------------
  0    |   域0      | 正常运行   |  否   |  500999986
  1    |   域3      | 正常运行   |  是   |  500999998
  2    |   域3      | 正常运行   |  是   |  500999885
  3    |   域2      | 正常运行   |  否   |  500999991
==================================================================

branch prediction, hits = 104911043, misses = 21309551, hit rate = 83.12%
return_stack prediction, hits = 15009799, misses = 4022, hit rate = 99.97%
jump prediction, hits = 100983707, misses = 31203411, hit rate = 76.39%

======================== 切片硬件状态 ========================
切片号 | 所属安全域 | 当前状态    | 路扩展 | LRU touched
------------------------------------------------------------------
  0    |   域0      | 正常运行   |  否   |  528999932
  1    |   域3      | 正常运行   |  是   |  528999842
  2    |   域3      | 正常运行   |  是   |  528998856
  3    |   域2      | 正常运行   |  否   |  528999866
==================================================================

[动态重分配] 周期529000000：预约迁移 冗余域3(2%) -> 切片2 -> 饥饿域2(10%)
[切片剥夺] 周期529000000：切片2（所属域3）进入待剥夺状态，禁止新替换
[切片剥夺] 周期529000000：切片2在途请求已清空，开始执行脏行写回
[切片管理] 周期529005964：原域3仅剩1个切片，关闭路扩展模式
[动态重分配] 周期529005964：切片2写回完成，自动绑定到域2
[切片管理] 成功绑定切片2 → 安全域2，触发【路扩展模式】

======================== 切片硬件状态 ========================
切片号 | 所属安全域 | 当前状态    | 路扩展 | LRU touched
------------------------------------------------------------------
  0    |   域0      | 正常运行   |  否   |  529005964
  1    |   域3      | 正常运行   |  否   |  529005954
  2    |   域2      | 正常运行   |  是   |  529005964
  3    |   域2      | 正常运行   |  是   |  529005896
==================================================================


**** Debug Statistics at 601000000 Cycles *****
Threads: 4		Fetch Width: 8
No of useful instructions fetched:	1722207460 (35.82% proc util.)
No of total instructions fetched:	2465677633 (51.28% proc util.)
 includes 147129403 misfetch (6.0%), 596340770 (24.2%) wrong-path fetches
 and 0 flushed after failed lock(0.0%)
No of useful instructions issued/executed:	1722207433 (35.82% proc util.)
No of total instructions issued/executed:	2014445919 (41.90% proc util.)
 includes 292238486 wrong-path (14.5%) insts and 0 flushed (0.0%)
	fp 5699, 0.00%
	synch 0, 0.00%
	integer 1366932929, 67.86%
	load/store 647507291, 32.14%
Avg size of int IQ (before scheduling): 23.69
Avg size of fp IQ (before scheduling): 0.00
No of cycles taken:		601000000
Parallelism [ 0.862, 0.000, 0.744, 1.259,] = 2.866
 IQ conflicts: 6471972 (1.08%), FQ conflicts: 0 (0.00%) 
 I reg conflicts: 205978557 (34.27%), FP reg conflicts: 0 (0.00%)
  Activelist confs: 3392 (0.00%), ROB confs: 364270 (0.06%)
  Int unit conflicts: 663210219 (110.35%), FP unit conflicts: 7 (0.00%)
  Load/store unit conflicts: 97984722 (16.30%)
  MSHR conflicts: 85636888 (14.25%)
----------------------------------------
==== System-wide Cache Statistics ====
Stall for miss queue full 800 cycles (0.00%)
----------------------------------------
==== Statistics for Master ID: 0 ====
Reads: 378603766   Writes: 43436555
ICACHE: size: 64 KB assoc: 2
ICACHE: hits:207192316 misses:8994977  Hit Ratio: 95.84%
DCACHE: size: 1*16 KB assoc: 1*4
DCACHE: hits:197639597 misses:8213431 writebacks:876404  Hit Ratio: 96.01%
SCACHE: size: 512 KB assoc: 2
SCACHE: hits:15650908 misses:1557500  Hit Ratio: 90.95%
3CACHE: size: 4096 KB assoc: 2
3CACHE: hits:1223656 misses:333844  Hit Ratio: 78.57%
3CACHE: dirty items replaced:150783
ITLB: size: 48, misses 88958, miss rate 0.04%
DTLB: size: 128, misses 1595443, miss rate 0.78%
Avg mem delay: 2.516 cycles
----------------------------------------
==== Statistics for Master ID: 2 ====
Reads: 388101305   Writes: 65137635
ICACHE: size: 64 KB assoc: 2
ICACHE: hits:222222528 misses:7738851  Hit Ratio: 96.63%
DCACHE: size: 2*16 KB assoc: 2*4
DCACHE: hits:217959909 misses:5317817 writebacks:1976056  Hit Ratio: 97.62%
SCACHE: size: 512 KB assoc: 2
SCACHE: hits:10893743 misses:2162760  Hit Ratio: 83.44%
3CACHE: size: 4096 KB assoc: 2
3CACHE: hits:1788814 misses:373946  Hit Ratio: 82.71%
3CACHE: dirty items replaced:101245
ITLB: size: 48, misses 285204, miss rate 0.12%
DTLB: size: 128, misses 974127, miss rate 0.44%
Avg mem delay: 2.516 cycles
----------------------------------------
==== Statistics for Master ID: 3 ====
Reads: 421177066   Writes: 61787058
ICACHE: size: 64 KB assoc: 2
ICACHE: hits:265270265 misses:277011  Hit Ratio: 99.90%
DCACHE: size: 1*16 KB assoc: 1*4
DCACHE: hits:211585608 misses:5831495 writebacks:2758333  Hit Ratio: 97.32%
SCACHE: size: 512 KB assoc: 2
SCACHE: hits:3210075 misses:2898175  Hit Ratio: 52.55%
3CACHE: size: 4096 KB assoc: 2
3CACHE: hits:758217 misses:2139958  Hit Ratio: 26.16%
3CACHE: dirty items replaced:144059
ITLB: size: 48, misses 2476, miss rate 0.00%
DTLB: size: 128, misses 611039, miss rate 0.28%
Avg mem delay: 2.516 cycles
----------------------------------------
==== Global Resource Utilization ====
STASH: size: 65536 entries, full 2749048838, empty 129174075, misses 11683532, full rate 95.13
icache bank util. 0.153 0.140 0.131 0.147 0.178 0.201 0.154 0.165 
dcache bank util. 0.121 0.140 0.153 0.116 0.190 0.147 0.183 0.149 
L2 bank util. 0.042 0.053 0.047 0.043 0.048 0.048 0.044 0.051 
L1-L2 bus util. = 0.210, L3 util. = 0.047
----------------------------------------

======================== 切片硬件状态 ========================
切片号 | 所属安全域 | 当前状态    | 路扩展 | LRU touched
------------------------------------------------------------------
  0    |   域0      | 正常运行   |  否   |  600999998
  1    |   域3      | 正常运行   |  否   |  600999999
  2    |   域2      | 正常运行   |  是   |  600999996
  3    |   域2      | 正常运行   |  是   |  600999994
==================================================================

branch prediction, hits = 129489279, misses = 26474203, hit rate = 83.03%
return_stack prediction, hits = 18830431, misses = 4344, hit rate = 99.98%
jump prediction, hits = 124491214, misses = 39196057, hit rate = 76.05%

**** Early Exiting at 678583414 Cycles *****
========================================
 SMTSIM Global Statistics
========================================
Threads: 4		Fetch Width: 8
No of useful instructions fetched:	2000000100 (36.84% proc util.)
No of total instructions fetched:	2844518524 (52.40% proc util.)
 includes 165114424 misfetch (5.8%), 679404000 (23.9%) wrong-path fetches
 and 0 flushed after failed lock(0.0%)
No of useful instructions issued/executed:	2000000065 (36.84% proc util.)
No of total instructions issued/executed:	2331753131 (42.95% proc util.)
 includes 331753066 wrong-path (14.2%) insts and 0 flushed (0.0%)
	fp 5793, 0.00%
	synch 0, 0.00%
	integer 1587052772, 68.06%
	load/store 744694566, 31.94%
Avg size of int IQ (before scheduling): 24.15
Avg size of fp IQ (before scheduling): 0.00
No of cycles taken:		678583414
Parallelism [ 0.884, 0.000, 0.772, 1.291,] = 2.947
 IQ conflicts: 7729825 (1.14%), FQ conflicts: 0 (0.00%) 
 I reg conflicts: 223064018 (32.87%), FP reg conflicts: 0 (0.00%)
  Activelist confs: 3828 (0.00%), ROB confs: 407452 (0.06%)
  Int unit conflicts: 820299996 (120.88%), FP unit conflicts: 7 (0.00%)
  Load/store unit conflicts: 113573374 (16.74%)
  MSHR conflicts: 100578653 (14.82%)
----------------------------------------
==== System-wide Cache Statistics ====
Stall for miss queue full 800 cycles (0.00%)
----------------------------------------
==== Statistics for Master ID: 0 ====
Reads: 437836735   Writes: 50076631
ICACHE: size: 64 KB assoc: 2
ICACHE: hits:240043802 misses:10164397  Hit Ratio: 95.94%
DCACHE: size: 1*16 KB assoc: 1*4
DCACHE: hits:228259420 misses:9445747 writebacks:1004240  Hit Ratio: 96.03%
SCACHE: size: 512 KB assoc: 2
SCACHE: hits:17823516 misses:1786627  Hit Ratio: 90.89%
3CACHE: size: 4096 KB assoc: 2
3CACHE: hits:1411345 misses:375282  Hit Ratio: 78.99%
3CACHE: dirty items replaced:177696
ITLB: size: 48, misses 103687, miss rate 0.04%
DTLB: size: 128, misses 1805980, miss rate 0.76%
Avg mem delay: 2.413 cycles
----------------------------------------
==== Statistics for Master ID: 2 ====
Reads: 445783954   Writes: 73267201
ICACHE: size: 64 KB assoc: 2
ICACHE: hits:254512499 misses:8797901  Hit Ratio: 96.66%
DCACHE: size: 2*16 KB assoc: 2*4
DCACHE: hits:250094164 misses:5646756 writebacks:2094687  Hit Ratio: 97.79%
SCACHE: size: 512 KB assoc: 2
SCACHE: hits:12017290 misses:2427202  Hit Ratio: 83.20%
3CACHE: size: 4096 KB assoc: 2
3CACHE: hits:2019353 misses:407849  Hit Ratio: 83.20%
3CACHE: dirty items replaced:118413
ITLB: size: 48, misses 358167, miss rate 0.14%
DTLB: size: 128, misses 1105302, miss rate 0.43%
Avg mem delay: 2.413 cycles
----------------------------------------
==== Statistics for Master ID: 3 ====
Reads: 486312626   Writes: 70560423
ICACHE: size: 64 KB assoc: 2
ICACHE: hits:306364294 misses:313743  Hit Ratio: 99.90%
DCACHE: size: 1*16 KB assoc: 1*4
DCACHE: hits:243598063 misses:6597204 writebacks:3084165  Hit Ratio: 97.36%
SCACHE: size: 512 KB assoc: 2
SCACHE: hits:3855724 misses:3054967  Hit Ratio: 55.79%
3CACHE: size: 4096 KB assoc: 2
3CACHE: hits:878185 misses:2176782  Hit Ratio: 28.75%
3CACHE: dirty items replaced:164241
ITLB: size: 48, misses 2864, miss rate 0.00%
DTLB: size: 128, misses 676206, miss rate 0.27%
Avg mem delay: 2.413 cycles
----------------------------------------
==== Global Resource Utilization ====
STASH: size: 65536 entries, full 3157340692, empty 147084494, misses 13273485, full rate 95.17
icache bank util. 0.156 0.145 0.133 0.148 0.180 0.202 0.157 0.173 
dcache bank util. 0.127 0.142 0.154 0.117 0.193 0.149 0.187 0.150 
L2 bank util. 0.041 0.053 0.047 0.042 0.047 0.047 0.044 0.051 
L1-L2 bus util. = 0.208, L3 util. = 0.044
----------------------------------------

======================== 切片硬件状态 ========================
切片号 | 所属安全域 | 当前状态    | 路扩展 | LRU touched
------------------------------------------------------------------
  0    |   域0      | 正常运行   |  否   |  678583413
  1    |   域3      | 正常运行   |  否   |  678583413
  2    |   域2      | 正常运行   |  是   |  678583278
  3    |   域2      | 正常运行   |  是   |  678583268
==================================================================

branch prediction, hits = 150968998, misses = 30113654, hit rate = 83.37%
return_stack prediction, hits = 21487605, misses = 5063, hit rate = 99.98%
jump prediction, hits = 144954191, misses = 43935516, hit rate = 76.74%
total IPC 2.947

=== Results saved to: ./results/crafty_2_gcc-expr_1_gzip-source_1.txt ===
