测试启动顺序：cacherand.arg2 + gzip-program.arg + gcc-scilab.arg
执行命令：./smtsim cacherand.arg2 gzip-program.arg gcc-scilab.arg
重试次数：0
==================================================

全共享缓存
Process 0, Thread 0: cacherand
Process 0, Thread 1: cacherand
Process 2, Thread 2: gzip-program
Process 3, Thread 3: gcc-scilab

**** Debug Statistics at 1000000 Cycles *****
Threads: 4		Fetch Width: 8
No of useful instructions fetched:	1132090 (14.15% proc util.)
No of total instructions fetched:	1226551 (15.33% proc util.)
 includes 16330 misfetch (1.3%), 78131 (6.4%) wrong-path fetches
 and 0 flushed after failed lock(0.0%)
No of useful instructions issued/executed:	1132069 (14.15% proc util.)
No of total instructions issued/executed:	1167755 (14.60% proc util.)
 includes 35686 wrong-path (3.1%) insts and 0 flushed (0.0%)
	fp 71, 0.01%
	synch 0, 0.00%
	integer 962476, 82.42%
	load/store 205208, 17.57%
Avg size of int IQ (before scheduling): 31.66
Avg size of fp IQ (before scheduling): 0.00
No of cycles taken:		1000000
Parallelism [ 0.664, 0.000, 0.136, 0.332,] = 1.132
 IQ conflicts: 596 (0.06%), FQ conflicts: 0 (0.00%) 
 I reg conflicts: 830515 (83.05%), FP reg conflicts: 0 (0.00%)
  Activelist confs: 0 (0.00%), ROB confs: 0 (0.00%)
  Int unit conflicts: 41862 (4.19%), FP unit conflicts: 0 (0.00%)
  Load/store unit conflicts: 10883 (1.09%)
  MSHR conflicts: 198676 (19.87%)
----------------------------------------
==== System-wide Cache Statistics ====
Stall for miss queue full 0 cycles (0.00%)
----------------------------------------
==== Statistics for Master ID: 0 ====
Reads: 168300   Writes: 0
ICACHE: size: 64 KB assoc: 2
ICACHE: hits:143709 misses:5  Hit Ratio: 100.00%
DCACHE: size: 32 KB assoc: 8
DCACHE: hits:12221 misses:12365 writebacks:9579  Hit Ratio: 49.71%
SCACHE: size: 512 KB assoc: 2
SCACHE: hits:10734 misses:1636  Hit Ratio: 86.77%
3CACHE: size: 4096 KB assoc: 2
3CACHE: hits:824 misses:812  Hit Ratio: 50.37%
3CACHE: dirty items replaced:0
ITLB: size: 48, misses 1, miss rate 0.00%
DTLB: size: 128, misses 31, miss rate 0.13%
Avg mem delay: 57.922 cycles
----------------------------------------
==== Statistics for Master ID: 2 ====
Reads: 115817   Writes: 22140
ICACHE: size: 64 KB assoc: 2
ICACHE: hits:72469 misses:202  Hit Ratio: 99.72%
DCACHE: size: 32 KB assoc: 8
DCACHE: hits:43607 misses:21679 writebacks:21509  Hit Ratio: 66.79%
SCACHE: size: 512 KB assoc: 2
SCACHE: hits:304 misses:21577  Hit Ratio: 1.39%
3CACHE: size: 4096 KB assoc: 2
3CACHE: hits:0 misses:21577  Hit Ratio: 0.00%
3CACHE: dirty items replaced:8
ITLB: size: 48, misses 18, miss rate 0.02%
DTLB: size: 128, misses 5329, miss rate 8.16%
Avg mem delay: 57.922 cycles
----------------------------------------
==== Statistics for Master ID: 3 ====
Reads: 173158   Writes: 50729
ICACHE: size: 64 KB assoc: 2
ICACHE: hits:107275 misses:1398  Hit Ratio: 98.71%
DCACHE: size: 32 KB assoc: 8
DCACHE: hits:111419 misses:3795 writebacks:3102  Hit Ratio: 96.71%
SCACHE: size: 512 KB assoc: 2
SCACHE: hits:1379 misses:3814  Hit Ratio: 26.55%
3CACHE: size: 4096 KB assoc: 2
3CACHE: hits:139 misses:3675  Hit Ratio: 3.64%
3CACHE: dirty items replaced:0
ITLB: size: 48, misses 89, miss rate 0.08%
DTLB: size: 128, misses 383, miss rate 0.33%
Avg mem delay: 57.922 cycles
----------------------------------------
==== Global Resource Utilization ====
STASH: size: 65536 entries, full 501253831, empty 23267, misses 1973, full rate 99.99
icache bank util. 0.104 0.081 0.017 0.016 0.014 0.014 0.028 0.056 
dcache bank util. 0.031 0.034 0.044 0.024 0.024 0.023 0.209 0.032 
L2 bank util. 0.019 0.017 0.017 0.018 0.017 0.016 0.286 0.017 
L1-L2 bus util. = 0.221, L3 util. = 0.261
----------------------------------------
branch prediction, hits = 66435, misses = 4914, hit rate = 93.11%
return_stack prediction, hits = 4244, misses = 14, hit rate = 99.67%
jump prediction, hits = 67574, misses = 3885, hit rate = 94.56%
 dgelq2_ dgelqf_
**** Debug Statistics at 101000000 Cycles *****
Threads: 4		Fetch Width: 8
No of useful instructions fetched:	170063686 (21.05% proc util.)
No of total instructions fetched:	199228143 (24.66% proc util.)
 includes 8530649 misfetch (4.3%), 20633808 (10.4%) wrong-path fetches
 and 0 flushed after failed lock(0.0%)
No of useful instructions issued/executed:	170063660 (21.05% proc util.)
No of total instructions issued/executed:	178978921 (22.15% proc util.)
 includes 8915261 wrong-path (5.0%) insts and 0 flushed (0.0%)
	fp 1266, 0.00%
	synch 0, 0.00%
	integer 139362792, 77.87%
	load/store 39614863, 22.13%
Avg size of int IQ (before scheduling): 21.56
Avg size of fp IQ (before scheduling): 0.00
No of cycles taken:		101000000
Parallelism [ 0.758, 0.000, 0.332, 0.594,] = 1.684
 IQ conflicts: 31868 (0.03%), FQ conflicts: 0 (0.00%) 
 I reg conflicts: 73085268 (72.36%), FP reg conflicts: 0 (0.00%)
  Activelist confs: 0 (0.00%), ROB confs: 0 (0.00%)
  Int unit conflicts: 11051440 (10.94%), FP unit conflicts: 4 (0.00%)
  Load/store unit conflicts: 2653415 (2.63%)
  MSHR conflicts: 2546936 (2.52%)
----------------------------------------
==== System-wide Cache Statistics ====
Stall for miss queue full 0 cycles (0.00%)
----------------------------------------
==== Statistics for Master ID: 0 ====
Reads: 22724081   Writes: 11
ICACHE: size: 64 KB assoc: 2
ICACHE: hits:19887982 misses:70  Hit Ratio: 100.00%
DCACHE: size: 32 KB assoc: 8
DCACHE: hits:891841 misses:1944199 writebacks:1941332  Hit Ratio: 31.45%
SCACHE: size: 512 KB assoc: 2
SCACHE: hits:1891562 misses:52706  Hit Ratio: 97.29%
3CACHE: size: 4096 KB assoc: 2
3CACHE: hits:46992 misses:5714  Hit Ratio: 89.16%
3CACHE: dirty items replaced:3
ITLB: size: 48, misses 1, miss rate 0.00%
DTLB: size: 128, misses 228, miss rate 0.01%
Avg mem delay: 8.736 cycles
----------------------------------------
==== Statistics for Master ID: 2 ====
Reads: 18207329   Writes: 4926192
ICACHE: size: 64 KB assoc: 2
ICACHE: hits:13095222 misses:747  Hit Ratio: 99.99%
DCACHE: size: 32 KB assoc: 8
DCACHE: hits:8665655 misses:1371897 writebacks:1371727  Hit Ratio: 86.33%
SCACHE: size: 512 KB assoc: 2
SCACHE: hits:2325 misses:1370319  Hit Ratio: 0.17%
3CACHE: size: 4096 KB assoc: 2
3CACHE: hits:121 misses:1370198  Hit Ratio: 0.01%
3CACHE: dirty items replaced:45844
ITLB: size: 48, misses 67, miss rate 0.00%
DTLB: size: 128, misses 64691, miss rate 0.64%
Avg mem delay: 8.736 cycles
----------------------------------------
==== Statistics for Master ID: 3 ====
Reads: 41052117   Writes: 8034972
ICACHE: size: 64 KB assoc: 2
ICACHE: hits:22088571 misses:325642  Hit Ratio: 98.55%
DCACHE: size: 32 KB assoc: 8
DCACHE: hits:25698835 misses:974041 writebacks:973333  Hit Ratio: 96.35%
SCACHE: size: 512 KB assoc: 2
SCACHE: hits:996511 misses:303172  Hit Ratio: 76.67%
3CACHE: size: 4096 KB assoc: 2
3CACHE: hits:233068 misses:70104  Hit Ratio: 76.88%
3CACHE: dirty items replaced:4718
ITLB: size: 48, misses 18830, miss rate 0.08%
DTLB: size: 128, misses 19821, miss rate 0.07%
Avg mem delay: 8.736 cycles
----------------------------------------
==== Global Resource Utilization ====
STASH: size: 65536 entries, full 703535815, empty 6762660, misses 615714, full rate 98.96
icache bank util. 0.153 0.113 0.028 0.030 0.031 0.104 0.038 0.062 
dcache bank util. 0.074 0.080 0.089 0.090 0.075 0.070 0.082 0.086 
L2 bank util. 0.050 0.050 0.051 0.051 0.050 0.049 0.058 0.066 
L1-L2 bus util. = 0.264, L3 util. = 0.143
----------------------------------------
branch prediction, hits = 14404776, misses = 1450241, hit rate = 90.85%
return_stack prediction, hits = 861662, misses = 933, hit rate = 99.89%
jump prediction, hits = 13261858, misses = 2031916, hit rate = 86.71%
 dgels_
**** Debug Statistics at 201000000 Cycles *****
Threads: 4		Fetch Width: 8
No of useful instructions fetched:	460706996 (28.65% proc util.)
No of total instructions fetched:	568176836 (35.33% proc util.)
 includes 18730506 misfetch (3.3%), 88739334 (15.6%) wrong-path fetches
 and 0 flushed after failed lock(0.0%)
No of useful instructions issued/executed:	460706954 (28.65% proc util.)
No of total instructions issued/executed:	501032443 (31.16% proc util.)
 includes 40325489 wrong-path (8.0%) insts and 0 flushed (0.0%)
	fp 5995, 0.00%
	synch 0, 0.00%
	integer 387166849, 77.27%
	load/store 113859599, 22.72%
Avg size of int IQ (before scheduling): 23.89
Avg size of fp IQ (before scheduling): 0.00
No of cycles taken:		201000000
Parallelism [ 0.907, 0.000, 0.659, 0.725,] = 2.292
 IQ conflicts: 168454 (0.08%), FQ conflicts: 0 (0.00%) 
 I reg conflicts: 120195741 (59.80%), FP reg conflicts: 0 (0.00%)
  Activelist confs: 119 (0.00%), ROB confs: 28164 (0.01%)
  Int unit conflicts: 97069212 (48.29%), FP unit conflicts: 5 (0.00%)
  Load/store unit conflicts: 9030730 (4.49%)
  MSHR conflicts: 8129799 (4.04%)
----------------------------------------
==== System-wide Cache Statistics ====
Stall for miss queue full 0 cycles (0.00%)
----------------------------------------
==== Statistics for Master ID: 0 ====
Reads: 57129133   Writes: 13
ICACHE: size: 64 KB assoc: 2
ICACHE: hits:50373802 misses:150  Hit Ratio: 100.00%
DCACHE: size: 32 KB assoc: 8
DCACHE: hits:2110572 misses:4644622 writebacks:4641755  Hit Ratio: 31.24%
SCACHE: size: 512 KB assoc: 2
SCACHE: hits:4542459 misses:102313  Hit Ratio: 97.80%
3CACHE: size: 4096 KB assoc: 2
3CACHE: hits:89914 misses:12399  Hit Ratio: 87.88%
3CACHE: dirty items replaced:328
ITLB: size: 48, misses 1, miss rate 0.00%
DTLB: size: 128, misses 542, miss rate 0.01%
Avg mem delay: 5.157 cycles
----------------------------------------
==== Statistics for Master ID: 2 ====
Reads: 74738306   Writes: 13706172
ICACHE: size: 64 KB assoc: 2
ICACHE: hits:48786200 misses:6549  Hit Ratio: 99.99%
DCACHE: size: 32 KB assoc: 8
DCACHE: hits:36709034 misses:2942695 writebacks:2942525  Hit Ratio: 92.58%
SCACHE: size: 512 KB assoc: 2
SCACHE: hits:754720 misses:2194524  Hit Ratio: 25.59%
3CACHE: size: 4096 KB assoc: 2
3CACHE: hits:69936 misses:2124588  Hit Ratio: 3.19%
3CACHE: dirty items replaced:94494
ITLB: size: 48, misses 227, miss rate 0.00%
DTLB: size: 128, misses 100450, miss rate 0.25%
Avg mem delay: 5.157 cycles
----------------------------------------
==== Statistics for Master ID: 3 ====
Reads: 107857892   Writes: 19822395
ICACHE: size: 64 KB assoc: 2
ICACHE: hits:59640903 misses:778709  Hit Ratio: 98.71%
DCACHE: size: 32 KB assoc: 8
DCACHE: hits:64950932 misses:2309743 writebacks:2309035  Hit Ratio: 96.57%
SCACHE: size: 512 KB assoc: 2
SCACHE: hits:2417924 misses:670527  Hit Ratio: 78.29%
3CACHE: size: 4096 KB assoc: 2
3CACHE: hits:529189 misses:141338  Hit Ratio: 78.92%
3CACHE: dirty items replaced:16495
ITLB: size: 48, misses 39876, miss rate 0.07%
DTLB: size: 128, misses 69084, miss rate 0.10%
Avg mem delay: 5.157 cycles
----------------------------------------
==== Global Resource Utilization ====
STASH: size: 65536 entries, full 1092616528, empty 15526736, misses 1398184, full rate 98.47
icache bank util. 0.203 0.157 0.047 0.053 0.065 0.138 0.065 0.078 
dcache bank util. 0.097 0.106 0.113 0.113 0.117 0.093 0.117 0.106 
L2 bank util. 0.058 0.057 0.058 0.059 0.057 0.055 0.061 0.067 
L1-L2 bus util. = 0.307, L3 util. = 0.113
----------------------------------------
branch prediction, hits = 35368280, misses = 4399532, hit rate = 88.94%
return_stack prediction, hits = 2515337, misses = 2211, hit rate = 99.91%
jump prediction, hits = 34990000, misses = 4583848, hit rate = 88.42%

**** Debug Statistics at 301000000 Cycles *****
Threads: 4		Fetch Width: 8
No of useful instructions fetched:	874178093 (36.30% proc util.)
No of total instructions fetched:	1104646628 (45.87% proc util.)
 includes 33081508 misfetch (3.0%), 197387027 (17.9%) wrong-path fetches
 and 0 flushed after failed lock(0.0%)
No of useful instructions issued/executed:	874178063 (36.30% proc util.)
No of total instructions issued/executed:	963027136 (39.99% proc util.)
 includes 88849073 wrong-path (9.2%) insts and 0 flushed (0.0%)
	fp 6125, 0.00%
	synch 0, 0.00%
	integer 740222827, 76.86%
	load/store 222798184, 23.14%
Avg size of int IQ (before scheduling): 26.95
Avg size of fp IQ (before scheduling): 0.00
No of cycles taken:		301000000
Parallelism [ 1.047, 0.000, 0.973, 0.884,] = 2.904
 IQ conflicts: 393541 (0.13%), FQ conflicts: 0 (0.00%) 
 I reg conflicts: 142603383 (47.38%), FP reg conflicts: 0 (0.00%)
  Activelist confs: 267 (0.00%), ROB confs: 62004 (0.02%)
  Int unit conflicts: 292234758 (97.09%), FP unit conflicts: 5 (0.00%)
  Load/store unit conflicts: 20346624 (6.76%)
  MSHR conflicts: 15192857 (5.05%)
----------------------------------------
==== System-wide Cache Statistics ====
Stall for miss queue full 0 cycles (0.00%)
----------------------------------------
==== Statistics for Master ID: 0 ====
Reads: 101895603   Writes: 13
ICACHE: size: 64 KB assoc: 2
ICACHE: hits:90224209 misses:217  Hit Ratio: 100.00%
DCACHE: size: 32 KB assoc: 8
DCACHE: hits:3744345 misses:7926845 writebacks:7923978  Hit Ratio: 32.08%
SCACHE: size: 512 KB assoc: 2
SCACHE: hits:7771433 misses:155629  Hit Ratio: 98.04%
3CACHE: size: 4096 KB assoc: 2
3CACHE: hits:132473 misses:23156  Hit Ratio: 85.12%
3CACHE: dirty items replaced:7010
ITLB: size: 48, misses 1, miss rate 0.00%
DTLB: size: 128, misses 1108, miss rate 0.01%
Avg mem delay: 3.489 cycles
----------------------------------------
==== Statistics for Master ID: 2 ====
Reads: 164388305   Writes: 25289138
ICACHE: size: 64 KB assoc: 2
ICACHE: hits:104774356 misses:14786  Hit Ratio: 99.99%
DCACHE: size: 32 KB assoc: 8
DCACHE: hits:80653837 misses:4234464 writebacks:4234294  Hit Ratio: 95.01%
SCACHE: size: 512 KB assoc: 2
SCACHE: hits:1914020 misses:2335230  Hit Ratio: 45.04%
3CACHE: size: 4096 KB assoc: 2
3CACHE: hits:175026 misses:2160204  Hit Ratio: 7.50%
3CACHE: dirty items replaced:106894
ITLB: size: 48, misses 427, miss rate 0.00%
DTLB: size: 128, misses 120439, miss rate 0.14%
Avg mem delay: 3.489 cycles
----------------------------------------
==== Statistics for Master ID: 3 ====
Reads: 206762327   Writes: 36322331
ICACHE: size: 64 KB assoc: 2
ICACHE: hits:115919029 misses:1332579  Hit Ratio: 98.86%
DCACHE: size: 32 KB assoc: 8
DCACHE: hits:121767635 misses:4065415 writebacks:4064707  Hit Ratio: 96.77%
SCACHE: size: 512 KB assoc: 2
SCACHE: hits:4355442 misses:1042552  Hit Ratio: 80.69%
3CACHE: size: 4096 KB assoc: 2
3CACHE: hits:854538 misses:188014  Hit Ratio: 81.97%
3CACHE: dirty items replaced:33131
ITLB: size: 48, misses 55371, miss rate 0.05%
DTLB: size: 128, misses 141209, miss rate 0.11%
Avg mem delay: 3.489 cycles
----------------------------------------
==== Global Resource Utilization ====
STASH: size: 65536 entries, full 1665071717, empty 26033888, misses 2332677, full rate 98.32
icache bank util. 0.253 0.201 0.064 0.076 0.099 0.157 0.095 0.106 
dcache bank util. 0.120 0.126 0.134 0.135 0.152 0.111 0.154 0.132 
L2 bank util. 0.061 0.062 0.061 0.063 0.061 0.059 0.064 0.070 
L1-L2 bus util. = 0.337, L3 util. = 0.079
----------------------------------------
branch prediction, hits = 63253374, misses = 8705500, hit rate = 87.90%
return_stack prediction, hits = 4926088, misses = 2420, hit rate = 99.95%
jump prediction, hits = 64137786, misses = 8103302, hit rate = 88.78%
 dgemm_ dgemv_
**** Debug Statistics at 401000000 Cycles *****
Threads: 4		Fetch Width: 8
No of useful instructions fetched:	1289937539 (40.21% proc util.)
No of total instructions fetched:	1632780504 (50.90% proc util.)
 includes 43069626 misfetch (2.6%), 299773339 (18.4%) wrong-path fetches
 and 0 flushed after failed lock(0.0%)
No of useful instructions issued/executed:	1289937493 (40.21% proc util.)
No of total instructions issued/executed:	1425891933 (44.45% proc util.)
 includes 135954440 wrong-path (9.5%) insts and 0 flushed (0.0%)
	fp 25985, 0.00%
	synch 0, 0.00%
	integer 1094928940, 76.79%
	load/store 330937008, 23.21%
Avg size of int IQ (before scheduling): 28.56
Avg size of fp IQ (before scheduling): 0.00
No of cycles taken:		401000000
Parallelism [ 1.120, 0.000, 1.130, 0.967,] = 3.217
 IQ conflicts: 659101 (0.16%), FQ conflicts: 0 (0.00%) 
 I reg conflicts: 165944144 (41.38%), FP reg conflicts: 0 (0.00%)
  Activelist confs: 337 (0.00%), ROB confs: 149265 (0.04%)
  Int unit conflicts: 486230093 (121.25%), FP unit conflicts: 5 (0.00%)
  Load/store unit conflicts: 31260881 (7.80%)
  MSHR conflicts: 20008362 (4.99%)
----------------------------------------
==== System-wide Cache Statistics ====
Stall for miss queue full 0 cycles (0.00%)
----------------------------------------
==== Statistics for Master ID: 0 ====
Reads: 146795467   Writes: 13
ICACHE: size: 64 KB assoc: 2
ICACHE: hits:130154920 misses:301  Hit Ratio: 100.00%
DCACHE: size: 32 KB assoc: 8
DCACHE: hits:5396420 misses:11243839 writebacks:11240972  Hit Ratio: 32.43%
SCACHE: size: 512 KB assoc: 2
SCACHE: hits:11048640 misses:195500  Hit Ratio: 98.26%
3CACHE: size: 4096 KB assoc: 2
3CACHE: hits:165801 misses:29699  Hit Ratio: 84.81%
3CACHE: dirty items replaced:10503
ITLB: size: 48, misses 1, miss rate 0.00%
DTLB: size: 128, misses 1535, miss rate 0.01%
Avg mem delay: 2.934 cycles
----------------------------------------
==== Statistics for Master ID: 2 ====
Reads: 255078230   Writes: 37970812
ICACHE: size: 64 KB assoc: 2
ICACHE: hits:160826995 misses:22742  Hit Ratio: 99.99%
DCACHE: size: 32 KB assoc: 8
DCACHE: hits:126522933 misses:5676372 writebacks:5676202  Hit Ratio: 95.71%
SCACHE: size: 512 KB assoc: 2
SCACHE: hits:3209949 misses:2489165  Hit Ratio: 56.32%
3CACHE: size: 4096 KB assoc: 2
3CACHE: hits:297359 misses:2191806  Hit Ratio: 11.95%
3CACHE: dirty items replaced:118969
ITLB: size: 48, misses 710, miss rate 0.00%
DTLB: size: 128, misses 134326, miss rate 0.10%
Avg mem delay: 2.934 cycles
----------------------------------------
==== Statistics for Master ID: 3 ====
Reads: 300759634   Writes: 52762319
ICACHE: size: 64 KB assoc: 2
ICACHE: hits:170153073 misses:1794087  Hit Ratio: 98.96%
DCACHE: size: 32 KB assoc: 8
DCACHE: hits:175816543 misses:5758250 writebacks:5757542  Hit Ratio: 96.83%
SCACHE: size: 512 KB assoc: 2
SCACHE: hits:6104313 misses:1448022  Hit Ratio: 80.83%
3CACHE: size: 4096 KB assoc: 2
3CACHE: hits:1207584 misses:240438  Hit Ratio: 83.40%
3CACHE: dirty items replaced:53047
ITLB: size: 48, misses 80302, miss rate 0.05%
DTLB: size: 128, misses 208948, miss rate 0.12%
Avg mem delay: 2.934 cycles
----------------------------------------
==== Global Resource Utilization ====
STASH: size: 65536 entries, full 2229287708, empty 36083188, misses 3218658, full rate 98.27
icache bank util. 0.276 0.221 0.075 0.090 0.115 0.164 0.109 0.118 
dcache bank util. 0.130 0.137 0.148 0.145 0.169 0.122 0.172 0.141 
L2 bank util. 0.064 0.064 0.064 0.065 0.063 0.061 0.066 0.071 
L1-L2 bus util. = 0.353, L3 util. = 0.061
----------------------------------------
branch prediction, hits = 91040143, misses = 12542644, hit rate = 87.89%
return_stack prediction, hits = 7496692, misses = 4505, hit rate = 99.94%
jump prediction, hits = 94785330, misses = 10710266, hit rate = 89.85%
 dgeqr2_ dgeqrf_
**** Debug Statistics at 501000000 Cycles *****
Threads: 4		Fetch Width: 8
No of useful instructions fetched:	1695415030 (42.30% proc util.)
No of total instructions fetched:	2169793213 (54.14% proc util.)
 includes 58098441 misfetch (2.7%), 416279742 (19.2%) wrong-path fetches
 and 0 flushed after failed lock(0.0%)
No of useful instructions issued/executed:	1695414971 (42.30% proc util.)
No of total instructions issued/executed:	1884835890 (47.03% proc util.)
 includes 189420919 wrong-path (10.0%) insts and 0 flushed (0.0%)
	fp 30966, 0.00%
	synch 0, 0.00%
	integer 1444351808, 76.63%
	load/store 440453116, 23.37%
Avg size of int IQ (before scheduling): 29.36
Avg size of fp IQ (before scheduling): 0.00
No of cycles taken:		501000000
Parallelism [ 1.165, 0.000, 1.221, 0.998,] = 3.384
 IQ conflicts: 810371 (0.16%), FQ conflicts: 0 (0.00%) 
 I reg conflicts: 187955301 (37.52%), FP reg conflicts: 0 (0.00%)
  Activelist confs: 564 (0.00%), ROB confs: 212464 (0.04%)
  Int unit conflicts: 661683065 (132.07%), FP unit conflicts: 5 (0.00%)
  Load/store unit conflicts: 43098382 (8.60%)
  MSHR conflicts: 24145850 (4.82%)
----------------------------------------
==== System-wide Cache Statistics ====
Stall for miss queue full 0 cycles (0.00%)
----------------------------------------
==== Statistics for Master ID: 0 ====
Reads: 192189404   Writes: 14
ICACHE: size: 64 KB assoc: 2
ICACHE: hits:170576481 misses:393  Hit Ratio: 100.00%
DCACHE: size: 32 KB assoc: 8
DCACHE: hits:7006037 misses:14606507 writebacks:14603640  Hit Ratio: 32.42%
SCACHE: size: 512 KB assoc: 2
SCACHE: hits:14365870 misses:241030  Hit Ratio: 98.35%
3CACHE: size: 4096 KB assoc: 2
3CACHE: hits:202389 misses:38641  Hit Ratio: 83.97%
3CACHE: dirty items replaced:16706
ITLB: size: 48, misses 1, miss rate 0.00%
DTLB: size: 128, misses 2031, miss rate 0.01%
Avg mem delay: 2.656 cycles
----------------------------------------
==== Statistics for Master ID: 2 ====
Reads: 346559124   Writes: 50153994
ICACHE: size: 64 KB assoc: 2
ICACHE: hits:217799950 misses:32976  Hit Ratio: 99.98%
DCACHE: size: 32 KB assoc: 8
DCACHE: hits:171700649 misses:7179543 writebacks:7179373  Hit Ratio: 95.99%
SCACHE: size: 512 KB assoc: 2
SCACHE: hits:4587926 misses:2624593  Hit Ratio: 63.61%
3CACHE: size: 4096 KB assoc: 2
3CACHE: hits:396349 misses:2228244  Hit Ratio: 15.10%
3CACHE: dirty items replaced:137714
ITLB: size: 48, misses 993, miss rate 0.00%
DTLB: size: 128, misses 150390, miss rate 0.08%
Avg mem delay: 2.656 cycles
----------------------------------------
==== Statistics for Master ID: 3 ====
Reads: 397994006   Writes: 69125129
ICACHE: size: 64 KB assoc: 2
ICACHE: hits:225482121 misses:2415190  Hit Ratio: 98.94%
DCACHE: size: 32 KB assoc: 8
DCACHE: hits:231734123 misses:7487701 writebacks:7486993  Hit Ratio: 96.87%
SCACHE: size: 512 KB assoc: 2
SCACHE: hits:8099844 misses:1803047  Hit Ratio: 81.79%
3CACHE: size: 4096 KB assoc: 2
3CACHE: hits:1505107 misses:297940  Hit Ratio: 83.48%
3CACHE: dirty items replaced:83686
ITLB: size: 48, misses 102161, miss rate 0.04%
DTLB: size: 128, misses 279102, miss rate 0.12%
Avg mem delay: 2.656 cycles
----------------------------------------
==== Global Resource Utilization ====
STASH: size: 65536 entries, full 2802279248, empty 48350228, misses 4306364, full rate 98.16
icache bank util. 0.292 0.234 0.081 0.097 0.126 0.169 0.118 0.126 
dcache bank util. 0.135 0.144 0.157 0.152 0.180 0.127 0.182 0.151 
L2 bank util. 0.065 0.065 0.065 0.067 0.065 0.062 0.067 0.073 
L1-L2 bus util. = 0.365, L3 util. = 0.051
----------------------------------------
branch prediction, hits = 117265302, misses = 17049755, hit rate = 87.31%
return_stack prediction, hits = 10129019, misses = 6113, hit rate = 99.94%
jump prediction, hits = 123052958, misses = 14417994, hit rate = 89.51%
 dger_ dlabad_ dlacon_
**** Early Exiting at 574482466 Cycles *****
========================================
 SMTSIM Global Statistics
========================================
Threads: 4		Fetch Width: 8
No of useful instructions fetched:	2000000102 (43.52% proc util.)
No of total instructions fetched:	2567885783 (55.87% proc util.)
 includes 67006733 misfetch (2.6%), 500878948 (19.5%) wrong-path fetches
 and 0 flushed after failed lock(0.0%)
No of useful instructions issued/executed:	2000000053 (43.52% proc util.)
No of total instructions issued/executed:	2227789781 (48.47% proc util.)
 includes 227789728 wrong-path (10.2%) insts and 0 flushed (0.0%)
	fp 39895, 0.00%
	synch 0, 0.00%
	integer 1707719028, 76.66%
	load/store 520030858, 23.34%
Avg size of int IQ (before scheduling): 29.83
Avg size of fp IQ (before scheduling): 0.00
No of cycles taken:		574482466
Parallelism [ 1.190, 0.000, 1.269, 1.022,] = 3.481
 IQ conflicts: 911549 (0.16%), FQ conflicts: 0 (0.00%) 
 I reg conflicts: 203722064 (35.46%), FP reg conflicts: 0 (0.00%)
  Activelist confs: 868 (0.00%), ROB confs: 272299 (0.05%)
  Int unit conflicts: 799252428 (139.13%), FP unit conflicts: 5 (0.00%)
  Load/store unit conflicts: 51032617 (8.88%)
  MSHR conflicts: 26801104 (4.67%)
----------------------------------------
==== System-wide Cache Statistics ====
Stall for miss queue full 0 cycles (0.00%)
----------------------------------------
==== Statistics for Master ID: 0 ====
Reads: 226181950   Writes: 15
ICACHE: size: 64 KB assoc: 2
ICACHE: hits:200853939 misses:516  Hit Ratio: 100.00%
DCACHE: size: 32 KB assoc: 8
DCACHE: hits:8251371 misses:17076139 writebacks:17073272  Hit Ratio: 32.58%
SCACHE: size: 512 KB assoc: 2
SCACHE: hits:16800344 misses:276311  Hit Ratio: 98.38%
3CACHE: size: 4096 KB assoc: 2
3CACHE: hits:233477 misses:42834  Hit Ratio: 84.50%
3CACHE: dirty items replaced:19762
ITLB: size: 48, misses 1, miss rate 0.00%
DTLB: size: 128, misses 2313, miss rate 0.01%
Avg mem delay: 2.514 cycles
----------------------------------------
==== Statistics for Master ID: 2 ====
Reads: 414297736   Writes: 58853663
ICACHE: size: 64 KB assoc: 2
ICACHE: hits:260062696 misses:39374  Hit Ratio: 99.98%
DCACHE: size: 32 KB assoc: 8
DCACHE: hits:204728893 misses:8320436 writebacks:8320266  Hit Ratio: 96.09%
SCACHE: size: 512 KB assoc: 2
SCACHE: hits:5631935 misses:2727874  Hit Ratio: 67.37%
3CACHE: size: 4096 KB assoc: 2
3CACHE: hits:476950 misses:2250924  Hit Ratio: 17.48%
3CACHE: dirty items replaced:152999
ITLB: size: 48, misses 1256, miss rate 0.00%
DTLB: size: 128, misses 162027, miss rate 0.08%
Avg mem delay: 2.514 cycles
----------------------------------------
==== Statistics for Master ID: 3 ====
Reads: 468837631   Writes: 80727278
ICACHE: size: 64 KB assoc: 2
ICACHE: hits:265872307 misses:2882386  Hit Ratio: 98.93%
DCACHE: size: 32 KB assoc: 8
DCACHE: hits:272236910 misses:8573306 writebacks:8572598  Hit Ratio: 96.95%
SCACHE: size: 512 KB assoc: 2
SCACHE: hits:9387646 misses:2068046  Hit Ratio: 81.95%
3CACHE: size: 4096 KB assoc: 2
3CACHE: hits:1735922 misses:332124  Hit Ratio: 83.94%
3CACHE: dirty items replaced:103399
ITLB: size: 48, misses 128143, miss rate 0.05%
DTLB: size: 128, misses 327491, miss rate 0.12%
Avg mem delay: 2.514 cycles
----------------------------------------
==== Global Resource Utilization ====
STASH: size: 65536 entries, full 3227124924, empty 56938155, misses 5052980, full rate 98.12
icache bank util. 0.301 0.241 0.084 0.101 0.131 0.172 0.123 0.131 
dcache bank util. 0.139 0.149 0.161 0.154 0.184 0.130 0.188 0.154 
L2 bank util. 0.066 0.066 0.066 0.067 0.065 0.063 0.067 0.073 
L1-L2 bus util. = 0.370, L3 util. = 0.046
----------------------------------------
branch prediction, hits = 137087542, misses = 20332093, hit rate = 87.08%
return_stack prediction, hits = 11954761, misses = 7368, hit rate = 99.94%
jump prediction, hits = 144773270, misses = 16700944, hit rate = 89.66%
total IPC 3.481

=== Results saved to: ./results/cacherand_2_gzip-program_1_gcc-scilab_1.txt ===
