测试启动顺序：gcc-expr.arg2 + gzip-program.arg + gzip-source.arg
执行命令：./smtsim gcc-expr.arg2 gzip-program.arg gzip-source.arg
重试次数：0
==================================================

 init_expr_once init_expr save_expr_status restore_expr_status enqueue_insn protect_from_queue queued_subexp_p emit_queue init_queue convert_move全共享缓存
Process 0, Thread 0: gcc-expr
Process 0, Thread 1: gcc-expr
Process 2, Thread 2: gzip-program
Process 3, Thread 3: gzip-source

**** Debug Statistics at 1000000 Cycles *****
Threads: 4		Fetch Width: 8
No of useful instructions fetched:	310187 (3.88% proc util.)
No of total instructions fetched:	418208 (5.23% proc util.)
 includes 42418 misfetch (10.1%), 65603 (15.7%) wrong-path fetches
 and 0 flushed after failed lock(0.0%)
No of useful instructions issued/executed:	310140 (3.88% proc util.)
No of total instructions issued/executed:	338518 (4.23% proc util.)
 includes 28378 wrong-path (8.4%) insts and 0 flushed (0.0%)
	fp 44, 0.01%
	synch 0, 0.00%
	integer 190794, 56.36%
	load/store 147680, 43.63%
Avg size of int IQ (before scheduling): 43.14
Avg size of fp IQ (before scheduling): 0.00
No of cycles taken:		1000000
Parallelism [ 0.141, 0.000, 0.086, 0.084,] = 0.310
 IQ conflicts: 6160 (0.62%), FQ conflicts: 0 (0.00%) 
 I reg conflicts: 891660 (89.17%), FP reg conflicts: 0 (0.00%)
  Activelist confs: 0 (0.00%), ROB confs: 1623 (0.16%)
  Int unit conflicts: 3290 (0.33%), FP unit conflicts: 0 (0.00%)
  Load/store unit conflicts: 38360 (3.84%)
  MSHR conflicts: 3756802 (375.68%)
----------------------------------------
==== System-wide Cache Statistics ====
Stall for miss queue full 0 cycles (0.00%)
----------------------------------------
==== Statistics for Master ID: 0 ====
Reads: 98583   Writes: 21115
ICACHE: size: 64 KB assoc: 2
ICACHE: hits:52326 misses:1316  Hit Ratio: 97.55%
DCACHE: size: 32 KB assoc: 8
DCACHE: hits:64264 misses:1792 writebacks:1366  Hit Ratio: 97.29%
SCACHE: size: 512 KB assoc: 2
SCACHE: hits:1626 misses:1482  Hit Ratio: 52.32%
3CACHE: size: 4096 KB assoc: 2
3CACHE: hits:125 misses:1357  Hit Ratio: 8.43%
3CACHE: dirty items replaced:3
ITLB: size: 48, misses 36, miss rate 0.07%
DTLB: size: 128, misses 675, miss rate 1.02%
Avg mem delay: 128.812 cycles
----------------------------------------
==== Statistics for Master ID: 2 ====
Reads: 60562   Writes: 14154
ICACHE: size: 64 KB assoc: 2
ICACHE: hits:32770 misses:504  Hit Ratio: 98.49%
DCACHE: size: 32 KB assoc: 8
DCACHE: hits:19820 misses:21622 writebacks:21453  Hit Ratio: 47.83%
SCACHE: size: 512 KB assoc: 2
SCACHE: hits:8506 misses:13617  Hit Ratio: 38.45%
3CACHE: size: 4096 KB assoc: 2
3CACHE: hits:27 misses:13590  Hit Ratio: 0.20%
3CACHE: dirty items replaced:8
ITLB: size: 48, misses 20, miss rate 0.06%
DTLB: size: 128, misses 3330, miss rate 8.04%
Avg mem delay: 128.812 cycles
----------------------------------------
==== Statistics for Master ID: 3 ====
Reads: 58589   Writes: 13744
ICACHE: size: 64 KB assoc: 2
ICACHE: hits:31750 misses:504  Hit Ratio: 98.44%
DCACHE: size: 32 KB assoc: 8
DCACHE: hits:18800 misses:21279 writebacks:21130  Hit Ratio: 46.91%
SCACHE: size: 512 KB assoc: 2
SCACHE: hits:8529 misses:13249  Hit Ratio: 39.16%
3CACHE: size: 4096 KB assoc: 2
3CACHE: hits:30 misses:13219  Hit Ratio: 0.23%
3CACHE: dirty items replaced:13
ITLB: size: 48, misses 20, miss rate 0.06%
DTLB: size: 128, misses 3239, miss rate 8.08%
Avg mem delay: 128.812 cycles
----------------------------------------
==== Global Resource Utilization ====
STASH: size: 65536 entries, full 92849714, empty 6797497, misses 814588, full rate 92.42
icache bank util. 0.026 0.007 0.007 0.008 0.009 0.009 0.019 0.040 
dcache bank util. 0.007 0.008 0.038 0.015 0.009 0.007 0.322 0.007 
L2 bank util. 0.004 0.003 0.003 0.003 0.003 0.003 0.456 0.005 
L1-L2 bus util. = 0.273, L3 util. = 0.282
----------------------------------------
branch prediction, hits = 22935, misses = 3974, hit rate = 85.23%
return_stack prediction, hits = 2091, misses = 18, hit rate = 99.15%
jump prediction, hits = 17467, misses = 6960, hit rate = 71.51%

**** Debug Statistics at 101000000 Cycles *****
Threads: 4		Fetch Width: 8
No of useful instructions fetched:	70467753 (8.72% proc util.)
No of total instructions fetched:	81682483 (10.11% proc util.)
 includes 3633525 misfetch (4.4%), 7581205 (9.3%) wrong-path fetches
 and 0 flushed after failed lock(0.0%)
No of useful instructions issued/executed:	70467735 (8.72% proc util.)
No of total instructions issued/executed:	73510657 (9.10% proc util.)
 includes 3042922 wrong-path (4.1%) insts and 0 flushed (0.0%)
	fp 86, 0.00%
	synch 0, 0.00%
	integer 48953213, 66.59%
	load/store 24557358, 33.41%
Avg size of int IQ (before scheduling): 17.61
Avg size of fp IQ (before scheduling): 0.00
No of cycles taken:		101000000
Parallelism [ 0.261, 0.000, 0.208, 0.229,] = 0.698
 IQ conflicts: 229221 (0.23%), FQ conflicts: 0 (0.00%) 
 I reg conflicts: 88913504 (88.03%), FP reg conflicts: 0 (0.00%)
  Activelist confs: 0 (0.00%), ROB confs: 1623 (0.00%)
  Int unit conflicts: 5892965 (5.83%), FP unit conflicts: 4 (0.00%)
  Load/store unit conflicts: 2149929 (2.13%)
  MSHR conflicts: 101119656 (100.12%)
----------------------------------------
==== System-wide Cache Statistics ====
Stall for miss queue full 0 cycles (0.00%)
----------------------------------------
==== Statistics for Master ID: 0 ====
Reads: 17514743   Writes: 3140215
ICACHE: size: 64 KB assoc: 2
ICACHE: hits:9777404 misses:89117  Hit Ratio: 99.10%
DCACHE: size: 32 KB assoc: 8
DCACHE: hits:10458462 misses:329975 writebacks:329436  Hit Ratio: 96.94%
SCACHE: size: 512 KB assoc: 2
SCACHE: hits:304274 misses:114818  Hit Ratio: 72.60%
3CACHE: size: 4096 KB assoc: 2
3CACHE: hits:82076 misses:32742  Hit Ratio: 71.48%
3CACHE: dirty items replaced:2413
ITLB: size: 48, misses 1048, miss rate 0.01%
DTLB: size: 128, misses 15379, miss rate 0.14%
Avg mem delay: 24.030 cycles
----------------------------------------
==== Statistics for Master ID: 2 ====
Reads: 9540525   Writes: 2845128
ICACHE: size: 64 KB assoc: 2
ICACHE: hits:6500686 misses:9870  Hit Ratio: 99.85%
DCACHE: size: 32 KB assoc: 8
DCACHE: hits:4898356 misses:976741 writebacks:976555  Hit Ratio: 83.37%
SCACHE: size: 512 KB assoc: 2
SCACHE: hits:135964 misses:850647  Hit Ratio: 13.78%
3CACHE: size: 4096 KB assoc: 2
3CACHE: hits:639 misses:850008  Hit Ratio: 0.08%
3CACHE: dirty items replaced:8356
ITLB: size: 48, misses 60, miss rate 0.00%
DTLB: size: 128, misses 56544, miss rate 0.96%
Avg mem delay: 24.030 cycles
----------------------------------------
==== Statistics for Master ID: 3 ====
Reads: 10384119   Writes: 3839270
ICACHE: size: 64 KB assoc: 2
ICACHE: hits:6350246 misses:9868  Hit Ratio: 99.84%
DCACHE: size: 32 KB assoc: 8
DCACHE: hits:6638224 misses:1225051 writebacks:1224889  Hit Ratio: 84.42%
SCACHE: size: 512 KB assoc: 2
SCACHE: hits:135726 misses:1099193  Hit Ratio: 10.99%
3CACHE: size: 4096 KB assoc: 2
3CACHE: hits:657 misses:1098536  Hit Ratio: 0.06%
3CACHE: dirty items replaced:10392
ITLB: size: 48, misses 60, miss rate 0.00%
DTLB: size: 128, misses 60426, miss rate 0.77%
Avg mem delay: 24.030 cycles
----------------------------------------
==== Global Resource Utilization ====
STASH: size: 65536 entries, full 177660171, empty 8520012, misses 975145, full rate 94.93
icache bank util. 0.022 0.014 0.011 0.011 0.015 0.089 0.021 0.045 
dcache bank util. 0.045 0.041 0.047 0.049 0.041 0.041 0.059 0.071 
L2 bank util. 0.027 0.028 0.028 0.028 0.028 0.028 0.050 0.071 
L1-L2 bus util. = 0.154, L3 util. = 0.196
----------------------------------------
branch prediction, hits = 9606366, misses = 559292, hit rate = 94.50%
return_stack prediction, hits = 301782, misses = 94, hit rate = 99.97%
jump prediction, hits = 8732802, misses = 830701, hit rate = 91.31%

**** Debug Statistics at 201000000 Cycles *****
Threads: 4		Fetch Width: 8
No of useful instructions fetched:	153467344 (9.54% proc util.)
No of total instructions fetched:	176153975 (10.95% proc util.)
 includes 5826102 misfetch (3.3%), 16860529 (9.6%) wrong-path fetches
 and 0 flushed after failed lock(0.0%)
No of useful instructions issued/executed:	153467329 (9.54% proc util.)
No of total instructions issued/executed:	160445712 (9.98% proc util.)
 includes 6978383 wrong-path (4.3%) insts and 0 flushed (0.0%)
	fp 1162, 0.00%
	synch 0, 0.00%
	integer 106868512, 66.61%
	load/store 53576038, 33.39%
Avg size of int IQ (before scheduling): 16.19
Avg size of fp IQ (before scheduling): 0.00
No of cycles taken:		201000000
Parallelism [ 0.280, 0.000, 0.227, 0.257,] = 0.764
 IQ conflicts: 236667 (0.12%), FQ conflicts: 0 (0.00%) 
 I reg conflicts: 175213758 (87.17%), FP reg conflicts: 0 (0.00%)
  Activelist confs: 0 (0.00%), ROB confs: 1623 (0.00%)
  Int unit conflicts: 12540567 (6.24%), FP unit conflicts: 4 (0.00%)
  Load/store unit conflicts: 4857890 (2.42%)
  MSHR conflicts: 198333233 (98.67%)
----------------------------------------
==== System-wide Cache Statistics ====
Stall for miss queue full 0 cycles (0.00%)
----------------------------------------
==== Statistics for Master ID: 0 ====
Reads: 37446310   Writes: 6898908
ICACHE: size: 64 KB assoc: 2
ICACHE: hits:21132141 misses:216628  Hit Ratio: 98.99%
DCACHE: size: 32 KB assoc: 8
DCACHE: hits:22329609 misses:666840 writebacks:666301  Hit Ratio: 97.10%
SCACHE: size: 512 KB assoc: 2
SCACHE: hits:620895 misses:262571  Hit Ratio: 70.28%
3CACHE: size: 4096 KB assoc: 2
3CACHE: hits:166046 misses:96525  Hit Ratio: 63.24%
3CACHE: dirty items replaced:8988
ITLB: size: 48, misses 9106, miss rate 0.04%
DTLB: size: 128, misses 25176, miss rate 0.11%
Avg mem delay: 18.001 cycles
----------------------------------------
==== Statistics for Master ID: 2 ====
Reads: 19968105   Writes: 6941327
ICACHE: size: 64 KB assoc: 2
ICACHE: hits:12819644 misses:22031  Hit Ratio: 99.83%
DCACHE: size: 32 KB assoc: 8
DCACHE: hits:12066936 misses:2000821 writebacks:2000635  Hit Ratio: 85.78%
SCACHE: size: 512 KB assoc: 2
SCACHE: hits:147833 misses:1875019  Hit Ratio: 7.31%
3CACHE: size: 4096 KB assoc: 2
3CACHE: hits:744 misses:1874275  Hit Ratio: 0.04%
3CACHE: dirty items replaced:38523
ITLB: size: 48, misses 76, miss rate 0.00%
DTLB: size: 128, misses 72569, miss rate 0.52%
Avg mem delay: 18.001 cycles
----------------------------------------
==== Statistics for Master ID: 3 ====
Reads: 22730830   Writes: 7418856
ICACHE: size: 64 KB assoc: 2
ICACHE: hits:13659356 misses:22382  Hit Ratio: 99.84%
DCACHE: size: 32 KB assoc: 8
DCACHE: hits:14329709 misses:2138239 writebacks:2138077  Hit Ratio: 87.02%
SCACHE: size: 512 KB assoc: 2
SCACHE: hits:215427 misses:1945193  Hit Ratio: 9.97%
3CACHE: size: 4096 KB assoc: 2
3CACHE: hits:17061 misses:1928132  Hit Ratio: 0.88%
3CACHE: dirty items replaced:33001
ITLB: size: 48, misses 96, miss rate 0.00%
DTLB: size: 128, misses 88448, miss rate 0.54%
Avg mem delay: 18.001 cycles
----------------------------------------
==== Global Resource Utilization ====
STASH: size: 65536 entries, full 274908709, empty 10878752, misses 1183971, full rate 95.80
icache bank util. 0.021 0.016 0.014 0.016 0.018 0.106 0.019 0.033 
dcache bank util. 0.050 0.047 0.048 0.051 0.045 0.046 0.059 0.063 
L2 bank util. 0.030 0.031 0.031 0.031 0.031 0.032 0.042 0.052 
L1-L2 bus util. = 0.147, L3 util. = 0.194
----------------------------------------
branch prediction, hits = 20752898, misses = 1220000, hit rate = 94.45%
return_stack prediction, hits = 661484, misses = 386, hit rate = 99.94%
jump prediction, hits = 19678229, misses = 1448552, hit rate = 93.14%
 convert_to_mode
**** Debug Statistics at 301000000 Cycles *****
Threads: 4		Fetch Width: 8
No of useful instructions fetched:	510344297 (21.19% proc util.)
No of total instructions fetched:	671588733 (27.89% proc util.)
 includes 21381715 misfetch (3.2%), 139862721 (20.8%) wrong-path fetches
 and 0 flushed after failed lock(0.0%)
No of useful instructions issued/executed:	510344275 (21.19% proc util.)
No of total instructions issued/executed:	573714865 (23.83% proc util.)
 includes 63370590 wrong-path (11.0%) insts and 0 flushed (0.0%)
	fp 1298, 0.00%
	synch 0, 0.00%
	integer 395189842, 68.88%
	load/store 178523725, 31.12%
Avg size of int IQ (before scheduling): 20.39
Avg size of fp IQ (before scheduling): 0.00
No of cycles taken:		301000000
Parallelism [ 0.517, 0.000, 0.556, 0.623,] = 1.695
 IQ conflicts: 1188493 (0.39%), FQ conflicts: 0 (0.00%) 
 I reg conflicts: 198696321 (66.01%), FP reg conflicts: 0 (0.00%)
  Activelist confs: 162 (0.00%), ROB confs: 49241 (0.02%)
  Int unit conflicts: 202553003 (67.29%), FP unit conflicts: 10 (0.00%)
  Load/store unit conflicts: 23702225 (7.87%)
  MSHR conflicts: 210545693 (69.95%)
----------------------------------------
==== System-wide Cache Statistics ====
Stall for miss queue full 0 cycles (0.00%)
----------------------------------------
==== Statistics for Master ID: 0 ====
Reads: 123386560   Writes: 21001193
ICACHE: size: 64 KB assoc: 2
ICACHE: hits:70856627 misses:929122  Hit Ratio: 98.71%
DCACHE: size: 32 KB assoc: 8
DCACHE: hits:70762834 misses:1839170 writebacks:1838631  Hit Ratio: 97.47%
SCACHE: size: 512 KB assoc: 2
SCACHE: hits:2213443 misses:554849  Hit Ratio: 79.96%
3CACHE: size: 4096 KB assoc: 2
3CACHE: hits:391082 misses:163767  Hit Ratio: 70.48%
3CACHE: dirty items replaced:21289
ITLB: size: 48, misses 27846, miss rate 0.04%
DTLB: size: 128, misses 127701, miss rate 0.18%
Avg mem delay: 5.934 cycles
----------------------------------------
==== Statistics for Master ID: 2 ====
Reads: 92889938   Writes: 16486492
ICACHE: size: 64 KB assoc: 2
ICACHE: hits:59025283 misses:195862  Hit Ratio: 99.67%
DCACHE: size: 32 KB assoc: 8
DCACHE: hits:46824532 misses:3330753 writebacks:3330567  Hit Ratio: 93.36%
SCACHE: size: 512 KB assoc: 2
SCACHE: hits:1244531 misses:2282083  Hit Ratio: 35.29%
3CACHE: size: 4096 KB assoc: 2
3CACHE: hits:128452 misses:2153631  Hit Ratio: 5.63%
3CACHE: dirty items replaced:59389
ITLB: size: 48, misses 294, miss rate 0.00%
DTLB: size: 128, misses 148480, miss rate 0.30%
Avg mem delay: 5.934 cycles
----------------------------------------
==== Statistics for Master ID: 3 ====
Reads: 99413135   Writes: 17995036
ICACHE: size: 64 KB assoc: 2
ICACHE: hits:61698939 misses:187800  Hit Ratio: 99.70%
DCACHE: size: 32 KB assoc: 8
DCACHE: hits:52198128 misses:3323304 writebacks:3323142  Hit Ratio: 94.01%
SCACHE: size: 512 KB assoc: 2
SCACHE: hits:1354383 misses:2156721  Hit Ratio: 38.57%
3CACHE: size: 4096 KB assoc: 2
3CACHE: hits:168112 misses:1988609  Hit Ratio: 7.79%
3CACHE: dirty items replaced:41491
ITLB: size: 48, misses 349, miss rate 0.00%
DTLB: size: 128, misses 142931, miss rate 0.26%
Avg mem delay: 5.934 cycles
----------------------------------------
==== Global Resource Utilization ====
STASH: size: 65536 entries, full 820632713, empty 20120590, misses 2009663, full rate 97.37
icache bank util. 0.071 0.056 0.050 0.062 0.085 0.161 0.080 0.090 
dcache bank util. 0.085 0.097 0.098 0.087 0.106 0.075 0.120 0.093 
L2 bank util. 0.036 0.036 0.035 0.037 0.036 0.036 0.043 0.053 
L1-L2 bus util. = 0.182, L3 util. = 0.143
----------------------------------------
branch prediction, hits = 46494690, misses = 6279355, hit rate = 88.10%
return_stack prediction, hits = 3679378, misses = 973, hit rate = 99.97%
jump prediction, hits = 48151571, misses = 5545890, hit rate = 89.67%
 move_by_pieces move_by_pieces_ninsns move_by_pieces_1 emit_block_move
**** Debug Statistics at 401000000 Cycles *****
Threads: 4		Fetch Width: 8
No of useful instructions fetched:	911587985 (28.42% proc util.)
No of total instructions fetched:	1211320196 (37.76% proc util.)
 includes 35049552 misfetch (2.9%), 264682659 (21.9%) wrong-path fetches
 and 0 flushed after failed lock(0.0%)
No of useful instructions issued/executed:	911587954 (28.42% proc util.)
No of total instructions issued/executed:	1030340466 (32.12% proc util.)
 includes 118752512 wrong-path (11.5%) insts and 0 flushed (0.0%)
	fp 3313, 0.00%
	synch 0, 0.00%
	integer 716441145, 69.53%
	load/store 313896008, 30.47%
Avg size of int IQ (before scheduling): 23.33
Avg size of fp IQ (before scheduling): 0.00
No of cycles taken:		401000000
Parallelism [ 0.651, 0.000, 0.788, 0.834,] = 2.273
 IQ conflicts: 3189359 (0.80%), FQ conflicts: 0 (0.00%) 
 I reg conflicts: 214957740 (53.61%), FP reg conflicts: 0 (0.00%)
  Activelist confs: 559 (0.00%), ROB confs: 134868 (0.03%)
  Int unit conflicts: 447567627 (111.61%), FP unit conflicts: 19 (0.00%)
  Load/store unit conflicts: 44955921 (11.21%)
  MSHR conflicts: 220782374 (55.06%)
----------------------------------------
==== System-wide Cache Statistics ====
Stall for miss queue full 0 cycles (0.00%)
----------------------------------------
==== Statistics for Master ID: 0 ====
Reads: 214013629   Writes: 36666349
ICACHE: size: 64 KB assoc: 2
ICACHE: hits:124061750 misses:1597029  Hit Ratio: 98.73%
DCACHE: size: 32 KB assoc: 8
DCACHE: hits:121873076 misses:3148123 writebacks:3147584  Hit Ratio: 97.48%
SCACHE: size: 512 KB assoc: 2
SCACHE: hits:3787538 misses:957614  Hit Ratio: 79.82%
3CACHE: size: 4096 KB assoc: 2
3CACHE: hits:726368 misses:231244  Hit Ratio: 75.85%
3CACHE: dirty items replaced:35729
ITLB: size: 48, misses 42673, miss rate 0.03%
DTLB: size: 128, misses 224218, miss rate 0.18%
Avg mem delay: 3.954 cycles
----------------------------------------
==== Statistics for Master ID: 2 ====
Reads: 176191146   Writes: 27445255
ICACHE: size: 64 KB assoc: 2
ICACHE: hits:111297307 misses:356849  Hit Ratio: 99.68%
DCACHE: size: 32 KB assoc: 8
DCACHE: hits:87673508 misses:4308737 writebacks:4308551  Hit Ratio: 95.32%
SCACHE: size: 512 KB assoc: 2
SCACHE: hits:2174137 misses:2491449  Hit Ratio: 46.60%
3CACHE: size: 4096 KB assoc: 2
3CACHE: hits:280470 misses:2210979  Hit Ratio: 11.26%
3CACHE: dirty items replaced:70005
ITLB: size: 48, misses 559, miss rate 0.00%
DTLB: size: 128, misses 187594, miss rate 0.20%
Avg mem delay: 3.954 cycles
----------------------------------------
==== Statistics for Master ID: 3 ====
Reads: 180474739   Writes: 29184052
ICACHE: size: 64 KB assoc: 2
ICACHE: hits:112847226 misses:345732  Hit Ratio: 99.69%
DCACHE: size: 32 KB assoc: 8
DCACHE: hits:92063605 misses:4402228 writebacks:4402066  Hit Ratio: 95.44%
SCACHE: size: 512 KB assoc: 2
SCACHE: hits:2370312 misses:2377648  Hit Ratio: 49.92%
3CACHE: size: 4096 KB assoc: 2
3CACHE: hits:326348 misses:2051300  Hit Ratio: 13.73%
3CACHE: dirty items replaced:55000
ITLB: size: 48, misses 622, miss rate 0.00%
DTLB: size: 128, misses 182768, miss rate 0.19%
Avg mem delay: 3.954 cycles
----------------------------------------
==== Global Resource Utilization ====
STASH: size: 65536 entries, full 1412563251, empty 29706302, misses 2866402, full rate 97.75
icache bank util. 0.100 0.079 0.072 0.090 0.122 0.190 0.114 0.124 
dcache bank util. 0.101 0.115 0.125 0.109 0.145 0.093 0.155 0.117 
L2 bank util. 0.038 0.038 0.037 0.039 0.038 0.038 0.043 0.052 
L1-L2 bus util. = 0.195, L3 util. = 0.112
----------------------------------------
branch prediction, hits = 74852224, misses = 11186558, hit rate = 87.00%
return_stack prediction, hits = 6844649, misses = 1829, hit rate = 99.97%
jump prediction, hits = 80057924, misses = 9220230, hit rate = 89.67%

**** Debug Statistics at 501000000 Cycles *****
Threads: 4		Fetch Width: 8
No of useful instructions fetched:	1303203771 (32.52% proc util.)
No of total instructions fetched:	1753392814 (43.75% proc util.)
 includes 53778077 misfetch (3.1%), 396410966 (22.6%) wrong-path fetches
 and 0 flushed after failed lock(0.0%)
No of useful instructions issued/executed:	1303203717 (32.52% proc util.)
No of total instructions issued/executed:	1481995340 (36.98% proc util.)
 includes 178791623 wrong-path (12.1%) insts and 0 flushed (0.0%)
	fp 3465, 0.00%
	synch 0, 0.00%
	integer 1031109620, 69.58%
	load/store 450882255, 30.42%
Avg size of int IQ (before scheduling): 24.76
Avg size of fp IQ (before scheduling): 0.00
No of cycles taken:		501000000
Parallelism [ 0.736, 0.000, 0.911, 0.955,] = 2.601
 IQ conflicts: 4564090 (0.91%), FQ conflicts: 0 (0.00%) 
 I reg conflicts: 231125322 (46.13%), FP reg conflicts: 0 (0.00%)
  Activelist confs: 1035 (0.00%), ROB confs: 300227 (0.06%)
  Int unit conflicts: 664422608 (132.62%), FP unit conflicts: 21 (0.00%)
  Load/store unit conflicts: 67986797 (13.57%)
  MSHR conflicts: 234909105 (46.89%)
----------------------------------------
==== System-wide Cache Statistics ====
Stall for miss queue full 0 cycles (0.00%)
----------------------------------------
==== Statistics for Master ID: 0 ====
Reads: 309183051   Writes: 54038166
ICACHE: size: 64 KB assoc: 2
ICACHE: hits:180050355 misses:2324591  Hit Ratio: 98.73%
DCACHE: size: 32 KB assoc: 8
DCACHE: hits:175969544 misses:4876727 writebacks:4876188  Hit Ratio: 97.30%
SCACHE: size: 512 KB assoc: 2
SCACHE: hits:5857996 misses:1343322  Hit Ratio: 81.35%
3CACHE: size: 4096 KB assoc: 2
3CACHE: hits:1079087 misses:264235  Hit Ratio: 80.33%
3CACHE: dirty items replaced:45704
ITLB: size: 48, misses 43843, miss rate 0.02%
DTLB: size: 128, misses 341375, miss rate 0.19%
Avg mem delay: 3.255 cycles
----------------------------------------
==== Statistics for Master ID: 2 ====
Reads: 258423044   Writes: 38563756
ICACHE: size: 64 KB assoc: 2
ICACHE: hits:162926370 misses:559146  Hit Ratio: 99.66%
DCACHE: size: 32 KB assoc: 8
DCACHE: hits:127967549 misses:5533735 writebacks:5533549  Hit Ratio: 95.85%
SCACHE: size: 512 KB assoc: 2
SCACHE: hits:3373224 misses:2719657  Hit Ratio: 55.36%
3CACHE: size: 4096 KB assoc: 2
3CACHE: hits:459079 misses:2260578  Hit Ratio: 16.88%
3CACHE: dirty items replaced:82384
ITLB: size: 48, misses 773, miss rate 0.00%
DTLB: size: 128, misses 244299, miss rate 0.18%
Avg mem delay: 3.255 cycles
----------------------------------------
==== Statistics for Master ID: 3 ====
Reads: 259238754   Writes: 39763816
ICACHE: size: 64 KB assoc: 2
ICACHE: hits:162621460 misses:543368  Hit Ratio: 99.67%
DCACHE: size: 32 KB assoc: 8
DCACHE: hits:130362186 misses:5475556 writebacks:5475394  Hit Ratio: 95.97%
SCACHE: size: 512 KB assoc: 2
SCACHE: hits:3417020 misses:2601904  Hit Ratio: 56.77%
3CACHE: size: 4096 KB assoc: 2
3CACHE: hits:494816 misses:2107088  Hit Ratio: 19.02%
3CACHE: dirty items replaced:66562
ITLB: size: 48, misses 855, miss rate 0.00%
DTLB: size: 128, misses 240664, miss rate 0.18%
Avg mem delay: 3.255 cycles
----------------------------------------
==== Global Resource Utilization ====
STASH: size: 65536 entries, full 2007653056, empty 39104164, misses 3720568, full rate 97.91
icache bank util. 0.118 0.093 0.085 0.107 0.148 0.209 0.134 0.143 
dcache bank util. 0.114 0.126 0.141 0.122 0.168 0.103 0.180 0.135 
L2 bank util. 0.040 0.040 0.040 0.042 0.041 0.040 0.045 0.052 
L1-L2 bus util. = 0.211, L3 util. = 0.092
----------------------------------------
branch prediction, hits = 102601763, misses = 16465138, hit rate = 86.17%
return_stack prediction, hits = 10003765, misses = 2031, hit rate = 99.98%
jump prediction, hits = 109903570, misses = 14020108, hit rate = 88.69%

**** Debug Statistics at 601000000 Cycles *****
Threads: 4		Fetch Width: 8
No of useful instructions fetched:	1718021190 (35.73% proc util.)
No of total instructions fetched:	2292407915 (47.68% proc util.)
 includes 61854855 misfetch (2.7%), 512531870 (22.4%) wrong-path fetches
 and 0 flushed after failed lock(0.0%)
No of useful instructions issued/executed:	1718021172 (35.73% proc util.)
No of total instructions issued/executed:	1947507168 (40.51% proc util.)
 includes 229485996 wrong-path (11.8%) insts and 0 flushed (0.0%)
	fp 6692, 0.00%
	synch 0, 0.00%
	integer 1362734766, 69.97%
	load/store 584765710, 30.03%
Avg size of int IQ (before scheduling): 26.17
Avg size of fp IQ (before scheduling): 0.00
No of cycles taken:		601000000
Parallelism [ 0.819, 0.000, 0.999, 1.041,] = 2.859
 IQ conflicts: 6538718 (1.09%), FQ conflicts: 0 (0.00%) 
 I reg conflicts: 247663962 (41.21%), FP reg conflicts: 0 (0.00%)
  Activelist confs: 1272 (0.00%), ROB confs: 460893 (0.08%)
  Int unit conflicts: 979799766 (163.03%), FP unit conflicts: 23 (0.00%)
  Load/store unit conflicts: 92168401 (15.34%)
  MSHR conflicts: 262160006 (43.62%)
----------------------------------------
==== System-wide Cache Statistics ====
Stall for miss queue full 0 cycles (0.00%)
----------------------------------------
==== Statistics for Master ID: 0 ====
Reads: 398136585   Writes: 67613432
ICACHE: size: 64 KB assoc: 2
ICACHE: hits:231411001 misses:2936594  Hit Ratio: 98.75%
DCACHE: size: 32 KB assoc: 8
DCACHE: hits:225434830 misses:5967592 writebacks:5967053  Hit Ratio: 97.42%
SCACHE: size: 512 KB assoc: 2
SCACHE: hits:7199631 misses:1704555  Hit Ratio: 80.86%
3CACHE: size: 4096 KB assoc: 2
3CACHE: hits:1381418 misses:323136  Hit Ratio: 81.04%
3CACHE: dirty items replaced:73306
ITLB: size: 48, misses 86621, miss rate 0.04%
DTLB: size: 128, misses 439722, miss rate 0.19%
Avg mem delay: 2.830 cycles
----------------------------------------
==== Statistics for Master ID: 2 ====
Reads: 342661291   Writes: 49480906
ICACHE: size: 64 KB assoc: 2
ICACHE: hits:215926983 misses:714597  Hit Ratio: 99.67%
DCACHE: size: 32 KB assoc: 8
DCACHE: hits:168741706 misses:6758911 writebacks:6758725  Hit Ratio: 96.15%
SCACHE: size: 512 KB assoc: 2
SCACHE: hits:4551427 misses:2922081  Hit Ratio: 60.90%
3CACHE: size: 4096 KB assoc: 2
3CACHE: hits:608556 misses:2313524  Hit Ratio: 20.83%
3CACHE: dirty items replaced:100919
ITLB: size: 48, misses 991, miss rate 0.00%
DTLB: size: 128, misses 283617, miss rate 0.16%
Avg mem delay: 2.830 cycles
----------------------------------------
==== Statistics for Master ID: 3 ====
Reads: 340656752   Writes: 51091696
ICACHE: size: 64 KB assoc: 2
ICACHE: hits:213975040 misses:693266  Hit Ratio: 99.68%
DCACHE: size: 32 KB assoc: 8
DCACHE: hits:170537852 misses:6542290 writebacks:6542128  Hit Ratio: 96.31%
SCACHE: size: 512 KB assoc: 2
SCACHE: hits:4426177 misses:2809377  Hit Ratio: 61.17%
3CACHE: size: 4096 KB assoc: 2
3CACHE: hits:642534 misses:2166843  Hit Ratio: 22.87%
3CACHE: dirty items replaced:88886
ITLB: size: 48, misses 1098, miss rate 0.00%
DTLB: size: 128, misses 283082, miss rate 0.16%
Avg mem delay: 2.830 cycles
----------------------------------------
==== Global Resource Utilization ====
STASH: size: 65536 entries, full 2601133667, empty 46759384, misses 4372139, full rate 98.07
icache bank util. 0.128 0.104 0.094 0.117 0.160 0.220 0.146 0.160 
dcache bank util. 0.125 0.134 0.152 0.131 0.182 0.107 0.193 0.140 
L2 bank util. 0.041 0.041 0.040 0.042 0.042 0.040 0.044 0.052 
L1-L2 bus util. = 0.214, L3 util. = 0.080
----------------------------------------
branch prediction, hits = 133533168, misses = 21120947, hit rate = 86.34%
return_stack prediction, hits = 12731632, misses = 2779, hit rate = 99.98%
jump prediction, hits = 144964813, misses = 16295049, hit rate = 89.90%
 move_block_to_reg move_block_from_reg
**** Early Exiting at 674488384 Cycles *****
========================================
 SMTSIM Global Statistics
========================================
Threads: 4		Fetch Width: 8
No of useful instructions fetched:	2000000048 (37.07% proc util.)
No of total instructions fetched:	2672605384 (49.53% proc util.)
 includes 68296369 misfetch (2.6%), 604308967 (22.6%) wrong-path fetches
 and 0 flushed after failed lock(0.0%)
No of useful instructions issued/executed:	2000000027 (37.07% proc util.)
No of total instructions issued/executed:	2271718993 (42.10% proc util.)
 includes 271718966 wrong-path (12.0%) insts and 0 flushed (0.0%)
	fp 7717, 0.00%
	synch 0, 0.00%
	integer 1590427582, 70.01%
	load/store 681283694, 29.99%
Avg size of int IQ (before scheduling): 26.82
Avg size of fp IQ (before scheduling): 0.00
No of cycles taken:		674488384
Parallelism [ 0.845, 0.000, 1.039, 1.081,] = 2.965
 IQ conflicts: 7993387 (1.19%), FQ conflicts: 0 (0.00%) 
 I reg conflicts: 261999827 (38.84%), FP reg conflicts: 0 (0.00%)
  Activelist confs: 1728 (0.00%), ROB confs: 576924 (0.09%)
  Int unit conflicts: 1154661842 (171.19%), FP unit conflicts: 23 (0.00%)
  Load/store unit conflicts: 109905996 (16.29%)
  MSHR conflicts: 274839686 (40.75%)
----------------------------------------
==== System-wide Cache Statistics ====
Stall for miss queue full 0 cycles (0.00%)
----------------------------------------
==== Statistics for Master ID: 0 ====
Reads: 462848748   Writes: 79380214
ICACHE: size: 64 KB assoc: 2
ICACHE: hits:269626281 misses:3211723  Hit Ratio: 98.82%
DCACHE: size: 32 KB assoc: 8
DCACHE: hits:262350521 misses:7040437 writebacks:7039898  Hit Ratio: 97.39%
SCACHE: size: 512 KB assoc: 2
SCACHE: hits:8245838 misses:2006322  Hit Ratio: 80.43%
3CACHE: size: 4096 KB assoc: 2
3CACHE: hits:1621691 misses:384631  Hit Ratio: 80.83%
3CACHE: dirty items replaced:99504
ITLB: size: 48, misses 91395, miss rate 0.03%
DTLB: size: 128, misses 522141, miss rate 0.19%
Avg mem delay: 2.669 cycles
----------------------------------------
==== Statistics for Master ID: 2 ====
Reads: 401663673   Writes: 57245492
ICACHE: size: 64 KB assoc: 2
ICACHE: hits:252966248 misses:836592  Hit Ratio: 99.67%
DCACHE: size: 32 KB assoc: 8
DCACHE: hits:197474398 misses:7631927 writebacks:7631741  Hit Ratio: 96.28%
SCACHE: size: 512 KB assoc: 2
SCACHE: hits:5390976 misses:3077542  Hit Ratio: 63.66%
3CACHE: size: 4096 KB assoc: 2
3CACHE: hits:714642 misses:2362900  Hit Ratio: 23.22%
3CACHE: dirty items replaced:118744
ITLB: size: 48, misses 1150, miss rate 0.00%
DTLB: size: 128, misses 314986, miss rate 0.15%
Avg mem delay: 2.669 cycles
----------------------------------------
==== Statistics for Master ID: 3 ====
Reads: 397396554   Writes: 58964306
ICACHE: size: 64 KB assoc: 2
ICACHE: hits:249636436 misses:812896  Hit Ratio: 99.68%
DCACHE: size: 32 KB assoc: 8
DCACHE: hits:198594664 misses:7316864 writebacks:7316702  Hit Ratio: 96.45%
SCACHE: size: 512 KB assoc: 2
SCACHE: hits:5164112 misses:2965647  Hit Ratio: 63.52%
3CACHE: size: 4096 KB assoc: 2
3CACHE: hits:745313 misses:2220334  Hit Ratio: 25.13%
3CACHE: dirty items replaced:106365
ITLB: size: 48, misses 1244, miss rate 0.00%
DTLB: size: 128, misses 314799, miss rate 0.15%
Avg mem delay: 2.669 cycles
----------------------------------------
==== Global Resource Utilization ====
STASH: size: 65536 entries, full 3020404234, empty 51821555, misses 4821710, full rate 98.16
icache bank util. 0.133 0.108 0.099 0.123 0.167 0.224 0.153 0.166 
dcache bank util. 0.127 0.138 0.158 0.138 0.192 0.111 0.199 0.142 
L2 bank util. 0.042 0.041 0.041 0.043 0.042 0.040 0.044 0.051 
L1-L2 bus util. = 0.217, L3 util. = 0.074
----------------------------------------
branch prediction, hits = 153813043, misses = 24592418, hit rate = 86.22%
return_stack prediction, hits = 14950399, misses = 3095, hit rate = 99.98%
jump prediction, hits = 168706778, misses = 18192788, hit rate = 90.27%
total IPC 2.965

=== Results saved to: ./results/gcc-expr_2_gzip-program_1_gzip-source_1.txt ===
