===== 执行信息 =====
Cache目录：share32
执行命令：./smtsim ../crafty.arg ../randacc.arg2 ../gcc-200.arg
执行时间：2026-04-16 11:01:59
返回码：0
===== 输出内容 =====
全共享缓存
Process 0, Thread 0: crafty
Process 1, Thread 1: randacc
Process 1, Thread 2: randacc
Process 3, Thread 3: gcc-200

**** Debug Statistics at 1000000 Cycles *****
Threads: 4		Fetch Width: 8
No of useful instructions fetched:	2879844 (36.00% proc util.)
No of total instructions fetched:	3551820 (44.40% proc util.)
 includes 138202 misfetch (3.9%), 533774 (15.0%) wrong-path fetches
 and 0 flushed after failed lock(0.0%)
No of useful instructions issued/executed:	2879783 (36.00% proc util.)
No of total instructions issued/executed:	3127610 (39.10% proc util.)
 includes 247827 wrong-path (7.9%) insts and 0 flushed (0.0%)
	fp 73, 0.00%
	synch 0, 0.00%
	integer 2378820, 76.06%
	load/store 748717, 23.94%
Avg size of int IQ (before scheduling): 24.31
Avg size of fp IQ (before scheduling): 0.00
No of cycles taken:		1000000
Parallelism [ 0.810, 1.198, 0.000, 0.872,] = 2.880
 IQ conflicts: 5339 (0.53%), FQ conflicts: 0 (0.00%) 
 I reg conflicts: 443225 (44.32%), FP reg conflicts: 0 (0.00%)
  Activelist confs: 0 (0.00%), ROB confs: 551 (0.06%)
  Int unit conflicts: 1188117 (118.81%), FP unit conflicts: 2 (0.00%)
  Load/store unit conflicts: 117184 (11.72%)
  MSHR conflicts: 172250 (17.23%)
----------------------------------------
==== System-wide Cache Statistics ====
Stall for miss queue full 0 cycles (0.00%)
----------------------------------------
==== Statistics for Master ID: 0 ====
Reads: 590046   Writes: 74654
ICACHE: size: 64 KB assoc: 2
ICACHE: hits:318728 misses:7390  Hit Ratio: 97.73%
DCACHE: size: 32 KB assoc: 8
DCACHE: hits:325652 misses:12930 writebacks:11888  Hit Ratio: 96.18%
SCACHE: size: 512 KB assoc: 2
SCACHE: hits:16204 misses:4114  Hit Ratio: 79.75%
3CACHE: size: 4096 KB assoc: 2
3CACHE: hits:1206 misses:2908  Hit Ratio: 29.31%
3CACHE: dirty items replaced:0
ITLB: size: 48, misses 54, miss rate 0.02%
DTLB: size: 128, misses 1623, miss rate 0.48%
Avg mem delay: 2.554 cycles
----------------------------------------
==== Statistics for Master ID: 1 ====
Reads: 440780   Writes: 35
ICACHE: size: 64 KB assoc: 2
ICACHE: hits:369033 misses:35  Hit Ratio: 99.99%
DCACHE: size: 32 KB assoc: 8
DCACHE: hits:54496 misses:17251 writebacks:15367  Hit Ratio: 75.96%
SCACHE: size: 512 KB assoc: 2
SCACHE: hits:15983 misses:1302  Hit Ratio: 92.47%
3CACHE: size: 4096 KB assoc: 2
3CACHE: hits:479 misses:823  Hit Ratio: 36.79%
3CACHE: dirty items replaced:0
ITLB: size: 48, misses 4, miss rate 0.00%
DTLB: size: 128, misses 76, miss rate 0.11%
Avg mem delay: 2.554 cycles
----------------------------------------
==== Statistics for Master ID: 3 ====
Reads: 524355   Writes: 137291
ICACHE: size: 64 KB assoc: 2
ICACHE: hits:320079 misses:3444  Hit Ratio: 98.94%
DCACHE: size: 32 KB assoc: 8
DCACHE: hits:333238 misses:4885 writebacks:4206  Hit Ratio: 98.56%
SCACHE: size: 512 KB assoc: 2
SCACHE: hits:3409 misses:4920  Hit Ratio: 40.93%
3CACHE: size: 4096 KB assoc: 2
3CACHE: hits:447 misses:4473  Hit Ratio: 9.09%
3CACHE: dirty items replaced:0
ITLB: size: 48, misses 151, miss rate 0.05%
DTLB: size: 128, misses 419, miss rate 0.12%
Avg mem delay: 2.554 cycles
----------------------------------------
==== Global Resource Utilization ====
STASH: size: 65536 entries, full 452723899, empty 46047777, misses 5104985, full rate 89.85
icache bank util. 0.219 0.201 0.163 0.093 0.080 0.082 0.088 0.125 
dcache bank util. 0.090 0.115 0.080 0.068 0.118 0.164 0.166 0.148 
L2 bank util. 0.042 0.052 0.045 0.041 0.043 0.049 0.042 0.051 
L1-L2 bus util. = 0.232, L3 util. = 0.082
----------------------------------------
branch prediction, hits = 207778, misses = 22978, hit rate = 90.04%
return_stack prediction, hits = 28474, misses = 6, hit rate = 99.98%
jump prediction, hits = 257108, misses = 34555, hit rate = 88.15%
 abend_ adia_ adib_ ambm6_ analie6_ betalf_
**** Debug Statistics at 101000000 Cycles *****
Threads: 4		Fetch Width: 8
No of useful instructions fetched:	316439900 (39.16% proc util.)
No of total instructions fetched:	420028450 (51.98% proc util.)
 includes 23176401 misfetch (5.5%), 80412149 (19.1%) wrong-path fetches
 and 0 flushed after failed lock(0.0%)
No of useful instructions issued/executed:	316439864 (39.16% proc util.)
No of total instructions issued/executed:	356835580 (44.16% proc util.)
 includes 40395716 wrong-path (11.3%) insts and 0 flushed (0.0%)
	fp 12952, 0.00%
	synch 0, 0.00%
	integer 272828361, 76.46%
	load/store 83994267, 23.54%
Avg size of int IQ (before scheduling): 26.92
Avg size of fp IQ (before scheduling): 0.00
No of cycles taken:		101000000
Parallelism [ 0.986, 1.409, 0.000, 0.738,] = 3.133
 IQ conflicts: 509168 (0.50%), FQ conflicts: 0 (0.00%) 
 I reg conflicts: 35339518 (34.99%), FP reg conflicts: 0 (0.00%)
  Activelist confs: 582 (0.00%), ROB confs: 33180 (0.03%)
  Int unit conflicts: 97918290 (96.95%), FP unit conflicts: 5 (0.00%)
  Load/store unit conflicts: 9468734 (9.37%)
  MSHR conflicts: 2451980 (2.43%)
----------------------------------------
==== System-wide Cache Statistics ====
Stall for miss queue full 0 cycles (0.00%)
----------------------------------------
==== Statistics for Master ID: 0 ====
Reads: 70847975   Writes: 8345309
ICACHE: size: 64 KB assoc: 2
ICACHE: hits:38141578 misses:1258869  Hit Ratio: 96.80%
DCACHE: size: 32 KB assoc: 8
DCACHE: hits:37979621 misses:1813216 writebacks:1812172  Hit Ratio: 95.44%
SCACHE: size: 512 KB assoc: 2
SCACHE: hits:2647051 misses:425033  Hit Ratio: 86.16%
3CACHE: size: 4096 KB assoc: 2
3CACHE: hits:350466 misses:74567  Hit Ratio: 82.46%
3CACHE: dirty items replaced:1931
ITLB: size: 48, misses 19581, miss rate 0.05%
DTLB: size: 128, misses 238560, miss rate 0.60%
Avg mem delay: 2.525 cycles
----------------------------------------
==== Statistics for Master ID: 1 ====
Reads: 52991604   Writes: 43
ICACHE: size: 64 KB assoc: 2
ICACHE: hits:44480485 misses:4109  Hit Ratio: 99.99%
DCACHE: size: 32 KB assoc: 8
DCACHE: hits:6113050 misses:2394003 writebacks:2392116  Hit Ratio: 71.86%
SCACHE: size: 512 KB assoc: 2
SCACHE: hits:2255450 misses:142662  Hit Ratio: 94.05%
3CACHE: size: 4096 KB assoc: 2
3CACHE: hits:118258 misses:24403  Hit Ratio: 82.89%
3CACHE: dirty items replaced:5
ITLB: size: 48, misses 4, miss rate 0.00%
DTLB: size: 128, misses 13579, miss rate 0.16%
Avg mem delay: 2.525 cycles
----------------------------------------
==== Statistics for Master ID: 3 ====
Reads: 60835768   Writes: 10034973
ICACHE: size: 64 KB assoc: 2
ICACHE: hits:33969250 misses:1307252  Hit Ratio: 96.29%
DCACHE: size: 32 KB assoc: 8
DCACHE: hits:34174212 misses:1420027 writebacks:1419346  Hit Ratio: 96.01%
SCACHE: size: 512 KB assoc: 2
SCACHE: hits:2276797 misses:450482  Hit Ratio: 83.48%
3CACHE: size: 4096 KB assoc: 2
3CACHE: hits:370463 misses:80019  Hit Ratio: 82.24%
3CACHE: dirty items replaced:4853
ITLB: size: 48, misses 97527, miss rate 0.28%
DTLB: size: 128, misses 141345, miss rate 0.40%
Avg mem delay: 2.525 cycles
----------------------------------------
==== Global Resource Utilization ====
STASH: size: 65536 entries, full 881842493, empty 71464273, misses 7352926, full rate 91.80
icache bank util. 0.267 0.243 0.176 0.104 0.110 0.095 0.098 0.163 
dcache bank util. 0.130 0.147 0.132 0.107 0.152 0.200 0.145 0.152 
L2 bank util. 0.074 0.088 0.076 0.068 0.072 0.078 0.072 0.085 
L1-L2 bus util. = 0.411, L3 util. = 0.018
----------------------------------------
branch prediction, hits = 23073339, misses = 3353158, hit rate = 87.31%
return_stack prediction, hits = 2695156, misses = 2334, hit rate = 99.91%
jump prediction, hits = 25537713, misses = 5725306, hit rate = 81.69%

**** Debug Statistics at 201000000 Cycles *****
Threads: 4		Fetch Width: 8
No of useful instructions fetched:	649801492 (40.41% proc util.)
No of total instructions fetched:	861109292 (53.55% proc util.)
 includes 46957531 misfetch (5.5%), 164350269 (19.1%) wrong-path fetches
 and 0 flushed after failed lock(0.0%)
No of useful instructions issued/executed:	649801431 (40.41% proc util.)
No of total instructions issued/executed:	731615558 (45.50% proc util.)
 includes 81814127 wrong-path (11.2%) insts and 0 flushed (0.0%)
	fp 40375, 0.01%
	synch 0, 0.00%
	integer 555178903, 75.88%
	load/store 176396280, 24.11%
Avg size of int IQ (before scheduling): 27.03
Avg size of fp IQ (before scheduling): 0.01
No of cycles taken:		201000000
Parallelism [ 1.022, 1.396, 0.000, 0.814,] = 3.233
 IQ conflicts: 877740 (0.44%), FQ conflicts: 0 (0.00%) 
 I reg conflicts: 67062250 (33.36%), FP reg conflicts: 0 (0.00%)
  Activelist confs: 1337 (0.00%), ROB confs: 93498 (0.05%)
  Int unit conflicts: 217213020 (108.07%), FP unit conflicts: 12 (0.00%)
  Load/store unit conflicts: 21052574 (10.47%)
  MSHR conflicts: 7943989 (3.95%)
----------------------------------------
==== System-wide Cache Statistics ====
Stall for miss queue full 0 cycles (0.00%)
----------------------------------------
==== Statistics for Master ID: 0 ====
Reads: 144505087   Writes: 16752758
ICACHE: size: 64 KB assoc: 2
ICACHE: hits:78260786 misses:2425167  Hit Ratio: 96.99%
DCACHE: size: 32 KB assoc: 8
DCACHE: hits:77084958 misses:3486934 writebacks:3485890  Hit Ratio: 95.67%
SCACHE: size: 512 KB assoc: 2
SCACHE: hits:5134564 misses:777537  Hit Ratio: 86.85%
3CACHE: size: 4096 KB assoc: 2
3CACHE: hits:646646 misses:130891  Hit Ratio: 83.17%
3CACHE: dirty items replaced:5452
ITLB: size: 48, misses 35420, miss rate 0.04%
DTLB: size: 128, misses 466496, miss rate 0.58%
Avg mem delay: 2.426 cycles
----------------------------------------
==== Statistics for Master ID: 1 ====
Reads: 105301176   Writes: 57
ICACHE: size: 64 KB assoc: 2
ICACHE: hits:88517685 misses:9196  Hit Ratio: 99.99%
DCACHE: size: 32 KB assoc: 8
DCACHE: hits:12044742 misses:4729610 writebacks:4727723  Hit Ratio: 71.80%
SCACHE: size: 512 KB assoc: 2
SCACHE: hits:4477470 misses:261336  Hit Ratio: 94.49%
3CACHE: size: 4096 KB assoc: 2
3CACHE: hits:214634 misses:46702  Hit Ratio: 82.13%
3CACHE: dirty items replaced:222
ITLB: size: 48, misses 4, miss rate 0.00%
DTLB: size: 128, misses 26999, miss rate 0.16%
Avg mem delay: 2.426 cycles
----------------------------------------
==== Statistics for Master ID: 3 ====
Reads: 133025656   Writes: 22474275
ICACHE: size: 64 KB assoc: 2
ICACHE: hits:74240612 misses:2427726  Hit Ratio: 96.83%
DCACHE: size: 32 KB assoc: 8
DCACHE: hits:75959903 misses:2871690 writebacks:2871009  Hit Ratio: 96.36%
SCACHE: size: 512 KB assoc: 2
SCACHE: hits:4455007 misses:844408  Hit Ratio: 84.07%
3CACHE: size: 4096 KB assoc: 2
3CACHE: hits:706341 misses:138067  Hit Ratio: 83.65%
3CACHE: dirty items replaced:13331
ITLB: size: 48, misses 166935, miss rate 0.22%
DTLB: size: 128, misses 285158, miss rate 0.36%
Avg mem delay: 2.426 cycles
----------------------------------------
==== Global Resource Utilization ====
STASH: size: 65536 entries, full 1341156857, empty 94410895, misses 9423338, full rate 92.81
icache bank util. 0.272 0.248 0.181 0.111 0.118 0.100 0.100 0.167 
dcache bank util. 0.133 0.147 0.139 0.114 0.161 0.211 0.149 0.154 
L2 bank util. 0.072 0.086 0.075 0.066 0.071 0.075 0.069 0.084 
L1-L2 bus util. = 0.404, L3 util. = 0.016
----------------------------------------
branch prediction, hits = 48733564, misses = 6862982, hit rate = 87.66%
return_stack prediction, hits = 5721884, misses = 3703, hit rate = 99.94%
jump prediction, hits = 53296289, misses = 11701415, hit rate = 82.00%
 block_ blockdis_
**** Debug Statistics at 301000000 Cycles *****
Threads: 4		Fetch Width: 8
No of useful instructions fetched:	971331312 (40.34% proc util.)
No of total instructions fetched:	1281225540 (53.21% proc util.)
 includes 69353117 misfetch (5.4%), 240541111 (18.8%) wrong-path fetches
 and 0 flushed after failed lock(0.0%)
No of useful instructions issued/executed:	971331296 (40.34% proc util.)
No of total instructions issued/executed:	1092016511 (45.35% proc util.)
 includes 120685215 wrong-path (11.1%) insts and 0 flushed (0.0%)
	fp 49906, 0.00%
	synch 0, 0.00%
	integer 829014956, 75.92%
	load/store 262951649, 24.08%
Avg size of int IQ (before scheduling): 27.23
Avg size of fp IQ (before scheduling): 0.01
No of cycles taken:		301000000
Parallelism [ 1.024, 1.386, 0.000, 0.817,] = 3.227
 IQ conflicts: 1645106 (0.55%), FQ conflicts: 0 (0.00%) 
 I reg conflicts: 101359915 (33.67%), FP reg conflicts: 0 (0.00%)
  Activelist confs: 1632 (0.00%), ROB confs: 185401 (0.06%)
  Int unit conflicts: 323176759 (107.37%), FP unit conflicts: 13 (0.00%)
  Load/store unit conflicts: 31444343 (10.45%)
  MSHR conflicts: 10808665 (3.59%)
----------------------------------------
==== System-wide Cache Statistics ====
Stall for miss queue full 0 cycles (0.00%)
----------------------------------------
==== Statistics for Master ID: 0 ====
Reads: 216011149   Writes: 25043335
ICACHE: size: 64 KB assoc: 2
ICACHE: hits:117209526 misses:3580510  Hit Ratio: 97.04%
DCACHE: size: 32 KB assoc: 8
DCACHE: hits:115055129 misses:5209319 writebacks:5208275  Hit Ratio: 95.67%
SCACHE: size: 512 KB assoc: 2
SCACHE: hits:7660160 misses:1129669  Hit Ratio: 87.15%
3CACHE: size: 4096 KB assoc: 2
3CACHE: hits:949843 misses:179826  Hit Ratio: 84.08%
3CACHE: dirty items replaced:10156
ITLB: size: 48, misses 52884, miss rate 0.04%
DTLB: size: 128, misses 713850, miss rate 0.59%
Avg mem delay: 2.492 cycles
----------------------------------------
==== Statistics for Master ID: 1 ====
Reads: 156310319   Writes: 72
ICACHE: size: 64 KB assoc: 2
ICACHE: hits:131365236 misses:13540  Hit Ratio: 99.99%
DCACHE: size: 32 KB assoc: 8
DCACHE: hits:17850744 misses:7080871 writebacks:7078984  Hit Ratio: 71.60%
SCACHE: size: 512 KB assoc: 2
SCACHE: hits:6703378 misses:391033  Hit Ratio: 94.49%
3CACHE: size: 4096 KB assoc: 2
3CACHE: hits:324783 misses:66249  Hit Ratio: 83.06%
3CACHE: dirty items replaced:591
ITLB: size: 48, misses 4, miss rate 0.00%
DTLB: size: 128, misses 43077, miss rate 0.17%
Avg mem delay: 2.492 cycles
----------------------------------------
==== Statistics for Master ID: 3 ====
Reads: 198349081   Writes: 33689311
ICACHE: size: 64 KB assoc: 2
ICACHE: hits:111102934 misses:3498112  Hit Ratio: 96.95%
DCACHE: size: 32 KB assoc: 8
DCACHE: hits:112962917 misses:4474429 writebacks:4473748  Hit Ratio: 96.19%
SCACHE: size: 512 KB assoc: 2
SCACHE: hits:6715082 misses:1257459  Hit Ratio: 84.23%
3CACHE: size: 4096 KB assoc: 2
3CACHE: hits:1069903 misses:187556  Hit Ratio: 85.08%
3CACHE: dirty items replaced:24447
ITLB: size: 48, misses 233713, miss rate 0.20%
DTLB: size: 128, misses 500927, miss rate 0.43%
Avg mem delay: 2.492 cycles
----------------------------------------
==== Global Resource Utilization ====
STASH: size: 65536 entries, full 1776985513, empty 118053780, misses 11513228, full rate 93.20
icache bank util. 0.270 0.246 0.179 0.111 0.118 0.098 0.100 0.167 
dcache bank util. 0.131 0.147 0.142 0.116 0.159 0.211 0.151 0.149 
L2 bank util. 0.072 0.087 0.075 0.067 0.071 0.077 0.070 0.083 
L1-L2 bus util. = 0.405, L3 util. = 0.014
----------------------------------------
branch prediction, hits = 73588469, misses = 10008952, hit rate = 88.03%
return_stack prediction, hits = 8787248, misses = 6972, hit rate = 99.92%
jump prediction, hits = 80831917, misses = 17178425, hit rate = 82.47%
 caconv_ calrms_ chroma_
**** Debug Statistics at 401000000 Cycles *****
Threads: 4		Fetch Width: 8
No of useful instructions fetched:	1290120111 (40.22% proc util.)
No of total instructions fetched:	1703392855 (53.10% proc util.)
 includes 92113998 misfetch (5.4%), 321158746 (18.9%) wrong-path fetches
 and 0 flushed after failed lock(0.0%)
No of useful instructions issued/executed:	1290120071 (40.22% proc util.)
No of total instructions issued/executed:	1451104628 (45.23% proc util.)
 includes 160984557 wrong-path (11.1%) insts and 0 flushed (0.0%)
	fp 63868, 0.00%
	synch 0, 0.00%
	integer 1100359285, 75.83%
	load/store 350681475, 24.17%
Avg size of int IQ (before scheduling): 27.17
Avg size of fp IQ (before scheduling): 0.00
No of cycles taken:		401000000
Parallelism [ 1.016, 1.379, 0.000, 0.821,] = 3.217
 IQ conflicts: 2272880 (0.57%), FQ conflicts: 0 (0.00%) 
 I reg conflicts: 135429600 (33.77%), FP reg conflicts: 0 (0.00%)
  Activelist confs: 2585 (0.00%), ROB confs: 301039 (0.08%)
  Int unit conflicts: 427702345 (106.66%), FP unit conflicts: 18 (0.00%)
  Load/store unit conflicts: 42050695 (10.49%)
  MSHR conflicts: 13963363 (3.48%)
----------------------------------------
==== System-wide Cache Statistics ====
Stall for miss queue full 0 cycles (0.00%)
----------------------------------------
==== Statistics for Master ID: 0 ====
Reads: 286378728   Writes: 32968291
ICACHE: size: 64 KB assoc: 2
ICACHE: hits:155459470 misses:4743864  Hit Ratio: 97.04%
DCACHE: size: 32 KB assoc: 8
DCACHE: hits:152174831 misses:6968854 writebacks:6967810  Hit Ratio: 95.62%
SCACHE: size: 512 KB assoc: 2
SCACHE: hits:10217050 misses:1495668  Hit Ratio: 87.23%
3CACHE: size: 4096 KB assoc: 2
3CACHE: hits:1251561 misses:244107  Hit Ratio: 83.68%
3CACHE: dirty items replaced:18834
ITLB: size: 48, misses 67403, miss rate 0.04%
DTLB: size: 128, misses 950184, miss rate 0.60%
Avg mem delay: 2.498 cycles
----------------------------------------
==== Statistics for Master ID: 1 ====
Reads: 207285821   Writes: 84
ICACHE: size: 64 KB assoc: 2
ICACHE: hits:174211566 misses:17289  Hit Ratio: 99.99%
DCACHE: size: 32 KB assoc: 8
DCACHE: hits:23632772 misses:9424278 writebacks:9422391  Hit Ratio: 71.49%
SCACHE: size: 512 KB assoc: 2
SCACHE: hits:8913409 misses:528158  Hit Ratio: 94.41%
3CACHE: size: 4096 KB assoc: 2
3CACHE: hits:433011 misses:95147  Hit Ratio: 81.99%
3CACHE: dirty items replaced:2829
ITLB: size: 48, misses 4, miss rate 0.00%
DTLB: size: 128, misses 58060, miss rate 0.18%
Avg mem delay: 2.498 cycles
----------------------------------------
==== Statistics for Master ID: 3 ====
Reads: 266354032   Writes: 45402357
ICACHE: size: 64 KB assoc: 2
ICACHE: hits:149093638 misses:4615537  Hit Ratio: 97.00%
DCACHE: size: 32 KB assoc: 8
DCACHE: hits:152032062 misses:6015152 writebacks:6014471  Hit Ratio: 96.19%
SCACHE: size: 512 KB assoc: 2
SCACHE: hits:8959161 misses:1671527  Hit Ratio: 84.28%
3CACHE: size: 4096 KB assoc: 2
3CACHE: hits:1420042 misses:251485  Hit Ratio: 84.95%
3CACHE: dirty items replaced:43498
ITLB: size: 48, misses 295089, miss rate 0.19%
DTLB: size: 128, misses 672150, miss rate 0.43%
Avg mem delay: 2.498 cycles
----------------------------------------
==== Global Resource Utilization ====
STASH: size: 65536 entries, full 2216509975, empty 140473289, misses 13495023, full rate 93.50
icache bank util. 0.269 0.246 0.179 0.112 0.118 0.098 0.100 0.166 
dcache bank util. 0.131 0.146 0.143 0.117 0.160 0.211 0.153 0.149 
L2 bank util. 0.071 0.087 0.075 0.067 0.071 0.076 0.070 0.083 
L1-L2 bus util. = 0.405, L3 util. = 0.015
----------------------------------------
branch prediction, hits = 98040083, misses = 13405180, hit rate = 87.97%
return_stack prediction, hits = 11758384, misses = 8682, hit rate = 99.93%
jump prediction, hits = 107682569, misses = 22924165, hit rate = 82.45%
 cinvar_ clor6_
**** Debug Statistics at 501000000 Cycles *****
Threads: 4		Fetch Width: 8
No of useful instructions fetched:	1610734403 (40.19% proc util.)
No of total instructions fetched:	2133160609 (53.22% proc util.)
 includes 116952856 misfetch (5.5%), 405473350 (19.0%) wrong-path fetches
 and 0 flushed after failed lock(0.0%)
No of useful instructions issued/executed:	1610734356 (40.19% proc util.)
No of total instructions issued/executed:	1813614160 (45.25% proc util.)
 includes 202879804 wrong-path (11.2%) insts and 0 flushed (0.0%)
	fp 72009, 0.00%
	synch 0, 0.00%
	integer 1376072264, 75.87%
	load/store 437469887, 24.12%
Avg size of int IQ (before scheduling): 27.07
Avg size of fp IQ (before scheduling): 0.00
No of cycles taken:		501000000
Parallelism [ 1.018, 1.381, 0.000, 0.816,] = 3.215
 IQ conflicts: 2666267 (0.53%), FQ conflicts: 0 (0.00%) 
 I reg conflicts: 168502105 (33.63%), FP reg conflicts: 0 (0.00%)
  Activelist confs: 3154 (0.00%), ROB confs: 385709 (0.08%)
  Int unit conflicts: 528851952 (105.56%), FP unit conflicts: 18 (0.00%)
  Load/store unit conflicts: 51797770 (10.34%)
  MSHR conflicts: 16267123 (3.25%)
----------------------------------------
==== System-wide Cache Statistics ====
Stall for miss queue full 0 cycles (0.00%)
----------------------------------------
==== Statistics for Master ID: 0 ====
Reads: 357714767   Writes: 40879179
ICACHE: size: 64 KB assoc: 2
ICACHE: hits:194348415 misses:5963022  Hit Ratio: 97.02%
DCACHE: size: 32 KB assoc: 8
DCACHE: hits:189647071 misses:8635438 writebacks:8634394  Hit Ratio: 95.64%
SCACHE: size: 512 KB assoc: 2
SCACHE: hits:12733335 misses:1865123  Hit Ratio: 87.22%
3CACHE: size: 4096 KB assoc: 2
3CACHE: hits:1557579 misses:307544  Hit Ratio: 83.51%
3CACHE: dirty items replaced:31976
ITLB: size: 48, misses 84540, miss rate 0.04%
DTLB: size: 128, misses 1166936, miss rate 0.59%
Avg mem delay: 2.481 cycles
----------------------------------------
==== Statistics for Master ID: 1 ====
Reads: 259617490   Writes: 90
ICACHE: size: 64 KB assoc: 2
ICACHE: hits:218242769 misses:21628  Hit Ratio: 99.99%
DCACHE: size: 32 KB assoc: 8
DCACHE: hits:29572826 misses:11780357 writebacks:11778470  Hit Ratio: 71.51%
SCACHE: size: 512 KB assoc: 2
SCACHE: hits:11139443 misses:662542  Hit Ratio: 94.39%
3CACHE: size: 4096 KB assoc: 2
3CACHE: hits:537940 misses:124602  Hit Ratio: 81.19%
3CACHE: dirty items replaced:8075
ITLB: size: 48, misses 4, miss rate 0.00%
DTLB: size: 128, misses 71015, miss rate 0.17%
Avg mem delay: 2.481 cycles
----------------------------------------
==== Statistics for Master ID: 3 ====
Reads: 333334357   Writes: 56484807
ICACHE: size: 64 KB assoc: 2
ICACHE: hits:186664761 misses:5887099  Hit Ratio: 96.94%
DCACHE: size: 32 KB assoc: 8
DCACHE: hits:189793144 misses:7474160 writebacks:7473479  Hit Ratio: 96.21%
SCACHE: size: 512 KB assoc: 2
SCACHE: hits:11245675 misses:2115584  Hit Ratio: 84.17%
3CACHE: size: 4096 KB assoc: 2
3CACHE: hits:1794909 misses:320675  Hit Ratio: 84.84%
3CACHE: dirty items replaced:69751
ITLB: size: 48, misses 367690, miss rate 0.19%
DTLB: size: 128, misses 816890, miss rate 0.41%
Avg mem delay: 2.481 cycles
----------------------------------------
==== Global Resource Utilization ====
STASH: size: 65536 entries, full 2663616513, empty 163921463, misses 15570145, full rate 93.69
icache bank util. 0.270 0.247 0.180 0.112 0.118 0.098 0.100 0.166 
dcache bank util. 0.131 0.145 0.145 0.117 0.161 0.208 0.151 0.148 
L2 bank util. 0.072 0.086 0.075 0.067 0.071 0.076 0.070 0.083 
L1-L2 bus util. = 0.405, L3 util. = 0.015
----------------------------------------
branch prediction, hits = 121854236, misses = 16975861, hit rate = 87.77%
return_stack prediction, hits = 14675635, misses = 11063, hit rate = 99.92%
jump prediction, hits = 133634060, misses = 29139409, hit rate = 82.10%
 clorb_
**** Debug Statistics at 601000000 Cycles *****
Threads: 4		Fetch Width: 8
No of useful instructions fetched:	1939498874 (40.34% proc util.)
No of total instructions fetched:	2568695160 (53.43% proc util.)
 includes 140283078 misfetch (5.5%), 488913208 (19.0%) wrong-path fetches
 and 0 flushed after failed lock(0.0%)
No of useful instructions issued/executed:	1939498832 (40.34% proc util.)
No of total instructions issued/executed:	2183487663 (45.41% proc util.)
 includes 243988831 wrong-path (11.2%) insts and 0 flushed (0.0%)
	fp 84479, 0.00%
	synch 0, 0.00%
	integer 1656071526, 75.85%
	load/store 527331658, 24.15%
Avg size of int IQ (before scheduling): 27.05
Avg size of fp IQ (before scheduling): 0.00
No of cycles taken:		601000000
Parallelism [ 1.019, 1.379, 0.000, 0.829,] = 3.227
 IQ conflicts: 3148254 (0.52%), FQ conflicts: 0 (0.00%) 
 I reg conflicts: 200899907 (33.43%), FP reg conflicts: 0 (0.00%)
  Activelist confs: 3469 (0.00%), ROB confs: 495840 (0.08%)
  Int unit conflicts: 643976719 (107.15%), FP unit conflicts: 20 (0.00%)
  Load/store unit conflicts: 62190636 (10.35%)
  MSHR conflicts: 21230643 (3.53%)
----------------------------------------
==== System-wide Cache Statistics ====
Stall for miss queue full 0 cycles (0.00%)
----------------------------------------
==== Statistics for Master ID: 0 ====
Reads: 430163568   Writes: 48839445
ICACHE: size: 64 KB assoc: 2
ICACHE: hits:233820267 misses:7156178  Hit Ratio: 97.03%
DCACHE: size: 32 KB assoc: 8
DCACHE: hits:227642893 misses:10383675 writebacks:10382631  Hit Ratio: 95.64%
SCACHE: size: 512 KB assoc: 2
SCACHE: hits:15315188 misses:2224665  Hit Ratio: 87.32%
3CACHE: size: 4096 KB assoc: 2
3CACHE: hits:1856050 misses:368615  Hit Ratio: 83.43%
3CACHE: dirty items replaced:47070
ITLB: size: 48, misses 97786, miss rate 0.04%
DTLB: size: 128, misses 1391417, miss rate 0.58%
Avg mem delay: 2.465 cycles
----------------------------------------
==== Statistics for Master ID: 1 ====
Reads: 311333723   Writes: 111
ICACHE: size: 64 KB assoc: 2
ICACHE: hits:261780778 misses:26701  Hit Ratio: 99.99%
DCACHE: size: 32 KB assoc: 8
DCACHE: hits:35403934 misses:14122421 writebacks:14120534  Hit Ratio: 71.49%
SCACHE: size: 512 KB assoc: 2
SCACHE: hits:13361281 misses:787841  Hit Ratio: 94.43%
3CACHE: size: 4096 KB assoc: 2
3CACHE: hits:636705 misses:151136  Hit Ratio: 80.82%
3CACHE: dirty items replaced:13255
ITLB: size: 48, misses 4, miss rate 0.00%
DTLB: size: 128, misses 84987, miss rate 0.17%
Avg mem delay: 2.465 cycles
----------------------------------------
==== Statistics for Master ID: 3 ====
Reads: 404396374   Writes: 68289510
ICACHE: size: 64 KB assoc: 2
ICACHE: hits:226639688 misses:6950892  Hit Ratio: 97.02%
DCACHE: size: 32 KB assoc: 8
DCACHE: hits:230152786 misses:8942518 writebacks:8941837  Hit Ratio: 96.26%
SCACHE: size: 512 KB assoc: 2
SCACHE: hits:13366234 misses:2527176  Hit Ratio: 84.10%
3CACHE: size: 4096 KB assoc: 2
3CACHE: hits:2136790 misses:390386  Hit Ratio: 84.55%
3CACHE: dirty items replaced:99031
ITLB: size: 48, misses 425935, miss rate 0.18%
DTLB: size: 128, misses 969950, miss rate 0.41%
Avg mem delay: 2.465 cycles
----------------------------------------
==== Global Resource Utilization ====
STASH: size: 65536 entries, full 3117955850, empty 186010538, misses 17536358, full rate 93.87
icache bank util. 0.270 0.247 0.181 0.112 0.119 0.099 0.101 0.166 
dcache bank util. 0.134 0.145 0.145 0.117 0.160 0.208 0.152 0.149 
L2 bank util. 0.072 0.085 0.075 0.067 0.071 0.076 0.070 0.084 
L1-L2 bus util. = 0.404, L3 util. = 0.015
----------------------------------------
branch prediction, hits = 147333928, misses = 20490062, hit rate = 87.79%
return_stack prediction, hits = 17590760, misses = 12344, hit rate = 99.93%
jump prediction, hits = 161014848, misses = 35025423, hit rate = 82.13%

**** Early Exiting at 618906351 Cycles *****
========================================
 SMTSIM Global Statistics
========================================
Threads: 4		Fetch Width: 8
No of useful instructions fetched:	2000000132 (40.39% proc util.)
No of total instructions fetched:	2649013962 (53.50% proc util.)
 includes 144625750 misfetch (5.5%), 504388080 (19.0%) wrong-path fetches
 and 0 flushed after failed lock(0.0%)
No of useful instructions issued/executed:	2000000082 (40.39% proc util.)
No of total instructions issued/executed:	2251404639 (45.47% proc util.)
 includes 251404557 wrong-path (11.2%) insts and 0 flushed (0.0%)
	fp 88879, 0.00%
	synch 0, 0.00%
	integer 1707368049, 75.84%
	load/store 543947711, 24.16%
Avg size of int IQ (before scheduling): 27.05
Avg size of fp IQ (before scheduling): 0.00
No of cycles taken:		618906351
Parallelism [ 1.021, 1.379, 0.000, 0.832,] = 3.232
 IQ conflicts: 3197883 (0.52%), FQ conflicts: 0 (0.00%) 
 I reg conflicts: 206373089 (33.34%), FP reg conflicts: 0 (0.00%)
  Activelist confs: 3476 (0.00%), ROB confs: 525272 (0.08%)
  Int unit conflicts: 665413204 (107.51%), FP unit conflicts: 20 (0.00%)
  Load/store unit conflicts: 64172565 (10.37%)
  MSHR conflicts: 21948038 (3.55%)
----------------------------------------
==== System-wide Cache Statistics ====
Stall for miss queue full 0 cycles (0.00%)
----------------------------------------
==== Statistics for Master ID: 0 ====
Reads: 443514364   Writes: 50329629
ICACHE: size: 64 KB assoc: 2
ICACHE: hits:241143594 misses:7362060  Hit Ratio: 97.04%
DCACHE: size: 32 KB assoc: 8
DCACHE: hits:234657541 misses:10680798 writebacks:10679754  Hit Ratio: 95.65%
SCACHE: size: 512 KB assoc: 2
SCACHE: hits:15752836 misses:2290022  Hit Ratio: 87.31%
3CACHE: size: 4096 KB assoc: 2
3CACHE: hits:1911686 misses:378336  Hit Ratio: 83.48%
3CACHE: dirty items replaced:49362
ITLB: size: 48, misses 100587, miss rate 0.04%
DTLB: size: 128, misses 1431038, miss rate 0.58%
Avg mem delay: 2.456 cycles
----------------------------------------
==== Statistics for Master ID: 1 ====
Reads: 320799616   Writes: 113
ICACHE: size: 64 KB assoc: 2
ICACHE: hits:269756921 misses:27883  Hit Ratio: 99.99%
DCACHE: size: 32 KB assoc: 8
DCACHE: hits:36476019 misses:14538906 writebacks:14537019  Hit Ratio: 71.50%
SCACHE: size: 512 KB assoc: 2
SCACHE: hits:13754932 misses:811857  Hit Ratio: 94.43%
3CACHE: size: 4096 KB assoc: 2
3CACHE: hits:656161 misses:155696  Hit Ratio: 80.82%
3CACHE: dirty items replaced:14212
ITLB: size: 48, misses 4, miss rate 0.00%
DTLB: size: 128, misses 87197, miss rate 0.17%
Avg mem delay: 2.456 cycles
----------------------------------------
==== Statistics for Master ID: 3 ====
Reads: 417596619   Writes: 70462081
ICACHE: size: 64 KB assoc: 2
ICACHE: hits:234014031 misses:7154491  Hit Ratio: 97.03%
DCACHE: size: 32 KB assoc: 8
DCACHE: hits:237717599 misses:9172579 writebacks:9171898  Hit Ratio: 96.28%
SCACHE: size: 512 KB assoc: 2
SCACHE: hits:13732086 misses:2594984  Hit Ratio: 84.11%
3CACHE: size: 4096 KB assoc: 2
3CACHE: hits:2194492 misses:400492  Hit Ratio: 84.57%
3CACHE: dirty items replaced:103052
ITLB: size: 48, misses 439386, miss rate 0.18%
DTLB: size: 128, misses 993881, miss rate 0.40%
Avg mem delay: 2.456 cycles
----------------------------------------
==== Global Resource Utilization ====
STASH: size: 65536 entries, full 3202068591, empty 189853083, misses 17879171, full rate 93.91
icache bank util. 0.270 0.248 0.181 0.112 0.119 0.100 0.101 0.167 
dcache bank util. 0.134 0.145 0.145 0.117 0.160 0.208 0.152 0.149 
L2 bank util. 0.071 0.085 0.075 0.067 0.071 0.076 0.070 0.084 
L1-L2 bus util. = 0.404, L3 util. = 0.015
----------------------------------------
branch prediction, hits = 151927574, misses = 21156499, hit rate = 87.78%
return_stack prediction, hits = 18148958, misses = 12468, hit rate = 99.93%
jump prediction, hits = 165992035, misses = 36126483, hit rate = 82.13%
total IPC 3.232

=== Results saved to: ./results/crafty_1_randacc_2_gcc-200_1.txt ===
