测试组合（多线程优先）：seqacc.arg2 + gcc-expr.arg + gzip-source.arg
执行命令：./smtsim seqacc.arg2 gcc-expr.arg gzip-source.arg
==================================================

全共享缓存
Process 0, Thread 0: seqacc
Process 0, Thread 1: seqacc
Process 2, Thread 2: gcc-expr
Process 3, Thread 3: gzip-source

**** Debug Statistics at 1000000 Cycles *****
Threads: 4		Fetch Width: 8
No of useful instructions fetched:	1065450 (13.32% proc util.)
No of total instructions fetched:	1169754 (14.62% proc util.)
 includes 15782 misfetch (1.3%), 88522 (7.6%) wrong-path fetches
 and 0 flushed after failed lock(0.0%)
No of useful instructions issued/executed:	1065403 (13.32% proc util.)
No of total instructions issued/executed:	1106179 (13.83% proc util.)
 includes 40776 wrong-path (3.7%) insts and 0 flushed (0.0%)
	fp 69, 0.01%
	synch 0, 0.00%
	integer 887135, 80.20%
	load/store 218975, 19.80%
Avg size of int IQ (before scheduling): 34.27
Avg size of fp IQ (before scheduling): 0.00
No of cycles taken:		1000000
Parallelism [ 0.581, 0.000, 0.343, 0.142,] = 1.065
 IQ conflicts: 1181 (0.12%), FQ conflicts: 0 (0.00%) 
 I reg conflicts: 828038 (82.80%), FP reg conflicts: 0 (0.00%)
  Activelist confs: 0 (0.00%), ROB confs: 0 (0.00%)
  Int unit conflicts: 72305 (7.23%), FP unit conflicts: 0 (0.00%)
  Load/store unit conflicts: 15546 (1.55%)
  MSHR conflicts: 1010553 (101.06%)
----------------------------------------
==== System-wide Cache Statistics ====
Stall for miss queue full 0 cycles (0.00%)
----------------------------------------
==== Statistics for Master ID: 0 ====
Reads: 180384   Writes: 0
ICACHE: size: 64 KB assoc: 2
ICACHE: hits:150258 misses:4  Hit Ratio: 100.00%
DCACHE: size: 32 KB assoc: 8
DCACHE: hits:27750 misses:2372 writebacks:1920  Hit Ratio: 92.13%
SCACHE: size: 512 KB assoc: 2
SCACHE: hits:1638 misses:738  Hit Ratio: 68.94%
3CACHE: size: 4096 KB assoc: 2
3CACHE: hits:403 misses:335  Hit Ratio: 54.61%
3CACHE: dirty items replaced:0
ITLB: size: 48, misses 1, miss rate 0.00%
DTLB: size: 128, misses 26, miss rate 0.09%
Avg mem delay: 57.482 cycles
----------------------------------------
==== Statistics for Master ID: 2 ====
Reads: 183151   Writes: 52468
ICACHE: size: 64 KB assoc: 2
ICACHE: hits:113537 misses:1407  Hit Ratio: 98.78%
DCACHE: size: 32 KB assoc: 8
DCACHE: hits:117358 misses:3317 writebacks:2744  Hit Ratio: 97.25%
SCACHE: size: 512 KB assoc: 2
SCACHE: hits:956 misses:3768  Hit Ratio: 20.24%
3CACHE: size: 4096 KB assoc: 2
3CACHE: hits:73 misses:3695  Hit Ratio: 1.94%
3CACHE: dirty items replaced:0
ITLB: size: 48, misses 89, miss rate 0.08%
DTLB: size: 128, misses 408, miss rate 0.34%
Avg mem delay: 57.482 cycles
----------------------------------------
==== Statistics for Master ID: 3 ====
Reads: 102159   Writes: 23057
ICACHE: size: 64 KB assoc: 2
ICACHE: hits:56961 misses:205  Hit Ratio: 99.64%
DCACHE: size: 32 KB assoc: 8
DCACHE: hits:44717 misses:23333 writebacks:23169  Hit Ratio: 65.71%
SCACHE: size: 512 KB assoc: 2
SCACHE: hits:1047 misses:22491  Hit Ratio: 4.45%
3CACHE: size: 4096 KB assoc: 2
3CACHE: hits:0 misses:22491  Hit Ratio: 0.00%
3CACHE: dirty items replaced:12
ITLB: size: 48, misses 18, miss rate 0.03%
DTLB: size: 128, misses 5556, miss rate 8.16%
Avg mem delay: 57.482 cycles
----------------------------------------
==== Global Resource Utilization ====
STASH: size: 65536 entries, full 101198062, empty 24516, misses 2096, full rate 99.97
icache bank util. 0.081 0.037 0.018 0.017 0.014 0.015 0.052 0.093 
dcache bank util. 0.025 0.027 0.037 0.017 0.016 0.016 0.225 0.026 
L2 bank util. 0.008 0.007 0.007 0.008 0.008 0.007 0.291 0.008 
L1-L2 bus util. = 0.175, L3 util. = 0.265
----------------------------------------
branch prediction, hits = 77197, misses = 5004, hit rate = 93.91%
return_stack prediction, hits = 4406, misses = 14, hit rate = 99.68%
jump prediction, hits = 91507, misses = 3900, hit rate = 95.91%
 init_expr_once init_expr save_expr_status restore_expr_status enqueue_insn protect_from_queue queued_subexp_p emit_queue init_queue convert_move
**** Debug Statistics at 101000000 Cycles *****
Threads: 4		Fetch Width: 8
No of useful instructions fetched:	150095036 (18.58% proc util.)
No of total instructions fetched:	169934880 (21.03% proc util.)
 includes 5874031 misfetch (3.5%), 13965813 (8.2%) wrong-path fetches
 and 0 flushed after failed lock(0.0%)
No of useful instructions issued/executed:	150095003 (18.58% proc util.)
No of total instructions issued/executed:	156072083 (19.32% proc util.)
 includes 5977080 wrong-path (3.8%) insts and 0 flushed (0.0%)
	fp 2243, 0.00%
	synch 0, 0.00%
	integer 120942809, 77.49%
	load/store 35127031, 22.51%
Avg size of int IQ (before scheduling): 16.41
Avg size of fp IQ (before scheduling): 0.00
No of cycles taken:		101000000
Parallelism [ 0.662, 0.000, 0.481, 0.343,] = 1.486
 IQ conflicts: 12520 (0.01%), FQ conflicts: 0 (0.00%) 
 I reg conflicts: 77158020 (76.39%), FP reg conflicts: 0 (0.00%)
  Activelist confs: 0 (0.00%), ROB confs: 0 (0.00%)
  Int unit conflicts: 6589850 (6.52%), FP unit conflicts: 1 (0.00%)
  Load/store unit conflicts: 1445953 (1.43%)
  MSHR conflicts: 19123628 (18.93%)
----------------------------------------
==== System-wide Cache Statistics ====
Stall for miss queue full 0 cycles (0.00%)
----------------------------------------
==== Statistics for Master ID: 0 ====
Reads: 22165106   Writes: 0
ICACHE: size: 64 KB assoc: 2
ICACHE: hits:18697594 misses:62  Hit Ratio: 100.00%
DCACHE: size: 32 KB assoc: 8
DCACHE: hits:2679092 misses:788358 writebacks:787884  Hit Ratio: 77.26%
SCACHE: size: 512 KB assoc: 2
SCACHE: hits:773325 misses:15095  Hit Ratio: 98.09%
3CACHE: size: 4096 KB assoc: 2
3CACHE: hits:11546 misses:3549  Hit Ratio: 76.49%
3CACHE: dirty items replaced:7
ITLB: size: 48, misses 1, miss rate 0.00%
DTLB: size: 128, misses 432, miss rate 0.01%
Avg mem delay: 11.415 cycles
----------------------------------------
==== Statistics for Master ID: 2 ====
Reads: 31137297   Writes: 5867959
ICACHE: size: 64 KB assoc: 2
ICACHE: hits:16738553 misses:368110  Hit Ratio: 97.85%
DCACHE: size: 32 KB assoc: 8
DCACHE: hits:19258701 misses:639892 writebacks:639288  Hit Ratio: 96.78%
SCACHE: size: 512 KB assoc: 2
SCACHE: hits:693240 misses:314762  Hit Ratio: 68.77%
3CACHE: size: 4096 KB assoc: 2
3CACHE: hits:183870 misses:130892  Hit Ratio: 58.42%
3CACHE: dirty items replaced:6042
ITLB: size: 48, misses 27740, miss rate 0.16%
DTLB: size: 128, misses 21207, miss rate 0.11%
Avg mem delay: 11.415 cycles
----------------------------------------
==== Statistics for Master ID: 3 ====
Reads: 17621334   Writes: 5772615
ICACHE: size: 64 KB assoc: 2
ICACHE: hits:11662939 misses:666  Hit Ratio: 99.99%
DCACHE: size: 32 KB assoc: 8
DCACHE: hits:10144903 misses:1585441 writebacks:1585277  Hit Ratio: 86.48%
SCACHE: size: 512 KB assoc: 2
SCACHE: hits:4273 misses:1581834  Hit Ratio: 0.27%
3CACHE: size: 4096 KB assoc: 2
3CACHE: hits:130 misses:1581704  Hit Ratio: 0.01%
3CACHE: dirty items replaced:33794
ITLB: size: 48, misses 58, miss rate 0.00%
DTLB: size: 128, misses 67987, miss rate 0.58%
Avg mem delay: 11.415 cycles
----------------------------------------
==== Global Resource Utilization ====
STASH: size: 65536 entries, full 270554203, empty 6812948, misses 607563, full rate 97.33
icache bank util. 0.091 0.048 0.021 0.022 0.022 0.131 0.052 0.094 
dcache bank util. 0.062 0.070 0.065 0.060 0.057 0.058 0.082 0.072 
L2 bank util. 0.040 0.039 0.039 0.039 0.038 0.038 0.046 0.054 
L1-L2 bus util. = 0.190, L3 util. = 0.170
----------------------------------------
branch prediction, hits = 14805788, misses = 1060422, hit rate = 93.32%
return_stack prediction, hits = 588863, misses = 1329, hit rate = 99.77%
jump prediction, hits = 15400711, misses = 1538648, hit rate = 90.92%
 convert_to_mode
**** Debug Statistics at 201000000 Cycles *****
Threads: 4		Fetch Width: 8
No of useful instructions fetched:	535428439 (33.30% proc util.)
No of total instructions fetched:	663370947 (41.25% proc util.)
 includes 20748857 misfetch (3.1%), 107193651 (16.2%) wrong-path fetches
 and 0 flushed after failed lock(0.0%)
No of useful instructions issued/executed:	535428376 (33.30% proc util.)
No of total instructions issued/executed:	582174070 (36.20% proc util.)
 includes 46745694 wrong-path (8.0%) insts and 0 flushed (0.0%)
	fp 3445, 0.00%
	synch 0, 0.00%
	integer 447191360, 76.81%
	load/store 134979265, 23.19%
Avg size of int IQ (before scheduling): 23.46
Avg size of fp IQ (before scheduling): 0.00
No of cycles taken:		201000000
Parallelism [ 1.021, 0.000, 0.789, 0.854,] = 2.664
 IQ conflicts: 359368 (0.18%), FQ conflicts: 0 (0.00%) 
 I reg conflicts: 104428763 (51.95%), FP reg conflicts: 0 (0.00%)
  Activelist confs: 326 (0.00%), ROB confs: 38595 (0.02%)
  Int unit conflicts: 213798349 (106.37%), FP unit conflicts: 3 (0.00%)
  Load/store unit conflicts: 12718741 (6.33%)
  MSHR conflicts: 30515850 (15.18%)
----------------------------------------
==== System-wide Cache Statistics ====
Stall for miss queue full 0 cycles (0.00%)
----------------------------------------
==== Statistics for Master ID: 0 ====
Reads: 73424167   Writes: 0
ICACHE: size: 64 KB assoc: 2
ICACHE: hits:62780301 misses:247  Hit Ratio: 100.00%
DCACHE: size: 32 KB assoc: 8
DCACHE: hits:8553194 misses:2090425 writebacks:2089951  Hit Ratio: 80.36%
SCACHE: size: 512 KB assoc: 2
SCACHE: hits:2069172 misses:21500  Hit Ratio: 98.97%
3CACHE: size: 4096 KB assoc: 2
3CACHE: hits:17431 misses:4069  Hit Ratio: 81.07%
3CACHE: dirty items replaced:36
ITLB: size: 48, misses 1, miss rate 0.00%
DTLB: size: 128, misses 940, miss rate 0.01%
Avg mem delay: 4.149 cycles
----------------------------------------
==== Statistics for Master ID: 2 ====
Reads: 120344611   Writes: 21086274
ICACHE: size: 64 KB assoc: 2
ICACHE: hits:67597144 misses:866205  Hit Ratio: 98.73%
DCACHE: size: 32 KB assoc: 8
DCACHE: hits:71047016 misses:1920520 writebacks:1919916  Hit Ratio: 97.37%
SCACHE: size: 512 KB assoc: 2
SCACHE: hits:2211098 misses:575627  Hit Ratio: 79.34%
3CACHE: size: 4096 KB assoc: 2
3CACHE: hits:388392 misses:187235  Hit Ratio: 67.47%
3CACHE: dirty items replaced:14683
ITLB: size: 48, misses 42147, miss rate 0.06%
DTLB: size: 128, misses 66079, miss rate 0.09%
Avg mem delay: 4.149 cycles
----------------------------------------
==== Statistics for Master ID: 3 ====
Reads: 92969226   Writes: 16758767
ICACHE: size: 64 KB assoc: 2
ICACHE: hits:58572766 misses:7894  Hit Ratio: 99.99%
DCACHE: size: 32 KB assoc: 8
DCACHE: hits:48097340 misses:3049993 writebacks:3049829  Hit Ratio: 94.04%
SCACHE: size: 512 KB assoc: 2
SCACHE: hits:1048251 misses:2009636  Hit Ratio: 34.28%
3CACHE: size: 4096 KB assoc: 2
3CACHE: hits:68563 misses:1941073  Hit Ratio: 3.41%
3CACHE: dirty items replaced:57259
ITLB: size: 48, misses 251, miss rate 0.00%
DTLB: size: 128, misses 96514, miss rate 0.19%
Avg mem delay: 4.149 cycles
----------------------------------------
==== Global Resource Utilization ====
STASH: size: 65536 entries, full 794758725, empty 16076395, misses 1437525, full rate 97.84
icache bank util. 0.182 0.102 0.057 0.066 0.082 0.155 0.119 0.195 
dcache bank util. 0.097 0.105 0.108 0.106 0.117 0.098 0.149 0.101 
L2 bank util. 0.043 0.043 0.043 0.044 0.042 0.041 0.047 0.051 
L1-L2 bus util. = 0.224, L3 util. = 0.106
----------------------------------------
branch prediction, hits = 43968185, misses = 4631242, hit rate = 90.47%
return_stack prediction, hits = 2835025, misses = 1935, hit rate = 99.93%
jump prediction, hits = 47902354, misses = 5196333, hit rate = 90.21%
 move_by_pieces move_by_pieces_ninsns
**** Debug Statistics at 301000000 Cycles *****
Threads: 4		Fetch Width: 8
No of useful instructions fetched:	982407875 (40.80% proc util.)
No of total instructions fetched:	1238269301 (51.42% proc util.)
 includes 37036332 misfetch (3.0%), 218825094 (17.7%) wrong-path fetches
 and 0 flushed after failed lock(0.0%)
No of useful instructions issued/executed:	982407849 (40.80% proc util.)
No of total instructions issued/executed:	1077238231 (44.74% proc util.)
 includes 94830382 wrong-path (8.8%) insts and 0 flushed (0.0%)
	fp 5016, 0.00%
	synch 0, 0.00%
	integer 827244413, 76.79%
	load/store 249988802, 23.21%
Avg size of int IQ (before scheduling): 27.10
Avg size of fp IQ (before scheduling): 0.00
No of cycles taken:		301000000
Parallelism [ 1.200, 0.000, 0.936, 1.128,] = 3.264
 IQ conflicts: 1007784 (0.33%), FQ conflicts: 0 (0.00%) 
 I reg conflicts: 119498770 (39.70%), FP reg conflicts: 0 (0.00%)
  Activelist confs: 326 (0.00%), ROB confs: 77031 (0.03%)
  Int unit conflicts: 477687483 (158.70%), FP unit conflicts: 8 (0.00%)
  Load/store unit conflicts: 26199232 (8.70%)
  MSHR conflicts: 39241411 (13.04%)
----------------------------------------
==== System-wide Cache Statistics ====
Stall for miss queue full 0 cycles (0.00%)
----------------------------------------
==== Statistics for Master ID: 0 ====
Reads: 131637799   Writes: 0
ICACHE: size: 64 KB assoc: 2
ICACHE: hits:112906899 misses:480  Hit Ratio: 100.00%
DCACHE: size: 32 KB assoc: 8
DCACHE: hits:15265478 misses:3464942 writebacks:3464468  Hit Ratio: 81.50%
SCACHE: size: 512 KB assoc: 2
SCACHE: hits:3440898 misses:24524  Hit Ratio: 99.29%
3CACHE: size: 4096 KB assoc: 2
3CACHE: hits:20315 misses:4209  Hit Ratio: 82.84%
3CACHE: dirty items replaced:49
ITLB: size: 48, misses 1, miss rate 0.00%
DTLB: size: 128, misses 1492, miss rate 0.01%
Avg mem delay: 2.831 cycles
----------------------------------------
==== Statistics for Master ID: 2 ====
Reads: 222535247   Writes: 38229491
ICACHE: size: 64 KB assoc: 2
ICACHE: hits:126166696 misses:1462475  Hit Ratio: 98.85%
DCACHE: size: 32 KB assoc: 8
DCACHE: hits:129787729 misses:3347838 writebacks:3347234  Hit Ratio: 97.49%
SCACHE: size: 512 KB assoc: 2
SCACHE: hits:3970051 misses:840262  Hit Ratio: 82.53%
3CACHE: size: 4096 KB assoc: 2
3CACHE: hits:608327 misses:231935  Hit Ratio: 72.40%
3CACHE: dirty items replaced:26676
ITLB: size: 48, misses 61759, miss rate 0.05%
DTLB: size: 128, misses 122419, miss rate 0.09%
Avg mem delay: 2.831 cycles
----------------------------------------
==== Statistics for Master ID: 3 ====
Reads: 183086736   Writes: 29363474
ICACHE: size: 64 KB assoc: 2
ICACHE: hits:114744639 misses:16692  Hit Ratio: 99.99%
DCACHE: size: 32 KB assoc: 8
DCACHE: hits:93324394 misses:4364485 writebacks:4364321  Hit Ratio: 95.53%
SCACHE: size: 512 KB assoc: 2
SCACHE: hits:2247265 misses:2133912  Hit Ratio: 51.29%
3CACHE: size: 4096 KB assoc: 2
3CACHE: hits:161651 misses:1972261  Hit Ratio: 7.58%
3CACHE: dirty items replaced:62976
ITLB: size: 48, misses 495, miss rate 0.00%
DTLB: size: 128, misses 110231, miss rate 0.11%
Avg mem delay: 2.831 cycles
----------------------------------------
==== Global Resource Utilization ====
STASH: size: 65536 entries, full 1405247300, empty 26842863, misses 2396806, full rate 97.96
icache bank util. 0.228 0.130 0.076 0.089 0.109 0.164 0.152 0.247 
dcache bank util. 0.118 0.129 0.132 0.120 0.144 0.113 0.179 0.116 
L2 bank util. 0.044 0.044 0.045 0.045 0.043 0.042 0.047 0.050 
L1-L2 bus util. = 0.238, L3 util. = 0.073
----------------------------------------
branch prediction, hits = 76456448, misses = 8755097, hit rate = 89.73%
return_stack prediction, hits = 5367837, misses = 2751, hit rate = 99.95%
jump prediction, hits = 84312149, misses = 9238568, hit rate = 90.12%
 move_by_pieces_1 emit_block_move
**** Debug Statistics at 401000000 Cycles *****
Threads: 4		Fetch Width: 8
No of useful instructions fetched:	1418847314 (44.23% proc util.)
No of total instructions fetched:	1799066450 (56.08% proc util.)
 includes 54134990 misfetch (3.0%), 326084146 (18.1%) wrong-path fetches
 and 0 flushed after failed lock(0.0%)
No of useful instructions issued/executed:	1418847273 (44.23% proc util.)
No of total instructions issued/executed:	1560879610 (48.66% proc util.)
 includes 142032337 wrong-path (9.1%) insts and 0 flushed (0.0%)
	fp 5492, 0.00%
	synch 0, 0.00%
	integer 1197006663, 76.69%
	load/store 363867455, 23.31%
Avg size of int IQ (before scheduling): 28.86
Avg size of fp IQ (before scheduling): 0.00
No of cycles taken:		401000000
Parallelism [ 1.287, 0.000, 0.989, 1.262,] = 3.538
 IQ conflicts: 1721752 (0.43%), FQ conflicts: 0 (0.00%) 
 I reg conflicts: 136496502 (34.04%), FP reg conflicts: 0 (0.00%)
  Activelist confs: 347 (0.00%), ROB confs: 151685 (0.04%)
  Int unit conflicts: 713862923 (178.02%), FP unit conflicts: 10 (0.00%)
  Load/store unit conflicts: 39885378 (9.95%)
  MSHR conflicts: 51463112 (12.83%)
----------------------------------------
==== System-wide Cache Statistics ====
Stall for miss queue full 0 cycles (0.00%)
----------------------------------------
==== Statistics for Master ID: 0 ====
Reads: 189062850   Writes: 0
ICACHE: size: 64 KB assoc: 2
ICACHE: hits:162297651 misses:691  Hit Ratio: 100.00%
DCACHE: size: 32 KB assoc: 8
DCACHE: hits:21844256 misses:4920252 writebacks:4919778  Hit Ratio: 81.62%
SCACHE: size: 512 KB assoc: 2
SCACHE: hits:4892852 misses:28091  Hit Ratio: 99.43%
3CACHE: size: 4096 KB assoc: 2
3CACHE: hits:23812 misses:4279  Hit Ratio: 84.77%
3CACHE: dirty items replaced:61
ITLB: size: 48, misses 1, miss rate 0.00%
DTLB: size: 128, misses 2095, miss rate 0.01%
Avg mem delay: 2.416 cycles
----------------------------------------
==== Statistics for Master ID: 2 ====
Reads: 321245116   Writes: 56778765
ICACHE: size: 64 KB assoc: 2
ICACHE: hits:183016604 misses:2058373  Hit Ratio: 98.89%
DCACHE: size: 32 KB assoc: 8
DCACHE: hits:187810250 misses:5138654 writebacks:5138050  Hit Ratio: 97.34%
SCACHE: size: 512 KB assoc: 2
SCACHE: hits:5908113 misses:1288914  Hit Ratio: 82.09%
3CACHE: size: 4096 KB assoc: 2
3CACHE: hits:1000788 misses:288126  Hit Ratio: 77.65%
3CACHE: dirty items replaced:48899
ITLB: size: 48, misses 70519, miss rate 0.04%
DTLB: size: 128, misses 191678, miss rate 0.10%
Avg mem delay: 2.416 cycles
----------------------------------------
==== Statistics for Master ID: 3 ====
Reads: 271233850   Writes: 41697480
ICACHE: size: 64 KB assoc: 2
ICACHE: hits:169431713 misses:26120  Hit Ratio: 99.98%
DCACHE: size: 32 KB assoc: 8
DCACHE: hits:137853050 misses:5620447 writebacks:5620283  Hit Ratio: 96.08%
SCACHE: size: 512 KB assoc: 2
SCACHE: hits:3361370 misses:2285197  Hit Ratio: 59.53%
3CACHE: size: 4096 KB assoc: 2
3CACHE: hits:282715 misses:2002482  Hit Ratio: 12.37%
3CACHE: dirty items replaced:69890
ITLB: size: 48, misses 710, miss rate 0.00%
DTLB: size: 128, misses 127299, miss rate 0.09%
Avg mem delay: 2.416 cycles
----------------------------------------
==== Global Resource Utilization ====
STASH: size: 65536 entries, full 1999596385, empty 37564266, misses 3360615, full rate 97.99
icache bank util. 0.250 0.141 0.084 0.099 0.124 0.170 0.166 0.269 
dcache bank util. 0.124 0.133 0.143 0.129 0.160 0.119 0.197 0.134 
L2 bank util. 0.046 0.047 0.047 0.047 0.045 0.044 0.049 0.051 
L1-L2 bus util. = 0.250, L3 util. = 0.057
----------------------------------------
branch prediction, hits = 107993776, misses = 12671223, hit rate = 89.50%
return_stack prediction, hits = 7863815, misses = 3296, hit rate = 99.96%
jump prediction, hits = 119801768, misses = 13460353, hit rate = 89.90%

**** Debug Statistics at 501000000 Cycles *****
Threads: 4		Fetch Width: 8
No of useful instructions fetched:	1873893210 (46.75% proc util.)
No of total instructions fetched:	2374952346 (59.26% proc util.)
 includes 70730581 misfetch (3.0%), 430328555 (18.1%) wrong-path fetches
 and 0 flushed after failed lock(0.0%)
No of useful instructions issued/executed:	1873893178 (46.75% proc util.)
No of total instructions issued/executed:	2059697851 (51.39% proc util.)
 includes 185804673 wrong-path (9.0%) insts and 0 flushed (0.0%)
	fp 5592, 0.00%
	synch 0, 0.00%
	integer 1580849577, 76.75%
	load/store 478842682, 23.25%
Avg size of int IQ (before scheduling): 29.97
Avg size of fp IQ (before scheduling): 0.00
No of cycles taken:		501000000
Parallelism [ 1.342, 0.000, 1.050, 1.348,] = 3.740
 IQ conflicts: 2218706 (0.44%), FQ conflicts: 0 (0.00%) 
 I reg conflicts: 151666984 (30.27%), FP reg conflicts: 0 (0.00%)
  Activelist confs: 355 (0.00%), ROB confs: 170927 (0.03%)
  Int unit conflicts: 1003921571 (200.38%), FP unit conflicts: 14 (0.00%)
  Load/store unit conflicts: 52724576 (10.52%)
  MSHR conflicts: 64332660 (12.84%)
----------------------------------------
==== System-wide Cache Statistics ====
Stall for miss queue full 0 cycles (0.00%)
----------------------------------------
==== Statistics for Master ID: 0 ====
Reads: 247335726   Writes: 0
ICACHE: size: 64 KB assoc: 2
ICACHE: hits:212465577 misses:1034  Hit Ratio: 100.00%
DCACHE: size: 32 KB assoc: 8
DCACHE: hits:28611945 misses:6257170 writebacks:6256696  Hit Ratio: 82.06%
SCACHE: size: 512 KB assoc: 2
SCACHE: hits:6228296 misses:29908  Hit Ratio: 99.52%
3CACHE: size: 4096 KB assoc: 2
3CACHE: hits:25460 misses:4448  Hit Ratio: 85.13%
3CACHE: dirty items replaced:85
ITLB: size: 48, misses 1, miss rate 0.00%
DTLB: size: 128, misses 2621, miss rate 0.01%
Avg mem delay: 2.154 cycles
----------------------------------------
==== Statistics for Master ID: 2 ====
Reads: 422177033   Writes: 73353992
ICACHE: size: 64 KB assoc: 2
ICACHE: hits:240655366 misses:2783448  Hit Ratio: 98.86%
DCACHE: size: 32 KB assoc: 8
DCACHE: hits:245468288 misses:6623923 writebacks:6623319  Hit Ratio: 97.37%
SCACHE: size: 512 KB assoc: 2
SCACHE: hits:7840980 misses:1566391  Hit Ratio: 83.35%
3CACHE: size: 4096 KB assoc: 2
3CACHE: hits:1247080 misses:319311  Hit Ratio: 79.61%
3CACHE: dirty items replaced:62155
ITLB: size: 48, misses 104584, miss rate 0.04%
DTLB: size: 128, misses 244417, miss rate 0.10%
Avg mem delay: 2.154 cycles
----------------------------------------
==== Statistics for Master ID: 3 ====
Reads: 362386134   Writes: 54745362
ICACHE: size: 64 KB assoc: 2
ICACHE: hits:226095903 misses:34651  Hit Ratio: 99.98%
DCACHE: size: 32 KB assoc: 8
DCACHE: hits:184110199 misses:6890743 writebacks:6890579  Hit Ratio: 96.39%
SCACHE: size: 512 KB assoc: 2
SCACHE: hits:4517991 misses:2407403  Hit Ratio: 65.24%
3CACHE: size: 4096 KB assoc: 2
3CACHE: hits:375865 misses:2031538  Hit Ratio: 15.61%
3CACHE: dirty items replaced:79536
ITLB: size: 48, misses 964, miss rate 0.00%
DTLB: size: 128, misses 141870, miss rate 0.07%
Avg mem delay: 2.154 cycles
----------------------------------------
==== Global Resource Utilization ====
STASH: size: 65536 entries, full 2610004669, empty 49055057, misses 4367094, full rate 97.99
icache bank util. 0.263 0.152 0.089 0.104 0.132 0.175 0.175 0.288 
dcache bank util. 0.135 0.136 0.148 0.133 0.168 0.121 0.209 0.141 
L2 bank util. 0.046 0.047 0.047 0.047 0.045 0.044 0.049 0.050 
L1-L2 bus util. = 0.254, L3 util. = 0.047
----------------------------------------
branch prediction, hits = 142123767, misses = 16727235, hit rate = 89.47%
return_stack prediction, hits = 10171382, misses = 4067, hit rate = 99.96%
jump prediction, hits = 157242611, misses = 17499220, hit rate = 89.99%

**** Early Exiting at 529326167 Cycles *****
========================================
 SMTSIM Global Statistics
========================================
Threads: 4		Fetch Width: 8
No of useful instructions fetched:	2000000257 (47.23% proc util.)
No of total instructions fetched:	2529183545 (59.73% proc util.)
 includes 72556509 misfetch (2.9%), 456626779 (18.1%) wrong-path fetches
 and 0 flushed after failed lock(0.0%)
No of useful instructions issued/executed:	2000000230 (47.23% proc util.)
No of total instructions issued/executed:	2197045127 (51.88% proc util.)
 includes 197044897 wrong-path (9.0%) insts and 0 flushed (0.0%)
	fp 8748, 0.00%
	synch 0, 0.00%
	integer 1686709766, 76.77%
	load/store 510326613, 23.23%
Avg size of int IQ (before scheduling): 30.22
Avg size of fp IQ (before scheduling): 0.00
No of cycles taken:		529326167
Parallelism [ 1.350, 0.000, 1.067, 1.362,] = 3.778
 IQ conflicts: 2363783 (0.45%), FQ conflicts: 0 (0.00%) 
 I reg conflicts: 157417819 (29.74%), FP reg conflicts: 0 (0.00%)
  Activelist confs: 355 (0.00%), ROB confs: 212792 (0.04%)
  Int unit conflicts: 1080715290 (204.17%), FP unit conflicts: 14 (0.00%)
  Load/store unit conflicts: 55940728 (10.57%)
  MSHR conflicts: 69555410 (13.14%)
----------------------------------------
==== System-wide Cache Statistics ====
Stall for miss queue full 0 cycles (0.00%)
----------------------------------------
==== Statistics for Master ID: 0 ====
Reads: 262843103   Writes: 0
ICACHE: size: 64 KB assoc: 2
ICACHE: hits:225779214 misses:1056  Hit Ratio: 100.00%
DCACHE: size: 32 KB assoc: 8
DCACHE: hits:30422035 misses:6640798 writebacks:6640324  Hit Ratio: 82.08%
SCACHE: size: 512 KB assoc: 2
SCACHE: hits:6606884 misses:34970  Hit Ratio: 99.47%
3CACHE: size: 4096 KB assoc: 2
3CACHE: hits:30455 misses:4515  Hit Ratio: 87.09%
3CACHE: dirty items replaced:104
ITLB: size: 48, misses 1, miss rate 0.00%
DTLB: size: 128, misses 2828, miss rate 0.01%
Avg mem delay: 2.118 cycles
----------------------------------------
==== Statistics for Master ID: 2 ====
Reads: 449796646   Writes: 78922307
ICACHE: size: 64 KB assoc: 2
ICACHE: hits:256653551 misses:2865445  Hit Ratio: 98.90%
DCACHE: size: 32 KB assoc: 8
DCACHE: hits:262032653 misses:7167304 writebacks:7166700  Hit Ratio: 97.34%
SCACHE: size: 512 KB assoc: 2
SCACHE: hits:8346809 misses:1685940  Hit Ratio: 83.20%
3CACHE: size: 4096 KB assoc: 2
3CACHE: hits:1352125 misses:333815  Hit Ratio: 80.20%
3CACHE: dirty items replaced:70637
ITLB: size: 48, misses 107053, miss rate 0.04%
DTLB: size: 128, misses 262033, miss rate 0.10%
Avg mem delay: 2.118 cycles
----------------------------------------
==== Statistics for Master ID: 3 ====
Reads: 386100793   Writes: 57961365
ICACHE: size: 64 KB assoc: 2
ICACHE: hits:240869665 misses:35719  Hit Ratio: 99.99%
DCACHE: size: 32 KB assoc: 8
DCACHE: hits:195913017 misses:7243757 writebacks:7243593  Hit Ratio: 96.43%
SCACHE: size: 512 KB assoc: 2
SCACHE: hits:4832683 misses:2446793  Hit Ratio: 66.39%
3CACHE: size: 4096 KB assoc: 2
3CACHE: hits:406517 misses:2040276  Hit Ratio: 16.61%
3CACHE: dirty items replaced:83815
ITLB: size: 48, misses 1025, miss rate 0.00%
DTLB: size: 128, misses 146017, miss rate 0.07%
Avg mem delay: 2.118 cycles
----------------------------------------
==== Global Resource Utilization ====
STASH: size: 65536 entries, full 2773932790, empty 50851334, misses 4526690, full rate 98.04
icache bank util. 0.265 0.153 0.089 0.105 0.134 0.175 0.177 0.290 
dcache bank util. 0.136 0.136 0.151 0.135 0.169 0.122 0.210 0.142 
L2 bank util. 0.046 0.047 0.048 0.047 0.046 0.044 0.049 0.050 
L1-L2 bus util. = 0.255, L3 util. = 0.045
----------------------------------------
branch prediction, hits = 151231325, misses = 17699096, hit rate = 89.52%
return_stack prediction, hits = 10702110, misses = 4190, hit rate = 99.96%
jump prediction, hits = 168107809, misses = 18003327, hit rate = 90.33%
total IPC 3.778

=== Results saved to: ./results/seqacc_2_gcc-expr_1_gzip-source_1.txt ===
