测试组合（多线程优先）：cacherand.arg2 + gcc-expr.arg + gcc-scilab.arg
执行命令：./smtsim cacherand.arg2 gcc-expr.arg gcc-scilab.arg
==================================================

动态重分配参数：每100万周期检查，阈值5
Process 0, Thread 0: cacherand
Process 0, Thread 1: cacherand
Process 2, Thread 2: gcc-expr
Process 3, Thread 3: gcc-scilab
[切片调度] 新安全域2无任何切片，尝试分配空闲切片
[切片管理] 成功绑定切片0 → 安全域2

======================== 切片硬件状态 ========================
切片号 | 所属安全域 | 当前状态    | 路扩展 | LRU touched
------------------------------------------------------------------
  0    |   域2      | 正常运行   |  否   |  0
  1    |   域-1     | 切片空闲   |  否   |  0
  2    |   域-1     | 切片空闲   |  否   |  0
  3    |   域-1     | 切片空闲   |  否   |  0
==================================================================

[切片管理] 成功绑定切片1 → 安全域2，触发【路扩展模式】

======================== 切片硬件状态 ========================
切片号 | 所属安全域 | 当前状态    | 路扩展 | LRU touched
------------------------------------------------------------------
  0    |   域2      | 正常运行   |  是   |  0
  1    |   域2      | 正常运行   |  是   |  0
  2    |   域-1     | 切片空闲   |  否   |  0
  3    |   域-1     | 切片空闲   |  否   |  0
==================================================================

[切片调度] 新安全域3无任何切片，尝试分配空闲切片
[切片管理] 成功绑定切片2 → 安全域3

======================== 切片硬件状态 ========================
切片号 | 所属安全域 | 当前状态    | 路扩展 | LRU touched
------------------------------------------------------------------
  0    |   域2      | 正常运行   |  是   |  435
  1    |   域2      | 正常运行   |  是   |  0
  2    |   域3      | 正常运行   |  否   |  0
  3    |   域-1     | 切片空闲   |  否   |  0
==================================================================

[切片管理] 成功绑定切片3 → 安全域3，触发【路扩展模式】

======================== 切片硬件状态 ========================
切片号 | 所属安全域 | 当前状态    | 路扩展 | LRU touched
------------------------------------------------------------------
  0    |   域2      | 正常运行   |  是   |  435
  1    |   域2      | 正常运行   |  是   |  0
  2    |   域3      | 正常运行   |  是   |  0
  3    |   域3      | 正常运行   |  是   |  0
==================================================================

[切片调度] 新安全域0无任何切片，尝试分配空闲切片
[切片调度] 新安全域0未找到空闲切片，尝试剥夺切片
[切片替换] 优先从【路扩展切片】中选择LRU替换目标...
[切片替换] 找到路扩展切片作为受害者：切片1（最后访问：0）
[切片调度] 安全域0触发切片剥夺：从域2剥夺切片1
[切片剥夺] 周期541：切片1（所属域2）进入待剥夺状态，禁止新替换
[切片剥夺] 周期541：切片1在途请求已清空，开始执行脏行写回
[切片剥夺] 周期541：切片1无脏行，直接完成剥夺
[切片管理] 周期541：原域2仅剩1个切片，关闭路扩展模式
[动态重分配] 周期541：切片1写回完成，自动绑定到域0
[切片管理] 成功绑定切片1 → 安全域0

======================== 切片硬件状态 ========================
切片号 | 所属安全域 | 当前状态    | 路扩展 | LRU touched
------------------------------------------------------------------
  0    |   域2      | 正常运行   |  否   |  435
  1    |   域0      | 正常运行   |  否   |  541
  2    |   域3      | 正常运行   |  是   |  511
  3    |   域3      | 正常运行   |  是   |  0
==================================================================

[切片唤醒] 周期541：域0切片就绪，唤醒等待指令

**** Debug Statistics at 1000000 Cycles *****
Threads: 4		Fetch Width: 8
No of useful instructions fetched:	2779176 (34.74% proc util.)
No of total instructions fetched:	3303719 (41.30% proc util.)
 includes 130819 misfetch (4.0%), 393724 (11.9%) wrong-path fetches
 and 0 flushed after failed lock(0.0%)
No of useful instructions issued/executed:	2779152 (34.74% proc util.)
No of total instructions issued/executed:	2958826 (36.99% proc util.)
 includes 179674 wrong-path (6.1%) insts and 0 flushed (0.0%)
	fp 149, 0.01%
	synch 0, 0.00%
	integer 2288111, 77.33%
	load/store 670566, 22.66%
Avg size of int IQ (before scheduling): 25.75
Avg size of fp IQ (before scheduling): 0.00
No of cycles taken:		1000000
Parallelism [ 1.185, 0.000, 0.797, 0.797,] = 2.779
 IQ conflicts: 6307 (0.63%), FQ conflicts: 0 (0.00%) 
 I reg conflicts: 497752 (49.78%), FP reg conflicts: 0 (0.00%)
  Activelist confs: 0 (0.00%), ROB confs: 457 (0.05%)
  Int unit conflicts: 1136822 (113.68%), FP unit conflicts: 3 (0.00%)
  Load/store unit conflicts: 154857 (15.49%)
  MSHR conflicts: 304510 (30.45%)
----------------------------------------
==== System-wide Cache Statistics ====
Stall for miss queue full 0 cycles (0.00%)
----------------------------------------
==== Statistics for Master ID: 0 ====
Reads: 336126   Writes: 0
ICACHE: size: 64 KB assoc: 2
ICACHE: hits:292223 misses:5  Hit Ratio: 100.00%
DCACHE: size: 1*16 KB assoc: 1*4
DCACHE: hits:14518 misses:29379 writebacks:0  Hit Ratio: 33.07%
SCACHE: size: 512 KB assoc: 2
SCACHE: hits:27620 misses:1763  Hit Ratio: 94.00%
3CACHE: size: 4096 KB assoc: 2
3CACHE: hits:813 misses:950  Hit Ratio: 46.11%
3CACHE: dirty items replaced:0
ITLB: size: 48, misses 1, miss rate 0.00%
DTLB: size: 128, misses 13, miss rate 0.03%
Avg mem delay: 2.533 cycles
----------------------------------------
==== Statistics for Master ID: 2 ====
Reads: 491918   Writes: 123702
ICACHE: size: 64 KB assoc: 2
ICACHE: hits:297230 misses:5337  Hit Ratio: 98.24%
DCACHE: size: 1*16 KB assoc: 1*4
DCACHE: hits:309566 misses:3487 writebacks:2452  Hit Ratio: 98.89%
SCACHE: size: 512 KB assoc: 2
SCACHE: hits:3977 misses:4847  Hit Ratio: 45.07%
3CACHE: size: 4096 KB assoc: 2
3CACHE: hits:446 misses:4401  Hit Ratio: 9.20%
3CACHE: dirty items replaced:6
ITLB: size: 48, misses 190, miss rate 0.06%
DTLB: size: 128, misses 181, miss rate 0.06%
Avg mem delay: 2.533 cycles
----------------------------------------
==== Statistics for Master ID: 3 ====
Reads: 492698   Writes: 123768
ICACHE: size: 64 KB assoc: 2
ICACHE: hits:297954 misses:5339  Hit Ratio: 98.24%
DCACHE: size: 2*16 KB assoc: 2*4
DCACHE: hits:310161 misses:3012 writebacks:2011  Hit Ratio: 99.04%
SCACHE: size: 512 KB assoc: 2
SCACHE: hits:3617 misses:4734  Hit Ratio: 43.31%
3CACHE: size: 4096 KB assoc: 2
3CACHE: hits:366 misses:4368  Hit Ratio: 7.73%
3CACHE: dirty items replaced:9
ITLB: size: 48, misses 179, miss rate 0.06%
DTLB: size: 128, misses 174, miss rate 0.06%
Avg mem delay: 2.533 cycles
----------------------------------------
==== Global Resource Utilization ====
STASH: size: 65536 entries, full 503481580, empty 86637, misses 7724, full rate 99.98
icache bank util. 0.235 0.209 0.107 0.092 0.060 0.077 0.087 0.064 
dcache bank util. 0.079 0.098 0.047 0.059 0.082 0.099 0.185 0.142 
L2 bank util. 0.037 0.036 0.037 0.038 0.035 0.036 0.037 0.036 
L1-L2 bus util. = 0.153, L3 util. = 0.097
----------------------------------------

======================== 切片硬件状态 ========================
切片号 | 所属安全域 | 当前状态    | 路扩展 | LRU touched
------------------------------------------------------------------
  0    |   域2      | 正常运行   |  否   |  999981
  1    |   域0      | 正常运行   |  否   |  999998
  2    |   域3      | 正常运行   |  是   |  999981
  3    |   域3      | 正常运行   |  是   |  999981
==================================================================

branch prediction, hits = 203251, misses = 15444, hit rate = 92.94%
return_stack prediction, hits = 28852, misses = 12, hit rate = 99.96%
jump prediction, hits = 209113, misses = 33485, hit rate = 86.20%
 dgelq2_ init_expr_once dgelqf_ init_expr save_expr_status restore_expr_status enqueue_insn protect_from_queue queued_subexp_p emit_queue init_queue convert_move
======================== 切片硬件状态 ========================
切片号 | 所属安全域 | 当前状态    | 路扩展 | LRU touched
------------------------------------------------------------------
  0    |   域2      | 正常运行   |  否   |  5999998
  1    |   域0      | 正常运行   |  否   |  5999982
  2    |   域3      | 正常运行   |  是   |  5999839
  3    |   域3      | 正常运行   |  是   |  5999863
==================================================================

[动态重分配] 周期6000000：预约迁移 冗余域3(2%) -> 切片2 -> 饥饿域0(66%)
[切片剥夺] 周期6000000：切片2（所属域3）进入待剥夺状态，禁止新替换
[切片剥夺] 周期6000000：切片2在途请求已清空，开始执行脏行写回
[切片管理] 周期6000113：原域3仅剩1个切片，关闭路扩展模式
[动态重分配] 周期6000113：切片2写回完成，自动绑定到域0
[切片管理] 成功绑定切片2 → 安全域0，触发【路扩展模式】

======================== 切片硬件状态 ========================
切片号 | 所属安全域 | 当前状态    | 路扩展 | LRU touched
------------------------------------------------------------------
  0    |   域2      | 正常运行   |  否   |  6000052
  1    |   域0      | 正常运行   |  是   |  6000079
  2    |   域0      | 正常运行   |  是   |  6000113
  3    |   域3      | 正常运行   |  否   |  6000064
==================================================================


**** Debug Statistics at 101000000 Cycles *****
Threads: 4		Fetch Width: 8
No of useful instructions fetched:	325866325 (40.33% proc util.)
No of total instructions fetched:	473444279 (58.59% proc util.)
 includes 31820709 misfetch (6.7%), 115757245 (24.5%) wrong-path fetches
 and 0 flushed after failed lock(0.0%)
No of useful instructions issued/executed:	325866289 (40.33% proc util.)
No of total instructions issued/executed:	382057194 (47.28% proc util.)
 includes 56190905 wrong-path (14.7%) insts and 0 flushed (0.0%)
	fp 3945, 0.00%
	synch 0, 0.00%
	integer 292485773, 76.56%
	load/store 89567476, 23.44%
Avg size of int IQ (before scheduling): 32.76
Avg size of fp IQ (before scheduling): 0.00
No of cycles taken:		101000000
Parallelism [ 1.632, 0.000, 0.772, 0.822,] = 3.226
 IQ conflicts: 837990 (0.83%), FQ conflicts: 0 (0.00%) 
 I reg conflicts: 29458986 (29.17%), FP reg conflicts: 0 (0.00%)
  Activelist confs: 409 (0.00%), ROB confs: 36844 (0.04%)
  Int unit conflicts: 101126702 (100.13%), FP unit conflicts: 15 (0.00%)
  Load/store unit conflicts: 12731889 (12.61%)
  MSHR conflicts: 3691404 (3.65%)
----------------------------------------
==== System-wide Cache Statistics ====
Stall for miss queue full 0 cycles (0.00%)
----------------------------------------
==== Statistics for Master ID: 0 ====
Reads: 52017280   Writes: 1
ICACHE: size: 64 KB assoc: 2
ICACHE: hits:45912834 misses:372  Hit Ratio: 100.00%
DCACHE: size: 2*16 KB assoc: 2*4
DCACHE: hits:3953938 misses:2150136 writebacks:1  Hit Ratio: 64.78%
SCACHE: size: 512 KB assoc: 2
SCACHE: hits:2074402 misses:76106  Hit Ratio: 96.46%
3CACHE: size: 4096 KB assoc: 2
3CACHE: hits:69881 misses:6225  Hit Ratio: 91.82%
3CACHE: dirty items replaced:312
ITLB: size: 48, misses 1, miss rate 0.00%
DTLB: size: 128, misses 420, miss rate 0.01%
Avg mem delay: 1.697 cycles
----------------------------------------
==== Statistics for Master ID: 2 ====
Reads: 67997828   Writes: 11159656
ICACHE: size: 64 KB assoc: 2
ICACHE: hits:37717253 misses:1579714  Hit Ratio: 95.98%
DCACHE: size: 1*16 KB assoc: 1*4
DCACHE: hits:38962049 misses:898468 writebacks:262957  Hit Ratio: 97.75%
SCACHE: size: 512 KB assoc: 2
SCACHE: hits:1931352 misses:546830  Hit Ratio: 77.93%
3CACHE: size: 4096 KB assoc: 2
3CACHE: hits:456386 misses:90444  Hit Ratio: 83.46%
3CACHE: dirty items replaced:12100
ITLB: size: 48, misses 126545, miss rate 0.32%
DTLB: size: 128, misses 79198, miss rate 0.20%
Avg mem delay: 1.697 cycles
----------------------------------------
==== Statistics for Master ID: 3 ====
Reads: 73233761   Writes: 11943268
ICACHE: size: 64 KB assoc: 2
ICACHE: hits:40386645 misses:1525199  Hit Ratio: 96.36%
DCACHE: size: 1*16 KB assoc: 1*4
DCACHE: hits:42237474 misses:1027744 writebacks:282265  Hit Ratio: 97.62%
SCACHE: size: 512 KB assoc: 2
SCACHE: hits:2039087 misses:513820  Hit Ratio: 79.87%
3CACHE: size: 4096 KB assoc: 2
3CACHE: hits:432964 misses:80856  Hit Ratio: 84.26%
3CACHE: dirty items replaced:14249
ITLB: size: 48, misses 115673, miss rate 0.28%
DTLB: size: 128, misses 78515, miss rate 0.18%
Avg mem delay: 1.697 cycles
----------------------------------------
==== Global Resource Utilization ====
STASH: size: 65536 entries, full 988675994, empty 20584275, misses 1761701, full rate 97.79
icache bank util. 0.375 0.312 0.106 0.110 0.114 0.111 0.109 0.114 
dcache bank util. 0.122 0.135 0.139 0.136 0.121 0.125 0.123 0.119 
L2 bank util. 0.052 0.054 0.052 0.054 0.053 0.050 0.050 0.051 
L1-L2 bus util. = 0.230, L3 util. = 0.018
----------------------------------------

======================== 切片硬件状态 ========================
切片号 | 所属安全域 | 当前状态    | 路扩展 | LRU touched
------------------------------------------------------------------
  0    |   域2      | 正常运行   |  否   |  100999999
  1    |   域0      | 正常运行   |  是   |  100999964
  2    |   域0      | 正常运行   |  是   |  100999985
  3    |   域3      | 正常运行   |  否   |  100999998
==================================================================

branch prediction, hits = 23537070, misses = 4510382, hit rate = 83.92%
return_stack prediction, hits = 2164370, misses = 2374, hit rate = 99.89%
jump prediction, hits = 18401360, misses = 7283540, hit rate = 71.64%
 dgels_ convert_to_mode
**** Debug Statistics at 201000000 Cycles *****
Threads: 4		Fetch Width: 8
No of useful instructions fetched:	670529026 (41.70% proc util.)
No of total instructions fetched:	983503536 (61.16% proc util.)
 includes 63193510 misfetch (6.4%), 249781000 (25.4%) wrong-path fetches
 and 0 flushed after failed lock(0.0%)
No of useful instructions issued/executed:	670528990 (41.70% proc util.)
No of total instructions issued/executed:	791077865 (49.20% proc util.)
 includes 120548875 wrong-path (15.2%) insts and 0 flushed (0.0%)
	fp 9780, 0.00%
	synch 0, 0.00%
	integer 596943613, 75.46%
	load/store 194124472, 24.54%
Avg size of int IQ (before scheduling): 32.56
Avg size of fp IQ (before scheduling): 0.00
No of cycles taken:		201000000
Parallelism [ 1.578, 0.000, 0.888, 0.869,] = 3.336
 IQ conflicts: 1655124 (0.82%), FQ conflicts: 0 (0.00%) 
 I reg conflicts: 53093337 (26.41%), FP reg conflicts: 0 (0.00%)
  Activelist confs: 1067 (0.00%), ROB confs: 139291 (0.07%)
  Int unit conflicts: 232436491 (115.64%), FP unit conflicts: 17 (0.00%)
  Load/store unit conflicts: 29696231 (14.77%)
  MSHR conflicts: 14537281 (7.23%)
----------------------------------------
==== System-wide Cache Statistics ====
Stall for miss queue full 0 cycles (0.00%)
----------------------------------------
==== Statistics for Master ID: 0 ====
Reads: 102093474   Writes: 3
ICACHE: size: 64 KB assoc: 2
ICACHE: hits:90344144 misses:838  Hit Ratio: 100.00%
DCACHE: size: 2*16 KB assoc: 2*4
DCACHE: hits:7713471 misses:4035023 writebacks:3  Hit Ratio: 65.65%
SCACHE: size: 512 KB assoc: 2
SCACHE: hits:3897749 misses:138112  Hit Ratio: 96.58%
3CACHE: size: 4096 KB assoc: 2
3CACHE: hits:125455 misses:12657  Hit Ratio: 90.84%
3CACHE: dirty items replaced:1660
ITLB: size: 48, misses 1, miss rate 0.00%
DTLB: size: 128, misses 1371, miss rate 0.01%
Avg mem delay: 1.719 cycles
----------------------------------------
==== Statistics for Master ID: 2 ====
Reads: 153830939   Writes: 25381095
ICACHE: size: 64 KB assoc: 2
ICACHE: hits:86143748 misses:2736823  Hit Ratio: 96.92%
DCACHE: size: 1*16 KB assoc: 1*4
DCACHE: hits:88367560 misses:1963903 writebacks:631542  Hit Ratio: 97.83%
SCACHE: size: 512 KB assoc: 2
SCACHE: hits:3722996 misses:977730  Hit Ratio: 79.20%
3CACHE: size: 4096 KB assoc: 2
3CACHE: hits:823498 misses:154232  Hit Ratio: 84.23%
3CACHE: dirty items replaced:34659
ITLB: size: 48, misses 191595, miss rate 0.22%
DTLB: size: 128, misses 172983, miss rate 0.19%
Avg mem delay: 1.719 cycles
----------------------------------------
==== Statistics for Master ID: 3 ====
Reads: 155113468   Writes: 25662831
ICACHE: size: 64 KB assoc: 2
ICACHE: hits:86744847 misses:2714848  Hit Ratio: 96.97%
DCACHE: size: 1*16 KB assoc: 1*4
DCACHE: hits:88902043 misses:2414594 writebacks:702314  Hit Ratio: 97.36%
SCACHE: size: 512 KB assoc: 2
SCACHE: hits:4068004 misses:1061404  Hit Ratio: 79.31%
3CACHE: size: 4096 KB assoc: 2
3CACHE: hits:906245 misses:155159  Hit Ratio: 85.38%
3CACHE: dirty items replaced:38897
ITLB: size: 48, misses 185284, miss rate 0.21%
DTLB: size: 128, misses 184509, miss rate 0.20%
Avg mem delay: 1.719 cycles
----------------------------------------
==== Global Resource Utilization ====
STASH: size: 65536 entries, full 1520273167, empty 38406049, misses 3313938, full rate 97.33
icache bank util. 0.378 0.315 0.115 0.121 0.128 0.123 0.116 0.121 
dcache bank util. 0.135 0.138 0.140 0.152 0.144 0.136 0.135 0.128 
L2 bank util. 0.051 0.053 0.051 0.054 0.052 0.048 0.050 0.050 
L1-L2 bus util. = 0.227, L3 util. = 0.016
----------------------------------------

======================== 切片硬件状态 ========================
切片号 | 所属安全域 | 当前状态    | 路扩展 | LRU touched
------------------------------------------------------------------
  0    |   域2      | 正常运行   |  否   |  200999999
  1    |   域0      | 正常运行   |  是   |  200999981
  2    |   域0      | 正常运行   |  是   |  200999916
  3    |   域3      | 正常运行   |  否   |  200999995
==================================================================

branch prediction, hits = 50611249, misses = 9529491, hit rate = 84.15%
return_stack prediction, hits = 4722954, misses = 4179, hit rate = 99.91%
jump prediction, hits = 40747562, misses = 14719039, hit rate = 73.46%

**** Debug Statistics at 301000000 Cycles *****
Threads: 4		Fetch Width: 8
No of useful instructions fetched:	1026448768 (42.63% proc util.)
No of total instructions fetched:	1486206695 (61.72% proc util.)
 includes 92385669 misfetch (6.2%), 367372258 (24.7%) wrong-path fetches
 and 0 flushed after failed lock(0.0%)
No of useful instructions issued/executed:	1026448740 (42.63% proc util.)
No of total instructions issued/executed:	1201626987 (49.90% proc util.)
 includes 175178247 wrong-path (14.6%) insts and 0 flushed (0.0%)
	fp 27246, 0.00%
	synch 0, 0.00%
	integer 908134462, 75.58%
	load/store 293465279, 24.42%
Avg size of int IQ (before scheduling): 32.68
Avg size of fp IQ (before scheduling): 0.00
No of cycles taken:		301000000
Parallelism [ 1.576, 0.000, 0.918, 0.916,] = 3.410
 IQ conflicts: 2149561 (0.71%), FQ conflicts: 0 (0.00%) 
 I reg conflicts: 78143693 (25.96%), FP reg conflicts: 0 (0.00%)
  Activelist confs: 2066 (0.00%), ROB confs: 287238 (0.10%)
  Int unit conflicts: 381648510 (126.79%), FP unit conflicts: 19 (0.00%)
  Load/store unit conflicts: 44848714 (14.90%)
  MSHR conflicts: 25403072 (8.44%)
----------------------------------------
==== System-wide Cache Statistics ====
Stall for miss queue full 0 cycles (0.00%)
----------------------------------------
==== Statistics for Master ID: 0 ====
Reads: 152334649   Writes: 3
ICACHE: size: 64 KB assoc: 2
ICACHE: hits:134762868 misses:2100  Hit Ratio: 100.00%
DCACHE: size: 2*16 KB assoc: 2*4
DCACHE: hits:11591162 misses:5978521 writebacks:3  Hit Ratio: 65.97%
SCACHE: size: 512 KB assoc: 2
SCACHE: hits:5761835 misses:218786  Hit Ratio: 96.34%
3CACHE: size: 4096 KB assoc: 2
3CACHE: hits:198949 misses:19837  Hit Ratio: 90.93%
3CACHE: dirty items replaced:4266
ITLB: size: 48, misses 1, miss rate 0.00%
DTLB: size: 128, misses 2021, miss rate 0.01%
Avg mem delay: 1.692 cycles
----------------------------------------
==== Statistics for Master ID: 2 ====
Reads: 235198577   Writes: 38832666
ICACHE: size: 64 KB assoc: 2
ICACHE: hits:131878341 misses:4103543  Hit Ratio: 96.98%
DCACHE: size: 1*16 KB assoc: 1*4
DCACHE: hits:135108052 misses:2941307 writebacks:989443  Hit Ratio: 97.87%
SCACHE: size: 512 KB assoc: 2
SCACHE: hits:5573771 misses:1471079  Hit Ratio: 79.12%
3CACHE: size: 4096 KB assoc: 2
3CACHE: hits:1267715 misses:203364  Hit Ratio: 86.18%
3CACHE: dirty items replaced:59721
ITLB: size: 48, misses 261515, miss rate 0.19%
DTLB: size: 128, misses 255111, miss rate 0.18%
Avg mem delay: 1.692 cycles
----------------------------------------
==== Statistics for Master ID: 3 ====
Reads: 233840815   Writes: 38096180
ICACHE: size: 64 KB assoc: 2
ICACHE: hits:131089473 misses:4061079  Hit Ratio: 97.00%
DCACHE: size: 1*16 KB assoc: 1*4
DCACHE: hits:133425204 misses:3361272 writebacks:1078963  Hit Ratio: 97.54%
SCACHE: size: 512 KB assoc: 2
SCACHE: hits:5824030 misses:1598288  Hit Ratio: 78.47%
3CACHE: size: 4096 KB assoc: 2
3CACHE: hits:1392006 misses:206282  Hit Ratio: 87.09%
3CACHE: dirty items replaced:65487
ITLB: size: 48, misses 270741, miss rate 0.20%
DTLB: size: 128, misses 271089, miss rate 0.20%
Avg mem delay: 1.692 cycles
----------------------------------------
==== Global Resource Utilization ====
STASH: size: 65536 entries, full 2045217814, empty 53171214, misses 4591467, full rate 97.25
icache bank util. 0.375 0.318 0.118 0.122 0.130 0.127 0.116 0.124 
dcache bank util. 0.144 0.138 0.135 0.145 0.138 0.136 0.144 0.134 
L2 bank util. 0.050 0.053 0.050 0.054 0.052 0.048 0.049 0.049 
L1-L2 bus util. = 0.224, L3 util. = 0.014
----------------------------------------

======================== 切片硬件状态 ========================
切片号 | 所属安全域 | 当前状态    | 路扩展 | LRU touched
------------------------------------------------------------------
  0    |   域2      | 正常运行   |  否   |  300999998
  1    |   域0      | 正常运行   |  是   |  300999994
  2    |   域0      | 正常运行   |  是   |  300999956
  3    |   域3      | 正常运行   |  否   |  300999999
==================================================================

branch prediction, hits = 79440475, misses = 14109099, hit rate = 84.92%
return_stack prediction, hits = 6953029, misses = 4853, hit rate = 99.93%
jump prediction, hits = 63656823, misses = 21534941, hit rate = 74.72%
 move_by_pieces move_by_pieces_ninsns move_by_pieces_1 emit_block_move dgemm_
**** Debug Statistics at 401000000 Cycles *****
Threads: 4		Fetch Width: 8
No of useful instructions fetched:	1364488867 (42.53% proc util.)
No of total instructions fetched:	1967155604 (61.32% proc util.)
 includes 121017768 misfetch (6.2%), 481648969 (24.5%) wrong-path fetches
 and 0 flushed after failed lock(0.0%)
No of useful instructions issued/executed:	1364488835 (42.53% proc util.)
No of total instructions issued/executed:	1595033138 (49.72% proc util.)
 includes 230544303 wrong-path (14.5%) insts and 0 flushed (0.0%)
	fp 31604, 0.00%
	synch 0, 0.00%
	integer 1204901328, 75.54%
	load/store 390100206, 24.46%
Avg size of int IQ (before scheduling): 32.79
Avg size of fp IQ (before scheduling): 0.00
No of cycles taken:		401000000
Parallelism [ 1.575, 0.000, 0.905, 0.923,] = 3.403
 IQ conflicts: 3142099 (0.78%), FQ conflicts: 0 (0.00%) 
 I reg conflicts: 105722846 (26.36%), FP reg conflicts: 0 (0.00%)
  Activelist confs: 2914 (0.00%), ROB confs: 486572 (0.12%)
  Int unit conflicts: 502971002 (125.43%), FP unit conflicts: 19 (0.00%)
  Load/store unit conflicts: 59736761 (14.90%)
  MSHR conflicts: 34025360 (8.49%)
----------------------------------------
==== System-wide Cache Statistics ====
Stall for miss queue full 0 cycles (0.00%)
----------------------------------------
==== Statistics for Master ID: 0 ====
Reads: 202385983   Writes: 4
ICACHE: size: 64 KB assoc: 2
ICACHE: hits:178996586 misses:2454  Hit Ratio: 100.00%
DCACHE: size: 2*16 KB assoc: 2*4
DCACHE: hits:15468203 misses:7918743 writebacks:4  Hit Ratio: 66.14%
SCACHE: size: 512 KB assoc: 2
SCACHE: hits:7645456 misses:275741  Hit Ratio: 96.52%
3CACHE: size: 4096 KB assoc: 2
3CACHE: hits:249990 misses:25751  Hit Ratio: 90.66%
3CACHE: dirty items replaced:6279
ITLB: size: 48, misses 1, miss rate 0.00%
DTLB: size: 128, misses 2800, miss rate 0.01%
Avg mem delay: 1.730 cycles
----------------------------------------
==== Statistics for Master ID: 2 ====
Reads: 310916327   Writes: 52420337
ICACHE: size: 64 KB assoc: 2
ICACHE: hits:174630153 misses:5415432  Hit Ratio: 96.99%
DCACHE: size: 1*16 KB assoc: 1*4
DCACHE: hits:179125957 misses:4165122 writebacks:1458106  Hit Ratio: 97.73%
SCACHE: size: 512 KB assoc: 2
SCACHE: hits:7517682 misses:2062871  Hit Ratio: 78.47%
3CACHE: size: 4096 KB assoc: 2
3CACHE: hits:1787206 misses:275665  Hit Ratio: 86.64%
3CACHE: dirty items replaced:98223
ITLB: size: 48, misses 341545, miss rate 0.19%
DTLB: size: 128, misses 352369, miss rate 0.19%
Avg mem delay: 1.730 cycles
----------------------------------------
==== Statistics for Master ID: 3 ====
Reads: 309139005   Writes: 51504471
ICACHE: size: 64 KB assoc: 2
ICACHE: hits:173355684 misses:5227265  Hit Ratio: 97.07%
DCACHE: size: 1*16 KB assoc: 1*4
DCACHE: hits:177584943 misses:4475617 writebacks:1486234  Hit Ratio: 97.54%
SCACHE: size: 512 KB assoc: 2
SCACHE: hits:7551107 misses:2151742  Hit Ratio: 77.82%
3CACHE: size: 4096 KB assoc: 2
3CACHE: hits:1874122 misses:277620  Hit Ratio: 87.10%
3CACHE: dirty items replaced:105452
ITLB: size: 48, misses 365023, miss rate 0.20%
DTLB: size: 128, misses 368742, miss rate 0.20%
Avg mem delay: 1.730 cycles
----------------------------------------
==== Global Resource Utilization ====
STASH: size: 65536 entries, full 2544058830, empty 70640750, misses 6103934, full rate 97.07
icache bank util. 0.372 0.314 0.117 0.122 0.132 0.128 0.114 0.121 
dcache bank util. 0.141 0.133 0.135 0.143 0.137 0.138 0.147 0.142 
L2 bank util. 0.050 0.053 0.051 0.054 0.052 0.048 0.050 0.049 
L1-L2 bus util. = 0.226, L3 util. = 0.014
----------------------------------------

======================== 切片硬件状态 ========================
切片号 | 所属安全域 | 当前状态    | 路扩展 | LRU touched
------------------------------------------------------------------
  0    |   域2      | 正常运行   |  否   |  400999999
  1    |   域0      | 正常运行   |  是   |  400999994
  2    |   域0      | 正常运行   |  是   |  400999982
  3    |   域3      | 正常运行   |  否   |  400999997
==================================================================

branch prediction, hits = 105725019, misses = 18364779, hit rate = 85.20%
return_stack prediction, hits = 9297749, misses = 7400, hit rate = 99.92%
jump prediction, hits = 85559420, misses = 28217008, hit rate = 75.20%
 dgemv_ dgeqr2_ dgeqrf_
**** Debug Statistics at 501000000 Cycles *****
Threads: 4		Fetch Width: 8
No of useful instructions fetched:	1702949270 (42.49% proc util.)
No of total instructions fetched:	2461569558 (61.42% proc util.)
 includes 152657091 misfetch (6.2%), 605963197 (24.6%) wrong-path fetches
 and 0 flushed after failed lock(0.0%)
No of useful instructions issued/executed:	1702949239 (42.49% proc util.)
No of total instructions issued/executed:	1993397911 (49.74% proc util.)
 includes 290448672 wrong-path (14.6%) insts and 0 flushed (0.0%)
	fp 36628, 0.00%
	synch 0, 0.00%
	integer 1502575966, 75.38%
	load/store 490785317, 24.62%
Avg size of int IQ (before scheduling): 32.67
Avg size of fp IQ (before scheduling): 0.00
No of cycles taken:		501000000
Parallelism [ 1.570, 0.000, 0.910, 0.920,] = 3.399
 IQ conflicts: 3870277 (0.77%), FQ conflicts: 0 (0.00%) 
 I reg conflicts: 131509840 (26.25%), FP reg conflicts: 0 (0.00%)
  Activelist confs: 3556 (0.00%), ROB confs: 706803 (0.14%)
  Int unit conflicts: 621845870 (124.12%), FP unit conflicts: 20 (0.00%)
  Load/store unit conflicts: 75760539 (15.12%)
  MSHR conflicts: 44339851 (8.85%)
----------------------------------------
==== System-wide Cache Statistics ====
Stall for miss queue full 0 cycles (0.00%)
----------------------------------------
==== Statistics for Master ID: 0 ====
Reads: 252474332   Writes: 5
ICACHE: size: 64 KB assoc: 2
ICACHE: hits:223344671 misses:2695  Hit Ratio: 100.00%
DCACHE: size: 2*16 KB assoc: 2*4
DCACHE: hits:19292803 misses:9834167 writebacks:5  Hit Ratio: 66.24%
SCACHE: size: 512 KB assoc: 2
SCACHE: hits:9505395 misses:331467  Hit Ratio: 96.63%
3CACHE: size: 4096 KB assoc: 2
3CACHE: hits:298375 misses:33092  Hit Ratio: 90.02%
3CACHE: dirty items replaced:9041
ITLB: size: 48, misses 1, miss rate 0.00%
DTLB: size: 128, misses 3760, miss rate 0.01%
Avg mem delay: 1.757 cycles
----------------------------------------
==== Statistics for Master ID: 2 ====
Reads: 393182677   Writes: 67740548
ICACHE: size: 64 KB assoc: 2
ICACHE: hits:221596019 misses:6720072  Hit Ratio: 97.06%
DCACHE: size: 1*16 KB assoc: 1*4
DCACHE: hits:226869940 misses:5737194 writebacks:2137955  Hit Ratio: 97.53%
SCACHE: size: 512 KB assoc: 2
SCACHE: hits:9826386 misses:2630880  Hit Ratio: 78.88%
3CACHE: size: 4096 KB assoc: 2
3CACHE: hits:2298641 misses:332239  Hit Ratio: 87.37%
3CACHE: dirty items replaced:135450
ITLB: size: 48, misses 399219, miss rate 0.17%
DTLB: size: 128, misses 455881, miss rate 0.20%
Avg mem delay: 1.757 cycles
----------------------------------------
==== Statistics for Master ID: 3 ====
Reads: 385088497   Writes: 64496608
ICACHE: size: 64 KB assoc: 2
ICACHE: hits:215782721 misses:6491732  Hit Ratio: 97.08%
DCACHE: size: 1*16 KB assoc: 1*4
DCACHE: hits:221784424 misses:5526261 writebacks:1817497  Hit Ratio: 97.57%
SCACHE: size: 512 KB assoc: 2
SCACHE: hits:9333594 misses:2684366  Hit Ratio: 77.66%
3CACHE: size: 4096 KB assoc: 2
3CACHE: hits:2332418 misses:351948  Hit Ratio: 86.89%
3CACHE: dirty items replaced:154932
ITLB: size: 48, misses 458818, miss rate 0.21%
DTLB: size: 128, misses 472823, miss rate 0.21%
Avg mem delay: 1.757 cycles
----------------------------------------
==== Global Resource Utilization ====
STASH: size: 65536 entries, full 3057996500, empty 87960346, misses 7606398, full rate 96.97
icache bank util. 0.372 0.313 0.117 0.123 0.135 0.131 0.114 0.120 
dcache bank util. 0.143 0.132 0.136 0.143 0.137 0.137 0.149 0.148 
L2 bank util. 0.050 0.054 0.052 0.054 0.053 0.049 0.050 0.050 
L1-L2 bus util. = 0.229, L3 util. = 0.014
----------------------------------------

======================== 切片硬件状态 ========================
切片号 | 所属安全域 | 当前状态    | 路扩展 | LRU touched
------------------------------------------------------------------
  0    |   域2      | 正常运行   |  否   |  500999884
  1    |   域0      | 正常运行   |  是   |  500999826
  2    |   域0      | 正常运行   |  是   |  500999797
  3    |   域3      | 正常运行   |  否   |  500999999
==================================================================

branch prediction, hits = 132124419, misses = 23084528, hit rate = 85.13%
return_stack prediction, hits = 11679206, misses = 9522, hit rate = 99.92%
jump prediction, hits = 107080919, misses = 35630047, hit rate = 75.03%
 dger_
**** Early Exiting at 583046180 Cycles *****
========================================
 SMTSIM Global Statistics
========================================
Threads: 4		Fetch Width: 8
No of useful instructions fetched:	2000000088 (42.88% proc util.)
No of total instructions fetched:	2877205672 (61.68% proc util.)
 includes 174140925 misfetch (6.1%), 703064659 (24.4%) wrong-path fetches
 and 0 flushed after failed lock(0.0%)
No of useful instructions issued/executed:	2000000058 (42.88% proc util.)
No of total instructions issued/executed:	2335265426 (50.07% proc util.)
 includes 335265368 wrong-path (14.4%) insts and 0 flushed (0.0%)
	fp 41418, 0.00%
	synch 0, 0.00%
	integer 1760308254, 75.38%
	load/store 574915754, 24.62%
Avg size of int IQ (before scheduling): 32.70
Avg size of fp IQ (before scheduling): 0.00
No of cycles taken:		583046180
Parallelism [ 1.567, 0.000, 0.934, 0.929,] = 3.430
 IQ conflicts: 4424154 (0.76%), FQ conflicts: 0 (0.00%) 
 I reg conflicts: 151548574 (25.99%), FP reg conflicts: 0 (0.00%)
  Activelist confs: 3903 (0.00%), ROB confs: 903483 (0.15%)
  Int unit conflicts: 755473680 (129.57%), FP unit conflicts: 20 (0.00%)
  Load/store unit conflicts: 89496456 (15.35%)
  MSHR conflicts: 59596556 (10.22%)
----------------------------------------
==== System-wide Cache Statistics ====
Stall for miss queue full 0 cycles (0.00%)
----------------------------------------
==== Statistics for Master ID: 0 ====
Reads: 293978111   Writes: 5
ICACHE: size: 64 KB assoc: 2
ICACHE: hits:260131477 misses:4058  Hit Ratio: 100.00%
DCACHE: size: 2*16 KB assoc: 2*4
DCACHE: hits:22436006 misses:11406574 writebacks:5  Hit Ratio: 66.30%
SCACHE: size: 512 KB assoc: 2
SCACHE: hits:11006899 misses:403733  Hit Ratio: 96.46%
3CACHE: size: 4096 KB assoc: 2
3CACHE: hits:366454 misses:37279  Hit Ratio: 90.77%
3CACHE: dirty items replaced:10834
ITLB: size: 48, misses 1, miss rate 0.00%
DTLB: size: 128, misses 4271, miss rate 0.01%
Avg mem delay: 1.736 cycles
----------------------------------------
==== Statistics for Master ID: 2 ====
Reads: 458039569   Writes: 78381853
ICACHE: size: 64 KB assoc: 2
ICACHE: hits:257467860 misses:7783373  Hit Ratio: 97.07%
DCACHE: size: 1*16 KB assoc: 1*4
DCACHE: hits:264651251 misses:6518938 writebacks:2541011  Hit Ratio: 97.60%
SCACHE: size: 512 KB assoc: 2
SCACHE: hits:11298658 misses:3003653  Hit Ratio: 79.00%
3CACHE: size: 4096 KB assoc: 2
3CACHE: hits:2616782 misses:386871  Hit Ratio: 87.12%
3CACHE: dirty items replaced:175221
ITLB: size: 48, misses 492414, miss rate 0.19%
DTLB: size: 128, misses 534560, miss rate 0.20%
Avg mem delay: 1.736 cycles
----------------------------------------
==== Statistics for Master ID: 3 ====
Reads: 454522465   Writes: 75743590
ICACHE: size: 64 KB assoc: 2
ICACHE: hits:254864589 misses:7467450  Hit Ratio: 97.15%
DCACHE: size: 1*16 KB assoc: 1*4
DCACHE: hits:261486288 misses:6447761 writebacks:2095113  Hit Ratio: 97.59%
SCACHE: size: 512 KB assoc: 2
SCACHE: hits:10881364 misses:3033813  Hit Ratio: 78.20%
3CACHE: size: 4096 KB assoc: 2
3CACHE: hits:2637363 misses:396450  Hit Ratio: 86.93%
3CACHE: dirty items replaced:189285
ITLB: size: 48, misses 521205, miss rate 0.20%
DTLB: size: 128, misses 542268, miss rate 0.20%
Avg mem delay: 1.736 cycles
----------------------------------------
==== Global Resource Utilization ====
STASH: size: 65536 entries, full 3490201770, empty 102362151, misses 8837056, full rate 96.91
icache bank util. 0.371 0.316 0.116 0.122 0.134 0.131 0.114 0.124 
dcache bank util. 0.148 0.132 0.136 0.143 0.136 0.137 0.151 0.149 
L2 bank util. 0.050 0.054 0.051 0.054 0.052 0.048 0.050 0.049 
L1-L2 bus util. = 0.228, L3 util. = 0.014
----------------------------------------

======================== 切片硬件状态 ========================
切片号 | 所属安全域 | 当前状态    | 路扩展 | LRU touched
------------------------------------------------------------------
  0    |   域2      | 正常运行   |  否   |  583046163
  1    |   域0      | 正常运行   |  是   |  583046174
  2    |   域0      | 正常运行   |  是   |  583046150
  3    |   域3      | 正常运行   |  否   |  583046175
==================================================================

branch prediction, hits = 156575386, misses = 26939729, hit rate = 85.32%
return_stack prediction, hits = 13434801, misses = 10863, hit rate = 99.92%
jump prediction, hits = 126891307, misses = 40760439, hit rate = 75.69%
total IPC 3.430

=== Results saved to: ./results/cacherand_2_gcc-expr_1_gcc-scilab_1.txt ===
