测试组合（多线程优先）：seqacc.arg2 + crafty.arg + gzip-program.arg
执行命令：./smtsim seqacc.arg2 crafty.arg gzip-program.arg
==================================================

动态重分配参数：每100万周期检查，阈值5
Process 0, Thread 0: seqacc
Process 0, Thread 1: seqacc
Process 2, Thread 2: crafty
Process 3, Thread 3: gzip-program
[切片调度] 新安全域2无任何切片，尝试分配空闲切片
[切片管理] 成功绑定切片0 → 安全域2

======================== 切片硬件状态 ========================
切片号 | 所属安全域 | 当前状态    | 路扩展 | LRU touched
------------------------------------------------------------------
  0    |   域2      | 正常运行   |  否   |  0
  1    |   域-1     | 切片空闲   |  否   |  0
  2    |   域-1     | 切片空闲   |  否   |  0
  3    |   域-1     | 切片空闲   |  否   |  0
==================================================================

[切片管理] 成功绑定切片1 → 安全域2，触发【路扩展模式】

======================== 切片硬件状态 ========================
切片号 | 所属安全域 | 当前状态    | 路扩展 | LRU touched
------------------------------------------------------------------
  0    |   域2      | 正常运行   |  是   |  0
  1    |   域2      | 正常运行   |  是   |  0
  2    |   域-1     | 切片空闲   |  否   |  0
  3    |   域-1     | 切片空闲   |  否   |  0
==================================================================

[切片调度] 新安全域3无任何切片，尝试分配空闲切片
[切片管理] 成功绑定切片2 → 安全域3

======================== 切片硬件状态 ========================
切片号 | 所属安全域 | 当前状态    | 路扩展 | LRU touched
------------------------------------------------------------------
  0    |   域2      | 正常运行   |  是   |  435
  1    |   域2      | 正常运行   |  是   |  0
  2    |   域3      | 正常运行   |  否   |  0
  3    |   域-1     | 切片空闲   |  否   |  0
==================================================================

[切片管理] 成功绑定切片3 → 安全域3，触发【路扩展模式】

======================== 切片硬件状态 ========================
切片号 | 所属安全域 | 当前状态    | 路扩展 | LRU touched
------------------------------------------------------------------
  0    |   域2      | 正常运行   |  是   |  435
  1    |   域2      | 正常运行   |  是   |  0
  2    |   域3      | 正常运行   |  是   |  0
  3    |   域3      | 正常运行   |  是   |  0
==================================================================

[切片调度] 新安全域0无任何切片，尝试分配空闲切片
[切片调度] 新安全域0未找到空闲切片，尝试剥夺切片
[切片替换] 优先从【路扩展切片】中选择LRU替换目标...
[切片替换] 找到路扩展切片作为受害者：切片1（最后访问：0）
[切片调度] 安全域0触发切片剥夺：从域2剥夺切片1
[切片剥夺] 周期1055：切片1（所属域2）进入待剥夺状态，禁止新替换
[切片剥夺] 周期1055：切片1在途请求已清空，开始执行脏行写回
[切片剥夺] 周期1055：切片1无脏行，直接完成剥夺
[切片管理] 周期1055：原域2仅剩1个切片，关闭路扩展模式
[动态重分配] 周期1055：切片1写回完成，自动绑定到域0
[切片管理] 成功绑定切片1 → 安全域0

======================== 切片硬件状态 ========================
切片号 | 所属安全域 | 当前状态    | 路扩展 | LRU touched
------------------------------------------------------------------
  0    |   域2      | 正常运行   |  否   |  1051
  1    |   域0      | 正常运行   |  否   |  1055
  2    |   域3      | 正常运行   |  是   |  1055
  3    |   域3      | 正常运行   |  是   |  0
==================================================================

[切片唤醒] 周期1055：域0切片就绪，唤醒等待指令

**** Debug Statistics at 1000000 Cycles *****
Threads: 4		Fetch Width: 8
No of useful instructions fetched:	2400005 (30.00% proc util.)
No of total instructions fetched:	2645280 (33.07% proc util.)
 includes 2024 misfetch (0.1%), 243251 (9.2%) wrong-path fetches
 and 0 flushed after failed lock(0.0%)
No of useful instructions issued/executed:	2399959 (30.00% proc util.)
No of total instructions issued/executed:	2505162 (31.31% proc util.)
 includes 105203 wrong-path (4.2%) insts and 0 flushed (0.0%)
	fp 33, 0.00%
	synch 0, 0.00%
	integer 2176207, 86.87%
	load/store 328922, 13.13%
Avg size of int IQ (before scheduling): 34.11
Avg size of fp IQ (before scheduling): 0.00
No of cycles taken:		1000000
Parallelism [ 1.095, 0.000, 1.150, 0.155,] = 2.400
 IQ conflicts: 1134 (0.11%), FQ conflicts: 0 (0.00%) 
 I reg conflicts: 601784 (60.18%), FP reg conflicts: 0 (0.00%)
  Activelist confs: 0 (0.00%), ROB confs: 0 (0.00%)
  Int unit conflicts: 115882 (11.59%), FP unit conflicts: 0 (0.00%)
  Load/store unit conflicts: 2604 (0.26%)
  MSHR conflicts: 73871 (7.39%)
----------------------------------------
==== System-wide Cache Statistics ====
Stall for miss queue full 0 cycles (0.00%)
----------------------------------------
==== Statistics for Master ID: 0 ====
Reads: 388894   Writes: 0
ICACHE: size: 64 KB assoc: 2
ICACHE: hits:332110 misses:5  Hit Ratio: 100.00%
DCACHE: size: 1*16 KB assoc: 1*4
DCACHE: hits:51311 misses:5467 writebacks:0  Hit Ratio: 90.37%
SCACHE: size: 512 KB assoc: 2
SCACHE: hits:4816 misses:656  Hit Ratio: 88.01%
3CACHE: size: 4096 KB assoc: 2
3CACHE: hits:298 misses:358  Hit Ratio: 45.43%
3CACHE: dirty items replaced:0
ITLB: size: 48, misses 1, miss rate 0.00%
DTLB: size: 128, misses 15, miss rate 0.03%
Avg mem delay: 32.285 cycles
----------------------------------------
==== Statistics for Master ID: 2 ====
Reads: 508431   Writes: 58591
ICACHE: size: 64 KB assoc: 2
ICACHE: hits:369243 misses:148  Hit Ratio: 99.96%
DCACHE: size: 1*16 KB assoc: 1*4
DCACHE: hits:196536 misses:1095 writebacks:809  Hit Ratio: 99.45%
SCACHE: size: 512 KB assoc: 2
SCACHE: hits:2 misses:1241  Hit Ratio: 0.16%
3CACHE: size: 4096 KB assoc: 2
3CACHE: hits:0 misses:1241  Hit Ratio: 0.00%
3CACHE: dirty items replaced:0
ITLB: size: 48, misses 16, miss rate 0.00%
DTLB: size: 128, misses 40, miss rate 0.02%
Avg mem delay: 32.285 cycles
----------------------------------------
==== Statistics for Master ID: 3 ====
Reads: 119014   Writes: 25201
ICACHE: size: 64 KB assoc: 2
ICACHE: hits:69532 misses:196  Hit Ratio: 99.72%
DCACHE: size: 2*16 KB assoc: 2*4
DCACHE: hits:50048 misses:24439 writebacks:24272  Hit Ratio: 67.19%
SCACHE: size: 512 KB assoc: 2
SCACHE: hits:2 misses:24632  Hit Ratio: 0.01%
3CACHE: size: 4096 KB assoc: 2
3CACHE: hits:0 misses:24632  Hit Ratio: 0.00%
3CACHE: dirty items replaced:0
ITLB: size: 48, misses 18, miss rate 0.03%
DTLB: size: 128, misses 6093, miss rate 8.18%
Avg mem delay: 32.285 cycles
----------------------------------------
==== Global Resource Utilization ====
STASH: size: 65536 entries, full 102782519, empty 3936, misses 334, full rate 100.00
icache bank util. 0.228 0.095 0.001 0.001 0.035 0.060 0.135 0.218 
dcache bank util. 0.023 0.023 0.047 0.023 0.024 0.023 0.311 0.023 
L2 bank util. 0.006 0.006 0.006 0.006 0.006 0.006 0.299 0.006 
L1-L2 bus util. = 0.169, L3 util. = 0.262
----------------------------------------

======================== 切片硬件状态 ========================
切片号 | 所属安全域 | 当前状态    | 路扩展 | LRU touched
------------------------------------------------------------------
  0    |   域2      | 正常运行   |  否   |  999994
  1    |   域0      | 正常运行   |  否   |  999978
  2    |   域3      | 正常运行   |  是   |  999957
  3    |   域3      | 正常运行   |  是   |  999928
==================================================================

branch prediction, hits = 238705, misses = 15364, hit rate = 93.95%
return_stack prediction, hits = 196, misses = 11, hit rate = 94.69%
jump prediction, hits = 278052, misses = 456, hit rate = 99.84%

**** Debug Statistics at 101000000 Cycles *****
Threads: 4		Fetch Width: 8
No of useful instructions fetched:	212172144 (26.26% proc util.)
No of total instructions fetched:	232651984 (28.79% proc util.)
 includes 5462739 misfetch (2.3%), 15017101 (6.5%) wrong-path fetches
 and 0 flushed after failed lock(0.0%)
No of useful instructions issued/executed:	212172093 (26.26% proc util.)
No of total instructions issued/executed:	218561750 (27.05% proc util.)
 includes 6389657 wrong-path (2.9%) insts and 0 flushed (0.0%)
	fp 184, 0.00%
	synch 0, 0.00%
	integer 172888241, 79.10%
	load/store 45673325, 20.90%
Avg size of int IQ (before scheduling): 21.24
Avg size of fp IQ (before scheduling): 0.00
No of cycles taken:		101000000
Parallelism [ 0.870, 0.000, 0.894, 0.337,] = 2.101
 IQ conflicts: 19256 (0.02%), FQ conflicts: 0 (0.00%) 
 I reg conflicts: 66909852 (66.25%), FP reg conflicts: 0 (0.00%)
  Activelist confs: 0 (0.00%), ROB confs: 494 (0.00%)
  Int unit conflicts: 17247876 (17.08%), FP unit conflicts: 1 (0.00%)
  Load/store unit conflicts: 1934416 (1.92%)
  MSHR conflicts: 12194255 (12.07%)
----------------------------------------
==== System-wide Cache Statistics ====
Stall for miss queue full 0 cycles (0.00%)
----------------------------------------
==== Statistics for Master ID: 0 ====
Reads: 31006630   Writes: 0
ICACHE: size: 64 KB assoc: 2
ICACHE: hits:26432151 misses:15621  Hit Ratio: 99.94%
DCACHE: size: 1*16 KB assoc: 1*4
DCACHE: hits:4123648 misses:435209 writebacks:0  Hit Ratio: 90.45%
SCACHE: size: 512 KB assoc: 2
SCACHE: hits:442387 misses:8443  Hit Ratio: 98.13%
3CACHE: size: 4096 KB assoc: 2
3CACHE: hits:5808 misses:2635  Hit Ratio: 68.79%
3CACHE: dirty items replaced:3
ITLB: size: 48, misses 1, miss rate 0.00%
DTLB: size: 128, misses 238, miss rate 0.01%
Avg mem delay: 6.802 cycles
----------------------------------------
==== Statistics for Master ID: 2 ====
Reads: 52304397   Writes: 6900590
ICACHE: size: 64 KB assoc: 2
ICACHE: hits:28131954 misses:172832  Hit Ratio: 99.39%
DCACHE: size: 1*16 KB assoc: 1*4
DCACHE: hits:29763241 misses:1136960 writebacks:168360  Hit Ratio: 96.32%
SCACHE: size: 512 KB assoc: 2
SCACHE: hits:1118926 misses:190865  Hit Ratio: 85.43%
3CACHE: size: 4096 KB assoc: 2
3CACHE: hits:113028 misses:77837  Hit Ratio: 59.22%
3CACHE: dirty items replaced:1076
ITLB: size: 48, misses 145, miss rate 0.00%
DTLB: size: 128, misses 74963, miss rate 0.24%
Avg mem delay: 6.802 cycles
----------------------------------------
==== Statistics for Master ID: 3 ====
Reads: 17582603   Writes: 5013382
ICACHE: size: 64 KB assoc: 2
ICACHE: hits:12360253 misses:23669  Hit Ratio: 99.81%
DCACHE: size: 2*16 KB assoc: 2*4
DCACHE: hits:8820585 misses:1391478 writebacks:787660  Hit Ratio: 86.37%
SCACHE: size: 512 KB assoc: 2
SCACHE: hits:23065 misses:1392082  Hit Ratio: 1.63%
3CACHE: size: 4096 KB assoc: 2
3CACHE: hits:65 misses:1392017  Hit Ratio: 0.00%
3CACHE: dirty items replaced:7024
ITLB: size: 48, misses 42, miss rate 0.00%
DTLB: size: 128, misses 65029, miss rate 0.64%
Avg mem delay: 6.802 cycles
----------------------------------------
==== Global Resource Utilization ====
STASH: size: 65536 entries, full 340023494, empty 10178624, misses 984477, full rate 96.82
icache bank util. 0.138 0.074 0.036 0.036 0.042 0.105 0.082 0.158 
dcache bank util. 0.053 0.066 0.068 0.045 0.082 0.078 0.098 0.079 
L2 bank util. 0.027 0.032 0.029 0.024 0.028 0.029 0.034 0.046 
L1-L2 bus util. = 0.123, L3 util. = 0.146
----------------------------------------

======================== 切片硬件状态 ========================
切片号 | 所属安全域 | 当前状态    | 路扩展 | LRU touched
------------------------------------------------------------------
  0    |   域2      | 正常运行   |  否   |  100999993
  1    |   域0      | 正常运行   |  否   |  100999991
  2    |   域3      | 正常运行   |  是   |  100999929
  3    |   域3      | 正常运行   |  是   |  100999973
==================================================================

branch prediction, hits = 17185447, misses = 972555, hit rate = 94.64%
return_stack prediction, hits = 1561958, misses = 64, hit rate = 100.00%
jump prediction, hits = 19938253, misses = 1380639, hit rate = 93.52%

**** Debug Statistics at 201000000 Cycles *****
Threads: 4		Fetch Width: 8
No of useful instructions fetched:	539732043 (33.57% proc util.)
No of total instructions fetched:	621504324 (38.65% proc util.)
 includes 13261442 misfetch (2.1%), 68510839 (11.0%) wrong-path fetches
 and 0 flushed after failed lock(0.0%)
No of useful instructions issued/executed:	539732015 (33.57% proc util.)
No of total instructions issued/executed:	568978152 (35.38% proc util.)
 includes 29246137 wrong-path (5.1%) insts and 0 flushed (0.0%)
	fp 188, 0.00%
	synch 0, 0.00%
	integer 445700880, 78.33%
	load/store 123277084, 21.67%
Avg size of int IQ (before scheduling): 23.57
Avg size of fp IQ (before scheduling): 0.00
No of cycles taken:		201000000
Parallelism [ 1.018, 0.000, 0.991, 0.676,] = 2.685
 IQ conflicts: 176443 (0.09%), FQ conflicts: 0 (0.00%) 
 I reg conflicts: 109341313 (54.40%), FP reg conflicts: 0 (0.00%)
  Activelist confs: 128 (0.00%), ROB confs: 1034 (0.00%)
  Int unit conflicts: 157165327 (78.19%), FP unit conflicts: 1 (0.00%)
  Load/store unit conflicts: 8127969 (4.04%)
  MSHR conflicts: 24924258 (12.40%)
----------------------------------------
==== System-wide Cache Statistics ====
Stall for miss queue full 0 cycles (0.00%)
----------------------------------------
==== Statistics for Master ID: 0 ====
Reads: 73892299   Writes: 0
ICACHE: size: 64 KB assoc: 2
ICACHE: hits:63264866 misses:15693  Hit Ratio: 99.98%
DCACHE: size: 1*16 KB assoc: 1*4
DCACHE: hits:9598854 misses:1012885 writebacks:0  Hit Ratio: 90.46%
SCACHE: size: 512 KB assoc: 2
SCACHE: hits:1015459 misses:13119  Hit Ratio: 98.72%
3CACHE: size: 4096 KB assoc: 2
3CACHE: hits:8713 misses:4406  Hit Ratio: 66.42%
3CACHE: dirty items replaced:5
ITLB: size: 48, misses 1, miss rate 0.00%
DTLB: size: 128, misses 1465, miss rate 0.01%
Avg mem delay: 4.137 cycles
----------------------------------------
==== Statistics for Master ID: 2 ====
Reads: 124950949   Writes: 15872186
ICACHE: size: 64 KB assoc: 2
ICACHE: hits:67555618 misses:716490  Hit Ratio: 98.95%
DCACHE: size: 1*16 KB assoc: 1*4
DCACHE: hits:69780658 misses:2770369 writebacks:345579  Hit Ratio: 96.18%
SCACHE: size: 512 KB assoc: 2
SCACHE: hits:3140026 misses:346833  Hit Ratio: 90.05%
3CACHE: size: 4096 KB assoc: 2
3CACHE: hits:216598 misses:130235  Hit Ratio: 62.45%
3CACHE: dirty items replaced:4991
ITLB: size: 48, misses 165, miss rate 0.00%
DTLB: size: 128, misses 238759, miss rate 0.33%
Avg mem delay: 4.137 cycles
----------------------------------------
==== Statistics for Master ID: 3 ====
Reads: 74683654   Writes: 13868933
ICACHE: size: 64 KB assoc: 2
ICACHE: hits:48399076 misses:44218  Hit Ratio: 99.91%
DCACHE: size: 2*16 KB assoc: 2*4
DCACHE: hits:37491849 misses:2617444 writebacks:1330672  Hit Ratio: 93.47%
SCACHE: size: 512 KB assoc: 2
SCACHE: hits:506015 misses:2155647  Hit Ratio: 19.01%
3CACHE: size: 4096 KB assoc: 2
3CACHE: hits:31821 misses:2123826  Hit Ratio: 1.48%
3CACHE: dirty items replaced:16659
ITLB: size: 48, misses 64, miss rate 0.00%
DTLB: size: 128, misses 120116, miss rate 0.30%
Avg mem delay: 4.137 cycles
----------------------------------------
==== Global Resource Utilization ====
STASH: size: 65536 entries, full 750039182, empty 25551286, misses 2447884, full rate 96.40
icache bank util. 0.175 0.100 0.054 0.059 0.075 0.135 0.115 0.195 
dcache bank util. 0.066 0.087 0.090 0.060 0.112 0.096 0.128 0.093 
L2 bank util. 0.027 0.036 0.030 0.025 0.030 0.032 0.031 0.042 
L1-L2 bus util. = 0.132, L3 util. = 0.112
----------------------------------------

======================== 切片硬件状态 ========================
切片号 | 所属安全域 | 当前状态    | 路扩展 | LRU touched
------------------------------------------------------------------
  0    |   域2      | 正常运行   |  否   |  200999996
  1    |   域0      | 正常运行   |  否   |  200999979
  2    |   域3      | 正常运行   |  是   |  200999996
  3    |   域3      | 正常运行   |  是   |  200999954
==================================================================

branch prediction, hits = 39247280, misses = 3351056, hit rate = 92.13%
return_stack prediction, hits = 3995437, misses = 290, hit rate = 99.99%
jump prediction, hits = 48032380, misses = 3452551, hit rate = 93.29%

**** Debug Statistics at 301000000 Cycles *****
Threads: 4		Fetch Width: 8
No of useful instructions fetched:	992060371 (41.20% proc util.)
No of total instructions fetched:	1165022194 (48.38% proc util.)
 includes 23618186 misfetch (2.0%), 149343637 (12.8%) wrong-path fetches
 and 0 flushed after failed lock(0.0%)
No of useful instructions issued/executed:	992060338 (41.20% proc util.)
No of total instructions issued/executed:	1054913660 (43.81% proc util.)
 includes 62853322 wrong-path (6.0%) insts and 0 flushed (0.0%)
	fp 202, 0.00%
	synch 0, 0.00%
	integer 823185188, 78.03%
	load/store 231728270, 21.97%
Avg size of int IQ (before scheduling): 26.60
Avg size of fp IQ (before scheduling): 0.00
No of cycles taken:		301000000
Parallelism [ 1.177, 0.000, 1.116, 1.003,] = 3.296
 IQ conflicts: 446839 (0.15%), FQ conflicts: 0 (0.00%) 
 I reg conflicts: 128162769 (42.58%), FP reg conflicts: 0 (0.00%)
  Activelist confs: 128 (0.00%), ROB confs: 1034 (0.00%)
  Int unit conflicts: 427667066 (142.08%), FP unit conflicts: 1 (0.00%)
  Load/store unit conflicts: 18582746 (6.17%)
  MSHR conflicts: 28562866 (9.49%)
----------------------------------------
==== System-wide Cache Statistics ====
Stall for miss queue full 0 cycles (0.00%)
----------------------------------------
==== Statistics for Master ID: 0 ====
Reads: 130187893   Writes: 0
ICACHE: size: 64 KB assoc: 2
ICACHE: hits:111793544 misses:15838  Hit Ratio: 99.99%
DCACHE: size: 1*16 KB assoc: 1*4
DCACHE: hits:16625021 misses:1753489 writebacks:0  Hit Ratio: 90.46%
SCACHE: size: 512 KB assoc: 2
SCACHE: hits:1754664 misses:14663  Hit Ratio: 99.17%
3CACHE: size: 4096 KB assoc: 2
3CACHE: hits:10230 misses:4433  Hit Ratio: 69.77%
3CACHE: dirty items replaced:5
ITLB: size: 48, misses 1, miss rate 0.00%
DTLB: size: 128, misses 2951, miss rate 0.02%
Avg mem delay: 2.751 cycles
----------------------------------------
==== Statistics for Master ID: 2 ====
Reads: 220943402   Writes: 27467504
ICACHE: size: 64 KB assoc: 2
ICACHE: hits:120283023 misses:1606927  Hit Ratio: 98.68%
DCACHE: size: 1*16 KB assoc: 1*4
DCACHE: hits:121626685 misses:4894271 writebacks:577815  Hit Ratio: 96.13%
SCACHE: size: 512 KB assoc: 2
SCACHE: hits:5999220 misses:501978  Hit Ratio: 92.28%
3CACHE: size: 4096 KB assoc: 2
3CACHE: hits:343581 misses:158397  Hit Ratio: 68.45%
3CACHE: dirty items replaced:12962
ITLB: size: 48, misses 205, miss rate 0.00%
DTLB: size: 128, misses 451899, miss rate 0.36%
Avg mem delay: 2.751 cycles
----------------------------------------
==== Statistics for Master ID: 3 ====
Reads: 165229736   Writes: 26135327
ICACHE: size: 64 KB assoc: 2
ICACHE: hits:104466755 misses:78719  Hit Ratio: 99.92%
DCACHE: size: 2*16 KB assoc: 2*4
DCACHE: hits:83449977 misses:3369612 writebacks:1675410  Hit Ratio: 96.12%
SCACHE: size: 512 KB assoc: 2
SCACHE: hits:1203869 misses:2244462  Hit Ratio: 34.91%
3CACHE: size: 4096 KB assoc: 2
3CACHE: hits:91515 misses:2152947  Hit Ratio: 4.08%
3CACHE: dirty items replaced:21833
ITLB: size: 48, misses 76, miss rate 0.00%
DTLB: size: 128, misses 162510, miss rate 0.19%
Avg mem delay: 2.751 cycles
----------------------------------------
==== Global Resource Utilization ====
STASH: size: 65536 entries, full 1327042196, empty 46613728, misses 4447238, full rate 96.29
icache bank util. 0.216 0.125 0.072 0.082 0.106 0.151 0.150 0.239 
dcache bank util. 0.077 0.104 0.111 0.074 0.145 0.112 0.159 0.110 
L2 bank util. 0.027 0.037 0.031 0.024 0.030 0.033 0.030 0.041 
L1-L2 bus util. = 0.139, L3 util. = 0.077
----------------------------------------

======================== 切片硬件状态 ========================
切片号 | 所属安全域 | 当前状态    | 路扩展 | LRU touched
------------------------------------------------------------------
  0    |   域2      | 正常运行   |  否   |  300999998
  1    |   域0      | 正常运行   |  否   |  300999991
  2    |   域3      | 正常运行   |  是   |  300999997
  3    |   域3      | 正常运行   |  是   |  300999985
==================================================================

branch prediction, hits = 67141248, misses = 6710867, hit rate = 90.91%
return_stack prediction, hits = 7363343, misses = 522, hit rate = 99.99%
jump prediction, hits = 84352065, misses = 6230511, hit rate = 93.12%

**** Debug Statistics at 401000000 Cycles *****
Threads: 4		Fetch Width: 8
No of useful instructions fetched:	1434862930 (44.73% proc util.)
No of total instructions fetched:	1702760354 (53.08% proc util.)
 includes 34449432 misfetch (2.0%), 233447992 (13.7%) wrong-path fetches
 and 0 flushed after failed lock(0.0%)
No of useful instructions issued/executed:	1434862894 (44.73% proc util.)
No of total instructions issued/executed:	1534074511 (47.82% proc util.)
 includes 99211617 wrong-path (6.5%) insts and 0 flushed (0.0%)
	fp 202, 0.00%
	synch 0, 0.00%
	integer 1195065126, 77.90%
	load/store 339009183, 22.10%
Avg size of int IQ (before scheduling): 28.00
Avg size of fp IQ (before scheduling): 0.00
No of cycles taken:		401000000
Parallelism [ 1.254, 0.000, 1.171, 1.153,] = 3.578
 IQ conflicts: 722374 (0.18%), FQ conflicts: 0 (0.00%) 
 I reg conflicts: 147762106 (36.85%), FP reg conflicts: 0 (0.00%)
  Activelist confs: 128 (0.00%), ROB confs: 1034 (0.00%)
  Int unit conflicts: 683826049 (170.53%), FP unit conflicts: 1 (0.00%)
  Load/store unit conflicts: 28725461 (7.16%)
  MSHR conflicts: 31987600 (7.98%)
----------------------------------------
==== System-wide Cache Statistics ====
Stall for miss queue full 0 cycles (0.00%)
----------------------------------------
==== Statistics for Master ID: 0 ====
Reads: 186073622   Writes: 0
ICACHE: size: 64 KB assoc: 2
ICACHE: hits:159977176 misses:15952  Hit Ratio: 99.99%
DCACHE: size: 1*16 KB assoc: 1*4
DCACHE: hits:23591700 misses:2488793 writebacks:0  Hit Ratio: 90.46%
SCACHE: size: 512 KB assoc: 2
SCACHE: hits:2488488 misses:16257  Hit Ratio: 99.35%
3CACHE: size: 4096 KB assoc: 2
3CACHE: hits:11798 misses:4459  Hit Ratio: 72.57%
3CACHE: dirty items replaced:5
ITLB: size: 48, misses 1, miss rate 0.00%
DTLB: size: 128, misses 5046, miss rate 0.02%
Avg mem delay: 2.294 cycles
----------------------------------------
==== Statistics for Master ID: 2 ====
Reads: 315626850   Writes: 38807307
ICACHE: size: 64 KB assoc: 2
ICACHE: hits:172399766 misses:2449411  Hit Ratio: 98.60%
DCACHE: size: 1*16 KB assoc: 1*4
DCACHE: hits:172590106 misses:6994874 writebacks:795519  Hit Ratio: 96.10%
SCACHE: size: 512 KB assoc: 2
SCACHE: hits:8787259 misses:657026  Hit Ratio: 93.04%
3CACHE: size: 4096 KB assoc: 2
3CACHE: hits:472935 misses:184091  Hit Ratio: 71.98%
3CACHE: dirty items replaced:22004
ITLB: size: 48, misses 205, miss rate 0.00%
DTLB: size: 128, misses 700897, miss rate 0.39%
Avg mem delay: 2.294 cycles
----------------------------------------
==== Statistics for Master ID: 3 ====
Reads: 255004520   Writes: 38499676
ICACHE: size: 64 KB assoc: 2
ICACHE: hits:160060465 misses:113588  Hit Ratio: 99.93%
DCACHE: size: 2*16 KB assoc: 2*4
DCACHE: hits:128981694 misses:4348449 writebacks:2111331  Hit Ratio: 96.74%
SCACHE: size: 512 KB assoc: 2
SCACHE: hits:2128341 misses:2333695  Hit Ratio: 47.70%
3CACHE: size: 4096 KB assoc: 2
3CACHE: hits:151474 misses:2182221  Hit Ratio: 6.49%
3CACHE: dirty items replaced:28353
ITLB: size: 48, misses 76, miss rate 0.00%
DTLB: size: 128, misses 213035, miss rate 0.16%
Avg mem delay: 2.294 cycles
----------------------------------------
==== Global Resource Utilization ====
STASH: size: 65536 entries, full 1897940796, empty 68314368, misses 6470366, full rate 96.21
icache bank util. 0.236 0.137 0.080 0.093 0.121 0.158 0.166 0.262 
dcache bank util. 0.084 0.113 0.121 0.081 0.161 0.120 0.175 0.116 
L2 bank util. 0.027 0.038 0.031 0.024 0.031 0.034 0.030 0.040 
L1-L2 bus util. = 0.145, L3 util. = 0.059
----------------------------------------

======================== 切片硬件状态 ========================
切片号 | 所属安全域 | 当前状态    | 路扩展 | LRU touched
------------------------------------------------------------------
  0    |   域2      | 正常运行   |  否   |  400999998
  1    |   域0      | 正常运行   |  否   |  400999994
  2    |   域3      | 正常运行   |  是   |  400999992
  3    |   域3      | 正常运行   |  是   |  400999996
==================================================================

branch prediction, hits = 93780433, misses = 10133139, hit rate = 90.25%
return_stack prediction, hits = 10680868, misses = 754, hit rate = 99.99%
jump prediction, hits = 119478213, misses = 9115796, hit rate = 92.91%

**** Debug Statistics at 501000000 Cycles *****
Threads: 4		Fetch Width: 8
No of useful instructions fetched:	1882148993 (46.96% proc util.)
No of total instructions fetched:	2242990385 (55.96% proc util.)
 includes 44779223 misfetch (2.0%), 316062169 (14.1%) wrong-path fetches
 and 0 flushed after failed lock(0.0%)
No of useful instructions issued/executed:	1882148947 (46.96% proc util.)
No of total instructions issued/executed:	2016785170 (50.32% proc util.)
 includes 134636223 wrong-path (6.7%) insts and 0 flushed (0.0%)
	fp 209, 0.00%
	synch 0, 0.00%
	integer 1570882996, 77.89%
	load/store 445901965, 22.11%
Avg size of int IQ (before scheduling): 28.87
Avg size of fp IQ (before scheduling): 0.00
No of cycles taken:		501000000
Parallelism [ 1.301, 0.000, 1.211, 1.244,] = 3.757
 IQ conflicts: 968410 (0.19%), FQ conflicts: 0 (0.00%) 
 I reg conflicts: 166876748 (33.31%), FP reg conflicts: 0 (0.00%)
  Activelist confs: 128 (0.00%), ROB confs: 1034 (0.00%)
  Int unit conflicts: 938450533 (187.32%), FP unit conflicts: 1 (0.00%)
  Load/store unit conflicts: 38325474 (7.65%)
  MSHR conflicts: 35111122 (7.01%)
----------------------------------------
==== System-wide Cache Statistics ====
Stall for miss queue full 0 cycles (0.00%)
----------------------------------------
==== Statistics for Master ID: 0 ====
Reads: 242120700   Writes: 0
ICACHE: size: 64 KB assoc: 2
ICACHE: hits:208288503 misses:16046  Hit Ratio: 99.99%
DCACHE: size: 1*16 KB assoc: 1*4
DCACHE: hits:30590886 misses:3225264 writebacks:0  Hit Ratio: 90.46%
SCACHE: size: 512 KB assoc: 2
SCACHE: hits:3223408 misses:17902  Hit Ratio: 99.45%
3CACHE: size: 4096 KB assoc: 2
3CACHE: hits:13430 misses:4472  Hit Ratio: 75.02%
3CACHE: dirty items replaced:5
ITLB: size: 48, misses 1, miss rate 0.00%
DTLB: size: 128, misses 6898, miss rate 0.02%
Avg mem delay: 2.049 cycles
----------------------------------------
==== Statistics for Master ID: 2 ====
Reads: 410997308   Writes: 49727501
ICACHE: size: 64 KB assoc: 2
ICACHE: hits:225229334 misses:3238062  Hit Ratio: 98.58%
DCACHE: size: 1*16 KB assoc: 1*4
DCACHE: hits:223161669 misses:9095744 writebacks:1006129  Hit Ratio: 96.08%
SCACHE: size: 512 KB assoc: 2
SCACHE: hits:11534690 misses:799116  Hit Ratio: 93.52%
3CACHE: size: 4096 KB assoc: 2
3CACHE: hits:593454 misses:205662  Hit Ratio: 74.26%
3CACHE: dirty items replaced:30389
ITLB: size: 48, misses 225, miss rate 0.00%
DTLB: size: 128, misses 931436, miss rate 0.40%
Avg mem delay: 2.049 cycles
----------------------------------------
==== Statistics for Master ID: 3 ====
Reads: 345468167   Writes: 50585711
ICACHE: size: 64 KB assoc: 2
ICACHE: hits:216094601 misses:148319  Hit Ratio: 99.93%
DCACHE: size: 2*16 KB assoc: 2*4
DCACHE: hits:174461046 misses:5349912 writebacks:2533365  Hit Ratio: 97.02%
SCACHE: size: 512 KB assoc: 2
SCACHE: hits:3080722 misses:2417509  Hit Ratio: 56.03%
3CACHE: size: 4096 KB assoc: 2
3CACHE: hits:208228 misses:2209281  Hit Ratio: 8.61%
3CACHE: dirty items replaced:34095
ITLB: size: 48, misses 83, miss rate 0.00%
DTLB: size: 128, misses 260598, miss rate 0.14%
Avg mem delay: 2.049 cycles
----------------------------------------
==== Global Resource Utilization ====
STASH: size: 65536 entries, full 2475031026, empty 88001347, misses 8314917, full rate 96.25
icache bank util. 0.247 0.145 0.086 0.100 0.132 0.163 0.177 0.275 
dcache bank util. 0.087 0.118 0.126 0.085 0.169 0.125 0.186 0.122 
L2 bank util. 0.027 0.039 0.031 0.024 0.031 0.034 0.030 0.041 
L1-L2 bus util. = 0.147, L3 util. = 0.048
----------------------------------------

======================== 切片硬件状态 ========================
切片号 | 所属安全域 | 当前状态    | 路扩展 | LRU touched
------------------------------------------------------------------
  0    |   域2      | 正常运行   |  否   |  500999987
  1    |   域0      | 正常运行   |  否   |  500999997
  2    |   域3      | 正常运行   |  是   |  500999996
  3    |   域3      | 正常运行   |  是   |  500999984
==================================================================

branch prediction, hits = 121151679, misses = 13562411, hit rate = 89.93%
return_stack prediction, hits = 14214229, misses = 990, hit rate = 99.99%
jump prediction, hits = 155651040, misses = 11933828, hit rate = 92.88%

**** Early Exiting at 526677634 Cycles *****
========================================
 SMTSIM Global Statistics
========================================
Threads: 4		Fetch Width: 8
No of useful instructions fetched:	2000000109 (47.47% proc util.)
No of total instructions fetched:	2383846252 (56.58% proc util.)
 includes 47391769 misfetch (2.0%), 336454374 (14.1%) wrong-path fetches
 and 0 flushed after failed lock(0.0%)
No of useful instructions issued/executed:	2000000038 (47.47% proc util.)
No of total instructions issued/executed:	2143155842 (50.86% proc util.)
 includes 143155804 wrong-path (6.7%) insts and 0 flushed (0.0%)
	fp 209, 0.00%
	synch 0, 0.00%
	integer 1668855790, 77.87%
	load/store 474299843, 22.13%
Avg size of int IQ (before scheduling): 29.06
Avg size of fp IQ (before scheduling): 0.00
No of cycles taken:		526677634
Parallelism [ 1.311, 0.000, 1.222, 1.264,] = 3.797
 IQ conflicts: 1024803 (0.19%), FQ conflicts: 0 (0.00%) 
 I reg conflicts: 171460383 (32.56%), FP reg conflicts: 0 (0.00%)
  Activelist confs: 128 (0.00%), ROB confs: 1034 (0.00%)
  Int unit conflicts: 1010476672 (191.86%), FP unit conflicts: 1 (0.00%)
  Load/store unit conflicts: 41137753 (7.81%)
  MSHR conflicts: 35964896 (6.83%)
----------------------------------------
==== System-wide Cache Statistics ====
Stall for miss queue full 0 cycles (0.00%)
----------------------------------------
==== Statistics for Master ID: 0 ====
Reads: 256588497   Writes: 0
ICACHE: size: 64 KB assoc: 2
ICACHE: hits:220758339 misses:16085  Hit Ratio: 99.99%
DCACHE: size: 1*16 KB assoc: 1*4
DCACHE: hits:32398101 misses:3415971 writebacks:0  Hit Ratio: 90.46%
SCACHE: size: 512 KB assoc: 2
SCACHE: hits:3413772 misses:18284  Hit Ratio: 99.47%
3CACHE: size: 4096 KB assoc: 2
3CACHE: hits:13807 misses:4477  Hit Ratio: 75.51%
3CACHE: dirty items replaced:5
ITLB: size: 48, misses 1, miss rate 0.00%
DTLB: size: 128, misses 7241, miss rate 0.02%
Avg mem delay: 2.000 cycles
----------------------------------------
==== Statistics for Master ID: 2 ====
Reads: 436169651   Writes: 52652892
ICACHE: size: 64 KB assoc: 2
ICACHE: hits:239144162 misses:3434713  Hit Ratio: 98.58%
DCACHE: size: 1*16 KB assoc: 1*4
DCACHE: hits:236616814 misses:9626854 writebacks:1064779  Hit Ratio: 96.09%
SCACHE: size: 512 KB assoc: 2
SCACHE: hits:12223640 misses:837927  Hit Ratio: 93.58%
3CACHE: size: 4096 KB assoc: 2
3CACHE: hits:627122 misses:210805  Hit Ratio: 74.84%
3CACHE: dirty items replaced:32026
ITLB: size: 48, misses 225, miss rate 0.00%
DTLB: size: 128, misses 983732, miss rate 0.40%
Avg mem delay: 2.000 cycles
----------------------------------------
==== Statistics for Master ID: 3 ====
Reads: 369136902   Writes: 53976961
ICACHE: size: 64 KB assoc: 2
ICACHE: hits:230732910 misses:157704  Hit Ratio: 99.93%
DCACHE: size: 2*16 KB assoc: 2*4
DCACHE: hits:186673887 misses:5549362 writebacks:2623944  Hit Ratio: 97.11%
SCACHE: size: 512 KB assoc: 2
SCACHE: hits:3267623 misses:2439443  Hit Ratio: 57.26%
3CACHE: size: 4096 KB assoc: 2
3CACHE: hits:222708 misses:2216735  Hit Ratio: 9.13%
3CACHE: dirty items replaced:35347
ITLB: size: 48, misses 83, miss rate 0.00%
DTLB: size: 128, misses 270294, miss rate 0.14%
Avg mem delay: 2.000 cycles
----------------------------------------
==== Global Resource Utilization ====
STASH: size: 65536 entries, full 2625222621, empty 93299969, misses 8822751, full rate 96.26
icache bank util. 0.250 0.146 0.087 0.101 0.134 0.164 0.179 0.278 
dcache bank util. 0.088 0.119 0.128 0.085 0.172 0.126 0.188 0.122 
L2 bank util. 0.027 0.039 0.031 0.024 0.031 0.034 0.029 0.041 
L1-L2 bus util. = 0.147, L3 util. = 0.046
----------------------------------------

======================== 切片硬件状态 ========================
切片号 | 所属安全域 | 当前状态    | 路扩展 | LRU touched
------------------------------------------------------------------
  0    |   域2      | 正常运行   |  否   |  526677633
  1    |   域0      | 正常运行   |  否   |  526677620
  2    |   域3      | 正常运行   |  是   |  526677629
  3    |   域3      | 正常运行   |  是   |  526677628
==================================================================

branch prediction, hits = 128435476, misses = 14417485, hit rate = 89.91%
return_stack prediction, hits = 15150666, misses = 1048, hit rate = 99.99%
jump prediction, hits = 165262543, misses = 12629493, hit rate = 92.90%
total IPC 3.797

=== Results saved to: ./results/seqacc_2_crafty_1_gzip-program_1.txt ===
