测试组合（多线程优先）：cacherand.arg2 + gcc-scilab.arg + recurseq.arg
执行命令：./smtsim cacherand.arg2 gcc-scilab.arg recurseq.arg
==================================================

动态重分配参数：每100万周期检查，阈值5
Process 0, Thread 0: cacherand
Process 0, Thread 1: cacherand
Process 2, Thread 2: gcc-scilab
Process 3, Thread 3: recurseq
[切片调度] 新安全域0无任何切片，尝试分配空闲切片
[切片管理] 成功绑定切片0 → 安全域0

======================== 切片硬件状态 ========================
切片号 | 所属安全域 | 当前状态    | 路扩展 | LRU touched
------------------------------------------------------------------
  0    |   域0      | 正常运行   |  否   |  0
  1    |   域-1     | 切片空闲   |  否   |  0
  2    |   域-1     | 切片空闲   |  否   |  0
  3    |   域-1     | 切片空闲   |  否   |  0
==================================================================

[切片管理] 成功绑定切片1 → 安全域0，触发【路扩展模式】

======================== 切片硬件状态 ========================
切片号 | 所属安全域 | 当前状态    | 路扩展 | LRU touched
------------------------------------------------------------------
  0    |   域0      | 正常运行   |  是   |  0
  1    |   域0      | 正常运行   |  是   |  0
  2    |   域-1     | 切片空闲   |  否   |  0
  3    |   域-1     | 切片空闲   |  否   |  0
==================================================================

[切片调度] 新安全域2无任何切片，尝试分配空闲切片
[切片管理] 成功绑定切片2 → 安全域2

======================== 切片硬件状态 ========================
切片号 | 所属安全域 | 当前状态    | 路扩展 | LRU touched
------------------------------------------------------------------
  0    |   域0      | 正常运行   |  是   |  334
  1    |   域0      | 正常运行   |  是   |  0
  2    |   域2      | 正常运行   |  否   |  0
  3    |   域-1     | 切片空闲   |  否   |  0
==================================================================

[切片管理] 成功绑定切片3 → 安全域2，触发【路扩展模式】

======================== 切片硬件状态 ========================
切片号 | 所属安全域 | 当前状态    | 路扩展 | LRU touched
------------------------------------------------------------------
  0    |   域0      | 正常运行   |  是   |  334
  1    |   域0      | 正常运行   |  是   |  0
  2    |   域2      | 正常运行   |  是   |  0
  3    |   域2      | 正常运行   |  是   |  0
==================================================================

[切片调度] 新安全域3无任何切片，尝试分配空闲切片
[切片调度] 新安全域3未找到空闲切片，尝试剥夺切片
[切片替换] 优先从【路扩展切片】中选择LRU替换目标...
[切片替换] 找到路扩展切片作为受害者：切片1（最后访问：0）
[切片调度] 安全域3触发切片剥夺：从域0剥夺切片1
[切片剥夺] 周期510：切片1（所属域0）进入待剥夺状态，禁止新替换
[切片剥夺] 周期510：切片1在途请求已清空，开始执行脏行写回
[切片剥夺] 周期510：切片1无脏行，直接完成剥夺
[切片管理] 周期510：原域0仅剩1个切片，关闭路扩展模式
[动态重分配] 周期510：切片1写回完成，自动绑定到域3
[切片管理] 成功绑定切片1 → 安全域3

======================== 切片硬件状态 ========================
切片号 | 所属安全域 | 当前状态    | 路扩展 | LRU touched
------------------------------------------------------------------
  0    |   域0      | 正常运行   |  否   |  334
  1    |   域3      | 正常运行   |  否   |  510
  2    |   域2      | 正常运行   |  是   |  435
  3    |   域2      | 正常运行   |  是   |  0
==================================================================

[切片唤醒] 周期510：域3切片就绪，唤醒等待指令

**** Debug Statistics at 1000000 Cycles *****
Threads: 4		Fetch Width: 8
No of useful instructions fetched:	2387104 (29.84% proc util.)
No of total instructions fetched:	3091080 (38.64% proc util.)
 includes 17694 misfetch (0.6%), 686282 (22.2%) wrong-path fetches
 and 0 flushed after failed lock(0.0%)
No of useful instructions issued/executed:	2387045 (29.84% proc util.)
No of total instructions issued/executed:	2764026 (34.55% proc util.)
 includes 376981 wrong-path (13.6%) insts and 0 flushed (0.0%)
	fp 84, 0.00%
	synch 0, 0.00%
	integer 2168045, 78.44%
	load/store 595897, 21.56%
Avg size of int IQ (before scheduling): 16.31
Avg size of fp IQ (before scheduling): 0.00
No of cycles taken:		1000000
Parallelism [ 0.786, 0.000, 0.744, 0.856,] = 2.387
 IQ conflicts: 1186 (0.12%), FQ conflicts: 0 (0.00%) 
 I reg conflicts: 547365 (54.74%), FP reg conflicts: 0 (0.00%)
  Activelist confs: 0 (0.00%), ROB confs: 694 (0.07%)
  Int unit conflicts: 1220400 (122.04%), FP unit conflicts: 3 (0.00%)
  Load/store unit conflicts: 51352 (5.14%)
  MSHR conflicts: 18521 (1.85%)
----------------------------------------
==== System-wide Cache Statistics ====
Stall for miss queue full 0 cycles (0.00%)
----------------------------------------
==== Statistics for Master ID: 0 ====
Reads: 247552   Writes: 35
ICACHE: size: 64 KB assoc: 2
ICACHE: hits:218343 misses:32  Hit Ratio: 99.99%
DCACHE: size: 1*16 KB assoc: 1*4
DCACHE: hits:9767 misses:19445 writebacks:13  Hit Ratio: 33.43%
SCACHE: size: 512 KB assoc: 2
SCACHE: hits:18416 misses:1061  Hit Ratio: 94.55%
3CACHE: size: 4096 KB assoc: 2
3CACHE: hits:208 misses:853  Hit Ratio: 19.60%
3CACHE: dirty items replaced:1
ITLB: size: 48, misses 4, miss rate 0.00%
DTLB: size: 128, misses 22, miss rate 0.08%
Avg mem delay: 1.765 cycles
----------------------------------------
==== Statistics for Master ID: 2 ====
Reads: 448979   Writes: 114426
ICACHE: size: 64 KB assoc: 2
ICACHE: hits:282814 misses:1732  Hit Ratio: 99.39%
DCACHE: size: 2*16 KB assoc: 2*4
DCACHE: hits:275870 misses:2989 writebacks:1991  Hit Ratio: 98.93%
SCACHE: size: 512 KB assoc: 2
SCACHE: hits:282 misses:4439  Hit Ratio: 5.97%
3CACHE: size: 4096 KB assoc: 2
3CACHE: hits:141 misses:4298  Hit Ratio: 3.18%
3CACHE: dirty items replaced:1
ITLB: size: 48, misses 109, miss rate 0.04%
DTLB: size: 128, misses 163, miss rate 0.06%
Avg mem delay: 1.765 cycles
----------------------------------------
==== Statistics for Master ID: 3 ====
Reads: 426465   Writes: 200175
ICACHE: size: 64 KB assoc: 2
ICACHE: hits:338965 misses:36  Hit Ratio: 99.99%
DCACHE: size: 1*16 KB assoc: 1*4
DCACHE: hits:279735 misses:7903 writebacks:6325  Hit Ratio: 97.25%
SCACHE: size: 512 KB assoc: 2
SCACHE: hits:2851 misses:5088  Hit Ratio: 35.91%
3CACHE: size: 4096 KB assoc: 2
3CACHE: hits:551 misses:4537  Hit Ratio: 10.83%
3CACHE: dirty items replaced:0
ITLB: size: 48, misses 4, miss rate 0.00%
DTLB: size: 128, misses 100, miss rate 0.03%
Avg mem delay: 1.765 cycles
----------------------------------------
==== Global Resource Utilization ====
STASH: size: 65536 entries, full 3229649, empty 42437, misses 4037, full rate 98.58
icache bank util. 0.247 0.268 0.060 0.041 0.030 0.038 0.043 0.121 
dcache bank util. 0.067 0.077 0.067 0.146 0.067 0.085 0.113 0.090 
L2 bank util. 0.029 0.029 0.028 0.029 0.028 0.028 0.028 0.029 
L1-L2 bus util. = 0.121, L3 util. = 0.097
----------------------------------------

======================== 切片硬件状态 ========================
切片号 | 所属安全域 | 当前状态    | 路扩展 | LRU touched
------------------------------------------------------------------
  0    |   域0      | 正常运行   |  否   |  999985
  1    |   域3      | 正常运行   |  否   |  999998
  2    |   域2      | 正常运行   |  是   |  999999
  3    |   域2      | 正常运行   |  是   |  999999
==================================================================

branch prediction, hits = 190730, misses = 7596, hit rate = 96.17%
return_stack prediction, hits = 13598, misses = 20775, hit rate = 39.56%
jump prediction, hits = 242427, misses = 5403, hit rate = 97.82%
 dgelq2_ dgelqf_ dgels_
======================== 切片硬件状态 ========================
切片号 | 所属安全域 | 当前状态    | 路扩展 | LRU touched
------------------------------------------------------------------
  0    |   域0      | 正常运行   |  否   |  5999988
  1    |   域3      | 正常运行   |  否   |  6000000
  2    |   域2      | 正常运行   |  是   |  5999993
  3    |   域2      | 正常运行   |  是   |  5999993
==================================================================

[动态重分配] 周期6000000：预约迁移 冗余域2(2%) -> 切片2 -> 饥饿域0(66%)
[切片剥夺] 周期6000000：切片2（所属域2）进入待剥夺状态，禁止新替换
[切片剥夺] 周期6000000：切片2在途请求已清空，开始执行脏行写回
[切片管理] 周期6001502：原域2仅剩1个切片，关闭路扩展模式
[动态重分配] 周期6001502：切片2写回完成，自动绑定到域0
[切片管理] 成功绑定切片2 → 安全域0，触发【路扩展模式】

======================== 切片硬件状态 ========================
切片号 | 所属安全域 | 当前状态    | 路扩展 | LRU touched
------------------------------------------------------------------
  0    |   域0      | 正常运行   |  是   |  6001491
  1    |   域3      | 正常运行   |  否   |  6001500
  2    |   域0      | 正常运行   |  是   |  6001502
  3    |   域2      | 正常运行   |  否   |  6001500
==================================================================


**** Debug Statistics at 101000000 Cycles *****
Threads: 4		Fetch Width: 8
No of useful instructions fetched:	369418981 (45.72% proc util.)
No of total instructions fetched:	603692338 (74.71% proc util.)
 includes 12798360 misfetch (2.1%), 221474997 (36.7%) wrong-path fetches
 and 0 flushed after failed lock(0.0%)
No of useful instructions issued/executed:	369418963 (45.72% proc util.)
No of total instructions issued/executed:	483767226 (59.87% proc util.)
 includes 114348263 wrong-path (23.6%) insts and 0 flushed (0.0%)
	fp 5962, 0.00%
	synch 0, 0.00%
	integer 363866926, 75.22%
	load/store 119894338, 24.78%
Avg size of int IQ (before scheduling): 28.67
Avg size of fp IQ (before scheduling): 0.00
No of cycles taken:		101000000
Parallelism [ 1.301, 0.000, 1.168, 1.189,] = 3.658
 IQ conflicts: 273293 (0.27%), FQ conflicts: 0 (0.00%) 
 I reg conflicts: 12795542 (12.67%), FP reg conflicts: 0 (0.00%)
  Activelist confs: 29 (0.00%), ROB confs: 28926 (0.03%)
  Int unit conflicts: 232554533 (230.25%), FP unit conflicts: 6 (0.00%)
  Load/store unit conflicts: 10077396 (9.98%)
  MSHR conflicts: 2973162 (2.94%)
----------------------------------------
==== System-wide Cache Statistics ====
Stall for miss queue full 59 cycles (0.00%)
----------------------------------------
==== Statistics for Master ID: 0 ====
Reads: 44796754   Writes: 36
ICACHE: size: 64 KB assoc: 2
ICACHE: hits:39847704 misses:83315  Hit Ratio: 99.79%
DCACHE: size: 2*16 KB assoc: 2*4
DCACHE: hits:3151148 misses:1714623 writebacks:14  Hit Ratio: 64.76%
SCACHE: size: 512 KB assoc: 2
SCACHE: hits:1735065 misses:62873  Hit Ratio: 96.50%
3CACHE: size: 4096 KB assoc: 2
3CACHE: hits:59907 misses:2966  Hit Ratio: 95.28%
3CACHE: dirty items replaced:24
ITLB: size: 48, misses 4, miss rate 0.00%
DTLB: size: 128, misses 24, miss rate 0.00%
Avg mem delay: 1.207 cycles
----------------------------------------
==== Statistics for Master ID: 2 ====
Reads: 99670164   Writes: 16072276
ICACHE: size: 64 KB assoc: 2
ICACHE: hits:59004568 misses:751051  Hit Ratio: 98.74%
DCACHE: size: 1*16 KB assoc: 1*4
DCACHE: hits:54669235 misses:1317699 writebacks:380046  Hit Ratio: 97.65%
SCACHE: size: 512 KB assoc: 2
SCACHE: hits:1728070 misses:340566  Hit Ratio: 83.54%
3CACHE: size: 4096 KB assoc: 2
3CACHE: hits:272349 misses:68216  Hit Ratio: 79.97%
3CACHE: dirty items replaced:5317
ITLB: size: 48, misses 38694, miss rate 0.06%
DTLB: size: 128, misses 33808, miss rate 0.06%
Avg mem delay: 1.207 cycles
----------------------------------------
==== Statistics for Master ID: 3 ====
Reads: 90015725   Writes: 36150077
ICACHE: size: 64 KB assoc: 2
ICACHE: hits:67216538 misses:72449  Hit Ratio: 99.89%
DCACHE: size: 1*16 KB assoc: 1*4
DCACHE: hits:57940495 misses:936319 writebacks:592495  Hit Ratio: 98.41%
SCACHE: size: 512 KB assoc: 2
SCACHE: hits:863854 misses:144914  Hit Ratio: 85.63%
3CACHE: size: 4096 KB assoc: 2
3CACHE: hits:136231 misses:8683  Hit Ratio: 94.01%
3CACHE: dirty items replaced:245
ITLB: size: 48, misses 4, miss rate 0.00%
DTLB: size: 128, misses 5592, miss rate 0.01%
Avg mem delay: 1.207 cycles
----------------------------------------
==== Global Resource Utilization ====
STASH: size: 65536 entries, full 635026515, empty 13032422, misses 1168914, full rate 97.81
icache bank util. 0.507 0.470 0.101 0.082 0.081 0.076 0.074 0.289 
dcache bank util. 0.129 0.134 0.185 0.366 0.128 0.124 0.135 0.131 
L2 bank util. 0.042 0.039 0.036 0.037 0.036 0.034 0.034 0.034 
L1-L2 bus util. = 0.174, L3 util. = 0.008
----------------------------------------

======================== 切片硬件状态 ========================
切片号 | 所属安全域 | 当前状态    | 路扩展 | LRU touched
------------------------------------------------------------------
  0    |   域0      | 正常运行   |  是   |  100999994
  1    |   域3      | 正常运行   |  否   |  100999999
  2    |   域0      | 正常运行   |  是   |  100999959
  3    |   域2      | 正常运行   |  否   |  100999997
==================================================================

branch prediction, hits = 23732942, misses = 2631219, hit rate = 90.02%
return_stack prediction, hits = 1644733, misses = 5380446, hit rate = 23.41%
jump prediction, hits = 30239585, misses = 3475976, hit rate = 89.69%

**** Debug Statistics at 201000000 Cycles *****
Threads: 4		Fetch Width: 8
No of useful instructions fetched:	742020537 (46.15% proc util.)
No of total instructions fetched:	1215883381 (75.61% proc util.)
 includes 28208490 misfetch (2.3%), 445654354 (36.7%) wrong-path fetches
 and 0 flushed after failed lock(0.0%)
No of useful instructions issued/executed:	742020478 (46.15% proc util.)
No of total instructions issued/executed:	971591602 (60.42% proc util.)
 includes 229571124 wrong-path (23.6%) insts and 0 flushed (0.0%)
	fp 6144, 0.00%
	synch 0, 0.00%
	integer 727501333, 74.88%
	load/store 244084125, 25.12%
Avg size of int IQ (before scheduling): 28.89
Avg size of fp IQ (before scheduling): 0.00
No of cycles taken:		201000000
Parallelism [ 1.294, 0.000, 1.206, 1.192,] = 3.692
 IQ conflicts: 847596 (0.42%), FQ conflicts: 0 (0.00%) 
 I reg conflicts: 23448031 (11.67%), FP reg conflicts: 0 (0.00%)
  Activelist confs: 500 (0.00%), ROB confs: 65912 (0.03%)
  Int unit conflicts: 474600070 (236.12%), FP unit conflicts: 6 (0.00%)
  Load/store unit conflicts: 21829775 (10.86%)
  MSHR conflicts: 9218311 (4.59%)
----------------------------------------
==== System-wide Cache Statistics ====
Stall for miss queue full 59 cycles (0.00%)
----------------------------------------
==== Statistics for Master ID: 0 ====
Reads: 88389085   Writes: 37
ICACHE: size: 64 KB assoc: 2
ICACHE: hits:78626517 misses:129979  Hit Ratio: 99.83%
DCACHE: size: 2*16 KB assoc: 2*4
DCACHE: hits:6326569 misses:3306057 writebacks:15  Hit Ratio: 65.68%
SCACHE: size: 512 KB assoc: 2
SCACHE: hits:3327099 misses:108937  Hit Ratio: 96.83%
3CACHE: size: 4096 KB assoc: 2
3CACHE: hits:102248 misses:6689  Hit Ratio: 93.86%
3CACHE: dirty items replaced:926
ITLB: size: 48, misses 4, miss rate 0.00%
DTLB: size: 128, misses 31, miss rate 0.00%
Avg mem delay: 1.213 cycles
----------------------------------------
==== Statistics for Master ID: 2 ====
Reads: 207747361   Writes: 33355520
ICACHE: size: 64 KB assoc: 2
ICACHE: hits:123041910 misses:1366448  Hit Ratio: 98.90%
DCACHE: size: 1*16 KB assoc: 1*4
DCACHE: hits:113759696 misses:2934940 writebacks:895623  Hit Ratio: 97.48%
SCACHE: size: 512 KB assoc: 2
SCACHE: hits:3591688 misses:709587  Hit Ratio: 83.50%
3CACHE: size: 4096 KB assoc: 2
3CACHE: hits:601900 misses:107686  Hit Ratio: 84.82%
3CACHE: dirty items replaced:15115
ITLB: size: 48, misses 50354, miss rate 0.04%
DTLB: size: 128, misses 75923, miss rate 0.07%
Avg mem delay: 1.213 cycles
----------------------------------------
==== Statistics for Master ID: 3 ====
Reads: 179662114   Writes: 72084542
ICACHE: size: 64 KB assoc: 2
ICACHE: hits:134278374 misses:117736  Hit Ratio: 99.91%
DCACHE: size: 1*16 KB assoc: 1*4
DCACHE: hits:115486657 misses:1863888 writebacks:1178300  Hit Ratio: 98.41%
SCACHE: size: 512 KB assoc: 2
SCACHE: hits:1712023 misses:269601  Hit Ratio: 86.39%
3CACHE: size: 4096 KB assoc: 2
3CACHE: hits:256068 misses:13533  Hit Ratio: 94.98%
3CACHE: dirty items replaced:1317
ITLB: size: 48, misses 4, miss rate 0.00%
DTLB: size: 128, misses 11023, miss rate 0.01%
Avg mem delay: 1.213 cycles
----------------------------------------
==== Global Resource Utilization ====
STASH: size: 65536 entries, full 1280332401, empty 25017149, misses 2251778, full rate 97.91
icache bank util. 0.507 0.481 0.100 0.080 0.087 0.084 0.077 0.289 
dcache bank util. 0.137 0.132 0.177 0.370 0.145 0.129 0.135 0.138 
L2 bank util. 0.041 0.039 0.036 0.038 0.036 0.034 0.035 0.035 
L1-L2 bus util. = 0.176, L3 util. = 0.006
----------------------------------------

======================== 切片硬件状态 ========================
切片号 | 所属安全域 | 当前状态    | 路扩展 | LRU touched
------------------------------------------------------------------
  0    |   域0      | 正常运行   |  是   |  200999967
  1    |   域3      | 正常运行   |  否   |  200999999
  2    |   域0      | 正常运行   |  是   |  200999981
  3    |   域2      | 正常运行   |  否   |  200999988
==================================================================

branch prediction, hits = 48817038, misses = 5595325, hit rate = 89.72%
return_stack prediction, hits = 3317322, misses = 10745843, hit rate = 23.59%
jump prediction, hits = 60376515, misses = 7571946, hit rate = 88.86%
 dgemm_
**** Debug Statistics at 301000000 Cycles *****
Threads: 4		Fetch Width: 8
No of useful instructions fetched:	1120058962 (46.51% proc util.)
No of total instructions fetched:	1809443265 (75.14% proc util.)
 includes 36416802 misfetch (2.0%), 652967501 (36.1%) wrong-path fetches
 and 0 flushed after failed lock(0.0%)
No of useful instructions issued/executed:	1120058898 (46.51% proc util.)
No of total instructions issued/executed:	1456176694 (60.47% proc util.)
 includes 336117796 wrong-path (23.1%) insts and 0 flushed (0.0%)
	fp 25857, 0.00%
	synch 0, 0.00%
	integer 1091862619, 74.98%
	load/store 364288218, 25.02%
Avg size of int IQ (before scheduling): 29.17
Avg size of fp IQ (before scheduling): 0.00
No of cycles taken:		301000000
Parallelism [ 1.287, 0.000, 1.249, 1.185,] = 3.721
 IQ conflicts: 1322095 (0.44%), FQ conflicts: 0 (0.00%) 
 I reg conflicts: 36341228 (12.07%), FP reg conflicts: 0 (0.00%)
  Activelist confs: 615 (0.00%), ROB confs: 137782 (0.05%)
  Int unit conflicts: 735060516 (244.21%), FP unit conflicts: 6 (0.00%)
  Load/store unit conflicts: 31661129 (10.52%)
  MSHR conflicts: 15837183 (5.26%)
----------------------------------------
==== System-wide Cache Statistics ====
Stall for miss queue full 59 cycles (0.00%)
----------------------------------------
==== Statistics for Master ID: 0 ====
Reads: 130878580   Writes: 37
ICACHE: size: 64 KB assoc: 2
ICACHE: hits:116239066 misses:290781  Hit Ratio: 99.75%
DCACHE: size: 2*16 KB assoc: 2*4
DCACHE: hits:9468793 misses:4879977 writebacks:15  Hit Ratio: 65.99%
SCACHE: size: 512 KB assoc: 2
SCACHE: hits:5007907 misses:162851  Hit Ratio: 96.85%
3CACHE: size: 4096 KB assoc: 2
3CACHE: hits:152454 misses:10397  Hit Ratio: 93.62%
3CACHE: dirty items replaced:1460
ITLB: size: 48, misses 4, miss rate 0.00%
DTLB: size: 128, misses 35, miss rate 0.00%
Avg mem delay: 1.212 cycles
----------------------------------------
==== Statistics for Master ID: 2 ====
Reads: 310657043   Writes: 50673363
ICACHE: size: 64 KB assoc: 2
ICACHE: hits:184504484 misses:1917575  Hit Ratio: 98.97%
DCACHE: size: 1*16 KB assoc: 1*4
DCACHE: hits:170598233 misses:4310227 writebacks:1441793  Hit Ratio: 97.54%
SCACHE: size: 512 KB assoc: 2
SCACHE: hits:5142930 misses:1084759  Hit Ratio: 82.58%
3CACHE: size: 4096 KB assoc: 2
3CACHE: hits:936742 misses:148017  Hit Ratio: 86.35%
3CACHE: dirty items replaced:28255
ITLB: size: 48, misses 67901, miss rate 0.04%
DTLB: size: 128, misses 113452, miss rate 0.06%
Avg mem delay: 1.212 cycles
----------------------------------------
==== Statistics for Master ID: 3 ====
Reads: 266312049   Writes: 107325523
ICACHE: size: 64 KB assoc: 2
ICACHE: hits:198868113 misses:246031  Hit Ratio: 99.88%
DCACHE: size: 1*16 KB assoc: 1*4
DCACHE: hits:171748425 misses:2775002 writebacks:1753589  Hit Ratio: 98.41%
SCACHE: size: 512 KB assoc: 2
SCACHE: hits:2597940 misses:423093  Hit Ratio: 86.00%
3CACHE: size: 4096 KB assoc: 2
3CACHE: hits:404282 misses:18811  Hit Ratio: 95.55%
3CACHE: dirty items replaced:2644
ITLB: size: 48, misses 4, miss rate 0.00%
DTLB: size: 128, misses 16399, miss rate 0.01%
Avg mem delay: 1.212 cycles
----------------------------------------
==== Global Resource Utilization ====
STASH: size: 65536 entries, full 1906464263, empty 34347968, misses 3087379, full rate 98.07
icache bank util. 0.501 0.478 0.098 0.084 0.088 0.084 0.075 0.285 
dcache bank util. 0.137 0.130 0.176 0.363 0.141 0.134 0.141 0.138 
L2 bank util. 0.043 0.040 0.036 0.037 0.036 0.033 0.035 0.034 
L1-L2 bus util. = 0.176, L3 util. = 0.006
----------------------------------------

======================== 切片硬件状态 ========================
切片号 | 所属安全域 | 当前状态    | 路扩展 | LRU touched
------------------------------------------------------------------
  0    |   域0      | 正常运行   |  是   |  300999784
  1    |   域3      | 正常运行   |  否   |  300999998
  2    |   域0      | 正常运行   |  是   |  300999997
  3    |   域2      | 正常运行   |  否   |  300999999
==================================================================

branch prediction, hits = 74506000, misses = 7743453, hit rate = 90.59%
return_stack prediction, hits = 4843950, misses = 16014096, hit rate = 23.22%
jump prediction, hits = 94062438, misses = 9928341, hit rate = 90.45%
 dgemv_ dgeqr2_ dgeqrf_
**** Debug Statistics at 401000000 Cycles *****
Threads: 4		Fetch Width: 8
No of useful instructions fetched:	1486273105 (46.33% proc util.)
No of total instructions fetched:	2408924866 (75.09% proc util.)
 includes 49623345 misfetch (2.1%), 873028416 (36.2%) wrong-path fetches
 and 0 flushed after failed lock(0.0%)
No of useful instructions issued/executed:	1486273082 (46.33% proc util.)
No of total instructions issued/executed:	1935651283 (60.34% proc util.)
 includes 449378201 wrong-path (23.2%) insts and 0 flushed (0.0%)
	fp 30844, 0.00%
	synch 0, 0.00%
	integer 1450228827, 74.92%
	load/store 485391612, 25.08%
Avg size of int IQ (before scheduling): 29.04
Avg size of fp IQ (before scheduling): 0.00
No of cycles taken:		401000000
Parallelism [ 1.286, 0.000, 1.237, 1.183,] = 3.706
 IQ conflicts: 1567287 (0.39%), FQ conflicts: 0 (0.00%) 
 I reg conflicts: 48809231 (12.17%), FP reg conflicts: 0 (0.00%)
  Activelist confs: 1021 (0.00%), ROB confs: 193404 (0.05%)
  Int unit conflicts: 968946569 (241.63%), FP unit conflicts: 6 (0.00%)
  Load/store unit conflicts: 42745771 (10.66%)
  MSHR conflicts: 19458133 (4.85%)
----------------------------------------
==== System-wide Cache Statistics ====
Stall for miss queue full 59 cycles (0.00%)
----------------------------------------
==== Statistics for Master ID: 0 ====
Reads: 174229920   Writes: 37
ICACHE: size: 64 KB assoc: 2
ICACHE: hits:154760996 misses:366305  Hit Ratio: 99.76%
DCACHE: size: 2*16 KB assoc: 2*4
DCACHE: hits:12636312 misses:6466344 writebacks:15  Hit Ratio: 66.15%
SCACHE: size: 512 KB assoc: 2
SCACHE: hits:6614069 misses:218579  Hit Ratio: 96.80%
3CACHE: size: 4096 KB assoc: 2
3CACHE: hits:202166 misses:16413  Hit Ratio: 92.49%
3CACHE: dirty items replaced:3282
ITLB: size: 48, misses 4, miss rate 0.00%
DTLB: size: 128, misses 37, miss rate 0.00%
Avg mem delay: 1.210 cycles
----------------------------------------
==== Statistics for Master ID: 2 ====
Reads: 413898936   Writes: 67650480
ICACHE: size: 64 KB assoc: 2
ICACHE: hits:245641020 misses:2574598  Hit Ratio: 98.96%
DCACHE: size: 1*16 KB assoc: 1*4
DCACHE: hits:227568880 misses:5765031 writebacks:1887325  Hit Ratio: 97.53%
SCACHE: size: 512 KB assoc: 2
SCACHE: hits:6920764 misses:1418752  Hit Ratio: 82.99%
3CACHE: size: 4096 KB assoc: 2
3CACHE: hits:1217088 misses:201664  Hit Ratio: 85.79%
3CACHE: dirty items replaced:53475
ITLB: size: 48, misses 91978, miss rate 0.04%
DTLB: size: 128, misses 151823, miss rate 0.07%
Avg mem delay: 1.210 cycles
----------------------------------------
==== Statistics for Master ID: 3 ====
Reads: 354683800   Writes: 142847100
ICACHE: size: 64 KB assoc: 2
ICACHE: hits:264956618 misses:311183  Hit Ratio: 99.88%
DCACHE: size: 1*16 KB assoc: 1*4
DCACHE: hits:228571768 misses:3691330 writebacks:2332283  Hit Ratio: 98.41%
SCACHE: size: 512 KB assoc: 2
SCACHE: hits:3441597 misses:560916  Hit Ratio: 85.99%
3CACHE: size: 4096 KB assoc: 2
3CACHE: hits:530250 misses:30666  Hit Ratio: 94.53%
3CACHE: dirty items replaced:7087
ITLB: size: 48, misses 4, miss rate 0.00%
DTLB: size: 128, misses 21816, miss rate 0.01%
Avg mem delay: 1.210 cycles
----------------------------------------
==== Global Resource Utilization ====
STASH: size: 65536 entries, full 2537389224, empty 46866213, misses 4214799, full rate 98.03
icache bank util. 0.501 0.478 0.098 0.084 0.088 0.083 0.075 0.284 
dcache bank util. 0.136 0.130 0.176 0.362 0.141 0.133 0.141 0.141 
L2 bank util. 0.042 0.040 0.036 0.037 0.036 0.033 0.035 0.034 
L1-L2 bus util. = 0.175, L3 util. = 0.006
----------------------------------------

======================== 切片硬件状态 ========================
切片号 | 所属安全域 | 当前状态    | 路扩展 | LRU touched
------------------------------------------------------------------
  0    |   域0      | 正常运行   |  是   |  400999999
  1    |   域3      | 正常运行   |  否   |  400999999
  2    |   域0      | 正常运行   |  是   |  400999978
  3    |   域2      | 正常运行   |  否   |  400999997
==================================================================

branch prediction, hits = 98380430, misses = 10465167, hit rate = 90.39%
return_stack prediction, hits = 6569436, misses = 21308919, hit rate = 23.56%
jump prediction, hits = 124238806, misses = 13521228, hit rate = 90.18%
 dger_ dlabad_ dlacon_ dlae2_ dlaev2_
**** Debug Statistics at 501000000 Cycles *****
Threads: 4		Fetch Width: 8
No of useful instructions fetched:	1859642507 (46.40% proc util.)
No of total instructions fetched:	3016391343 (75.26% proc util.)
 includes 61632496 misfetch (2.0%), 1095116340 (36.3%) wrong-path fetches
 and 0 flushed after failed lock(0.0%)
No of useful instructions issued/executed:	1859642459 (46.40% proc util.)
No of total instructions issued/executed:	2422499361 (60.44% proc util.)
 includes 562856902 wrong-path (23.2%) insts and 0 flushed (0.0%)
	fp 43539, 0.00%
	synch 0, 0.00%
	integer 1815866860, 74.96%
	load/store 606588962, 25.04%
Avg size of int IQ (before scheduling): 29.01
Avg size of fp IQ (before scheduling): 0.00
No of cycles taken:		501000000
Parallelism [ 1.289, 0.000, 1.237, 1.186,] = 3.712
 IQ conflicts: 1796618 (0.36%), FQ conflicts: 0 (0.00%) 
 I reg conflicts: 59841095 (11.94%), FP reg conflicts: 0 (0.00%)
  Activelist confs: 1139 (0.00%), ROB confs: 245036 (0.05%)
  Int unit conflicts: 1217134492 (242.94%), FP unit conflicts: 10 (0.00%)
  Load/store unit conflicts: 53134357 (10.61%)
  MSHR conflicts: 22703878 (4.53%)
----------------------------------------
==== System-wide Cache Statistics ====
Stall for miss queue full 59 cycles (0.00%)
----------------------------------------
==== Statistics for Master ID: 0 ====
Reads: 218478807   Writes: 38
ICACHE: size: 64 KB assoc: 2
ICACHE: hits:194059630 misses:501198  Hit Ratio: 99.74%
DCACHE: size: 2*16 KB assoc: 2*4
DCACHE: hits:15844312 misses:8073705 writebacks:16  Hit Ratio: 66.24%
SCACHE: size: 512 KB assoc: 2
SCACHE: hits:8298506 misses:276397  Hit Ratio: 96.78%
3CACHE: size: 4096 KB assoc: 2
3CACHE: hits:257276 misses:19121  Hit Ratio: 93.08%
3CACHE: dirty items replaced:4118
ITLB: size: 48, misses 4, miss rate 0.00%
DTLB: size: 128, misses 38, miss rate 0.00%
Avg mem delay: 1.192 cycles
----------------------------------------
==== Statistics for Master ID: 2 ====
Reads: 516763471   Writes: 84097135
ICACHE: size: 64 KB assoc: 2
ICACHE: hits:306575447 misses:3338216  Hit Ratio: 98.92%
DCACHE: size: 1*16 KB assoc: 1*4
DCACHE: hits:284054187 misses:6892869 writebacks:2237107  Hit Ratio: 97.63%
SCACHE: size: 512 KB assoc: 2
SCACHE: hits:8484345 misses:1746627  Hit Ratio: 82.93%
3CACHE: size: 4096 KB assoc: 2
3CACHE: hits:1503893 misses:242734  Hit Ratio: 86.10%
3CACHE: dirty items replaced:72929
ITLB: size: 48, misses 124387, miss rate 0.04%
DTLB: size: 128, misses 184576, miss rate 0.06%
Avg mem delay: 1.192 cycles
----------------------------------------
==== Statistics for Master ID: 3 ====
Reads: 444219343   Writes: 178799445
ICACHE: size: 64 KB assoc: 2
ICACHE: hits:331704236 misses:425016  Hit Ratio: 99.87%
DCACHE: size: 1*16 KB assoc: 1*4
DCACHE: hits:286268972 misses:4620563 writebacks:2918938  Hit Ratio: 98.41%
SCACHE: size: 512 KB assoc: 2
SCACHE: hits:4345118 misses:700461  Hit Ratio: 86.12%
3CACHE: size: 4096 KB assoc: 2
3CACHE: hits:664600 misses:35861  Hit Ratio: 94.88%
3CACHE: dirty items replaced:9057
ITLB: size: 48, misses 4, miss rate 0.00%
DTLB: size: 128, misses 27388, miss rate 0.01%
Avg mem delay: 1.192 cycles
----------------------------------------
==== Global Resource Utilization ====
STASH: size: 65536 entries, full 3177015255, empty 59230947, misses 5310616, full rate 98.01
icache bank util. 0.503 0.477 0.099 0.085 0.087 0.083 0.076 0.286 
dcache bank util. 0.136 0.131 0.176 0.361 0.140 0.134 0.140 0.140 
L2 bank util. 0.043 0.040 0.035 0.037 0.035 0.033 0.034 0.034 
L1-L2 bus util. = 0.174, L3 util. = 0.006
----------------------------------------

======================== 切片硬件状态 ========================
切片号 | 所属安全域 | 当前状态    | 路扩展 | LRU touched
------------------------------------------------------------------
  0    |   域0      | 正常运行   |  是   |  500999988
  1    |   域3      | 正常运行   |  否   |  500999999
  2    |   域0      | 正常运行   |  是   |  500999953
  3    |   域2      | 正常运行   |  否   |  500999996
==================================================================

branch prediction, hits = 122673005, misses = 13160814, hit rate = 90.31%
return_stack prediction, hits = 8212225, misses = 26675479, hit rate = 23.54%
jump prediction, hits = 155191746, misses = 16833235, hit rate = 90.21%
 dlamch_ dlamc1_
**** Early Exiting at 538603244 Cycles *****
========================================
 SMTSIM Global Statistics
========================================
Threads: 4		Fetch Width: 8
No of useful instructions fetched:	2000000132 (46.42% proc util.)
No of total instructions fetched:	3247405324 (75.37% proc util.)
 includes 67194603 misfetch (2.1%), 1180210589 (36.3%) wrong-path fetches
 and 0 flushed after failed lock(0.0%)
No of useful instructions issued/executed:	2000000081 (46.42% proc util.)
No of total instructions issued/executed:	2606458177 (60.49% proc util.)
 includes 606458096 wrong-path (23.3%) insts and 0 flushed (0.0%)
	fp 50534, 0.00%
	synch 0, 0.00%
	integer 1953888980, 74.96%
	load/store 652518663, 25.03%
Avg size of int IQ (before scheduling): 28.97
Avg size of fp IQ (before scheduling): 0.00
No of cycles taken:		538603244
Parallelism [ 1.290, 0.000, 1.236, 1.187,] = 3.713
 IQ conflicts: 1857865 (0.34%), FQ conflicts: 0 (0.00%) 
 I reg conflicts: 63637698 (11.82%), FP reg conflicts: 0 (0.00%)
  Activelist confs: 1282 (0.00%), ROB confs: 257092 (0.05%)
  Int unit conflicts: 1306862734 (242.64%), FP unit conflicts: 10 (0.00%)
  Load/store unit conflicts: 57012189 (10.59%)
  MSHR conflicts: 23270303 (4.32%)
----------------------------------------
==== System-wide Cache Statistics ====
Stall for miss queue full 59 cycles (0.00%)
----------------------------------------
==== Statistics for Master ID: 0 ====
Reads: 235046410   Writes: 38
ICACHE: size: 64 KB assoc: 2
ICACHE: hits:208772433 misses:539603  Hit Ratio: 99.74%
DCACHE: size: 2*16 KB assoc: 2*4
DCACHE: hits:17054268 misses:8680144 writebacks:16  Hit Ratio: 66.27%
SCACHE: size: 512 KB assoc: 2
SCACHE: hits:8922576 misses:297171  Hit Ratio: 96.78%
3CACHE: size: 4096 KB assoc: 2
3CACHE: hits:277271 misses:19900  Hit Ratio: 93.30%
3CACHE: dirty items replaced:4348
ITLB: size: 48, misses 4, miss rate 0.00%
DTLB: size: 128, misses 38, miss rate 0.00%
Avg mem delay: 1.187 cycles
----------------------------------------
==== Statistics for Master ID: 2 ====
Reads: 556214515   Writes: 90167338
ICACHE: size: 64 KB assoc: 2
ICACHE: hits:330084746 misses:3621328  Hit Ratio: 98.91%
DCACHE: size: 1*16 KB assoc: 1*4
DCACHE: hits:305378203 misses:7297689 writebacks:2353375  Hit Ratio: 97.67%
SCACHE: size: 512 KB assoc: 2
SCACHE: hits:9063267 misses:1855637  Hit Ratio: 83.01%
3CACHE: size: 4096 KB assoc: 2
3CACHE: hits:1600047 misses:255589  Hit Ratio: 86.23%
3CACHE: dirty items replaced:80689
ITLB: size: 48, misses 135819, miss rate 0.04%
DTLB: size: 128, misses 195475, miss rate 0.06%
Avg mem delay: 1.187 cycles
----------------------------------------
==== Statistics for Master ID: 3 ====
Reads: 478452549   Writes: 192485105
ICACHE: size: 64 KB assoc: 2
ICACHE: hits:357308918 misses:456479  Hit Ratio: 99.87%
DCACHE: size: 1*16 KB assoc: 1*4
DCACHE: hits:308197937 misses:4974319 writebacks:3142259  Hit Ratio: 98.41%
SCACHE: size: 512 KB assoc: 2
SCACHE: hits:4686883 misses:743915  Hit Ratio: 86.30%
3CACHE: size: 4096 KB assoc: 2
3CACHE: hits:706497 misses:37418  Hit Ratio: 94.97%
3CACHE: dirty items replaced:9624
ITLB: size: 48, misses 4, miss rate 0.00%
DTLB: size: 128, misses 29495, miss rate 0.01%
Avg mem delay: 1.187 cycles
----------------------------------------
==== Global Resource Utilization ====
STASH: size: 65536 entries, full 3419799068, empty 64379536, misses 5772103, full rate 97.99
icache bank util. 0.504 0.478 0.100 0.085 0.087 0.083 0.076 0.285 
dcache bank util. 0.136 0.131 0.175 0.361 0.142 0.135 0.139 0.139 
L2 bank util. 0.043 0.040 0.035 0.037 0.035 0.033 0.034 0.033 
L1-L2 bus util. = 0.173, L3 util. = 0.006
----------------------------------------

======================== 切片硬件状态 ========================
切片号 | 所属安全域 | 当前状态    | 路扩展 | LRU touched
------------------------------------------------------------------
  0    |   域0      | 正常运行   |  是   |  538603204
  1    |   域3      | 正常运行   |  否   |  538603243
  2    |   域0      | 正常运行   |  是   |  538603226
  3    |   域2      | 正常运行   |  否   |  538603239
==================================================================

branch prediction, hits = 131710722, misses = 14291926, hit rate = 90.21%
return_stack prediction, hits = 8877858, misses = 28716578, hit rate = 23.61%
jump prediction, hits = 166552418, misses = 18298963, hit rate = 90.10%
total IPC 3.713

=== Results saved to: ./results/cacherand_2_gcc-scilab_1_recurseq_1.txt ===
