===== 执行信息 =====
Cache目录：smtc64
执行命令：./smtsim ../gcc-scilab.arg2 ../crafty.arg ../randacc.arg
执行时间：2026-04-17 11:47:24
返回码：0
===== 输出内容 =====
SMTCache
Process 0, Thread 0: gcc-scilab
Process 0, Thread 1: gcc-scilab
Process 2, Thread 2: crafty
Process 3, Thread 3: randacc

**** Debug Statistics at 1000000 Cycles *****
Threads: 4		Fetch Width: 8
No of useful instructions fetched:	3543177 (44.29% proc util.)
No of total instructions fetched:	4170805 (52.14% proc util.)
 includes 33388 misfetch (0.8%), 594240 (14.2%) wrong-path fetches
 and 0 flushed after failed lock(0.0%)
No of useful instructions issued/executed:	3543148 (44.29% proc util.)
No of total instructions issued/executed:	3762347 (47.03% proc util.)
 includes 219199 wrong-path (5.8%) insts and 0 flushed (0.0%)
	fp 89, 0.00%
	synch 0, 0.00%
	integer 3088153, 82.08%
	load/store 674105, 17.92%
Avg size of int IQ (before scheduling): 26.40
Avg size of fp IQ (before scheduling): 0.00
No of cycles taken:		1000000
Parallelism [ 0.940, 0.000, 1.364, 1.239,] = 3.543
 IQ conflicts: 860 (0.09%), FQ conflicts: 0 (0.00%) 
 I reg conflicts: 356558 (35.66%), FP reg conflicts: 0 (0.00%)
  Activelist confs: 8 (0.00%), ROB confs: 888 (0.09%)
  Int unit conflicts: 1798186 (179.82%), FP unit conflicts: 1 (0.00%)
  Load/store unit conflicts: 62345 (6.23%)
  MSHR conflicts: 71424 (7.14%)
----------------------------------------
==== System-wide Cache Statistics ====
Stall for miss queue full 0 cycles (0.00%)
----------------------------------------
==== Statistics for Master ID: 0 ====
Reads: 562274   Writes: 148229
ICACHE: size: 64 KB assoc: 2
ICACHE: hits:345787 misses:2149  Hit Ratio: 99.38%
DCACHE: size: 16 KB assoc: 4
DCACHE: hits:358873 misses:3694 writebacks:2595  Hit Ratio: 98.98%
SCACHE: size: 512 KB assoc: 2
SCACHE: hits:1105 misses:4738  Hit Ratio: 18.91%
3CACHE: size: 4096 KB assoc: 2
3CACHE: hits:102 misses:4636  Hit Ratio: 2.15%
3CACHE: dirty items replaced:0
ITLB: size: 48, misses 124, miss rate 0.04%
DTLB: size: 128, misses 179, miss rate 0.05%
Avg mem delay: 1.654 cycles
----------------------------------------
==== Statistics for Master ID: 2 ====
Reads: 661618   Writes: 71263
ICACHE: size: 64 KB assoc: 2
ICACHE: hits:495504 misses:160  Hit Ratio: 99.97%
DCACHE: size: 16 KB assoc: 4
DCACHE: hits:235913 misses:1304 writebacks:1014  Hit Ratio: 99.45%
SCACHE: size: 512 KB assoc: 2
SCACHE: hits:13 misses:1451  Hit Ratio: 0.89%
3CACHE: size: 4096 KB assoc: 2
3CACHE: hits:0 misses:1451  Hit Ratio: 0.00%
3CACHE: dirty items replaced:0
ITLB: size: 48, misses 17, miss rate 0.00%
DTLB: size: 128, misses 45, miss rate 0.02%
Avg mem delay: 1.654 cycles
----------------------------------------
==== Statistics for Master ID: 3 ====
Reads: 472471   Writes: 36
ICACHE: size: 64 KB assoc: 2
ICACHE: hits:398414 misses:23  Hit Ratio: 99.99%
DCACHE: size: 16 KB assoc: 4
DCACHE: hits:57706 misses:16364 writebacks:13  Hit Ratio: 77.91%
SCACHE: size: 512 KB assoc: 2
SCACHE: hits:15585 misses:801  Hit Ratio: 95.11%
3CACHE: size: 4096 KB assoc: 2
3CACHE: hits:53 misses:748  Hit Ratio: 6.62%
3CACHE: dirty items replaced:0
ITLB: size: 48, misses 4, miss rate 0.00%
DTLB: size: 128, misses 23, miss rate 0.03%
Avg mem delay: 1.654 cycles
----------------------------------------
==== Global Resource Utilization ====
STASH: size: 65536 entries, full 4421479, empty 47412, misses 4485, full rate 98.84
icache bank util. 0.318 0.233 0.129 0.053 0.079 0.119 0.157 0.161 
dcache bank util. 0.067 0.077 0.047 0.053 0.068 0.126 0.214 0.097 
L2 bank util. 0.021 0.020 0.019 0.019 0.020 0.019 0.019 0.020 
L1-L2 bus util. = 0.082, L3 util. = 0.068
----------------------------------------
branch prediction, hits = 358392, misses = 28720, hit rate = 92.58%
return_stack prediction, hits = 17411, misses = 15, hit rate = 99.91%
jump prediction, hits = 432480, misses = 8351, hit rate = 98.11%
 dgelq2_ dgelqf_
**** Debug Statistics at 101000000 Cycles *****
Threads: 4		Fetch Width: 8
No of useful instructions fetched:	351517041 (43.50% proc util.)
No of total instructions fetched:	478208583 (59.18% proc util.)
 includes 28337275 misfetch (5.9%), 98354267 (20.6%) wrong-path fetches
 and 0 flushed after failed lock(0.0%)
No of useful instructions issued/executed:	351517007 (43.50% proc util.)
No of total instructions issued/executed:	398283932 (49.29% proc util.)
 includes 46766925 wrong-path (11.7%) insts and 0 flushed (0.0%)
	fp 1542, 0.00%
	synch 0, 0.00%
	integer 301103184, 75.60%
	load/store 97179206, 24.40%
Avg size of int IQ (before scheduling): 27.41
Avg size of fp IQ (before scheduling): 0.00
No of cycles taken:		101000000
Parallelism [ 0.887, 0.000, 1.128, 1.465,] = 3.480
 IQ conflicts: 333526 (0.33%), FQ conflicts: 0 (0.00%) 
 I reg conflicts: 26668168 (26.40%), FP reg conflicts: 0 (0.00%)
  Activelist confs: 10 (0.00%), ROB confs: 120337 (0.12%)
  Int unit conflicts: 131380974 (130.08%), FP unit conflicts: 2 (0.00%)
  Load/store unit conflicts: 12188752 (12.07%)
  MSHR conflicts: 2261238 (2.24%)
----------------------------------------
==== System-wide Cache Statistics ====
Stall for miss queue full 0 cycles (0.00%)
----------------------------------------
==== Statistics for Master ID: 0 ====
Reads: 77234966   Writes: 12592767
ICACHE: size: 64 KB assoc: 2
ICACHE: hits:43018374 misses:1496472  Hit Ratio: 96.64%
DCACHE: size: 16 KB assoc: 4
DCACHE: hits:44209191 misses:1103696 writebacks:330105  Hit Ratio: 97.56%
SCACHE: size: 512 KB assoc: 2
SCACHE: hits:2304620 misses:295548  Hit Ratio: 88.63%
3CACHE: size: 4096 KB assoc: 2
3CACHE: hits:227529 misses:68019  Hit Ratio: 76.99%
3CACHE: dirty items replaced:6477
ITLB: size: 48, misses 68618, miss rate 0.15%
DTLB: size: 128, misses 133711, miss rate 0.30%
Avg mem delay: 1.871 cycles
----------------------------------------
==== Statistics for Master ID: 2 ====
Reads: 78323131   Writes: 9236778
ICACHE: size: 64 KB assoc: 2
ICACHE: hits:43244939 misses:1471120  Hit Ratio: 96.71%
DCACHE: size: 16 KB assoc: 4
DCACHE: hits:41219446 misses:1624404 writebacks:223135  Hit Ratio: 96.21%
SCACHE: size: 512 KB assoc: 2
SCACHE: hits:2743630 misses:351894  Hit Ratio: 88.63%
3CACHE: size: 4096 KB assoc: 2
3CACHE: hits:277026 misses:74868  Hit Ratio: 78.72%
3CACHE: dirty items replaced:3458
ITLB: size: 48, misses 16069, miss rate 0.04%
DTLB: size: 128, misses 228595, miss rate 0.53%
Avg mem delay: 1.871 cycles
----------------------------------------
==== Statistics for Master ID: 3 ====
Reads: 56403245   Writes: 42
ICACHE: size: 64 KB assoc: 2
ICACHE: hits:47558182 misses:4014  Hit Ratio: 99.99%
DCACHE: size: 16 KB assoc: 4
DCACHE: hits:6895115 misses:1945976 writebacks:19  Hit Ratio: 77.99%
SCACHE: size: 512 KB assoc: 2
SCACHE: hits:1859928 misses:90062  Hit Ratio: 95.38%
3CACHE: size: 4096 KB assoc: 2
3CACHE: hits:74492 misses:15570  Hit Ratio: 82.71%
3CACHE: dirty items replaced:47
ITLB: size: 48, misses 4, miss rate 0.00%
DTLB: size: 128, misses 14124, miss rate 0.16%
Avg mem delay: 1.871 cycles
----------------------------------------
==== Global Resource Utilization ====
STASH: size: 65536 entries, full 497609782, empty 24900228, misses 2223389, full rate 94.83
icache bank util. 0.302 0.276 0.198 0.121 0.132 0.114 0.114 0.185 
dcache bank util. 0.111 0.135 0.144 0.114 0.149 0.187 0.141 0.135 
L2 bank util. 0.048 0.061 0.057 0.047 0.055 0.052 0.047 0.057 
L1-L2 bus util. = 0.244, L3 util. = 0.016
----------------------------------------
branch prediction, hits = 26851348, misses = 4237111, hit rate = 86.37%
return_stack prediction, hits = 3181119, misses = 1098, hit rate = 99.97%
jump prediction, hits = 28528716, misses = 7078968, hit rate = 80.12%
 dgels_
**** Debug Statistics at 201000000 Cycles *****
Threads: 4		Fetch Width: 8
No of useful instructions fetched:	688389533 (42.81% proc util.)
No of total instructions fetched:	940880040 (58.51% proc util.)
 includes 56204613 misfetch (6.0%), 196285894 (20.9%) wrong-path fetches
 and 0 flushed after failed lock(0.0%)
No of useful instructions issued/executed:	688389504 (42.81% proc util.)
No of total instructions issued/executed:	783166534 (48.70% proc util.)
 includes 94777030 wrong-path (12.1%) insts and 0 flushed (0.0%)
	fp 6227, 0.00%
	synch 0, 0.00%
	integer 589823511, 75.31%
	load/store 193336796, 24.69%
Avg size of int IQ (before scheduling): 27.43
Avg size of fp IQ (before scheduling): 0.00
No of cycles taken:		201000000
Parallelism [ 0.879, 0.000, 1.095, 1.451,] = 3.425
 IQ conflicts: 840254 (0.42%), FQ conflicts: 0 (0.00%) 
 I reg conflicts: 54586553 (27.16%), FP reg conflicts: 0 (0.00%)
  Activelist confs: 277 (0.00%), ROB confs: 186964 (0.09%)
  Int unit conflicts: 252512061 (125.63%), FP unit conflicts: 2 (0.00%)
  Load/store unit conflicts: 24749272 (12.31%)
  MSHR conflicts: 6056543 (3.01%)
----------------------------------------
==== System-wide Cache Statistics ====
Stall for miss queue full 0 cycles (0.00%)
----------------------------------------
==== Statistics for Master ID: 0 ====
Reads: 153763393   Writes: 25564214
ICACHE: size: 64 KB assoc: 2
ICACHE: hits:85926026 misses:2900293  Hit Ratio: 96.73%
DCACHE: size: 16 KB assoc: 4
DCACHE: hits:88040577 misses:2460711 writebacks:748287  Hit Ratio: 97.28%
SCACHE: size: 512 KB assoc: 2
SCACHE: hits:4664932 misses:696070  Hit Ratio: 87.02%
3CACHE: size: 4096 KB assoc: 2
3CACHE: hits:571578 misses:124492  Hit Ratio: 82.12%
3CACHE: dirty items replaced:18316
ITLB: size: 48, misses 113405, miss rate 0.13%
DTLB: size: 128, misses 301622, miss rate 0.33%
Avg mem delay: 1.984 cycles
----------------------------------------
==== Statistics for Master ID: 2 ====
Reads: 153957083   Writes: 18184525
ICACHE: size: 64 KB assoc: 2
ICACHE: hits:84088960 misses:3016621  Hit Ratio: 96.54%
DCACHE: size: 16 KB assoc: 4
DCACHE: hits:81731499 misses:3304528 writebacks:406352  Hit Ratio: 96.11%
SCACHE: size: 512 KB assoc: 2
SCACHE: hits:5637914 misses:683235  Hit Ratio: 89.19%
3CACHE: size: 4096 KB assoc: 2
3CACHE: hits:557420 misses:125815  Hit Ratio: 81.59%
3CACHE: dirty items replaced:9696
ITLB: size: 48, misses 31705, miss rate 0.04%
DTLB: size: 128, misses 491520, miss rate 0.58%
Avg mem delay: 1.984 cycles
----------------------------------------
==== Statistics for Master ID: 3 ====
Reads: 110975298   Writes: 47
ICACHE: size: 64 KB assoc: 2
ICACHE: hits:93543919 misses:7687  Hit Ratio: 99.99%
DCACHE: size: 16 KB assoc: 4
DCACHE: hits:13589374 misses:3834365 writebacks:24  Hit Ratio: 77.99%
SCACHE: size: 512 KB assoc: 2
SCACHE: hits:3658456 misses:183595  Hit Ratio: 95.22%
3CACHE: size: 4096 KB assoc: 2
3CACHE: hits:152031 misses:31564  Hit Ratio: 82.81%
3CACHE: dirty items replaced:119
ITLB: size: 48, misses 4, miss rate 0.00%
DTLB: size: 128, misses 30938, miss rate 0.18%
Avg mem delay: 1.984 cycles
----------------------------------------
==== Global Resource Utilization ====
STASH: size: 65536 entries, full 978296330, empty 49623193, misses 4437181, full rate 94.76
icache bank util. 0.298 0.271 0.196 0.122 0.133 0.115 0.114 0.181 
dcache bank util. 0.112 0.132 0.136 0.115 0.162 0.193 0.136 0.135 
L2 bank util. 0.049 0.062 0.058 0.049 0.056 0.054 0.049 0.058 
L1-L2 bus util. = 0.249, L3 util. = 0.014
----------------------------------------
branch prediction, hits = 52169443, misses = 8358114, hit rate = 86.19%
return_stack prediction, hits = 6240420, misses = 2528, hit rate = 99.96%
jump prediction, hits = 55822455, misses = 14045545, hit rate = 79.90%

**** Debug Statistics at 301000000 Cycles *****
Threads: 4		Fetch Width: 8
No of useful instructions fetched:	1042434365 (43.29% proc util.)
No of total instructions fetched:	1413720702 (58.71% proc util.)
 includes 81605869 misfetch (5.8%), 289680468 (20.5%) wrong-path fetches
 and 0 flushed after failed lock(0.0%)
No of useful instructions issued/executed:	1042434333 (43.29% proc util.)
No of total instructions issued/executed:	1181375324 (49.06% proc util.)
 includes 138940991 wrong-path (11.8%) insts and 0 flushed (0.0%)
	fp 22130, 0.00%
	synch 0, 0.00%
	integer 890286967, 75.36%
	load/store 291066227, 24.64%
Avg size of int IQ (before scheduling): 27.44
Avg size of fp IQ (before scheduling): 0.00
No of cycles taken:		301000000
Parallelism [ 0.925, 0.000, 1.092, 1.446,] = 3.463
 IQ conflicts: 1131130 (0.38%), FQ conflicts: 0 (0.00%) 
 I reg conflicts: 81444252 (27.06%), FP reg conflicts: 0 (0.00%)
  Activelist confs: 1231 (0.00%), ROB confs: 397161 (0.13%)
  Int unit conflicts: 401353243 (133.34%), FP unit conflicts: 4 (0.00%)
  Load/store unit conflicts: 36929082 (12.27%)
  MSHR conflicts: 13359659 (4.44%)
----------------------------------------
==== System-wide Cache Statistics ====
Stall for miss queue full 0 cycles (0.00%)
----------------------------------------
==== Statistics for Master ID: 0 ====
Reads: 232526828   Writes: 37816807
ICACHE: size: 64 KB assoc: 2
ICACHE: hits:130243865 misses:4156849  Hit Ratio: 96.91%
DCACHE: size: 16 KB assoc: 4
DCACHE: hits:132551027 misses:3391894 writebacks:1118648  Hit Ratio: 97.50%
SCACHE: size: 512 KB assoc: 2
SCACHE: hits:6530935 misses:1017807  Hit Ratio: 86.52%
3CACHE: size: 4096 KB assoc: 2
3CACHE: hits:850877 misses:166930  Hit Ratio: 83.60%
3CACHE: dirty items replaced:31130
ITLB: size: 48, misses 180208, miss rate 0.13%
DTLB: size: 128, misses 453793, miss rate 0.33%
Avg mem delay: 1.979 cycles
----------------------------------------
==== Statistics for Master ID: 2 ====
Reads: 231545144   Writes: 27546059
ICACHE: size: 64 KB assoc: 2
ICACHE: hits:126029814 misses:4474091  Hit Ratio: 96.57%
DCACHE: size: 16 KB assoc: 4
DCACHE: hits:123557853 misses:5029445 writebacks:603321  Hit Ratio: 96.09%
SCACHE: size: 512 KB assoc: 2
SCACHE: hits:8479531 misses:1024005  Hit Ratio: 89.23%
3CACHE: size: 4096 KB assoc: 2
3CACHE: hits:848638 misses:175367  Hit Ratio: 82.87%
3CACHE: dirty items replaced:20863
ITLB: size: 48, misses 46243, miss rate 0.04%
DTLB: size: 128, misses 741459, miss rate 0.58%
Avg mem delay: 1.979 cycles
----------------------------------------
==== Statistics for Master ID: 3 ====
Reads: 165802705   Writes: 50
ICACHE: size: 64 KB assoc: 2
ICACHE: hits:139778047 misses:14633  Hit Ratio: 99.99%
DCACHE: size: 16 KB assoc: 4
DCACHE: hits:20285522 misses:5724553 writebacks:27  Hit Ratio: 77.99%
SCACHE: size: 512 KB assoc: 2
SCACHE: hits:5453968 misses:285218  Hit Ratio: 95.03%
3CACHE: size: 4096 KB assoc: 2
3CACHE: hits:238137 misses:47080  Hit Ratio: 83.49%
3CACHE: dirty items replaced:643
ITLB: size: 48, misses 4, miss rate 0.00%
DTLB: size: 128, misses 45944, miss rate 0.18%
Avg mem delay: 1.979 cycles
----------------------------------------
==== Global Resource Utilization ====
STASH: size: 65536 entries, full 1469734070, empty 73742004, misses 6621968, full rate 94.82
icache bank util. 0.297 0.272 0.197 0.121 0.132 0.116 0.113 0.183 
dcache bank util. 0.117 0.128 0.131 0.112 0.158 0.194 0.143 0.141 
L2 bank util. 0.048 0.061 0.058 0.048 0.055 0.053 0.048 0.057 
L1-L2 bus util. = 0.244, L3 util. = 0.013
----------------------------------------
branch prediction, hits = 79685749, misses = 12409928, hit rate = 86.52%
return_stack prediction, hits = 9066769, misses = 2903, hit rate = 99.97%
jump prediction, hits = 84529866, misses = 20424162, hit rate = 80.54%
 dgemm_
**** Debug Statistics at 401000000 Cycles *****
Threads: 4		Fetch Width: 8
No of useful instructions fetched:	1387878360 (43.26% proc util.)
No of total instructions fetched:	1877489065 (58.53% proc util.)
 includes 106887008 misfetch (5.7%), 382723697 (20.4%) wrong-path fetches
 and 0 flushed after failed lock(0.0%)
No of useful instructions issued/executed:	1387878303 (43.26% proc util.)
No of total instructions issued/executed:	1571826605 (49.00% proc util.)
 includes 183948302 wrong-path (11.7%) insts and 0 flushed (0.0%)
	fp 26138, 0.00%
	synch 0, 0.00%
	integer 1183387158, 75.29%
	load/store 388413309, 24.71%
Avg size of int IQ (before scheduling): 27.46
Avg size of fp IQ (before scheduling): 0.00
No of cycles taken:		401000000
Parallelism [ 0.934, 0.000, 1.086, 1.441,] = 3.461
 IQ conflicts: 1554222 (0.39%), FQ conflicts: 0 (0.00%) 
 I reg conflicts: 109507194 (27.31%), FP reg conflicts: 0 (0.00%)
  Activelist confs: 1554 (0.00%), ROB confs: 610517 (0.15%)
  Int unit conflicts: 539070694 (134.43%), FP unit conflicts: 4 (0.00%)
  Load/store unit conflicts: 49486217 (12.34%)
  MSHR conflicts: 17618046 (4.39%)
----------------------------------------
==== System-wide Cache Statistics ====
Stall for miss queue full 0 cycles (0.00%)
----------------------------------------
==== Statistics for Master ID: 0 ====
Reads: 308964119   Writes: 51375835
ICACHE: size: 64 KB assoc: 2
ICACHE: hits:173337109 misses:5342271  Hit Ratio: 97.01%
DCACHE: size: 16 KB assoc: 4
DCACHE: hits:177151298 misses:4509276 writebacks:1537118  Hit Ratio: 97.52%
SCACHE: size: 512 KB assoc: 2
SCACHE: hits:8453961 misses:1397586  Hit Ratio: 85.81%
3CACHE: size: 4096 KB assoc: 2
3CACHE: hits:1177564 misses:220022  Hit Ratio: 84.26%
3CACHE: dirty items replaced:49100
ITLB: size: 48, misses 240554, miss rate 0.13%
DTLB: size: 128, misses 607112, miss rate 0.33%
Avg mem delay: 1.991 cycles
----------------------------------------
==== Statistics for Master ID: 2 ====
Reads: 308329730   Writes: 36670953
ICACHE: size: 64 KB assoc: 2
ICACHE: hits:167537927 misses:5869058  Hit Ratio: 96.62%
DCACHE: size: 16 KB assoc: 4
DCACHE: hits:164855632 misses:6738066 writebacks:782879  Hit Ratio: 96.07%
SCACHE: size: 512 KB assoc: 2
SCACHE: hits:11236382 misses:1370741  Hit Ratio: 89.13%
3CACHE: size: 4096 KB assoc: 2
3CACHE: hits:1145468 misses:225273  Hit Ratio: 83.57%
3CACHE: dirty items replaced:34654
ITLB: size: 48, misses 60885, miss rate 0.04%
DTLB: size: 128, misses 1005591, miss rate 0.59%
Avg mem delay: 1.991 cycles
----------------------------------------
==== Statistics for Master ID: 3 ====
Reads: 220096756   Writes: 60
ICACHE: size: 64 KB assoc: 2
ICACHE: hits:185547457 misses:19991  Hit Ratio: 99.99%
DCACHE: size: 16 KB assoc: 4
DCACHE: hits:26930449 misses:7598919 writebacks:37  Hit Ratio: 77.99%
SCACHE: size: 512 KB assoc: 2
SCACHE: hits:7224648 misses:394262  Hit Ratio: 94.83%
3CACHE: size: 4096 KB assoc: 2
3CACHE: hits:332314 misses:61948  Hit Ratio: 84.29%
3CACHE: dirty items replaced:1447
ITLB: size: 48, misses 4, miss rate 0.00%
DTLB: size: 128, misses 61876, miss rate 0.18%
Avg mem delay: 1.991 cycles
----------------------------------------
==== Global Resource Utilization ====
STASH: size: 65536 entries, full 1950075231, empty 99516610, misses 8910121, full rate 94.73
icache bank util. 0.294 0.270 0.196 0.122 0.132 0.116 0.112 0.182 
dcache bank util. 0.118 0.127 0.131 0.111 0.156 0.197 0.144 0.141 
L2 bank util. 0.048 0.061 0.057 0.047 0.054 0.053 0.048 0.056 
L1-L2 bus util. = 0.242, L3 util. = 0.013
----------------------------------------
branch prediction, hits = 106028162, misses = 16230033, hit rate = 86.72%
return_stack prediction, hits = 12020331, misses = 4846, hit rate = 99.96%
jump prediction, hits = 112988695, misses = 26753920, hit rate = 80.85%
 dgemv_ dgeqr2_ dgeqrf_
**** Debug Statistics at 501000000 Cycles *****
Threads: 4		Fetch Width: 8
No of useful instructions fetched:	1725562552 (43.05% proc util.)
No of total instructions fetched:	2335206116 (58.26% proc util.)
 includes 133170289 misfetch (5.7%), 476473275 (20.4%) wrong-path fetches
 and 0 flushed after failed lock(0.0%)
No of useful instructions issued/executed:	1725562519 (43.05% proc util.)
No of total instructions issued/executed:	1955068370 (48.78% proc util.)
 includes 229505851 wrong-path (11.7%) insts and 0 flushed (0.0%)
	fp 31185, 0.00%
	synch 0, 0.00%
	integer 1471952697, 75.29%
	load/store 483084488, 24.71%
Avg size of int IQ (before scheduling): 27.43
Avg size of fp IQ (before scheduling): 0.00
No of cycles taken:		501000000
Parallelism [ 0.925, 0.000, 1.080, 1.440,] = 3.444
 IQ conflicts: 1918609 (0.38%), FQ conflicts: 0 (0.00%) 
 I reg conflicts: 138377212 (27.62%), FP reg conflicts: 0 (0.00%)
  Activelist confs: 1960 (0.00%), ROB confs: 728155 (0.15%)
  Int unit conflicts: 665074643 (132.75%), FP unit conflicts: 5 (0.00%)
  Load/store unit conflicts: 61431641 (12.26%)
  MSHR conflicts: 19352565 (3.86%)
----------------------------------------
==== System-wide Cache Statistics ====
Stall for miss queue full 0 cycles (0.00%)
----------------------------------------
==== Statistics for Master ID: 0 ====
Reads: 383113720   Writes: 64010640
ICACHE: size: 64 KB assoc: 2
ICACHE: hits:214812742 misses:6636801  Hit Ratio: 97.00%
DCACHE: size: 16 KB assoc: 4
DCACHE: hits:220104479 misses:5570338 writebacks:1877427  Hit Ratio: 97.53%
SCACHE: size: 512 KB assoc: 2
SCACHE: hits:10450373 misses:1756766  Hit Ratio: 85.61%
3CACHE: size: 4096 KB assoc: 2
3CACHE: hits:1466651 misses:290115  Hit Ratio: 83.49%
3CACHE: dirty items replaced:79865
ITLB: size: 48, misses 307589, miss rate 0.14%
DTLB: size: 128, misses 758036, miss rate 0.34%
Avg mem delay: 1.996 cycles
----------------------------------------
==== Statistics for Master ID: 2 ====
Reads: 383783839   Writes: 45471092
ICACHE: size: 64 KB assoc: 2
ICACHE: hits:208434344 misses:7261749  Hit Ratio: 96.63%
DCACHE: size: 16 KB assoc: 4
DCACHE: hits:205098154 misses:8460684 writebacks:966617  Hit Ratio: 96.04%
SCACHE: size: 512 KB assoc: 2
SCACHE: hits:14003571 misses:1718861  Hit Ratio: 89.07%
3CACHE: size: 4096 KB assoc: 2
3CACHE: hits:1432593 misses:286268  Hit Ratio: 83.35%
3CACHE: dirty items replaced:53843
ITLB: size: 48, misses 77092, miss rate 0.04%
DTLB: size: 128, misses 1260909, miss rate 0.59%
Avg mem delay: 1.996 cycles
----------------------------------------
==== Statistics for Master ID: 3 ====
Reads: 274629831   Writes: 69
ICACHE: size: 64 KB assoc: 2
ICACHE: hits:231508468 misses:25099  Hit Ratio: 99.99%
DCACHE: size: 16 KB assoc: 4
DCACHE: hits:33611155 misses:9485178 writebacks:46  Hit Ratio: 77.99%
SCACHE: size: 512 KB assoc: 2
SCACHE: hits:9016749 misses:493528  Hit Ratio: 94.81%
3CACHE: size: 4096 KB assoc: 2
3CACHE: hits:410359 misses:83169  Hit Ratio: 83.15%
3CACHE: dirty items replaced:4042
ITLB: size: 48, misses 4, miss rate 0.00%
DTLB: size: 128, misses 77198, miss rate 0.18%
Avg mem delay: 1.996 cycles
----------------------------------------
==== Global Resource Utilization ====
STASH: size: 65536 entries, full 2424664061, empty 125321212, misses 11198712, full rate 94.67
icache bank util. 0.293 0.268 0.196 0.122 0.131 0.115 0.112 0.181 
dcache bank util. 0.117 0.128 0.131 0.109 0.155 0.197 0.143 0.142 
L2 bank util. 0.048 0.061 0.057 0.047 0.053 0.053 0.047 0.056 
L1-L2 bus util. = 0.241, L3 util. = 0.013
----------------------------------------
branch prediction, hits = 131226316, misses = 20104726, hit rate = 86.71%
return_stack prediction, hits = 15006165, misses = 7002, hit rate = 99.95%
jump prediction, hits = 140235108, misses = 33352494, hit rate = 80.79%

**** Early Exiting at 577918113 Cycles *****
========================================
 SMTSIM Global Statistics
========================================
Threads: 4		Fetch Width: 8
No of useful instructions fetched:	2000000064 (43.26% proc util.)
No of total instructions fetched:	2709952410 (58.61% proc util.)
 includes 156331981 misfetch (5.8%), 553620365 (20.4%) wrong-path fetches
 and 0 flushed after failed lock(0.0%)
No of useful instructions issued/executed:	2000000034 (43.26% proc util.)
No of total instructions issued/executed:	2266214053 (49.02% proc util.)
 includes 266214019 wrong-path (11.7%) insts and 0 flushed (0.0%)
	fp 35917, 0.00%
	synch 0, 0.00%
	integer 1705600063, 75.26%
	load/store 560578073, 24.74%
Avg size of int IQ (before scheduling): 27.43
Avg size of fp IQ (before scheduling): 0.00
No of cycles taken:		577918113
Parallelism [ 0.932, 0.000, 1.087, 1.442,] = 3.461
 IQ conflicts: 2119769 (0.37%), FQ conflicts: 0 (0.00%) 
 I reg conflicts: 157277111 (27.21%), FP reg conflicts: 0 (0.00%)
  Activelist confs: 2020 (0.00%), ROB confs: 777522 (0.13%)
  Int unit conflicts: 770810824 (133.38%), FP unit conflicts: 5 (0.00%)
  Load/store unit conflicts: 71161478 (12.31%)
  MSHR conflicts: 20923565 (3.62%)
----------------------------------------
==== System-wide Cache Statistics ====
Stall for miss queue full 0 cycles (0.00%)
----------------------------------------
==== Statistics for Master ID: 0 ====
Reads: 446788184   Writes: 74217658
ICACHE: size: 64 KB assoc: 2
ICACHE: hits:250475085 misses:7730223  Hit Ratio: 97.01%
DCACHE: size: 16 KB assoc: 4
DCACHE: hits:256398289 misses:6402245 writebacks:2143196  Hit Ratio: 97.56%
SCACHE: size: 512 KB assoc: 2
SCACHE: hits:12192656 misses:1939811  Hit Ratio: 86.27%
3CACHE: size: 4096 KB assoc: 2
3CACHE: hits:1622428 misses:317383  Hit Ratio: 83.64%
3CACHE: dirty items replaced:91577
ITLB: size: 48, misses 349398, miss rate 0.14%
DTLB: size: 128, misses 866220, miss rate 0.33%
Avg mem delay: 1.974 cycles
----------------------------------------
==== Statistics for Master ID: 2 ====
Reads: 445201252   Writes: 52324415
ICACHE: size: 64 KB assoc: 2
ICACHE: hits:242058956 misses:8373121  Hit Ratio: 96.66%
DCACHE: size: 16 KB assoc: 4
DCACHE: hits:237322329 misses:9771261 writebacks:1104227  Hit Ratio: 96.05%
SCACHE: size: 512 KB assoc: 2
SCACHE: hits:16194081 misses:1950301  Hit Ratio: 89.25%
3CACHE: size: 4096 KB assoc: 2
3CACHE: hits:1633563 misses:316738  Hit Ratio: 83.76%
3CACHE: dirty items replaced:63392
ITLB: size: 48, misses 88893, miss rate 0.04%
DTLB: size: 128, misses 1451269, miss rate 0.59%
Avg mem delay: 1.974 cycles
----------------------------------------
==== Statistics for Master ID: 3 ====
Reads: 317664122   Writes: 71
ICACHE: size: 64 KB assoc: 2
ICACHE: hits:267849375 misses:29130  Hit Ratio: 99.99%
DCACHE: size: 16 KB assoc: 4
DCACHE: hits:38829416 misses:10956272 writebacks:48  Hit Ratio: 77.99%
SCACHE: size: 512 KB assoc: 2
SCACHE: hits:10428967 misses:556435  Hit Ratio: 94.93%
3CACHE: size: 4096 KB assoc: 2
3CACHE: hits:462904 misses:93531  Hit Ratio: 83.19%
3CACHE: dirty items replaced:5595
ITLB: size: 48, misses 4, miss rate 0.00%
DTLB: size: 128, misses 88804, miss rate 0.18%
Avg mem delay: 1.974 cycles
----------------------------------------
==== Global Resource Utilization ====
STASH: size: 65536 entries, full 2816758200, empty 144051004, misses 12871130, full rate 94.72
icache bank util. 0.294 0.270 0.197 0.123 0.133 0.115 0.113 0.182 
dcache bank util. 0.118 0.128 0.131 0.109 0.155 0.197 0.144 0.144 
L2 bank util. 0.048 0.061 0.057 0.047 0.053 0.053 0.047 0.057 
L1-L2 bus util. = 0.241, L3 util. = 0.013
----------------------------------------
branch prediction, hits = 152344561, misses = 23432992, hit rate = 86.67%
return_stack prediction, hits = 17547104, misses = 7355, hit rate = 99.96%
jump prediction, hits = 162203753, misses = 39147981, hit rate = 80.56%
total IPC 3.461

=== Results saved to: ./results/gcc-scilab_2_crafty_1_randacc_1.txt ===
