===== 执行信息 =====
Cache目录：smtc64
执行命令：./smtsim ../gzip-source.arg2 ../cacherand.arg ../gcc-expr.arg
执行时间：2026-04-17 11:50:20
返回码：0
===== 输出内容 =====
SMTCache
Process 0, Thread 0: gzip-source
Process 0, Thread 1: gzip-source
Process 2, Thread 2: cacherand
Process 3, Thread 3: gcc-expr

**** Debug Statistics at 1000000 Cycles *****
Threads: 4		Fetch Width: 8
No of useful instructions fetched:	3127237 (39.09% proc util.)
No of total instructions fetched:	3329248 (41.62% proc util.)
 includes 22847 misfetch (0.7%), 179164 (5.4%) wrong-path fetches
 and 0 flushed after failed lock(0.0%)
No of useful instructions issued/executed:	3127203 (39.09% proc util.)
No of total instructions issued/executed:	3203009 (40.04% proc util.)
 includes 75806 wrong-path (2.4%) insts and 0 flushed (0.0%)
	fp 70, 0.00%
	synch 0, 0.00%
	integer 2617395, 81.72%
	load/store 585544, 18.28%
Avg size of int IQ (before scheduling): 36.95
Avg size of fp IQ (before scheduling): 0.00
No of cycles taken:		1000000
Parallelism [ 1.000, 0.000, 1.186, 0.941,] = 3.127
 IQ conflicts: 26615 (2.66%), FQ conflicts: 0 (0.00%) 
 I reg conflicts: 505023 (50.50%), FP reg conflicts: 0 (0.00%)
  Activelist confs: 0 (0.00%), ROB confs: 735 (0.07%)
  Int unit conflicts: 895524 (89.55%), FP unit conflicts: 1 (0.00%)
  Load/store unit conflicts: 57865 (5.79%)
  MSHR conflicts: 98122 (9.81%)
----------------------------------------
==== System-wide Cache Statistics ====
Stall for miss queue full 0 cycles (0.00%)
----------------------------------------
==== Statistics for Master ID: 0 ====
Reads: 398582   Writes: 58680
ICACHE: size: 64 KB assoc: 2
ICACHE: hits:278563 misses:28  Hit Ratio: 99.99%
DCACHE: size: 16 KB assoc: 4
DCACHE: hits:175582 misses:3089 writebacks:2222  Hit Ratio: 98.27%
SCACHE: size: 512 KB assoc: 2
SCACHE: hits:314 misses:2803  Hit Ratio: 10.07%
3CACHE: size: 4096 KB assoc: 2
3CACHE: hits:1 misses:2802  Hit Ratio: 0.04%
3CACHE: dirty items replaced:0
ITLB: size: 48, misses 4, miss rate 0.00%
DTLB: size: 128, misses 55, miss rate 0.03%
Avg mem delay: 2.821 cycles
----------------------------------------
==== Statistics for Master ID: 2 ====
Reads: 359337   Writes: 34
ICACHE: size: 64 KB assoc: 2
ICACHE: hits:315342 misses:23  Hit Ratio: 99.99%
DCACHE: size: 16 KB assoc: 4
DCACHE: hits:14744 misses:29262 writebacks:12  Hit Ratio: 33.50%
SCACHE: size: 512 KB assoc: 2
SCACHE: hits:28417 misses:867  Hit Ratio: 97.04%
3CACHE: size: 4096 KB assoc: 2
3CACHE: hits:52 misses:815  Hit Ratio: 6.00%
3CACHE: dirty items replaced:0
ITLB: size: 48, misses 4, miss rate 0.00%
DTLB: size: 128, misses 21, miss rate 0.05%
Avg mem delay: 2.821 cycles
----------------------------------------
==== Statistics for Master ID: 3 ====
Reads: 526425   Writes: 148754
ICACHE: size: 64 KB assoc: 2
ICACHE: hits:310521 misses:2014  Hit Ratio: 99.36%
DCACHE: size: 16 KB assoc: 4
DCACHE: hits:358946 misses:3698 writebacks:2617  Hit Ratio: 98.98%
SCACHE: size: 512 KB assoc: 2
SCACHE: hits:850 misses:4862  Hit Ratio: 14.88%
3CACHE: size: 4096 KB assoc: 2
3CACHE: hits:146 misses:4716  Hit Ratio: 3.00%
3CACHE: dirty items replaced:0
ITLB: size: 48, misses 129, miss rate 0.04%
DTLB: size: 128, misses 176, miss rate 0.05%
Avg mem delay: 2.821 cycles
----------------------------------------
==== Global Resource Utilization ====
STASH: size: 65536 entries, full 503445412, empty 51882, misses 4904, full rate 99.99
icache bank util. 0.261 0.196 0.072 0.067 0.061 0.083 0.075 0.097 
dcache bank util. 0.079 0.091 0.057 0.064 0.075 0.080 0.142 0.120 
L2 bank util. 0.031 0.031 0.029 0.030 0.029 0.029 0.030 0.030 
L1-L2 bus util. = 0.129, L3 util. = 0.083
----------------------------------------
branch prediction, hits = 174614, misses = 8714, hit rate = 95.25%
return_stack prediction, hits = 17324, misses = 18, hit rate = 99.90%
jump prediction, hits = 196330, misses = 5565, hit rate = 97.24%
 init_expr_once init_expr save_expr_status restore_expr_status enqueue_insn protect_from_queue queued_subexp_p emit_queue init_queue convert_move
**** Debug Statistics at 101000000 Cycles *****
Threads: 4		Fetch Width: 8
No of useful instructions fetched:	420876376 (52.09% proc util.)
No of total instructions fetched:	545906028 (67.56% proc util.)
 includes 18214435 misfetch (3.3%), 106815217 (19.6%) wrong-path fetches
 and 0 flushed after failed lock(0.0%)
No of useful instructions issued/executed:	420876327 (52.09% proc util.)
No of total instructions issued/executed:	467664066 (57.88% proc util.)
 includes 46787739 wrong-path (10.0%) insts and 0 flushed (0.0%)
	fp 2621, 0.00%
	synch 0, 0.00%
	integer 358573031, 76.67%
	load/store 109088414, 23.33%
Avg size of int IQ (before scheduling): 33.25
Avg size of fp IQ (before scheduling): 0.00
No of cycles taken:		101000000
Parallelism [ 1.684, 0.000, 1.373, 1.110,] = 4.167
 IQ conflicts: 288899 (0.29%), FQ conflicts: 0 (0.00%) 
 I reg conflicts: 22019986 (21.80%), FP reg conflicts: 0 (0.00%)
  Activelist confs: 32 (0.00%), ROB confs: 22876 (0.02%)
  Int unit conflicts: 182854295 (181.04%), FP unit conflicts: 17 (0.00%)
  Load/store unit conflicts: 11171248 (11.06%)
  MSHR conflicts: 3141313 (3.11%)
----------------------------------------
==== System-wide Cache Statistics ====
Stall for miss queue full 0 cycles (0.00%)
----------------------------------------
==== Statistics for Master ID: 0 ====
Reads: 91824566   Writes: 13089860
ICACHE: size: 64 KB assoc: 2
ICACHE: hits:57199214 misses:9677  Hit Ratio: 99.98%
DCACHE: size: 16 KB assoc: 4
DCACHE: hits:46558643 misses:1146892 writebacks:465038  Hit Ratio: 97.60%
SCACHE: size: 512 KB assoc: 2
SCACHE: hits:1001529 misses:155040  Hit Ratio: 86.59%
3CACHE: size: 4096 KB assoc: 2
3CACHE: hits:108258 misses:46782  Hit Ratio: 69.83%
3CACHE: dirty items replaced:4641
ITLB: size: 48, misses 330, miss rate 0.00%
DTLB: size: 128, misses 14455, miss rate 0.03%
Avg mem delay: 1.563 cycles
----------------------------------------
==== Statistics for Master ID: 2 ====
Reads: 46912126   Writes: 34
ICACHE: size: 64 KB assoc: 2
ICACHE: hits:41775985 misses:182  Hit Ratio: 100.00%
DCACHE: size: 16 KB assoc: 4
DCACHE: hits:1710784 misses:3425209 writebacks:12  Hit Ratio: 33.31%
SCACHE: size: 512 KB assoc: 2
SCACHE: hits:3387537 misses:37854  Hit Ratio: 98.89%
3CACHE: size: 4096 KB assoc: 2
3CACHE: hits:31929 misses:5925  Hit Ratio: 84.35%
3CACHE: dirty items replaced:1230
ITLB: size: 48, misses 4, miss rate 0.00%
DTLB: size: 128, misses 302, miss rate 0.01%
Avg mem delay: 1.563 cycles
----------------------------------------
==== Statistics for Master ID: 3 ====
Reads: 95538738   Writes: 15938420
ICACHE: size: 64 KB assoc: 2
ICACHE: hits:54694064 misses:754341  Hit Ratio: 98.64%
DCACHE: size: 16 KB assoc: 4
DCACHE: hits:54735238 misses:1293515 writebacks:427585  Hit Ratio: 97.69%
SCACHE: size: 512 KB assoc: 2
SCACHE: hits:1676831 misses:371025  Hit Ratio: 81.88%
3CACHE: size: 4096 KB assoc: 2
3CACHE: hits:292810 misses:78215  Hit Ratio: 78.92%
3CACHE: dirty items replaced:5090
ITLB: size: 48, misses 30634, miss rate 0.06%
DTLB: size: 128, misses 54979, miss rate 0.10%
Avg mem delay: 1.563 cycles
----------------------------------------
==== Global Resource Utilization ====
STASH: size: 65536 entries, full 1078395535, empty 13487095, misses 1192711, full rate 98.66
icache bank util. 0.372 0.296 0.109 0.129 0.156 0.178 0.149 0.162 
dcache bank util. 0.131 0.151 0.174 0.154 0.207 0.138 0.190 0.133 
L2 bank util. 0.047 0.048 0.048 0.048 0.047 0.045 0.046 0.047 
L1-L2 bus util. = 0.223, L3 util. = 0.013
----------------------------------------
branch prediction, hits = 26617553, misses = 4119877, hit rate = 86.60%
return_stack prediction, hits = 2501516, misses = 1460, hit rate = 99.94%
jump prediction, hits = 27066022, misses = 4361168, hit rate = 86.12%
 convert_to_mode
**** Debug Statistics at 201000000 Cycles *****
Threads: 4		Fetch Width: 8
No of useful instructions fetched:	856026224 (53.24% proc util.)
No of total instructions fetched:	1108609284 (68.94% proc util.)
 includes 35248071 misfetch (3.2%), 217334989 (19.6%) wrong-path fetches
 and 0 flushed after failed lock(0.0%)
No of useful instructions issued/executed:	856026190 (53.24% proc util.)
No of total instructions issued/executed:	950504529 (59.11% proc util.)
 includes 94478339 wrong-path (9.9%) insts and 0 flushed (0.0%)
	fp 3945, 0.00%
	synch 0, 0.00%
	integer 727852016, 76.58%
	load/store 222648568, 23.42%
Avg size of int IQ (before scheduling): 33.65
Avg size of fp IQ (before scheduling): 0.00
No of cycles taken:		201000000
Parallelism [ 1.695, 0.000, 1.375, 1.188,] = 4.259
 IQ conflicts: 497192 (0.25%), FQ conflicts: 0 (0.00%) 
 I reg conflicts: 40860149 (20.33%), FP reg conflicts: 0 (0.00%)
  Activelist confs: 169 (0.00%), ROB confs: 74492 (0.04%)
  Int unit conflicts: 394484400 (196.26%), FP unit conflicts: 24 (0.00%)
  Load/store unit conflicts: 23806723 (11.84%)
  MSHR conflicts: 7467678 (3.72%)
----------------------------------------
==== System-wide Cache Statistics ====
Stall for miss queue full 0 cycles (0.00%)
----------------------------------------
==== Statistics for Master ID: 0 ====
Reads: 183890054   Writes: 25645605
ICACHE: size: 64 KB assoc: 2
ICACHE: hits:114961617 misses:17344  Hit Ratio: 99.98%
DCACHE: size: 16 KB assoc: 4
DCACHE: hits:92218121 misses:2338577 writebacks:951248  Hit Ratio: 97.53%
SCACHE: size: 512 KB assoc: 2
SCACHE: hits:2065031 misses:290890  Hit Ratio: 87.65%
3CACHE: size: 4096 KB assoc: 2
3CACHE: hits:205899 misses:84991  Hit Ratio: 70.78%
3CACHE: dirty items replaced:11016
ITLB: size: 48, misses 566, miss rate 0.00%
DTLB: size: 128, misses 29494, miss rate 0.03%
Avg mem delay: 1.538 cycles
----------------------------------------
==== Statistics for Master ID: 2 ====
Reads: 93521138   Writes: 34
ICACHE: size: 64 KB assoc: 2
ICACHE: hits:83284774 misses:270  Hit Ratio: 100.00%
DCACHE: size: 16 KB assoc: 4
DCACHE: hits:3409896 misses:6826232 writebacks:12  Hit Ratio: 33.31%
SCACHE: size: 512 KB assoc: 2
SCACHE: hits:6750096 misses:76405  Hit Ratio: 98.88%
3CACHE: size: 4096 KB assoc: 2
3CACHE: hits:65152 misses:11253  Hit Ratio: 85.27%
3CACHE: dirty items replaced:3171
ITLB: size: 48, misses 4, miss rate 0.00%
DTLB: size: 128, misses 576, miss rate 0.01%
Avg mem delay: 1.538 cycles
----------------------------------------
==== Statistics for Master ID: 3 ====
Reads: 199701404   Writes: 33288369
ICACHE: size: 64 KB assoc: 2
ICACHE: hits:114192268 misses:1372153  Hit Ratio: 98.81%
DCACHE: size: 16 KB assoc: 4
DCACHE: hits:114912120 misses:2513232 writebacks:871606  Hit Ratio: 97.86%
SCACHE: size: 512 KB assoc: 2
SCACHE: hits:3213275 misses:672109  Hit Ratio: 82.70%
3CACHE: size: 4096 KB assoc: 2
3CACHE: hits:551374 misses:120735  Hit Ratio: 82.04%
3CACHE: dirty items replaced:16300
ITLB: size: 48, misses 52162, miss rate 0.05%
DTLB: size: 128, misses 110013, miss rate 0.09%
Avg mem delay: 1.538 cycles
----------------------------------------
==== Global Resource Utilization ====
STASH: size: 65536 entries, full 1676770632, empty 24509323, misses 2171087, full rate 98.43
icache bank util. 0.374 0.301 0.114 0.133 0.159 0.182 0.150 0.168 
dcache bank util. 0.146 0.165 0.173 0.150 0.201 0.137 0.197 0.138 
L2 bank util. 0.047 0.047 0.047 0.048 0.046 0.044 0.046 0.046 
L1-L2 bus util. = 0.222, L3 util. = 0.011
----------------------------------------
branch prediction, hits = 55639077, misses = 8316064, hit rate = 87.00%
return_stack prediction, hits = 5044758, misses = 2254, hit rate = 99.96%
jump prediction, hits = 56364245, misses = 8486087, hit rate = 86.91%
 move_by_pieces move_by_pieces_ninsns move_by_pieces_1 emit_block_move
**** Debug Statistics at 301000000 Cycles *****
Threads: 4		Fetch Width: 8
No of useful instructions fetched:	1283211596 (53.29% proc util.)
No of total instructions fetched:	1654888722 (68.72% proc util.)
 includes 50782213 misfetch (3.1%), 320894913 (19.4%) wrong-path fetches
 and 0 flushed after failed lock(0.0%)
No of useful instructions issued/executed:	1283211558 (53.29% proc util.)
No of total instructions issued/executed:	1423211783 (59.10% proc util.)
 includes 140000225 wrong-path (9.8%) insts and 0 flushed (0.0%)
	fp 5974, 0.00%
	synch 0, 0.00%
	integer 1089989691, 76.59%
	load/store 333216118, 23.41%
Avg size of int IQ (before scheduling): 33.80
Avg size of fp IQ (before scheduling): 0.00
No of cycles taken:		301000000
Parallelism [ 1.697, 0.000, 1.374, 1.192,] = 4.263
 IQ conflicts: 797868 (0.27%), FQ conflicts: 0 (0.00%) 
 I reg conflicts: 61980882 (20.59%), FP reg conflicts: 0 (0.00%)
  Activelist confs: 221 (0.00%), ROB confs: 136411 (0.05%)
  Int unit conflicts: 590108972 (196.05%), FP unit conflicts: 31 (0.00%)
  Load/store unit conflicts: 35768854 (11.88%)
  MSHR conflicts: 10524881 (3.50%)
----------------------------------------
==== System-wide Cache Statistics ====
Stall for miss queue full 0 cycles (0.00%)
----------------------------------------
==== Statistics for Master ID: 0 ====
Reads: 273700357   Writes: 38215012
ICACHE: size: 64 KB assoc: 2
ICACHE: hits:171009417 misses:26505  Hit Ratio: 99.98%
DCACHE: size: 16 KB assoc: 4
DCACHE: hits:137454954 misses:3424493 writebacks:1407910  Hit Ratio: 97.57%
SCACHE: size: 512 KB assoc: 2
SCACHE: hits:3005561 misses:445437  Hit Ratio: 87.09%
3CACHE: size: 4096 KB assoc: 2
3CACHE: hits:320262 misses:125175  Hit Ratio: 71.90%
3CACHE: dirty items replaced:26053
ITLB: size: 48, misses 873, miss rate 0.00%
DTLB: size: 128, misses 47839, miss rate 0.03%
Avg mem delay: 1.569 cycles
----------------------------------------
==== Statistics for Master ID: 2 ====
Reads: 139419380   Writes: 34
ICACHE: size: 64 KB assoc: 2
ICACHE: hits:124097023 misses:385  Hit Ratio: 100.00%
DCACHE: size: 16 KB assoc: 4
DCACHE: hits:5104501 misses:10217505 writebacks:12  Hit Ratio: 33.31%
SCACHE: size: 512 KB assoc: 2
SCACHE: hits:10097221 misses:120669  Hit Ratio: 98.82%
3CACHE: size: 4096 KB assoc: 2
3CACHE: hits:104603 misses:16066  Hit Ratio: 86.69%
3CACHE: dirty items replaced:4995
ITLB: size: 48, misses 4, miss rate 0.00%
DTLB: size: 128, misses 985, miss rate 0.01%
Avg mem delay: 1.569 cycles
----------------------------------------
==== Statistics for Master ID: 3 ====
Reads: 298710839   Writes: 50946158
ICACHE: size: 64 KB assoc: 2
ICACHE: hits:171291268 misses:1976503  Hit Ratio: 98.86%
DCACHE: size: 16 KB assoc: 4
DCACHE: hits:172412086 misses:3977140 writebacks:1433512  Hit Ratio: 97.75%
SCACHE: size: 512 KB assoc: 2
SCACHE: hits:4869909 misses:1083734  Hit Ratio: 81.80%
3CACHE: size: 4096 KB assoc: 2
3CACHE: hits:909437 misses:174297  Hit Ratio: 83.92%
3CACHE: dirty items replaced:34464
ITLB: size: 48, misses 71089, miss rate 0.04%
DTLB: size: 128, misses 177907, miss rate 0.10%
Avg mem delay: 1.569 cycles
----------------------------------------
==== Global Resource Utilization ====
STASH: size: 65536 entries, full 2255996236, empty 35681113, misses 3165280, full rate 98.31
icache bank util. 0.372 0.299 0.114 0.133 0.161 0.183 0.148 0.166 
dcache bank util. 0.143 0.156 0.172 0.149 0.202 0.137 0.200 0.149 
L2 bank util. 0.047 0.048 0.048 0.048 0.046 0.045 0.047 0.047 
L1-L2 bus util. = 0.224, L3 util. = 0.010
----------------------------------------
branch prediction, hits = 83686415, misses = 12192709, hit rate = 87.28%
return_stack prediction, hits = 7516021, misses = 3236, hit rate = 99.96%
jump prediction, hits = 85242089, misses = 12287882, hit rate = 87.40%

**** Debug Statistics at 401000000 Cycles *****
Threads: 4		Fetch Width: 8
No of useful instructions fetched:	1717767929 (53.55% proc util.)
No of total instructions fetched:	2208732408 (68.85% proc util.)
 includes 68026666 misfetch (3.1%), 422937813 (19.1%) wrong-path fetches
 and 0 flushed after failed lock(0.0%)
No of useful instructions issued/executed:	1717767880 (53.55% proc util.)
No of total instructions issued/executed:	1901997277 (59.29% proc util.)
 includes 184229397 wrong-path (9.7%) insts and 0 flushed (0.0%)
	fp 6711, 0.00%
	synch 0, 0.00%
	integer 1454301406, 76.46%
	load/store 447689160, 23.54%
Avg size of int IQ (before scheduling): 33.85
Avg size of fp IQ (before scheduling): 0.00
No of cycles taken:		401000000
Parallelism [ 1.693, 0.000, 1.368, 1.223,] = 4.284
 IQ conflicts: 1173874 (0.29%), FQ conflicts: 0 (0.00%) 
 I reg conflicts: 81959511 (20.44%), FP reg conflicts: 0 (0.00%)
  Activelist confs: 221 (0.00%), ROB confs: 203929 (0.05%)
  Int unit conflicts: 809825592 (201.95%), FP unit conflicts: 72 (0.00%)
  Load/store unit conflicts: 48269227 (12.04%)
  MSHR conflicts: 20613354 (5.14%)
----------------------------------------
==== System-wide Cache Statistics ====
Stall for miss queue full 0 cycles (0.00%)
----------------------------------------
==== Statistics for Master ID: 0 ====
Reads: 363966194   Writes: 51038512
ICACHE: size: 64 KB assoc: 2
ICACHE: hits:227400722 misses:35026  Hit Ratio: 99.98%
DCACHE: size: 16 KB assoc: 4
DCACHE: hits:183028454 misses:4540504 writebacks:1865043  Hit Ratio: 97.58%
SCACHE: size: 512 KB assoc: 2
SCACHE: hits:3975480 misses:600050  Hit Ratio: 86.89%
3CACHE: size: 4096 KB assoc: 2
3CACHE: hits:440203 misses:159847  Hit Ratio: 73.36%
3CACHE: dirty items replaced:37366
ITLB: size: 48, misses 1035, miss rate 0.00%
DTLB: size: 128, misses 65924, miss rate 0.04%
Avg mem delay: 1.589 cycles
----------------------------------------
==== Statistics for Master ID: 2 ====
Reads: 184440714   Writes: 34
ICACHE: size: 64 KB assoc: 2
ICACHE: hits:164125099 misses:399  Hit Ratio: 100.00%
DCACHE: size: 16 KB assoc: 4
DCACHE: hits:6768400 misses:13546850 writebacks:12  Hit Ratio: 33.32%
SCACHE: size: 512 KB assoc: 2
SCACHE: hits:13370997 misses:176252  Hit Ratio: 98.70%
3CACHE: size: 4096 KB assoc: 2
3CACHE: hits:155417 misses:20835  Hit Ratio: 88.18%
3CACHE: dirty items replaced:6717
ITLB: size: 48, misses 4, miss rate 0.00%
DTLB: size: 128, misses 1439, miss rate 0.01%
Avg mem delay: 1.589 cycles
----------------------------------------
==== Statistics for Master ID: 3 ====
Reads: 403372223   Writes: 69659637
ICACHE: size: 64 KB assoc: 2
ICACHE: hits:231644677 misses:2455973  Hit Ratio: 98.95%
DCACHE: size: 16 KB assoc: 4
DCACHE: hits:233123796 misses:5807414 writebacks:2225007  Hit Ratio: 97.57%
SCACHE: size: 512 KB assoc: 2
SCACHE: hits:6761426 misses:1501961  Hit Ratio: 81.82%
3CACHE: size: 4096 KB assoc: 2
3CACHE: hits:1285859 misses:216102  Hit Ratio: 85.61%
3CACHE: dirty items replaced:51005
ITLB: size: 48, misses 71942, miss rate 0.03%
DTLB: size: 128, misses 243096, miss rate 0.10%
Avg mem delay: 1.589 cycles
----------------------------------------
==== Global Resource Utilization ====
STASH: size: 65536 entries, full 2846114221, empty 44519991, misses 3968007, full rate 98.32
icache bank util. 0.369 0.299 0.113 0.131 0.165 0.187 0.148 0.168 
dcache bank util. 0.150 0.152 0.171 0.149 0.203 0.136 0.205 0.156 
L2 bank util. 0.048 0.049 0.049 0.049 0.047 0.046 0.048 0.048 
L1-L2 bus util. = 0.228, L3 util. = 0.010
----------------------------------------
branch prediction, hits = 113875187, misses = 16087003, hit rate = 87.62%
return_stack prediction, hits = 9920588, misses = 3446, hit rate = 99.97%
jump prediction, hits = 115705775, misses = 16370007, hit rate = 87.61%

**** Early Exiting at 464954590 Cycles *****
========================================
 SMTSIM Global Statistics
========================================
Threads: 4		Fetch Width: 8
No of useful instructions fetched:	2000000117 (53.77% proc util.)
No of total instructions fetched:	2559397670 (68.81% proc util.)
 includes 74667650 misfetch (2.9%), 484729903 (18.9%) wrong-path fetches
 and 0 flushed after failed lock(0.0%)
No of useful instructions issued/executed:	2000000058 (53.77% proc util.)
No of total instructions issued/executed:	2210334417 (59.42% proc util.)
 includes 210334359 wrong-path (9.5%) insts and 0 flushed (0.0%)
	fp 9883, 0.00%
	synch 0, 0.00%
	integer 1693772406, 76.63%
	load/store 516552128, 23.37%
Avg size of int IQ (before scheduling): 33.95
Avg size of fp IQ (before scheduling): 0.00
No of cycles taken:		464954590
Parallelism [ 1.696, 0.000, 1.370, 1.235,] = 4.301
 IQ conflicts: 1302410 (0.28%), FQ conflicts: 0 (0.00%) 
 I reg conflicts: 95500630 (20.54%), FP reg conflicts: 0 (0.00%)
  Activelist confs: 221 (0.00%), ROB confs: 285057 (0.06%)
  Int unit conflicts: 951827542 (204.71%), FP unit conflicts: 72 (0.00%)
  Load/store unit conflicts: 55020128 (11.83%)
  MSHR conflicts: 23809395 (5.12%)
----------------------------------------
==== System-wide Cache Statistics ====
Stall for miss queue full 0 cycles (0.00%)
----------------------------------------
==== Statistics for Master ID: 0 ====
Reads: 422700484   Writes: 59177723
ICACHE: size: 64 KB assoc: 2
ICACHE: hits:263985744 misses:38759  Hit Ratio: 99.99%
DCACHE: size: 16 KB assoc: 4
DCACHE: hits:212537403 misses:5316301 writebacks:2180178  Hit Ratio: 97.56%
SCACHE: size: 512 KB assoc: 2
SCACHE: hits:4668155 misses:686905  Hit Ratio: 87.17%
3CACHE: size: 4096 KB assoc: 2
3CACHE: hits:504833 misses:182072  Hit Ratio: 73.49%
3CACHE: dirty items replaced:46125
ITLB: size: 48, misses 1251, miss rate 0.00%
DTLB: size: 128, misses 75486, miss rate 0.03%
Avg mem delay: 1.587 cycles
----------------------------------------
==== Statistics for Master ID: 2 ====
Reads: 214484630   Writes: 35
ICACHE: size: 64 KB assoc: 2
ICACHE: hits:190884583 misses:511  Hit Ratio: 100.00%
DCACHE: size: 16 KB assoc: 4
DCACHE: hits:7862517 misses:15737054 writebacks:13  Hit Ratio: 33.32%
SCACHE: size: 512 KB assoc: 2
SCACHE: hits:15545257 misses:192308  Hit Ratio: 98.78%
3CACHE: size: 4096 KB assoc: 2
3CACHE: hits:167911 misses:24397  Hit Ratio: 87.31%
3CACHE: dirty items replaced:8297
ITLB: size: 48, misses 4, miss rate 0.00%
DTLB: size: 128, misses 1640, miss rate 0.01%
Avg mem delay: 1.587 cycles
----------------------------------------
==== Statistics for Master ID: 3 ====
Reads: 463906438   Writes: 79653445
ICACHE: size: 64 KB assoc: 2
ICACHE: hits:266474164 misses:2923611  Hit Ratio: 98.91%
DCACHE: size: 16 KB assoc: 4
DCACHE: hits:267668210 misses:6493898 writebacks:2603487  Hit Ratio: 97.63%
SCACHE: size: 512 KB assoc: 2
SCACHE: hits:7714363 misses:1703146  Hit Ratio: 81.92%
3CACHE: size: 4096 KB assoc: 2
3CACHE: hits:1461215 misses:241931  Hit Ratio: 85.80%
3CACHE: dirty items replaced:64442
ITLB: size: 48, misses 108075, miss rate 0.04%
DTLB: size: 128, misses 282153, miss rate 0.10%
Avg mem delay: 1.587 cycles
----------------------------------------
==== Global Resource Utilization ====
STASH: size: 65536 entries, full 3217967768, empty 51557918, misses 4565974, full rate 98.29
icache bank util. 0.368 0.300 0.114 0.132 0.163 0.186 0.146 0.169 
dcache bank util. 0.150 0.152 0.172 0.150 0.201 0.134 0.204 0.155 
L2 bank util. 0.048 0.049 0.049 0.049 0.047 0.046 0.047 0.048 
L1-L2 bus util. = 0.228, L3 util. = 0.010
----------------------------------------
branch prediction, hits = 133044313, misses = 18546240, hit rate = 87.77%
return_stack prediction, hits = 11267815, misses = 4180, hit rate = 99.96%
jump prediction, hits = 135529304, misses = 18068502, hit rate = 88.24%
total IPC 4.301

=== Results saved to: ./results/gzip-source_2_cacherand_1_gcc-expr_1.txt ===
