===== 执行信息 =====
Cache目录：smtc64
执行命令：./smtsim ../cacherand.arg2 ../gzip-program.arg ../smalltrans.arg
执行时间：2026-04-17 18:39:30
返回码：0
===== 输出内容 =====
SMTCache
Process 0, Thread 0: cacherand
Process 0, Thread 1: cacherand
Process 2, Thread 2: gzip-program
Process 3, Thread 3: smalltrans

**** Debug Statistics at 1000000 Cycles *****
Threads: 4		Fetch Width: 8
No of useful instructions fetched:	2260241 (28.25% proc util.)
No of total instructions fetched:	2304816 (28.81% proc util.)
 includes 1010 misfetch (0.0%), 43565 (1.9%) wrong-path fetches
 and 0 flushed after failed lock(0.0%)
No of useful instructions issued/executed:	2260192 (28.25% proc util.)
No of total instructions issued/executed:	2272742 (28.41% proc util.)
 includes 12550 wrong-path (0.6%) insts and 0 flushed (0.0%)
	fp 22, 0.00%
	synch 0, 0.00%
	integer 1625796, 71.53%
	load/store 646924, 28.46%
Avg size of int IQ (before scheduling): 30.20
Avg size of fp IQ (before scheduling): 0.00
No of cycles taken:		1000000
Parallelism [ 0.966, 0.000, 0.142, 1.152,] = 2.260
 IQ conflicts: 817 (0.08%), FQ conflicts: 0 (0.00%) 
 I reg conflicts: 696130 (69.61%), FP reg conflicts: 0 (0.00%)
  Activelist confs: 0 (0.00%), ROB confs: 0 (0.00%)
  Int unit conflicts: 121215 (12.12%), FP unit conflicts: 0 (0.00%)
  Load/store unit conflicts: 3471 (0.35%)
  MSHR conflicts: 55177 (5.52%)
----------------------------------------
==== System-wide Cache Statistics ====
Stall for miss queue full 0 cycles (0.00%)
----------------------------------------
==== Statistics for Master ID: 0 ====
Reads: 289738   Writes: 34
ICACHE: size: 64 KB assoc: 2
ICACHE: hits:253890 misses:23  Hit Ratio: 99.99%
DCACHE: size: 16 KB assoc: 4
DCACHE: hits:12012 misses:23847 writebacks:12  Hit Ratio: 33.50%
SCACHE: size: 512 KB assoc: 2
SCACHE: hits:21886 misses:1984  Hit Ratio: 91.69%
3CACHE: size: 4096 KB assoc: 2
3CACHE: hits:1165 misses:819  Hit Ratio: 58.72%
3CACHE: dirty items replaced:0
ITLB: size: 48, misses 4, miss rate 0.00%
DTLB: size: 128, misses 34, miss rate 0.09%
Avg mem delay: 16.850 cycles
----------------------------------------
==== Statistics for Master ID: 2 ====
Reads: 94193   Writes: 23102
ICACHE: size: 64 KB assoc: 2
ICACHE: hits:48942 misses:196  Hit Ratio: 99.60%
DCACHE: size: 16 KB assoc: 4
DCACHE: hits:35667 misses:32490 writebacks:22194  Hit Ratio: 52.33%
SCACHE: size: 512 KB assoc: 2
SCACHE: hits:10145 misses:22541  Hit Ratio: 31.04%
3CACHE: size: 4096 KB assoc: 2
3CACHE: hits:0 misses:22541  Hit Ratio: 0.00%
3CACHE: dirty items replaced:0
ITLB: size: 48, misses 18, miss rate 0.04%
DTLB: size: 128, misses 5568, miss rate 8.17%
Avg mem delay: 16.850 cycles
----------------------------------------
==== Statistics for Master ID: 3 ====
Reads: 570010   Writes: 272280
ICACHE: size: 64 KB assoc: 2
ICACHE: hits:299376 misses:9  Hit Ratio: 100.00%
DCACHE: size: 16 KB assoc: 4
DCACHE: hits:526601 misses:16304 writebacks:15793  Hit Ratio: 97.00%
SCACHE: size: 512 KB assoc: 2
SCACHE: hits:14894 misses:1419  Hit Ratio: 91.30%
3CACHE: size: 4096 KB assoc: 2
3CACHE: hits:997 misses:422  Hit Ratio: 70.26%
3CACHE: dirty items replaced:0
ITLB: size: 48, misses 1, miss rate 0.00%
DTLB: size: 128, misses 63, miss rate 0.01%
Avg mem delay: 16.850 cycles
----------------------------------------
==== Global Resource Utilization ====
STASH: size: 65536 entries, full 2314156, empty 2428, misses 216, full rate 99.89
icache bank util. 0.161 0.107 0.000 0.000 0.000 0.009 0.158 0.167 
dcache bank util. 0.094 0.094 0.115 0.093 0.093 0.094 0.302 0.094 
L2 bank util. 0.032 0.032 0.031 0.032 0.032 0.032 0.358 0.032 
L1-L2 bus util. = 0.333, L3 util. = 0.238
----------------------------------------
branch prediction, hits = 184194, misses = 3611, hit rate = 98.08%
return_stack prediction, hits = 87, misses = 9, hit rate = 90.62%
jump prediction, hits = 187544, misses = 269, hit rate = 99.86%

**** Debug Statistics at 101000000 Cycles *****
Threads: 4		Fetch Width: 8
No of useful instructions fetched:	224074122 (27.73% proc util.)
No of total instructions fetched:	227231291 (28.12% proc util.)
 includes 1227 misfetch (0.0%), 3155942 (1.4%) wrong-path fetches
 and 0 flushed after failed lock(0.0%)
No of useful instructions issued/executed:	224074092 (27.73% proc util.)
No of total instructions issued/executed:	224869768 (27.83% proc util.)
 includes 795676 wrong-path (0.4%) insts and 0 flushed (0.0%)
	fp 36, 0.00%
	synch 0, 0.00%
	integer 161019849, 71.61%
	load/store 63849883, 28.39%
Avg size of int IQ (before scheduling): 20.53
Avg size of fp IQ (before scheduling): 0.00
No of cycles taken:		101000000
Parallelism [ 0.844, 0.000, 0.333, 1.042,] = 2.219
 IQ conflicts: 867 (0.00%), FQ conflicts: 0 (0.00%) 
 I reg conflicts: 70628437 (69.93%), FP reg conflicts: 0 (0.00%)
  Activelist confs: 0 (0.00%), ROB confs: 0 (0.00%)
  Int unit conflicts: 20592312 (20.39%), FP unit conflicts: 0 (0.00%)
  Load/store unit conflicts: 284585 (0.28%)
  MSHR conflicts: 869505 (0.86%)
----------------------------------------
==== System-wide Cache Statistics ====
Stall for miss queue full 0 cycles (0.00%)
----------------------------------------
==== Statistics for Master ID: 0 ====
Reads: 24050108   Writes: 34
ICACHE: size: 64 KB assoc: 2
ICACHE: hits:20892888 misses:23  Hit Ratio: 100.00%
DCACHE: size: 16 KB assoc: 4
DCACHE: hits:1051176 misses:2106055 writebacks:12  Hit Ratio: 33.29%
SCACHE: size: 512 KB assoc: 2
SCACHE: hits:1991324 misses:114754  Hit Ratio: 94.55%
3CACHE: size: 4096 KB assoc: 2
3CACHE: hits:113697 misses:1057  Hit Ratio: 99.08%
3CACHE: dirty items replaced:0
ITLB: size: 48, misses 4, miss rate 0.00%
DTLB: size: 128, misses 141, miss rate 0.00%
Avg mem delay: 5.075 cycles
----------------------------------------
==== Statistics for Master ID: 2 ====
Reads: 15614798   Writes: 4950685
ICACHE: size: 64 KB assoc: 2
ICACHE: hits:10479100 misses:244  Hit Ratio: 100.00%
DCACHE: size: 16 KB assoc: 4
DCACHE: hits:8623497 misses:1462642 writebacks:779944  Hit Ratio: 85.50%
SCACHE: size: 512 KB assoc: 2
SCACHE: hits:86882 misses:1376003  Hit Ratio: 5.94%
3CACHE: size: 4096 KB assoc: 2
3CACHE: hits:0 misses:1376003  Hit Ratio: 0.00%
3CACHE: dirty items replaced:0
ITLB: size: 48, misses 19, miss rate 0.00%
DTLB: size: 128, misses 64769, miss rate 0.64%
Avg mem delay: 5.075 cycles
----------------------------------------
==== Statistics for Master ID: 3 ====
Reads: 54855696   Writes: 25116218
ICACHE: size: 64 KB assoc: 2
ICACHE: hits:29365395 misses:9  Hit Ratio: 100.00%
DCACHE: size: 16 KB assoc: 4
DCACHE: hits:49105485 misses:1501025 writebacks:1479633  Hit Ratio: 97.03%
SCACHE: size: 512 KB assoc: 2
SCACHE: hits:1426999 misses:74035  Hit Ratio: 95.07%
3CACHE: size: 4096 KB assoc: 2
3CACHE: hits:73356 misses:679  Hit Ratio: 99.08%
3CACHE: dirty items replaced:0
ITLB: size: 48, misses 1, miss rate 0.00%
DTLB: size: 128, misses 392, miss rate 0.00%
Avg mem delay: 5.075 cycles
----------------------------------------
==== Global Resource Utilization ====
STASH: size: 65536 entries, full 228615974, empty 2916, misses 257, full rate 100.00
icache bank util. 0.130 0.085 0.000 0.000 0.000 0.065 0.159 0.163 
dcache bank util. 0.104 0.104 0.105 0.103 0.104 0.104 0.110 0.115 
L2 bank util. 0.044 0.044 0.044 0.044 0.044 0.045 0.053 0.062 
L1-L2 bus util. = 0.218, L3 util. = 0.136
----------------------------------------
branch prediction, hits = 20857101, misses = 308757, hit rate = 98.54%
return_stack prediction, hits = 224, misses = 10, hit rate = 95.73%
jump prediction, hits = 21165558, misses = 333, hit rate = 100.00%

**** Debug Statistics at 201000000 Cycles *****
Threads: 4		Fetch Width: 8
No of useful instructions fetched:	601222767 (37.39% proc util.)
No of total instructions fetched:	632972336 (39.36% proc util.)
 includes 2856 misfetch (0.0%), 31746713 (5.0%) wrong-path fetches
 and 0 flushed after failed lock(0.0%)
No of useful instructions issued/executed:	601222727 (37.39% proc util.)
No of total instructions issued/executed:	611785150 (38.05% proc util.)
 includes 10562423 wrong-path (1.7%) insts and 0 flushed (0.0%)
	fp 36, 0.00%
	synch 0, 0.00%
	integer 434535155, 71.03%
	load/store 177249959, 28.97%
Avg size of int IQ (before scheduling): 24.32
Avg size of fp IQ (before scheduling): 0.00
No of cycles taken:		201000000
Parallelism [ 0.967, 0.000, 0.682, 1.342,] = 2.991
 IQ conflicts: 149750 (0.07%), FQ conflicts: 0 (0.00%) 
 I reg conflicts: 114559710 (56.99%), FP reg conflicts: 0 (0.00%)
  Activelist confs: 0 (0.00%), ROB confs: 143 (0.00%)
  Int unit conflicts: 209088642 (104.02%), FP unit conflicts: 0 (0.00%)
  Load/store unit conflicts: 5095863 (2.54%)
  MSHR conflicts: 2622885 (1.30%)
----------------------------------------
==== System-wide Cache Statistics ====
Stall for miss queue full 0 cycles (0.00%)
----------------------------------------
==== Statistics for Master ID: 0 ====
Reads: 55761229   Writes: 34
ICACHE: size: 64 KB assoc: 2
ICACHE: hits:48563544 misses:23  Hit Ratio: 100.00%
DCACHE: size: 16 KB assoc: 4
DCACHE: hits:2397303 misses:4800393 writebacks:12  Hit Ratio: 33.31%
SCACHE: size: 512 KB assoc: 2
SCACHE: hits:4603235 misses:197180  Hit Ratio: 95.89%
3CACHE: size: 4096 KB assoc: 2
3CACHE: hits:195737 misses:1443  Hit Ratio: 99.27%
3CACHE: dirty items replaced:5
ITLB: size: 48, misses 4, miss rate 0.00%
DTLB: size: 128, misses 160, miss rate 0.00%
Avg mem delay: 3.536 cycles
----------------------------------------
==== Statistics for Master ID: 2 ====
Reads: 70048603   Writes: 13856843
ICACHE: size: 64 KB assoc: 2
ICACHE: hits:43909729 misses:515  Hit Ratio: 100.00%
DCACHE: size: 16 KB assoc: 4
DCACHE: hits:37056673 misses:2938529 writebacks:1412170  Hit Ratio: 92.65%
SCACHE: size: 512 KB assoc: 2
SCACHE: hits:795679 misses:2143363  Hit Ratio: 27.07%
3CACHE: size: 4096 KB assoc: 2
3CACHE: hits:23833 misses:2119530  Hit Ratio: 1.11%
3CACHE: dirty items replaced:147
ITLB: size: 48, misses 26, miss rate 0.00%
DTLB: size: 128, misses 90863, miss rate 0.23%
Avg mem delay: 3.536 cycles
----------------------------------------
==== Statistics for Master ID: 3 ====
Reads: 145698472   Writes: 64468114
ICACHE: size: 64 KB assoc: 2
ICACHE: hits:80109522 misses:9  Hit Ratio: 100.00%
DCACHE: size: 16 KB assoc: 4
DCACHE: hits:126202695 misses:3854360 writebacks:3800733  Hit Ratio: 97.04%
SCACHE: size: 512 KB assoc: 2
SCACHE: hits:3730831 misses:123538  Hit Ratio: 96.79%
3CACHE: size: 4096 KB assoc: 2
3CACHE: hits:122605 misses:933  Hit Ratio: 99.24%
3CACHE: dirty items replaced:0
ITLB: size: 48, misses 1, miss rate 0.00%
DTLB: size: 128, misses 393, miss rate 0.00%
Avg mem delay: 3.536 cycles
----------------------------------------
==== Global Resource Utilization ====
STASH: size: 65536 entries, full 648520626, empty 6710, misses 527, full rate 100.00
icache bank util. 0.161 0.110 0.009 0.013 0.022 0.088 0.229 0.227 
dcache bank util. 0.134 0.141 0.142 0.138 0.147 0.133 0.154 0.144 
L2 bank util. 0.050 0.050 0.050 0.050 0.050 0.050 0.055 0.060 
L1-L2 bus util. = 0.251, L3 util. = 0.106
----------------------------------------
branch prediction, hits = 52689788, misses = 1679364, hit rate = 96.91%
return_stack prediction, hits = 554532, misses = 10, hit rate = 100.00%
jump prediction, hits = 55774500, misses = 858, hit rate = 100.00%

**** Debug Statistics at 301000000 Cycles *****
Threads: 4		Fetch Width: 8
No of useful instructions fetched:	1126789526 (46.79% proc util.)
No of total instructions fetched:	1202724075 (49.95% proc util.)
 includes 4775 misfetch (0.0%), 75929774 (6.3%) wrong-path fetches
 and 0 flushed after failed lock(0.0%)
No of useful instructions issued/executed:	1126789471 (46.79% proc util.)
No of total instructions issued/executed:	1151326629 (47.81% proc util.)
 includes 24537158 wrong-path (2.1%) insts and 0 flushed (0.0%)
	fp 36, 0.00%
	synch 0, 0.00%
	integer 815807627, 70.86%
	load/store 335518966, 29.14%
Avg size of int IQ (before scheduling): 28.76
Avg size of fp IQ (before scheduling): 0.00
No of cycles taken:		301000000
Parallelism [ 1.098, 0.000, 1.017, 1.629,] = 3.743
 IQ conflicts: 493905 (0.16%), FQ conflicts: 0 (0.00%) 
 I reg conflicts: 135113585 (44.89%), FP reg conflicts: 0 (0.00%)
  Activelist confs: 0 (0.00%), ROB confs: 143 (0.00%)
  Int unit conflicts: 568839624 (188.98%), FP unit conflicts: 0 (0.00%)
  Load/store unit conflicts: 14612551 (4.85%)
  MSHR conflicts: 3204685 (1.06%)
----------------------------------------
==== System-wide Cache Statistics ====
Stall for miss queue full 0 cycles (0.00%)
----------------------------------------
==== Statistics for Master ID: 0 ====
Reads: 96678002   Writes: 34
ICACHE: size: 64 KB assoc: 2
ICACHE: hits:84434570 misses:23  Hit Ratio: 100.00%
DCACHE: size: 16 KB assoc: 4
DCACHE: hits:4077577 misses:8165866 writebacks:12  Hit Ratio: 33.30%
SCACHE: size: 512 KB assoc: 2
SCACHE: hits:7940800 misses:225088  Hit Ratio: 97.24%
3CACHE: size: 4096 KB assoc: 2
3CACHE: hits:223607 misses:1481  Hit Ratio: 99.34%
3CACHE: dirty items replaced:5
ITLB: size: 48, misses 4, miss rate 0.00%
DTLB: size: 128, misses 160, miss rate 0.00%
Avg mem delay: 2.764 cycles
----------------------------------------
==== Statistics for Master ID: 2 ====
Reads: 156625120   Writes: 26242303
ICACHE: size: 64 KB assoc: 2
ICACHE: hits:96124173 misses:515  Hit Ratio: 100.00%
DCACHE: size: 16 KB assoc: 4
DCACHE: hits:82741419 misses:4001316 writebacks:1869936  Hit Ratio: 95.39%
SCACHE: size: 512 KB assoc: 2
SCACHE: hits:1798820 misses:2203011  Hit Ratio: 44.95%
3CACHE: size: 4096 KB assoc: 2
3CACHE: hits:61954 misses:2141057  Hit Ratio: 2.81%
3CACHE: dirty items replaced:147
ITLB: size: 48, misses 26, miss rate 0.00%
DTLB: size: 128, misses 91255, miss rate 0.11%
Avg mem delay: 2.764 cycles
----------------------------------------
==== Statistics for Master ID: 3 ====
Reads: 269602507   Writes: 117170449
ICACHE: size: 64 KB assoc: 2
ICACHE: hits:150240167 misses:9  Hit Ratio: 100.00%
DCACHE: size: 16 KB assoc: 4
DCACHE: hits:229526356 misses:7006424 writebacks:6909869  Hit Ratio: 97.04%
SCACHE: size: 512 KB assoc: 2
SCACHE: hits:6868287 misses:138146  Hit Ratio: 98.03%
3CACHE: size: 4096 KB assoc: 2
3CACHE: hits:137212 misses:934  Hit Ratio: 99.32%
3CACHE: dirty items replaced:0
ITLB: size: 48, misses 1, miss rate 0.00%
DTLB: size: 128, misses 393, miss rate 0.00%
Avg mem delay: 2.764 cycles
----------------------------------------
==== Global Resource Utilization ====
STASH: size: 65536 entries, full 1243510719, empty 6758, misses 528, full rate 100.00
icache bank util. 0.194 0.135 0.017 0.026 0.042 0.096 0.297 0.292 
dcache bank util. 0.161 0.172 0.177 0.168 0.191 0.158 0.194 0.172 
L2 bank util. 0.053 0.054 0.053 0.054 0.054 0.054 0.057 0.062 
L1-L2 bus util. = 0.279, L3 util. = 0.071
----------------------------------------
branch prediction, hits = 94436813, misses = 3706333, hit rate = 96.22%
return_stack prediction, hits = 1663827, misses = 10, hit rate = 100.00%
jump prediction, hits = 102458498, misses = 1497, hit rate = 100.00%

**** Debug Statistics at 401000000 Cycles *****
Threads: 4		Fetch Width: 8
No of useful instructions fetched:	1647102419 (51.34% proc util.)
No of total instructions fetched:	1769847338 (55.17% proc util.)
 includes 6584 misfetch (0.0%), 122738335 (6.9%) wrong-path fetches
 and 0 flushed after failed lock(0.0%)
No of useful instructions issued/executed:	1647102378 (51.34% proc util.)
No of total instructions issued/executed:	1687902711 (52.62% proc util.)
 includes 40800333 wrong-path (2.4%) insts and 0 flushed (0.0%)
	fp 36, 0.00%
	synch 0, 0.00%
	integer 1193823001, 70.73%
	load/store 494079674, 29.27%
Avg size of int IQ (before scheduling): 30.85
Avg size of fp IQ (before scheduling): 0.00
No of cycles taken:		401000000
Parallelism [ 1.163, 0.000, 1.173, 1.772,] = 4.107
 IQ conflicts: 805190 (0.20%), FQ conflicts: 0 (0.00%) 
 I reg conflicts: 155862956 (38.87%), FP reg conflicts: 0 (0.00%)
  Activelist confs: 0 (0.00%), ROB confs: 143 (0.00%)
  Int unit conflicts: 918280860 (229.00%), FP unit conflicts: 0 (0.00%)
  Load/store unit conflicts: 24214451 (6.04%)
  MSHR conflicts: 3718418 (0.93%)
----------------------------------------
==== System-wide Cache Statistics ====
Stall for miss queue full 0 cycles (0.00%)
----------------------------------------
==== Statistics for Master ID: 0 ====
Reads: 137407025   Writes: 34
ICACHE: size: 64 KB assoc: 2
ICACHE: hits:120136115 misses:23  Hit Ratio: 100.00%
DCACHE: size: 16 KB assoc: 4
DCACHE: hits:5754039 misses:11516882 writebacks:12  Hit Ratio: 33.32%
SCACHE: size: 512 KB assoc: 2
SCACHE: hits:11261245 misses:255660  Hit Ratio: 97.78%
3CACHE: size: 4096 KB assoc: 2
3CACHE: hits:253991 misses:1669  Hit Ratio: 99.35%
3CACHE: dirty items replaced:17
ITLB: size: 48, misses 4, miss rate 0.00%
DTLB: size: 128, misses 160, miss rate 0.00%
Avg mem delay: 2.500 cycles
----------------------------------------
==== Statistics for Master ID: 2 ====
Reads: 243282247   Writes: 38965412
ICACHE: size: 64 KB assoc: 2
ICACHE: hits:148317322 misses:515  Hit Ratio: 100.00%
DCACHE: size: 16 KB assoc: 4
DCACHE: hits:128619069 misses:5310753 writebacks:2425443  Hit Ratio: 96.03%
SCACHE: size: 512 KB assoc: 2
SCACHE: hits:3046115 misses:2265153  Hit Ratio: 57.35%
3CACHE: size: 4096 KB assoc: 2
3CACHE: hits:102349 misses:2162804  Hit Ratio: 4.52%
3CACHE: dirty items replaced:475
ITLB: size: 48, misses 26, miss rate 0.00%
DTLB: size: 128, misses 91615, miss rate 0.07%
Avg mem delay: 2.500 cycles
----------------------------------------
==== Statistics for Master ID: 3 ====
Reads: 393306215   Writes: 169809029
ICACHE: size: 64 KB assoc: 2
ICACHE: hits:220236313 misses:9  Hit Ratio: 100.00%
DCACHE: size: 16 KB assoc: 4
DCACHE: hits:332723869 misses:10155053 writebacks:10015516  Hit Ratio: 97.04%
SCACHE: size: 512 KB assoc: 2
SCACHE: hits:10000532 misses:154530  Hit Ratio: 98.48%
3CACHE: size: 4096 KB assoc: 2
3CACHE: hits:153595 misses:935  Hit Ratio: 99.39%
3CACHE: dirty items replaced:1
ITLB: size: 48, misses 1, miss rate 0.00%
DTLB: size: 128, misses 393, miss rate 0.00%
Avg mem delay: 2.500 cycles
----------------------------------------
==== Global Resource Utilization ====
STASH: size: 65536 entries, full 1836831776, empty 6769, misses 529, full rate 100.00
icache bank util. 0.210 0.148 0.021 0.032 0.053 0.099 0.331 0.324 
dcache bank util. 0.175 0.188 0.195 0.183 0.214 0.171 0.215 0.185 
L2 bank util. 0.056 0.056 0.055 0.056 0.056 0.056 0.058 0.063 
L1-L2 bus util. = 0.295, L3 util. = 0.054
----------------------------------------
branch prediction, hits = 135413030, misses = 5796534, hit rate = 95.90%
return_stack prediction, hits = 2795961, misses = 10, hit rate = 100.00%
jump prediction, hits = 148534698, misses = 2168, hit rate = 100.00%

**** Early Exiting at 468645463 Cycles *****
========================================
 SMTSIM Global Statistics
========================================
Threads: 4		Fetch Width: 8
No of useful instructions fetched:	2000000107 (53.35% proc util.)
No of total instructions fetched:	2154538182 (57.47% proc util.)
 includes 7834 misfetch (0.0%), 154530241 (7.2%) wrong-path fetches
 and 0 flushed after failed lock(0.0%)
No of useful instructions issued/executed:	2000000051 (53.35% proc util.)
No of total instructions issued/executed:	2051650931 (54.72% proc util.)
 includes 51650880 wrong-path (2.5%) insts and 0 flushed (0.0%)
	fp 36, 0.00%
	synch 0, 0.00%
	integer 1450457932, 70.70%
	load/store 601192963, 29.30%
Avg size of int IQ (before scheduling): 31.78
Avg size of fp IQ (before scheduling): 0.00
No of cycles taken:		468645463
Parallelism [ 1.191, 0.000, 1.242, 1.834,] = 4.268
 IQ conflicts: 1018721 (0.22%), FQ conflicts: 0 (0.00%) 
 I reg conflicts: 169777152 (36.23%), FP reg conflicts: 0 (0.00%)
  Activelist confs: 0 (0.00%), ROB confs: 143 (0.00%)
  Int unit conflicts: 1156247101 (246.72%), FP unit conflicts: 0 (0.00%)
  Load/store unit conflicts: 30621532 (6.53%)
  MSHR conflicts: 4013360 (0.86%)
----------------------------------------
==== System-wide Cache Statistics ====
Stall for miss queue full 0 cycles (0.00%)
----------------------------------------
==== Statistics for Master ID: 0 ====
Reads: 165006025   Writes: 34
ICACHE: size: 64 KB assoc: 2
ICACHE: hits:144329191 misses:23  Hit Ratio: 100.00%
DCACHE: size: 16 KB assoc: 4
DCACHE: hits:6888927 misses:13787918 writebacks:12  Hit Ratio: 33.32%
SCACHE: size: 512 KB assoc: 2
SCACHE: hits:13512802 misses:275138  Hit Ratio: 98.00%
3CACHE: size: 4096 KB assoc: 2
3CACHE: hits:273445 misses:1693  Hit Ratio: 99.38%
3CACHE: dirty items replaced:17
ITLB: size: 48, misses 4, miss rate 0.00%
DTLB: size: 128, misses 160, miss rate 0.00%
Avg mem delay: 2.401 cycles
----------------------------------------
==== Statistics for Master ID: 2 ====
Reads: 302009232   Writes: 47344819
ICACHE: size: 64 KB assoc: 2
ICACHE: hits:183741752 misses:515  Hit Ratio: 100.00%
DCACHE: size: 16 KB assoc: 4
DCACHE: hits:159442570 misses:6169214 writebacks:2776603  Hit Ratio: 96.27%
SCACHE: size: 512 KB assoc: 2
SCACHE: hits:3864781 misses:2304948  Hit Ratio: 62.64%
3CACHE: size: 4096 KB assoc: 2
3CACHE: hits:128159 misses:2176789  Hit Ratio: 5.56%
3CACHE: dirty items replaced:475
ITLB: size: 48, misses 26, miss rate 0.00%
DTLB: size: 128, misses 91852, miss rate 0.06%
Avg mem delay: 2.401 cycles
----------------------------------------
==== Statistics for Master ID: 3 ====
Reads: 477106359   Writes: 205460206
ICACHE: size: 64 KB assoc: 2
ICACHE: hits:267662232 misses:9  Hit Ratio: 100.00%
DCACHE: size: 16 KB assoc: 4
DCACHE: hits:402617479 misses:12286845 writebacks:12118706  Hit Ratio: 97.04%
SCACHE: size: 512 KB assoc: 2
SCACHE: hits:12121883 misses:164971  Hit Ratio: 98.66%
3CACHE: size: 4096 KB assoc: 2
3CACHE: hits:164036 misses:935  Hit Ratio: 99.43%
3CACHE: dirty items replaced:1
ITLB: size: 48, misses 1, miss rate 0.00%
DTLB: size: 128, misses 393, miss rate 0.00%
Avg mem delay: 2.401 cycles
----------------------------------------
==== Global Resource Utilization ====
STASH: size: 65536 entries, full 2239223182, empty 6769, misses 529, full rate 100.00
icache bank util. 0.217 0.154 0.022 0.035 0.058 0.101 0.346 0.338 
dcache bank util. 0.181 0.195 0.203 0.190 0.223 0.177 0.224 0.192 
L2 bank util. 0.057 0.057 0.056 0.057 0.057 0.057 0.059 0.063 
L1-L2 bus util. = 0.302, L3 util. = 0.047
----------------------------------------
branch prediction, hits = 163371290, misses = 7225506, hit rate = 95.76%
return_stack prediction, hits = 3555845, misses = 10, hit rate = 100.00%
jump prediction, hits = 179928524, misses = 2622, hit rate = 100.00%
total IPC 4.268

=== Results saved to: ./results/cacherand_2_gzip-program_1_smalltrans_1.txt ===
