===== 执行信息 =====
Cache目录：smtc64
执行命令：./smtsim ../smalltrans.arg2 ../gcc-scilab.arg ../cacherand.arg
执行时间：2026-04-17 18:39:58
返回码：0
===== 输出内容 =====
SMTCache
Process 0, Thread 0: smalltrans
Process 0, Thread 1: smalltrans
Process 2, Thread 2: gcc-scilab
Process 3, Thread 3: cacherand

**** Debug Statistics at 1000000 Cycles *****
Threads: 4		Fetch Width: 8
No of useful instructions fetched:	3980666 (49.76% proc util.)
No of total instructions fetched:	4300432 (53.76% proc util.)
 includes 19967 misfetch (0.5%), 299799 (7.0%) wrong-path fetches
 and 0 flushed after failed lock(0.0%)
No of useful instructions issued/executed:	3980619 (49.76% proc util.)
No of total instructions issued/executed:	4081458 (51.02% proc util.)
 includes 100839 wrong-path (2.5%) insts and 0 flushed (0.0%)
	fp 82, 0.00%
	synch 0, 0.00%
	integer 2836633, 69.50%
	load/store 1244743, 30.50%
Avg size of int IQ (before scheduling): 29.32
Avg size of fp IQ (before scheduling): 0.00
No of cycles taken:		1000000
Parallelism [ 1.748, 0.000, 0.949, 1.284,] = 3.981
 IQ conflicts: 3368 (0.34%), FQ conflicts: 0 (0.00%) 
 I reg conflicts: 398317 (39.83%), FP reg conflicts: 0 (0.00%)
  Activelist confs: 0 (0.00%), ROB confs: 689 (0.07%)
  Int unit conflicts: 2341887 (234.19%), FP unit conflicts: 1 (0.00%)
  Load/store unit conflicts: 167748 (16.77%)
  MSHR conflicts: 115027 (11.50%)
----------------------------------------
==== System-wide Cache Statistics ====
Stall for miss queue full 0 cycles (0.00%)
----------------------------------------
==== Statistics for Master ID: 0 ====
Reads: 944122   Writes: 414885
ICACHE: size: 64 KB assoc: 2
ICACHE: hits:527715 misses:10  Hit Ratio: 100.00%
DCACHE: size: 16 KB assoc: 4
DCACHE: hits:806504 misses:24778 writebacks:24167  Hit Ratio: 97.02%
SCACHE: size: 512 KB assoc: 2
SCACHE: hits:24354 misses:434  Hit Ratio: 98.25%
3CACHE: size: 4096 KB assoc: 2
3CACHE: hits:10 misses:424  Hit Ratio: 2.30%
3CACHE: dirty items replaced:0
ITLB: size: 48, misses 1, miss rate 0.00%
DTLB: size: 128, misses 12, miss rate 0.00%
Avg mem delay: 2.100 cycles
----------------------------------------
==== Statistics for Master ID: 2 ====
Reads: 541203   Writes: 149607
ICACHE: size: 64 KB assoc: 2
ICACHE: hits:323200 misses:2040  Hit Ratio: 99.37%
DCACHE: size: 16 KB assoc: 4
DCACHE: hits:361830 misses:3740 writebacks:2647  Hit Ratio: 98.98%
SCACHE: size: 512 KB assoc: 2
SCACHE: hits:908 misses:4871  Hit Ratio: 15.71%
3CACHE: size: 4096 KB assoc: 2
3CACHE: hits:98 misses:4773  Hit Ratio: 2.01%
3CACHE: dirty items replaced:0
ITLB: size: 48, misses 129, miss rate 0.04%
DTLB: size: 128, misses 178, miss rate 0.05%
Avg mem delay: 2.100 cycles
----------------------------------------
==== Statistics for Master ID: 3 ====
Reads: 384344   Writes: 34
ICACHE: size: 64 KB assoc: 2
ICACHE: hits:336692 misses:23  Hit Ratio: 99.99%
DCACHE: size: 16 KB assoc: 4
DCACHE: hits:15981 misses:31682 writebacks:12  Hit Ratio: 33.53%
SCACHE: size: 512 KB assoc: 2
SCACHE: hits:30848 misses:856  Hit Ratio: 97.30%
3CACHE: size: 4096 KB assoc: 2
3CACHE: hits:40 misses:816  Hit Ratio: 4.67%
3CACHE: dirty items replaced:0
ITLB: size: 48, misses 4, miss rate 0.00%
DTLB: size: 128, misses 22, miss rate 0.05%
Avg mem delay: 2.100 cycles
----------------------------------------
==== Global Resource Utilization ====
STASH: size: 65536 entries, full 4376469, empty 46887, misses 4478, full rate 98.84
icache bank util. 0.231 0.184 0.057 0.048 0.032 0.051 0.302 0.292 
dcache bank util. 0.177 0.187 0.156 0.163 0.176 0.198 0.241 0.207 
L2 bank util. 0.053 0.053 0.051 0.051 0.052 0.052 0.052 0.052 
L1-L2 bus util. = 0.267, L3 util. = 0.060
----------------------------------------
branch prediction, hits = 356751, misses = 14380, hit rate = 96.13%
return_stack prediction, hits = 17463, misses = 21, hit rate = 99.88%
jump prediction, hits = 384029, misses = 5718, hit rate = 98.53%
 dgelq2_ dgelqf_ dgels_
**** Debug Statistics at 101000000 Cycles *****
Threads: 4		Fetch Width: 8
No of useful instructions fetched:	478395457 (59.21% proc util.)
No of total instructions fetched:	577113814 (71.42% proc util.)
 includes 12976239 misfetch (2.2%), 85742118 (14.9%) wrong-path fetches
 and 0 flushed after failed lock(0.0%)
No of useful instructions issued/executed:	478395426 (59.21% proc util.)
No of total instructions issued/executed:	512731263 (63.46% proc util.)
 includes 34335837 wrong-path (6.7%) insts and 0 flushed (0.0%)
	fp 5917, 0.00%
	synch 0, 0.00%
	integer 344929952, 67.27%
	load/store 167795394, 32.73%
Avg size of int IQ (before scheduling): 32.61
Avg size of fp IQ (before scheduling): 0.00
No of cycles taken:		101000000
Parallelism [ 2.178, 0.000, 1.156, 1.403,] = 4.737
 IQ conflicts: 189455 (0.19%), FQ conflicts: 0 (0.00%) 
 I reg conflicts: 19690899 (19.50%), FP reg conflicts: 0 (0.00%)
  Activelist confs: 22 (0.00%), ROB confs: 34193 (0.03%)
  Int unit conflicts: 284603153 (281.79%), FP unit conflicts: 3 (0.00%)
  Load/store unit conflicts: 20416946 (20.21%)
  MSHR conflicts: 2825740 (2.80%)
----------------------------------------
==== System-wide Cache Statistics ====
Stall for miss queue full 0 cycles (0.00%)
----------------------------------------
==== Statistics for Master ID: 0 ====
Reads: 124706119   Writes: 52593760
ICACHE: size: 64 KB assoc: 2
ICACHE: hits:71076653 misses:1333  Hit Ratio: 100.00%
DCACHE: size: 16 KB assoc: 4
DCACHE: hits:103078700 misses:3143193 writebacks:3101516  Hit Ratio: 97.04%
SCACHE: size: 512 KB assoc: 2
SCACHE: hits:3137599 misses:6927  Hit Ratio: 99.78%
3CACHE: size: 4096 KB assoc: 2
3CACHE: hits:4513 misses:2414  Hit Ratio: 65.15%
3CACHE: dirty items replaced:1952
ITLB: size: 48, misses 1, miss rate 0.00%
DTLB: size: 128, misses 55, miss rate 0.00%
Avg mem delay: 2.142 cycles
----------------------------------------
==== Statistics for Master ID: 2 ====
Reads: 92764275   Writes: 16039320
ICACHE: size: 64 KB assoc: 2
ICACHE: hits:52015330 misses:635162  Hit Ratio: 98.79%
DCACHE: size: 16 KB assoc: 4
DCACHE: hits:54807948 misses:1345155 writebacks:394708  Hit Ratio: 97.60%
SCACHE: size: 512 KB assoc: 2
SCACHE: hits:1730798 misses:249519  Hit Ratio: 87.40%
3CACHE: size: 4096 KB assoc: 2
3CACHE: hits:185390 misses:64129  Hit Ratio: 74.30%
3CACHE: dirty items replaced:7142
ITLB: size: 48, misses 36760, miss rate 0.07%
DTLB: size: 128, misses 30733, miss rate 0.05%
Avg mem delay: 2.142 cycles
----------------------------------------
==== Statistics for Master ID: 3 ====
Reads: 42973344   Writes: 34
ICACHE: size: 64 KB assoc: 2
ICACHE: hits:37723347 misses:174  Hit Ratio: 100.00%
DCACHE: size: 16 KB assoc: 4
DCACHE: hits:1748754 misses:3501103 writebacks:12  Hit Ratio: 33.31%
SCACHE: size: 512 KB assoc: 2
SCACHE: hits:3489186 misses:12091  Hit Ratio: 99.65%
3CACHE: size: 4096 KB assoc: 2
3CACHE: hits:11041 misses:1050  Hit Ratio: 91.32%
3CACHE: dirty items replaced:1
ITLB: size: 48, misses 4, miss rate 0.00%
DTLB: size: 128, misses 24, miss rate 0.00%
Avg mem delay: 2.142 cycles
----------------------------------------
==== Global Resource Utilization ====
STASH: size: 65536 entries, full 585701217, empty 12896889, misses 1156558, full rate 97.66
icache bank util. 0.289 0.228 0.065 0.070 0.070 0.066 0.412 0.418 
dcache bank util. 0.245 0.251 0.261 0.261 0.242 0.240 0.252 0.247 
L2 bank util. 0.068 0.068 0.068 0.068 0.068 0.067 0.068 0.067 
L1-L2 bus util. = 0.360, L3 util. = 0.007
----------------------------------------
branch prediction, hits = 45337060, misses = 3340485, hit rate = 93.14%
return_stack prediction, hits = 1559917, misses = 1986, hit rate = 99.87%
jump prediction, hits = 44183210, misses = 3426870, hit rate = 92.80%

**** Debug Statistics at 201000000 Cycles *****
Threads: 4		Fetch Width: 8
No of useful instructions fetched:	956248644 (59.47% proc util.)
No of total instructions fetched:	1162217167 (72.28% proc util.)
 includes 28293353 misfetch (2.4%), 177675170 (15.3%) wrong-path fetches
 and 0 flushed after failed lock(0.0%)
No of useful instructions issued/executed:	956248614 (59.47% proc util.)
No of total instructions issued/executed:	1027456143 (63.90% proc util.)
 includes 71207529 wrong-path (6.9%) insts and 0 flushed (0.0%)
	fp 6105, 0.00%
	synch 0, 0.00%
	integer 688428259, 67.00%
	load/store 339021779, 33.00%
Avg size of int IQ (before scheduling): 32.62
Avg size of fp IQ (before scheduling): 0.00
No of cycles taken:		201000000
Parallelism [ 2.186, 0.000, 1.184, 1.387,] = 4.757
 IQ conflicts: 414656 (0.21%), FQ conflicts: 0 (0.00%) 
 I reg conflicts: 36914165 (18.37%), FP reg conflicts: 0 (0.00%)
  Activelist confs: 248 (0.00%), ROB confs: 91280 (0.05%)
  Int unit conflicts: 578009102 (287.57%), FP unit conflicts: 3 (0.00%)
  Load/store unit conflicts: 42965184 (21.38%)
  MSHR conflicts: 8934293 (4.44%)
----------------------------------------
==== System-wide Cache Statistics ====
Stall for miss queue full 0 cycles (0.00%)
----------------------------------------
==== Statistics for Master ID: 0 ====
Reads: 249983329   Writes: 105058773
ICACHE: size: 64 KB assoc: 2
ICACHE: hits:142854315 misses:3329  Hit Ratio: 100.00%
DCACHE: size: 16 KB assoc: 4
DCACHE: hits:205907217 misses:6277241 writebacks:6195090  Hit Ratio: 97.04%
SCACHE: size: 512 KB assoc: 2
SCACHE: hits:6267319 misses:13251  Hit Ratio: 99.79%
3CACHE: size: 4096 KB assoc: 2
3CACHE: hits:8537 misses:4714  Hit Ratio: 64.43%
3CACHE: dirty items replaced:4229
ITLB: size: 48, misses 1, miss rate 0.00%
DTLB: size: 128, misses 135, miss rate 0.00%
Avg mem delay: 2.172 cycles
----------------------------------------
==== Statistics for Master ID: 2 ====
Reads: 191664894   Writes: 33071540
ICACHE: size: 64 KB assoc: 2
ICACHE: hits:107465536 misses:1180415  Hit Ratio: 98.91%
DCACHE: size: 16 KB assoc: 4
DCACHE: hits:113132009 misses:2958474 writebacks:926974  Hit Ratio: 97.45%
SCACHE: size: 512 KB assoc: 2
SCACHE: hits:3590395 misses:548494  Hit Ratio: 86.75%
3CACHE: size: 4096 KB assoc: 2
3CACHE: hits:445985 misses:102509  Hit Ratio: 81.31%
3CACHE: dirty items replaced:17555
ITLB: size: 48, misses 47931, miss rate 0.04%
DTLB: size: 128, misses 71835, miss rate 0.06%
Avg mem delay: 2.172 cycles
----------------------------------------
==== Statistics for Master ID: 3 ====
Reads: 84697352   Writes: 34
ICACHE: size: 64 KB assoc: 2
ICACHE: hits:74369272 misses:225  Hit Ratio: 100.00%
DCACHE: size: 16 KB assoc: 4
DCACHE: hits:3440461 misses:6887428 writebacks:12  Hit Ratio: 33.31%
SCACHE: size: 512 KB assoc: 2
SCACHE: hits:6867122 misses:20531  Hit Ratio: 99.70%
3CACHE: size: 4096 KB assoc: 2
3CACHE: hits:18858 misses:1673  Hit Ratio: 91.85%
3CACHE: dirty items replaced:268
ITLB: size: 48, misses 4, miss rate 0.00%
DTLB: size: 128, misses 29, miss rate 0.00%
Avg mem delay: 2.172 cycles
----------------------------------------
==== Global Resource Utilization ====
STASH: size: 65536 entries, full 1181545060, empty 24727094, misses 2227365, full rate 97.77
icache bank util. 0.290 0.230 0.064 0.068 0.075 0.072 0.417 0.424 
dcache bank util. 0.254 0.249 0.253 0.264 0.259 0.246 0.252 0.255 
L2 bank util. 0.069 0.070 0.068 0.069 0.069 0.067 0.069 0.067 
L1-L2 bus util. = 0.365, L3 util. = 0.005
----------------------------------------
branch prediction, hits = 91684840, misses = 6951736, hit rate = 92.95%
return_stack prediction, hits = 3121316, misses = 2318, hit rate = 99.93%
jump prediction, hits = 88458217, misses = 7380470, hit rate = 92.30%
 dgemm_
**** Debug Statistics at 301000000 Cycles *****
Threads: 4		Fetch Width: 8
No of useful instructions fetched:	1443068069 (59.93% proc util.)
No of total instructions fetched:	1735171143 (72.06% proc util.)
 includes 36945779 misfetch (2.1%), 255157295 (14.7%) wrong-path fetches
 and 0 flushed after failed lock(0.0%)
No of useful instructions issued/executed:	1443068047 (59.93% proc util.)
No of total instructions issued/executed:	1544667659 (64.15% proc util.)
 includes 101599612 wrong-path (6.6%) insts and 0 flushed (0.0%)
	fp 25758, 0.00%
	synch 0, 0.00%
	integer 1037524893, 67.17%
	load/store 507117008, 32.83%
Avg size of int IQ (before scheduling): 33.17
Avg size of fp IQ (before scheduling): 0.00
No of cycles taken:		301000000
Parallelism [ 2.180, 0.000, 1.231, 1.384,] = 4.794
 IQ conflicts: 733645 (0.24%), FQ conflicts: 0 (0.00%) 
 I reg conflicts: 55950394 (18.59%), FP reg conflicts: 0 (0.00%)
  Activelist confs: 999 (0.00%), ROB confs: 224980 (0.07%)
  Int unit conflicts: 905233154 (300.74%), FP unit conflicts: 3 (0.00%)
  Load/store unit conflicts: 63700246 (21.16%)
  MSHR conflicts: 15627929 (5.19%)
----------------------------------------
==== System-wide Cache Statistics ====
Stall for miss queue full 0 cycles (0.00%)
----------------------------------------
==== Statistics for Master ID: 0 ====
Reads: 372966979   Writes: 156883020
ICACHE: size: 64 KB assoc: 2
ICACHE: hits:212970228 misses:3822  Hit Ratio: 100.00%
DCACHE: size: 16 KB assoc: 4
DCACHE: hits:307496653 misses:9379296 writebacks:9252959  Hit Ratio: 97.04%
SCACHE: size: 512 KB assoc: 2
SCACHE: hits:9363177 misses:19941  Hit Ratio: 99.79%
3CACHE: size: 4096 KB assoc: 2
3CACHE: hits:13471 misses:6470  Hit Ratio: 67.55%
3CACHE: dirty items replaced:5915
ITLB: size: 48, misses 1, miss rate 0.00%
DTLB: size: 128, misses 187, miss rate 0.00%
Avg mem delay: 2.164 cycles
----------------------------------------
==== Statistics for Master ID: 2 ====
Reads: 286870869   Writes: 50305626
ICACHE: size: 64 KB assoc: 2
ICACHE: hits:161293943 misses:1589706  Hit Ratio: 99.02%
DCACHE: size: 16 KB assoc: 4
DCACHE: hits:169972724 misses:4320122 writebacks:1473566  Hit Ratio: 97.52%
SCACHE: size: 512 KB assoc: 2
SCACHE: hits:5075590 misses:834238  Hit Ratio: 85.88%
3CACHE: size: 4096 KB assoc: 2
3CACHE: hits:696594 misses:137644  Hit Ratio: 83.50%
3CACHE: dirty items replaced:29320
ITLB: size: 48, misses 68482, miss rate 0.04%
DTLB: size: 128, misses 107030, miss rate 0.06%
Avg mem delay: 2.164 cycles
----------------------------------------
==== Statistics for Master ID: 3 ====
Reads: 126008554   Writes: 34
ICACHE: size: 64 KB assoc: 2
ICACHE: hits:110583583 misses:309  Hit Ratio: 100.00%
DCACHE: size: 16 KB assoc: 4
DCACHE: hits:5138618 misses:10286078 writebacks:12  Hit Ratio: 33.31%
SCACHE: size: 512 KB assoc: 2
SCACHE: hits:10255769 misses:30617  Hit Ratio: 99.70%
3CACHE: size: 4096 KB assoc: 2
3CACHE: hits:28462 misses:2155  Hit Ratio: 92.96%
3CACHE: dirty items replaced:350
ITLB: size: 48, misses 4, miss rate 0.00%
DTLB: size: 128, misses 31, miss rate 0.00%
Avg mem delay: 2.164 cycles
----------------------------------------
==== Global Resource Utilization ====
STASH: size: 65536 entries, full 1765133417, empty 34418342, misses 3095903, full rate 97.92
icache bank util. 0.285 0.227 0.066 0.071 0.076 0.072 0.414 0.422 
dcache bank util. 0.254 0.247 0.250 0.259 0.256 0.251 0.258 0.255 
L2 bank util. 0.068 0.069 0.068 0.068 0.069 0.067 0.069 0.067 
L1-L2 bus util. = 0.362, L3 util. = 0.005
----------------------------------------
branch prediction, hits = 138750971, misses = 9845773, hit rate = 93.37%
return_stack prediction, hits = 4617489, misses = 4164, hit rate = 99.91%
jump prediction, hits = 135221169, misses = 9790444, hit rate = 93.25%
 dgemv_ dgeqr2_ dgeqrf_
**** Debug Statistics at 401000000 Cycles *****
Threads: 4		Fetch Width: 8
No of useful instructions fetched:	1922616431 (59.93% proc util.)
No of total instructions fetched:	2317502068 (72.24% proc util.)
 includes 50109462 misfetch (2.2%), 344776175 (14.9%) wrong-path fetches
 and 0 flushed after failed lock(0.0%)
No of useful instructions issued/executed:	1922616412 (59.93% proc util.)
No of total instructions issued/executed:	2060180878 (64.22% proc util.)
 includes 137564466 wrong-path (6.7%) insts and 0 flushed (0.0%)
	fp 30686, 0.00%
	synch 0, 0.00%
	integer 1382129409, 67.09%
	load/store 678020783, 32.91%
Avg size of int IQ (before scheduling): 33.09
Avg size of fp IQ (before scheduling): 0.00
No of cycles taken:		401000000
Parallelism [ 2.184, 0.000, 1.226, 1.385,] = 4.795
 IQ conflicts: 934277 (0.23%), FQ conflicts: 0 (0.00%) 
 I reg conflicts: 73641969 (18.36%), FP reg conflicts: 0 (0.00%)
  Activelist confs: 1623 (0.00%), ROB confs: 312847 (0.08%)
  Int unit conflicts: 1202094389 (299.77%), FP unit conflicts: 3 (0.00%)
  Load/store unit conflicts: 85968141 (21.44%)
  MSHR conflicts: 17456140 (4.35%)
----------------------------------------
==== System-wide Cache Statistics ====
Stall for miss queue full 0 cycles (0.00%)
----------------------------------------
==== Statistics for Master ID: 0 ====
Reads: 498124597   Writes: 209419048
ICACHE: size: 64 KB assoc: 2
ICACHE: hits:284536656 misses:5130  Hit Ratio: 100.00%
DCACHE: size: 16 KB assoc: 4
DCACHE: hits:410478536 misses:12523323 writebacks:12352617  Hit Ratio: 97.04%
SCACHE: size: 512 KB assoc: 2
SCACHE: hits:12500858 misses:27594  Hit Ratio: 99.78%
3CACHE: size: 4096 KB assoc: 2
3CACHE: hits:18172 misses:9422  Hit Ratio: 65.85%
3CACHE: dirty items replaced:8823
ITLB: size: 48, misses 1, miss rate 0.00%
DTLB: size: 128, misses 240, miss rate 0.00%
Avg mem delay: 2.165 cycles
----------------------------------------
==== Statistics for Master ID: 2 ====
Reads: 384115772   Writes: 67511301
ICACHE: size: 64 KB assoc: 2
ICACHE: hits:215736047 misses:2143733  Hit Ratio: 99.02%
DCACHE: size: 16 KB assoc: 4
DCACHE: hits:227988029 misses:5759264 writebacks:1922719  Hit Ratio: 97.54%
SCACHE: size: 512 KB assoc: 2
SCACHE: hits:6818431 misses:1084564  Hit Ratio: 86.28%
3CACHE: size: 4096 KB assoc: 2
3CACHE: hits:908090 misses:176474  Hit Ratio: 83.73%
3CACHE: dirty items replaced:49558
ITLB: size: 48, misses 92665, miss rate 0.04%
DTLB: size: 128, misses 143649, miss rate 0.06%
Avg mem delay: 2.165 cycles
----------------------------------------
==== Statistics for Master ID: 3 ====
Reads: 168023198   Writes: 34
ICACHE: size: 64 KB assoc: 2
ICACHE: hits:147456645 misses:416  Hit Ratio: 100.00%
DCACHE: size: 16 KB assoc: 4
DCACHE: hits:6852063 misses:13714108 writebacks:12  Hit Ratio: 33.32%
SCACHE: size: 512 KB assoc: 2
SCACHE: hits:13674156 misses:40368  Hit Ratio: 99.71%
3CACHE: size: 4096 KB assoc: 2
3CACHE: hits:37074 misses:3294  Hit Ratio: 91.84%
3CACHE: dirty items replaced:678
ITLB: size: 48, misses 4, miss rate 0.00%
DTLB: size: 128, misses 37, miss rate 0.00%
Avg mem delay: 2.165 cycles
----------------------------------------
==== Global Resource Utilization ====
STASH: size: 65536 entries, full 2357016326, empty 46986725, misses 4222897, full rate 97.87
icache bank util. 0.286 0.227 0.067 0.072 0.076 0.071 0.415 0.423 
dcache bank util. 0.253 0.248 0.253 0.258 0.256 0.250 0.259 0.258 
L2 bank util. 0.068 0.069 0.068 0.068 0.068 0.067 0.069 0.067 
L1-L2 bus util. = 0.362, L3 util. = 0.005
----------------------------------------
branch prediction, hits = 184597684, misses = 13268902, hit rate = 93.29%
return_stack prediction, hits = 6246818, misses = 6101, hit rate = 99.90%
jump prediction, hits = 180017262, misses = 13290418, hit rate = 93.12%

**** Early Exiting at 416863288 Cycles *****
========================================
 SMTSIM Global Statistics
========================================
Threads: 4		Fetch Width: 8
No of useful instructions fetched:	2000000106 (59.97% proc util.)
No of total instructions fetched:	2411973102 (72.33% proc util.)
 includes 52599534 misfetch (2.2%), 359373462 (14.9%) wrong-path fetches
 and 0 flushed after failed lock(0.0%)
No of useful instructions issued/executed:	2000000087 (59.97% proc util.)
No of total instructions issued/executed:	2143160423 (64.26% proc util.)
 includes 143160336 wrong-path (6.7%) insts and 0 flushed (0.0%)
	fp 30720, 0.00%
	synch 0, 0.00%
	integer 1437946642, 67.09%
	load/store 705183061, 32.90%
Avg size of int IQ (before scheduling): 33.08
Avg size of fp IQ (before scheduling): 0.00
No of cycles taken:		416863288
Parallelism [ 2.185, 0.000, 1.228, 1.385,] = 4.798
 IQ conflicts: 972241 (0.23%), FQ conflicts: 0 (0.00%) 
 I reg conflicts: 76152000 (18.27%), FP reg conflicts: 0 (0.00%)
  Activelist confs: 1623 (0.00%), ROB confs: 319403 (0.08%)
  Int unit conflicts: 1252054761 (300.35%), FP unit conflicts: 3 (0.00%)
  Load/store unit conflicts: 89523011 (21.48%)
  MSHR conflicts: 18105031 (4.34%)
----------------------------------------
==== System-wide Cache Statistics ====
Stall for miss queue full 0 cycles (0.00%)
----------------------------------------
==== Statistics for Master ID: 0 ====
Reads: 518248655   Writes: 217800381
ICACHE: size: 64 KB assoc: 2
ICACHE: hits:296110563 misses:5403  Hit Ratio: 100.00%
DCACHE: size: 16 KB assoc: 4
DCACHE: hits:426908042 misses:13025028 writebacks:12847149  Hit Ratio: 97.04%
SCACHE: size: 512 KB assoc: 2
SCACHE: hits:13002098 misses:28333  Hit Ratio: 99.78%
3CACHE: size: 4096 KB assoc: 2
3CACHE: hits:18612 misses:9721  Hit Ratio: 65.69%
3CACHE: dirty items replaced:9122
ITLB: size: 48, misses 1, miss rate 0.00%
DTLB: size: 128, misses 242, miss rate 0.00%
Avg mem delay: 2.162 cycles
----------------------------------------
==== Statistics for Master ID: 2 ====
Reads: 399871160   Writes: 70078608
ICACHE: size: 64 KB assoc: 2
ICACHE: hits:224563353 misses:2256643  Hit Ratio: 99.01%
DCACHE: size: 16 KB assoc: 4
DCACHE: hits:237211826 misses:5917946 writebacks:1975037  Hit Ratio: 97.57%
SCACHE: size: 512 KB assoc: 2
SCACHE: hits:7068174 misses:1106415  Hit Ratio: 86.47%
3CACHE: size: 4096 KB assoc: 2
3CACHE: hits:925897 misses:180518  Hit Ratio: 83.68%
3CACHE: dirty items replaced:51253
ITLB: size: 48, misses 98373, miss rate 0.04%
DTLB: size: 128, misses 147601, miss rate 0.06%
Avg mem delay: 2.162 cycles
----------------------------------------
==== Statistics for Master ID: 3 ====
Reads: 174820683   Writes: 34
ICACHE: size: 64 KB assoc: 2
ICACHE: hits:153432608 misses:439  Hit Ratio: 100.00%
DCACHE: size: 16 KB assoc: 4
DCACHE: hits:7126258 misses:14261412 writebacks:12  Hit Ratio: 33.32%
SCACHE: size: 512 KB assoc: 2
SCACHE: hits:14220139 misses:41712  Hit Ratio: 99.71%
3CACHE: size: 4096 KB assoc: 2
3CACHE: hits:38401 misses:3311  Hit Ratio: 92.06%
3CACHE: dirty items replaced:694
ITLB: size: 48, misses 4, miss rate 0.00%
DTLB: size: 128, misses 37, miss rate 0.00%
Avg mem delay: 2.162 cycles
----------------------------------------
==== Global Resource Utilization ====
STASH: size: 65536 entries, full 2453273963, empty 48999201, misses 4399553, full rate 97.87
icache bank util. 0.286 0.228 0.067 0.072 0.076 0.072 0.416 0.424 
dcache bank util. 0.253 0.248 0.252 0.259 0.256 0.251 0.258 0.258 
L2 bank util. 0.068 0.069 0.068 0.068 0.068 0.067 0.068 0.067 
L1-L2 bus util. = 0.362, L3 util. = 0.005
----------------------------------------
branch prediction, hits = 192093133, misses = 13860783, hit rate = 93.27%
return_stack prediction, hits = 6489913, misses = 6151, hit rate = 99.91%
jump prediction, hits = 187073982, misses = 13937944, hit rate = 93.07%
total IPC 4.798

=== Results saved to: ./results/smalltrans_2_gcc-scilab_1_cacherand_1.txt ===
