===== 执行信息 =====
Cache目录：smtc64
执行命令：./smtsim ../seqacc.arg2 ../cacherand.arg ../crafty.arg
执行时间：2026-04-17 12:13:02
返回码：0
===== 输出内容 =====
SMTCache
Process 0, Thread 0: seqacc
Process 0, Thread 1: seqacc
Process 2, Thread 2: cacherand
Process 3, Thread 3: crafty

**** Debug Statistics at 1000000 Cycles *****
Threads: 4		Fetch Width: 8
No of useful instructions fetched:	3994250 (49.93% proc util.)
No of total instructions fetched:	4332734 (54.16% proc util.)
 includes 778 misfetch (0.0%), 337706 (7.8%) wrong-path fetches
 and 0 flushed after failed lock(0.0%)
No of useful instructions issued/executed:	3994208 (49.93% proc util.)
No of total instructions issued/executed:	4131363 (51.64% proc util.)
 includes 137155 wrong-path (3.3%) insts and 0 flushed (0.0%)
	fp 7, 0.00%
	synch 0, 0.00%
	integer 3754856, 90.89%
	load/store 376500, 9.11%
Avg size of int IQ (before scheduling): 30.73
Avg size of fp IQ (before scheduling): 0.00
No of cycles taken:		1000000
Parallelism [ 1.345, 0.000, 1.186, 1.462,] = 3.994
 IQ conflicts: 204 (0.02%), FQ conflicts: 0 (0.00%) 
 I reg conflicts: 370605 (37.06%), FP reg conflicts: 0 (0.00%)
  Activelist confs: 0 (0.00%), ROB confs: 0 (0.00%)
  Int unit conflicts: 976183 (97.62%), FP unit conflicts: 0 (0.00%)
  Load/store unit conflicts: 368 (0.04%)
  MSHR conflicts: 153 (0.02%)
----------------------------------------
==== System-wide Cache Statistics ====
Stall for miss queue full 0 cycles (0.00%)
----------------------------------------
==== Statistics for Master ID: 0 ====
Reads: 471254   Writes: 0
ICACHE: size: 64 KB assoc: 2
ICACHE: hits:401464 misses:5  Hit Ratio: 100.00%
DCACHE: size: 16 KB assoc: 4
DCACHE: hits:63057 misses:6728 writebacks:0  Hit Ratio: 90.36%
SCACHE: size: 512 KB assoc: 2
SCACHE: hits:6405 misses:328  Hit Ratio: 95.13%
3CACHE: size: 4096 KB assoc: 2
3CACHE: hits:0 misses:328  Hit Ratio: 0.00%
3CACHE: dirty items replaced:0
ITLB: size: 48, misses 1, miss rate 0.00%
DTLB: size: 128, misses 8, miss rate 0.01%
Avg mem delay: 2.586 cycles
----------------------------------------
==== Statistics for Master ID: 2 ====
Reads: 352106   Writes: 33
ICACHE: size: 64 KB assoc: 2
ICACHE: hits:308099 misses:23  Hit Ratio: 99.99%
DCACHE: size: 16 KB assoc: 4
DCACHE: hits:14750 misses:29267 writebacks:12  Hit Ratio: 33.51%
SCACHE: size: 512 KB assoc: 2
SCACHE: hits:28481 misses:809  Hit Ratio: 97.24%
3CACHE: size: 4096 KB assoc: 2
3CACHE: hits:0 misses:809  Hit Ratio: 0.00%
3CACHE: dirty items replaced:0
ITLB: size: 48, misses 4, miss rate 0.00%
DTLB: size: 128, misses 19, miss rate 0.04%
Avg mem delay: 2.586 cycles
----------------------------------------
==== Statistics for Master ID: 3 ====
Reads: 696719   Writes: 77546
ICACHE: size: 64 KB assoc: 2
ICACHE: hits:511438 misses:146  Hit Ratio: 99.97%
DCACHE: size: 16 KB assoc: 4
DCACHE: hits:261283 misses:1398 writebacks:1108  Hit Ratio: 99.47%
SCACHE: size: 512 KB assoc: 2
SCACHE: hits:4 misses:1540  Hit Ratio: 0.26%
3CACHE: size: 4096 KB assoc: 2
3CACHE: hits:0 misses:1540  Hit Ratio: 0.00%
3CACHE: dirty items replaced:0
ITLB: size: 48, misses 16, miss rate 0.00%
DTLB: size: 128, misses 46, miss rate 0.02%
Avg mem delay: 2.586 cycles
----------------------------------------
==== Global Resource Utilization ====
STASH: size: 65536 entries, full 1004500550, empty 1948, misses 164, full rate 100.00
icache bank util. 0.418 0.272 0.001 0.000 0.052 0.080 0.163 0.235 
dcache bank util. 0.047 0.046 0.045 0.046 0.046 0.046 0.170 0.046 
L2 bank util. 0.025 0.025 0.024 0.025 0.025 0.025 0.026 0.025 
L1-L2 bus util. = 0.116, L3 util. = 0.027
----------------------------------------
branch prediction, hits = 330489, misses = 18680, hit rate = 94.65%
return_stack prediction, hits = 125, misses = 2, hit rate = 98.43%
jump prediction, hits = 378935, misses = 196, hit rate = 99.95%

**** Debug Statistics at 101000000 Cycles *****
Threads: 4		Fetch Width: 8
No of useful instructions fetched:	429825511 (53.20% proc util.)
No of total instructions fetched:	480686160 (59.49% proc util.)
 includes 9716927 misfetch (2.0%), 41143722 (8.6%) wrong-path fetches
 and 0 flushed after failed lock(0.0%)
No of useful instructions issued/executed:	429825474 (53.20% proc util.)
No of total instructions issued/executed:	448708930 (55.53% proc util.)
 includes 18883456 wrong-path (4.2%) insts and 0 flushed (0.0%)
	fp 153, 0.00%
	synch 0, 0.00%
	integer 379541618, 84.59%
	load/store 69167159, 15.41%
Avg size of int IQ (before scheduling): 31.59
Avg size of fp IQ (before scheduling): 0.00
No of cycles taken:		101000000
Parallelism [ 1.457, 0.000, 1.278, 1.521,] = 4.256
 IQ conflicts: 83464 (0.08%), FQ conflicts: 0 (0.00%) 
 I reg conflicts: 31786429 (31.47%), FP reg conflicts: 0 (0.00%)
  Activelist confs: 0 (0.00%), ROB confs: 78785 (0.08%)
  Int unit conflicts: 117120926 (115.96%), FP unit conflicts: 0 (0.00%)
  Load/store unit conflicts: 3819968 (3.78%)
  MSHR conflicts: 11912 (0.01%)
----------------------------------------
==== System-wide Cache Statistics ====
Stall for miss queue full 0 cycles (0.00%)
----------------------------------------
==== Statistics for Master ID: 0 ====
Reads: 53028922   Writes: 0
ICACHE: size: 64 KB assoc: 2
ICACHE: hits:45398638 misses:76  Hit Ratio: 100.00%
DCACHE: size: 16 KB assoc: 4
DCACHE: hits:6901932 misses:728276 writebacks:0  Hit Ratio: 90.46%
SCACHE: size: 512 KB assoc: 2
SCACHE: hits:727415 misses:937  Hit Ratio: 99.87%
3CACHE: size: 4096 KB assoc: 2
3CACHE: hits:592 misses:345  Hit Ratio: 63.18%
3CACHE: dirty items replaced:15
ITLB: size: 48, misses 1, miss rate 0.00%
DTLB: size: 128, misses 504, miss rate 0.01%
Avg mem delay: 1.862 cycles
----------------------------------------
==== Statistics for Master ID: 2 ====
Reads: 40539997   Writes: 34
ICACHE: size: 64 KB assoc: 2
ICACHE: hits:35758402 misses:302  Hit Ratio: 100.00%
DCACHE: size: 16 KB assoc: 4
DCACHE: hits:1592342 misses:3188985 writebacks:13  Hit Ratio: 33.30%
SCACHE: size: 512 KB assoc: 2
SCACHE: hits:3127992 misses:61295  Hit Ratio: 98.08%
3CACHE: size: 4096 KB assoc: 2
3CACHE: hits:58276 misses:3019  Hit Ratio: 95.07%
3CACHE: dirty items replaced:14
ITLB: size: 48, misses 4, miss rate 0.00%
DTLB: size: 128, misses 561, miss rate 0.01%
Avg mem delay: 1.862 cycles
----------------------------------------
==== Statistics for Master ID: 3 ====
Reads: 98113211   Writes: 12363511
ICACHE: size: 64 KB assoc: 2
ICACHE: hits:53353727 misses:372390  Hit Ratio: 99.31%
DCACHE: size: 16 KB assoc: 4
DCACHE: hits:54602354 misses:2148251 writebacks:282944  Hit Ratio: 96.21%
SCACHE: size: 512 KB assoc: 2
SCACHE: hits:2259238 misses:261403  Hit Ratio: 89.63%
3CACHE: size: 4096 KB assoc: 2
3CACHE: hits:213138 misses:48265  Hit Ratio: 81.54%
3CACHE: dirty items replaced:259
ITLB: size: 48, misses 110, miss rate 0.00%
DTLB: size: 128, misses 158036, miss rate 0.28%
Avg mem delay: 1.862 cycles
----------------------------------------
==== Global Resource Utilization ====
STASH: size: 65536 entries, full 1491175321, empty 19824558, misses 1892899, full rate 98.56
icache bank util. 0.401 0.299 0.070 0.070 0.079 0.061 0.125 0.242 
dcache bank util. 0.080 0.105 0.105 0.065 0.132 0.129 0.146 0.111 
L2 bank util. 0.038 0.053 0.044 0.035 0.042 0.045 0.038 0.046 
L1-L2 bus util. = 0.200, L3 util. = 0.005
----------------------------------------
branch prediction, hits = 25229082, misses = 1671052, hit rate = 93.79%
return_stack prediction, hits = 2663444, misses = 178, hit rate = 99.99%
jump prediction, hits = 30646502, misses = 2389651, hit rate = 92.77%

**** Debug Statistics at 201000000 Cycles *****
Threads: 4		Fetch Width: 8
No of useful instructions fetched:	854905861 (53.17% proc util.)
No of total instructions fetched:	961011959 (59.76% proc util.)
 includes 20536246 misfetch (2.1%), 85569852 (8.9%) wrong-path fetches
 and 0 flushed after failed lock(0.0%)
No of useful instructions issued/executed:	854905799 (53.17% proc util.)
No of total instructions issued/executed:	894376135 (55.62% proc util.)
 includes 39470336 wrong-path (4.4%) insts and 0 flushed (0.0%)
	fp 158, 0.00%
	synch 0, 0.00%
	integer 754322563, 84.34%
	load/store 140053414, 15.66%
Avg size of int IQ (before scheduling): 31.55
Avg size of fp IQ (before scheduling): 0.00
No of cycles taken:		201000000
Parallelism [ 1.460, 0.000, 1.281, 1.512,] = 4.253
 IQ conflicts: 155662 (0.08%), FQ conflicts: 0 (0.00%) 
 I reg conflicts: 62616766 (31.15%), FP reg conflicts: 0 (0.00%)
  Activelist confs: 0 (0.00%), ROB confs: 78785 (0.04%)
  Int unit conflicts: 233856041 (116.35%), FP unit conflicts: 0 (0.00%)
  Load/store unit conflicts: 7976425 (3.97%)
  MSHR conflicts: 14366 (0.01%)
----------------------------------------
==== System-wide Cache Statistics ====
Stall for miss queue full 0 cycles (0.00%)
----------------------------------------
==== Statistics for Master ID: 0 ====
Reads: 106038788   Writes: 0
ICACHE: size: 64 KB assoc: 2
ICACHE: hits:90814010 misses:161  Hit Ratio: 100.00%
DCACHE: size: 16 KB assoc: 4
DCACHE: hits:13771870 misses:1452747 writebacks:0  Hit Ratio: 90.46%
SCACHE: size: 512 KB assoc: 2
SCACHE: hits:1451288 misses:1619  Hit Ratio: 99.89%
3CACHE: size: 4096 KB assoc: 2
3CACHE: hits:1273 misses:346  Hit Ratio: 78.63%
3CACHE: dirty items replaced:15
ITLB: size: 48, misses 1, miss rate 0.00%
DTLB: size: 128, misses 1079, miss rate 0.01%
Avg mem delay: 1.863 cycles
----------------------------------------
==== Statistics for Master ID: 2 ====
Reads: 81048236   Writes: 34
ICACHE: size: 64 KB assoc: 2
ICACHE: hits:71512036 misses:595  Hit Ratio: 100.00%
DCACHE: size: 16 KB assoc: 4
DCACHE: hits:3176024 misses:6359615 writebacks:13  Hit Ratio: 33.31%
SCACHE: size: 512 KB assoc: 2
SCACHE: hits:6229731 misses:130479  Hit Ratio: 97.95%
3CACHE: size: 4096 KB assoc: 2
3CACHE: hits:125340 misses:5139  Hit Ratio: 96.06%
3CACHE: dirty items replaced:26
ITLB: size: 48, misses 4, miss rate 0.00%
DTLB: size: 128, misses 1156, miss rate 0.01%
Avg mem delay: 1.863 cycles
----------------------------------------
==== Statistics for Master ID: 3 ====
Reads: 197746718   Writes: 24967047
ICACHE: size: 64 KB assoc: 2
ICACHE: hits:106612144 misses:817095  Hit Ratio: 99.24%
DCACHE: size: 16 KB assoc: 4
DCACHE: hits:110816354 misses:4468172 writebacks:541155  Hit Ratio: 96.12%
SCACHE: size: 512 KB assoc: 2
SCACHE: hits:4782813 misses:502454  Hit Ratio: 90.49%
3CACHE: size: 4096 KB assoc: 2
3CACHE: hits:435952 misses:66502  Hit Ratio: 86.76%
3CACHE: dirty items replaced:806
ITLB: size: 48, misses 116, miss rate 0.00%
DTLB: size: 128, misses 330272, miss rate 0.29%
Avg mem delay: 1.863 cycles
----------------------------------------
==== Global Resource Utilization ====
STASH: size: 65536 entries, full 1980419551, empty 41677555, misses 3979710, full rate 97.75
icache bank util. 0.403 0.300 0.071 0.071 0.079 0.062 0.126 0.243 
dcache bank util. 0.083 0.105 0.106 0.067 0.132 0.134 0.147 0.114 
L2 bank util. 0.038 0.053 0.045 0.036 0.042 0.046 0.038 0.048 
L1-L2 bus util. = 0.204, L3 util. = 0.004
----------------------------------------
branch prediction, hits = 49519535, misses = 3453492, hit rate = 93.48%
return_stack prediction, hits = 5193243, misses = 464, hit rate = 99.99%
jump prediction, hits = 59998228, misses = 5018894, hit rate = 92.28%

**** Debug Statistics at 301000000 Cycles *****
Threads: 4		Fetch Width: 8
No of useful instructions fetched:	1277716590 (53.06% proc util.)
No of total instructions fetched:	1439118254 (59.76% proc util.)
 includes 31436990 misfetch (2.2%), 129964674 (9.0%) wrong-path fetches
 and 0 flushed after failed lock(0.0%)
No of useful instructions issued/executed:	1277716546 (53.06% proc util.)
No of total instructions issued/executed:	1338010368 (55.57% proc util.)
 includes 60293822 wrong-path (4.5%) insts and 0 flushed (0.0%)
	fp 168, 0.00%
	synch 0, 0.00%
	integer 1127418199, 84.26%
	load/store 210592001, 15.74%
Avg size of int IQ (before scheduling): 31.54
Avg size of fp IQ (before scheduling): 0.00
No of cycles taken:		301000000
Parallelism [ 1.459, 0.000, 1.280, 1.506,] = 4.245
 IQ conflicts: 242573 (0.08%), FQ conflicts: 0 (0.00%) 
 I reg conflicts: 93840534 (31.18%), FP reg conflicts: 0 (0.00%)
  Activelist confs: 0 (0.00%), ROB confs: 78785 (0.03%)
  Int unit conflicts: 351006633 (116.61%), FP unit conflicts: 0 (0.00%)
  Load/store unit conflicts: 12153720 (4.04%)
  MSHR conflicts: 16089 (0.01%)
----------------------------------------
==== System-wide Cache Statistics ====
Stall for miss queue full 0 cycles (0.00%)
----------------------------------------
==== Statistics for Master ID: 0 ====
Reads: 158802662   Writes: 0
ICACHE: size: 64 KB assoc: 2
ICACHE: hits:136020149 misses:235  Hit Ratio: 100.00%
DCACHE: size: 16 KB assoc: 4
DCACHE: hits:20609655 misses:2172623 writebacks:0  Hit Ratio: 90.46%
SCACHE: size: 512 KB assoc: 2
SCACHE: hits:2170672 misses:2186  Hit Ratio: 99.90%
3CACHE: size: 4096 KB assoc: 2
3CACHE: hits:1835 misses:351  Hit Ratio: 83.94%
3CACHE: dirty items replaced:16
ITLB: size: 48, misses 1, miss rate 0.00%
DTLB: size: 128, misses 1718, miss rate 0.01%
Avg mem delay: 1.876 cycles
----------------------------------------
==== Statistics for Master ID: 2 ====
Reads: 121410239   Writes: 35
ICACHE: size: 64 KB assoc: 2
ICACHE: hits:107139872 misses:910  Hit Ratio: 100.00%
DCACHE: size: 16 KB assoc: 4
DCACHE: hits:4753476 misses:9516016 writebacks:14  Hit Ratio: 33.31%
SCACHE: size: 512 KB assoc: 2
SCACHE: hits:9319040 misses:197886  Hit Ratio: 97.92%
3CACHE: size: 4096 KB assoc: 2
3CACHE: hits:190481 misses:7405  Hit Ratio: 96.26%
3CACHE: dirty items replaced:48
ITLB: size: 48, misses 4, miss rate 0.00%
DTLB: size: 128, misses 1903, miss rate 0.01%
Avg mem delay: 1.876 cycles
----------------------------------------
==== Statistics for Master ID: 3 ====
Reads: 296698851   Writes: 37566383
ICACHE: size: 64 KB assoc: 2
ICACHE: hits:159509241 misses:1228605  Hit Ratio: 99.24%
DCACHE: size: 16 KB assoc: 4
DCACHE: hits:166775022 misses:6752366 writebacks:788441  Hit Ratio: 96.11%
SCACHE: size: 512 KB assoc: 2
SCACHE: hits:7241009 misses:739962  Hit Ratio: 90.73%
3CACHE: size: 4096 KB assoc: 2
3CACHE: hits:654967 misses:84995  Hit Ratio: 88.51%
3CACHE: dirty items replaced:1267
ITLB: size: 48, misses 121, miss rate 0.00%
DTLB: size: 128, misses 522523, miss rate 0.30%
Avg mem delay: 1.876 cycles
----------------------------------------
==== Global Resource Utilization ====
STASH: size: 65536 entries, full 2465632371, empty 64968216, misses 6184059, full rate 97.20
icache bank util. 0.402 0.299 0.071 0.071 0.078 0.062 0.126 0.244 
dcache bank util. 0.084 0.104 0.105 0.067 0.134 0.136 0.147 0.114 
L2 bank util. 0.038 0.053 0.045 0.036 0.042 0.046 0.039 0.047 
L1-L2 bus util. = 0.204, L3 util. = 0.003
----------------------------------------
branch prediction, hits = 73514763, misses = 5201908, hit rate = 93.39%
return_stack prediction, hits = 7673434, misses = 715, hit rate = 99.99%
jump prediction, hits = 89020176, misses = 7657226, hit rate = 92.08%

**** Debug Statistics at 401000000 Cycles *****
Threads: 4		Fetch Width: 8
No of useful instructions fetched:	1702468799 (53.07% proc util.)
No of total instructions fetched:	1915882680 (59.72% proc util.)
 includes 42097896 misfetch (2.2%), 171315985 (8.9%) wrong-path fetches
 and 0 flushed after failed lock(0.0%)
No of useful instructions issued/executed:	1702468748 (53.07% proc util.)
No of total instructions issued/executed:	1782084895 (55.55% proc util.)
 includes 79616147 wrong-path (4.5%) insts and 0 flushed (0.0%)
	fp 174, 0.00%
	synch 0, 0.00%
	integer 1501873473, 84.28%
	load/store 280211248, 15.72%
Avg size of int IQ (before scheduling): 31.55
Avg size of fp IQ (before scheduling): 0.00
No of cycles taken:		401000000
Parallelism [ 1.459, 0.000, 1.280, 1.507,] = 4.246
 IQ conflicts: 320765 (0.08%), FQ conflicts: 0 (0.00%) 
 I reg conflicts: 125159762 (31.21%), FP reg conflicts: 0 (0.00%)
  Activelist confs: 0 (0.00%), ROB confs: 78785 (0.02%)
  Int unit conflicts: 464772636 (115.90%), FP unit conflicts: 0 (0.00%)
  Load/store unit conflicts: 16032510 (4.00%)
  MSHR conflicts: 18489 (0.00%)
----------------------------------------
==== System-wide Cache Statistics ====
Stall for miss queue full 0 cycles (0.00%)
----------------------------------------
==== Statistics for Master ID: 0 ====
Reads: 211456100   Writes: 0
ICACHE: size: 64 KB assoc: 2
ICACHE: hits:181113969 misses:306  Hit Ratio: 100.00%
DCACHE: size: 16 KB assoc: 4
DCACHE: hits:27448901 misses:2892924 writebacks:0  Hit Ratio: 90.47%
SCACHE: size: 512 KB assoc: 2
SCACHE: hits:2890476 misses:2754  Hit Ratio: 99.90%
3CACHE: size: 4096 KB assoc: 2
3CACHE: hits:2400 misses:354  Hit Ratio: 87.15%
3CACHE: dirty items replaced:16
ITLB: size: 48, misses 1, miss rate 0.00%
DTLB: size: 128, misses 2284, miss rate 0.01%
Avg mem delay: 1.876 cycles
----------------------------------------
==== Statistics for Master ID: 2 ====
Reads: 161676570   Writes: 36
ICACHE: size: 64 KB assoc: 2
ICACHE: hits:142670354 misses:1211  Hit Ratio: 100.00%
DCACHE: size: 16 KB assoc: 4
DCACHE: hits:6332008 misses:12673033 writebacks:15  Hit Ratio: 33.32%
SCACHE: size: 512 KB assoc: 2
SCACHE: hits:12414430 misses:259814  Hit Ratio: 97.95%
3CACHE: size: 4096 KB assoc: 2
3CACHE: hits:250439 misses:9375  Hit Ratio: 96.39%
3CACHE: dirty items replaced:63
ITLB: size: 48, misses 4, miss rate 0.00%
DTLB: size: 128, misses 2530, miss rate 0.01%
Avg mem delay: 1.876 cycles
----------------------------------------
==== Statistics for Master ID: 3 ====
Reads: 395513991   Writes: 49602229
ICACHE: size: 64 KB assoc: 2
ICACHE: hits:212680364 misses:1588282  Hit Ratio: 99.26%
DCACHE: size: 16 KB assoc: 4
DCACHE: hits:221815897 misses:9031677 writebacks:1028154  Hit Ratio: 96.09%
SCACHE: size: 512 KB assoc: 2
SCACHE: hits:9660608 misses:959349  Hit Ratio: 90.97%
3CACHE: size: 4096 KB assoc: 2
3CACHE: hits:858959 misses:100390  Hit Ratio: 89.54%
3CACHE: dirty items replaced:1799
ITLB: size: 48, misses 128, miss rate 0.00%
DTLB: size: 128, misses 704839, miss rate 0.31%
Avg mem delay: 1.876 cycles
----------------------------------------
==== Global Resource Utilization ====
STASH: size: 65536 entries, full 2952472747, empty 86380237, misses 8209515, full rate 96.90
icache bank util. 0.402 0.299 0.071 0.071 0.079 0.062 0.126 0.243 
dcache bank util. 0.083 0.104 0.104 0.067 0.133 0.136 0.148 0.115 
L2 bank util. 0.038 0.053 0.045 0.036 0.042 0.046 0.039 0.048 
L1-L2 bus util. = 0.204, L3 util. = 0.003
----------------------------------------
branch prediction, hits = 97838896, misses = 6854432, hit rate = 93.45%
return_stack prediction, hits = 10341302, misses = 980, hit rate = 99.99%
jump prediction, hits = 118438109, misses = 10287275, hit rate = 92.01%

**** Early Exiting at 470514809 Cycles *****
========================================
 SMTSIM Global Statistics
========================================
Threads: 4		Fetch Width: 8
No of useful instructions fetched:	2000000109 (53.13% proc util.)
No of total instructions fetched:	2247986711 (59.72% proc util.)
 includes 49286975 misfetch (2.2%), 198699627 (8.8%) wrong-path fetches
 and 0 flushed after failed lock(0.0%)
No of useful instructions issued/executed:	2000000063 (53.13% proc util.)
No of total instructions issued/executed:	2092551989 (55.59% proc util.)
 includes 92551926 wrong-path (4.4%) insts and 0 flushed (0.0%)
	fp 180, 0.00%
	synch 0, 0.00%
	integer 1763805918, 84.29%
	load/store 328745891, 15.71%
Avg size of int IQ (before scheduling): 31.57
Avg size of fp IQ (before scheduling): 0.00
No of cycles taken:		470514809
Parallelism [ 1.459, 0.000, 1.280, 1.511,] = 4.251
 IQ conflicts: 365516 (0.08%), FQ conflicts: 0 (0.00%) 
 I reg conflicts: 146840111 (31.21%), FP reg conflicts: 0 (0.00%)
  Activelist confs: 0 (0.00%), ROB confs: 78785 (0.02%)
  Int unit conflicts: 545689029 (115.98%), FP unit conflicts: 0 (0.00%)
  Load/store unit conflicts: 18775200 (3.99%)
  MSHR conflicts: 19666 (0.00%)
----------------------------------------
==== System-wide Cache Statistics ====
Stall for miss queue full 0 cycles (0.00%)
----------------------------------------
==== Statistics for Master ID: 0 ====
Reads: 248085391   Writes: 0
ICACHE: size: 64 KB assoc: 2
ICACHE: hits:212472840 misses:347  Hit Ratio: 100.00%
DCACHE: size: 16 KB assoc: 4
DCACHE: hits:32216447 misses:3395757 writebacks:0  Hit Ratio: 90.46%
SCACHE: size: 512 KB assoc: 2
SCACHE: hits:3392945 misses:3159  Hit Ratio: 99.91%
3CACHE: size: 4096 KB assoc: 2
3CACHE: hits:2805 misses:354  Hit Ratio: 88.79%
3CACHE: dirty items replaced:16
ITLB: size: 48, misses 1, miss rate 0.00%
DTLB: size: 128, misses 2750, miss rate 0.01%
Avg mem delay: 1.874 cycles
----------------------------------------
==== Statistics for Master ID: 2 ====
Reads: 189722117   Writes: 36
ICACHE: size: 64 KB assoc: 2
ICACHE: hits:167413307 misses:1410  Hit Ratio: 100.00%
DCACHE: size: 16 KB assoc: 4
DCACHE: hits:7432219 misses:14875217 writebacks:15  Hit Ratio: 33.32%
SCACHE: size: 512 KB assoc: 2
SCACHE: hits:14577417 misses:299210  Hit Ratio: 97.99%
3CACHE: size: 4096 KB assoc: 2
3CACHE: hits:288895 misses:10315  Hit Ratio: 96.55%
3CACHE: dirty items replaced:75
ITLB: size: 48, misses 4, miss rate 0.00%
DTLB: size: 128, misses 2944, miss rate 0.01%
Avg mem delay: 1.874 cycles
----------------------------------------
==== Statistics for Master ID: 3 ====
Reads: 464286815   Writes: 58075131
ICACHE: size: 64 KB assoc: 2
ICACHE: hits:249700637 misses:1854132  Hit Ratio: 99.26%
DCACHE: size: 16 KB assoc: 4
DCACHE: hits:260239598 misses:10567579 writebacks:1188280  Hit Ratio: 96.10%
SCACHE: size: 512 KB assoc: 2
SCACHE: hits:11319664 misses:1102047  Hit Ratio: 91.13%
3CACHE: size: 4096 KB assoc: 2
3CACHE: hits:993175 misses:108872  Hit Ratio: 90.12%
3CACHE: dirty items replaced:3409
ITLB: size: 48, misses 133, miss rate 0.00%
DTLB: size: 128, misses 827914, miss rate 0.31%
Avg mem delay: 1.874 cycles
----------------------------------------
==== Global Resource Utilization ====
STASH: size: 65536 entries, full 3290610591, empty 101889361, misses 9673301, full rate 96.72
icache bank util. 0.402 0.299 0.071 0.071 0.080 0.062 0.126 0.243 
dcache bank util. 0.084 0.103 0.104 0.068 0.133 0.136 0.149 0.114 
L2 bank util. 0.038 0.053 0.045 0.036 0.042 0.046 0.038 0.048 
L1-L2 bus util. = 0.203, L3 util. = 0.003
----------------------------------------
branch prediction, hits = 114977301, misses = 7950891, hit rate = 93.53%
return_stack prediction, hits = 12221252, misses = 1133, hit rate = 99.99%
jump prediction, hits = 139281753, misses = 12009882, hit rate = 92.06%
total IPC 4.251

=== Results saved to: ./results/seqacc_2_cacherand_1_crafty_1.txt ===
