测试组合（多线程优先）：gcc-integrate.arg2 + gzip-source.arg + mgrid.arg
执行命令：./smtsim gcc-integrate.arg2 gzip-source.arg mgrid.arg
==================================================

 function_cannot_inline_p save_for_inline copy_for_inline expand_inline_functionSMTCache
Process 0, Thread 0: gcc-integrate
Process 0, Thread 1: gcc-integrate
Process 2, Thread 2: gzip-source
Process 3, Thread 3: mgrid

**** Debug Statistics at 1000000 Cycles *****
Threads: 4		Fetch Width: 8
No of useful instructions fetched:	530108 (6.63% proc util.)
No of total instructions fetched:	713587 (8.92% proc util.)
 includes 46918 misfetch (6.6%), 136561 (19.1%) wrong-path fetches
 and 0 flushed after failed lock(0.0%)
No of useful instructions issued/executed:	530046 (6.63% proc util.)
No of total instructions issued/executed:	593767 (7.42% proc util.)
 includes 63721 wrong-path (10.7%) insts and 0 flushed (0.0%)
	fp 161, 0.03%
	synch 0, 0.00%
	integer 363201, 61.17%
	load/store 230405, 38.80%
Avg size of int IQ (before scheduling): 34.24
Avg size of fp IQ (before scheduling): 0.02
No of cycles taken:		1000000
Parallelism [ 0.148, 0.000, 0.139, 0.243,] = 0.530
 IQ conflicts: 8207 (0.82%), FQ conflicts: 0 (0.00%) 
 I reg conflicts: 859100 (85.91%), FP reg conflicts: 0 (0.00%)
  Activelist confs: 54 (0.01%), ROB confs: 88 (0.01%)
  Int unit conflicts: 62054 (6.21%), FP unit conflicts: 2 (0.00%)
  Load/store unit conflicts: 48377 (4.84%)
  MSHR conflicts: 2603424 (260.34%)
----------------------------------------
==== System-wide Cache Statistics ====
Stall for miss queue full 0 cycles (0.00%)
----------------------------------------
==== Statistics for Master ID: 0 ====
Reads: 124793   Writes: 21629
ICACHE: size: 64 KB assoc: 2
ICACHE: hits:70927 misses:2816  Hit Ratio: 96.18%
DCACHE: size: 32 KB assoc: 8
DCACHE: hits:71713 misses:966 writebacks:284  Hit Ratio: 98.67%
SCACHE: size: 512 KB assoc: 2
SCACHE: hits:1784 misses:1998  Hit Ratio: 47.17%
3CACHE: size: 4096 KB assoc: 2
3CACHE: hits:213 misses:1785  Hit Ratio: 10.66%
3CACHE: dirty items replaced:0
ITLB: size: 48, misses 131, miss rate 0.18%
DTLB: size: 128, misses 721, miss rate 0.99%
Avg mem delay: 54.959 cycles
----------------------------------------
==== Statistics for Master ID: 2 ====
Reads: 97739   Writes: 22589
ICACHE: size: 64 KB assoc: 2
ICACHE: hits:53414 misses:218  Hit Ratio: 99.59%
DCACHE: size: 32 KB assoc: 8
DCACHE: hits:44847 misses:21849 writebacks:21682  Hit Ratio: 67.24%
SCACHE: size: 512 KB assoc: 2
SCACHE: hits:17 misses:22049  Hit Ratio: 0.08%
3CACHE: size: 4096 KB assoc: 2
3CACHE: hits:0 misses:22049  Hit Ratio: 0.00%
3CACHE: dirty items replaced:0
ITLB: size: 48, misses 18, miss rate 0.03%
DTLB: size: 128, misses 5443, miss rate 8.16%
Avg mem delay: 54.959 cycles
----------------------------------------
==== Statistics for Master ID: 3 ====
Reads: 127071   Writes: 42900
ICACHE: size: 64 KB assoc: 2
ICACHE: hits:78120 misses:1480  Hit Ratio: 98.14%
DCACHE: size: 32 KB assoc: 8
DCACHE: hits:87927 misses:2444 writebacks:1906  Hit Ratio: 97.30%
SCACHE: size: 512 KB assoc: 2
SCACHE: hits:644 misses:3280  Hit Ratio: 16.41%
3CACHE: size: 4096 KB assoc: 2
3CACHE: hits:34 misses:3246  Hit Ratio: 1.04%
3CACHE: dirty items replaced:0
ITLB: size: 48, misses 106, miss rate 0.13%
DTLB: size: 128, misses 269, miss rate 0.30%
Avg mem delay: 54.959 cycles
----------------------------------------
==== Global Resource Utilization ====
STASH: size: 65536 entries, full 92832478, empty 7114031, misses 836808, full rate 92.11
icache bank util. 0.040 0.026 0.025 0.016 0.022 0.021 0.026 0.046 
dcache bank util. 0.017 0.019 0.055 0.029 0.019 0.015 0.197 0.026 
L2 bank util. 0.009 0.009 0.009 0.008 0.009 0.008 0.270 0.008 
L1-L2 bus util. = 0.161, L3 util. = 0.271
----------------------------------------
branch prediction, hits = 40741, misses = 7980, hit rate = 83.62%
return_stack prediction, hits = 9989, misses = 35, hit rate = 99.65%
jump prediction, hits = 49092, misses = 10508, hit rate = 82.37%

**** Debug Statistics at 101000000 Cycles *****
Threads: 4		Fetch Width: 8
No of useful instructions fetched:	113550849 (14.05% proc util.)
No of total instructions fetched:	131885154 (16.32% proc util.)
 includes 4641757 misfetch (3.5%), 13692548 (10.4%) wrong-path fetches
 and 0 flushed after failed lock(0.0%)
No of useful instructions issued/executed:	113550828 (14.05% proc util.)
No of total instructions issued/executed:	119305606 (14.77% proc util.)
 includes 5754778 wrong-path (4.8%) insts and 0 flushed (0.0%)
	fp 16402115, 13.75%
	synch 0, 0.00%
	integer 57259097, 47.99%
	load/store 45644394, 38.26%
Avg size of int IQ (before scheduling): 15.12
Avg size of fp IQ (before scheduling): 2.94
No of cycles taken:		101000000
Parallelism [ 0.369, 0.000, 0.268, 0.487,] = 1.124
 IQ conflicts: 100459 (0.10%), FQ conflicts: 0 (0.00%) 
 I reg conflicts: 76353280 (75.60%), FP reg conflicts: 3501359 (3.47%)
  Activelist confs: 54 (0.00%), ROB confs: 7049 (0.01%)
  Int unit conflicts: 5082478 (5.03%), FP unit conflicts: 66376 (0.07%)
  Load/store unit conflicts: 11812296 (11.70%)
  MSHR conflicts: 247643668 (245.19%)
----------------------------------------
==== System-wide Cache Statistics ====
Stall for miss queue full 0 cycles (0.00%)
----------------------------------------
==== Statistics for Master ID: 0 ====
Reads: 26889847   Writes: 4858599
ICACHE: size: 64 KB assoc: 2
ICACHE: hits:15347785 misses:236473  Hit Ratio: 98.48%
DCACHE: size: 32 KB assoc: 8
DCACHE: hits:15981855 misses:182333 writebacks:181181  Hit Ratio: 98.87%
SCACHE: size: 512 KB assoc: 2
SCACHE: hits:220042 misses:198764  Hit Ratio: 52.54%
3CACHE: size: 4096 KB assoc: 2
3CACHE: hits:136787 misses:61977  Hit Ratio: 68.82%
3CACHE: dirty items replaced:5643
ITLB: size: 48, misses 8607, miss rate 0.06%
DTLB: size: 128, misses 17907, miss rate 0.11%
Avg mem delay: 10.176 cycles
----------------------------------------
==== Statistics for Master ID: 2 ====
Reads: 14550364   Writes: 4507992
ICACHE: size: 64 KB assoc: 2
ICACHE: hits:9856918 misses:648  Hit Ratio: 99.99%
DCACHE: size: 32 KB assoc: 8
DCACHE: hits:7935695 misses:1265095 writebacks:1046179  Hit Ratio: 86.25%
SCACHE: size: 512 KB assoc: 2
SCACHE: hits:26 misses:1265717  Hit Ratio: 0.00%
3CACHE: size: 4096 KB assoc: 2
3CACHE: hits:6 misses:1265711  Hit Ratio: 0.00%
3CACHE: dirty items replaced:55314
ITLB: size: 48, misses 59, miss rate 0.00%
DTLB: size: 128, misses 63036, miss rate 0.69%
Avg mem delay: 10.176 cycles
----------------------------------------
==== Statistics for Master ID: 3 ====
Reads: 30862844   Writes: 5104619
ICACHE: size: 64 KB assoc: 2
ICACHE: hits:15718714 misses:7441  Hit Ratio: 99.95%
DCACHE: size: 32 KB assoc: 8
DCACHE: hits:19312979 misses:928329 writebacks:927780  Hit Ratio: 95.41%
SCACHE: size: 512 KB assoc: 2
SCACHE: hits:5185 misses:930585  Hit Ratio: 0.55%
3CACHE: size: 4096 KB assoc: 2
3CACHE: hits:78609 misses:851976  Hit Ratio: 8.45%
3CACHE: dirty items replaced:19003
ITLB: size: 48, misses 204, miss rate 0.00%
DTLB: size: 128, misses 18936, miss rate 0.09%
Avg mem delay: 10.176 cycles
----------------------------------------
==== Global Resource Utilization ====
STASH: size: 65536 entries, full 248092103, empty 10979757, misses 1184095, full rate 95.33
icache bank util. 0.035 0.039 0.037 0.040 0.043 0.146 0.038 0.037 
dcache bank util. 0.073 0.069 0.071 0.069 0.069 0.069 0.079 0.087 
L2 bank util. 0.033 0.034 0.033 0.034 0.033 0.033 0.041 0.048 
L1-L2 bus util. = 0.142, L3 util. = 0.216
----------------------------------------
branch prediction, hits = 10364344, misses = 994438, hit rate = 91.25%
return_stack prediction, hits = 495050, misses = 147, hit rate = 99.97%
jump prediction, hits = 9518483, misses = 1275048, hit rate = 88.19%
 copy_parm_decls copy_decl_tree copy_rtx_and_substitute
**** Debug Statistics at 201000000 Cycles *****
Threads: 4		Fetch Width: 8
No of useful instructions fetched:	291695734 (18.14% proc util.)
No of total instructions fetched:	339218930 (21.10% proc util.)
 includes 7979979 misfetch (2.4%), 39543217 (11.7%) wrong-path fetches
 and 0 flushed after failed lock(0.0%)
No of useful instructions issued/executed:	291695723 (18.14% proc util.)
No of total instructions issued/executed:	310313789 (19.30% proc util.)
 includes 18618066 wrong-path (6.0%) insts and 0 flushed (0.0%)
	fp 48276577, 15.56%
	synch 0, 0.00%
	integer 149741352, 48.25%
	load/store 112295860, 36.19%
Avg size of int IQ (before scheduling): 13.81
Avg size of fp IQ (before scheduling): 4.16
No of cycles taken:		201000000
Parallelism [ 0.428, 0.000, 0.404, 0.619,] = 1.451
 IQ conflicts: 257440 (0.13%), FQ conflicts: 0 (0.00%) 
 I reg conflicts: 108210583 (53.84%), FP reg conflicts: 36840224 (18.33%)
  Activelist confs: 54 (0.00%), ROB confs: 11574 (0.01%)
  Int unit conflicts: 20005423 (9.95%), FP unit conflicts: 198845 (0.10%)
  Load/store unit conflicts: 22288821 (11.09%)
  MSHR conflicts: 323948013 (161.17%)
----------------------------------------
==== System-wide Cache Statistics ====
Stall for miss queue full 0 cycles (0.00%)
----------------------------------------
==== Statistics for Master ID: 0 ====
Reads: 63707397   Writes: 11022538
ICACHE: size: 64 KB assoc: 2
ICACHE: hits:36709295 misses:510621  Hit Ratio: 98.63%
DCACHE: size: 32 KB assoc: 8
DCACHE: hits:37052201 misses:457818 writebacks:456666  Hit Ratio: 98.78%
SCACHE: size: 512 KB assoc: 2
SCACHE: hits:494633 misses:473806  Hit Ratio: 51.08%
3CACHE: size: 4096 KB assoc: 2
3CACHE: hits:312921 misses:160885  Hit Ratio: 66.04%
3CACHE: dirty items replaced:17469
ITLB: size: 48, misses 31455, miss rate 0.08%
DTLB: size: 128, misses 47028, miss rate 0.13%
Avg mem delay: 6.932 cycles
----------------------------------------
==== Statistics for Master ID: 2 ====
Reads: 45210576   Writes: 9556071
ICACHE: size: 64 KB assoc: 2
ICACHE: hits:30162347 misses:3137  Hit Ratio: 99.99%
DCACHE: size: 32 KB assoc: 8
DCACHE: hits:22468507 misses:2132656 writebacks:1859289  Hit Ratio: 91.33%
SCACHE: size: 512 KB assoc: 2
SCACHE: hits:121853 misses:2013940  Hit Ratio: 5.71%
3CACHE: size: 4096 KB assoc: 2
3CACHE: hits:73669 misses:1940271  Hit Ratio: 3.66%
3CACHE: dirty items replaced:108023
ITLB: size: 48, misses 173, miss rate 0.00%
DTLB: size: 128, misses 91522, miss rate 0.37%
Avg mem delay: 6.932 cycles
----------------------------------------
==== Statistics for Master ID: 3 ====
Reads: 85721786   Writes: 6132139
ICACHE: size: 64 KB assoc: 2
ICACHE: hits:41730595 misses:10725  Hit Ratio: 99.97%
DCACHE: size: 32 KB assoc: 8
DCACHE: hits:48525601 misses:1587004 writebacks:1586455  Hit Ratio: 96.83%
SCACHE: size: 512 KB assoc: 2
SCACHE: hits:22672 misses:1575057  Hit Ratio: 1.42%
3CACHE: size: 4096 KB assoc: 2
3CACHE: hits:270228 misses:1304829  Hit Ratio: 17.16%
3CACHE: dirty items replaced:59790
ITLB: size: 48, misses 205, miss rate 0.00%
DTLB: size: 128, misses 29492, miss rate 0.06%
Avg mem delay: 6.932 cycles
----------------------------------------
==== Global Resource Utilization ====
STASH: size: 65536 entries, full 506126936, empty 15694608, misses 1599614, full rate 96.70
icache bank util. 0.057 0.058 0.056 0.061 0.063 0.141 0.058 0.058 
dcache bank util. 0.081 0.083 0.084 0.082 0.088 0.079 0.092 0.090 
L2 bank util. 0.031 0.031 0.031 0.031 0.030 0.030 0.034 0.038 
L1-L2 bus util. = 0.128, L3 util. = 0.169
----------------------------------------
branch prediction, hits = 21530587, misses = 2290838, hit rate = 90.38%
return_stack prediction, hits = 1272598, misses = 1416, hit rate = 99.89%
jump prediction, hits = 21017643, misses = 2351283, hit rate = 89.94%
 copy_address
**** Debug Statistics at 301000000 Cycles *****
Threads: 4		Fetch Width: 8
No of useful instructions fetched:	555543478 (23.07% proc util.)
No of total instructions fetched:	695885461 (28.90% proc util.)
 includes 16907542 misfetch (2.4%), 123434441 (17.7%) wrong-path fetches
 and 0 flushed after failed lock(0.0%)
No of useful instructions issued/executed:	555543442 (23.07% proc util.)
No of total instructions issued/executed:	615531726 (25.56% proc util.)
 includes 59988284 wrong-path (9.7%) insts and 0 flushed (0.0%)
	fp 78330333, 12.73%
	synch 0, 0.00%
	integer 324750094, 52.76%
	load/store 212451299, 34.52%
Avg size of int IQ (before scheduling): 15.86
Avg size of fp IQ (before scheduling): 8.92
No of cycles taken:		301000000
Parallelism [ 0.559, 0.000, 0.665, 0.622,] = 1.846
 IQ conflicts: 2596557 (0.86%), FQ conflicts: 2804348 (0.93%) 
 I reg conflicts: 119746910 (39.78%), FP reg conflicts: 64168323 (21.32%)
  Activelist confs: 76 (0.00%), ROB confs: 36697 (0.01%)
  Int unit conflicts: 96068234 (31.92%), FP unit conflicts: 541843 (0.18%)
  Load/store unit conflicts: 40948625 (13.60%)
  MSHR conflicts: 380335509 (126.36%)
----------------------------------------
==== System-wide Cache Statistics ====
Stall for miss queue full 0 cycles (0.00%)
----------------------------------------
==== Statistics for Master ID: 0 ====
Reads: 135565607   Writes: 23417834
ICACHE: size: 64 KB assoc: 2
ICACHE: hits:77824297 misses:921327  Hit Ratio: 98.83%
DCACHE: size: 32 KB assoc: 8
DCACHE: hits:79298881 misses:938936 writebacks:937784  Hit Ratio: 98.83%
SCACHE: size: 512 KB assoc: 2
SCACHE: hits:1031045 misses:829218  Hit Ratio: 55.42%
3CACHE: size: 4096 KB assoc: 2
3CACHE: hits:557075 misses:272142  Hit Ratio: 67.18%
3CACHE: dirty items replaced:49555
ITLB: size: 48, misses 44675, miss rate 0.06%
DTLB: size: 128, misses 102846, miss rate 0.13%
Avg mem delay: 5.011 cycles
----------------------------------------
==== Statistics for Master ID: 2 ====
Reads: 114269502   Writes: 19242672
ICACHE: size: 64 KB assoc: 2
ICACHE: hits:73309676 misses:9070  Hit Ratio: 99.99%
DCACHE: size: 32 KB assoc: 8
DCACHE: hits:57312973 misses:2880455 writebacks:2607088  Hit Ratio: 95.21%
SCACHE: size: 512 KB assoc: 2
SCACHE: hits:669977 misses:2219548  Hit Ratio: 23.19%
3CACHE: size: 4096 KB assoc: 2
3CACHE: hits:232200 misses:1987348  Hit Ratio: 10.46%
3CACHE: dirty items replaced:119055
ITLB: size: 48, misses 373, miss rate 0.00%
DTLB: size: 128, misses 101467, miss rate 0.17%
Avg mem delay: 5.011 cycles
----------------------------------------
==== Statistics for Master ID: 3 ====
Reads: 131295487   Writes: 7392235
ICACHE: size: 64 KB assoc: 2
ICACHE: hits:66854191 misses:18774  Hit Ratio: 99.97%
DCACHE: size: 32 KB assoc: 8
DCACHE: hits:69422540 misses:2392217 writebacks:2391668  Hit Ratio: 96.67%
SCACHE: size: 512 KB assoc: 2
SCACHE: hits:54982 misses:2356009  Hit Ratio: 2.28%
3CACHE: size: 4096 KB assoc: 2
3CACHE: hits:429063 misses:1926946  Hit Ratio: 18.21%
3CACHE: dirty items replaced:157014
ITLB: size: 48, misses 246, miss rate 0.00%
DTLB: size: 128, misses 46492, miss rate 0.06%
Avg mem delay: 5.011 cycles
----------------------------------------
==== Global Resource Utilization ====
STASH: size: 65536 entries, full 918499981, empty 23060889, misses 2259328, full rate 97.32
icache bank util. 0.079 0.075 0.072 0.082 0.091 0.155 0.094 0.089 
dcache bank util. 0.094 0.103 0.107 0.102 0.116 0.090 0.115 0.099 
L2 bank util. 0.031 0.031 0.030 0.030 0.030 0.030 0.033 0.035 
L1-L2 bus util. = 0.131, L3 util. = 0.139
----------------------------------------
branch prediction, hits = 38219778, misses = 5069649, hit rate = 88.29%
return_stack prediction, hits = 3207498, misses = 1970, hit rate = 99.94%
jump prediction, hits = 39561583, misses = 4724241, hit rate = 89.33%

**** Debug Statistics at 401000000 Cycles *****
Threads: 4		Fetch Width: 8
No of useful instructions fetched:	813601102 (25.36% proc util.)
No of total instructions fetched:	1018818126 (31.76% proc util.)
 includes 26390445 misfetch (2.6%), 178826579 (17.6%) wrong-path fetches
 and 0 flushed after failed lock(0.0%)
No of useful instructions issued/executed:	813601063 (25.36% proc util.)
No of total instructions issued/executed:	900154504 (28.06% proc util.)
 includes 86553441 wrong-path (9.6%) insts and 0 flushed (0.0%)
	fp 117614441, 13.07%
	synch 0, 0.00%
	integer 474247117, 52.69%
	load/store 308292946, 34.25%
Avg size of int IQ (before scheduling): 16.53
Avg size of fp IQ (before scheduling): 9.06
No of cycles taken:		401000000
Parallelism [ 0.594, 0.000, 0.741, 0.694,] = 2.029
 IQ conflicts: 5041118 (1.26%), FQ conflicts: 2804436 (0.70%) 
 I reg conflicts: 130253027 (32.48%), FP reg conflicts: 99771074 (24.88%)
  Activelist confs: 455 (0.00%), ROB confs: 134869 (0.03%)
  Int unit conflicts: 141337185 (35.25%), FP unit conflicts: 1636575 (0.41%)
  Load/store unit conflicts: 58709628 (14.64%)
  MSHR conflicts: 456738840 (113.90%)
----------------------------------------
==== System-wide Cache Statistics ====
Stall for miss queue full 0 cycles (0.00%)
----------------------------------------
==== Statistics for Master ID: 0 ====
Reads: 194239148   Writes: 34472313
ICACHE: size: 64 KB assoc: 2
ICACHE: hits:113154377 misses:1344056  Hit Ratio: 98.83%
DCACHE: size: 32 KB assoc: 8
DCACHE: hits:112310856 misses:1902172 writebacks:1901020  Hit Ratio: 98.33%
SCACHE: size: 512 KB assoc: 2
SCACHE: hits:1980793 misses:1265434  Hit Ratio: 61.02%
3CACHE: size: 4096 KB assoc: 2
3CACHE: hits:916849 misses:348585  Hit Ratio: 72.45%
3CACHE: dirty items replaced:80970
ITLB: size: 48, misses 45603, miss rate 0.04%
DTLB: size: 128, misses 152055, miss rate 0.13%
Avg mem delay: 4.607 cycles
----------------------------------------
==== Statistics for Master ID: 2 ====
Reads: 167439510   Writes: 26231147
ICACHE: size: 64 KB assoc: 2
ICACHE: hits:107115882 misses:15054  Hit Ratio: 99.99%
DCACHE: size: 32 KB assoc: 8
DCACHE: hits:83156415 misses:3383306 writebacks:3109939  Hit Ratio: 96.09%
SCACHE: size: 512 KB assoc: 2
SCACHE: hits:938476 misses:2459884  Hit Ratio: 27.62%
3CACHE: size: 4096 KB assoc: 2
3CACHE: hits:416110 misses:2043774  Hit Ratio: 16.92%
3CACHE: dirty items replaced:141015
ITLB: size: 48, misses 546, miss rate 0.00%
DTLB: size: 128, misses 113861, miss rate 0.13%
Avg mem delay: 4.607 cycles
----------------------------------------
==== Statistics for Master ID: 3 ====
Reads: 194040113   Writes: 11312198
ICACHE: size: 64 KB assoc: 2
ICACHE: hits:98145268 misses:31327  Hit Ratio: 99.97%
DCACHE: size: 32 KB assoc: 8
DCACHE: hits:103523273 misses:3652443 writebacks:3651894  Hit Ratio: 96.59%
SCACHE: size: 512 KB assoc: 2
SCACHE: hits:269331 misses:3414439  Hit Ratio: 7.31%
3CACHE: size: 4096 KB assoc: 2
3CACHE: hits:744334 misses:2670105  Hit Ratio: 21.80%
3CACHE: dirty items replaced:335212
ITLB: size: 48, misses 518, miss rate 0.00%
DTLB: size: 128, misses 72510, miss rate 0.07%
Avg mem delay: 4.607 cycles
----------------------------------------
==== Global Resource Utilization ====
STASH: size: 65536 entries, full 1298701011, empty 29965140, misses 2883237, full rate 97.53
icache bank util. 0.091 0.084 0.081 0.089 0.106 0.157 0.101 0.099 
dcache bank util. 0.106 0.114 0.114 0.108 0.127 0.098 0.125 0.108 
L2 bank util. 0.032 0.033 0.033 0.033 0.032 0.032 0.034 0.036 
L1-L2 bus util. = 0.142, L3 util. = 0.126
----------------------------------------
branch prediction, hits = 53670292, misses = 7521481, hit rate = 87.71%
return_stack prediction, hits = 4539967, misses = 2137, hit rate = 99.95%
jump prediction, hits = 54973349, misses = 7220488, hit rate = 88.39%

**** Debug Statistics at 501000000 Cycles *****
Threads: 4		Fetch Width: 8
No of useful instructions fetched:	1032848144 (25.77% proc util.)
No of total instructions fetched:	1278217050 (31.89% proc util.)
 includes 30934789 misfetch (2.4%), 214434117 (16.8%) wrong-path fetches
 and 0 flushed after failed lock(0.0%)
No of useful instructions issued/executed:	1032848102 (25.77% proc util.)
No of total instructions issued/executed:	1137344563 (28.38% proc util.)
 includes 104496461 wrong-path (9.2%) insts and 0 flushed (0.0%)
	fp 154524755, 13.59%
	synch 0, 0.00%
	integer 590619782, 51.93%
	load/store 392200026, 34.48%
Avg size of int IQ (before scheduling): 15.52
Avg size of fp IQ (before scheduling): 8.44
No of cycles taken:		501000000
Parallelism [ 0.587, 0.000, 0.745, 0.730,] = 2.062
 IQ conflicts: 5752987 (1.15%), FQ conflicts: 2804436 (0.56%) 
 I reg conflicts: 134085131 (26.76%), FP reg conflicts: 151925592 (30.32%)
  Activelist confs: 476 (0.00%), ROB confs: 207823 (0.04%)
  Int unit conflicts: 171119501 (34.16%), FP unit conflicts: 1778556 (0.36%)
  Load/store unit conflicts: 76668184 (15.30%)
  MSHR conflicts: 497621949 (99.33%)
----------------------------------------
==== System-wide Cache Statistics ====
Stall for miss queue full 0 cycles (0.00%)
----------------------------------------
==== Statistics for Master ID: 0 ====
Reads: 240084156   Writes: 45021382
ICACHE: size: 64 KB assoc: 2
ICACHE: hits:140751181 misses:1572875  Hit Ratio: 98.89%
DCACHE: size: 32 KB assoc: 8
DCACHE: hits:140091600 misses:2689882 writebacks:2688730  Hit Ratio: 98.12%
SCACHE: size: 512 KB assoc: 2
SCACHE: hits:2576919 misses:1685838  Hit Ratio: 60.45%
3CACHE: size: 4096 KB assoc: 2
3CACHE: hits:1255031 misses:430807  Hit Ratio: 74.45%
3CACHE: dirty items replaced:113953
ITLB: size: 48, misses 47232, miss rate 0.03%
DTLB: size: 128, misses 193683, miss rate 0.14%
Avg mem delay: 4.299 cycles
----------------------------------------
==== Statistics for Master ID: 2 ====
Reads: 209226857   Writes: 31919706
ICACHE: size: 64 KB assoc: 2
ICACHE: hits:133936407 misses:18911  Hit Ratio: 99.99%
DCACHE: size: 32 KB assoc: 8
DCACHE: hits:103458800 misses:3732445 writebacks:3459078  Hit Ratio: 96.52%
SCACHE: size: 512 KB assoc: 2
SCACHE: hits:1110368 misses:2640988  Hit Ratio: 29.60%
3CACHE: size: 4096 KB assoc: 2
3CACHE: hits:555058 misses:2085930  Hit Ratio: 21.02%
3CACHE: dirty items replaced:154417
ITLB: size: 48, misses 669, miss rate 0.00%
DTLB: size: 128, misses 121836, miss rate 0.11%
Avg mem delay: 4.299 cycles
----------------------------------------
==== Statistics for Master ID: 3 ====
Reads: 258068706   Writes: 12502123
ICACHE: size: 64 KB assoc: 2
ICACHE: hits:128761568 misses:38700  Hit Ratio: 99.97%
DCACHE: size: 32 KB assoc: 8
DCACHE: hits:137355475 misses:4415086 writebacks:4414537  Hit Ratio: 96.89%
SCACHE: size: 512 KB assoc: 2
SCACHE: hits:302269 misses:4151517  Hit Ratio: 6.79%
3CACHE: size: 4096 KB assoc: 2
3CACHE: hits:996448 misses:3155069  Hit Ratio: 24.00%
3CACHE: dirty items replaced:476690
ITLB: size: 48, misses 520, miss rate 0.00%
DTLB: size: 128, misses 84554, miss rate 0.06%
Avg mem delay: 4.299 cycles
----------------------------------------
==== Global Resource Utilization ====
STASH: size: 65536 entries, full 1621849350, empty 33862526, misses 3238004, full rate 97.76
icache bank util. 0.093 0.086 0.083 0.092 0.111 0.152 0.103 0.100 
dcache bank util. 0.107 0.115 0.115 0.108 0.130 0.100 0.126 0.109 
L2 bank util. 0.031 0.032 0.032 0.032 0.031 0.031 0.033 0.034 
L1-L2 bus util. = 0.138, L3 util. = 0.113
----------------------------------------
branch prediction, hits = 65720159, misses = 9200231, hit rate = 87.72%
return_stack prediction, hits = 5701166, misses = 2257, hit rate = 99.96%
jump prediction, hits = 68049325, misses = 8626935, hit rate = 88.75%

**** Debug Statistics at 601000000 Cycles *****
Threads: 4		Fetch Width: 8
No of useful instructions fetched:	1282699344 (26.68% proc util.)
No of total instructions fetched:	1582893436 (32.92% proc util.)
 includes 39730865 misfetch (2.5%), 260463227 (16.5%) wrong-path fetches
 and 0 flushed after failed lock(0.0%)
No of useful instructions issued/executed:	1282699306 (26.68% proc util.)
No of total instructions issued/executed:	1409349134 (29.31% proc util.)
 includes 126649828 wrong-path (9.0%) insts and 0 flushed (0.0%)
	fp 196220156, 13.92%
	synch 0, 0.00%
	integer 726278267, 51.53%
	load/store 486850711, 34.54%
Avg size of int IQ (before scheduling): 14.92
Avg size of fp IQ (before scheduling): 8.09
No of cycles taken:		601000000
Parallelism [ 0.597, 0.000, 0.765, 0.772,] = 2.134
 IQ conflicts: 6844882 (1.14%), FQ conflicts: 2804436 (0.47%) 
 I reg conflicts: 138358860 (23.02%), FP reg conflicts: 196100579 (32.63%)
  Activelist confs: 496 (0.00%), ROB confs: 285224 (0.05%)
  Int unit conflicts: 202724331 (33.73%), FP unit conflicts: 1985610 (0.33%)
  Load/store unit conflicts: 93689902 (15.59%)
  MSHR conflicts: 546714071 (90.97%)
----------------------------------------
==== System-wide Cache Statistics ====
Stall for miss queue full 0 cycles (0.00%)
----------------------------------------
==== Statistics for Master ID: 0 ====
Reads: 294737190   Writes: 55297215
ICACHE: size: 64 KB assoc: 2
ICACHE: hits:173887501 misses:1960754  Hit Ratio: 98.88%
DCACHE: size: 32 KB assoc: 8
DCACHE: hits:170465788 misses:3720362 writebacks:3719210  Hit Ratio: 97.86%
SCACHE: size: 512 KB assoc: 2
SCACHE: hits:3651204 misses:2029912  Hit Ratio: 64.27%
3CACHE: size: 4096 KB assoc: 2
3CACHE: hits:1549567 misses:480345  Hit Ratio: 76.34%
3CACHE: dirty items replaced:137012
ITLB: size: 48, misses 47758, miss rate 0.03%
DTLB: size: 128, misses 238678, miss rate 0.14%
Avg mem delay: 4.044 cycles
----------------------------------------
==== Statistics for Master ID: 2 ====
Reads: 257264046   Writes: 38478441
ICACHE: size: 64 KB assoc: 2
ICACHE: hits:164712147 misses:23319  Hit Ratio: 99.99%
DCACHE: size: 32 KB assoc: 8
DCACHE: hits:126885609 misses:4121412 writebacks:3848045  Hit Ratio: 96.85%
SCACHE: size: 512 KB assoc: 2
SCACHE: hits:1312220 misses:2832511  Hit Ratio: 31.66%
3CACHE: size: 4096 KB assoc: 2
3CACHE: hits:699880 misses:2132631  Hit Ratio: 24.71%
3CACHE: dirty items replaced:170528
ITLB: size: 48, misses 824, miss rate 0.00%
DTLB: size: 128, misses 132572, miss rate 0.10%
Avg mem delay: 4.044 cycles
----------------------------------------
==== Statistics for Master ID: 3 ====
Reads: 330530906   Writes: 13948619
ICACHE: size: 64 KB assoc: 2
ICACHE: hits:163372211 misses:55069  Hit Ratio: 99.97%
DCACHE: size: 32 KB assoc: 8
DCACHE: hits:175811193 misses:5241052 writebacks:5240503  Hit Ratio: 97.11%
SCACHE: size: 512 KB assoc: 2
SCACHE: hits:359566 misses:4936554  Hit Ratio: 6.79%
3CACHE: size: 4096 KB assoc: 2
3CACHE: hits:1282277 misses:3654277  Hit Ratio: 25.98%
3CACHE: dirty items replaced:640821
ITLB: size: 48, misses 556, miss rate 0.00%
DTLB: size: 128, misses 101673, miss rate 0.06%
Avg mem delay: 4.044 cycles
----------------------------------------
==== Global Resource Utilization ====
STASH: size: 65536 entries, full 1996028044, empty 39913644, misses 3789949, full rate 97.86
icache bank util. 0.097 0.088 0.086 0.097 0.119 0.154 0.106 0.103 
dcache bank util. 0.109 0.117 0.120 0.114 0.133 0.103 0.130 0.112 
L2 bank util. 0.031 0.032 0.032 0.032 0.031 0.031 0.032 0.034 
L1-L2 bus util. = 0.139, L3 util. = 0.104
----------------------------------------
branch prediction, hits = 79522003, misses = 11472513, hit rate = 87.39%
return_stack prediction, hits = 6970363, misses = 2453, hit rate = 99.96%
jump prediction, hits = 81828038, misses = 11116163, hit rate = 88.04%

**** Debug Statistics at 701000000 Cycles *****
Threads: 4		Fetch Width: 8
No of useful instructions fetched:	1602790608 (28.58% proc util.)
No of total instructions fetched:	1940688713 (34.61% proc util.)
 includes 42825797 misfetch (2.2%), 295072308 (15.2%) wrong-path fetches
 and 0 flushed after failed lock(0.0%)
No of useful instructions issued/executed:	1602790591 (28.58% proc util.)
No of total instructions issued/executed:	1746081177 (31.14% proc util.)
 includes 143290586 wrong-path (8.2%) insts and 0 flushed (0.0%)
	fp 245796056, 14.08%
	synch 0, 0.00%
	integer 901849887, 51.65%
	load/store 598435234, 34.27%
Avg size of int IQ (before scheduling): 15.07
Avg size of fp IQ (before scheduling): 7.99
No of cycles taken:		701000000
Parallelism [ 0.657, 0.000, 0.803, 0.827,] = 2.286
 IQ conflicts: 9088306 (1.30%), FQ conflicts: 2804436 (0.40%) 
 I reg conflicts: 145413778 (20.74%), FP reg conflicts: 228606257 (32.61%)
  Activelist confs: 496 (0.00%), ROB confs: 305423 (0.04%)
  Int unit conflicts: 259610796 (37.03%), FP unit conflicts: 2294528 (0.33%)
  Load/store unit conflicts: 111105473 (15.85%)
  MSHR conflicts: 615062761 (87.74%)
----------------------------------------
==== System-wide Cache Statistics ====
Stall for miss queue full 0 cycles (0.00%)
----------------------------------------
==== Statistics for Master ID: 0 ====
Reads: 360120487   Writes: 64143032
ICACHE: size: 64 KB assoc: 2
ICACHE: hits:211033362 misses:2186300  Hit Ratio: 98.97%
DCACHE: size: 32 KB assoc: 8
DCACHE: hits:206952238 misses:4091619 writebacks:4090467  Hit Ratio: 98.06%
SCACHE: size: 512 KB assoc: 2
SCACHE: hits:3952814 misses:2325105  Hit Ratio: 62.96%
3CACHE: size: 4096 KB assoc: 2
3CACHE: hits:1717623 misses:607482  Hit Ratio: 73.87%
3CACHE: dirty items replaced:199279
ITLB: size: 48, misses 63813, miss rate 0.03%
DTLB: size: 128, misses 267332, miss rate 0.13%
Avg mem delay: 3.763 cycles
----------------------------------------
==== Statistics for Master ID: 2 ====
Reads: 314354007   Writes: 46104306
ICACHE: size: 64 KB assoc: 2
ICACHE: hits:201399685 misses:25478  Hit Ratio: 99.99%
DCACHE: size: 32 KB assoc: 8
DCACHE: hits:154392919 misses:4640231 writebacks:4366864  Hit Ratio: 97.08%
SCACHE: size: 512 KB assoc: 2
SCACHE: hits:1629923 misses:3035786  Hit Ratio: 34.93%
3CACHE: size: 4096 KB assoc: 2
3CACHE: hits:849057 misses:2186729  Hit Ratio: 27.97%
3CACHE: dirty items replaced:193820
ITLB: size: 48, misses 912, miss rate 0.00%
DTLB: size: 128, misses 139474, miss rate 0.09%
Avg mem delay: 3.763 cycles
----------------------------------------
==== Statistics for Master ID: 3 ====
Reads: 416153669   Writes: 15649222
ICACHE: size: 64 KB assoc: 2
ICACHE: hits:204028629 misses:59230  Hit Ratio: 99.97%
DCACHE: size: 32 KB assoc: 8
DCACHE: hits:221605399 misses:6109633 writebacks:6109084  Hit Ratio: 97.32%
SCACHE: size: 512 KB assoc: 2
SCACHE: hits:425086 misses:5743777  Hit Ratio: 6.89%
3CACHE: size: 4096 KB assoc: 2
3CACHE: hits:1604383 misses:4139394  Hit Ratio: 27.93%
3CACHE: dirty items replaced:820033
ITLB: size: 48, misses 606, miss rate 0.00%
DTLB: size: 128, misses 119393, miss rate 0.05%
Avg mem delay: 3.763 cycles
----------------------------------------
==== Global Resource Utilization ====
STASH: size: 65536 entries, full 2438791727, empty 42814097, misses 4038420, full rate 98.12
icache bank util. 0.103 0.093 0.088 0.100 0.122 0.157 0.112 0.118 
dcache bank util. 0.121 0.120 0.124 0.117 0.138 0.109 0.135 0.114 
L2 bank util. 0.031 0.031 0.031 0.031 0.030 0.030 0.031 0.033 
L1-L2 bus util. = 0.136, L3 util. = 0.099
----------------------------------------
branch prediction, hits = 100328470, misses = 13174632, hit rate = 88.39%
return_stack prediction, hits = 8000689, misses = 2656, hit rate = 99.97%
jump prediction, hits = 102514035, misses = 12054963, hit rate = 89.48%

**** Debug Statistics at 801000000 Cycles *****
Threads: 4		Fetch Width: 8
No of useful instructions fetched:	1829352393 (28.55% proc util.)
No of total instructions fetched:	2207801972 (34.45% proc util.)
 includes 47841033 misfetch (2.2%), 330608546 (15.0%) wrong-path fetches
 and 0 flushed after failed lock(0.0%)
No of useful instructions issued/executed:	1829352381 (28.55% proc util.)
No of total instructions issued/executed:	1989844289 (31.05% proc util.)
 includes 160491908 wrong-path (8.1%) insts and 0 flushed (0.0%)
	fp 283357005, 14.24%
	synch 0, 0.00%
	integer 1023203438, 51.42%
	load/store 683283846, 34.34%
Avg size of int IQ (before scheduling): 14.42
Avg size of fp IQ (before scheduling): 7.70
No of cycles taken:		801000000
Parallelism [ 0.651, 0.000, 0.798, 0.835,] = 2.284
 IQ conflicts: 9599849 (1.20%), FQ conflicts: 2804436 (0.35%) 
 I reg conflicts: 149017490 (18.60%), FP reg conflicts: 280043766 (34.96%)
  Activelist confs: 496 (0.00%), ROB confs: 413540 (0.05%)
  Int unit conflicts: 289784938 (36.18%), FP unit conflicts: 2447369 (0.31%)
  Load/store unit conflicts: 132309210 (16.52%)
  MSHR conflicts: 656141623 (81.92%)
----------------------------------------
==== System-wide Cache Statistics ====
Stall for miss queue full 0 cycles (0.00%)
----------------------------------------
==== Statistics for Master ID: 0 ====
Reads: 406031361   Writes: 74191388
ICACHE: size: 64 KB assoc: 2
ICACHE: hits:237964199 misses:2602918  Hit Ratio: 98.92%
DCACHE: size: 32 KB assoc: 8
DCACHE: hits:234824707 misses:4830925 writebacks:4829773  Hit Ratio: 97.98%
SCACHE: size: 512 KB assoc: 2
SCACHE: hits:4918001 misses:2515842  Hit Ratio: 66.16%
3CACHE: size: 4096 KB assoc: 2
3CACHE: hits:1835743 misses:680099  Hit Ratio: 72.97%
3CACHE: dirty items replaced:231756
ITLB: size: 48, misses 95155, miss rate 0.04%
DTLB: size: 128, misses 308291, miss rate 0.13%
Avg mem delay: 3.675 cycles
----------------------------------------
==== Statistics for Master ID: 2 ====
Reads: 357582531   Writes: 51812669
ICACHE: size: 64 KB assoc: 2
ICACHE: hits:229349665 misses:28265  Hit Ratio: 99.99%
DCACHE: size: 32 KB assoc: 8
DCACHE: hits:174995944 misses:5021326 writebacks:4747959  Hit Ratio: 97.21%
SCACHE: size: 512 KB assoc: 2
SCACHE: hits:1837835 misses:3211756  Hit Ratio: 36.40%
3CACHE: size: 4096 KB assoc: 2
3CACHE: hits:984765 misses:2226991  Hit Ratio: 30.66%
3CACHE: dirty items replaced:208315
ITLB: size: 48, misses 1114, miss rate 0.00%
DTLB: size: 128, misses 148949, miss rate 0.08%
Avg mem delay: 3.675 cycles
----------------------------------------
==== Statistics for Master ID: 3 ====
Reads: 481785725   Writes: 16860008
ICACHE: size: 64 KB assoc: 2
ICACHE: hits:235657450 misses:62375  Hit Ratio: 99.97%
DCACHE: size: 32 KB assoc: 8
DCACHE: hits:256040204 misses:6885704 writebacks:6885155  Hit Ratio: 97.38%
SCACHE: size: 512 KB assoc: 2
SCACHE: hits:470669 misses:6477410  Hit Ratio: 6.77%
3CACHE: size: 4096 KB assoc: 2
3CACHE: hits:1852000 misses:4625410  Hit Ratio: 28.59%
3CACHE: dirty items replaced:1004003
ITLB: size: 48, misses 613, miss rate 0.00%
DTLB: size: 128, misses 131730, miss rate 0.05%
Avg mem delay: 3.675 cycles
----------------------------------------
==== Global Resource Utilization ====
STASH: size: 65536 entries, full 2769268573, empty 48648286, misses 4546122, full rate 98.12
icache bank util. 0.102 0.095 0.089 0.102 0.123 0.154 0.111 0.116 
dcache bank util. 0.120 0.120 0.125 0.116 0.137 0.109 0.135 0.114 
L2 bank util. 0.030 0.031 0.031 0.030 0.030 0.029 0.031 0.032 
L1-L2 bus util. = 0.134, L3 util. = 0.094
----------------------------------------
branch prediction, hits = 112265552, misses = 15056522, hit rate = 88.17%
return_stack prediction, hits = 9036188, misses = 3091, hit rate = 99.97%
jump prediction, hits = 114998164, misses = 13573702, hit rate = 89.44%

**** Early Exiting at 872664255 Cycles *****
========================================
 SMTSIM Global Statistics
========================================
Threads: 4		Fetch Width: 8
No of useful instructions fetched:	2000000069 (28.65% proc util.)
No of total instructions fetched:	2400358706 (34.38% proc util.)
 includes 48214904 misfetch (2.0%), 352143733 (14.7%) wrong-path fetches
 and 0 flushed after failed lock(0.0%)
No of useful instructions issued/executed:	2000000060 (28.65% proc util.)
No of total instructions issued/executed:	2170960978 (31.10% proc util.)
 includes 170960918 wrong-path (7.9%) insts and 0 flushed (0.0%)
	fp 309457158, 14.25%
	synch 0, 0.00%
	integer 1122090026, 51.69%
	load/store 739413794, 34.06%
Avg size of int IQ (before scheduling): 14.29
Avg size of fp IQ (before scheduling): 7.55
No of cycles taken:		872664255
Parallelism [ 0.657, 0.000, 0.798, 0.837,] = 2.292
 IQ conflicts: 10718992 (1.23%), FQ conflicts: 2804436 (0.32%) 
 I reg conflicts: 153128774 (17.55%), FP reg conflicts: 314916275 (36.09%)
  Activelist confs: 496 (0.00%), ROB confs: 418159 (0.05%)
  Int unit conflicts: 316197296 (36.23%), FP unit conflicts: 2547201 (0.29%)
  Load/store unit conflicts: 139117170 (15.94%)
  MSHR conflicts: 687991653 (78.84%)
----------------------------------------
==== System-wide Cache Statistics ====
Stall for miss queue full 0 cycles (0.00%)
----------------------------------------
==== Statistics for Master ID: 0 ====
Reads: 438937548   Writes: 77387022
ICACHE: size: 64 KB assoc: 2
ICACHE: hits:258712263 misses:2608790  Hit Ratio: 99.00%
DCACHE: size: 32 KB assoc: 8
DCACHE: hits:250008555 misses:4994962 writebacks:4993810  Hit Ratio: 98.04%
SCACHE: size: 512 KB assoc: 2
SCACHE: hits:4941742 misses:2662010  Hit Ratio: 64.99%
3CACHE: size: 4096 KB assoc: 2
3CACHE: hits:1893686 misses:768324  Hit Ratio: 71.14%
3CACHE: dirty items replaced:270222
ITLB: size: 48, misses 95197, miss rate 0.04%
DTLB: size: 128, misses 324239, miss rate 0.13%
Avg mem delay: 3.636 cycles
----------------------------------------
==== Statistics for Master ID: 2 ====
Reads: 389075652   Writes: 56401477
ICACHE: size: 64 KB assoc: 2
ICACHE: hits:249331316 misses:28987  Hit Ratio: 99.99%
DCACHE: size: 32 KB assoc: 8
DCACHE: hits:190834231 misses:5282595 writebacks:5009228  Hit Ratio: 97.31%
SCACHE: size: 512 KB assoc: 2
SCACHE: hits:1991631 misses:3319951  Hit Ratio: 37.50%
3CACHE: size: 4096 KB assoc: 2
3CACHE: hits:1061125 misses:2258826  Hit Ratio: 31.96%
3CACHE: dirty items replaced:221531
ITLB: size: 48, misses 1123, miss rate 0.00%
DTLB: size: 128, misses 152907, miss rate 0.08%
Avg mem delay: 3.636 cycles
----------------------------------------
==== Statistics for Master ID: 3 ====
Reads: 527463129   Writes: 17804185
ICACHE: size: 64 KB assoc: 2
ICACHE: hits:257621606 misses:62900  Hit Ratio: 99.98%
DCACHE: size: 32 KB assoc: 8
DCACHE: hits:280086767 misses:7496041 writebacks:7495492  Hit Ratio: 97.39%
SCACHE: size: 512 KB assoc: 2
SCACHE: hits:498533 misses:7060408  Hit Ratio: 6.60%
3CACHE: size: 4096 KB assoc: 2
3CACHE: hits:2037591 misses:5022817  Hit Ratio: 28.86%
3CACHE: dirty items replaced:1157400
ITLB: size: 48, misses 636, miss rate 0.00%
DTLB: size: 128, misses 145426, miss rate 0.05%
Avg mem delay: 3.636 cycles
----------------------------------------
==== Global Resource Utilization ====
STASH: size: 65536 entries, full 3009133672, empty 49170958, misses 4599780, full rate 98.24
icache bank util. 0.102 0.095 0.092 0.103 0.122 0.150 0.110 0.116 
dcache bank util. 0.120 0.118 0.123 0.114 0.137 0.108 0.134 0.114 
L2 bank util. 0.029 0.030 0.030 0.029 0.029 0.029 0.030 0.031 
L1-L2 bus util. = 0.131, L3 util. = 0.092
----------------------------------------
branch prediction, hits = 123215980, misses = 16058854, hit rate = 88.47%
return_stack prediction, hits = 9637093, misses = 3092, hit rate = 99.97%
jump prediction, hits = 126506195, misses = 13789272, hit rate = 90.17%
total IPC 2.292

=== Results saved to: ./results/gcc-integrate_2_gzip-source_1_mgrid_1.txt ===
