测试组合（多线程优先）：gzip-source.arg2 + gzip-program.arg + mgrid.arg
执行命令：./smtsim gzip-source.arg2 gzip-program.arg mgrid.arg
==================================================

SMTCache
Process 0, Thread 0: gzip-source
Process 0, Thread 1: gzip-source
Process 2, Thread 2: gzip-program
Process 3, Thread 3: mgrid

**** Debug Statistics at 1000000 Cycles *****
Threads: 4		Fetch Width: 8
No of useful instructions fetched:	772025 (9.65% proc util.)
No of total instructions fetched:	927766 (11.60% proc util.)
 includes 10175 misfetch (1.1%), 145566 (15.7%) wrong-path fetches
 and 0 flushed after failed lock(0.0%)
No of useful instructions issued/executed:	771974 (9.65% proc util.)
No of total instructions issued/executed:	845141 (10.56% proc util.)
 includes 73167 wrong-path (8.7%) insts and 0 flushed (0.0%)
	fp 162, 0.02%
	synch 0, 0.00%
	integer 567811, 67.19%
	load/store 277168, 32.80%
Avg size of int IQ (before scheduling): 29.83
Avg size of fp IQ (before scheduling): 0.01
No of cycles taken:		1000000
Parallelism [ 0.362, 0.000, 0.120, 0.290,] = 0.772
 IQ conflicts: 2472 (0.25%), FQ conflicts: 0 (0.00%) 
 I reg conflicts: 850656 (85.07%), FP reg conflicts: 0 (0.00%)
  Activelist confs: 0 (0.00%), ROB confs: 0 (0.00%)
  Int unit conflicts: 99585 (9.96%), FP unit conflicts: 1 (0.00%)
  Load/store unit conflicts: 28507 (2.85%)
  MSHR conflicts: 1655905 (165.59%)
----------------------------------------
==== System-wide Cache Statistics ====
Stall for miss queue full 0 cycles (0.00%)
----------------------------------------
==== Statistics for Master ID: 0 ====
Reads: 203100   Writes: 22208
ICACHE: size: 64 KB assoc: 2
ICACHE: hits:118458 misses:58  Hit Ratio: 99.95%
DCACHE: size: 32 KB assoc: 8
DCACHE: hits:103974 misses:2818 writebacks:1779  Hit Ratio: 97.36%
SCACHE: size: 512 KB assoc: 2
SCACHE: hits:1329 misses:1547  Hit Ratio: 46.21%
3CACHE: size: 4096 KB assoc: 2
3CACHE: hits:57 misses:1490  Hit Ratio: 3.68%
3CACHE: dirty items replaced:0
ITLB: size: 48, misses 3, miss rate 0.00%
DTLB: size: 128, misses 615, miss rate 0.58%
Avg mem delay: 37.604 cycles
----------------------------------------
==== Statistics for Master ID: 2 ====
Reads: 95950   Writes: 19605
ICACHE: size: 64 KB assoc: 2
ICACHE: hits:57640 misses:207  Hit Ratio: 99.64%
DCACHE: size: 32 KB assoc: 8
DCACHE: hits:38850 misses:18858 writebacks:18682  Hit Ratio: 67.32%
SCACHE: size: 512 KB assoc: 2
SCACHE: hits:7 misses:19057  Hit Ratio: 0.04%
3CACHE: size: 4096 KB assoc: 2
3CACHE: hits:0 misses:19057  Hit Ratio: 0.00%
3CACHE: dirty items replaced:0
ITLB: size: 48, misses 18, miss rate 0.03%
DTLB: size: 128, misses 4696, miss rate 8.14%
Avg mem delay: 37.604 cycles
----------------------------------------
==== Statistics for Master ID: 3 ====
Reads: 141977   Writes: 62091
ICACHE: size: 64 KB assoc: 2
ICACHE: hits:90402 misses:1213  Hit Ratio: 98.68%
DCACHE: size: 32 KB assoc: 8
DCACHE: hits:107729 misses:4724 writebacks:4175  Hit Ratio: 95.80%
SCACHE: size: 512 KB assoc: 2
SCACHE: hits:280 misses:5656  Hit Ratio: 4.72%
3CACHE: size: 4096 KB assoc: 2
3CACHE: hits:13 misses:5642  Hit Ratio: 0.23%
3CACHE: dirty items replaced:0
ITLB: size: 48, misses 62, miss rate 0.07%
DTLB: size: 128, misses 295, miss rate 0.26%
Avg mem delay: 37.604 cycles
----------------------------------------
==== Global Resource Utilization ====
STASH: size: 65536 entries, full 101009057, empty 21352, misses 1865, full rate 99.98
icache bank util. 0.042 0.027 0.025 0.019 0.027 0.041 0.036 0.055 
dcache bank util. 0.026 0.040 0.060 0.040 0.023 0.018 0.192 0.030 
L2 bank util. 0.012 0.013 0.012 0.012 0.011 0.012 0.236 0.012 
L1-L2 bus util. = 0.157, L3 util. = 0.262
----------------------------------------
branch prediction, hits = 54584, misses = 7177, hit rate = 88.38%
return_stack prediction, hits = 9945, misses = 36, hit rate = 99.64%
jump prediction, hits = 74238, misses = 2454, hit rate = 96.80%

**** Debug Statistics at 101000000 Cycles *****
Threads: 4		Fetch Width: 8
No of useful instructions fetched:	146713702 (18.16% proc util.)
No of total instructions fetched:	153504893 (19.00% proc util.)
 includes 24978 misfetch (0.0%), 6766213 (4.4%) wrong-path fetches
 and 0 flushed after failed lock(0.0%)
No of useful instructions issued/executed:	146713644 (18.16% proc util.)
No of total instructions issued/executed:	149579791 (18.51% proc util.)
 includes 2866147 wrong-path (1.9%) insts and 0 flushed (0.0%)
	fp 21484501, 14.36%
	synch 0, 0.00%
	integer 79288550, 53.01%
	load/store 48806740, 32.63%
Avg size of int IQ (before scheduling): 17.68
Avg size of fp IQ (before scheduling): 3.76
No of cycles taken:		101000000
Parallelism [ 0.608, 0.000, 0.238, 0.606,] = 1.453
 IQ conflicts: 168049 (0.17%), FQ conflicts: 0 (0.00%) 
 I reg conflicts: 57975576 (57.40%), FP reg conflicts: 17806375 (17.63%)
  Activelist confs: 0 (0.00%), ROB confs: 652 (0.00%)
  Int unit conflicts: 6843703 (6.78%), FP unit conflicts: 82503 (0.08%)
  Load/store unit conflicts: 4580057 (4.53%)
  MSHR conflicts: 117869980 (116.70%)
----------------------------------------
==== System-wide Cache Statistics ====
Stall for miss queue full 0 cycles (0.00%)
----------------------------------------
==== Statistics for Master ID: 0 ====
Reads: 31490490   Writes: 4701555
ICACHE: size: 64 KB assoc: 2
ICACHE: hits:19303157 misses:272  Hit Ratio: 100.00%
DCACHE: size: 32 KB assoc: 8
DCACHE: hits:16534789 misses:353827 writebacks:352570  Hit Ratio: 97.90%
SCACHE: size: 512 KB assoc: 2
SCACHE: hits:173649 misses:180450  Hit Ratio: 49.04%
3CACHE: size: 4096 KB assoc: 2
3CACHE: hits:122112 misses:58338  Hit Ratio: 67.67%
3CACHE: dirty items replaced:8060
ITLB: size: 48, misses 12, miss rate 0.00%
DTLB: size: 128, misses 5830, miss rate 0.03%
Avg mem delay: 8.160 cycles
----------------------------------------
==== Statistics for Master ID: 2 ====
Reads: 13952881   Writes: 3359877
ICACHE: size: 64 KB assoc: 2
ICACHE: hits:10407514 misses:435  Hit Ratio: 100.00%
DCACHE: size: 32 KB assoc: 8
DCACHE: hits:5926713 misses:978096 writebacks:858505  Hit Ratio: 85.83%
SCACHE: size: 512 KB assoc: 2
SCACHE: hits:20 misses:978511  Hit Ratio: 0.00%
3CACHE: size: 4096 KB assoc: 2
3CACHE: hits:0 misses:978511  Hit Ratio: 0.00%
3CACHE: dirty items replaced:31530
ITLB: size: 48, misses 30, miss rate 0.00%
DTLB: size: 128, misses 58570, miss rate 0.85%
Avg mem delay: 8.160 cycles
----------------------------------------
==== Statistics for Master ID: 3 ====
Reads: 39761989   Writes: 5276943
ICACHE: size: 64 KB assoc: 2
ICACHE: hits:20023594 misses:2246  Hit Ratio: 99.99%
DCACHE: size: 32 KB assoc: 8
DCACHE: hits:23979660 misses:1033432 writebacks:1032883  Hit Ratio: 95.87%
SCACHE: size: 512 KB assoc: 2
SCACHE: hits:988 misses:1034690  Hit Ratio: 0.10%
3CACHE: size: 4096 KB assoc: 2
3CACHE: hits:134851 misses:899839  Hit Ratio: 13.03%
3CACHE: dirty items replaced:16261
ITLB: size: 48, misses 80, miss rate 0.00%
DTLB: size: 128, misses 20573, miss rate 0.08%
Avg mem delay: 8.160 cycles
----------------------------------------
==== Global Resource Utilization ====
STASH: size: 65536 entries, full 292239832, empty 33944, misses 3055, full rate 99.99
icache bank util. 0.054 0.039 0.037 0.046 0.056 0.118 0.062 0.081 
dcache bank util. 0.068 0.075 0.081 0.071 0.089 0.065 0.092 0.079 
L2 bank util. 0.031 0.031 0.031 0.031 0.030 0.031 0.039 0.046 
L1-L2 bus util. = 0.137, L3 util. = 0.192
----------------------------------------
branch prediction, hits = 8593225, misses = 465261, hit rate = 94.86%
return_stack prediction, hits = 417354, misses = 37, hit rate = 99.99%
jump prediction, hits = 9718619, misses = 6761, hit rate = 99.93%

**** Debug Statistics at 201000000 Cycles *****
Threads: 4		Fetch Width: 8
No of useful instructions fetched:	327027508 (20.34% proc util.)
No of total instructions fetched:	344231872 (21.41% proc util.)
 includes 35818 misfetch (0.0%), 17168546 (5.0%) wrong-path fetches
 and 0 flushed after failed lock(0.0%)
No of useful instructions issued/executed:	327027489 (20.34% proc util.)
No of total instructions issued/executed:	334615391 (20.81% proc util.)
 includes 7587902 wrong-path (2.3%) insts and 0 flushed (0.0%)
	fp 50685693, 15.15%
	synch 0, 0.00%
	integer 175532020, 52.46%
	load/store 108397678, 32.39%
Avg size of int IQ (before scheduling): 16.69
Avg size of fp IQ (before scheduling): 4.44
No of cycles taken:		201000000
Parallelism [ 0.651, 0.000, 0.329, 0.648,] = 1.627
 IQ conflicts: 219952 (0.11%), FQ conflicts: 0 (0.00%) 
 I reg conflicts: 105765458 (52.62%), FP reg conflicts: 38588623 (19.20%)
  Activelist confs: 0 (0.00%), ROB confs: 652 (0.00%)
  Int unit conflicts: 17297558 (8.61%), FP unit conflicts: 200205 (0.10%)
  Load/store unit conflicts: 12540650 (6.24%)
  MSHR conflicts: 244786391 (121.78%)
----------------------------------------
==== System-wide Cache Statistics ====
Stall for miss queue full 0 cycles (0.00%)
----------------------------------------
==== Statistics for Master ID: 0 ====
Reads: 67450107   Writes: 9903556
ICACHE: size: 64 KB assoc: 2
ICACHE: hits:41540383 misses:1942  Hit Ratio: 100.00%
DCACHE: size: 32 KB assoc: 8
DCACHE: hits:34998819 misses:812519 writebacks:811262  Hit Ratio: 97.73%
SCACHE: size: 512 KB assoc: 2
SCACHE: hits:425206 misses:389255  Hit Ratio: 52.21%
3CACHE: size: 4096 KB assoc: 2
3CACHE: hits:268046 misses:121209  Hit Ratio: 68.86%
3CACHE: dirty items replaced:23292
ITLB: size: 48, misses 12, miss rate 0.00%
DTLB: size: 128, misses 9322, miss rate 0.03%
Avg mem delay: 7.093 cycles
----------------------------------------
==== Statistics for Master ID: 2 ====
Reads: 37915790   Writes: 8829650
ICACHE: size: 64 KB assoc: 2
ICACHE: hits:26533897 misses:1791  Hit Ratio: 99.99%
DCACHE: size: 32 KB assoc: 8
DCACHE: hits:18015677 misses:2194075 writebacks:2014138  Hit Ratio: 89.14%
SCACHE: size: 512 KB assoc: 2
SCACHE: hits:56942 misses:2138924  Hit Ratio: 2.59%
3CACHE: size: 4096 KB assoc: 2
3CACHE: hits:19404 misses:2119520  Hit Ratio: 0.91%
3CACHE: dirty items replaced:92192
ITLB: size: 48, misses 40, miss rate 0.00%
DTLB: size: 128, misses 91087, miss rate 0.45%
Avg mem delay: 7.093 cycles
----------------------------------------
==== Statistics for Master ID: 3 ====
Reads: 89990786   Writes: 6218394
ICACHE: size: 64 KB assoc: 2
ICACHE: hits:43830559 misses:2259  Hit Ratio: 99.99%
DCACHE: size: 32 KB assoc: 8
DCACHE: hits:50739654 misses:1636708 writebacks:1636159  Hit Ratio: 96.88%
SCACHE: size: 512 KB assoc: 2
SCACHE: hits:10914 misses:1628053  Hit Ratio: 0.67%
3CACHE: size: 4096 KB assoc: 2
3CACHE: hits:286177 misses:1341876  Hit Ratio: 17.58%
3CACHE: dirty items replaced:41623
ITLB: size: 48, misses 80, miss rate 0.00%
DTLB: size: 128, misses 30055, miss rate 0.06%
Avg mem delay: 7.093 cycles
----------------------------------------
==== Global Resource Utilization ====
STASH: size: 65536 entries, full 534431567, empty 37976, misses 3343, full rate 99.99
icache bank util. 0.057 0.047 0.044 0.055 0.067 0.147 0.066 0.072 
dcache bank util. 0.073 0.083 0.088 0.079 0.099 0.071 0.101 0.081 
L2 bank util. 0.032 0.032 0.032 0.031 0.031 0.031 0.036 0.040 
L1-L2 bus util. = 0.136, L3 util. = 0.178
----------------------------------------
branch prediction, hits = 18684545, misses = 1119257, hit rate = 94.35%
return_stack prediction, hits = 986164, misses = 37, hit rate = 100.00%
jump prediction, hits = 21838869, misses = 12369, hit rate = 99.94%

**** Debug Statistics at 301000000 Cycles *****
Threads: 4		Fetch Width: 8
No of useful instructions fetched:	630048353 (26.16% proc util.)
No of total instructions fetched:	703039886 (29.20% proc util.)
 includes 284777 misfetch (0.0%), 72706756 (10.3%) wrong-path fetches
 and 0 flushed after failed lock(0.0%)
No of useful instructions issued/executed:	630048306 (26.16% proc util.)
No of total instructions issued/executed:	662700591 (27.52% proc util.)
 includes 32652285 wrong-path (4.9%) insts and 0 flushed (0.0%)
	fp 79160204, 11.95%
	synch 0, 0.00%
	integer 385779902, 58.21%
	load/store 197760485, 29.84%
Avg size of int IQ (before scheduling): 19.37
Avg size of fp IQ (before scheduling): 8.70
No of cycles taken:		301000000
Parallelism [ 0.846, 0.000, 0.619, 0.628,] = 2.093
 IQ conflicts: 2417359 (0.80%), FQ conflicts: 243480 (0.08%) 
 I reg conflicts: 123125749 (40.91%), FP reg conflicts: 63590241 (21.13%)
  Activelist confs: 0 (0.00%), ROB confs: 1015 (0.00%)
  Int unit conflicts: 101425953 (33.70%), FP unit conflicts: 544345 (0.18%)
  Load/store unit conflicts: 20738109 (6.89%)
  MSHR conflicts: 289363773 (96.13%)
----------------------------------------
==== System-wide Cache Statistics ====
Stall for miss queue full 0 cycles (0.00%)
----------------------------------------
==== Statistics for Master ID: 0 ====
Reads: 134570114   Writes: 18985300
ICACHE: size: 64 KB assoc: 2
ICACHE: hits:83862713 misses:20361  Hit Ratio: 99.98%
DCACHE: size: 32 KB assoc: 8
DCACHE: hits:68246752 misses:1425588 writebacks:1424331  Hit Ratio: 97.95%
SCACHE: size: 512 KB assoc: 2
SCACHE: hits:827728 misses:618221  Hit Ratio: 57.24%
3CACHE: size: 4096 KB assoc: 2
3CACHE: hits:414674 misses:203547  Hit Ratio: 67.08%
3CACHE: dirty items replaced:42567
ITLB: size: 48, misses 12, miss rate 0.00%
DTLB: size: 128, misses 15085, miss rate 0.02%
Avg mem delay: 5.206 cycles
----------------------------------------
==== Statistics for Master ID: 2 ====
Reads: 107381505   Writes: 17997785
ICACHE: size: 64 KB assoc: 2
ICACHE: hits:69864576 misses:22105  Hit Ratio: 99.97%
DCACHE: size: 32 KB assoc: 8
DCACHE: hits:52598853 misses:2893756 writebacks:2713819  Hit Ratio: 94.79%
SCACHE: size: 512 KB assoc: 2
SCACHE: hits:566389 misses:2349472  Hit Ratio: 19.42%
3CACHE: size: 4096 KB assoc: 2
3CACHE: hits:152908 misses:2196564  Hit Ratio: 6.51%
3CACHE: dirty items replaced:110473
ITLB: size: 48, misses 40, miss rate 0.00%
DTLB: size: 128, misses 95767, miss rate 0.17%
Avg mem delay: 5.206 cycles
----------------------------------------
==== Statistics for Master ID: 3 ====
Reads: 132383707   Writes: 7428540
ICACHE: size: 64 KB assoc: 2
ICACHE: hits:67214271 misses:2690  Hit Ratio: 100.00%
DCACHE: size: 32 KB assoc: 8
DCACHE: hits:70156617 misses:2438669 writebacks:2438120  Hit Ratio: 96.64%
SCACHE: size: 512 KB assoc: 2
SCACHE: hits:30330 misses:2411029  Hit Ratio: 1.24%
3CACHE: size: 4096 KB assoc: 2
3CACHE: hits:443785 misses:1967243  Hit Ratio: 18.41%
3CACHE: dirty items replaced:72695
ITLB: size: 48, misses 93, miss rate 0.00%
DTLB: size: 128, misses 46844, miss rate 0.06%
Avg mem delay: 5.206 cycles
----------------------------------------
==== Global Resource Utilization ====
STASH: size: 65536 entries, full 956826810, empty 42480, misses 3729, full rate 100.00
icache bank util. 0.078 0.061 0.057 0.072 0.093 0.168 0.101 0.103 
dcache bank util. 0.080 0.099 0.105 0.090 0.126 0.075 0.126 0.089 
L2 bank util. 0.030 0.030 0.030 0.030 0.030 0.030 0.033 0.036 
L1-L2 bus util. = 0.133, L3 util. = 0.145
----------------------------------------
branch prediction, hits = 33360402, misses = 3117070, hit rate = 91.45%
return_stack prediction, hits = 2424998, misses = 37, hit rate = 100.00%
jump prediction, hits = 41826233, misses = 82753, hit rate = 99.80%

**** Debug Statistics at 401000000 Cycles *****
Threads: 4		Fetch Width: 8
No of useful instructions fetched:	928420586 (28.94% proc util.)
No of total instructions fetched:	1031861898 (32.17% proc util.)
 includes 340475 misfetch (0.0%), 103100837 (10.0%) wrong-path fetches
 and 0 flushed after failed lock(0.0%)
No of useful instructions issued/executed:	928420547 (28.94% proc util.)
No of total instructions issued/executed:	974419095 (30.37% proc util.)
 includes 45998548 wrong-path (4.7%) insts and 0 flushed (0.0%)
	fp 120524317, 12.37%
	synch 0, 0.00%
	integer 563452417, 57.82%
	load/store 290442361, 29.81%
Avg size of int IQ (before scheduling): 19.55
Avg size of fp IQ (before scheduling): 8.65
No of cycles taken:		401000000
Parallelism [ 0.887, 0.000, 0.717, 0.711,] = 2.315
 IQ conflicts: 4389168 (1.09%), FQ conflicts: 243480 (0.06%) 
 I reg conflicts: 136680187 (34.08%), FP reg conflicts: 96321991 (24.02%)
  Activelist confs: 0 (0.00%), ROB confs: 9879 (0.00%)
  Int unit conflicts: 164278245 (40.97%), FP unit conflicts: 1404814 (0.35%)
  Load/store unit conflicts: 31990731 (7.98%)
  MSHR conflicts: 349209524 (87.08%)
----------------------------------------
==== System-wide Cache Statistics ====
Stall for miss queue full 0 cycles (0.00%)
----------------------------------------
==== Statistics for Master ID: 0 ====
Reads: 189097900   Writes: 26598205
ICACHE: size: 64 KB assoc: 2
ICACHE: hits:118412189 misses:26335  Hit Ratio: 99.98%
DCACHE: size: 32 KB assoc: 8
DCACHE: hits:95381274 misses:1876307 writebacks:1875050  Hit Ratio: 98.07%
SCACHE: size: 512 KB assoc: 2
SCACHE: hits:1072808 misses:829833  Hit Ratio: 56.39%
3CACHE: size: 4096 KB assoc: 2
3CACHE: hits:547298 misses:282535  Hit Ratio: 65.95%
3CACHE: dirty items replaced:62820
ITLB: size: 48, misses 12, miss rate 0.00%
DTLB: size: 128, misses 19766, miss rate 0.02%
Avg mem delay: 4.605 cycles
----------------------------------------
==== Statistics for Master ID: 2 ====
Reads: 163167256   Writes: 25192375
ICACHE: size: 64 KB assoc: 2
ICACHE: hits:105051384 misses:28333  Hit Ratio: 99.97%
DCACHE: size: 32 KB assoc: 8
DCACHE: hits:79963915 misses:3315999 writebacks:3136062  Hit Ratio: 96.02%
SCACHE: size: 512 KB assoc: 2
SCACHE: hits:785139 misses:2559193  Hit Ratio: 23.48%
3CACHE: size: 4096 KB assoc: 2
3CACHE: hits:283938 misses:2275255  Hit Ratio: 11.09%
3CACHE: dirty items replaced:132149
ITLB: size: 48, misses 40, miss rate 0.00%
DTLB: size: 128, misses 100020, miss rate 0.12%
Avg mem delay: 4.605 cycles
----------------------------------------
==== Statistics for Master ID: 3 ====
Reads: 198613321   Writes: 11415013
ICACHE: size: 64 KB assoc: 2
ICACHE: hits:100119914 misses:3811  Hit Ratio: 100.00%
DCACHE: size: 32 KB assoc: 8
DCACHE: hits:106192261 misses:3712348 writebacks:3711799  Hit Ratio: 96.62%
SCACHE: size: 512 KB assoc: 2
SCACHE: hits:258589 misses:3457570  Hit Ratio: 6.96%
3CACHE: size: 4096 KB assoc: 2
3CACHE: hits:757414 misses:2700155  Hit Ratio: 21.91%
3CACHE: dirty items replaced:139544
ITLB: size: 48, misses 93, miss rate 0.00%
DTLB: size: 128, misses 70964, miss rate 0.06%
Avg mem delay: 4.605 cycles
----------------------------------------
==== Global Resource Utilization ====
STASH: size: 65536 entries, full 1356113365, empty 51721, misses 4541, full rate 100.00
icache bank util. 0.090 0.071 0.067 0.081 0.104 0.168 0.112 0.114 
dcache bank util. 0.086 0.106 0.114 0.097 0.139 0.081 0.137 0.096 
L2 bank util. 0.030 0.030 0.030 0.030 0.029 0.030 0.032 0.035 
L1-L2 bus util. = 0.132, L3 util. = 0.131
----------------------------------------
branch prediction, hits = 46369747, misses = 4548703, hit rate = 91.07%
return_stack prediction, hits = 3647723, misses = 37, hit rate = 100.00%
jump prediction, hits = 59074044, misses = 107004, hit rate = 99.82%

**** Debug Statistics at 501000000 Cycles *****
Threads: 4		Fetch Width: 8
No of useful instructions fetched:	1173094301 (29.27% proc util.)
No of total instructions fetched:	1298258312 (32.39% proc util.)
 includes 384601 misfetch (0.0%), 124779410 (9.6%) wrong-path fetches
 and 0 flushed after failed lock(0.0%)
No of useful instructions issued/executed:	1173094257 (29.27% proc util.)
No of total instructions issued/executed:	1229424348 (30.67% proc util.)
 includes 56330091 wrong-path (4.6%) insts and 0 flushed (0.0%)
	fp 158799732, 12.92%
	synch 0, 0.00%
	integer 701440610, 57.05%
	load/store 369184006, 30.03%
Avg size of int IQ (before scheduling): 17.95
Avg size of fp IQ (before scheduling): 8.04
No of cycles taken:		501000000
Parallelism [ 0.866, 0.000, 0.726, 0.750,] = 2.342
 IQ conflicts: 4500075 (0.90%), FQ conflicts: 243480 (0.05%) 
 I reg conflicts: 142085179 (28.36%), FP reg conflicts: 146792453 (29.30%)
  Activelist confs: 0 (0.00%), ROB confs: 9879 (0.00%)
  Int unit conflicts: 196851923 (39.29%), FP unit conflicts: 1554401 (0.31%)
  Load/store unit conflicts: 39656378 (7.92%)
  MSHR conflicts: 361263722 (72.11%)
----------------------------------------
==== System-wide Cache Statistics ====
Stall for miss queue full 0 cycles (0.00%)
----------------------------------------
==== Statistics for Master ID: 0 ====
Reads: 232005711   Writes: 32482352
ICACHE: size: 64 KB assoc: 2
ICACHE: hits:145931916 misses:32165  Hit Ratio: 99.98%
DCACHE: size: 32 KB assoc: 8
DCACHE: hits:116267386 misses:2256596 writebacks:2255339  Hit Ratio: 98.10%
SCACHE: size: 512 KB assoc: 2
SCACHE: hits:1284661 misses:1004100  Hit Ratio: 56.13%
3CACHE: size: 4096 KB assoc: 2
3CACHE: hits:658256 misses:345844  Hit Ratio: 65.56%
3CACHE: dirty items replaced:78959
ITLB: size: 48, misses 12, miss rate 0.00%
DTLB: size: 128, misses 23153, miss rate 0.02%
Avg mem delay: 4.235 cycles
----------------------------------------
==== Statistics for Master ID: 2 ====
Reads: 207019853   Writes: 31049089
ICACHE: size: 64 KB assoc: 2
ICACHE: hits:133151422 misses:34010  Hit Ratio: 99.97%
DCACHE: size: 32 KB assoc: 8
DCACHE: hits:101110092 misses:3773418 writebacks:3593481  Hit Ratio: 96.40%
SCACHE: size: 512 KB assoc: 2
SCACHE: hits:1074076 misses:2733352  Hit Ratio: 28.21%
3CACHE: size: 4096 KB assoc: 2
3CACHE: hits:396921 misses:2336431  Hit Ratio: 14.52%
3CACHE: dirty items replaced:151010
ITLB: size: 48, misses 40, miss rate 0.00%
DTLB: size: 128, misses 102735, miss rate 0.10%
Avg mem delay: 4.235 cycles
----------------------------------------
==== Statistics for Master ID: 3 ====
Reads: 264998735   Writes: 12648918
ICACHE: size: 64 KB assoc: 2
ICACHE: hits:131867590 misses:3811  Hit Ratio: 100.00%
DCACHE: size: 32 KB assoc: 8
DCACHE: hits:141273200 misses:4503052 writebacks:4502503  Hit Ratio: 96.91%
SCACHE: size: 512 KB assoc: 2
SCACHE: hits:300670 misses:4206193  Hit Ratio: 6.67%
3CACHE: size: 4096 KB assoc: 2
3CACHE: hits:1012076 misses:3194117  Hit Ratio: 24.06%
3CACHE: dirty items replaced:190761
ITLB: size: 48, misses 93, miss rate 0.00%
DTLB: size: 128, misses 83395, miss rate 0.06%
Avg mem delay: 4.235 cycles
----------------------------------------
==== Global Resource Utilization ====
STASH: size: 65536 entries, full 1695158436, empty 51721, misses 4541, full rate 100.00
icache bank util. 0.092 0.074 0.070 0.086 0.108 0.163 0.113 0.114 
dcache bank util. 0.087 0.106 0.116 0.098 0.141 0.081 0.138 0.096 
L2 bank util. 0.028 0.028 0.029 0.028 0.028 0.028 0.030 0.032 
L1-L2 bus util. = 0.125, L3 util. = 0.117
----------------------------------------
branch prediction, hits = 56090609, misses = 5721022, hit rate = 90.74%
return_stack prediction, hits = 4617246, misses = 37, hit rate = 100.00%
jump prediction, hits = 72226772, misses = 130048, hit rate = 99.82%

**** Debug Statistics at 601000000 Cycles *****
Threads: 4		Fetch Width: 8
No of useful instructions fetched:	1459682871 (30.36% proc util.)
No of total instructions fetched:	1611649551 (33.52% proc util.)
 includes 439042 misfetch (0.0%), 151527638 (9.4%) wrong-path fetches
 and 0 flushed after failed lock(0.0%)
No of useful instructions issued/executed:	1459682836 (30.36% proc util.)
No of total instructions issued/executed:	1528507502 (31.79% proc util.)
 includes 68824666 wrong-path (4.5%) insts and 0 flushed (0.0%)
	fp 203371564, 13.31%
	synch 0, 0.00%
	integer 862714221, 56.44%
	load/store 462421717, 30.25%
Avg size of int IQ (before scheduling): 17.31
Avg size of fp IQ (before scheduling): 7.78
No of cycles taken:		601000000
Parallelism [ 0.874, 0.000, 0.755, 0.800,] = 2.429
 IQ conflicts: 5367186 (0.89%), FQ conflicts: 243480 (0.04%) 
 I reg conflicts: 148382040 (24.69%), FP reg conflicts: 188211385 (31.32%)
  Activelist confs: 0 (0.00%), ROB confs: 10480 (0.00%)
  Int unit conflicts: 239585155 (39.86%), FP unit conflicts: 1792791 (0.30%)
  Load/store unit conflicts: 50345496 (8.38%)
  MSHR conflicts: 397163516 (66.08%)
----------------------------------------
==== System-wide Cache Statistics ====
Stall for miss queue full 0 cycles (0.00%)
----------------------------------------
==== Statistics for Master ID: 0 ====
Reads: 282618409   Writes: 39560340
ICACHE: size: 64 KB assoc: 2
ICACHE: hits:178290787 misses:37954  Hit Ratio: 99.98%
DCACHE: size: 32 KB assoc: 8
DCACHE: hits:141157302 misses:2692706 writebacks:2691449  Hit Ratio: 98.13%
SCACHE: size: 512 KB assoc: 2
SCACHE: hits:1534772 misses:1195888  Hit Ratio: 56.21%
3CACHE: size: 4096 KB assoc: 2
3CACHE: hits:790411 misses:405477  Hit Ratio: 66.09%
3CACHE: dirty items replaced:94072
ITLB: size: 48, misses 12, miss rate 0.00%
DTLB: size: 128, misses 27440, miss rate 0.02%
Avg mem delay: 3.936 cycles
----------------------------------------
==== Statistics for Master ID: 2 ====
Reads: 258989262   Writes: 38206464
ICACHE: size: 64 KB assoc: 2
ICACHE: hits:166334515 misses:40846  Hit Ratio: 99.98%
DCACHE: size: 32 KB assoc: 8
DCACHE: hits:126552230 misses:4268135 writebacks:4088198  Hit Ratio: 96.74%
SCACHE: size: 512 KB assoc: 2
SCACHE: hits:1389946 misses:2919035  Hit Ratio: 32.26%
3CACHE: size: 4096 KB assoc: 2
3CACHE: hits:527781 misses:2391254  Hit Ratio: 18.08%
3CACHE: dirty items replaced:164073
ITLB: size: 48, misses 40, miss rate 0.00%
DTLB: size: 128, misses 105877, miss rate 0.08%
Avg mem delay: 3.936 cycles
----------------------------------------
==== Statistics for Master ID: 3 ====
Reads: 341773421   Writes: 14188127
ICACHE: size: 64 KB assoc: 2
ICACHE: hits:168206323 misses:4148  Hit Ratio: 100.00%
DCACHE: size: 32 KB assoc: 8
DCACHE: hits:182391963 misses:5359114 writebacks:5358565  Hit Ratio: 97.15%
SCACHE: size: 512 KB assoc: 2
SCACHE: hits:350390 misses:5012872  Hit Ratio: 6.53%
3CACHE: size: 4096 KB assoc: 2
3CACHE: hits:1318551 misses:3694321  Hit Ratio: 26.30%
3CACHE: dirty items replaced:242531
ITLB: size: 48, misses 93, miss rate 0.00%
DTLB: size: 128, misses 100907, miss rate 0.05%
Avg mem delay: 3.936 cycles
----------------------------------------
==== Global Resource Utilization ====
STASH: size: 65536 entries, full 2091597816, empty 55109, misses 4881, full rate 100.00
icache bank util. 0.097 0.076 0.073 0.091 0.115 0.165 0.118 0.118 
dcache bank util. 0.090 0.108 0.120 0.101 0.148 0.084 0.142 0.098 
L2 bank util. 0.028 0.028 0.028 0.027 0.027 0.027 0.029 0.031 
L1-L2 bus util. = 0.123, L3 util. = 0.108
----------------------------------------
branch prediction, hits = 67387649, misses = 7134100, hit rate = 90.43%
return_stack prediction, hits = 5807750, misses = 37, hit rate = 100.00%
jump prediction, hits = 87798388, misses = 158281, hit rate = 99.82%

**** Debug Statistics at 701000000 Cycles *****
Threads: 4		Fetch Width: 8
No of useful instructions fetched:	1767621414 (31.52% proc util.)
No of total instructions fetched:	1948419762 (34.74% proc util.)
 includes 505965 misfetch (0.0%), 180292383 (9.3%) wrong-path fetches
 and 0 flushed after failed lock(0.0%)
No of useful instructions issued/executed:	1767621401 (31.52% proc util.)
No of total instructions issued/executed:	1850061231 (32.99% proc util.)
 includes 82439830 wrong-path (4.5%) insts and 0 flushed (0.0%)
	fp 251704947, 13.61%
	synch 0, 0.00%
	integer 1037217879, 56.06%
	load/store 561138405, 30.33%
Avg size of int IQ (before scheduling): 17.09
Avg size of fp IQ (before scheduling): 7.70
No of cycles taken:		701000000
Parallelism [ 0.889, 0.000, 0.786, 0.847,] = 2.522
 IQ conflicts: 6098071 (0.87%), FQ conflicts: 243480 (0.03%) 
 I reg conflicts: 156272331 (22.29%), FP reg conflicts: 224628251 (32.04%)
  Activelist confs: 0 (0.00%), ROB confs: 10979 (0.00%)
  Int unit conflicts: 286275569 (40.84%), FP unit conflicts: 2084482 (0.30%)
  Load/store unit conflicts: 61044071 (8.71%)
  MSHR conflicts: 427531527 (60.99%)
----------------------------------------
==== System-wide Cache Statistics ====
Stall for miss queue full 0 cycles (0.00%)
----------------------------------------
==== Statistics for Master ID: 0 ====
Reads: 336142869   Writes: 46504792
ICACHE: size: 64 KB assoc: 2
ICACHE: hits:212774728 misses:45861  Hit Ratio: 99.98%
DCACHE: size: 32 KB assoc: 8
DCACHE: hits:166630635 misses:3196437 writebacks:3195180  Hit Ratio: 98.12%
SCACHE: size: 512 KB assoc: 2
SCACHE: hits:1834523 misses:1407775  Hit Ratio: 56.58%
3CACHE: size: 4096 KB assoc: 2
3CACHE: hits:933192 misses:474583  Hit Ratio: 66.29%
3CACHE: dirty items replaced:112204
ITLB: size: 48, misses 12, miss rate 0.00%
DTLB: size: 128, misses 31648, miss rate 0.02%
Avg mem delay: 3.719 cycles
----------------------------------------
==== Statistics for Master ID: 2 ====
Reads: 314637963   Writes: 45439434
ICACHE: size: 64 KB assoc: 2
ICACHE: hits:201966506 misses:50647  Hit Ratio: 99.97%
DCACHE: size: 32 KB assoc: 8
DCACHE: hits:153261390 misses:4798854 writebacks:4618917  Hit Ratio: 96.96%
SCACHE: size: 512 KB assoc: 2
SCACHE: hits:1728119 misses:3121382  Hit Ratio: 35.63%
3CACHE: size: 4096 KB assoc: 2
3CACHE: hits:662240 misses:2459142  Hit Ratio: 21.22%
3CACHE: dirty items replaced:183064
ITLB: size: 48, misses 40, miss rate 0.00%
DTLB: size: 128, misses 109132, miss rate 0.07%
Avg mem delay: 3.719 cycles
----------------------------------------
==== Statistics for Master ID: 3 ====
Reads: 424359026   Writes: 15848615
ICACHE: size: 64 KB assoc: 2
ICACHE: hits:206952458 misses:4370  Hit Ratio: 100.00%
DCACHE: size: 32 KB assoc: 8
DCACHE: hits:227019463 misses:6231350 writebacks:6230801  Hit Ratio: 97.33%
SCACHE: size: 512 KB assoc: 2
SCACHE: hits:401900 misses:5833820  Hit Ratio: 6.45%
3CACHE: size: 4096 KB assoc: 2
3CACHE: hits:1646895 misses:4186925  Hit Ratio: 28.23%
3CACHE: dirty items replaced:297769
ITLB: size: 48, misses 93, miss rate 0.00%
DTLB: size: 128, misses 118668, miss rate 0.05%
Avg mem delay: 3.719 cycles
----------------------------------------
==== Global Resource Utilization ====
STASH: size: 65536 entries, full 2516313271, empty 58926, misses 5249, full rate 100.00
icache bank util. 0.102 0.077 0.076 0.096 0.121 0.169 0.123 0.124 
dcache bank util. 0.093 0.112 0.124 0.104 0.153 0.087 0.147 0.102 
L2 bank util. 0.027 0.027 0.028 0.027 0.027 0.027 0.028 0.030 
L1-L2 bus util. = 0.121, L3 util. = 0.102
----------------------------------------
branch prediction, hits = 79861221, misses = 8618375, hit rate = 90.26%
return_stack prediction, hits = 6958916, misses = 37, hit rate = 100.00%
jump prediction, hits = 104438695, misses = 191965, hit rate = 99.82%

**** Early Exiting at 796401092 Cycles *****
========================================
 SMTSIM Global Statistics
========================================
Threads: 4		Fetch Width: 8
No of useful instructions fetched:	2000000078 (31.39% proc util.)
No of total instructions fetched:	2203226582 (34.58% proc util.)
 includes 542319 misfetch (0.0%), 202684185 (9.2%) wrong-path fetches
 and 0 flushed after failed lock(0.0%)
No of useful instructions issued/executed:	2000000062 (31.39% proc util.)
No of total instructions issued/executed:	2093207580 (32.85% proc util.)
 includes 93207518 wrong-path (4.5%) insts and 0 flushed (0.0%)
	fp 288354269, 13.78%
	synch 0, 0.00%
	integer 1168647782, 55.83%
	load/store 636205529, 30.39%
Avg size of int IQ (before scheduling): 16.42
Avg size of fp IQ (before scheduling): 7.44
No of cycles taken:		796401092
Parallelism [ 0.876, 0.000, 0.781, 0.855,] = 2.511
 IQ conflicts: 6219501 (0.78%), FQ conflicts: 243480 (0.03%) 
 I reg conflicts: 161365443 (20.26%), FP reg conflicts: 272658946 (34.24%)
  Activelist confs: 0 (0.00%), ROB confs: 10979 (0.00%)
  Int unit conflicts: 316751091 (39.77%), FP unit conflicts: 2226915 (0.28%)
  Load/store unit conflicts: 68251169 (8.57%)
  MSHR conflicts: 440698462 (55.34%)
----------------------------------------
==== System-wide Cache Statistics ====
Stall for miss queue full 0 cycles (0.00%)
----------------------------------------
==== Statistics for Master ID: 0 ====
Reads: 377091998   Writes: 52159721
ICACHE: size: 64 KB assoc: 2
ICACHE: hits:239024384 misses:53513  Hit Ratio: 99.98%
DCACHE: size: 32 KB assoc: 8
DCACHE: hits:186618285 misses:3555537 writebacks:3554280  Hit Ratio: 98.13%
SCACHE: size: 512 KB assoc: 2
SCACHE: hits:2038224 misses:1570826  Hit Ratio: 56.48%
3CACHE: size: 4096 KB assoc: 2
3CACHE: hits:1035470 misses:535356  Hit Ratio: 65.92%
3CACHE: dirty items replaced:127770
ITLB: size: 48, misses 12, miss rate 0.00%
DTLB: size: 128, misses 34860, miss rate 0.02%
Avg mem delay: 3.620 cycles
----------------------------------------
==== Statistics for Master ID: 2 ====
Reads: 356646389   Writes: 50801390
ICACHE: size: 64 KB assoc: 2
ICACHE: hits:228957007 misses:59333  Hit Ratio: 99.97%
DCACHE: size: 32 KB assoc: 8
DCACHE: hits:173119344 misses:5312095 writebacks:5132158  Hit Ratio: 97.02%
SCACHE: size: 512 KB assoc: 2
SCACHE: hits:2080982 misses:3290446  Hit Ratio: 38.74%
3CACHE: size: 4096 KB assoc: 2
3CACHE: hits:779115 misses:2511331  Hit Ratio: 23.68%
3CACHE: dirty items replaced:197403
ITLB: size: 48, misses 40, miss rate 0.00%
DTLB: size: 128, misses 111532, miss rate 0.06%
Avg mem delay: 3.620 cycles
----------------------------------------
==== Statistics for Master ID: 3 ====
Reads: 487927463   Writes: 17030048
ICACHE: size: 64 KB assoc: 2
ICACHE: hits:237353156 misses:4370  Hit Ratio: 100.00%
DCACHE: size: 32 KB assoc: 8
DCACHE: hits:260611539 misses:6988446 writebacks:6987897  Hit Ratio: 97.39%
SCACHE: size: 512 KB assoc: 2
SCACHE: hits:439742 misses:6553074  Hit Ratio: 6.29%
3CACHE: size: 4096 KB assoc: 2
3CACHE: hits:1896415 misses:4656659  Hit Ratio: 28.94%
3CACHE: dirty items replaced:347064
ITLB: size: 48, misses 93, miss rate 0.00%
DTLB: size: 128, misses 130569, miss rate 0.05%
Avg mem delay: 3.620 cycles
----------------------------------------
==== Global Resource Utilization ====
STASH: size: 65536 entries, full 2840995990, empty 58926, misses 5249, full rate 100.00
icache bank util. 0.101 0.079 0.077 0.097 0.122 0.166 0.122 0.123 
dcache bank util. 0.092 0.112 0.124 0.104 0.152 0.086 0.146 0.101 
L2 bank util. 0.027 0.027 0.027 0.027 0.026 0.026 0.028 0.030 
L1-L2 bus util. = 0.119, L3 util. = 0.097
----------------------------------------
branch prediction, hits = 89077212, misses = 9826012, hit rate = 90.07%
return_stack prediction, hits = 7887849, misses = 37, hit rate = 100.00%
jump prediction, hits = 117120059, misses = 211215, hit rate = 99.82%
total IPC 2.511

=== Results saved to: ./results/gzip-source_2_gzip-program_1_mgrid_1.txt ===
