测试组合（多线程优先）：mgrid.arg2 + equake.arg + gcc-expr.arg
执行命令：./smtsim mgrid.arg2 equake.arg gcc-expr.arg
==================================================

equake: Reading nodes.
SMTCache
Process 0, Thread 0: mgrid
Process 0, Thread 1: mgrid
Process 2, Thread 2: equake
Process 3, Thread 3: gcc-expr

**** Debug Statistics at 1000000 Cycles *****
Threads: 4		Fetch Width: 8
No of useful instructions fetched:	1811211 (22.64% proc util.)
No of total instructions fetched:	2045530 (25.57% proc util.)
 includes 24815 misfetch (1.2%), 209504 (10.2%) wrong-path fetches
 and 0 flushed after failed lock(0.0%)
No of useful instructions issued/executed:	1811188 (22.64% proc util.)
No of total instructions issued/executed:	1913024 (23.91% proc util.)
 includes 101836 wrong-path (5.3%) insts and 0 flushed (0.0%)
	fp 269242, 14.07%
	synch 0, 0.00%
	integer 961596, 50.27%
	load/store 682186, 35.66%
Avg size of int IQ (before scheduling): 5.66
Avg size of fp IQ (before scheduling): 7.04
No of cycles taken:		1000000
Parallelism [ 0.636, 0.000, 0.708, 0.467,] = 1.811
 IQ conflicts: 4267 (0.43%), FQ conflicts: 0 (0.00%) 
 I reg conflicts: 287315 (28.73%), FP reg conflicts: 361398 (36.14%)
  Activelist confs: 0 (0.00%), ROB confs: 673 (0.07%)
  Int unit conflicts: 244680 (24.47%), FP unit conflicts: 1058 (0.11%)
  Load/store unit conflicts: 118864 (11.89%)
  MSHR conflicts: 340405 (34.04%)
----------------------------------------
==== System-wide Cache Statistics ====
Stall for miss queue full 0 cycles (0.00%)
----------------------------------------
==== Statistics for Master ID: 0 ====
Reads: 476149   Writes: 8673
ICACHE: size: 64 KB assoc: 2
ICACHE: hits:232563 misses:50  Hit Ratio: 99.98%
DCACHE: size: 32 KB assoc: 8
DCACHE: hits:246601 misses:5608 writebacks:3668  Hit Ratio: 97.78%
SCACHE: size: 512 KB assoc: 2
SCACHE: hits:20 misses:5638  Hit Ratio: 0.35%
3CACHE: size: 4096 KB assoc: 2
3CACHE: hits:5 misses:5633  Hit Ratio: 0.09%
3CACHE: dirty items replaced:0
ITLB: size: 48, misses 2, miss rate 0.00%
DTLB: size: 128, misses 94, miss rate 0.04%
Avg mem delay: 3.045 cycles
----------------------------------------
==== Statistics for Master ID: 2 ====
Reads: 397127   Writes: 110933
ICACHE: size: 64 KB assoc: 2
ICACHE: hits:245695 misses:607  Hit Ratio: 99.75%
DCACHE: size: 32 KB assoc: 8
DCACHE: hits:257346 misses:4412 writebacks:3816  Hit Ratio: 98.31%
SCACHE: size: 512 KB assoc: 2
SCACHE: hits:194 misses:4825  Hit Ratio: 3.87%
3CACHE: size: 4096 KB assoc: 2
3CACHE: hits:41 misses:4784  Hit Ratio: 0.85%
3CACHE: dirty items replaced:1
ITLB: size: 48, misses 33, miss rate 0.01%
DTLB: size: 128, misses 111, miss rate 0.04%
Avg mem delay: 3.045 cycles
----------------------------------------
==== Statistics for Master ID: 3 ====
Reads: 279945   Writes: 68634
ICACHE: size: 64 KB assoc: 2
ICACHE: hits:180705 misses:1836  Hit Ratio: 98.99%
DCACHE: size: 32 KB assoc: 8
DCACHE: hits:163203 misses:2835 writebacks:2054  Hit Ratio: 98.29%
SCACHE: size: 512 KB assoc: 2
SCACHE: hits:421 misses:4250  Hit Ratio: 9.01%
3CACHE: size: 4096 KB assoc: 2
3CACHE: hits:184 misses:4066  Hit Ratio: 4.33%
3CACHE: dirty items replaced:0
ITLB: size: 48, misses 111, miss rate 0.06%
DTLB: size: 128, misses 145, miss rate 0.09%
Avg mem delay: 3.045 cycles
----------------------------------------
==== Global Resource Utilization ====
STASH: size: 65536 entries, full 502463949, empty 66049, misses 6611, full rate 99.99
icache bank util. 0.075 0.079 0.062 0.096 0.099 0.100 0.091 0.067 
dcache bank util. 0.082 0.083 0.091 0.136 0.120 0.081 0.077 0.079 
L2 bank util. 0.021 0.021 0.020 0.021 0.020 0.020 0.020 0.021 
L1-L2 bus util. = 0.075, L3 util. = 0.145
----------------------------------------
branch prediction, hits = 135643, misses = 11658, hit rate = 92.09%
return_stack prediction, hits = 21700, misses = 14, hit rate = 99.94%
jump prediction, hits = 158873, misses = 7659, hit rate = 95.40%
 init_expr_once init_expr save_expr_status restore_expr_status enqueue_insn protect_from_queue queued_subexp_p emit_queue init_queue convert_move
**** Debug Statistics at 101000000 Cycles *****
Threads: 4		Fetch Width: 8
No of useful instructions fetched:	217715747 (26.95% proc util.)
No of total instructions fetched:	273466361 (33.84% proc util.)
 includes 17323438 misfetch (6.3%), 38427176 (14.1%) wrong-path fetches
 and 0 flushed after failed lock(0.0%)
No of useful instructions issued/executed:	217715731 (26.95% proc util.)
No of total instructions issued/executed:	236983968 (29.33% proc util.)
 includes 19268237 wrong-path (8.1%) insts and 0 flushed (0.0%)
	fp 37997010, 16.03%
	synch 0, 0.00%
	integer 114375557, 48.26%
	load/store 84611401, 35.70%
Avg size of int IQ (before scheduling): 6.90
Avg size of fp IQ (before scheduling): 5.22
No of cycles taken:		101000000
Parallelism [ 0.888, 0.000, 0.802, 0.465,] = 2.156
 IQ conflicts: 1110810 (1.10%), FQ conflicts: 0 (0.00%) 
 I reg conflicts: 2979842 (2.95%), FP reg conflicts: 50222594 (49.73%)
  Activelist confs: 29 (0.00%), ROB confs: 8695 (0.01%)
  Int unit conflicts: 19977659 (19.78%), FP unit conflicts: 172166 (0.17%)
  Load/store unit conflicts: 11679494 (11.56%)
  MSHR conflicts: 27106629 (26.84%)
----------------------------------------
==== System-wide Cache Statistics ====
Stall for miss queue full 0 cycles (0.00%)
----------------------------------------
==== Statistics for Master ID: 0 ====
Reads: 67120187   Writes: 1321020
ICACHE: size: 64 KB assoc: 2
ICACHE: hits:32733451 misses:17262  Hit Ratio: 99.95%
DCACHE: size: 32 KB assoc: 8
DCACHE: hits:34874800 misses:815694 writebacks:812543  Hit Ratio: 97.71%
SCACHE: size: 512 KB assoc: 2
SCACHE: hits:82538 misses:750418  Hit Ratio: 9.91%
3CACHE: size: 4096 KB assoc: 2
3CACHE: hits:228912 misses:521506  Hit Ratio: 30.50%
3CACHE: dirty items replaced:16162
ITLB: size: 48, misses 824, miss rate 0.00%
DTLB: size: 128, misses 17037, miss rate 0.05%
Avg mem delay: 2.410 cycles
----------------------------------------
==== Statistics for Master ID: 2 ====
Reads: 52691889   Writes: 8601045
ICACHE: size: 64 KB assoc: 2
ICACHE: hits:33691281 misses:228303  Hit Ratio: 99.33%
DCACHE: size: 32 KB assoc: 8
DCACHE: hits:27345808 misses:27542 writebacks:26939  Hit Ratio: 99.90%
SCACHE: size: 512 KB assoc: 2
SCACHE: hits:214354 misses:41491  Hit Ratio: 83.78%
3CACHE: size: 4096 KB assoc: 2
3CACHE: hits:12943 misses:28548  Hit Ratio: 31.19%
3CACHE: dirty items replaced:123
ITLB: size: 48, misses 1059, miss rate 0.00%
DTLB: size: 128, misses 1891, miss rate 0.01%
Avg mem delay: 2.410 cycles
----------------------------------------
==== Statistics for Master ID: 3 ====
Reads: 38241142   Writes: 5964973
ICACHE: size: 64 KB assoc: 2
ICACHE: hits:22098086 misses:650671  Hit Ratio: 97.14%
DCACHE: size: 32 KB assoc: 8
DCACHE: hits:21256166 misses:201192 writebacks:200397  Hit Ratio: 99.06%
SCACHE: size: 512 KB assoc: 2
SCACHE: hits:592000 misses:259863  Hit Ratio: 69.49%
3CACHE: size: 4096 KB assoc: 2
3CACHE: hits:165120 misses:94743  Hit Ratio: 63.54%
3CACHE: dirty items replaced:3548
ITLB: size: 48, misses 62192, miss rate 0.27%
DTLB: size: 128, misses 20757, miss rate 0.10%
Avg mem delay: 2.410 cycles
----------------------------------------
==== Global Resource Utilization ====
STASH: size: 65536 entries, full 838153215, empty 6792162, misses 586367, full rate 99.13
icache bank util. 0.122 0.123 0.119 0.116 0.110 0.107 0.109 0.107 
dcache bank util. 0.096 0.139 0.133 0.126 0.103 0.091 0.113 0.098 
L2 bank util. 0.021 0.023 0.022 0.021 0.020 0.020 0.020 0.021 
L1-L2 bus util. = 0.089, L3 util. = 0.064
----------------------------------------
branch prediction, hits = 16234103, misses = 2001408, hit rate = 89.02%
return_stack prediction, hits = 3020413, misses = 1115, hit rate = 99.96%
jump prediction, hits = 13629539, misses = 4618846, hit rate = 74.69%

**** Debug Statistics at 201000000 Cycles *****
Threads: 4		Fetch Width: 8
No of useful instructions fetched:	528474561 (32.87% proc util.)
No of total instructions fetched:	674401994 (41.94% proc util.)
 includes 46726833 misfetch (6.9%), 99200600 (14.7%) wrong-path fetches
 and 0 flushed after failed lock(0.0%)
No of useful instructions issued/executed:	528474546 (32.87% proc util.)
No of total instructions issued/executed:	577834092 (35.93% proc util.)
 includes 49359546 wrong-path (8.5%) insts and 0 flushed (0.0%)
	fp 91436621, 15.82%
	synch 0, 0.00%
	integer 277524679, 48.03%
	load/store 208872792, 36.15%
Avg size of int IQ (before scheduling): 7.86
Avg size of fp IQ (before scheduling): 6.04
No of cycles taken:		201000000
Parallelism [ 1.063, 0.000, 0.960, 0.606,] = 2.629
 IQ conflicts: 1271429 (0.63%), FQ conflicts: 0 (0.00%) 
 I reg conflicts: 4352657 (2.17%), FP reg conflicts: 81467372 (40.53%)
  Activelist confs: 29 (0.00%), ROB confs: 19576 (0.01%)
  Int unit conflicts: 53662645 (26.70%), FP unit conflicts: 524307 (0.26%)
  Load/store unit conflicts: 31210792 (15.53%)
  MSHR conflicts: 33680759 (16.76%)
----------------------------------------
==== System-wide Cache Statistics ====
Stall for miss queue full 0 cycles (0.00%)
----------------------------------------
==== Statistics for Master ID: 0 ====
Reads: 159817437   Writes: 3035854
ICACHE: size: 64 KB assoc: 2
ICACHE: hits:77221499 misses:63501  Hit Ratio: 99.92%
DCACHE: size: 32 KB assoc: 8
DCACHE: hits:83871433 misses:1696858 writebacks:1693707  Hit Ratio: 98.02%
SCACHE: size: 512 KB assoc: 2
SCACHE: hits:259668 misses:1500691  Hit Ratio: 14.75%
3CACHE: size: 4096 KB assoc: 2
3CACHE: hits:532095 misses:968596  Hit Ratio: 35.46%
3CACHE: dirty items replaced:58174
ITLB: size: 48, misses 824, miss rate 0.00%
DTLB: size: 128, misses 30864, miss rate 0.04%
Avg mem delay: 2.153 cycles
----------------------------------------
==== Statistics for Master ID: 2 ====
Reads: 125177168   Writes: 20136367
ICACHE: size: 64 KB assoc: 2
ICACHE: hits:79730048 misses:719847  Hit Ratio: 99.11%
DCACHE: size: 32 KB assoc: 8
DCACHE: hits:64825897 misses:37743 writebacks:37140  Hit Ratio: 99.94%
SCACHE: size: 512 KB assoc: 2
SCACHE: hits:688629 misses:68961  Hit Ratio: 90.90%
3CACHE: size: 4096 KB assoc: 2
3CACHE: hits:29495 misses:39466  Hit Ratio: 42.77%
3CACHE: dirty items replaced:1387
ITLB: size: 48, misses 1318, miss rate 0.00%
DTLB: size: 128, misses 3471, miss rate 0.01%
Avg mem delay: 2.153 cycles
----------------------------------------
==== Statistics for Master ID: 3 ====
Reads: 102483135   Writes: 16408718
ICACHE: size: 64 KB assoc: 2
ICACHE: hits:59108994 misses:1634241  Hit Ratio: 97.31%
DCACHE: size: 32 KB assoc: 8
DCACHE: hits:57556493 misses:592125 writebacks:591330  Hit Ratio: 98.98%
SCACHE: size: 512 KB assoc: 2
SCACHE: hits:1762734 misses:463632  Hit Ratio: 79.18%
3CACHE: size: 4096 KB assoc: 2
3CACHE: hits:313712 misses:149920  Hit Ratio: 67.66%
3CACHE: dirty items replaced:13274
ITLB: size: 48, misses 91793, miss rate 0.15%
DTLB: size: 128, misses 40758, miss rate 0.07%
Avg mem delay: 2.153 cycles
----------------------------------------
==== Global Resource Utilization ====
STASH: size: 65536 entries, full 1329649059, empty 13629371, misses 1197964, full rate 98.90
icache bank util. 0.151 0.135 0.143 0.139 0.139 0.142 0.138 0.136 
dcache bank util. 0.117 0.161 0.161 0.160 0.130 0.121 0.140 0.116 
L2 bank util. 0.023 0.026 0.026 0.024 0.023 0.023 0.024 0.023 
L1-L2 bus util. = 0.105, L3 util. = 0.058
----------------------------------------
branch prediction, hits = 40456610, misses = 5163155, hit rate = 88.68%
return_stack prediction, hits = 7469340, misses = 1619, hit rate = 99.98%
jump prediction, hits = 32532946, misses = 12431310, hit rate = 72.35%
 convert_to_modeequake: Reading elements.

**** Debug Statistics at 301000000 Cycles *****
Threads: 4		Fetch Width: 8
No of useful instructions fetched:	771546212 (32.04% proc util.)
No of total instructions fetched:	977438474 (40.59% proc util.)
 includes 63309560 misfetch (6.5%), 142582702 (14.6%) wrong-path fetches
 and 0 flushed after failed lock(0.0%)
No of useful instructions issued/executed:	771546201 (32.04% proc util.)
No of total instructions issued/executed:	842568273 (34.99% proc util.)
 includes 71022072 wrong-path (8.4%) insts and 0 flushed (0.0%)
	fp 130796619, 15.52%
	synch 0, 0.00%
	integer 406869555, 48.29%
	load/store 304902099, 36.19%
Avg size of int IQ (before scheduling): 7.92
Avg size of fp IQ (before scheduling): 5.79
No of cycles taken:		301000000
Parallelism [ 1.018, 0.000, 0.937, 0.608,] = 2.563
 IQ conflicts: 2037936 (0.68%), FQ conflicts: 0 (0.00%) 
 I reg conflicts: 11836124 (3.93%), FP reg conflicts: 122562839 (40.72%)
  Activelist confs: 29 (0.00%), ROB confs: 26970 (0.01%)
  Int unit conflicts: 82267423 (27.33%), FP unit conflicts: 721268 (0.24%)
  Load/store unit conflicts: 47392237 (15.74%)
  MSHR conflicts: 60005620 (19.94%)
----------------------------------------
==== System-wide Cache Statistics ====
Stall for miss queue full 0 cycles (0.00%)
----------------------------------------
==== Statistics for Master ID: 0 ====
Reads: 229088569   Writes: 4402054
ICACHE: size: 64 KB assoc: 2
ICACHE: hits:110871871 misses:78789  Hit Ratio: 99.93%
DCACHE: size: 32 KB assoc: 8
DCACHE: hits:120040926 misses:2499037 writebacks:2495886  Hit Ratio: 97.96%
SCACHE: size: 512 KB assoc: 2
SCACHE: hits:336971 misses:2240855  Hit Ratio: 13.07%
3CACHE: size: 4096 KB assoc: 2
3CACHE: hits:782470 misses:1458385  Hit Ratio: 34.92%
3CACHE: dirty items replaced:123883
ITLB: size: 48, misses 922, miss rate 0.00%
DTLB: size: 128, misses 47613, miss rate 0.04%
Avg mem delay: 2.186 cycles
----------------------------------------
==== Statistics for Master ID: 2 ====
Reads: 180995267   Writes: 30202901
ICACHE: size: 64 KB assoc: 2
ICACHE: hits:114992146 misses:933443  Hit Ratio: 99.19%
DCACHE: size: 32 KB assoc: 8
DCACHE: hits:95129261 misses:143318 writebacks:142715  Hit Ratio: 99.85%
SCACHE: size: 512 KB assoc: 2
SCACHE: hits:895087 misses:181674  Hit Ratio: 83.13%
3CACHE: size: 4096 KB assoc: 2
3CACHE: hits:37702 misses:143972  Hit Ratio: 20.75%
3CACHE: dirty items replaced:17171
ITLB: size: 48, misses 1658, miss rate 0.00%
DTLB: size: 128, misses 6184, miss rate 0.01%
Avg mem delay: 2.186 cycles
----------------------------------------
==== Statistics for Master ID: 3 ====
Reads: 152144352   Writes: 24708663
ICACHE: size: 64 KB assoc: 2
ICACHE: hits:88113336 misses:2077990  Hit Ratio: 97.70%
DCACHE: size: 32 KB assoc: 8
DCACHE: hits:85760966 misses:900723 writebacks:899928  Hit Ratio: 98.96%
SCACHE: size: 512 KB assoc: 2
SCACHE: hits:2296857 misses:681856  Hit Ratio: 77.11%
3CACHE: size: 4096 KB assoc: 2
3CACHE: hits:467336 misses:214520  Hit Ratio: 68.54%
3CACHE: dirty items replaced:26828
ITLB: size: 48, misses 112130, miss rate 0.12%
DTLB: size: 128, misses 62015, miss rate 0.07%
Avg mem delay: 2.186 cycles
----------------------------------------
==== Global Resource Utilization ====
STASH: size: 65536 entries, full 1701803142, empty 18170246, misses 1603523, full rate 98.85
icache bank util. 0.144 0.131 0.138 0.137 0.135 0.137 0.133 0.129 
dcache bank util. 0.115 0.155 0.157 0.157 0.130 0.118 0.136 0.114 
L2 bank util. 0.022 0.025 0.025 0.024 0.023 0.022 0.023 0.023 
L1-L2 bus util. = 0.101, L3 util. = 0.060
----------------------------------------
branch prediction, hits = 59633195, misses = 7337625, hit rate = 89.04%
return_stack prediction, hits = 10847436, misses = 1973, hit rate = 99.98%
jump prediction, hits = 49420879, misses = 16964345, hit rate = 74.45%

**** Debug Statistics at 401000000 Cycles *****
Threads: 4		Fetch Width: 8
No of useful instructions fetched:	1007693732 (31.41% proc util.)
No of total instructions fetched:	1267078603 (39.50% proc util.)
 includes 80017674 misfetch (6.3%), 179367197 (14.2%) wrong-path fetches
 and 0 flushed after failed lock(0.0%)
No of useful instructions issued/executed:	1007693708 (31.41% proc util.)
No of total instructions issued/executed:	1097010762 (34.20% proc util.)
 includes 89317054 wrong-path (8.1%) insts and 0 flushed (0.0%)
	fp 168500878, 15.36%
	synch 0, 0.00%
	integer 531455387, 48.45%
	load/store 397054497, 36.19%
Avg size of int IQ (before scheduling): 7.74
Avg size of fp IQ (before scheduling): 5.59
No of cycles taken:		401000000
Parallelism [ 0.987, 0.000, 0.925, 0.601,] = 2.513
 IQ conflicts: 3124747 (0.78%), FQ conflicts: 0 (0.00%) 
 I reg conflicts: 13040883 (3.25%), FP reg conflicts: 171041479 (42.65%)
  Activelist confs: 66 (0.00%), ROB confs: 39674 (0.01%)
  Int unit conflicts: 108949548 (27.17%), FP unit conflicts: 891490 (0.22%)
  Load/store unit conflicts: 63060101 (15.73%)
  MSHR conflicts: 91100717 (22.72%)
----------------------------------------
==== System-wide Cache Statistics ====
Stall for miss queue full 0 cycles (0.00%)
----------------------------------------
==== Statistics for Master ID: 0 ====
Reads: 295753455   Writes: 5718571
ICACHE: size: 64 KB assoc: 2
ICACHE: hits:143332226 misses:98145  Hit Ratio: 99.93%
DCACHE: size: 32 KB assoc: 8
DCACHE: hits:154703155 misses:3338500 writebacks:3335349  Hit Ratio: 97.89%
SCACHE: size: 512 KB assoc: 2
SCACHE: hits:449747 misses:2986898  Hit Ratio: 13.09%
3CACHE: size: 4096 KB assoc: 2
3CACHE: hits:1003115 misses:1983782  Hit Ratio: 33.58%
3CACHE: dirty items replaced:212665
ITLB: size: 48, misses 1265, miss rate 0.00%
DTLB: size: 128, misses 64937, miss rate 0.04%
Avg mem delay: 2.204 cycles
----------------------------------------
==== Statistics for Master ID: 2 ====
Reads: 235408136   Writes: 39528231
ICACHE: size: 64 KB assoc: 2
ICACHE: hits:149419659 misses:1175110  Hit Ratio: 99.22%
DCACHE: size: 32 KB assoc: 8
DCACHE: hits:124190996 misses:150602 writebacks:149999  Hit Ratio: 99.88%
SCACHE: size: 512 KB assoc: 2
SCACHE: hits:1130083 misses:195629  Hit Ratio: 85.24%
3CACHE: size: 4096 KB assoc: 2
3CACHE: hits:43908 misses:151721  Hit Ratio: 22.44%
3CACHE: dirty items replaced:17572
ITLB: size: 48, misses 1747, miss rate 0.00%
DTLB: size: 128, misses 6836, miss rate 0.01%
Avg mem delay: 2.204 cycles
----------------------------------------
==== Statistics for Master ID: 3 ====
Reads: 199975588   Writes: 32436918
ICACHE: size: 64 KB assoc: 2
ICACHE: hits:115618667 misses:2680604  Hit Ratio: 97.73%
DCACHE: size: 32 KB assoc: 8
DCACHE: hits:112933798 misses:1179437 writebacks:1178642  Hit Ratio: 98.97%
SCACHE: size: 512 KB assoc: 2
SCACHE: hits:3030863 misses:829178  Hit Ratio: 78.52%
3CACHE: size: 4096 KB assoc: 2
3CACHE: hits:572516 misses:256662  Hit Ratio: 69.05%
3CACHE: dirty items replaced:39724
ITLB: size: 48, misses 141432, miss rate 0.12%
DTLB: size: 128, misses 78335, miss rate 0.07%
Avg mem delay: 2.204 cycles
----------------------------------------
==== Global Resource Utilization ====
STASH: size: 65536 entries, full 2058901254, empty 23313519, misses 2065879, full rate 98.78
icache bank util. 0.141 0.133 0.137 0.134 0.131 0.131 0.127 0.124 
dcache bank util. 0.113 0.154 0.156 0.151 0.125 0.115 0.134 0.111 
L2 bank util. 0.022 0.025 0.025 0.023 0.022 0.021 0.022 0.022 
L1-L2 bus util. = 0.099, L3 util. = 0.060
----------------------------------------
branch prediction, hits = 79619493, misses = 9270134, hit rate = 89.57%
return_stack prediction, hits = 14599069, misses = 2274, hit rate = 99.98%
jump prediction, hits = 66372942, misses = 21465375, hit rate = 75.56%
 move_by_pieces move_by_pieces_ninsns move_by_pieces_1 emit_block_move
**** Debug Statistics at 501000000 Cycles *****
Threads: 4		Fetch Width: 8
No of useful instructions fetched:	1291514637 (32.22% proc util.)
No of total instructions fetched:	1618477441 (40.38% proc util.)
 includes 96936872 misfetch (6.0%), 230025932 (14.2%) wrong-path fetches
 and 0 flushed after failed lock(0.0%)
No of useful instructions issued/executed:	1291514613 (32.22% proc util.)
No of total instructions issued/executed:	1407099583 (35.11% proc util.)
 includes 115584970 wrong-path (8.2%) insts and 0 flushed (0.0%)
	fp 207844929, 14.77%
	synch 0, 0.00%
	integer 692738842, 49.23%
	load/store 506515812, 36.00%
Avg size of int IQ (before scheduling): 9.13
Avg size of fp IQ (before scheduling): 6.43
No of cycles taken:		501000000
Parallelism [ 0.972, 0.000, 0.981, 0.625,] = 2.578
 IQ conflicts: 5728386 (1.14%), FQ conflicts: 33 (0.00%) 
 I reg conflicts: 19311595 (3.85%), FP reg conflicts: 204826084 (40.88%)
  Activelist confs: 162 (0.00%), ROB confs: 79496 (0.02%)
  Int unit conflicts: 167722188 (33.48%), FP unit conflicts: 2055530 (0.41%)
  Load/store unit conflicts: 84768176 (16.92%)
  MSHR conflicts: 155892887 (31.12%)
----------------------------------------
==== System-wide Cache Statistics ====
Stall for miss queue full 0 cycles (0.00%)
----------------------------------------
==== Statistics for Master ID: 0 ====
Reads: 359358841   Writes: 9640721
ICACHE: size: 64 KB assoc: 2
ICACHE: hits:175482822 misses:111502  Hit Ratio: 99.94%
DCACHE: size: 32 KB assoc: 8
DCACHE: hits:188734167 misses:4671071 writebacks:4667920  Hit Ratio: 97.58%
SCACHE: size: 512 KB assoc: 2
SCACHE: hits:686467 misses:4096106  Hit Ratio: 14.35%
3CACHE: size: 4096 KB assoc: 2
3CACHE: hits:1316115 misses:2779991  Hit Ratio: 32.13%
3CACHE: dirty items replaced:386519
ITLB: size: 48, misses 1463, miss rate 0.00%
DTLB: size: 128, misses 91801, miss rate 0.05%
Avg mem delay: 2.357 cycles
----------------------------------------
==== Statistics for Master ID: 2 ====
Reads: 306797977   Writes: 52182506
ICACHE: size: 64 KB assoc: 2
ICACHE: hits:193638770 misses:1418011  Hit Ratio: 99.27%
DCACHE: size: 32 KB assoc: 8
DCACHE: hits:163763413 misses:160289 writebacks:159686  Hit Ratio: 99.90%
SCACHE: size: 512 KB assoc: 2
SCACHE: hits:1365327 misses:212973  Hit Ratio: 86.51%
3CACHE: size: 4096 KB assoc: 2
3CACHE: hits:50611 misses:162362  Hit Ratio: 23.76%
3CACHE: dirty items replaced:19316
ITLB: size: 48, misses 1872, miss rate 0.00%
DTLB: size: 128, misses 7805, miss rate 0.00%
Avg mem delay: 2.357 cycles
----------------------------------------
==== Statistics for Master ID: 3 ====
Reads: 258826242   Writes: 42673986
ICACHE: size: 64 KB assoc: 2
ICACHE: hits:149808868 misses:3166257  Hit Ratio: 97.93%
DCACHE: size: 32 KB assoc: 8
DCACHE: hits:146887449 misses:1637654 writebacks:1636859  Hit Ratio: 98.90%
SCACHE: size: 512 KB assoc: 2
SCACHE: hits:3586990 misses:1216920  Hit Ratio: 74.67%
3CACHE: size: 4096 KB assoc: 2
3CACHE: hits:842031 misses:374889  Hit Ratio: 69.19%
3CACHE: dirty items replaced:78169
ITLB: size: 48, misses 170756, miss rate 0.11%
DTLB: size: 128, misses 116792, miss rate 0.08%
Avg mem delay: 2.357 cycles
----------------------------------------
==== Global Resource Utilization ====
STASH: size: 65536 entries, full 2472981525, empty 28693252, misses 2537285, full rate 98.75
icache bank util. 0.147 0.138 0.142 0.134 0.130 0.130 0.128 0.125 
dcache bank util. 0.113 0.155 0.162 0.156 0.129 0.118 0.138 0.115 
L2 bank util. 0.024 0.026 0.026 0.024 0.023 0.023 0.023 0.024 
L1-L2 bus util. = 0.106, L3 util. = 0.066
----------------------------------------
branch prediction, hits = 105606906, misses = 11246600, hit rate = 90.38%
return_stack prediction, hits = 19574432, misses = 3146, hit rate = 99.98%
jump prediction, hits = 90840849, misses = 25544954, hit rate = 78.05%

**** Debug Statistics at 601000000 Cycles *****
Threads: 4		Fetch Width: 8
No of useful instructions fetched:	1528511884 (31.79% proc util.)
No of total instructions fetched:	1912686845 (39.78% proc util.)
 includes 116661144 misfetch (6.1%), 267513817 (14.0%) wrong-path fetches
 and 0 flushed after failed lock(0.0%)
No of useful instructions issued/executed:	1528511841 (31.79% proc util.)
No of total instructions issued/executed:	1662921416 (34.59% proc util.)
 includes 134409575 wrong-path (8.1%) insts and 0 flushed (0.0%)
	fp 246375216, 14.82%
	synch 0, 0.00%
	integer 816577570, 49.10%
	load/store 599968630, 36.08%
Avg size of int IQ (before scheduling): 8.61
Avg size of fp IQ (before scheduling): 6.15
No of cycles taken:		601000000
Parallelism [ 0.961, 0.000, 0.964, 0.617,] = 2.543
 IQ conflicts: 5770301 (0.96%), FQ conflicts: 33 (0.00%) 
 I reg conflicts: 20115344 (3.35%), FP reg conflicts: 253802205 (42.23%)
  Activelist confs: 162 (0.00%), ROB confs: 91541 (0.02%)
  Int unit conflicts: 192068689 (31.96%), FP unit conflicts: 2232503 (0.37%)
  Load/store unit conflicts: 99661174 (16.58%)
  MSHR conflicts: 159808701 (26.59%)
----------------------------------------
==== System-wide Cache Statistics ====
Stall for miss queue full 0 cycles (0.00%)
----------------------------------------
==== Statistics for Master ID: 0 ====
Reads: 427160350   Writes: 10880959
ICACHE: size: 64 KB assoc: 2
ICACHE: hits:208429392 misses:137755  Hit Ratio: 99.93%
DCACHE: size: 32 KB assoc: 8
DCACHE: hits:224008243 misses:5465919 writebacks:5462768  Hit Ratio: 97.62%
SCACHE: size: 512 KB assoc: 2
SCACHE: hits:809061 misses:4794613  Hit Ratio: 14.44%
3CACHE: size: 4096 KB assoc: 2
3CACHE: hits:1532280 misses:3262333  Hit Ratio: 31.96%
3CACHE: dirty items replaced:518539
ITLB: size: 48, misses 1555, miss rate 0.00%
DTLB: size: 128, misses 104399, miss rate 0.05%
Avg mem delay: 2.326 cycles
----------------------------------------
==== Statistics for Master ID: 2 ====
Reads: 360829195   Writes: 61311646
ICACHE: size: 64 KB assoc: 2
ICACHE: hits:227845460 misses:1706534  Hit Ratio: 99.26%
DCACHE: size: 32 KB assoc: 8
DCACHE: hits:192421755 misses:167092 writebacks:166489  Hit Ratio: 99.91%
SCACHE: size: 512 KB assoc: 2
SCACHE: hits:1646255 misses:227370  Hit Ratio: 87.86%
3CACHE: size: 4096 KB assoc: 2
3CACHE: hits:57827 misses:169543  Hit Ratio: 25.43%
3CACHE: dirty items replaced:20733
ITLB: size: 48, misses 1950, miss rate 0.00%
DTLB: size: 128, misses 8556, miss rate 0.00%
Avg mem delay: 2.326 cycles
----------------------------------------
==== Statistics for Master ID: 3 ====
Reads: 308055405   Writes: 51398421
ICACHE: size: 64 KB assoc: 2
ICACHE: hits:178493750 misses:3869609  Hit Ratio: 97.88%
DCACHE: size: 32 KB assoc: 8
DCACHE: hits:174910634 misses:2179833 writebacks:2179038  Hit Ratio: 98.77%
SCACHE: size: 512 KB assoc: 2
SCACHE: hits:4674839 misses:1374603  Hit Ratio: 77.28%
3CACHE: size: 4096 KB assoc: 2
3CACHE: hits:976828 misses:397775  Hit Ratio: 71.06%
3CACHE: dirty items replaced:87402
ITLB: size: 48, misses 187247, miss rate 0.10%
DTLB: size: 128, misses 131948, miss rate 0.07%
Avg mem delay: 2.326 cycles
----------------------------------------
==== Global Resource Utilization ====
STASH: size: 65536 entries, full 2835770327, empty 34593316, misses 3076129, full rate 98.69
icache bank util. 0.145 0.138 0.141 0.133 0.129 0.128 0.125 0.121 
dcache bank util. 0.111 0.150 0.160 0.153 0.127 0.117 0.139 0.119 
L2 bank util. 0.024 0.026 0.026 0.025 0.023 0.023 0.023 0.024 
L1-L2 bus util. = 0.106, L3 util. = 0.064
----------------------------------------
branch prediction, hits = 125505436, misses = 13247845, hit rate = 90.45%
return_stack prediction, hits = 23336968, misses = 3249, hit rate = 99.99%
jump prediction, hits = 106970655, misses = 30866842, hit rate = 77.61%

**** Debug Statistics at 701000000 Cycles *****
Threads: 4		Fetch Width: 8
No of useful instructions fetched:	1792334267 (31.96% proc util.)
No of total instructions fetched:	2234513339 (39.85% proc util.)
 includes 134404049 misfetch (6.0%), 307775023 (13.8%) wrong-path fetches
 and 0 flushed after failed lock(0.0%)
No of useful instructions issued/executed:	1792334239 (31.96% proc util.)
No of total instructions issued/executed:	1947399894 (34.73% proc util.)
 includes 155065655 wrong-path (8.0%) insts and 0 flushed (0.0%)
	fp 288917519, 14.84%
	synch 0, 0.00%
	integer 954201439, 49.00%
	load/store 704280936, 36.17%
Avg size of int IQ (before scheduling): 8.65
Avg size of fp IQ (before scheduling): 6.07
No of cycles taken:		701000000
Parallelism [ 0.967, 0.000, 0.969, 0.620,] = 2.557
 IQ conflicts: 6897881 (0.98%), FQ conflicts: 33 (0.00%) 
 I reg conflicts: 21782451 (3.11%), FP reg conflicts: 296366925 (42.28%)
  Activelist confs: 414 (0.00%), ROB confs: 147716 (0.02%)
  Int unit conflicts: 223201085 (31.84%), FP unit conflicts: 2452386 (0.35%)
  Load/store unit conflicts: 119638178 (17.07%)
  MSHR conflicts: 198019763 (28.25%)
----------------------------------------
==== System-wide Cache Statistics ====
Stall for miss queue full 0 cycles (0.00%)
----------------------------------------
==== Statistics for Master ID: 0 ====
Reads: 501381458   Writes: 12352558
ICACHE: size: 64 KB assoc: 2
ICACHE: hits:244069790 misses:161762  Hit Ratio: 99.93%
DCACHE: size: 32 KB assoc: 8
DCACHE: hits:263195397 misses:6307067 writebacks:6303916  Hit Ratio: 97.66%
SCACHE: size: 512 KB assoc: 2
SCACHE: hits:919989 misses:5548840  Hit Ratio: 14.22%
3CACHE: size: 4096 KB assoc: 2
3CACHE: hits:1790630 misses:3758210  Hit Ratio: 32.27%
3CACHE: dirty items replaced:676237
ITLB: size: 48, misses 1657, miss rate 0.00%
DTLB: size: 128, misses 121727, miss rate 0.05%
Avg mem delay: 2.334 cycles
----------------------------------------
==== Statistics for Master ID: 2 ====
Reads: 421473377   Writes: 71720050
ICACHE: size: 64 KB assoc: 2
ICACHE: hits:266054065 misses:1964652  Hit Ratio: 99.27%
DCACHE: size: 32 KB assoc: 8
DCACHE: hits:224999803 misses:174907 writebacks:174304  Hit Ratio: 99.92%
SCACHE: size: 512 KB assoc: 2
SCACHE: hits:1897279 misses:242280  Hit Ratio: 88.68%
3CACHE: size: 4096 KB assoc: 2
3CACHE: hits:64384 misses:177896  Hit Ratio: 26.57%
3CACHE: dirty items replaced:23220
ITLB: size: 48, misses 2095, miss rate 0.00%
DTLB: size: 128, misses 9321, miss rate 0.00%
Avg mem delay: 2.334 cycles
----------------------------------------
==== Statistics for Master ID: 3 ====
Reads: 361310784   Writes: 61492803
ICACHE: size: 64 KB assoc: 2
ICACHE: hits:209689884 misses:4477932  Hit Ratio: 97.91%
DCACHE: size: 32 KB assoc: 8
DCACHE: hits:205641444 misses:2994327 writebacks:2993532  Hit Ratio: 98.56%
SCACHE: size: 512 KB assoc: 2
SCACHE: hits:5820814 misses:1651445  Hit Ratio: 77.90%
3CACHE: size: 4096 KB assoc: 2
3CACHE: hits:1194197 misses:457248  Hit Ratio: 72.31%
3CACHE: dirty items replaced:112359
ITLB: size: 48, misses 198176, miss rate 0.09%
DTLB: size: 128, misses 159573, miss rate 0.08%
Avg mem delay: 2.334 cycles
----------------------------------------
==== Global Resource Utilization ====
STASH: size: 65536 entries, full 3231868011, empty 39609387, misses 3533311, full rate 98.68
icache bank util. 0.146 0.137 0.141 0.133 0.131 0.130 0.125 0.121 
dcache bank util. 0.112 0.150 0.161 0.154 0.128 0.117 0.141 0.122 
L2 bank util. 0.024 0.027 0.026 0.025 0.024 0.023 0.024 0.024 
L1-L2 bus util. = 0.109, L3 util. = 0.063
----------------------------------------
branch prediction, hits = 147972272, misses = 15230273, hit rate = 90.67%
return_stack prediction, hits = 27566869, misses = 3401, hit rate = 99.99%
jump prediction, hits = 126749402, misses = 35609505, hit rate = 78.07%

**** Early Exiting at 761533527 Cycles *****
========================================
 SMTSIM Global Statistics
========================================
Threads: 4		Fetch Width: 8
No of useful instructions fetched:	2000000064 (32.83% proc util.)
No of total instructions fetched:	2475929915 (40.64% proc util.)
 includes 144415582 misfetch (5.8%), 331514269 (13.4%) wrong-path fetches
 and 0 flushed after failed lock(0.0%)
No of useful instructions issued/executed:	2000000037 (32.83% proc util.)
No of total instructions issued/executed:	2167059853 (35.57% proc util.)
 includes 167059816 wrong-path (7.7%) insts and 0 flushed (0.0%)
	fp 320574765, 14.79%
	synch 0, 0.00%
	integer 1064603874, 49.13%
	load/store 781881214, 36.08%
Avg size of int IQ (before scheduling): 8.78
Avg size of fp IQ (before scheduling): 6.13
No of cycles taken:		761533527
Parallelism [ 0.987, 0.000, 0.990, 0.650,] = 2.626
 IQ conflicts: 7257179 (0.95%), FQ conflicts: 33 (0.00%) 
 I reg conflicts: 23407735 (3.07%), FP reg conflicts: 314582751 (41.31%)
  Activelist confs: 421 (0.00%), ROB confs: 163521 (0.02%)
  Int unit conflicts: 252875411 (33.21%), FP unit conflicts: 2651679 (0.35%)
  Load/store unit conflicts: 132320565 (17.38%)
  MSHR conflicts: 215627671 (28.31%)
----------------------------------------
==== System-wide Cache Statistics ====
Stall for miss queue full 0 cycles (0.00%)
----------------------------------------
==== Statistics for Master ID: 0 ====
Reads: 555915983   Writes: 13371753
ICACHE: size: 64 KB assoc: 2
ICACHE: hits:269983624 misses:173333  Hit Ratio: 99.94%
DCACHE: size: 32 KB assoc: 8
DCACHE: hits:292299995 misses:6830784 writebacks:6827633  Hit Ratio: 97.72%
SCACHE: size: 512 KB assoc: 2
SCACHE: hits:1006978 misses:5997138  Hit Ratio: 14.38%
3CACHE: size: 4096 KB assoc: 2
3CACHE: hits:1967294 misses:4029844  Hit Ratio: 32.80%
3CACHE: dirty items replaced:763341
ITLB: size: 48, misses 1657, miss rate 0.00%
DTLB: size: 128, misses 129988, miss rate 0.04%
Avg mem delay: 2.300 cycles
----------------------------------------
==== Statistics for Master ID: 2 ====
Reads: 465950794   Writes: 79388161
ICACHE: size: 64 KB assoc: 2
ICACHE: hits:293952740 misses:2190089  Hit Ratio: 99.26%
DCACHE: size: 32 KB assoc: 8
DCACHE: hits:249015572 misses:180554 writebacks:179951  Hit Ratio: 99.93%
SCACHE: size: 512 KB assoc: 2
SCACHE: hits:2119476 misses:251167  Hit Ratio: 89.41%
3CACHE: size: 4096 KB assoc: 2
3CACHE: hits:67389 misses:183778  Hit Ratio: 26.83%
3CACHE: dirty items replaced:25653
ITLB: size: 48, misses 2152, miss rate 0.00%
DTLB: size: 128, misses 9750, miss rate 0.00%
Avg mem delay: 2.300 cycles
----------------------------------------
==== Statistics for Master ID: 3 ====
Reads: 403391055   Writes: 67812180
ICACHE: size: 64 KB assoc: 2
ICACHE: hits:233899721 misses:4792409  Hit Ratio: 97.99%
DCACHE: size: 32 KB assoc: 8
DCACHE: hits:229093437 misses:3417668 writebacks:3416873  Hit Ratio: 98.53%
SCACHE: size: 512 KB assoc: 2
SCACHE: hits:6407569 misses:1802508  Hit Ratio: 78.05%
3CACHE: size: 4096 KB assoc: 2
3CACHE: hits:1296207 misses:506301  Hit Ratio: 71.91%
3CACHE: dirty items replaced:128941
ITLB: size: 48, misses 201022, miss rate 0.08%
DTLB: size: 128, misses 171919, miss rate 0.07%
Avg mem delay: 2.300 cycles
----------------------------------------
==== Global Resource Utilization ====
STASH: size: 65536 entries, full 3528349402, empty 41673548, misses 3723871, full rate 98.73
icache bank util. 0.149 0.140 0.143 0.135 0.133 0.133 0.127 0.126 
dcache bank util. 0.117 0.152 0.164 0.157 0.130 0.119 0.145 0.124 
L2 bank util. 0.024 0.027 0.027 0.025 0.024 0.024 0.024 0.025 
L1-L2 bus util. = 0.110, L3 util. = 0.062
----------------------------------------
branch prediction, hits = 166863395, misses = 16413410, hit rate = 91.04%
return_stack prediction, hits = 30481988, misses = 3458, hit rate = 99.99%
jump prediction, hits = 143846620, misses = 38208699, hit rate = 79.01%
total IPC 2.626

=== Results saved to: ./results/mgrid_2_equake_1_gcc-expr_1.txt ===
