测试组合（多线程优先）：gzip-graphic.arg2 + gcc-integrate.arg + gzip-program.arg
执行命令：./smtsim gzip-graphic.arg2 gcc-integrate.arg gzip-program.arg
==================================================

SMTCache
Process 0, Thread 0: gzip-graphic
Process 0, Thread 1: gzip-graphic
Process 2, Thread 2: gcc-integrate
Process 3, Thread 3: gzip-program

**** Debug Statistics at 1000000 Cycles *****
Threads: 4		Fetch Width: 8
No of useful instructions fetched:	727959 (9.10% proc util.)
No of total instructions fetched:	939973 (11.75% proc util.)
 includes 16935 misfetch (1.8%), 195079 (20.8%) wrong-path fetches
 and 0 flushed after failed lock(0.0%)
No of useful instructions issued/executed:	727923 (9.10% proc util.)
No of total instructions issued/executed:	842182 (10.53% proc util.)
 includes 114259 wrong-path (13.6%) insts and 0 flushed (0.0%)
	fp 60, 0.01%
	synch 0, 0.00%
	integer 576678, 68.47%
	load/store 265444, 31.52%
Avg size of int IQ (before scheduling): 34.30
Avg size of fp IQ (before scheduling): 0.00
No of cycles taken:		1000000
Parallelism [ 0.304, 0.000, 0.293, 0.131,] = 0.728
 IQ conflicts: 8435 (0.84%), FQ conflicts: 0 (0.00%) 
 I reg conflicts: 841732 (84.17%), FP reg conflicts: 0 (0.00%)
  Activelist confs: 0 (0.00%), ROB confs: 0 (0.00%)
  Int unit conflicts: 78725 (7.87%), FP unit conflicts: 0 (0.00%)
  Load/store unit conflicts: 24488 (2.45%)
  MSHR conflicts: 1056229 (105.62%)
----------------------------------------
==== System-wide Cache Statistics ====
Stall for miss queue full 0 cycles (0.00%)
----------------------------------------
==== Statistics for Master ID: 0 ====
Reads: 200727   Writes: 22763
ICACHE: size: 64 KB assoc: 2
ICACHE: hits:118527 misses:51  Hit Ratio: 99.96%
DCACHE: size: 32 KB assoc: 8
DCACHE: hits:100343 misses:4569 writebacks:3331  Hit Ratio: 95.64%
SCACHE: size: 512 KB assoc: 2
SCACHE: hits:2086 misses:2534  Hit Ratio: 45.15%
3CACHE: size: 4096 KB assoc: 2
3CACHE: hits:43 misses:2491  Hit Ratio: 1.70%
3CACHE: dirty items replaced:0
ITLB: size: 48, misses 3, miss rate 0.00%
DTLB: size: 128, misses 1088, miss rate 1.04%
Avg mem delay: 42.580 cycles
----------------------------------------
==== Statistics for Master ID: 2 ====
Reads: 160402   Writes: 37984
ICACHE: size: 64 KB assoc: 2
ICACHE: hits:99461 misses:1313  Hit Ratio: 98.70%
DCACHE: size: 32 KB assoc: 8
DCACHE: hits:95960 misses:1652 writebacks:878  Hit Ratio: 98.31%
SCACHE: size: 512 KB assoc: 2
SCACHE: hits:209 misses:2756  Hit Ratio: 7.05%
3CACHE: size: 4096 KB assoc: 2
3CACHE: hits:23 misses:2733  Hit Ratio: 0.83%
3CACHE: dirty items replaced:0
ITLB: size: 48, misses 76, miss rate 0.08%
DTLB: size: 128, misses 359, miss rate 0.37%
Avg mem delay: 42.580 cycles
----------------------------------------
==== Statistics for Master ID: 3 ====
Reads: 100002   Writes: 21322
ICACHE: size: 64 KB assoc: 2
ICACHE: hits:58252 misses:218  Hit Ratio: 99.63%
DCACHE: size: 32 KB assoc: 8
DCACHE: hits:42282 misses:20572 writebacks:20400  Hit Ratio: 67.27%
SCACHE: size: 512 KB assoc: 2
SCACHE: hits:18 misses:20770  Hit Ratio: 0.09%
3CACHE: size: 4096 KB assoc: 2
3CACHE: hits:0 misses:20770  Hit Ratio: 0.00%
3CACHE: dirty items replaced:0
ITLB: size: 48, misses 18, miss rate 0.03%
DTLB: size: 128, misses 5125, miss rate 8.15%
Avg mem delay: 42.580 cycles
----------------------------------------
==== Global Resource Utilization ====
STASH: size: 65536 entries, full 101037864, empty 25530, misses 2208, full rate 99.97
icache bank util. 0.035 0.023 0.022 0.024 0.036 0.040 0.045 0.058 
dcache bank util. 0.026 0.043 0.044 0.028 0.018 0.019 0.212 0.031 
L2 bank util. 0.009 0.009 0.009 0.009 0.009 0.009 0.255 0.010 
L1-L2 bus util. = 0.159, L3 util. = 0.260
----------------------------------------
branch prediction, hits = 55680, misses = 7967, hit rate = 87.48%
return_stack prediction, hits = 6466, misses = 13, hit rate = 99.80%
jump prediction, hits = 63604, misses = 4095, hit rate = 93.95%
 function_cannot_inline_p save_for_inline copy_for_inline
**** Debug Statistics at 101000000 Cycles *****
Threads: 4		Fetch Width: 8
No of useful instructions fetched:	187433219 (23.20% proc util.)
No of total instructions fetched:	229400903 (28.39% proc util.)
 includes 7379804 misfetch (3.2%), 34587880 (15.1%) wrong-path fetches
 and 0 flushed after failed lock(0.0%)
No of useful instructions issued/executed:	187433192 (23.20% proc util.)
No of total instructions issued/executed:	203027634 (25.13% proc util.)
 includes 15594442 wrong-path (7.7%) insts and 0 flushed (0.0%)
	fp 3731, 0.00%
	synch 0, 0.00%
	integer 139452336, 68.69%
	load/store 63571567, 31.31%
Avg size of int IQ (before scheduling): 21.65
Avg size of fp IQ (before scheduling): 0.00
No of cycles taken:		101000000
Parallelism [ 0.893, 0.000, 0.629, 0.334,] = 1.856
 IQ conflicts: 164342 (0.16%), FQ conflicts: 0 (0.00%) 
 I reg conflicts: 66203174 (65.55%), FP reg conflicts: 0 (0.00%)
  Activelist confs: 0 (0.00%), ROB confs: 0 (0.00%)
  Int unit conflicts: 22691162 (22.47%), FP unit conflicts: 2 (0.00%)
  Load/store unit conflicts: 4676709 (4.63%)
  MSHR conflicts: 37362879 (36.99%)
----------------------------------------
==== System-wide Cache Statistics ====
Stall for miss queue full 0 cycles (0.00%)
----------------------------------------
==== Statistics for Master ID: 0 ====
Reads: 47320026   Writes: 7317580
ICACHE: size: 64 KB assoc: 2
ICACHE: hits:28322525 misses:5498  Hit Ratio: 99.98%
DCACHE: size: 32 KB assoc: 8
DCACHE: hits:25585238 misses:724345 writebacks:723078  Hit Ratio: 97.25%
SCACHE: size: 512 KB assoc: 2
SCACHE: hits:497647 misses:232196  Hit Ratio: 68.19%
3CACHE: size: 4096 KB assoc: 2
3CACHE: hits:172892 misses:59304  Hit Ratio: 74.46%
3CACHE: dirty items replaced:8576
ITLB: size: 48, misses 200, miss rate 0.00%
DTLB: size: 128, misses 10892, miss rate 0.04%
Avg mem delay: 5.483 cycles
----------------------------------------
==== Statistics for Master ID: 2 ====
Reads: 45226350   Writes: 7835687
ICACHE: size: 64 KB assoc: 2
ICACHE: hits:25559335 misses:407086  Hit Ratio: 98.43%
DCACHE: size: 32 KB assoc: 8
DCACHE: hits:26775295 misses:320321 writebacks:319525  Hit Ratio: 98.82%
SCACHE: size: 512 KB assoc: 2
SCACHE: hits:416890 misses:310516  Hit Ratio: 57.31%
3CACHE: size: 4096 KB assoc: 2
3CACHE: hits:208587 misses:101929  Hit Ratio: 67.17%
3CACHE: dirty items replaced:10332
ITLB: size: 48, misses 25949, miss rate 0.10%
DTLB: size: 128, misses 30889, miss rate 0.11%
Avg mem delay: 5.483 cycles
----------------------------------------
==== Statistics for Master ID: 3 ====
Reads: 18550664   Writes: 4965011
ICACHE: size: 64 KB assoc: 2
ICACHE: hits:13399716 misses:829  Hit Ratio: 99.99%
DCACHE: size: 32 KB assoc: 8
DCACHE: hits:8735751 misses:1379379 writebacks:1244229  Hit Ratio: 86.36%
SCACHE: size: 512 KB assoc: 2
SCACHE: hits:131 misses:1380077  Hit Ratio: 0.01%
3CACHE: size: 4096 KB assoc: 2
3CACHE: hits:109 misses:1379967  Hit Ratio: 0.01%
3CACHE: dirty items replaced:66894
ITLB: size: 48, misses 66, miss rate 0.00%
DTLB: size: 128, misses 64836, miss rate 0.64%
Avg mem delay: 5.483 cycles
----------------------------------------
==== Global Resource Utilization ====
STASH: size: 65536 entries, full 347805503, empty 7458939, misses 664745, full rate 97.72
icache bank util. 0.073 0.051 0.045 0.063 0.088 0.166 0.088 0.108 
dcache bank util. 0.078 0.099 0.098 0.090 0.115 0.076 0.121 0.092 
L2 bank util. 0.033 0.033 0.033 0.033 0.032 0.032 0.040 0.048 
L1-L2 bus util. = 0.152, L3 util. = 0.153
----------------------------------------
branch prediction, hits = 16750357, misses = 2166685, hit rate = 88.55%
return_stack prediction, hits = 1549410, misses = 1293, hit rate = 99.92%
jump prediction, hits = 18134607, misses = 1967967, hit rate = 90.21%
 expand_inline_function
**** Debug Statistics at 201000000 Cycles *****
Threads: 4		Fetch Width: 8
No of useful instructions fetched:	475850777 (29.59% proc util.)
No of total instructions fetched:	613764730 (38.17% proc util.)
 includes 16805181 misfetch (2.7%), 121108772 (19.7%) wrong-path fetches
 and 0 flushed after failed lock(0.0%)
No of useful instructions issued/executed:	475850758 (29.59% proc util.)
No of total instructions issued/executed:	531053172 (33.03% proc util.)
 includes 55202414 wrong-path (10.4%) insts and 0 flushed (0.0%)
	fp 6927, 0.00%
	synch 0, 0.00%
	integer 366919918, 69.09%
	load/store 164126327, 30.91%
Avg size of int IQ (before scheduling): 23.04
Avg size of fp IQ (before scheduling): 0.00
No of cycles taken:		201000000
Parallelism [ 1.017, 0.000, 0.720, 0.630,] = 2.367
 IQ conflicts: 783527 (0.39%), FQ conflicts: 0 (0.00%) 
 I reg conflicts: 107015539 (53.24%), FP reg conflicts: 0 (0.00%)
  Activelist confs: 91 (0.00%), ROB confs: 23386 (0.01%)
  Int unit conflicts: 158274582 (78.74%), FP unit conflicts: 3 (0.00%)
  Load/store unit conflicts: 18542402 (9.23%)
  MSHR conflicts: 78616000 (39.11%)
----------------------------------------
==== System-wide Cache Statistics ====
Stall for miss queue full 0 cycles (0.00%)
----------------------------------------
==== Statistics for Master ID: 0 ====
Reads: 112728671   Writes: 16615077
ICACHE: size: 64 KB assoc: 2
ICACHE: hits:68400487 misses:87115  Hit Ratio: 99.87%
DCACHE: size: 32 KB assoc: 8
DCACHE: hits:59139232 misses:1716914 writebacks:1715647  Hit Ratio: 97.18%
SCACHE: size: 512 KB assoc: 2
SCACHE: hits:1334890 misses:469139  Hit Ratio: 73.99%
3CACHE: size: 4096 KB assoc: 2
3CACHE: hits:359869 misses:109270  Hit Ratio: 76.71%
3CACHE: dirty items replaced:21418
ITLB: size: 48, misses 439, miss rate 0.00%
DTLB: size: 128, misses 43415, miss rate 0.07%
Avg mem delay: 3.628 cycles
----------------------------------------
==== Statistics for Master ID: 2 ====
Reads: 110569073   Writes: 18665752
ICACHE: size: 64 KB assoc: 2
ICACHE: hits:63117883 misses:1018126  Hit Ratio: 98.41%
DCACHE: size: 32 KB assoc: 8
DCACHE: hits:64332643 misses:766173 writebacks:765377  Hit Ratio: 98.82%
SCACHE: size: 512 KB assoc: 2
SCACHE: hits:1120387 misses:663912  Hit Ratio: 62.79%
3CACHE: size: 4096 KB assoc: 2
3CACHE: hits:486093 misses:177819  Hit Ratio: 73.22%
3CACHE: dirty items replaced:22604
ITLB: size: 48, misses 57203, miss rate 0.09%
DTLB: size: 128, misses 104168, miss rate 0.16%
Avg mem delay: 3.628 cycles
----------------------------------------
==== Statistics for Master ID: 3 ====
Reads: 72860671   Writes: 13416512
ICACHE: size: 64 KB assoc: 2
ICACHE: hits:48183299 misses:83323  Hit Ratio: 99.83%
DCACHE: size: 32 KB assoc: 8
DCACHE: hits:35460312 misses:2550249 writebacks:2381529  Hit Ratio: 93.29%
SCACHE: size: 512 KB assoc: 2
SCACHE: hits:413784 misses:2219788  Hit Ratio: 15.71%
3CACHE: size: 4096 KB assoc: 2
3CACHE: hits:92085 misses:2127703  Hit Ratio: 4.15%
3CACHE: dirty items replaced:135412
ITLB: size: 48, misses 223, miss rate 0.00%
DTLB: size: 128, misses 125055, miss rate 0.33%
Avg mem delay: 3.628 cycles
----------------------------------------
==== Global Resource Utilization ====
STASH: size: 65536 entries, full 770215689, empty 16239626, misses 1435219, full rate 97.76
icache bank util. 0.096 0.073 0.064 0.091 0.132 0.211 0.122 0.129 
dcache bank util. 0.095 0.120 0.125 0.112 0.152 0.090 0.159 0.110 
L2 bank util. 0.035 0.035 0.035 0.035 0.035 0.035 0.039 0.044 
L1-L2 bus util. = 0.165, L3 util. = 0.120
----------------------------------------
branch prediction, hits = 38796012, misses = 6072276, hit rate = 86.47%
return_stack prediction, hits = 4032314, misses = 2417, hit rate = 99.94%
jump prediction, hits = 43866674, misses = 4620088, hit rate = 90.47%
 copy_parm_decls copy_decl_tree copy_rtx_and_substitute copy_address
**** Debug Statistics at 301000000 Cycles *****
Threads: 4		Fetch Width: 8
No of useful instructions fetched:	866340313 (35.98% proc util.)
No of total instructions fetched:	1144951879 (47.55% proc util.)
 includes 28177810 misfetch (2.5%), 250433756 (21.9%) wrong-path fetches
 and 0 flushed after failed lock(0.0%)
No of useful instructions issued/executed:	866340297 (35.98% proc util.)
No of total instructions issued/executed:	981718877 (40.77% proc util.)
 includes 115378580 wrong-path (11.8%) insts and 0 flushed (0.0%)
	fp 10314, 0.00%
	synch 0, 0.00%
	integer 682955488, 69.57%
	load/store 298753075, 30.43%
Avg size of int IQ (before scheduling): 25.26
Avg size of fp IQ (before scheduling): 0.00
No of cycles taken:		301000000
Parallelism [ 1.161, 0.000, 0.816, 0.901,] = 2.878
 IQ conflicts: 1934584 (0.64%), FQ conflicts: 0 (0.00%) 
 I reg conflicts: 124247665 (41.28%), FP reg conflicts: 0 (0.00%)
  Activelist confs: 932 (0.00%), ROB confs: 71201 (0.02%)
  Int unit conflicts: 400996874 (133.22%), FP unit conflicts: 6 (0.00%)
  Load/store unit conflicts: 40449718 (13.44%)
  MSHR conflicts: 94726326 (31.47%)
----------------------------------------
==== System-wide Cache Statistics ====
Stall for miss queue full 0 cycles (0.00%)
----------------------------------------
==== Statistics for Master ID: 0 ====
Reads: 199872299   Writes: 28569912
ICACHE: size: 64 KB assoc: 2
ICACHE: hits:122364243 misses:248246  Hit Ratio: 99.80%
DCACHE: size: 32 KB assoc: 8
DCACHE: hits:102783725 misses:3045997 writebacks:3044730  Hit Ratio: 97.12%
SCACHE: size: 512 KB assoc: 2
SCACHE: hits:2622413 misses:671830  Hit Ratio: 79.61%
3CACHE: size: 4096 KB assoc: 2
3CACHE: hits:513276 misses:158554  Hit Ratio: 76.40%
3CACHE: dirty items replaced:37779
ITLB: size: 48, misses 721, miss rate 0.00%
DTLB: size: 128, misses 97523, miss rate 0.09%
Avg mem delay: 2.616 cycles
----------------------------------------
==== Statistics for Master ID: 2 ====
Reads: 195695091   Writes: 32340904
ICACHE: size: 64 KB assoc: 2
ICACHE: hits:112800893 misses:1779398  Hit Ratio: 98.45%
DCACHE: size: 32 KB assoc: 8
DCACHE: hits:112125096 misses:1330608 writebacks:1329812  Hit Ratio: 98.83%
SCACHE: size: 512 KB assoc: 2
SCACHE: hits:2072725 misses:1037280  Hit Ratio: 66.65%
3CACHE: size: 4096 KB assoc: 2
3CACHE: hits:797830 misses:239450  Hit Ratio: 76.92%
3CACHE: dirty items replaced:39267
ITLB: size: 48, misses 92796, miss rate 0.08%
DTLB: size: 128, misses 224283, miss rate 0.20%
Avg mem delay: 2.616 cycles
----------------------------------------
==== Statistics for Master ID: 3 ====
Reads: 155865503   Writes: 23978760
ICACHE: size: 64 KB assoc: 2
ICACHE: hits:100438210 misses:247192  Hit Ratio: 99.75%
DCACHE: size: 32 KB assoc: 8
DCACHE: hits:75894616 misses:3264245 writebacks:3095525  Hit Ratio: 95.88%
SCACHE: size: 512 KB assoc: 2
SCACHE: hits:1083767 misses:2427670  Hit Ratio: 30.86%
3CACHE: size: 4096 KB assoc: 2
3CACHE: hits:248952 misses:2178718  Hit Ratio: 10.25%
3CACHE: dirty items replaced:148915
ITLB: size: 48, misses 511, miss rate 0.00%
DTLB: size: 128, misses 192641, miss rate 0.24%
Avg mem delay: 2.616 cycles
----------------------------------------
==== Global Resource Utilization ====
STASH: size: 65536 entries, full 1358974088, empty 26611628, misses 2347938, full rate 97.91
icache bank util. 0.121 0.092 0.082 0.118 0.175 0.241 0.159 0.159 
dcache bank util. 0.111 0.143 0.150 0.136 0.182 0.103 0.192 0.124 
L2 bank util. 0.035 0.036 0.034 0.036 0.036 0.036 0.038 0.043 
L1-L2 bus util. = 0.173, L3 util. = 0.086
----------------------------------------
branch prediction, hits = 66210403, misses = 11171140, hit rate = 85.56%
return_stack prediction, hits = 7573783, misses = 3946, hit rate = 99.95%
jump prediction, hits = 77249289, misses = 7831813, hit rate = 90.79%

**** Debug Statistics at 401000000 Cycles *****
Threads: 4		Fetch Width: 8
No of useful instructions fetched:	1230390337 (38.35% proc util.)
No of total instructions fetched:	1637793576 (51.05% proc util.)
 includes 41495337 misfetch (2.5%), 365907902 (22.3%) wrong-path fetches
 and 0 flushed after failed lock(0.0%)
No of useful instructions issued/executed:	1230390310 (38.35% proc util.)
No of total instructions issued/executed:	1401632603 (43.69% proc util.)
 includes 171242293 wrong-path (12.2%) insts and 0 flushed (0.0%)
	fp 10594, 0.00%
	synch 0, 0.00%
	integer 973740433, 69.47%
	load/store 427881576, 30.53%
Avg size of int IQ (before scheduling): 26.28
Avg size of fp IQ (before scheduling): 0.00
No of cycles taken:		401000000
Parallelism [ 1.205, 0.000, 0.851, 1.013,] = 3.068
 IQ conflicts: 3628529 (0.90%), FQ conflicts: 0 (0.00%) 
 I reg conflicts: 146321128 (36.49%), FP reg conflicts: 0 (0.00%)
  Activelist confs: 1298 (0.00%), ROB confs: 217233 (0.05%)
  Int unit conflicts: 593637754 (148.04%), FP unit conflicts: 10 (0.00%)
  Load/store unit conflicts: 61723881 (15.39%)
  MSHR conflicts: 113716753 (28.36%)
----------------------------------------
==== System-wide Cache Statistics ====
Stall for miss queue full 0 cycles (0.00%)
----------------------------------------
==== Statistics for Master ID: 0 ====
Reads: 279584854   Writes: 39701667
ICACHE: size: 64 KB assoc: 2
ICACHE: hits:171398932 misses:436093  Hit Ratio: 99.75%
DCACHE: size: 32 KB assoc: 8
DCACHE: hits:143178154 misses:4273342 writebacks:4272075  Hit Ratio: 97.10%
SCACHE: size: 512 KB assoc: 2
SCACHE: hits:3780587 misses:928847  Hit Ratio: 80.28%
3CACHE: size: 4096 KB assoc: 2
3CACHE: hits:706090 misses:222757  Hit Ratio: 76.02%
3CACHE: dirty items replaced:61679
ITLB: size: 48, misses 935, miss rate 0.00%
DTLB: size: 128, misses 166013, miss rate 0.11%
Avg mem delay: 2.365 cycles
----------------------------------------
==== Statistics for Master ID: 2 ====
Reads: 277437243   Writes: 47936072
ICACHE: size: 64 KB assoc: 2
ICACHE: hits:161397648 misses:2478328  Hit Ratio: 98.49%
DCACHE: size: 32 KB assoc: 8
DCACHE: hits:158937135 misses:2560204 writebacks:2559408  Hit Ratio: 98.41%
SCACHE: size: 512 KB assoc: 2
SCACHE: hits:3425152 misses:1613380  Hit Ratio: 67.98%
3CACHE: size: 4096 KB assoc: 2
3CACHE: hits:1302716 misses:310664  Hit Ratio: 80.74%
3CACHE: dirty items replaced:62173
ITLB: size: 48, misses 97534, miss rate 0.06%
DTLB: size: 128, misses 366949, miss rate 0.23%
Avg mem delay: 2.365 cycles
----------------------------------------
==== Statistics for Master ID: 3 ====
Reads: 232435732   Writes: 34584971
ICACHE: size: 64 KB assoc: 2
ICACHE: hits:148157409 misses:443178  Hit Ratio: 99.70%
DCACHE: size: 32 KB assoc: 8
DCACHE: hits:114425695 misses:3994421 writebacks:3825701  Hit Ratio: 96.63%
SCACHE: size: 512 KB assoc: 2
SCACHE: hits:1763536 misses:2674061  Hit Ratio: 39.74%
3CACHE: size: 4096 KB assoc: 2
3CACHE: hits:428870 misses:2245191  Hit Ratio: 16.04%
3CACHE: dirty items replaced:172134
ITLB: size: 48, misses 753, miss rate 0.00%
DTLB: size: 128, misses 264979, miss rate 0.22%
Avg mem delay: 2.365 cycles
----------------------------------------
==== Global Resource Utilization ====
STASH: size: 65536 entries, full 1903933926, empty 36139888, misses 3208091, full rate 97.98
icache bank util. 0.129 0.098 0.087 0.128 0.198 0.255 0.170 0.167 
dcache bank util. 0.122 0.155 0.161 0.144 0.200 0.109 0.205 0.131 
L2 bank util. 0.037 0.037 0.036 0.038 0.039 0.038 0.040 0.043 
L1-L2 bus util. = 0.186, L3 util. = 0.069
----------------------------------------
branch prediction, hits = 92103262, misses = 15798791, hit rate = 85.36%
return_stack prediction, hits = 10921875, misses = 4418, hit rate = 99.96%
jump prediction, hits = 108289916, misses = 11418046, hit rate = 90.46%

**** Debug Statistics at 501000000 Cycles *****
Threads: 4		Fetch Width: 8
No of useful instructions fetched:	1596195969 (39.83% proc util.)
No of total instructions fetched:	2132801777 (53.21% proc util.)
 includes 53416314 misfetch (2.5%), 483189494 (22.7%) wrong-path fetches
 and 0 flushed after failed lock(0.0%)
No of useful instructions issued/executed:	1596195921 (39.83% proc util.)
No of total instructions issued/executed:	1824211055 (45.51% proc util.)
 includes 228015134 wrong-path (12.5%) insts and 0 flushed (0.0%)
	fp 10728, 0.00%
	synch 0, 0.00%
	integer 1265801157, 69.39%
	load/store 558399170, 30.61%
Avg size of int IQ (before scheduling): 27.15
Avg size of fp IQ (before scheduling): 0.00
No of cycles taken:		501000000
Parallelism [ 1.230, 0.000, 0.878, 1.077,] = 3.186
 IQ conflicts: 5740959 (1.15%), FQ conflicts: 0 (0.00%) 
 I reg conflicts: 167819592 (33.50%), FP reg conflicts: 0 (0.00%)
  Activelist confs: 1395 (0.00%), ROB confs: 426936 (0.09%)
  Int unit conflicts: 793788501 (158.44%), FP unit conflicts: 10 (0.00%)
  Load/store unit conflicts: 87159369 (17.40%)
  MSHR conflicts: 146747949 (29.29%)
----------------------------------------
==== System-wide Cache Statistics ====
Stall for miss queue full 0 cycles (0.00%)
----------------------------------------
==== Statistics for Master ID: 0 ====
Reads: 358658236   Writes: 50756621
ICACHE: size: 64 KB assoc: 2
ICACHE: hits:220200049 misses:624415  Hit Ratio: 99.72%
DCACHE: size: 32 KB assoc: 8
DCACHE: hits:183107614 misses:5482779 writebacks:5481512  Hit Ratio: 97.09%
SCACHE: size: 512 KB assoc: 2
SCACHE: hits:4897698 misses:1209496  Hit Ratio: 80.20%
3CACHE: size: 4096 KB assoc: 2
3CACHE: hits:931377 misses:278119  Hit Ratio: 77.01%
3CACHE: dirty items replaced:79955
ITLB: size: 48, misses 1145, miss rate 0.00%
DTLB: size: 128, misses 235856, miss rate 0.13%
Avg mem delay: 2.254 cycles
----------------------------------------
==== Statistics for Master ID: 2 ====
Reads: 360124924   Writes: 65539946
ICACHE: size: 64 KB assoc: 2
ICACHE: hits:210631191 misses:3074112  Hit Ratio: 98.56%
DCACHE: size: 32 KB assoc: 8
DCACHE: hits:207876722 misses:4082845 writebacks:4082049  Hit Ratio: 98.07%
SCACHE: size: 512 KB assoc: 2
SCACHE: hits:4925488 misses:2231469  Hit Ratio: 68.82%
3CACHE: size: 4096 KB assoc: 2
3CACHE: hits:1854783 misses:376686  Hit Ratio: 83.12%
3CACHE: dirty items replaced:87699
ITLB: size: 48, misses 99885, miss rate 0.05%
DTLB: size: 128, misses 513613, miss rate 0.24%
Avg mem delay: 2.254 cycles
----------------------------------------
==== Statistics for Master ID: 3 ====
Reads: 309044095   Writes: 44757343
ICACHE: size: 64 KB assoc: 2
ICACHE: hits:196037061 misses:633198  Hit Ratio: 99.68%
DCACHE: size: 32 KB assoc: 8
DCACHE: hits:152364581 misses:4766598 writebacks:4597878  Hit Ratio: 96.97%
SCACHE: size: 512 KB assoc: 2
SCACHE: hits:2464105 misses:2935691  Hit Ratio: 45.63%
3CACHE: size: 4096 KB assoc: 2
3CACHE: hits:631889 misses:2303802  Hit Ratio: 21.52%
3CACHE: dirty items replaced:192075
ITLB: size: 48, misses 956, miss rate 0.00%
DTLB: size: 128, misses 338418, miss rate 0.22%
Avg mem delay: 2.254 cycles
----------------------------------------
==== Global Resource Utilization ====
STASH: size: 65536 entries, full 2452588258, empty 43975992, misses 3910893, full rate 98.08
icache bank util. 0.134 0.102 0.091 0.133 0.212 0.264 0.179 0.172 
dcache bank util. 0.127 0.162 0.170 0.153 0.208 0.114 0.216 0.136 
L2 bank util. 0.039 0.039 0.038 0.040 0.041 0.040 0.041 0.044 
L1-L2 bus util. = 0.197, L3 util. = 0.059
----------------------------------------
branch prediction, hits = 118473507, misses = 20418352, hit rate = 85.30%
return_stack prediction, hits = 14182965, misses = 4660, hit rate = 99.97%
jump prediction, hits = 139969571, misses = 14631629, hit rate = 90.54%

**** Early Exiting at 600202088 Cycles *****
========================================
 SMTSIM Global Statistics
========================================
Threads: 4		Fetch Width: 8
No of useful instructions fetched:	2000000037 (41.65% proc util.)
No of total instructions fetched:	2651625565 (55.22% proc util.)
 includes 61472721 misfetch (2.3%), 590152807 (22.3%) wrong-path fetches
 and 0 flushed after failed lock(0.0%)
No of useful instructions issued/executed:	2000000023 (41.65% proc util.)
No of total instructions issued/executed:	2276578023 (47.41% proc util.)
 includes 276578000 wrong-path (12.1%) insts and 0 flushed (0.0%)
	fp 10819, 0.00%
	synch 0, 0.00%
	integer 1584988393, 69.62%
	load/store 691578811, 30.38%
Avg size of int IQ (before scheduling): 27.96
Avg size of fp IQ (before scheduling): 0.00
No of cycles taken:		600202088
Parallelism [ 1.261, 0.000, 0.942, 1.129,] = 3.332
 IQ conflicts: 8222686 (1.37%), FQ conflicts: 0 (0.00%) 
 I reg conflicts: 185434488 (30.90%), FP reg conflicts: 0 (0.00%)
  Activelist confs: 1569 (0.00%), ROB confs: 460841 (0.08%)
  Int unit conflicts: 1128141490 (187.96%), FP unit conflicts: 12 (0.00%)
  Load/store unit conflicts: 108579484 (18.09%)
  MSHR conflicts: 174832882 (29.13%)
----------------------------------------
==== System-wide Cache Statistics ====
Stall for miss queue full 0 cycles (0.00%)
----------------------------------------
==== Statistics for Master ID: 0 ====
Reads: 442307290   Writes: 62458222
ICACHE: size: 64 KB assoc: 2
ICACHE: hits:272132239 misses:758289  Hit Ratio: 99.72%
DCACHE: size: 32 KB assoc: 8
DCACHE: hits:225161790 misses:6713194 writebacks:6711927  Hit Ratio: 97.10%
SCACHE: size: 512 KB assoc: 2
SCACHE: hits:6069009 misses:1402474  Hit Ratio: 81.23%
3CACHE: size: 4096 KB assoc: 2
3CACHE: hits:1069845 misses:332629  Hit Ratio: 76.28%
3CACHE: dirty items replaced:101354
ITLB: size: 48, misses 1344, miss rate 0.00%
DTLB: size: 128, misses 281305, miss rate 0.12%
Avg mem delay: 2.082 cycles
----------------------------------------
==== Statistics for Master ID: 2 ====
Reads: 446537640   Writes: 78044477
ICACHE: size: 64 KB assoc: 2
ICACHE: hits:259604153 misses:3666090  Hit Ratio: 98.61%
DCACHE: size: 32 KB assoc: 8
DCACHE: hits:256664066 misses:4647808 writebacks:4647012  Hit Ratio: 98.22%
SCACHE: size: 512 KB assoc: 2
SCACHE: hits:5713893 misses:2600005  Hit Ratio: 68.73%
3CACHE: size: 4096 KB assoc: 2
3CACHE: hits:2145555 misses:454450  Hit Ratio: 82.52%
3CACHE: dirty items replaced:123563
ITLB: size: 48, misses 138398, miss rate 0.05%
DTLB: size: 128, misses 613942, miss rate 0.23%
Avg mem delay: 2.082 cycles
----------------------------------------
==== Statistics for Master ID: 3 ====
Reads: 390248055   Writes: 55333699
ICACHE: size: 64 KB assoc: 2
ICACHE: hits:247229676 misses:762914  Hit Ratio: 99.69%
DCACHE: size: 32 KB assoc: 8
DCACHE: hits:191944590 misses:5644574 writebacks:5475854  Hit Ratio: 97.14%
SCACHE: size: 512 KB assoc: 2
SCACHE: hits:3277413 misses:3130075  Hit Ratio: 51.15%
3CACHE: size: 4096 KB assoc: 2
3CACHE: hits:769663 misses:2360412  Hit Ratio: 24.59%
3CACHE: dirty items replaced:216459
ITLB: size: 48, misses 1162, miss rate 0.00%
DTLB: size: 128, misses 392654, miss rate 0.20%
Avg mem delay: 2.082 cycles
----------------------------------------
==== Global Resource Utilization ====
STASH: size: 65536 entries, full 3030732964, empty 50686596, misses 4486700, full rate 98.21
icache bank util. 0.138 0.110 0.093 0.135 0.217 0.269 0.185 0.186 
dcache bank util. 0.138 0.165 0.174 0.155 0.212 0.118 0.221 0.137 
L2 bank util. 0.038 0.039 0.037 0.039 0.040 0.039 0.040 0.043 
L1-L2 bus util. = 0.195, L3 util. = 0.052
----------------------------------------
branch prediction, hits = 149807721, misses = 24799087, hit rate = 85.80%
return_stack prediction, hits = 17123697, misses = 5087, hit rate = 99.97%
jump prediction, hits = 175798214, misses = 16857010, hit rate = 91.25%
total IPC 3.332

=== Results saved to: ./results/gzip-graphic_2_gcc-integrate_1_gzip-program_1.txt ===
