测试组合（多线程优先）：crafty.arg2 + gcc-integrate.arg + gzip-source.arg
执行命令：./smtsim crafty.arg2 gcc-integrate.arg gzip-source.arg
==================================================

SMTCache
Process 0, Thread 0: crafty
Process 0, Thread 1: crafty
Process 2, Thread 2: gcc-integrate
Process 3, Thread 3: gzip-source

**** Debug Statistics at 1000000 Cycles *****
Threads: 4		Fetch Width: 8
No of useful instructions fetched:	707852 (8.85% proc util.)
No of total instructions fetched:	914818 (11.44% proc util.)
 includes 58006 misfetch (6.3%), 148960 (16.3%) wrong-path fetches
 and 0 flushed after failed lock(0.0%)
No of useful instructions issued/executed:	707807 (8.85% proc util.)
No of total instructions issued/executed:	776497 (9.71% proc util.)
 includes 68690 wrong-path (8.8%) insts and 0 flushed (0.0%)
	fp 61, 0.01%
	synch 0, 0.00%
	integer 506819, 65.27%
	load/store 269617, 34.72%
Avg size of int IQ (before scheduling): 38.76
Avg size of fp IQ (before scheduling): 0.00
No of cycles taken:		1000000
Parallelism [ 0.294, 0.000, 0.269, 0.145,] = 0.708
 IQ conflicts: 12639 (1.26%), FQ conflicts: 0 (0.00%) 
 I reg conflicts: 817116 (81.71%), FP reg conflicts: 0 (0.00%)
  Activelist confs: 0 (0.00%), ROB confs: 428 (0.04%)
  Int unit conflicts: 73394 (7.34%), FP unit conflicts: 0 (0.00%)
  Load/store unit conflicts: 53625 (5.36%)
  MSHR conflicts: 2744327 (274.43%)
----------------------------------------
==== System-wide Cache Statistics ====
Stall for miss queue full 0 cycles (0.00%)
----------------------------------------
==== Statistics for Master ID: 0 ====
Reads: 190539   Writes: 23968
ICACHE: size: 64 KB assoc: 2
ICACHE: hits:101096 misses:2073  Hit Ratio: 97.99%
DCACHE: size: 32 KB assoc: 8
DCACHE: hits:109860 misses:1478 writebacks:137  Hit Ratio: 98.67%
SCACHE: size: 512 KB assoc: 2
SCACHE: hits:1766 misses:1785  Hit Ratio: 49.73%
3CACHE: size: 4096 KB assoc: 2
3CACHE: hits:147 misses:1638  Hit Ratio: 8.24%
3CACHE: dirty items replaced:0
ITLB: size: 48, misses 47, miss rate 0.05%
DTLB: size: 128, misses 1418, miss rate 1.27%
Avg mem delay: 50.380 cycles
----------------------------------------
==== Statistics for Master ID: 2 ====
Reads: 153496   Writes: 33954
ICACHE: size: 64 KB assoc: 2
ICACHE: hits:97040 misses:1828  Hit Ratio: 98.15%
DCACHE: size: 32 KB assoc: 8
DCACHE: hits:87035 misses:1547 writebacks:774  Hit Ratio: 98.25%
SCACHE: size: 512 KB assoc: 2
SCACHE: hits:734 misses:2641  Hit Ratio: 21.75%
3CACHE: size: 4096 KB assoc: 2
3CACHE: hits:89 misses:2552  Hit Ratio: 3.37%
3CACHE: dirty items replaced:0
ITLB: size: 48, misses 94, miss rate 0.10%
DTLB: size: 128, misses 391, miss rate 0.44%
Avg mem delay: 50.380 cycles
----------------------------------------
==== Statistics for Master ID: 3 ====
Reads: 110401   Writes: 23563
ICACHE: size: 64 KB assoc: 2
ICACHE: hits:64124 misses:224  Hit Ratio: 99.65%
DCACHE: size: 32 KB assoc: 8
DCACHE: hits:46815 misses:22801 writebacks:22630  Hit Ratio: 67.25%
SCACHE: size: 512 KB assoc: 2
SCACHE: hits:19 misses:23006  Hit Ratio: 0.08%
3CACHE: size: 4096 KB assoc: 2
3CACHE: hits:1 misses:23005  Hit Ratio: 0.00%
3CACHE: dirty items replaced:0
ITLB: size: 48, misses 18, miss rate 0.03%
DTLB: size: 128, misses 5681, miss rate 8.16%
Avg mem delay: 50.380 cycles
----------------------------------------
==== Global Resource Utilization ====
STASH: size: 65536 entries, full 92437848, empty 7733673, misses 860931, full rate 91.49
icache bank util. 0.041 0.030 0.029 0.030 0.029 0.024 0.037 0.059 
dcache bank util. 0.025 0.034 0.049 0.014 0.028 0.025 0.212 0.030 
L2 bank util. 0.007 0.009 0.007 0.007 0.007 0.007 0.279 0.008 
L1-L2 bus util. = 0.160, L3 util. = 0.272
----------------------------------------
branch prediction, hits = 55821, misses = 8206, hit rate = 87.18%
return_stack prediction, hits = 8252, misses = 18, hit rate = 99.78%
jump prediction, hits = 54746, misses = 13034, hit rate = 80.77%
 function_cannot_inline_p save_for_inline
**** Debug Statistics at 101000000 Cycles *****
Threads: 4		Fetch Width: 8
No of useful instructions fetched:	116590042 (14.43% proc util.)
No of total instructions fetched:	149159789 (18.46% proc util.)
 includes 11497595 misfetch (7.7%), 21072152 (14.1%) wrong-path fetches
 and 0 flushed after failed lock(0.0%)
No of useful instructions issued/executed:	116590023 (14.43% proc util.)
No of total instructions issued/executed:	125908918 (15.58% proc util.)
 includes 9318895 wrong-path (7.4%) insts and 0 flushed (0.0%)
	fp 701, 0.00%
	synch 0, 0.00%
	integer 81925806, 65.07%
	load/store 43982411, 34.93%
Avg size of int IQ (before scheduling): 15.84
Avg size of fp IQ (before scheduling): 0.00
No of cycles taken:		101000000
Parallelism [ 0.458, 0.000, 0.350, 0.346,] = 1.154
 IQ conflicts: 76930 (0.08%), FQ conflicts: 0 (0.00%) 
 I reg conflicts: 78269215 (77.49%), FP reg conflicts: 0 (0.00%)
  Activelist confs: 0 (0.00%), ROB confs: 428 (0.00%)
  Int unit conflicts: 8613142 (8.53%), FP unit conflicts: 1 (0.00%)
  Load/store unit conflicts: 4483953 (4.44%)
  MSHR conflicts: 77497980 (76.73%)
----------------------------------------
==== System-wide Cache Statistics ====
Stall for miss queue full 0 cycles (0.00%)
----------------------------------------
==== Statistics for Master ID: 0 ====
Reads: 29361493   Writes: 3711494
ICACHE: size: 64 KB assoc: 2
ICACHE: hits:15702011 misses:525620  Hit Ratio: 96.76%
DCACHE: size: 32 KB assoc: 8
DCACHE: hits:16668646 misses:176710 writebacks:170015  Hit Ratio: 98.95%
SCACHE: size: 512 KB assoc: 2
SCACHE: hits:513963 misses:188366  Hit Ratio: 73.18%
3CACHE: size: 4096 KB assoc: 2
3CACHE: hits:135530 misses:52835  Hit Ratio: 71.95%
3CACHE: dirty items replaced:1415
ITLB: size: 48, misses 10701, miss rate 0.07%
DTLB: size: 128, misses 92782, miss rate 0.55%
Avg mem delay: 9.705 cycles
----------------------------------------
==== Statistics for Master ID: 2 ====
Reads: 25494192   Writes: 4508315
ICACHE: size: 64 KB assoc: 2
ICACHE: hits:14076236 misses:658449  Hit Ratio: 95.53%
DCACHE: size: 32 KB assoc: 8
DCACHE: hits:15089043 misses:178779 writebacks:177977  Hit Ratio: 98.83%
SCACHE: size: 512 KB assoc: 2
SCACHE: hits:573004 misses:264223  Hit Ratio: 68.44%
3CACHE: size: 4096 KB assoc: 2
3CACHE: hits:183204 misses:81019  Hit Ratio: 69.34%
3CACHE: dirty items replaced:4161
ITLB: size: 48, misses 48594, miss rate 0.33%
DTLB: size: 128, misses 41250, miss rate 0.27%
Avg mem delay: 9.705 cycles
----------------------------------------
==== Statistics for Master ID: 3 ====
Reads: 17927735   Writes: 5824950
ICACHE: size: 64 KB assoc: 2
ICACHE: hits:11916837 misses:761  Hit Ratio: 99.99%
DCACHE: size: 32 KB assoc: 8
DCACHE: hits:10240750 misses:1594337 writebacks:1342664  Hit Ratio: 86.53%
SCACHE: size: 512 KB assoc: 2
SCACHE: hits:151 misses:1594946  Hit Ratio: 0.01%
3CACHE: size: 4096 KB assoc: 2
3CACHE: hits:117 misses:1594829  Hit Ratio: 0.01%
3CACHE: dirty items replaced:30210
ITLB: size: 48, misses 67, miss rate 0.00%
DTLB: size: 128, misses 68192, miss rate 0.58%
Avg mem delay: 9.705 cycles
----------------------------------------
==== Global Resource Utilization ====
STASH: size: 65536 entries, full 245157837, empty 18856306, misses 1870790, full rate 92.20
icache bank util. 0.046 0.045 0.041 0.042 0.046 0.150 0.042 0.046 
dcache bank util. 0.058 0.071 0.066 0.055 0.073 0.072 0.071 0.077 
L2 bank util. 0.032 0.036 0.033 0.032 0.033 0.033 0.039 0.049 
L1-L2 bus util. = 0.143, L3 util. = 0.171
----------------------------------------
branch prediction, hits = 12699119, misses = 1602938, hit rate = 88.79%
return_stack prediction, hits = 1253801, misses = 865, hit rate = 99.93%
jump prediction, hits = 11421777, misses = 3121836, hit rate = 78.53%
 copy_for_inline expand_inline_function
**** Debug Statistics at 201000000 Cycles *****
Threads: 4		Fetch Width: 8
No of useful instructions fetched:	405038395 (25.19% proc util.)
No of total instructions fetched:	559588357 (34.80% proc util.)
 includes 32985885 misfetch (5.9%), 121564077 (21.7%) wrong-path fetches
 and 0 flushed after failed lock(0.0%)
No of useful instructions issued/executed:	405038364 (25.19% proc util.)
No of total instructions issued/executed:	463096433 (28.80% proc util.)
 includes 58058069 wrong-path (12.5%) insts and 0 flushed (0.0%)
	fp 5058, 0.00%
	synch 0, 0.00%
	integer 311266368, 67.21%
	load/store 151825007, 32.78%
Avg size of int IQ (before scheduling): 19.79
Avg size of fp IQ (before scheduling): 0.00
No of cycles taken:		201000000
Parallelism [ 0.688, 0.000, 0.527, 0.800,] = 2.015
 IQ conflicts: 1072360 (0.53%), FQ conflicts: 0 (0.00%) 
 I reg conflicts: 112271093 (55.86%), FP reg conflicts: 0 (0.00%)
  Activelist confs: 1174 (0.00%), ROB confs: 56900 (0.03%)
  Int unit conflicts: 127474403 (63.42%), FP unit conflicts: 2 (0.00%)
  Load/store unit conflicts: 21255692 (10.57%)
  MSHR conflicts: 100271285 (49.89%)
----------------------------------------
==== System-wide Cache Statistics ====
Stall for miss queue full 0 cycles (0.00%)
----------------------------------------
==== Statistics for Master ID: 0 ====
Reads: 95665101   Writes: 11409890
ICACHE: size: 64 KB assoc: 2
ICACHE: hits:52021509 misses:1951402  Hit Ratio: 96.38%
DCACHE: size: 32 KB assoc: 8
DCACHE: hits:52509962 misses:592118 writebacks:585339  Hit Ratio: 98.88%
SCACHE: size: 512 KB assoc: 2
SCACHE: hits:2122969 misses:420551  Hit Ratio: 83.47%
3CACHE: size: 4096 KB assoc: 2
3CACHE: hits:310694 misses:109857  Hit Ratio: 73.88%
3CACHE: dirty items replaced:16773
ITLB: size: 48, misses 27101, miss rate 0.05%
DTLB: size: 128, misses 353760, miss rate 0.67%
Avg mem delay: 4.297 cycles
----------------------------------------
==== Statistics for Master ID: 2 ====
Reads: 86164140   Writes: 14119248
ICACHE: size: 64 KB assoc: 2
ICACHE: hits:48797330 misses:1869392  Hit Ratio: 96.31%
DCACHE: size: 32 KB assoc: 8
DCACHE: hits:48979041 misses:637625 writebacks:636823  Hit Ratio: 98.71%
SCACHE: size: 512 KB assoc: 2
SCACHE: hits:1907516 misses:599500  Hit Ratio: 76.09%
3CACHE: size: 4096 KB assoc: 2
3CACHE: hits:453293 misses:146207  Hit Ratio: 75.61%
3CACHE: dirty items replaced:16330
ITLB: size: 48, misses 120353, miss rate 0.24%
DTLB: size: 128, misses 194577, miss rate 0.39%
Avg mem delay: 4.297 cycles
----------------------------------------
==== Statistics for Master ID: 3 ====
Reads: 89579483   Writes: 16281049
ICACHE: size: 64 KB assoc: 2
ICACHE: hits:56850125 misses:52506  Hit Ratio: 99.91%
DCACHE: size: 32 KB assoc: 8
DCACHE: hits:46366666 misses:2591235 writebacks:2313593  Hit Ratio: 94.71%
SCACHE: size: 512 KB assoc: 2
SCACHE: hits:567340 misses:2076401  Hit Ratio: 21.46%
3CACHE: size: 4096 KB assoc: 2
3CACHE: hits:123495 misses:1952905  Hit Ratio: 5.95%
3CACHE: dirty items replaced:52888
ITLB: size: 48, misses 503, miss rate 0.00%
DTLB: size: 128, misses 172767, miss rate 0.35%
Avg mem delay: 4.297 cycles
----------------------------------------
==== Global Resource Utilization ====
STASH: size: 65536 entries, full 687406919, empty 40377796, misses 3785845, full rate 93.96
icache bank util. 0.101 0.093 0.085 0.094 0.110 0.173 0.100 0.106 
dcache bank util. 0.087 0.106 0.110 0.085 0.131 0.109 0.127 0.110 
L2 bank util. 0.035 0.041 0.037 0.035 0.036 0.038 0.039 0.045 
L1-L2 bus util. = 0.168, L3 util. = 0.110
----------------------------------------
branch prediction, hits = 34057265, misses = 6041535, hit rate = 84.93%
return_stack prediction, hits = 4530094, misses = 2576, hit rate = 99.94%
jump prediction, hits = 33388511, misses = 8936164, hit rate = 78.89%
 copy_parm_decls copy_decl_tree copy_rtx_and_substitute
**** Debug Statistics at 301000000 Cycles *****
Threads: 4		Fetch Width: 8
No of useful instructions fetched:	739961844 (30.73% proc util.)
No of total instructions fetched:	1039422455 (43.17% proc util.)
 includes 58087344 misfetch (5.6%), 241373267 (23.2%) wrong-path fetches
 and 0 flushed after failed lock(0.0%)
No of useful instructions issued/executed:	739961800 (30.73% proc util.)
No of total instructions issued/executed:	855986874 (35.55% proc util.)
 includes 116025074 wrong-path (13.6%) insts and 0 flushed (0.0%)
	fp 7657, 0.00%
	synch 0, 0.00%
	integer 580307559, 67.79%
	load/store 275671658, 32.21%
Avg size of int IQ (before scheduling): 21.74
Avg size of fp IQ (before scheduling): 0.00
No of cycles taken:		301000000
Parallelism [ 0.802, 0.000, 0.625, 1.031,] = 2.458
 IQ conflicts: 2290686 (0.76%), FQ conflicts: 0 (0.00%) 
 I reg conflicts: 135177756 (44.91%), FP reg conflicts: 0 (0.00%)
  Activelist confs: 1716 (0.00%), ROB confs: 98462 (0.03%)
  Int unit conflicts: 279177723 (92.75%), FP unit conflicts: 2 (0.00%)
  Load/store unit conflicts: 40797216 (13.55%)
  MSHR conflicts: 115096979 (38.24%)
----------------------------------------
==== System-wide Cache Statistics ====
Stall for miss queue full 0 cycles (0.00%)
----------------------------------------
==== Statistics for Master ID: 0 ====
Reads: 171224887   Writes: 20221127
ICACHE: size: 64 KB assoc: 2
ICACHE: hits:93380127 misses:3633474  Hit Ratio: 96.25%
DCACHE: size: 32 KB assoc: 8
DCACHE: hits:93363225 misses:1069188 writebacks:1062379  Hit Ratio: 98.87%
SCACHE: size: 512 KB assoc: 2
SCACHE: hits:4036930 misses:665731  Hit Ratio: 85.84%
3CACHE: size: 4096 KB assoc: 2
3CACHE: hits:502760 misses:162971  Hit Ratio: 75.52%
3CACHE: dirty items replaced:42710
ITLB: size: 48, misses 44272, miss rate 0.05%
DTLB: size: 128, misses 651708, miss rate 0.69%
Avg mem delay: 3.130 cycles
----------------------------------------
==== Statistics for Master ID: 2 ====
Reads: 157161766   Writes: 25126795
ICACHE: size: 64 KB assoc: 2
ICACHE: hits:89554016 misses:3264033  Hit Ratio: 96.48%
DCACHE: size: 32 KB assoc: 8
DCACHE: hits:88389228 misses:1081284 writebacks:1080482  Hit Ratio: 98.79%
SCACHE: size: 512 KB assoc: 2
SCACHE: hits:3399796 misses:945520  Hit Ratio: 78.24%
3CACHE: size: 4096 KB assoc: 2
3CACHE: hits:750498 misses:195022  Hit Ratio: 79.37%
3CACHE: dirty items replaced:32220
ITLB: size: 48, misses 196395, miss rate 0.21%
DTLB: size: 128, misses 373281, miss rate 0.42%
Avg mem delay: 3.130 cycles
----------------------------------------
==== Statistics for Master ID: 3 ====
Reads: 173724353   Writes: 27695962
ICACHE: size: 64 KB assoc: 2
ICACHE: hits:109817916 misses:115805  Hit Ratio: 99.89%
DCACHE: size: 32 KB assoc: 8
DCACHE: hits:88056117 misses:3430477 writebacks:3152835  Hit Ratio: 96.25%
SCACHE: size: 512 KB assoc: 2
SCACHE: hits:1268989 misses:2277293  Hit Ratio: 35.78%
3CACHE: size: 4096 KB assoc: 2
3CACHE: hits:279156 misses:1998137  Hit Ratio: 12.26%
3CACHE: dirty items replaced:71475
ITLB: size: 48, misses 1014, miss rate 0.00%
DTLB: size: 128, misses 277005, miss rate 0.30%
Avg mem delay: 3.130 cycles
----------------------------------------
==== Global Resource Utilization ====
STASH: size: 65536 entries, full 1203571995, empty 66030080, misses 6076626, full rate 94.35
icache bank util. 0.128 0.117 0.108 0.121 0.141 0.185 0.128 0.137 
dcache bank util. 0.102 0.123 0.130 0.101 0.162 0.126 0.153 0.126 
L2 bank util. 0.037 0.043 0.038 0.036 0.038 0.039 0.039 0.044 
L1-L2 bus util. = 0.178, L3 util. = 0.078
----------------------------------------
branch prediction, hits = 57921117, misses = 11195271, hit rate = 83.80%
return_stack prediction, hits = 8113142, misses = 4144, hit rate = 99.95%
jump prediction, hits = 57277359, misses = 15682264, hit rate = 78.51%
 copy_address
**** Debug Statistics at 401000000 Cycles *****
Threads: 4		Fetch Width: 8
No of useful instructions fetched:	1077420615 (33.59% proc util.)
No of total instructions fetched:	1514595850 (47.21% proc util.)
 includes 81257176 misfetch (5.4%), 355918059 (23.5%) wrong-path fetches
 and 0 flushed after failed lock(0.0%)
No of useful instructions issued/executed:	1077420577 (33.59% proc util.)
No of total instructions issued/executed:	1249044012 (38.94% proc util.)
 includes 171623435 wrong-path (13.7%) insts and 0 flushed (0.0%)
	fp 10636, 0.00%
	synch 0, 0.00%
	integer 848004661, 67.89%
	load/store 401028715, 32.11%
Avg size of int IQ (before scheduling): 23.14
Avg size of fp IQ (before scheduling): 0.00
No of cycles taken:		401000000
Parallelism [ 0.859, 0.000, 0.690, 1.138,] = 2.687
 IQ conflicts: 4319981 (1.08%), FQ conflicts: 0 (0.00%) 
 I reg conflicts: 158796375 (39.60%), FP reg conflicts: 0 (0.00%)
  Activelist confs: 2775 (0.00%), ROB confs: 196229 (0.05%)
  Int unit conflicts: 440056212 (109.74%), FP unit conflicts: 2 (0.00%)
  Load/store unit conflicts: 62428251 (15.57%)
  MSHR conflicts: 135797986 (33.86%)
----------------------------------------
==== System-wide Cache Statistics ====
Stall for miss queue full 0 cycles (0.00%)
----------------------------------------
==== Statistics for Master ID: 0 ====
Reads: 246657851   Writes: 28940517
ICACHE: size: 64 KB assoc: 2
ICACHE: hits:134858822 misses:5109627  Hit Ratio: 96.35%
DCACHE: size: 32 KB assoc: 8
DCACHE: hits:134061058 misses:1568861 writebacks:1562036  Hit Ratio: 98.84%
SCACHE: size: 512 KB assoc: 2
SCACHE: hits:5775109 misses:903379  Hit Ratio: 86.47%
3CACHE: size: 4096 KB assoc: 2
3CACHE: hits:685077 misses:218302  Hit Ratio: 75.83%
3CACHE: dirty items replaced:72232
ITLB: size: 48, misses 57114, miss rate 0.04%
DTLB: size: 128, misses 956954, miss rate 0.71%
Avg mem delay: 2.728 cycles
----------------------------------------
==== Statistics for Master ID: 2 ====
Reads: 232013539   Writes: 38219133
ICACHE: size: 64 KB assoc: 2
ICACHE: hits:132863488 misses:4285391  Hit Ratio: 96.88%
DCACHE: size: 32 KB assoc: 8
DCACHE: hits:131285659 misses:1798134 writebacks:1797332  Hit Ratio: 98.65%
SCACHE: size: 512 KB assoc: 2
SCACHE: hits:4675372 misses:1408152  Hit Ratio: 76.85%
3CACHE: size: 4096 KB assoc: 2
3CACHE: hits:1137269 misses:270883  Hit Ratio: 80.76%
3CACHE: dirty items replaced:61036
ITLB: size: 48, misses 243864, miss rate 0.18%
DTLB: size: 128, misses 551694, miss rate 0.41%
Avg mem delay: 2.728 cycles
----------------------------------------
==== Statistics for Master ID: 3 ====
Reads: 254170986   Writes: 38463173
ICACHE: size: 64 KB assoc: 2
ICACHE: hits:160550521 misses:176464  Hit Ratio: 99.89%
DCACHE: size: 32 KB assoc: 8
DCACHE: hits:127770209 misses:4136965 writebacks:3859323  Hit Ratio: 96.86%
SCACHE: size: 512 KB assoc: 2
SCACHE: hits:1830122 misses:2483307  Hit Ratio: 42.43%
3CACHE: size: 4096 KB assoc: 2
3CACHE: hits:433005 misses:2050302  Hit Ratio: 17.44%
3CACHE: dirty items replaced:95835
ITLB: size: 48, misses 1452, miss rate 0.00%
DTLB: size: 128, misses 374869, miss rate 0.28%
Avg mem delay: 2.728 cycles
----------------------------------------
==== Global Resource Utilization ====
STASH: size: 65536 entries, full 1715283525, empty 88796164, misses 8102022, full rate 94.65
icache bank util. 0.142 0.129 0.119 0.133 0.157 0.191 0.141 0.152 
dcache bank util. 0.111 0.133 0.142 0.112 0.178 0.136 0.164 0.134 
L2 bank util. 0.037 0.044 0.038 0.036 0.038 0.040 0.038 0.043 
L1-L2 bus util. = 0.182, L3 util. = 0.063
----------------------------------------
branch prediction, hits = 82644709, misses = 15922963, hit rate = 83.85%
return_stack prediction, hits = 11725283, misses = 4863, hit rate = 99.96%
jump prediction, hits = 82637492, misses = 21980425, hit rate = 78.99%

**** Debug Statistics at 501000000 Cycles *****
Threads: 4		Fetch Width: 8
No of useful instructions fetched:	1398271383 (34.89% proc util.)
No of total instructions fetched:	1982900047 (49.47% proc util.)
 includes 111165805 misfetch (5.6%), 473462859 (23.9%) wrong-path fetches
 and 0 flushed after failed lock(0.0%)
No of useful instructions issued/executed:	1398271349 (34.89% proc util.)
No of total instructions issued/executed:	1627009405 (40.59% proc util.)
 includes 228738056 wrong-path (14.1%) insts and 0 flushed (0.0%)
	fp 10704, 0.00%
	synch 0, 0.00%
	integer 1105634660, 67.96%
	load/store 521364041, 32.04%
Avg size of int IQ (before scheduling): 23.42
Avg size of fp IQ (before scheduling): 0.00
No of cycles taken:		501000000
Parallelism [ 0.876, 0.000, 0.708, 1.206,] = 2.791
 IQ conflicts: 5516478 (1.10%), FQ conflicts: 0 (0.00%) 
 I reg conflicts: 182828219 (36.49%), FP reg conflicts: 0 (0.00%)
  Activelist confs: 2942 (0.00%), ROB confs: 377231 (0.08%)
  Int unit conflicts: 556770123 (111.13%), FP unit conflicts: 2 (0.00%)
  Load/store unit conflicts: 81524335 (16.27%)
  MSHR conflicts: 157911193 (31.52%)
----------------------------------------
==== System-wide Cache Statistics ====
Stall for miss queue full 0 cycles (0.00%)
----------------------------------------
==== Statistics for Master ID: 0 ====
Reads: 316056405   Writes: 36847088
ICACHE: size: 64 KB assoc: 2
ICACHE: hits:172570309 misses:7063036  Hit Ratio: 96.07%
DCACHE: size: 32 KB assoc: 8
DCACHE: hits:171235536 misses:2034612 writebacks:2027787  Hit Ratio: 98.83%
SCACHE: size: 512 KB assoc: 2
SCACHE: hits:7981890 misses:1115757  Hit Ratio: 87.74%
3CACHE: size: 4096 KB assoc: 2
3CACHE: hits:854465 misses:261292  Hit Ratio: 76.58%
3CACHE: dirty items replaced:96201
ITLB: size: 48, misses 76929, miss rate 0.04%
DTLB: size: 128, misses 1294158, miss rate 0.75%
Avg mem delay: 2.591 cycles
----------------------------------------
==== Statistics for Master ID: 2 ====
Reads: 302982370   Writes: 50607685
ICACHE: size: 64 KB assoc: 2
ICACHE: hits:174512038 misses:6103792  Hit Ratio: 96.62%
DCACHE: size: 32 KB assoc: 8
DCACHE: hits:170145592 misses:2828633 writebacks:2827831  Hit Ratio: 98.36%
SCACHE: size: 512 KB assoc: 2
SCACHE: hits:7116207 misses:1816217  Hit Ratio: 79.67%
3CACHE: size: 4096 KB assoc: 2
3CACHE: hits:1517624 misses:298593  Hit Ratio: 83.56%
3CACHE: dirty items replaced:76334
ITLB: size: 48, misses 291220, miss rate 0.16%
DTLB: size: 128, misses 807762, miss rate 0.47%
Avg mem delay: 2.591 cycles
----------------------------------------
==== Statistics for Master ID: 3 ====
Reads: 336879647   Writes: 50070022
ICACHE: size: 64 KB assoc: 2
ICACHE: hits:212262845 misses:228797  Hit Ratio: 99.89%
DCACHE: size: 32 KB assoc: 8
DCACHE: hits:169579451 misses:4878576 writebacks:4600934  Hit Ratio: 97.20%
SCACHE: size: 512 KB assoc: 2
SCACHE: hits:2399207 misses:2708166  Hit Ratio: 46.98%
3CACHE: size: 4096 KB assoc: 2
3CACHE: hits:616368 misses:2091798  Hit Ratio: 22.76%
3CACHE: dirty items replaced:118740
ITLB: size: 48, misses 1959, miss rate 0.00%
DTLB: size: 128, misses 494005, miss rate 0.28%
Avg mem delay: 2.591 cycles
----------------------------------------
==== Global Resource Utilization ====
STASH: size: 65536 entries, full 2218573506, empty 113882637, misses 10318412, full rate 94.70
icache bank util. 0.148 0.135 0.125 0.141 0.171 0.198 0.148 0.158 
dcache bank util. 0.118 0.140 0.146 0.113 0.187 0.141 0.170 0.139 
L2 bank util. 0.039 0.046 0.041 0.038 0.041 0.042 0.040 0.045 
L1-L2 bus util. = 0.195, L3 util. = 0.053
----------------------------------------
branch prediction, hits = 105559903, misses = 21388075, hit rate = 83.15%
return_stack prediction, hits = 15199392, misses = 5290, hit rate = 99.97%
jump prediction, hits = 104383794, misses = 29958163, hit rate = 77.70%

**** Debug Statistics at 601000000 Cycles *****
Threads: 4		Fetch Width: 8
No of useful instructions fetched:	1735771040 (36.10% proc util.)
No of total instructions fetched:	2453946305 (51.04% proc util.)
 includes 135150975 misfetch (5.5%), 583024290 (23.8%) wrong-path fetches
 and 0 flushed after failed lock(0.0%)
No of useful instructions issued/executed:	1735771017 (36.10% proc util.)
No of total instructions issued/executed:	2017701542 (41.97% proc util.)
 includes 281930525 wrong-path (14.0%) insts and 0 flushed (0.0%)
	fp 10744, 0.00%
	synch 0, 0.00%
	integer 1369920234, 67.90%
	load/store 647770564, 32.10%
Avg size of int IQ (before scheduling): 24.09
Avg size of fp IQ (before scheduling): 0.00
No of cycles taken:		601000000
Parallelism [ 0.907, 0.000, 0.734, 1.247,] = 2.888
 IQ conflicts: 7790848 (1.30%), FQ conflicts: 0 (0.00%) 
 I reg conflicts: 206269986 (34.32%), FP reg conflicts: 0 (0.00%)
  Activelist confs: 3679 (0.00%), ROB confs: 661084 (0.11%)
  Int unit conflicts: 707113313 (117.66%), FP unit conflicts: 2 (0.00%)
  Load/store unit conflicts: 107645149 (17.91%)
  MSHR conflicts: 193080547 (32.13%)
----------------------------------------
==== System-wide Cache Statistics ====
Stall for miss queue full 0 cycles (0.00%)
----------------------------------------
==== Statistics for Master ID: 0 ====
Reads: 391090503   Writes: 45142615
ICACHE: size: 64 KB assoc: 2
ICACHE: hits:213968667 misses:8497077  Hit Ratio: 96.18%
DCACHE: size: 32 KB assoc: 8
DCACHE: hits:211291308 misses:2476066 writebacks:2469241  Hit Ratio: 98.84%
SCACHE: size: 512 KB assoc: 2
SCACHE: hits:9638504 misses:1334638  Hit Ratio: 87.84%
3CACHE: size: 4096 KB assoc: 2
3CACHE: hits:1026991 misses:307647  Hit Ratio: 76.95%
3CACHE: dirty items replaced:123522
ITLB: size: 48, misses 89556, miss rate 0.04%
DTLB: size: 128, misses 1575551, miss rate 0.74%
Avg mem delay: 2.496 cycles
----------------------------------------
==== Statistics for Master ID: 2 ====
Reads: 376642907   Writes: 66283576
ICACHE: size: 64 KB assoc: 2
ICACHE: hits:217955738 misses:7275240  Hit Ratio: 96.77%
DCACHE: size: 32 KB assoc: 8
DCACHE: hits:213486864 misses:4208641 writebacks:4207839  Hit Ratio: 98.07%
SCACHE: size: 512 KB assoc: 2
SCACHE: hits:9085131 misses:2398750  Hit Ratio: 79.11%
3CACHE: size: 4096 KB assoc: 2
3CACHE: hits:2040602 misses:358148  Hit Ratio: 85.07%
3CACHE: dirty items replaced:105453
ITLB: size: 48, misses 320515, miss rate 0.14%
DTLB: size: 128, misses 1014498, miss rate 0.47%
Avg mem delay: 2.496 cycles
----------------------------------------
==== Statistics for Master ID: 3 ====
Reads: 417043742   Writes: 61246129
ICACHE: size: 64 KB assoc: 2
ICACHE: hits:262553894 misses:283154  Hit Ratio: 99.89%
DCACHE: size: 32 KB assoc: 8
DCACHE: hits:209860310 misses:5592513 writebacks:5314871  Hit Ratio: 97.40%
SCACHE: size: 512 KB assoc: 2
SCACHE: hits:2929202 misses:2946465  Hit Ratio: 49.85%
3CACHE: size: 4096 KB assoc: 2
3CACHE: hits:808373 misses:2138092  Hit Ratio: 27.44%
3CACHE: dirty items replaced:145125
ITLB: size: 48, misses 2379, miss rate 0.00%
DTLB: size: 128, misses 593359, miss rate 0.28%
Avg mem delay: 2.496 cycles
----------------------------------------
==== Global Resource Utilization ====
STASH: size: 65536 entries, full 2728649078, empty 134627418, misses 12185400, full rate 94.89
icache bank util. 0.152 0.138 0.129 0.145 0.180 0.203 0.153 0.163 
dcache bank util. 0.122 0.143 0.153 0.119 0.194 0.145 0.178 0.143 
L2 bank util. 0.040 0.047 0.042 0.039 0.042 0.043 0.041 0.045 
L1-L2 bus util. = 0.201, L3 util. = 0.047
----------------------------------------
branch prediction, hits = 130918115, misses = 26117121, hit rate = 83.37%
return_stack prediction, hits = 19024413, misses = 5643, hit rate = 99.97%
jump prediction, hits = 130528632, misses = 36452272, hit rate = 78.17%

**** Early Exiting at 668588069 Cycles *****
========================================
 SMTSIM Global Statistics
========================================
Threads: 4		Fetch Width: 8
No of useful instructions fetched:	2000000120 (37.39% proc util.)
No of total instructions fetched:	2788998423 (52.14% proc util.)
 includes 146560272 misfetch (5.3%), 642438031 (23.0%) wrong-path fetches
 and 0 flushed after failed lock(0.0%)
No of useful instructions issued/executed:	2000000076 (37.39% proc util.)
No of total instructions issued/executed:	2308984791 (43.17% proc util.)
 includes 308984715 wrong-path (13.4%) insts and 0 flushed (0.0%)
	fp 10831, 0.00%
	synch 0, 0.00%
	integer 1572952851, 68.12%
	load/store 736021109, 31.88%
Avg size of int IQ (before scheduling): 24.66
Avg size of fp IQ (before scheduling): 0.00
No of cycles taken:		668588069
Parallelism [ 0.928, 0.000, 0.799, 1.264,] = 2.991
 IQ conflicts: 9721312 (1.45%), FQ conflicts: 0 (0.00%) 
 I reg conflicts: 220594651 (32.99%), FP reg conflicts: 0 (0.00%)
  Activelist confs: 3795 (0.00%), ROB confs: 706192 (0.11%)
  Int unit conflicts: 916113067 (137.02%), FP unit conflicts: 6 (0.00%)
  Load/store unit conflicts: 122903930 (18.38%)
  MSHR conflicts: 220529792 (32.98%)
----------------------------------------
==== System-wide Cache Statistics ====
Stall for miss queue full 0 cycles (0.00%)
----------------------------------------
==== Statistics for Master ID: 0 ====
Reads: 444290185   Writes: 51217144
ICACHE: size: 64 KB assoc: 2
ICACHE: hits:243862252 misses:9288123  Hit Ratio: 96.33%
DCACHE: size: 32 KB assoc: 8
DCACHE: hits:239550170 misses:2806784 writebacks:2799959  Hit Ratio: 98.84%
SCACHE: size: 512 KB assoc: 2
SCACHE: hits:10634970 misses:1459935  Hit Ratio: 87.93%
3CACHE: size: 4096 KB assoc: 2
3CACHE: hits:1121884 misses:338051  Hit Ratio: 76.84%
3CACHE: dirty items replaced:141371
ITLB: size: 48, misses 93366, miss rate 0.04%
DTLB: size: 128, misses 1755978, miss rate 0.72%
Avg mem delay: 2.389 cycles
----------------------------------------
==== Statistics for Master ID: 2 ====
Reads: 435736168   Writes: 74181180
ICACHE: size: 64 KB assoc: 2
ICACHE: hits:251308402 misses:7661186  Hit Ratio: 97.04%
DCACHE: size: 32 KB assoc: 8
DCACHE: hits:246250392 misses:4697368 writebacks:4696566  Hit Ratio: 98.13%
SCACHE: size: 512 KB assoc: 2
SCACHE: hits:9689030 misses:2669524  Hit Ratio: 78.40%
3CACHE: size: 4096 KB assoc: 2
3CACHE: hits:2258278 misses:411245  Hit Ratio: 84.59%
3CACHE: dirty items replaced:133991
ITLB: size: 48, misses 328316, miss rate 0.13%
DTLB: size: 128, misses 1112991, miss rate 0.44%
Avg mem delay: 2.389 cycles
----------------------------------------
==== Statistics for Master ID: 3 ====
Reads: 469872785   Writes: 68324643
ICACHE: size: 64 KB assoc: 2
ICACHE: hits:296082387 misses:309945  Hit Ratio: 99.90%
DCACHE: size: 32 KB assoc: 8
DCACHE: hits:235716483 misses:6088613 writebacks:5810971  Hit Ratio: 97.48%
SCACHE: size: 512 KB assoc: 2
SCACHE: hits:3339703 misses:3058855  Hit Ratio: 52.19%
3CACHE: size: 4096 KB assoc: 2
3CACHE: hits:889301 misses:2169554  Hit Ratio: 29.07%
3CACHE: dirty items replaced:161713
ITLB: size: 48, misses 2509, miss rate 0.00%
DTLB: size: 128, misses 649696, miss rate 0.27%
Avg mem delay: 2.389 cycles
----------------------------------------
==== Global Resource Utilization ====
STASH: size: 65536 entries, full 3091621709, empty 147691741, misses 13373914, full rate 95.05
icache bank util. 0.154 0.144 0.130 0.145 0.181 0.204 0.155 0.173 
dcache bank util. 0.132 0.144 0.154 0.121 0.195 0.150 0.180 0.143 
L2 bank util. 0.039 0.047 0.041 0.039 0.041 0.043 0.040 0.044 
L1-L2 bus util. = 0.198, L3 util. = 0.044
----------------------------------------
branch prediction, hits = 154024426, misses = 28706796, hit rate = 84.29%
return_stack prediction, hits = 21185249, misses = 5829, hit rate = 99.97%
jump prediction, hits = 152000912, misses = 39512676, hit rate = 79.37%
total IPC 2.991

=== Results saved to: ./results/crafty_2_gcc-integrate_1_gzip-source_1.txt ===
