测试组合（多线程优先）：gcc-scilab.arg2 + gzip-graphic.arg + mgrid.arg
执行命令：./smtsim gcc-scilab.arg2 gzip-graphic.arg mgrid.arg
==================================================

 dgelq2_ dgelqf_SMTCache
Process 0, Thread 0: gcc-scilab
Process 0, Thread 1: gcc-scilab
Process 2, Thread 2: gzip-graphic
Process 3, Thread 3: mgrid

**** Debug Statistics at 1000000 Cycles *****
Threads: 4		Fetch Width: 8
No of useful instructions fetched:	648002 (8.10% proc util.)
No of total instructions fetched:	830674 (10.38% proc util.)
 includes 24238 misfetch (2.9%), 158434 (19.1%) wrong-path fetches
 and 0 flushed after failed lock(0.0%)
No of useful instructions issued/executed:	647980 (8.10% proc util.)
No of total instructions issued/executed:	727635 (9.10% proc util.)
 includes 79655 wrong-path (10.9%) insts and 0 flushed (0.0%)
	fp 148, 0.02%
	synch 0, 0.00%
	integer 447886, 61.55%
	load/store 279601, 38.43%
Avg size of int IQ (before scheduling): 32.35
Avg size of fp IQ (before scheduling): 0.01
No of cycles taken:		1000000
Parallelism [ 0.245, 0.000, 0.126, 0.277,] = 0.648
 IQ conflicts: 6462 (0.65%), FQ conflicts: 0 (0.00%) 
 I reg conflicts: 845615 (84.56%), FP reg conflicts: 0 (0.00%)
  Activelist confs: 0 (0.00%), ROB confs: 562 (0.06%)
  Int unit conflicts: 119248 (11.92%), FP unit conflicts: 1 (0.00%)
  Load/store unit conflicts: 61741 (6.17%)
  MSHR conflicts: 2133637 (213.36%)
----------------------------------------
==== System-wide Cache Statistics ====
Stall for miss queue full 0 cycles (0.00%)
----------------------------------------
==== Statistics for Master ID: 0 ====
Reads: 187930   Writes: 33400
ICACHE: size: 64 KB assoc: 2
ICACHE: hits:108542 misses:501  Hit Ratio: 99.54%
DCACHE: size: 32 KB assoc: 8
DCACHE: hits:110771 misses:1516 writebacks:205  Hit Ratio: 98.65%
SCACHE: size: 512 KB assoc: 2
SCACHE: hits:290 misses:1727  Hit Ratio: 14.38%
3CACHE: size: 4096 KB assoc: 2
3CACHE: hits:37 misses:1690  Hit Ratio: 2.14%
3CACHE: dirty items replaced:0
ITLB: size: 48, misses 16, miss rate 0.01%
DTLB: size: 128, misses 466, miss rate 0.42%
Avg mem delay: 40.165 cycles
----------------------------------------
==== Statistics for Master ID: 2 ====
Reads: 89136   Writes: 20597
ICACHE: size: 64 KB assoc: 2
ICACHE: hits:48856 misses:216  Hit Ratio: 99.56%
DCACHE: size: 32 KB assoc: 8
DCACHE: hits:40813 misses:19848 writebacks:19678  Hit Ratio: 67.28%
SCACHE: size: 512 KB assoc: 2
SCACHE: hits:16 misses:20048  Hit Ratio: 0.08%
3CACHE: size: 4096 KB assoc: 2
3CACHE: hits:0 misses:20048  Hit Ratio: 0.00%
3CACHE: dirty items replaced:0
ITLB: size: 48, misses 18, miss rate 0.04%
DTLB: size: 128, misses 4943, miss rate 8.15%
Avg mem delay: 40.165 cycles
----------------------------------------
==== Statistics for Master ID: 3 ====
Reads: 139779   Writes: 55361
ICACHE: size: 64 KB assoc: 2
ICACHE: hits:88251 misses:1419  Hit Ratio: 98.42%
DCACHE: size: 32 KB assoc: 8
DCACHE: hits:101528 misses:3942 writebacks:3392  Hit Ratio: 96.26%
SCACHE: size: 512 KB assoc: 2
SCACHE: hits:429 misses:4932  Hit Ratio: 8.00%
3CACHE: size: 4096 KB assoc: 2
3CACHE: hits:43 misses:4889  Hit Ratio: 0.87%
3CACHE: dirty items replaced:0
ITLB: size: 48, misses 73, miss rate 0.08%
DTLB: size: 128, misses 266, miss rate 0.25%
Avg mem delay: 40.165 cycles
----------------------------------------
==== Global Resource Utilization ====
STASH: size: 65536 entries, full 94473750, empty 5748744, misses 692952, full rate 93.62
icache bank util. 0.041 0.035 0.030 0.020 0.021 0.028 0.031 0.048 
dcache bank util. 0.031 0.021 0.055 0.034 0.033 0.026 0.190 0.035 
L2 bank util. 0.010 0.010 0.010 0.010 0.010 0.010 0.246 0.010 
L1-L2 bus util. = 0.152, L3 util. = 0.266
----------------------------------------
branch prediction, hits = 60347, misses = 8113, hit rate = 88.15%
return_stack prediction, hits = 13229, misses = 36, hit rate = 99.73%
jump prediction, hits = 75154, misses = 5670, hit rate = 92.98%
 dgels_
**** Debug Statistics at 101000000 Cycles *****
Threads: 4		Fetch Width: 8
No of useful instructions fetched:	116906964 (14.47% proc util.)
No of total instructions fetched:	133154967 (16.48% proc util.)
 includes 2884894 misfetch (2.2%), 13363109 (10.0%) wrong-path fetches
 and 0 flushed after failed lock(0.0%)
No of useful instructions issued/executed:	116906943 (14.47% proc util.)
No of total instructions issued/executed:	123357246 (15.27% proc util.)
 includes 6450303 wrong-path (5.2%) insts and 0 flushed (0.0%)
	fp 18384357, 14.90%
	synch 0, 0.00%
	integer 58604256, 47.51%
	load/store 46368633, 37.59%
Avg size of int IQ (before scheduling): 19.73
Avg size of fp IQ (before scheduling): 4.12
No of cycles taken:		101000000
Parallelism [ 0.363, 0.000, 0.261, 0.533,] = 1.157
 IQ conflicts: 426754 (0.42%), FQ conflicts: 0 (0.00%) 
 I reg conflicts: 65236490 (64.59%), FP reg conflicts: 13584880 (13.45%)
  Activelist confs: 0 (0.00%), ROB confs: 5441 (0.01%)
  Int unit conflicts: 6777451 (6.71%), FP unit conflicts: 54853 (0.05%)
  Load/store unit conflicts: 15579816 (15.43%)
  MSHR conflicts: 301143399 (298.16%)
----------------------------------------
==== System-wide Cache Statistics ====
Stall for miss queue full 0 cycles (0.00%)
----------------------------------------
==== Statistics for Master ID: 0 ====
Reads: 26605988   Writes: 4994965
ICACHE: size: 64 KB assoc: 2
ICACHE: hits:15313607 misses:191066  Hit Ratio: 98.77%
DCACHE: size: 32 KB assoc: 8
DCACHE: hits:15806693 misses:289587 writebacks:285963  Hit Ratio: 98.20%
SCACHE: size: 512 KB assoc: 2
SCACHE: hits:165907 misses:314746  Hit Ratio: 34.52%
3CACHE: size: 4096 KB assoc: 2
3CACHE: hits:205936 misses:108810  Hit Ratio: 65.43%
3CACHE: dirty items replaced:6513
ITLB: size: 48, misses 14909, miss rate 0.10%
DTLB: size: 128, misses 20608, miss rate 0.13%
Avg mem delay: 9.521 cycles
----------------------------------------
==== Statistics for Master ID: 2 ====
Reads: 14388251   Writes: 3977679
ICACHE: size: 64 KB assoc: 2
ICACHE: hits:10225230 misses:582  Hit Ratio: 99.99%
DCACHE: size: 32 KB assoc: 8
DCACHE: hits:7007589 misses:1132529 writebacks:926618  Hit Ratio: 86.09%
SCACHE: size: 512 KB assoc: 2
SCACHE: hits:19 misses:1133092  Hit Ratio: 0.00%
3CACHE: size: 4096 KB assoc: 2
3CACHE: hits:0 misses:1133091  Hit Ratio: 0.00%
3CACHE: dirty items replaced:55060
ITLB: size: 48, misses 49, miss rate 0.00%
DTLB: size: 128, misses 60961, miss rate 0.75%
Avg mem delay: 9.521 cycles
----------------------------------------
==== Statistics for Master ID: 3 ====
Reads: 34076879   Writes: 5179681
ICACHE: size: 64 KB assoc: 2
ICACHE: hits:17142655 misses:6249  Hit Ratio: 99.96%
DCACHE: size: 32 KB assoc: 8
DCACHE: hits:21138274 misses:969382 writebacks:968832  Hit Ratio: 95.62%
SCACHE: size: 512 KB assoc: 2
SCACHE: hits:3855 misses:971776  Hit Ratio: 0.40%
3CACHE: size: 4096 KB assoc: 2
3CACHE: hits:93618 misses:878158  Hit Ratio: 9.63%
3CACHE: dirty items replaced:19969
ITLB: size: 48, misses 149, miss rate 0.00%
DTLB: size: 128, misses 19588, miss rate 0.09%
Avg mem delay: 9.521 cycles
----------------------------------------
==== Global Resource Utilization ====
STASH: size: 65536 entries, full 254260895, empty 9296816, misses 1010957, full rate 96.10
icache bank util. 0.045 0.039 0.040 0.043 0.043 0.118 0.046 0.056 
dcache bank util. 0.071 0.072 0.075 0.076 0.075 0.070 0.075 0.081 
L2 bank util. 0.033 0.033 0.034 0.033 0.033 0.033 0.041 0.048 
L1-L2 bus util. = 0.142, L3 util. = 0.210
----------------------------------------
branch prediction, hits = 9897413, misses = 720505, hit rate = 93.21%
return_stack prediction, hits = 515717, misses = 1223, hit rate = 99.76%
jump prediction, hits = 9688348, misses = 826751, hit rate = 92.14%

**** Debug Statistics at 201000000 Cycles *****
Threads: 4		Fetch Width: 8
No of useful instructions fetched:	289114228 (17.98% proc util.)
No of total instructions fetched:	343530530 (21.36% proc util.)
 includes 10337206 misfetch (3.0%), 44079096 (12.8%) wrong-path fetches
 and 0 flushed after failed lock(0.0%)
No of useful instructions issued/executed:	289114210 (17.98% proc util.)
No of total instructions issued/executed:	310456248 (19.31% proc util.)
 includes 21342038 wrong-path (6.9%) insts and 0 flushed (0.0%)
	fp 48663544, 15.67%
	synch 0, 0.00%
	integer 146177619, 47.08%
	load/store 115615085, 37.24%
Avg size of int IQ (before scheduling): 16.96
Avg size of fp IQ (before scheduling): 4.87
No of cycles taken:		201000000
Parallelism [ 0.432, 0.000, 0.383, 0.624,] = 1.438
 IQ conflicts: 682353 (0.34%), FQ conflicts: 0 (0.00%) 
 I reg conflicts: 99879647 (49.69%), FP reg conflicts: 43653235 (21.72%)
  Activelist confs: 20 (0.00%), ROB confs: 17668 (0.01%)
  Int unit conflicts: 21416570 (10.66%), FP unit conflicts: 163309 (0.08%)
  Load/store unit conflicts: 32955475 (16.40%)
  MSHR conflicts: 452258366 (225.00%)
----------------------------------------
==== System-wide Cache Statistics ====
Stall for miss queue full 0 cycles (0.00%)
----------------------------------------
==== Statistics for Master ID: 0 ====
Reads: 68398712   Writes: 12356426
ICACHE: size: 64 KB assoc: 2
ICACHE: hits:39461194 misses:444744  Hit Ratio: 98.89%
DCACHE: size: 32 KB assoc: 8
DCACHE: hits:40110848 misses:738352 writebacks:734728  Hit Ratio: 98.19%
SCACHE: size: 512 KB assoc: 2
SCACHE: hits:563114 misses:619982  Hit Ratio: 47.60%
3CACHE: size: 4096 KB assoc: 2
3CACHE: hits:457831 misses:162151  Hit Ratio: 73.85%
3CACHE: dirty items replaced:19315
ITLB: size: 48, misses 15308, miss rate 0.04%
DTLB: size: 128, misses 51397, miss rate 0.13%
Avg mem delay: 6.777 cycles
----------------------------------------
==== Statistics for Master ID: 2 ====
Reads: 43959047   Writes: 9782440
ICACHE: size: 64 KB assoc: 2
ICACHE: hits:29585337 misses:2732  Hit Ratio: 99.99%
DCACHE: size: 32 KB assoc: 8
DCACHE: hits:21894667 misses:2258751 writebacks:1934769  Hit Ratio: 90.65%
SCACHE: size: 512 KB assoc: 2
SCACHE: hits:176087 misses:2085396  Hit Ratio: 7.79%
3CACHE: size: 4096 KB assoc: 2
3CACHE: hits:66426 misses:2018970  Hit Ratio: 3.19%
3CACHE: dirty items replaced:128527
ITLB: size: 48, misses 112, miss rate 0.00%
DTLB: size: 128, misses 91393, miss rate 0.38%
Avg mem delay: 6.777 cycles
----------------------------------------
==== Statistics for Master ID: 3 ====
Reads: 86881003   Writes: 6155782
ICACHE: size: 64 KB assoc: 2
ICACHE: hits:42536462 misses:15997  Hit Ratio: 99.96%
DCACHE: size: 32 KB assoc: 8
DCACHE: hits:48889406 misses:1594920 writebacks:1594370  Hit Ratio: 96.84%
SCACHE: size: 512 KB assoc: 2
SCACHE: hits:25396 misses:1585521  Hit Ratio: 1.58%
3CACHE: size: 4096 KB assoc: 2
3CACHE: hits:262120 misses:1323401  Hit Ratio: 16.53%
3CACHE: dirty items replaced:62542
ITLB: size: 48, misses 149, miss rate 0.00%
DTLB: size: 128, misses 29487, miss rate 0.06%
Avg mem delay: 6.777 cycles
----------------------------------------
==== Global Resource Utilization ====
STASH: size: 65536 entries, full 514435680, empty 14530896, misses 1497821, full rate 96.98
icache bank util. 0.060 0.056 0.054 0.061 0.069 0.139 0.062 0.063 
dcache bank util. 0.082 0.085 0.087 0.091 0.101 0.084 0.090 0.088 
L2 bank util. 0.033 0.033 0.033 0.033 0.033 0.032 0.037 0.040 
L1-L2 bus util. = 0.139, L3 util. = 0.174
----------------------------------------
branch prediction, hits = 21737116, misses = 2386648, hit rate = 90.11%
return_stack prediction, hits = 1531671, misses = 1247, hit rate = 99.92%
jump prediction, hits = 21200893, misses = 2812374, hit rate = 88.29%

**** Debug Statistics at 301000000 Cycles *****
Threads: 4		Fetch Width: 8
No of useful instructions fetched:	563418429 (23.40% proc util.)
No of total instructions fetched:	710409429 (29.50% proc util.)
 includes 19366360 misfetch (2.7%), 127624640 (18.0%) wrong-path fetches
 and 0 flushed after failed lock(0.0%)
No of useful instructions issued/executed:	563418391 (23.40% proc util.)
No of total instructions issued/executed:	625836252 (25.99% proc util.)
 includes 62417861 wrong-path (10.0%) insts and 0 flushed (0.0%)
	fp 78477827, 12.54%
	synch 0, 0.00%
	integer 329700426, 52.68%
	load/store 217657999, 34.78%
Avg size of int IQ (before scheduling): 17.80
Avg size of fp IQ (before scheduling): 9.36
No of cycles taken:		301000000
Parallelism [ 0.602, 0.000, 0.647, 0.623,] = 1.872
 IQ conflicts: 3259969 (1.08%), FQ conflicts: 2688616 (0.89%) 
 I reg conflicts: 110045428 (36.56%), FP reg conflicts: 70355227 (23.37%)
  Activelist confs: 209 (0.00%), ROB confs: 49502 (0.02%)
  Int unit conflicts: 111661097 (37.10%), FP unit conflicts: 501842 (0.17%)
  Load/store unit conflicts: 53136675 (17.65%)
  MSHR conflicts: 515357580 (171.22%)
----------------------------------------
==== System-wide Cache Statistics ====
Stall for miss queue full 0 cycles (0.00%)
----------------------------------------
==== Statistics for Master ID: 0 ====
Reads: 143583797   Writes: 24303809
ICACHE: size: 64 KB assoc: 2
ICACHE: hits:82799546 misses:858246  Hit Ratio: 98.97%
DCACHE: size: 32 KB assoc: 8
DCACHE: hits:82969429 misses:1260385 writebacks:1256761  Hit Ratio: 98.50%
SCACHE: size: 512 KB assoc: 2
SCACHE: hits:1193803 misses:924828  Hit Ratio: 56.35%
3CACHE: size: 4096 KB assoc: 2
3CACHE: hits:685871 misses:238957  Hit Ratio: 74.16%
3CACHE: dirty items replaced:40405
ITLB: size: 48, misses 31304, miss rate 0.04%
DTLB: size: 128, misses 104459, miss rate 0.12%
Avg mem delay: 4.912 cycles
----------------------------------------
==== Statistics for Master ID: 2 ====
Reads: 115749698   Writes: 19742816
ICACHE: size: 64 KB assoc: 2
ICACHE: hits:74261665 misses:9349  Hit Ratio: 99.99%
DCACHE: size: 32 KB assoc: 8
DCACHE: hits:57978407 misses:3243093 writebacks:2919111  Hit Ratio: 94.70%
SCACHE: size: 512 KB assoc: 2
SCACHE: hits:947800 misses:2304642  Hit Ratio: 29.14%
3CACHE: size: 4096 KB assoc: 2
3CACHE: hits:245905 misses:2058737  Hit Ratio: 10.67%
3CACHE: dirty items replaced:139254
ITLB: size: 48, misses 290, miss rate 0.00%
DTLB: size: 128, misses 100521, miss rate 0.16%
Avg mem delay: 4.912 cycles
----------------------------------------
==== Statistics for Master ID: 3 ====
Reads: 132105990   Writes: 7407823
ICACHE: size: 64 KB assoc: 2
ICACHE: hits:67539495 misses:23836  Hit Ratio: 99.96%
DCACHE: size: 32 KB assoc: 8
DCACHE: hits:69550901 misses:2399581 writebacks:2399031  Hit Ratio: 96.66%
SCACHE: size: 512 KB assoc: 2
SCACHE: hits:53334 misses:2370083  Hit Ratio: 2.20%
3CACHE: size: 4096 KB assoc: 2
3CACHE: hits:420746 misses:1949336  Hit Ratio: 17.75%
3CACHE: dirty items replaced:150904
ITLB: size: 48, misses 184, miss rate 0.00%
DTLB: size: 128, misses 46516, miss rate 0.06%
Avg mem delay: 4.912 cycles
----------------------------------------
==== Global Resource Utilization ====
STASH: size: 65536 entries, full 940719989, empty 21434406, misses 2110871, full rate 97.56
icache bank util. 0.079 0.074 0.069 0.081 0.101 0.161 0.099 0.095 
dcache bank util. 0.099 0.105 0.104 0.107 0.121 0.093 0.123 0.104 
L2 bank util. 0.033 0.033 0.033 0.033 0.033 0.032 0.035 0.038 
L1-L2 bus util. = 0.143, L3 util. = 0.141
----------------------------------------
branch prediction, hits = 40376950, misses = 5318951, hit rate = 88.36%
return_stack prediction, hits = 3485082, misses = 1441, hit rate = 99.96%
jump prediction, hits = 41293258, misses = 5109340, hit rate = 88.99%
 dgemm_
**** Debug Statistics at 401000000 Cycles *****
Threads: 4		Fetch Width: 8
No of useful instructions fetched:	825177920 (25.72% proc util.)
No of total instructions fetched:	1035861633 (32.29% proc util.)
 includes 25656786 misfetch (2.5%), 185026927 (17.9%) wrong-path fetches
 and 0 flushed after failed lock(0.0%)
No of useful instructions issued/executed:	825177910 (25.72% proc util.)
No of total instructions issued/executed:	917440864 (28.60% proc util.)
 includes 92262954 wrong-path (10.1%) insts and 0 flushed (0.0%)
	fp 117587729, 12.82%
	synch 0, 0.00%
	integer 482021878, 52.54%
	load/store 317831257, 34.64%
Avg size of int IQ (before scheduling): 17.68
Avg size of fp IQ (before scheduling): 9.34
No of cycles taken:		401000000
Parallelism [ 0.634, 0.000, 0.730, 0.694,] = 2.058
 IQ conflicts: 5325908 (1.33%), FQ conflicts: 2688619 (0.67%) 
 I reg conflicts: 121174041 (30.22%), FP reg conflicts: 104789617 (26.13%)
  Activelist confs: 494 (0.00%), ROB confs: 101442 (0.03%)
  Int unit conflicts: 164699603 (41.07%), FP unit conflicts: 1577557 (0.39%)
  Load/store unit conflicts: 72738522 (18.14%)
  MSHR conflicts: 586260237 (146.20%)
----------------------------------------
==== System-wide Cache Statistics ====
Stall for miss queue full 0 cycles (0.00%)
----------------------------------------
==== Statistics for Master ID: 0 ====
Reads: 202295814   Writes: 34897514
ICACHE: size: 64 KB assoc: 2
ICACHE: hits:117182220 misses:1171362  Hit Ratio: 99.01%
DCACHE: size: 32 KB assoc: 8
DCACHE: hits:116997293 misses:1842453 writebacks:1838829  Hit Ratio: 98.45%
SCACHE: size: 512 KB assoc: 2
SCACHE: hits:1707310 misses:1306505  Hit Ratio: 56.65%
3CACHE: size: 4096 KB assoc: 2
3CACHE: hits:967963 misses:338542  Hit Ratio: 74.09%
3CACHE: dirty items replaced:67986
ITLB: size: 48, misses 46507, miss rate 0.04%
DTLB: size: 128, misses 154981, miss rate 0.13%
Avg mem delay: 4.465 cycles
----------------------------------------
==== Statistics for Master ID: 2 ====
Reads: 174570007   Writes: 27926272
ICACHE: size: 64 KB assoc: 2
ICACHE: hits:110977116 misses:16248  Hit Ratio: 99.99%
DCACHE: size: 32 KB assoc: 8
DCACHE: hits:87417920 misses:4084995 writebacks:3761013  Hit Ratio: 95.54%
SCACHE: size: 512 KB assoc: 2
SCACHE: hits:1553329 misses:2547914  Hit Ratio: 37.87%
3CACHE: size: 4096 KB assoc: 2
3CACHE: hits:445376 misses:2102538  Hit Ratio: 17.48%
3CACHE: dirty items replaced:153871
ITLB: size: 48, misses 470, miss rate 0.00%
DTLB: size: 128, misses 109291, miss rate 0.12%
Avg mem delay: 4.465 cycles
----------------------------------------
==== Statistics for Master ID: 3 ====
Reads: 195005000   Writes: 11322533
ICACHE: size: 64 KB assoc: 2
ICACHE: hits:99143951 misses:30043  Hit Ratio: 99.97%
DCACHE: size: 32 KB assoc: 8
DCACHE: hits:103502082 misses:3651457 writebacks:3650907  Hit Ratio: 96.59%
SCACHE: size: 512 KB assoc: 2
SCACHE: hits:257241 misses:3424259  Hit Ratio: 6.99%
3CACHE: size: 4096 KB assoc: 2
3CACHE: hits:723096 misses:2701163  Hit Ratio: 21.12%
3CACHE: dirty items replaced:309255
ITLB: size: 48, misses 433, miss rate 0.00%
DTLB: size: 128, misses 72653, miss rate 0.07%
Avg mem delay: 4.465 cycles
----------------------------------------
==== Global Resource Utilization ====
STASH: size: 65536 entries, full 1328851534, empty 28114559, misses 2709416, full rate 97.73
icache bank util. 0.089 0.082 0.078 0.091 0.114 0.161 0.109 0.104 
dcache bank util. 0.105 0.114 0.116 0.116 0.132 0.103 0.136 0.110 
L2 bank util. 0.034 0.034 0.034 0.034 0.034 0.033 0.036 0.038 
L1-L2 bus util. = 0.150, L3 util. = 0.128
----------------------------------------
branch prediction, hits = 55691481, misses = 7539429, hit rate = 88.08%
return_stack prediction, hits = 5315267, misses = 3087, hit rate = 99.94%
jump prediction, hits = 58773895, misses = 6839353, hit rate = 89.58%
 dgemv_
**** Debug Statistics at 501000000 Cycles *****
Threads: 4		Fetch Width: 8
No of useful instructions fetched:	1050272205 (26.20% proc util.)
No of total instructions fetched:	1304728019 (32.55% proc util.)
 includes 30475430 misfetch (2.3%), 223980384 (17.2%) wrong-path fetches
 and 0 flushed after failed lock(0.0%)
No of useful instructions issued/executed:	1050272190 (26.20% proc util.)
No of total instructions issued/executed:	1162677474 (29.01% proc util.)
 includes 112405284 wrong-path (9.7%) insts and 0 flushed (0.0%)
	fp 155098394, 13.34%
	synch 0, 0.00%
	integer 604218521, 51.97%
	load/store 403360559, 34.69%
Avg size of int IQ (before scheduling): 16.00
Avg size of fp IQ (before scheduling): 8.60
No of cycles taken:		501000000
Parallelism [ 0.629, 0.000, 0.735, 0.732,] = 2.096
 IQ conflicts: 5590697 (1.12%), FQ conflicts: 2688619 (0.54%) 
 I reg conflicts: 124384051 (24.83%), FP reg conflicts: 156052436 (31.15%)
  Activelist confs: 494 (0.00%), ROB confs: 130432 (0.03%)
  Int unit conflicts: 193977559 (38.72%), FP unit conflicts: 1724392 (0.34%)
  Load/store unit conflicts: 86074013 (17.18%)
  MSHR conflicts: 604101826 (120.58%)
----------------------------------------
==== System-wide Cache Statistics ====
Stall for miss queue full 0 cycles (0.00%)
----------------------------------------
==== Statistics for Master ID: 0 ====
Reads: 249834335   Writes: 43028015
ICACHE: size: 64 KB assoc: 2
ICACHE: hits:144989498 misses:1462301  Hit Ratio: 99.00%
DCACHE: size: 32 KB assoc: 8
DCACHE: hits:144205668 misses:2204883 writebacks:2201259  Hit Ratio: 98.49%
SCACHE: size: 512 KB assoc: 2
SCACHE: hits:2107413 misses:1559771  Hit Ratio: 57.47%
3CACHE: size: 4096 KB assoc: 2
3CACHE: hits:1147984 misses:411787  Hit Ratio: 73.60%
3CACHE: dirty items replaced:105891
ITLB: size: 48, misses 63664, miss rate 0.04%
DTLB: size: 128, misses 186665, miss rate 0.13%
Avg mem delay: 4.101 cycles
----------------------------------------
==== Statistics for Master ID: 2 ====
Reads: 220528140   Writes: 33998968
ICACHE: size: 64 KB assoc: 2
ICACHE: hits:140256607 misses:21887  Hit Ratio: 99.98%
DCACHE: size: 32 KB assoc: 8
DCACHE: hits:109465767 misses:4782847 writebacks:4458865  Hit Ratio: 95.81%
SCACHE: size: 512 KB assoc: 2
SCACHE: hits:2061590 misses:2743144  Hit Ratio: 42.91%
3CACHE: size: 4096 KB assoc: 2
3CACHE: hits:607354 misses:2135790  Hit Ratio: 22.14%
3CACHE: dirty items replaced:168300
ITLB: size: 48, misses 618, miss rate 0.00%
DTLB: size: 128, misses 114541, miss rate 0.10%
Avg mem delay: 4.101 cycles
----------------------------------------
==== Statistics for Master ID: 3 ====
Reads: 260554910   Writes: 12531583
ICACHE: size: 64 KB assoc: 2
ICACHE: hits:130741610 misses:34813  Hit Ratio: 99.97%
DCACHE: size: 32 KB assoc: 8
DCACHE: hits:137883596 misses:4426474 writebacks:4425924  Hit Ratio: 96.89%
SCACHE: size: 512 KB assoc: 2
SCACHE: hits:291606 misses:4169681  Hit Ratio: 6.54%
3CACHE: size: 4096 KB assoc: 2
3CACHE: hits:981163 misses:3188518  Hit Ratio: 23.53%
3CACHE: dirty items replaced:452407
ITLB: size: 48, misses 442, miss rate 0.00%
DTLB: size: 128, misses 84994, miss rate 0.06%
Avg mem delay: 4.101 cycles
----------------------------------------
==== Global Resource Utilization ====
STASH: size: 65536 entries, full 1665438077, empty 33353802, misses 3176561, full rate 97.85
icache bank util. 0.090 0.085 0.080 0.096 0.119 0.157 0.111 0.105 
dcache bank util. 0.107 0.115 0.118 0.116 0.133 0.103 0.137 0.111 
L2 bank util. 0.032 0.033 0.032 0.033 0.032 0.032 0.034 0.035 
L1-L2 bus util. = 0.144, L3 util. = 0.114
----------------------------------------
branch prediction, hits = 67984605, misses = 9373614, hit rate = 87.88%
return_stack prediction, hits = 6680430, misses = 4161, hit rate = 99.94%
jump prediction, hits = 72493988, misses = 8317145, hit rate = 89.71%
 dgeqr2_ dgeqrf_
**** Debug Statistics at 601000000 Cycles *****
Threads: 4		Fetch Width: 8
No of useful instructions fetched:	1300479536 (27.05% proc util.)
No of total instructions fetched:	1607943270 (33.44% proc util.)
 includes 36484846 misfetch (2.3%), 270978888 (16.9%) wrong-path fetches
 and 0 flushed after failed lock(0.0%)
No of useful instructions issued/executed:	1300479517 (27.05% proc util.)
No of total instructions issued/executed:	1437187526 (29.89% proc util.)
 includes 136708009 wrong-path (9.5%) insts and 0 flushed (0.0%)
	fp 197236870, 13.72%
	synch 0, 0.00%
	integer 739952505, 51.49%
	load/store 499998151, 34.79%
Avg size of int IQ (before scheduling): 15.20
Avg size of fp IQ (before scheduling): 8.21
No of cycles taken:		601000000
Parallelism [ 0.633, 0.000, 0.756, 0.776,] = 2.164
 IQ conflicts: 6504763 (1.08%), FQ conflicts: 2688619 (0.45%) 
 I reg conflicts: 129136705 (21.49%), FP reg conflicts: 199563063 (33.21%)
  Activelist confs: 760 (0.00%), ROB confs: 151641 (0.03%)
  Int unit conflicts: 227757022 (37.90%), FP unit conflicts: 1932607 (0.32%)
  Load/store unit conflicts: 101916676 (16.96%)
  MSHR conflicts: 636728344 (105.94%)
----------------------------------------
==== System-wide Cache Statistics ====
Stall for miss queue full 0 cycles (0.00%)
----------------------------------------
==== Statistics for Master ID: 0 ====
Reads: 302923584   Writes: 51698901
ICACHE: size: 64 KB assoc: 2
ICACHE: hits:175841710 misses:1794063  Hit Ratio: 98.99%
DCACHE: size: 32 KB assoc: 8
DCACHE: hits:174449464 misses:2537248 writebacks:2533624  Hit Ratio: 98.57%
SCACHE: size: 512 KB assoc: 2
SCACHE: hits:2497172 misses:1834139  Hit Ratio: 57.65%
3CACHE: size: 4096 KB assoc: 2
3CACHE: hits:1334747 misses:499392  Hit Ratio: 72.77%
3CACHE: dirty items replaced:141300
ITLB: size: 48, misses 80756, miss rate 0.05%
DTLB: size: 128, misses 223182, miss rate 0.13%
Avg mem delay: 3.842 cycles
----------------------------------------
==== Statistics for Master ID: 2 ====
Reads: 273131332   Writes: 41083551
ICACHE: size: 64 KB assoc: 2
ICACHE: hits:173655997 misses:27519  Hit Ratio: 99.98%
DCACHE: size: 32 KB assoc: 8
DCACHE: hits:134971797 misses:5559570 writebacks:5235588  Hit Ratio: 96.04%
SCACHE: size: 512 KB assoc: 2
SCACHE: hits:2633747 misses:2953342  Hit Ratio: 47.14%
3CACHE: size: 4096 KB assoc: 2
3CACHE: hits:772132 misses:2181210  Hit Ratio: 26.14%
3CACHE: dirty items replaced:189440
ITLB: size: 48, misses 778, miss rate 0.00%
DTLB: size: 128, misses 121173, miss rate 0.09%
Avg mem delay: 3.842 cycles
----------------------------------------
==== Statistics for Master ID: 3 ====
Reads: 333907791   Writes: 13992114
ICACHE: size: 64 KB assoc: 2
ICACHE: hits:165848773 misses:45639  Hit Ratio: 99.97%
DCACHE: size: 32 KB assoc: 8
DCACHE: hits:176748013 misses:5257480 writebacks:5256930  Hit Ratio: 97.11%
SCACHE: size: 512 KB assoc: 2
SCACHE: hits:338943 misses:4964176  Hit Ratio: 6.39%
3CACHE: size: 4096 KB assoc: 2
3CACHE: hits:1272164 misses:3692012  Hit Ratio: 25.63%
3CACHE: dirty items replaced:599880
ITLB: size: 48, misses 468, miss rate 0.00%
DTLB: size: 128, misses 102219, miss rate 0.06%
Avg mem delay: 3.842 cycles
----------------------------------------
==== Global Resource Utilization ====
STASH: size: 65536 entries, full 2043631258, empty 39261620, misses 3707569, full rate 97.94
icache bank util. 0.093 0.086 0.083 0.101 0.126 0.158 0.115 0.109 
dcache bank util. 0.109 0.119 0.121 0.119 0.135 0.105 0.141 0.114 
L2 bank util. 0.032 0.032 0.032 0.032 0.032 0.031 0.033 0.034 
L1-L2 bus util. = 0.141, L3 util. = 0.106
----------------------------------------
branch prediction, hits = 81452446, misses = 11529132, hit rate = 87.60%
return_stack prediction, hits = 8288124, misses = 5126, hit rate = 99.94%
jump prediction, hits = 87637583, misses = 10109163, hit rate = 89.66%
 dger_
**** Debug Statistics at 701000000 Cycles *****
Threads: 4		Fetch Width: 8
No of useful instructions fetched:	1597711037 (28.49% proc util.)
No of total instructions fetched:	1972447637 (35.17% proc util.)
 includes 44565738 misfetch (2.3%), 330170862 (16.7%) wrong-path fetches
 and 0 flushed after failed lock(0.0%)
No of useful instructions issued/executed:	1597711023 (28.49% proc util.)
No of total instructions issued/executed:	1764798976 (31.47% proc util.)
 includes 167087953 wrong-path (9.5%) insts and 0 flushed (0.0%)
	fp 246998267, 14.00%
	synch 0, 0.00%
	integer 902335995, 51.13%
	load/store 615464714, 34.87%
Avg size of int IQ (before scheduling): 14.88
Avg size of fp IQ (before scheduling): 8.08
No of cycles taken:		701000000
Parallelism [ 0.655, 0.000, 0.793, 0.831,] = 2.279
 IQ conflicts: 7807384 (1.11%), FQ conflicts: 2688619 (0.38%) 
 I reg conflicts: 133845792 (19.09%), FP reg conflicts: 232905954 (33.22%)
  Activelist confs: 789 (0.00%), ROB confs: 184754 (0.03%)
  Int unit conflicts: 271401226 (38.72%), FP unit conflicts: 2235832 (0.32%)
  Load/store unit conflicts: 121786372 (17.37%)
  MSHR conflicts: 672937910 (96.00%)
----------------------------------------
==== System-wide Cache Statistics ====
Stall for miss queue full 0 cycles (0.00%)
----------------------------------------
==== Statistics for Master ID: 0 ====
Reads: 368056256   Writes: 62277309
ICACHE: size: 64 KB assoc: 2
ICACHE: hits:213797974 misses:2204635  Hit Ratio: 98.98%
DCACHE: size: 32 KB assoc: 8
DCACHE: hits:211398048 misses:2932908 writebacks:2929284  Hit Ratio: 98.63%
SCACHE: size: 512 KB assoc: 2
SCACHE: hits:3026296 misses:2111246  Hit Ratio: 58.91%
3CACHE: size: 4096 KB assoc: 2
3CACHE: hits:1537892 misses:573354  Hit Ratio: 72.84%
3CACHE: dirty items replaced:167905
ITLB: size: 48, misses 96803, miss rate 0.04%
DTLB: size: 128, misses 264402, miss rate 0.12%
Avg mem delay: 3.601 cycles
----------------------------------------
==== Statistics for Master ID: 2 ====
Reads: 335576785   Writes: 49407216
ICACHE: size: 64 KB assoc: 2
ICACHE: hits:213240169 misses:34488  Hit Ratio: 99.98%
DCACHE: size: 32 KB assoc: 8
DCACHE: hits:165207229 misses:6502115 writebacks:6178133  Hit Ratio: 96.21%
SCACHE: size: 512 KB assoc: 2
SCACHE: hits:3357420 misses:3179183  Hit Ratio: 51.36%
3CACHE: size: 4096 KB assoc: 2
3CACHE: hits:955571 misses:2223612  Hit Ratio: 30.06%
3CACHE: dirty items replaced:214975
ITLB: size: 48, misses 959, miss rate 0.00%
DTLB: size: 128, misses 128068, miss rate 0.07%
Avg mem delay: 3.601 cycles
----------------------------------------
==== Statistics for Master ID: 3 ====
Reads: 419918881   Writes: 15698661
ICACHE: size: 64 KB assoc: 2
ICACHE: hits:206718405 misses:62302  Hit Ratio: 99.97%
DCACHE: size: 32 KB assoc: 8
DCACHE: hits:222702963 misses:6133872 writebacks:6133322  Hit Ratio: 97.32%
SCACHE: size: 512 KB assoc: 2
SCACHE: hits:400437 misses:5795737  Hit Ratio: 6.46%
3CACHE: size: 4096 KB assoc: 2
3CACHE: hits:1619351 misses:4176386  Hit Ratio: 27.94%
3CACHE: dirty items replaced:762979
ITLB: size: 48, misses 498, miss rate 0.00%
DTLB: size: 128, misses 120100, miss rate 0.05%
Avg mem delay: 3.601 cycles
----------------------------------------
==== Global Resource Utilization ====
STASH: size: 65536 entries, full 2495242325, empty 46349022, misses 4345592, full rate 98.01
icache bank util. 0.100 0.088 0.086 0.107 0.135 0.163 0.123 0.116 
dcache bank util. 0.114 0.125 0.128 0.124 0.142 0.109 0.148 0.119 
L2 bank util. 0.032 0.032 0.031 0.032 0.032 0.031 0.033 0.034 
L1-L2 bus util. = 0.142, L3 util. = 0.099
----------------------------------------
branch prediction, hits = 97758802, misses = 14202475, hit rate = 87.31%
return_stack prediction, hits = 10228098, misses = 5747, hit rate = 99.94%
jump prediction, hits = 105591045, misses = 12464627, hit rate = 89.44%
 dlabad_ dlacon_ dlae2_ dlaev2_
**** Debug Statistics at 801000000 Cycles *****
Threads: 4		Fetch Width: 8
No of useful instructions fetched:	1818829517 (28.38% proc util.)
No of total instructions fetched:	2240542758 (34.96% proc util.)
 includes 49921329 misfetch (2.2%), 371791912 (16.6%) wrong-path fetches
 and 0 flushed after failed lock(0.0%)
No of useful instructions issued/executed:	1818829504 (28.38% proc util.)
No of total instructions issued/executed:	2007255446 (31.32% proc util.)
 includes 188425942 wrong-path (9.4%) insts and 0 flushed (0.0%)
	fp 284771495, 14.19%
	synch 0, 0.00%
	integer 1022249592, 50.93%
	load/store 700234359, 34.89%
Avg size of int IQ (before scheduling): 14.11
Avg size of fp IQ (before scheduling): 7.78
No of cycles taken:		801000000
Parallelism [ 0.643, 0.000, 0.789, 0.839,] = 2.271
 IQ conflicts: 7913859 (0.99%), FQ conflicts: 2688619 (0.34%) 
 I reg conflicts: 136768654 (17.07%), FP reg conflicts: 284637223 (35.54%)
  Activelist confs: 791 (0.00%), ROB confs: 201189 (0.03%)
  Int unit conflicts: 298849108 (37.31%), FP unit conflicts: 2386482 (0.30%)
  Load/store unit conflicts: 134326246 (16.77%)
  MSHR conflicts: 683828629 (85.37%)
----------------------------------------
==== System-wide Cache Statistics ====
Stall for miss queue full 0 cycles (0.00%)
----------------------------------------
==== Statistics for Master ID: 0 ====
Reads: 414097151   Writes: 69801512
ICACHE: size: 64 KB assoc: 2
ICACHE: hits:240689878 misses:2546844  Hit Ratio: 98.95%
DCACHE: size: 32 KB assoc: 8
DCACHE: hits:237452547 misses:3209394 writebacks:3205770  Hit Ratio: 98.67%
SCACHE: size: 512 KB assoc: 2
SCACHE: hits:3397843 misses:2358395  Hit Ratio: 59.03%
3CACHE: size: 4096 KB assoc: 2
3CACHE: hits:1708000 misses:650395  Hit Ratio: 72.42%
3CACHE: dirty items replaced:192981
ITLB: size: 48, misses 116662, miss rate 0.05%
DTLB: size: 128, misses 296400, miss rate 0.12%
Avg mem delay: 3.501 cycles
----------------------------------------
==== Statistics for Master ID: 2 ====
Reads: 382000902   Writes: 55610378
ICACHE: size: 64 KB assoc: 2
ICACHE: hits:242895173 misses:39879  Hit Ratio: 99.98%
DCACHE: size: 32 KB assoc: 8
DCACHE: hits:187488780 misses:7187448 writebacks:6863466  Hit Ratio: 96.31%
SCACHE: size: 512 KB assoc: 2
SCACHE: hits:3856313 misses:3371014  Hit Ratio: 53.36%
3CACHE: size: 4096 KB assoc: 2
3CACHE: hits:1110587 misses:2260427  Hit Ratio: 32.95%
3CACHE: dirty items replaced:232246
ITLB: size: 48, misses 1129, miss rate 0.00%
DTLB: size: 128, misses 133638, miss rate 0.07%
Avg mem delay: 3.501 cycles
----------------------------------------
==== Statistics for Master ID: 3 ====
Reads: 485938151   Writes: 16916029
ICACHE: size: 64 KB assoc: 2
ICACHE: hits:238548263 misses:67650  Hit Ratio: 99.97%
DCACHE: size: 32 KB assoc: 8
DCACHE: hits:257323949 misses:6914318 writebacks:6913768  Hit Ratio: 97.38%
SCACHE: size: 512 KB assoc: 2
SCACHE: hits:434492 misses:6547476  Hit Ratio: 6.22%
3CACHE: size: 4096 KB assoc: 2
3CACHE: hits:1882615 misses:4664861  Hit Ratio: 28.75%
3CACHE: dirty items replaced:936495
ITLB: size: 48, misses 510, miss rate 0.00%
DTLB: size: 128, misses 132575, miss rate 0.05%
Avg mem delay: 3.501 cycles
----------------------------------------
==== Global Resource Utilization ====
STASH: size: 65536 entries, full 2830892110, empty 52195622, misses 4865978, full rate 98.02
icache bank util. 0.099 0.088 0.087 0.108 0.135 0.160 0.122 0.115 
dcache bank util. 0.113 0.124 0.127 0.123 0.141 0.109 0.147 0.118 
L2 bank util. 0.031 0.031 0.031 0.031 0.031 0.030 0.032 0.033 
L1-L2 bus util. = 0.138, L3 util. = 0.095
----------------------------------------
branch prediction, hits = 109190713, misses = 16207031, hit rate = 87.08%
return_stack prediction, hits = 11611729, misses = 6909, hit rate = 99.94%
jump prediction, hits = 118492092, misses = 14098985, hit rate = 89.37%
 dlamch_
**** Early Exiting at 883053817 Cycles *****
========================================
 SMTSIM Global Statistics
========================================
Threads: 4		Fetch Width: 8
No of useful instructions fetched:	2000000152 (28.31% proc util.)
No of total instructions fetched:	2469839398 (34.96% proc util.)
 includes 56740126 misfetch (2.3%), 413099120 (16.7%) wrong-path fetches
 and 0 flushed after failed lock(0.0%)
No of useful instructions issued/executed:	2000000123 (28.31% proc util.)
No of total instructions issued/executed:	2208974699 (31.27% proc util.)
 includes 208974576 wrong-path (9.5%) insts and 0 flushed (0.0%)
	fp 312971275, 14.17%
	synch 0, 0.00%
	integer 1125120031, 50.93%
	load/store 770883393, 34.90%
Avg size of int IQ (before scheduling): 13.76
Avg size of fp IQ (before scheduling): 7.74
No of cycles taken:		883053817
Parallelism [ 0.638, 0.000, 0.790, 0.837,] = 2.265
 IQ conflicts: 9103542 (1.03%), FQ conflicts: 2688619 (0.30%) 
 I reg conflicts: 139845499 (15.84%), FP reg conflicts: 324342496 (36.73%)
  Activelist confs: 791 (0.00%), ROB confs: 208377 (0.02%)
  Int unit conflicts: 325337674 (36.84%), FP unit conflicts: 2488790 (0.28%)
  Load/store unit conflicts: 145822255 (16.51%)
  MSHR conflicts: 715495268 (81.03%)
----------------------------------------
==== System-wide Cache Statistics ====
Stall for miss queue full 0 cycles (0.00%)
----------------------------------------
==== Statistics for Master ID: 0 ====
Reads: 456020761   Writes: 76454841
ICACHE: size: 64 KB assoc: 2
ICACHE: hits:265077502 misses:2855615  Hit Ratio: 98.93%
DCACHE: size: 32 KB assoc: 8
DCACHE: hits:261138284 misses:3404201 writebacks:3400577  Hit Ratio: 98.71%
SCACHE: size: 512 KB assoc: 2
SCACHE: hits:3728477 misses:2531339  Hit Ratio: 59.56%
3CACHE: size: 4096 KB assoc: 2
3CACHE: hits:1839136 misses:692203  Hit Ratio: 72.65%
3CACHE: dirty items replaced:209063
ITLB: size: 48, misses 127592, miss rate 0.05%
DTLB: size: 128, misses 321894, miss rate 0.12%
Avg mem delay: 3.472 cycles
----------------------------------------
==== Statistics for Master ID: 2 ====
Reads: 421979842   Writes: 61019645
ICACHE: size: 64 KB assoc: 2
ICACHE: hits:268265167 misses:44744  Hit Ratio: 99.98%
DCACHE: size: 32 KB assoc: 8
DCACHE: hits:206911465 misses:7778111 writebacks:7454129  Hit Ratio: 96.38%
SCACHE: size: 512 KB assoc: 2
SCACHE: hits:4280038 misses:3542817  Hit Ratio: 54.71%
3CACHE: size: 4096 KB assoc: 2
3CACHE: hits:1256047 misses:2286770  Hit Ratio: 35.45%
3CACHE: dirty items replaced:244518
ITLB: size: 48, misses 1234, miss rate 0.00%
DTLB: size: 128, misses 138461, miss rate 0.06%
Avg mem delay: 3.472 cycles
----------------------------------------
==== Statistics for Master ID: 3 ====
Reads: 536297479   Writes: 17931967
ICACHE: size: 64 KB assoc: 2
ICACHE: hits:263284394 misses:72681  Hit Ratio: 99.97%
DCACHE: size: 32 KB assoc: 8
DCACHE: hits:283182942 misses:7689429 writebacks:7688879  Hit Ratio: 97.36%
SCACHE: size: 512 KB assoc: 2
SCACHE: hits:466993 misses:7295117  Hit Ratio: 6.02%
3CACHE: size: 4096 KB assoc: 2
3CACHE: hits:2115976 misses:5179141  Hit Ratio: 29.01%
3CACHE: dirty items replaced:1136005
ITLB: size: 48, misses 551, miss rate 0.00%
DTLB: size: 128, misses 148965, miss rate 0.05%
Avg mem delay: 3.472 cycles
----------------------------------------
==== Global Resource Utilization ====
STASH: size: 65536 entries, full 3112624798, empty 57792702, misses 5371691, full rate 98.01
icache bank util. 0.099 0.089 0.087 0.109 0.136 0.159 0.122 0.114 
dcache bank util. 0.112 0.124 0.127 0.123 0.142 0.109 0.146 0.116 
L2 bank util. 0.031 0.031 0.030 0.031 0.031 0.030 0.031 0.032 
L1-L2 bus util. = 0.137, L3 util. = 0.092
----------------------------------------
branch prediction, hits = 119102992, misses = 18128825, hit rate = 86.79%
return_stack prediction, hits = 12886335, misses = 7480, hit rate = 99.94%
jump prediction, hits = 129249291, misses = 15935196, hit rate = 89.02%
total IPC 2.265

=== Results saved to: ./results/gcc-scilab_2_gzip-graphic_1_mgrid_1.txt ===
