测试组合（多线程优先）：crafty.arg2 + gcc-integrate.arg + mgrid.arg
执行命令：./smtsim crafty.arg2 gcc-integrate.arg mgrid.arg
==================================================

SMTCache
Process 0, Thread 0: crafty
Process 0, Thread 1: crafty
Process 2, Thread 2: gcc-integrate
Process 3, Thread 3: mgrid

**** Debug Statistics at 1000000 Cycles *****
Threads: 4		Fetch Width: 8
No of useful instructions fetched:	1253144 (15.66% proc util.)
No of total instructions fetched:	1639201 (20.49% proc util.)
 includes 89455 misfetch (5.5%), 296602 (18.1%) wrong-path fetches
 and 0 flushed after failed lock(0.0%)
No of useful instructions issued/executed:	1253128 (15.66% proc util.)
No of total instructions issued/executed:	1393316 (17.42% proc util.)
 includes 140188 wrong-path (10.1%) insts and 0 flushed (0.0%)
	fp 207, 0.01%
	synch 0, 0.00%
	integer 899721, 64.57%
	load/store 493388, 35.41%
Avg size of int IQ (before scheduling): 8.58
Avg size of fp IQ (before scheduling): 0.01
No of cycles taken:		1000000
Parallelism [ 0.442, 0.000, 0.353, 0.458,] = 1.253
 IQ conflicts: 8492 (0.85%), FQ conflicts: 0 (0.00%) 
 I reg conflicts: 669303 (66.93%), FP reg conflicts: 0 (0.00%)
  Activelist confs: 151 (0.02%), ROB confs: 5728 (0.57%)
  Int unit conflicts: 312911 (31.29%), FP unit conflicts: 1 (0.00%)
  Load/store unit conflicts: 71688 (7.17%)
  MSHR conflicts: 768138 (76.81%)
----------------------------------------
==== System-wide Cache Statistics ====
Stall for miss queue full 0 cycles (0.00%)
----------------------------------------
==== Statistics for Master ID: 0 ====
Reads: 307003   Writes: 35380
ICACHE: size: 64 KB assoc: 2
ICACHE: hits:165348 misses:4110  Hit Ratio: 97.57%
DCACHE: size: 32 KB assoc: 8
DCACHE: hits:170727 misses:2198 writebacks:387  Hit Ratio: 98.73%
SCACHE: size: 512 KB assoc: 2
SCACHE: hits:3547 misses:2761  Hit Ratio: 56.23%
3CACHE: size: 4096 KB assoc: 2
3CACHE: hits:733 misses:2028  Hit Ratio: 26.55%
3CACHE: dirty items replaced:0
ITLB: size: 48, misses 87, miss rate 0.05%
DTLB: size: 128, misses 836, miss rate 0.48%
Avg mem delay: 3.154 cycles
----------------------------------------
==== Statistics for Master ID: 2 ====
Reads: 212291   Writes: 54556
ICACHE: size: 64 KB assoc: 2
ICACHE: hits:136687 misses:2803  Hit Ratio: 97.99%
DCACHE: size: 32 KB assoc: 8
DCACHE: hits:124688 misses:2669 writebacks:1879  Hit Ratio: 97.90%
SCACHE: size: 512 KB assoc: 2
SCACHE: hits:1378 misses:4094  Hit Ratio: 25.18%
3CACHE: size: 4096 KB assoc: 2
3CACHE: hits:349 misses:3745  Hit Ratio: 8.52%
3CACHE: dirty items replaced:0
ITLB: size: 48, misses 189, miss rate 0.14%
DTLB: size: 128, misses 285, miss rate 0.22%
Avg mem delay: 3.154 cycles
----------------------------------------
==== Statistics for Master ID: 3 ====
Reads: 191499   Writes: 139642
ICACHE: size: 64 KB assoc: 2
ICACHE: hits:136499 misses:2250  Hit Ratio: 98.38%
DCACHE: size: 32 KB assoc: 8
DCACHE: hits:178023 misses:14369 writebacks:13819  Hit Ratio: 92.53%
SCACHE: size: 512 KB assoc: 2
SCACHE: hits:1161 misses:15458  Hit Ratio: 6.99%
3CACHE: size: 4096 KB assoc: 2
3CACHE: hits:139 misses:15319  Hit Ratio: 0.90%
3CACHE: dirty items replaced:3
ITLB: size: 48, misses 161, miss rate 0.12%
DTLB: size: 128, misses 364, miss rate 0.19%
Avg mem delay: 3.154 cycles
----------------------------------------
==== Global Resource Utilization ====
STASH: size: 65536 entries, full 93187869, empty 7770537, misses 864212, full rate 91.52
icache bank util. 0.055 0.063 0.061 0.050 0.054 0.090 0.051 0.052 
dcache bank util. 0.070 0.083 0.084 0.064 0.075 0.068 0.079 0.078 
L2 bank util. 0.034 0.037 0.035 0.034 0.035 0.034 0.034 0.036 
L1-L2 bus util. = 0.133, L3 util. = 0.211
----------------------------------------
branch prediction, hits = 115123, misses = 14959, hit rate = 88.50%
return_stack prediction, hits = 19388, misses = 37, hit rate = 99.81%
jump prediction, hits = 122608, misses = 22801, hit rate = 84.32%
 function_cannot_inline_p save_for_inline
**** Debug Statistics at 101000000 Cycles *****
Threads: 4		Fetch Width: 8
No of useful instructions fetched:	168316386 (20.83% proc util.)
No of total instructions fetched:	212433390 (26.29% proc util.)
 includes 11372488 misfetch (5.4%), 32744516 (15.4%) wrong-path fetches
 and 0 flushed after failed lock(0.0%)
No of useful instructions issued/executed:	168316355 (20.83% proc util.)
No of total instructions issued/executed:	184994570 (22.90% proc util.)
 includes 16678215 wrong-path (9.0%) insts and 0 flushed (0.0%)
	fp 29099217, 15.73%
	synch 0, 0.00%
	integer 86143028, 46.57%
	load/store 69752325, 37.71%
Avg size of int IQ (before scheduling): 7.53
Avg size of fp IQ (before scheduling): 4.48
No of cycles taken:		101000000
Parallelism [ 0.525, 0.000, 0.359, 0.783,] = 1.666
 IQ conflicts: 1036655 (1.03%), FQ conflicts: 0 (0.00%) 
 I reg conflicts: 21833680 (21.62%), FP reg conflicts: 40980393 (40.57%)
  Activelist confs: 151 (0.00%), ROB confs: 429264 (0.43%)
  Int unit conflicts: 14940989 (14.79%), FP unit conflicts: 127542 (0.13%)
  Load/store unit conflicts: 10609853 (10.50%)
  MSHR conflicts: 42060315 (41.64%)
----------------------------------------
==== System-wide Cache Statistics ====
Stall for miss queue full 0 cycles (0.00%)
----------------------------------------
==== Statistics for Master ID: 0 ====
Reads: 38108822   Writes: 4379250
ICACHE: size: 64 KB assoc: 2
ICACHE: hits:21534768 misses:623564  Hit Ratio: 97.19%
DCACHE: size: 32 KB assoc: 8
DCACHE: hits:20101070 misses:228670 writebacks:222826  Hit Ratio: 98.88%
SCACHE: size: 512 KB assoc: 2
SCACHE: hits:668774 misses:183458  Hit Ratio: 78.47%
3CACHE: size: 4096 KB assoc: 2
3CACHE: hits:135720 misses:47738  Hit Ratio: 73.98%
3CACHE: dirty items replaced:4841
ITLB: size: 48, misses 12438, miss rate 0.06%
DTLB: size: 128, misses 108586, miss rate 0.53%
Avg mem delay: 3.509 cycles
----------------------------------------
==== Statistics for Master ID: 2 ====
Reads: 30704671   Writes: 4870306
ICACHE: size: 64 KB assoc: 2
ICACHE: hits:17650172 misses:755346  Hit Ratio: 95.90%
DCACHE: size: 32 KB assoc: 8
DCACHE: hits:16970432 misses:199027 writebacks:198228  Hit Ratio: 98.84%
SCACHE: size: 512 KB assoc: 2
SCACHE: hits:708213 misses:246160  Hit Ratio: 74.21%
3CACHE: size: 4096 KB assoc: 2
3CACHE: hits:171968 misses:74192  Hit Ratio: 69.86%
3CACHE: dirty items replaced:5724
ITLB: size: 48, misses 53297, miss rate 0.29%
DTLB: size: 128, misses 53704, miss rate 0.31%
Avg mem delay: 3.509 cycles
----------------------------------------
==== Statistics for Master ID: 3 ====
Reads: 53514115   Writes: 5529681
ICACHE: size: 64 KB assoc: 2
ICACHE: hits:26819264 misses:26273  Hit Ratio: 99.90%
DCACHE: size: 32 KB assoc: 8
DCACHE: hits:31007609 misses:1190650 writebacks:1190100  Hit Ratio: 96.30%
SCACHE: size: 512 KB assoc: 2
SCACHE: hits:58319 misses:1158604  Hit Ratio: 4.79%
3CACHE: size: 4096 KB assoc: 2
3CACHE: hits:194960 misses:963644  Hit Ratio: 16.83%
3CACHE: dirty items replaced:24930
ITLB: size: 48, misses 937, miss rate 0.00%
DTLB: size: 128, misses 23368, miss rate 0.07%
Avg mem delay: 3.509 cycles
----------------------------------------
==== Global Resource Utilization ====
STASH: size: 65536 entries, full 348767843, empty 20302269, misses 2000125, full rate 93.99
icache bank util. 0.084 0.090 0.085 0.090 0.094 0.100 0.084 0.081 
dcache bank util. 0.090 0.104 0.096 0.086 0.107 0.106 0.098 0.099 
L2 bank util. 0.031 0.036 0.032 0.032 0.032 0.033 0.031 0.033 
L1-L2 bus util. = 0.138, L3 util. = 0.107
----------------------------------------
branch prediction, hits = 9743086, misses = 1847604, hit rate = 84.06%
return_stack prediction, hits = 1394500, misses = 898, hit rate = 99.94%
jump prediction, hits = 8467916, misses = 3347954, hit rate = 71.67%
 copy_for_inline expand_inline_function
**** Debug Statistics at 201000000 Cycles *****
Threads: 4		Fetch Width: 8
No of useful instructions fetched:	363617393 (22.61% proc util.)
No of total instructions fetched:	460619594 (28.65% proc util.)
 includes 22923569 misfetch (5.0%), 74078632 (16.1%) wrong-path fetches
 and 0 flushed after failed lock(0.0%)
No of useful instructions issued/executed:	363617344 (22.61% proc util.)
No of total instructions issued/executed:	401476928 (24.97% proc util.)
 includes 37859584 wrong-path (9.4%) insts and 0 flushed (0.0%)
	fp 65844586, 16.40%
	synch 0, 0.00%
	integer 186042843, 46.34%
	load/store 149589499, 37.26%
Avg size of int IQ (before scheduling): 7.86
Avg size of fp IQ (before scheduling): 5.52
No of cycles taken:		201000000
Parallelism [ 0.569, 0.000, 0.416, 0.824,] = 1.809
 IQ conflicts: 2194812 (1.09%), FQ conflicts: 925956 (0.46%) 
 I reg conflicts: 26502399 (13.19%), FP reg conflicts: 91075856 (45.31%)
  Activelist confs: 171 (0.00%), ROB confs: 456556 (0.23%)
  Int unit conflicts: 34724318 (17.28%), FP unit conflicts: 304202 (0.15%)
  Load/store unit conflicts: 23959883 (11.92%)
  MSHR conflicts: 76158053 (37.89%)
----------------------------------------
==== System-wide Cache Statistics ====
Stall for miss queue full 0 cycles (0.00%)
----------------------------------------
==== Statistics for Master ID: 0 ====
Reads: 82934500   Writes: 9442803
ICACHE: size: 64 KB assoc: 2
ICACHE: hits:46889162 misses:1307013  Hit Ratio: 97.29%
DCACHE: size: 32 KB assoc: 8
DCACHE: hits:43682512 misses:498616 writebacks:492732  Hit Ratio: 98.87%
SCACHE: size: 512 KB assoc: 2
SCACHE: hits:1430962 misses:374666  Hit Ratio: 79.25%
3CACHE: size: 4096 KB assoc: 2
3CACHE: hits:281281 misses:93385  Hit Ratio: 75.08%
3CACHE: dirty items replaced:13267
ITLB: size: 48, misses 21898, miss rate 0.05%
DTLB: size: 128, misses 232362, miss rate 0.53%
Avg mem delay: 3.329 cycles
----------------------------------------
==== Statistics for Master ID: 2 ====
Reads: 70056782   Writes: 10866915
ICACHE: size: 64 KB assoc: 2
ICACHE: hits:40585853 misses:1425916  Hit Ratio: 96.61%
DCACHE: size: 32 KB assoc: 8
DCACHE: hits:38462622 misses:449306 writebacks:448507  Hit Ratio: 98.85%
SCACHE: size: 512 KB assoc: 2
SCACHE: hits:1385717 misses:489504  Hit Ratio: 73.90%
3CACHE: size: 4096 KB assoc: 2
3CACHE: hits:347067 misses:142436  Hit Ratio: 70.90%
3CACHE: dirty items replaced:19791
ITLB: size: 48, misses 99057, miss rate 0.24%
DTLB: size: 128, misses 116734, miss rate 0.30%
Avg mem delay: 3.329 cycles
----------------------------------------
==== Statistics for Master ID: 3 ====
Reads: 117281362   Writes: 6828952
ICACHE: size: 64 KB assoc: 2
ICACHE: hits:57671593 misses:48286  Hit Ratio: 99.92%
DCACHE: size: 32 KB assoc: 8
DCACHE: hits:64399972 misses:1990463 writebacks:1989913  Hit Ratio: 97.00%
SCACHE: size: 512 KB assoc: 2
SCACHE: hits:124363 misses:1914386  Hit Ratio: 6.10%
3CACHE: size: 4096 KB assoc: 2
3CACHE: hits:431525 misses:1482861  Hit Ratio: 22.54%
3CACHE: dirty items replaced:79930
ITLB: size: 48, misses 1405, miss rate 0.00%
DTLB: size: 128, misses 40305, miss rate 0.06%
Avg mem delay: 3.329 cycles
----------------------------------------
==== Global Resource Utilization ====
STASH: size: 65536 entries, full 653941934, empty 33524713, misses 3192825, full rate 94.68
icache bank util. 0.092 0.100 0.096 0.101 0.104 0.101 0.094 0.090 
dcache bank util. 0.095 0.106 0.102 0.089 0.113 0.115 0.106 0.106 
L2 bank util. 0.028 0.033 0.030 0.029 0.030 0.031 0.028 0.031 
L1-L2 bus util. = 0.129, L3 util. = 0.086
----------------------------------------
branch prediction, hits = 20394339, misses = 4009250, hit rate = 83.57%
return_stack prediction, hits = 3037451, misses = 1785, hit rate = 99.94%
jump prediction, hits = 18170026, misses = 6792878, hit rate = 72.79%

**** Debug Statistics at 301000000 Cycles *****
Threads: 4		Fetch Width: 8
No of useful instructions fetched:	581725285 (24.16% proc util.)
No of total instructions fetched:	762575437 (31.67% proc util.)
 includes 41585229 misfetch (5.5%), 139264923 (18.3%) wrong-path fetches
 and 0 flushed after failed lock(0.0%)
No of useful instructions issued/executed:	581725274 (24.16% proc util.)
No of total instructions issued/executed:	652675388 (27.10% proc util.)
 includes 70950114 wrong-path (10.9%) insts and 0 flushed (0.0%)
	fp 103124487, 15.80%
	synch 0, 0.00%
	integer 309760636, 47.46%
	load/store 239790265, 36.74%
Avg size of int IQ (before scheduling): 9.67
Avg size of fp IQ (before scheduling): 11.39
No of cycles taken:		301000000
Parallelism [ 0.643, 0.000, 0.471, 0.819,] = 1.933
 IQ conflicts: 3704669 (1.23%), FQ conflicts: 12634322 (4.20%) 
 I reg conflicts: 37390968 (12.42%), FP reg conflicts: 116853191 (38.82%)
  Activelist confs: 906 (0.00%), ROB confs: 495419 (0.16%)
  Int unit conflicts: 70448959 (23.40%), FP unit conflicts: 843244 (0.28%)
  Load/store unit conflicts: 41048665 (13.64%)
  MSHR conflicts: 123227044 (40.94%)
----------------------------------------
==== System-wide Cache Statistics ====
Stall for miss queue full 0 cycles (0.00%)
----------------------------------------
==== Statistics for Master ID: 0 ====
Reads: 140970183   Writes: 16209166
ICACHE: size: 64 KB assoc: 2
ICACHE: hits:78789836 misses:2300106  Hit Ratio: 97.16%
DCACHE: size: 32 KB assoc: 8
DCACHE: hits:75225521 misses:863886 writebacks:857961  Hit Ratio: 98.86%
SCACHE: size: 512 KB assoc: 2
SCACHE: hits:2537008 misses:626984  Hit Ratio: 80.18%
3CACHE: size: 4096 KB assoc: 2
3CACHE: hits:474140 misses:152844  Hit Ratio: 75.62%
3CACHE: dirty items replaced:27479
ITLB: size: 48, misses 33420, miss rate 0.04%
DTLB: size: 128, misses 396221, miss rate 0.52%
Avg mem delay: 3.478 cycles
----------------------------------------
==== Statistics for Master ID: 2 ====
Reads: 121496590   Writes: 18895288
ICACHE: size: 64 KB assoc: 2
ICACHE: hits:69942763 misses:2449390  Hit Ratio: 96.62%
DCACHE: size: 32 KB assoc: 8
DCACHE: hits:67191933 misses:807792 writebacks:806993  Hit Ratio: 98.81%
SCACHE: size: 512 KB assoc: 2
SCACHE: hits:2429160 misses:828022  Hit Ratio: 74.58%
3CACHE: size: 4096 KB assoc: 2
3CACHE: hits:612300 misses:215722  Hit Ratio: 73.95%
3CACHE: dirty items replaced:38163
ITLB: size: 48, misses 149775, miss rate 0.21%
DTLB: size: 128, misses 207200, miss rate 0.30%
Avg mem delay: 3.478 cycles
----------------------------------------
==== Statistics for Master ID: 3 ====
Reads: 174165939   Writes: 8928747
ICACHE: size: 64 KB assoc: 2
ICACHE: hits:87541589 misses:66045  Hit Ratio: 99.92%
DCACHE: size: 32 KB assoc: 8
DCACHE: hits:92327768 misses:3159284 writebacks:3158734  Hit Ratio: 96.69%
SCACHE: size: 512 KB assoc: 2
SCACHE: hits:317059 misses:2908270  Hit Ratio: 9.83%
3CACHE: size: 4096 KB assoc: 2
3CACHE: hits:717527 misses:2190743  Hit Ratio: 24.67%
3CACHE: dirty items replaced:191425
ITLB: size: 48, misses 1731, miss rate 0.00%
DTLB: size: 128, misses 61258, miss rate 0.06%
Avg mem delay: 3.478 cycles
----------------------------------------
==== Global Resource Utilization ====
STASH: size: 65536 entries, full 1003733613, empty 51709340, misses 4821840, full rate 94.67
icache bank util. 0.100 0.106 0.103 0.108 0.111 0.113 0.107 0.101 
dcache bank util. 0.100 0.114 0.108 0.094 0.123 0.122 0.115 0.116 
L2 bank util. 0.031 0.037 0.034 0.032 0.033 0.034 0.031 0.034 
L1-L2 bus util. = 0.144, L3 util. = 0.085
----------------------------------------
branch prediction, hits = 33708965, misses = 6843023, hit rate = 83.13%
return_stack prediction, hits = 5051049, misses = 2776, hit rate = 99.95%
jump prediction, hits = 29753156, misses = 11520307, hit rate = 72.09%
 copy_parm_decls copy_decl_tree copy_rtx_and_substitute
**** Debug Statistics at 401000000 Cycles *****
Threads: 4		Fetch Width: 8
No of useful instructions fetched:	772353258 (24.08% proc util.)
No of total instructions fetched:	1012353925 (31.56% proc util.)
 includes 54926819 misfetch (5.4%), 185073848 (18.3%) wrong-path fetches
 and 0 flushed after failed lock(0.0%)
No of useful instructions issued/executed:	772353245 (24.08% proc util.)
No of total instructions issued/executed:	867046082 (27.03% proc util.)
 includes 94692837 wrong-path (10.9%) insts and 0 flushed (0.0%)
	fp 139223128, 16.06%
	synch 0, 0.00%
	integer 408950524, 47.17%
	load/store 318872430, 36.78%
Avg size of int IQ (before scheduling): 9.93
Avg size of fp IQ (before scheduling): 10.44
No of cycles taken:		401000000
Parallelism [ 0.640, 0.000, 0.466, 0.821,] = 1.926
 IQ conflicts: 4998353 (1.25%), FQ conflicts: 12635120 (3.15%) 
 I reg conflicts: 44033912 (10.98%), FP reg conflicts: 166597683 (41.55%)
  Activelist confs: 1153 (0.00%), ROB confs: 514167 (0.13%)
  Int unit conflicts: 95578270 (23.83%), FP unit conflicts: 2062008 (0.51%)
  Load/store unit conflicts: 55119304 (13.75%)
  MSHR conflicts: 158056976 (39.42%)
----------------------------------------
==== System-wide Cache Statistics ====
Stall for miss queue full 0 cycles (0.00%)
----------------------------------------
==== Statistics for Master ID: 0 ====
Reads: 186992120   Writes: 21562800
ICACHE: size: 64 KB assoc: 2
ICACHE: hits:104436597 misses:3047279  Hit Ratio: 97.16%
DCACHE: size: 32 KB assoc: 8
DCACHE: hits:99918573 misses:1152471 writebacks:1146534  Hit Ratio: 98.86%
SCACHE: size: 512 KB assoc: 2
SCACHE: hits:3358608 misses:841142  Hit Ratio: 79.97%
3CACHE: size: 4096 KB assoc: 2
3CACHE: hits:635163 misses:205979  Hit Ratio: 75.51%
3CACHE: dirty items replaced:41269
ITLB: size: 48, misses 44226, miss rate 0.04%
DTLB: size: 128, misses 529916, miss rate 0.52%
Avg mem delay: 3.550 cycles
----------------------------------------
==== Statistics for Master ID: 2 ====
Reads: 160644866   Writes: 25166866
ICACHE: size: 64 KB assoc: 2
ICACHE: hits:92614685 misses:3238863  Hit Ratio: 96.62%
DCACHE: size: 32 KB assoc: 8
DCACHE: hits:88881641 misses:1076543 writebacks:1075744  Hit Ratio: 98.80%
SCACHE: size: 512 KB assoc: 2
SCACHE: hits:3184505 misses:1130901  Hit Ratio: 73.79%
3CACHE: size: 4096 KB assoc: 2
3CACHE: hits:834570 misses:296331  Hit Ratio: 73.80%
3CACHE: dirty items replaced:60576
ITLB: size: 48, misses 195306, miss rate 0.20%
DTLB: size: 128, misses 282109, miss rate 0.31%
Avg mem delay: 3.550 cycles
----------------------------------------
==== Statistics for Master ID: 3 ====
Reads: 231704536   Writes: 12027450
ICACHE: size: 64 KB assoc: 2
ICACHE: hits:116086311 misses:87165  Hit Ratio: 99.92%
DCACHE: size: 32 KB assoc: 8
DCACHE: hits:123460309 misses:4098201 writebacks:4097651  Hit Ratio: 96.79%
SCACHE: size: 512 KB assoc: 2
SCACHE: hits:393278 misses:3792088  Hit Ratio: 9.40%
3CACHE: size: 4096 KB assoc: 2
3CACHE: hits:924095 misses:2867993  Hit Ratio: 24.37%
3CACHE: dirty items replaced:338163
ITLB: size: 48, misses 2081, miss rate 0.00%
DTLB: size: 128, misses 81061, miss rate 0.06%
Avg mem delay: 3.550 cycles
----------------------------------------
==== Global Resource Utilization ====
STASH: size: 65536 entries, full 1299625850, empty 67153872, misses 6221318, full rate 94.66
icache bank util. 0.101 0.108 0.104 0.106 0.110 0.108 0.106 0.101 
dcache bank util. 0.100 0.112 0.108 0.095 0.123 0.122 0.115 0.115 
L2 bank util. 0.031 0.036 0.033 0.032 0.033 0.034 0.031 0.033 
L1-L2 bus util. = 0.142, L3 util. = 0.084
----------------------------------------
branch prediction, hits = 44051069, misses = 9032008, hit rate = 82.99%
return_stack prediction, hits = 6721838, misses = 4177, hit rate = 99.94%
jump prediction, hits = 38947006, misses = 15276370, hit rate = 71.83%

**** Debug Statistics at 501000000 Cycles *****
Threads: 4		Fetch Width: 8
No of useful instructions fetched:	973533549 (24.29% proc util.)
No of total instructions fetched:	1269113018 (31.66% proc util.)
 includes 67655871 misfetch (5.3%), 227923598 (18.0%) wrong-path fetches
 and 0 flushed after failed lock(0.0%)
No of useful instructions issued/executed:	973533530 (24.29% proc util.)
No of total instructions issued/executed:	1090194571 (27.20% proc util.)
 includes 116661041 wrong-path (10.7%) insts and 0 flushed (0.0%)
	fp 176847977, 16.22%
	synch 0, 0.00%
	integer 511234838, 46.89%
	load/store 402111756, 36.88%
Avg size of int IQ (before scheduling): 9.45
Avg size of fp IQ (before scheduling): 9.45
No of cycles taken:		501000000
Parallelism [ 0.634, 0.000, 0.475, 0.834,] = 1.943
 IQ conflicts: 5166341 (1.03%), FQ conflicts: 12635120 (2.52%) 
 I reg conflicts: 48334271 (9.65%), FP reg conflicts: 217599086 (43.43%)
  Activelist confs: 1173 (0.00%), ROB confs: 532694 (0.11%)
  Int unit conflicts: 115594016 (23.07%), FP unit conflicts: 2229463 (0.45%)
  Load/store unit conflicts: 68706950 (13.71%)
  MSHR conflicts: 167121810 (33.36%)
----------------------------------------
==== System-wide Cache Statistics ====
Stall for miss queue full 0 cycles (0.00%)
----------------------------------------
==== Statistics for Master ID: 0 ====
Reads: 231982126   Writes: 26690964
ICACHE: size: 64 KB assoc: 2
ICACHE: hits:129850736 misses:3777067  Hit Ratio: 97.17%
DCACHE: size: 32 KB assoc: 8
DCACHE: hits:123611812 misses:1433475 writebacks:1427538  Hit Ratio: 98.85%
SCACHE: size: 512 KB assoc: 2
SCACHE: hits:4188577 misses:1021965  Hit Ratio: 80.39%
3CACHE: size: 4096 KB assoc: 2
3CACHE: hits:771127 misses:250838  Hit Ratio: 75.46%
3CACHE: dirty items replaced:53111
ITLB: size: 48, misses 52851, miss rate 0.04%
DTLB: size: 128, misses 663466, miss rate 0.53%
Avg mem delay: 3.431 cycles
----------------------------------------
==== Statistics for Master ID: 2 ====
Reads: 203305666   Writes: 31875448
ICACHE: size: 64 KB assoc: 2
ICACHE: hits:117370473 misses:3953502  Hit Ratio: 96.74%
DCACHE: size: 32 KB assoc: 8
DCACHE: hits:112523622 misses:1333517 writebacks:1332718  Hit Ratio: 98.83%
SCACHE: size: 512 KB assoc: 2
SCACHE: hits:3939844 misses:1347175  Hit Ratio: 74.52%
3CACHE: size: 4096 KB assoc: 2
3CACHE: hits:996255 misses:350920  Hit Ratio: 73.95%
3CACHE: dirty items replaced:82122
ITLB: size: 48, misses 230132, miss rate 0.19%
DTLB: size: 128, misses 351200, miss rate 0.31%
Avg mem delay: 3.431 cycles
----------------------------------------
==== Statistics for Master ID: 3 ====
Reads: 297590355   Writes: 13239612
ICACHE: size: 64 KB assoc: 2
ICACHE: hits:147870774 misses:111949  Hit Ratio: 99.92%
DCACHE: size: 32 KB assoc: 8
DCACHE: hits:157972134 misses:4875110 writebacks:4874560  Hit Ratio: 97.01%
SCACHE: size: 512 KB assoc: 2
SCACHE: hits:466101 misses:4520958  Hit Ratio: 9.35%
3CACHE: size: 4096 KB assoc: 2
3CACHE: hits:1169375 misses:3351582  Hit Ratio: 25.87%
3CACHE: dirty items replaced:465598
ITLB: size: 48, misses 2434, miss rate 0.00%
DTLB: size: 128, misses 93475, miss rate 0.06%
Avg mem delay: 3.431 cycles
----------------------------------------
==== Global Resource Utilization ====
STASH: size: 65536 entries, full 1615295999, empty 80751461, misses 7442508, full rate 94.82
icache bank util. 0.101 0.109 0.106 0.108 0.112 0.108 0.106 0.101 
dcache bank util. 0.102 0.112 0.109 0.096 0.122 0.123 0.115 0.115 
L2 bank util. 0.030 0.035 0.032 0.031 0.032 0.033 0.030 0.032 
L1-L2 bus util. = 0.138, L3 util. = 0.079
----------------------------------------
branch prediction, hits = 55028942, misses = 11338698, hit rate = 82.92%
return_stack prediction, hits = 8345774, misses = 4489, hit rate = 99.95%
jump prediction, hits = 48523925, misses = 19074709, hit rate = 71.78%
 copy_address
**** Debug Statistics at 601000000 Cycles *****
Threads: 4		Fetch Width: 8
No of useful instructions fetched:	1227860261 (25.54% proc util.)
No of total instructions fetched:	1593063510 (33.13% proc util.)
 includes 83354680 misfetch (5.2%), 281848569 (17.7%) wrong-path fetches
 and 0 flushed after failed lock(0.0%)
No of useful instructions issued/executed:	1227860247 (25.54% proc util.)
No of total instructions issued/executed:	1373511875 (28.57% proc util.)
 includes 145651628 wrong-path (10.6%) insts and 0 flushed (0.0%)
	fp 225506473, 16.42%
	synch 0, 0.00%
	integer 638290238, 46.47%
	load/store 509715164, 37.11%
Avg size of int IQ (before scheduling): 10.05
Avg size of fp IQ (before scheduling): 9.17
No of cycles taken:		601000000
Parallelism [ 0.662, 0.000, 0.496, 0.885,] = 2.043
 IQ conflicts: 6377480 (1.06%), FQ conflicts: 12635120 (2.10%) 
 I reg conflicts: 57378370 (9.55%), FP reg conflicts: 251555930 (41.86%)
  Activelist confs: 1174 (0.00%), ROB confs: 589521 (0.10%)
  Int unit conflicts: 143569030 (23.89%), FP unit conflicts: 2533628 (0.42%)
  Load/store unit conflicts: 89807388 (14.94%)
  MSHR conflicts: 206706330 (34.39%)
----------------------------------------
==== System-wide Cache Statistics ====
Stall for miss queue full 0 cycles (0.00%)
----------------------------------------
==== Statistics for Master ID: 0 ====
Reads: 290184070   Writes: 33487380
ICACHE: size: 64 KB assoc: 2
ICACHE: hits:162321735 misses:4654971  Hit Ratio: 97.21%
DCACHE: size: 32 KB assoc: 8
DCACHE: hits:154876958 misses:1817786 writebacks:1811849  Hit Ratio: 98.84%
SCACHE: size: 512 KB assoc: 2
SCACHE: hits:5217370 misses:1255387  Hit Ratio: 80.61%
3CACHE: size: 4096 KB assoc: 2
3CACHE: hits:938255 misses:317132  Hit Ratio: 74.74%
3CACHE: dirty items replaced:73522
ITLB: size: 48, misses 61347, miss rate 0.04%
DTLB: size: 128, misses 846285, miss rate 0.54%
Avg mem delay: 3.380 cycles
----------------------------------------
==== Statistics for Master ID: 2 ====
Reads: 255450689   Writes: 41608170
ICACHE: size: 64 KB assoc: 2
ICACHE: hits:148422928 misses:4732432  Hit Ratio: 96.91%
DCACHE: size: 32 KB assoc: 8
DCACHE: hits:141839418 misses:2064081 writebacks:2063282  Hit Ratio: 98.57%
SCACHE: size: 512 KB assoc: 2
SCACHE: hits:4969738 misses:1826775  Hit Ratio: 73.12%
3CACHE: size: 4096 KB assoc: 2
3CACHE: hits:1361899 misses:464876  Hit Ratio: 74.55%
3CACHE: dirty items replaced:118876
ITLB: size: 48, misses 253243, miss rate 0.17%
DTLB: size: 128, misses 456495, miss rate 0.32%
Avg mem delay: 3.380 cycles
----------------------------------------
==== Statistics for Master ID: 3 ====
Reads: 381180119   Writes: 14910796
ICACHE: size: 64 KB assoc: 2
ICACHE: hits:187296483 misses:142026  Hit Ratio: 99.92%
DCACHE: size: 32 KB assoc: 8
DCACHE: hits:202926881 misses:5725525 writebacks:5724975  Hit Ratio: 97.26%
SCACHE: size: 512 KB assoc: 2
SCACHE: hits:536573 misses:5330978  Hit Ratio: 9.14%
3CACHE: size: 4096 KB assoc: 2
3CACHE: hits:1503585 misses:3827393  Hit Ratio: 28.20%
3CACHE: dirty items replaced:605607
ITLB: size: 48, misses 2474, miss rate 0.00%
DTLB: size: 128, misses 111209, miss rate 0.05%
Avg mem delay: 3.380 cycles
----------------------------------------
==== Global Resource Utilization ====
STASH: size: 65536 entries, full 2010273756, empty 97873188, misses 9006160, full rate 94.95
icache bank util. 0.107 0.109 0.109 0.113 0.121 0.116 0.111 0.106 
dcache bank util. 0.108 0.118 0.115 0.102 0.130 0.130 0.120 0.120 
L2 bank util. 0.031 0.037 0.033 0.032 0.033 0.034 0.031 0.033 
L1-L2 bus util. = 0.143, L3 util. = 0.077
----------------------------------------
branch prediction, hits = 69124753, misses = 13777645, hit rate = 83.38%
return_stack prediction, hits = 10473796, misses = 5027, hit rate = 99.95%
jump prediction, hits = 61560241, misses = 23624428, hit rate = 72.27%

**** Debug Statistics at 701000000 Cycles *****
Threads: 4		Fetch Width: 8
No of useful instructions fetched:	1440835286 (25.69% proc util.)
No of total instructions fetched:	1869914477 (33.34% proc util.)
 includes 100488521 misfetch (5.4%), 328590670 (17.6%) wrong-path fetches
 and 0 flushed after failed lock(0.0%)
No of useful instructions issued/executed:	1440835260 (25.69% proc util.)
No of total instructions issued/executed:	1610556819 (28.72% proc util.)
 includes 169721559 wrong-path (10.5%) insts and 0 flushed (0.0%)
	fp 267178060, 16.59%
	synch 0, 0.00%
	integer 744654649, 46.24%
	load/store 598724110, 37.17%
Avg size of int IQ (before scheduling): 9.88
Avg size of fp IQ (before scheduling): 8.77
No of cycles taken:		701000000
Parallelism [ 0.659, 0.000, 0.497, 0.899,] = 2.055
 IQ conflicts: 7451227 (1.06%), FQ conflicts: 12635120 (1.80%) 
 I reg conflicts: 62966752 (8.98%), FP reg conflicts: 296277476 (42.26%)
  Activelist confs: 1735 (0.00%), ROB confs: 658933 (0.09%)
  Int unit conflicts: 161862923 (23.09%), FP unit conflicts: 2757543 (0.39%)
  Load/store unit conflicts: 105699126 (15.08%)
  MSHR conflicts: 247828711 (35.35%)
----------------------------------------
==== System-wide Cache Statistics ====
Stall for miss queue full 0 cycles (0.00%)
----------------------------------------
==== Statistics for Master ID: 0 ====
Reads: 336985780   Writes: 38653398
ICACHE: size: 64 KB assoc: 2
ICACHE: hits:188622845 misses:5616347  Hit Ratio: 97.11%
DCACHE: size: 32 KB assoc: 8
DCACHE: hits:179299612 misses:2100374 writebacks:2094435  Hit Ratio: 98.84%
SCACHE: size: 512 KB assoc: 2
SCACHE: hits:6272331 misses:1444390  Hit Ratio: 81.28%
3CACHE: size: 4096 KB assoc: 2
3CACHE: hits:1077696 misses:366694  Hit Ratio: 74.61%
3CACHE: dirty items replaced:89889
ITLB: size: 48, misses 72801, miss rate 0.04%
DTLB: size: 128, misses 995811, miss rate 0.55%
Avg mem delay: 3.367 cycles
----------------------------------------
==== Statistics for Master ID: 2 ====
Reads: 300068848   Writes: 49473284
ICACHE: size: 64 KB assoc: 2
ICACHE: hits:174911743 misses:5839067  Hit Ratio: 96.77%
DCACHE: size: 32 KB assoc: 8
DCACHE: hits:166065658 misses:2725664 writebacks:2724865  Hit Ratio: 98.39%
SCACHE: size: 512 KB assoc: 2
SCACHE: hits:6405431 misses:2159300  Hit Ratio: 74.79%
3CACHE: size: 4096 KB assoc: 2
3CACHE: hits:1659631 misses:499669  Hit Ratio: 76.86%
3CACHE: dirty items replaced:133572
ITLB: size: 48, misses 281368, miss rate 0.16%
DTLB: size: 128, misses 559063, miss rate 0.33%
Avg mem delay: 3.367 cycles
----------------------------------------
==== Statistics for Master ID: 3 ====
Reads: 453302164   Writes: 16356254
ICACHE: size: 64 KB assoc: 2
ICACHE: hits:221538344 misses:192587  Hit Ratio: 99.91%
DCACHE: size: 32 KB assoc: 8
DCACHE: hits:241377221 misses:6550266 writebacks:6549716  Hit Ratio: 97.36%
SCACHE: size: 512 KB assoc: 2
SCACHE: hits:637226 misses:6105627  Hit Ratio: 9.45%
3CACHE: size: 4096 KB assoc: 2
3CACHE: hits:1781085 misses:4324540  Hit Ratio: 29.17%
3CACHE: dirty items replaced:767863
ITLB: size: 48, misses 2714, miss rate 0.00%
DTLB: size: 128, misses 128566, miss rate 0.05%
Avg mem delay: 3.367 cycles
----------------------------------------
==== Global Resource Utilization ====
STASH: size: 65536 entries, full 2350471713, empty 113034169, misses 10366903, full rate 95.01
icache bank util. 0.107 0.109 0.110 0.115 0.125 0.118 0.111 0.106 
dcache bank util. 0.110 0.120 0.115 0.101 0.131 0.131 0.121 0.122 
L2 bank util. 0.031 0.037 0.034 0.033 0.034 0.034 0.031 0.034 
L1-L2 bus util. = 0.147, L3 util. = 0.074
----------------------------------------
branch prediction, hits = 80661079, misses = 16366802, hit rate = 83.13%
return_stack prediction, hits = 12253257, misses = 5324, hit rate = 99.96%
jump prediction, hits = 70799175, misses = 28555272, hit rate = 71.26%

**** Debug Statistics at 801000000 Cycles *****
Threads: 4		Fetch Width: 8
No of useful instructions fetched:	1641852625 (25.62% proc util.)
No of total instructions fetched:	2118180346 (33.06% proc util.)
 includes 110117038 misfetch (5.2%), 366210683 (17.3%) wrong-path fetches
 and 0 flushed after failed lock(0.0%)
No of useful instructions issued/executed:	1641852619 (25.62% proc util.)
No of total instructions issued/executed:	1831430636 (28.58% proc util.)
 includes 189578017 wrong-path (10.4%) insts and 0 flushed (0.0%)
	fp 303734285, 16.58%
	synch 0, 0.00%
	integer 844615362, 46.12%
	load/store 683080989, 37.30%
Avg size of int IQ (before scheduling): 9.92
Avg size of fp IQ (before scheduling): 8.40
No of cycles taken:		801000000
Parallelism [ 0.658, 0.000, 0.497, 0.895,] = 2.050
 IQ conflicts: 8035228 (1.00%), FQ conflicts: 12635120 (1.58%) 
 I reg conflicts: 68160580 (8.51%), FP reg conflicts: 347452917 (43.38%)
  Activelist confs: 1740 (0.00%), ROB confs: 725262 (0.09%)
  Int unit conflicts: 184620128 (23.05%), FP unit conflicts: 2902927 (0.36%)
  Load/store unit conflicts: 125353956 (15.65%)
  MSHR conflicts: 280223048 (34.98%)
----------------------------------------
==== System-wide Cache Statistics ====
Stall for miss queue full 0 cycles (0.00%)
----------------------------------------
==== Statistics for Master ID: 0 ====
Reads: 383112731   Writes: 43636438
ICACHE: size: 64 KB assoc: 2
ICACHE: hits:214906464 misses:6091721  Hit Ratio: 97.24%
DCACHE: size: 32 KB assoc: 8
DCACHE: hits:203375977 misses:2375007 writebacks:2369068  Hit Ratio: 98.85%
SCACHE: size: 512 KB assoc: 2
SCACHE: hits:6851566 misses:1615162  Hit Ratio: 80.92%
3CACHE: size: 4096 KB assoc: 2
3CACHE: hits:1201658 misses:413504  Hit Ratio: 74.40%
3CACHE: dirty items replaced:105716
ITLB: size: 48, misses 77227, miss rate 0.03%
DTLB: size: 128, misses 1124140, miss rate 0.55%
Avg mem delay: 3.370 cycles
----------------------------------------
==== Statistics for Master ID: 2 ====
Reads: 341131139   Writes: 59005209
ICACHE: size: 64 KB assoc: 2
ICACHE: hits:199436921 misses:6263448  Hit Ratio: 96.96%
DCACHE: size: 32 KB assoc: 8
DCACHE: hits:190943216 misses:3492763 writebacks:3491964  Hit Ratio: 98.20%
SCACHE: size: 512 KB assoc: 2
SCACHE: hits:7098943 misses:2657268  Hit Ratio: 72.76%
3CACHE: size: 4096 KB assoc: 2
3CACHE: hits:2073387 misses:583881  Hit Ratio: 78.03%
3CACHE: dirty items replaced:168743
ITLB: size: 48, misses 293306, miss rate 0.14%
DTLB: size: 128, misses 637187, miss rate 0.33%
Avg mem delay: 3.370 cycles
----------------------------------------
==== Statistics for Master ID: 3 ====
Reads: 517007345   Writes: 17534020
ICACHE: size: 64 KB assoc: 2
ICACHE: hits:252109257 misses:217059  Hit Ratio: 99.91%
DCACHE: size: 32 KB assoc: 8
DCACHE: hits:274909931 misses:7305118 writebacks:7304568  Hit Ratio: 97.41%
SCACHE: size: 512 KB assoc: 2
SCACHE: hits:685228 misses:6836949  Hit Ratio: 9.11%
3CACHE: size: 4096 KB assoc: 2
3CACHE: hits:2036575 misses:4800374  Hit Ratio: 29.79%
3CACHE: dirty items replaced:944600
ITLB: size: 48, misses 2823, miss rate 0.00%
DTLB: size: 128, misses 140717, miss rate 0.05%
Avg mem delay: 3.370 cycles
----------------------------------------
==== Global Resource Utilization ====
STASH: size: 65536 entries, full 2658323300, empty 124071920, misses 11382536, full rate 95.15
icache bank util. 0.106 0.108 0.109 0.114 0.125 0.117 0.111 0.104 
dcache bank util. 0.110 0.119 0.115 0.102 0.131 0.131 0.122 0.122 
L2 bank util. 0.031 0.037 0.033 0.032 0.033 0.034 0.031 0.033 
L1-L2 bus util. = 0.146, L3 util. = 0.072
----------------------------------------
branch prediction, hits = 92392899, misses = 18182845, hit rate = 83.56%
return_stack prediction, hits = 14074878, misses = 5499, hit rate = 99.96%
jump prediction, hits = 82507996, misses = 31535956, hit rate = 72.35%

**** Debug Statistics at 901000000 Cycles *****
Threads: 4		Fetch Width: 8
No of useful instructions fetched:	1856207003 (25.75% proc util.)
No of total instructions fetched:	2402648649 (33.33% proc util.)
 includes 128486829 misfetch (5.3%), 417954817 (17.4%) wrong-path fetches
 and 0 flushed after failed lock(0.0%)
No of useful instructions issued/executed:	1856206960 (25.75% proc util.)
No of total instructions issued/executed:	2072290575 (28.75% proc util.)
 includes 216083615 wrong-path (10.4%) insts and 0 flushed (0.0%)
	fp 342206599, 16.51%
	synch 0, 0.00%
	integer 957746061, 46.22%
	load/store 772337915, 37.27%
Avg size of int IQ (before scheduling): 10.15
Avg size of fp IQ (before scheduling): 8.60
No of cycles taken:		901000000
Parallelism [ 0.662, 0.000, 0.502, 0.896,] = 2.060
 IQ conflicts: 10079508 (1.12%), FQ conflicts: 12635799 (1.40%) 
 I reg conflicts: 78378010 (8.70%), FP reg conflicts: 386758982 (42.93%)
  Activelist confs: 2189 (0.00%), ROB confs: 841895 (0.09%)
  Int unit conflicts: 210564118 (23.37%), FP unit conflicts: 3834509 (0.43%)
  Load/store unit conflicts: 145329671 (16.13%)
  MSHR conflicts: 375447746 (41.67%)
----------------------------------------
==== System-wide Cache Statistics ====
Stall for miss queue full 0 cycles (0.00%)
----------------------------------------
==== Statistics for Master ID: 0 ====
Reads: 433004801   Writes: 49289534
ICACHE: size: 64 KB assoc: 2
ICACHE: hits:242629187 misses:7056117  Hit Ratio: 97.17%
DCACHE: size: 32 KB assoc: 8
DCACHE: hits:229942279 misses:2666752 writebacks:2660813  Hit Ratio: 98.85%
SCACHE: size: 512 KB assoc: 2
SCACHE: hits:7889420 misses:1833449  Hit Ratio: 81.14%
3CACHE: size: 4096 KB assoc: 2
3CACHE: hits:1368564 misses:464885  Hit Ratio: 74.64%
3CACHE: dirty items replaced:125300
ITLB: size: 48, misses 88669, miss rate 0.04%
DTLB: size: 128, misses 1277394, miss rate 0.55%
Avg mem delay: 3.459 cycles
----------------------------------------
==== Statistics for Master ID: 2 ====
Reads: 388141406   Writes: 67716044
ICACHE: size: 64 KB assoc: 2
ICACHE: hits:227406018 misses:7335556  Hit Ratio: 96.88%
DCACHE: size: 32 KB assoc: 8
DCACHE: hits:216776182 misses:4339694 writebacks:4338895  Hit Ratio: 98.04%
SCACHE: size: 512 KB assoc: 2
SCACHE: hits:8605706 misses:3069543  Hit Ratio: 73.71%
3CACHE: size: 4096 KB assoc: 2
3CACHE: hits:2443728 misses:625815  Hit Ratio: 79.61%
3CACHE: dirty items replaced:193321
ITLB: size: 48, misses 318036, miss rate 0.14%
DTLB: size: 128, misses 743177, miss rate 0.34%
Avg mem delay: 3.459 cycles
----------------------------------------
==== Statistics for Master ID: 3 ====
Reads: 580929873   Writes: 20592989
ICACHE: size: 64 KB assoc: 2
ICACHE: hits:283483782 misses:252007  Hit Ratio: 99.91%
DCACHE: size: 32 KB assoc: 8
DCACHE: hits:309211693 misses:8575380 writebacks:8574830  Hit Ratio: 97.30%
SCACHE: size: 512 KB assoc: 2
SCACHE: hits:905790 misses:7921596  Hit Ratio: 10.26%
3CACHE: size: 4096 KB assoc: 2
3CACHE: hits:2402137 misses:5519459  Hit Ratio: 30.32%
3CACHE: dirty items replaced:1253237
ITLB: size: 48, misses 3273, miss rate 0.00%
DTLB: size: 128, misses 168042, miss rate 0.05%
Avg mem delay: 3.459 cycles
----------------------------------------
==== Global Resource Utilization ====
STASH: size: 65536 entries, full 2995940733, empty 139507073, misses 12777105, full rate 95.16
icache bank util. 0.107 0.109 0.110 0.114 0.128 0.119 0.110 0.104 
dcache bank util. 0.111 0.119 0.117 0.105 0.131 0.131 0.124 0.123 
L2 bank util. 0.032 0.038 0.035 0.034 0.035 0.036 0.032 0.035 
L1-L2 bus util. = 0.152, L3 util. = 0.073
----------------------------------------
branch prediction, hits = 105020667, misses = 20776415, hit rate = 83.48%
return_stack prediction, hits = 15921131, misses = 5763, hit rate = 99.96%
jump prediction, hits = 92955759, misses = 36408584, hit rate = 71.86%

**** Early Exiting at 963893028 Cycles *****
========================================
 SMTSIM Global Statistics
========================================
Threads: 4		Fetch Width: 8
No of useful instructions fetched:	2000000096 (25.94% proc util.)
No of total instructions fetched:	2569839417 (33.33% proc util.)
 includes 133253403 misfetch (5.2%), 436585918 (17.0%) wrong-path fetches
 and 0 flushed after failed lock(0.0%)
No of useful instructions issued/executed:	2000000076 (25.94% proc util.)
No of total instructions issued/executed:	2225736511 (28.86% proc util.)
 includes 225736435 wrong-path (10.1%) insts and 0 flushed (0.0%)
	fp 363895782, 16.35%
	synch 0, 0.00%
	integer 1035160602, 46.51%
	load/store 826680127, 37.14%
Avg size of int IQ (before scheduling): 10.40
Avg size of fp IQ (before scheduling): 8.47
No of cycles taken:		963893028
Parallelism [ 0.665, 0.000, 0.520, 0.889,] = 2.075
 IQ conflicts: 11570492 (1.20%), FQ conflicts: 12635882 (1.31%) 
 I reg conflicts: 84319125 (8.75%), FP reg conflicts: 414714005 (43.02%)
  Activelist confs: 2195 (0.00%), ROB confs: 848489 (0.09%)
  Int unit conflicts: 233755096 (24.25%), FP unit conflicts: 4411760 (0.46%)
  Load/store unit conflicts: 155415043 (16.12%)
  MSHR conflicts: 429494103 (44.56%)
----------------------------------------
==== System-wide Cache Statistics ====
Stall for miss queue full 0 cycles (0.00%)
----------------------------------------
==== Statistics for Master ID: 0 ====
Reads: 464178743   Writes: 52808489
ICACHE: size: 64 KB assoc: 2
ICACHE: hits:260429325 misses:7284999  Hit Ratio: 97.28%
DCACHE: size: 32 KB assoc: 8
DCACHE: hits:246411764 misses:2861144 writebacks:2855205  Hit Ratio: 98.85%
SCACHE: size: 512 KB assoc: 2
SCACHE: hits:8210343 misses:1935800  Hit Ratio: 80.92%
3CACHE: size: 4096 KB assoc: 2
3CACHE: hits:1437742 misses:498058  Hit Ratio: 74.27%
3CACHE: dirty items replaced:137969
ITLB: size: 48, misses 89234, miss rate 0.03%
DTLB: size: 128, misses 1357473, miss rate 0.54%
Avg mem delay: 3.456 cycles
----------------------------------------
==== Statistics for Master ID: 2 ====
Reads: 419249622   Writes: 72476082
ICACHE: size: 64 KB assoc: 2
ICACHE: hits:245097197 misses:7439978  Hit Ratio: 97.05%
DCACHE: size: 32 KB assoc: 8
DCACHE: hits:234561370 misses:4627159 writebacks:4626360  Hit Ratio: 98.07%
SCACHE: size: 512 KB assoc: 2
SCACHE: hits:8779756 misses:3287381  Hit Ratio: 72.76%
3CACHE: size: 4096 KB assoc: 2
3CACHE: hits:2576570 misses:710811  Hit Ratio: 78.38%
3CACHE: dirty items replaced:232155
ITLB: size: 48, misses 319427, miss rate 0.13%
DTLB: size: 128, misses 778660, miss rate 0.33%
Avg mem delay: 3.456 cycles
----------------------------------------
==== Statistics for Master ID: 3 ====
Reads: 616835846   Writes: 22233965
ICACHE: size: 64 KB assoc: 2
ICACHE: hits:301435110 misses:260507  Hit Ratio: 99.91%
DCACHE: size: 32 KB assoc: 8
DCACHE: hits:328243202 misses:9130992 writebacks:9130442  Hit Ratio: 97.29%
SCACHE: size: 512 KB assoc: 2
SCACHE: hits:947835 misses:8443664  Hit Ratio: 10.09%
3CACHE: size: 4096 KB assoc: 2
3CACHE: hits:2523026 misses:5920638  Hit Ratio: 29.88%
3CACHE: dirty items replaced:1424987
ITLB: size: 48, misses 3275, miss rate 0.00%
DTLB: size: 128, misses 180944, miss rate 0.05%
Avg mem delay: 3.456 cycles
----------------------------------------
==== Global Resource Utilization ====
STASH: size: 65536 entries, full 3195466752, empty 146428169, misses 13412438, full rate 95.24
icache bank util. 0.106 0.111 0.109 0.113 0.126 0.118 0.110 0.106 
dcache bank util. 0.114 0.119 0.116 0.104 0.130 0.132 0.123 0.122 
L2 bank util. 0.032 0.038 0.034 0.033 0.034 0.035 0.032 0.034 
L1-L2 bus util. = 0.150, L3 util. = 0.074
----------------------------------------
branch prediction, hits = 115323654, misses = 21641752, hit rate = 84.20%
return_stack prediction, hits = 16880384, misses = 5854, hit rate = 99.97%
jump prediction, hits = 101940820, misses = 37753592, hit rate = 72.97%
total IPC 2.075

=== Results saved to: ./results/crafty_2_gcc-integrate_1_mgrid_1.txt ===
