测试组合（多线程优先）：gzip-program.arg2 + equake.arg + gcc-scilab.arg
执行命令：./smtsim gzip-program.arg2 equake.arg gcc-scilab.arg
==================================================

equake: Reading nodes.
SMTCache
Process 0, Thread 0: gzip-program
Process 0, Thread 1: gzip-program
Process 2, Thread 2: equake
Process 3, Thread 3: gcc-scilab

**** Debug Statistics at 1000000 Cycles *****
Threads: 4		Fetch Width: 8
No of useful instructions fetched:	2530907 (31.64% proc util.)
No of total instructions fetched:	3062479 (38.28% proc util.)
 includes 30130 misfetch (1.0%), 501442 (16.4%) wrong-path fetches
 and 0 flushed after failed lock(0.0%)
No of useful instructions issued/executed:	2530894 (31.64% proc util.)
No of total instructions issued/executed:	2717120 (33.96% proc util.)
 includes 186226 wrong-path (6.9%) insts and 0 flushed (0.0%)
	fp 224, 0.01%
	synch 0, 0.00%
	integer 1782948, 65.62%
	load/store 933948, 34.37%
Avg size of int IQ (before scheduling): 14.12
Avg size of fp IQ (before scheduling): 0.01
No of cycles taken:		1000000
Parallelism [ 1.001, 0.000, 0.949, 0.580,] = 2.531
 IQ conflicts: 9644 (0.96%), FQ conflicts: 0 (0.00%) 
 I reg conflicts: 507991 (50.80%), FP reg conflicts: 0 (0.00%)
  Activelist confs: 0 (0.00%), ROB confs: 2514 (0.25%)
  Int unit conflicts: 1683912 (168.39%), FP unit conflicts: 2 (0.00%)
  Load/store unit conflicts: 207799 (20.78%)
  MSHR conflicts: 265814 (26.58%)
----------------------------------------
==== System-wide Cache Statistics ====
Stall for miss queue full 0 cycles (0.00%)
----------------------------------------
==== Statistics for Master ID: 0 ====
Reads: 585256   Writes: 132580
ICACHE: size: 64 KB assoc: 2
ICACHE: hits:349817 misses:58  Hit Ratio: 99.98%
DCACHE: size: 32 KB assoc: 8
DCACHE: hits:366867 misses:1094 writebacks:269  Hit Ratio: 99.70%
SCACHE: size: 512 KB assoc: 2
SCACHE: hits:181 misses:971  Hit Ratio: 15.71%
3CACHE: size: 4096 KB assoc: 2
3CACHE: hits:46 misses:925  Hit Ratio: 4.74%
3CACHE: dirty items replaced:0
ITLB: size: 48, misses 7, miss rate 0.00%
DTLB: size: 128, misses 36, miss rate 0.01%
Avg mem delay: 1.198 cycles
----------------------------------------
==== Statistics for Master ID: 2 ====
Reads: 527339   Writes: 147737
ICACHE: size: 64 KB assoc: 2
ICACHE: hits:323917 misses:632  Hit Ratio: 99.81%
DCACHE: size: 32 KB assoc: 8
DCACHE: hits:344650 misses:5877 writebacks:5281  Hit Ratio: 98.32%
SCACHE: size: 512 KB assoc: 2
SCACHE: hits:288 misses:6221  Hit Ratio: 4.42%
3CACHE: size: 4096 KB assoc: 2
3CACHE: hits:35 misses:6186  Hit Ratio: 0.56%
3CACHE: dirty items replaced:0
ITLB: size: 48, misses 38, miss rate 0.01%
DTLB: size: 128, misses 126, miss rate 0.04%
Avg mem delay: 1.198 cycles
----------------------------------------
==== Statistics for Master ID: 3 ====
Reads: 353190   Writes: 86784
ICACHE: size: 64 KB assoc: 2
ICACHE: hits:225295 misses:1969  Hit Ratio: 99.13%
DCACHE: size: 32 KB assoc: 8
DCACHE: hits:209795 misses:2915 writebacks:2127  Hit Ratio: 98.63%
SCACHE: size: 512 KB assoc: 2
SCACHE: hits:516 misses:4368  Hit Ratio: 10.57%
3CACHE: size: 4096 KB assoc: 2
3CACHE: hits:149 misses:4219  Hit Ratio: 3.41%
3CACHE: dirty items replaced:0
ITLB: size: 48, misses 120, miss rate 0.05%
DTLB: size: 128, misses 163, miss rate 0.08%
Avg mem delay: 1.198 cycles
----------------------------------------
==== Global Resource Utilization ====
STASH: size: 65536 entries, full 503338410, empty 52802, misses 4904, full rate 99.99
icache bank util. 0.097 0.080 0.054 0.125 0.152 0.165 0.140 0.097 
dcache bank util. 0.072 0.064 0.150 0.150 0.286 0.077 0.114 0.072 
L2 bank util. 0.017 0.017 0.016 0.016 0.016 0.016 0.016 0.017 
L1-L2 bus util. = 0.061, L3 util. = 0.113
----------------------------------------
branch prediction, hits = 204715, misses = 24566, hit rate = 89.29%
return_stack prediction, hits = 41961, misses = 15, hit rate = 99.96%
jump prediction, hits = 284817, misses = 9342, hit rate = 96.82%
 dgelq2_ dgelqf_
**** Debug Statistics at 101000000 Cycles *****
Threads: 4		Fetch Width: 8
No of useful instructions fetched:	425288036 (52.63% proc util.)
No of total instructions fetched:	608316746 (75.29% proc util.)
 includes 40976592 misfetch (6.7%), 142052118 (23.4%) wrong-path fetches
 and 0 flushed after failed lock(0.0%)
No of useful instructions issued/executed:	425288025 (52.63% proc util.)
No of total instructions issued/executed:	487976593 (60.39% proc util.)
 includes 62688568 wrong-path (12.8%) insts and 0 flushed (0.0%)
	fp 382667, 0.08%
	synch 0, 0.00%
	integer 335463543, 68.75%
	load/store 152130383, 31.18%
Avg size of int IQ (before scheduling): 23.16
Avg size of fp IQ (before scheduling): 0.02
No of cycles taken:		101000000
Parallelism [ 1.603, 0.000, 1.611, 0.996,] = 4.211
 IQ conflicts: 641828 (0.64%), FQ conflicts: 0 (0.00%) 
 I reg conflicts: 6553833 (6.49%), FP reg conflicts: 0 (0.00%)
  Activelist confs: 301 (0.00%), ROB confs: 39440 (0.04%)
  Int unit conflicts: 216240326 (214.10%), FP unit conflicts: 8 (0.00%)
  Load/store unit conflicts: 23595775 (23.36%)
  MSHR conflicts: 14113303 (13.97%)
----------------------------------------
==== System-wide Cache Statistics ====
Stall for miss queue full 0 cycles (0.00%)
----------------------------------------
==== Statistics for Master ID: 0 ====
Reads: 96703621   Writes: 12475828
ICACHE: size: 64 KB assoc: 2
ICACHE: hits:61598093 misses:36335  Hit Ratio: 99.94%
DCACHE: size: 32 KB assoc: 8
DCACHE: hits:46573941 misses:971080 writebacks:969923  Hit Ratio: 97.96%
SCACHE: size: 512 KB assoc: 2
SCACHE: hits:885946 misses:121469  Hit Ratio: 87.94%
3CACHE: size: 4096 KB assoc: 2
3CACHE: hits:91934 misses:29535  Hit Ratio: 75.69%
3CACHE: dirty items replaced:866
ITLB: size: 48, misses 447, miss rate 0.00%
DTLB: size: 128, misses 14427, miss rate 0.03%
Avg mem delay: 0.913 cycles
----------------------------------------
==== Statistics for Master ID: 2 ====
Reads: 105566760   Writes: 17141425
ICACHE: size: 64 KB assoc: 2
ICACHE: hits:66643219 misses:567647  Hit Ratio: 99.16%
DCACHE: size: 32 KB assoc: 8
DCACHE: hits:55462586 misses:34733 writebacks:34129  Hit Ratio: 99.94%
SCACHE: size: 512 KB assoc: 2
SCACHE: hits:545636 misses:56744  Hit Ratio: 90.58%
3CACHE: size: 4096 KB assoc: 2
3CACHE: hits:24782 misses:31962  Hit Ratio: 43.67%
3CACHE: dirty items replaced:777
ITLB: size: 48, misses 766, miss rate 0.00%
DTLB: size: 128, misses 3236, miss rate 0.01%
Avg mem delay: 0.913 cycles
----------------------------------------
==== Statistics for Master ID: 3 ====
Reads: 86575336   Writes: 13550908
ICACHE: size: 64 KB assoc: 2
ICACHE: hits:50068116 misses:1219220  Hit Ratio: 97.62%
DCACHE: size: 32 KB assoc: 8
DCACHE: hits:48297682 misses:541226 writebacks:540425  Hit Ratio: 98.89%
SCACHE: size: 512 KB assoc: 2
SCACHE: hits:1510209 misses:250237  Hit Ratio: 85.79%
3CACHE: size: 4096 KB assoc: 2
3CACHE: hits:190469 misses:59768  Hit Ratio: 76.12%
3CACHE: dirty items replaced:4581
ITLB: size: 48, misses 70091, miss rate 0.14%
DTLB: size: 128, misses 54344, miss rate 0.11%
Avg mem delay: 0.913 cycles
----------------------------------------
==== Global Resource Utilization ====
STASH: size: 65536 entries, full 1170098083, empty 10754888, misses 933171, full rate 99.01
icache bank util. 0.241 0.210 0.201 0.205 0.238 0.266 0.234 0.242 
dcache bank util. 0.135 0.234 0.257 0.232 0.220 0.124 0.240 0.153 
L2 bank util. 0.028 0.032 0.032 0.029 0.027 0.025 0.026 0.031 
L1-L2 bus util. = 0.146, L3 util. = 0.012
----------------------------------------
branch prediction, hits = 39778259, misses = 6431417, hit rate = 86.08%
return_stack prediction, hits = 7393891, misses = 1034, hit rate = 99.99%
jump prediction, hits = 37529042, misses = 10306089, hit rate = 78.45%
 dgels_equake: Reading elements.

**** Debug Statistics at 201000000 Cycles *****
Threads: 4		Fetch Width: 8
No of useful instructions fetched:	823645082 (51.22% proc util.)
No of total instructions fetched:	1172190332 (72.90% proc util.)
 includes 76956202 misfetch (6.6%), 271589048 (23.2%) wrong-path fetches
 and 0 flushed after failed lock(0.0%)
No of useful instructions issued/executed:	823645039 (51.22% proc util.)
No of total instructions issued/executed:	944278344 (58.72% proc util.)
 includes 120633305 wrong-path (12.8%) insts and 0 flushed (0.0%)
	fp 624568, 0.07%
	synch 0, 0.00%
	integer 647075213, 68.53%
	load/store 296578563, 31.41%
Avg size of int IQ (before scheduling): 22.78
Avg size of fp IQ (before scheduling): 0.01
No of cycles taken:		201000000
Parallelism [ 1.541, 0.000, 1.598, 0.959,] = 4.098
 IQ conflicts: 1327002 (0.66%), FQ conflicts: 0 (0.00%) 
 I reg conflicts: 19024959 (9.47%), FP reg conflicts: 0 (0.00%)
  Activelist confs: 353 (0.00%), ROB confs: 71666 (0.04%)
  Int unit conflicts: 415094879 (206.51%), FP unit conflicts: 10 (0.00%)
  Load/store unit conflicts: 47699786 (23.73%)
  MSHR conflicts: 29347506 (14.60%)
----------------------------------------
==== System-wide Cache Statistics ====
Stall for miss queue full 0 cycles (0.00%)
----------------------------------------
==== Statistics for Master ID: 0 ====
Reads: 184185503   Writes: 23567452
ICACHE: size: 64 KB assoc: 2
ICACHE: hits:117316835 misses:73824  Hit Ratio: 99.94%
DCACHE: size: 32 KB assoc: 8
DCACHE: hits:88533689 misses:1828607 writebacks:1827450  Hit Ratio: 97.98%
SCACHE: size: 512 KB assoc: 2
SCACHE: hits:1637549 misses:264882  Hit Ratio: 86.08%
3CACHE: size: 4096 KB assoc: 2
3CACHE: hits:206141 misses:58741  Hit Ratio: 77.82%
3CACHE: dirty items replaced:5548
ITLB: size: 48, misses 860, miss rate 0.00%
DTLB: size: 128, misses 34375, miss rate 0.04%
Avg mem delay: 0.975 cycles
----------------------------------------
==== Statistics for Master ID: 2 ====
Reads: 204219336   Writes: 34521888
ICACHE: size: 64 KB assoc: 2
ICACHE: hits:128291689 misses:1055146  Hit Ratio: 99.18%
DCACHE: size: 32 KB assoc: 8
DCACHE: hits:109248088 misses:146301 writebacks:145697  Hit Ratio: 99.87%
SCACHE: size: 512 KB assoc: 2
SCACHE: hits:1015669 misses:185778  Hit Ratio: 84.54%
3CACHE: size: 4096 KB assoc: 2
3CACHE: hits:44798 misses:140980  Hit Ratio: 24.11%
3CACHE: dirty items replaced:22195
ITLB: size: 48, misses 1150, miss rate 0.00%
DTLB: size: 128, misses 7271, miss rate 0.01%
Avg mem delay: 0.975 cycles
----------------------------------------
==== Statistics for Master ID: 3 ====
Reads: 169766202   Writes: 27340103
ICACHE: size: 64 KB assoc: 2
ICACHE: hits:98516462 misses:2311463  Hit Ratio: 97.71%
DCACHE: size: 32 KB assoc: 8
DCACHE: hits:94891222 misses:1387158 writebacks:1386357  Hit Ratio: 98.56%
SCACHE: size: 512 KB assoc: 2
SCACHE: hits:3104770 misses:593851  Hit Ratio: 83.94%
3CACHE: size: 4096 KB assoc: 2
3CACHE: hits:479149 misses:114702  Hit Ratio: 80.69%
3CACHE: dirty items replaced:18622
ITLB: size: 48, misses 105099, miss rate 0.10%
DTLB: size: 128, misses 125694, miss rate 0.13%
Avg mem delay: 0.975 cycles
----------------------------------------
==== Global Resource Utilization ====
STASH: size: 65536 entries, full 1789520345, empty 21288611, misses 1863798, full rate 98.72
icache bank util. 0.236 0.203 0.192 0.199 0.235 0.259 0.227 0.229 
dcache bank util. 0.131 0.221 0.246 0.231 0.232 0.129 0.230 0.153 
L2 bank util. 0.029 0.034 0.033 0.031 0.028 0.026 0.027 0.032 
L1-L2 bus util. = 0.152, L3 util. = 0.016
----------------------------------------
branch prediction, hits = 77892198, misses = 12329094, hit rate = 86.33%
return_stack prediction, hits = 14582170, misses = 2226, hit rate = 99.98%
jump prediction, hits = 74351916, misses = 19494555, hit rate = 79.23%

**** Debug Statistics at 301000000 Cycles *****
Threads: 4		Fetch Width: 8
No of useful instructions fetched:	1288907655 (53.53% proc util.)
No of total instructions fetched:	1777406499 (73.81% proc util.)
 includes 103997095 misfetch (5.9%), 384501749 (21.6%) wrong-path fetches
 and 0 flushed after failed lock(0.0%)
No of useful instructions issued/executed:	1288907583 (53.53% proc util.)
No of total instructions issued/executed:	1457621508 (60.53% proc util.)
 includes 168713925 wrong-path (11.6%) insts and 0 flushed (0.0%)
	fp 740518, 0.05%
	synch 0, 0.00%
	integer 1002803515, 68.80%
	load/store 454077475, 31.15%
Avg size of int IQ (before scheduling): 24.12
Avg size of fp IQ (before scheduling): 0.01
No of cycles taken:		301000000
Parallelism [ 1.572, 0.000, 1.673, 1.037,] = 4.282
 IQ conflicts: 2216692 (0.74%), FQ conflicts: 0 (0.00%) 
 I reg conflicts: 25055356 (8.32%), FP reg conflicts: 0 (0.00%)
  Activelist confs: 700 (0.00%), ROB confs: 142518 (0.05%)
  Int unit conflicts: 744445671 (247.32%), FP unit conflicts: 10 (0.00%)
  Load/store unit conflicts: 77156679 (25.63%)
  MSHR conflicts: 52575166 (17.47%)
----------------------------------------
==== System-wide Cache Statistics ====
Stall for miss queue full 0 cycles (0.00%)
----------------------------------------
==== Statistics for Master ID: 0 ====
Reads: 276719184   Writes: 35343662
ICACHE: size: 64 KB assoc: 2
ICACHE: hits:175941097 misses:100838  Hit Ratio: 99.94%
DCACHE: size: 32 KB assoc: 8
DCACHE: hits:133428200 misses:2592711 writebacks:2591554  Hit Ratio: 98.09%
SCACHE: size: 512 KB assoc: 2
SCACHE: hits:2313842 misses:379707  Hit Ratio: 85.90%
3CACHE: size: 4096 KB assoc: 2
3CACHE: hits:292311 misses:87396  Hit Ratio: 76.98%
3CACHE: dirty items replaced:13459
ITLB: size: 48, misses 1233, miss rate 0.00%
DTLB: size: 128, misses 47959, miss rate 0.04%
Avg mem delay: 0.954 cycles
----------------------------------------
==== Statistics for Master ID: 2 ====
Reads: 313607014   Writes: 53676199
ICACHE: size: 64 KB assoc: 2
ICACHE: hits:196562192 misses:1410192  Hit Ratio: 99.29%
DCACHE: size: 32 KB assoc: 8
DCACHE: hits:169150138 misses:160691 writebacks:160087  Hit Ratio: 99.91%
SCACHE: size: 512 KB assoc: 2
SCACHE: hits:1363928 misses:206955  Hit Ratio: 86.83%
3CACHE: size: 4096 KB assoc: 2
3CACHE: hits:51517 misses:155438  Hit Ratio: 24.89%
3CACHE: dirty items replaced:25545
ITLB: size: 48, misses 1522, miss rate 0.00%
DTLB: size: 128, misses 8543, miss rate 0.01%
Avg mem delay: 0.954 cycles
----------------------------------------
==== Statistics for Master ID: 3 ====
Reads: 260825862   Writes: 41920833
ICACHE: size: 64 KB assoc: 2
ICACHE: hits:151687559 misses:3002015  Hit Ratio: 98.06%
DCACHE: size: 32 KB assoc: 8
DCACHE: hits:146001891 misses:2055230 writebacks:2054429  Hit Ratio: 98.61%
SCACHE: size: 512 KB assoc: 2
SCACHE: hits:4192662 misses:864583  Hit Ratio: 82.90%
3CACHE: size: 4096 KB assoc: 2
3CACHE: hits:714044 misses:150539  Hit Ratio: 82.59%
3CACHE: dirty items replaced:30683
ITLB: size: 48, misses 170296, miss rate 0.11%
DTLB: size: 128, misses 178499, miss rate 0.12%
Avg mem delay: 0.954 cycles
----------------------------------------
==== Global Resource Utilization ====
STASH: size: 65536 entries, full 2456608477, empty 28891574, misses 2524184, full rate 98.74
icache bank util. 0.241 0.210 0.201 0.203 0.232 0.258 0.226 0.231 
dcache bank util. 0.135 0.221 0.251 0.231 0.230 0.135 0.241 0.158 
L2 bank util. 0.028 0.031 0.030 0.028 0.026 0.025 0.024 0.030 
L1-L2 bus util. = 0.141, L3 util. = 0.013
----------------------------------------
branch prediction, hits = 125635741, misses = 17200164, hit rate = 87.96%
return_stack prediction, hits = 23033411, misses = 2839, hit rate = 99.99%
jump prediction, hits = 121599482, misses = 26335111, hit rate = 82.20%
 dgemm_ dgemv_
**** Debug Statistics at 401000000 Cycles *****
Threads: 4		Fetch Width: 8
No of useful instructions fetched:	1741952023 (54.30% proc util.)
No of total instructions fetched:	2380303741 (74.20% proc util.)
 includes 135466224 misfetch (5.7%), 502885494 (21.1%) wrong-path fetches
 and 0 flushed after failed lock(0.0%)
No of useful instructions issued/executed:	1741952001 (54.30% proc util.)
No of total instructions issued/executed:	1963016045 (61.19% proc util.)
 includes 221064044 wrong-path (11.3%) insts and 0 flushed (0.0%)
	fp 845650, 0.04%
	synch 0, 0.00%
	integer 1349870088, 68.77%
	load/store 612300307, 31.19%
Avg size of int IQ (before scheduling): 24.39
Avg size of fp IQ (before scheduling): 0.01
No of cycles taken:		401000000
Parallelism [ 1.585, 0.000, 1.716, 1.043,] = 4.344
 IQ conflicts: 2834535 (0.71%), FQ conflicts: 0 (0.00%) 
 I reg conflicts: 30931521 (7.71%), FP reg conflicts: 0 (0.00%)
  Activelist confs: 883 (0.00%), ROB confs: 241101 (0.06%)
  Int unit conflicts: 1023138849 (255.15%), FP unit conflicts: 10 (0.00%)
  Load/store unit conflicts: 105489795 (26.31%)
  MSHR conflicts: 69789134 (17.40%)
----------------------------------------
==== System-wide Cache Statistics ====
Stall for miss queue full 0 cycles (0.00%)
----------------------------------------
==== Statistics for Master ID: 0 ====
Reads: 371832090   Writes: 48196425
ICACHE: size: 64 KB assoc: 2
ICACHE: hits:236240510 misses:131128  Hit Ratio: 99.94%
DCACHE: size: 32 KB assoc: 8
DCACHE: hits:180093318 misses:3563559 writebacks:3562402  Hit Ratio: 98.06%
SCACHE: size: 512 KB assoc: 2
SCACHE: hits:3185730 misses:508956  Hit Ratio: 86.22%
3CACHE: size: 4096 KB assoc: 2
3CACHE: hits:393050 misses:115906  Hit Ratio: 77.23%
3CACHE: dirty items replaced:23794
ITLB: size: 48, misses 1700, miss rate 0.00%
DTLB: size: 128, misses 61358, miss rate 0.03%
Avg mem delay: 0.949 cycles
----------------------------------------
==== Statistics for Master ID: 2 ====
Reads: 424036541   Writes: 73034357
ICACHE: size: 64 KB assoc: 2
ICACHE: hits:265353701 misses:1803482  Hit Ratio: 99.32%
DCACHE: size: 32 KB assoc: 8
DCACHE: hits:229738512 misses:175203 writebacks:174599  Hit Ratio: 99.92%
SCACHE: size: 512 KB assoc: 2
SCACHE: hits:1748318 misses:230367  Hit Ratio: 88.36%
3CACHE: size: 4096 KB assoc: 2
3CACHE: hits:59658 misses:170709  Hit Ratio: 25.90%
3CACHE: dirty items replaced:32350
ITLB: size: 48, misses 1781, miss rate 0.00%
DTLB: size: 128, misses 10191, miss rate 0.00%
Avg mem delay: 0.949 cycles
----------------------------------------
==== Statistics for Master ID: 3 ====
Reads: 347268957   Writes: 56519400
ICACHE: size: 64 KB assoc: 2
ICACHE: hits:201947453 misses:3964181  Hit Ratio: 98.07%
DCACHE: size: 32 KB assoc: 8
DCACHE: hits:195116254 misses:2760469 writebacks:2759668  Hit Ratio: 98.60%
SCACHE: size: 512 KB assoc: 2
SCACHE: hits:5583200 misses:1141450  Hit Ratio: 83.03%
3CACHE: size: 4096 KB assoc: 2
3CACHE: hits:942508 misses:198942  Hit Ratio: 82.57%
3CACHE: dirty items replaced:52803
ITLB: size: 48, misses 245995, miss rate 0.12%
DTLB: size: 128, misses 236340, miss rate 0.12%
Avg mem delay: 0.949 cycles
----------------------------------------
==== Global Resource Utilization ====
STASH: size: 65536 entries, full 3120269574, empty 39817405, misses 3471843, full rate 98.63
icache bank util. 0.245 0.213 0.204 0.205 0.231 0.256 0.226 0.232 
dcache bank util. 0.135 0.223 0.259 0.233 0.233 0.136 0.244 0.159 
L2 bank util. 0.028 0.031 0.030 0.028 0.026 0.024 0.024 0.030 
L1-L2 bus util. = 0.141, L3 util. = 0.012
----------------------------------------
branch prediction, hits = 170862873, misses = 22274465, hit rate = 88.47%
return_stack prediction, hits = 31732353, misses = 5194, hit rate = 99.98%
jump prediction, hits = 166473292, misses = 34251824, hit rate = 82.94%
 dgeqr2_ dgeqrf_
**** Early Exiting at 459000075 Cycles *****
========================================
 SMTSIM Global Statistics
========================================
Threads: 4		Fetch Width: 8
No of useful instructions fetched:	2000000057 (54.47% proc util.)
No of total instructions fetched:	2728762977 (74.31% proc util.)
 includes 154982180 misfetch (5.7%), 573780740 (21.0%) wrong-path fetches
 and 0 flushed after failed lock(0.0%)
No of useful instructions issued/executed:	2000000026 (54.47% proc util.)
No of total instructions issued/executed:	2252179253 (61.33% proc util.)
 includes 252179227 wrong-path (11.2%) insts and 0 flushed (0.0%)
	fp 905639, 0.04%
	synch 0, 0.00%
	integer 1548315058, 68.75%
	load/store 702958556, 31.21%
Avg size of int IQ (before scheduling): 24.37
Avg size of fp IQ (before scheduling): 0.01
No of cycles taken:		459000075
Parallelism [ 1.586, 0.000, 1.726, 1.045,] = 4.357
 IQ conflicts: 3123920 (0.68%), FQ conflicts: 0 (0.00%) 
 I reg conflicts: 34732349 (7.57%), FP reg conflicts: 0 (0.00%)
  Activelist confs: 965 (0.00%), ROB confs: 258726 (0.06%)
  Int unit conflicts: 1172306482 (255.40%), FP unit conflicts: 10 (0.00%)
  Load/store unit conflicts: 120788948 (26.32%)
  MSHR conflicts: 76991793 (16.77%)
----------------------------------------
==== System-wide Cache Statistics ====
Stall for miss queue full 0 cycles (0.00%)
----------------------------------------
==== Statistics for Master ID: 0 ====
Reads: 425583124   Writes: 55121386
ICACHE: size: 64 KB assoc: 2
ICACHE: hits:270351622 misses:152707  Hit Ratio: 99.94%
DCACHE: size: 32 KB assoc: 8
DCACHE: hits:206122542 misses:4077639 writebacks:4076482  Hit Ratio: 98.06%
SCACHE: size: 512 KB assoc: 2
SCACHE: hits:3654349 misses:575997  Hit Ratio: 86.38%
3CACHE: size: 4096 KB assoc: 2
3CACHE: hits:438970 misses:137027  Hit Ratio: 76.21%
3CACHE: dirty items replaced:34175
ITLB: size: 48, misses 1949, miss rate 0.00%
DTLB: size: 128, misses 69542, miss rate 0.03%
Avg mem delay: 0.944 cycles
----------------------------------------
==== Statistics for Master ID: 2 ====
Reads: 486570237   Writes: 83845546
ICACHE: size: 64 KB assoc: 2
ICACHE: hits:304407852 misses:2054381  Hit Ratio: 99.33%
DCACHE: size: 32 KB assoc: 8
DCACHE: hits:263770398 misses:183152 writebacks:182548  Hit Ratio: 99.93%
SCACHE: size: 512 KB assoc: 2
SCACHE: hits:1993881 misses:243652  Hit Ratio: 89.11%
3CACHE: size: 4096 KB assoc: 2
3CACHE: hits:64192 misses:179460  Hit Ratio: 26.35%
3CACHE: dirty items replaced:36572
ITLB: size: 48, misses 1902, miss rate 0.00%
DTLB: size: 128, misses 11103, miss rate 0.00%
Avg mem delay: 0.944 cycles
----------------------------------------
==== Statistics for Master ID: 3 ====
Reads: 399784400   Writes: 64881936
ICACHE: size: 64 KB assoc: 2
ICACHE: hits:232307828 misses:4539023  Hit Ratio: 98.08%
DCACHE: size: 32 KB assoc: 8
DCACHE: hits:224715285 misses:3104200 writebacks:3103399  Hit Ratio: 98.64%
SCACHE: size: 512 KB assoc: 2
SCACHE: hits:6357445 misses:1285778  Hit Ratio: 83.18%
3CACHE: size: 4096 KB assoc: 2
3CACHE: hits:1054435 misses:231343  Hit Ratio: 82.01%
3CACHE: dirty items replaced:70076
ITLB: size: 48, misses 272313, miss rate 0.11%
DTLB: size: 128, misses 268304, miss rate 0.12%
Avg mem delay: 0.944 cycles
----------------------------------------
==== Global Resource Utilization ====
STASH: size: 65536 entries, full 3503810881, empty 46119164, misses 4023684, full rate 98.59
icache bank util. 0.247 0.215 0.206 0.206 0.231 0.255 0.227 0.231 
dcache bank util. 0.134 0.223 0.261 0.233 0.232 0.136 0.246 0.162 
L2 bank util. 0.028 0.031 0.030 0.028 0.025 0.024 0.024 0.030 
L1-L2 bus util. = 0.140, L3 util. = 0.012
----------------------------------------
branch prediction, hits = 196749527, misses = 25399941, hit rate = 88.57%
return_stack prediction, hits = 36702304, misses = 6107, hit rate = 99.98%
jump prediction, hits = 191668537, misses = 39229045, hit rate = 83.01%
total IPC 4.357

=== Results saved to: ./results/gzip-program_2_equake_1_gcc-scilab_1.txt ===
