测试组合（多线程优先）：mgrid.arg2 + gcc-166.arg + gzip-source.arg
执行命令：./smtsim mgrid.arg2 gcc-166.arg gzip-source.arg
==================================================

SMTCache
Process 0, Thread 0: mgrid
Process 0, Thread 1: mgrid
Process 2, Thread 2: gcc-166
Process 3, Thread 3: gzip-source

**** Debug Statistics at 1000000 Cycles *****
Threads: 4		Fetch Width: 8
No of useful instructions fetched:	850356 (10.63% proc util.)
No of total instructions fetched:	955449 (11.94% proc util.)
 includes 13131 misfetch (1.4%), 91962 (9.6%) wrong-path fetches
 and 0 flushed after failed lock(0.0%)
No of useful instructions issued/executed:	850295 (10.63% proc util.)
No of total instructions issued/executed:	895123 (11.19% proc util.)
 includes 44828 wrong-path (5.0%) insts and 0 flushed (0.0%)
	fp 191284, 21.37%
	synch 0, 0.00%
	integer 371782, 41.53%
	load/store 332057, 37.10%
Avg size of int IQ (before scheduling): 28.44
Avg size of fp IQ (before scheduling): 10.15
No of cycles taken:		1000000
Parallelism [ 0.452, 0.000, 0.276, 0.122,] = 0.850
 IQ conflicts: 47555 (4.76%), FQ conflicts: 0 (0.00%) 
 I reg conflicts: 218600 (21.86%), FP reg conflicts: 562140 (56.21%)
  Activelist confs: 0 (0.00%), ROB confs: 0 (0.00%)
  Int unit conflicts: 34961 (3.50%), FP unit conflicts: 642 (0.06%)
  Load/store unit conflicts: 123889 (12.39%)
  MSHR conflicts: 4621083 (462.11%)
----------------------------------------
==== System-wide Cache Statistics ====
Stall for miss queue full 0 cycles (0.00%)
----------------------------------------
==== Statistics for Master ID: 0 ====
Reads: 317743   Writes: 6163
ICACHE: size: 64 KB assoc: 2
ICACHE: hits:144479 misses:40  Hit Ratio: 99.97%
DCACHE: size: 32 KB assoc: 8
DCACHE: hits:175370 misses:4017 writebacks:2335  Hit Ratio: 97.76%
SCACHE: size: 512 KB assoc: 2
SCACHE: hits:12 misses:4045  Hit Ratio: 0.30%
3CACHE: size: 4096 KB assoc: 2
3CACHE: hits:3 misses:4042  Hit Ratio: 0.07%
3CACHE: dirty items replaced:0
ITLB: size: 48, misses 2, miss rate 0.00%
DTLB: size: 128, misses 96, miss rate 0.05%
Avg mem delay: 33.958 cycles
----------------------------------------
==== Statistics for Master ID: 2 ====
Reads: 170217   Writes: 35834
ICACHE: size: 64 KB assoc: 2
ICACHE: hits:110809 misses:1205  Hit Ratio: 98.92%
DCACHE: size: 32 KB assoc: 8
DCACHE: hits:92459 misses:1578 writebacks:806  Hit Ratio: 98.32%
SCACHE: size: 512 KB assoc: 2
SCACHE: hits:185 misses:2598  Hit Ratio: 6.65%
3CACHE: size: 4096 KB assoc: 2
3CACHE: hits:27 misses:2571  Hit Ratio: 1.04%
3CACHE: dirty items replaced:0
ITLB: size: 48, misses 66, miss rate 0.06%
DTLB: size: 128, misses 288, miss rate 0.31%
Avg mem delay: 33.958 cycles
----------------------------------------
==== Statistics for Master ID: 3 ====
Reads: 106033   Writes: 19891
ICACHE: size: 64 KB assoc: 2
ICACHE: hits:67153 misses:208  Hit Ratio: 99.69%
DCACHE: size: 32 KB assoc: 8
DCACHE: hits:39433 misses:19130 writebacks:18961  Hit Ratio: 67.33%
SCACHE: size: 512 KB assoc: 2
SCACHE: hits:11 misses:19324  Hit Ratio: 0.06%
3CACHE: size: 4096 KB assoc: 2
3CACHE: hits:0 misses:19324  Hit Ratio: 0.00%
3CACHE: dirty items replaced:0
ITLB: size: 48, misses 18, miss rate 0.03%
DTLB: size: 128, misses 4766, miss rate 8.14%
Avg mem delay: 33.958 cycles
----------------------------------------
==== Global Resource Utilization ====
STASH: size: 65536 entries, full 101223844, empty 34315, misses 3407, full rate 99.96
icache bank util. 0.043 0.036 0.036 0.038 0.035 0.031 0.042 0.066 
dcache bank util. 0.041 0.044 0.052 0.034 0.034 0.033 0.191 0.043 
L2 bank util. 0.009 0.009 0.009 0.009 0.009 0.009 0.237 0.009 
L1-L2 bus util. = 0.145, L3 util. = 0.259
----------------------------------------
branch prediction, hits = 41747, misses = 4347, hit rate = 90.57%
return_stack prediction, hits = 3573, misses = 13, hit rate = 99.64%
jump prediction, hits = 42429, misses = 3360, hit rate = 92.66%
 __sigismember __sigaddset __sigdelset mem_access_latency dl1_access_fn dl2_access_fn il1_access_fn il2_access_fn itlb_access_fn dtlb_access_fn sim_reg_options
**** Debug Statistics at 101000000 Cycles *****
Threads: 4		Fetch Width: 8
No of useful instructions fetched:	123563805 (15.29% proc util.)
No of total instructions fetched:	139445208 (17.26% proc util.)
 includes 4536186 misfetch (3.3%), 11345217 (8.1%) wrong-path fetches
 and 0 flushed after failed lock(0.0%)
No of useful instructions issued/executed:	123563787 (15.29% proc util.)
No of total instructions issued/executed:	128936140 (15.96% proc util.)
 includes 5372353 wrong-path (4.2%) insts and 0 flushed (0.0%)
	fp 23019548, 17.85%
	synch 0, 0.00%
	integer 58078452, 45.04%
	load/store 47838140, 37.10%
Avg size of int IQ (before scheduling): 16.23
Avg size of fp IQ (before scheduling): 4.66
No of cycles taken:		101000000
Parallelism [ 0.539, 0.000, 0.373, 0.312,] = 1.223
 IQ conflicts: 612154 (0.61%), FQ conflicts: 0 (0.00%) 
 I reg conflicts: 68289679 (67.61%), FP reg conflicts: 9030685 (8.94%)
  Activelist confs: 0 (0.00%), ROB confs: 0 (0.00%)
  Int unit conflicts: 3777539 (3.74%), FP unit conflicts: 89208 (0.09%)
  Load/store unit conflicts: 10275683 (10.17%)
  MSHR conflicts: 198988088 (197.02%)
----------------------------------------
==== System-wide Cache Statistics ====
Stall for miss queue full 0 cycles (0.00%)
----------------------------------------
==== Statistics for Master ID: 0 ====
Reads: 38948728   Writes: 741964
ICACHE: size: 64 KB assoc: 2
ICACHE: hits:18111836 misses:6112  Hit Ratio: 99.97%
DCACHE: size: 32 KB assoc: 8
DCACHE: hits:21097054 misses:475690 writebacks:472610  Hit Ratio: 97.79%
SCACHE: size: 512 KB assoc: 2
SCACHE: hits:6821 misses:474981  Hit Ratio: 1.42%
3CACHE: size: 4096 KB assoc: 2
3CACHE: hits:98159 misses:376822  Hit Ratio: 20.67%
3CACHE: dirty items replaced:2697
ITLB: size: 48, misses 42, miss rate 0.00%
DTLB: size: 128, misses 7960, miss rate 0.04%
Avg mem delay: 10.284 cycles
----------------------------------------
==== Statistics for Master ID: 2 ====
Reads: 26584160   Writes: 4472538
ICACHE: size: 64 KB assoc: 2
ICACHE: hits:15188570 misses:296340  Hit Ratio: 98.09%
DCACHE: size: 32 KB assoc: 8
DCACHE: hits:15062245 misses:509543 writebacks:508744  Hit Ratio: 96.73%
SCACHE: size: 512 KB assoc: 2
SCACHE: hits:497269 misses:308614  Hit Ratio: 61.70%
3CACHE: size: 4096 KB assoc: 2
3CACHE: hits:205740 misses:102874  Hit Ratio: 66.67%
3CACHE: dirty items replaced:2227
ITLB: size: 48, misses 19707, miss rate 0.13%
DTLB: size: 128, misses 45856, miss rate 0.29%
Avg mem delay: 10.284 cycles
----------------------------------------
==== Statistics for Master ID: 3 ====
Reads: 17149538   Writes: 5243145
ICACHE: size: 64 KB assoc: 2
ICACHE: hits:11720710 misses:656  Hit Ratio: 99.99%
DCACHE: size: 32 KB assoc: 8
DCACHE: hits:9222439 misses:1448878 writebacks:1205053  Hit Ratio: 86.42%
SCACHE: size: 512 KB assoc: 2
SCACHE: hits:39 misses:1449495  Hit Ratio: 0.00%
3CACHE: size: 4096 KB assoc: 2
3CACHE: hits:160 misses:1449335  Hit Ratio: 0.01%
3CACHE: dirty items replaced:11199
ITLB: size: 48, misses 58, miss rate 0.00%
DTLB: size: 128, misses 65908, miss rate 0.62%
Avg mem delay: 10.284 cycles
----------------------------------------
==== Global Resource Utilization ====
STASH: size: 65536 entries, full 270787947, empty 5425286, misses 489956, full rate 97.86
icache bank util. 0.047 0.047 0.041 0.043 0.043 0.146 0.047 0.044 
dcache bank util. 0.073 0.088 0.080 0.071 0.068 0.068 0.079 0.084 
L2 bank util. 0.034 0.034 0.033 0.033 0.033 0.032 0.041 0.049 
L1-L2 bus util. = 0.146, L3 util. = 0.191
----------------------------------------
branch prediction, hits = 10016340, misses = 706992, hit rate = 93.41%
return_stack prediction, hits = 400090, misses = 580, hit rate = 99.86%
jump prediction, hits = 9195840, misses = 1224066, hit rate = 88.25%
 sim_check_options
**** Debug Statistics at 201000000 Cycles *****
Threads: 4		Fetch Width: 8
No of useful instructions fetched:	355540787 (22.11% proc util.)
No of total instructions fetched:	448479354 (27.89% proc util.)
 includes 14656819 misfetch (3.3%), 78281748 (17.5%) wrong-path fetches
 and 0 flushed after failed lock(0.0%)
No of useful instructions issued/executed:	355540720 (22.11% proc util.)
No of total instructions issued/executed:	392273440 (24.40% proc util.)
 includes 36732720 wrong-path (9.4%) insts and 0 flushed (0.0%)
	fp 51231089, 13.06%
	synch 0, 0.00%
	integer 208064489, 53.04%
	load/store 132977862, 33.90%
Avg size of int IQ (before scheduling): 18.34
Avg size of fp IQ (before scheduling): 11.09
No of cycles taken:		201000000
Parallelism [ 0.561, 0.000, 0.553, 0.654,] = 1.769
 IQ conflicts: 2636785 (1.31%), FQ conflicts: 3769851 (1.88%) 
 I reg conflicts: 96901655 (48.21%), FP reg conflicts: 26044296 (12.96%)
  Activelist confs: 408 (0.00%), ROB confs: 7594 (0.00%)
  Int unit conflicts: 54211040 (26.97%), FP unit conflicts: 419495 (0.21%)
  Load/store unit conflicts: 24986711 (12.43%)
  MSHR conflicts: 286095870 (142.34%)
----------------------------------------
==== System-wide Cache Statistics ====
Stall for miss queue full 0 cycles (0.00%)
----------------------------------------
==== Statistics for Master ID: 0 ====
Reads: 80589169   Writes: 1935563
ICACHE: size: 64 KB assoc: 2
ICACHE: hits:40854847 misses:8127  Hit Ratio: 99.98%
DCACHE: size: 32 KB assoc: 8
DCACHE: hits:40517207 misses:1144551 writebacks:1141470  Hit Ratio: 97.25%
SCACHE: size: 512 KB assoc: 2
SCACHE: hits:19718 misses:1132960  Hit Ratio: 1.71%
3CACHE: size: 4096 KB assoc: 2
3CACHE: hits:203134 misses:929826  Hit Ratio: 17.93%
3CACHE: dirty items replaced:33734
ITLB: size: 48, misses 76, miss rate 0.00%
DTLB: size: 128, misses 22710, miss rate 0.05%
Avg mem delay: 6.157 cycles
----------------------------------------
==== Statistics for Master ID: 2 ====
Reads: 89045904   Writes: 14122667
ICACHE: size: 64 KB assoc: 2
ICACHE: hits:51486342 misses:713412  Hit Ratio: 98.63%
DCACHE: size: 32 KB assoc: 8
DCACHE: hits:49709568 misses:1259249 writebacks:1258450  Hit Ratio: 97.53%
SCACHE: size: 512 KB assoc: 2
SCACHE: hits:1378815 misses:593846  Hit Ratio: 69.90%
3CACHE: size: 4096 KB assoc: 2
3CACHE: hits:422071 misses:171775  Hit Ratio: 71.07%
3CACHE: dirty items replaced:11712
ITLB: size: 48, misses 37555, miss rate 0.07%
DTLB: size: 128, misses 95660, miss rate 0.19%
Avg mem delay: 6.157 cycles
----------------------------------------
==== Statistics for Master ID: 3 ====
Reads: 73704823   Writes: 13935803
ICACHE: size: 64 KB assoc: 2
ICACHE: hits:47470062 misses:5897  Hit Ratio: 99.99%
DCACHE: size: 32 KB assoc: 8
DCACHE: hits:37796417 misses:2368250 writebacks:2081638  Hit Ratio: 94.10%
SCACHE: size: 512 KB assoc: 2
SCACHE: hits:308144 misses:2066003  Hit Ratio: 12.98%
3CACHE: size: 4096 KB assoc: 2
3CACHE: hits:116844 misses:1949159  Hit Ratio: 5.66%
3CACHE: dirty items replaced:28241
ITLB: size: 48, misses 207, miss rate 0.00%
DTLB: size: 128, misses 95782, miss rate 0.24%
Avg mem delay: 6.157 cycles
----------------------------------------
==== Global Resource Utilization ====
STASH: size: 65536 entries, full 626862438, empty 13083284, misses 1169817, full rate 97.78
icache bank util. 0.078 0.070 0.066 0.071 0.080 0.166 0.095 0.085 
dcache bank util. 0.092 0.108 0.103 0.092 0.107 0.094 0.108 0.095 
L2 bank util. 0.034 0.034 0.034 0.034 0.033 0.032 0.037 0.042 
L1-L2 bus util. = 0.149, L3 util. = 0.152
----------------------------------------
branch prediction, hits = 26583887, misses = 3020899, hit rate = 89.80%
return_stack prediction, hits = 2059177, misses = 1630, hit rate = 99.92%
jump prediction, hits = 26550796, misses = 3411035, hit rate = 88.62%

**** Debug Statistics at 301000000 Cycles *****
Threads: 4		Fetch Width: 8
No of useful instructions fetched:	622561122 (25.85% proc util.)
No of total instructions fetched:	807153835 (33.52% proc util.)
 includes 29712768 misfetch (3.7%), 154879945 (19.2%) wrong-path fetches
 and 0 flushed after failed lock(0.0%)
No of useful instructions issued/executed:	622561104 (25.85% proc util.)
No of total instructions issued/executed:	695889513 (28.90% proc util.)
 includes 73328409 wrong-path (10.5%) insts and 0 flushed (0.0%)
	fp 89657847, 12.88%
	synch 0, 0.00%
	integer 369810881, 53.14%
	load/store 236420785, 33.97%
Avg size of int IQ (before scheduling): 17.94
Avg size of fp IQ (before scheduling): 10.87
No of cycles taken:		301000000
Parallelism [ 0.670, 0.000, 0.614, 0.784,] = 2.068
 IQ conflicts: 4518151 (1.50%), FQ conflicts: 3813485 (1.27%) 
 I reg conflicts: 106693854 (35.45%), FP reg conflicts: 57555990 (19.12%)
  Activelist confs: 413 (0.00%), ROB confs: 27638 (0.01%)
  Int unit conflicts: 106438888 (35.36%), FP unit conflicts: 1483673 (0.49%)
  Load/store unit conflicts: 43500257 (14.45%)
  MSHR conflicts: 353970982 (117.60%)
----------------------------------------
==== System-wide Cache Statistics ====
Stall for miss queue full 0 cycles (0.00%)
----------------------------------------
==== Statistics for Master ID: 0 ====
Reads: 143285383   Writes: 5835771
ICACHE: size: 64 KB assoc: 2
ICACHE: hits:73013975 misses:18747  Hit Ratio: 99.97%
DCACHE: size: 32 KB assoc: 8
DCACHE: hits:73603374 misses:2485058 writebacks:2481977  Hit Ratio: 96.73%
SCACHE: size: 512 KB assoc: 2
SCACHE: hits:232194 misses:2271611  Hit Ratio: 9.27%
3CACHE: size: 4096 KB assoc: 2
3CACHE: hits:538453 misses:1733158  Hit Ratio: 23.70%
3CACHE: dirty items replaced:143741
ITLB: size: 48, misses 361, miss rate 0.00%
DTLB: size: 128, misses 50512, miss rate 0.07%
Avg mem delay: 4.935 cycles
----------------------------------------
==== Statistics for Master ID: 2 ====
Reads: 157544089   Writes: 24912427
ICACHE: size: 64 KB assoc: 2
ICACHE: hits:91399584 misses:1216713  Hit Ratio: 98.69%
DCACHE: size: 32 KB assoc: 8
DCACHE: hits:88176036 misses:1664183 writebacks:1663384  Hit Ratio: 98.15%
SCACHE: size: 512 KB assoc: 2
SCACHE: hits:1975514 misses:905382  Hit Ratio: 68.57%
3CACHE: size: 4096 KB assoc: 2
3CACHE: hits:691764 misses:213618  Hit Ratio: 76.41%
3CACHE: dirty items replaced:28764
ITLB: size: 48, misses 38181, miss rate 0.04%
DTLB: size: 128, misses 148134, miss rate 0.16%
Avg mem delay: 4.935 cycles
----------------------------------------
==== Statistics for Master ID: 3 ====
Reads: 134652827   Writes: 21833269
ICACHE: size: 64 KB assoc: 2
ICACHE: hits:86401452 misses:13292  Hit Ratio: 99.98%
DCACHE: size: 32 KB assoc: 8
DCACHE: hits:66997222 misses:3074130 writebacks:2787518  Hit Ratio: 95.61%
SCACHE: size: 512 KB assoc: 2
SCACHE: hits:758371 misses:2329051  Hit Ratio: 24.56%
3CACHE: size: 4096 KB assoc: 2
3CACHE: hits:334497 misses:1994554  Hit Ratio: 14.36%
3CACHE: dirty items replaced:37838
ITLB: size: 48, misses 322, miss rate 0.00%
DTLB: size: 128, misses 109146, miss rate 0.16%
Avg mem delay: 4.935 cycles
----------------------------------------
==== Global Resource Utilization ====
STASH: size: 65536 entries, full 1046208797, empty 22805413, misses 2058273, full rate 97.68
icache bank util. 0.100 0.089 0.084 0.090 0.105 0.166 0.112 0.104 
dcache bank util. 0.102 0.119 0.117 0.105 0.129 0.118 0.131 0.104 
L2 bank util. 0.035 0.035 0.034 0.035 0.034 0.033 0.037 0.040 
L1-L2 bus util. = 0.154, L3 util. = 0.131
----------------------------------------
branch prediction, hits = 42036992, misses = 6268460, hit rate = 87.02%
return_stack prediction, hits = 3892379, misses = 1725, hit rate = 99.96%
jump prediction, hits = 41769416, misses = 7028113, hit rate = 85.60%

**** Debug Statistics at 401000000 Cycles *****
Threads: 4		Fetch Width: 8
No of useful instructions fetched:	853129293 (26.59% proc util.)
No of total instructions fetched:	1084122318 (33.79% proc util.)
 includes 36769339 misfetch (3.4%), 194223686 (17.9%) wrong-path fetches
 and 0 flushed after failed lock(0.0%)
No of useful instructions issued/executed:	853129284 (26.59% proc util.)
No of total instructions issued/executed:	945324517 (29.47% proc util.)
 includes 92195233 wrong-path (9.8%) insts and 0 flushed (0.0%)
	fp 127614927, 13.50%
	synch 0, 0.00%
	integer 495628280, 52.43%
	load/store 322081310, 34.07%
Avg size of int IQ (before scheduling): 15.90
Avg size of fp IQ (before scheduling): 9.52
No of cycles taken:		401000000
Parallelism [ 0.727, 0.000, 0.616, 0.784,] = 2.128
 IQ conflicts: 4887186 (1.22%), FQ conflicts: 3813485 (0.95%) 
 I reg conflicts: 109738437 (27.37%), FP reg conflicts: 108216682 (26.99%)
  Activelist confs: 414 (0.00%), ROB confs: 54482 (0.01%)
  Int unit conflicts: 136543078 (34.05%), FP unit conflicts: 1642457 (0.41%)
  Load/store unit conflicts: 56723201 (14.15%)
  MSHR conflicts: 374793827 (93.46%)
----------------------------------------
==== System-wide Cache Statistics ====
Stall for miss queue full 0 cycles (0.00%)
----------------------------------------
==== Statistics for Master ID: 0 ====
Reads: 209864460   Writes: 7059118
ICACHE: size: 64 KB assoc: 2
ICACHE: hits:105236984 misses:26874  Hit Ratio: 99.97%
DCACHE: size: 32 KB assoc: 8
DCACHE: hits:108390498 misses:3269222 writebacks:3266141  Hit Ratio: 97.07%
SCACHE: size: 512 KB assoc: 2
SCACHE: hits:280041 misses:3016055  Hit Ratio: 8.50%
3CACHE: size: 4096 KB assoc: 2
3CACHE: hits:797052 misses:2219003  Hit Ratio: 26.43%
3CACHE: dirty items replaced:228123
ITLB: size: 48, misses 364, miss rate 0.00%
DTLB: size: 128, misses 62990, miss rate 0.06%
Avg mem delay: 4.327 cycles
----------------------------------------
==== Statistics for Master ID: 2 ====
Reads: 208024917   Writes: 33193211
ICACHE: size: 64 KB assoc: 2
ICACHE: hits:121054416 misses:1540116  Hit Ratio: 98.74%
DCACHE: size: 32 KB assoc: 8
DCACHE: hits:116654183 misses:1969413 writebacks:1968614  Hit Ratio: 98.34%
SCACHE: size: 512 KB assoc: 2
SCACHE: hits:2398935 misses:1110594  Hit Ratio: 68.35%
3CACHE: size: 4096 KB assoc: 2
3CACHE: hits:845784 misses:264810  Hit Ratio: 76.16%
3CACHE: dirty items replaced:45023
ITLB: size: 48, misses 44741, miss rate 0.04%
DTLB: size: 128, misses 176074, miss rate 0.15%
Avg mem delay: 4.327 cycles
----------------------------------------
==== Statistics for Master ID: 3 ====
Reads: 178243217   Writes: 27649018
ICACHE: size: 64 KB assoc: 2
ICACHE: hits:114583795 misses:16432  Hit Ratio: 99.99%
DCACHE: size: 32 KB assoc: 8
DCACHE: hits:87847012 misses:3444996 writebacks:3158384  Hit Ratio: 96.23%
SCACHE: size: 512 KB assoc: 2
SCACHE: hits:959454 misses:2501974  Hit Ratio: 27.72%
3CACHE: size: 4096 KB assoc: 2
3CACHE: hits:469670 misses:2032304  Hit Ratio: 18.77%
3CACHE: dirty items replaced:47389
ITLB: size: 48, misses 442, miss rate 0.00%
DTLB: size: 128, misses 116791, miss rate 0.13%
Avg mem delay: 4.327 cycles
----------------------------------------
==== Global Resource Utilization ====
STASH: size: 65536 entries, full 1388588880, empty 28599677, misses 2578420, full rate 97.80
icache bank util. 0.102 0.093 0.089 0.097 0.110 0.157 0.112 0.107 
dcache bank util. 0.104 0.117 0.117 0.106 0.131 0.118 0.132 0.104 
L2 bank util. 0.032 0.032 0.032 0.032 0.031 0.030 0.033 0.036 
L1-L2 bus util. = 0.140, L3 util. = 0.113
----------------------------------------
branch prediction, hits = 54613791, misses = 8289954, hit rate = 86.82%
return_stack prediction, hits = 5123498, misses = 1898, hit rate = 99.96%
jump prediction, hits = 54399628, misses = 9051287, hit rate = 85.73%
 sim_aux_config sim_reg_stats sim_init sim_aux_stats sim_uninit ruu_init ruu_dumpent ruu_dump lsq_init lsq_dump
**** Debug Statistics at 501000000 Cycles *****
Threads: 4		Fetch Width: 8
No of useful instructions fetched:	1093141576 (27.27% proc util.)
No of total instructions fetched:	1369539437 (34.17% proc util.)
 includes 41954464 misfetch (3.1%), 234443397 (17.1%) wrong-path fetches
 and 0 flushed after failed lock(0.0%)
No of useful instructions issued/executed:	1093141562 (27.27% proc util.)
No of total instructions issued/executed:	1205248646 (30.07% proc util.)
 includes 112107084 wrong-path (9.3%) insts and 0 flushed (0.0%)
	fp 168868613, 14.01%
	synch 0, 0.00%
	integer 626070678, 51.95%
	load/store 410309355, 34.04%
Avg size of int IQ (before scheduling): 15.04
Avg size of fp IQ (before scheduling): 8.89
No of cycles taken:		501000000
Parallelism [ 0.776, 0.000, 0.610, 0.796,] = 2.182
 IQ conflicts: 6096121 (1.22%), FQ conflicts: 3813485 (0.76%) 
 I reg conflicts: 114190260 (22.79%), FP reg conflicts: 155044044 (30.95%)
  Activelist confs: 525 (0.00%), ROB confs: 67910 (0.01%)
  Int unit conflicts: 167581126 (33.45%), FP unit conflicts: 1842866 (0.37%)
  Load/store unit conflicts: 70569942 (14.09%)
  MSHR conflicts: 413972118 (82.63%)
----------------------------------------
==== System-wide Cache Statistics ====
Stall for miss queue full 0 cycles (0.00%)
----------------------------------------
==== Statistics for Master ID: 0 ====
Reads: 281446656   Writes: 8491032
ICACHE: size: 64 KB assoc: 2
ICACHE: hits:139379450 misses:34758  Hit Ratio: 99.98%
DCACHE: size: 32 KB assoc: 8
DCACHE: hits:146424246 misses:4099234 writebacks:4096153  Hit Ratio: 97.28%
SCACHE: size: 512 KB assoc: 2
SCACHE: hits:325426 misses:3808566  Hit Ratio: 7.87%
3CACHE: size: 4096 KB assoc: 2
3CACHE: hits:1079253 misses:2729313  Hit Ratio: 28.34%
3CACHE: dirty items replaced:328942
ITLB: size: 48, misses 409, miss rate 0.00%
DTLB: size: 128, misses 80209, miss rate 0.05%
Avg mem delay: 4.023 cycles
----------------------------------------
==== Statistics for Master ID: 2 ====
Reads: 255287679   Writes: 40550393
ICACHE: size: 64 KB assoc: 2
ICACHE: hits:148974446 misses:1898347  Hit Ratio: 98.74%
DCACHE: size: 32 KB assoc: 8
DCACHE: hits:142602490 misses:2362789 writebacks:2361990  Hit Ratio: 98.37%
SCACHE: size: 512 KB assoc: 2
SCACHE: hits:2865319 misses:1395817  Hit Ratio: 67.24%
3CACHE: size: 4096 KB assoc: 2
3CACHE: hits:1035909 misses:359908  Hit Ratio: 74.22%
3CACHE: dirty items replaced:70285
ITLB: size: 48, misses 64801, miss rate 0.04%
DTLB: size: 128, misses 214672, miss rate 0.15%
Avg mem delay: 4.023 cycles
----------------------------------------
==== Statistics for Master ID: 3 ====
Reads: 225599975   Writes: 33829279
ICACHE: size: 64 KB assoc: 2
ICACHE: hits:145171872 misses:20574  Hit Ratio: 99.99%
DCACHE: size: 32 KB assoc: 8
DCACHE: hits:110375883 misses:3860925 writebacks:3574313  Hit Ratio: 96.62%
SCACHE: size: 512 KB assoc: 2
SCACHE: hits:1190506 misses:2690993  Hit Ratio: 30.67%
3CACHE: size: 4096 KB assoc: 2
3CACHE: hits:614150 misses:2076843  Hit Ratio: 22.82%
3CACHE: dirty items replaced:58113
ITLB: size: 48, misses 645, miss rate 0.00%
DTLB: size: 128, misses 126146, miss rate 0.11%
Avg mem delay: 4.023 cycles
----------------------------------------
==== Global Resource Utilization ====
STASH: size: 65536 entries, full 1742697455, empty 34489013, misses 3102391, full rate 97.89
icache bank util. 0.105 0.094 0.091 0.101 0.113 0.152 0.114 0.110 
dcache bank util. 0.106 0.118 0.118 0.109 0.133 0.116 0.133 0.106 
L2 bank util. 0.030 0.031 0.030 0.031 0.030 0.029 0.031 0.033 
L1-L2 bus util. = 0.134, L3 util. = 0.103
----------------------------------------
branch prediction, hits = 67228144, misses = 10208594, hit rate = 86.82%
return_stack prediction, hits = 6401211, misses = 2878, hit rate = 99.96%
jump prediction, hits = 67953645, misses = 10619184, hit rate = 86.48%
 rslink_init ruu_release_fu eventq_init eventq_dump eventq_queue_event eventq_next_event readyq_init readyq_dump readyq_enqueue cv_init cv_dump ruu_commit ruu_recover ruu_writeback lsq_refresh ruu_issue rspec_dump tracer_recover tracer_init spec_mem_access mspec_dump simoo_mem_obj
**** Debug Statistics at 601000000 Cycles *****
Threads: 4		Fetch Width: 8
No of useful instructions fetched:	1370038369 (28.49% proc util.)
No of total instructions fetched:	1698391228 (35.32% proc util.)
 includes 48254910 misfetch (2.8%), 280097949 (16.5%) wrong-path fetches
 and 0 flushed after failed lock(0.0%)
No of useful instructions issued/executed:	1370038361 (28.49% proc util.)
No of total instructions issued/executed:	1504976430 (31.30% proc util.)
 includes 134938069 wrong-path (9.0%) insts and 0 flushed (0.0%)
	fp 219872852, 14.61%
	synch 0, 0.00%
	integer 772337715, 51.32%
	load/store 512765863, 34.07%
Avg size of int IQ (before scheduling): 14.91
Avg size of fp IQ (before scheduling): 8.81
No of cycles taken:		601000000
Parallelism [ 0.845, 0.000, 0.598, 0.836,] = 2.280
 IQ conflicts: 7490401 (1.25%), FQ conflicts: 3813485 (0.63%) 
 I reg conflicts: 120764133 (20.09%), FP reg conflicts: 192173136 (31.98%)
  Activelist confs: 525 (0.00%), ROB confs: 83610 (0.01%)
  Int unit conflicts: 200389899 (33.34%), FP unit conflicts: 2167748 (0.36%)
  Load/store unit conflicts: 85413108 (14.21%)
  MSHR conflicts: 452595976 (75.31%)
----------------------------------------
==== System-wide Cache Statistics ====
Stall for miss queue full 0 cycles (0.00%)
----------------------------------------
==== Statistics for Master ID: 0 ====
Reads: 368280592   Writes: 10237502
ICACHE: size: 64 KB assoc: 2
ICACHE: hits:179938072 misses:48214  Hit Ratio: 99.97%
DCACHE: size: 32 KB assoc: 8
DCACHE: hits:193547810 misses:4983998 writebacks:4980917  Hit Ratio: 97.49%
SCACHE: size: 512 KB assoc: 2
SCACHE: hits:379290 misses:4652922  Hit Ratio: 7.54%
3CACHE: size: 4096 KB assoc: 2
3CACHE: hits:1427127 misses:3225795  Hit Ratio: 30.67%
3CACHE: dirty items replaced:453012
ITLB: size: 48, misses 448, miss rate 0.00%
DTLB: size: 128, misses 98190, miss rate 0.05%
Avg mem delay: 3.793 cycles
----------------------------------------
==== Statistics for Master ID: 2 ====
Reads: 301027299   Writes: 48088094
ICACHE: size: 64 KB assoc: 2
ICACHE: hits:175758515 misses:2572641  Hit Ratio: 98.56%
DCACHE: size: 32 KB assoc: 8
DCACHE: hits:168096844 misses:2687393 writebacks:2686594  Hit Ratio: 98.43%
SCACHE: size: 512 KB assoc: 2
SCACHE: hits:3398653 misses:1861381  Hit Ratio: 64.61%
3CACHE: size: 4096 KB assoc: 2
3CACHE: hits:1364959 misses:496422  Hit Ratio: 73.33%
3CACHE: dirty items replaced:105208
ITLB: size: 48, misses 124452, miss rate 0.07%
DTLB: size: 128, misses 259562, miss rate 0.15%
Avg mem delay: 3.793 cycles
----------------------------------------
==== Statistics for Master ID: 3 ====
Reads: 284397725   Writes: 41647189
ICACHE: size: 64 KB assoc: 2
ICACHE: hits:183208778 misses:25929  Hit Ratio: 99.99%
DCACHE: size: 32 KB assoc: 8
DCACHE: hits:138475345 misses:4334862 writebacks:4048250  Hit Ratio: 96.96%
SCACHE: size: 512 KB assoc: 2
SCACHE: hits:1445909 misses:2914882  Hit Ratio: 33.16%
3CACHE: size: 4096 KB assoc: 2
3CACHE: hits:773850 misses:2141032  Hit Ratio: 26.55%
3CACHE: dirty items replaced:78179
ITLB: size: 48, misses 958, miss rate 0.00%
DTLB: size: 128, misses 135090, miss rate 0.09%
Avg mem delay: 3.793 cycles
----------------------------------------
==== Global Resource Utilization ====
STASH: size: 65536 entries, full 2149294956, empty 44306394, misses 3967425, full rate 97.80
icache bank util. 0.111 0.094 0.094 0.106 0.119 0.154 0.119 0.117 
dcache bank util. 0.109 0.121 0.124 0.113 0.139 0.117 0.137 0.110 
L2 bank util. 0.030 0.031 0.030 0.030 0.029 0.029 0.031 0.033 
L1-L2 bus util. = 0.132, L3 util. = 0.098
----------------------------------------
branch prediction, hits = 79952617, misses = 12395293, hit rate = 86.58%
return_stack prediction, hits = 7789532, misses = 6401, hit rate = 99.92%
jump prediction, hits = 81952407, misses = 12467546, hit rate = 86.80%
 ruu_link_idep ruu_install_odep InstSRA InstSRAV InstMULT InstMULTU simoo_reg_obj
**** Debug Statistics at 701000000 Cycles *****
Threads: 4		Fetch Width: 8
No of useful instructions fetched:	1589731053 (28.35% proc util.)
No of total instructions fetched:	1964071724 (35.02% proc util.)
 includes 54772893 misfetch (2.8%), 319567778 (16.3%) wrong-path fetches
 and 0 flushed after failed lock(0.0%)
No of useful instructions issued/executed:	1589731043 (28.35% proc util.)
No of total instructions issued/executed:	1743900660 (31.10% proc util.)
 includes 154169617 wrong-path (8.8%) insts and 0 flushed (0.0%)
	fp 257885113, 14.79%
	synch 0, 0.00%
	integer 891179686, 51.10%
	load/store 594835861, 34.11%
Avg size of int IQ (before scheduling): 14.07
Avg size of fp IQ (before scheduling): 8.36
No of cycles taken:		701000000
Parallelism [ 0.853, 0.000, 0.587, 0.827,] = 2.268
 IQ conflicts: 7598722 (1.08%), FQ conflicts: 3813485 (0.54%) 
 I reg conflicts: 123777469 (17.66%), FP reg conflicts: 244572367 (34.89%)
  Activelist confs: 525 (0.00%), ROB confs: 90414 (0.01%)
  Int unit conflicts: 226343022 (32.29%), FP unit conflicts: 2328928 (0.33%)
  Load/store unit conflicts: 97296124 (13.88%)
  MSHR conflicts: 467395868 (66.68%)
----------------------------------------
==== System-wide Cache Statistics ====
Stall for miss queue full 0 cycles (0.00%)
----------------------------------------
==== Statistics for Master ID: 0 ====
Reads: 434692465   Writes: 11462852
ICACHE: size: 64 KB assoc: 2
ICACHE: hits:211937603 misses:56722  Hit Ratio: 99.97%
DCACHE: size: 32 KB assoc: 8
DCACHE: hits:228391540 misses:5769452 writebacks:5766371  Hit Ratio: 97.54%
SCACHE: size: 512 KB assoc: 2
SCACHE: hits:427425 misses:5398749  Hit Ratio: 7.34%
3CACHE: size: 4096 KB assoc: 2
3CACHE: hits:1684377 misses:3714372  Hit Ratio: 31.20%
3CACHE: dirty items replaced:595907
ITLB: size: 48, misses 460, miss rate 0.00%
DTLB: size: 128, misses 110721, miss rate 0.05%
Avg mem delay: 3.653 cycles
----------------------------------------
==== Statistics for Master ID: 2 ====
Reads: 345173425   Writes: 55342296
ICACHE: size: 64 KB assoc: 2
ICACHE: hits:201684825 misses:3042943  Hit Ratio: 98.51%
DCACHE: size: 32 KB assoc: 8
DCACHE: hits:192860086 misses:2927867 writebacks:2927068  Hit Ratio: 98.50%
SCACHE: size: 512 KB assoc: 2
SCACHE: hits:3863073 misses:2107737  Hit Ratio: 64.70%
3CACHE: size: 4096 KB assoc: 2
3CACHE: hits:1550856 misses:556881  Hit Ratio: 73.58%
3CACHE: dirty items replaced:126103
ITLB: size: 48, misses 150930, miss rate 0.07%
DTLB: size: 128, misses 286662, miss rate 0.15%
Avg mem delay: 3.653 cycles
----------------------------------------
==== Statistics for Master ID: 3 ====
Reads: 328478392   Writes: 47491491
ICACHE: size: 64 KB assoc: 2
ICACHE: hits:211762752 misses:29857  Hit Ratio: 99.99%
DCACHE: size: 32 KB assoc: 8
DCACHE: hits:159457856 misses:4719418 writebacks:4432806  Hit Ratio: 97.13%
SCACHE: size: 512 KB assoc: 2
SCACHE: hits:1663326 misses:3085949  Hit Ratio: 35.02%
3CACHE: size: 4096 KB assoc: 2
3CACHE: hits:904484 misses:2181465  Hit Ratio: 29.31%
3CACHE: dirty items replaced:89761
ITLB: size: 48, misses 1138, miss rate 0.00%
DTLB: size: 128, misses 142029, miss rate 0.09%
Avg mem delay: 3.653 cycles
----------------------------------------
==== Global Resource Utilization ====
STASH: size: 65536 entries, full 2478498200, empty 51694763, misses 4624985, full rate 97.78
icache bank util. 0.111 0.096 0.094 0.107 0.118 0.150 0.118 0.117 
dcache bank util. 0.108 0.120 0.124 0.112 0.138 0.114 0.136 0.110 
L2 bank util. 0.029 0.030 0.029 0.029 0.028 0.028 0.030 0.031 
L1-L2 bus util. = 0.127, L3 util. = 0.092
----------------------------------------
branch prediction, hits = 90917238, misses = 14421479, hit rate = 86.31%
return_stack prediction, hits = 8984107, misses = 9290, hit rate = 99.90%
jump prediction, hits = 93375373, misses = 14422614, hit rate = 86.62%
 ruu_dispatch
**** Debug Statistics at 801000000 Cycles *****
Threads: 4		Fetch Width: 8
No of useful instructions fetched:	1800678659 (28.10% proc util.)
No of total instructions fetched:	2218535849 (34.62% proc util.)
 includes 60111272 misfetch (2.7%), 357745918 (16.1%) wrong-path fetches
 and 0 flushed after failed lock(0.0%)
No of useful instructions issued/executed:	1800678629 (28.10% proc util.)
No of total instructions issued/executed:	1973884848 (30.80% proc util.)
 includes 173206219 wrong-path (8.8%) insts and 0 flushed (0.0%)
	fp 291390761, 14.76%
	synch 0, 0.00%
	integer 1008884925, 51.11%
	load/store 673609162, 34.13%
Avg size of int IQ (before scheduling): 13.86
Avg size of fp IQ (before scheduling): 8.36
No of cycles taken:		801000000
Parallelism [ 0.846, 0.000, 0.580, 0.822,] = 2.248
 IQ conflicts: 9350434 (1.17%), FQ conflicts: 3813485 (0.48%) 
 I reg conflicts: 130415353 (16.28%), FP reg conflicts: 294169077 (36.73%)
  Activelist confs: 525 (0.00%), ROB confs: 98767 (0.01%)
  Int unit conflicts: 257620230 (32.16%), FP unit conflicts: 2447663 (0.31%)
  Load/store unit conflicts: 110687928 (13.82%)
  MSHR conflicts: 522219275 (65.20%)
----------------------------------------
==== System-wide Cache Statistics ====
Stall for miss queue full 0 cycles (0.00%)
----------------------------------------
==== Statistics for Master ID: 0 ====
Reads: 494144569   Writes: 12652616
ICACHE: size: 64 KB assoc: 2
ICACHE: hits:240963017 misses:62949  Hit Ratio: 99.97%
DCACHE: size: 32 KB assoc: 8
DCACHE: hits:259028226 misses:6742993 writebacks:6739912  Hit Ratio: 97.46%
SCACHE: size: 512 KB assoc: 2
SCACHE: hits:462210 misses:6343732  Hit Ratio: 6.79%
3CACHE: size: 4096 KB assoc: 2
3CACHE: hits:1979595 misses:4364136  Hit Ratio: 31.21%
3CACHE: dirty items replaced:795903
ITLB: size: 48, misses 489, miss rate 0.00%
DTLB: size: 128, misses 130285, miss rate 0.05%
Avg mem delay: 3.649 cycles
----------------------------------------
==== Statistics for Master ID: 2 ====
Reads: 388004224   Writes: 62914999
ICACHE: size: 64 KB assoc: 2
ICACHE: hits:226332234 misses:3455351  Hit Ratio: 98.50%
DCACHE: size: 32 KB assoc: 8
DCACHE: hits:217947633 misses:3184005 writebacks:3183206  Hit Ratio: 98.56%
SCACHE: size: 512 KB assoc: 2
SCACHE: hits:4233501 misses:2405855  Hit Ratio: 63.76%
3CACHE: size: 4096 KB assoc: 2
3CACHE: hits:1726989 misses:678866  Hit Ratio: 71.78%
3CACHE: dirty items replaced:164437
ITLB: size: 48, misses 182938, miss rate 0.08%
DTLB: size: 128, misses 315801, miss rate 0.14%
Avg mem delay: 3.649 cycles
----------------------------------------
==== Statistics for Master ID: 3 ====
Reads: 372421423   Writes: 53407325
ICACHE: size: 64 KB assoc: 2
ICACHE: hits:239867347 misses:33943  Hit Ratio: 99.99%
DCACHE: size: 32 KB assoc: 8
DCACHE: hits:180809028 misses:5118430 writebacks:4831818  Hit Ratio: 97.25%
SCACHE: size: 512 KB assoc: 2
SCACHE: hits:1879345 misses:3273028  Hit Ratio: 36.48%
3CACHE: size: 4096 KB assoc: 2
3CACHE: hits:1043203 misses:2229825  Hit Ratio: 31.87%
3CACHE: dirty items replaced:104124
ITLB: size: 48, misses 1341, miss rate 0.00%
DTLB: size: 128, misses 149457, miss rate 0.08%
Avg mem delay: 3.649 cycles
----------------------------------------
==== Global Resource Utilization ====
STASH: size: 65536 entries, full 2790048456, empty 58633951, misses 5255497, full rate 97.76
icache bank util. 0.110 0.096 0.095 0.106 0.117 0.145 0.115 0.116 
dcache bank util. 0.107 0.118 0.124 0.111 0.136 0.112 0.135 0.109 
L2 bank util. 0.029 0.029 0.029 0.029 0.028 0.028 0.029 0.031 
L1-L2 bus util. = 0.125, L3 util. = 0.091
----------------------------------------
branch prediction, hits = 101866987, misses = 16141932, hit rate = 86.32%
return_stack prediction, hits = 10174041, misses = 12535, hit rate = 99.88%
jump prediction, hits = 105133430, misses = 16013984, hit rate = 86.78%

**** Early Exiting at 880840679 Cycles *****
========================================
 SMTSIM Global Statistics
========================================
Threads: 4		Fetch Width: 8
No of useful instructions fetched:	2000000072 (28.38% proc util.)
No of total instructions fetched:	2459976974 (34.91% proc util.)
 includes 65935838 misfetch (2.7%), 394041064 (16.0%) wrong-path fetches
 and 0 flushed after failed lock(0.0%)
No of useful instructions issued/executed:	2000000036 (28.38% proc util.)
No of total instructions issued/executed:	2191287644 (31.10% proc util.)
 includes 191287608 wrong-path (8.7%) insts and 0 flushed (0.0%)
	fp 324410548, 14.80%
	synch 0, 0.00%
	integer 1120155975, 51.12%
	load/store 746721121, 34.08%
Avg size of int IQ (before scheduling): 14.26
Avg size of fp IQ (before scheduling): 8.42
No of cycles taken:		880840679
Parallelism [ 0.856, 0.000, 0.579, 0.836,] = 2.271
 IQ conflicts: 11869004 (1.35%), FQ conflicts: 3813499 (0.43%) 
 I reg conflicts: 140869608 (15.99%), FP reg conflicts: 322306554 (36.59%)
  Activelist confs: 525 (0.00%), ROB confs: 162827 (0.02%)
  Int unit conflicts: 291228931 (33.06%), FP unit conflicts: 3642846 (0.41%)
  Load/store unit conflicts: 124924384 (14.18%)
  MSHR conflicts: 608599316 (69.09%)
----------------------------------------
==== System-wide Cache Statistics ====
Stall for miss queue full 0 cycles (0.00%)
----------------------------------------
==== Statistics for Master ID: 0 ====
Reads: 545706277   Writes: 16366254
ICACHE: size: 64 KB assoc: 2
ICACHE: hits:266733530 misses:70022  Hit Ratio: 99.97%
DCACHE: size: 32 KB assoc: 8
DCACHE: hits:287541991 misses:7726988 writebacks:7723907  Hit Ratio: 97.38%
SCACHE: size: 512 KB assoc: 2
SCACHE: hits:665580 misses:7131430  Hit Ratio: 8.54%
3CACHE: size: 4096 KB assoc: 2
3CACHE: hits:2179342 misses:4952088  Hit Ratio: 30.56%
3CACHE: dirty items replaced:1015196
ITLB: size: 48, misses 750, miss rate 0.00%
DTLB: size: 128, misses 152088, miss rate 0.05%
Avg mem delay: 3.636 cycles
----------------------------------------
==== Statistics for Master ID: 2 ====
Reads: 424602231   Writes: 69949180
ICACHE: size: 64 KB assoc: 2
ICACHE: hits:247569443 misses:3941044  Hit Ratio: 98.43%
DCACHE: size: 32 KB assoc: 8
DCACHE: hits:239583090 misses:3457834 writebacks:3457035  Hit Ratio: 98.58%
SCACHE: size: 512 KB assoc: 2
SCACHE: hits:4631946 misses:2766932  Hit Ratio: 62.60%
3CACHE: size: 4096 KB assoc: 2
3CACHE: hits:1959348 misses:807582  Hit Ratio: 70.81%
3CACHE: dirty items replaced:217535
ITLB: size: 48, misses 225546, miss rate 0.09%
DTLB: size: 128, misses 351769, miss rate 0.14%
Avg mem delay: 3.636 cycles
----------------------------------------
==== Statistics for Master ID: 3 ====
Reads: 415793372   Writes: 59337892
ICACHE: size: 64 KB assoc: 2
ICACHE: hits:267483904 misses:38635  Hit Ratio: 99.99%
DCACHE: size: 32 KB assoc: 8
DCACHE: hits:202111718 misses:5497007 writebacks:5210395  Hit Ratio: 97.35%
SCACHE: size: 512 KB assoc: 2
SCACHE: hits:2083011 misses:3452631  Hit Ratio: 37.63%
3CACHE: size: 4096 KB assoc: 2
3CACHE: hits:1179543 misses:2273088  Hit Ratio: 34.16%
3CACHE: dirty items replaced:119517
ITLB: size: 48, misses 1574, miss rate 0.00%
DTLB: size: 128, misses 158282, miss rate 0.08%
Avg mem delay: 3.636 cycles
----------------------------------------
==== Global Resource Utilization ====
STASH: size: 65536 entries, full 3074606114, empty 66965047, misses 6005461, full rate 97.68
icache bank util. 0.111 0.097 0.096 0.106 0.117 0.144 0.116 0.118 
dcache bank util. 0.108 0.119 0.126 0.111 0.138 0.112 0.136 0.110 
L2 bank util. 0.029 0.030 0.029 0.029 0.028 0.028 0.029 0.031 
L1-L2 bus util. = 0.126, L3 util. = 0.091
----------------------------------------
branch prediction, hits = 111461554, misses = 17703253, hit rate = 86.29%
return_stack prediction, hits = 11311391, misses = 18119, hit rate = 99.84%
jump prediction, hits = 115522151, misses = 17603609, hit rate = 86.78%
total IPC 2.271

=== Results saved to: ./results/mgrid_2_gcc-166_1_gzip-source_1.txt ===
