测试组合（多线程优先）：gzip-graphic.arg2 + gzip-log.arg + gzip-program.arg
执行命令：./smtsim gzip-graphic.arg2 gzip-log.arg gzip-program.arg
==================================================

SMTCache
Process 0, Thread 0: gzip-graphic
Process 0, Thread 1: gzip-graphic
Process 2, Thread 2: gzip-log
Process 3, Thread 3: gzip-program

**** Debug Statistics at 1000000 Cycles *****
Threads: 4		Fetch Width: 8
No of useful instructions fetched:	328186 (4.10% proc util.)
No of total instructions fetched:	390427 (4.88% proc util.)
 includes 2517 misfetch (0.6%), 59724 (15.3%) wrong-path fetches
 and 0 flushed after failed lock(0.0%)
No of useful instructions issued/executed:	328151 (4.10% proc util.)
No of total instructions issued/executed:	368548 (4.61% proc util.)
 includes 40397 wrong-path (11.0%) insts and 0 flushed (0.0%)
	fp 42, 0.01%
	synch 0, 0.00%
	integer 235160, 63.81%
	load/store 133346, 36.18%
Avg size of int IQ (before scheduling): 42.48
Avg size of fp IQ (before scheduling): 0.00
No of cycles taken:		1000000
Parallelism [ 0.163, 0.000, 0.083, 0.082,] = 0.328
 IQ conflicts: 4102 (0.41%), FQ conflicts: 0 (0.00%) 
 I reg conflicts: 930227 (93.02%), FP reg conflicts: 0 (0.00%)
  Activelist confs: 0 (0.00%), ROB confs: 0 (0.00%)
  Int unit conflicts: 4738 (0.47%), FP unit conflicts: 0 (0.00%)
  Load/store unit conflicts: 23398 (2.34%)
  MSHR conflicts: 3108597 (310.86%)
----------------------------------------
==== System-wide Cache Statistics ====
Stall for miss queue full 0 cycles (0.00%)
----------------------------------------
==== Statistics for Master ID: 0 ====
Reads: 92974   Writes: 11996
ICACHE: size: 64 KB assoc: 2
ICACHE: hits:50940 misses:77  Hit Ratio: 99.85%
DCACHE: size: 32 KB assoc: 8
DCACHE: hits:51508 misses:2445 writebacks:1321  Hit Ratio: 95.47%
SCACHE: size: 512 KB assoc: 2
SCACHE: hits:689 misses:1833  Hit Ratio: 27.32%
3CACHE: size: 4096 KB assoc: 2
3CACHE: hits:2 misses:1831  Hit Ratio: 0.11%
3CACHE: dirty items replaced:0
ITLB: size: 48, misses 3, miss rate 0.01%
DTLB: size: 128, misses 1000, miss rate 1.85%
Avg mem delay: 110.026 cycles
----------------------------------------
==== Statistics for Master ID: 2 ====
Reads: 56873   Writes: 13699
ICACHE: size: 64 KB assoc: 2
ICACHE: hits:30357 misses:228  Hit Ratio: 99.25%
DCACHE: size: 32 KB assoc: 8
DCACHE: hits:27038 misses:12949 writebacks:12779  Hit Ratio: 67.62%
SCACHE: size: 512 KB assoc: 2
SCACHE: hits:27 misses:13150  Hit Ratio: 0.20%
3CACHE: size: 4096 KB assoc: 2
3CACHE: hits:1 misses:13148  Hit Ratio: 0.01%
3CACHE: dirty items replaced:0
ITLB: size: 48, misses 18, miss rate 0.06%
DTLB: size: 128, misses 3218, miss rate 8.05%
Avg mem delay: 110.026 cycles
----------------------------------------
==== Statistics for Master ID: 3 ====
Reads: 55817   Writes: 13521
ICACHE: size: 64 KB assoc: 2
ICACHE: hits:29700 misses:241  Hit Ratio: 99.20%
DCACHE: size: 32 KB assoc: 8
DCACHE: hits:26603 misses:12794 writebacks:12622  Hit Ratio: 67.53%
SCACHE: size: 512 KB assoc: 2
SCACHE: hits:44 misses:12991  Hit Ratio: 0.34%
3CACHE: size: 4096 KB assoc: 2
3CACHE: hits:0 misses:12991  Hit Ratio: 0.00%
3CACHE: dirty items replaced:0
ITLB: size: 48, misses 18, miss rate 0.06%
DTLB: size: 128, misses 3180, miss rate 8.07%
Avg mem delay: 110.026 cycles
----------------------------------------
==== Global Resource Utilization ====
STASH: size: 65536 entries, full 100432479, empty 9347, misses 843, full rate 99.99
icache bank util. 0.020 0.004 0.004 0.004 0.010 0.013 0.022 0.035 
dcache bank util. 0.006 0.013 0.033 0.010 0.005 0.005 0.220 0.007 
L2 bank util. 0.003 0.004 0.004 0.004 0.004 0.004 0.309 0.004 
L1-L2 bus util. = 0.166, L3 util. = 0.280
----------------------------------------
branch prediction, hits = 16660, misses = 1953, hit rate = 89.51%
return_stack prediction, hits = 1481, misses = 18, hit rate = 98.80%
jump prediction, hits = 20049, misses = 606, hit rate = 97.07%

**** Debug Statistics at 101000000 Cycles *****
Threads: 4		Fetch Width: 8
No of useful instructions fetched:	82187442 (10.17% proc util.)
No of total instructions fetched:	85512455 (10.58% proc util.)
 includes 6786 misfetch (0.0%), 3318227 (3.9%) wrong-path fetches
 and 0 flushed after failed lock(0.0%)
No of useful instructions issued/executed:	82187423 (10.17% proc util.)
No of total instructions issued/executed:	83647431 (10.35% proc util.)
 includes 1460008 wrong-path (1.7%) insts and 0 flushed (0.0%)
	fp 70, 0.00%
	synch 0, 0.00%
	integer 59647386, 71.31%
	load/store 23999975, 28.69%
Avg size of int IQ (before scheduling): 20.62
Avg size of fp IQ (before scheduling): 0.00
No of cycles taken:		101000000
Parallelism [ 0.367, 0.000, 0.230, 0.216,] = 0.814
 IQ conflicts: 6363 (0.01%), FQ conflicts: 0 (0.00%) 
 I reg conflicts: 84221422 (83.39%), FP reg conflicts: 0 (0.00%)
  Activelist confs: 0 (0.00%), ROB confs: 0 (0.00%)
  Int unit conflicts: 4847279 (4.80%), FP unit conflicts: 0 (0.00%)
  Load/store unit conflicts: 932807 (0.92%)
  MSHR conflicts: 98958831 (97.98%)
----------------------------------------
==== System-wide Cache Statistics ====
Stall for miss queue full 0 cycles (0.00%)
----------------------------------------
==== Statistics for Master ID: 0 ====
Reads: 18254428   Writes: 2919238
ICACHE: size: 64 KB assoc: 2
ICACHE: hits:10673418 misses:20693  Hit Ratio: 99.81%
DCACHE: size: 32 KB assoc: 8
DCACHE: hits:10169846 misses:309709 writebacks:308456  Hit Ratio: 97.04%
SCACHE: size: 512 KB assoc: 2
SCACHE: hits:140805 misses:189597  Hit Ratio: 42.62%
3CACHE: size: 4096 KB assoc: 2
3CACHE: hits:127439 misses:62158  Hit Ratio: 67.22%
3CACHE: dirty items replaced:23851
ITLB: size: 48, misses 9, miss rate 0.00%
DTLB: size: 128, misses 11080, miss rate 0.11%
Avg mem delay: 22.365 cycles
----------------------------------------
==== Statistics for Master ID: 2 ====
Reads: 10370488   Writes: 3592419
ICACHE: size: 64 KB assoc: 2
ICACHE: hits:6572604 misses:20757  Hit Ratio: 99.69%
DCACHE: size: 32 KB assoc: 8
DCACHE: hits:6333363 misses:1036183 writebacks:896777  Hit Ratio: 85.94%
SCACHE: size: 512 KB assoc: 2
SCACHE: hits:48 misses:1056892  Hit Ratio: 0.00%
3CACHE: size: 4096 KB assoc: 2
3CACHE: hits:16 misses:1056876  Hit Ratio: 0.00%
3CACHE: dirty items replaced:31976
ITLB: size: 48, misses 19, miss rate 0.00%
DTLB: size: 128, misses 59458, miss rate 0.81%
Avg mem delay: 22.365 cycles
----------------------------------------
==== Statistics for Master ID: 3 ====
Reads: 9867106   Writes: 2983135
ICACHE: size: 64 KB assoc: 2
ICACHE: hits:6678615 misses:20773  Hit Ratio: 99.69%
DCACHE: size: 32 KB assoc: 8
DCACHE: hits:5266967 misses:883886 writebacks:776795  Hit Ratio: 85.63%
SCACHE: size: 512 KB assoc: 2
SCACHE: hits:67 misses:904592  Hit Ratio: 0.01%
3CACHE: size: 4096 KB assoc: 2
3CACHE: hits:2 misses:904590  Hit Ratio: 0.00%
3CACHE: dirty items replaced:29942
ITLB: size: 48, misses 19, miss rate 0.00%
DTLB: size: 128, misses 57079, miss rate 0.93%
Avg mem delay: 22.365 cycles
----------------------------------------
==== Global Resource Utilization ====
STASH: size: 65536 entries, full 193237806, empty 10892, misses 943, full rate 99.99
icache bank util. 0.025 0.007 0.005 0.011 0.021 0.085 0.032 0.054 
dcache bank util. 0.036 0.042 0.047 0.039 0.048 0.034 0.060 0.057 
L2 bank util. 0.026 0.026 0.026 0.026 0.025 0.031 0.041 0.056 
L1-L2 bus util. = 0.127, L3 util. = 0.200
----------------------------------------
branch prediction, hits = 8352610, misses = 244497, hit rate = 97.16%
return_stack prediction, hits = 303671, misses = 20, hit rate = 99.99%
jump prediction, hits = 9382935, misses = 1662, hit rate = 99.98%

**** Debug Statistics at 201000000 Cycles *****
Threads: 4		Fetch Width: 8
No of useful instructions fetched:	157518011 (9.80% proc util.)
No of total instructions fetched:	163280683 (10.15% proc util.)
 includes 8163 misfetch (0.0%), 5754509 (3.5%) wrong-path fetches
 and 0 flushed after failed lock(0.0%)
No of useful instructions issued/executed:	157517979 (9.80% proc util.)
No of total instructions issued/executed:	160059793 (9.95% proc util.)
 includes 2541814 wrong-path (1.6%) insts and 0 flushed (0.0%)
	fp 70, 0.00%
	synch 0, 0.00%
	integer 112248636, 70.13%
	load/store 47811087, 29.87%
Avg size of int IQ (before scheduling): 17.52
Avg size of fp IQ (before scheduling): 0.00
No of cycles taken:		201000000
Parallelism [ 0.334, 0.000, 0.229, 0.221,] = 0.784
 IQ conflicts: 8059 (0.00%), FQ conflicts: 0 (0.00%) 
 I reg conflicts: 164999851 (82.09%), FP reg conflicts: 0 (0.00%)
  Activelist confs: 0 (0.00%), ROB confs: 0 (0.00%)
  Int unit conflicts: 8898645 (4.43%), FP unit conflicts: 0 (0.00%)
  Load/store unit conflicts: 2025453 (1.01%)
  MSHR conflicts: 245132026 (121.96%)
----------------------------------------
==== System-wide Cache Statistics ====
Stall for miss queue full 0 cycles (0.00%)
----------------------------------------
==== Statistics for Master ID: 0 ====
Reads: 34349312   Writes: 5411915
ICACHE: size: 64 KB assoc: 2
ICACHE: hits:20541762 misses:59329  Hit Ratio: 99.71%
DCACHE: size: 32 KB assoc: 8
DCACHE: hits:18622294 misses:537842 writebacks:536589  Hit Ratio: 97.19%
SCACHE: size: 512 KB assoc: 2
SCACHE: hits:202169 misses:395002  Hit Ratio: 33.85%
3CACHE: size: 4096 KB assoc: 2
3CACHE: hits:237871 misses:157131  Hit Ratio: 60.22%
3CACHE: dirty items replaced:70622
ITLB: size: 48, misses 9, miss rate 0.00%
DTLB: size: 128, misses 12025, miss rate 0.06%
Avg mem delay: 19.396 cycles
----------------------------------------
==== Statistics for Master ID: 2 ====
Reads: 19208472   Writes: 7381800
ICACHE: size: 64 KB assoc: 2
ICACHE: hits:11582478 misses:59419  Hit Ratio: 99.49%
DCACHE: size: 32 KB assoc: 8
DCACHE: hits:12964837 misses:1983538 writebacks:1787451  Hit Ratio: 86.73%
SCACHE: size: 512 KB assoc: 2
SCACHE: hits:73 misses:2042884  Hit Ratio: 0.00%
3CACHE: size: 4096 KB assoc: 2
3CACHE: hits:21 misses:2042863  Hit Ratio: 0.00%
3CACHE: dirty items replaced:90176
ITLB: size: 48, misses 19, miss rate 0.00%
DTLB: size: 128, misses 74272, miss rate 0.50%
Avg mem delay: 19.396 cycles
----------------------------------------
==== Statistics for Master ID: 3 ====
Reads: 18687669   Writes: 6758867
ICACHE: size: 64 KB assoc: 2
ICACHE: hits:11684556 misses:59426  Hit Ratio: 99.49%
DCACHE: size: 32 KB assoc: 8
DCACHE: hits:11874718 misses:1827836 writebacks:1664463  Hit Ratio: 86.66%
SCACHE: size: 512 KB assoc: 2
SCACHE: hits:79 misses:1887183  Hit Ratio: 0.00%
3CACHE: size: 4096 KB assoc: 2
3CACHE: hits:12 misses:1887171  Hit Ratio: 0.00%
3CACHE: dirty items replaced:87851
ITLB: size: 48, misses 19, miss rate 0.00%
DTLB: size: 128, misses 71851, miss rate 0.52%
Avg mem delay: 19.396 cycles
----------------------------------------
==== Global Resource Utilization ====
STASH: size: 65536 entries, full 275647396, empty 10976, misses 950, full rate 100.00
icache bank util. 0.017 0.007 0.005 0.011 0.021 0.102 0.025 0.034 
dcache bank util. 0.038 0.044 0.047 0.041 0.051 0.036 0.056 0.049 
L2 bank util. 0.029 0.029 0.029 0.028 0.028 0.036 0.036 0.044 
L1-L2 bus util. = 0.127, L3 util. = 0.203
----------------------------------------
branch prediction, hits = 17578163, misses = 444592, hit rate = 97.53%
return_stack prediction, hits = 566826, misses = 20, hit rate = 100.00%
jump prediction, hits = 19523489, misses = 2066, hit rate = 99.99%

**** Debug Statistics at 301000000 Cycles *****
Threads: 4		Fetch Width: 8
No of useful instructions fetched:	430158413 (17.86% proc util.)
No of total instructions fetched:	484842662 (20.13% proc util.)
 includes 246980 misfetch (0.1%), 54437269 (11.2%) wrong-path fetches
 and 0 flushed after failed lock(0.0%)
No of useful instructions issued/executed:	430158360 (17.86% proc util.)
No of total instructions issued/executed:	455620376 (18.92% proc util.)
 includes 25462016 wrong-path (5.6%) insts and 0 flushed (0.0%)
	fp 70, 0.00%
	synch 0, 0.00%
	integer 331622868, 72.78%
	load/store 123997438, 27.22%
Avg size of int IQ (before scheduling): 21.21
Avg size of fp IQ (before scheduling): 0.00
No of cycles taken:		301000000
Parallelism [ 0.536, 0.000, 0.467, 0.426,] = 1.429
 IQ conflicts: 2295577 (0.76%), FQ conflicts: 0 (0.00%) 
 I reg conflicts: 199151409 (66.16%), FP reg conflicts: 0 (0.00%)
  Activelist confs: 196 (0.00%), ROB confs: 798 (0.00%)
  Int unit conflicts: 163371342 (54.28%), FP unit conflicts: 0 (0.00%)
  Load/store unit conflicts: 8836939 (2.94%)
  MSHR conflicts: 269806807 (89.64%)
----------------------------------------
==== System-wide Cache Statistics ====
Stall for miss queue full 0 cycles (0.00%)
----------------------------------------
==== Statistics for Master ID: 0 ====
Reads: 87128974   Writes: 13221841
ICACHE: size: 64 KB assoc: 2
ICACHE: hits:51713880 misses:582197  Hit Ratio: 98.89%
DCACHE: size: 32 KB assoc: 8
DCACHE: hits:46723792 misses:1330946 writebacks:1329693  Hit Ratio: 97.23%
SCACHE: size: 512 KB assoc: 2
SCACHE: hits:1252540 misses:660602  Hit Ratio: 65.47%
3CACHE: size: 4096 KB assoc: 2
3CACHE: hits:315727 misses:344875  Hit Ratio: 47.79%
3CACHE: dirty items replaced:127423
ITLB: size: 48, misses 9, miss rate 0.00%
DTLB: size: 128, misses 22589, miss rate 0.05%
Avg mem delay: 7.862 cycles
----------------------------------------
==== Statistics for Master ID: 2 ====
Reads: 63841089   Writes: 13414115
ICACHE: size: 64 KB assoc: 2
ICACHE: hits:39135714 misses:548233  Hit Ratio: 98.62%
DCACHE: size: 32 KB assoc: 8
DCACHE: hits:35161129 misses:2410128 writebacks:2211556  Hit Ratio: 93.59%
SCACHE: size: 512 KB assoc: 2
SCACHE: hits:549435 misses:2408926  Hit Ratio: 18.57%
3CACHE: size: 4096 KB assoc: 2
3CACHE: hits:80585 misses:2328341  Hit Ratio: 3.35%
3CACHE: dirty items replaced:147666
ITLB: size: 48, misses 25, miss rate 0.00%
DTLB: size: 128, misses 104997, miss rate 0.28%
Avg mem delay: 7.862 cycles
----------------------------------------
==== Statistics for Master ID: 3 ====
Reads: 65712862   Writes: 13523986
ICACHE: size: 64 KB assoc: 2
ICACHE: hits:40265951 misses:599625  Hit Ratio: 98.53%
DCACHE: size: 32 KB assoc: 8
DCACHE: hits:35814058 misses:2557214 writebacks:2384447  Hit Ratio: 93.34%
SCACHE: size: 512 KB assoc: 2
SCACHE: hits:762657 misses:2394182  Hit Ratio: 24.16%
3CACHE: size: 4096 KB assoc: 2
3CACHE: hits:56174 misses:2338008  Hit Ratio: 2.35%
3CACHE: dirty items replaced:149263
ITLB: size: 48, misses 26, miss rate 0.00%
DTLB: size: 128, misses 101963, miss rate 0.27%
Avg mem delay: 7.862 cycles
----------------------------------------
==== Global Resource Utilization ====
STASH: size: 65536 entries, full 635573590, empty 18646, misses 1484, full rate 100.00
icache bank util. 0.049 0.027 0.022 0.037 0.062 0.131 0.059 0.070 
dcache bank util. 0.051 0.065 0.072 0.060 0.085 0.049 0.091 0.061 
L2 bank util. 0.030 0.028 0.028 0.030 0.034 0.037 0.037 0.041 
L1-L2 bus util. = 0.139, L3 util. = 0.166
----------------------------------------
branch prediction, hits = 33410189, misses = 2244261, hit rate = 93.71%
return_stack prediction, hits = 2175154, misses = 20, hit rate = 100.00%
jump prediction, hits = 40871901, misses = 69018, hit rate = 99.83%

**** Debug Statistics at 401000000 Cycles *****
Threads: 4		Fetch Width: 8
No of useful instructions fetched:	695869288 (21.69% proc util.)
No of total instructions fetched:	805764313 (25.12% proc util.)
 includes 599762 misfetch (0.1%), 109295263 (13.6%) wrong-path fetches
 and 0 flushed after failed lock(0.0%)
No of useful instructions issued/executed:	695869277 (21.69% proc util.)
No of total instructions issued/executed:	748090032 (23.32% proc util.)
 includes 52220755 wrong-path (7.0%) insts and 0 flushed (0.0%)
	fp 70, 0.00%
	synch 0, 0.00%
	integer 548106926, 73.27%
	load/store 199983036, 26.73%
Avg size of int IQ (before scheduling): 22.44
Avg size of fp IQ (before scheduling): 0.00
No of cycles taken:		401000000
Parallelism [ 0.625, 0.000, 0.574, 0.537,] = 1.735
 IQ conflicts: 4570095 (1.14%), FQ conflicts: 0 (0.00%) 
 I reg conflicts: 222394808 (55.46%), FP reg conflicts: 0 (0.00%)
  Activelist confs: 269 (0.00%), ROB confs: 798 (0.00%)
  Int unit conflicts: 326445161 (81.41%), FP unit conflicts: 0 (0.00%)
  Load/store unit conflicts: 16226262 (4.05%)
  MSHR conflicts: 278455795 (69.44%)
----------------------------------------
==== System-wide Cache Statistics ====
Stall for miss queue full 0 cycles (0.00%)
----------------------------------------
==== Statistics for Master ID: 0 ====
Reads: 138254157   Writes: 20788403
ICACHE: size: 64 KB assoc: 2
ICACHE: hits:81778576 misses:1213107  Hit Ratio: 98.54%
DCACHE: size: 32 KB assoc: 8
DCACHE: hits:73942679 misses:2108198 writebacks:2106945  Hit Ratio: 97.23%
SCACHE: size: 512 KB assoc: 2
SCACHE: hits:2356946 misses:964359  Hit Ratio: 70.96%
3CACHE: size: 4096 KB assoc: 2
3CACHE: hits:365032 misses:599327  Hit Ratio: 37.85%
3CACHE: dirty items replaced:205542
ITLB: size: 48, misses 9, miss rate 0.00%
DTLB: size: 128, misses 36551, miss rate 0.05%
Avg mem delay: 5.294 cycles
----------------------------------------
==== Statistics for Master ID: 2 ====
Reads: 107605845   Writes: 19331130
ICACHE: size: 64 KB assoc: 2
ICACHE: hits:65876742 misses:1169502  Hit Ratio: 98.26%
DCACHE: size: 32 KB assoc: 8
DCACHE: hits:57112780 misses:2777951 writebacks:2579379  Hit Ratio: 95.36%
SCACHE: size: 512 KB assoc: 2
SCACHE: hits:1200148 misses:2747305  Hit Ratio: 30.40%
3CACHE: size: 4096 KB assoc: 2
3CACHE: hits:158365 misses:2588940  Hit Ratio: 5.76%
3CACHE: dirty items replaced:225476
ITLB: size: 48, misses 25, miss rate 0.00%
DTLB: size: 128, misses 126247, miss rate 0.21%
Avg mem delay: 5.294 cycles
----------------------------------------
==== Statistics for Master ID: 3 ====
Reads: 114411478   Writes: 20318351
ICACHE: size: 64 KB assoc: 2
ICACHE: hits:69435034 misses:1253655  Hit Ratio: 98.23%
DCACHE: size: 32 KB assoc: 8
DCACHE: hits:61008601 misses:3032539 writebacks:2859772  Hit Ratio: 95.26%
SCACHE: size: 512 KB assoc: 2
SCACHE: hits:1568132 misses:2718061  Hit Ratio: 36.59%
3CACHE: size: 4096 KB assoc: 2
3CACHE: hits:127491 misses:2590570  Hit Ratio: 4.69%
3CACHE: dirty items replaced:226185
ITLB: size: 48, misses 26, miss rate 0.00%
DTLB: size: 128, misses 120571, miss rate 0.19%
Avg mem delay: 5.294 cycles
----------------------------------------
==== Global Resource Utilization ====
STASH: size: 65536 entries, full 996970568, empty 18763, misses 1491, full rate 100.00
icache bank util. 0.064 0.037 0.031 0.051 0.085 0.144 0.078 0.088 
dcache bank util. 0.057 0.074 0.084 0.069 0.102 0.054 0.108 0.066 
L2 bank util. 0.029 0.027 0.027 0.030 0.037 0.038 0.038 0.038 
L1-L2 bus util. = 0.143, L3 util. = 0.144
----------------------------------------
branch prediction, hits = 48027137, misses = 4143983, hit rate = 92.06%
return_stack prediction, hits = 3897916, misses = 20, hit rate = 100.00%
jump prediction, hits = 61438503, misses = 165250, hit rate = 99.73%

**** Debug Statistics at 501000000 Cycles *****
Threads: 4		Fetch Width: 8
No of useful instructions fetched:	984424894 (24.56% proc util.)
No of total instructions fetched:	1146840322 (28.61% proc util.)
 includes 865748 misfetch (0.1%), 161549680 (14.1%) wrong-path fetches
 and 0 flushed after failed lock(0.0%)
No of useful instructions issued/executed:	984424875 (24.56% proc util.)
No of total instructions issued/executed:	1061773524 (26.49% proc util.)
 includes 77348649 wrong-path (7.3%) insts and 0 flushed (0.0%)
	fp 70, 0.00%
	synch 0, 0.00%
	integer 780827253, 73.54%
	load/store 280946201, 26.46%
Avg size of int IQ (before scheduling): 23.50
Avg size of fp IQ (before scheduling): 0.00
No of cycles taken:		501000000
Parallelism [ 0.693, 0.000, 0.652, 0.620,] = 1.965
 IQ conflicts: 7163096 (1.43%), FQ conflicts: 0 (0.00%) 
 I reg conflicts: 244712744 (48.84%), FP reg conflicts: 0 (0.00%)
  Activelist confs: 269 (0.00%), ROB confs: 798 (0.00%)
  Int unit conflicts: 508243000 (101.45%), FP unit conflicts: 0 (0.00%)
  Load/store unit conflicts: 24140233 (4.82%)
  MSHR conflicts: 287600368 (57.41%)
----------------------------------------
==== System-wide Cache Statistics ====
Stall for miss queue full 0 cycles (0.00%)
----------------------------------------
==== Statistics for Master ID: 0 ====
Reads: 193729981   Writes: 28707599
ICACHE: size: 64 KB assoc: 2
ICACHE: hits:114449435 misses:1867057  Hit Ratio: 98.39%
DCACHE: size: 32 KB assoc: 8
DCACHE: hits:103109314 misses:3011774 writebacks:3010521  Hit Ratio: 97.16%
SCACHE: size: 512 KB assoc: 2
SCACHE: hits:3639419 misses:1239412  Hit Ratio: 74.60%
3CACHE: size: 4096 KB assoc: 2
3CACHE: hits:408911 misses:830501  Hit Ratio: 32.99%
3CACHE: dirty items replaced:273321
ITLB: size: 48, misses 9, miss rate 0.00%
DTLB: size: 128, misses 45609, miss rate 0.04%
Avg mem delay: 4.137 cycles
----------------------------------------
==== Statistics for Master ID: 2 ====
Reads: 155381756   Writes: 26182063
ICACHE: size: 64 KB assoc: 2
ICACHE: hits:94936383 misses:1838882  Hit Ratio: 98.10%
DCACHE: size: 32 KB assoc: 8
DCACHE: hits:81634563 misses:3153991 writebacks:2955419  Hit Ratio: 96.28%
SCACHE: size: 512 KB assoc: 2
SCACHE: hits:1929842 misses:3063030  Hit Ratio: 38.65%
3CACHE: size: 4096 KB assoc: 2
3CACHE: hits:233829 misses:2829201  Hit Ratio: 7.63%
3CACHE: dirty items replaced:292218
ITLB: size: 48, misses 25, miss rate 0.00%
DTLB: size: 128, misses 141991, miss rate 0.17%
Avg mem delay: 4.137 cycles
----------------------------------------
==== Statistics for Master ID: 3 ====
Reads: 164560079   Writes: 26984517
ICACHE: size: 64 KB assoc: 2
ICACHE: hits:99538070 misses:1970341  Hit Ratio: 98.06%
DCACHE: size: 32 KB assoc: 8
DCACHE: hits:86609254 misses:3426931 writebacks:3254164  Hit Ratio: 96.19%
SCACHE: size: 512 KB assoc: 2
SCACHE: hits:2374447 misses:3022825  Hit Ratio: 43.99%
3CACHE: size: 4096 KB assoc: 2
3CACHE: hits:199574 misses:2823251  Hit Ratio: 6.60%
3CACHE: dirty items replaced:292133
ITLB: size: 48, misses 26, miss rate 0.00%
DTLB: size: 128, misses 134410, miss rate 0.15%
Avg mem delay: 4.137 cycles
----------------------------------------
==== Global Resource Utilization ====
STASH: size: 65536 entries, full 1380564913, empty 18864, misses 1499, full rate 100.00
icache bank util. 0.074 0.043 0.037 0.061 0.101 0.154 0.091 0.101 
dcache bank util. 0.061 0.082 0.093 0.075 0.113 0.059 0.121 0.070 
L2 bank util. 0.029 0.027 0.026 0.031 0.039 0.038 0.038 0.037 
L1-L2 bus util. = 0.147, L3 util. = 0.129
----------------------------------------
branch prediction, hits = 64272850, misses = 5991520, hit rate = 91.47%
return_stack prediction, hits = 5757130, misses = 20, hit rate = 100.00%
jump prediction, hits = 83754699, misses = 241138, hit rate = 99.71%

**** Debug Statistics at 601000000 Cycles *****
Threads: 4		Fetch Width: 8
No of useful instructions fetched:	1186414853 (24.68% proc util.)
No of total instructions fetched:	1392267974 (28.96% proc util.)
 includes 1206959 misfetch (0.1%), 204646162 (14.7%) wrong-path fetches
 and 0 flushed after failed lock(0.0%)
No of useful instructions issued/executed:	1186414815 (24.68% proc util.)
No of total instructions issued/executed:	1286044403 (26.75% proc util.)
 includes 99629588 wrong-path (7.7%) insts and 0 flushed (0.0%)
	fp 70, 0.00%
	synch 0, 0.00%
	integer 945937973, 73.55%
	load/store 340106360, 26.45%
Avg size of int IQ (before scheduling): 22.98
Avg size of fp IQ (before scheduling): 0.00
No of cycles taken:		601000000
Parallelism [ 0.692, 0.000, 0.657, 0.625,] = 1.974
 IQ conflicts: 8886784 (1.48%), FQ conflicts: 0 (0.00%) 
 I reg conflicts: 265349756 (44.15%), FP reg conflicts: 0 (0.00%)
  Activelist confs: 708 (0.00%), ROB confs: 798 (0.00%)
  Int unit conflicts: 617505332 (102.75%), FP unit conflicts: 0 (0.00%)
  Load/store unit conflicts: 29291039 (4.87%)
  MSHR conflicts: 293615948 (48.85%)
----------------------------------------
==== System-wide Cache Statistics ====
Stall for miss queue full 0 cycles (0.00%)
----------------------------------------
==== Statistics for Master ID: 0 ====
Reads: 232980011   Writes: 34509015
ICACHE: size: 64 KB assoc: 2
ICACHE: hits:137012642 misses:2488459  Hit Ratio: 98.22%
DCACHE: size: 32 KB assoc: 8
DCACHE: hits:124344368 misses:3643557 writebacks:3642304  Hit Ratio: 97.15%
SCACHE: size: 512 KB assoc: 2
SCACHE: hits:4521361 misses:1610655  Hit Ratio: 73.73%
3CACHE: size: 4096 KB assoc: 2
3CACHE: hits:457459 misses:1153196  Hit Ratio: 28.40%
3CACHE: dirty items replaced:355883
ITLB: size: 48, misses 9, miss rate 0.00%
DTLB: size: 128, misses 60281, miss rate 0.05%
Avg mem delay: 3.691 cycles
----------------------------------------
==== Statistics for Master ID: 2 ====
Reads: 188507097   Writes: 30980943
ICACHE: size: 64 KB assoc: 2
ICACHE: hits:114724185 misses:2452215  Hit Ratio: 97.91%
DCACHE: size: 32 KB assoc: 8
DCACHE: hits:98892222 misses:3419418 writebacks:3220846  Hit Ratio: 96.66%
SCACHE: size: 512 KB assoc: 2
SCACHE: hits:2416658 misses:3454975  Hit Ratio: 41.16%
3CACHE: size: 4096 KB assoc: 2
3CACHE: hits:297307 misses:3157668  Hit Ratio: 8.61%
3CACHE: dirty items replaced:374703
ITLB: size: 48, misses 25, miss rate 0.00%
DTLB: size: 128, misses 162374, miss rate 0.16%
Avg mem delay: 3.691 cycles
----------------------------------------
==== Statistics for Master ID: 3 ====
Reads: 200943907   Writes: 32320423
ICACHE: size: 64 KB assoc: 2
ICACHE: hits:120832162 misses:2625837  Hit Ratio: 97.87%
DCACHE: size: 32 KB assoc: 8
DCACHE: hits:105958238 misses:3848093 writebacks:3675326  Hit Ratio: 96.50%
SCACHE: size: 512 KB assoc: 2
SCACHE: hits:3068436 misses:3405494  Hit Ratio: 47.40%
3CACHE: size: 4096 KB assoc: 2
3CACHE: hits:259925 misses:3145569  Hit Ratio: 7.63%
3CACHE: dirty items replaced:374661
ITLB: size: 48, misses 26, miss rate 0.00%
DTLB: size: 128, misses 153126, miss rate 0.14%
Avg mem delay: 3.691 cycles
----------------------------------------
==== Global Resource Utilization ====
STASH: size: 65536 entries, full 1657530779, empty 18880, misses 1499, full rate 100.00
icache bank util. 0.075 0.044 0.038 0.063 0.104 0.151 0.093 0.102 
dcache bank util. 0.060 0.081 0.094 0.075 0.115 0.058 0.122 0.068 
L2 bank util. 0.029 0.026 0.026 0.031 0.041 0.038 0.037 0.036 
L1-L2 bus util. = 0.145, L3 util. = 0.124
----------------------------------------
branch prediction, hits = 75316711, misses = 7394489, hit rate = 91.06%
return_stack prediction, hits = 7134031, misses = 20, hit rate = 100.00%
jump prediction, hits = 99409536, misses = 328250, hit rate = 99.67%

**** Debug Statistics at 701000000 Cycles *****
Threads: 4		Fetch Width: 8
No of useful instructions fetched:	1485806395 (26.49% proc util.)
No of total instructions fetched:	1746132860 (31.14% proc util.)
 includes 1458714 misfetch (0.1%), 258867751 (14.8%) wrong-path fetches
 and 0 flushed after failed lock(0.0%)
No of useful instructions issued/executed:	1485806361 (26.49% proc util.)
No of total instructions issued/executed:	1611491502 (28.74% proc util.)
 includes 125685141 wrong-path (7.8%) insts and 0 flushed (0.0%)
	fp 70, 0.00%
	synch 0, 0.00%
	integer 1187307171, 73.68%
	load/store 424184261, 26.32%
Avg size of int IQ (before scheduling): 23.85
Avg size of fp IQ (before scheduling): 0.00
No of cycles taken:		701000000
Parallelism [ 0.736, 0.000, 0.708, 0.676,] = 2.120
 IQ conflicts: 11510728 (1.64%), FQ conflicts: 0 (0.00%) 
 I reg conflicts: 288751160 (41.19%), FP reg conflicts: 0 (0.00%)
  Activelist confs: 1054 (0.00%), ROB confs: 798 (0.00%)
  Int unit conflicts: 811733506 (115.80%), FP unit conflicts: 0 (0.00%)
  Load/store unit conflicts: 37435182 (5.34%)
  MSHR conflicts: 303539216 (43.30%)
----------------------------------------
==== System-wide Cache Statistics ====
Stall for miss queue full 0 cycles (0.00%)
----------------------------------------
==== Statistics for Master ID: 0 ====
Reads: 290281591   Writes: 42916016
ICACHE: size: 64 KB assoc: 2
ICACHE: hits:170968895 misses:3081615  Hit Ratio: 98.23%
DCACHE: size: 32 KB assoc: 8
DCACHE: hits:154612036 misses:4535061 writebacks:4533808  Hit Ratio: 97.15%
SCACHE: size: 512 KB assoc: 2
SCACHE: hits:5738784 misses:1877892  Hit Ratio: 75.34%
3CACHE: size: 4096 KB assoc: 2
3CACHE: hits:502805 misses:1375086  Hit Ratio: 26.77%
3CACHE: dirty items replaced:420058
ITLB: size: 48, misses 9, miss rate 0.00%
DTLB: size: 128, misses 69056, miss rate 0.04%
Avg mem delay: 3.243 cycles
----------------------------------------
==== Statistics for Master ID: 2 ====
Reads: 236797326   Writes: 37341047
ICACHE: size: 64 KB assoc: 2
ICACHE: hits:144681176 misses:3021527  Hit Ratio: 97.95%
DCACHE: size: 32 KB assoc: 8
DCACHE: hits:122641988 misses:3793682 writebacks:3595110  Hit Ratio: 97.00%
SCACHE: size: 512 KB assoc: 2
SCACHE: hits:3059299 misses:3755910  Hit Ratio: 44.89%
3CACHE: size: 4096 KB assoc: 2
3CACHE: hits:366860 misses:3389050  Hit Ratio: 9.77%
3CACHE: dirty items replaced:435183
ITLB: size: 48, misses 25, miss rate 0.00%
DTLB: size: 128, misses 176506, miss rate 0.14%
Avg mem delay: 3.243 cycles
----------------------------------------
==== Statistics for Master ID: 3 ====
Reads: 255308290   Writes: 40140145
ICACHE: size: 64 KB assoc: 2
ICACHE: hits:153598652 misses:3248835  Hit Ratio: 97.93%
DCACHE: size: 32 KB assoc: 8
DCACHE: hits:134193061 misses:4407887 writebacks:4235120  Hit Ratio: 96.82%
SCACHE: size: 512 KB assoc: 2
SCACHE: hits:3965089 misses:3691633  Hit Ratio: 51.79%
3CACHE: size: 4096 KB assoc: 2
3CACHE: hits:323923 misses:3367710  Hit Ratio: 8.77%
3CACHE: dirty items replaced:435872
ITLB: size: 48, misses 26, miss rate 0.00%
DTLB: size: 128, misses 164234, miss rate 0.12%
Avg mem delay: 3.243 cycles
----------------------------------------
==== Global Resource Utilization ====
STASH: size: 65536 entries, full 2054933172, empty 18899, misses 1499, full rate 100.00
icache bank util. 0.082 0.048 0.041 0.069 0.114 0.158 0.101 0.110 
dcache bank util. 0.063 0.086 0.099 0.080 0.123 0.061 0.129 0.071 
L2 bank util. 0.029 0.026 0.026 0.031 0.042 0.038 0.038 0.035 
L1-L2 bus util. = 0.147, L3 util. = 0.116
----------------------------------------
branch prediction, hits = 91785110, misses = 9317287, hit rate = 90.78%
return_stack prediction, hits = 9018429, misses = 20, hit rate = 100.00%
jump prediction, hits = 122312720, misses = 398714, hit rate = 99.68%

**** Debug Statistics at 801000000 Cycles *****
Threads: 4		Fetch Width: 8
No of useful instructions fetched:	1763354642 (27.52% proc util.)
No of total instructions fetched:	2080223310 (32.46% proc util.)
 includes 1810043 misfetch (0.1%), 315058625 (15.1%) wrong-path fetches
 and 0 flushed after failed lock(0.0%)
No of useful instructions issued/executed:	1763354607 (27.52% proc util.)
No of total instructions issued/executed:	1916467898 (29.91% proc util.)
 includes 153113291 wrong-path (8.0%) insts and 0 flushed (0.0%)
	fp 70, 0.00%
	synch 0, 0.00%
	integer 1412587644, 73.71%
	load/store 503880184, 26.29%
Avg size of int IQ (before scheduling): 24.22
Avg size of fp IQ (before scheduling): 0.00
No of cycles taken:		801000000
Parallelism [ 0.760, 0.000, 0.737, 0.705,] = 2.201
 IQ conflicts: 13995797 (1.75%), FQ conflicts: 0 (0.00%) 
 I reg conflicts: 312452568 (39.01%), FP reg conflicts: 0 (0.00%)
  Activelist confs: 1297 (0.00%), ROB confs: 798 (0.00%)
  Int unit conflicts: 968061855 (120.86%), FP unit conflicts: 0 (0.00%)
  Load/store unit conflicts: 44292704 (5.53%)
  MSHR conflicts: 312092639 (38.96%)
----------------------------------------
==== System-wide Cache Statistics ====
Stall for miss queue full 0 cycles (0.00%)
----------------------------------------
==== Statistics for Master ID: 0 ====
Reads: 343277044   Writes: 50653400
ICACHE: size: 64 KB assoc: 2
ICACHE: hits:202039027 misses:3767530  Hit Ratio: 98.17%
DCACHE: size: 32 KB assoc: 8
DCACHE: hits:182743366 misses:5380521 writebacks:5379268  Hit Ratio: 97.14%
SCACHE: size: 512 KB assoc: 2
SCACHE: hits:6975344 misses:2172706  Hit Ratio: 76.25%
3CACHE: size: 4096 KB assoc: 2
3CACHE: hits:557081 misses:1615625  Hit Ratio: 25.64%
3CACHE: dirty items replaced:500002
ITLB: size: 48, misses 9, miss rate 0.00%
DTLB: size: 128, misses 81119, miss rate 0.04%
Avg mem delay: 2.962 cycles
----------------------------------------
==== Statistics for Master ID: 2 ====
Reads: 283007100   Writes: 44066123
ICACHE: size: 64 KB assoc: 2
ICACHE: hits:172636508 misses:3704296  Hit Ratio: 97.90%
DCACHE: size: 32 KB assoc: 8
DCACHE: hits:146579011 misses:4153408 writebacks:3954836  Hit Ratio: 97.24%
SCACHE: size: 512 KB assoc: 2
SCACHE: hits:3771317 misses:4086387  Hit Ratio: 48.00%
3CACHE: size: 4096 KB assoc: 2
3CACHE: hits:447253 misses:3639134  Hit Ratio: 10.94%
3CACHE: dirty items replaced:515685
ITLB: size: 48, misses 25, miss rate 0.00%
DTLB: size: 128, misses 194535, miss rate 0.13%
Avg mem delay: 2.962 cycles
----------------------------------------
==== Statistics for Master ID: 3 ====
Reads: 305183914   Writes: 47132145
ICACHE: size: 64 KB assoc: 2
ICACHE: hits:183322374 misses:3970454  Hit Ratio: 97.88%
DCACHE: size: 32 KB assoc: 8
DCACHE: hits:160125727 misses:4897504 writebacks:4724737  Hit Ratio: 97.03%
SCACHE: size: 512 KB assoc: 2
SCACHE: hits:4860888 misses:4007070  Hit Ratio: 54.81%
3CACHE: size: 4096 KB assoc: 2
3CACHE: hits:395477 misses:3611593  Hit Ratio: 9.87%
3CACHE: dirty items replaced:515659
ITLB: size: 48, misses 26, miss rate 0.00%
DTLB: size: 128, misses 179495, miss rate 0.11%
Avg mem delay: 2.962 cycles
----------------------------------------
==== Global Resource Utilization ====
STASH: size: 65536 entries, full 2431194217, empty 18908, misses 1500, full rate 100.00
icache bank util. 0.085 0.051 0.044 0.073 0.119 0.161 0.106 0.115 
dcache bank util. 0.065 0.089 0.103 0.082 0.128 0.063 0.134 0.072 
L2 bank util. 0.029 0.026 0.026 0.032 0.042 0.038 0.038 0.035 
L1-L2 bus util. = 0.150, L3 util. = 0.111
----------------------------------------
branch prediction, hits = 106978298, misses = 11249795, hit rate = 90.48%
return_stack prediction, hits = 10840389, misses = 20, hit rate = 100.00%
jump prediction, hits = 143658697, misses = 492507, hit rate = 99.66%

**** Early Exiting at 886783749 Cycles *****
========================================
 SMTSIM Global Statistics
========================================
Threads: 4		Fetch Width: 8
No of useful instructions fetched:	2000000078 (28.19% proc util.)
No of total instructions fetched:	2365892562 (33.35% proc util.)
 includes 2108314 misfetch (0.1%), 363784170 (15.4%) wrong-path fetches
 and 0 flushed after failed lock(0.0%)
No of useful instructions issued/executed:	2000000041 (28.19% proc util.)
No of total instructions issued/executed:	2177410638 (30.69% proc util.)
 includes 177410597 wrong-path (8.1%) insts and 0 flushed (0.0%)
	fp 70, 0.00%
	synch 0, 0.00%
	integer 1605755447, 73.75%
	load/store 571655121, 26.25%
Avg size of int IQ (before scheduling): 24.51
Avg size of fp IQ (before scheduling): 0.00
No of cycles taken:		886783749
Parallelism [ 0.777, 0.000, 0.756, 0.723,] = 2.255
 IQ conflicts: 16167093 (1.82%), FQ conflicts: 0 (0.00%) 
 I reg conflicts: 333240254 (37.58%), FP reg conflicts: 0 (0.00%)
  Activelist confs: 1438 (0.00%), ROB confs: 798 (0.00%)
  Int unit conflicts: 1106206231 (124.74%), FP unit conflicts: 0 (0.00%)
  Load/store unit conflicts: 50552483 (5.70%)
  MSHR conflicts: 319271521 (36.00%)
----------------------------------------
==== System-wide Cache Statistics ====
Stall for miss queue full 0 cycles (0.00%)
----------------------------------------
==== Statistics for Master ID: 0 ====
Reads: 388921501   Writes: 57452457
ICACHE: size: 64 KB assoc: 2
ICACHE: hits:228869309 misses:4355521  Hit Ratio: 98.13%
DCACHE: size: 32 KB assoc: 8
DCACHE: hits:207077094 misses:6072034 writebacks:6070781  Hit Ratio: 97.15%
SCACHE: size: 512 KB assoc: 2
SCACHE: hits:8001649 misses:2425906  Hit Ratio: 76.74%
3CACHE: size: 4096 KB assoc: 2
3CACHE: hits:606379 misses:1819527  Hit Ratio: 25.00%
3CACHE: dirty items replaced:565466
ITLB: size: 48, misses 9, miss rate 0.00%
DTLB: size: 128, misses 93745, miss rate 0.04%
Avg mem delay: 2.794 cycles
----------------------------------------
==== Statistics for Master ID: 2 ====
Reads: 322182974   Writes: 49478745
ICACHE: size: 64 KB assoc: 2
ICACHE: hits:196478345 misses:4294633  Hit Ratio: 97.86%
DCACHE: size: 32 KB assoc: 8
DCACHE: hits:166414775 misses:4473966 writebacks:4275394  Hit Ratio: 97.38%
SCACHE: size: 512 KB assoc: 2
SCACHE: hits:4400039 misses:4368560  Hit Ratio: 50.18%
3CACHE: size: 4096 KB assoc: 2
3CACHE: hits:520388 misses:3848172  Hit Ratio: 11.91%
3CACHE: dirty items replaced:580227
ITLB: size: 48, misses 25, miss rate 0.00%
DTLB: size: 128, misses 212128, miss rate 0.12%
Avg mem delay: 2.794 cycles
----------------------------------------
==== Statistics for Master ID: 3 ====
Reads: 348493797   Writes: 52944560
ICACHE: size: 64 KB assoc: 2
ICACHE: hits:209233678 misses:4588170  Hit Ratio: 97.85%
DCACHE: size: 32 KB assoc: 8
DCACHE: hits:182169702 misses:5446807 writebacks:5274040  Hit Ratio: 97.10%
SCACHE: size: 512 KB assoc: 2
SCACHE: hits:5766028 misses:4268949  Hit Ratio: 57.46%
3CACHE: size: 4096 KB assoc: 2
3CACHE: hits:453802 misses:3815147  Hit Ratio: 10.63%
3CACHE: dirty items replaced:580542
ITLB: size: 48, misses 26, miss rate 0.00%
DTLB: size: 128, misses 194377, miss rate 0.10%
Avg mem delay: 2.794 cycles
----------------------------------------
==== Global Resource Utilization ====
STASH: size: 65536 entries, full 2753142720, empty 18911, misses 1500, full rate 100.00
icache bank util. 0.088 0.052 0.045 0.075 0.123 0.164 0.109 0.118 
dcache bank util. 0.066 0.091 0.105 0.084 0.131 0.064 0.138 0.074 
L2 bank util. 0.029 0.026 0.026 0.032 0.043 0.039 0.038 0.035 
L1-L2 bus util. = 0.152, L3 util. = 0.107
----------------------------------------
branch prediction, hits = 119984445, misses = 12940021, hit rate = 90.27%
return_stack prediction, hits = 12371619, misses = 20, hit rate = 100.00%
jump prediction, hits = 161849490, misses = 575089, hit rate = 99.65%
total IPC 2.255

=== Results saved to: ./results/gzip-graphic_2_gzip-log_1_gzip-program_1.txt ===
