测试组合（多线程优先）：equake.arg2 + gcc-integrate.arg + gcc-scilab.arg
执行命令：./smtsim equake.arg2 gcc-integrate.arg gcc-scilab.arg
==================================================

equake: Reading nodes.
equake: Reading elements.
SMTCache
Process 0, Thread 0: equake
Process 0, Thread 1: equake
Process 2, Thread 2: gcc-integrate
Process 3, Thread 3: gcc-scilab

**** Debug Statistics at 1000000 Cycles *****
Threads: 4		Fetch Width: 8
No of useful instructions fetched:	2949775 (36.87% proc util.)
No of total instructions fetched:	3878612 (48.48% proc util.)
 includes 367515 misfetch (9.5%), 561322 (14.5%) wrong-path fetches
 and 0 flushed after failed lock(0.0%)
No of useful instructions issued/executed:	2949734 (36.87% proc util.)
No of total instructions issued/executed:	3229278 (40.37% proc util.)
 includes 279544 wrong-path (8.7%) insts and 0 flushed (0.0%)
	fp 978, 0.03%
	synch 0, 0.00%
	integer 2162239, 66.96%
	load/store 1066061, 33.01%
Avg size of int IQ (before scheduling): 15.13
Avg size of fp IQ (before scheduling): 0.00
No of cycles taken:		1000000
Parallelism [ 1.512, 0.000, 0.719, 0.719,] = 2.950
 IQ conflicts: 17794 (1.78%), FQ conflicts: 0 (0.00%) 
 I reg conflicts: 219490 (21.95%), FP reg conflicts: 0 (0.00%)
  Activelist confs: 0 (0.00%), ROB confs: 4801 (0.48%)
  Int unit conflicts: 1017922 (101.79%), FP unit conflicts: 4 (0.00%)
  Load/store unit conflicts: 223277 (22.33%)
  MSHR conflicts: 595358 (59.54%)
----------------------------------------
==== System-wide Cache Statistics ====
Stall for miss queue full 0 cycles (0.00%)
----------------------------------------
==== Statistics for Master ID: 0 ====
Reads: 876716   Writes: 160615
ICACHE: size: 64 KB assoc: 2
ICACHE: hits:524446 misses:5259  Hit Ratio: 99.01%
DCACHE: size: 32 KB assoc: 8
DCACHE: hits:507362 misses:264 writebacks:0  Hit Ratio: 99.95%
SCACHE: size: 512 KB assoc: 2
SCACHE: hits:4252 misses:1271  Hit Ratio: 76.99%
3CACHE: size: 4096 KB assoc: 2
3CACHE: hits:584 misses:687  Hit Ratio: 45.95%
3CACHE: dirty items replaced:0
ITLB: size: 48, misses 17, miss rate 0.00%
DTLB: size: 128, misses 22, miss rate 0.00%
Avg mem delay: 1.102 cycles
----------------------------------------
==== Statistics for Master ID: 2 ====
Reads: 459861   Writes: 111617
ICACHE: size: 64 KB assoc: 2
ICACHE: hits:280241 misses:9729  Hit Ratio: 96.64%
DCACHE: size: 32 KB assoc: 8
DCACHE: hits:278467 misses:3041 writebacks:2248  Hit Ratio: 98.92%
SCACHE: size: 512 KB assoc: 2
SCACHE: hits:7384 misses:5386  Hit Ratio: 57.82%
3CACHE: size: 4096 KB assoc: 2
3CACHE: hits:790 misses:4596  Hit Ratio: 14.67%
3CACHE: dirty items replaced:2
ITLB: size: 48, misses 299, miss rate 0.10%
DTLB: size: 128, misses 213, miss rate 0.08%
Avg mem delay: 1.102 cycles
----------------------------------------
==== Statistics for Master ID: 3 ====
Reads: 445975   Writes: 110532
ICACHE: size: 64 KB assoc: 2
ICACHE: hits:270523 misses:9844  Hit Ratio: 96.49%
DCACHE: size: 32 KB assoc: 8
DCACHE: hits:273116 misses:3024 writebacks:2229  Hit Ratio: 98.90%
SCACHE: size: 512 KB assoc: 2
SCACHE: hits:7475 misses:5393  Hit Ratio: 58.09%
3CACHE: size: 4096 KB assoc: 2
3CACHE: hits:819 misses:4574  Hit Ratio: 15.19%
3CACHE: dirty items replaced:2
ITLB: size: 48, misses 312, miss rate 0.11%
DTLB: size: 128, misses 201, miss rate 0.07%
Avg mem delay: 1.102 cycles
----------------------------------------
==== Global Resource Utilization ====
STASH: size: 65536 entries, full 504275692, empty 94079, misses 8188, full rate 99.98
icache bank util. 0.172 0.168 0.186 0.151 0.112 0.123 0.141 0.121 
dcache bank util. 0.077 0.164 0.145 0.136 0.112 0.121 0.208 0.135 
L2 bank util. 0.028 0.032 0.033 0.029 0.025 0.024 0.024 0.023 
L1-L2 bus util. = 0.107, L3 util. = 0.099
----------------------------------------
branch prediction, hits = 350469, misses = 21525, hit rate = 94.21%
return_stack prediction, hits = 76769, misses = 12, hit rate = 99.98%
jump prediction, hits = 320798, misses = 79181, hit rate = 80.20%
 dgelq2_ function_cannot_inline_p save_for_inline dgelqf_ copy_for_inline
**** Debug Statistics at 101000000 Cycles *****
Threads: 4		Fetch Width: 8
No of useful instructions fetched:	350489054 (43.38% proc util.)
No of total instructions fetched:	528201712 (65.37% proc util.)
 includes 52487373 misfetch (9.9%), 125225285 (23.7%) wrong-path fetches
 and 0 flushed after failed lock(0.0%)
No of useful instructions issued/executed:	350489030 (43.38% proc util.)
No of total instructions issued/executed:	413374616 (51.16% proc util.)
 includes 62885586 wrong-path (15.2%) insts and 0 flushed (0.0%)
	fp 115289, 0.03%
	synch 0, 0.00%
	integer 271045005, 65.57%
	load/store 142214322, 34.40%
Avg size of int IQ (before scheduling): 16.66
Avg size of fp IQ (before scheduling): 0.00
No of cycles taken:		101000000
Parallelism [ 1.993, 0.000, 0.719, 0.758,] = 3.470
 IQ conflicts: 1222456 (1.21%), FQ conflicts: 0 (0.00%) 
 I reg conflicts: 5424961 (5.37%), FP reg conflicts: 0 (0.00%)
  Activelist confs: 652 (0.00%), ROB confs: 87783 (0.09%)
  Int unit conflicts: 113182362 (112.06%), FP unit conflicts: 17 (0.00%)
  Load/store unit conflicts: 25096570 (24.85%)
  MSHR conflicts: 7122526 (7.05%)
----------------------------------------
==== System-wide Cache Statistics ====
Stall for miss queue full 0 cycles (0.00%)
----------------------------------------
==== Statistics for Master ID: 0 ====
Reads: 119262850   Writes: 21360902
ICACHE: size: 64 KB assoc: 2
ICACHE: hits:72600544 misses:694136  Hit Ratio: 99.05%
DCACHE: size: 32 KB assoc: 8
DCACHE: hits:67312200 misses:16872 writebacks:16123  Hit Ratio: 99.97%
SCACHE: size: 512 KB assoc: 2
SCACHE: hits:652156 misses:58852  Hit Ratio: 91.72%
3CACHE: size: 4096 KB assoc: 2
3CACHE: hits:39414 misses:19438  Hit Ratio: 66.97%
3CACHE: dirty items replaced:547
ITLB: size: 48, misses 555, miss rate 0.00%
DTLB: size: 128, misses 4537, miss rate 0.01%
Avg mem delay: 0.986 cycles
----------------------------------------
==== Statistics for Master ID: 2 ====
Reads: 63125540   Writes: 9708283
ICACHE: size: 64 KB assoc: 2
ICACHE: hits:35608817 misses:1744197  Hit Ratio: 95.33%
DCACHE: size: 32 KB assoc: 8
DCACHE: hits:35064726 misses:416083 writebacks:415279  Hit Ratio: 98.83%
SCACHE: size: 512 KB assoc: 2
SCACHE: hits:1741428 misses:418851  Hit Ratio: 80.61%
3CACHE: size: 4096 KB assoc: 2
3CACHE: hits:335469 misses:83382  Hit Ratio: 80.09%
3CACHE: dirty items replaced:8133
ITLB: size: 48, misses 197798, miss rate 0.53%
DTLB: size: 128, misses 70037, miss rate 0.20%
Avg mem delay: 0.986 cycles
----------------------------------------
==== Statistics for Master ID: 3 ====
Reads: 68432723   Writes: 10799979
ICACHE: size: 64 KB assoc: 2
ICACHE: hits:38387737 misses:1783357  Hit Ratio: 95.56%
DCACHE: size: 32 KB assoc: 8
DCACHE: hits:38580959 misses:480649 writebacks:479844  Hit Ratio: 98.77%
SCACHE: size: 512 KB assoc: 2
SCACHE: hits:1853081 misses:410925  Hit Ratio: 81.85%
3CACHE: size: 4096 KB assoc: 2
3CACHE: hits:337350 misses:73575  Hit Ratio: 82.10%
3CACHE: dirty items replaced:8310
ITLB: size: 48, misses 185625, miss rate 0.46%
DTLB: size: 128, misses 68234, miss rate 0.17%
Avg mem delay: 0.986 cycles
----------------------------------------
==== Global Resource Utilization ====
STASH: size: 65536 entries, full 1072479410, empty 17742263, misses 1512673, full rate 98.24
icache bank util. 0.252 0.233 0.223 0.194 0.175 0.172 0.180 0.189 
dcache bank util. 0.122 0.222 0.258 0.233 0.163 0.132 0.184 0.143 
L2 bank util. 0.041 0.047 0.043 0.040 0.036 0.035 0.034 0.039 
L1-L2 bus util. = 0.180, L3 util. = 0.017
----------------------------------------
branch prediction, hits = 43347661, misses = 5197073, hit rate = 89.29%
return_stack prediction, hits = 8788425, misses = 2267, hit rate = 99.97%
jump prediction, hits = 36182727, misses = 11757933, hit rate = 75.47%
 expand_inline_function dgels_
**** Debug Statistics at 201000000 Cycles *****
Threads: 4		Fetch Width: 8
No of useful instructions fetched:	706177562 (43.92% proc util.)
No of total instructions fetched:	1070021902 (66.54% proc util.)
 includes 102781064 misfetch (9.6%), 261063276 (24.4%) wrong-path fetches
 and 0 flushed after failed lock(0.0%)
No of useful instructions issued/executed:	706177549 (43.92% proc util.)
No of total instructions issued/executed:	836998747 (52.05% proc util.)
 includes 130821198 wrong-path (15.6%) insts and 0 flushed (0.0%)
	fp 225595, 0.03%
	synch 0, 0.00%
	integer 548366608, 65.52%
	load/store 288406544, 34.46%
Avg size of int IQ (before scheduling): 17.37
Avg size of fp IQ (before scheduling): 0.00
No of cycles taken:		201000000
Parallelism [ 1.961, 0.000, 0.768, 0.784,] = 3.513
 IQ conflicts: 2477360 (1.23%), FQ conflicts: 0 (0.00%) 
 I reg conflicts: 11147471 (5.55%), FP reg conflicts: 0 (0.00%)
  Activelist confs: 1434 (0.00%), ROB confs: 216707 (0.11%)
  Int unit conflicts: 241183317 (119.99%), FP unit conflicts: 17 (0.00%)
  Load/store unit conflicts: 52655737 (26.20%)
  MSHR conflicts: 19466305 (9.68%)
----------------------------------------
==== System-wide Cache Statistics ====
Stall for miss queue full 0 cycles (0.00%)
----------------------------------------
==== Statistics for Master ID: 0 ====
Reads: 234275976   Writes: 41577049
ICACHE: size: 64 KB assoc: 2
ICACHE: hits:143235901 misses:1403775  Hit Ratio: 99.03%
DCACHE: size: 32 KB assoc: 8
DCACHE: hits:131181090 misses:32259 writebacks:31495  Hit Ratio: 99.98%
SCACHE: size: 512 KB assoc: 2
SCACHE: hits:1337872 misses:98162  Hit Ratio: 93.16%
3CACHE: size: 4096 KB assoc: 2
3CACHE: hits:63986 misses:34176  Hit Ratio: 65.18%
3CACHE: dirty items replaced:2755
ITLB: size: 48, misses 1728, miss rate 0.00%
DTLB: size: 128, misses 9294, miss rate 0.01%
Avg mem delay: 1.035 cycles
----------------------------------------
==== Statistics for Master ID: 2 ====
Reads: 135486001   Writes: 20871248
ICACHE: size: 64 KB assoc: 2
ICACHE: hits:76923639 misses:3282835  Hit Ratio: 95.91%
DCACHE: size: 32 KB assoc: 8
DCACHE: hits:75236572 misses:914203 writebacks:913399  Hit Ratio: 98.80%
SCACHE: size: 512 KB assoc: 2
SCACHE: hits:3444264 misses:752774  Hit Ratio: 82.06%
3CACHE: size: 4096 KB assoc: 2
3CACHE: hits:615821 misses:136953  Hit Ratio: 81.81%
3CACHE: dirty items replaced:24730
ITLB: size: 48, misses 373914, miss rate 0.47%
DTLB: size: 128, misses 163631, miss rate 0.21%
Avg mem delay: 1.035 cycles
----------------------------------------
==== Statistics for Master ID: 3 ====
Reads: 141241080   Writes: 22392918
ICACHE: size: 64 KB assoc: 2
ICACHE: hits:79930045 misses:3362532  Hit Ratio: 95.96%
DCACHE: size: 32 KB assoc: 8
DCACHE: hits:79291808 misses:1049613 writebacks:1048808  Hit Ratio: 98.69%
SCACHE: size: 512 KB assoc: 2
SCACHE: hits:3642180 misses:769964  Hit Ratio: 82.55%
3CACHE: size: 4096 KB assoc: 2
3CACHE: hits:639706 misses:130258  Hit Ratio: 83.08%
3CACHE: dirty items replaced:25033
ITLB: size: 48, misses 357692, miss rate 0.43%
DTLB: size: 128, misses 157101, miss rate 0.20%
Avg mem delay: 1.035 cycles
----------------------------------------
==== Global Resource Utilization ====
STASH: size: 65536 entries, full 1659407559, empty 35219273, misses 3002883, full rate 97.75
icache bank util. 0.254 0.234 0.228 0.201 0.183 0.179 0.183 0.192 
dcache bank util. 0.126 0.216 0.251 0.234 0.183 0.141 0.190 0.150 
L2 bank util. 0.040 0.046 0.043 0.040 0.036 0.035 0.033 0.038 
L1-L2 bus util. = 0.180, L3 util. = 0.015
----------------------------------------
branch prediction, hits = 86881129, misses = 10857662, hit rate = 88.89%
return_stack prediction, hits = 17419623, misses = 4648, hit rate = 99.97%
jump prediction, hits = 72977770, misses = 23520391, hit rate = 75.63%
 copy_parm_decls copy_decl_tree copy_rtx_and_substitute
**** Debug Statistics at 301000000 Cycles *****
Threads: 4		Fetch Width: 8
No of useful instructions fetched:	1063168037 (44.15% proc util.)
No of total instructions fetched:	1602424714 (66.55% proc util.)
 includes 153457481 misfetch (9.6%), 385799196 (24.1%) wrong-path fetches
 and 0 flushed after failed lock(0.0%)
No of useful instructions issued/executed:	1063168014 (44.15% proc util.)
No of total instructions issued/executed:	1256138541 (52.17% proc util.)
 includes 192970527 wrong-path (15.4%) insts and 0 flushed (0.0%)
	fp 332608, 0.03%
	synch 0, 0.00%
	integer 823498625, 65.56%
	load/store 432307308, 34.42%
Avg size of int IQ (before scheduling): 17.38
Avg size of fp IQ (before scheduling): 0.00
No of cycles taken:		301000000
Parallelism [ 1.969, 0.000, 0.766, 0.797,] = 3.532
 IQ conflicts: 3674471 (1.22%), FQ conflicts: 0 (0.00%) 
 I reg conflicts: 15761659 (5.24%), FP reg conflicts: 0 (0.00%)
  Activelist confs: 5478 (0.00%), ROB confs: 346476 (0.12%)
  Int unit conflicts: 371914257 (123.56%), FP unit conflicts: 21 (0.00%)
  Load/store unit conflicts: 80045285 (26.59%)
  MSHR conflicts: 35095539 (11.66%)
----------------------------------------
==== System-wide Cache Statistics ====
Stall for miss queue full 0 cycles (0.00%)
----------------------------------------
==== Statistics for Master ID: 0 ====
Reads: 351610316   Writes: 62357427
ICACHE: size: 64 KB assoc: 2
ICACHE: hits:214815844 misses:2143350  Hit Ratio: 99.01%
DCACHE: size: 32 KB assoc: 8
DCACHE: hits:196960932 misses:47617 writebacks:46847  Hit Ratio: 99.98%
SCACHE: size: 512 KB assoc: 2
SCACHE: hits:2032147 misses:158820  Hit Ratio: 92.75%
3CACHE: size: 4096 KB assoc: 2
3CACHE: hits:109769 misses:49051  Hit Ratio: 69.12%
3CACHE: dirty items replaced:9850
ITLB: size: 48, misses 2236, miss rate 0.00%
DTLB: size: 128, misses 14290, miss rate 0.01%
Avg mem delay: 1.033 cycles
----------------------------------------
==== Statistics for Master ID: 2 ====
Reads: 201679459   Writes: 31118128
ICACHE: size: 64 KB assoc: 2
ICACHE: hits:114135382 misses:5130836  Hit Ratio: 95.70%
DCACHE: size: 32 KB assoc: 8
DCACHE: hits:112195192 misses:1336177 writebacks:1335373  Hit Ratio: 98.82%
SCACHE: size: 512 KB assoc: 2
SCACHE: hits:5275365 misses:1191648  Hit Ratio: 81.57%
3CACHE: size: 4096 KB assoc: 2
3CACHE: hits:1004870 misses:186778  Hit Ratio: 84.33%
3CACHE: dirty items replaced:45987
ITLB: size: 48, misses 554017, miss rate 0.46%
DTLB: size: 128, misses 248839, miss rate 0.22%
Avg mem delay: 1.033 cycles
----------------------------------------
==== Statistics for Master ID: 3 ====
Reads: 211764093   Writes: 33502173
ICACHE: size: 64 KB assoc: 2
ICACHE: hits:119386311 misses:5177435  Hit Ratio: 95.84%
DCACHE: size: 32 KB assoc: 8
DCACHE: hits:119066301 misses:1636219 writebacks:1635414  Hit Ratio: 98.64%
SCACHE: size: 512 KB assoc: 2
SCACHE: hits:5611332 misses:1202322  Hit Ratio: 82.35%
3CACHE: size: 4096 KB assoc: 2
3CACHE: hits:1025571 misses:176751  Hit Ratio: 85.30%
3CACHE: dirty items replaced:44302
ITLB: size: 48, misses 540424, miss rate 0.43%
DTLB: size: 128, misses 239087, miss rate 0.20%
Avg mem delay: 1.033 cycles
----------------------------------------
==== Global Resource Utilization ====
STASH: size: 65536 entries, full 2236739798, empty 51324244, misses 4378227, full rate 97.57
icache bank util. 0.253 0.235 0.227 0.199 0.182 0.181 0.183 0.193 
dcache bank util. 0.131 0.213 0.249 0.235 0.180 0.140 0.191 0.153 
L2 bank util. 0.041 0.048 0.044 0.041 0.037 0.036 0.034 0.039 
L1-L2 bus util. = 0.184, L3 util. = 0.014
----------------------------------------
branch prediction, hits = 131383470, misses = 16143015, hit rate = 89.06%
return_stack prediction, hits = 26110249, misses = 6192, hit rate = 99.98%
jump prediction, hits = 110057415, misses = 34973275, hit rate = 75.89%
 copy_address dgemm_
**** Debug Statistics at 401000000 Cycles *****
Threads: 4		Fetch Width: 8
No of useful instructions fetched:	1423060838 (44.36% proc util.)
No of total instructions fetched:	2131084710 (66.43% proc util.)
 includes 198255300 misfetch (9.3%), 509768572 (23.9%) wrong-path fetches
 and 0 flushed after failed lock(0.0%)
No of useful instructions issued/executed:	1423060809 (44.36% proc util.)
No of total instructions issued/executed:	1678998213 (52.34% proc util.)
 includes 255937404 wrong-path (15.2%) insts and 0 flushed (0.0%)
	fp 445432, 0.03%
	synch 0, 0.00%
	integer 1100109855, 65.52%
	load/store 578442926, 34.45%
Avg size of int IQ (before scheduling): 18.21
Avg size of fp IQ (before scheduling): 0.00
No of cycles taken:		401000000
Parallelism [ 1.938, 0.000, 0.782, 0.829,] = 3.549
 IQ conflicts: 5609593 (1.40%), FQ conflicts: 0 (0.00%) 
 I reg conflicts: 23943731 (5.97%), FP reg conflicts: 0 (0.00%)
  Activelist confs: 6650 (0.00%), ROB confs: 812986 (0.20%)
  Int unit conflicts: 517879384 (129.15%), FP unit conflicts: 21 (0.00%)
  Load/store unit conflicts: 112555536 (28.07%)
  MSHR conflicts: 63964346 (15.95%)
----------------------------------------
==== System-wide Cache Statistics ====
Stall for miss queue full 0 cycles (0.00%)
----------------------------------------
==== Statistics for Master ID: 0 ====
Reads: 460830580   Writes: 81598702
ICACHE: size: 64 KB assoc: 2
ICACHE: hits:281708015 misses:2811240  Hit Ratio: 99.01%
DCACHE: size: 32 KB assoc: 8
DCACHE: hits:257848034 misses:61993 writebacks:61218  Hit Ratio: 99.98%
SCACHE: size: 512 KB assoc: 2
SCACHE: hits:2666282 misses:206951  Hit Ratio: 92.80%
3CACHE: size: 4096 KB assoc: 2
3CACHE: hits:143409 misses:63542  Hit Ratio: 69.30%
3CACHE: dirty items replaced:17245
ITLB: size: 48, misses 3327, miss rate 0.00%
DTLB: size: 128, misses 18631, miss rate 0.01%
Avg mem delay: 1.100 cycles
----------------------------------------
==== Statistics for Master ID: 2 ====
Reads: 274321540   Writes: 44541346
ICACHE: size: 64 KB assoc: 2
ICACHE: hits:156406790 misses:6448636  Hit Ratio: 96.04%
DCACHE: size: 32 KB assoc: 8
DCACHE: hits:153683919 misses:2323541 writebacks:2322737  Hit Ratio: 98.51%
SCACHE: size: 512 KB assoc: 2
SCACHE: hits:6999022 misses:1773154  Hit Ratio: 79.79%
3CACHE: size: 4096 KB assoc: 2
3CACHE: hits:1522290 misses:250864  Hit Ratio: 85.85%
3CACHE: dirty items replaced:77052
ITLB: size: 48, misses 682127, miss rate 0.42%
DTLB: size: 128, misses 349898, miss rate 0.22%
Avg mem delay: 1.100 cycles
----------------------------------------
==== Statistics for Master ID: 3 ====
Reads: 286159134   Writes: 45706052
ICACHE: size: 64 KB assoc: 2
ICACHE: hits:162409470 misses:6316115  Hit Ratio: 96.26%
DCACHE: size: 32 KB assoc: 8
DCACHE: hits:160841594 misses:2298007 writebacks:2297202  Hit Ratio: 98.59%
SCACHE: size: 512 KB assoc: 2
SCACHE: hits:6976212 misses:1637909  Hit Ratio: 80.99%
3CACHE: size: 4096 KB assoc: 2
3CACHE: hits:1400954 misses:236954  Hit Ratio: 85.53%
3CACHE: dirty items replaced:74649
ITLB: size: 48, misses 665894, miss rate 0.39%
DTLB: size: 128, misses 333847, miss rate 0.20%
Avg mem delay: 1.100 cycles
----------------------------------------
==== Global Resource Utilization ====
STASH: size: 65536 entries, full 2810530009, empty 65106941, misses 5568755, full rate 97.55
icache bank util. 0.250 0.232 0.227 0.200 0.188 0.186 0.182 0.190 
dcache bank util. 0.135 0.215 0.248 0.232 0.182 0.146 0.196 0.155 
L2 bank util. 0.041 0.048 0.045 0.041 0.038 0.036 0.035 0.040 
L1-L2 bus util. = 0.187, L3 util. = 0.014
----------------------------------------
branch prediction, hits = 176118542, misses = 20970189, hit rate = 89.36%
return_stack prediction, hits = 34498087, misses = 8348, hit rate = 99.98%
jump prediction, hits = 149168537, misses = 45524544, hit rate = 76.62%
 dgemv_
**** Debug Statistics at 501000000 Cycles *****
Threads: 4		Fetch Width: 8
No of useful instructions fetched:	1779400791 (44.40% proc util.)
No of total instructions fetched:	2659783448 (66.36% proc util.)
 includes 243816675 misfetch (9.2%), 636565982 (23.9%) wrong-path fetches
 and 0 flushed after failed lock(0.0%)
No of useful instructions issued/executed:	1779400768 (44.40% proc util.)
No of total instructions issued/executed:	2099170516 (52.37% proc util.)
 includes 319769748 wrong-path (15.2%) insts and 0 flushed (0.0%)
	fp 544759, 0.03%
	synch 0, 0.00%
	integer 1372045612, 65.36%
	load/store 726580145, 34.61%
Avg size of int IQ (before scheduling): 18.65
Avg size of fp IQ (before scheduling): 0.00
No of cycles taken:		501000000
Parallelism [ 1.925, 0.000, 0.790, 0.836,] = 3.552
 IQ conflicts: 8062285 (1.61%), FQ conflicts: 0 (0.00%) 
 I reg conflicts: 30930770 (6.17%), FP reg conflicts: 0 (0.00%)
  Activelist confs: 7464 (0.00%), ROB confs: 1400046 (0.28%)
  Int unit conflicts: 657871175 (131.31%), FP unit conflicts: 21 (0.00%)
  Load/store unit conflicts: 148775569 (29.70%)
  MSHR conflicts: 101114872 (20.18%)
----------------------------------------
==== System-wide Cache Statistics ====
Stall for miss queue full 0 cycles (0.00%)
----------------------------------------
==== Statistics for Master ID: 0 ====
Reads: 571546384   Writes: 100988986
ICACHE: size: 64 KB assoc: 2
ICACHE: hits:349561054 misses:3429842  Hit Ratio: 99.03%
DCACHE: size: 32 KB assoc: 8
DCACHE: hits:319468523 misses:75951 writebacks:75176  Hit Ratio: 99.98%
SCACHE: size: 512 KB assoc: 2
SCACHE: hits:3243579 misses:262214  Hit Ratio: 92.52%
3CACHE: size: 4096 KB assoc: 2
3CACHE: hits:184652 misses:77562  Hit Ratio: 70.42%
3CACHE: dirty items replaced:24288
ITLB: size: 48, misses 4274, miss rate 0.00%
DTLB: size: 128, misses 23311, miss rate 0.01%
Avg mem delay: 1.140 cycles
----------------------------------------
==== Statistics for Master ID: 2 ====
Reads: 347671731   Writes: 59619550
ICACHE: size: 64 KB assoc: 2
ICACHE: hits:199185166 misses:7812912  Hit Ratio: 96.23%
DCACHE: size: 32 KB assoc: 8
DCACHE: hits:196754070 misses:3539133 writebacks:3538329  Hit Ratio: 98.23%
SCACHE: size: 512 KB assoc: 2
SCACHE: hits:8930430 misses:2421615  Hit Ratio: 78.67%
3CACHE: size: 4096 KB assoc: 2
3CACHE: hits:2109574 misses:312041  Hit Ratio: 87.11%
3CACHE: dirty items replaced:113543
ITLB: size: 48, misses 806960, miss rate 0.39%
DTLB: size: 128, misses 457505, miss rate 0.23%
Avg mem delay: 1.140 cycles
----------------------------------------
==== Statistics for Master ID: 3 ====
Reads: 358195309   Writes: 57763690
ICACHE: size: 64 KB assoc: 2
ICACHE: hits:203277228 misses:7696020  Hit Ratio: 96.35%
DCACHE: size: 32 KB assoc: 8
DCACHE: hits:202125763 misses:2859988 writebacks:2859183  Hit Ratio: 98.60%
SCACHE: size: 512 KB assoc: 2
SCACHE: hits:8508399 misses:2047609  Hit Ratio: 80.60%
3CACHE: size: 4096 KB assoc: 2
3CACHE: hits:1755907 misses:291702  Hit Ratio: 85.75%
3CACHE: dirty items replaced:109647
ITLB: size: 48, misses 816622, miss rate 0.39%
DTLB: size: 128, misses 425131, miss rate 0.21%
Avg mem delay: 1.140 cycles
----------------------------------------
==== Global Resource Utilization ====
STASH: size: 65536 entries, full 3383452027, empty 79909625, misses 6840123, full rate 97.50
icache bank util. 0.248 0.230 0.225 0.198 0.191 0.189 0.182 0.189 
dcache bank util. 0.139 0.217 0.249 0.232 0.184 0.148 0.197 0.158 
L2 bank util. 0.042 0.049 0.045 0.042 0.039 0.037 0.036 0.040 
L1-L2 bus util. = 0.191, L3 util. = 0.014
----------------------------------------
branch prediction, hits = 220409463, misses = 26120518, hit rate = 89.40%
return_stack prediction, hits = 42929858, misses = 9697, hit rate = 99.98%
jump prediction, hits = 187761876, misses = 56167931, hit rate = 76.97%
 dgeqr2_ dgeqrf_
**** Early Exiting at 564148674 Cycles *****
========================================
 SMTSIM Global Statistics
========================================
Threads: 4		Fetch Width: 8
No of useful instructions fetched:	2000000054 (44.31% proc util.)
No of total instructions fetched:	2988696326 (66.22% proc util.)
 includes 275964803 misfetch (9.2%), 712731469 (23.8%) wrong-path fetches
 and 0 flushed after failed lock(0.0%)
No of useful instructions issued/executed:	2000000034 (44.31% proc util.)
No of total instructions issued/executed:	2358075281 (52.25% proc util.)
 includes 358075247 wrong-path (15.2%) insts and 0 flushed (0.0%)
	fp 613014, 0.03%
	synch 0, 0.00%
	integer 1541512903, 65.37%
	load/store 815949364, 34.60%
Avg size of int IQ (before scheduling): 18.44
Avg size of fp IQ (before scheduling): 0.00
No of cycles taken:		564148674
Parallelism [ 1.931, 0.000, 0.787, 0.827,] = 3.545
 IQ conflicts: 8635766 (1.53%), FQ conflicts: 0 (0.00%) 
 I reg conflicts: 34742817 (6.16%), FP reg conflicts: 0 (0.00%)
  Activelist confs: 8149 (0.00%), ROB confs: 1676057 (0.30%)
  Int unit conflicts: 727105939 (128.89%), FP unit conflicts: 21 (0.00%)
  Load/store unit conflicts: 167071255 (29.61%)
  MSHR conflicts: 115582486 (20.49%)
----------------------------------------
==== System-wide Cache Statistics ====
Stall for miss queue full 0 cycles (0.00%)
----------------------------------------
==== Statistics for Master ID: 0 ====
Reads: 644490496   Writes: 113951877
ICACHE: size: 64 KB assoc: 2
ICACHE: hits:393905886 misses:3872352  Hit Ratio: 99.03%
DCACHE: size: 32 KB assoc: 8
DCACHE: hits:360578834 misses:85301 writebacks:84526  Hit Ratio: 99.98%
SCACHE: size: 512 KB assoc: 2
SCACHE: hits:3649602 misses:308051  Hit Ratio: 92.22%
3CACHE: size: 4096 KB assoc: 2
3CACHE: hits:221246 misses:86805  Hit Ratio: 71.82%
3CACHE: dirty items replaced:29433
ITLB: size: 48, misses 4857, miss rate 0.00%
DTLB: size: 128, misses 26602, miss rate 0.01%
Avg mem delay: 1.149 cycles
----------------------------------------
==== Statistics for Master ID: 2 ====
Reads: 389731646   Writes: 67428634
ICACHE: size: 64 KB assoc: 2
ICACHE: hits:223832390 misses:8999982  Hit Ratio: 96.13%
DCACHE: size: 32 KB assoc: 8
DCACHE: hits:220023602 misses:4304306 writebacks:4303502  Hit Ratio: 98.08%
SCACHE: size: 512 KB assoc: 2
SCACHE: hits:10511225 misses:2793063  Hit Ratio: 79.01%
3CACHE: size: 4096 KB assoc: 2
3CACHE: hits:2461948 misses:331115  Hit Ratio: 88.15%
3CACHE: dirty items replaced:127219
ITLB: size: 48, misses 918780, miss rate 0.39%
DTLB: size: 128, misses 517821, miss rate 0.23%
Avg mem delay: 1.149 cycles
----------------------------------------
==== Statistics for Master ID: 3 ====
Reads: 399732010   Writes: 64387808
ICACHE: size: 64 KB assoc: 2
ICACHE: hits:226493238 misses:8686596  Hit Ratio: 96.31%
DCACHE: size: 32 KB assoc: 8
DCACHE: hits:225786596 misses:3153388 writebacks:3152583  Hit Ratio: 98.62%
SCACHE: size: 512 KB assoc: 2
SCACHE: hits:9490836 misses:2349148  Hit Ratio: 80.16%
3CACHE: size: 4096 KB assoc: 2
3CACHE: hits:2018928 misses:330220  Hit Ratio: 85.94%
3CACHE: dirty items replaced:133594
ITLB: size: 48, misses 927665, miss rate 0.39%
DTLB: size: 128, misses 482105, miss rate 0.21%
Avg mem delay: 1.149 cycles
----------------------------------------
==== Global Resource Utilization ====
STASH: size: 65536 entries, full 3739842326, empty 89477584, misses 7663178, full rate 97.47
icache bank util. 0.247 0.228 0.224 0.198 0.193 0.191 0.181 0.187 
dcache bank util. 0.138 0.217 0.251 0.233 0.181 0.147 0.197 0.159 
L2 bank util. 0.043 0.050 0.046 0.043 0.039 0.038 0.037 0.041 
L1-L2 bus util. = 0.195, L3 util. = 0.013
----------------------------------------
branch prediction, hits = 248063215, misses = 29356024, hit rate = 89.42%
return_stack prediction, hits = 48345848, misses = 10765, hit rate = 99.98%
jump prediction, hits = 211114769, misses = 63453931, hit rate = 76.89%
total IPC 3.545

=== Results saved to: ./results/equake_2_gcc-integrate_1_gcc-scilab_1.txt ===
