测试组合（多线程优先）：equake.arg2 + crafty.arg + gzip-program.arg
执行命令：./smtsim equake.arg2 crafty.arg gzip-program.arg
==================================================

equake: Reading nodes.
SMTCache
Process 0, Thread 0: equake
Process 0, Thread 1: equake
Process 2, Thread 2: crafty
Process 3, Thread 3: gzip-program

**** Debug Statistics at 1000000 Cycles *****
Threads: 4		Fetch Width: 8
No of useful instructions fetched:	2489166 (31.11% proc util.)
No of total instructions fetched:	3058123 (38.23% proc util.)
 includes 113258 misfetch (3.7%), 455699 (14.9%) wrong-path fetches
 and 0 flushed after failed lock(0.0%)
No of useful instructions issued/executed:	2489133 (31.11% proc util.)
No of total instructions issued/executed:	2686724 (33.58% proc util.)
 includes 197591 wrong-path (7.4%) insts and 0 flushed (0.0%)
	fp 2432, 0.09%
	synch 0, 0.00%
	integer 2018742, 75.14%
	load/store 665550, 24.77%
Avg size of int IQ (before scheduling): 35.58
Avg size of fp IQ (before scheduling): 0.01
No of cycles taken:		1000000
Parallelism [ 1.173, 0.000, 1.159, 0.158,] = 2.489
 IQ conflicts: 1999 (0.20%), FQ conflicts: 0 (0.00%) 
 I reg conflicts: 492503 (49.25%), FP reg conflicts: 0 (0.00%)
  Activelist confs: 0 (0.00%), ROB confs: 1528 (0.15%)
  Int unit conflicts: 356497 (35.65%), FP unit conflicts: 0 (0.00%)
  Load/store unit conflicts: 41059 (4.11%)
  MSHR conflicts: 707425 (70.74%)
----------------------------------------
==== System-wide Cache Statistics ====
Stall for miss queue full 0 cycles (0.00%)
----------------------------------------
==== Statistics for Master ID: 0 ====
Reads: 709140   Writes: 121226
ICACHE: size: 64 KB assoc: 2
ICACHE: hits:441145 misses:244  Hit Ratio: 99.94%
DCACHE: size: 32 KB assoc: 8
DCACHE: hits:388752 misses:225 writebacks:0  Hit Ratio: 99.94%
SCACHE: size: 512 KB assoc: 2
SCACHE: hits:14 misses:455  Hit Ratio: 2.99%
3CACHE: size: 4096 KB assoc: 2
3CACHE: hits:0 misses:455  Hit Ratio: 0.00%
3CACHE: dirty items replaced:0
ITLB: size: 48, misses 16, miss rate 0.00%
DTLB: size: 128, misses 22, miss rate 0.01%
Avg mem delay: 17.984 cycles
----------------------------------------
==== Statistics for Master ID: 2 ====
Reads: 579186   Writes: 59135
ICACHE: size: 64 KB assoc: 2
ICACHE: hits:437403 misses:156  Hit Ratio: 99.96%
DCACHE: size: 32 KB assoc: 8
DCACHE: hits:199645 misses:1117 writebacks:560  Hit Ratio: 99.44%
SCACHE: size: 512 KB assoc: 2
SCACHE: hits:9 misses:1264  Hit Ratio: 0.71%
3CACHE: size: 4096 KB assoc: 2
3CACHE: hits:0 misses:1264  Hit Ratio: 0.00%
3CACHE: dirty items replaced:0
ITLB: size: 48, misses 17, miss rate 0.00%
DTLB: size: 128, misses 53, miss rate 0.03%
Avg mem delay: 17.984 cycles
----------------------------------------
==== Statistics for Master ID: 3 ====
Reads: 114086   Writes: 25605
ICACHE: size: 64 KB assoc: 2
ICACHE: hits:63704 misses:205  Hit Ratio: 99.68%
DCACHE: size: 32 KB assoc: 8
DCACHE: hits:50933 misses:24849 writebacks:24674  Hit Ratio: 67.21%
SCACHE: size: 512 KB assoc: 2
SCACHE: hits:5 misses:25049  Hit Ratio: 0.02%
3CACHE: size: 4096 KB assoc: 2
3CACHE: hits:0 misses:25045  Hit Ratio: 0.00%
3CACHE: dirty items replaced:0
ITLB: size: 48, misses 18, miss rate 0.03%
DTLB: size: 128, misses 6194, miss rate 8.17%
Avg mem delay: 17.984 cycles
----------------------------------------
==== Global Resource Utilization ====
STASH: size: 65536 entries, full 103352710, empty 8817, misses 784, full rate 99.99
icache bank util. 0.204 0.119 0.064 0.051 0.085 0.117 0.154 0.149 
dcache bank util. 0.041 0.093 0.119 0.086 0.057 0.041 0.337 0.045 
L2 bank util. 0.003 0.003 0.003 0.003 0.003 0.002 0.299 0.003 
L1-L2 bus util. = 0.156, L3 util. = 0.268
----------------------------------------
branch prediction, hits = 324934, misses = 24095, hit rate = 93.10%
return_stack prediction, hits = 36298, misses = 11, hit rate = 99.97%
jump prediction, hits = 338390, misses = 20403, hit rate = 94.31%

**** Debug Statistics at 101000000 Cycles *****
Threads: 4		Fetch Width: 8
No of useful instructions fetched:	197897842 (24.49% proc util.)
No of total instructions fetched:	249732073 (30.91% proc util.)
 includes 23504486 misfetch (9.4%), 28329745 (11.3%) wrong-path fetches
 and 0 flushed after failed lock(0.0%)
No of useful instructions issued/executed:	197897826 (24.49% proc util.)
No of total instructions issued/executed:	210457547 (26.05% proc util.)
 includes 12559721 wrong-path (6.0%) insts and 0 flushed (0.0%)
	fp 177298, 0.08%
	synch 0, 0.00%
	integer 144901009, 68.85%
	load/store 65379240, 31.07%
Avg size of int IQ (before scheduling): 19.73
Avg size of fp IQ (before scheduling): 0.00
No of cycles taken:		101000000
Parallelism [ 0.829, 0.000, 0.775, 0.356,] = 1.959
 IQ conflicts: 28407 (0.03%), FQ conflicts: 0 (0.00%) 
 I reg conflicts: 62478437 (61.86%), FP reg conflicts: 0 (0.00%)
  Activelist confs: 0 (0.00%), ROB confs: 5094 (0.01%)
  Int unit conflicts: 22452735 (22.23%), FP unit conflicts: 3 (0.00%)
  Load/store unit conflicts: 4949585 (4.90%)
  MSHR conflicts: 38455546 (38.07%)
----------------------------------------
==== System-wide Cache Statistics ====
Stall for miss queue full 0 cycles (0.00%)
----------------------------------------
==== Statistics for Master ID: 0 ====
Reads: 50668400   Writes: 8514248
ICACHE: size: 64 KB assoc: 2
ICACHE: hits:31371031 misses:379844  Hit Ratio: 98.80%
DCACHE: size: 32 KB assoc: 8
DCACHE: hits:27424349 misses:7424 writebacks:6733  Hit Ratio: 99.97%
SCACHE: size: 512 KB assoc: 2
SCACHE: hits:368706 misses:18562  Hit Ratio: 95.21%
3CACHE: size: 4096 KB assoc: 2
3CACHE: hits:8928 misses:9634  Hit Ratio: 48.10%
3CACHE: dirty items replaced:17
ITLB: size: 48, misses 22, miss rate 0.00%
DTLB: size: 128, misses 834, miss rate 0.00%
Avg mem delay: 4.961 cycles
----------------------------------------
==== Statistics for Master ID: 2 ====
Reads: 50247619   Writes: 6016015
ICACHE: size: 64 KB assoc: 2
ICACHE: hits:28550323 misses:647537  Hit Ratio: 97.78%
DCACHE: size: 32 KB assoc: 8
DCACHE: hits:26777185 misses:288589 writebacks:288031  Hit Ratio: 98.93%
SCACHE: size: 512 KB assoc: 2
SCACHE: hits:743870 misses:192256  Hit Ratio: 79.46%
3CACHE: size: 4096 KB assoc: 2
3CACHE: hits:114387 misses:77869  Hit Ratio: 59.50%
3CACHE: dirty items replaced:1022
ITLB: size: 48, misses 578, miss rate 0.00%
DTLB: size: 128, misses 69634, miss rate 0.26%
Avg mem delay: 4.961 cycles
----------------------------------------
==== Statistics for Master ID: 3 ====
Reads: 19570171   Writes: 5338806
ICACHE: size: 64 KB assoc: 2
ICACHE: hits:14044724 misses:1337  Hit Ratio: 99.99%
DCACHE: size: 32 KB assoc: 8
DCACHE: hits:9390077 misses:1472839 writebacks:1327071  Hit Ratio: 86.44%
SCACHE: size: 512 KB assoc: 2
SCACHE: hits:770 misses:1473406  Hit Ratio: 0.05%
3CACHE: size: 4096 KB assoc: 2
3CACHE: hits:34 misses:1473372  Hit Ratio: 0.00%
3CACHE: dirty items replaced:5444
ITLB: size: 48, misses 43, miss rate 0.00%
DTLB: size: 128, misses 66303, miss rate 0.61%
Avg mem delay: 4.961 cycles
----------------------------------------
==== Global Resource Utilization ====
STASH: size: 65536 entries, full 371840222, empty 8975581, misses 817593, full rate 97.43
icache bank util. 0.103 0.090 0.085 0.073 0.076 0.154 0.082 0.109 
dcache bank util. 0.062 0.109 0.111 0.089 0.098 0.084 0.104 0.089 
L2 bank util. 0.028 0.034 0.030 0.027 0.027 0.028 0.034 0.046 
L1-L2 bus util. = 0.131, L3 util. = 0.155
----------------------------------------
branch prediction, hits = 21739813, misses = 1835287, hit rate = 92.22%
return_stack prediction, hits = 3934949, misses = 54, hit rate = 100.00%
jump prediction, hits = 19123585, misses = 5668197, hit rate = 77.14%
equake: Reading elements.

**** Debug Statistics at 201000000 Cycles *****
Threads: 4		Fetch Width: 8
No of useful instructions fetched:	500372859 (31.12% proc util.)
No of total instructions fetched:	648008293 (40.30% proc util.)
 includes 52376880 misfetch (8.1%), 95258554 (14.7%) wrong-path fetches
 and 0 flushed after failed lock(0.0%)
No of useful instructions issued/executed:	500372830 (31.12% proc util.)
No of total instructions issued/executed:	542688231 (33.75% proc util.)
 includes 42315401 wrong-path (7.8%) insts and 0 flushed (0.0%)
	fp 373224, 0.07%
	synch 0, 0.00%
	integer 374738077, 69.05%
	load/store 167576930, 30.88%
Avg size of int IQ (before scheduling): 19.64
Avg size of fp IQ (before scheduling): 0.00
No of cycles taken:		201000000
Parallelism [ 0.993, 0.000, 0.841, 0.656,] = 2.489
 IQ conflicts: 272473 (0.14%), FQ conflicts: 0 (0.00%) 
 I reg conflicts: 100730414 (50.11%), FP reg conflicts: 0 (0.00%)
  Activelist confs: 575 (0.00%), ROB confs: 5094 (0.00%)
  Int unit conflicts: 143123666 (71.21%), FP unit conflicts: 7 (0.00%)
  Load/store unit conflicts: 17218786 (8.57%)
  MSHR conflicts: 67095983 (33.38%)
----------------------------------------
==== System-wide Cache Statistics ====
Stall for miss queue full 0 cycles (0.00%)
----------------------------------------
==== Statistics for Master ID: 0 ====
Reads: 122116684   Writes: 21295445
ICACHE: size: 64 KB assoc: 2
ICACHE: hits:75921423 misses:864742  Hit Ratio: 98.87%
DCACHE: size: 32 KB assoc: 8
DCACHE: hits:66511161 misses:114803 writebacks:113982  Hit Ratio: 99.83%
SCACHE: size: 512 KB assoc: 2
SCACHE: hits:845327 misses:134217  Hit Ratio: 86.30%
3CACHE: size: 4096 KB assoc: 2
3CACHE: hits:16626 misses:117591  Hit Ratio: 12.39%
3CACHE: dirty items replaced:2846
ITLB: size: 48, misses 44, miss rate 0.00%
DTLB: size: 128, misses 4900, miss rate 0.01%
Avg mem delay: 3.082 cycles
----------------------------------------
==== Statistics for Master ID: 2 ====
Reads: 114319178   Writes: 13377594
ICACHE: size: 64 KB assoc: 2
ICACHE: hits:64165675 misses:1775358  Hit Ratio: 97.31%
DCACHE: size: 32 KB assoc: 8
DCACHE: hits:61082994 misses:672745 writebacks:672187  Hit Ratio: 98.91%
SCACHE: size: 512 KB assoc: 2
SCACHE: hits:2105666 misses:342435  Hit Ratio: 86.01%
3CACHE: size: 4096 KB assoc: 2
3CACHE: hits:210583 misses:131852  Hit Ratio: 61.50%
3CACHE: dirty items replaced:6144
ITLB: size: 48, misses 703, miss rate 0.00%
DTLB: size: 128, misses 223513, miss rate 0.36%
Avg mem delay: 3.082 cycles
----------------------------------------
==== Statistics for Master ID: 3 ====
Reads: 75844642   Writes: 13654552
ICACHE: size: 64 KB assoc: 2
ICACHE: hits:50373160 misses:21807  Hit Ratio: 99.96%
DCACHE: size: 32 KB assoc: 8
DCACHE: hits:36521238 misses:2582989 writebacks:2406999  Hit Ratio: 93.39%
SCACHE: size: 512 KB assoc: 2
SCACHE: hits:429690 misses:2175104  Hit Ratio: 16.50%
3CACHE: size: 4096 KB assoc: 2
3CACHE: hits:43617 misses:2131487  Hit Ratio: 2.01%
3CACHE: dirty items replaced:13105
ITLB: size: 48, misses 111, miss rate 0.00%
DTLB: size: 128, misses 122722, miss rate 0.31%
Avg mem delay: 3.082 cycles
----------------------------------------
==== Global Resource Utilization ====
STASH: size: 65536 entries, full 808538397, empty 21945497, misses 1990373, full rate 97.12
icache bank util. 0.130 0.116 0.109 0.103 0.116 0.183 0.115 0.129 
dcache bank util. 0.075 0.132 0.141 0.114 0.134 0.102 0.131 0.101 
L2 bank util. 0.029 0.037 0.031 0.026 0.027 0.030 0.030 0.040 
L1-L2 bus util. = 0.138, L3 util. = 0.118
----------------------------------------
branch prediction, hits = 49116764, misses = 5258581, hit rate = 90.33%
return_stack prediction, hits = 9458997, misses = 219, hit rate = 100.00%
jump prediction, hits = 45721309, misses = 13074866, hit rate = 77.76%

**** Debug Statistics at 301000000 Cycles *****
Threads: 4		Fetch Width: 8
No of useful instructions fetched:	943559467 (39.18% proc util.)
No of total instructions fetched:	1217716791 (50.57% proc util.)
 includes 89362954 misfetch (7.3%), 184794370 (15.2%) wrong-path fetches
 and 0 flushed after failed lock(0.0%)
No of useful instructions issued/executed:	943559444 (39.18% proc util.)
No of total instructions issued/executed:	1025133314 (42.57% proc util.)
 includes 81573870 wrong-path (8.0%) insts and 0 flushed (0.0%)
	fp 466378, 0.05%
	synch 0, 0.00%
	integer 711379627, 69.39%
	load/store 313287309, 30.56%
Avg size of int IQ (before scheduling): 20.80
Avg size of fp IQ (before scheduling): 0.00
No of cycles taken:		301000000
Parallelism [ 1.221, 0.000, 0.959, 0.955,] = 3.135
 IQ conflicts: 527156 (0.18%), FQ conflicts: 0 (0.00%) 
 I reg conflicts: 111441822 (37.02%), FP reg conflicts: 0 (0.00%)
  Activelist confs: 575 (0.00%), ROB confs: 5094 (0.00%)
  Int unit conflicts: 379773185 (126.17%), FP unit conflicts: 7 (0.00%)
  Load/store unit conflicts: 37529104 (12.47%)
  MSHR conflicts: 75222746 (24.99%)
----------------------------------------
==== System-wide Cache Statistics ====
Stall for miss queue full 0 cycles (0.00%)
----------------------------------------
==== Statistics for Master ID: 0 ====
Reads: 224341751   Writes: 38929949
ICACHE: size: 64 KB assoc: 2
ICACHE: hits:139984561 misses:1400393  Hit Ratio: 99.01%
DCACHE: size: 32 KB assoc: 8
DCACHE: hits:121758673 misses:128073 writebacks:127252  Hit Ratio: 99.89%
SCACHE: size: 512 KB assoc: 2
SCACHE: hits:1375653 misses:152813  Hit Ratio: 90.00%
3CACHE: size: 4096 KB assoc: 2
3CACHE: hits:20499 misses:132314  Hit Ratio: 13.41%
3CACHE: dirty items replaced:4088
ITLB: size: 48, misses 60, miss rate 0.00%
DTLB: size: 128, misses 7955, miss rate 0.01%
Avg mem delay: 2.070 cycles
----------------------------------------
==== Statistics for Master ID: 2 ====
Reads: 200820196   Writes: 23218657
ICACHE: size: 64 KB assoc: 2
ICACHE: hits:112328470 misses:3308402  Hit Ratio: 97.14%
DCACHE: size: 32 KB assoc: 8
DCACHE: hits:107210175 misses:1191806 writebacks:1191248  Hit Ratio: 98.90%
SCACHE: size: 512 KB assoc: 2
SCACHE: hits:4028445 misses:471763  Hit Ratio: 89.52%
3CACHE: size: 4096 KB assoc: 2
3CACHE: hits:304135 misses:167628  Hit Ratio: 64.47%
3CACHE: dirty items replaced:16709
ITLB: size: 48, misses 778, miss rate 0.00%
DTLB: size: 128, misses 428878, miss rate 0.40%
Avg mem delay: 2.070 cycles
----------------------------------------
==== Statistics for Master ID: 3 ====
Reads: 164865712   Writes: 24969674
ICACHE: size: 64 KB assoc: 2
ICACHE: hits:106940017 misses:52933  Hit Ratio: 99.95%
DCACHE: size: 32 KB assoc: 8
DCACHE: hits:79520723 misses:3321713 writebacks:3145723  Hit Ratio: 95.99%
SCACHE: size: 512 KB assoc: 2
SCACHE: hits:1114247 misses:2260399  Hit Ratio: 33.02%
3CACHE: size: 4096 KB assoc: 2
3CACHE: hits:99012 misses:2161387  Hit Ratio: 4.38%
3CACHE: dirty items replaced:19654
ITLB: size: 48, misses 178, miss rate 0.00%
DTLB: size: 128, misses 172603, miss rate 0.21%
Avg mem delay: 2.070 cycles
----------------------------------------
==== Global Resource Utilization ====
STASH: size: 65536 entries, full 1437166454, empty 39941034, misses 3626851, full rate 97.06
icache bank util. 0.168 0.151 0.142 0.134 0.152 0.201 0.150 0.159 
dcache bank util. 0.084 0.158 0.178 0.138 0.167 0.119 0.166 0.120 
L2 bank util. 0.028 0.037 0.028 0.024 0.026 0.029 0.027 0.039 
L1-L2 bus util. = 0.138, L3 util. = 0.082
----------------------------------------
branch prediction, hits = 88842556, misses = 9454903, hit rate = 90.38%
return_stack prediction, hits = 18168033, misses = 434, hit rate = 100.00%
jump prediction, hits = 84714552, misses = 22606829, hit rate = 78.94%

**** Debug Statistics at 401000000 Cycles *****
Threads: 4		Fetch Width: 8
No of useful instructions fetched:	1382157770 (43.08% proc util.)
No of total instructions fetched:	1783332384 (55.59% proc util.)
 includes 126187063 misfetch (7.1%), 274987551 (15.4%) wrong-path fetches
 and 0 flushed after failed lock(0.0%)
No of useful instructions issued/executed:	1382157725 (43.08% proc util.)
No of total instructions issued/executed:	1504205259 (46.89% proc util.)
 includes 122047534 wrong-path (8.1%) insts and 0 flushed (0.0%)
	fp 558291, 0.04%
	synch 0, 0.00%
	integer 1044641778, 69.45%
	load/store 459005190, 30.51%
Avg size of int IQ (before scheduling): 21.39
Avg size of fp IQ (before scheduling): 0.00
No of cycles taken:		401000000
Parallelism [ 1.337, 0.000, 1.012, 1.098,] = 3.447
 IQ conflicts: 803085 (0.20%), FQ conflicts: 0 (0.00%) 
 I reg conflicts: 122650563 (30.59%), FP reg conflicts: 0 (0.00%)
  Activelist confs: 575 (0.00%), ROB confs: 5094 (0.00%)
  Int unit conflicts: 612297165 (152.69%), FP unit conflicts: 7 (0.00%)
  Load/store unit conflicts: 57984028 (14.46%)
  MSHR conflicts: 82783247 (20.64%)
----------------------------------------
==== System-wide Cache Statistics ====
Stall for miss queue full 0 cycles (0.00%)
----------------------------------------
==== Statistics for Master ID: 0 ====
Reads: 326266153   Writes: 56547351
ICACHE: size: 64 KB assoc: 2
ICACHE: hits:203831934 misses:1937643  Hit Ratio: 99.06%
DCACHE: size: 32 KB assoc: 8
DCACHE: hits:176902827 misses:141100 writebacks:140279  Hit Ratio: 99.92%
SCACHE: size: 512 KB assoc: 2
SCACHE: hits:1907344 misses:171399  Hit Ratio: 91.75%
3CACHE: size: 4096 KB assoc: 2
3CACHE: hits:24246 misses:147153  Hit Ratio: 14.15%
3CACHE: dirty items replaced:7227
ITLB: size: 48, misses 73, miss rate 0.00%
DTLB: size: 128, misses 11667, miss rate 0.01%
Avg mem delay: 1.728 cycles
----------------------------------------
==== Statistics for Master ID: 2 ====
Reads: 285694921   Writes: 32951608
ICACHE: size: 64 KB assoc: 2
ICACHE: hits:159459516 misses:4857088  Hit Ratio: 97.04%
DCACHE: size: 32 KB assoc: 8
DCACHE: hits:152603877 misses:1726048 writebacks:1725490  Hit Ratio: 98.88%
SCACHE: size: 512 KB assoc: 2
SCACHE: hits:5973619 misses:609517  Hit Ratio: 90.74%
3CACHE: size: 4096 KB assoc: 2
3CACHE: hits:407427 misses:202090  Hit Ratio: 66.84%
3CACHE: dirty items replaced:29437
ITLB: size: 48, misses 894, miss rate 0.00%
DTLB: size: 128, misses 660543, miss rate 0.43%
Avg mem delay: 1.728 cycles
----------------------------------------
==== Statistics for Master ID: 3 ====
Reads: 254037063   Writes: 37030928
ICACHE: size: 64 KB assoc: 2
ICACHE: hits:163571587 misses:83617  Hit Ratio: 99.95%
DCACHE: size: 32 KB assoc: 8
DCACHE: hits:123196831 misses:4215956 writebacks:4039966  Hit Ratio: 96.69%
SCACHE: size: 512 KB assoc: 2
SCACHE: hits:1951757 misses:2347816  Hit Ratio: 45.39%
3CACHE: size: 4096 KB assoc: 2
3CACHE: hits:153131 misses:2194685  Hit Ratio: 6.52%
3CACHE: dirty items replaced:29009
ITLB: size: 48, misses 235, miss rate 0.00%
DTLB: size: 128, misses 227441, miss rate 0.18%
Avg mem delay: 1.728 cycles
----------------------------------------
==== Global Resource Utilization ====
STASH: size: 65536 entries, full 2060355714, empty 58894959, misses 5321309, full rate 96.98
icache bank util. 0.187 0.168 0.159 0.150 0.170 0.209 0.166 0.174 
dcache bank util. 0.090 0.171 0.196 0.150 0.186 0.129 0.184 0.128 
L2 bank util. 0.029 0.037 0.028 0.023 0.026 0.029 0.026 0.038 
L1-L2 bus util. = 0.141, L3 util. = 0.063
----------------------------------------
branch prediction, hits = 127653549, misses = 13574677, hit rate = 90.39%
return_stack prediction, hits = 26869648, misses = 622, hit rate = 100.00%
jump prediction, hits = 123079843, misses = 32024336, hit rate = 79.35%

**** Debug Statistics at 501000000 Cycles *****
Threads: 4		Fetch Width: 8
No of useful instructions fetched:	1819020381 (45.38% proc util.)
No of total instructions fetched:	2349339150 (58.62% proc util.)
 includes 162951321 misfetch (6.9%), 367367448 (15.6%) wrong-path fetches
 and 0 flushed after failed lock(0.0%)
No of useful instructions issued/executed:	1819020353 (45.38% proc util.)
No of total instructions issued/executed:	1982667425 (49.47% proc util.)
 includes 163647072 wrong-path (8.3%) insts and 0 flushed (0.0%)
	fp 648987, 0.03%
	synch 0, 0.00%
	integer 1378204430, 69.51%
	load/store 603814008, 30.45%
Avg size of int IQ (before scheduling): 21.74
Avg size of fp IQ (before scheduling): 0.00
No of cycles taken:		501000000
Parallelism [ 1.407, 0.000, 1.042, 1.182,] = 3.631
 IQ conflicts: 1059324 (0.21%), FQ conflicts: 0 (0.00%) 
 I reg conflicts: 133784801 (26.70%), FP reg conflicts: 0 (0.00%)
  Activelist confs: 575 (0.00%), ROB confs: 5094 (0.00%)
  Int unit conflicts: 838086925 (167.28%), FP unit conflicts: 7 (0.00%)
  Load/store unit conflicts: 77619430 (15.49%)
  MSHR conflicts: 90207124 (18.01%)
----------------------------------------
==== System-wide Cache Statistics ====
Stall for miss queue full 0 cycles (0.00%)
----------------------------------------
==== Statistics for Master ID: 0 ====
Reads: 428369905   Writes: 74114701
ICACHE: size: 64 KB assoc: 2
ICACHE: hits:267785461 misses:2477939  Hit Ratio: 99.08%
DCACHE: size: 32 KB assoc: 8
DCACHE: hits:232067231 misses:153975 writebacks:153154  Hit Ratio: 99.93%
SCACHE: size: 512 KB assoc: 2
SCACHE: hits:2441894 misses:190020  Hit Ratio: 92.78%
3CACHE: size: 4096 KB assoc: 2
3CACHE: hits:28422 misses:161598  Hit Ratio: 14.96%
3CACHE: dirty items replaced:8418
ITLB: size: 48, misses 91, miss rate 0.00%
DTLB: size: 128, misses 15850, miss rate 0.01%
Avg mem delay: 1.553 cycles
----------------------------------------
==== Statistics for Master ID: 2 ====
Reads: 370672149   Writes: 42540131
ICACHE: size: 64 KB assoc: 2
ICACHE: hits:206731098 misses:6401357  Hit Ratio: 97.00%
DCACHE: size: 32 KB assoc: 8
DCACHE: hits:197796311 misses:2283514 writebacks:2282956  Hit Ratio: 98.86%
SCACHE: size: 512 KB assoc: 2
SCACHE: hits:7933867 misses:751004  Hit Ratio: 91.35%
3CACHE: size: 4096 KB assoc: 2
3CACHE: hits:521100 misses:229904  Hit Ratio: 69.39%
3CACHE: dirty items replaced:41152
ITLB: size: 48, misses 960, miss rate 0.00%
DTLB: size: 128, misses 905206, miss rate 0.45%
Avg mem delay: 1.553 cycles
----------------------------------------
==== Statistics for Master ID: 3 ====
Reads: 343092590   Writes: 48458472
ICACHE: size: 64 KB assoc: 2
ICACHE: hits:220203643 misses:115457  Hit Ratio: 99.95%
DCACHE: size: 32 KB assoc: 8
DCACHE: hits:166121766 misses:5110196 writebacks:4934206  Hit Ratio: 97.02%
SCACHE: size: 512 KB assoc: 2
SCACHE: hits:2792190 misses:2433463  Hit Ratio: 53.43%
3CACHE: size: 4096 KB assoc: 2
3CACHE: hits:208804 misses:2224659  Hit Ratio: 8.58%
3CACHE: dirty items replaced:36599
ITLB: size: 48, misses 302, miss rate 0.00%
DTLB: size: 128, misses 289709, miss rate 0.17%
Avg mem delay: 1.553 cycles
----------------------------------------
==== Global Resource Utilization ====
STASH: size: 65536 entries, full 2684323311, empty 78187638, misses 7035449, full rate 96.92
icache bank util. 0.198 0.178 0.169 0.159 0.181 0.214 0.177 0.183 
dcache bank util. 0.093 0.179 0.206 0.158 0.196 0.134 0.196 0.134 
L2 bank util. 0.029 0.038 0.027 0.022 0.026 0.029 0.026 0.038 
L1-L2 bus util. = 0.143, L3 util. = 0.052
----------------------------------------
branch prediction, hits = 166501254, misses = 17816794, hit rate = 90.33%
return_stack prediction, hits = 35561828, misses = 881, hit rate = 100.00%
jump prediction, hits = 161476972, misses = 41511165, hit rate = 79.55%

**** Early Exiting at 541534643 Cycles *****
========================================
 SMTSIM Global Statistics
========================================
Threads: 4		Fetch Width: 8
No of useful instructions fetched:	2000000080 (46.17% proc util.)
No of total instructions fetched:	2582674495 (59.61% proc util.)
 includes 178567176 misfetch (6.9%), 404107239 (15.6%) wrong-path fetches
 and 0 flushed after failed lock(0.0%)
No of useful instructions issued/executed:	2000000044 (46.17% proc util.)
No of total instructions issued/executed:	2179886791 (50.32% proc util.)
 includes 179886747 wrong-path (8.3%) insts and 0 flushed (0.0%)
	fp 684905, 0.03%
	synch 0, 0.00%
	integer 1516091367, 69.55%
	load/store 663110519, 30.42%
Avg size of int IQ (before scheduling): 21.84
Avg size of fp IQ (before scheduling): 0.00
No of cycles taken:		541534643
Parallelism [ 1.429, 0.000, 1.057, 1.208,] = 3.693
 IQ conflicts: 1142303 (0.21%), FQ conflicts: 0 (0.00%) 
 I reg conflicts: 137684786 (25.42%), FP reg conflicts: 0 (0.00%)
  Activelist confs: 575 (0.00%), ROB confs: 5094 (0.00%)
  Int unit conflicts: 930094113 (171.75%), FP unit conflicts: 7 (0.00%)
  Load/store unit conflicts: 85391856 (15.77%)
  MSHR conflicts: 93013941 (17.18%)
----------------------------------------
==== System-wide Cache Statistics ====
Stall for miss queue full 0 cycles (0.00%)
----------------------------------------
==== Statistics for Master ID: 0 ====
Reads: 470254164   Writes: 81235681
ICACHE: size: 64 KB assoc: 2
ICACHE: hits:294055900 misses:2681465  Hit Ratio: 99.10%
DCACHE: size: 32 KB assoc: 8
DCACHE: hits:254593443 misses:159037 writebacks:158216  Hit Ratio: 99.94%
SCACHE: size: 512 KB assoc: 2
SCACHE: hits:2642983 misses:197519  Hit Ratio: 93.05%
3CACHE: size: 4096 KB assoc: 2
3CACHE: hits:30096 misses:167423  Hit Ratio: 15.24%
3CACHE: dirty items replaced:8970
ITLB: size: 48, misses 99, miss rate 0.00%
DTLB: size: 128, misses 17067, miss rate 0.01%
Avg mem delay: 1.497 cycles
----------------------------------------
==== Statistics for Master ID: 2 ====
Reads: 406345337   Writes: 46375907
ICACHE: size: 64 KB assoc: 2
ICACHE: hits:226873917 misses:6945078  Hit Ratio: 97.03%
DCACHE: size: 32 KB assoc: 8
DCACHE: hits:216434931 misses:2467318 writebacks:2466760  Hit Ratio: 98.87%
SCACHE: size: 512 KB assoc: 2
SCACHE: hits:8611585 misses:800810  Hit Ratio: 91.49%
3CACHE: size: 4096 KB assoc: 2
3CACHE: hits:560796 misses:240014  Hit Ratio: 70.03%
3CACHE: dirty items replaced:45857
ITLB: size: 48, misses 1040, miss rate 0.00%
DTLB: size: 128, misses 986090, miss rate 0.45%
Avg mem delay: 1.497 cycles
----------------------------------------
==== Statistics for Master ID: 3 ====
Reads: 379604555   Writes: 53128898
ICACHE: size: 64 KB assoc: 2
ICACHE: hits:243453607 misses:128665  Hit Ratio: 99.95%
DCACHE: size: 32 KB assoc: 8
DCACHE: hits:183639755 misses:5511426 writebacks:5335436  Hit Ratio: 97.09%
SCACHE: size: 512 KB assoc: 2
SCACHE: hits:3174016 misses:2466075  Hit Ratio: 56.28%
3CACHE: size: 4096 KB assoc: 2
3CACHE: hits:229736 misses:2236339  Hit Ratio: 9.32%
3CACHE: dirty items replaced:40006
ITLB: size: 48, misses 345, miss rate 0.00%
DTLB: size: 128, misses 307903, miss rate 0.16%
Avg mem delay: 1.497 cycles
----------------------------------------
==== Global Resource Utilization ====
STASH: size: 65536 entries, full 2943665453, empty 84869229, misses 7633531, full rate 96.95
icache bank util. 0.201 0.181 0.172 0.162 0.185 0.216 0.180 0.186 
dcache bank util. 0.093 0.182 0.209 0.160 0.199 0.135 0.200 0.136 
L2 bank util. 0.029 0.037 0.027 0.022 0.026 0.029 0.026 0.038 
L1-L2 bus util. = 0.143, L3 util. = 0.049
----------------------------------------
branch prediction, hits = 182707829, misses = 19546907, hit rate = 90.34%
return_stack prediction, hits = 39250860, misses = 958, hit rate = 100.00%
jump prediction, hits = 177518740, misses = 45579271, hit rate = 79.57%
total IPC 3.693

=== Results saved to: ./results/equake_2_crafty_1_gzip-program_1.txt ===
