测试组合（多线程优先）：gzip-source.arg2 + gcc-integrate.arg + gcc-scilab.arg
执行命令：./smtsim gzip-source.arg2 gcc-integrate.arg gcc-scilab.arg
==================================================

Process 0, Thread 0: gzip-source
Process 0, Thread 1: gzip-source
Process 2, Thread 2: gcc-integrate
Process 3, Thread 3: gcc-scilab

**** Debug Statistics at 1000000 Cycles *****
Threads: 4		Fetch Width: 8
No of useful instructions fetched:	2367355 (29.59% proc util.)
No of total instructions fetched:	2806428 (35.08% proc util.)
 includes 115313 misfetch (4.1%), 323760 (11.5%) wrong-path fetches
 and 0 flushed after failed lock(0.0%)
No of useful instructions issued/executed:	2367286 (29.59% proc util.)
No of total instructions issued/executed:	2511985 (31.40% proc util.)
 includes 144699 wrong-path (5.8%) insts and 0 flushed (0.0%)
	fp 138, 0.01%
	synch 0, 0.00%
	integer 1826554, 72.71%
	load/store 685293, 27.28%
Avg size of int IQ (before scheduling): 37.22
Avg size of fp IQ (before scheduling): 0.01
No of cycles taken:		1000000
Parallelism [ 1.066, 0.000, 0.650, 0.652,] = 2.367
 IQ conflicts: 199726 (19.97%), FQ conflicts: 0 (0.00%) 
 I reg conflicts: 366048 (36.60%), FP reg conflicts: 0 (0.00%)
  Activelist confs: 0 (0.00%), ROB confs: 1195 (0.12%)
  Int unit conflicts: 1123263 (112.33%), FP unit conflicts: 4 (0.00%)
  Load/store unit conflicts: 149306 (14.93%)
  MSHR conflicts: 706876 (70.69%)
----------------------------------------
==== System-wide Cache Statistics ====
Stall for miss queue full 0 cycles (0.00%)
----------------------------------------
==== Statistics for Master ID: 0 ====
Reads: 403760   Writes: 58681
ICACHE: size: 64 KB assoc: 2
ICACHE: hits:271711 misses:114  Hit Ratio: 99.96%
DCACHE: size: 32 KB assoc: 8
DCACHE: hits:187434 misses:3182 writebacks:2953  Hit Ratio: 98.33%
SCACHE: size: 512 KB assoc: 2
SCACHE: hits:452 misses:2844  Hit Ratio: 13.71%
3CACHE: size: 4096 KB assoc: 2
3CACHE: hits:38 misses:2806  Hit Ratio: 1.34%
3CACHE: dirty items replaced:0
ITLB: size: 48, misses 4, miss rate 0.00%
DTLB: size: 128, misses 59, miss rate 0.03%
Avg mem delay: 2.264 cycles
----------------------------------------
==== Statistics for Master ID: 2 ====
Reads: 398145   Writes: 98990
ICACHE: size: 64 KB assoc: 2
ICACHE: hits:243849 misses:5426  Hit Ratio: 97.82%
DCACHE: size: 32 KB assoc: 8
DCACHE: hits:244114 misses:3746 writebacks:3480  Hit Ratio: 98.49%
SCACHE: size: 512 KB assoc: 2
SCACHE: hits:4417 misses:4755  Hit Ratio: 48.16%
3CACHE: size: 4096 KB assoc: 2
3CACHE: hits:383 misses:4372  Hit Ratio: 8.05%
3CACHE: dirty items replaced:5
ITLB: size: 48, misses 187, miss rate 0.08%
DTLB: size: 128, misses 189, miss rate 0.08%
Avg mem delay: 2.264 cycles
----------------------------------------
==== Statistics for Master ID: 3 ====
Reads: 391700   Writes: 98756
ICACHE: size: 64 KB assoc: 2
ICACHE: hits:238617 misses:5438  Hit Ratio: 97.77%
DCACHE: size: 32 KB assoc: 8
DCACHE: hits:242683 misses:3718 writebacks:3465  Hit Ratio: 98.49%
SCACHE: size: 512 KB assoc: 2
SCACHE: hits:4407 misses:4749  Hit Ratio: 48.13%
3CACHE: size: 4096 KB assoc: 2
3CACHE: hits:399 misses:4350  Hit Ratio: 8.40%
3CACHE: dirty items replaced:4
ITLB: size: 48, misses 192, miss rate 0.08%
DTLB: size: 128, misses 183, miss rate 0.07%
Avg mem delay: 2.264 cycles
----------------------------------------
==== Global Resource Utilization ====
STASH: size: 65536 entries, full 502981776, empty 91510, misses 8182, full rate 99.98
icache bank util. 0.124 0.088 0.097 0.090 0.079 0.097 0.095 0.128 
dcache bank util. 0.081 0.097 0.057 0.068 0.077 0.104 0.147 0.117 
L2 bank util. 0.024 0.023 0.024 0.025 0.022 0.023 0.023 0.024 
L1-L2 bus util. = 0.095, L3 util. = 0.115
----------------------------------------
branch prediction, hits = 178125, misses = 13088, hit rate = 93.16%
return_stack prediction, hits = 22770, misses = 12, hit rate = 99.95%
jump prediction, hits = 176136, misses = 29050, hit rate = 85.84%
 dgelq2_ function_cannot_inline_p save_for_inline dgelqf_ copy_for_inline
**** Debug Statistics at 101000000 Cycles *****
Threads: 4		Fetch Width: 8
No of useful instructions fetched:	312561897 (38.68% proc util.)
No of total instructions fetched:	484249300 (59.93% proc util.)
 includes 24718191 misfetch (5.1%), 146969212 (30.3%) wrong-path fetches
 and 0 flushed after failed lock(0.0%)
No of useful instructions issued/executed:	312561872 (38.68% proc util.)
No of total instructions issued/executed:	385400021 (47.70% proc util.)
 includes 72838149 wrong-path (18.9%) insts and 0 flushed (0.0%)
	fp 5266, 0.00%
	synch 0, 0.00%
	integer 260816148, 67.67%
	load/store 124578607, 32.32%
Avg size of int IQ (before scheduling): 28.65
Avg size of fp IQ (before scheduling): 0.00
No of cycles taken:		101000000
Parallelism [ 1.664, 0.000, 0.688, 0.742,] = 3.095
 IQ conflicts: 3115117 (3.08%), FQ conflicts: 0 (0.00%) 
 I reg conflicts: 20908520 (20.70%), FP reg conflicts: 0 (0.00%)
  Activelist confs: 725 (0.00%), ROB confs: 79618 (0.08%)
  Int unit conflicts: 128188994 (126.92%), FP unit conflicts: 10 (0.00%)
  Load/store unit conflicts: 20525593 (20.32%)
  MSHR conflicts: 21594729 (21.38%)
----------------------------------------
==== System-wide Cache Statistics ====
Stall for miss queue full 0 cycles (0.00%)
----------------------------------------
==== Statistics for Master ID: 0 ====
Reads: 93920587   Writes: 13525532
ICACHE: size: 64 KB assoc: 2
ICACHE: hits:57777375 misses:24144  Hit Ratio: 99.96%
DCACHE: size: 32 KB assoc: 8
DCACHE: hits:48418547 misses:1226053 writebacks:1225824  Hit Ratio: 97.53%
SCACHE: size: 512 KB assoc: 2
SCACHE: hits:1005966 misses:244231  Hit Ratio: 80.46%
3CACHE: size: 4096 KB assoc: 2
3CACHE: hits:186956 misses:57275  Hit Ratio: 76.55%
3CACHE: dirty items replaced:4450
ITLB: size: 48, misses 729, miss rate 0.00%
DTLB: size: 128, misses 58599, miss rate 0.12%
Avg mem delay: 1.734 cycles
----------------------------------------
==== Statistics for Master ID: 2 ====
Reads: 61911645   Writes: 9623349
ICACHE: size: 64 KB assoc: 2
ICACHE: hits:35214391 misses:1335275  Hit Ratio: 96.35%
DCACHE: size: 32 KB assoc: 8
DCACHE: hits:33942505 misses:1042823 writebacks:1042557  Hit Ratio: 97.02%
SCACHE: size: 512 KB assoc: 2
SCACHE: hits:1801167 misses:576930  Hit Ratio: 75.74%
3CACHE: size: 4096 KB assoc: 2
3CACHE: hits:464741 misses:112189  Hit Ratio: 80.55%
3CACHE: dirty items replaced:19402
ITLB: size: 48, misses 112972, miss rate 0.31%
DTLB: size: 128, misses 115211, miss rate 0.33%
Avg mem delay: 1.734 cycles
----------------------------------------
==== Statistics for Master ID: 3 ====
Reads: 69251392   Writes: 10949485
ICACHE: size: 64 KB assoc: 2
ICACHE: hits:39250202 misses:1300241  Hit Ratio: 96.79%
DCACHE: size: 32 KB assoc: 8
DCACHE: hits:38481828 misses:1168606 writebacks:1168353  Hit Ratio: 97.05%
SCACHE: size: 512 KB assoc: 2
SCACHE: hits:1898108 misses:570739  Hit Ratio: 76.88%
3CACHE: size: 4096 KB assoc: 2
3CACHE: hits:468422 misses:102317  Hit Ratio: 82.07%
3CACHE: dirty items replaced:19234
ITLB: size: 48, misses 87666, miss rate 0.22%
DTLB: size: 128, misses 117701, miss rate 0.30%
Avg mem delay: 1.734 cycles
----------------------------------------
==== Global Resource Utilization ====
STASH: size: 65536 entries, full 1022734994, empty 17744752, misses 1523660, full rate 98.15
icache bank util. 0.185 0.158 0.141 0.163 0.186 0.203 0.179 0.199 
dcache bank util. 0.153 0.178 0.204 0.178 0.222 0.136 0.208 0.157 
L2 bank util. 0.059 0.061 0.060 0.058 0.056 0.053 0.056 0.057 
L1-L2 bus util. = 0.283, L3 util. = 0.027
----------------------------------------
branch prediction, hits = 24527783, misses = 5443398, hit rate = 81.84%
return_stack prediction, hits = 2925577, misses = 2248, hit rate = 99.92%
jump prediction, hits = 23557691, misses = 6283494, hit rate = 78.94%
 expand_inline_function dgels_
**** Debug Statistics at 201000000 Cycles *****
Threads: 4		Fetch Width: 8
No of useful instructions fetched:	636348513 (39.57% proc util.)
No of total instructions fetched:	987808217 (61.43% proc util.)
 includes 48653384 misfetch (4.9%), 302806320 (30.7%) wrong-path fetches
 and 0 flushed after failed lock(0.0%)
No of useful instructions issued/executed:	636348488 (39.57% proc util.)
No of total instructions issued/executed:	786057953 (48.88% proc util.)
 includes 149709465 wrong-path (19.0%) insts and 0 flushed (0.0%)
	fp 13244, 0.00%
	synch 0, 0.00%
	integer 531244080, 67.58%
	load/store 254800629, 32.41%
Avg size of int IQ (before scheduling): 28.70
Avg size of fp IQ (before scheduling): 0.00
No of cycles taken:		201000000
Parallelism [ 1.647, 0.000, 0.748, 0.771,] = 3.166
 IQ conflicts: 5423453 (2.70%), FQ conflicts: 0 (0.00%) 
 I reg conflicts: 39798270 (19.80%), FP reg conflicts: 0 (0.00%)
  Activelist confs: 1267 (0.00%), ROB confs: 217859 (0.11%)
  Int unit conflicts: 273396982 (136.02%), FP unit conflicts: 13 (0.00%)
  Load/store unit conflicts: 45058751 (22.42%)
  MSHR conflicts: 50831388 (25.29%)
----------------------------------------
==== System-wide Cache Statistics ====
Stall for miss queue full 0 cycles (0.00%)
----------------------------------------
==== Statistics for Master ID: 0 ====
Reads: 185323197   Writes: 26079186
ICACHE: size: 64 KB assoc: 2
ICACHE: hits:114929259 misses:51375  Hit Ratio: 99.96%
DCACHE: size: 32 KB assoc: 8
DCACHE: hits:93971480 misses:2450269 writebacks:2450040  Hit Ratio: 97.46%
SCACHE: size: 512 KB assoc: 2
SCACHE: hits:2008012 misses:493632  Hit Ratio: 80.27%
3CACHE: size: 4096 KB assoc: 2
3CACHE: hits:399361 misses:94271  Hit Ratio: 80.90%
3CACHE: dirty items replaced:14872
ITLB: size: 48, misses 1353, miss rate 0.00%
DTLB: size: 128, misses 125076, miss rate 0.13%
Avg mem delay: 1.756 cycles
----------------------------------------
==== Statistics for Master ID: 2 ====
Reads: 134520487   Writes: 21035621
ICACHE: size: 64 KB assoc: 2
ICACHE: hits:76709696 misses:2557993  Hit Ratio: 96.77%
DCACHE: size: 32 KB assoc: 8
DCACHE: hits:74150395 misses:2138024 writebacks:2137758  Hit Ratio: 97.20%
SCACHE: size: 512 KB assoc: 2
SCACHE: hits:3604986 misses:1091031  Hit Ratio: 76.77%
3CACHE: size: 4096 KB assoc: 2
3CACHE: hits:906363 misses:184667  Hit Ratio: 83.07%
3CACHE: dirty items replaced:49482
ITLB: size: 48, misses 206821, miss rate 0.26%
DTLB: size: 128, misses 252633, miss rate 0.33%
Avg mem delay: 1.756 cycles
----------------------------------------
==== Statistics for Master ID: 3 ====
Reads: 142527695   Writes: 22692720
ICACHE: size: 64 KB assoc: 2
ICACHE: hits:81259915 misses:2484587  Hit Ratio: 97.03%
DCACHE: size: 32 KB assoc: 8
DCACHE: hits:79083845 misses:2392068 writebacks:2391815  Hit Ratio: 97.06%
SCACHE: size: 512 KB assoc: 2
SCACHE: hits:3778613 misses:1098042  Hit Ratio: 77.48%
3CACHE: size: 4096 KB assoc: 2
3CACHE: hits:919365 misses:178677  Hit Ratio: 83.73%
3CACHE: dirty items replaced:49279
ITLB: size: 48, misses 175909, miss rate 0.21%
DTLB: size: 128, misses 259579, miss rate 0.32%
Avg mem delay: 1.756 cycles
----------------------------------------
==== Global Resource Utilization ====
STASH: size: 65536 entries, full 1565367675, empty 35584858, misses 3052303, full rate 97.59
icache bank util. 0.188 0.161 0.148 0.172 0.194 0.210 0.183 0.203 
dcache bank util. 0.157 0.175 0.198 0.181 0.237 0.145 0.214 0.165 
L2 bank util. 0.059 0.060 0.060 0.058 0.056 0.052 0.056 0.056 
L1-L2 bus util. = 0.284, L3 util. = 0.023
----------------------------------------
branch prediction, hits = 50570569, misses = 11347498, hit rate = 81.67%
return_stack prediction, hits = 5915550, misses = 4642, hit rate = 99.92%
jump prediction, hits = 48687544, misses = 12575246, hit rate = 79.47%
 copy_parm_decls copy_decl_tree copy_rtx_and_substitute
**** Debug Statistics at 301000000 Cycles *****
Threads: 4		Fetch Width: 8
No of useful instructions fetched:	959344025 (39.84% proc util.)
No of total instructions fetched:	1483220947 (61.60% proc util.)
 includes 74240053 misfetch (5.0%), 449636869 (30.3%) wrong-path fetches
 and 0 flushed after failed lock(0.0%)
No of useful instructions issued/executed:	959344008 (39.84% proc util.)
No of total instructions issued/executed:	1180740759 (49.03% proc util.)
 includes 221396751 wrong-path (18.8%) insts and 0 flushed (0.0%)
	fp 14106, 0.00%
	synch 0, 0.00%
	integer 798640048, 67.64%
	load/store 382086605, 32.36%
Avg size of int IQ (before scheduling): 28.83
Avg size of fp IQ (before scheduling): 0.00
No of cycles taken:		301000000
Parallelism [ 1.655, 0.000, 0.743, 0.789,] = 3.187
 IQ conflicts: 8093896 (2.69%), FQ conflicts: 0 (0.00%) 
 I reg conflicts: 59029544 (19.61%), FP reg conflicts: 0 (0.00%)
  Activelist confs: 7565 (0.00%), ROB confs: 344986 (0.11%)
  Int unit conflicts: 418724588 (139.11%), FP unit conflicts: 21 (0.00%)
  Load/store unit conflicts: 68724448 (22.83%)
  MSHR conflicts: 83555164 (27.76%)
----------------------------------------
==== System-wide Cache Statistics ====
Stall for miss queue full 0 cycles (0.00%)
----------------------------------------
==== Statistics for Master ID: 0 ====
Reads: 277220431   Writes: 38844084
ICACHE: size: 64 KB assoc: 2
ICACHE: hits:172018902 misses:75448  Hit Ratio: 99.96%
DCACHE: size: 32 KB assoc: 8
DCACHE: hits:140351026 misses:3619139 writebacks:3618910  Hit Ratio: 97.49%
SCACHE: size: 512 KB assoc: 2
SCACHE: hits:2946259 misses:748328  Hit Ratio: 79.75%
3CACHE: size: 4096 KB assoc: 2
3CACHE: hits:609816 misses:138512  Hit Ratio: 81.49%
3CACHE: dirty items replaced:27384
ITLB: size: 48, misses 2027, miss rate 0.00%
DTLB: size: 128, misses 188296, miss rate 0.13%
Avg mem delay: 1.748 cycles
----------------------------------------
==== Statistics for Master ID: 2 ====
Reads: 200568963   Writes: 31484993
ICACHE: size: 64 KB assoc: 2
ICACHE: hits:114269160 misses:3960908  Hit Ratio: 96.65%
DCACHE: size: 32 KB assoc: 8
DCACHE: hits:110655787 misses:3168101 writebacks:3167835  Hit Ratio: 97.22%
SCACHE: size: 512 KB assoc: 2
SCACHE: hits:5440214 misses:1688795  Hit Ratio: 76.31%
3CACHE: size: 4096 KB assoc: 2
3CACHE: hits:1430578 misses:258217  Hit Ratio: 84.71%
3CACHE: dirty items replaced:86969
ITLB: size: 48, misses 308833, miss rate 0.26%
DTLB: size: 128, misses 384149, miss rate 0.34%
Avg mem delay: 1.748 cycles
----------------------------------------
==== Statistics for Master ID: 3 ====
Reads: 215455381   Writes: 34225334
ICACHE: size: 64 KB assoc: 2
ICACHE: hits:122540717 misses:3800617  Hit Ratio: 96.99%
DCACHE: size: 32 KB assoc: 8
DCACHE: hits:119751390 misses:3587991 writebacks:3587738  Hit Ratio: 97.09%
SCACHE: size: 512 KB assoc: 2
SCACHE: hits:5701312 misses:1687295  Hit Ratio: 77.16%
3CACHE: size: 4096 KB assoc: 2
3CACHE: hits:1439045 misses:248250  Hit Ratio: 85.29%
3CACHE: dirty items replaced:86630
ITLB: size: 48, misses 264846, miss rate 0.21%
DTLB: size: 128, misses 400605, miss rate 0.32%
Avg mem delay: 1.748 cycles
----------------------------------------
==== Global Resource Utilization ====
STASH: size: 65536 entries, full 2099628241, empty 52282499, misses 4486855, full rate 97.37
icache bank util. 0.189 0.163 0.147 0.169 0.194 0.212 0.182 0.205 
dcache bank util. 0.162 0.172 0.195 0.181 0.233 0.146 0.215 0.169 
L2 bank util. 0.059 0.061 0.060 0.059 0.057 0.052 0.057 0.057 
L1-L2 bus util. = 0.285, L3 util. = 0.021
----------------------------------------
branch prediction, hits = 76985916, misses = 16939397, hit rate = 81.97%
return_stack prediction, hits = 8792571, misses = 6180, hit rate = 99.93%
jump prediction, hits = 72990959, misses = 19068736, hit rate = 79.29%
 copy_address dgemm_
**** Debug Statistics at 401000000 Cycles *****
Threads: 4		Fetch Width: 8
No of useful instructions fetched:	1289245665 (40.19% proc util.)
No of total instructions fetched:	1971052206 (61.44% proc util.)
 includes 93452263 misfetch (4.7%), 588354278 (29.8%) wrong-path fetches
 and 0 flushed after failed lock(0.0%)
No of useful instructions issued/executed:	1289245646 (40.19% proc util.)
No of total instructions issued/executed:	1579071044 (49.22% proc util.)
 includes 289825398 wrong-path (18.4%) insts and 0 flushed (0.0%)
	fp 33275, 0.00%
	synch 0, 0.00%
	integer 1066630045, 67.55%
	load/store 512407724, 32.45%
Avg size of int IQ (before scheduling): 29.16
Avg size of fp IQ (before scheduling): 0.00
No of cycles taken:		401000000
Parallelism [ 1.619, 0.000, 0.773, 0.822,] = 3.215
 IQ conflicts: 11264466 (2.81%), FQ conflicts: 0 (0.00%) 
 I reg conflicts: 80063902 (19.97%), FP reg conflicts: 0 (0.00%)
  Activelist confs: 10018 (0.00%), ROB confs: 639130 (0.16%)
  Int unit conflicts: 577841111 (144.10%), FP unit conflicts: 21 (0.00%)
  Load/store unit conflicts: 97045043 (24.20%)
  MSHR conflicts: 128151626 (31.96%)
----------------------------------------
==== System-wide Cache Statistics ====
Stall for miss queue full 0 cycles (0.00%)
----------------------------------------
==== Statistics for Master ID: 0 ====
Reads: 361166202   Writes: 50641557
ICACHE: size: 64 KB assoc: 2
ICACHE: hits:224489376 misses:101081  Hit Ratio: 99.95%
DCACHE: size: 32 KB assoc: 8
DCACHE: hits:182484564 misses:4732738 writebacks:4732509  Hit Ratio: 97.47%
SCACHE: size: 512 KB assoc: 2
SCACHE: hits:3832410 misses:1001409  Hit Ratio: 79.28%
3CACHE: size: 4096 KB assoc: 2
3CACHE: hits:817925 misses:183484  Hit Ratio: 81.68%
3CACHE: dirty items replaced:51982
ITLB: size: 48, misses 2541, miss rate 0.00%
DTLB: size: 128, misses 248126, miss rate 0.13%
Avg mem delay: 1.813 cycles
----------------------------------------
==== Statistics for Master ID: 2 ====
Reads: 276010352   Writes: 45248203
ICACHE: size: 64 KB assoc: 2
ICACHE: hits:158553490 misses:4794788  Hit Ratio: 97.06%
DCACHE: size: 32 KB assoc: 8
DCACHE: hits:153144609 misses:4765668 writebacks:4765402  Hit Ratio: 96.98%
SCACHE: size: 512 KB assoc: 2
SCACHE: hits:7215732 misses:2344724  Hit Ratio: 75.47%
3CACHE: size: 4096 KB assoc: 2
3CACHE: hits:2000079 misses:344644  Hit Ratio: 85.30%
3CACHE: dirty items replaced:135932
ITLB: size: 48, misses 352338, miss rate 0.22%
DTLB: size: 128, misses 524913, miss rate 0.33%
Avg mem delay: 1.813 cycles
----------------------------------------
==== Statistics for Master ID: 3 ====
Reads: 289539129   Writes: 46594198
ICACHE: size: 64 KB assoc: 2
ICACHE: hits:165474963 misses:4590364  Hit Ratio: 97.30%
DCACHE: size: 32 KB assoc: 8
DCACHE: hits:161274061 misses:4793939 writebacks:4793686  Hit Ratio: 97.11%
SCACHE: size: 512 KB assoc: 2
SCACHE: hits:7193930 misses:2190373  Hit Ratio: 76.66%
3CACHE: size: 4096 KB assoc: 2
3CACHE: hits:1861454 misses:328919  Hit Ratio: 84.98%
3CACHE: dirty items replaced:132998
ITLB: size: 48, misses 329169, miss rate 0.19%
DTLB: size: 128, misses 534337, miss rate 0.32%
Avg mem delay: 1.813 cycles
----------------------------------------
==== Global Resource Utilization ====
STASH: size: 65536 entries, full 2626630531, empty 65806111, misses 5668130, full rate 97.35
icache bank util. 0.186 0.161 0.148 0.170 0.199 0.216 0.181 0.201 
dcache bank util. 0.166 0.174 0.195 0.180 0.234 0.151 0.218 0.171 
L2 bank util. 0.059 0.060 0.059 0.058 0.056 0.052 0.057 0.057 
L1-L2 bus util. = 0.285, L3 util. = 0.021
----------------------------------------
branch prediction, hits = 105344640, misses = 22004291, hit rate = 82.72%
return_stack prediction, hits = 11811689, misses = 8340, hit rate = 99.93%
jump prediction, hits = 101441729, misses = 24298932, hit rate = 80.68%
 dgemv_
**** Debug Statistics at 501000000 Cycles *****
Threads: 4		Fetch Width: 8
No of useful instructions fetched:	1603633199 (40.01% proc util.)
No of total instructions fetched:	2446087847 (61.03% proc util.)
 includes 114982898 misfetch (4.7%), 727471750 (29.7%) wrong-path fetches
 and 0 flushed after failed lock(0.0%)
No of useful instructions issued/executed:	1603633155 (40.01% proc util.)
No of total instructions issued/executed:	1962620699 (48.97% proc util.)
 includes 358987544 wrong-path (18.3%) insts and 0 flushed (0.0%)
	fp 37655, 0.00%
	synch 0, 0.00%
	integer 1322240590, 67.37%
	load/store 640342454, 32.63%
Avg size of int IQ (before scheduling): 29.35
Avg size of fp IQ (before scheduling): 0.00
No of cycles taken:		501000000
Parallelism [ 1.600, 0.000, 0.777, 0.824,] = 3.201
 IQ conflicts: 15305348 (3.05%), FQ conflicts: 0 (0.00%) 
 I reg conflicts: 101547072 (20.27%), FP reg conflicts: 0 (0.00%)
  Activelist confs: 10897 (0.00%), ROB confs: 1045170 (0.21%)
  Int unit conflicts: 718832631 (143.48%), FP unit conflicts: 22 (0.00%)
  Load/store unit conflicts: 128235877 (25.60%)
  MSHR conflicts: 182962749 (36.52%)
----------------------------------------
==== System-wide Cache Statistics ====
Stall for miss queue full 0 cycles (0.00%)
----------------------------------------
==== Statistics for Master ID: 0 ====
Reads: 446066795   Writes: 62384108
ICACHE: size: 64 KB assoc: 2
ICACHE: hits:277253213 misses:129335  Hit Ratio: 99.95%
DCACHE: size: 32 KB assoc: 8
DCACHE: hits:225144274 misses:5924081 writebacks:5923852  Hit Ratio: 97.44%
SCACHE: size: 512 KB assoc: 2
SCACHE: hits:4778967 misses:1274449  Hit Ratio: 78.95%
3CACHE: size: 4096 KB assoc: 2
3CACHE: hits:1051235 misses:223214  Hit Ratio: 82.49%
3CACHE: dirty items replaced:73049
ITLB: size: 48, misses 3027, miss rate 0.00%
DTLB: size: 128, misses 315382, miss rate 0.14%
Avg mem delay: 1.863 cycles
----------------------------------------
==== Statistics for Master ID: 2 ====
Reads: 346364457   Writes: 59871325
ICACHE: size: 64 KB assoc: 2
ICACHE: hits:199831504 misses:5793297  Hit Ratio: 97.18%
DCACHE: size: 32 KB assoc: 8
DCACHE: hits:194147726 misses:6463255 writebacks:6462989  Hit Ratio: 96.78%
SCACHE: size: 512 KB assoc: 2
SCACHE: hits:9123592 misses:3132960  Hit Ratio: 74.44%
3CACHE: size: 4096 KB assoc: 2
3CACHE: hits:2709779 misses:423181  Hit Ratio: 86.49%
3CACHE: dirty items replaced:185508
ITLB: size: 48, misses 401435, miss rate 0.20%
DTLB: size: 128, misses 681199, miss rate 0.34%
Avg mem delay: 1.863 cycles
----------------------------------------
==== Statistics for Master ID: 3 ====
Reads: 359712970   Writes: 58477328
ICACHE: size: 64 KB assoc: 2
ICACHE: hits:205413127 misses:5647389  Hit Ratio: 97.32%
DCACHE: size: 32 KB assoc: 8
DCACHE: hits:201140171 misses:5989611 writebacks:5989358  Hit Ratio: 97.11%
SCACHE: size: 512 KB assoc: 2
SCACHE: hits:8898712 misses:2738288  Hit Ratio: 76.47%
3CACHE: size: 4096 KB assoc: 2
3CACHE: hits:2336772 misses:401516  Hit Ratio: 85.34%
3CACHE: dirty items replaced:181264
ITLB: size: 48, misses 404886, miss rate 0.19%
DTLB: size: 128, misses 674684, miss rate 0.33%
Avg mem delay: 1.863 cycles
----------------------------------------
==== Global Resource Utilization ====
STASH: size: 65536 entries, full 3139260402, empty 80747063, misses 6961915, full rate 97.28
icache bank util. 0.184 0.159 0.146 0.169 0.201 0.217 0.180 0.199 
dcache bank util. 0.169 0.177 0.194 0.179 0.233 0.152 0.218 0.172 
L2 bank util. 0.060 0.061 0.060 0.059 0.057 0.053 0.058 0.058 
L1-L2 bus util. = 0.289, L3 util. = 0.021
----------------------------------------
branch prediction, hits = 131982554, misses = 27269395, hit rate = 82.88%
return_stack prediction, hits = 14717243, misses = 9642, hit rate = 99.93%
jump prediction, hits = 127537995, misses = 29973938, hit rate = 80.97%
 dgeqr2_ dgeqrf_
**** Debug Statistics at 601000000 Cycles *****
Threads: 4		Fetch Width: 8
No of useful instructions fetched:	1911003651 (39.75% proc util.)
No of total instructions fetched:	2917890071 (60.69% proc util.)
 includes 139585306 misfetch (4.8%), 867301114 (29.7%) wrong-path fetches
 and 0 flushed after failed lock(0.0%)
No of useful instructions issued/executed:	1911003631 (39.75% proc util.)
No of total instructions issued/executed:	2340205103 (48.67% proc util.)
 includes 429201472 wrong-path (18.3%) insts and 0 flushed (0.0%)
	fp 42488, 0.00%
	synch 0, 0.00%
	integer 1575087841, 67.31%
	load/store 765074774, 32.69%
Avg size of int IQ (before scheduling): 29.13
Avg size of fp IQ (before scheduling): 0.00
No of cycles taken:		601000000
Parallelism [ 1.589, 0.000, 0.780, 0.812,] = 3.180
 IQ conflicts: 18337474 (3.05%), FQ conflicts: 0 (0.00%) 
 I reg conflicts: 123587141 (20.56%), FP reg conflicts: 0 (0.00%)
  Activelist confs: 11995 (0.00%), ROB confs: 1317381 (0.22%)
  Int unit conflicts: 838711282 (139.55%), FP unit conflicts: 23 (0.00%)
  Load/store unit conflicts: 152454694 (25.37%)
  MSHR conflicts: 230645568 (38.38%)
----------------------------------------
==== System-wide Cache Statistics ====
Stall for miss queue full 0 cycles (0.00%)
----------------------------------------
==== Statistics for Master ID: 0 ====
Reads: 533098953   Writes: 74484684
ICACHE: size: 64 KB assoc: 2
ICACHE: hits:331003416 misses:162770  Hit Ratio: 99.95%
DCACHE: size: 32 KB assoc: 8
DCACHE: hits:269178062 misses:7239389 writebacks:7239160  Hit Ratio: 97.38%
SCACHE: size: 512 KB assoc: 2
SCACHE: hits:5850904 misses:1551255  Hit Ratio: 79.04%
3CACHE: size: 4096 KB assoc: 2
3CACHE: hits:1284713 misses:266542  Hit Ratio: 82.82%
3CACHE: dirty items replaced:102865
ITLB: size: 48, misses 3595, miss rate 0.00%
DTLB: size: 128, misses 387201, miss rate 0.14%
Avg mem delay: 1.893 cycles
----------------------------------------
==== Statistics for Master ID: 2 ====
Reads: 414473888   Writes: 72910321
ICACHE: size: 64 KB assoc: 2
ICACHE: hits:240040774 misses:7020141  Hit Ratio: 97.16%
DCACHE: size: 32 KB assoc: 8
DCACHE: hits:232117551 misses:8205743 writebacks:8205477  Hit Ratio: 96.59%
SCACHE: size: 512 KB assoc: 2
SCACHE: hits:11305863 misses:3920020  Hit Ratio: 74.25%
3CACHE: size: 4096 KB assoc: 2
3CACHE: hits:3423157 misses:496863  Hit Ratio: 87.32%
3CACHE: dirty items replaced:240739
ITLB: size: 48, misses 458442, miss rate 0.19%
DTLB: size: 128, misses 834780, miss rate 0.35%
Avg mem delay: 1.893 cycles
----------------------------------------
==== Statistics for Master ID: 3 ====
Reads: 427278390   Writes: 69436865
ICACHE: size: 64 KB assoc: 2
ICACHE: hits:243477115 misses:6810839  Hit Ratio: 97.28%
DCACHE: size: 32 KB assoc: 8
DCACHE: hits:239249615 misses:7177686 writebacks:7177433  Hit Ratio: 97.09%
SCACHE: size: 512 KB assoc: 2
SCACHE: hits:10661181 misses:3327344  Hit Ratio: 76.21%
3CACHE: size: 4096 KB assoc: 2
3CACHE: hits:2847320 misses:480024  Hit Ratio: 85.57%
3CACHE: dirty items replaced:235733
ITLB: size: 48, misses 473733, miss rate 0.19%
DTLB: size: 128, misses 816679, miss rate 0.33%
Avg mem delay: 1.893 cycles
----------------------------------------
==== Global Resource Utilization ====
STASH: size: 65536 entries, full 3650058279, empty 95064350, misses 8209925, full rate 97.25
icache bank util. 0.181 0.156 0.144 0.167 0.204 0.220 0.179 0.196 
dcache bank util. 0.168 0.176 0.196 0.181 0.228 0.152 0.221 0.174 
L2 bank util. 0.061 0.063 0.061 0.061 0.058 0.054 0.059 0.059 
L1-L2 bus util. = 0.296, L3 util. = 0.021
----------------------------------------
branch prediction, hits = 157821501, misses = 32612111, hit rate = 82.87%
return_stack prediction, hits = 17524625, misses = 10807, hit rate = 99.94%
jump prediction, hits = 151953105, misses = 36273313, hit rate = 80.73%

**** Early Exiting at 621634021 Cycles *****
========================================
 SMTSIM Global Statistics
========================================
Threads: 4		Fetch Width: 8
No of useful instructions fetched:	2000000086 (40.22% proc util.)
No of total instructions fetched:	3036332571 (61.06% proc util.)
 includes 143415573 misfetch (4.7%), 892916912 (29.4%) wrong-path fetches
 and 0 flushed after failed lock(0.0%)
No of useful instructions issued/executed:	2000000031 (40.22% proc util.)
No of total instructions issued/executed:	2440333412 (49.07% proc util.)
 includes 440333381 wrong-path (18.0%) insts and 0 flushed (0.0%)
	fp 42524, 0.00%
	synch 0, 0.00%
	integer 1643632100, 67.35%
	load/store 796658788, 32.65%
Avg size of int IQ (before scheduling): 29.13
Avg size of fp IQ (before scheduling): 0.00
No of cycles taken:		621634021
Parallelism [ 1.585, 0.000, 0.813, 0.819,] = 3.217
 IQ conflicts: 18593306 (2.99%), FQ conflicts: 0 (0.00%) 
 I reg conflicts: 126241911 (20.31%), FP reg conflicts: 0 (0.00%)
  Activelist confs: 11995 (0.00%), ROB confs: 1320479 (0.21%)
  Int unit conflicts: 915711566 (147.31%), FP unit conflicts: 25 (0.00%)
  Load/store unit conflicts: 157975926 (25.41%)
  MSHR conflicts: 233932488 (37.63%)
----------------------------------------
==== System-wide Cache Statistics ====
Stall for miss queue full 0 cycles (0.00%)
----------------------------------------
==== Statistics for Master ID: 0 ====
Reads: 551095287   Writes: 76914258
ICACHE: size: 64 KB assoc: 2
ICACHE: hits:342514154 misses:164761  Hit Ratio: 99.95%
DCACHE: size: 32 KB assoc: 8
DCACHE: hits:277818387 misses:7512243 writebacks:7512014  Hit Ratio: 97.37%
SCACHE: size: 512 KB assoc: 2
SCACHE: hits:6093989 misses:1583015  Hit Ratio: 79.38%
3CACHE: size: 4096 KB assoc: 2
3CACHE: hits:1309209 misses:273806  Hit Ratio: 82.70%
3CACHE: dirty items replaced:107440
ITLB: size: 48, misses 3664, miss rate 0.00%
DTLB: size: 128, misses 397094, miss rate 0.14%
Avg mem delay: 1.867 cycles
----------------------------------------
==== Statistics for Master ID: 2 ====
Reads: 436347334   Writes: 75279556
ICACHE: size: 64 KB assoc: 2
ICACHE: hits:251939875 misses:7053353  Hit Ratio: 97.28%
DCACHE: size: 32 KB assoc: 8
DCACHE: hits:244302751 misses:8330911 writebacks:8330645  Hit Ratio: 96.70%
SCACHE: size: 512 KB assoc: 2
SCACHE: hits:11394959 misses:3989305  Hit Ratio: 74.07%
3CACHE: size: 4096 KB assoc: 2
3CACHE: hits:3479398 misses:509907  Hit Ratio: 87.22%
3CACHE: dirty items replaced:250715
ITLB: size: 48, misses 459468, miss rate 0.18%
DTLB: size: 128, misses 854409, miss rate 0.34%
Avg mem delay: 1.867 cycles
----------------------------------------
==== Statistics for Master ID: 3 ====
Reads: 445807298   Writes: 72231155
ICACHE: size: 64 KB assoc: 2
ICACHE: hits:254317467 misses:6979363  Hit Ratio: 97.33%
DCACHE: size: 32 KB assoc: 8
DCACHE: hits:249353452 misses:7388171 writebacks:7387918  Hit Ratio: 97.12%
SCACHE: size: 512 KB assoc: 2
SCACHE: hits:10986017 misses:3381517  Hit Ratio: 76.46%
3CACHE: size: 4096 KB assoc: 2
3CACHE: hits:2893037 misses:488480  Hit Ratio: 85.55%
3CACHE: dirty items replaced:241976
ITLB: size: 48, misses 482854, miss rate 0.18%
DTLB: size: 128, misses 838191, miss rate 0.33%
Avg mem delay: 1.867 cycles
----------------------------------------
==== Global Resource Utilization ====
STASH: size: 65536 entries, full 3779622581, empty 97156640, misses 8394493, full rate 97.28
icache bank util. 0.182 0.160 0.145 0.166 0.204 0.221 0.179 0.200 
dcache bank util. 0.173 0.176 0.196 0.181 0.229 0.153 0.220 0.174 
L2 bank util. 0.060 0.062 0.061 0.060 0.058 0.054 0.058 0.058 
L1-L2 bus util. = 0.293, L3 util. = 0.020
----------------------------------------
branch prediction, hits = 166993639, misses = 33706476, hit rate = 83.21%
return_stack prediction, hits = 18037880, misses = 10852, hit rate = 99.94%
jump prediction, hits = 159495891, misses = 37298989, hit rate = 81.05%
total IPC 3.217

=== Results saved to: ./results/gzip-source_2_gcc-integrate_1_gcc-scilab_1.txt ===
