测试组合（多线程优先）：crafty.arg2 + gcc-scilab.arg + mgrid.arg
执行命令：./smtsim crafty.arg2 gcc-scilab.arg mgrid.arg
==================================================

Process 0, Thread 0: crafty
Process 0, Thread 1: crafty
Process 2, Thread 2: gcc-scilab
Process 3, Thread 3: mgrid

**** Debug Statistics at 1000000 Cycles *****
Threads: 4		Fetch Width: 8
No of useful instructions fetched:	1225234 (15.32% proc util.)
No of total instructions fetched:	1609027 (20.11% proc util.)
 includes 87545 misfetch (5.4%), 296248 (18.4%) wrong-path fetches
 and 0 flushed after failed lock(0.0%)
No of useful instructions issued/executed:	1225221 (15.32% proc util.)
No of total instructions issued/executed:	1367386 (17.09% proc util.)
 includes 142165 wrong-path (10.4%) insts and 0 flushed (0.0%)
	fp 207, 0.02%
	synch 0, 0.00%
	integer 883588, 64.62%
	load/store 483591, 35.37%
Avg size of int IQ (before scheduling): 8.85
Avg size of fp IQ (before scheduling): 0.01
No of cycles taken:		1000000
Parallelism [ 0.427, 0.000, 0.346, 0.452,] = 1.225
 IQ conflicts: 7908 (0.79%), FQ conflicts: 0 (0.00%) 
 I reg conflicts: 673377 (67.34%), FP reg conflicts: 0 (0.00%)
  Activelist confs: 148 (0.01%), ROB confs: 5822 (0.58%)
  Int unit conflicts: 298611 (29.86%), FP unit conflicts: 1 (0.00%)
  Load/store unit conflicts: 68956 (6.90%)
  MSHR conflicts: 743205 (74.32%)
----------------------------------------
==== System-wide Cache Statistics ====
Stall for miss queue full 0 cycles (0.00%)
----------------------------------------
==== Statistics for Master ID: 0 ====
Reads: 298597   Writes: 34214
ICACHE: size: 64 KB assoc: 2
ICACHE: hits:160819 misses:4015  Hit Ratio: 97.56%
DCACHE: size: 32 KB assoc: 8
DCACHE: hits:161937 misses:6040 writebacks:5802  Hit Ratio: 96.40%
SCACHE: size: 512 KB assoc: 2
SCACHE: hits:6838 misses:3217  Hit Ratio: 68.01%
3CACHE: size: 4096 KB assoc: 2
3CACHE: hits:1106 misses:2111  Hit Ratio: 34.38%
3CACHE: dirty items replaced:3
ITLB: size: 48, misses 83, miss rate 0.05%
DTLB: size: 128, misses 838, miss rate 0.50%
Avg mem delay: 3.408 cycles
----------------------------------------
==== Statistics for Master ID: 2 ====
Reads: 207644   Writes: 53439
ICACHE: size: 64 KB assoc: 2
ICACHE: hits:133846 misses:2795  Hit Ratio: 97.95%
DCACHE: size: 32 KB assoc: 8
DCACHE: hits:120609 misses:3833 writebacks:3656  Hit Ratio: 96.92%
SCACHE: size: 512 KB assoc: 2
SCACHE: hits:2390 misses:4238  Hit Ratio: 36.06%
3CACHE: size: 4096 KB assoc: 2
3CACHE: hits:506 misses:3732  Hit Ratio: 11.94%
3CACHE: dirty items replaced:3
ITLB: size: 48, misses 188, miss rate 0.14%
DTLB: size: 128, misses 273, miss rate 0.22%
Avg mem delay: 3.408 cycles
----------------------------------------
==== Statistics for Master ID: 3 ====
Reads: 190646   Writes: 137209
ICACHE: size: 64 KB assoc: 2
ICACHE: hits:135153 misses:2237  Hit Ratio: 98.37%
DCACHE: size: 32 KB assoc: 8
DCACHE: hits:175938 misses:14527 writebacks:14118  Hit Ratio: 92.37%
SCACHE: size: 512 KB assoc: 2
SCACHE: hits:1551 misses:15212  Hit Ratio: 9.25%
3CACHE: size: 4096 KB assoc: 2
3CACHE: hits:194 misses:15018  Hit Ratio: 1.28%
3CACHE: dirty items replaced:8
ITLB: size: 48, misses 155, miss rate 0.11%
DTLB: size: 128, misses 365, miss rate 0.19%
Avg mem delay: 3.408 cycles
----------------------------------------
==== Global Resource Utilization ====
STASH: size: 65536 entries, full 93155616, empty 7769368, misses 864082, full rate 91.52
icache bank util. 0.054 0.062 0.060 0.049 0.053 0.087 0.050 0.051 
dcache bank util. 0.074 0.088 0.087 0.066 0.078 0.070 0.081 0.082 
L2 bank util. 0.042 0.045 0.040 0.039 0.040 0.039 0.039 0.044 
L1-L2 bus util. = 0.171, L3 util. = 0.209
----------------------------------------
branch prediction, hits = 113033, misses = 14554, hit rate = 88.59%
return_stack prediction, hits = 19040, misses = 37, hit rate = 99.81%
jump prediction, hits = 120922, misses = 22181, hit rate = 84.50%
 dgelq2_ dgelqf_
**** Debug Statistics at 101000000 Cycles *****
Threads: 4		Fetch Width: 8
No of useful instructions fetched:	162680613 (20.13% proc util.)
No of total instructions fetched:	205570539 (25.44% proc util.)
 includes 9885484 misfetch (4.8%), 33004442 (16.1%) wrong-path fetches
 and 0 flushed after failed lock(0.0%)
No of useful instructions issued/executed:	162680592 (20.13% proc util.)
No of total instructions issued/executed:	180538240 (22.34% proc util.)
 includes 17857648 wrong-path (9.9%) insts and 0 flushed (0.0%)
	fp 28663662, 15.88%
	synch 0, 0.00%
	integer 83455359, 46.23%
	load/store 68419219, 37.90%
Avg size of int IQ (before scheduling): 8.38
Avg size of fp IQ (before scheduling): 4.80
No of cycles taken:		101000000
Parallelism [ 0.487, 0.000, 0.350, 0.773,] = 1.611
 IQ conflicts: 1063294 (1.05%), FQ conflicts: 0 (0.00%) 
 I reg conflicts: 22910854 (22.68%), FP reg conflicts: 41078939 (40.67%)
  Activelist confs: 250 (0.00%), ROB confs: 432942 (0.43%)
  Int unit conflicts: 14991422 (14.84%), FP unit conflicts: 107064 (0.11%)
  Load/store unit conflicts: 11088283 (10.98%)
  MSHR conflicts: 47985011 (47.51%)
----------------------------------------
==== System-wide Cache Statistics ====
Stall for miss queue full 0 cycles (0.00%)
----------------------------------------
==== Statistics for Master ID: 0 ====
Reads: 36080749   Writes: 4139630
ICACHE: size: 64 KB assoc: 2
ICACHE: hits:20411064 misses:551623  Hit Ratio: 97.37%
DCACHE: size: 32 KB assoc: 8
DCACHE: hits:18332876 misses:924816 writebacks:924578  Hit Ratio: 95.20%
SCACHE: size: 512 KB assoc: 2
SCACHE: hits:1239373 misses:237066  Hit Ratio: 83.94%
3CACHE: size: 4096 KB assoc: 2
3CACHE: hits:183507 misses:53559  Hit Ratio: 77.41%
3CACHE: dirty items replaced:5340
ITLB: size: 48, misses 9365, miss rate 0.04%
DTLB: size: 128, misses 104368, miss rate 0.54%
Avg mem delay: 4.249 cycles
----------------------------------------
==== Statistics for Master ID: 2 ====
Reads: 30620939   Writes: 4950541
ICACHE: size: 64 KB assoc: 2
ICACHE: hits:17627561 misses:625177  Hit Ratio: 96.57%
DCACHE: size: 32 KB assoc: 8
DCACHE: hits:16579584 misses:739158 writebacks:738981  Hit Ratio: 95.73%
SCACHE: size: 512 KB assoc: 2
SCACHE: hits:1052081 misses:312253  Hit Ratio: 77.11%
3CACHE: size: 4096 KB assoc: 2
3CACHE: hits:240142 misses:72111  Hit Ratio: 76.91%
3CACHE: dirty items replaced:7256
ITLB: size: 48, misses 40716, miss rate 0.22%
DTLB: size: 128, misses 56383, miss rate 0.33%
Avg mem delay: 4.249 cycles
----------------------------------------
==== Statistics for Master ID: 3 ====
Reads: 52492502   Writes: 5514339
ICACHE: size: 64 KB assoc: 2
ICACHE: hits:26197806 misses:23039  Hit Ratio: 99.91%
DCACHE: size: 32 KB assoc: 8
DCACHE: hits:30308968 misses:1477028 writebacks:1476619  Hit Ratio: 95.35%
SCACHE: size: 512 KB assoc: 2
SCACHE: hits:342953 misses:1157114  Hit Ratio: 22.86%
3CACHE: size: 4096 KB assoc: 2
3CACHE: hits:200230 misses:956883  Hit Ratio: 17.30%
3CACHE: dirty items replaced:32115
ITLB: size: 48, misses 620, miss rate 0.00%
DTLB: size: 128, misses 23160, miss rate 0.07%
Avg mem delay: 4.249 cycles
----------------------------------------
==== Global Resource Utilization ====
STASH: size: 65536 entries, full 341601778, empty 19088086, misses 1894648, full rate 94.21
icache bank util. 0.080 0.086 0.083 0.087 0.091 0.098 0.082 0.077 
dcache bank util. 0.099 0.114 0.110 0.096 0.115 0.113 0.107 0.110 
L2 bank util. 0.046 0.053 0.046 0.043 0.046 0.048 0.044 0.051 
L1-L2 bus util. = 0.222, L3 util. = 0.107
----------------------------------------
branch prediction, hits = 9409958, misses = 1679971, hit rate = 84.85%
return_stack prediction, hits = 1335746, misses = 1049, hit rate = 99.92%
jump prediction, hits = 8497775, misses = 2892315, hit rate = 74.61%

**** Debug Statistics at 201000000 Cycles *****
Threads: 4		Fetch Width: 8
No of useful instructions fetched:	346948141 (21.58% proc util.)
No of total instructions fetched:	448485594 (27.89% proc util.)
 includes 23406029 misfetch (5.2%), 78131424 (17.4%) wrong-path fetches
 and 0 flushed after failed lock(0.0%)
No of useful instructions issued/executed:	346948052 (21.58% proc util.)
No of total instructions issued/executed:	389194013 (24.20% proc util.)
 includes 42245961 wrong-path (10.9%) insts and 0 flushed (0.0%)
	fp 65517516, 16.83%
	synch 0, 0.00%
	integer 176587154, 45.37%
	load/store 147089343, 37.79%
Avg size of int IQ (before scheduling): 8.60
Avg size of fp IQ (before scheduling): 5.64
No of cycles taken:		201000000
Parallelism [ 0.511, 0.000, 0.393, 0.822,] = 1.726
 IQ conflicts: 2270517 (1.13%), FQ conflicts: 440424 (0.22%) 
 I reg conflicts: 27635388 (13.75%), FP reg conflicts: 92129597 (45.84%)
  Activelist confs: 799 (0.00%), ROB confs: 445133 (0.22%)
  Int unit conflicts: 32486172 (16.16%), FP unit conflicts: 254107 (0.13%)
  Load/store unit conflicts: 24959583 (12.42%)
  MSHR conflicts: 82315690 (40.95%)
----------------------------------------
==== System-wide Cache Statistics ====
Stall for miss queue full 0 cycles (0.00%)
----------------------------------------
==== Statistics for Master ID: 0 ====
Reads: 76360243   Writes: 8645915
ICACHE: size: 64 KB assoc: 2
ICACHE: hits:43139978 misses:1362687  Hit Ratio: 96.94%
DCACHE: size: 32 KB assoc: 8
DCACHE: hits:38525346 misses:1978147 writebacks:1977909  Hit Ratio: 95.12%
SCACHE: size: 512 KB assoc: 2
SCACHE: hits:2878427 misses:462407  Hit Ratio: 86.16%
3CACHE: size: 4096 KB assoc: 2
3CACHE: hits:356425 misses:105982  Hit Ratio: 77.08%
3CACHE: dirty items replaced:14142
ITLB: size: 48, misses 18813, miss rate 0.04%
DTLB: size: 128, misses 231608, miss rate 0.57%
Avg mem delay: 4.074 cycles
----------------------------------------
==== Statistics for Master ID: 2 ====
Reads: 71417316   Writes: 11170381
ICACHE: size: 64 KB assoc: 2
ICACHE: hits:41007298 misses:1449412  Hit Ratio: 96.59%
DCACHE: size: 32 KB assoc: 8
DCACHE: hits:38514402 misses:1616585 writebacks:1616408  Hit Ratio: 95.97%
SCACHE: size: 512 KB assoc: 2
SCACHE: hits:2494973 misses:571023  Hit Ratio: 81.38%
3CACHE: size: 4096 KB assoc: 2
3CACHE: hits:455873 misses:115150  Hit Ratio: 79.83%
3CACHE: dirty items replaced:19380
ITLB: size: 48, misses 67403, miss rate 0.16%
DTLB: size: 128, misses 128540, miss rate 0.32%
Avg mem delay: 4.074 cycles
----------------------------------------
==== Statistics for Master ID: 3 ====
Reads: 116482661   Writes: 6811919
ICACHE: size: 64 KB assoc: 2
ICACHE: hits:56956067 misses:56199  Hit Ratio: 99.90%
DCACHE: size: 32 KB assoc: 8
DCACHE: hits:63597080 misses:2685234 writebacks:2684825  Hit Ratio: 95.95%
SCACHE: size: 512 KB assoc: 2
SCACHE: hits:826231 misses:1915202  Hit Ratio: 30.14%
3CACHE: size: 4096 KB assoc: 2
3CACHE: hits:445653 misses:1469548  Hit Ratio: 23.27%
3CACHE: dirty items replaced:95349
ITLB: size: 48, misses 833, miss rate 0.00%
DTLB: size: 128, misses 40041, miss rate 0.06%
Avg mem delay: 4.074 cycles
----------------------------------------
==== Global Resource Utilization ====
STASH: size: 65536 entries, full 642662270, empty 31170671, misses 2983507, full rate 94.95
icache bank util. 0.090 0.099 0.093 0.098 0.102 0.099 0.090 0.087 
dcache bank util. 0.105 0.119 0.120 0.104 0.119 0.120 0.114 0.117 
L2 bank util. 0.044 0.053 0.047 0.044 0.047 0.048 0.045 0.051 
L1-L2 bus util. = 0.230, L3 util. = 0.084
----------------------------------------
branch prediction, hits = 19156984, misses = 3943690, hit rate = 82.93%
return_stack prediction, hits = 2871916, misses = 1176, hit rate = 99.96%
jump prediction, hits = 16565306, misses = 6768844, hit rate = 70.99%
 dgels_
**** Debug Statistics at 301000000 Cycles *****
Threads: 4		Fetch Width: 8
No of useful instructions fetched:	552195593 (22.93% proc util.)
No of total instructions fetched:	736078173 (30.57% proc util.)
 includes 40179524 misfetch (5.5%), 143703056 (19.5%) wrong-path fetches
 and 0 flushed after failed lock(0.0%)
No of useful instructions issued/executed:	552195561 (22.93% proc util.)
No of total instructions issued/executed:	628873754 (26.12% proc util.)
 includes 76678193 wrong-path (12.2%) insts and 0 flushed (0.0%)
	fp 99646188, 15.85%
	synch 0, 0.00%
	integer 296329998, 47.12%
	load/store 232897568, 37.03%
Avg size of int IQ (before scheduling): 10.84
Avg size of fp IQ (before scheduling): 11.51
No of cycles taken:		301000000
Parallelism [ 0.593, 0.000, 0.450, 0.792,] = 1.835
 IQ conflicts: 4382731 (1.46%), FQ conflicts: 9924279 (3.30%) 
 I reg conflicts: 40818821 (13.56%), FP reg conflicts: 119874941 (39.83%)
  Activelist confs: 1398 (0.00%), ROB confs: 482984 (0.16%)
  Int unit conflicts: 71091880 (23.62%), FP unit conflicts: 715140 (0.24%)
  Load/store unit conflicts: 43313032 (14.39%)
  MSHR conflicts: 144714770 (48.08%)
----------------------------------------
==== System-wide Cache Statistics ====
Stall for miss queue full 0 cycles (0.00%)
----------------------------------------
==== Statistics for Master ID: 0 ====
Reads: 132744173   Writes: 15203397
ICACHE: size: 64 KB assoc: 2
ICACHE: hits:74189618 misses:2221168  Hit Ratio: 97.09%
DCACHE: size: 32 KB assoc: 8
DCACHE: hits:68414461 misses:3122323 writebacks:3122085  Hit Ratio: 95.64%
SCACHE: size: 512 KB assoc: 2
SCACHE: hits:4573153 misses:770338  Hit Ratio: 85.58%
3CACHE: size: 4096 KB assoc: 2
3CACHE: hits:597938 misses:172400  Hit Ratio: 77.62%
3CACHE: dirty items replaced:29500
ITLB: size: 48, misses 29407, miss rate 0.04%
DTLB: size: 128, misses 393042, miss rate 0.55%
Avg mem delay: 4.179 cycles
----------------------------------------
==== Statistics for Master ID: 2 ====
Reads: 121660813   Writes: 19388582
ICACHE: size: 64 KB assoc: 2
ICACHE: hits:69891759 misses:2277134  Hit Ratio: 96.84%
DCACHE: size: 32 KB assoc: 8
DCACHE: hits:66298534 misses:2581968 writebacks:2581791  Hit Ratio: 96.25%
SCACHE: size: 512 KB assoc: 2
SCACHE: hits:3824612 misses:1034489  Hit Ratio: 78.71%
3CACHE: size: 4096 KB assoc: 2
3CACHE: hits:824747 misses:209742  Hit Ratio: 79.73%
3CACHE: dirty items replaced:43995
ITLB: size: 48, misses 111840, miss rate 0.15%
DTLB: size: 128, misses 223682, miss rate 0.32%
Avg mem delay: 4.179 cycles
----------------------------------------
==== Statistics for Master ID: 3 ====
Reads: 167360341   Writes: 8813423
ICACHE: size: 64 KB assoc: 2
ICACHE: hits:83882496 misses:76194  Hit Ratio: 99.91%
DCACHE: size: 32 KB assoc: 8
DCACHE: hits:88343927 misses:3871147 writebacks:3870738  Hit Ratio: 95.80%
SCACHE: size: 512 KB assoc: 2
SCACHE: hits:1050562 misses:2896779  Hit Ratio: 26.61%
3CACHE: size: 4096 KB assoc: 2
3CACHE: hits:718797 misses:2177982  Hit Ratio: 24.81%
3CACHE: dirty items replaced:220886
ITLB: size: 48, misses 1110, miss rate 0.00%
DTLB: size: 128, misses 60215, miss rate 0.07%
Avg mem delay: 4.179 cycles
----------------------------------------
==== Global Resource Utilization ====
STASH: size: 65536 entries, full 974382104, empty 48098986, misses 4508256, full rate 94.88
icache bank util. 0.097 0.103 0.099 0.104 0.108 0.109 0.103 0.096 
dcache bank util. 0.108 0.125 0.122 0.107 0.129 0.128 0.121 0.123 
L2 bank util. 0.046 0.055 0.049 0.046 0.049 0.049 0.047 0.052 
L1-L2 bus util. = 0.236, L3 util. = 0.085
----------------------------------------
branch prediction, hits = 32073953, misses = 6465024, hit rate = 83.22%
return_stack prediction, hits = 4881648, misses = 2552, hit rate = 99.95%
jump prediction, hits = 28321544, misses = 10979442, hit rate = 72.06%

**** Debug Statistics at 401000000 Cycles *****
Threads: 4		Fetch Width: 8
No of useful instructions fetched:	738139761 (23.01% proc util.)
No of total instructions fetched:	986205696 (30.74% proc util.)
 includes 55067306 misfetch (5.6%), 192998629 (19.6%) wrong-path fetches
 and 0 flushed after failed lock(0.0%)
No of useful instructions issued/executed:	738139731 (23.01% proc util.)
No of total instructions issued/executed:	841663795 (26.24% proc util.)
 includes 103524064 wrong-path (12.3%) insts and 0 flushed (0.0%)
	fp 137129664, 16.29%
	synch 0, 0.00%
	integer 391269593, 46.49%
	load/store 313264538, 37.22%
Avg size of int IQ (before scheduling): 11.12
Avg size of fp IQ (before scheduling): 10.66
No of cycles taken:		401000000
Parallelism [ 0.585, 0.000, 0.447, 0.809,] = 1.841
 IQ conflicts: 5723495 (1.43%), FQ conflicts: 9924837 (2.48%) 
 I reg conflicts: 47752827 (11.91%), FP reg conflicts: 169074440 (42.16%)
  Activelist confs: 1486 (0.00%), ROB confs: 519435 (0.13%)
  Int unit conflicts: 92779951 (23.14%), FP unit conflicts: 2033448 (0.51%)
  Load/store unit conflicts: 59255248 (14.78%)
  MSHR conflicts: 187972586 (46.88%)
----------------------------------------
==== System-wide Cache Statistics ====
Stall for miss queue full 0 cycles (0.00%)
----------------------------------------
==== Statistics for Master ID: 0 ====
Reads: 174953667   Writes: 20137529
ICACHE: size: 64 KB assoc: 2
ICACHE: hits:97622419 misses:3096773  Hit Ratio: 96.93%
DCACHE: size: 32 KB assoc: 8
DCACHE: hits:90149250 misses:4222754 writebacks:4222516  Hit Ratio: 95.53%
SCACHE: size: 512 KB assoc: 2
SCACHE: hits:6312703 misses:1006824  Hit Ratio: 86.24%
3CACHE: size: 4096 KB assoc: 2
3CACHE: hits:774887 misses:231937  Hit Ratio: 76.96%
3CACHE: dirty items replaced:45711
ITLB: size: 48, misses 37564, miss rate 0.04%
DTLB: size: 128, misses 540850, miss rate 0.57%
Avg mem delay: 4.252 cycles
----------------------------------------
==== Statistics for Master ID: 2 ====
Reads: 163964756   Writes: 26191021
ICACHE: size: 64 KB assoc: 2
ICACHE: hits:94116251 misses:3135164  Hit Ratio: 96.78%
DCACHE: size: 32 KB assoc: 8
DCACHE: hits:89272638 misses:3631724 writebacks:3631547  Hit Ratio: 96.09%
SCACHE: size: 512 KB assoc: 2
SCACHE: hits:5371344 misses:1395543  Hit Ratio: 79.38%
3CACHE: size: 4096 KB assoc: 2
3CACHE: hits:1132319 misses:263224  Hit Ratio: 81.14%
3CACHE: dirty items replaced:61844
ITLB: size: 48, misses 128352, miss rate 0.13%
DTLB: size: 128, misses 321345, miss rate 0.35%
Avg mem delay: 4.252 cycles
----------------------------------------
==== Statistics for Master ID: 3 ====
Reads: 226848561   Writes: 11957004
ICACHE: size: 64 KB assoc: 2
ICACHE: hits:113118997 misses:100395  Hit Ratio: 99.91%
DCACHE: size: 32 KB assoc: 8
DCACHE: hits:120456636 misses:5129537 writebacks:5129128  Hit Ratio: 95.92%
SCACHE: size: 512 KB assoc: 2
SCACHE: hits:1450503 misses:3779429  Hit Ratio: 27.73%
3CACHE: size: 4096 KB assoc: 2
3CACHE: hits:945827 misses:2833602  Hit Ratio: 25.03%
3CACHE: dirty items replaced:381584
ITLB: size: 48, misses 1222, miss rate 0.00%
DTLB: size: 128, misses 80292, miss rate 0.06%
Avg mem delay: 4.252 cycles
----------------------------------------
==== Global Resource Utilization ====
STASH: size: 65536 entries, full 1273203005, empty 61873360, misses 5764603, full rate 94.96
icache bank util. 0.099 0.105 0.101 0.103 0.109 0.106 0.103 0.097 
dcache bank util. 0.109 0.124 0.120 0.109 0.135 0.130 0.122 0.125 
L2 bank util. 0.047 0.056 0.050 0.047 0.050 0.050 0.047 0.053 
L1-L2 bus util. = 0.242, L3 util. = 0.083
----------------------------------------
branch prediction, hits = 42034797, misses = 8746224, hit rate = 82.78%
return_stack prediction, hits = 6464810, misses = 2685, hit rate = 99.96%
jump prediction, hits = 36654732, misses = 15032007, hit rate = 70.92%

**** Debug Statistics at 501000000 Cycles *****
Threads: 4		Fetch Width: 8
No of useful instructions fetched:	931308242 (23.24% proc util.)
No of total instructions fetched:	1233396810 (30.77% proc util.)
 includes 67536227 misfetch (5.5%), 234552341 (19.0%) wrong-path fetches
 and 0 flushed after failed lock(0.0%)
No of useful instructions issued/executed:	931308221 (23.24% proc util.)
No of total instructions issued/executed:	1057289997 (26.38% proc util.)
 includes 125981776 wrong-path (11.9%) insts and 0 flushed (0.0%)
	fp 174366196, 16.49%
	synch 0, 0.00%
	integer 489522691, 46.30%
	load/store 393401110, 37.21%
Avg size of int IQ (before scheduling): 10.58
Avg size of fp IQ (before scheduling): 9.72
No of cycles taken:		501000000
Parallelism [ 0.578, 0.000, 0.458, 0.823,] = 1.859
 IQ conflicts: 6083520 (1.21%), FQ conflicts: 9924837 (1.98%) 
 I reg conflicts: 52760489 (10.53%), FP reg conflicts: 220626716 (44.04%)
  Activelist confs: 1705 (0.00%), ROB confs: 532069 (0.11%)
  Int unit conflicts: 111964445 (22.35%), FP unit conflicts: 2172974 (0.43%)
  Load/store unit conflicts: 72067980 (14.38%)
  MSHR conflicts: 198888405 (39.70%)
----------------------------------------
==== System-wide Cache Statistics ====
Stall for miss queue full 0 cycles (0.00%)
----------------------------------------
==== Statistics for Master ID: 0 ====
Reads: 216184313   Writes: 24776252
ICACHE: size: 64 KB assoc: 2
ICACHE: hits:120928433 misses:3834465  Hit Ratio: 96.93%
DCACHE: size: 32 KB assoc: 8
DCACHE: hits:110928883 misses:5268784 writebacks:5268546  Hit Ratio: 95.47%
SCACHE: size: 512 KB assoc: 2
SCACHE: hits:7874711 misses:1228538  Hit Ratio: 86.50%
3CACHE: size: 4096 KB assoc: 2
3CACHE: hits:943100 misses:285438  Hit Ratio: 76.77%
3CACHE: dirty items replaced:60228
ITLB: size: 48, misses 45068, miss rate 0.04%
DTLB: size: 128, misses 673075, miss rate 0.58%
Avg mem delay: 4.144 cycles
----------------------------------------
==== Statistics for Master ID: 2 ====
Reads: 205890368   Writes: 32497158
ICACHE: size: 64 KB assoc: 2
ICACHE: hits:118346008 misses:3853713  Hit Ratio: 96.85%
DCACHE: size: 32 KB assoc: 8
DCACHE: hits:111715868 misses:4471937 writebacks:4471760  Hit Ratio: 96.15%
SCACHE: size: 512 KB assoc: 2
SCACHE: hits:6655610 misses:1670040  Hit Ratio: 79.94%
3CACHE: size: 4096 KB assoc: 2
3CACHE: hits:1352755 misses:317285  Hit Ratio: 81.00%
3CACHE: dirty items replaced:81433
ITLB: size: 48, misses 151738, miss rate 0.12%
DTLB: size: 128, misses 401165, miss rate 0.35%
Avg mem delay: 4.144 cycles
----------------------------------------
==== Statistics for Master ID: 3 ====
Reads: 291779276   Writes: 13156821
ICACHE: size: 64 KB assoc: 2
ICACHE: hits:144293239 misses:128688  Hit Ratio: 99.91%
DCACHE: size: 32 KB assoc: 8
DCACHE: hits:154209407 misses:6304763 writebacks:6304354  Hit Ratio: 96.07%
SCACHE: size: 512 KB assoc: 2
SCACHE: hits:1927552 misses:4505899  Hit Ratio: 29.96%
3CACHE: size: 4096 KB assoc: 2
3CACHE: hits:1193535 misses:3312364  Hit Ratio: 26.49%
3CACHE: dirty items replaced:515268
ITLB: size: 48, misses 1388, miss rate 0.00%
DTLB: size: 128, misses 92663, miss rate 0.06%
Avg mem delay: 4.144 cycles
----------------------------------------
==== Global Resource Utilization ====
STASH: size: 65536 entries, full 1579356098, empty 73965543, misses 6854386, full rate 95.13
icache bank util. 0.100 0.107 0.101 0.104 0.110 0.106 0.102 0.098 
dcache bank util. 0.112 0.122 0.119 0.109 0.133 0.130 0.123 0.127 
L2 bank util. 0.046 0.055 0.049 0.046 0.049 0.050 0.047 0.052 
L1-L2 bus util. = 0.239, L3 util. = 0.078
----------------------------------------
branch prediction, hits = 52855612, misses = 10861544, hit rate = 82.95%
return_stack prediction, hits = 7901458, misses = 2851, hit rate = 99.96%
jump prediction, hits = 45498782, misses = 18613856, hit rate = 70.97%

**** Debug Statistics at 601000000 Cycles *****
Threads: 4		Fetch Width: 8
No of useful instructions fetched:	1181171928 (24.57% proc util.)
No of total instructions fetched:	1549936421 (32.24% proc util.)
 includes 80903371 misfetch (5.2%), 287861122 (18.6%) wrong-path fetches
 and 0 flushed after failed lock(0.0%)
No of useful instructions issued/executed:	1181171903 (24.57% proc util.)
No of total instructions issued/executed:	1335901258 (27.78% proc util.)
 includes 154729355 wrong-path (11.6%) insts and 0 flushed (0.0%)
	fp 222602206, 16.66%
	synch 0, 0.00%
	integer 616452746, 46.15%
	load/store 496846306, 37.19%
Avg size of int IQ (before scheduling): 10.85
Avg size of fp IQ (before scheduling): 9.42
No of cycles taken:		601000000
Parallelism [ 0.603, 0.000, 0.488, 0.874,] = 1.965
 IQ conflicts: 7546348 (1.26%), FQ conflicts: 9924837 (1.65%) 
 I reg conflicts: 61569744 (10.24%), FP reg conflicts: 256084757 (42.61%)
  Activelist confs: 1825 (0.00%), ROB confs: 579460 (0.10%)
  Int unit conflicts: 139927547 (23.28%), FP unit conflicts: 2446630 (0.41%)
  Load/store unit conflicts: 93525299 (15.56%)
  MSHR conflicts: 254749662 (42.39%)
----------------------------------------
==== System-wide Cache Statistics ====
Stall for miss queue full 0 cycles (0.00%)
----------------------------------------
==== Statistics for Master ID: 0 ====
Reads: 271174532   Writes: 31083789
ICACHE: size: 64 KB assoc: 2
ICACHE: hits:151871950 misses:4636815  Hit Ratio: 97.04%
DCACHE: size: 32 KB assoc: 8
DCACHE: hits:139196366 misses:6553190 writebacks:6552952  Hit Ratio: 95.50%
SCACHE: size: 512 KB assoc: 2
SCACHE: hits:9664351 misses:1525652  Hit Ratio: 86.37%
3CACHE: size: 4096 KB assoc: 2
3CACHE: hits:1173517 misses:352135  Hit Ratio: 76.92%
3CACHE: dirty items replaced:82293
ITLB: size: 48, misses 55441, miss rate 0.04%
DTLB: size: 128, misses 844656, miss rate 0.58%
Avg mem delay: 4.024 cycles
----------------------------------------
==== Statistics for Master ID: 2 ====
Reads: 256870789   Writes: 40455722
ICACHE: size: 64 KB assoc: 2
ICACHE: hits:148126786 misses:4578165  Hit Ratio: 97.00%
DCACHE: size: 32 KB assoc: 8
DCACHE: hits:139286305 misses:5335255 writebacks:5335078  Hit Ratio: 96.31%
SCACHE: size: 512 KB assoc: 2
SCACHE: hits:7921868 misses:1991552  Hit Ratio: 79.91%
3CACHE: size: 4096 KB assoc: 2
3CACHE: hits:1585255 misses:406297  Hit Ratio: 79.60%
3CACHE: dirty items replaced:118783
ITLB: size: 48, misses 207033, miss rate 0.14%
DTLB: size: 128, misses 502327, miss rate 0.35%
Avg mem delay: 4.024 cycles
----------------------------------------
==== Statistics for Master ID: 3 ====
Reads: 374646350   Writes: 14813937
ICACHE: size: 64 KB assoc: 2
ICACHE: hits:183397119 misses:147148  Hit Ratio: 99.92%
DCACHE: size: 32 KB assoc: 8
DCACHE: hits:198347222 misses:7568798 writebacks:7568389  Hit Ratio: 96.32%
SCACHE: size: 512 KB assoc: 2
SCACHE: hits:2414994 misses:5300951  Hit Ratio: 31.30%
3CACHE: size: 4096 KB assoc: 2
3CACHE: hits:1507590 misses:3793361  Hit Ratio: 28.44%
3CACHE: dirty items replaced:660985
ITLB: size: 48, misses 1562, miss rate 0.00%
DTLB: size: 128, misses 110414, miss rate 0.05%
Avg mem delay: 4.024 cycles
----------------------------------------
==== Global Resource Utilization ====
STASH: size: 65536 entries, full 1966604907, empty 90219132, misses 8312433, full rate 95.23
icache bank util. 0.104 0.108 0.106 0.111 0.116 0.111 0.108 0.104 
dcache bank util. 0.117 0.127 0.123 0.112 0.139 0.138 0.132 0.132 
L2 bank util. 0.046 0.056 0.049 0.046 0.049 0.050 0.047 0.053 
L1-L2 bus util. = 0.241, L3 util. = 0.076
----------------------------------------
branch prediction, hits = 66530788, misses = 13324482, hit rate = 83.31%
return_stack prediction, hits = 9713495, misses = 3157, hit rate = 99.97%
jump prediction, hits = 57795213, misses = 22465444, hit rate = 72.01%
 dgemm_
**** Debug Statistics at 701000000 Cycles *****
Threads: 4		Fetch Width: 8
No of useful instructions fetched:	1392631963 (24.83% proc util.)
No of total instructions fetched:	1821454352 (32.48% proc util.)
 includes 93695338 misfetch (5.1%), 335127051 (18.4%) wrong-path fetches
 and 0 flushed after failed lock(0.0%)
No of useful instructions issued/executed:	1392631942 (24.83% proc util.)
No of total instructions issued/executed:	1573595819 (28.06% proc util.)
 includes 180963877 wrong-path (11.5%) insts and 0 flushed (0.0%)
	fp 264226935, 16.79%
	synch 0, 0.00%
	integer 722931391, 45.94%
	load/store 586437493, 37.27%
Avg size of int IQ (before scheduling): 10.93
Avg size of fp IQ (before scheduling): 9.08
No of cycles taken:		701000000
Parallelism [ 0.607, 0.000, 0.490, 0.889,] = 1.987
 IQ conflicts: 8864828 (1.26%), FQ conflicts: 9924837 (1.42%) 
 I reg conflicts: 69075137 (9.85%), FP reg conflicts: 300013469 (42.80%)
  Activelist confs: 2173 (0.00%), ROB confs: 619656 (0.09%)
  Int unit conflicts: 162176090 (23.13%), FP unit conflicts: 2638740 (0.38%)
  Load/store unit conflicts: 111924472 (15.97%)
  MSHR conflicts: 298631453 (42.60%)
----------------------------------------
==== System-wide Cache Statistics ====
Stall for miss queue full 0 cycles (0.00%)
----------------------------------------
==== Statistics for Master ID: 0 ====
Reads: 318674675   Writes: 36400438
ICACHE: size: 64 KB assoc: 2
ICACHE: hits:178695063 misses:5330533  Hit Ratio: 97.10%
DCACHE: size: 32 KB assoc: 8
DCACHE: hits:163266334 misses:7783183 writebacks:7782945  Hit Ratio: 95.45%
SCACHE: size: 512 KB assoc: 2
SCACHE: hits:11324044 misses:1789672  Hit Ratio: 86.35%
3CACHE: size: 4096 KB assoc: 2
3CACHE: hits:1376874 misses:412798  Hit Ratio: 76.93%
3CACHE: dirty items replaced:103095
ITLB: size: 48, misses 64277, miss rate 0.03%
DTLB: size: 128, misses 999458, miss rate 0.58%
Avg mem delay: 4.006 cycles
----------------------------------------
==== Statistics for Master ID: 2 ====
Reads: 300772489   Writes: 48122030
ICACHE: size: 64 KB assoc: 2
ICACHE: hits:174041640 misses:5241914  Hit Ratio: 97.08%
DCACHE: size: 32 KB assoc: 8
DCACHE: hits:163286398 misses:6324567 writebacks:6324390  Hit Ratio: 96.27%
SCACHE: size: 512 KB assoc: 2
SCACHE: hits:9201308 misses:2365173  Hit Ratio: 79.55%
3CACHE: size: 4096 KB assoc: 2
3CACHE: hits:1876191 misses:488982  Hit Ratio: 79.33%
3CACHE: dirty items replaced:148238
ITLB: size: 48, misses 236784, miss rate 0.13%
DTLB: size: 128, misses 589620, miss rate 0.35%
Avg mem delay: 4.006 cycles
----------------------------------------
==== Statistics for Master ID: 3 ====
Reads: 446563444   Writes: 16258160
ICACHE: size: 64 KB assoc: 2
ICACHE: hits:217497700 misses:176404  Hit Ratio: 99.92%
DCACHE: size: 32 KB assoc: 8
DCACHE: hits:236318931 misses:8828569 writebacks:8828160  Hit Ratio: 96.40%
SCACHE: size: 512 KB assoc: 2
SCACHE: hits:2929783 misses:6075190  Hit Ratio: 32.54%
3CACHE: size: 4096 KB assoc: 2
3CACHE: hits:1789413 misses:4285777  Hit Ratio: 29.45%
3CACHE: dirty items replaced:820264
ITLB: size: 48, misses 1764, miss rate 0.00%
DTLB: size: 128, misses 127657, miss rate 0.05%
Avg mem delay: 4.006 cycles
----------------------------------------
==== Global Resource Utilization ====
STASH: size: 65536 entries, full 2301081260, empty 105039315, misses 9649686, full rate 95.25
icache bank util. 0.105 0.107 0.107 0.112 0.118 0.112 0.109 0.104 
dcache bank util. 0.118 0.128 0.125 0.114 0.140 0.140 0.133 0.134 
L2 bank util. 0.046 0.056 0.049 0.046 0.049 0.050 0.047 0.053 
L1-L2 bus util. = 0.242, L3 util. = 0.074
----------------------------------------
branch prediction, hits = 77867426, misses = 15409669, hit rate = 83.48%
return_stack prediction, hits = 11564135, misses = 4874, hit rate = 99.96%
jump prediction, hits = 68250909, misses = 26194368, hit rate = 72.27%
 dgemv_
**** Debug Statistics at 801000000 Cycles *****
Threads: 4		Fetch Width: 8
No of useful instructions fetched:	1589165561 (24.80% proc util.)
No of total instructions fetched:	2067067016 (32.26% proc util.)
 includes 104321035 misfetch (5.0%), 373580420 (18.1%) wrong-path fetches
 and 0 flushed after failed lock(0.0%)
No of useful instructions issued/executed:	1589165537 (24.80% proc util.)
No of total instructions issued/executed:	1790848139 (27.95% proc util.)
 includes 201682602 wrong-path (11.3%) insts and 0 flushed (0.0%)
	fp 301439553, 16.83%
	synch 0, 0.00%
	integer 822812509, 45.95%
	load/store 666596077, 37.22%
Avg size of int IQ (before scheduling): 10.62
Avg size of fp IQ (before scheduling): 8.70
No of cycles taken:		801000000
Parallelism [ 0.605, 0.000, 0.491, 0.888,] = 1.984
 IQ conflicts: 9103654 (1.14%), FQ conflicts: 9924837 (1.24%) 
 I reg conflicts: 74043762 (9.24%), FP reg conflicts: 352000283 (43.95%)
  Activelist confs: 2228 (0.00%), ROB confs: 647355 (0.08%)
  Int unit conflicts: 181711262 (22.69%), FP unit conflicts: 2778400 (0.35%)
  Load/store unit conflicts: 125768847 (15.70%)
  MSHR conflicts: 312926708 (39.07%)
----------------------------------------
==== System-wide Cache Statistics ====
Stall for miss queue full 0 cycles (0.00%)
----------------------------------------
==== Statistics for Master ID: 0 ====
Reads: 361952798   Writes: 41059185
ICACHE: size: 64 KB assoc: 2
ICACHE: hits:203507944 misses:5887741  Hit Ratio: 97.19%
DCACHE: size: 32 KB assoc: 8
DCACHE: hits:184873209 misses:8743089 writebacks:8742851  Hit Ratio: 95.48%
SCACHE: size: 512 KB assoc: 2
SCACHE: hits:12615590 misses:2015240  Hit Ratio: 86.23%
3CACHE: size: 4096 KB assoc: 2
3CACHE: hits:1550007 misses:465233  Hit Ratio: 76.91%
3CACHE: dirty items replaced:122389
ITLB: size: 48, misses 72306, miss rate 0.03%
DTLB: size: 128, misses 1112469, miss rate 0.57%
Avg mem delay: 3.961 cycles
----------------------------------------
==== Statistics for Master ID: 2 ====
Reads: 340749402   Writes: 54624308
ICACHE: size: 64 KB assoc: 2
ICACHE: hits:197290179 misses:5825101  Hit Ratio: 97.13%
DCACHE: size: 32 KB assoc: 8
DCACHE: hits:185146150 misses:7112280 writebacks:7112103  Hit Ratio: 96.30%
SCACHE: size: 512 KB assoc: 2
SCACHE: hits:10284203 misses:2653178  Hit Ratio: 79.49%
3CACHE: size: 4096 KB assoc: 2
3CACHE: hits:2094731 misses:558447  Hit Ratio: 78.95%
3CACHE: dirty items replaced:181363
ITLB: size: 48, misses 277672, miss rate 0.14%
DTLB: size: 128, misses 659088, miss rate 0.34%
Avg mem delay: 3.961 cycles
----------------------------------------
==== Statistics for Master ID: 3 ====
Reads: 511314296   Writes: 17457175
ICACHE: size: 64 KB assoc: 2
ICACHE: hits:248519513 misses:203869  Hit Ratio: 99.92%
DCACHE: size: 32 KB assoc: 8
DCACHE: hits:270081338 misses:9966751 writebacks:9966342  Hit Ratio: 96.44%
SCACHE: size: 512 KB assoc: 2
SCACHE: hits:3365367 misses:6805253  Hit Ratio: 33.09%
3CACHE: size: 4096 KB assoc: 2
3CACHE: hits:2038870 misses:4766383  Hit Ratio: 29.96%
3CACHE: dirty items replaced:994209
ITLB: size: 48, misses 2087, miss rate 0.00%
DTLB: size: 128, misses 140094, miss rate 0.05%
Avg mem delay: 3.961 cycles
----------------------------------------
==== Global Resource Utilization ====
STASH: size: 65536 entries, full 2606441354, empty 116697177, misses 10702632, full rate 95.34
icache bank util. 0.104 0.108 0.107 0.112 0.118 0.110 0.107 0.104 
dcache bank util. 0.118 0.127 0.124 0.112 0.138 0.139 0.132 0.134 
L2 bank util. 0.046 0.055 0.048 0.045 0.048 0.049 0.046 0.052 
L1-L2 bus util. = 0.238, L3 util. = 0.072
----------------------------------------
branch prediction, hits = 88808654, misses = 17277015, hit rate = 83.71%
return_stack prediction, hits = 13175041, misses = 6037, hit rate = 99.95%
jump prediction, hits = 78156097, misses = 29346937, hit rate = 72.70%
 dgeqr2_
**** Debug Statistics at 901000000 Cycles *****
Threads: 4		Fetch Width: 8
No of useful instructions fetched:	1801709802 (25.00% proc util.)
No of total instructions fetched:	2344835975 (32.53% proc util.)
 includes 118999398 misfetch (5.1%), 424126775 (18.1%) wrong-path fetches
 and 0 flushed after failed lock(0.0%)
No of useful instructions issued/executed:	1801709774 (25.00% proc util.)
No of total instructions issued/executed:	2030291639 (28.17% proc util.)
 includes 228581865 wrong-path (11.3%) insts and 0 flushed (0.0%)
	fp 340013279, 16.75%
	synch 0, 0.00%
	integer 935046712, 46.05%
	load/store 755231648, 37.20%
Avg size of int IQ (before scheduling): 10.82
Avg size of fp IQ (before scheduling): 8.83
No of cycles taken:		901000000
Parallelism [ 0.613, 0.000, 0.496, 0.891,] = 2.000
 IQ conflicts: 11235322 (1.25%), FQ conflicts: 9924963 (1.10%) 
 I reg conflicts: 83738905 (9.29%), FP reg conflicts: 392937074 (43.61%)
  Activelist confs: 2269 (0.00%), ROB confs: 699125 (0.08%)
  Int unit conflicts: 209973097 (23.30%), FP unit conflicts: 3379524 (0.38%)
  Load/store unit conflicts: 144074247 (15.99%)
  MSHR conflicts: 392648422 (43.58%)
----------------------------------------
==== System-wide Cache Statistics ====
Stall for miss queue full 0 cycles (0.00%)
----------------------------------------
==== Statistics for Master ID: 0 ====
Reads: 411070114   Writes: 46426793
ICACHE: size: 64 KB assoc: 2
ICACHE: hits:231184620 misses:6621293  Hit Ratio: 97.22%
DCACHE: size: 32 KB assoc: 8
DCACHE: hits:209867522 misses:9823472 writebacks:9823234  Hit Ratio: 95.53%
SCACHE: size: 512 KB assoc: 2
SCACHE: hits:14160104 misses:2284659  Hit Ratio: 86.11%
3CACHE: size: 4096 KB assoc: 2
3CACHE: hits:1757708 misses:526951  Hit Ratio: 76.94%
3CACHE: dirty items replaced:148885
ITLB: size: 48, misses 82259, miss rate 0.03%
DTLB: size: 128, misses 1258316, miss rate 0.57%
Avg mem delay: 3.987 cycles
----------------------------------------
==== Statistics for Master ID: 2 ====
Reads: 387073582   Writes: 61984872
ICACHE: size: 64 KB assoc: 2
ICACHE: hits:223894959 misses:6595579  Hit Ratio: 97.14%
DCACHE: size: 32 KB assoc: 8
DCACHE: hits:210629744 misses:7938172 writebacks:7937995  Hit Ratio: 96.37%
SCACHE: size: 512 KB assoc: 2
SCACHE: hits:11549632 misses:2984119  Hit Ratio: 79.47%
3CACHE: size: 4096 KB assoc: 2
3CACHE: hits:2342907 misses:641212  Hit Ratio: 78.51%
3CACHE: dirty items replaced:225045
ITLB: size: 48, misses 316355, miss rate 0.14%
DTLB: size: 128, misses 740436, miss rate 0.34%
Avg mem delay: 3.987 cycles
----------------------------------------
==== Statistics for Master ID: 3 ====
Reads: 576942310   Writes: 20073897
ICACHE: size: 64 KB assoc: 2
ICACHE: hits:280555674 misses:240107  Hit Ratio: 99.91%
DCACHE: size: 32 KB assoc: 8
DCACHE: hits:304858377 misses:11362049 writebacks:11361640  Hit Ratio: 96.41%
SCACHE: size: 512 KB assoc: 2
SCACHE: hits:3755985 misses:7846171  Hit Ratio: 32.37%
3CACHE: size: 4096 KB assoc: 2
3CACHE: hits:2391522 misses:5454649  Hit Ratio: 30.48%
3CACHE: dirty items replaced:1264971
ITLB: size: 48, misses 2477, miss rate 0.00%
DTLB: size: 128, misses 166611, miss rate 0.05%
Avg mem delay: 3.987 cycles
----------------------------------------
==== Global Resource Utilization ====
STASH: size: 65536 entries, full 2940842622, empty 131182614, misses 12005411, full rate 95.36
icache bank util. 0.105 0.109 0.108 0.113 0.119 0.110 0.107 0.104 
dcache bank util. 0.119 0.128 0.125 0.113 0.139 0.140 0.133 0.134 
L2 bank util. 0.046 0.055 0.048 0.045 0.049 0.049 0.046 0.053 
L1-L2 bus util. = 0.239, L3 util. = 0.074
----------------------------------------
branch prediction, hits = 100890120, misses = 19560644, hit rate = 83.76%
return_stack prediction, hits = 15013880, misses = 6556, hit rate = 99.96%
jump prediction, hits = 88716110, misses = 33376218, hit rate = 72.66%
 dgeqrf_
**** Debug Statistics at 1001000000 Cycles *****
Threads: 4		Fetch Width: 8
No of useful instructions fetched:	1983002159 (24.76% proc util.)
No of total instructions fetched:	2585601648 (32.29% proc util.)
 includes 132854428 misfetch (5.1%), 469745061 (18.2%) wrong-path fetches
 and 0 flushed after failed lock(0.0%)
No of useful instructions issued/executed:	1983002145 (24.76% proc util.)
No of total instructions issued/executed:	2236706546 (27.93% proc util.)
 includes 253704401 wrong-path (11.3%) insts and 0 flushed (0.0%)
	fp 375784067, 16.80%
	synch 0, 0.00%
	integer 1028348826, 45.98%
	load/store 832573653, 37.22%
Avg size of int IQ (before scheduling): 10.80
Avg size of fp IQ (before scheduling): 8.69
No of cycles taken:		1001000000
Parallelism [ 0.608, 0.000, 0.489, 0.885,] = 1.981
 IQ conflicts: 12309870 (1.23%), FQ conflicts: 9926279 (0.99%) 
 I reg conflicts: 90222448 (9.01%), FP reg conflicts: 444094327 (44.37%)
  Activelist confs: 2588 (0.00%), ROB confs: 713323 (0.07%)
  Int unit conflicts: 231356285 (23.11%), FP unit conflicts: 4324279 (0.43%)
  Load/store unit conflicts: 158335074 (15.82%)
  MSHR conflicts: 422241490 (42.18%)
----------------------------------------
==== System-wide Cache Statistics ====
Stall for miss queue full 0 cycles (0.00%)
----------------------------------------
==== Statistics for Master ID: 0 ====
Reads: 452356998   Writes: 51054535
ICACHE: size: 64 KB assoc: 2
ICACHE: hits:254443625 misses:7366116  Hit Ratio: 97.19%
DCACHE: size: 32 KB assoc: 8
DCACHE: hits:230754164 misses:10847628 writebacks:10847390  Hit Ratio: 95.51%
SCACHE: size: 512 KB assoc: 2
SCACHE: hits:15700632 misses:2513112  Hit Ratio: 86.20%
3CACHE: size: 4096 KB assoc: 2
3CACHE: hits:1930494 misses:582618  Hit Ratio: 76.82%
3CACHE: dirty items replaced:171940
ITLB: size: 48, misses 92380, miss rate 0.04%
DTLB: size: 128, misses 1386688, miss rate 0.57%
Avg mem delay: 4.017 cycles
----------------------------------------
==== Statistics for Master ID: 2 ====
Reads: 427443002   Writes: 68439994
ICACHE: size: 64 KB assoc: 2
ICACHE: hits:246913532 misses:7377323  Hit Ratio: 97.10%
DCACHE: size: 32 KB assoc: 8
DCACHE: hits:232740542 misses:8851599 writebacks:8851422  Hit Ratio: 96.34%
SCACHE: size: 512 KB assoc: 2
SCACHE: hits:12943665 misses:3285257  Hit Ratio: 79.76%
3CACHE: size: 4096 KB assoc: 2
3CACHE: hits:2579270 misses:705987  Hit Ratio: 78.51%
3CACHE: dirty items replaced:252181
ITLB: size: 48, misses 342992, miss rate 0.13%
DTLB: size: 128, misses 816792, miss rate 0.34%
Avg mem delay: 4.017 cycles
----------------------------------------
==== Statistics for Master ID: 3 ====
Reads: 635398359   Writes: 22613742
ICACHE: size: 64 KB assoc: 2
ICACHE: hits:309215607 misses:283736  Hit Ratio: 99.91%
DCACHE: size: 32 KB assoc: 8
DCACHE: hits:335910931 misses:12601827 writebacks:12601418  Hit Ratio: 96.38%
SCACHE: size: 512 KB assoc: 2
SCACHE: hits:4196939 misses:8688624  Hit Ratio: 32.57%
3CACHE: size: 4096 KB assoc: 2
3CACHE: hits:2606074 misses:6082550  Hit Ratio: 29.99%
3CACHE: dirty items replaced:1525765
ITLB: size: 48, misses 2613, miss rate 0.00%
DTLB: size: 128, misses 184806, miss rate 0.05%
Avg mem delay: 4.017 cycles
----------------------------------------
==== Global Resource Utilization ====
STASH: size: 65536 entries, full 3231441226, empty 144457660, misses 13191839, full rate 95.35
icache bank util. 0.105 0.109 0.108 0.112 0.118 0.108 0.107 0.103 
dcache bank util. 0.118 0.127 0.124 0.112 0.138 0.138 0.133 0.134 
L2 bank util. 0.046 0.055 0.048 0.045 0.049 0.049 0.046 0.052 
L1-L2 bus util. = 0.239, L3 util. = 0.074
----------------------------------------
branch prediction, hits = 110547488, misses = 21675326, hit rate = 83.61%
return_stack prediction, hits = 16649161, misses = 7187, hit rate = 99.96%
jump prediction, hits = 97054277, misses = 37187400, hit rate = 72.30%

**** Early Exiting at 1010252707 Cycles *****
========================================
 SMTSIM Global Statistics
========================================
Threads: 4		Fetch Width: 8
No of useful instructions fetched:	2000000141 (24.75% proc util.)
No of total instructions fetched:	2608354462 (32.27% proc util.)
 includes 134253718 misfetch (5.1%), 474100603 (18.2%) wrong-path fetches
 and 0 flushed after failed lock(0.0%)
No of useful instructions issued/executed:	2000000074 (24.75% proc util.)
No of total instructions issued/executed:	2256075265 (27.91% proc util.)
 includes 256075191 wrong-path (11.4%) insts and 0 flushed (0.0%)
	fp 379262812, 16.81%
	synch 0, 0.00%
	integer 1036920256, 45.96%
	load/store 839892197, 37.23%
Avg size of int IQ (before scheduling): 10.77
Avg size of fp IQ (before scheduling): 8.67
No of cycles taken:		1010252707
Parallelism [ 0.607, 0.000, 0.488, 0.885,] = 1.980
 IQ conflicts: 12314406 (1.22%), FQ conflicts: 9926279 (0.98%) 
 I reg conflicts: 90629253 (8.97%), FP reg conflicts: 448922720 (44.44%)
  Activelist confs: 2588 (0.00%), ROB confs: 713685 (0.07%)
  Int unit conflicts: 232833118 (23.05%), FP unit conflicts: 4337215 (0.43%)
  Load/store unit conflicts: 159489246 (15.79%)
  MSHR conflicts: 422522026 (41.82%)
----------------------------------------
==== System-wide Cache Statistics ====
Stall for miss queue full 0 cycles (0.00%)
----------------------------------------
==== Statistics for Master ID: 0 ====
Reads: 455991614   Writes: 51456594
ICACHE: size: 64 KB assoc: 2
ICACHE: hits:256505887 misses:7447992  Hit Ratio: 97.18%
DCACHE: size: 32 KB assoc: 8
DCACHE: hits:232549007 misses:10945322 writebacks:10945084  Hit Ratio: 95.50%
SCACHE: size: 512 KB assoc: 2
SCACHE: hits:15858821 misses:2534492  Hit Ratio: 86.22%
3CACHE: size: 4096 KB assoc: 2
3CACHE: hits:1946798 misses:587694  Hit Ratio: 76.81%
3CACHE: dirty items replaced:174218
ITLB: size: 48, misses 93404, miss rate 0.04%
DTLB: size: 128, misses 1398221, miss rate 0.57%
Avg mem delay: 4.015 cycles
----------------------------------------
==== Statistics for Master ID: 2 ====
Reads: 431316824   Writes: 69029910
ICACHE: size: 64 KB assoc: 2
ICACHE: hits:249141152 misses:7462693  Hit Ratio: 97.09%
DCACHE: size: 32 KB assoc: 8
DCACHE: hits:234807121 misses:8935768 writebacks:8935591  Hit Ratio: 96.33%
SCACHE: size: 512 KB assoc: 2
SCACHE: hits:13091355 misses:3307106  Hit Ratio: 79.83%
3CACHE: size: 4096 KB assoc: 2
3CACHE: hits:2598945 misses:708161  Hit Ratio: 78.59%
3CACHE: dirty items replaced:253280
ITLB: size: 48, misses 344990, miss rate 0.13%
DTLB: size: 128, misses 823481, miss rate 0.34%
Avg mem delay: 4.015 cycles
----------------------------------------
==== Statistics for Master ID: 3 ====
Reads: 641448096   Writes: 22725881
ICACHE: size: 64 KB assoc: 2
ICACHE: hits:312110371 misses:289029  Hit Ratio: 99.91%
DCACHE: size: 32 KB assoc: 8
DCACHE: hits:339059491 misses:12715086 writebacks:12714677  Hit Ratio: 96.39%
SCACHE: size: 512 KB assoc: 2
SCACHE: hits:4247627 misses:8756488  Hit Ratio: 32.66%
3CACHE: size: 4096 KB assoc: 2
3CACHE: hits:2629223 misses:6127265  Hit Ratio: 30.03%
3CACHE: dirty items replaced:1547142
ITLB: size: 48, misses 2631, miss rate 0.00%
DTLB: size: 128, misses 185955, miss rate 0.05%
Avg mem delay: 4.015 cycles
----------------------------------------
==== Global Resource Utilization ====
STASH: size: 65536 entries, full 3259662142, empty 145661059, misses 13298199, full rate 95.35
icache bank util. 0.105 0.109 0.108 0.112 0.118 0.108 0.107 0.103 
dcache bank util. 0.118 0.127 0.124 0.112 0.138 0.138 0.133 0.134 
L2 bank util. 0.046 0.055 0.048 0.045 0.049 0.049 0.046 0.052 
L1-L2 bus util. = 0.239, L3 util. = 0.073
----------------------------------------
branch prediction, hits = 111413967, misses = 21898027, hit rate = 83.57%
return_stack prediction, hits = 16794855, misses = 7191, hit rate = 99.96%
jump prediction, hits = 97756514, misses = 37579161, hit rate = 72.23%
total IPC 1.980

=== Results saved to: ./results/crafty_2_gcc-scilab_1_mgrid_1.txt ===
