测试组合（多线程优先）：mgrid.arg2 + equake.arg + gzip-source.arg
执行命令：./smtsim mgrid.arg2 equake.arg gzip-source.arg
==================================================

equake: Reading nodes.
Process 0, Thread 0: mgrid
Process 0, Thread 1: mgrid
Process 2, Thread 2: equake
Process 3, Thread 3: gzip-source

**** Debug Statistics at 1000000 Cycles *****
Threads: 4		Fetch Width: 8
No of useful instructions fetched:	1015397 (12.69% proc util.)
No of total instructions fetched:	1108519 (13.86% proc util.)
 includes 4789 misfetch (0.4%), 88333 (8.0%) wrong-path fetches
 and 0 flushed after failed lock(0.0%)
No of useful instructions issued/executed:	1015361 (12.69% proc util.)
No of total instructions issued/executed:	1060957 (13.26% proc util.)
 includes 45596 wrong-path (4.3%) insts and 0 flushed (0.0%)
	fp 192755, 18.17%
	synch 0, 0.00%
	integer 462740, 43.62%
	load/store 405462, 38.22%
Avg size of int IQ (before scheduling): 22.28
Avg size of fp IQ (before scheduling): 8.34
No of cycles taken:		1000000
Parallelism [ 0.456, 0.000, 0.446, 0.114,] = 1.015
 IQ conflicts: 15170 (1.52%), FQ conflicts: 0 (0.00%) 
 I reg conflicts: 358023 (35.80%), FP reg conflicts: 434553 (43.46%)
  Activelist confs: 0 (0.00%), ROB confs: 0 (0.00%)
  Int unit conflicts: 62873 (6.29%), FP unit conflicts: 638 (0.06%)
  Load/store unit conflicts: 111596 (11.16%)
  MSHR conflicts: 2848251 (284.83%)
----------------------------------------
==== System-wide Cache Statistics ====
Stall for miss queue full 0 cycles (0.00%)
----------------------------------------
==== Statistics for Master ID: 0 ====
Reads: 331633   Writes: 6212
ICACHE: size: 64 KB assoc: 2
ICACHE: hits:157253 misses:28  Hit Ratio: 99.98%
DCACHE: size: 32 KB assoc: 8
DCACHE: hits:176212 misses:4352 writebacks:3554  Hit Ratio: 97.59%
SCACHE: size: 512 KB assoc: 2
SCACHE: hits:165 misses:4215  Hit Ratio: 3.77%
3CACHE: size: 4096 KB assoc: 2
3CACHE: hits:142 misses:4072  Hit Ratio: 3.37%
3CACHE: dirty items replaced:0
ITLB: size: 48, misses 2, miss rate 0.00%
DTLB: size: 128, misses 76, miss rate 0.04%
Avg mem delay: 24.736 cycles
----------------------------------------
==== Statistics for Master ID: 2 ====
Reads: 248756   Writes: 73653
ICACHE: size: 64 KB assoc: 2
ICACHE: hits:153015 misses:484  Hit Ratio: 99.68%
DCACHE: size: 32 KB assoc: 8
DCACHE: hits:165974 misses:2936 writebacks:2578  Hit Ratio: 98.26%
SCACHE: size: 512 KB assoc: 2
SCACHE: hits:168 misses:3252  Hit Ratio: 4.91%
3CACHE: size: 4096 KB assoc: 2
3CACHE: hits:15 misses:3235  Hit Ratio: 0.46%
3CACHE: dirty items replaced:0
ITLB: size: 48, misses 28, miss rate 0.02%
DTLB: size: 128, misses 92, miss rate 0.05%
Avg mem delay: 24.736 cycles
----------------------------------------
==== Statistics for Master ID: 3 ====
Reads: 91848   Writes: 18611
ICACHE: size: 64 KB assoc: 2
ICACHE: hits:55488 misses:202  Hit Ratio: 99.64%
DCACHE: size: 32 KB assoc: 8
DCACHE: hits:36688 misses:18081 writebacks:17932  Hit Ratio: 66.99%
SCACHE: size: 512 KB assoc: 2
SCACHE: hits:230 misses:18049  Hit Ratio: 1.26%
3CACHE: size: 4096 KB assoc: 2
3CACHE: hits:0 misses:18049  Hit Ratio: 0.00%
3CACHE: dirty items replaced:4
ITLB: size: 48, misses 18, miss rate 0.03%
DTLB: size: 128, misses 4449, miss rate 8.12%
Avg mem delay: 24.736 cycles
----------------------------------------
==== Global Resource Utilization ====
STASH: size: 65536 entries, full 101393473, empty 22654, misses 2427, full rate 99.98
icache bank util. 0.050 0.035 0.025 0.046 0.052 0.048 0.054 0.060 
dcache bank util. 0.038 0.040 0.074 0.078 0.070 0.042 0.178 0.034 
L2 bank util. 0.011 0.011 0.011 0.011 0.011 0.011 0.228 0.011 
L1-L2 bus util. = 0.150, L3 util. = 0.254
----------------------------------------
branch prediction, hits = 59600, misses = 3792, hit rate = 94.02%
return_stack prediction, hits = 9223, misses = 18, hit rate = 99.81%
jump prediction, hits = 74976, misses = 992, hit rate = 98.69%

**** Debug Statistics at 101000000 Cycles *****
Threads: 4		Fetch Width: 8
No of useful instructions fetched:	162656102 (20.13% proc util.)
No of total instructions fetched:	174907408 (21.65% proc util.)
 includes 4743885 misfetch (2.7%), 7507421 (4.3%) wrong-path fetches
 and 0 flushed after failed lock(0.0%)
No of useful instructions issued/executed:	162656079 (20.13% proc util.)
No of total instructions issued/executed:	166040396 (20.55% proc util.)
 includes 3384317 wrong-path (2.0%) insts and 0 flushed (0.0%)
	fp 26789749, 16.13%
	synch 0, 0.00%
	integer 81389599, 49.02%
	load/store 57861048, 34.85%
Avg size of int IQ (before scheduling): 14.55
Avg size of fp IQ (before scheduling): 4.73
No of cycles taken:		101000000
Parallelism [ 0.624, 0.000, 0.666, 0.321,] = 1.610
 IQ conflicts: 279831 (0.28%), FQ conflicts: 0 (0.00%) 
 I reg conflicts: 61529793 (60.92%), FP reg conflicts: 10212384 (10.11%)
  Activelist confs: 0 (0.00%), ROB confs: 0 (0.00%)
  Int unit conflicts: 5347257 (5.29%), FP unit conflicts: 102309 (0.10%)
  Load/store unit conflicts: 8961315 (8.87%)
  MSHR conflicts: 146577351 (145.13%)
----------------------------------------
==== System-wide Cache Statistics ====
Stall for miss queue full 0 cycles (0.00%)
----------------------------------------
==== Statistics for Master ID: 0 ====
Reads: 45895846   Writes: 858854
ICACHE: size: 64 KB assoc: 2
ICACHE: hits:21748716 misses:44  Hit Ratio: 100.00%
DCACHE: size: 32 KB assoc: 8
DCACHE: hits:24333844 misses:672096 writebacks:671293  Hit Ratio: 97.31%
SCACHE: size: 512 KB assoc: 2
SCACHE: hits:122709 misses:549431  Hit Ratio: 18.26%
3CACHE: size: 4096 KB assoc: 2
3CACHE: hits:134221 misses:415210  Hit Ratio: 24.43%
3CACHE: dirty items replaced:386
ITLB: size: 48, misses 2, miss rate 0.00%
DTLB: size: 128, misses 8665, miss rate 0.03%
Avg mem delay: 8.067 cycles
----------------------------------------
==== Statistics for Master ID: 2 ====
Reads: 38815839   Writes: 7048973
ICACHE: size: 64 KB assoc: 2
ICACHE: hits:24005932 misses:534  Hit Ratio: 100.00%
DCACHE: size: 32 KB assoc: 8
DCACHE: hits:21776267 misses:82079 writebacks:81719  Hit Ratio: 99.62%
SCACHE: size: 512 KB assoc: 2
SCACHE: hits:51244 misses:31369  Hit Ratio: 62.03%
3CACHE: size: 4096 KB assoc: 2
3CACHE: hits:2881 misses:28488  Hit Ratio: 9.18%
3CACHE: dirty items replaced:109
ITLB: size: 48, misses 28, miss rate 0.00%
DTLB: size: 128, misses 719, miss rate 0.00%
Avg mem delay: 8.067 cycles
----------------------------------------
==== Statistics for Master ID: 3 ====
Reads: 17519668   Writes: 5399393
ICACHE: size: 64 KB assoc: 2
ICACHE: hits:11934858 misses:316  Hit Ratio: 100.00%
DCACHE: size: 32 KB assoc: 8
DCACHE: hits:9493690 misses:1490197 writebacks:1490048  Hit Ratio: 86.43%
SCACHE: size: 512 KB assoc: 2
SCACHE: hits:2161 misses:1488352  Hit Ratio: 0.14%
3CACHE: size: 4096 KB assoc: 2
3CACHE: hits:99 misses:1488253  Hit Ratio: 0.01%
3CACHE: dirty items replaced:1678
ITLB: size: 48, misses 20, miss rate 0.00%
DTLB: size: 128, misses 66540, miss rate 0.61%
Avg mem delay: 8.067 cycles
----------------------------------------
==== Global Resource Utilization ====
STASH: size: 65536 entries, full 318995300, empty 24090, misses 2522, full rate 99.99
icache bank util. 0.061 0.062 0.062 0.058 0.055 0.165 0.055 0.052 
dcache bank util. 0.072 0.101 0.103 0.100 0.083 0.072 0.091 0.084 
L2 bank util. 0.030 0.031 0.029 0.031 0.029 0.029 0.037 0.044 
L1-L2 bus util. = 0.133, L3 util. = 0.191
----------------------------------------
branch prediction, hits = 14674787, misses = 488869, hit rate = 96.78%
return_stack prediction, hits = 2030010, misses = 19, hit rate = 100.00%
jump prediction, hits = 14694544, misses = 1029845, hit rate = 93.45%

**** Debug Statistics at 201000000 Cycles *****
Threads: 4		Fetch Width: 8
No of useful instructions fetched:	481794768 (29.96% proc util.)
No of total instructions fetched:	565593883 (35.17% proc util.)
 includes 18677744 misfetch (3.3%), 65121371 (11.5%) wrong-path fetches
 and 0 flushed after failed lock(0.0%)
No of useful instructions issued/executed:	481794728 (29.96% proc util.)
No of total instructions issued/executed:	511087930 (31.78% proc util.)
 includes 29293202 wrong-path (5.7%) insts and 0 flushed (0.0%)
	fp 54151978, 10.60%
	synch 0, 0.00%
	integer 295913733, 57.90%
	load/store 161022219, 31.51%
Avg size of int IQ (before scheduling): 18.47
Avg size of fp IQ (before scheduling): 10.66
No of cycles taken:		201000000
Parallelism [ 0.590, 0.000, 1.054, 0.753,] = 2.397
 IQ conflicts: 1746351 (0.87%), FQ conflicts: 173175 (0.09%) 
 I reg conflicts: 83483719 (41.53%), FP reg conflicts: 25808976 (12.84%)
  Activelist confs: 0 (0.00%), ROB confs: 823 (0.00%)
  Int unit conflicts: 112426555 (55.93%), FP unit conflicts: 447495 (0.22%)
  Load/store unit conflicts: 22752345 (11.32%)
  MSHR conflicts: 212786508 (105.86%)
----------------------------------------
==== System-wide Cache Statistics ====
Stall for miss queue full 0 cycles (0.00%)
----------------------------------------
==== Statistics for Master ID: 0 ====
Reads: 84940159   Writes: 2021432
ICACHE: size: 64 KB assoc: 2
ICACHE: hits:43060531 misses:589  Hit Ratio: 100.00%
DCACHE: size: 32 KB assoc: 8
DCACHE: hits:42432591 misses:1467880 writebacks:1467077  Hit Ratio: 96.66%
SCACHE: size: 512 KB assoc: 2
SCACHE: hits:207297 misses:1261172  Hit Ratio: 14.12%
3CACHE: size: 4096 KB assoc: 2
3CACHE: hits:252067 misses:1009105  Hit Ratio: 19.99%
3CACHE: dirty items replaced:8799
ITLB: size: 48, misses 26, miss rate 0.00%
DTLB: size: 128, misses 24174, miss rate 0.06%
Avg mem delay: 4.724 cycles
----------------------------------------
==== Statistics for Master ID: 2 ====
Reads: 127115789   Writes: 22497662
ICACHE: size: 64 KB assoc: 2
ICACHE: hits:78294746 misses:4604  Hit Ratio: 99.99%
DCACHE: size: 32 KB assoc: 8
DCACHE: hits:71165535 misses:148566 writebacks:148206  Hit Ratio: 99.79%
SCACHE: size: 512 KB assoc: 2
SCACHE: hits:100588 misses:52582  Hit Ratio: 65.67%
3CACHE: size: 4096 KB assoc: 2
3CACHE: hits:10060 misses:42522  Hit Ratio: 19.13%
3CACHE: dirty items replaced:492
ITLB: size: 48, misses 28, miss rate 0.00%
DTLB: size: 128, misses 1430, miss rate 0.00%
Avg mem delay: 4.724 cycles
----------------------------------------
==== Statistics for Master ID: 3 ====
Reads: 87403417   Writes: 15390723
ICACHE: size: 64 KB assoc: 2
ICACHE: hits:57034347 misses:2737  Hit Ratio: 100.00%
DCACHE: size: 32 KB assoc: 8
DCACHE: hits:43104956 misses:2652100 writebacks:2651951  Hit Ratio: 94.20%
SCACHE: size: 512 KB assoc: 2
SCACHE: hits:623212 misses:2031624  Hit Ratio: 23.47%
3CACHE: size: 4096 KB assoc: 2
3CACHE: hits:82667 misses:1948957  Hit Ratio: 4.07%
3CACHE: dirty items replaced:3567
ITLB: size: 48, misses 30, miss rate 0.00%
DTLB: size: 128, misses 90734, miss rate 0.20%
Avg mem delay: 4.724 cycles
----------------------------------------
==== Global Resource Utilization ====
STASH: size: 65536 entries, full 771971915, empty 33718, misses 3227, full rate 100.00
icache bank util. 0.109 0.096 0.094 0.090 0.096 0.186 0.110 0.108 
dcache bank util. 0.084 0.144 0.143 0.131 0.119 0.082 0.130 0.094 
L2 bank util. 0.028 0.030 0.028 0.030 0.027 0.027 0.032 0.035 
L1-L2 bus util. = 0.128, L3 util. = 0.149
----------------------------------------
branch prediction, hits = 41836909, misses = 2376632, hit rate = 94.62%
return_stack prediction, hits = 7160831, misses = 19, hit rate = 100.00%
jump prediction, hits = 43584077, misses = 3587105, hit rate = 92.40%
equake: Reading elements.

**** Debug Statistics at 301000000 Cycles *****
Threads: 4		Fetch Width: 8
No of useful instructions fetched:	791983838 (32.89% proc util.)
No of total instructions fetched:	916196799 (38.05% proc util.)
 includes 25369608 misfetch (2.8%), 98843353 (10.8%) wrong-path fetches
 and 0 flushed after failed lock(0.0%)
No of useful instructions issued/executed:	791983830 (32.89% proc util.)
No of total instructions issued/executed:	837673212 (34.79% proc util.)
 includes 45689382 wrong-path (5.5%) insts and 0 flushed (0.0%)
	fp 92003278, 10.98%
	synch 0, 0.00%
	integer 481055876, 57.43%
	load/store 264614058, 31.59%
Avg size of int IQ (before scheduling): 17.62
Avg size of fp IQ (before scheduling): 9.99
No of cycles taken:		301000000
Parallelism [ 0.684, 0.000, 1.109, 0.838,] = 2.631
 IQ conflicts: 3324004 (1.10%), FQ conflicts: 173175 (0.06%) 
 I reg conflicts: 96647603 (32.11%), FP reg conflicts: 55479964 (18.43%)
  Activelist confs: 1 (0.00%), ROB confs: 7378 (0.00%)
  Int unit conflicts: 188503759 (62.63%), FP unit conflicts: 1323218 (0.44%)
  Load/store unit conflicts: 38125177 (12.67%)
  MSHR conflicts: 267300076 (88.80%)
----------------------------------------
==== System-wide Cache Statistics ====
Stall for miss queue full 0 cycles (0.00%)
----------------------------------------
==== Statistics for Master ID: 0 ====
Reads: 145286276   Writes: 5892023
ICACHE: size: 64 KB assoc: 2
ICACHE: hits:73380097 misses:2430  Hit Ratio: 100.00%
DCACHE: size: 32 KB assoc: 8
DCACHE: hits:75058439 misses:2737333 writebacks:2736530  Hit Ratio: 96.48%
SCACHE: size: 512 KB assoc: 2
SCACHE: hits:465762 misses:2274001  Hit Ratio: 17.00%
3CACHE: size: 4096 KB assoc: 2
3CACHE: hits:485155 misses:1788846  Hit Ratio: 21.33%
3CACHE: dirty items replaced:57549
ITLB: size: 48, misses 66, miss rate 0.00%
DTLB: size: 128, misses 47392, miss rate 0.06%
Avg mem delay: 3.961 cycles
----------------------------------------
==== Statistics for Master ID: 2 ====
Reads: 198632921   Writes: 36270420
ICACHE: size: 64 KB assoc: 2
ICACHE: hits:122414891 misses:5763  Hit Ratio: 100.00%
DCACHE: size: 32 KB assoc: 8
DCACHE: hits:112194111 misses:288576 writebacks:288216  Hit Ratio: 99.74%
SCACHE: size: 512 KB assoc: 2
SCACHE: hits:128792 misses:165547  Hit Ratio: 43.76%
3CACHE: size: 4096 KB assoc: 2
3CACHE: hits:16166 misses:149381  Hit Ratio: 9.77%
3CACHE: dirty items replaced:7943
ITLB: size: 48, misses 43, miss rate 0.00%
DTLB: size: 128, misses 3584, miss rate 0.00%
Avg mem delay: 3.961 cycles
----------------------------------------
==== Statistics for Master ID: 3 ====
Reads: 144034464   Writes: 23147799
ICACHE: size: 64 KB assoc: 2
ICACHE: hits:92933449 misses:3540  Hit Ratio: 100.00%
DCACHE: size: 32 KB assoc: 8
DCACHE: hits:70769403 misses:3475871 writebacks:3475722  Hit Ratio: 95.32%
SCACHE: size: 512 KB assoc: 2
SCACHE: hits:1247450 misses:2231961  Hit Ratio: 35.85%
3CACHE: size: 4096 KB assoc: 2
3CACHE: hits:237128 misses:1994833  Hit Ratio: 10.62%
3CACHE: dirty items replaced:10000
ITLB: size: 48, misses 42, miss rate 0.00%
DTLB: size: 128, misses 94998, miss rate 0.13%
Avg mem delay: 3.961 cycles
----------------------------------------
==== Global Resource Utilization ====
STASH: size: 65536 entries, full 1189754432, empty 44037, misses 4089, full rate 100.00
icache bank util. 0.124 0.107 0.105 0.102 0.109 0.174 0.120 0.118 
dcache bank util. 0.090 0.149 0.158 0.145 0.136 0.089 0.141 0.100 
L2 bank util. 0.029 0.030 0.028 0.030 0.028 0.028 0.031 0.033 
L1-L2 bus util. = 0.130, L3 util. = 0.131
----------------------------------------
branch prediction, hits = 64535801, misses = 3832573, hit rate = 94.39%
return_stack prediction, hits = 11563101, misses = 19, hit rate = 100.00%
jump prediction, hits = 68882637, misses = 4991785, hit rate = 93.24%

**** Debug Statistics at 401000000 Cycles *****
Threads: 4		Fetch Width: 8
No of useful instructions fetched:	1058687208 (33.00% proc util.)
No of total instructions fetched:	1202080393 (37.47% proc util.)
 includes 28937070 misfetch (2.4%), 114456115 (9.5%) wrong-path fetches
 and 0 flushed after failed lock(0.0%)
No of useful instructions issued/executed:	1058687181 (33.00% proc util.)
No of total instructions issued/executed:	1112016935 (34.66% proc util.)
 includes 53329754 wrong-path (4.8%) insts and 0 flushed (0.0%)
	fp 130788046, 11.76%
	synch 0, 0.00%
	integer 628228169, 56.49%
	load/store 353000720, 31.74%
Avg size of int IQ (before scheduling): 15.48
Avg size of fp IQ (before scheduling): 8.76
No of cycles taken:		401000000
Parallelism [ 0.742, 0.000, 1.070, 0.828,] = 2.640
 IQ conflicts: 3361299 (0.84%), FQ conflicts: 173175 (0.04%) 
 I reg conflicts: 98900810 (24.66%), FP reg conflicts: 105362947 (26.28%)
  Activelist confs: 1 (0.00%), ROB confs: 7378 (0.00%)
  Int unit conflicts: 224985637 (56.11%), FP unit conflicts: 1475077 (0.37%)
  Load/store unit conflicts: 48673616 (12.14%)
  MSHR conflicts: 279302907 (69.65%)
----------------------------------------
==== System-wide Cache Statistics ====
Stall for miss queue full 0 cycles (0.00%)
----------------------------------------
==== Statistics for Master ID: 0 ====
Reads: 212582390   Writes: 7140347
ICACHE: size: 64 KB assoc: 2
ICACHE: hits:105624129 misses:2431  Hit Ratio: 100.00%
DCACHE: size: 32 KB assoc: 8
DCACHE: hits:110498818 misses:3597359 writebacks:3596556  Hit Ratio: 96.85%
SCACHE: size: 512 KB assoc: 2
SCACHE: hits:595030 misses:3004760  Hit Ratio: 16.53%
3CACHE: size: 4096 KB assoc: 2
3CACHE: hits:728003 misses:2276756  Hit Ratio: 24.23%
3CACHE: dirty items replaced:100712
ITLB: size: 48, misses 66, miss rate 0.00%
DTLB: size: 128, misses 59967, miss rate 0.05%
Avg mem delay: 3.537 cycles
----------------------------------------
==== Statistics for Master ID: 2 ====
Reads: 255317327   Writes: 46225348
ICACHE: size: 64 KB assoc: 2
ICACHE: hits:158213660 misses:5776  Hit Ratio: 100.00%
DCACHE: size: 32 KB assoc: 8
DCACHE: hits:143007496 misses:315743 writebacks:315383  Hit Ratio: 99.78%
SCACHE: size: 512 KB assoc: 2
SCACHE: hits:142567 misses:178952  Hit Ratio: 44.34%
3CACHE: size: 4096 KB assoc: 2
3CACHE: hits:20866 misses:158086  Hit Ratio: 11.66%
3CACHE: dirty items replaced:8705
ITLB: size: 48, misses 43, miss rate 0.00%
DTLB: size: 128, misses 3897, miss rate 0.00%
Avg mem delay: 3.537 cycles
----------------------------------------
==== Statistics for Master ID: 3 ====
Reads: 186406133   Writes: 29019636
ICACHE: size: 64 KB assoc: 2
ICACHE: hits:119931336 misses:3628  Hit Ratio: 100.00%
DCACHE: size: 32 KB assoc: 8
DCACHE: hits:91477779 misses:4013026 writebacks:4012877  Hit Ratio: 95.80%
SCACHE: size: 512 KB assoc: 2
SCACHE: hits:1635730 misses:2380924  Hit Ratio: 40.72%
3CACHE: size: 4096 KB assoc: 2
3CACHE: hits:347150 misses:2033774  Hit Ratio: 14.58%
3CACHE: dirty items replaced:16805
ITLB: size: 48, misses 42, miss rate 0.00%
DTLB: size: 128, misses 97632, miss rate 0.10%
Avg mem delay: 3.537 cycles
----------------------------------------
==== Global Resource Utilization ====
STASH: size: 65536 entries, full 1548760877, empty 44055, misses 4089, full rate 100.00
icache bank util. 0.126 0.111 0.109 0.106 0.110 0.160 0.118 0.116 
dcache bank util. 0.089 0.145 0.158 0.142 0.136 0.090 0.140 0.099 
L2 bank util. 0.026 0.027 0.026 0.027 0.025 0.025 0.028 0.029 
L1-L2 bus util. = 0.119, L3 util. = 0.111
----------------------------------------
branch prediction, hits = 83138998, misses = 4667132, hit rate = 94.68%
return_stack prediction, hits = 15223544, misses = 19, hit rate = 100.00%
jump prediction, hits = 89004841, misses = 5860641, hit rate = 93.82%

**** Debug Statistics at 501000000 Cycles *****
Threads: 4		Fetch Width: 8
No of useful instructions fetched:	1358228250 (33.89% proc util.)
No of total instructions fetched:	1524345983 (38.03% proc util.)
 includes 33122213 misfetch (2.2%), 132995520 (8.7%) wrong-path fetches
 and 0 flushed after failed lock(0.0%)
No of useful instructions issued/executed:	1358228200 (33.89% proc util.)
No of total instructions issued/executed:	1420650542 (35.45% proc util.)
 includes 62422342 wrong-path (4.4%) insts and 0 flushed (0.0%)
	fp 174177321, 12.26%
	synch 0, 0.00%
	integer 793926843, 55.88%
	load/store 452546378, 31.85%
Avg size of int IQ (before scheduling): 14.56
Avg size of fp IQ (before scheduling): 8.14
No of cycles taken:		501000000
Parallelism [ 0.798, 0.000, 1.072, 0.841,] = 2.711
 IQ conflicts: 4267196 (0.85%), FQ conflicts: 173175 (0.03%) 
 I reg conflicts: 101968713 (20.35%), FP reg conflicts: 147785182 (29.50%)
  Activelist confs: 1 (0.00%), ROB confs: 8088 (0.00%)
  Int unit conflicts: 269058479 (53.70%), FP unit conflicts: 1684575 (0.34%)
  Load/store unit conflicts: 61805402 (12.34%)
  MSHR conflicts: 313800845 (62.63%)
----------------------------------------
==== System-wide Cache Statistics ====
Stall for miss queue full 0 cycles (0.00%)
----------------------------------------
==== Statistics for Master ID: 0 ====
Reads: 287532191   Writes: 8639147
ICACHE: size: 64 KB assoc: 2
ICACHE: hits:141257636 misses:2871  Hit Ratio: 100.00%
DCACHE: size: 32 KB assoc: 8
DCACHE: hits:150397547 misses:4513284 writebacks:4512481  Hit Ratio: 97.09%
SCACHE: size: 512 KB assoc: 2
SCACHE: hits:736750 misses:3779405  Hit Ratio: 16.31%
3CACHE: size: 4096 KB assoc: 2
3CACHE: hits:1001111 misses:2778294  Hit Ratio: 26.49%
3CACHE: dirty items replaced:144188
ITLB: size: 48, misses 76, miss rate 0.00%
DTLB: size: 128, misses 77442, miss rate 0.05%
Avg mem delay: 3.252 cycles
----------------------------------------
==== Statistics for Master ID: 2 ====
Reads: 319423018   Writes: 57486198
ICACHE: size: 64 KB assoc: 2
ICACHE: hits:198647769 misses:6034  Hit Ratio: 100.00%
DCACHE: size: 32 KB assoc: 8
DCACHE: hits:177911517 misses:343896 writebacks:343536  Hit Ratio: 99.81%
SCACHE: size: 512 KB assoc: 2
SCACHE: hits:156065 misses:193865  Hit Ratio: 44.60%
3CACHE: size: 4096 KB assoc: 2
3CACHE: hits:26297 misses:167568  Hit Ratio: 13.56%
3CACHE: dirty items replaced:10198
ITLB: size: 48, misses 44, miss rate 0.00%
DTLB: size: 128, misses 4295, miss rate 0.00%
Avg mem delay: 3.252 cycles
----------------------------------------
==== Statistics for Master ID: 3 ====
Reads: 234217618   Writes: 35420545
ICACHE: size: 64 KB assoc: 2
ICACHE: hits:150344883 misses:3808  Hit Ratio: 100.00%
DCACHE: size: 32 KB assoc: 8
DCACHE: hits:114661097 misses:4628375 writebacks:4628226  Hit Ratio: 96.12%
SCACHE: size: 512 KB assoc: 2
SCACHE: hits:2088293 misses:2543890  Hit Ratio: 45.08%
3CACHE: size: 4096 KB assoc: 2
3CACHE: hits:470448 misses:2073441  Hit Ratio: 18.49%
3CACHE: dirty items replaced:23501
ITLB: size: 48, misses 44, miss rate 0.00%
DTLB: size: 128, misses 100520, miss rate 0.08%
Avg mem delay: 3.252 cycles
----------------------------------------
==== Global Resource Utilization ====
STASH: size: 65536 entries, full 1951670712, empty 47843, misses 4445, full rate 100.00
icache bank util. 0.131 0.114 0.113 0.111 0.114 0.155 0.120 0.119 
dcache bank util. 0.090 0.146 0.161 0.144 0.138 0.092 0.143 0.102 
L2 bank util. 0.025 0.026 0.025 0.026 0.024 0.024 0.026 0.027 
L1-L2 bus util. = 0.114, L3 util. = 0.100
----------------------------------------
branch prediction, hits = 104267419, misses = 5631522, hit rate = 94.88%
return_stack prediction, hits = 19360671, misses = 19, hit rate = 100.00%
jump prediction, hits = 111787242, misses = 6883277, hit rate = 94.20%

**** Debug Statistics at 601000000 Cycles *****
Threads: 4		Fetch Width: 8
No of useful instructions fetched:	1708146694 (35.53% proc util.)
No of total instructions fetched:	1901369700 (39.55% proc util.)
 includes 38155299 misfetch (2.0%), 155067707 (8.2%) wrong-path fetches
 and 0 flushed after failed lock(0.0%)
No of useful instructions issued/executed:	1708146660 (35.53% proc util.)
No of total instructions issued/executed:	1781356604 (37.05% proc util.)
 includes 73209944 wrong-path (4.1%) insts and 0 flushed (0.0%)
	fp 225013533, 12.63%
	synch 0, 0.00%
	integer 986724794, 55.39%
	load/store 569618277, 31.98%
Avg size of int IQ (before scheduling): 14.24
Avg size of fp IQ (before scheduling): 7.89
No of cycles taken:		601000000
Parallelism [ 0.863, 0.000, 1.105, 0.874,] = 2.842
 IQ conflicts: 5164829 (0.86%), FQ conflicts: 173175 (0.03%) 
 I reg conflicts: 105667901 (17.58%), FP reg conflicts: 180812146 (30.09%)
  Activelist confs: 182 (0.00%), ROB confs: 9018 (0.00%)
  Int unit conflicts: 324248813 (53.95%), FP unit conflicts: 1977327 (0.33%)
  Load/store unit conflicts: 77892787 (12.96%)
  MSHR conflicts: 350738241 (58.36%)
----------------------------------------
==== System-wide Cache Statistics ====
Stall for miss queue full 0 cycles (0.00%)
----------------------------------------
==== Statistics for Master ID: 0 ====
Reads: 374589697   Writes: 10377797
ICACHE: size: 64 KB assoc: 2
ICACHE: hits:182273065 misses:3308  Hit Ratio: 100.00%
DCACHE: size: 32 KB assoc: 8
DCACHE: hits:197217543 misses:5473578 writebacks:5472775  Hit Ratio: 97.30%
SCACHE: size: 512 KB assoc: 2
SCACHE: hits:894982 misses:4581904  Hit Ratio: 16.34%
3CACHE: size: 4096 KB assoc: 2
3CACHE: hits:1322753 misses:3259150  Hit Ratio: 28.87%
3CACHE: dirty items replaced:185241
ITLB: size: 48, misses 86, miss rate 0.00%
DTLB: size: 128, misses 95620, miss rate 0.05%
Avg mem delay: 3.018 cycles
----------------------------------------
==== Statistics for Master ID: 2 ====
Reads: 394645142   Writes: 70739567
ICACHE: size: 64 KB assoc: 2
ICACHE: hits:246039545 misses:6299  Hit Ratio: 100.00%
DCACHE: size: 32 KB assoc: 8
DCACHE: hits:218966404 misses:372461 writebacks:372101  Hit Ratio: 99.83%
SCACHE: size: 512 KB assoc: 2
SCACHE: hits:167754 misses:211006  Hit Ratio: 44.29%
3CACHE: size: 4096 KB assoc: 2
3CACHE: hits:32359 misses:178647  Hit Ratio: 15.34%
3CACHE: dirty items replaced:11774
ITLB: size: 48, misses 44, miss rate 0.00%
DTLB: size: 128, misses 4732, miss rate 0.00%
Avg mem delay: 3.018 cycles
----------------------------------------
==== Statistics for Master ID: 3 ====
Reads: 290097579   Writes: 43207020
ICACHE: size: 64 KB assoc: 2
ICACHE: hits:185803035 misses:4018  Hit Ratio: 100.00%
DCACHE: size: 32 KB assoc: 8
DCACHE: hits:142162938 misses:5334608 writebacks:5334459  Hit Ratio: 96.38%
SCACHE: size: 512 KB assoc: 2
SCACHE: hits:2621240 misses:2717385  Hit Ratio: 49.10%
3CACHE: size: 4096 KB assoc: 2
3CACHE: hits:596178 misses:2121207  Hit Ratio: 21.94%
3CACHE: dirty items replaced:31217
ITLB: size: 48, misses 45, miss rate 0.00%
DTLB: size: 128, misses 103634, miss rate 0.07%
Avg mem delay: 3.018 cycles
----------------------------------------
==== Global Resource Utilization ====
STASH: size: 65536 entries, full 2421178384, empty 51585, misses 4800, full rate 100.00
icache bank util. 0.139 0.117 0.119 0.118 0.120 0.157 0.126 0.126 
dcache bank util. 0.094 0.150 0.169 0.150 0.145 0.096 0.150 0.106 
L2 bank util. 0.025 0.025 0.025 0.025 0.024 0.024 0.026 0.026 
L1-L2 bus util. = 0.112, L3 util. = 0.092
----------------------------------------
branch prediction, hits = 128945357, misses = 6752965, hit rate = 95.02%
return_stack prediction, hits = 24251398, misses = 19, hit rate = 100.00%
jump prediction, hits = 138449848, misses = 8115079, hit rate = 94.46%

**** Debug Statistics at 701000000 Cycles *****
Threads: 4		Fetch Width: 8
No of useful instructions fetched:	1974418487 (35.21% proc util.)
No of total instructions fetched:	2187517180 (39.01% proc util.)
 includes 41745303 misfetch (1.9%), 171353390 (7.8%) wrong-path fetches
 and 0 flushed after failed lock(0.0%)
No of useful instructions issued/executed:	1974418468 (35.21% proc util.)
No of total instructions issued/executed:	2055585280 (36.65% proc util.)
 includes 81166812 wrong-path (3.9%) insts and 0 flushed (0.0%)
	fp 263714375, 12.83%
	synch 0, 0.00%
	integer 1133762377, 55.16%
	load/store 658108528, 32.02%
Avg size of int IQ (before scheduling): 13.47
Avg size of fp IQ (before scheduling): 7.49
No of cycles taken:		701000000
Parallelism [ 0.870, 0.000, 1.083, 0.863,] = 2.817
 IQ conflicts: 5192650 (0.74%), FQ conflicts: 173175 (0.02%) 
 I reg conflicts: 107841857 (15.38%), FP reg conflicts: 230697280 (32.91%)
  Activelist confs: 182 (0.00%), ROB confs: 9018 (0.00%)
  Int unit conflicts: 360441665 (51.42%), FP unit conflicts: 2129363 (0.30%)
  Load/store unit conflicts: 88237188 (12.59%)
  MSHR conflicts: 360300039 (51.40%)
----------------------------------------
==== System-wide Cache Statistics ====
Stall for miss queue full 0 cycles (0.00%)
----------------------------------------
==== Statistics for Master ID: 0 ====
Reads: 441773796   Writes: 11623450
ICACHE: size: 64 KB assoc: 2
ICACHE: hits:214480124 misses:3308  Hit Ratio: 100.00%
DCACHE: size: 32 KB assoc: 8
DCACHE: hits:232576746 misses:6337068 writebacks:6336265  Hit Ratio: 97.35%
SCACHE: size: 512 KB assoc: 2
SCACHE: hits:1029422 misses:5310953  Hit Ratio: 16.24%
3CACHE: size: 4096 KB assoc: 2
3CACHE: hits:1563542 misses:3747411  Hit Ratio: 29.44%
3CACHE: dirty items replaced:230534
ITLB: size: 48, misses 86, miss rate 0.00%
DTLB: size: 128, misses 108168, miss rate 0.05%
Avg mem delay: 2.920 cycles
----------------------------------------
==== Statistics for Master ID: 2 ====
Reads: 451310983   Writes: 80637454
ICACHE: size: 64 KB assoc: 2
ICACHE: hits:281854683 misses:6316  Hit Ratio: 100.00%
DCACHE: size: 32 KB assoc: 8
DCACHE: hits:249687473 misses:399965 writebacks:399605  Hit Ratio: 99.84%
SCACHE: size: 512 KB assoc: 2
SCACHE: hits:181912 misses:224369  Hit Ratio: 44.77%
3CACHE: size: 4096 KB assoc: 2
3CACHE: hits:37230 misses:187139  Hit Ratio: 16.59%
3CACHE: dirty items replaced:12185
ITLB: size: 48, misses 44, miss rate 0.00%
DTLB: size: 128, misses 5057, miss rate 0.00%
Avg mem delay: 2.920 cycles
----------------------------------------
==== Statistics for Master ID: 3 ====
Reads: 332901440   Writes: 49117270
ICACHE: size: 64 KB assoc: 2
ICACHE: hits:212998108 misses:4145  Hit Ratio: 100.00%
DCACHE: size: 32 KB assoc: 8
DCACHE: hits:163109223 misses:5907234 writebacks:5907085  Hit Ratio: 96.50%
SCACHE: size: 512 KB assoc: 2
SCACHE: hits:3044473 misses:2866906  Hit Ratio: 51.50%
3CACHE: size: 4096 KB assoc: 2
3CACHE: hits:708829 misses:2158077  Hit Ratio: 24.72%
3CACHE: dirty items replaced:38039
ITLB: size: 48, misses 47, miss rate 0.00%
DTLB: size: 128, misses 106097, miss rate 0.06%
Avg mem delay: 2.920 cycles
----------------------------------------
==== Global Resource Utilization ====
STASH: size: 65536 entries, full 2780737686, empty 51591, misses 4800, full rate 100.00
icache bank util. 0.138 0.118 0.119 0.118 0.119 0.152 0.124 0.124 
dcache bank util. 0.092 0.148 0.167 0.147 0.144 0.095 0.148 0.105 
L2 bank util. 0.024 0.024 0.024 0.024 0.023 0.023 0.025 0.025 
L1-L2 bus util. = 0.108, L3 util. = 0.087
----------------------------------------
branch prediction, hits = 147549764, misses = 7622053, hit rate = 95.09%
return_stack prediction, hits = 27933535, misses = 19, hit rate = 100.00%
jump prediction, hits = 158658767, misses = 9000261, hit rate = 94.63%

**** Early Exiting at 710852507 Cycles *****
========================================
 SMTSIM Global Statistics
========================================
Threads: 4		Fetch Width: 8
No of useful instructions fetched:	2000000075 (35.17% proc util.)
No of total instructions fetched:	2214930816 (38.95% proc util.)
 includes 42083093 misfetch (1.9%), 172847648 (7.8%) wrong-path fetches
 and 0 flushed after failed lock(0.0%)
No of useful instructions issued/executed:	2000000053 (35.17% proc util.)
No of total instructions issued/executed:	2081926325 (36.61% proc util.)
 includes 81926272 wrong-path (3.9%) insts and 0 flushed (0.0%)
	fp 267483498, 12.85%
	synch 0, 0.00%
	integer 1148074481, 55.14%
	load/store 666368346, 32.01%
Avg size of int IQ (before scheduling): 13.41
Avg size of fp IQ (before scheduling): 7.46
No of cycles taken:		710852507
Parallelism [ 0.870, 0.000, 1.081, 0.862,] = 2.814
 IQ conflicts: 5196917 (0.73%), FQ conflicts: 173175 (0.02%) 
 I reg conflicts: 108078976 (15.20%), FP reg conflicts: 235723943 (33.16%)
  Activelist confs: 182 (0.00%), ROB confs: 9018 (0.00%)
  Int unit conflicts: 363806462 (51.18%), FP unit conflicts: 2143740 (0.30%)
  Load/store unit conflicts: 89135582 (12.54%)
  MSHR conflicts: 361685104 (50.88%)
----------------------------------------
==== System-wide Cache Statistics ====
Stall for miss queue full 0 cycles (0.00%)
----------------------------------------
==== Statistics for Master ID: 0 ====
Reads: 448299171   Writes: 11744767
ICACHE: size: 64 KB assoc: 2
ICACHE: hits:217598808 misses:3308  Hit Ratio: 100.00%
DCACHE: size: 32 KB assoc: 8
DCACHE: hits:236019502 misses:6422320 writebacks:6421517  Hit Ratio: 97.35%
SCACHE: size: 512 KB assoc: 2
SCACHE: hits:1042290 misses:5383338  Hit Ratio: 16.22%
3CACHE: size: 4096 KB assoc: 2
3CACHE: hits:1587355 misses:3795983  Hit Ratio: 29.49%
3CACHE: dirty items replaced:235853
ITLB: size: 48, misses 86, miss rate 0.00%
DTLB: size: 128, misses 109393, miss rate 0.05%
Avg mem delay: 2.914 cycles
----------------------------------------
==== Statistics for Master ID: 2 ====
Reads: 456808738   Writes: 81596821
ICACHE: size: 64 KB assoc: 2
ICACHE: hits:285324193 misses:6317  Hit Ratio: 100.00%
DCACHE: size: 32 KB assoc: 8
DCACHE: hits:252672278 misses:402771 writebacks:402411  Hit Ratio: 99.84%
SCACHE: size: 512 KB assoc: 2
SCACHE: hits:183393 misses:225695  Hit Ratio: 44.83%
3CACHE: size: 4096 KB assoc: 2
3CACHE: hits:37710 misses:187985  Hit Ratio: 16.71%
3CACHE: dirty items replaced:12244
ITLB: size: 48, misses 44, miss rate 0.00%
DTLB: size: 128, misses 5087, miss rate 0.00%
Avg mem delay: 2.914 cycles
----------------------------------------
==== Statistics for Master ID: 3 ====
Reads: 336772882   Writes: 49511410
ICACHE: size: 64 KB assoc: 2
ICACHE: hits:215519494 misses:4148  Hit Ratio: 100.00%
DCACHE: size: 32 KB assoc: 8
DCACHE: hits:164786336 misses:5974314 writebacks:5974165  Hit Ratio: 96.50%
SCACHE: size: 512 KB assoc: 2
SCACHE: hits:3094359 misses:2884103  Hit Ratio: 51.76%
3CACHE: size: 4096 KB assoc: 2
3CACHE: hits:722364 misses:2161739  Hit Ratio: 25.05%
3CACHE: dirty items replaced:38906
ITLB: size: 48, misses 47, miss rate 0.00%
DTLB: size: 128, misses 106413, miss rate 0.06%
Avg mem delay: 2.914 cycles
----------------------------------------
==== Global Resource Utilization ====
STASH: size: 65536 entries, full 2815193413, empty 51591, misses 4800, full rate 100.00
icache bank util. 0.138 0.118 0.119 0.118 0.119 0.151 0.124 0.124 
dcache bank util. 0.092 0.148 0.167 0.147 0.143 0.095 0.148 0.105 
L2 bank util. 0.024 0.024 0.024 0.024 0.023 0.023 0.025 0.025 
L1-L2 bus util. = 0.108, L3 util. = 0.086
----------------------------------------
branch prediction, hits = 149386578, misses = 7699299, hit rate = 95.10%
return_stack prediction, hits = 28271300, misses = 19, hit rate = 100.00%
jump prediction, hits = 160593811, misses = 9082204, hit rate = 94.65%
total IPC 2.814

=== Results saved to: ./results/mgrid_2_equake_1_gzip-source_1.txt ===
