测试组合（多线程优先）：crafty.arg2 + gcc-200.arg + gzip-graphic.arg
执行命令：./smtsim crafty.arg2 gcc-200.arg gzip-graphic.arg
==================================================

Process 0, Thread 0: crafty
Process 0, Thread 1: crafty
Process 2, Thread 2: gcc-200
Process 3, Thread 3: gzip-graphic

**** Debug Statistics at 1000000 Cycles *****
Threads: 4		Fetch Width: 8
No of useful instructions fetched:	693647 (8.67% proc util.)
No of total instructions fetched:	894337 (11.18% proc util.)
 includes 55920 misfetch (6.3%), 144770 (16.2%) wrong-path fetches
 and 0 flushed after failed lock(0.0%)
No of useful instructions issued/executed:	693622 (8.67% proc util.)
No of total instructions issued/executed:	760876 (9.51% proc util.)
 includes 67254 wrong-path (8.8%) insts and 0 flushed (0.0%)
	fp 62, 0.01%
	synch 0, 0.00%
	integer 496751, 65.29%
	load/store 264063, 34.71%
Avg size of int IQ (before scheduling): 38.64
Avg size of fp IQ (before scheduling): 0.00
No of cycles taken:		1000000
Parallelism [ 0.285, 0.000, 0.264, 0.144,] = 0.694
 IQ conflicts: 13375 (1.34%), FQ conflicts: 0 (0.00%) 
 I reg conflicts: 819571 (81.96%), FP reg conflicts: 0 (0.00%)
  Activelist confs: 0 (0.00%), ROB confs: 339 (0.03%)
  Int unit conflicts: 69574 (6.96%), FP unit conflicts: 0 (0.00%)
  Load/store unit conflicts: 53135 (5.31%)
  MSHR conflicts: 2806332 (280.63%)
----------------------------------------
==== System-wide Cache Statistics ====
Stall for miss queue full 0 cycles (0.00%)
----------------------------------------
==== Statistics for Master ID: 0 ====
Reads: 185967   Writes: 23471
ICACHE: size: 64 KB assoc: 2
ICACHE: hits:98666 misses:2029  Hit Ratio: 97.99%
DCACHE: size: 32 KB assoc: 8
DCACHE: hits:105448 misses:3295 writebacks:2740  Hit Ratio: 96.97%
SCACHE: size: 512 KB assoc: 2
SCACHE: hits:3336 misses:1988  Hit Ratio: 62.66%
3CACHE: size: 4096 KB assoc: 2
3CACHE: hits:342 misses:1646  Hit Ratio: 17.20%
3CACHE: dirty items replaced:0
ITLB: size: 48, misses 48, miss rate 0.05%
DTLB: size: 128, misses 1360, miss rate 1.25%
Avg mem delay: 51.466 cycles
----------------------------------------
==== Statistics for Master ID: 2 ====
Reads: 149172   Writes: 33018
ICACHE: size: 64 KB assoc: 2
ICACHE: hits:94426 misses:1788  Hit Ratio: 98.14%
DCACHE: size: 32 KB assoc: 8
DCACHE: hits:83885 misses:2091 writebacks:1604  Hit Ratio: 97.57%
SCACHE: size: 512 KB assoc: 2
SCACHE: hits:1165 misses:2714  Hit Ratio: 30.03%
3CACHE: size: 4096 KB assoc: 2
3CACHE: hits:164 misses:2550  Hit Ratio: 6.04%
3CACHE: dirty items replaced:0
ITLB: size: 48, misses 88, miss rate 0.09%
DTLB: size: 128, misses 375, miss rate 0.44%
Avg mem delay: 51.466 cycles
----------------------------------------
==== Statistics for Master ID: 3 ====
Reads: 109374   Writes: 23445
ICACHE: size: 64 KB assoc: 2
ICACHE: hits:63325 misses:220  Hit Ratio: 99.65%
DCACHE: size: 32 KB assoc: 8
DCACHE: hits:45820 misses:23454 writebacks:23285  Hit Ratio: 66.14%
SCACHE: size: 512 KB assoc: 2
SCACHE: hits:798 misses:22872  Hit Ratio: 3.37%
3CACHE: size: 4096 KB assoc: 2
3CACHE: hits:2 misses:22866  Hit Ratio: 0.01%
3CACHE: dirty items replaced:12
ITLB: size: 48, misses 18, miss rate 0.03%
DTLB: size: 128, misses 5652, miss rate 8.16%
Avg mem delay: 51.466 cycles
----------------------------------------
==== Global Resource Utilization ====
STASH: size: 65536 entries, full 92415984, empty 7732001, misses 860795, full rate 91.49
icache bank util. 0.040 0.029 0.028 0.029 0.028 0.023 0.036 0.058 
dcache bank util. 0.028 0.035 0.049 0.015 0.028 0.025 0.222 0.032 
L2 bank util. 0.009 0.011 0.008 0.008 0.008 0.008 0.297 0.010 
L1-L2 bus util. = 0.181, L3 util. = 0.271
----------------------------------------
branch prediction, hits = 54715, misses = 8000, hit rate = 87.24%
return_stack prediction, hits = 8048, misses = 18, hit rate = 99.78%
jump prediction, hits = 53893, misses = 12544, hit rate = 81.12%
 abend_ adia_ adib_ ambm6_
**** Debug Statistics at 101000000 Cycles *****
Threads: 4		Fetch Width: 8
No of useful instructions fetched:	121196349 (15.00% proc util.)
No of total instructions fetched:	156086448 (19.32% proc util.)
 includes 11116772 misfetch (7.1%), 23773327 (15.2%) wrong-path fetches
 and 0 flushed after failed lock(0.0%)
No of useful instructions issued/executed:	121196327 (15.00% proc util.)
No of total instructions issued/executed:	132403045 (16.39% proc util.)
 includes 11206718 wrong-path (8.5%) insts and 0 flushed (0.0%)
	fp 1954, 0.00%
	synch 0, 0.00%
	integer 87182751, 65.85%
	load/store 45218340, 34.15%
Avg size of int IQ (before scheduling): 20.91
Avg size of fp IQ (before scheduling): 0.00
No of cycles taken:		101000000
Parallelism [ 0.490, 0.000, 0.351, 0.359,] = 1.200
 IQ conflicts: 151996 (0.15%), FQ conflicts: 0 (0.00%) 
 I reg conflicts: 76696972 (75.94%), FP reg conflicts: 0 (0.00%)
  Activelist confs: 0 (0.00%), ROB confs: 339 (0.00%)
  Int unit conflicts: 10522039 (10.42%), FP unit conflicts: 0 (0.00%)
  Load/store unit conflicts: 6219954 (6.16%)
  MSHR conflicts: 118647150 (117.47%)
----------------------------------------
==== System-wide Cache Statistics ====
Stall for miss queue full 0 cycles (0.00%)
----------------------------------------
==== Statistics for Master ID: 0 ====
Reads: 31750962   Writes: 4018336
ICACHE: size: 64 KB assoc: 2
ICACHE: hits:16923437 misses:523403  Hit Ratio: 97.00%
DCACHE: size: 32 KB assoc: 8
DCACHE: hits:17574199 misses:748259 writebacks:747654  Hit Ratio: 95.92%
SCACHE: size: 512 KB assoc: 2
SCACHE: hits:1019975 misses:251687  Hit Ratio: 80.21%
3CACHE: size: 4096 KB assoc: 2
3CACHE: hits:194162 misses:57525  Hit Ratio: 77.14%
3CACHE: dirty items replaced:2304
ITLB: size: 48, misses 11172, miss rate 0.06%
DTLB: size: 128, misses 100951, miss rate 0.55%
Avg mem delay: 8.877 cycles
----------------------------------------
==== Statistics for Master ID: 2 ====
Reads: 25793486   Writes: 4702759
ICACHE: size: 64 KB assoc: 2
ICACHE: hits:14362698 misses:680365  Hit Ratio: 95.48%
DCACHE: size: 32 KB assoc: 8
DCACHE: hits:14764020 misses:689162 writebacks:688624  Hit Ratio: 95.54%
SCACHE: size: 512 KB assoc: 2
SCACHE: hits:1025539 misses:343987  Hit Ratio: 74.88%
3CACHE: size: 4096 KB assoc: 2
3CACHE: hits:250806 misses:93181  Hit Ratio: 72.91%
3CACHE: dirty items replaced:6446
ITLB: size: 48, misses 56164, miss rate 0.37%
DTLB: size: 128, misses 54957, miss rate 0.36%
Avg mem delay: 8.877 cycles
----------------------------------------
==== Statistics for Master ID: 3 ====
Reads: 18656874   Writes: 5613637
ICACHE: size: 64 KB assoc: 2
ICACHE: hits:12857247 misses:772  Hit Ratio: 99.99%
DCACHE: size: 32 KB assoc: 8
DCACHE: hits:9861983 misses:1550509 writebacks:1550338  Hit Ratio: 86.41%
SCACHE: size: 512 KB assoc: 2
SCACHE: hits:9086 misses:1542195  Hit Ratio: 0.59%
3CACHE: size: 4096 KB assoc: 2
3CACHE: hits:183 misses:1542012  Hit Ratio: 0.01%
3CACHE: dirty items replaced:41109
ITLB: size: 48, misses 63, miss rate 0.00%
DTLB: size: 128, misses 67363, miss rate 0.59%
Avg mem delay: 8.877 cycles
----------------------------------------
==== Global Resource Utilization ====
STASH: size: 65536 entries, full 252687291, empty 19986396, misses 1966902, full rate 92.01
icache bank util. 0.055 0.047 0.042 0.044 0.048 0.131 0.051 0.066 
dcache bank util. 0.070 0.082 0.078 0.061 0.082 0.083 0.080 0.089 
L2 bank util. 0.044 0.050 0.044 0.042 0.043 0.045 0.050 0.064 
L1-L2 bus util. = 0.213, L3 util. = 0.168
----------------------------------------
branch prediction, hits = 12684152, misses = 1581494, hit rate = 88.91%
return_stack prediction, hits = 1332585, misses = 1205, hit rate = 99.91%
jump prediction, hits = 11480470, misses = 2864976, hit rate = 80.03%
 analie6_ betalf_
**** Debug Statistics at 201000000 Cycles *****
Threads: 4		Fetch Width: 8
No of useful instructions fetched:	366293402 (22.78% proc util.)
No of total instructions fetched:	506990884 (31.53% proc util.)
 includes 29450982 misfetch (5.8%), 111246500 (21.9%) wrong-path fetches
 and 0 flushed after failed lock(0.0%)
No of useful instructions issued/executed:	366293373 (22.78% proc util.)
No of total instructions issued/executed:	424468430 (26.40% proc util.)
 includes 58175057 wrong-path (13.7%) insts and 0 flushed (0.0%)
	fp 13324, 0.00%
	synch 0, 0.00%
	integer 283936780, 66.89%
	load/store 140518326, 33.10%
Avg size of int IQ (before scheduling): 22.15
Avg size of fp IQ (before scheduling): 0.00
No of cycles taken:		201000000
Parallelism [ 0.637, 0.000, 0.485, 0.701,] = 1.822
 IQ conflicts: 978579 (0.49%), FQ conflicts: 0 (0.00%) 
 I reg conflicts: 119661474 (59.53%), FP reg conflicts: 0 (0.00%)
  Activelist confs: 1470 (0.00%), ROB confs: 44785 (0.02%)
  Int unit conflicts: 93502382 (46.52%), FP unit conflicts: 6 (0.00%)
  Load/store unit conflicts: 20613814 (10.26%)
  MSHR conflicts: 159783727 (79.49%)
----------------------------------------
==== System-wide Cache Statistics ====
Stall for miss queue full 0 cycles (0.00%)
----------------------------------------
==== Statistics for Master ID: 0 ====
Reads: 88569759   Writes: 10587673
ICACHE: size: 64 KB assoc: 2
ICACHE: hits:47971268 misses:1754856  Hit Ratio: 96.47%
DCACHE: size: 32 KB assoc: 8
DCACHE: hits:47428001 misses:2003307 writebacks:2002702  Hit Ratio: 95.95%
SCACHE: size: 512 KB assoc: 2
SCACHE: hits:3211842 misses:546320  Hit Ratio: 85.46%
3CACHE: size: 4096 KB assoc: 2
3CACHE: hits:424255 misses:122065  Hit Ratio: 77.66%
3CACHE: dirty items replaced:16535
ITLB: size: 48, misses 27407, miss rate 0.06%
DTLB: size: 128, misses 365148, miss rate 0.74%
Avg mem delay: 4.743 cycles
----------------------------------------
==== Statistics for Master ID: 2 ====
Reads: 78432305   Writes: 13302892
ICACHE: size: 64 KB assoc: 2
ICACHE: hits:44215494 misses:1724568  Hit Ratio: 96.25%
DCACHE: size: 32 KB assoc: 8
DCACHE: hits:44023329 misses:1771806 writebacks:1771268  Hit Ratio: 96.13%
SCACHE: size: 512 KB assoc: 2
SCACHE: hits:2752801 misses:743573  Hit Ratio: 78.73%
3CACHE: size: 4096 KB assoc: 2
3CACHE: hits:580565 misses:163008  Hit Ratio: 78.08%
3CACHE: dirty items replaced:20892
ITLB: size: 48, misses 123035, miss rate 0.27%
DTLB: size: 128, misses 239214, miss rate 0.52%
Avg mem delay: 4.743 cycles
----------------------------------------
==== Statistics for Master ID: 3 ====
Reads: 81611457   Writes: 15321087
ICACHE: size: 64 KB assoc: 2
ICACHE: hits:51715003 misses:58607  Hit Ratio: 99.89%
DCACHE: size: 32 KB assoc: 8
DCACHE: hits:42113578 misses:3045356 writebacks:3045185  Hit Ratio: 93.26%
SCACHE: size: 512 KB assoc: 2
SCACHE: hits:945462 misses:2158500  Hit Ratio: 30.46%
3CACHE: size: 4096 KB assoc: 2
3CACHE: hits:122112 misses:2036388  Hit Ratio: 5.66%
3CACHE: dirty items replaced:81113
ITLB: size: 48, misses 421, miss rate 0.00%
DTLB: size: 128, misses 195195, miss rate 0.43%
Avg mem delay: 4.743 cycles
----------------------------------------
==== Global Resource Utilization ====
STASH: size: 65536 entries, full 632882486, empty 38843450, misses 3646861, full rate 93.71
icache bank util. 0.090 0.081 0.073 0.084 0.104 0.159 0.094 0.102 
dcache bank util. 0.094 0.116 0.114 0.091 0.130 0.114 0.130 0.113 
L2 bank util. 0.050 0.058 0.051 0.048 0.051 0.052 0.054 0.065 
L1-L2 bus util. = 0.256, L3 util. = 0.115
----------------------------------------
branch prediction, hits = 31625504, misses = 5193981, hit rate = 85.89%
return_stack prediction, hits = 4340040, misses = 3222, hit rate = 99.93%
jump prediction, hits = 31465530, misses = 7741217, hit rate = 80.26%
 block_
**** Debug Statistics at 301000000 Cycles *****
Threads: 4		Fetch Width: 8
No of useful instructions fetched:	675320918 (28.04% proc util.)
No of total instructions fetched:	947737654 (39.36% proc util.)
 includes 50401500 misfetch (5.3%), 222015236 (23.4%) wrong-path fetches
 and 0 flushed after failed lock(0.0%)
No of useful instructions issued/executed:	675320909 (28.04% proc util.)
No of total instructions issued/executed:	792126054 (32.90% proc util.)
 includes 116805145 wrong-path (14.7%) insts and 0 flushed (0.0%)
	fp 40303, 0.01%
	synch 0, 0.00%
	integer 532470405, 67.22%
	load/store 259615346, 32.77%
Avg size of int IQ (before scheduling): 23.14
Avg size of fp IQ (before scheduling): 0.00
No of cycles taken:		301000000
Parallelism [ 0.730, 0.000, 0.596, 0.918,] = 2.244
 IQ conflicts: 2228835 (0.74%), FQ conflicts: 0 (0.00%) 
 I reg conflicts: 147741809 (49.08%), FP reg conflicts: 0 (0.00%)
  Activelist confs: 2162 (0.00%), ROB confs: 170311 (0.06%)
  Int unit conflicts: 228174099 (75.81%), FP unit conflicts: 9 (0.00%)
  Load/store unit conflicts: 40731288 (13.53%)
  MSHR conflicts: 177817491 (59.08%)
----------------------------------------
==== System-wide Cache Statistics ====
Stall for miss queue full 0 cycles (0.00%)
----------------------------------------
==== Statistics for Master ID: 0 ====
Reads: 156508616   Writes: 18487345
ICACHE: size: 64 KB assoc: 2
ICACHE: hits:85165274 misses:3225953  Hit Ratio: 96.35%
DCACHE: size: 32 KB assoc: 8
DCACHE: hits:83205555 misses:3399179 writebacks:3398574  Hit Ratio: 96.08%
SCACHE: size: 512 KB assoc: 2
SCACHE: hits:5762149 misses:862983  Hit Ratio: 86.97%
3CACHE: size: 4096 KB assoc: 2
3CACHE: hits:681578 misses:181405  Hit Ratio: 78.98%
3CACHE: dirty items replaced:44185
ITLB: size: 48, misses 43773, miss rate 0.05%
DTLB: size: 128, misses 676790, miss rate 0.78%
Avg mem delay: 3.500 cycles
----------------------------------------
==== Statistics for Master ID: 2 ====
Reads: 145482629   Writes: 24370372
ICACHE: size: 64 KB assoc: 2
ICACHE: hits:82652245 misses:2774065  Hit Ratio: 96.75%
DCACHE: size: 32 KB assoc: 8
DCACHE: hits:81495833 misses:2930858 writebacks:2930320  Hit Ratio: 96.53%
SCACHE: size: 512 KB assoc: 2
SCACHE: hits:4552247 misses:1152675  Hit Ratio: 79.80%
3CACHE: size: 4096 KB assoc: 2
3CACHE: hits:933859 misses:218816  Hit Ratio: 81.02%
3CACHE: dirty items replaced:38177
ITLB: size: 48, misses 197733, miss rate 0.23%
DTLB: size: 128, misses 450212, miss rate 0.53%
Avg mem delay: 3.500 cycles
----------------------------------------
==== Statistics for Master ID: 3 ====
Reads: 163843068   Writes: 26933383
ICACHE: size: 64 KB assoc: 2
ICACHE: hits:102282859 misses:140523  Hit Ratio: 99.86%
DCACHE: size: 32 KB assoc: 8
DCACHE: hits:83876137 misses:4476932 writebacks:4476761  Hit Ratio: 94.93%
SCACHE: size: 512 KB assoc: 2
SCACHE: hits:2256819 misses:2360636  Hit Ratio: 48.88%
3CACHE: size: 4096 KB assoc: 2
3CACHE: hits:284205 misses:2076431  Hit Ratio: 12.04%
3CACHE: dirty items replaced:100389
ITLB: size: 48, misses 833, miss rate 0.00%
DTLB: size: 128, misses 336501, miss rate 0.38%
Avg mem delay: 3.500 cycles
----------------------------------------
==== Global Resource Utilization ====
STASH: size: 65536 entries, full 1113245137, empty 60563000, misses 5599987, full rate 94.39
icache bank util. 0.112 0.101 0.092 0.109 0.139 0.176 0.122 0.127 
dcache bank util. 0.111 0.137 0.136 0.110 0.160 0.134 0.159 0.131 
L2 bank util. 0.053 0.062 0.053 0.050 0.053 0.055 0.055 0.066 
L1-L2 bus util. = 0.277, L3 util. = 0.082
----------------------------------------
branch prediction, hits = 54431930, misses = 9587748, hit rate = 85.02%
return_stack prediction, hits = 8048731, misses = 5280, hit rate = 99.93%
jump prediction, hits = 55996467, misses = 13311486, hit rate = 80.79%
 blockdis_
**** Debug Statistics at 401000000 Cycles *****
Threads: 4		Fetch Width: 8
No of useful instructions fetched:	965835040 (30.11% proc util.)
No of total instructions fetched:	1356784960 (42.29% proc util.)
 includes 68849408 misfetch (5.1%), 322100512 (23.7%) wrong-path fetches
 and 0 flushed after failed lock(0.0%)
No of useful instructions issued/executed:	965834997 (30.11% proc util.)
No of total instructions issued/executed:	1137928341 (35.47% proc util.)
 includes 172093344 wrong-path (15.1%) insts and 0 flushed (0.0%)
	fp 49771, 0.00%
	synch 0, 0.00%
	integer 765775383, 67.30%
	load/store 372103187, 32.70%
Avg size of int IQ (before scheduling): 23.99
Avg size of fp IQ (before scheduling): 0.00
No of cycles taken:		401000000
Parallelism [ 0.772, 0.000, 0.631, 1.005,] = 2.409
 IQ conflicts: 4339422 (1.08%), FQ conflicts: 0 (0.00%) 
 I reg conflicts: 179947342 (44.87%), FP reg conflicts: 0 (0.00%)
  Activelist confs: 2757 (0.00%), ROB confs: 239627 (0.06%)
  Int unit conflicts: 347618130 (86.69%), FP unit conflicts: 10 (0.00%)
  Load/store unit conflicts: 59351338 (14.80%)
  MSHR conflicts: 189693235 (47.31%)
----------------------------------------
==== System-wide Cache Statistics ====
Stall for miss queue full 0 cycles (0.00%)
----------------------------------------
==== Statistics for Master ID: 0 ====
Reads: 222075807   Writes: 26157349
ICACHE: size: 64 KB assoc: 2
ICACHE: hits:121048862 misses:4527138  Hit Ratio: 96.39%
DCACHE: size: 32 KB assoc: 8
DCACHE: hits:117850691 misses:4806465 writebacks:4805860  Hit Ratio: 96.08%
SCACHE: size: 512 KB assoc: 2
SCACHE: hits:8179562 misses:1154041  Hit Ratio: 87.64%
3CACHE: size: 4096 KB assoc: 2
3CACHE: hits:918833 misses:235207  Hit Ratio: 79.62%
3CACHE: dirty items replaced:72289
ITLB: size: 48, misses 58749, miss rate 0.05%
DTLB: size: 128, misses 1024598, miss rate 0.84%
Avg mem delay: 3.188 cycles
----------------------------------------
==== Statistics for Master ID: 2 ====
Reads: 206898426   Writes: 34492584
ICACHE: size: 64 KB assoc: 2
ICACHE: hits:117862871 misses:3713595  Hit Ratio: 96.95%
DCACHE: size: 32 KB assoc: 8
DCACHE: hits:115414974 misses:4399570 writebacks:4399032  Hit Ratio: 96.33%
SCACHE: size: 512 KB assoc: 2
SCACHE: hits:6571360 misses:1541805  Hit Ratio: 81.00%
3CACHE: size: 4096 KB assoc: 2
3CACHE: hits:1274005 misses:267800  Hit Ratio: 82.63%
3CACHE: dirty items replaced:59668
ITLB: size: 48, misses 253282, miss rate 0.21%
DTLB: size: 128, misses 776217, miss rate 0.65%
Avg mem delay: 3.188 cycles
----------------------------------------
==== Statistics for Master ID: 3 ====
Reads: 241258237   Writes: 37870233
ICACHE: size: 64 KB assoc: 2
ICACHE: hits:149607498 misses:226377  Hit Ratio: 99.85%
DCACHE: size: 32 KB assoc: 8
DCACHE: hits:123380365 misses:5914230 writebacks:5914059  Hit Ratio: 95.43%
SCACHE: size: 512 KB assoc: 2
SCACHE: hits:3582840 misses:2557767  Hit Ratio: 58.35%
3CACHE: size: 4096 KB assoc: 2
3CACHE: hits:444955 misses:2112812  Hit Ratio: 17.40%
3CACHE: dirty items replaced:121643
ITLB: size: 48, misses 1208, miss rate 0.00%
DTLB: size: 128, misses 509614, miss rate 0.39%
Avg mem delay: 3.188 cycles
----------------------------------------
==== Global Resource Utilization ====
STASH: size: 65536 entries, full 1559534482, empty 81238909, misses 7458094, full rate 94.62
icache bank util. 0.120 0.108 0.098 0.121 0.155 0.181 0.134 0.137 
dcache bank util. 0.116 0.147 0.148 0.118 0.174 0.141 0.172 0.137 
L2 bank util. 0.054 0.064 0.055 0.051 0.055 0.057 0.056 0.067 
L1-L2 bus util. = 0.290, L3 util. = 0.065
----------------------------------------
branch prediction, hits = 76623967, misses = 13425161, hit rate = 85.09%
return_stack prediction, hits = 11785043, misses = 7073, hit rate = 99.94%
jump prediction, hits = 80540075, misses = 18195373, hit rate = 81.57%
 caconv_ calrms_ chroma_
**** Debug Statistics at 501000000 Cycles *****
Threads: 4		Fetch Width: 8
No of useful instructions fetched:	1260486153 (31.45% proc util.)
No of total instructions fetched:	1778552435 (44.38% proc util.)
 includes 89065075 misfetch (5.0%), 429001207 (24.1%) wrong-path fetches
 and 0 flushed after failed lock(0.0%)
No of useful instructions issued/executed:	1260486127 (31.45% proc util.)
No of total instructions issued/executed:	1490593022 (37.19% proc util.)
 includes 230106895 wrong-path (15.4%) insts and 0 flushed (0.0%)
	fp 63696, 0.00%
	synch 0, 0.00%
	integer 1003750530, 67.34%
	load/store 486778796, 32.66%
Avg size of int IQ (before scheduling): 24.20
Avg size of fp IQ (before scheduling): 0.00
No of cycles taken:		501000000
Parallelism [ 0.794, 0.000, 0.658, 1.064,] = 2.516
 IQ conflicts: 5577636 (1.11%), FQ conflicts: 0 (0.00%) 
 I reg conflicts: 210697667 (42.06%), FP reg conflicts: 0 (0.00%)
  Activelist confs: 4132 (0.00%), ROB confs: 346254 (0.07%)
  Int unit conflicts: 469194530 (93.65%), FP unit conflicts: 13 (0.00%)
  Load/store unit conflicts: 78039534 (15.58%)
  MSHR conflicts: 202250756 (40.37%)
----------------------------------------
==== System-wide Cache Statistics ====
Stall for miss queue full 0 cycles (0.00%)
----------------------------------------
==== Statistics for Master ID: 0 ====
Reads: 287490804   Writes: 33764180
ICACHE: size: 64 KB assoc: 2
ICACHE: hits:156833517 misses:5909174  Hit Ratio: 96.37%
DCACHE: size: 32 KB assoc: 8
DCACHE: hits:152288222 misses:6224071 writebacks:6223466  Hit Ratio: 96.07%
SCACHE: size: 512 KB assoc: 2
SCACHE: hits:10678955 misses:1454290  Hit Ratio: 88.01%
3CACHE: size: 4096 KB assoc: 2
3CACHE: hits:1152631 misses:301659  Hit Ratio: 79.26%
3CACHE: dirty items replaced:110077
ITLB: size: 48, misses 74682, miss rate 0.05%
DTLB: size: 128, misses 1375901, miss rate 0.87%
Avg mem delay: 2.967 cycles
----------------------------------------
==== Statistics for Master ID: 2 ====
Reads: 271064028   Writes: 45289682
ICACHE: size: 64 KB assoc: 2
ICACHE: hits:154588569 misses:4789979  Hit Ratio: 96.99%
DCACHE: size: 32 KB assoc: 8
DCACHE: hits:151398798 misses:5576364 writebacks:5575826  Hit Ratio: 96.45%
SCACHE: size: 512 KB assoc: 2
SCACHE: hits:8425363 misses:1940980  Hit Ratio: 81.28%
3CACHE: size: 4096 KB assoc: 2
3CACHE: hits:1607973 misses:333007  Hit Ratio: 82.84%
3CACHE: dirty items replaced:92468
ITLB: size: 48, misses 318804, miss rate 0.20%
DTLB: size: 128, misses 1006943, miss rate 0.64%
Avg mem delay: 2.967 cycles
----------------------------------------
==== Statistics for Master ID: 3 ====
Reads: 320600302   Writes: 48824401
ICACHE: size: 64 KB assoc: 2
ICACHE: hits:198264495 misses:312938  Hit Ratio: 99.84%
DCACHE: size: 32 KB assoc: 8
DCACHE: hits:163440382 misses:7406888 writebacks:7406717  Hit Ratio: 95.66%
SCACHE: size: 512 KB assoc: 2
SCACHE: hits:4956939 misses:2762887  Hit Ratio: 64.21%
3CACHE: size: 4096 KB assoc: 2
3CACHE: hits:603044 misses:2159843  Hit Ratio: 21.83%
3CACHE: dirty items replaced:153356
ITLB: size: 48, misses 1612, miss rate 0.00%
DTLB: size: 128, misses 668064, miss rate 0.39%
Avg mem delay: 2.967 cycles
----------------------------------------
==== Global Resource Utilization ====
STASH: size: 65536 entries, full 2018627870, empty 103577615, misses 9443993, full rate 94.70
icache bank util. 0.125 0.113 0.103 0.128 0.166 0.186 0.142 0.143 
dcache bank util. 0.120 0.152 0.153 0.123 0.181 0.147 0.182 0.141 
L2 bank util. 0.055 0.065 0.056 0.052 0.056 0.058 0.057 0.067 
L1-L2 bus util. = 0.296, L3 util. = 0.056
----------------------------------------
branch prediction, hits = 98479778, misses = 17589232, hit rate = 84.85%
return_stack prediction, hits = 15495843, misses = 8799, hit rate = 99.94%
jump prediction, hits = 104611740, misses = 23586925, hit rate = 81.60%
 cinvar_ clor6_
**** Debug Statistics at 601000000 Cycles *****
Threads: 4		Fetch Width: 8
No of useful instructions fetched:	1554036086 (32.32% proc util.)
No of total instructions fetched:	2203735239 (45.83% proc util.)
 includes 110733485 misfetch (5.0%), 538965668 (24.5%) wrong-path fetches
 and 0 flushed after failed lock(0.0%)
No of useful instructions issued/executed:	1554036061 (32.32% proc util.)
No of total instructions issued/executed:	1843603721 (38.34% proc util.)
 includes 289567660 wrong-path (15.7%) insts and 0 flushed (0.0%)
	fp 71784, 0.00%
	synch 0, 0.00%
	integer 1243660273, 67.46%
	load/store 599871664, 32.54%
Avg size of int IQ (before scheduling): 24.30
Avg size of fp IQ (before scheduling): 0.00
No of cycles taken:		601000000
Parallelism [ 0.814, 0.000, 0.665, 1.106,] = 2.586
 IQ conflicts: 6773729 (1.13%), FQ conflicts: 0 (0.00%) 
 I reg conflicts: 240859545 (40.08%), FP reg conflicts: 0 (0.00%)
  Activelist confs: 5445 (0.00%), ROB confs: 431186 (0.07%)
  Int unit conflicts: 580958704 (96.67%), FP unit conflicts: 13 (0.00%)
  Load/store unit conflicts: 94343943 (15.70%)
  MSHR conflicts: 211910278 (35.26%)
----------------------------------------
==== System-wide Cache Statistics ====
Stall for miss queue full 0 cycles (0.00%)
----------------------------------------
==== Statistics for Master ID: 0 ====
Reads: 354353269   Writes: 41139297
ICACHE: size: 64 KB assoc: 2
ICACHE: hits:193771793 misses:7283212  Hit Ratio: 96.38%
DCACHE: size: 32 KB assoc: 8
DCACHE: hits:186862676 misses:7574885 writebacks:7574280  Hit Ratio: 96.10%
SCACHE: size: 512 KB assoc: 2
SCACHE: hits:13106479 misses:1751618  Hit Ratio: 88.21%
3CACHE: size: 4096 KB assoc: 2
3CACHE: hits:1385126 misses:366492  Hit Ratio: 79.08%
3CACHE: dirty items replaced:149570
ITLB: size: 48, misses 91752, miss rate 0.05%
DTLB: size: 128, misses 1692237, miss rate 0.87%
Avg mem delay: 2.823 cycles
----------------------------------------
==== Statistics for Master ID: 2 ====
Reads: 332096130   Writes: 54874718
ICACHE: size: 64 KB assoc: 2
ICACHE: hits:189532034 misses:6003457  Hit Ratio: 96.93%
DCACHE: size: 32 KB assoc: 8
DCACHE: hits:184693375 misses:6741982 writebacks:6741444  Hit Ratio: 96.48%
SCACHE: size: 512 KB assoc: 2
SCACHE: hits:10357531 misses:2387908  Hit Ratio: 81.26%
3CACHE: size: 4096 KB assoc: 2
3CACHE: hits:1979239 misses:408669  Hit Ratio: 82.89%
3CACHE: dirty items replaced:133323
ITLB: size: 48, misses 395278, miss rate 0.20%
DTLB: size: 128, misses 1229897, miss rate 0.64%
Avg mem delay: 2.823 cycles
----------------------------------------
==== Statistics for Master ID: 3 ====
Reads: 401575316   Writes: 60222653
ICACHE: size: 64 KB assoc: 2
ICACHE: hits:247968333 misses:394832  Hit Ratio: 99.84%
DCACHE: size: 32 KB assoc: 8
DCACHE: hits:204545157 misses:8889647 writebacks:8889476  Hit Ratio: 95.83%
SCACHE: size: 512 KB assoc: 2
SCACHE: hits:6308762 misses:2975717  Hit Ratio: 67.95%
3CACHE: size: 4096 KB assoc: 2
3CACHE: hits:761033 misses:2214684  Hit Ratio: 25.57%
3CACHE: dirty items replaced:186896
ITLB: size: 48, misses 2094, miss rate 0.00%
DTLB: size: 128, misses 814977, miss rate 0.38%
Avg mem delay: 2.823 cycles
----------------------------------------
==== Global Resource Utilization ====
STASH: size: 65536 entries, full 2483107399, empty 125517083, misses 11383514, full rate 94.77
icache bank util. 0.129 0.116 0.107 0.132 0.173 0.189 0.147 0.147 
dcache bank util. 0.123 0.156 0.157 0.127 0.187 0.148 0.187 0.144 
L2 bank util. 0.056 0.066 0.056 0.052 0.056 0.058 0.057 0.068 
L1-L2 bus util. = 0.300, L3 util. = 0.050
----------------------------------------
branch prediction, hits = 119480832, misses = 21938503, hit rate = 84.49%
return_stack prediction, hits = 19194214, misses = 11244, hit rate = 99.94%
jump prediction, hits = 127441868, misses = 29345460, hit rate = 81.28%
 clorb_
**** Debug Statistics at 701000000 Cycles *****
Threads: 4		Fetch Width: 8
No of useful instructions fetched:	1865708178 (33.27% proc util.)
No of total instructions fetched:	2644466950 (47.16% proc util.)
 includes 131594280 misfetch (5.0%), 647164492 (24.5%) wrong-path fetches
 and 0 flushed after failed lock(0.0%)
No of useful instructions issued/executed:	1865708149 (33.27% proc util.)
No of total instructions issued/executed:	2212937661 (39.46% proc util.)
 includes 347229512 wrong-path (15.7%) insts and 0 flushed (0.0%)
	fp 84278, 0.00%
	synch 0, 0.00%
	integer 1494062189, 67.51%
	load/store 718791194, 32.48%
Avg size of int IQ (before scheduling): 24.48
Avg size of fp IQ (before scheduling): 0.00
No of cycles taken:		701000000
Parallelism [ 0.836, 0.000, 0.690, 1.136,] = 2.661
 IQ conflicts: 8170130 (1.17%), FQ conflicts: 0 (0.00%) 
 I reg conflicts: 269143180 (38.39%), FP reg conflicts: 0 (0.00%)
  Activelist confs: 5885 (0.00%), ROB confs: 539454 (0.08%)
  Int unit conflicts: 716839532 (102.26%), FP unit conflicts: 15 (0.00%)
  Load/store unit conflicts: 114245567 (16.30%)
  MSHR conflicts: 229233338 (32.70%)
----------------------------------------
==== System-wide Cache Statistics ====
Stall for miss queue full 0 cycles (0.00%)
----------------------------------------
==== Statistics for Master ID: 0 ====
Reads: 423752397   Writes: 48903937
ICACHE: size: 64 KB assoc: 2
ICACHE: hits:232173724 misses:8568895  Hit Ratio: 96.44%
DCACHE: size: 32 KB assoc: 8
DCACHE: hits:222998182 misses:8915533 writebacks:8914928  Hit Ratio: 96.16%
SCACHE: size: 512 KB assoc: 2
SCACHE: hits:15458243 misses:2026185  Hit Ratio: 88.41%
3CACHE: size: 4096 KB assoc: 2
3CACHE: hits:1606407 misses:419778  Hit Ratio: 79.28%
3CACHE: dirty items replaced:182787
ITLB: size: 48, misses 105683, miss rate 0.04%
DTLB: size: 128, misses 2001929, miss rate 0.86%
Avg mem delay: 2.710 cycles
----------------------------------------
==== Statistics for Master ID: 2 ====
Reads: 400980122   Writes: 66027900
ICACHE: size: 64 KB assoc: 2
ICACHE: hits:229233836 misses:6946417  Hit Ratio: 97.06%
DCACHE: size: 32 KB assoc: 8
DCACHE: hits:222844796 misses:7982973 writebacks:7982435  Hit Ratio: 96.54%
SCACHE: size: 512 KB assoc: 2
SCACHE: hits:12104932 misses:2824457  Hit Ratio: 81.08%
3CACHE: size: 4096 KB assoc: 2
3CACHE: hits:2351586 misses:472871  Hit Ratio: 83.26%
3CACHE: dirty items replaced:168113
ITLB: size: 48, misses 449527, miss rate 0.19%
DTLB: size: 128, misses 1450762, miss rate 0.63%
Avg mem delay: 2.710 cycles
----------------------------------------
==== Statistics for Master ID: 3 ====
Reads: 481909922   Writes: 71433171
ICACHE: size: 64 KB assoc: 2
ICACHE: hits:297496738 misses:478278  Hit Ratio: 99.84%
DCACHE: size: 32 KB assoc: 8
DCACHE: hits:245020417 misses:10347660 writebacks:10347489  Hit Ratio: 95.95%
SCACHE: size: 512 KB assoc: 2
SCACHE: hits:7645046 misses:3180892  Hit Ratio: 70.62%
3CACHE: size: 4096 KB assoc: 2
3CACHE: hits:924382 misses:2256510  Hit Ratio: 29.06%
3CACHE: dirty items replaced:211214
ITLB: size: 48, misses 2484, miss rate 0.00%
DTLB: size: 128, misses 962068, miss rate 0.38%
Avg mem delay: 2.710 cycles
----------------------------------------
==== Global Resource Utilization ====
STASH: size: 65536 entries, full 2965442415, empty 145839167, misses 13210022, full rate 94.91
icache bank util. 0.132 0.120 0.110 0.136 0.180 0.192 0.152 0.152 
dcache bank util. 0.127 0.159 0.160 0.130 0.192 0.151 0.192 0.147 
L2 bank util. 0.056 0.066 0.056 0.052 0.057 0.058 0.057 0.068 
L1-L2 bus util. = 0.302, L3 util. = 0.045
----------------------------------------
branch prediction, hits = 143083928, misses = 26220314, hit rate = 84.51%
return_stack prediction, hits = 23041209, misses = 11880, hit rate = 99.95%
jump prediction, hits = 152725873, misses = 34920463, hit rate = 81.39%

**** Early Exiting at 746232189 Cycles *****
========================================
 SMTSIM Global Statistics
========================================
Threads: 4		Fetch Width: 8
No of useful instructions fetched:	2000000108 (33.50% proc util.)
No of total instructions fetched:	2839776134 (47.57% proc util.)
 includes 141434288 misfetch (5.0%), 698341738 (24.6%) wrong-path fetches
 and 0 flushed after failed lock(0.0%)
No of useful instructions issued/executed:	2000000042 (33.50% proc util.)
No of total instructions issued/executed:	2374900442 (39.78% proc util.)
 includes 374900400 wrong-path (15.8%) insts and 0 flushed (0.0%)
	fp 88967, 0.00%
	synch 0, 0.00%
	integer 1603816472, 67.53%
	load/store 770995003, 32.46%
Avg size of int IQ (before scheduling): 24.48
Avg size of fp IQ (before scheduling): 0.00
No of cycles taken:		746232189
Parallelism [ 0.840, 0.000, 0.694, 1.146,] = 2.680
 IQ conflicts: 8602616 (1.15%), FQ conflicts: 0 (0.00%) 
 I reg conflicts: 282580863 (37.87%), FP reg conflicts: 0 (0.00%)
  Activelist confs: 5974 (0.00%), ROB confs: 576730 (0.08%)
  Int unit conflicts: 771827475 (103.43%), FP unit conflicts: 15 (0.00%)
  Load/store unit conflicts: 122390956 (16.40%)
  MSHR conflicts: 233604920 (31.30%)
----------------------------------------
==== System-wide Cache Statistics ====
Stall for miss queue full 0 cycles (0.00%)
----------------------------------------
==== Statistics for Master ID: 0 ====
Reads: 454102598   Writes: 52264248
ICACHE: size: 64 KB assoc: 2
ICACHE: hits:249051680 misses:9200671  Hit Ratio: 96.44%
DCACHE: size: 32 KB assoc: 8
DCACHE: hits:238567447 misses:9547048 writebacks:9546443  Hit Ratio: 96.15%
SCACHE: size: 512 KB assoc: 2
SCACHE: hits:16593016 misses:2154702  Hit Ratio: 88.51%
3CACHE: size: 4096 KB assoc: 2
3CACHE: hits:1712172 misses:442530  Hit Ratio: 79.46%
3CACHE: dirty items replaced:196411
ITLB: size: 48, misses 114902, miss rate 0.04%
DTLB: size: 128, misses 2159375, miss rate 0.87%
Avg mem delay: 2.676 cycles
----------------------------------------
==== Statistics for Master ID: 2 ====
Reads: 430390110   Writes: 70799846
ICACHE: size: 64 KB assoc: 2
ICACHE: hits:245974152 misses:7468244  Hit Ratio: 97.05%
DCACHE: size: 32 KB assoc: 8
DCACHE: hits:239239586 misses:8507974 writebacks:8507436  Hit Ratio: 96.57%
SCACHE: size: 512 KB assoc: 2
SCACHE: hits:12977323 misses:2998895  Hit Ratio: 81.23%
3CACHE: size: 4096 KB assoc: 2
3CACHE: hits:2496716 misses:502179  Hit Ratio: 83.25%
3CACHE: dirty items replaced:184531
ITLB: size: 48, misses 482023, miss rate 0.19%
DTLB: size: 128, misses 1554476, miss rate 0.63%
Avg mem delay: 2.676 cycles
----------------------------------------
==== Statistics for Master ID: 3 ====
Reads: 518255591   Writes: 76520666
ICACHE: size: 64 KB assoc: 2
ICACHE: hits:319869004 misses:510903  Hit Ratio: 99.84%
DCACHE: size: 32 KB assoc: 8
DCACHE: hits:263383099 misses:11013251 writebacks:11013080  Hit Ratio: 95.99%
SCACHE: size: 512 KB assoc: 2
SCACHE: hits:8251035 misses:3273119  Hit Ratio: 71.60%
3CACHE: size: 4096 KB assoc: 2
3CACHE: hits:998160 misses:2274959  Hit Ratio: 30.50%
3CACHE: dirty items replaced:224050
ITLB: size: 48, misses 2651, miss rate 0.00%
DTLB: size: 128, misses 1036205, miss rate 0.38%
Avg mem delay: 2.676 cycles
----------------------------------------
==== Global Resource Utilization ====
STASH: size: 65536 entries, full 3178090510, empty 156168908, misses 14108931, full rate 94.91
icache bank util. 0.133 0.121 0.111 0.138 0.181 0.193 0.154 0.153 
dcache bank util. 0.128 0.160 0.161 0.131 0.193 0.151 0.194 0.148 
L2 bank util. 0.056 0.067 0.056 0.052 0.057 0.059 0.058 0.068 
L1-L2 bus util. = 0.303, L3 util. = 0.043
----------------------------------------
branch prediction, hits = 152732876, misses = 28248195, hit rate = 84.39%
return_stack prediction, hits = 24741644, misses = 12711, hit rate = 99.95%
jump prediction, hits = 163287802, misses = 37506720, hit rate = 81.32%
total IPC 2.680

=== Results saved to: ./results/crafty_2_gcc-200_1_gzip-graphic_1.txt ===
