===== 执行信息 =====
Cache目录：share32
执行命令：./smtsim ../gzip-program.arg2 ../crafty.arg2
执行时间：2026-04-17 04:09:57
返回码：0
===== 输出内容 =====
全共享缓存
Process 0, Thread 0: gzip-program
Process 0, Thread 1: gzip-program
Process 2, Thread 2: crafty
Process 2, Thread 3: crafty

**** Debug Statistics at 1000000 Cycles *****
Threads: 4		Fetch Width: 8
No of useful instructions fetched:	2523689 (31.55% proc util.)
No of total instructions fetched:	3322273 (41.53% proc util.)
 includes 1115 misfetch (0.0%), 797469 (24.0%) wrong-path fetches
 and 0 flushed after failed lock(0.0%)
No of useful instructions issued/executed:	2523667 (31.55% proc util.)
No of total instructions issued/executed:	2880107 (36.00% proc util.)
 includes 356440 wrong-path (12.4%) insts and 0 flushed (0.0%)
	fp 7, 0.00%
	synch 0, 0.00%
	integer 2305484, 80.05%
	load/store 574616, 19.95%
Avg size of int IQ (before scheduling): 28.20
Avg size of fp IQ (before scheduling): 0.00
No of cycles taken:		1000000
Parallelism [ 1.165, 0.000, 1.359, 0.000,] = 2.524
 IQ conflicts: 39933 (3.99%), FQ conflicts: 0 (0.00%) 
 I reg conflicts: 429123 (42.91%), FP reg conflicts: 0 (0.00%)
  Activelist confs: 0 (0.00%), ROB confs: 311 (0.03%)
  Int unit conflicts: 855906 (85.59%), FP unit conflicts: 0 (0.00%)
  Load/store unit conflicts: 11000 (1.10%)
  MSHR conflicts: 15722 (1.57%)
----------------------------------------
==== System-wide Cache Statistics ====
Stall for miss queue full 0 cycles (0.00%)
----------------------------------------
==== Statistics for Master ID: 0 ====
Reads: 766652   Writes: 47093
ICACHE: size: 64 KB assoc: 2
ICACHE: hits:485155 misses:49  Hit Ratio: 99.99%
DCACHE: size: 32 KB assoc: 8
DCACHE: hits:320869 misses:7672 writebacks:6866  Hit Ratio: 97.66%
SCACHE: size: 512 KB assoc: 2
SCACHE: hits:4973 misses:2748  Hit Ratio: 64.41%
3CACHE: size: 4096 KB assoc: 2
3CACHE: hits:2 misses:2746  Hit Ratio: 0.07%
3CACHE: dirty items replaced:0
ITLB: size: 48, misses 5, miss rate 0.00%
DTLB: size: 128, misses 78, miss rate 0.02%
Avg mem delay: 1.707 cycles
----------------------------------------
==== Statistics for Master ID: 2 ====
Reads: 684100   Writes: 70885
ICACHE: size: 64 KB assoc: 2
ICACHE: hits:508783 misses:147  Hit Ratio: 99.97%
DCACHE: size: 32 KB assoc: 8
DCACHE: hits:244758 misses:1297 writebacks:904  Hit Ratio: 99.47%
SCACHE: size: 512 KB assoc: 2
SCACHE: hits:13 misses:1431  Hit Ratio: 0.90%
3CACHE: size: 4096 KB assoc: 2
3CACHE: hits:0 misses:1431  Hit Ratio: 0.00%
3CACHE: dirty items replaced:0
ITLB: size: 48, misses 16, miss rate 0.00%
DTLB: size: 128, misses 41, miss rate 0.02%
Avg mem delay: 1.707 cycles
----------------------------------------
==== Global Resource Utilization ====
STASH: size: 65536 entries, full 1003704735, empty 6869, misses 609, full rate 100.00
icache bank util. 0.200 0.091 0.029 0.036 0.124 0.168 0.177 0.169 
dcache bank util. 0.055 0.079 0.059 0.071 0.047 0.049 0.194 0.070 
L2 bank util. 0.010 0.009 0.009 0.012 0.009 0.009 0.009 0.019 
L1-L2 bus util. = 0.051, L3 util. = 0.042
----------------------------------------
branch prediction, hits = 289154, misses = 29027, hit rate = 90.88%
return_stack prediction, hits = 6021, misses = 2, hit rate = 99.97%
jump prediction, hits = 327969, misses = 212, hit rate = 99.94%

**** Debug Statistics at 101000000 Cycles *****
Threads: 4		Fetch Width: 8
No of useful instructions fetched:	344765589 (42.67% proc util.)
No of total instructions fetched:	485490194 (60.09% proc util.)
 includes 13506536 misfetch (2.8%), 127218069 (26.2%) wrong-path fetches
 and 0 flushed after failed lock(0.0%)
No of useful instructions issued/executed:	344765561 (42.67% proc util.)
No of total instructions issued/executed:	404493557 (50.06% proc util.)
 includes 59727996 wrong-path (14.8%) insts and 0 flushed (0.0%)
	fp 165, 0.00%
	synch 0, 0.00%
	integer 284204128, 70.26%
	load/store 120289264, 29.74%
Avg size of int IQ (before scheduling): 27.02
Avg size of fp IQ (before scheduling): 0.00
No of cycles taken:		101000000
Parallelism [ 1.824, 0.000, 1.590, 0.000,] = 3.414
 IQ conflicts: 1286857 (1.27%), FQ conflicts: 0 (0.00%) 
 I reg conflicts: 21272240 (21.06%), FP reg conflicts: 0 (0.00%)
  Activelist confs: 374 (0.00%), ROB confs: 131295 (0.13%)
  Int unit conflicts: 146445330 (145.00%), FP unit conflicts: 0 (0.00%)
  Load/store unit conflicts: 15834336 (15.68%)
  MSHR conflicts: 5772967 (5.72%)
----------------------------------------
==== System-wide Cache Statistics ====
Stall for miss queue full 0 cycles (0.00%)
----------------------------------------
==== Statistics for Master ID: 0 ====
Reads: 114323001   Writes: 14901770
ICACHE: size: 64 KB assoc: 2
ICACHE: hits:72200981 misses:41452  Hit Ratio: 99.94%
DCACHE: size: 32 KB assoc: 8
DCACHE: hits:55524471 misses:1457867 writebacks:1457059  Hit Ratio: 97.44%
SCACHE: size: 512 KB assoc: 2
SCACHE: hits:1393284 misses:106035  Hit Ratio: 92.93%
3CACHE: size: 4096 KB assoc: 2
3CACHE: hits:64460 misses:41575  Hit Ratio: 60.79%
3CACHE: dirty items replaced:5780
ITLB: size: 48, misses 56, miss rate 0.00%
DTLB: size: 128, misses 43546, miss rate 0.08%
Avg mem delay: 1.359 cycles
----------------------------------------
==== Statistics for Master ID: 2 ====
Reads: 115342424   Writes: 13476159
ICACHE: size: 64 KB assoc: 2
ICACHE: hits:64576668 misses:942940  Hit Ratio: 98.56%
DCACHE: size: 32 KB assoc: 8
DCACHE: hits:61927063 misses:1371912 writebacks:1371519  Hit Ratio: 97.83%
SCACHE: size: 512 KB assoc: 2
SCACHE: hits:2101043 misses:213809  Hit Ratio: 90.76%
3CACHE: size: 4096 KB assoc: 2
3CACHE: hits:144807 misses:69002  Hit Ratio: 67.73%
3CACHE: dirty items replaced:9799
ITLB: size: 48, misses 215, miss rate 0.00%
DTLB: size: 128, misses 241967, miss rate 0.38%
Avg mem delay: 1.359 cycles
----------------------------------------
==== Global Resource Utilization ====
STASH: size: 65536 entries, full 1532122206, empty 22633746, misses 2122005, full rate 98.41
icache bank util. 0.162 0.146 0.132 0.153 0.204 0.216 0.188 0.193 
dcache bank util. 0.115 0.164 0.176 0.120 0.240 0.161 0.224 0.159 
L2 bank util. 0.033 0.044 0.031 0.028 0.035 0.038 0.031 0.045 
L1-L2 bus util. = 0.197, L3 util. = 0.011
----------------------------------------
branch prediction, hits = 21969762, misses = 3751721, hit rate = 85.41%
return_stack prediction, hits = 4019204, misses = 190, hit rate = 100.00%
jump prediction, hits = 28397456, misses = 2948861, hit rate = 90.59%

**** Debug Statistics at 201000000 Cycles *****
Threads: 4		Fetch Width: 8
No of useful instructions fetched:	680812922 (42.34% proc util.)
No of total instructions fetched:	968599590 (60.24% proc util.)
 includes 27931858 misfetch (2.9%), 259854810 (26.8%) wrong-path fetches
 and 0 flushed after failed lock(0.0%)
No of useful instructions issued/executed:	680812906 (42.34% proc util.)
No of total instructions issued/executed:	803351943 (49.96% proc util.)
 includes 122539037 wrong-path (15.3%) insts and 0 flushed (0.0%)
	fp 170, 0.00%
	synch 0, 0.00%
	integer 561959152, 69.95%
	load/store 241392621, 30.05%
Avg size of int IQ (before scheduling): 26.66
Avg size of fp IQ (before scheduling): 0.00
No of cycles taken:		201000000
Parallelism [ 1.817, 0.000, 1.570, 0.000,] = 3.387
 IQ conflicts: 2390552 (1.19%), FQ conflicts: 0 (0.00%) 
 I reg conflicts: 41878625 (20.84%), FP reg conflicts: 0 (0.00%)
  Activelist confs: 595 (0.00%), ROB confs: 131295 (0.07%)
  Int unit conflicts: 288131112 (143.35%), FP unit conflicts: 0 (0.00%)
  Load/store unit conflicts: 32295099 (16.07%)
  MSHR conflicts: 11102179 (5.52%)
----------------------------------------
==== System-wide Cache Statistics ====
Stall for miss queue full 0 cycles (0.00%)
----------------------------------------
==== Statistics for Master ID: 0 ====
Reads: 228570367   Writes: 29519035
ICACHE: size: 64 KB assoc: 2
ICACHE: hits:144331018 misses:88359  Hit Ratio: 99.94%
DCACHE: size: 32 KB assoc: 8
DCACHE: hits:110684539 misses:2985486 writebacks:2984678  Hit Ratio: 97.37%
SCACHE: size: 512 KB assoc: 2
SCACHE: hits:2869877 misses:203968  Hit Ratio: 93.36%
3CACHE: size: 4096 KB assoc: 2
3CACHE: hits:126577 misses:77391  Hit Ratio: 62.06%
3CACHE: dirty items replaced:14301
ITLB: size: 48, misses 63, miss rate 0.00%
DTLB: size: 128, misses 91688, miss rate 0.08%
Avg mem delay: 1.368 cycles
----------------------------------------
==== Statistics for Master ID: 2 ====
Reads: 230839108   Writes: 27030932
ICACHE: size: 64 KB assoc: 2
ICACHE: hits:128140883 misses:2021067  Hit Ratio: 98.45%
DCACHE: size: 32 KB assoc: 8
DCACHE: hits:124863542 misses:2844548 writebacks:2844155  Hit Ratio: 97.77%
SCACHE: size: 512 KB assoc: 2
SCACHE: hits:4471936 misses:393679  Hit Ratio: 91.91%
3CACHE: size: 4096 KB assoc: 2
3CACHE: hits:284097 misses:109582  Hit Ratio: 72.16%
3CACHE: dirty items replaced:23505
ITLB: size: 48, misses 235, miss rate 0.00%
DTLB: size: 128, misses 507481, miss rate 0.40%
Avg mem delay: 1.368 cycles
----------------------------------------
==== Global Resource Utilization ====
STASH: size: 65536 entries, full 2060367481, empty 47275569, misses 4439483, full rate 97.55
icache bank util. 0.160 0.145 0.132 0.153 0.205 0.220 0.190 0.193 
dcache bank util. 0.118 0.164 0.176 0.120 0.241 0.165 0.226 0.165 
L2 bank util. 0.034 0.045 0.032 0.029 0.036 0.040 0.032 0.049 
L1-L2 bus util. = 0.205, L3 util. = 0.009
----------------------------------------
branch prediction, hits = 42797848, misses = 7684047, hit rate = 84.78%
return_stack prediction, hits = 7874110, misses = 479, hit rate = 99.99%
jump prediction, hits = 55431892, misses = 6111930, hit rate = 90.07%

**** Debug Statistics at 301000000 Cycles *****
Threads: 4		Fetch Width: 8
No of useful instructions fetched:	1013335264 (42.08% proc util.)
No of total instructions fetched:	1449801602 (60.21% proc util.)
 includes 42576397 misfetch (2.9%), 393889941 (27.2%) wrong-path fetches
 and 0 flushed after failed lock(0.0%)
No of useful instructions issued/executed:	1013335233 (42.08% proc util.)
No of total instructions issued/executed:	1198937826 (49.79% proc util.)
 includes 185602593 wrong-path (15.5%) insts and 0 flushed (0.0%)
	fp 177, 0.00%
	synch 0, 0.00%
	integer 838029496, 69.90%
	load/store 360908153, 30.10%
Avg size of int IQ (before scheduling): 26.52
Avg size of fp IQ (before scheduling): 0.00
No of cycles taken:		301000000
Parallelism [ 1.807, 0.000, 1.560, 0.000,] = 3.367
 IQ conflicts: 3500447 (1.16%), FQ conflicts: 0 (0.00%) 
 I reg conflicts: 63135574 (20.98%), FP reg conflicts: 0 (0.00%)
  Activelist confs: 934 (0.00%), ROB confs: 131295 (0.04%)
  Int unit conflicts: 427152122 (141.91%), FP unit conflicts: 0 (0.00%)
  Load/store unit conflicts: 48221184 (16.02%)
  MSHR conflicts: 16676809 (5.54%)
----------------------------------------
==== System-wide Cache Statistics ====
Stall for miss queue full 0 cycles (0.00%)
----------------------------------------
==== Statistics for Master ID: 0 ====
Reads: 341366618   Writes: 43544847
ICACHE: size: 64 KB assoc: 2
ICACHE: hits:215900257 misses:133237  Hit Ratio: 99.94%
DCACHE: size: 32 KB assoc: 8
DCACHE: hits:164435567 misses:4442404 writebacks:4441596  Hit Ratio: 97.37%
SCACHE: size: 512 KB assoc: 2
SCACHE: hits:4274225 misses:301416  Hit Ratio: 93.41%
3CACHE: size: 4096 KB assoc: 2
3CACHE: hits:190256 misses:111160  Hit Ratio: 63.12%
3CACHE: dirty items replaced:22414
ITLB: size: 48, misses 69, miss rate 0.00%
DTLB: size: 128, misses 147421, miss rate 0.09%
Avg mem delay: 1.377 cycles
----------------------------------------
==== Statistics for Master ID: 2 ====
Reads: 346235326   Writes: 40568496
ICACHE: size: 64 KB assoc: 2
ICACHE: hits:191769802 misses:3025793  Hit Ratio: 98.45%
DCACHE: size: 32 KB assoc: 8
DCACHE: hits:187682775 misses:4325452 writebacks:4325059  Hit Ratio: 97.75%
SCACHE: size: 512 KB assoc: 2
SCACHE: hits:6772242 misses:579003  Hit Ratio: 92.12%
3CACHE: size: 4096 KB assoc: 2
3CACHE: hits:429371 misses:149632  Hit Ratio: 74.16%
3CACHE: dirty items replaced:37221
ITLB: size: 48, misses 251, miss rate 0.00%
DTLB: size: 128, misses 787777, miss rate 0.41%
Avg mem delay: 1.377 cycles
----------------------------------------
==== Global Resource Utilization ====
STASH: size: 65536 entries, full 2584361558, empty 73466568, misses 6871085, full rate 96.99
icache bank util. 0.159 0.144 0.132 0.153 0.204 0.221 0.191 0.192 
dcache bank util. 0.118 0.163 0.175 0.121 0.240 0.167 0.225 0.165 
L2 bank util. 0.034 0.045 0.032 0.029 0.036 0.040 0.032 0.049 
L1-L2 bus util. = 0.206, L3 util. = 0.009
----------------------------------------
branch prediction, hits = 63254662, misses = 11688978, hit rate = 84.40%
return_stack prediction, hits = 11620036, misses = 744, hit rate = 99.99%
jump prediction, hits = 81960708, misses = 9317599, hit rate = 89.79%

**** Debug Statistics at 401000000 Cycles *****
Threads: 4		Fetch Width: 8
No of useful instructions fetched:	1361858670 (42.45% proc util.)
No of total instructions fetched:	1932313914 (60.23% proc util.)
 includes 57125433 misfetch (3.0%), 513329811 (26.6%) wrong-path fetches
 and 0 flushed after failed lock(0.0%)
No of useful instructions issued/executed:	1361858629 (42.45% proc util.)
No of total instructions issued/executed:	1603011132 (49.97% proc util.)
 includes 241152503 wrong-path (15.0%) insts and 0 flushed (0.0%)
	fp 183, 0.00%
	synch 0, 0.00%
	integer 1121604602, 69.97%
	load/store 481406347, 30.03%
Avg size of int IQ (before scheduling): 26.69
Avg size of fp IQ (before scheduling): 0.00
No of cycles taken:		401000000
Parallelism [ 1.824, 0.000, 1.572, 0.000,] = 3.396
 IQ conflicts: 4613666 (1.15%), FQ conflicts: 0 (0.00%) 
 I reg conflicts: 84365422 (21.04%), FP reg conflicts: 0 (0.00%)
  Activelist confs: 989 (0.00%), ROB confs: 131295 (0.03%)
  Int unit conflicts: 575389615 (143.49%), FP unit conflicts: 0 (0.00%)
  Load/store unit conflicts: 64144016 (16.00%)
  MSHR conflicts: 23150909 (5.77%)
----------------------------------------
==== System-wide Cache Statistics ====
Stall for miss queue full 0 cycles (0.00%)
----------------------------------------
==== Statistics for Master ID: 0 ====
Reads: 454501133   Writes: 58008056
ICACHE: size: 64 KB assoc: 2
ICACHE: hits:287520923 misses:168652  Hit Ratio: 99.94%
DCACHE: size: 32 KB assoc: 8
DCACHE: hits:219076452 misses:5743162 writebacks:5742354  Hit Ratio: 97.45%
SCACHE: size: 512 KB assoc: 2
SCACHE: hits:5512539 misses:399275  Hit Ratio: 93.25%
3CACHE: size: 4096 KB assoc: 2
3CACHE: hits:249026 misses:150249  Hit Ratio: 62.37%
3CACHE: dirty items replaced:32846
ITLB: size: 48, misses 76, miss rate 0.00%
DTLB: size: 128, misses 192468, miss rate 0.09%
Avg mem delay: 1.367 cycles
----------------------------------------
==== Statistics for Master ID: 2 ====
Reads: 463292110   Writes: 53759474
ICACHE: size: 64 KB assoc: 2
ICACHE: hits:256570912 misses:3923720  Hit Ratio: 98.49%
DCACHE: size: 32 KB assoc: 8
DCACHE: hits:250859640 misses:5697312 writebacks:5696919  Hit Ratio: 97.78%
SCACHE: size: 512 KB assoc: 2
SCACHE: hits:8873610 misses:747422  Hit Ratio: 92.23%
3CACHE: size: 4096 KB assoc: 2
3CACHE: hits:559340 misses:188082  Hit Ratio: 74.84%
3CACHE: dirty items replaced:51202
ITLB: size: 48, misses 272, miss rate 0.00%
DTLB: size: 128, misses 1046128, miss rate 0.41%
Avg mem delay: 1.367 cycles
----------------------------------------
==== Global Resource Utilization ====
STASH: size: 65536 entries, full 3112534735, empty 97634034, misses 9120656, full rate 96.68
icache bank util. 0.159 0.144 0.133 0.154 0.205 0.220 0.191 0.192 
dcache bank util. 0.118 0.162 0.174 0.120 0.239 0.167 0.226 0.165 
L2 bank util. 0.033 0.045 0.031 0.028 0.034 0.040 0.032 0.048 
L1-L2 bus util. = 0.202, L3 util. = 0.008
----------------------------------------
branch prediction, hits = 85331318, misses = 15268890, hit rate = 84.82%
return_stack prediction, hits = 15685816, misses = 1023, hit rate = 99.99%
jump prediction, hits = 109882902, misses = 12526729, hit rate = 89.77%

**** Debug Statistics at 501000000 Cycles *****
Threads: 4		Fetch Width: 8
No of useful instructions fetched:	1705634104 (42.56% proc util.)
No of total instructions fetched:	2417321682 (60.31% proc util.)
 includes 71591919 misfetch (3.0%), 640095659 (26.5%) wrong-path fetches
 and 0 flushed after failed lock(0.0%)
No of useful instructions issued/executed:	1705634062 (42.56% proc util.)
No of total instructions issued/executed:	2007070767 (50.08% proc util.)
 includes 301436705 wrong-path (15.0%) insts and 0 flushed (0.0%)
	fp 188, 0.00%
	synch 0, 0.00%
	integer 1404439672, 69.97%
	load/store 602630907, 30.03%
Avg size of int IQ (before scheduling): 26.64
Avg size of fp IQ (before scheduling): 0.00
No of cycles taken:		501000000
Parallelism [ 1.826, 0.000, 1.579, 0.000,] = 3.404
 IQ conflicts: 5540177 (1.11%), FQ conflicts: 0 (0.00%) 
 I reg conflicts: 105072332 (20.97%), FP reg conflicts: 0 (0.00%)
  Activelist confs: 1046 (0.00%), ROB confs: 131295 (0.03%)
  Int unit conflicts: 719352058 (143.58%), FP unit conflicts: 0 (0.00%)
  Load/store unit conflicts: 80113708 (15.99%)
  MSHR conflicts: 28631259 (5.71%)
----------------------------------------
==== System-wide Cache Statistics ====
Stall for miss queue full 0 cycles (0.00%)
----------------------------------------
==== Statistics for Master ID: 0 ====
Reads: 568930473   Writes: 72836183
ICACHE: size: 64 KB assoc: 2
ICACHE: hits:359844124 misses:210560  Hit Ratio: 99.94%
DCACHE: size: 32 KB assoc: 8
DCACHE: hits:274503487 misses:7208485 writebacks:7207677  Hit Ratio: 97.44%
SCACHE: size: 512 KB assoc: 2
SCACHE: hits:6924456 misses:494589  Hit Ratio: 93.33%
3CACHE: size: 4096 KB assoc: 2
3CACHE: hits:310718 misses:183871  Hit Ratio: 62.82%
3CACHE: dirty items replaced:40280
ITLB: size: 48, misses 82, miss rate 0.00%
DTLB: size: 128, misses 238061, miss rate 0.08%
Avg mem delay: 1.364 cycles
----------------------------------------
==== Statistics for Master ID: 2 ====
Reads: 580391823   Writes: 67061808
ICACHE: size: 64 KB assoc: 2
ICACHE: hits:321717418 misses:4854455  Hit Ratio: 98.51%
DCACHE: size: 32 KB assoc: 8
DCACHE: hits:313797739 misses:7084019 writebacks:7083626  Hit Ratio: 97.79%
SCACHE: size: 512 KB assoc: 2
SCACHE: hits:11025035 misses:913439  Hit Ratio: 92.35%
3CACHE: size: 4096 KB assoc: 2
3CACHE: hits:694582 misses:218857  Hit Ratio: 76.04%
3CACHE: dirty items replaced:62944
ITLB: size: 48, misses 291, miss rate 0.00%
DTLB: size: 128, misses 1312546, miss rate 0.41%
Avg mem delay: 1.364 cycles
----------------------------------------
==== Global Resource Utilization ====
STASH: size: 65536 entries, full 3643130995, empty 123012511, misses 11454347, full rate 96.44
icache bank util. 0.159 0.144 0.133 0.154 0.207 0.220 0.191 0.193 
dcache bank util. 0.119 0.162 0.175 0.121 0.239 0.167 0.227 0.164 
L2 bank util. 0.032 0.045 0.031 0.028 0.034 0.040 0.032 0.048 
L1-L2 bus util. = 0.201, L3 util. = 0.008
----------------------------------------
branch prediction, hits = 106633628, misses = 19052616, hit rate = 84.84%
return_stack prediction, hits = 19835819, misses = 1247, hit rate = 99.99%
jump prediction, hits = 137807904, misses = 15685604, hit rate = 89.78%

**** Early Exiting at 588238687 Cycles *****
========================================
 SMTSIM Global Statistics
========================================
Threads: 4		Fetch Width: 8
No of useful instructions fetched:	2000000078 (42.50% proc util.)
No of total instructions fetched:	2839550678 (60.34% proc util.)
 includes 84600719 misfetch (3.0%), 754949881 (26.6%) wrong-path fetches
 and 0 flushed after failed lock(0.0%)
No of useful instructions issued/executed:	2000000032 (42.50% proc util.)
No of total instructions issued/executed:	2355551927 (50.06% proc util.)
 includes 355551895 wrong-path (15.1%) insts and 0 flushed (0.0%)
	fp 188, 0.00%
	synch 0, 0.00%
	integer 1648653418, 69.99%
	load/store 706898321, 30.01%
Avg size of int IQ (before scheduling): 26.55
Avg size of fp IQ (before scheduling): 0.00
No of cycles taken:		588238687
Parallelism [ 1.821, 0.000, 1.579, 0.000,] = 3.400
 IQ conflicts: 6409329 (1.09%), FQ conflicts: 0 (0.00%) 
 I reg conflicts: 123132412 (20.93%), FP reg conflicts: 0 (0.00%)
  Activelist confs: 1069 (0.00%), ROB confs: 131295 (0.02%)
  Int unit conflicts: 836561903 (142.21%), FP unit conflicts: 0 (0.00%)
  Load/store unit conflicts: 92970776 (15.80%)
  MSHR conflicts: 33183185 (5.64%)
----------------------------------------
==== System-wide Cache Statistics ====
Stall for miss queue full 0 cycles (0.00%)
----------------------------------------
==== Statistics for Master ID: 0 ====
Reads: 668523837   Writes: 85342510
ICACHE: size: 64 KB assoc: 2
ICACHE: hits:422945309 misses:244804  Hit Ratio: 99.94%
DCACHE: size: 32 KB assoc: 8
DCACHE: hits:322119300 misses:8556934 writebacks:8556126  Hit Ratio: 97.41%
SCACHE: size: 512 KB assoc: 2
SCACHE: hits:8227419 misses:574319  Hit Ratio: 93.47%
3CACHE: size: 4096 KB assoc: 2
3CACHE: hits:360336 misses:213983  Hit Ratio: 62.74%
3CACHE: dirty items replaced:48747
ITLB: size: 48, misses 82, miss rate 0.00%
DTLB: size: 128, misses 281332, miss rate 0.09%
Avg mem delay: 1.361 cycles
----------------------------------------
==== Statistics for Master ID: 2 ====
Reads: 682040174   Writes: 78098890
ICACHE: size: 64 KB assoc: 2
ICACHE: hits:378281937 misses:5678470  Hit Ratio: 98.52%
DCACHE: size: 32 KB assoc: 8
DCACHE: hits:367841299 misses:8337358 writebacks:8336965  Hit Ratio: 97.78%
SCACHE: size: 512 KB assoc: 2
SCACHE: hits:12961839 misses:1053989  Hit Ratio: 92.48%
3CACHE: size: 4096 KB assoc: 2
3CACHE: hits:803638 misses:250351  Hit Ratio: 76.25%
3CACHE: dirty items replaced:75366
ITLB: size: 48, misses 291, miss rate 0.00%
DTLB: size: 128, misses 1542487, miss rate 0.41%
Avg mem delay: 1.361 cycles
----------------------------------------
==== Global Resource Utilization ====
STASH: size: 65536 entries, full 4108240843, empty 143147286, misses 13302884, full rate 96.33
icache bank util. 0.159 0.144 0.133 0.154 0.207 0.221 0.191 0.193 
dcache bank util. 0.119 0.162 0.176 0.120 0.239 0.167 0.227 0.163 
L2 bank util. 0.033 0.045 0.031 0.028 0.035 0.040 0.032 0.048 
L1-L2 bus util. = 0.203, L3 util. = 0.008
----------------------------------------
branch prediction, hits = 124780563, misses = 22539526, hit rate = 84.70%
return_stack prediction, hits = 23392372, misses = 1398, hit rate = 99.99%
jump prediction, hits = 161475181, misses = 18586698, hit rate = 89.68%
total IPC 3.400

=== Results saved to: ./results/gzip-program_2_crafty_2.txt ===
