===== 执行信息 =====
Cache目录：ssmtc64-200-5%
执行命令：./smtsim ../gzip-program.arg2 ../gzip-source.arg ../smalltrans.arg
执行时间：2026-04-17 19:28:39
返回码：0
===== 输出内容 =====
动态重分配参数：每200万周期检查，阈值5
Process 0, Thread 0: gzip-program
Process 0, Thread 1: gzip-program
Process 2, Thread 2: gzip-source
Process 3, Thread 3: smalltrans
[切片调度] 新安全域0无任何切片，尝试分配空闲切片
[切片管理] 成功绑定切片0 → 安全域0

======================== 切片硬件状态 ========================
切片号 | 所属安全域 | 当前状态    | 路扩展 | LRU touched
------------------------------------------------------------------
  0    |   域0      | 正常运行   |  否   |  0
  1    |   域-1     | 切片空闲   |  否   |  0
  2    |   域-1     | 切片空闲   |  否   |  0
  3    |   域-1     | 切片空闲   |  否   |  0
==================================================================

[切片管理] 成功绑定切片1 → 安全域0，触发【路扩展模式】

======================== 切片硬件状态 ========================
切片号 | 所属安全域 | 当前状态    | 路扩展 | LRU touched
------------------------------------------------------------------
  0    |   域0      | 正常运行   |  是   |  0
  1    |   域0      | 正常运行   |  是   |  0
  2    |   域-1     | 切片空闲   |  否   |  0
  3    |   域-1     | 切片空闲   |  否   |  0
==================================================================

[切片调度] 新安全域2无任何切片，尝试分配空闲切片
[切片管理] 成功绑定切片2 → 安全域2

======================== 切片硬件状态 ========================
切片号 | 所属安全域 | 当前状态    | 路扩展 | LRU touched
------------------------------------------------------------------
  0    |   域0      | 正常运行   |  是   |  638
  1    |   域0      | 正常运行   |  是   |  0
  2    |   域2      | 正常运行   |  否   |  0
  3    |   域-1     | 切片空闲   |  否   |  0
==================================================================

[切片管理] 成功绑定切片3 → 安全域2，触发【路扩展模式】

======================== 切片硬件状态 ========================
切片号 | 所属安全域 | 当前状态    | 路扩展 | LRU touched
------------------------------------------------------------------
  0    |   域0      | 正常运行   |  是   |  638
  1    |   域0      | 正常运行   |  是   |  0
  2    |   域2      | 正常运行   |  是   |  0
  3    |   域2      | 正常运行   |  是   |  0
==================================================================

[切片调度] 新安全域3无任何切片，尝试分配空闲切片
[切片调度] 新安全域3未找到空闲切片，尝试剥夺切片
[切片替换] 优先从【路扩展切片】中选择LRU替换目标...
[切片替换] 找到路扩展切片作为受害者：切片1（最后访问：0）
[切片调度] 安全域3触发切片剥夺：从域0剥夺切片1
[切片剥夺] 周期640：切片1（所属域0）进入待剥夺状态，禁止新替换
[切片剥夺] 周期640：切片1在途请求已清空，开始执行脏行写回
[切片剥夺] 周期640：切片1无脏行，直接完成剥夺
[切片管理] 周期640：原域0仅剩1个切片，关闭路扩展模式
[动态重分配] 周期640：切片1写回完成，自动绑定到域3
[切片管理] 成功绑定切片1 → 安全域3

======================== 切片硬件状态 ========================
切片号 | 所属安全域 | 当前状态    | 路扩展 | LRU touched
------------------------------------------------------------------
  0    |   域0      | 正常运行   |  否   |  640
  1    |   域3      | 正常运行   |  否   |  640
  2    |   域2      | 正常运行   |  是   |  640
  3    |   域2      | 正常运行   |  是   |  0
==================================================================

[切片唤醒] 周期640：域3切片就绪，唤醒等待指令

**** Debug Statistics at 1000000 Cycles *****
Threads: 4		Fetch Width: 8
No of useful instructions fetched:	465051 (5.81% proc util.)
No of total instructions fetched:	479196 (5.99% proc util.)
 includes 2367 misfetch (0.5%), 11778 (2.5%) wrong-path fetches
 and 0 flushed after failed lock(0.0%)
No of useful instructions issued/executed:	464994 (5.81% proc util.)
No of total instructions issued/executed:	468194 (5.85% proc util.)
 includes 3200 wrong-path (0.7%) insts and 0 flushed (0.0%)
	fp 35, 0.01%
	synch 0, 0.00%
	integer 257729, 55.05%
	load/store 210430, 44.95%
Avg size of int IQ (before scheduling): 42.63
Avg size of fp IQ (before scheduling): 0.00
No of cycles taken:		1000000
Parallelism [ 0.087, 0.000, 0.087, 0.291,] = 0.465
 IQ conflicts: 1036 (0.10%), FQ conflicts: 0 (0.00%) 
 I reg conflicts: 924828 (92.48%), FP reg conflicts: 0 (0.00%)
  Activelist confs: 0 (0.00%), ROB confs: 0 (0.00%)
  Int unit conflicts: 6460 (0.65%), FP unit conflicts: 0 (0.00%)
  Load/store unit conflicts: 61175 (6.12%)
  MSHR conflicts: 5257340 (525.73%)
----------------------------------------
==== System-wide Cache Statistics ====
Stall for miss queue full 0 cycles (0.00%)
----------------------------------------
==== Statistics for Master ID: 0 ====
Reads: 58726   Writes: 14361
ICACHE: size: 64 KB assoc: 2
ICACHE: hits:30920 misses:204  Hit Ratio: 99.34%
DCACHE: size: 1*16 KB assoc: 1*4
DCACHE: hits:28355 misses:13608 writebacks:13455  Hit Ratio: 67.57%
SCACHE: size: 512 KB assoc: 2
SCACHE: hits:8 misses:13804  Hit Ratio: 0.06%
3CACHE: size: 4096 KB assoc: 2
3CACHE: hits:0 misses:13801  Hit Ratio: 0.00%
3CACHE: dirty items replaced:0
ITLB: size: 48, misses 18, miss rate 0.06%
DTLB: size: 128, misses 3384, miss rate 8.06%
Avg mem delay: 81.002 cycles
----------------------------------------
==== Statistics for Master ID: 2 ====
Reads: 57805   Writes: 14236
ICACHE: size: 64 KB assoc: 2
ICACHE: hits:30294 misses:197  Hit Ratio: 99.35%
DCACHE: size: 2*16 KB assoc: 2*4
DCACHE: hits:28032 misses:13518 writebacks:13348  Hit Ratio: 67.47%
SCACHE: size: 512 KB assoc: 2
SCACHE: hits:7 misses:13707  Hit Ratio: 0.05%
3CACHE: size: 4096 KB assoc: 2
3CACHE: hits:0 misses:13707  Hit Ratio: 0.00%
3CACHE: dirty items replaced:0
ITLB: size: 48, misses 18, miss rate 0.06%
DTLB: size: 128, misses 3362, miss rate 8.09%
Avg mem delay: 81.002 cycles
----------------------------------------
==== Statistics for Master ID: 3 ====
Reads: 132006   Writes: 66628
ICACHE: size: 64 KB assoc: 2
ICACHE: hits:71711 misses:10  Hit Ratio: 99.99%
DCACHE: size: 1*16 KB assoc: 1*4
DCACHE: hits:122997 misses:3915 writebacks:3617  Hit Ratio: 96.92%
SCACHE: size: 512 KB assoc: 2
SCACHE: hits:3276 misses:649  Hit Ratio: 83.46%
3CACHE: size: 4096 KB assoc: 2
3CACHE: hits:87 misses:562  Hit Ratio: 13.41%
3CACHE: dirty items replaced:0
ITLB: size: 48, misses 1, miss rate 0.00%
DTLB: size: 128, misses 64, miss rate 0.05%
Avg mem delay: 81.002 cycles
----------------------------------------
==== Global Resource Utilization ====
STASH: size: 65536 entries, full 489469, empty 4360, misses 382, full rate 99.04
icache bank util. 0.018 0.001 0.001 0.001 0.001 0.009 0.046 0.059 
dcache bank util. 0.019 0.019 0.046 0.019 0.019 0.019 0.234 0.019 
L2 bank util. 0.005 0.005 0.005 0.005 0.005 0.005 0.328 0.005 
L1-L2 bus util. = 0.186, L3 util. = 0.281
----------------------------------------

======================== 切片硬件状态 ========================
切片号 | 所属安全域 | 当前状态    | 路扩展 | LRU touched
------------------------------------------------------------------
  0    |   域0      | 正常运行   |  否   |  999999
  1    |   域3      | 正常运行   |  否   |  999999
  2    |   域2      | 正常运行   |  是   |  999999
  3    |   域2      | 正常运行   |  是   |  999865
==================================================================

branch prediction, hits = 44494, misses = 1017, hit rate = 97.77%
return_stack prediction, hits = 158, misses = 18, hit rate = 89.77%
jump prediction, hits = 44983, misses = 578, hit rate = 98.73%

**** Debug Statistics at 101000000 Cycles *****
Threads: 4		Fetch Width: 8
No of useful instructions fetched:	78610134 (9.73% proc util.)
No of total instructions fetched:	79539520 (9.84% proc util.)
 includes 3840 misfetch (0.0%), 925546 (1.2%) wrong-path fetches
 and 0 flushed after failed lock(0.0%)
No of useful instructions issued/executed:	78610114 (9.73% proc util.)
No of total instructions issued/executed:	78824734 (9.76% proc util.)
 includes 214620 wrong-path (0.3%) insts and 0 flushed (0.0%)
	fp 63, 0.00%
	synch 0, 0.00%
	integer 48554768, 61.60%
	load/store 30269903, 38.40%
Avg size of int IQ (before scheduling): 17.43
Avg size of fp IQ (before scheduling): 0.00
No of cycles taken:		101000000
Parallelism [ 0.205, 0.000, 0.234, 0.339,] = 0.778
 IQ conflicts: 1063 (0.00%), FQ conflicts: 0 (0.00%) 
 I reg conflicts: 89557829 (88.67%), FP reg conflicts: 0 (0.00%)
  Activelist confs: 0 (0.00%), ROB confs: 0 (0.00%)
  Int unit conflicts: 7559512 (7.48%), FP unit conflicts: 0 (0.00%)
  Load/store unit conflicts: 1948068 (1.93%)
  MSHR conflicts: 148392860 (146.92%)
----------------------------------------
==== System-wide Cache Statistics ====
Stall for miss queue full 0 cycles (0.00%)
----------------------------------------
==== Statistics for Master ID: 0 ====
Reads: 8552568   Writes: 2792648
ICACHE: size: 64 KB assoc: 2
ICACHE: hits:5574916 misses:318  Hit Ratio: 99.99%
DCACHE: size: 1*16 KB assoc: 1*4
DCACHE: hits:4933712 misses:836270 writebacks:510196  Hit Ratio: 85.51%
SCACHE: size: 512 KB assoc: 2
SCACHE: hits:51 misses:836537  Hit Ratio: 0.01%
3CACHE: size: 4096 KB assoc: 2
3CACHE: hits:0 misses:836536  Hit Ratio: 0.00%
3CACHE: dirty items replaced:0
ITLB: size: 48, misses 19, miss rate 0.00%
DTLB: size: 128, misses 56332, miss rate 0.98%
Avg mem delay: 18.251 cycles
----------------------------------------
==== Statistics for Master ID: 2 ====
Reads: 10770176   Writes: 3936984
ICACHE: size: 64 KB assoc: 2
ICACHE: hits:6648261 misses:309  Hit Ratio: 100.00%
DCACHE: size: 2*16 KB assoc: 2*4
DCACHE: hits:6936237 misses:1122353 writebacks:653110  Hit Ratio: 86.07%
SCACHE: size: 512 KB assoc: 2
SCACHE: hits:48 misses:1122614  Hit Ratio: 0.00%
3CACHE: size: 4096 KB assoc: 2
3CACHE: hits:0 misses:1122614  Hit Ratio: 0.00%
3CACHE: dirty items replaced:0
ITLB: size: 48, misses 19, miss rate 0.00%
DTLB: size: 128, misses 60801, miss rate 0.75%
Avg mem delay: 18.251 cycles
----------------------------------------
==== Statistics for Master ID: 3 ====
Reads: 18817916   Writes: 8176150
ICACHE: size: 64 KB assoc: 2
ICACHE: hits:10552723 misses:16  Hit Ratio: 100.00%
DCACHE: size: 1*16 KB assoc: 1*4
DCACHE: hits:15954378 misses:486948 writebacks:481201  Hit Ratio: 97.04%
SCACHE: size: 512 KB assoc: 2
SCACHE: hits:469732 misses:17232  Hit Ratio: 96.46%
3CACHE: size: 4096 KB assoc: 2
3CACHE: hits:10634 misses:6598  Hit Ratio: 61.71%
3CACHE: dirty items replaced:0
ITLB: size: 48, misses 1, miss rate 0.00%
DTLB: size: 128, misses 686, miss rate 0.00%
Avg mem delay: 18.251 cycles
----------------------------------------
==== Global Resource Utilization ====
STASH: size: 65536 entries, full 81015317, empty 5356, misses 463, full rate 99.99
icache bank util. 0.009 0.000 0.000 0.000 0.000 0.081 0.062 0.073 
dcache bank util. 0.049 0.049 0.052 0.048 0.048 0.049 0.058 0.068 
L2 bank util. 0.026 0.026 0.025 0.025 0.026 0.026 0.040 0.055 
L1-L2 bus util. = 0.122, L3 util. = 0.195
----------------------------------------

======================== 切片硬件状态 ========================
切片号 | 所属安全域 | 当前状态    | 路扩展 | LRU touched
------------------------------------------------------------------
  0    |   域0      | 正常运行   |  否   |  100999991
  1    |   域3      | 正常运行   |  否   |  100999999
  2    |   域2      | 正常运行   |  是   |  100999998
  3    |   域2      | 正常运行   |  是   |  100999861
==================================================================

branch prediction, hits = 10650613, misses = 100465, hit rate = 99.07%
return_stack prediction, hits = 452, misses = 20, hit rate = 95.76%
jump prediction, hits = 10750236, misses = 962, hit rate = 99.99%

======================== 切片硬件状态 ========================
切片号 | 所属安全域 | 当前状态    | 路扩展 | LRU touched
------------------------------------------------------------------
  0    |   域0      | 正常运行   |  否   |  187999952
  1    |   域3      | 正常运行   |  否   |  187999987
  2    |   域2      | 正常运行   |  是   |  187999999
  3    |   域2      | 正常运行   |  是   |  187999996
==================================================================

[动态重分配] 周期188000000：预约迁移 冗余域2(1%) -> 切片2 -> 饥饿域0(12%)
[切片剥夺] 周期188000000：切片2（所属域2）进入待剥夺状态，禁止新替换
[切片剥夺] 周期188000000：切片2在途请求已清空，开始执行脏行写回
[切片管理] 周期188001164：原域2仅剩1个切片，关闭路扩展模式
[动态重分配] 周期188001164：切片2写回完成，自动绑定到域0
[切片管理] 成功绑定切片2 → 安全域0，触发【路扩展模式】

======================== 切片硬件状态 ========================
切片号 | 所属安全域 | 当前状态    | 路扩展 | LRU touched
------------------------------------------------------------------
  0    |   域0      | 正常运行   |  是   |  188001164
  1    |   域3      | 正常运行   |  否   |  188001164
  2    |   域0      | 正常运行   |  是   |  188001164
  3    |   域2      | 正常运行   |  否   |  188001163
==================================================================


**** Debug Statistics at 201000000 Cycles *****
Threads: 4		Fetch Width: 8
No of useful instructions fetched:	181317360 (11.28% proc util.)
No of total instructions fetched:	184872755 (11.50% proc util.)
 includes 4647 misfetch (0.0%), 3550748 (1.9%) wrong-path fetches
 and 0 flushed after failed lock(0.0%)
No of useful instructions issued/executed:	181317337 (11.28% proc util.)
No of total instructions issued/executed:	182388112 (11.34% proc util.)
 includes 1070775 wrong-path (0.6%) insts and 0 flushed (0.0%)
	fp 63, 0.00%
	synch 0, 0.00%
	integer 112753682, 61.82%
	load/store 69634367, 38.18%
Avg size of int IQ (before scheduling): 15.88
Avg size of fp IQ (before scheduling): 0.00
No of cycles taken:		201000000
Parallelism [ 0.231, 0.000, 0.281, 0.390,] = 0.902
 IQ conflicts: 3222 (0.00%), FQ conflicts: 0 (0.00%) 
 I reg conflicts: 174622823 (86.88%), FP reg conflicts: 0 (0.00%)
  Activelist confs: 0 (0.00%), ROB confs: 0 (0.00%)
  Int unit conflicts: 18285046 (9.10%), FP unit conflicts: 0 (0.00%)
  Load/store unit conflicts: 4177855 (2.08%)
  MSHR conflicts: 271689068 (135.17%)
----------------------------------------
==== System-wide Cache Statistics ====
Stall for miss queue full 74 cycles (0.00%)
----------------------------------------
==== Statistics for Master ID: 0 ====
Reads: 19684618   Writes: 7068346
ICACHE: size: 64 KB assoc: 2
ICACHE: hits:12431075 misses:371  Hit Ratio: 100.00%
DCACHE: size: 2*16 KB assoc: 2*4
DCACHE: hits:12416298 misses:1905220 writebacks:1044541  Hit Ratio: 86.70%
SCACHE: size: 512 KB assoc: 2
SCACHE: hits:51 misses:1905539  Hit Ratio: 0.00%
3CACHE: size: 4096 KB assoc: 2
3CACHE: hits:0 misses:1905539  Hit Ratio: 0.00%
3CACHE: dirty items replaced:2700
ITLB: size: 48, misses 19, miss rate 0.00%
DTLB: size: 128, misses 73055, miss rate 0.51%
Avg mem delay: 12.895 cycles
----------------------------------------
==== Statistics for Master ID: 2 ====
Reads: 25085884   Writes: 7683405
ICACHE: size: 64 KB assoc: 2
ICACHE: hits:15121395 misses:500  Hit Ratio: 100.00%
DCACHE: size: 1*16 KB assoc: 1*4
DCACHE: hits:15601782 misses:2045725 writebacks:1075141  Hit Ratio: 88.41%
SCACHE: size: 512 KB assoc: 2
SCACHE: hits:94529 misses:1951583  Hit Ratio: 4.62%
3CACHE: size: 4096 KB assoc: 2
3CACHE: hits:25043 misses:1926540  Hit Ratio: 1.28%
3CACHE: dirty items replaced:63
ITLB: size: 48, misses 25, miss rate 0.00%
DTLB: size: 128, misses 88164, miss rate 0.50%
Avg mem delay: 12.895 cycles
----------------------------------------
==== Statistics for Master ID: 3 ====
Reads: 44043211   Writes: 18717152
ICACHE: size: 64 KB assoc: 2
ICACHE: hits:25094895 misses:17  Hit Ratio: 100.00%
DCACHE: size: 1*16 KB assoc: 1*4
DCACHE: hits:36550336 misses:1115114 writebacks:1101908  Hit Ratio: 97.04%
SCACHE: size: 512 KB assoc: 2
SCACHE: hits:1081728 misses:33403  Hit Ratio: 97.00%
3CACHE: size: 4096 KB assoc: 2
3CACHE: hits:22410 misses:10993  Hit Ratio: 67.09%
3CACHE: dirty items replaced:0
ITLB: size: 48, misses 1, miss rate 0.00%
DTLB: size: 128, misses 822, miss rate 0.00%
Avg mem delay: 12.895 cycles
----------------------------------------
==== Global Resource Utilization ====
STASH: size: 65536 entries, full 188230948, empty 7638, misses 632, full rate 100.00
icache bank util. 0.008 0.002 0.002 0.002 0.003 0.100 0.069 0.076 
dcache bank util. 0.056 0.058 0.059 0.056 0.056 0.056 0.063 0.066 
L2 bank util. 0.029 0.029 0.029 0.029 0.029 0.029 0.036 0.043 
L1-L2 bus util. = 0.124, L3 util. = 0.191
----------------------------------------

======================== 切片硬件状态 ========================
切片号 | 所属安全域 | 当前状态    | 路扩展 | LRU touched
------------------------------------------------------------------
  0    |   域0      | 正常运行   |  是   |  200999996
  1    |   域3      | 正常运行   |  否   |  200999999
  2    |   域0      | 正常运行   |  是   |  200999999
  3    |   域2      | 正常运行   |  否   |  200999998
==================================================================

branch prediction, hits = 24245810, misses = 339757, hit rate = 98.62%
return_stack prediction, hits = 55262, misses = 20, hit rate = 99.96%
jump prediction, hits = 24664515, misses = 1214, hit rate = 100.00%

**** Debug Statistics at 301000000 Cycles *****
Threads: 4		Fetch Width: 8
No of useful instructions fetched:	675455211 (28.05% proc util.)
No of total instructions fetched:	751190769 (31.20% proc util.)
 includes 56201 misfetch (0.0%), 75679357 (10.1%) wrong-path fetches
 and 0 flushed after failed lock(0.0%)
No of useful instructions issued/executed:	675455174 (28.05% proc util.)
No of total instructions issued/executed:	701404750 (29.13% proc util.)
 includes 25949576 wrong-path (3.7%) insts and 0 flushed (0.0%)
	fp 63, 0.00%
	synch 0, 0.00%
	integer 452053325, 64.45%
	load/store 249351362, 35.55%
Avg size of int IQ (before scheduling): 22.78
Avg size of fp IQ (before scheduling): 0.00
No of cycles taken:		301000000
Parallelism [ 0.628, 0.000, 0.692, 0.924,] = 2.244
 IQ conflicts: 1606326 (0.53%), FQ conflicts: 0 (0.00%) 
 I reg conflicts: 189728669 (63.03%), FP reg conflicts: 0 (0.00%)
  Activelist confs: 0 (0.00%), ROB confs: 362 (0.00%)
  Int unit conflicts: 475143026 (157.85%), FP unit conflicts: 0 (0.00%)
  Load/store unit conflicts: 32858391 (10.92%)
  MSHR conflicts: 280927792 (93.33%)
----------------------------------------
==== System-wide Cache Statistics ====
Stall for miss queue full 74 cycles (0.00%)
----------------------------------------
==== Statistics for Master ID: 0 ====
Reads: 97651976   Writes: 17825286
ICACHE: size: 64 KB assoc: 2
ICACHE: hits:60652459 misses:33817  Hit Ratio: 99.94%
DCACHE: size: 2*16 KB assoc: 2*4
DCACHE: hits:51879851 misses:2911135 writebacks:1457984  Hit Ratio: 94.69%
SCACHE: size: 512 KB assoc: 2
SCACHE: hits:769525 misses:2175427  Hit Ratio: 26.13%
3CACHE: size: 4096 KB assoc: 2
3CACHE: hits:46090 misses:2129337  Hit Ratio: 2.12%
3CACHE: dirty items replaced:10147
ITLB: size: 48, misses 25, miss rate 0.00%
DTLB: size: 128, misses 92820, miss rate 0.17%
Avg mem delay: 4.697 cycles
----------------------------------------
==== Statistics for Master ID: 2 ====
Reads: 104983896   Writes: 19425468
ICACHE: size: 64 KB assoc: 2
ICACHE: hits:63927888 misses:35219  Hit Ratio: 99.94%
DCACHE: size: 1*16 KB assoc: 1*4
DCACHE: hits:57204652 misses:3241718 writebacks:1569486  Hit Ratio: 94.64%
SCACHE: size: 512 KB assoc: 2
SCACHE: hits:1231670 misses:2045154  Hit Ratio: 37.59%
3CACHE: size: 4096 KB assoc: 2
3CACHE: hits:83619 misses:1961535  Hit Ratio: 4.09%
3CACHE: dirty items replaced:3560
ITLB: size: 48, misses 25, miss rate 0.00%
DTLB: size: 128, misses 91913, miss rate 0.15%
Avg mem delay: 4.697 cycles
----------------------------------------
==== Statistics for Master ID: 3 ====
Reads: 160075723   Writes: 66466311
ICACHE: size: 64 KB assoc: 2
ICACHE: hits:92427903 misses:24  Hit Ratio: 100.00%
DCACHE: size: 1*16 KB assoc: 1*4
DCACHE: hits:130142796 misses:3971310 writebacks:3917805  Hit Ratio: 97.04%
SCACHE: size: 512 KB assoc: 2
SCACHE: hits:3933083 misses:38251  Hit Ratio: 99.04%
3CACHE: size: 4096 KB assoc: 2
3CACHE: hits:26405 misses:11846  Hit Ratio: 69.03%
3CACHE: dirty items replaced:2
ITLB: size: 48, misses 1, miss rate 0.00%
DTLB: size: 128, misses 952, miss rate 0.00%
Avg mem delay: 4.697 cycles
----------------------------------------
==== Global Resource Utilization ====
STASH: size: 65536 entries, full 799990825, empty 13303, misses 1022, full rate 100.00
icache bank util. 0.040 0.026 0.022 0.033 0.053 0.136 0.205 0.208 
dcache bank util. 0.109 0.123 0.129 0.117 0.144 0.106 0.150 0.121 
L2 bank util. 0.035 0.035 0.035 0.034 0.035 0.035 0.040 0.045 
L1-L2 bus util. = 0.171, L3 util. = 0.136
----------------------------------------

======================== 切片硬件状态 ========================
切片号 | 所属安全域 | 当前状态    | 路扩展 | LRU touched
------------------------------------------------------------------
  0    |   域0      | 正常运行   |  是   |  300999997
  1    |   域3      | 正常运行   |  否   |  300999999
  2    |   域0      | 正常运行   |  是   |  300999997
  3    |   域2      | 正常运行   |  否   |  300999998
==================================================================

branch prediction, hits = 65350430, misses = 3468020, hit rate = 94.96%
return_stack prediction, hits = 1981193, misses = 20, hit rate = 100.00%
jump prediction, hits = 73597623, misses = 32737, hit rate = 99.96%

**** Debug Statistics at 401000000 Cycles *****
Threads: 4		Fetch Width: 8
No of useful instructions fetched:	1208872442 (37.68% proc util.)
No of total instructions fetched:	1355722735 (42.26% proc util.)
 includes 111369 misfetch (0.0%), 146738924 (10.8%) wrong-path fetches
 and 0 flushed after failed lock(0.0%)
No of useful instructions issued/executed:	1208872405 (37.68% proc util.)
No of total instructions issued/executed:	1257172513 (39.19% proc util.)
 includes 48300108 wrong-path (3.8%) insts and 0 flushed (0.0%)
	fp 63, 0.00%
	synch 0, 0.00%
	integer 818033229, 65.07%
	load/store 439139221, 34.93%
Avg size of int IQ (before scheduling): 27.29
Avg size of fp IQ (before scheduling): 0.00
No of cycles taken:		401000000
Parallelism [ 0.879, 0.000, 0.919, 1.217,] = 3.015
 IQ conflicts: 4033238 (1.01%), FQ conflicts: 0 (0.00%) 
 I reg conflicts: 198898875 (49.60%), FP reg conflicts: 0 (0.00%)
  Activelist confs: 0 (0.00%), ROB confs: 362 (0.00%)
  Int unit conflicts: 1022220944 (254.92%), FP unit conflicts: 0 (0.00%)
  Load/store unit conflicts: 65249288 (16.27%)
  MSHR conflicts: 289424118 (72.18%)
----------------------------------------
==== System-wide Cache Statistics ====
Stall for miss queue full 74 cycles (0.00%)
----------------------------------------
==== Statistics for Master ID: 0 ====
Reads: 183688273   Writes: 29944208
ICACHE: size: 64 KB assoc: 2
ICACHE: hits:113514554 misses:54004  Hit Ratio: 99.95%
DCACHE: size: 2*16 KB assoc: 2*4
DCACHE: hits:96401364 misses:3662559 writebacks:1811003  Hit Ratio: 96.34%
SCACHE: size: 512 KB assoc: 2
SCACHE: hits:1462420 misses:2254143  Hit Ratio: 39.35%
3CACHE: size: 4096 KB assoc: 2
3CACHE: hits:96210 misses:2157933  Hit Ratio: 4.27%
3CACHE: dirty items replaced:12608
ITLB: size: 48, misses 25, miss rate 0.00%
DTLB: size: 128, misses 95660, miss rate 0.10%
Avg mem delay: 3.422 cycles
----------------------------------------
==== Statistics for Master ID: 2 ====
Reads: 186805654   Writes: 31181424
ICACHE: size: 64 KB assoc: 2
ICACHE: hits:114398211 misses:53904  Hit Ratio: 99.95%
DCACHE: size: 1*16 KB assoc: 1*4
DCACHE: hits:99246503 misses:4288573 writebacks:2020190  Hit Ratio: 95.86%
SCACHE: size: 512 KB assoc: 2
SCACHE: hits:2212265 misses:2130099  Hit Ratio: 50.95%
3CACHE: size: 4096 KB assoc: 2
3CACHE: hits:134764 misses:1995335  Hit Ratio: 6.33%
3CACHE: dirty items replaced:7085
ITLB: size: 48, misses 25, miss rate 0.00%
DTLB: size: 128, misses 94966, miss rate 0.09%
Avg mem delay: 3.422 cycles
----------------------------------------
==== Statistics for Master ID: 3 ====
Reads: 282501653   Writes: 116674365
ICACHE: size: 64 KB assoc: 2
ICACHE: hits:163635665 misses:32  Hit Ratio: 100.00%
DCACHE: size: 1*16 KB assoc: 1*4
DCACHE: hits:228565847 misses:6974473 writebacks:6878603  Hit Ratio: 97.04%
SCACHE: size: 512 KB assoc: 2
SCACHE: hits:6933582 misses:40923  Hit Ratio: 99.41%
3CACHE: size: 4096 KB assoc: 2
3CACHE: hits:28992 misses:11931  Hit Ratio: 70.85%
3CACHE: dirty items replaced:3
ITLB: size: 48, misses 1, miss rate 0.00%
DTLB: size: 128, misses 978, miss rate 0.00%
Avg mem delay: 3.422 cycles
----------------------------------------
==== Global Resource Utilization ====
STASH: size: 65536 entries, full 1450490556, empty 13331, misses 1024, full rate 100.00
icache bank util. 0.059 0.040 0.034 0.051 0.078 0.153 0.279 0.282 
dcache bank util. 0.138 0.157 0.169 0.149 0.195 0.133 0.195 0.151 
L2 bank util. 0.037 0.038 0.038 0.037 0.037 0.037 0.042 0.046 
L1-L2 bus util. = 0.193, L3 util. = 0.104
----------------------------------------

======================== 切片硬件状态 ========================
切片号 | 所属安全域 | 当前状态    | 路扩展 | LRU touched
------------------------------------------------------------------
  0    |   域0      | 正常运行   |  是   |  400999995
  1    |   域3      | 正常运行   |  否   |  400999999
  2    |   域0      | 正常运行   |  是   |  400999996
  3    |   域2      | 正常运行   |  否   |  400999994
==================================================================

branch prediction, hits = 109085560, misses = 6469737, hit rate = 94.40%
return_stack prediction, hits = 3941166, misses = 20, hit rate = 100.00%
jump prediction, hits = 125055509, misses = 65919, hit rate = 99.95%

**** Debug Statistics at 501000000 Cycles *****
Threads: 4		Fetch Width: 8
No of useful instructions fetched:	1738271695 (43.37% proc util.)
No of total instructions fetched:	1958918377 (48.88% proc util.)
 includes 184973 misfetch (0.0%), 220461709 (11.3%) wrong-path fetches
 and 0 flushed after failed lock(0.0%)
No of useful instructions issued/executed:	1738271633 (43.37% proc util.)
No of total instructions issued/executed:	1810899391 (45.18% proc util.)
 includes 72627758 wrong-path (4.0%) insts and 0 flushed (0.0%)
	fp 63, 0.00%
	synch 0, 0.00%
	integer 1181800843, 65.26%
	load/store 629098485, 34.74%
Avg size of int IQ (before scheduling): 29.78
Avg size of fp IQ (before scheduling): 0.00
No of cycles taken:		501000000
Parallelism [ 1.022, 0.000, 1.054, 1.393,] = 3.470
 IQ conflicts: 6218985 (1.24%), FQ conflicts: 0 (0.00%) 
 I reg conflicts: 208295773 (41.58%), FP reg conflicts: 0 (0.00%)
  Activelist confs: 0 (0.00%), ROB confs: 362 (0.00%)
  Int unit conflicts: 1552497636 (309.88%), FP unit conflicts: 0 (0.00%)
  Load/store unit conflicts: 97486427 (19.46%)
  MSHR conflicts: 297196069 (59.32%)
----------------------------------------
==== System-wide Cache Statistics ====
Stall for miss queue full 74 cycles (0.00%)
----------------------------------------
==== Statistics for Master ID: 0 ====
Reads: 269712912   Writes: 42111343
ICACHE: size: 64 KB assoc: 2
ICACHE: hits:166448815 misses:75796  Hit Ratio: 99.95%
DCACHE: size: 2*16 KB assoc: 2*4
DCACHE: hits:140744837 misses:4554807 writebacks:2219665  Hit Ratio: 96.87%
SCACHE: size: 512 KB assoc: 2
SCACHE: hits:2297842 misses:2332760  Hit Ratio: 49.62%
3CACHE: size: 4096 KB assoc: 2
3CACHE: hits:147548 misses:2185212  Hit Ratio: 6.33%
3CACHE: dirty items replaced:16279
ITLB: size: 48, misses 25, miss rate 0.00%
DTLB: size: 128, misses 98425, miss rate 0.07%
Avg mem delay: 2.938 cycles
----------------------------------------
==== Statistics for Master ID: 2 ====
Reads: 268794764   Writes: 43041938
ICACHE: size: 64 KB assoc: 2
ICACHE: hits:164866217 misses:70002  Hit Ratio: 99.96%
DCACHE: size: 1*16 KB assoc: 1*4
DCACHE: hits:141566191 misses:5334405 writebacks:2456381  Hit Ratio: 96.37%
SCACHE: size: 512 KB assoc: 2
SCACHE: hits:3187818 misses:2216476  Hit Ratio: 58.99%
3CACHE: size: 4096 KB assoc: 2
3CACHE: hits:187623 misses:2028853  Hit Ratio: 8.46%
3CACHE: dirty items replaced:9679
ITLB: size: 48, misses 25, miss rate 0.00%
DTLB: size: 128, misses 98093, miss rate 0.07%
Avg mem delay: 2.938 cycles
----------------------------------------
==== Statistics for Master ID: 3 ====
Reads: 404770983   Writes: 166850453
ICACHE: size: 64 KB assoc: 2
ICACHE: hits:234723051 misses:43  Hit Ratio: 100.00%
DCACHE: size: 1*16 KB assoc: 1*4
DCACHE: hits:326924454 misses:9973887 writebacks:9837037  Hit Ratio: 97.04%
SCACHE: size: 512 KB assoc: 2
SCACHE: hits:9930155 misses:43774  Hit Ratio: 99.56%
3CACHE: size: 4096 KB assoc: 2
3CACHE: hits:31791 misses:11983  Hit Ratio: 72.63%
3CACHE: dirty items replaced:5
ITLB: size: 48, misses 1, miss rate 0.00%
DTLB: size: 128, misses 1004, miss rate 0.00%
Avg mem delay: 2.938 cycles
----------------------------------------
==== Global Resource Utilization ====
STASH: size: 65536 entries, full 2100568639, empty 13357, misses 1026, full rate 100.00
icache bank util. 0.071 0.049 0.042 0.063 0.093 0.163 0.324 0.327 
dcache bank util. 0.156 0.178 0.193 0.169 0.226 0.149 0.222 0.169 
L2 bank util. 0.039 0.039 0.039 0.039 0.039 0.039 0.043 0.046 
L1-L2 bus util. = 0.207, L3 util. = 0.084
----------------------------------------

======================== 切片硬件状态 ========================
切片号 | 所属安全域 | 当前状态    | 路扩展 | LRU touched
------------------------------------------------------------------
  0    |   域0      | 正常运行   |  是   |  500999998
  1    |   域3      | 正常运行   |  否   |  500999999
  2    |   域0      | 正常运行   |  是   |  500999749
  3    |   域2      | 正常运行   |  否   |  500999993
==================================================================

branch prediction, hits = 152279975, misses = 9585571, hit rate = 94.08%
return_stack prediction, hits = 5922342, misses = 20, hit rate = 100.00%
jump prediction, hits = 176122805, misses = 110918, hit rate = 99.94%

**** Early Exiting at 550811242 Cycles *****
========================================
 SMTSIM Global Statistics
========================================
Threads: 4		Fetch Width: 8
No of useful instructions fetched:	2000000063 (45.39% proc util.)
No of total instructions fetched:	2259347389 (51.27% proc util.)
 includes 219610 misfetch (0.0%), 259127716 (11.5%) wrong-path fetches
 and 0 flushed after failed lock(0.0%)
No of useful instructions issued/executed:	2000000021 (45.39% proc util.)
No of total instructions issued/executed:	2085809640 (47.33% proc util.)
 includes 85809619 wrong-path (4.1%) insts and 0 flushed (0.0%)
	fp 63, 0.00%
	synch 0, 0.00%
	integer 1362398055, 65.32%
	load/store 723411522, 34.68%
Avg size of int IQ (before scheduling): 30.63
Avg size of fp IQ (before scheduling): 0.00
No of cycles taken:		550811242
Parallelism [ 1.071, 0.000, 1.102, 1.458,] = 3.631
 IQ conflicts: 7201399 (1.31%), FQ conflicts: 0 (0.00%) 
 I reg conflicts: 213010010 (38.67%), FP reg conflicts: 0 (0.00%)
  Activelist confs: 0 (0.00%), ROB confs: 362 (0.00%)
  Int unit conflicts: 1810086408 (328.62%), FP unit conflicts: 0 (0.00%)
  Load/store unit conflicts: 112971684 (20.51%)
  MSHR conflicts: 300935849 (54.64%)
----------------------------------------
==== System-wide Cache Statistics ====
Stall for miss queue full 74 cycles (0.00%)
----------------------------------------
==== Statistics for Master ID: 0 ====
Reads: 312471858   Writes: 47820064
ICACHE: size: 64 KB assoc: 2
ICACHE: hits:192819031 misses:90510  Hit Ratio: 99.95%
DCACHE: size: 2*16 KB assoc: 2*4
DCACHE: hits:162320509 misses:5061872 writebacks:2433768  Hit Ratio: 96.98%
SCACHE: size: 512 KB assoc: 2
SCACHE: hits:2782723 misses:2369659  Hit Ratio: 54.01%
3CACHE: size: 4096 KB assoc: 2
3CACHE: hits:170414 misses:2199245  Hit Ratio: 7.19%
3CACHE: dirty items replaced:17508
ITLB: size: 48, misses 25, miss rate 0.00%
DTLB: size: 128, misses 99757, miss rate 0.06%
Avg mem delay: 2.794 cycles
----------------------------------------
==== Statistics for Master ID: 2 ====
Reads: 309736622   Writes: 48930761
ICACHE: size: 64 KB assoc: 2
ICACHE: hits:190047488 misses:80941  Hit Ratio: 99.96%
DCACHE: size: 1*16 KB assoc: 1*4
DCACHE: hits:162660423 misses:5878644 writebacks:2681814  Hit Ratio: 96.51%
SCACHE: size: 512 KB assoc: 2
SCACHE: hits:3701002 misses:2258469  Hit Ratio: 62.10%
3CACHE: size: 4096 KB assoc: 2
3CACHE: hits:212126 misses:2046343  Hit Ratio: 9.39%
3CACHE: dirty items replaced:12547
ITLB: size: 48, misses 25, miss rate 0.00%
DTLB: size: 128, misses 99557, miss rate 0.06%
Avg mem delay: 2.794 cycles
----------------------------------------
==== Statistics for Master ID: 3 ====
Reads: 465801278   Writes: 191893925
ICACHE: size: 64 KB assoc: 2
ICACHE: hits:270204984 misses:48  Hit Ratio: 100.00%
DCACHE: size: 1*16 KB assoc: 1*4
DCACHE: hits:376018943 misses:11471227 writebacks:11313610  Hit Ratio: 97.04%
SCACHE: size: 512 KB assoc: 2
SCACHE: hits:11426131 misses:45144  Hit Ratio: 99.61%
3CACHE: size: 4096 KB assoc: 2
3CACHE: hits:33126 misses:12018  Hit Ratio: 73.38%
3CACHE: dirty items replaced:6
ITLB: size: 48, misses 1, miss rate 0.00%
DTLB: size: 128, misses 1020, miss rate 0.00%
Avg mem delay: 2.794 cycles
----------------------------------------
==== Global Resource Utilization ====
STASH: size: 65536 entries, full 2424899170, empty 13358, misses 1026, full rate 100.00
icache bank util. 0.075 0.051 0.045 0.067 0.099 0.167 0.340 0.343 
dcache bank util. 0.162 0.186 0.201 0.176 0.236 0.155 0.233 0.176 
L2 bank util. 0.040 0.040 0.040 0.039 0.040 0.040 0.043 0.046 
L1-L2 bus util. = 0.212, L3 util. = 0.077
----------------------------------------

======================== 切片硬件状态 ========================
切片号 | 所属安全域 | 当前状态    | 路扩展 | LRU touched
------------------------------------------------------------------
  0    |   域0      | 正常运行   |  是   |  550811232
  1    |   域3      | 正常运行   |  否   |  550811241
  2    |   域0      | 正常运行   |  是   |  550811241
  3    |   域2      | 正常运行   |  否   |  550811241
==================================================================

branch prediction, hits = 173815669, misses = 11219366, hit rate = 93.94%
return_stack prediction, hits = 6906575, misses = 20, hit rate = 100.00%
jump prediction, hits = 201641411, misses = 132670, hit rate = 99.93%
total IPC 3.631

=== Results saved to: ./results/gzip-program_2_gzip-source_1_smalltrans_1.txt ===
