===== 执行信息 =====
Cache目录：ssmtc64-200-5%
执行命令：./smtsim ../cacherand.arg2 ../gcc-expr.arg ../recurseq.arg
执行时间：2026-04-16 20:23:29
返回码：0
===== 输出内容 =====
动态重分配参数：每200万周期检查，阈值5
Process 0, Thread 0: cacherand
Process 0, Thread 1: cacherand
Process 2, Thread 2: gcc-expr
Process 3, Thread 3: recurseq
[切片调度] 新安全域0无任何切片，尝试分配空闲切片
[切片管理] 成功绑定切片0 → 安全域0

======================== 切片硬件状态 ========================
切片号 | 所属安全域 | 当前状态    | 路扩展 | LRU touched
------------------------------------------------------------------
  0    |   域0      | 正常运行   |  否   |  0
  1    |   域-1     | 切片空闲   |  否   |  0
  2    |   域-1     | 切片空闲   |  否   |  0
  3    |   域-1     | 切片空闲   |  否   |  0
==================================================================

[切片管理] 成功绑定切片1 → 安全域0，触发【路扩展模式】

======================== 切片硬件状态 ========================
切片号 | 所属安全域 | 当前状态    | 路扩展 | LRU touched
------------------------------------------------------------------
  0    |   域0      | 正常运行   |  是   |  0
  1    |   域0      | 正常运行   |  是   |  0
  2    |   域-1     | 切片空闲   |  否   |  0
  3    |   域-1     | 切片空闲   |  否   |  0
==================================================================

[切片调度] 新安全域2无任何切片，尝试分配空闲切片
[切片管理] 成功绑定切片2 → 安全域2

======================== 切片硬件状态 ========================
切片号 | 所属安全域 | 当前状态    | 路扩展 | LRU touched
------------------------------------------------------------------
  0    |   域0      | 正常运行   |  是   |  334
  1    |   域0      | 正常运行   |  是   |  0
  2    |   域2      | 正常运行   |  否   |  0
  3    |   域-1     | 切片空闲   |  否   |  0
==================================================================

[切片管理] 成功绑定切片3 → 安全域2，触发【路扩展模式】

======================== 切片硬件状态 ========================
切片号 | 所属安全域 | 当前状态    | 路扩展 | LRU touched
------------------------------------------------------------------
  0    |   域0      | 正常运行   |  是   |  334
  1    |   域0      | 正常运行   |  是   |  0
  2    |   域2      | 正常运行   |  是   |  0
  3    |   域2      | 正常运行   |  是   |  0
==================================================================

[切片调度] 新安全域3无任何切片，尝试分配空闲切片
[切片调度] 新安全域3未找到空闲切片，尝试剥夺切片
[切片替换] 优先从【路扩展切片】中选择LRU替换目标...
[切片替换] 找到路扩展切片作为受害者：切片1（最后访问：0）
[切片调度] 安全域3触发切片剥夺：从域0剥夺切片1
[切片剥夺] 周期510：切片1（所属域0）进入待剥夺状态，禁止新替换
[切片剥夺] 周期510：切片1在途请求已清空，开始执行脏行写回
[切片剥夺] 周期510：切片1无脏行，直接完成剥夺
[切片管理] 周期510：原域0仅剩1个切片，关闭路扩展模式
[动态重分配] 周期510：切片1写回完成，自动绑定到域3
[切片管理] 成功绑定切片1 → 安全域3

======================== 切片硬件状态 ========================
切片号 | 所属安全域 | 当前状态    | 路扩展 | LRU touched
------------------------------------------------------------------
  0    |   域0      | 正常运行   |  否   |  334
  1    |   域3      | 正常运行   |  否   |  510
  2    |   域2      | 正常运行   |  是   |  435
  3    |   域2      | 正常运行   |  是   |  0
==================================================================

[切片唤醒] 周期510：域3切片就绪，唤醒等待指令

**** Debug Statistics at 1000000 Cycles *****
Threads: 4		Fetch Width: 8
No of useful instructions fetched:	2398346 (29.98% proc util.)
No of total instructions fetched:	3104468 (38.81% proc util.)
 includes 17775 misfetch (0.6%), 688347 (22.2%) wrong-path fetches
 and 0 flushed after failed lock(0.0%)
No of useful instructions issued/executed:	2398281 (29.98% proc util.)
No of total instructions issued/executed:	2776179 (34.70% proc util.)
 includes 377898 wrong-path (13.6%) insts and 0 flushed (0.0%)
	fp 84, 0.00%
	synch 0, 0.00%
	integer 2176941, 78.42%
	load/store 599154, 21.58%
Avg size of int IQ (before scheduling): 16.37
Avg size of fp IQ (before scheduling): 0.00
No of cycles taken:		1000000
Parallelism [ 0.789, 0.000, 0.747, 0.863,] = 2.398
 IQ conflicts: 1082 (0.11%), FQ conflicts: 0 (0.00%) 
 I reg conflicts: 545882 (54.59%), FP reg conflicts: 0 (0.00%)
  Activelist confs: 0 (0.00%), ROB confs: 645 (0.06%)
  Int unit conflicts: 1229498 (122.95%), FP unit conflicts: 3 (0.00%)
  Load/store unit conflicts: 52272 (5.23%)
  MSHR conflicts: 8463 (0.85%)
----------------------------------------
==== System-wide Cache Statistics ====
Stall for miss queue full 0 cycles (0.00%)
----------------------------------------
==== Statistics for Master ID: 0 ====
Reads: 248385   Writes: 35
ICACHE: size: 64 KB assoc: 2
ICACHE: hits:219069 misses:32  Hit Ratio: 99.99%
DCACHE: size: 1*16 KB assoc: 1*4
DCACHE: hits:9799 misses:19520 writebacks:13  Hit Ratio: 33.42%
SCACHE: size: 512 KB assoc: 2
SCACHE: hits:18495 misses:1056  Hit Ratio: 94.60%
3CACHE: size: 4096 KB assoc: 2
3CACHE: hits:205 misses:851  Hit Ratio: 19.41%
3CACHE: dirty items replaced:0
ITLB: size: 48, misses 4, miss rate 0.00%
DTLB: size: 128, misses 22, miss rate 0.08%
Avg mem delay: 1.842 cycles
----------------------------------------
==== Statistics for Master ID: 2 ====
Reads: 450280   Writes: 114878
ICACHE: size: 64 KB assoc: 2
ICACHE: hits:283801 misses:1720  Hit Ratio: 99.40%
DCACHE: size: 2*16 KB assoc: 2*4
DCACHE: hits:276643 misses:2994 writebacks:1992  Hit Ratio: 98.93%
SCACHE: size: 512 KB assoc: 2
SCACHE: hits:285 misses:4429  Hit Ratio: 6.05%
3CACHE: size: 4096 KB assoc: 2
3CACHE: hits:136 misses:4293  Hit Ratio: 3.07%
3CACHE: dirty items replaced:1
ITLB: size: 48, misses 109, miss rate 0.04%
DTLB: size: 128, misses 163, miss rate 0.06%
Avg mem delay: 1.842 cycles
----------------------------------------
==== Statistics for Master ID: 3 ====
Reads: 429176   Writes: 201297
ICACHE: size: 64 KB assoc: 2
ICACHE: hits:340430 misses:32  Hit Ratio: 99.99%
DCACHE: size: 1*16 KB assoc: 1*4
DCACHE: hits:282087 misses:7923 writebacks:6345  Hit Ratio: 97.27%
SCACHE: size: 512 KB assoc: 2
SCACHE: hits:2885 misses:5070  Hit Ratio: 36.27%
3CACHE: size: 4096 KB assoc: 2
3CACHE: hits:541 misses:4529  Hit Ratio: 10.67%
3CACHE: dirty items replaced:0
ITLB: size: 48, misses 4, miss rate 0.00%
DTLB: size: 128, misses 100, miss rate 0.03%
Avg mem delay: 1.842 cycles
----------------------------------------
==== Global Resource Utilization ====
STASH: size: 65536 entries, full 3243750, empty 42460, misses 4047, full rate 98.59
icache bank util. 0.248 0.268 0.060 0.042 0.030 0.038 0.043 0.122 
dcache bank util. 0.070 0.079 0.067 0.148 0.066 0.072 0.115 0.099 
L2 bank util. 0.029 0.029 0.028 0.029 0.028 0.028 0.028 0.029 
L1-L2 bus util. = 0.122, L3 util. = 0.097
----------------------------------------

======================== 切片硬件状态 ========================
切片号 | 所属安全域 | 当前状态    | 路扩展 | LRU touched
------------------------------------------------------------------
  0    |   域0      | 正常运行   |  否   |  999998
  1    |   域3      | 正常运行   |  否   |  999998
  2    |   域2      | 正常运行   |  是   |  999992
  3    |   域2      | 正常运行   |  是   |  999999
==================================================================

branch prediction, hits = 191326, misses = 7615, hit rate = 96.17%
return_stack prediction, hits = 13646, misses = 20775, hit rate = 39.64%
jump prediction, hits = 244437, misses = 5417, hit rate = 97.83%
 init_expr_once init_expr save_expr_status restore_expr_status enqueue_insn protect_from_queue queued_subexp_p emit_queue init_queue convert_move
======================== 切片硬件状态 ========================
切片号 | 所属安全域 | 当前状态    | 路扩展 | LRU touched
------------------------------------------------------------------
  0    |   域0      | 正常运行   |  否   |  11999989
  1    |   域3      | 正常运行   |  否   |  12000000
  2    |   域2      | 正常运行   |  是   |  11999995
  3    |   域2      | 正常运行   |  是   |  11999981
==================================================================

[动态重分配] 周期12000000：预约迁移 冗余域2(1%) -> 切片2 -> 饥饿域0(66%)
[切片剥夺] 周期12000000：切片2（所属域2）进入待剥夺状态，禁止新替换
[切片剥夺] 周期12000004：切片2在途请求已清空，开始执行脏行写回
[切片管理] 周期12000033：原域2仅剩1个切片，关闭路扩展模式
[动态重分配] 周期12000033：切片2写回完成，自动绑定到域0
[切片管理] 成功绑定切片2 → 安全域0，触发【路扩展模式】

======================== 切片硬件状态 ========================
切片号 | 所属安全域 | 当前状态    | 路扩展 | LRU touched
------------------------------------------------------------------
  0    |   域0      | 正常运行   |  是   |  12000025
  1    |   域3      | 正常运行   |  否   |  12000030
  2    |   域0      | 正常运行   |  是   |  12000033
  3    |   域2      | 正常运行   |  否   |  12000008
==================================================================


**** Debug Statistics at 101000000 Cycles *****
Threads: 4		Fetch Width: 8
No of useful instructions fetched:	365966477 (45.29% proc util.)
No of total instructions fetched:	601473742 (74.44% proc util.)
 includes 15610524 misfetch (2.6%), 219896741 (36.6%) wrong-path fetches
 and 0 flushed after failed lock(0.0%)
No of useful instructions issued/executed:	365966459 (45.29% proc util.)
No of total instructions issued/executed:	478400685 (59.21% proc util.)
 includes 112434226 wrong-path (23.5%) insts and 0 flushed (0.0%)
	fp 2419, 0.00%
	synch 0, 0.00%
	integer 359030181, 75.05%
	load/store 119368085, 24.95%
Avg size of int IQ (before scheduling): 28.11
Avg size of fp IQ (before scheduling): 0.00
No of cycles taken:		101000000
Parallelism [ 1.280, 0.000, 1.164, 1.179,] = 3.623
 IQ conflicts: 410798 (0.41%), FQ conflicts: 0 (0.00%) 
 I reg conflicts: 13372827 (13.24%), FP reg conflicts: 0 (0.00%)
  Activelist confs: 110 (0.00%), ROB confs: 26111 (0.03%)
  Int unit conflicts: 224354491 (222.13%), FP unit conflicts: 4 (0.00%)
  Load/store unit conflicts: 9643861 (9.55%)
  MSHR conflicts: 2225037 (2.20%)
----------------------------------------
==== System-wide Cache Statistics ====
Stall for miss queue full 0 cycles (0.00%)
----------------------------------------
==== Statistics for Master ID: 0 ====
Reads: 44297196   Writes: 37
ICACHE: size: 64 KB assoc: 2
ICACHE: hits:39467873 misses:41047  Hit Ratio: 99.90%
DCACHE: size: 2*16 KB assoc: 2*4
DCACHE: hits:3018731 misses:1769582 writebacks:15  Hit Ratio: 63.04%
SCACHE: size: 512 KB assoc: 2
SCACHE: hits:1757467 misses:53162  Hit Ratio: 97.06%
3CACHE: size: 4096 KB assoc: 2
3CACHE: hits:49281 misses:3881  Hit Ratio: 92.70%
3CACHE: dirty items replaced:231
ITLB: size: 48, misses 4, miss rate 0.00%
DTLB: size: 128, misses 33, miss rate 0.00%
Avg mem delay: 1.177 cycles
----------------------------------------
==== Statistics for Master ID: 2 ====
Reads: 100106774   Writes: 15994305
ICACHE: size: 64 KB assoc: 2
ICACHE: hits:59393970 misses:718351  Hit Ratio: 98.80%
DCACHE: size: 1*16 KB assoc: 1*4
DCACHE: hits:54825834 misses:1162930 writebacks:400269  Hit Ratio: 97.92%
SCACHE: size: 512 KB assoc: 2
SCACHE: hits:1535989 misses:345286  Hit Ratio: 81.65%
3CACHE: size: 4096 KB assoc: 2
3CACHE: hits:270111 misses:75175  Hit Ratio: 78.23%
3CACHE: dirty items replaced:3258
ITLB: size: 48, misses 29072, miss rate 0.05%
DTLB: size: 128, misses 30383, miss rate 0.05%
Avg mem delay: 1.177 cycles
----------------------------------------
==== Statistics for Master ID: 3 ====
Reads: 89186110   Writes: 35880429
ICACHE: size: 64 KB assoc: 2
ICACHE: hits:66635254 misses:37995  Hit Ratio: 99.94%
DCACHE: size: 1*16 KB assoc: 1*4
DCACHE: hits:57463596 misses:929693 writebacks:588140  Hit Ratio: 98.41%
SCACHE: size: 512 KB assoc: 2
SCACHE: hits:825703 misses:141985  Hit Ratio: 85.33%
3CACHE: size: 4096 KB assoc: 2
3CACHE: hits:130412 misses:11573  Hit Ratio: 91.85%
3CACHE: dirty items replaced:594
ITLB: size: 48, misses 4, miss rate 0.00%
DTLB: size: 128, misses 5561, miss rate 0.01%
Avg mem delay: 1.177 cycles
----------------------------------------
==== Global Resource Utilization ====
STASH: size: 65536 entries, full 632589745, empty 12977588, misses 1166560, full rate 97.81
icache bank util. 0.499 0.473 0.094 0.078 0.085 0.083 0.078 0.280 
dcache bank util. 0.131 0.132 0.174 0.358 0.133 0.141 0.133 0.123 
L2 bank util. 0.037 0.036 0.035 0.037 0.035 0.034 0.034 0.034 
L1-L2 bus util. = 0.168, L3 util. = 0.009
----------------------------------------

======================== 切片硬件状态 ========================
切片号 | 所属安全域 | 当前状态    | 路扩展 | LRU touched
------------------------------------------------------------------
  0    |   域0      | 正常运行   |  是   |  100999941
  1    |   域3      | 正常运行   |  否   |  100999999
  2    |   域0      | 正常运行   |  是   |  100999983
  3    |   域2      | 正常运行   |  否   |  100999996
==================================================================

branch prediction, hits = 23637843, misses = 2636411, hit rate = 89.97%
return_stack prediction, hits = 1578267, misses = 5334616, hit rate = 22.83%
jump prediction, hits = 28868996, misses = 4137235, hit rate = 87.47%
 convert_to_mode
**** Debug Statistics at 201000000 Cycles *****
Threads: 4		Fetch Width: 8
No of useful instructions fetched:	739691863 (46.00% proc util.)
No of total instructions fetched:	1213409855 (75.46% proc util.)
 includes 30573323 misfetch (2.5%), 443144669 (36.5%) wrong-path fetches
 and 0 flushed after failed lock(0.0%)
No of useful instructions issued/executed:	739691834 (46.00% proc util.)
No of total instructions issued/executed:	965578277 (60.05% proc util.)
 includes 225886443 wrong-path (23.4%) insts and 0 flushed (0.0%)
	fp 3598, 0.00%
	synch 0, 0.00%
	integer 722594952, 74.84%
	load/store 242979727, 25.16%
Avg size of int IQ (before scheduling): 28.39
Avg size of fp IQ (before scheduling): 0.00
No of cycles taken:		201000000
Parallelism [ 1.280, 0.000, 1.213, 1.187,] = 3.680
 IQ conflicts: 710754 (0.35%), FQ conflicts: 0 (0.00%) 
 I reg conflicts: 23864371 (11.87%), FP reg conflicts: 0 (0.00%)
  Activelist confs: 231 (0.00%), ROB confs: 71818 (0.04%)
  Int unit conflicts: 470092010 (233.88%), FP unit conflicts: 7 (0.00%)
  Load/store unit conflicts: 21092929 (10.49%)
  MSHR conflicts: 5891435 (2.93%)
----------------------------------------
==== System-wide Cache Statistics ====
Stall for miss queue full 0 cycles (0.00%)
----------------------------------------
==== Statistics for Master ID: 0 ====
Reads: 87792735   Writes: 39
ICACHE: size: 64 KB assoc: 2
ICACHE: hits:78113688 misses:149708  Hit Ratio: 99.81%
DCACHE: size: 2*16 KB assoc: 2*4
DCACHE: hits:6176640 misses:3352738 writebacks:17  Hit Ratio: 64.82%
SCACHE: size: 512 KB assoc: 2
SCACHE: hits:3399030 misses:103416  Hit Ratio: 97.05%
3CACHE: size: 4096 KB assoc: 2
3CACHE: hits:96181 misses:7235  Hit Ratio: 93.00%
3CACHE: dirty items replaced:921
ITLB: size: 48, misses 4, miss rate 0.00%
DTLB: size: 128, misses 35, miss rate 0.00%
Avg mem delay: 1.153 cycles
----------------------------------------
==== Statistics for Master ID: 2 ====
Reads: 206934691   Writes: 33329471
ICACHE: size: 64 KB assoc: 2
ICACHE: hits:122769726 misses:1424513  Hit Ratio: 98.85%
DCACHE: size: 1*16 KB assoc: 1*4
DCACHE: hits:113695238 misses:2374691 writebacks:828297  Hit Ratio: 97.95%
SCACHE: size: 512 KB assoc: 2
SCACHE: hits:3176555 misses:622643  Hit Ratio: 83.61%
3CACHE: size: 4096 KB assoc: 2
3CACHE: hits:510452 misses:112191  Hit Ratio: 81.98%
3CACHE: dirty items replaced:11159
ITLB: size: 48, misses 51231, miss rate 0.04%
DTLB: size: 128, misses 62933, miss rate 0.05%
Avg mem delay: 1.153 cycles
----------------------------------------
==== Statistics for Master ID: 3 ====
Reads: 178627811   Writes: 71928566
ICACHE: size: 64 KB assoc: 2
ICACHE: hits:133430788 misses:136056  Hit Ratio: 99.90%
DCACHE: size: 1*16 KB assoc: 1*4
DCACHE: hits:115128597 misses:1860935 writebacks:1175987  Hit Ratio: 98.41%
SCACHE: size: 512 KB assoc: 2
SCACHE: hits:1730832 misses:266159  Hit Ratio: 86.67%
3CACHE: size: 4096 KB assoc: 2
3CACHE: hits:248255 misses:17904  Hit Ratio: 93.27%
3CACHE: dirty items replaced:1912
ITLB: size: 48, misses 4, miss rate 0.00%
DTLB: size: 128, misses 11081, miss rate 0.01%
Avg mem delay: 1.153 cycles
----------------------------------------
==== Global Resource Utilization ====
STASH: size: 65536 entries, full 1278010584, empty 24334154, misses 2184619, full rate 97.97
icache bank util. 0.501 0.483 0.096 0.082 0.089 0.087 0.079 0.280 
dcache bank util. 0.141 0.144 0.175 0.355 0.131 0.138 0.138 0.128 
L2 bank util. 0.040 0.037 0.034 0.037 0.034 0.033 0.033 0.033 
L1-L2 bus util. = 0.169, L3 util. = 0.007
----------------------------------------

======================== 切片硬件状态 ========================
切片号 | 所属安全域 | 当前状态    | 路扩展 | LRU touched
------------------------------------------------------------------
  0    |   域0      | 正常运行   |  是   |  200999993
  1    |   域3      | 正常运行   |  否   |  200999994
  2    |   域0      | 正常运行   |  是   |  200999932
  3    |   域2      | 正常运行   |  否   |  200999999
==================================================================

branch prediction, hits = 48518431, misses = 5398548, hit rate = 89.99%
return_stack prediction, hits = 3284466, misses = 10701170, hit rate = 23.48%
jump prediction, hits = 58879629, misses = 8160231, hit rate = 87.83%
 move_by_pieces move_by_pieces_ninsns move_by_pieces_1 emit_block_move
**** Debug Statistics at 301000000 Cycles *****
Threads: 4		Fetch Width: 8
No of useful instructions fetched:	1111415465 (46.16% proc util.)
No of total instructions fetched:	1820134086 (75.59% proc util.)
 includes 44713312 misfetch (2.5%), 664005309 (36.5%) wrong-path fetches
 and 0 flushed after failed lock(0.0%)
No of useful instructions issued/executed:	1111415414 (46.16% proc util.)
No of total instructions issued/executed:	1450575281 (60.24% proc util.)
 includes 339159867 wrong-path (23.4%) insts and 0 flushed (0.0%)
	fp 5433, 0.00%
	synch 0, 0.00%
	integer 1084641435, 74.77%
	load/store 365928413, 25.23%
Avg size of int IQ (before scheduling): 28.60
Avg size of fp IQ (before scheduling): 0.00
No of cycles taken:		301000000
Parallelism [ 1.281, 0.000, 1.223, 1.188,] = 3.692
 IQ conflicts: 1293714 (0.43%), FQ conflicts: 0 (0.00%) 
 I reg conflicts: 35354176 (11.75%), FP reg conflicts: 0 (0.00%)
  Activelist confs: 262 (0.00%), ROB confs: 107662 (0.04%)
  Int unit conflicts: 709223402 (235.62%), FP unit conflicts: 8 (0.00%)
  Load/store unit conflicts: 31843103 (10.58%)
  MSHR conflicts: 7470051 (2.48%)
----------------------------------------
==== System-wide Cache Statistics ====
Stall for miss queue full 0 cycles (0.00%)
----------------------------------------
==== Statistics for Master ID: 0 ====
Reads: 131002006   Writes: 40
ICACHE: size: 64 KB assoc: 2
ICACHE: hits:116509962 misses:214687  Hit Ratio: 99.82%
DCACHE: size: 2*16 KB assoc: 2*4
DCACHE: hits:9340489 misses:4936908 writebacks:18  Hit Ratio: 65.42%
SCACHE: size: 512 KB assoc: 2
SCACHE: hits:4999281 misses:152314  Hit Ratio: 97.04%
3CACHE: size: 4096 KB assoc: 2
3CACHE: hits:142443 misses:9871  Hit Ratio: 93.52%
3CACHE: dirty items replaced:1489
ITLB: size: 48, misses 4, miss rate 0.00%
DTLB: size: 128, misses 39, miss rate 0.00%
Avg mem delay: 1.168 cycles
----------------------------------------
==== Statistics for Master ID: 2 ====
Reads: 311982515   Writes: 51438368
ICACHE: size: 64 KB assoc: 2
ICACHE: hits:185834996 misses:2009863  Hit Ratio: 98.93%
DCACHE: size: 1*16 KB assoc: 1*4
DCACHE: hits:171680135 misses:3895895 writebacks:1413370  Hit Ratio: 97.78%
SCACHE: size: 512 KB assoc: 2
SCACHE: hits:4893179 misses:1012573  Hit Ratio: 82.85%
3CACHE: size: 4096 KB assoc: 2
3CACHE: hits:858094 misses:154479  Hit Ratio: 84.74%
3CACHE: dirty items replaced:23108
ITLB: size: 48, misses 64435, miss rate 0.03%
DTLB: size: 128, misses 101685, miss rate 0.06%
Avg mem delay: 1.168 cycles
----------------------------------------
==== Statistics for Master ID: 3 ====
Reads: 267577586   Writes: 107995040
ICACHE: size: 64 KB assoc: 2
ICACHE: hits:199888853 misses:188705  Hit Ratio: 99.91%
DCACHE: size: 1*16 KB assoc: 1*4
DCACHE: hits:172708063 misses:2787004 writebacks:1760768  Hit Ratio: 98.41%
SCACHE: size: 512 KB assoc: 2
SCACHE: hits:2566727 misses:408982  Hit Ratio: 86.26%
3CACHE: size: 4096 KB assoc: 2
3CACHE: hits:386226 misses:22756  Hit Ratio: 94.44%
3CACHE: dirty items replaced:3036
ITLB: size: 48, misses 4, miss rate 0.00%
DTLB: size: 128, misses 16553, miss rate 0.01%
Avg mem delay: 1.168 cycles
----------------------------------------
==== Global Resource Utilization ====
STASH: size: 65536 entries, full 1917677390, empty 35112995, misses 3164903, full rate 98.04
icache bank util. 0.500 0.482 0.096 0.083 0.093 0.090 0.078 0.279 
dcache bank util. 0.139 0.136 0.175 0.355 0.133 0.140 0.144 0.140 
L2 bank util. 0.040 0.038 0.035 0.037 0.035 0.033 0.034 0.034 
L1-L2 bus util. = 0.172, L3 util. = 0.006
----------------------------------------

======================== 切片硬件状态 ========================
切片号 | 所属安全域 | 当前状态    | 路扩展 | LRU touched
------------------------------------------------------------------
  0    |   域0      | 正常运行   |  是   |  300999987
  1    |   域3      | 正常运行   |  否   |  300999998
  2    |   域0      | 正常运行   |  是   |  300999942
  3    |   域2      | 正常运行   |  否   |  300999996
==================================================================

branch prediction, hits = 73291601, misses = 7950668, hit rate = 90.21%
return_stack prediction, hits = 4949335, misses = 16054706, hit rate = 23.56%
jump prediction, hits = 89541114, misses = 11983399, hit rate = 88.20%

**** Debug Statistics at 401000000 Cycles *****
Threads: 4		Fetch Width: 8
No of useful instructions fetched:	1492114659 (46.51% proc util.)
No of total instructions fetched:	2426638041 (75.64% proc util.)
 includes 58307236 misfetch (2.4%), 876216146 (36.1%) wrong-path fetches
 and 0 flushed after failed lock(0.0%)
No of useful instructions issued/executed:	1492114624 (46.51% proc util.)
No of total instructions issued/executed:	1939364305 (60.45% proc util.)
 includes 447249681 wrong-path (23.1%) insts and 0 flushed (0.0%)
	fp 5609, 0.00%
	synch 0, 0.00%
	integer 1449481708, 74.74%
	load/store 489876988, 25.26%
Avg size of int IQ (before scheduling): 28.81
Avg size of fp IQ (before scheduling): 0.00
No of cycles taken:		401000000
Parallelism [ 1.276, 0.000, 1.258, 1.187,] = 3.721
 IQ conflicts: 2035970 (0.51%), FQ conflicts: 0 (0.00%) 
 I reg conflicts: 46754386 (11.66%), FP reg conflicts: 0 (0.00%)
  Activelist confs: 339 (0.00%), ROB confs: 181932 (0.05%)
  Int unit conflicts: 976791389 (243.59%), FP unit conflicts: 26 (0.00%)
  Load/store unit conflicts: 42565914 (10.61%)
  MSHR conflicts: 16790101 (4.19%)
----------------------------------------
==== System-wide Cache Statistics ====
Stall for miss queue full 0 cycles (0.00%)
----------------------------------------
==== Statistics for Master ID: 0 ====
Reads: 173859885   Writes: 40
ICACHE: size: 64 KB assoc: 2
ICACHE: hits:154657827 misses:247192  Hit Ratio: 99.84%
DCACHE: size: 2*16 KB assoc: 2*4
DCACHE: hits:12457017 misses:6497889 writebacks:18  Hit Ratio: 65.72%
SCACHE: size: 512 KB assoc: 2
SCACHE: hits:6537639 misses:207442  Hit Ratio: 96.92%
3CACHE: size: 4096 KB assoc: 2
3CACHE: hits:195019 misses:12423  Hit Ratio: 94.01%
3CACHE: dirty items replaced:2010
ITLB: size: 48, misses 4, miss rate 0.00%
DTLB: size: 128, misses 46, miss rate 0.00%
Avg mem delay: 1.178 cycles
----------------------------------------
==== Statistics for Master ID: 2 ====
Reads: 420144818   Writes: 69510117
ICACHE: size: 64 KB assoc: 2
ICACHE: hits:250510537 misses:2448325  Hit Ratio: 99.03%
DCACHE: size: 1*16 KB assoc: 1*4
DCACHE: hits:231059417 misses:5636662 writebacks:2137259  Hit Ratio: 97.62%
SCACHE: size: 512 KB assoc: 2
SCACHE: hits:6685961 misses:1399020  Hit Ratio: 82.70%
3CACHE: size: 4096 KB assoc: 2
3CACHE: hits:1204103 misses:194917  Hit Ratio: 86.07%
3CACHE: dirty items replaced:36698
ITLB: size: 48, misses 69194, miss rate 0.03%
DTLB: size: 128, misses 137982, miss rate 0.06%
Avg mem delay: 1.178 cycles
----------------------------------------
==== Statistics for Master ID: 3 ====
Reads: 355168312   Writes: 143758733
ICACHE: size: 64 KB assoc: 2
ICACHE: hits:265270283 misses:218611  Hit Ratio: 99.92%
DCACHE: size: 1*16 KB assoc: 1*4
DCACHE: hits:229731951 misses:3706199 writebacks:2341182  Hit Ratio: 98.41%
SCACHE: size: 512 KB assoc: 2
SCACHE: hits:3383927 misses:540883  Hit Ratio: 86.22%
3CACHE: size: 4096 KB assoc: 2
3CACHE: hits:514552 misses:26331  Hit Ratio: 95.13%
3CACHE: dirty items replaced:3941
ITLB: size: 48, misses 4, miss rate 0.00%
DTLB: size: 128, misses 21986, miss rate 0.01%
Avg mem delay: 1.178 cycles
----------------------------------------
==== Global Resource Utilization ====
STASH: size: 65536 entries, full 2558940643, empty 43369892, misses 3922403, full rate 98.19
icache bank util. 0.497 0.485 0.092 0.080 0.095 0.094 0.077 0.281 
dcache bank util. 0.146 0.133 0.174 0.355 0.132 0.138 0.149 0.145 
L2 bank util. 0.040 0.038 0.035 0.038 0.036 0.034 0.035 0.034 
L1-L2 bus util. = 0.174, L3 util. = 0.006
----------------------------------------

======================== 切片硬件状态 ========================
切片号 | 所属安全域 | 当前状态    | 路扩展 | LRU touched
------------------------------------------------------------------
  0    |   域0      | 正常运行   |  是   |  400999957
  1    |   域3      | 正常运行   |  否   |  400999999
  2    |   域0      | 正常运行   |  是   |  400999988
  3    |   域2      | 正常运行   |  否   |  400999978
==================================================================

branch prediction, hits = 100513630, misses = 10310795, hit rate = 90.70%
return_stack prediction, hits = 6394350, misses = 21368259, hit rate = 23.03%
jump prediction, hits = 122361897, misses = 15559028, hit rate = 88.72%

**** Debug Statistics at 501000000 Cycles *****
Threads: 4		Fetch Width: 8
No of useful instructions fetched:	1865278564 (46.54% proc util.)
No of total instructions fetched:	3013923153 (75.20% proc util.)
 includes 66438121 misfetch (2.2%), 1082206468 (35.9%) wrong-path fetches
 and 0 flushed after failed lock(0.0%)
No of useful instructions issued/executed:	1865278523 (46.54% proc util.)
No of total instructions issued/executed:	2418994883 (60.35% proc util.)
 includes 553716360 wrong-path (22.9%) insts and 0 flushed (0.0%)
	fp 8804, 0.00%
	synch 0, 0.00%
	integer 1810199281, 74.83%
	load/store 608786798, 25.17%
Avg size of int IQ (before scheduling): 28.95
Avg size of fp IQ (before scheduling): 0.00
No of cycles taken:		501000000
Parallelism [ 1.274, 0.000, 1.267, 1.182,] = 3.723
 IQ conflicts: 2411205 (0.48%), FQ conflicts: 0 (0.00%) 
 I reg conflicts: 60483067 (12.07%), FP reg conflicts: 0 (0.00%)
  Activelist confs: 696 (0.00%), ROB confs: 277545 (0.06%)
  Int unit conflicts: 1230527515 (245.61%), FP unit conflicts: 26 (0.00%)
  Load/store unit conflicts: 52970148 (10.57%)
  MSHR conflicts: 20738008 (4.14%)
----------------------------------------
==== System-wide Cache Statistics ====
Stall for miss queue full 0 cycles (0.00%)
----------------------------------------
==== Statistics for Master ID: 0 ====
Reads: 216280312   Writes: 41
ICACHE: size: 64 KB assoc: 2
ICACHE: hits:192194955 misses:440313  Hit Ratio: 99.77%
DCACHE: size: 2*16 KB assoc: 2*4
DCACHE: hits:15581391 misses:8063694 writebacks:19  Hit Ratio: 65.90%
SCACHE: size: 512 KB assoc: 2
SCACHE: hits:8246441 misses:257566  Hit Ratio: 96.97%
3CACHE: size: 4096 KB assoc: 2
3CACHE: hits:239971 misses:17595  Hit Ratio: 93.17%
3CACHE: dirty items replaced:3178
ITLB: size: 48, misses 4, miss rate 0.00%
DTLB: size: 128, misses 50, miss rate 0.00%
Avg mem delay: 1.198 cycles
----------------------------------------
==== Statistics for Master ID: 2 ====
Reads: 520268541   Writes: 87441655
ICACHE: size: 64 KB assoc: 2
ICACHE: hits:310484319 misses:3094697  Hit Ratio: 99.01%
DCACHE: size: 1*16 KB assoc: 1*4
DCACHE: hits:287053874 misses:7077312 writebacks:2875654  Hit Ratio: 97.59%
SCACHE: size: 512 KB assoc: 2
SCACHE: hits:8409101 misses:1762901  Hit Ratio: 82.67%
3CACHE: size: 4096 KB assoc: 2
3CACHE: hits:1532330 misses:230571  Hit Ratio: 86.92%
3CACHE: dirty items replaced:52531
ITLB: size: 48, misses 95602, miss rate 0.03%
DTLB: size: 128, misses 177787, miss rate 0.06%
Avg mem delay: 1.198 cycles
----------------------------------------
==== Statistics for Master ID: 3 ====
Reads: 441140406   Writes: 178512448
ICACHE: size: 64 KB assoc: 2
ICACHE: hits:329142287 misses:379715  Hit Ratio: 99.88%
DCACHE: size: 1*16 KB assoc: 1*4
DCACHE: hits:285516499 misses:4614352 writebacks:2914292  Hit Ratio: 98.41%
SCACHE: size: 512 KB assoc: 2
SCACHE: hits:4310078 misses:683989  Hit Ratio: 86.30%
3CACHE: size: 4096 KB assoc: 2
3CACHE: hits:650322 misses:33667  Hit Ratio: 95.08%
3CACHE: dirty items replaced:5836
ITLB: size: 48, misses 4, miss rate 0.00%
DTLB: size: 128, misses 27361, miss rate 0.01%
Avg mem delay: 1.198 cycles
----------------------------------------
==== Global Resource Utilization ====
STASH: size: 65536 entries, full 3178545893, empty 52647604, misses 4723092, full rate 98.23
icache bank util. 0.494 0.479 0.095 0.083 0.093 0.092 0.075 0.281 
dcache bank util. 0.144 0.131 0.174 0.357 0.135 0.137 0.146 0.143 
L2 bank util. 0.042 0.040 0.035 0.037 0.035 0.034 0.035 0.034 
L1-L2 bus util. = 0.176, L3 util. = 0.006
----------------------------------------

======================== 切片硬件状态 ========================
切片号 | 所属安全域 | 当前状态    | 路扩展 | LRU touched
------------------------------------------------------------------
  0    |   域0      | 正常运行   |  是   |  500999930
  1    |   域3      | 正常运行   |  否   |  500999997
  2    |   域0      | 正常运行   |  是   |  500999983
  3    |   域2      | 正常运行   |  否   |  500999998
==================================================================

branch prediction, hits = 126094136, misses = 12501314, hit rate = 90.98%
return_stack prediction, hits = 7716307, misses = 26596540, hit rate = 22.49%
jump prediction, hits = 155219748, misses = 17949975, hit rate = 89.63%
 move_block_to_reg move_block_from_reg use_regs group_insns clear_storage emit_move_insn
**** Early Exiting at 538764550 Cycles *****
========================================
 SMTSIM Global Statistics
========================================
Threads: 4		Fetch Width: 8
No of useful instructions fetched:	2000000070 (46.40% proc util.)
No of total instructions fetched:	3231657817 (74.98% proc util.)
 includes 69622300 misfetch (2.2%), 1162035447 (36.0%) wrong-path fetches
 and 0 flushed after failed lock(0.0%)
No of useful instructions issued/executed:	2000000040 (46.40% proc util.)
No of total instructions issued/executed:	2594727276 (60.20% proc util.)
 includes 594727236 wrong-path (22.9%) insts and 0 flushed (0.0%)
	fp 9868, 0.00%
	synch 0, 0.00%
	integer 1943335374, 74.90%
	load/store 651382034, 25.10%
Avg size of int IQ (before scheduling): 28.92
Avg size of fp IQ (before scheduling): 0.00
No of cycles taken:		538764550
Parallelism [ 1.273, 0.000, 1.259, 1.180,] = 3.712
 IQ conflicts: 2571270 (0.48%), FQ conflicts: 0 (0.00%) 
 I reg conflicts: 65217735 (12.11%), FP reg conflicts: 0 (0.00%)
  Activelist confs: 778 (0.00%), ROB confs: 281362 (0.05%)
  Int unit conflicts: 1316966565 (244.44%), FP unit conflicts: 26 (0.00%)
  Load/store unit conflicts: 56338937 (10.46%)
  MSHR conflicts: 20769146 (3.85%)
----------------------------------------
==== System-wide Cache Statistics ====
Stall for miss queue full 0 cycles (0.00%)
----------------------------------------
==== Statistics for Master ID: 0 ====
Reads: 232278337   Writes: 41
ICACHE: size: 64 KB assoc: 2
ICACHE: hits:206359707 misses:511334  Hit Ratio: 99.75%
DCACHE: size: 2*16 KB assoc: 2*4
DCACHE: hits:16755871 misses:8651466 writebacks:19  Hit Ratio: 65.95%
SCACHE: size: 512 KB assoc: 2
SCACHE: hits:8871922 misses:290878  Hit Ratio: 96.83%
3CACHE: size: 4096 KB assoc: 2
3CACHE: hits:271782 misses:19096  Hit Ratio: 93.44%
3CACHE: dirty items replaced:3515
ITLB: size: 48, misses 4, miss rate 0.00%
DTLB: size: 128, misses 56, miss rate 0.00%
Avg mem delay: 1.195 cycles
----------------------------------------
==== Statistics for Master ID: 2 ====
Reads: 556368323   Writes: 92756049
ICACHE: size: 64 KB assoc: 2
ICACHE: hits:332150567 misses:3328852  Hit Ratio: 99.01%
DCACHE: size: 1*16 KB assoc: 1*4
DCACHE: hits:306162051 misses:7482908 writebacks:2959855  Hit Ratio: 97.61%
SCACHE: size: 512 KB assoc: 2
SCACHE: hits:8879131 misses:1932622  Hit Ratio: 82.12%
3CACHE: size: 4096 KB assoc: 2
3CACHE: hits:1681700 misses:250922  Hit Ratio: 87.02%
3CACHE: dirty items replaced:62112
ITLB: size: 48, misses 103176, miss rate 0.03%
DTLB: size: 128, misses 193559, miss rate 0.06%
Avg mem delay: 1.195 cycles
----------------------------------------
==== Statistics for Master ID: 3 ====
Reads: 473319398   Writes: 191619832
ICACHE: size: 64 KB assoc: 2
ICACHE: hits:353101621 misses:441578  Hit Ratio: 99.88%
DCACHE: size: 1*16 KB assoc: 1*4
DCACHE: hits:306444659 misses:4951371 writebacks:3127144  Hit Ratio: 98.41%
SCACHE: size: 512 KB assoc: 2
SCACHE: hits:4633088 misses:759861  Hit Ratio: 85.91%
3CACHE: size: 4096 KB assoc: 2
3CACHE: hits:723402 misses:36459  Hit Ratio: 95.20%
3CACHE: dirty items replaced:6558
ITLB: size: 48, misses 4, miss rate 0.00%
DTLB: size: 128, misses 29386, miss rate 0.01%
Avg mem delay: 1.195 cycles
----------------------------------------
==== Global Resource Utilization ====
STASH: size: 65536 entries, full 3408374292, empty 56171115, misses 5041198, full rate 98.24
icache bank util. 0.494 0.478 0.094 0.082 0.092 0.090 0.075 0.280 
dcache bank util. 0.142 0.131 0.173 0.356 0.134 0.136 0.145 0.141 
L2 bank util. 0.043 0.040 0.035 0.037 0.035 0.033 0.034 0.034 
L1-L2 bus util. = 0.175, L3 util. = 0.006
----------------------------------------

======================== 切片硬件状态 ========================
切片号 | 所属安全域 | 当前状态    | 路扩展 | LRU touched
------------------------------------------------------------------
  0    |   域0      | 正常运行   |  是   |  538764548
  1    |   域3      | 正常运行   |  否   |  538764549
  2    |   域0      | 正常运行   |  是   |  538764528
  3    |   域2      | 正常运行   |  否   |  538764549
==================================================================

branch prediction, hits = 134969427, misses = 13382103, hit rate = 90.98%
return_stack prediction, hits = 8312226, misses = 28547279, hit rate = 22.55%
jump prediction, hits = 166873995, misses = 18885919, hit rate = 89.83%
total IPC 3.712

=== Results saved to: ./results/cacherand_2_gcc-expr_1_recurseq_1.txt ===
