===== 执行信息 =====
Cache目录：ssmtc64-200-5%
执行命令：./smtsim ../crafty.arg2 ../smalltrans.arg ../cacherand.arg
执行时间：2026-04-17 19:27:16
返回码：0
===== 输出内容 =====
动态重分配参数：每200万周期检查，阈值5
Process 0, Thread 0: crafty
Process 0, Thread 1: crafty
Process 2, Thread 2: smalltrans
Process 3, Thread 3: cacherand
[切片调度] 新安全域0无任何切片，尝试分配空闲切片
[切片管理] 成功绑定切片0 → 安全域0

======================== 切片硬件状态 ========================
切片号 | 所属安全域 | 当前状态    | 路扩展 | LRU touched
------------------------------------------------------------------
  0    |   域0      | 正常运行   |  否   |  0
  1    |   域-1     | 切片空闲   |  否   |  0
  2    |   域-1     | 切片空闲   |  否   |  0
  3    |   域-1     | 切片空闲   |  否   |  0
==================================================================

[切片管理] 成功绑定切片1 → 安全域0，触发【路扩展模式】

======================== 切片硬件状态 ========================
切片号 | 所属安全域 | 当前状态    | 路扩展 | LRU touched
------------------------------------------------------------------
  0    |   域0      | 正常运行   |  是   |  0
  1    |   域0      | 正常运行   |  是   |  0
  2    |   域-1     | 切片空闲   |  否   |  0
  3    |   域-1     | 切片空闲   |  否   |  0
==================================================================

[切片调度] 新安全域2无任何切片，尝试分配空闲切片
[切片管理] 成功绑定切片2 → 安全域2

======================== 切片硬件状态 ========================
切片号 | 所属安全域 | 当前状态    | 路扩展 | LRU touched
------------------------------------------------------------------
  0    |   域0      | 正常运行   |  是   |  320
  1    |   域0      | 正常运行   |  是   |  0
  2    |   域2      | 正常运行   |  否   |  0
  3    |   域-1     | 切片空闲   |  否   |  0
==================================================================

[切片管理] 成功绑定切片3 → 安全域2，触发【路扩展模式】

======================== 切片硬件状态 ========================
切片号 | 所属安全域 | 当前状态    | 路扩展 | LRU touched
------------------------------------------------------------------
  0    |   域0      | 正常运行   |  是   |  320
  1    |   域0      | 正常运行   |  是   |  0
  2    |   域2      | 正常运行   |  是   |  0
  3    |   域2      | 正常运行   |  是   |  0
==================================================================

[切片调度] 新安全域3无任何切片，尝试分配空闲切片
[切片调度] 新安全域3未找到空闲切片，尝试剥夺切片
[切片替换] 优先从【路扩展切片】中选择LRU替换目标...
[切片替换] 找到路扩展切片作为受害者：切片1（最后访问：0）
[切片调度] 安全域3触发切片剥夺：从域0剥夺切片1
[切片剥夺] 周期560：切片1（所属域0）进入待剥夺状态，禁止新替换
[切片剥夺] 周期560：切片1在途请求已清空，开始执行脏行写回
[切片剥夺] 周期560：切片1无脏行，直接完成剥夺
[切片管理] 周期560：原域0仅剩1个切片，关闭路扩展模式
[动态重分配] 周期560：切片1写回完成，自动绑定到域3
[切片管理] 成功绑定切片1 → 安全域3

======================== 切片硬件状态 ========================
切片号 | 所属安全域 | 当前状态    | 路扩展 | LRU touched
------------------------------------------------------------------
  0    |   域0      | 正常运行   |  否   |  320
  1    |   域3      | 正常运行   |  否   |  560
  2    |   域2      | 正常运行   |  是   |  435
  3    |   域2      | 正常运行   |  是   |  0
==================================================================

[切片唤醒] 周期560：域3切片就绪，唤醒等待指令

**** Debug Statistics at 1000000 Cycles *****
Threads: 4		Fetch Width: 8
No of useful instructions fetched:	4604193 (57.55% proc util.)
No of total instructions fetched:	5139402 (64.24% proc util.)
 includes 789 misfetch (0.0%), 534420 (10.4%) wrong-path fetches
 and 0 flushed after failed lock(0.0%)
No of useful instructions issued/executed:	4604139 (57.55% proc util.)
No of total instructions issued/executed:	4762098 (59.53% proc util.)
 includes 157959 wrong-path (3.3%) insts and 0 flushed (0.0%)
	fp 7, 0.00%
	synch 0, 0.00%
	integer 3524703, 74.02%
	load/store 1237388, 25.98%
Avg size of int IQ (before scheduling): 37.31
Avg size of fp IQ (before scheduling): 0.00
No of cycles taken:		1000000
Parallelism [ 1.382, 0.000, 1.981, 1.241,] = 4.604
 IQ conflicts: 7888 (0.79%), FQ conflicts: 0 (0.00%) 
 I reg conflicts: 248683 (24.87%), FP reg conflicts: 0 (0.00%)
  Activelist confs: 0 (0.00%), ROB confs: 0 (0.00%)
  Int unit conflicts: 4136482 (413.65%), FP unit conflicts: 0 (0.00%)
  Load/store unit conflicts: 28353 (2.84%)
  MSHR conflicts: 4319 (0.43%)
----------------------------------------
==== System-wide Cache Statistics ====
Stall for miss queue full 0 cycles (0.00%)
----------------------------------------
==== Statistics for Master ID: 0 ====
Reads: 690966   Writes: 72389
ICACHE: size: 64 KB assoc: 2
ICACHE: hits:517186 misses:147  Hit Ratio: 99.97%
DCACHE: size: 1*16 KB assoc: 1*4
DCACHE: hits:244704 misses:1318 writebacks:1031  Hit Ratio: 99.46%
SCACHE: size: 512 KB assoc: 2
SCACHE: hits:5 misses:1460  Hit Ratio: 0.34%
3CACHE: size: 4096 KB assoc: 2
3CACHE: hits:0 misses:1460  Hit Ratio: 0.00%
3CACHE: dirty items replaced:0
ITLB: size: 48, misses 16, miss rate 0.00%
DTLB: size: 128, misses 42, miss rate 0.02%
Avg mem delay: 0.850 cycles
----------------------------------------
==== Statistics for Master ID: 2 ====
Reads: 1118274   Writes: 470977
ICACHE: size: 64 KB assoc: 2
ICACHE: hits:643926 misses:9  Hit Ratio: 100.00%
DCACHE: size: 2*16 KB assoc: 2*4
DCACHE: hits:944902 misses:414 writebacks:0  Hit Ratio: 99.96%
SCACHE: size: 512 KB assoc: 2
SCACHE: hits:0 misses:423  Hit Ratio: 0.00%
3CACHE: size: 4096 KB assoc: 2
3CACHE: hits:0 misses:423  Hit Ratio: 0.00%
3CACHE: dirty items replaced:0
ITLB: size: 48, misses 1, miss rate 0.00%
DTLB: size: 128, misses 11, miss rate 0.00%
Avg mem delay: 0.850 cycles
----------------------------------------
==== Statistics for Master ID: 3 ====
Reads: 367715   Writes: 35
ICACHE: size: 64 KB assoc: 2
ICACHE: hits:321696 misses:22  Hit Ratio: 99.99%
DCACHE: size: 1*16 KB assoc: 1*4
DCACHE: hits:15422 misses:30609 writebacks:12  Hit Ratio: 33.50%
SCACHE: size: 512 KB assoc: 2
SCACHE: hits:29819 misses:811  Hit Ratio: 97.35%
3CACHE: size: 4096 KB assoc: 2
3CACHE: hits:0 misses:811  Hit Ratio: 0.00%
3CACHE: dirty items replaced:0
ITLB: size: 48, misses 4, miss rate 0.00%
DTLB: size: 128, misses 22, miss rate 0.05%
Avg mem delay: 0.850 cycles
----------------------------------------
==== Global Resource Utilization ====
STASH: size: 65536 entries, full 5310080, empty 1907, misses 161, full rate 99.96
icache bank util. 0.330 0.196 0.001 0.000 0.050 0.097 0.409 0.400 
dcache bank util. 0.157 0.157 0.155 0.155 0.156 0.156 0.244 0.157 
L2 bank util. 0.022 0.022 0.022 0.022 0.022 0.022 0.022 0.022 
L1-L2 bus util. = 0.101, L3 util. = 0.027
----------------------------------------

======================== 切片硬件状态 ========================
切片号 | 所属安全域 | 当前状态    | 路扩展 | LRU touched
------------------------------------------------------------------
  0    |   域0      | 正常运行   |  否   |  999996
  1    |   域3      | 正常运行   |  否   |  999995
  2    |   域2      | 正常运行   |  是   |  999999
  3    |   域2      | 正常运行   |  是   |  999999
==================================================================

branch prediction, hits = 487013, misses = 24029, hit rate = 95.30%
return_stack prediction, hits = 125, misses = 2, hit rate = 98.43%
jump prediction, hits = 510830, misses = 203, hit rate = 99.96%

======================== 切片硬件状态 ========================
切片号 | 所属安全域 | 当前状态    | 路扩展 | LRU touched
------------------------------------------------------------------
  0    |   域0      | 正常运行   |  否   |  11999999
  1    |   域3      | 正常运行   |  否   |  11999996
  2    |   域2      | 正常运行   |  是   |  12000000
  3    |   域2      | 正常运行   |  是   |  11999964
==================================================================

[动态重分配] 周期12000000：预约迁移 冗余域2(0%) -> 切片2 -> 饥饿域3(66%)
[切片剥夺] 周期12000000：切片2（所属域2）进入待剥夺状态，禁止新替换
[切片剥夺] 周期12000000：切片2在途请求已清空，开始执行脏行写回
[切片管理] 周期12013106：原域2仅剩1个切片，关闭路扩展模式
[动态重分配] 周期12013106：切片2写回完成，自动绑定到域3
[切片管理] 成功绑定切片2 → 安全域3，触发【路扩展模式】

======================== 切片硬件状态 ========================
切片号 | 所属安全域 | 当前状态    | 路扩展 | LRU touched
------------------------------------------------------------------
  0    |   域0      | 正常运行   |  否   |  12013100
  1    |   域3      | 正常运行   |  是   |  12013095
  2    |   域3      | 正常运行   |  是   |  12013106
  3    |   域2      | 正常运行   |  否   |  12013106
==================================================================


**** Debug Statistics at 101000000 Cycles *****
Threads: 4		Fetch Width: 8
No of useful instructions fetched:	494963564 (61.26% proc util.)
No of total instructions fetched:	557153808 (68.95% proc util.)
 includes 7917329 misfetch (1.4%), 54272915 (9.7%) wrong-path fetches
 and 0 flushed after failed lock(0.0%)
No of useful instructions issued/executed:	494963534 (61.26% proc util.)
No of total instructions issued/executed:	515335602 (63.78% proc util.)
 includes 20372068 wrong-path (4.0%) insts and 0 flushed (0.0%)
	fp 157, 0.00%
	synch 0, 0.00%
	integer 353397939, 68.58%
	load/store 161937506, 31.42%
Avg size of int IQ (before scheduling): 34.22
Avg size of fp IQ (before scheduling): 0.00
No of cycles taken:		101000000
Parallelism [ 1.451, 0.000, 2.111, 1.338,] = 4.901
 IQ conflicts: 364159 (0.36%), FQ conflicts: 0 (0.00%) 
 I reg conflicts: 21526489 (21.31%), FP reg conflicts: 0 (0.00%)
  Activelist confs: 0 (0.00%), ROB confs: 102718 (0.10%)
  Int unit conflicts: 353788205 (350.29%), FP unit conflicts: 0 (0.00%)
  Load/store unit conflicts: 17644490 (17.47%)
  MSHR conflicts: 77882 (0.08%)
----------------------------------------
==== System-wide Cache Statistics ====
Stall for miss queue full 490 cycles (0.00%)
----------------------------------------
==== Statistics for Master ID: 0 ====
Reads: 94947309   Writes: 11798614
ICACHE: size: 64 KB assoc: 2
ICACHE: hits:52426197 misses:354471  Hit Ratio: 99.33%
DCACHE: size: 1*16 KB assoc: 1*4
DCACHE: hits:51916853 misses:2048402 writebacks:262330  Hit Ratio: 96.20%
SCACHE: size: 512 KB assoc: 2
SCACHE: hits:2202983 misses:199890  Hit Ratio: 91.68%
3CACHE: size: 4096 KB assoc: 2
3CACHE: hits:151560 misses:48330  Hit Ratio: 75.82%
3CACHE: dirty items replaced:261
ITLB: size: 48, misses 111, miss rate 0.00%
DTLB: size: 128, misses 157267, miss rate 0.29%
Avg mem delay: 1.825 cycles
----------------------------------------
==== Statistics for Master ID: 2 ====
Reads: 121242099   Writes: 50968814
ICACHE: size: 64 KB assoc: 2
ICACHE: hits:69250810 misses:486  Hit Ratio: 100.00%
DCACHE: size: 1*16 KB assoc: 1*4
DCACHE: hits:100268467 misses:2691404 writebacks:2649523  Hit Ratio: 97.39%
SCACHE: size: 512 KB assoc: 2
SCACHE: hits:2690022 misses:1614  Hit Ratio: 99.94%
3CACHE: size: 4096 KB assoc: 2
3CACHE: hits:1190 misses:424  Hit Ratio: 73.73%
3CACHE: dirty items replaced:0
ITLB: size: 48, misses 1, miss rate 0.00%
DTLB: size: 128, misses 932, miss rate 0.00%
Avg mem delay: 1.825 cycles
----------------------------------------
==== Statistics for Master ID: 3 ====
Reads: 40543594   Writes: 35
ICACHE: size: 64 KB assoc: 2
ICACHE: hits:35536432 misses:318  Hit Ratio: 100.00%
DCACHE: size: 2*16 KB assoc: 2*4
DCACHE: hits:3140542 misses:1866336 writebacks:12  Hit Ratio: 62.72%
SCACHE: size: 512 KB assoc: 2
SCACHE: hits:1829319 misses:37335  Hit Ratio: 98.00%
3CACHE: size: 4096 KB assoc: 2
3CACHE: hits:34430 misses:2905  Hit Ratio: 92.22%
3CACHE: dirty items replaced:12
ITLB: size: 48, misses 4, miss rate 0.00%
DTLB: size: 128, misses 522, miss rate 0.01%
Avg mem delay: 1.825 cycles
----------------------------------------
==== Global Resource Utilization ====
STASH: size: 65536 entries, full 567239813, empty 18706460, misses 1812442, full rate 96.51
icache bank util. 0.272 0.220 0.068 0.068 0.076 0.061 0.404 0.402 
dcache bank util. 0.213 0.236 0.235 0.197 0.261 0.259 0.245 0.241 
L2 bank util. 0.051 0.065 0.056 0.047 0.055 0.057 0.051 0.058 
L1-L2 bus util. = 0.293, L3 util. = 0.005
----------------------------------------

======================== 切片硬件状态 ========================
切片号 | 所属安全域 | 当前状态    | 路扩展 | LRU touched
------------------------------------------------------------------
  0    |   域0      | 正常运行   |  否   |  100999997
  1    |   域3      | 正常运行   |  是   |  100999983
  2    |   域3      | 正常运行   |  是   |  100999964
  3    |   域2      | 正常运行   |  否   |  100999997
==================================================================

branch prediction, hits = 42337424, misses = 2230020, hit rate = 95.00%
return_stack prediction, hits = 2533844, misses = 172, hit rate = 99.99%
jump prediction, hits = 44977252, misses = 2309774, hit rate = 95.12%

**** Debug Statistics at 201000000 Cycles *****
Threads: 4		Fetch Width: 8
No of useful instructions fetched:	983708626 (61.18% proc util.)
No of total instructions fetched:	1111059831 (69.10% proc util.)
 includes 16570378 misfetch (1.5%), 110780827 (10.0%) wrong-path fetches
 and 0 flushed after failed lock(0.0%)
No of useful instructions issued/executed:	983708599 (61.18% proc util.)
No of total instructions issued/executed:	1025938690 (63.80% proc util.)
 includes 42230091 wrong-path (4.1%) insts and 0 flushed (0.0%)
	fp 157, 0.00%
	synch 0, 0.00%
	integer 701473215, 68.37%
	load/store 324465318, 31.63%
Avg size of int IQ (before scheduling): 33.88
Avg size of fp IQ (before scheduling): 0.00
No of cycles taken:		201000000
Parallelism [ 1.444, 0.000, 2.111, 1.339,] = 4.894
 IQ conflicts: 676893 (0.34%), FQ conflicts: 0 (0.00%) 
 I reg conflicts: 42599205 (21.19%), FP reg conflicts: 0 (0.00%)
  Activelist confs: 0 (0.00%), ROB confs: 102718 (0.05%)
  Int unit conflicts: 693629992 (345.09%), FP unit conflicts: 0 (0.00%)
  Load/store unit conflicts: 36119612 (17.97%)
  MSHR conflicts: 138726 (0.07%)
----------------------------------------
==== System-wide Cache Statistics ====
Stall for miss queue full 490 cycles (0.00%)
----------------------------------------
==== Statistics for Master ID: 0 ====
Reads: 191203730   Writes: 23766703
ICACHE: size: 64 KB assoc: 2
ICACHE: hits:104609266 misses:774885  Hit Ratio: 99.26%
DCACHE: size: 1*16 KB assoc: 1*4
DCACHE: hits:105344652 misses:4241630 writebacks:500358  Hit Ratio: 96.13%
SCACHE: size: 512 KB assoc: 2
SCACHE: hits:4644728 misses:371787  Hit Ratio: 92.59%
3CACHE: size: 4096 KB assoc: 2
3CACHE: hits:305849 misses:65938  Hit Ratio: 82.26%
3CACHE: dirty items replaced:966
ITLB: size: 48, misses 111, miss rate 0.00%
DTLB: size: 128, misses 324250, miss rate 0.30%
Avg mem delay: 1.884 cycles
----------------------------------------
==== Statistics for Master ID: 2 ====
Reads: 241515927   Writes: 101433479
ICACHE: size: 64 KB assoc: 2
ICACHE: hits:138047160 misses:987  Hit Ratio: 100.00%
DCACHE: size: 1*16 KB assoc: 1*4
DCACHE: hits:199186907 misses:5714606 writebacks:5626657  Hit Ratio: 97.21%
SCACHE: size: 512 KB assoc: 2
SCACHE: hits:5712585 misses:2754  Hit Ratio: 99.95%
3CACHE: size: 4096 KB assoc: 2
3CACHE: hits:2326 misses:428  Hit Ratio: 84.46%
3CACHE: dirty items replaced:0
ITLB: size: 48, misses 1, miss rate 0.00%
DTLB: size: 128, misses 1977, miss rate 0.00%
Avg mem delay: 1.884 cycles
----------------------------------------
==== Statistics for Master ID: 3 ====
Reads: 80814991   Writes: 35
ICACHE: size: 64 KB assoc: 2
ICACHE: hits:70846352 misses:631  Hit Ratio: 100.00%
DCACHE: size: 2*16 KB assoc: 2*4
DCACHE: hits:6445707 misses:3522335 writebacks:12  Hit Ratio: 64.66%
SCACHE: size: 512 KB assoc: 2
SCACHE: hits:3441610 misses:81356  Hit Ratio: 97.69%
3CACHE: size: 4096 KB assoc: 2
3CACHE: hits:76452 misses:4904  Hit Ratio: 93.97%
3CACHE: dirty items replaced:23
ITLB: size: 48, misses 4, miss rate 0.00%
DTLB: size: 128, misses 1074, miss rate 0.01%
Avg mem delay: 1.884 cycles
----------------------------------------
==== Global Resource Utilization ====
STASH: size: 65536 entries, full 1129938401, empty 39102913, misses 3789820, full rate 96.34
icache bank util. 0.272 0.220 0.069 0.069 0.076 0.061 0.406 0.403 
dcache bank util. 0.216 0.238 0.237 0.199 0.262 0.264 0.247 0.245 
L2 bank util. 0.052 0.066 0.059 0.050 0.056 0.060 0.052 0.060 
L1-L2 bus util. = 0.304, L3 util. = 0.004
----------------------------------------

======================== 切片硬件状态 ========================
切片号 | 所属安全域 | 当前状态    | 路扩展 | LRU touched
------------------------------------------------------------------
  0    |   域0      | 正常运行   |  否   |  200999998
  1    |   域3      | 正常运行   |  是   |  200999937
  2    |   域3      | 正常运行   |  是   |  200999996
  3    |   域2      | 正常运行   |  否   |  200999999
==================================================================

branch prediction, hits = 83552375, misses = 4547944, hit rate = 94.84%
return_stack prediction, hits = 4967673, misses = 425, hit rate = 99.99%
jump prediction, hits = 88596960, misses = 4813106, hit rate = 94.85%

**** Debug Statistics at 301000000 Cycles *****
Threads: 4		Fetch Width: 8
No of useful instructions fetched:	1469037974 (61.01% proc util.)
No of total instructions fetched:	1661629760 (69.00% proc util.)
 includes 25340977 misfetch (1.5%), 167250809 (10.1%) wrong-path fetches
 and 0 flushed after failed lock(0.0%)
No of useful instructions issued/executed:	1469037919 (61.01% proc util.)
No of total instructions issued/executed:	1533400420 (63.68% proc util.)
 includes 64362501 wrong-path (4.2%) insts and 0 flushed (0.0%)
	fp 170, 0.00%
	synch 0, 0.00%
	integer 1047463457, 68.31%
	load/store 485936793, 31.69%
Avg size of int IQ (before scheduling): 33.75
Avg size of fp IQ (before scheduling): 0.00
No of cycles taken:		301000000
Parallelism [ 1.435, 0.000, 2.107, 1.338,] = 4.881
 IQ conflicts: 986009 (0.33%), FQ conflicts: 0 (0.00%) 
 I reg conflicts: 64284537 (21.36%), FP reg conflicts: 0 (0.00%)
  Activelist confs: 0 (0.00%), ROB confs: 102718 (0.03%)
  Int unit conflicts: 1030893717 (342.49%), FP unit conflicts: 0 (0.00%)
  Load/store unit conflicts: 54572598 (18.13%)
  MSHR conflicts: 191982 (0.06%)
----------------------------------------
==== System-wide Cache Statistics ====
Stall for miss queue full 490 cycles (0.00%)
----------------------------------------
==== Statistics for Master ID: 0 ====
Reads: 286323662   Writes: 35709407
ICACHE: size: 64 KB assoc: 2
ICACHE: hits:156119647 misses:1178681  Hit Ratio: 99.25%
DCACHE: size: 1*16 KB assoc: 1*4
DCACHE: hits:158316760 misses:6417981 writebacks:728304  Hit Ratio: 96.10%
SCACHE: size: 512 KB assoc: 2
SCACHE: hits:7051985 misses:544677  Hit Ratio: 92.83%
3CACHE: size: 4096 KB assoc: 2
3CACHE: hits:460453 misses:84224  Hit Ratio: 84.54%
3CACHE: dirty items replaced:3812
ITLB: size: 48, misses 122, miss rate 0.00%
DTLB: size: 128, misses 513807, miss rate 0.31%
Avg mem delay: 1.909 cycles
----------------------------------------
==== Statistics for Master ID: 2 ====
Reads: 360989593   Writes: 151623071
ICACHE: size: 64 KB assoc: 2
ICACHE: hits:206340928 misses:1525  Hit Ratio: 100.00%
DCACHE: size: 1*16 KB assoc: 1*4
DCACHE: hits:297555246 misses:8715219 writebacks:8585524  Hit Ratio: 97.15%
SCACHE: size: 512 KB assoc: 2
SCACHE: hits:8712941 misses:3548  Hit Ratio: 99.96%
3CACHE: size: 4096 KB assoc: 2
3CACHE: hits:3113 misses:435  Hit Ratio: 87.74%
3CACHE: dirty items replaced:0
ITLB: size: 48, misses 1, miss rate 0.00%
DTLB: size: 128, misses 3230, miss rate 0.00%
Avg mem delay: 1.909 cycles
----------------------------------------
==== Statistics for Master ID: 3 ====
Reads: 121068014   Writes: 35
ICACHE: size: 64 KB assoc: 2
ICACHE: hits:106149609 misses:965  Hit Ratio: 100.00%
DCACHE: size: 2*16 KB assoc: 2*4
DCACHE: hits:9742951 misses:5174523 writebacks:12  Hit Ratio: 65.31%
SCACHE: size: 512 KB assoc: 2
SCACHE: hits:5051516 misses:123972  Hit Ratio: 97.60%
3CACHE: size: 4096 KB assoc: 2
3CACHE: hits:116925 misses:7047  Hit Ratio: 94.32%
3CACHE: dirty items replaced:45
ITLB: size: 48, misses 4, miss rate 0.00%
DTLB: size: 128, misses 1745, miss rate 0.01%
Avg mem delay: 1.909 cycles
----------------------------------------
==== Global Resource Utilization ====
STASH: size: 65536 entries, full 1687195753, empty 60984921, misses 5889682, full rate 96.19
icache bank util. 0.271 0.220 0.069 0.069 0.076 0.061 0.405 0.402 
dcache bank util. 0.217 0.236 0.236 0.200 0.263 0.266 0.247 0.245 
L2 bank util. 0.053 0.067 0.059 0.050 0.056 0.061 0.053 0.060 
L1-L2 bus util. = 0.307, L3 util. = 0.003
----------------------------------------

======================== 切片硬件状态 ========================
切片号 | 所属安全域 | 当前状态    | 路扩展 | LRU touched
------------------------------------------------------------------
  0    |   域0      | 正常运行   |  否   |  300999999
  1    |   域3      | 正常运行   |  是   |  300999971
  2    |   域3      | 正常运行   |  是   |  300999990
  3    |   域2      | 正常运行   |  否   |  300999999
==================================================================

branch prediction, hits = 124297111, misses = 6830761, hit rate = 94.79%
return_stack prediction, hits = 7323513, misses = 680, hit rate = 99.99%
jump prediction, hits = 131648470, misses = 7336860, hit rate = 94.72%

**** Debug Statistics at 401000000 Cycles *****
Threads: 4		Fetch Width: 8
No of useful instructions fetched:	1956199056 (60.98% proc util.)
No of total instructions fetched:	2212308495 (68.96% proc util.)
 includes 34000534 misfetch (1.5%), 222108905 (10.0%) wrong-path fetches
 and 0 flushed after failed lock(0.0%)
No of useful instructions issued/executed:	1956199001 (60.98% proc util.)
No of total instructions issued/executed:	2041926517 (63.65% proc util.)
 includes 85727516 wrong-path (4.2%) insts and 0 flushed (0.0%)
	fp 176, 0.00%
	synch 0, 0.00%
	integer 1394643895, 68.30%
	load/store 647282446, 31.70%
Avg size of int IQ (before scheduling): 33.69
Avg size of fp IQ (before scheduling): 0.00
No of cycles taken:		401000000
Parallelism [ 1.435, 0.000, 2.107, 1.337,] = 4.878
 IQ conflicts: 1272847 (0.32%), FQ conflicts: 0 (0.00%) 
 I reg conflicts: 85827592 (21.40%), FP reg conflicts: 0 (0.00%)
  Activelist confs: 0 (0.00%), ROB confs: 102718 (0.03%)
  Int unit conflicts: 1364374228 (340.24%), FP unit conflicts: 0 (0.00%)
  Load/store unit conflicts: 72396830 (18.05%)
  MSHR conflicts: 245426 (0.06%)
----------------------------------------
==== System-wide Cache Statistics ====
Stall for miss queue full 490 cycles (0.00%)
----------------------------------------
==== Statistics for Master ID: 0 ====
Reads: 381744718   Writes: 47316200
ICACHE: size: 64 KB assoc: 2
ICACHE: hits:208074564 misses:1526344  Hit Ratio: 99.27%
DCACHE: size: 1*16 KB assoc: 1*4
DCACHE: hits:210865197 misses:8594813 writebacks:954156  Hit Ratio: 96.08%
SCACHE: size: 512 KB assoc: 2
SCACHE: hits:9411671 misses:709484  Hit Ratio: 92.99%
3CACHE: size: 4096 KB assoc: 2
3CACHE: hits:608677 misses:100807  Hit Ratio: 85.79%
3CACHE: dirty items replaced:7287
ITLB: size: 48, misses 129, miss rate 0.00%
DTLB: size: 128, misses 698419, miss rate 0.32%
Avg mem delay: 1.918 cycles
----------------------------------------
==== Statistics for Master ID: 2 ====
Reads: 480800737   Writes: 201954273
ICACHE: size: 64 KB assoc: 2
ICACHE: hits:274808697 misses:2041  Hit Ratio: 100.00%
DCACHE: size: 1*16 KB assoc: 1*4
DCACHE: hits:396213379 misses:11731147 writebacks:11554966  Hit Ratio: 97.12%
SCACHE: size: 512 KB assoc: 2
SCACHE: hits:11728558 misses:4375  Hit Ratio: 99.96%
3CACHE: size: 4096 KB assoc: 2
3CACHE: hits:3935 misses:440  Hit Ratio: 89.94%
3CACHE: dirty items replaced:0
ITLB: size: 48, misses 1, miss rate 0.00%
DTLB: size: 128, misses 4384, miss rate 0.00%
Avg mem delay: 1.918 cycles
----------------------------------------
==== Statistics for Master ID: 3 ====
Reads: 161157179   Writes: 36
ICACHE: size: 64 KB assoc: 2
ICACHE: hits:141296437 misses:1290  Hit Ratio: 100.00%
DCACHE: size: 2*16 KB assoc: 2*4
DCACHE: hits:13035562 misses:6823925 writebacks:13  Hit Ratio: 65.64%
SCACHE: size: 512 KB assoc: 2
SCACHE: hits:6660614 misses:164601  Hit Ratio: 97.59%
3CACHE: size: 4096 KB assoc: 2
3CACHE: hits:155632 misses:8969  Hit Ratio: 94.55%
3CACHE: dirty items replaced:60
ITLB: size: 48, misses 4, miss rate 0.00%
DTLB: size: 128, misses 2403, miss rate 0.01%
Avg mem delay: 1.918 cycles
----------------------------------------
==== Global Resource Utilization ====
STASH: size: 65536 entries, full 2246760753, empty 81701067, misses 7877603, full rate 96.17
icache bank util. 0.271 0.219 0.069 0.069 0.076 0.061 0.405 0.402 
dcache bank util. 0.216 0.236 0.235 0.200 0.263 0.267 0.247 0.246 
L2 bank util. 0.053 0.067 0.059 0.050 0.057 0.061 0.053 0.061 
L1-L2 bus util. = 0.308, L3 util. = 0.003
----------------------------------------

======================== 切片硬件状态 ========================
切片号 | 所属安全域 | 当前状态    | 路扩展 | LRU touched
------------------------------------------------------------------
  0    |   域0      | 正常运行   |  否   |  400999995
  1    |   域3      | 正常运行   |  是   |  400999977
  2    |   域3      | 正常运行   |  是   |  400999991
  3    |   域2      | 正常运行   |  否   |  400999999
==================================================================

branch prediction, hits = 165360333, misses = 9074821, hit rate = 94.80%
return_stack prediction, hits = 9823152, misses = 950, hit rate = 99.99%
jump prediction, hits = 175083611, misses = 9869201, hit rate = 94.66%

**** Early Exiting at 409928910 Cycles *****
========================================
 SMTSIM Global Statistics
========================================
Threads: 4		Fetch Width: 8
No of useful instructions fetched:	2000000124 (60.99% proc util.)
No of total instructions fetched:	2261274989 (68.95% proc util.)
 includes 34800766 misfetch (1.5%), 226474099 (10.0%) wrong-path fetches
 and 0 flushed after failed lock(0.0%)
No of useful instructions issued/executed:	2000000054 (60.99% proc util.)
No of total instructions issued/executed:	2087444967 (63.65% proc util.)
 includes 87444913 wrong-path (4.2%) insts and 0 flushed (0.0%)
	fp 176, 0.00%
	synch 0, 0.00%
	integer 1425820412, 68.30%
	load/store 661624379, 31.70%
Avg size of int IQ (before scheduling): 33.70
Avg size of fp IQ (before scheduling): 0.00
No of cycles taken:		409928910
Parallelism [ 1.435, 0.000, 2.107, 1.337,] = 4.879
 IQ conflicts: 1299108 (0.32%), FQ conflicts: 0 (0.00%) 
 I reg conflicts: 87777530 (21.41%), FP reg conflicts: 0 (0.00%)
  Activelist confs: 0 (0.00%), ROB confs: 102718 (0.03%)
  Int unit conflicts: 1394735167 (340.24%), FP unit conflicts: 0 (0.00%)
  Load/store unit conflicts: 73959318 (18.04%)
  MSHR conflicts: 250712 (0.06%)
----------------------------------------
==== System-wide Cache Statistics ====
Stall for miss queue full 490 cycles (0.00%)
----------------------------------------
==== Statistics for Master ID: 0 ====
Reads: 390164690   Writes: 48325653
ICACHE: size: 64 KB assoc: 2
ICACHE: hits:212658263 misses:1560251  Hit Ratio: 99.27%
DCACHE: size: 1*16 KB assoc: 1*4
DCACHE: hits:215487136 misses:8784693 writebacks:972545  Hit Ratio: 96.08%
SCACHE: size: 512 KB assoc: 2
SCACHE: hits:9623880 misses:721064  Hit Ratio: 93.03%
3CACHE: size: 4096 KB assoc: 2
3CACHE: hits:619283 misses:101781  Hit Ratio: 85.88%
3CACHE: dirty items replaced:7469
ITLB: size: 48, misses 129, miss rate 0.00%
DTLB: size: 128, misses 714713, miss rate 0.32%
Avg mem delay: 1.918 cycles
----------------------------------------
==== Statistics for Master ID: 2 ====
Reads: 491486883   Writes: 206453122
ICACHE: size: 64 KB assoc: 2
ICACHE: hits:280906642 misses:2055  Hit Ratio: 100.00%
DCACHE: size: 1*16 KB assoc: 1*4
DCACHE: hits:405031191 misses:12000371 writebacks:11820250  Hit Ratio: 97.12%
SCACHE: size: 512 KB assoc: 2
SCACHE: hits:11997752 misses:4420  Hit Ratio: 99.96%
3CACHE: size: 4096 KB assoc: 2
3CACHE: hits:3980 misses:440  Hit Ratio: 90.05%
3CACHE: dirty items replaced:0
ITLB: size: 48, misses 1, miss rate 0.00%
DTLB: size: 128, misses 4456, miss rate 0.00%
Avg mem delay: 1.918 cycles
----------------------------------------
==== Statistics for Master ID: 3 ====
Reads: 164746121   Writes: 36
ICACHE: size: 64 KB assoc: 2
ICACHE: hits:144442597 misses:1322  Hit Ratio: 100.00%
DCACHE: size: 2*16 KB assoc: 2*4
DCACHE: hits:13330233 misses:6972004 writebacks:13  Hit Ratio: 65.66%
SCACHE: size: 512 KB assoc: 2
SCACHE: hits:6805576 misses:167750  Hit Ratio: 97.59%
3CACHE: size: 4096 KB assoc: 2
3CACHE: hits:158681 misses:9069  Hit Ratio: 94.59%
3CACHE: dirty items replaced:60
ITLB: size: 48, misses 4, miss rate 0.00%
DTLB: size: 128, misses 2461, miss rate 0.01%
Avg mem delay: 1.918 cycles
----------------------------------------
==== Global Resource Utilization ====
STASH: size: 65536 entries, full 2296552719, empty 83501792, misses 8050571, full rate 96.17
icache bank util. 0.271 0.219 0.069 0.069 0.076 0.061 0.405 0.402 
dcache bank util. 0.217 0.236 0.235 0.200 0.262 0.267 0.247 0.246 
L2 bank util. 0.053 0.067 0.059 0.050 0.056 0.061 0.053 0.061 
L1-L2 bus util. = 0.308, L3 util. = 0.003
----------------------------------------

======================== 切片硬件状态 ========================
切片号 | 所属安全域 | 当前状态    | 路扩展 | LRU touched
------------------------------------------------------------------
  0    |   域0      | 正常运行   |  否   |  409928907
  1    |   域3      | 正常运行   |  是   |  409928832
  2    |   域3      | 正常运行   |  是   |  409928909
  3    |   域2      | 正常运行   |  否   |  409928909
==================================================================

branch prediction, hits = 169054774, misses = 9253941, hit rate = 94.81%
return_stack prediction, hits = 10053092, misses = 958, hit rate = 99.99%
jump prediction, hits = 178984500, misses = 10100568, hit rate = 94.66%
total IPC 4.879

=== Results saved to: ./results/crafty_2_smalltrans_1_cacherand_1.txt ===
