===== 执行信息 =====
Cache目录：share32
执行命令：./smtsim ../gcc-200.arg ../cacherand.arg ../crafty.arg ../randacc.arg
执行时间：2026-04-18 04:10:02
返回码：0
===== 输出内容 =====
全共享缓存
Process 0, Thread 0: gcc-200
Process 1, Thread 1: cacherand
Process 2, Thread 2: crafty
Process 3, Thread 3: randacc

**** Debug Statistics at 1000000 Cycles *****
Threads: 4		Fetch Width: 8
No of useful instructions fetched:	3652227 (45.65% proc util.)
No of total instructions fetched:	4055521 (50.69% proc util.)
 includes 26334 misfetch (0.6%), 376960 (9.3%) wrong-path fetches
 and 0 flushed after failed lock(0.0%)
No of useful instructions issued/executed:	3652187 (45.65% proc util.)
No of total instructions issued/executed:	3794199 (47.43% proc util.)
 includes 142012 wrong-path (3.7%) insts and 0 flushed (0.0%)
	fp 91, 0.00%
	synch 0, 0.00%
	integer 3235693, 85.28%
	load/store 558415, 14.72%
Avg size of int IQ (before scheduling): 26.25
Avg size of fp IQ (before scheduling): 0.00
No of cycles taken:		1000000
Parallelism [ 0.783, 0.845, 1.090, 0.934,] = 3.652
 IQ conflicts: 431 (0.04%), FQ conflicts: 0 (0.00%) 
 I reg conflicts: 402722 (40.27%), FP reg conflicts: 0 (0.00%)
  Activelist confs: 0 (0.00%), ROB confs: 397 (0.04%)
  Int unit conflicts: 1513882 (151.39%), FP unit conflicts: 1 (0.00%)
  Load/store unit conflicts: 32940 (3.29%)
  MSHR conflicts: 51260 (5.13%)
----------------------------------------
==== System-wide Cache Statistics ====
Stall for miss queue full 0 cycles (0.00%)
----------------------------------------
==== Statistics for Master ID: 0 ====
Reads: 461227   Writes: 120821
ICACHE: size: 64 KB assoc: 2
ICACHE: hits:285560 misses:1807  Hit Ratio: 99.37%
DCACHE: size: 32 KB assoc: 8
DCACHE: hits:289986 misses:4695 writebacks:4159  Hit Ratio: 98.41%
SCACHE: size: 512 KB assoc: 2
SCACHE: hits:1810 misses:4692  Hit Ratio: 27.84%
3CACHE: size: 4096 KB assoc: 2
3CACHE: hits:330 misses:4362  Hit Ratio: 7.03%
3CACHE: dirty items replaced:0
ITLB: size: 48, misses 109, miss rate 0.04%
DTLB: size: 128, misses 162, miss rate 0.05%
Avg mem delay: 2.883 cycles
----------------------------------------
==== Statistics for Master ID: 1 ====
Reads: 244396   Writes: 35
ICACHE: size: 64 KB assoc: 2
ICACHE: hits:212982 misses:55  Hit Ratio: 99.97%
DCACHE: size: 32 KB assoc: 8
DCACHE: hits:9760 misses:21634 writebacks:19500  Hit Ratio: 31.09%
SCACHE: size: 512 KB assoc: 2
SCACHE: hits:20128 misses:1561  Hit Ratio: 92.80%
3CACHE: size: 4096 KB assoc: 2
3CACHE: hits:583 misses:978  Hit Ratio: 37.35%
3CACHE: dirty items replaced:0
ITLB: size: 48, misses 4, miss rate 0.00%
DTLB: size: 128, misses 22, miss rate 0.07%
Avg mem delay: 2.883 cycles
----------------------------------------
==== Statistics for Master ID: 2 ====
Reads: 509362   Writes: 55126
ICACHE: size: 64 KB assoc: 2
ICACHE: hits:388028 misses:163  Hit Ratio: 99.96%
DCACHE: size: 32 KB assoc: 8
DCACHE: hits:175164 misses:1133 writebacks:866  Hit Ratio: 99.36%
SCACHE: size: 512 KB assoc: 2
SCACHE: hits:70 misses:1226  Hit Ratio: 5.40%
3CACHE: size: 4096 KB assoc: 2
3CACHE: hits:32 misses:1194  Hit Ratio: 2.61%
3CACHE: dirty items replaced:0
ITLB: size: 48, misses 17, miss rate 0.00%
DTLB: size: 128, misses 41, miss rate 0.02%
Avg mem delay: 2.883 cycles
----------------------------------------
==== Statistics for Master ID: 3 ====
Reads: 331353   Writes: 36
ICACHE: size: 64 KB assoc: 2
ICACHE: hits:275505 misses:67  Hit Ratio: 99.98%
DCACHE: size: 32 KB assoc: 8
DCACHE: hits:39856 misses:15961 writebacks:14336  Hit Ratio: 71.40%
SCACHE: size: 512 KB assoc: 2
SCACHE: hits:14597 misses:1431  Hit Ratio: 91.07%
3CACHE: size: 4096 KB assoc: 2
3CACHE: hits:529 misses:902  Hit Ratio: 36.97%
3CACHE: dirty items replaced:0
ITLB: size: 48, misses 4, miss rate 0.00%
DTLB: size: 128, misses 22, miss rate 0.04%
Avg mem delay: 2.883 cycles
----------------------------------------
==== Global Resource Utilization ====
STASH: size: 65536 entries, full 4236551, empty 44057, misses 4150, full rate 98.87
icache bank util. 0.342 0.267 0.095 0.044 0.062 0.103 0.129 0.129 
dcache bank util. 0.083 0.092 0.064 0.072 0.077 0.113 0.190 0.114 
L2 bank util. 0.051 0.048 0.045 0.047 0.046 0.046 0.047 0.049 
L1-L2 bus util. = 0.253, L3 util. = 0.074
----------------------------------------
branch prediction, hits = 321125, misses = 25095, hit rate = 92.75%
return_stack prediction, hits = 14265, misses = 8, hit rate = 99.94%
jump prediction, hits = 379059, misses = 7564, hit rate = 98.04%
 abend_ adia_ adib_ ambm6_ analie6_
**** Debug Statistics at 101000000 Cycles *****
Threads: 4		Fetch Width: 8
No of useful instructions fetched:	290384417 (35.94% proc util.)
No of total instructions fetched:	342926463 (42.44% proc util.)
 includes 12337757 misfetch (3.6%), 40204289 (11.7%) wrong-path fetches
 and 0 flushed after failed lock(0.0%)
No of useful instructions issued/executed:	290384396 (35.94% proc util.)
No of total instructions issued/executed:	310141319 (38.38% proc util.)
 includes 19756923 wrong-path (6.4%) insts and 0 flushed (0.0%)
	fp 10500, 0.00%
	synch 0, 0.00%
	integer 252124025, 81.29%
	load/store 58006794, 18.70%
Avg size of int IQ (before scheduling): 23.03
Avg size of fp IQ (before scheduling): 0.00
No of cycles taken:		101000000
Parallelism [ 0.602, 0.771, 0.654, 0.848,] = 2.875
 IQ conflicts: 79185 (0.08%), FQ conflicts: 0 (0.00%) 
 I reg conflicts: 50100947 (49.60%), FP reg conflicts: 0 (0.00%)
  Activelist confs: 0 (0.00%), ROB confs: 33937 (0.03%)
  Int unit conflicts: 67684595 (67.01%), FP unit conflicts: 4 (0.00%)
  Load/store unit conflicts: 4166128 (4.12%)
  MSHR conflicts: 719618 (0.71%)
----------------------------------------
==== System-wide Cache Statistics ====
Stall for miss queue full 0 cycles (0.00%)
----------------------------------------
==== Statistics for Master ID: 0 ====
Reads: 45059348   Writes: 7876812
ICACHE: size: 64 KB assoc: 2
ICACHE: hits:25021650 misses:903390  Hit Ratio: 96.52%
DCACHE: size: 32 KB assoc: 8
DCACHE: hits:25799991 misses:1211129 writebacks:1210573  Hit Ratio: 95.52%
SCACHE: size: 512 KB assoc: 2
SCACHE: hits:1762890 misses:351628  Hit Ratio: 83.37%
3CACHE: size: 4096 KB assoc: 2
3CACHE: hits:276975 misses:74653  Hit Ratio: 78.77%
3CACHE: dirty items replaced:2254
ITLB: size: 48, misses 68377, miss rate 0.26%
DTLB: size: 128, misses 96533, miss rate 0.36%
Avg mem delay: 4.182 cycles
----------------------------------------
==== Statistics for Master ID: 1 ====
Reads: 22876994   Writes: 36
ICACHE: size: 64 KB assoc: 2
ICACHE: hits:19821647 misses:170052  Hit Ratio: 99.15%
DCACHE: size: 32 KB assoc: 8
DCACHE: hits:570245 misses:2315086 writebacks:2312916  Hit Ratio: 19.76%
SCACHE: size: 512 KB assoc: 2
SCACHE: hits:2173627 misses:311510  Hit Ratio: 87.47%
3CACHE: size: 4096 KB assoc: 2
3CACHE: hits:200078 misses:111432  Hit Ratio: 64.23%
3CACHE: dirty items replaced:33
ITLB: size: 48, misses 4, miss rate 0.00%
DTLB: size: 128, misses 2175, miss rate 0.08%
Avg mem delay: 4.182 cycles
----------------------------------------
==== Statistics for Master ID: 2 ====
Reads: 42018972   Writes: 5138928
ICACHE: size: 64 KB assoc: 2
ICACHE: hits:23396808 misses:815479  Hit Ratio: 96.63%
DCACHE: size: 32 KB assoc: 8
DCACHE: hits:21590125 misses:1355488 writebacks:1355220  Hit Ratio: 94.09%
SCACHE: size: 512 KB assoc: 2
SCACHE: hits:1713972 misses:456995  Hit Ratio: 78.95%
3CACHE: size: 4096 KB assoc: 2
3CACHE: hits:295543 misses:161452  Hit Ratio: 64.67%
3CACHE: dirty items replaced:1127
ITLB: size: 48, misses 14885, miss rate 0.06%
DTLB: size: 128, misses 136183, miss rate 0.59%
Avg mem delay: 4.182 cycles
----------------------------------------
==== Statistics for Master ID: 3 ====
Reads: 30096931   Writes: 45
ICACHE: size: 64 KB assoc: 2
ICACHE: hits:24793742 misses:197453  Hit Ratio: 99.21%
DCACHE: size: 32 KB assoc: 8
DCACHE: hits:3281485 misses:1824296 writebacks:1822643  Hit Ratio: 64.27%
SCACHE: size: 512 KB assoc: 2
SCACHE: hits:1768582 misses:253167  Hit Ratio: 87.48%
3CACHE: size: 4096 KB assoc: 2
3CACHE: hits:142435 misses:110732  Hit Ratio: 56.26%
3CACHE: dirty items replaced:43
ITLB: size: 48, misses 4, miss rate 0.00%
DTLB: size: 128, misses 10314, miss rate 0.20%
Avg mem delay: 4.182 cycles
----------------------------------------
==== Global Resource Utilization ====
STASH: size: 65536 entries, full 351129910, empty 14788060, misses 1337212, full rate 95.61
icache bank util. 0.272 0.247 0.109 0.067 0.073 0.063 0.065 0.107 
dcache bank util. 0.113 0.125 0.114 0.099 0.128 0.148 0.122 0.123 
L2 bank util. 0.098 0.101 0.081 0.077 0.082 0.082 0.081 0.089 
L1-L2 bus util. = 0.460, L3 util. = 0.045
----------------------------------------
branch prediction, hits = 19590729, misses = 2409914, hit rate = 89.05%
return_stack prediction, hits = 1936408, misses = 1283, hit rate = 99.93%
jump prediction, hits = 21011458, misses = 3771281, hit rate = 84.78%
 betalf_
**** Debug Statistics at 201000000 Cycles *****
Threads: 4		Fetch Width: 8
No of useful instructions fetched:	566836631 (35.25% proc util.)
No of total instructions fetched:	672403334 (41.82% proc util.)
 includes 25914437 misfetch (3.9%), 79652266 (11.8%) wrong-path fetches
 and 0 flushed after failed lock(0.0%)
No of useful instructions issued/executed:	566836600 (35.25% proc util.)
No of total instructions issued/executed:	606495853 (37.72% proc util.)
 includes 39659253 wrong-path (6.5%) insts and 0 flushed (0.0%)
	fp 13802, 0.00%
	synch 0, 0.00%
	integer 490815428, 80.93%
	load/store 115666623, 19.07%
Avg size of int IQ (before scheduling): 22.89
Avg size of fp IQ (before scheduling): 0.00
No of cycles taken:		201000000
Parallelism [ 0.602, 0.762, 0.619, 0.838,] = 2.820
 IQ conflicts: 191459 (0.10%), FQ conflicts: 0 (0.00%) 
 I reg conflicts: 101263374 (50.38%), FP reg conflicts: 0 (0.00%)
  Activelist confs: 18 (0.00%), ROB confs: 48834 (0.02%)
  Int unit conflicts: 129597715 (64.48%), FP unit conflicts: 6 (0.00%)
  Load/store unit conflicts: 8983675 (4.47%)
  MSHR conflicts: 2218516 (1.10%)
----------------------------------------
==== System-wide Cache Statistics ====
Stall for miss queue full 0 cycles (0.00%)
----------------------------------------
==== Statistics for Master ID: 0 ====
Reads: 90775142   Writes: 16176413
ICACHE: size: 64 KB assoc: 2
ICACHE: hits:50143285 misses:1802261  Hit Ratio: 96.53%
DCACHE: size: 32 KB assoc: 8
DCACHE: hits:52529686 misses:2476323 writebacks:2475767  Hit Ratio: 95.50%
SCACHE: size: 512 KB assoc: 2
SCACHE: hits:3592174 misses:686410  Hit Ratio: 83.96%
3CACHE: size: 4096 KB assoc: 2
3CACHE: hits:559326 misses:127084  Hit Ratio: 81.49%
3CACHE: dirty items replaced:7223
ITLB: size: 48, misses 134535, miss rate 0.26%
DTLB: size: 128, misses 209449, miss rate 0.38%
Avg mem delay: 4.309 cycles
----------------------------------------
==== Statistics for Master ID: 1 ====
Reads: 45046393   Writes: 41
ICACHE: size: 64 KB assoc: 2
ICACHE: hits:39052031 misses:322113  Hit Ratio: 99.18%
DCACHE: size: 32 KB assoc: 8
DCACHE: hits:1098530 misses:4573760 writebacks:4571590  Hit Ratio: 19.37%
SCACHE: size: 512 KB assoc: 2
SCACHE: hits:4264668 misses:631205  Hit Ratio: 87.11%
3CACHE: size: 4096 KB assoc: 2
3CACHE: hits:397187 misses:234018  Hit Ratio: 62.93%
3CACHE: dirty items replaced:2025
ITLB: size: 48, misses 4, miss rate 0.00%
DTLB: size: 128, misses 4774, miss rate 0.08%
Avg mem delay: 4.309 cycles
----------------------------------------
==== Statistics for Master ID: 2 ====
Reads: 80812409   Writes: 9859527
ICACHE: size: 64 KB assoc: 2
ICACHE: hits:44154087 misses:1704747  Hit Ratio: 96.28%
DCACHE: size: 32 KB assoc: 8
DCACHE: hits:42039536 misses:2773566 writebacks:2773298  Hit Ratio: 93.81%
SCACHE: size: 512 KB assoc: 2
SCACHE: hits:3582290 misses:896023  Hit Ratio: 79.99%
3CACHE: size: 4096 KB assoc: 2
3CACHE: hits:590928 misses:305095  Hit Ratio: 65.95%
3CACHE: dirty items replaced:4292
ITLB: size: 48, misses 31273, miss rate 0.07%
DTLB: size: 128, misses 297817, miss rate 0.66%
Avg mem delay: 4.309 cycles
----------------------------------------
==== Statistics for Master ID: 3 ====
Reads: 59264321   Writes: 56
ICACHE: size: 64 KB assoc: 2
ICACHE: hits:48852392 misses:375280  Hit Ratio: 99.24%
DCACHE: size: 32 KB assoc: 8
DCACHE: hits:6424158 misses:3612547 writebacks:3610894  Hit Ratio: 64.01%
SCACHE: size: 512 KB assoc: 2
SCACHE: hits:3471039 misses:516788  Hit Ratio: 87.04%
3CACHE: size: 4096 KB assoc: 2
3CACHE: hits:283114 misses:233674  Hit Ratio: 54.78%
3CACHE: dirty items replaced:2066
ITLB: size: 48, misses 4, miss rate 0.00%
DTLB: size: 128, misses 22369, miss rate 0.22%
Avg mem delay: 4.309 cycles
----------------------------------------
==== Global Resource Utilization ====
STASH: size: 65536 entries, full 688033544, empty 29679974, misses 2697338, full rate 95.51
icache bank util. 0.269 0.243 0.107 0.067 0.073 0.063 0.064 0.106 
dcache bank util. 0.110 0.122 0.115 0.101 0.130 0.154 0.121 0.121 
L2 bank util. 0.098 0.101 0.082 0.077 0.082 0.083 0.081 0.090 
L1-L2 bus util. = 0.464, L3 util. = 0.045
----------------------------------------
branch prediction, hits = 37959242, misses = 4758745, hit rate = 88.86%
return_stack prediction, hits = 3768852, misses = 3199, hit rate = 99.92%
jump prediction, hits = 40138757, misses = 7880223, hit rate = 83.59%
 block_
**** Debug Statistics at 301000000 Cycles *****
Threads: 4		Fetch Width: 8
No of useful instructions fetched:	844810887 (35.08% proc util.)
No of total instructions fetched:	1000609017 (41.55% proc util.)
 includes 37738916 misfetch (3.8%), 118059214 (11.8%) wrong-path fetches
 and 0 flushed after failed lock(0.0%)
No of useful instructions issued/executed:	844810840 (35.08% proc util.)
No of total instructions issued/executed:	903947501 (37.54% proc util.)
 includes 59136661 wrong-path (6.5%) insts and 0 flushed (0.0%)
	fp 39880, 0.00%
	synch 0, 0.00%
	integer 730231655, 80.78%
	load/store 173675966, 19.21%
Avg size of int IQ (before scheduling): 23.02
Avg size of fp IQ (before scheduling): 0.00
No of cycles taken:		301000000
Parallelism [ 0.612, 0.754, 0.612, 0.829,] = 2.807
 IQ conflicts: 418730 (0.14%), FQ conflicts: 0 (0.00%) 
 I reg conflicts: 152358307 (50.62%), FP reg conflicts: 0 (0.00%)
  Activelist confs: 41 (0.00%), ROB confs: 78694 (0.03%)
  Int unit conflicts: 192390471 (63.92%), FP unit conflicts: 7 (0.00%)
  Load/store unit conflicts: 13353150 (4.44%)
  MSHR conflicts: 3400647 (1.13%)
----------------------------------------
==== System-wide Cache Statistics ====
Stall for miss queue full 0 cycles (0.00%)
----------------------------------------
==== Statistics for Master ID: 0 ====
Reads: 136886548   Writes: 24275689
ICACHE: size: 64 KB assoc: 2
ICACHE: hits:75835627 misses:2533282  Hit Ratio: 96.77%
DCACHE: size: 32 KB assoc: 8
DCACHE: hits:79089182 misses:3704146 writebacks:3703590  Hit Ratio: 95.53%
SCACHE: size: 512 KB assoc: 2
SCACHE: hits:5178359 misses:1059067  Hit Ratio: 83.02%
3CACHE: size: 4096 KB assoc: 2
3CACHE: hits:887682 misses:171385  Hit Ratio: 83.82%
3CACHE: dirty items replaced:13876
ITLB: size: 48, misses 179662, miss rate 0.23%
DTLB: size: 128, misses 368764, miss rate 0.45%
Avg mem delay: 4.403 cycles
----------------------------------------
==== Statistics for Master ID: 1 ====
Reads: 66638069   Writes: 42
ICACHE: size: 64 KB assoc: 2
ICACHE: hits:57711105 misses:523204  Hit Ratio: 99.10%
DCACHE: size: 32 KB assoc: 8
DCACHE: hits:1611507 misses:6792295 writebacks:6790125  Hit Ratio: 19.18%
SCACHE: size: 512 KB assoc: 2
SCACHE: hits:6333547 misses:981952  Hit Ratio: 86.58%
3CACHE: size: 4096 KB assoc: 2
3CACHE: hits:634253 misses:347699  Hit Ratio: 64.59%
3CACHE: dirty items replaced:5899
ITLB: size: 48, misses 4, miss rate 0.00%
DTLB: size: 128, misses 7502, miss rate 0.09%
Avg mem delay: 4.403 cycles
----------------------------------------
==== Statistics for Master ID: 2 ====
Reads: 120838993   Writes: 14759610
ICACHE: size: 64 KB assoc: 2
ICACHE: hits:65647053 misses:2537861  Hit Ratio: 96.28%
DCACHE: size: 32 KB assoc: 8
DCACHE: hits:63169044 misses:4244645 writebacks:4244377  Hit Ratio: 93.70%
SCACHE: size: 512 KB assoc: 2
SCACHE: hits:5449301 misses:1333204  Hit Ratio: 80.34%
3CACHE: size: 4096 KB assoc: 2
3CACHE: hits:892366 misses:440837  Hit Ratio: 66.93%
3CACHE: dirty items replaced:11548
ITLB: size: 48, misses 43499, miss rate 0.06%
DTLB: size: 128, misses 474997, miss rate 0.70%
Avg mem delay: 4.403 cycles
----------------------------------------
==== Statistics for Master ID: 3 ====
Reads: 87716317   Writes: 70
ICACHE: size: 64 KB assoc: 2
ICACHE: hits:72233503 misses:607128  Hit Ratio: 99.17%
DCACHE: size: 32 KB assoc: 8
DCACHE: hits:9504286 misses:5371470 writebacks:5369817  Hit Ratio: 63.89%
SCACHE: size: 512 KB assoc: 2
SCACHE: hits:5178720 misses:799877  Hit Ratio: 86.62%
3CACHE: size: 4096 KB assoc: 2
3CACHE: hits:453474 misses:346403  Hit Ratio: 56.69%
3CACHE: dirty items replaced:6118
ITLB: size: 48, misses 4, miss rate 0.00%
DTLB: size: 128, misses 35374, miss rate 0.24%
Avg mem delay: 4.403 cycles
----------------------------------------
==== Global Resource Utilization ====
STASH: size: 65536 entries, full 1024763056, empty 43271487, misses 3939667, full rate 95.60
icache bank util. 0.265 0.240 0.107 0.068 0.073 0.062 0.063 0.105 
dcache bank util. 0.111 0.121 0.116 0.100 0.128 0.157 0.122 0.122 
L2 bank util. 0.098 0.102 0.082 0.077 0.081 0.083 0.080 0.090 
L1-L2 bus util. = 0.463, L3 util. = 0.043
----------------------------------------
branch prediction, hits = 56878950, misses = 6997557, hit rate = 89.05%
return_stack prediction, hits = 5621834, misses = 5093, hit rate = 99.91%
jump prediction, hits = 60306532, misses = 11469121, hit rate = 84.02%
 blockdis_
**** Debug Statistics at 401000000 Cycles *****
Threads: 4		Fetch Width: 8
No of useful instructions fetched:	1129342181 (35.20% proc util.)
No of total instructions fetched:	1332836179 (41.55% proc util.)
 includes 49244616 misfetch (3.7%), 154249382 (11.6%) wrong-path fetches
 and 0 flushed after failed lock(0.0%)
No of useful instructions issued/executed:	1129342132 (35.20% proc util.)
No of total instructions issued/executed:	1206736466 (37.62% proc util.)
 includes 77394334 wrong-path (6.4%) insts and 0 flushed (0.0%)
	fp 49363, 0.00%
	synch 0, 0.00%
	integer 973181022, 80.65%
	load/store 233506081, 19.35%
Avg size of int IQ (before scheduling): 23.13
Avg size of fp IQ (before scheduling): 0.00
No of cycles taken:		401000000
Parallelism [ 0.625, 0.751, 0.613, 0.827,] = 2.816
 IQ conflicts: 642782 (0.16%), FQ conflicts: 0 (0.00%) 
 I reg conflicts: 202896282 (50.60%), FP reg conflicts: 0 (0.00%)
  Activelist confs: 135 (0.00%), ROB confs: 121798 (0.03%)
  Int unit conflicts: 259761893 (64.78%), FP unit conflicts: 9 (0.00%)
  Load/store unit conflicts: 18163640 (4.53%)
  MSHR conflicts: 4169611 (1.04%)
----------------------------------------
==== System-wide Cache Statistics ====
Stall for miss queue full 0 cycles (0.00%)
----------------------------------------
==== Statistics for Master ID: 0 ====
Reads: 184127294   Writes: 32779023
ICACHE: size: 64 KB assoc: 2
ICACHE: hits:102305584 misses:3212794  Hit Ratio: 96.96%
DCACHE: size: 32 KB assoc: 8
DCACHE: hits:106348947 misses:5038992 writebacks:5038436  Hit Ratio: 95.48%
SCACHE: size: 512 KB assoc: 2
SCACHE: hits:6871816 misses:1379970  Hit Ratio: 83.28%
3CACHE: size: 4096 KB assoc: 2
3CACHE: hits:1156517 misses:223452  Hit Ratio: 83.81%
3CACHE: dirty items replaced:26294
ITLB: size: 48, misses 222656, miss rate 0.21%
DTLB: size: 128, misses 509215, miss rate 0.46%
Avg mem delay: 4.408 cycles
----------------------------------------
==== Statistics for Master ID: 1 ====
Reads: 88403006   Writes: 48
ICACHE: size: 64 KB assoc: 2
ICACHE: hits:76549959 misses:692117  Hit Ratio: 99.10%
DCACHE: size: 32 KB assoc: 8
DCACHE: hits:2119661 misses:9041317 writebacks:9039147  Hit Ratio: 18.99%
SCACHE: size: 512 KB assoc: 2
SCACHE: hits:8428092 misses:1305342  Hit Ratio: 86.59%
3CACHE: size: 4096 KB assoc: 2
3CACHE: hits:840658 misses:464684  Hit Ratio: 64.40%
3CACHE: dirty items replaced:14716
ITLB: size: 48, misses 4, miss rate 0.00%
DTLB: size: 128, misses 10197, miss rate 0.09%
Avg mem delay: 4.408 cycles
----------------------------------------
==== Statistics for Master ID: 2 ====
Reads: 162145269   Writes: 19885803
ICACHE: size: 64 KB assoc: 2
ICACHE: hits:87723128 misses:3359752  Hit Ratio: 96.31%
DCACHE: size: 32 KB assoc: 8
DCACHE: hits:85213134 misses:5735058 writebacks:5734790  Hit Ratio: 93.69%
SCACHE: size: 512 KB assoc: 2
SCACHE: hits:7350401 misses:1744409  Hit Ratio: 80.82%
3CACHE: size: 4096 KB assoc: 2
3CACHE: hits:1171931 misses:572478  Hit Ratio: 67.18%
3CACHE: dirty items replaced:21880
ITLB: size: 48, misses 54426, miss rate 0.06%
DTLB: size: 128, misses 642201, miss rate 0.71%
Avg mem delay: 4.408 cycles
----------------------------------------
==== Statistics for Master ID: 3 ====
Reads: 116465009   Writes: 81
ICACHE: size: 64 KB assoc: 2
ICACHE: hits:95898021 misses:803700  Hit Ratio: 99.17%
DCACHE: size: 32 KB assoc: 8
DCACHE: hits:12606449 misses:7156920 writebacks:7155267  Hit Ratio: 63.79%
SCACHE: size: 512 KB assoc: 2
SCACHE: hits:6892630 misses:1067990  Hit Ratio: 86.58%
3CACHE: size: 4096 KB assoc: 2
3CACHE: hits:605544 misses:462446  Hit Ratio: 56.70%
3CACHE: dirty items replaced:15156
ITLB: size: 48, misses 4, miss rate 0.00%
DTLB: size: 128, misses 48172, miss rate 0.24%
Avg mem delay: 4.408 cycles
----------------------------------------
==== Global Resource Utilization ====
STASH: size: 65536 entries, full 1366336628, empty 56640455, misses 5177141, full rate 95.67
icache bank util. 0.265 0.239 0.107 0.070 0.074 0.062 0.063 0.105 
dcache bank util. 0.111 0.123 0.119 0.102 0.129 0.157 0.122 0.123 
L2 bank util. 0.097 0.102 0.083 0.078 0.081 0.083 0.080 0.089 
L1-L2 bus util. = 0.464, L3 util. = 0.043
----------------------------------------
branch prediction, hits = 76882619, misses = 9131757, hit rate = 89.38%
return_stack prediction, hits = 7629210, misses = 6830, hit rate = 99.91%
jump prediction, hits = 81593128, misses = 14987914, hit rate = 84.48%
 caconv_ calrms_ chroma_
**** Debug Statistics at 501000000 Cycles *****
Threads: 4		Fetch Width: 8
No of useful instructions fetched:	1409243505 (35.16% proc util.)
No of total instructions fetched:	1663184516 (41.50% proc util.)
 includes 61496702 misfetch (3.7%), 192444309 (11.6%) wrong-path fetches
 and 0 flushed after failed lock(0.0%)
No of useful instructions issued/executed:	1409243457 (35.16% proc util.)
No of total instructions issued/executed:	1505619709 (37.57% proc util.)
 includes 96376252 wrong-path (6.4%) insts and 0 flushed (0.0%)
	fp 63184, 0.00%
	synch 0, 0.00%
	integer 1213385051, 80.59%
	load/store 292171474, 19.41%
Avg size of int IQ (before scheduling): 23.08
Avg size of fp IQ (before scheduling): 0.00
No of cycles taken:		501000000
Parallelism [ 0.628, 0.750, 0.610, 0.825,] = 2.813
 IQ conflicts: 804118 (0.16%), FQ conflicts: 0 (0.00%) 
 I reg conflicts: 253697797 (50.64%), FP reg conflicts: 0 (0.00%)
  Activelist confs: 143 (0.00%), ROB confs: 156835 (0.03%)
  Int unit conflicts: 324624791 (64.80%), FP unit conflicts: 10 (0.00%)
  Load/store unit conflicts: 22756100 (4.54%)
  MSHR conflicts: 4797245 (0.96%)
----------------------------------------
==== System-wide Cache Statistics ====
Stall for miss queue full 0 cycles (0.00%)
----------------------------------------
==== Statistics for Master ID: 0 ====
Reads: 230698680   Writes: 41187717
ICACHE: size: 64 KB assoc: 2
ICACHE: hits:128296823 misses:3988060  Hit Ratio: 96.99%
DCACHE: size: 32 KB assoc: 8
DCACHE: hits:133450855 misses:6150659 writebacks:6150103  Hit Ratio: 95.59%
SCACHE: size: 512 KB assoc: 2
SCACHE: hits:8429509 misses:1709210  Hit Ratio: 83.14%
3CACHE: size: 4096 KB assoc: 2
3CACHE: hits:1426679 misses:282531  Hit Ratio: 83.47%
3CACHE: dirty items replaced:42361
ITLB: size: 48, misses 276928, miss rate 0.21%
DTLB: size: 128, misses 622535, miss rate 0.45%
Avg mem delay: 4.400 cycles
----------------------------------------
==== Statistics for Master ID: 1 ====
Reads: 110215379   Writes: 55
ICACHE: size: 64 KB assoc: 2
ICACHE: hits:95432234 misses:867115  Hit Ratio: 99.10%
DCACHE: size: 32 KB assoc: 8
DCACHE: hits:2640367 misses:11275718 writebacks:11273548  Hit Ratio: 18.97%
SCACHE: size: 512 KB assoc: 2
SCACHE: hits:10512941 misses:1629892  Hit Ratio: 86.58%
3CACHE: size: 4096 KB assoc: 2
3CACHE: hits:1042993 misses:586899  Hit Ratio: 63.99%
3CACHE: dirty items replaced:30894
ITLB: size: 48, misses 4, miss rate 0.00%
DTLB: size: 128, misses 12770, miss rate 0.09%
Avg mem delay: 4.400 cycles
----------------------------------------
==== Statistics for Master ID: 2 ====
Reads: 202277166   Writes: 24837513
ICACHE: size: 64 KB assoc: 2
ICACHE: hits:109181116 misses:4220409  Hit Ratio: 96.28%
DCACHE: size: 32 KB assoc: 8
DCACHE: hits:106475239 misses:7237915 writebacks:7237647  Hit Ratio: 93.63%
SCACHE: size: 512 KB assoc: 2
SCACHE: hits:9284644 misses:2173680  Hit Ratio: 81.03%
3CACHE: size: 4096 KB assoc: 2
3CACHE: hits:1463863 misses:709817  Hit Ratio: 67.34%
3CACHE: dirty items replaced:41583
ITLB: size: 48, misses 66539, miss rate 0.06%
DTLB: size: 128, misses 808772, miss rate 0.71%
Avg mem delay: 4.400 cycles
----------------------------------------
==== Statistics for Master ID: 3 ====
Reads: 145219797   Writes: 101
ICACHE: size: 64 KB assoc: 2
ICACHE: hits:119571699 misses:1006411  Hit Ratio: 99.17%
DCACHE: size: 32 KB assoc: 8
DCACHE: hits:15714414 misses:8927374 writebacks:8925721  Hit Ratio: 63.77%
SCACHE: size: 512 KB assoc: 2
SCACHE: hits:8597165 misses:1336620  Hit Ratio: 86.54%
3CACHE: size: 4096 KB assoc: 2
3CACHE: hits:752212 misses:584408  Hit Ratio: 56.28%
3CACHE: dirty items replaced:31381
ITLB: size: 48, misses 4, miss rate 0.00%
DTLB: size: 128, misses 60400, miss rate 0.25%
Avg mem delay: 4.400 cycles
----------------------------------------
==== Global Resource Utilization ====
STASH: size: 65536 entries, full 1704446595, empty 71396252, misses 6524664, full rate 95.63
icache bank util. 0.264 0.239 0.107 0.070 0.074 0.062 0.063 0.104 
dcache bank util. 0.111 0.121 0.119 0.102 0.129 0.157 0.122 0.123 
L2 bank util. 0.097 0.101 0.083 0.077 0.081 0.083 0.080 0.089 
L1-L2 bus util. = 0.463, L3 util. = 0.043
----------------------------------------
branch prediction, hits = 95911914, misses = 11430050, hit rate = 89.35%
return_stack prediction, hits = 9537093, misses = 8483, hit rate = 99.91%
jump prediction, hits = 101892134, misses = 18723679, hit rate = 84.48%
 cinvar_ clor6_
**** Debug Statistics at 601000000 Cycles *****
Threads: 4		Fetch Width: 8
No of useful instructions fetched:	1683287757 (35.01% proc util.)
No of total instructions fetched:	1989297677 (41.37% proc util.)
 includes 73757627 misfetch (3.7%), 232252293 (11.7%) wrong-path fetches
 and 0 flushed after failed lock(0.0%)
No of useful instructions issued/executed:	1683287737 (35.01% proc util.)
No of total instructions issued/executed:	1799704668 (37.43% proc util.)
 includes 116416931 wrong-path (6.5%) insts and 0 flushed (0.0%)
	fp 70905, 0.00%
	synch 0, 0.00%
	integer 1450178351, 80.58%
	load/store 349455412, 19.42%
Avg size of int IQ (before scheduling): 23.02
Avg size of fp IQ (before scheduling): 0.00
No of cycles taken:		601000000
Parallelism [ 0.626, 0.747, 0.607, 0.821,] = 2.801
 IQ conflicts: 958894 (0.16%), FQ conflicts: 0 (0.00%) 
 I reg conflicts: 305159804 (50.78%), FP reg conflicts: 0 (0.00%)
  Activelist confs: 143 (0.00%), ROB confs: 184660 (0.03%)
  Int unit conflicts: 386864653 (64.37%), FP unit conflicts: 11 (0.00%)
  Load/store unit conflicts: 27172267 (4.52%)
  MSHR conflicts: 5391428 (0.90%)
----------------------------------------
==== System-wide Cache Statistics ====
Stall for miss queue full 0 cycles (0.00%)
----------------------------------------
==== Statistics for Master ID: 0 ====
Reads: 276365988   Writes: 49028544
ICACHE: size: 64 KB assoc: 2
ICACHE: hits:153730424 misses:4769523  Hit Ratio: 96.99%
DCACHE: size: 32 KB assoc: 8
DCACHE: hits:159582431 misses:7312154 writebacks:7311598  Hit Ratio: 95.62%
SCACHE: size: 512 KB assoc: 2
SCACHE: hits:10047484 misses:2034193  Hit Ratio: 83.16%
3CACHE: size: 4096 KB assoc: 2
3CACHE: hits:1672426 misses:361767  Hit Ratio: 82.22%
3CACHE: dirty items replaced:65679
ITLB: size: 48, misses 327437, miss rate 0.21%
DTLB: size: 128, misses 728854, miss rate 0.44%
Avg mem delay: 4.408 cycles
----------------------------------------
==== Statistics for Master ID: 1 ====
Reads: 131691661   Writes: 59
ICACHE: size: 64 KB assoc: 2
ICACHE: hits:114009853 misses:1060672  Hit Ratio: 99.08%
DCACHE: size: 32 KB assoc: 8
DCACHE: hits:3149390 misses:13471805 writebacks:13469635  Hit Ratio: 18.95%
SCACHE: size: 512 KB assoc: 2
SCACHE: hits:12585559 misses:1946918  Hit Ratio: 86.60%
3CACHE: size: 4096 KB assoc: 2
3CACHE: hits:1229312 misses:717606  Hit Ratio: 63.14%
3CACHE: dirty items replaced:54977
ITLB: size: 48, misses 4, miss rate 0.00%
DTLB: size: 128, misses 15259, miss rate 0.09%
Avg mem delay: 4.408 cycles
----------------------------------------
==== Statistics for Master ID: 2 ====
Reads: 241847323   Writes: 29733065
ICACHE: size: 64 KB assoc: 2
ICACHE: hits:130336873 misses:5095919  Hit Ratio: 96.24%
DCACHE: size: 32 KB assoc: 8
DCACHE: hits:127480871 misses:8666725 writebacks:8666457  Hit Ratio: 93.63%
SCACHE: size: 512 KB assoc: 2
SCACHE: hits:11178969 misses:2583675  Hit Ratio: 81.23%
3CACHE: size: 4096 KB assoc: 2
3CACHE: hits:1740841 misses:842834  Hit Ratio: 67.38%
3CACHE: dirty items replaced:65158
ITLB: size: 48, misses 79543, miss rate 0.06%
DTLB: size: 128, misses 972734, miss rate 0.71%
Avg mem delay: 4.408 cycles
----------------------------------------
==== Statistics for Master ID: 3 ====
Reads: 173503634   Writes: 118
ICACHE: size: 64 KB assoc: 2
ICACHE: hits:142844168 misses:1231100  Hit Ratio: 99.15%
DCACHE: size: 32 KB assoc: 8
DCACHE: hits:18761803 misses:10666681 writebacks:10665028  Hit Ratio: 63.75%
SCACHE: size: 512 KB assoc: 2
SCACHE: hits:10296555 misses:1601226  Hit Ratio: 86.54%
3CACHE: size: 4096 KB assoc: 2
3CACHE: hits:886277 misses:714949  Hit Ratio: 55.35%
3CACHE: dirty items replaced:55724
ITLB: size: 48, misses 4, miss rate 0.00%
DTLB: size: 128, misses 72416, miss rate 0.25%
Avg mem delay: 4.408 cycles
----------------------------------------
==== Global Resource Utilization ====
STASH: size: 65536 entries, full 2037954915, empty 85928273, misses 7848700, full rate 95.60
icache bank util. 0.263 0.238 0.107 0.070 0.074 0.063 0.063 0.104 
dcache bank util. 0.111 0.120 0.118 0.102 0.129 0.157 0.122 0.123 
L2 bank util. 0.097 0.101 0.083 0.077 0.080 0.083 0.080 0.089 
L1-L2 bus util. = 0.461, L3 util. = 0.044
----------------------------------------
branch prediction, hits = 114272689, misses = 13793076, hit rate = 89.23%
return_stack prediction, hits = 11294741, misses = 9802, hit rate = 99.91%
jump prediction, hits = 121369641, misses = 22427778, hit rate = 84.40%

**** Debug Statistics at 701000000 Cycles *****
Threads: 4		Fetch Width: 8
No of useful instructions fetched:	1951750871 (34.80% proc util.)
No of total instructions fetched:	2312003802 (41.23% proc util.)
 includes 87487267 misfetch (3.8%), 272765664 (11.8%) wrong-path fetches
 and 0 flushed after failed lock(0.0%)
No of useful instructions issued/executed:	1951750855 (34.80% proc util.)
No of total instructions issued/executed:	2088519077 (37.24% proc util.)
 includes 136768222 wrong-path (6.5%) insts and 0 flushed (0.0%)
	fp 71421, 0.00%
	synch 0, 0.00%
	integer 1682252355, 80.55%
	load/store 406195301, 19.45%
Avg size of int IQ (before scheduling): 22.92
Avg size of fp IQ (before scheduling): 0.00
No of cycles taken:		701000000
Parallelism [ 0.623, 0.745, 0.597, 0.819,] = 2.784
 IQ conflicts: 1074922 (0.15%), FQ conflicts: 0 (0.00%) 
 I reg conflicts: 357511309 (51.00%), FP reg conflicts: 0 (0.00%)
  Activelist confs: 143 (0.00%), ROB confs: 207912 (0.03%)
  Int unit conflicts: 444846570 (63.46%), FP unit conflicts: 11 (0.00%)
  Load/store unit conflicts: 31829234 (4.54%)
  MSHR conflicts: 6765101 (0.97%)
----------------------------------------
==== System-wide Cache Statistics ====
Stall for miss queue full 0 cycles (0.00%)
----------------------------------------
==== Statistics for Master ID: 0 ====
Reads: 322874602   Writes: 57561954
ICACHE: size: 64 KB assoc: 2
ICACHE: hits:179447357 misses:5641379  Hit Ratio: 96.95%
DCACHE: size: 32 KB assoc: 8
DCACHE: hits:186745511 misses:8602309 writebacks:8601753  Hit Ratio: 95.60%
SCACHE: size: 512 KB assoc: 2
SCACHE: hits:11873283 misses:2370405  Hit Ratio: 83.36%
3CACHE: size: 4096 KB assoc: 2
3CACHE: hits:1947792 misses:422613  Hit Ratio: 82.17%
3CACHE: dirty items replaced:84729
ITLB: size: 48, misses 368705, miss rate 0.20%
DTLB: size: 128, misses 848277, miss rate 0.43%
Avg mem delay: 4.439 cycles
----------------------------------------
==== Statistics for Master ID: 1 ====
Reads: 153319331   Writes: 63
ICACHE: size: 64 KB assoc: 2
ICACHE: hits:132801344 misses:1182788  Hit Ratio: 99.12%
DCACHE: size: 32 KB assoc: 8
DCACHE: hits:3652959 misses:15682303 writebacks:15680133  Hit Ratio: 18.89%
SCACHE: size: 512 KB assoc: 2
SCACHE: hits:14593048 misses:2272043  Hit Ratio: 86.53%
3CACHE: size: 4096 KB assoc: 2
3CACHE: hits:1422030 misses:850013  Hit Ratio: 62.59%
3CACHE: dirty items replaced:85766
ITLB: size: 48, misses 4, miss rate 0.00%
DTLB: size: 128, misses 17976, miss rate 0.09%
Avg mem delay: 4.439 cycles
----------------------------------------
==== Statistics for Master ID: 2 ====
Reads: 278423806   Writes: 34213478
ICACHE: size: 64 KB assoc: 2
ICACHE: hits:149804368 misses:6016305  Hit Ratio: 96.14%
DCACHE: size: 32 KB assoc: 8
DCACHE: hits:146698147 misses:10118464 writebacks:10118196  Hit Ratio: 93.55%
SCACHE: size: 512 KB assoc: 2
SCACHE: hits:13112831 misses:3021938  Hit Ratio: 81.27%
3CACHE: size: 4096 KB assoc: 2
3CACHE: hits:2027123 misses:994815  Hit Ratio: 67.08%
3CACHE: dirty items replaced:100239
ITLB: size: 48, misses 93052, miss rate 0.06%
DTLB: size: 128, misses 1144119, miss rate 0.73%
Avg mem delay: 4.439 cycles
----------------------------------------
==== Statistics for Master ID: 3 ====
Reads: 202046306   Writes: 140
ICACHE: size: 64 KB assoc: 2
ICACHE: hits:166434466 misses:1373643  Hit Ratio: 99.18%
DCACHE: size: 32 KB assoc: 8
DCACHE: hits:21816999 misses:12421338 writebacks:12419685  Hit Ratio: 63.72%
SCACHE: size: 512 KB assoc: 2
SCACHE: hits:11920058 misses:1874923  Hit Ratio: 86.41%
3CACHE: size: 4096 KB assoc: 2
3CACHE: hits:1028285 misses:846638  Hit Ratio: 54.84%
3CACHE: dirty items replaced:85905
ITLB: size: 48, misses 4, miss rate 0.00%
DTLB: size: 128, misses 85237, miss rate 0.25%
Avg mem delay: 4.439 cycles
----------------------------------------
==== Global Resource Utilization ====
STASH: size: 65536 entries, full 2367718872, empty 100567249, misses 9172596, full rate 95.57
icache bank util. 0.262 0.237 0.107 0.069 0.073 0.063 0.063 0.104 
dcache bank util. 0.111 0.120 0.118 0.102 0.130 0.156 0.122 0.122 
L2 bank util. 0.096 0.101 0.083 0.078 0.081 0.083 0.080 0.089 
L1-L2 bus util. = 0.462, L3 util. = 0.044
----------------------------------------
branch prediction, hits = 132080816, misses = 16262217, hit rate = 89.04%
return_stack prediction, hits = 13002769, misses = 11060, hit rate = 99.92%
jump prediction, hits = 139809275, misses = 26598674, hit rate = 84.02%

**** Early Exiting at 719361383 Cycles *****
========================================
 SMTSIM Global Statistics
========================================
Threads: 4		Fetch Width: 8
No of useful instructions fetched:	2000000128 (34.75% proc util.)
No of total instructions fetched:	2369852028 (41.18% proc util.)
 includes 89963108 misfetch (3.8%), 279888792 (11.8%) wrong-path fetches
 and 0 flushed after failed lock(0.0%)
No of useful instructions issued/executed:	2000000108 (34.75% proc util.)
No of total instructions issued/executed:	2140315832 (37.19% proc util.)
 includes 140315724 wrong-path (6.6%) insts and 0 flushed (0.0%)
	fp 71455, 0.00%
	synch 0, 0.00%
	integer 1724218264, 80.56%
	load/store 416026113, 19.44%
Avg size of int IQ (before scheduling): 22.89
Avg size of fp IQ (before scheduling): 0.00
No of cycles taken:		719361383
Parallelism [ 0.621, 0.745, 0.596, 0.819,] = 2.780
 IQ conflicts: 1086632 (0.15%), FQ conflicts: 0 (0.00%) 
 I reg conflicts: 367172491 (51.04%), FP reg conflicts: 0 (0.00%)
  Activelist confs: 151 (0.00%), ROB confs: 217008 (0.03%)
  Int unit conflicts: 454321183 (63.16%), FP unit conflicts: 11 (0.00%)
  Load/store unit conflicts: 32670491 (4.54%)
  MSHR conflicts: 7273264 (1.01%)
----------------------------------------
==== System-wide Cache Statistics ====
Stall for miss queue full 0 cycles (0.00%)
----------------------------------------
==== Statistics for Master ID: 0 ====
Reads: 330189433   Writes: 58889961
ICACHE: size: 64 KB assoc: 2
ICACHE: hits:183403836 misses:5836873  Hit Ratio: 96.92%
DCACHE: size: 32 KB assoc: 8
DCACHE: hits:191063679 misses:8775006 writebacks:8774450  Hit Ratio: 95.61%
SCACHE: size: 512 KB assoc: 2
SCACHE: hits:12174449 misses:2437429  Hit Ratio: 83.32%
3CACHE: size: 4096 KB assoc: 2
3CACHE: hits:2005268 misses:432161  Hit Ratio: 82.27%
3CACHE: dirty items replaced:88494
ITLB: size: 48, misses 391675, miss rate 0.21%
DTLB: size: 128, misses 870089, miss rate 0.44%
Avg mem delay: 4.444 cycles
----------------------------------------
==== Statistics for Master ID: 1 ====
Reads: 157320582   Writes: 63
ICACHE: size: 64 KB assoc: 2
ICACHE: hits:136253936 misses:1226484  Hit Ratio: 99.11%
DCACHE: size: 32 KB assoc: 8
DCACHE: hits:3752050 misses:16088175 writebacks:16086005  Hit Ratio: 18.91%
SCACHE: size: 512 KB assoc: 2
SCACHE: hits:14976818 misses:2337841  Hit Ratio: 86.50%
3CACHE: size: 4096 KB assoc: 2
3CACHE: hits:1465105 misses:872736  Hit Ratio: 62.67%
3CACHE: dirty items replaced:91245
ITLB: size: 48, misses 4, miss rate 0.00%
DTLB: size: 128, misses 18456, miss rate 0.09%
Avg mem delay: 4.444 cycles
----------------------------------------
==== Statistics for Master ID: 2 ====
Reads: 285312571   Writes: 35093481
ICACHE: size: 64 KB assoc: 2
ICACHE: hits:153467017 misses:6185965  Hit Ratio: 96.13%
DCACHE: size: 32 KB assoc: 8
DCACHE: hits:150369685 misses:10383385 writebacks:10383117  Hit Ratio: 93.54%
SCACHE: size: 512 KB assoc: 2
SCACHE: hits:13455098 misses:3114252  Hit Ratio: 81.20%
3CACHE: size: 4096 KB assoc: 2
3CACHE: hits:2093362 misses:1020890  Hit Ratio: 67.22%
3CACHE: dirty items replaced:106597
ITLB: size: 48, misses 97056, miss rate 0.06%
DTLB: size: 128, misses 1174953, miss rate 0.73%
Avg mem delay: 4.444 cycles
----------------------------------------
==== Statistics for Master ID: 3 ====
Reads: 207276221   Writes: 144
ICACHE: size: 64 KB assoc: 2
ICACHE: hits:170723323 misses:1423833  Hit Ratio: 99.17%
DCACHE: size: 32 KB assoc: 8
DCACHE: hits:22388942 misses:12740267 writebacks:12738614  Hit Ratio: 63.73%
SCACHE: size: 512 KB assoc: 2
SCACHE: hits:12242240 misses:1921859  Hit Ratio: 86.43%
3CACHE: size: 4096 KB assoc: 2
3CACHE: hits:1052661 misses:869198  Hit Ratio: 54.77%
3CACHE: dirty items replaced:91306
ITLB: size: 48, misses 4, miss rate 0.00%
DTLB: size: 128, misses 87463, miss rate 0.25%
Avg mem delay: 4.444 cycles
----------------------------------------
==== Global Resource Utilization ====
STASH: size: 65536 entries, full 2426692297, empty 103264584, misses 9415004, full rate 95.56
icache bank util. 0.262 0.237 0.106 0.069 0.073 0.063 0.063 0.103 
dcache bank util. 0.111 0.120 0.117 0.102 0.129 0.155 0.121 0.122 
L2 bank util. 0.096 0.101 0.083 0.077 0.081 0.083 0.080 0.089 
L1-L2 bus util. = 0.461, L3 util. = 0.044
----------------------------------------
branch prediction, hits = 135157145, misses = 16710721, hit rate = 89.00%
return_stack prediction, hits = 13298605, misses = 11145, hit rate = 99.92%
jump prediction, hits = 142973765, misses = 27329607, hit rate = 83.95%
total IPC 2.780

=== Results saved to: ./results/gcc-200_1_cacherand_1_crafty_1_randacc_1.txt ===
