===== 执行信息 =====
Cache目录：share32
执行命令：./smtsim ../cacherand.arg ../gzip-program.arg ../gcc-scilab.arg ../smalltrans.arg
执行时间：2026-04-18 04:08:19
返回码：0
===== 输出内容 =====
全共享缓存
Process 0, Thread 0: cacherand
Process 1, Thread 1: gzip-program
Process 2, Thread 2: gcc-scilab
Process 3, Thread 3: smalltrans

**** Debug Statistics at 1000000 Cycles *****
Threads: 4		Fetch Width: 8
No of useful instructions fetched:	2160453 (27.01% proc util.)
No of total instructions fetched:	2292675 (28.66% proc util.)
 includes 13131 misfetch (0.6%), 119091 (5.2%) wrong-path fetches
 and 0 flushed after failed lock(0.0%)
No of useful instructions issued/executed:	2160394 (27.00% proc util.)
No of total instructions issued/executed:	2208977 (27.61% proc util.)
 includes 48583 wrong-path (2.2%) insts and 0 flushed (0.0%)
	fp 69, 0.00%
	synch 0, 0.00%
	integer 1543569, 69.88%
	load/store 665339, 30.12%
Avg size of int IQ (before scheduling): 27.13
Avg size of fp IQ (before scheduling): 0.00
No of cycles taken:		1000000
Parallelism [ 0.703, 0.112, 0.401, 0.944,] = 2.160
 IQ conflicts: 1191 (0.12%), FQ conflicts: 0 (0.00%) 
 I reg conflicts: 682871 (68.29%), FP reg conflicts: 0 (0.00%)
  Activelist confs: 0 (0.00%), ROB confs: 0 (0.00%)
  Int unit conflicts: 347277 (34.73%), FP unit conflicts: 0 (0.00%)
  Load/store unit conflicts: 29893 (2.99%)
  MSHR conflicts: 192036 (19.20%)
----------------------------------------
==== System-wide Cache Statistics ====
Stall for miss queue full 0 cycles (0.00%)
----------------------------------------
==== Statistics for Master ID: 0 ====
Reads: 204720   Writes: 34
ICACHE: size: 64 KB assoc: 2
ICACHE: hits:178603 misses:24  Hit Ratio: 99.99%
DCACHE: size: 32 KB assoc: 8
DCACHE: hits:7415 misses:18712 writebacks:18245  Hit Ratio: 28.38%
SCACHE: size: 512 KB assoc: 2
SCACHE: hits:16402 misses:2334  Hit Ratio: 87.54%
3CACHE: size: 4096 KB assoc: 2
3CACHE: hits:1501 misses:833  Hit Ratio: 64.31%
3CACHE: dirty items replaced:0
ITLB: size: 48, misses 4, miss rate 0.00%
DTLB: size: 128, misses 38, miss rate 0.15%
Avg mem delay: 13.931 cycles
----------------------------------------
==== Statistics for Master ID: 1 ====
Reads: 73468   Writes: 18322
ICACHE: size: 64 KB assoc: 2
ICACHE: hits:37771 misses:202  Hit Ratio: 99.47%
DCACHE: size: 32 KB assoc: 8
DCACHE: hits:36198 misses:17619 writebacks:17484  Hit Ratio: 67.26%
SCACHE: size: 512 KB assoc: 2
SCACHE: hits:52 misses:17762  Hit Ratio: 0.29%
3CACHE: size: 4096 KB assoc: 2
3CACHE: hits:0 misses:17762  Hit Ratio: 0.00%
3CACHE: dirty items replaced:7
ITLB: size: 48, misses 18, miss rate 0.05%
DTLB: size: 128, misses 4377, miss rate 8.13%
Avg mem delay: 13.931 cycles
----------------------------------------
==== Statistics for Master ID: 2 ====
Reads: 212300   Writes: 61512
ICACHE: size: 64 KB assoc: 2
ICACHE: hits:129420 misses:1622  Hit Ratio: 98.76%
DCACHE: size: 32 KB assoc: 8
DCACHE: hits:138091 misses:4679 writebacks:4539  Hit Ratio: 96.72%
SCACHE: size: 512 KB assoc: 2
SCACHE: hits:1834 misses:4467  Hit Ratio: 29.11%
3CACHE: size: 4096 KB assoc: 2
3CACHE: hits:398 misses:4069  Hit Ratio: 8.91%
3CACHE: dirty items replaced:0
ITLB: size: 48, misses 104, miss rate 0.08%
DTLB: size: 128, misses 417, miss rate 0.29%
Avg mem delay: 13.931 cycles
----------------------------------------
==== Statistics for Master ID: 3 ====
Reads: 498827   Writes: 222615
ICACHE: size: 64 KB assoc: 2
ICACHE: hits:278997 misses:9  Hit Ratio: 100.00%
DCACHE: size: 32 KB assoc: 8
DCACHE: hits:427859 misses:14577 writebacks:14234  Hit Ratio: 96.71%
SCACHE: size: 512 KB assoc: 2
SCACHE: hits:12891 misses:1694  Hit Ratio: 88.39%
3CACHE: size: 4096 KB assoc: 2
3CACHE: hits:1272 misses:422  Hit Ratio: 75.09%
3CACHE: dirty items replaced:0
ITLB: size: 48, misses 1, miss rate 0.00%
DTLB: size: 128, misses 98, miss rate 0.02%
Avg mem delay: 13.931 cycles
----------------------------------------
==== Global Resource Utilization ====
STASH: size: 65536 entries, full 2316304, empty 31387, misses 2821, full rate 98.54
icache bank util. 0.129 0.093 0.021 0.019 0.016 0.027 0.162 0.166 
dcache bank util. 0.108 0.111 0.114 0.099 0.098 0.100 0.255 0.110 
L2 bank util. 0.043 0.042 0.040 0.041 0.041 0.040 0.265 0.042 
L1-L2 bus util. = 0.336, L3 util. = 0.231
----------------------------------------
branch prediction, hits = 188507, misses = 8512, hit rate = 95.68%
return_stack prediction, hits = 5350, misses = 14, hit rate = 99.74%
jump prediction, hits = 194100, misses = 4303, hit rate = 97.83%
 dgelq2_ dgelqf_
**** Debug Statistics at 101000000 Cycles *****
Threads: 4		Fetch Width: 8
No of useful instructions fetched:	281186603 (34.80% proc util.)
No of total instructions fetched:	315078404 (38.99% proc util.)
 includes 7416070 misfetch (2.4%), 26475731 (8.4%) wrong-path fetches
 and 0 flushed after failed lock(0.0%)
No of useful instructions issued/executed:	281186585 (34.80% proc util.)
No of total instructions issued/executed:	292656804 (36.22% proc util.)
 includes 11470219 wrong-path (3.9%) insts and 0 flushed (0.0%)
	fp 1241, 0.00%
	synch 0, 0.00%
	integer 198241022, 67.74%
	load/store 94414541, 32.26%
Avg size of int IQ (before scheduling): 21.45
Avg size of fp IQ (before scheduling): 0.00
No of cycles taken:		101000000
Parallelism [ 0.739, 0.298, 0.671, 1.076,] = 2.784
 IQ conflicts: 2159 (0.00%), FQ conflicts: 0 (0.00%) 
 I reg conflicts: 56610502 (56.05%), FP reg conflicts: 0 (0.00%)
  Activelist confs: 0 (0.00%), ROB confs: 1003 (0.00%)
  Int unit conflicts: 48223687 (47.75%), FP unit conflicts: 1 (0.00%)
  Load/store unit conflicts: 5743867 (5.69%)
  MSHR conflicts: 2444576 (2.42%)
----------------------------------------
==== System-wide Cache Statistics ====
Stall for miss queue full 0 cycles (0.00%)
----------------------------------------
==== Statistics for Master ID: 0 ====
Reads: 21177547   Writes: 37
ICACHE: size: 64 KB assoc: 2
ICACHE: hits:18411177 misses:77  Hit Ratio: 100.00%
DCACHE: size: 32 KB assoc: 8
DCACHE: hits:548090 misses:2218240 writebacks:2217773  Hit Ratio: 19.81%
SCACHE: size: 512 KB assoc: 2
SCACHE: hits:2032552 misses:185765  Hit Ratio: 91.63%
3CACHE: size: 4096 KB assoc: 2
3CACHE: hits:182718 misses:3047  Hit Ratio: 98.36%
3CACHE: dirty items replaced:0
ITLB: size: 48, misses 4, miss rate 0.00%
DTLB: size: 128, misses 252, miss rate 0.01%
Avg mem delay: 4.034 cycles
----------------------------------------
==== Statistics for Master ID: 1 ====
Reads: 14045705   Writes: 4358752
ICACHE: size: 64 KB assoc: 2
ICACHE: hits:9489997 misses:11880  Hit Ratio: 99.87%
DCACHE: size: 32 KB assoc: 8
DCACHE: hits:7674315 misses:1228265 writebacks:1228130  Hit Ratio: 86.20%
SCACHE: size: 512 KB assoc: 2
SCACHE: hits:11628 misses:1228517  Hit Ratio: 0.94%
3CACHE: size: 4096 KB assoc: 2
3CACHE: hits:166 misses:1228351  Hit Ratio: 0.01%
3CACHE: dirty items replaced:43562
ITLB: size: 48, misses 66, miss rate 0.00%
DTLB: size: 128, misses 62471, miss rate 0.70%
Avg mem delay: 4.034 cycles
----------------------------------------
==== Statistics for Master ID: 2 ====
Reads: 46387810   Writes: 9085141
ICACHE: size: 64 KB assoc: 2
ICACHE: hits:24699037 misses:355837  Hit Ratio: 98.58%
DCACHE: size: 32 KB assoc: 8
DCACHE: hits:29109630 misses:1308447 writebacks:1308307  Hit Ratio: 95.70%
SCACHE: size: 512 KB assoc: 2
SCACHE: hits:1332807 misses:331477  Hit Ratio: 80.08%
3CACHE: size: 4096 KB assoc: 2
3CACHE: hits:262789 misses:68688  Hit Ratio: 79.28%
3CACHE: dirty items replaced:6070
ITLB: size: 48, misses 19794, miss rate 0.08%
DTLB: size: 128, misses 24027, miss rate 0.08%
Avg mem delay: 4.034 cycles
----------------------------------------
==== Statistics for Master ID: 3 ====
Reads: 61899871   Writes: 25941907
ICACHE: size: 64 KB assoc: 2
ICACHE: hits:35596947 misses:4809  Hit Ratio: 99.99%
DCACHE: size: 32 KB assoc: 8
DCACHE: hits:50497137 misses:1742885 writebacks:1742542  Hit Ratio: 96.66%
SCACHE: size: 512 KB assoc: 2
SCACHE: hits:1614165 misses:133529  Hit Ratio: 92.36%
3CACHE: size: 4096 KB assoc: 2
3CACHE: hits:132869 misses:660  Hit Ratio: 99.51%
3CACHE: dirty items replaced:30
ITLB: size: 48, misses 1, miss rate 0.00%
DTLB: size: 128, misses 1299, miss rate 0.00%
Avg mem delay: 4.034 cycles
----------------------------------------
==== Global Resource Utilization ====
STASH: size: 65536 entries, full 319479041, empty 7236566, misses 679762, full rate 97.58
icache bank util. 0.151 0.109 0.030 0.033 0.035 0.086 0.217 0.227 
dcache bank util. 0.158 0.166 0.176 0.173 0.157 0.154 0.166 0.170 
L2 bank util. 0.073 0.073 0.073 0.073 0.072 0.071 0.081 0.090 
L1-L2 bus util. = 0.397, L3 util. = 0.129
----------------------------------------
branch prediction, hits = 27927036, misses = 2058468, hit rate = 93.14%
return_stack prediction, hits = 976511, misses = 933, hit rate = 99.90%
jump prediction, hits = 26238387, misses = 2390253, hit rate = 91.65%
 dgels_
**** Debug Statistics at 201000000 Cycles *****
Threads: 4		Fetch Width: 8
No of useful instructions fetched:	623065515 (38.75% proc util.)
No of total instructions fetched:	703807680 (43.77% proc util.)
 includes 13268433 misfetch (1.9%), 67473732 (9.6%) wrong-path fetches
 and 0 flushed after failed lock(0.0%)
No of useful instructions issued/executed:	623065472 (38.75% proc util.)
No of total instructions issued/executed:	652065064 (40.55% proc util.)
 includes 28999592 wrong-path (4.4%) insts and 0 flushed (0.0%)
	fp 5910, 0.00%
	synch 0, 0.00%
	integer 443517769, 68.02%
	load/store 208541385, 31.98%
Avg size of int IQ (before scheduling): 22.84
Avg size of fp IQ (before scheduling): 0.00
No of cycles taken:		201000000
Parallelism [ 0.771, 0.467, 0.699, 1.163,] = 3.100
 IQ conflicts: 74718 (0.04%), FQ conflicts: 0 (0.00%) 
 I reg conflicts: 101452496 (50.47%), FP reg conflicts: 0 (0.00%)
  Activelist confs: 0 (0.00%), ROB confs: 13209 (0.01%)
  Int unit conflicts: 191020100 (95.03%), FP unit conflicts: 2 (0.00%)
  Load/store unit conflicts: 15926316 (7.92%)
  MSHR conflicts: 8904198 (4.43%)
----------------------------------------
==== System-wide Cache Statistics ====
Stall for miss queue full 0 cycles (0.00%)
----------------------------------------
==== Statistics for Master ID: 0 ====
Reads: 44030081   Writes: 37
ICACHE: size: 64 KB assoc: 2
ICACHE: hits:38289984 misses:143  Hit Ratio: 100.00%
DCACHE: size: 32 KB assoc: 8
DCACHE: hits:1112108 misses:4627883 writebacks:4627416  Hit Ratio: 19.37%
SCACHE: size: 512 KB assoc: 2
SCACHE: hits:4250725 misses:377301  Hit Ratio: 91.85%
3CACHE: size: 4096 KB assoc: 2
3CACHE: hits:370575 misses:6726  Hit Ratio: 98.22%
3CACHE: dirty items replaced:33
ITLB: size: 48, misses 4, miss rate 0.00%
DTLB: size: 128, misses 622, miss rate 0.01%
Avg mem delay: 3.584 cycles
----------------------------------------
==== Statistics for Master ID: 1 ====
Reads: 47199249   Writes: 10752532
ICACHE: size: 64 KB assoc: 2
ICACHE: hits:30018451 misses:15544  Hit Ratio: 99.95%
DCACHE: size: 32 KB assoc: 8
DCACHE: hits:25284902 misses:2632884 writebacks:2632749  Hit Ratio: 90.57%
SCACHE: size: 512 KB assoc: 2
SCACHE: hits:483756 misses:2164672  Hit Ratio: 18.27%
3CACHE: size: 4096 KB assoc: 2
3CACHE: hits:47416 misses:2117256  Hit Ratio: 2.19%
3CACHE: dirty items replaced:105719
ITLB: size: 48, misses 163, miss rate 0.00%
DTLB: size: 128, misses 99221, miss rate 0.36%
Avg mem delay: 3.584 cycles
----------------------------------------
==== Statistics for Master ID: 2 ====
Reads: 96579831   Writes: 18524743
ICACHE: size: 64 KB assoc: 2
ICACHE: hits:52119104 misses:711594  Hit Ratio: 98.65%
DCACHE: size: 32 KB assoc: 8
DCACHE: hits:59654110 misses:2619766 writebacks:2619626  Hit Ratio: 95.79%
SCACHE: size: 512 KB assoc: 2
SCACHE: hits:2611987 misses:719373  Hit Ratio: 78.41%
3CACHE: size: 4096 KB assoc: 2
3CACHE: hits:573388 misses:145985  Hit Ratio: 79.71%
3CACHE: dirty items replaced:20520
ITLB: size: 48, misses 42213, miss rate 0.08%
DTLB: size: 128, misses 64415, miss rate 0.10%
Avg mem delay: 3.584 cycles
----------------------------------------
==== Statistics for Master ID: 3 ====
Reads: 133901622   Writes: 55812972
ICACHE: size: 64 KB assoc: 2
ICACHE: hits:77265202 misses:5125  Hit Ratio: 99.99%
DCACHE: size: 32 KB assoc: 8
DCACHE: hits:108696205 misses:3748062 writebacks:3747719  Hit Ratio: 96.67%
SCACHE: size: 512 KB assoc: 2
SCACHE: hits:3484682 misses:268505  Hit Ratio: 92.85%
3CACHE: size: 4096 KB assoc: 2
3CACHE: hits:267536 misses:969  Hit Ratio: 99.64%
3CACHE: dirty items replaced:60
ITLB: size: 48, misses 1, miss rate 0.00%
DTLB: size: 128, misses 2335, miss rate 0.00%
Avg mem delay: 3.584 cycles
----------------------------------------
==== Global Resource Utilization ====
STASH: size: 65536 entries, full 719192996, empty 13912207, misses 1288973, full rate 97.93
icache bank util. 0.160 0.119 0.036 0.042 0.049 0.108 0.240 0.244 
dcache bank util. 0.173 0.180 0.186 0.185 0.184 0.170 0.186 0.181 
L2 bank util. 0.078 0.077 0.077 0.078 0.076 0.075 0.082 0.087 
L1-L2 bus util. = 0.418, L3 util. = 0.113
----------------------------------------
branch prediction, hits = 60201452, misses = 4578412, hit rate = 92.93%
return_stack prediction, hits = 2187868, misses = 2204, hit rate = 99.90%
jump prediction, hits = 59121540, misses = 4349627, hit rate = 93.15%

**** Debug Statistics at 301000000 Cycles *****
Threads: 4		Fetch Width: 8
No of useful instructions fetched:	1104239924 (45.86% proc util.)
No of total instructions fetched:	1276393079 (53.01% proc util.)
 includes 23580621 misfetch (1.8%), 148572534 (11.6%) wrong-path fetches
 and 0 flushed after failed lock(0.0%)
No of useful instructions issued/executed:	1104239859 (45.86% proc util.)
No of total instructions issued/executed:	1166553943 (48.44% proc util.)
 includes 62314084 wrong-path (5.3%) insts and 0 flushed (0.0%)
	fp 6081, 0.00%
	synch 0, 0.00%
	integer 795304596, 68.18%
	load/store 371243266, 31.82%
Avg size of int IQ (before scheduling): 26.37
Avg size of fp IQ (before scheduling): 0.00
No of cycles taken:		301000000
Parallelism [ 0.845, 0.718, 0.777, 1.329,] = 3.669
 IQ conflicts: 421375 (0.14%), FQ conflicts: 0 (0.00%) 
 I reg conflicts: 119169030 (39.59%), FP reg conflicts: 0 (0.00%)
  Activelist confs: 96 (0.00%), ROB confs: 41371 (0.01%)
  Int unit conflicts: 581884285 (193.32%), FP unit conflicts: 4 (0.00%)
  Load/store unit conflicts: 38561171 (12.81%)
  MSHR conflicts: 13464956 (4.47%)
----------------------------------------
==== System-wide Cache Statistics ====
Stall for miss queue full 0 cycles (0.00%)
----------------------------------------
==== Statistics for Master ID: 0 ====
Reads: 73605613   Writes: 37
ICACHE: size: 64 KB assoc: 2
ICACHE: hits:64184544 misses:159  Hit Ratio: 100.00%
DCACHE: size: 32 KB assoc: 8
DCACHE: hits:1796913 misses:7624034 writebacks:7623567  Hit Ratio: 19.07%
SCACHE: size: 512 KB assoc: 2
SCACHE: hits:7116011 misses:508182  Hit Ratio: 93.33%
3CACHE: size: 4096 KB assoc: 2
3CACHE: hits:492838 misses:15344  Hit Ratio: 96.98%
3CACHE: dirty items replaced:5204
ITLB: size: 48, misses 4, miss rate 0.00%
DTLB: size: 128, misses 1532, miss rate 0.02%
Avg mem delay: 2.993 cycles
----------------------------------------
==== Statistics for Master ID: 1 ====
Reads: 111842379   Writes: 20005392
ICACHE: size: 64 KB assoc: 2
ICACHE: hits:69230694 misses:23289  Hit Ratio: 99.97%
DCACHE: size: 32 KB assoc: 8
DCACHE: hits:58655132 misses:3938656 writebacks:3938521  Hit Ratio: 93.71%
SCACHE: size: 512 KB assoc: 2
SCACHE: hits:1668925 misses:2293020  Hit Ratio: 42.12%
3CACHE: size: 4096 KB assoc: 2
3CACHE: hits:147047 misses:2145973  Hit Ratio: 6.41%
3CACHE: dirty items replaced:115393
ITLB: size: 48, misses 328, miss rate 0.00%
DTLB: size: 128, misses 124288, miss rate 0.20%
Avg mem delay: 2.993 cycles
----------------------------------------
==== Statistics for Master ID: 2 ====
Reads: 169111083   Writes: 31084696
ICACHE: size: 64 KB assoc: 2
ICACHE: hits:92694622 misses:1143879  Hit Ratio: 98.78%
DCACHE: size: 32 KB assoc: 8
DCACHE: hits:101852498 misses:4504780 writebacks:4504640  Hit Ratio: 95.76%
SCACHE: size: 512 KB assoc: 2
SCACHE: hits:4568737 misses:1079922  Hit Ratio: 80.88%
3CACHE: size: 4096 KB assoc: 2
3CACHE: hits:899663 misses:180259  Hit Ratio: 83.31%
3CACHE: dirty items replaced:33591
ITLB: size: 48, misses 50874, miss rate 0.05%
DTLB: size: 128, misses 131090, miss rate 0.12%
Avg mem delay: 2.993 cycles
----------------------------------------
==== Statistics for Master ID: 3 ====
Reads: 231516252   Writes: 95511719
ICACHE: size: 64 KB assoc: 2
ICACHE: hits:134496850 misses:6329  Hit Ratio: 100.00%
DCACHE: size: 32 KB assoc: 8
DCACHE: hits:186125294 misses:6399498 writebacks:6399155  Hit Ratio: 96.68%
SCACHE: size: 512 KB assoc: 2
SCACHE: hits:6047376 misses:358451  Hit Ratio: 94.40%
3CACHE: size: 4096 KB assoc: 2
3CACHE: hits:357465 misses:986  Hit Ratio: 99.72%
3CACHE: dirty items replaced:61
ITLB: size: 48, misses 1, miss rate 0.00%
DTLB: size: 128, misses 5088, miss rate 0.00%
Avg mem delay: 2.993 cycles
----------------------------------------
==== Global Resource Utilization ====
STASH: size: 65536 entries, full 1317961902, empty 22220265, misses 2047623, full rate 98.19
icache bank util. 0.189 0.144 0.048 0.057 0.073 0.119 0.290 0.294 
dcache bank util. 0.201 0.204 0.212 0.213 0.224 0.193 0.222 0.211 
L2 bank util. 0.083 0.083 0.083 0.085 0.082 0.080 0.086 0.092 
L1-L2 bus util. = 0.460, L3 util. = 0.078
----------------------------------------
branch prediction, hits = 101652942, misses = 8911786, hit rate = 91.94%
return_stack prediction, hits = 4172277, misses = 2302, hit rate = 99.94%
jump prediction, hits = 101969380, misses = 7557408, hit rate = 93.10%
 dgemm_
**** Debug Statistics at 401000000 Cycles *****
Threads: 4		Fetch Width: 8
No of useful instructions fetched:	1599286259 (49.85% proc util.)
No of total instructions fetched:	1844916120 (57.51% proc util.)
 includes 29225877 misfetch (1.6%), 216403984 (11.7%) wrong-path fetches
 and 0 flushed after failed lock(0.0%)
No of useful instructions issued/executed:	1599286209 (49.85% proc util.)
No of total instructions issued/executed:	1688432107 (52.63% proc util.)
 includes 89145898 wrong-path (5.3%) insts and 0 flushed (0.0%)
	fp 22135, 0.00%
	synch 0, 0.00%
	integer 1156233578, 68.48%
	load/store 532176394, 31.52%
Avg size of int IQ (before scheduling): 28.65
Avg size of fp IQ (before scheduling): 0.00
No of cycles taken:		401000000
Parallelism [ 0.888, 0.860, 0.827, 1.413,] = 3.988
 IQ conflicts: 963823 (0.24%), FQ conflicts: 0 (0.00%) 
 I reg conflicts: 137537719 (34.30%), FP reg conflicts: 0 (0.00%)
  Activelist confs: 120 (0.00%), ROB confs: 69052 (0.02%)
  Int unit conflicts: 1021167864 (254.66%), FP unit conflicts: 4 (0.00%)
  Load/store unit conflicts: 59983099 (14.96%)
  MSHR conflicts: 18084686 (4.51%)
----------------------------------------
==== System-wide Cache Statistics ====
Stall for miss queue full 0 cycles (0.00%)
----------------------------------------
==== Statistics for Master ID: 0 ====
Reads: 103517530   Writes: 37
ICACHE: size: 64 KB assoc: 2
ICACHE: hits:90332938 misses:238  Hit Ratio: 100.00%
DCACHE: size: 32 KB assoc: 8
DCACHE: hits:2544957 misses:10639434 writebacks:10638967  Hit Ratio: 19.30%
SCACHE: size: 512 KB assoc: 2
SCACHE: hits:9972842 misses:666830  Hit Ratio: 93.73%
3CACHE: size: 4096 KB assoc: 2
3CACHE: hits:649039 misses:17791  Hit Ratio: 97.33%
3CACHE: dirty items replaced:6611
ITLB: size: 48, misses 4, miss rate 0.00%
DTLB: size: 128, misses 2045, miss rate 0.02%
Avg mem delay: 2.743 cycles
----------------------------------------
==== Statistics for Master ID: 1 ====
Reads: 177075679   Writes: 29094984
ICACHE: size: 64 KB assoc: 2
ICACHE: hits:108554778 misses:28319  Hit Ratio: 99.97%
DCACHE: size: 32 KB assoc: 8
DCACHE: hits:92499354 misses:5088212 writebacks:5088077  Hit Ratio: 94.79%
SCACHE: size: 512 KB assoc: 2
SCACHE: hits:2701748 misses:2414783  Hit Ratio: 52.80%
3CACHE: size: 4096 KB assoc: 2
3CACHE: hits:243938 misses:2170845  Hit Ratio: 10.10%
3CACHE: dirty items replaced:123072
ITLB: size: 48, misses 569, miss rate 0.00%
DTLB: size: 128, misses 140678, miss rate 0.14%
Avg mem delay: 2.743 cycles
----------------------------------------
==== Statistics for Master ID: 2 ====
Reads: 237851006   Writes: 43541519
ICACHE: size: 64 KB assoc: 2
ICACHE: hits:131776904 misses:1482279  Hit Ratio: 98.89%
DCACHE: size: 32 KB assoc: 8
DCACHE: hits:142079282 misses:6054060 writebacks:6053920  Hit Ratio: 95.91%
SCACHE: size: 512 KB assoc: 2
SCACHE: hits:6062363 misses:1473975  Hit Ratio: 80.44%
3CACHE: size: 4096 KB assoc: 2
3CACHE: hits:1257397 misses:216578  Hit Ratio: 85.31%
3CACHE: dirty items replaced:44749
ITLB: size: 48, misses 76081, miss rate 0.06%
DTLB: size: 128, misses 188099, miss rate 0.13%
Avg mem delay: 2.743 cycles
----------------------------------------
==== Statistics for Master ID: 3 ====
Reads: 328882740   Writes: 135331603
ICACHE: size: 64 KB assoc: 2
ICACHE: hits:191348636 misses:6489  Hit Ratio: 100.00%
DCACHE: size: 32 KB assoc: 8
DCACHE: hits:263814795 misses:9044423 writebacks:9044080  Hit Ratio: 96.69%
SCACHE: size: 512 KB assoc: 2
SCACHE: hits:8577926 misses:472986  Hit Ratio: 94.77%
3CACHE: size: 4096 KB assoc: 2
3CACHE: hits:471995 misses:991  Hit Ratio: 99.79%
3CACHE: dirty items replaced:61
ITLB: size: 48, misses 1, miss rate 0.00%
DTLB: size: 128, misses 6571, miss rate 0.00%
Avg mem delay: 2.743 cycles
----------------------------------------
==== Global Resource Utilization ====
STASH: size: 65536 entries, full 1911955904, empty 29290041, misses 2685720, full rate 98.36
icache bank util. 0.202 0.154 0.055 0.067 0.085 0.123 0.314 0.317 
dcache bank util. 0.212 0.217 0.224 0.223 0.240 0.207 0.243 0.222 
L2 bank util. 0.085 0.084 0.084 0.086 0.083 0.082 0.087 0.093 
L1-L2 bus util. = 0.473, L3 util. = 0.060
----------------------------------------
branch prediction, hits = 144494966, misses = 12365064, hit rate = 92.12%
return_stack prediction, hits = 6131278, misses = 4033, hit rate = 99.93%
jump prediction, hits = 147365503, misses = 9490907, hit rate = 93.95%
 dgemv_
**** Early Exiting at 482831190 Cycles *****
========================================
 SMTSIM Global Statistics
========================================
Threads: 4		Fetch Width: 8
No of useful instructions fetched:	2000000067 (51.78% proc util.)
No of total instructions fetched:	2312940160 (59.88% proc util.)
 includes 35643547 misfetch (1.5%), 277296546 (12.0%) wrong-path fetches
 and 0 flushed after failed lock(0.0%)
No of useful instructions issued/executed:	2000000030 (51.78% proc util.)
No of total instructions issued/executed:	2113758931 (54.72% proc util.)
 includes 113758901 wrong-path (5.4%) insts and 0 flushed (0.0%)
	fp 26147, 0.00%
	synch 0, 0.00%
	integer 1447780939, 68.49%
	load/store 665951845, 31.51%
Avg size of int IQ (before scheduling): 29.62
Avg size of fp IQ (before scheduling): 0.00
No of cycles taken:		482831190
Parallelism [ 0.908, 0.927, 0.850, 1.456,] = 4.142
 IQ conflicts: 1335708 (0.28%), FQ conflicts: 0 (0.00%) 
 I reg conflicts: 151973301 (31.48%), FP reg conflicts: 0 (0.00%)
  Activelist confs: 120 (0.00%), ROB confs: 128403 (0.03%)
  Int unit conflicts: 1366080883 (282.93%), FP unit conflicts: 4 (0.00%)
  Load/store unit conflicts: 78825340 (16.33%)
  MSHR conflicts: 21440260 (4.44%)
----------------------------------------
==== System-wide Cache Statistics ====
Stall for miss queue full 0 cycles (0.00%)
----------------------------------------
==== Statistics for Master ID: 0 ====
Reads: 127946634   Writes: 37
ICACHE: size: 64 KB assoc: 2
ICACHE: hits:111706805 misses:286  Hit Ratio: 100.00%
DCACHE: size: 32 KB assoc: 8
DCACHE: hits:3136516 misses:13103064 writebacks:13102597  Hit Ratio: 19.31%
SCACHE: size: 512 KB assoc: 2
SCACHE: hits:12313020 misses:790330  Hit Ratio: 93.97%
3CACHE: size: 4096 KB assoc: 2
3CACHE: hits:768338 misses:21992  Hit Ratio: 97.22%
3CACHE: dirty items replaced:9328
ITLB: size: 48, misses 4, miss rate 0.00%
DTLB: size: 128, misses 2519, miss rate 0.02%
Avg mem delay: 2.627 cycles
----------------------------------------
==== Statistics for Master ID: 1 ====
Reads: 230852377   Writes: 37035819
ICACHE: size: 64 KB assoc: 2
ICACHE: hits:141052007 misses:34544  Hit Ratio: 99.98%
DCACHE: size: 32 KB assoc: 8
DCACHE: hits:120675132 misses:6126513 writebacks:6126378  Hit Ratio: 95.17%
SCACHE: size: 512 KB assoc: 2
SCACHE: hits:3636134 misses:2524923  Hit Ratio: 59.02%
3CACHE: size: 4096 KB assoc: 2
3CACHE: hits:330681 misses:2194242  Hit Ratio: 13.10%
3CACHE: dirty items replaced:134992
ITLB: size: 48, misses 767, miss rate 0.00%
DTLB: size: 128, misses 153657, miss rate 0.12%
Avg mem delay: 2.627 cycles
----------------------------------------
==== Statistics for Master ID: 2 ====
Reads: 295629350   Writes: 54218023
ICACHE: size: 64 KB assoc: 2
ICACHE: hits:164212385 misses:1844576  Hit Ratio: 98.89%
DCACHE: size: 32 KB assoc: 8
DCACHE: hits:176390431 misses:7399981 writebacks:7399841  Hit Ratio: 95.97%
SCACHE: size: 512 KB assoc: 2
SCACHE: hits:7468385 misses:1776172  Hit Ratio: 80.79%
3CACHE: size: 4096 KB assoc: 2
3CACHE: hits:1528092 misses:248080  Hit Ratio: 86.03%
3CACHE: dirty items replaced:61246
ITLB: size: 48, misses 94764, miss rate 0.06%
DTLB: size: 128, misses 232949, miss rate 0.13%
Avg mem delay: 2.627 cycles
----------------------------------------
==== Statistics for Master ID: 3 ====
Reads: 408903112   Writes: 167934129
ICACHE: size: 64 KB assoc: 2
ICACHE: hits:238200129 misses:6901  Hit Ratio: 100.00%
DCACHE: size: 32 KB assoc: 8
DCACHE: hits:327415295 misses:11214916 writebacks:11214573  Hit Ratio: 96.69%
SCACHE: size: 512 KB assoc: 2
SCACHE: hits:10659502 misses:562315  Hit Ratio: 94.99%
3CACHE: size: 4096 KB assoc: 2
3CACHE: hits:561295 misses:1020  Hit Ratio: 99.82%
3CACHE: dirty items replaced:68
ITLB: size: 48, misses 1, miss rate 0.00%
DTLB: size: 128, misses 7820, miss rate 0.00%
Avg mem delay: 2.627 cycles
----------------------------------------
==== Global Resource Utilization ====
STASH: size: 65536 entries, full 2400815565, empty 36421373, misses 3323905, full rate 98.37
icache bank util. 0.209 0.160 0.058 0.072 0.091 0.125 0.327 0.331 
dcache bank util. 0.219 0.224 0.233 0.230 0.249 0.212 0.252 0.229 
L2 bank util. 0.086 0.085 0.086 0.087 0.085 0.083 0.088 0.093 
L1-L2 bus util. = 0.482, L3 util. = 0.051
----------------------------------------
branch prediction, hits = 178636079, misses = 15533523, hit rate = 92.00%
return_stack prediction, hits = 7772754, misses = 5145, hit rate = 99.93%
jump prediction, hits = 183456821, misses = 11566530, hit rate = 94.07%
total IPC 4.142

=== Results saved to: ./results/cacherand_1_gzip-program_1_gcc-scilab_1_smalltrans_1.txt ===
