===== 执行信息 =====
Cache目录：ssmtc64-100-5%
执行命令：./smtsim ../crafty.arg2 ../cacherand.arg
执行时间：2026-04-17 13:19:53
返回码：0
===== 输出内容 =====
动态重分配参数：每100万周期检查，阈值5
Process 0, Thread 0: crafty
Process 0, Thread 1: crafty
Process 2, Thread 2: cacherand
[切片调度] 新安全域0无任何切片，尝试分配空闲切片
[切片管理] 成功绑定切片0 → 安全域0

======================== 切片硬件状态 ========================
切片号 | 所属安全域 | 当前状态    | 路扩展 | LRU touched
------------------------------------------------------------------
  0    |   域0      | 正常运行   |  否   |  0
  1    |   域-1     | 切片空闲   |  否   |  0
  2    |   域-1     | 切片空闲   |  否   |  0
  3    |   域-1     | 切片空闲   |  否   |  0
==================================================================

[切片管理] 成功绑定切片1 → 安全域0，触发【路扩展模式】

======================== 切片硬件状态 ========================
切片号 | 所属安全域 | 当前状态    | 路扩展 | LRU touched
------------------------------------------------------------------
  0    |   域0      | 正常运行   |  是   |  0
  1    |   域0      | 正常运行   |  是   |  0
  2    |   域-1     | 切片空闲   |  否   |  0
  3    |   域-1     | 切片空闲   |  否   |  0
==================================================================

[切片调度] 新安全域2无任何切片，尝试分配空闲切片
[切片管理] 成功绑定切片2 → 安全域2

======================== 切片硬件状态 ========================
切片号 | 所属安全域 | 当前状态    | 路扩展 | LRU touched
------------------------------------------------------------------
  0    |   域0      | 正常运行   |  是   |  320
  1    |   域0      | 正常运行   |  是   |  0
  2    |   域2      | 正常运行   |  否   |  0
  3    |   域-1     | 切片空闲   |  否   |  0
==================================================================

[切片管理] 成功绑定切片3 → 安全域2，触发【路扩展模式】

======================== 切片硬件状态 ========================
切片号 | 所属安全域 | 当前状态    | 路扩展 | LRU touched
------------------------------------------------------------------
  0    |   域0      | 正常运行   |  是   |  320
  1    |   域0      | 正常运行   |  是   |  0
  2    |   域2      | 正常运行   |  是   |  0
  3    |   域2      | 正常运行   |  是   |  0
==================================================================


**** Debug Statistics at 1000000 Cycles *****
Threads: 3		Fetch Width: 8
No of useful instructions fetched:	3312659 (41.41% proc util.)
No of total instructions fetched:	3808256 (47.60% proc util.)
 includes 993 misfetch (0.0%), 494604 (13.0%) wrong-path fetches
 and 0 flushed after failed lock(0.0%)
No of useful instructions issued/executed:	3312615 (41.41% proc util.)
No of total instructions issued/executed:	3513695 (43.92% proc util.)
 includes 201080 wrong-path (5.7%) insts and 0 flushed (0.0%)
	fp 7, 0.00%
	synch 0, 0.00%
	integer 3130050, 89.08%
	load/store 383638, 10.92%
Avg size of int IQ (before scheduling): 30.75
Avg size of fp IQ (before scheduling): 0.00
No of cycles taken:		1000000
Parallelism [ 1.680, 0.000, 1.633,] = 3.313
 IQ conflicts: 214 (0.02%), FQ conflicts: 0 (0.00%) 
 I reg conflicts: 417409 (41.74%), FP reg conflicts: 0 (0.00%)
  Activelist confs: 0 (0.00%), ROB confs: 0 (0.00%)
  Int unit conflicts: 448464 (44.85%), FP unit conflicts: 0 (0.00%)
  Load/store unit conflicts: 605 (0.06%)
  MSHR conflicts: 0 (0.00%)
----------------------------------------
==== System-wide Cache Statistics ====
Stall for miss queue full 0 cycles (0.00%)
----------------------------------------
==== Statistics for Master ID: 0 ====
Reads: 798300   Writes: 91543
ICACHE: size: 64 KB assoc: 2
ICACHE: hits:566626 misses:152  Hit Ratio: 99.97%
DCACHE: size: 2*16 KB assoc: 2*4
DCACHE: hits:321450 misses:1615 writebacks:1073  Hit Ratio: 99.50%
SCACHE: size: 512 KB assoc: 2
SCACHE: hits:2 misses:1765  Hit Ratio: 0.11%
3CACHE: size: 4096 KB assoc: 2
3CACHE: hits:0 misses:1765  Hit Ratio: 0.00%
3CACHE: dirty items replaced:0
ITLB: size: 48, misses 17, miss rate 0.00%
DTLB: size: 128, misses 48, miss rate 0.01%
Avg mem delay: 2.058 cycles
----------------------------------------
==== Statistics for Master ID: 2 ====
Reads: 532777   Writes: 35
ICACHE: size: 64 KB assoc: 2
ICACHE: hits:472234 misses:24  Hit Ratio: 99.99%
DCACHE: size: 2*16 KB assoc: 2*4
DCACHE: hits:40205 misses:20349 writebacks:13  Hit Ratio: 66.40%
SCACHE: size: 512 KB assoc: 2
SCACHE: hits:19559 misses:813  Hit Ratio: 96.01%
3CACHE: size: 4096 KB assoc: 2
3CACHE: hits:0 misses:813  Hit Ratio: 0.00%
3CACHE: dirty items replaced:0
ITLB: size: 48, misses 4, miss rate 0.00%
DTLB: size: 128, misses 22, miss rate 0.04%
Avg mem delay: 2.058 cycles
----------------------------------------
==== Global Resource Utilization ====
STASH: size: 65536 entries, full 4023526, empty 1933, misses 156, full rate 99.95
icache bank util. 0.379 0.307 0.005 0.001 0.062 0.086 0.123 0.078 
dcache bank util. 0.041 0.041 0.041 0.041 0.042 0.042 0.164 0.042 
L2 bank util. 0.016 0.016 0.015 0.015 0.016 0.016 0.016 0.016 
L1-L2 bus util. = 0.070, L3 util. = 0.026
----------------------------------------

======================== 切片硬件状态 ========================
切片号 | 所属安全域 | 当前状态    | 路扩展 | LRU touched
------------------------------------------------------------------
  0    |   域0      | 正常运行   |  是   |  999997
  1    |   域0      | 正常运行   |  是   |  999995
  2    |   域2      | 正常运行   |  是   |  999915
  3    |   域2      | 正常运行   |  是   |  999993
==================================================================

branch prediction, hits = 293938, misses = 20454, hit rate = 93.49%
return_stack prediction, hits = 125, misses = 2, hit rate = 98.43%
jump prediction, hits = 314266, misses = 194, hit rate = 99.94%

**** Debug Statistics at 101000000 Cycles *****
Threads: 3		Fetch Width: 8
No of useful instructions fetched:	372445243 (46.09% proc util.)
No of total instructions fetched:	457227186 (56.59% proc util.)
 includes 16003726 misfetch (3.5%), 68778217 (15.0%) wrong-path fetches
 and 0 flushed after failed lock(0.0%)
No of useful instructions issued/executed:	372445186 (46.09% proc util.)
No of total instructions issued/executed:	403428078 (49.93% proc util.)
 includes 30982892 wrong-path (7.7%) insts and 0 flushed (0.0%)
	fp 166, 0.00%
	synch 0, 0.00%
	integer 322738474, 80.00%
	load/store 80689438, 20.00%
Avg size of int IQ (before scheduling): 32.39
Avg size of fp IQ (before scheduling): 0.00
No of cycles taken:		101000000
Parallelism [ 1.887, 0.000, 1.800,] = 3.688
 IQ conflicts: 274344 (0.27%), FQ conflicts: 0 (0.00%) 
 I reg conflicts: 32552080 (32.23%), FP reg conflicts: 0 (0.00%)
  Activelist confs: 40 (0.00%), ROB confs: 113625 (0.11%)
  Int unit conflicts: 87190159 (86.33%), FP unit conflicts: 0 (0.00%)
  Load/store unit conflicts: 7209025 (7.14%)
  MSHR conflicts: 17412 (0.02%)
----------------------------------------
==== System-wide Cache Statistics ====
Stall for miss queue full 0 cycles (0.00%)
----------------------------------------
==== Statistics for Master ID: 0 ====
Reads: 121742487   Writes: 15838950
ICACHE: size: 64 KB assoc: 2
ICACHE: hits:63127755 misses:506673  Hit Ratio: 99.20%
DCACHE: size: 2*16 KB assoc: 2*4
DCACHE: hits:73089090 misses:857919 writebacks:114882  Hit Ratio: 98.84%
SCACHE: size: 512 KB assoc: 2
SCACHE: hits:1156177 misses:208414  Hit Ratio: 84.73%
3CACHE: size: 4096 KB assoc: 2
3CACHE: hits:151163 misses:57251  Hit Ratio: 72.53%
3CACHE: dirty items replaced:789
ITLB: size: 48, misses 101, miss rate 0.00%
DTLB: size: 128, misses 198082, miss rate 0.27%
Avg mem delay: 1.334 cycles
----------------------------------------
==== Statistics for Master ID: 2 ====
Reads: 67693610   Writes: 38
ICACHE: size: 64 KB assoc: 2
ICACHE: hits:60958180 misses:475  Hit Ratio: 100.00%
DCACHE: size: 2*16 KB assoc: 2*4
DCACHE: hits:4486120 misses:2248873 writebacks:16  Hit Ratio: 66.61%
SCACHE: size: 512 KB assoc: 2
SCACHE: hits:2221079 misses:28269  Hit Ratio: 98.74%
3CACHE: size: 4096 KB assoc: 2
3CACHE: hits:25239 misses:3030  Hit Ratio: 89.28%
3CACHE: dirty items replaced:31
ITLB: size: 48, misses 4, miss rate 0.00%
DTLB: size: 128, misses 417, miss rate 0.01%
Avg mem delay: 1.334 cycles
----------------------------------------
==== Global Resource Utilization ====
STASH: size: 65536 entries, full 472359555, empty 26441215, misses 2502483, full rate 94.23
icache bank util. 0.420 0.346 0.084 0.083 0.091 0.071 0.075 0.078 
dcache bank util. 0.083 0.107 0.110 0.065 0.145 0.144 0.125 0.117 
L2 bank util. 0.023 0.030 0.024 0.022 0.022 0.025 0.021 0.025 
L1-L2 bus util. = 0.111, L3 util. = 0.006
----------------------------------------

======================== 切片硬件状态 ========================
切片号 | 所属安全域 | 当前状态    | 路扩展 | LRU touched
------------------------------------------------------------------
  0    |   域0      | 正常运行   |  是   |  100999998
  1    |   域0      | 正常运行   |  是   |  100999999
  2    |   域2      | 正常运行   |  是   |  100999999
  3    |   域2      | 正常运行   |  是   |  100999980
==================================================================

branch prediction, hits = 21219601, misses = 2028021, hit rate = 91.28%
return_stack prediction, hits = 3295084, misses = 252, hit rate = 99.99%
jump prediction, hits = 23856011, misses = 2986457, hit rate = 88.87%

**** Debug Statistics at 201000000 Cycles *****
Threads: 3		Fetch Width: 8
No of useful instructions fetched:	740676812 (46.06% proc util.)
No of total instructions fetched:	913789831 (56.83% proc util.)
 includes 32919398 misfetch (3.6%), 140193621 (15.3%) wrong-path fetches
 and 0 flushed after failed lock(0.0%)
No of useful instructions issued/executed:	740676782 (46.06% proc util.)
No of total instructions issued/executed:	804137991 (50.01% proc util.)
 includes 63461209 wrong-path (7.9%) insts and 0 flushed (0.0%)
	fp 181, 0.00%
	synch 0, 0.00%
	integer 640838967, 79.69%
	load/store 163298843, 20.31%
Avg size of int IQ (before scheduling): 32.36
Avg size of fp IQ (before scheduling): 0.00
No of cycles taken:		201000000
Parallelism [ 1.882, 0.000, 1.803,] = 3.685
 IQ conflicts: 540063 (0.27%), FQ conflicts: 0 (0.00%) 
 I reg conflicts: 64283912 (31.98%), FP reg conflicts: 0 (0.00%)
  Activelist confs: 40 (0.00%), ROB confs: 113625 (0.06%)
  Int unit conflicts: 176332145 (87.73%), FP unit conflicts: 0 (0.00%)
  Load/store unit conflicts: 14986665 (7.46%)
  MSHR conflicts: 17416 (0.01%)
----------------------------------------
==== System-wide Cache Statistics ====
Stall for miss queue full 0 cycles (0.00%)
----------------------------------------
==== Statistics for Master ID: 0 ====
Reads: 244915937   Writes: 32031805
ICACHE: size: 64 KB assoc: 2
ICACHE: hits:126023595 misses:1061545  Hit Ratio: 99.16%
DCACHE: size: 2*16 KB assoc: 2*4
DCACHE: hits:148119610 misses:1742992 writebacks:194189  Hit Ratio: 98.84%
SCACHE: size: 512 KB assoc: 2
SCACHE: hits:2415465 misses:389072  Hit Ratio: 86.13%
3CACHE: size: 4096 KB assoc: 2
3CACHE: hits:306455 misses:82617  Hit Ratio: 78.77%
3CACHE: dirty items replaced:2069
ITLB: size: 48, misses 107, miss rate 0.00%
DTLB: size: 128, misses 419521, miss rate 0.28%
Avg mem delay: 1.338 cycles
----------------------------------------
==== Statistics for Master ID: 2 ====
Reads: 135431117   Writes: 38
ICACHE: size: 64 KB assoc: 2
ICACHE: hits:122007128 misses:931  Hit Ratio: 100.00%
DCACHE: size: 2*16 KB assoc: 2*4
DCACHE: hits:8941903 misses:4481193 writebacks:16  Hit Ratio: 66.62%
SCACHE: size: 512 KB assoc: 2
SCACHE: hits:4424004 misses:58120  Hit Ratio: 98.70%
3CACHE: size: 4096 KB assoc: 2
3CACHE: hits:53122 misses:4998  Hit Ratio: 91.40%
3CACHE: dirty items replaced:65
ITLB: size: 48, misses 4, miss rate 0.00%
DTLB: size: 128, misses 866, miss rate 0.01%
Avg mem delay: 1.338 cycles
----------------------------------------
==== Global Resource Utilization ====
STASH: size: 65536 entries, full 941052326, empty 56060710, misses 5310296, full rate 93.88
icache bank util. 0.421 0.347 0.085 0.084 0.091 0.072 0.076 0.079 
dcache bank util. 0.086 0.106 0.109 0.067 0.147 0.148 0.126 0.121 
L2 bank util. 0.023 0.030 0.024 0.022 0.022 0.026 0.021 0.025 
L1-L2 bus util. = 0.112, L3 util. = 0.004
----------------------------------------

======================== 切片硬件状态 ========================
切片号 | 所属安全域 | 当前状态    | 路扩展 | LRU touched
------------------------------------------------------------------
  0    |   域0      | 正常运行   |  是   |  200999996
  1    |   域0      | 正常运行   |  是   |  200999994
  2    |   域2      | 正常运行   |  是   |  200999983
  3    |   域2      | 正常运行   |  是   |  200999995
==================================================================

branch prediction, hits = 41535986, misses = 4113727, hit rate = 90.99%
return_stack prediction, hits = 6434334, misses = 586, hit rate = 99.99%
jump prediction, hits = 46518628, misses = 6121810, hit rate = 88.37%

**** Debug Statistics at 301000000 Cycles *****
Threads: 3		Fetch Width: 8
No of useful instructions fetched:	1106955010 (45.97% proc util.)
No of total instructions fetched:	1369386692 (56.87% proc util.)
 includes 50341233 misfetch (3.7%), 212090449 (15.5%) wrong-path fetches
 and 0 flushed after failed lock(0.0%)
No of useful instructions issued/executed:	1106954965 (45.97% proc util.)
No of total instructions issued/executed:	1203158803 (49.97% proc util.)
 includes 96203838 wrong-path (8.0%) insts and 0 flushed (0.0%)
	fp 181, 0.00%
	synch 0, 0.00%
	integer 957987834, 79.62%
	load/store 245170788, 20.38%
Avg size of int IQ (before scheduling): 32.29
Avg size of fp IQ (before scheduling): 0.00
No of cycles taken:		301000000
Parallelism [ 1.878, 0.000, 1.800,] = 3.678
 IQ conflicts: 811812 (0.27%), FQ conflicts: 0 (0.00%) 
 I reg conflicts: 96160569 (31.95%), FP reg conflicts: 0 (0.00%)
  Activelist confs: 40 (0.00%), ROB confs: 113625 (0.04%)
  Int unit conflicts: 263266283 (87.46%), FP unit conflicts: 0 (0.00%)
  Load/store unit conflicts: 22447434 (7.46%)
  MSHR conflicts: 17428 (0.01%)
----------------------------------------
==== System-wide Cache Statistics ====
Stall for miss queue full 0 cycles (0.00%)
----------------------------------------
==== Statistics for Master ID: 0 ====
Reads: 368061984   Writes: 47799694
ICACHE: size: 64 KB assoc: 2
ICACHE: hits:189222058 misses:1549878  Hit Ratio: 99.19%
DCACHE: size: 2*16 KB assoc: 2*4
DCACHE: hits:222462232 misses:2627510 writebacks:268439  Hit Ratio: 98.83%
SCACHE: size: 512 KB assoc: 2
SCACHE: hits:3611047 misses:566341  Hit Ratio: 86.44%
3CACHE: size: 4096 KB assoc: 2
3CACHE: hits:457950 misses:108391  Hit Ratio: 80.86%
3CACHE: dirty items replaced:3495
ITLB: size: 48, misses 107, miss rate 0.00%
DTLB: size: 128, misses 650915, miss rate 0.29%
Avg mem delay: 1.340 cycles
----------------------------------------
==== Statistics for Master ID: 2 ====
Reads: 203045256   Writes: 41
ICACHE: size: 64 KB assoc: 2
ICACHE: hits:182982722 misses:1392  Hit Ratio: 100.00%
DCACHE: size: 2*16 KB assoc: 2*4
DCACHE: hits:13364726 misses:6696457 writebacks:19  Hit Ratio: 66.62%
SCACHE: size: 512 KB assoc: 2
SCACHE: hits:6610504 misses:87345  Hit Ratio: 98.70%
3CACHE: size: 4096 KB assoc: 2
3CACHE: hits:80365 misses:6980  Hit Ratio: 92.01%
3CACHE: dirty items replaced:93
ITLB: size: 48, misses 4, miss rate 0.00%
DTLB: size: 128, misses 1413, miss rate 0.01%
Avg mem delay: 1.340 cycles
----------------------------------------
==== Global Resource Utilization ====
STASH: size: 65536 entries, full 1410031876, empty 85464054, misses 8065421, full rate 93.78
icache bank util. 0.422 0.347 0.085 0.085 0.091 0.072 0.076 0.079 
dcache bank util. 0.085 0.106 0.108 0.066 0.147 0.150 0.127 0.121 
L2 bank util. 0.023 0.030 0.024 0.022 0.022 0.025 0.021 0.025 
L1-L2 bus util. = 0.111, L3 util. = 0.004
----------------------------------------

======================== 切片硬件状态 ========================
切片号 | 所属安全域 | 当前状态    | 路扩展 | LRU touched
------------------------------------------------------------------
  0    |   域0      | 正常运行   |  是   |  300999992
  1    |   域0      | 正常运行   |  是   |  300999999
  2    |   域2      | 正常运行   |  是   |  300999961
  3    |   域2      | 正常运行   |  是   |  300999987
==================================================================

branch prediction, hits = 61659404, misses = 6183491, hit rate = 90.89%
return_stack prediction, hits = 9652888, misses = 940, hit rate = 99.99%
jump prediction, hits = 68911483, misses = 9381764, hit rate = 88.02%

**** Debug Statistics at 401000000 Cycles *****
Threads: 3		Fetch Width: 8
No of useful instructions fetched:	1477602676 (46.06% proc util.)
No of total instructions fetched:	1821948100 (56.79% proc util.)
 includes 67186256 misfetch (3.7%), 277159168 (15.2%) wrong-path fetches
 and 0 flushed after failed lock(0.0%)
No of useful instructions issued/executed:	1477602626 (46.06% proc util.)
No of total instructions issued/executed:	1603877667 (50.00% proc util.)
 includes 126275041 wrong-path (7.9%) insts and 0 flushed (0.0%)
	fp 193, 0.00%
	synch 0, 0.00%
	integer 1277804123, 79.67%
	load/store 326073351, 20.33%
Avg size of int IQ (before scheduling): 32.27
Avg size of fp IQ (before scheduling): 0.00
No of cycles taken:		401000000
Parallelism [ 1.886, 0.000, 1.799,] = 3.685
 IQ conflicts: 1034570 (0.26%), FQ conflicts: 0 (0.00%) 
 I reg conflicts: 128416640 (32.02%), FP reg conflicts: 0 (0.00%)
  Activelist confs: 40 (0.00%), ROB confs: 113625 (0.03%)
  Int unit conflicts: 348525346 (86.91%), FP unit conflicts: 0 (0.00%)
  Load/store unit conflicts: 29706315 (7.41%)
  MSHR conflicts: 17497 (0.00%)
----------------------------------------
==== System-wide Cache Statistics ====
Stall for miss queue full 0 cycles (0.00%)
----------------------------------------
==== Statistics for Master ID: 0 ====
Reads: 490168050   Writes: 63276773
ICACHE: size: 64 KB assoc: 2
ICACHE: hits:252067067 misses:2047209  Hit Ratio: 99.19%
DCACHE: size: 2*16 KB assoc: 2*4
DCACHE: hits:295861455 misses:3469092 writebacks:335618  Hit Ratio: 98.84%
SCACHE: size: 512 KB assoc: 2
SCACHE: hits:4798650 misses:717650  Hit Ratio: 86.99%
3CACHE: size: 4096 KB assoc: 2
3CACHE: hits:592204 misses:125446  Hit Ratio: 82.52%
3CACHE: dirty items replaced:4041
ITLB: size: 48, misses 113, miss rate 0.00%
DTLB: size: 128, misses 867613, miss rate 0.29%
Avg mem delay: 1.340 cycles
----------------------------------------
==== Statistics for Master ID: 2 ====
Reads: 270372834   Writes: 43
ICACHE: size: 64 KB assoc: 2
ICACHE: hits:243653171 misses:1843  Hit Ratio: 100.00%
DCACHE: size: 2*16 KB assoc: 2*4
DCACHE: hits:17799182 misses:8918681 writebacks:21  Hit Ratio: 66.62%
SCACHE: size: 512 KB assoc: 2
SCACHE: hits:8809039 misses:111484  Hit Ratio: 98.75%
3CACHE: size: 4096 KB assoc: 2
3CACHE: hits:103167 misses:8317  Hit Ratio: 92.54%
3CACHE: dirty items replaced:131
ITLB: size: 48, misses 4, miss rate 0.00%
DTLB: size: 128, misses 1841, miss rate 0.01%
Avg mem delay: 1.340 cycles
----------------------------------------
==== Global Resource Utilization ====
STASH: size: 65536 entries, full 1876489386, empty 114354023, misses 10757451, full rate 93.75
icache bank util. 0.421 0.347 0.086 0.085 0.092 0.072 0.076 0.079 
dcache bank util. 0.087 0.105 0.108 0.067 0.146 0.149 0.128 0.119 
L2 bank util. 0.023 0.030 0.024 0.021 0.022 0.026 0.020 0.025 
L1-L2 bus util. = 0.111, L3 util. = 0.003
----------------------------------------

======================== 切片硬件状态 ========================
切片号 | 所属安全域 | 当前状态    | 路扩展 | LRU touched
------------------------------------------------------------------
  0    |   域0      | 正常运行   |  是   |  400999976
  1    |   域0      | 正常运行   |  是   |  400999993
  2    |   域2      | 正常运行   |  是   |  400999943
  3    |   域2      | 正常运行   |  是   |  400999998
==================================================================

branch prediction, hits = 82291091, misses = 8099920, hit rate = 91.04%
return_stack prediction, hits = 13050436, misses = 1190, hit rate = 99.99%
jump prediction, hits = 92180474, misses = 12498212, hit rate = 88.06%

**** Early Exiting at 407105547 Cycles *****
========================================
 SMTSIM Global Statistics
========================================
Threads: 3		Fetch Width: 8
No of useful instructions fetched:	1500000092 (46.06% proc util.)
No of total instructions fetched:	1849181473 (56.78% proc util.)
 includes 68184821 misfetch (3.7%), 280996560 (15.2%) wrong-path fetches
 and 0 flushed after failed lock(0.0%)
No of useful instructions issued/executed:	1500000050 (46.06% proc util.)
No of total instructions issued/executed:	1628050534 (49.99% proc util.)
 includes 128050484 wrong-path (7.9%) insts and 0 flushed (0.0%)
	fp 193, 0.00%
	synch 0, 0.00%
	integer 1297101044, 79.67%
	load/store 330949297, 20.33%
Avg size of int IQ (before scheduling): 32.26
Avg size of fp IQ (before scheduling): 0.00
No of cycles taken:		407105547
Parallelism [ 1.886, 0.000, 1.799,] = 3.685
 IQ conflicts: 1050296 (0.26%), FQ conflicts: 0 (0.00%) 
 I reg conflicts: 130442372 (32.04%), FP reg conflicts: 0 (0.00%)
  Activelist confs: 40 (0.00%), ROB confs: 113625 (0.03%)
  Int unit conflicts: 353566190 (86.85%), FP unit conflicts: 0 (0.00%)
  Load/store unit conflicts: 30133254 (7.40%)
  MSHR conflicts: 17497 (0.00%)
----------------------------------------
==== System-wide Cache Statistics ====
Stall for miss queue full 0 cycles (0.00%)
----------------------------------------
==== Statistics for Master ID: 0 ====
Reads: 497534861   Writes: 64208293
ICACHE: size: 64 KB assoc: 2
ICACHE: hits:255863895 misses:2074619  Hit Ratio: 99.20%
DCACHE: size: 2*16 KB assoc: 2*4
DCACHE: hits:300284358 misses:3520282 writebacks:339560  Hit Ratio: 98.84%
SCACHE: size: 512 KB assoc: 2
SCACHE: hits:4868388 misses:726512  Hit Ratio: 87.01%
3CACHE: size: 4096 KB assoc: 2
3CACHE: hits:600033 misses:126478  Hit Ratio: 82.59%
3CACHE: dirty items replaced:4070
ITLB: size: 48, misses 113, miss rate 0.00%
DTLB: size: 128, misses 881790, miss rate 0.29%
Avg mem delay: 1.340 cycles
----------------------------------------
==== Statistics for Master ID: 2 ====
Reads: 274426369   Writes: 43
ICACHE: size: 64 KB assoc: 2
ICACHE: hits:247305222 misses:1871  Hit Ratio: 100.00%
DCACHE: size: 2*16 KB assoc: 2*4
DCACHE: hits:18066062 misses:9053257 writebacks:21  Hit Ratio: 66.62%
SCACHE: size: 512 KB assoc: 2
SCACHE: hits:8942100 misses:113028  Hit Ratio: 98.75%
3CACHE: size: 4096 KB assoc: 2
3CACHE: hits:104585 misses:8443  Hit Ratio: 92.53%
3CACHE: dirty items replaced:131
ITLB: size: 48, misses 4, miss rate 0.00%
DTLB: size: 128, misses 1876, miss rate 0.01%
Avg mem delay: 1.340 cycles
----------------------------------------
==== Global Resource Utilization ====
STASH: size: 65536 entries, full 1904696955, empty 115996572, misses 10911915, full rate 93.75
icache bank util. 0.421 0.347 0.086 0.085 0.092 0.072 0.076 0.079 
dcache bank util. 0.087 0.105 0.108 0.067 0.145 0.149 0.128 0.119 
L2 bank util. 0.023 0.030 0.024 0.021 0.022 0.026 0.020 0.025 
L1-L2 bus util. = 0.110, L3 util. = 0.003
----------------------------------------

======================== 切片硬件状态 ========================
切片号 | 所属安全域 | 当前状态    | 路扩展 | LRU touched
------------------------------------------------------------------
  0    |   域0      | 正常运行   |  是   |  407105543
  1    |   域0      | 正常运行   |  是   |  407105538
  2    |   域2      | 正常运行   |  是   |  407105537
  3    |   域2      | 正常运行   |  是   |  407105518
==================================================================

branch prediction, hits = 83529785, misses = 8210856, hit rate = 91.05%
return_stack prediction, hits = 13260800, misses = 1216, hit rate = 99.99%
jump prediction, hits = 93574127, misses = 12686100, hit rate = 88.06%
total IPC 3.685

=== Results saved to: ./results/crafty_2_cacherand_1.txt ===
