测试组合（多线程优先）：gcc-200.arg2 + cacherand.arg + gcc-scilab.arg
执行命令：./smtsim gcc-200.arg2 cacherand.arg gcc-scilab.arg
==================================================

 abend_ adia_ adib_ ambm6_ analie6_ betalf_ block_ blockdis_ caconv_ calrms_ chroma_ cinvar_ clor6_动态重分配参数：每200万周期检查，阈值5
Process 0, Thread 0: gcc-200
Process 0, Thread 1: gcc-200
Process 2, Thread 2: cacherand
Process 3, Thread 3: gcc-scilab
[切片调度] 新安全域2无任何切片，尝试分配空闲切片
[切片管理] 成功绑定切片0 → 安全域2

======================== 切片硬件状态 ========================
切片号 | 所属安全域 | 当前状态    | 路扩展 | LRU touched
------------------------------------------------------------------
  0    |   域2      | 正常运行   |  否   |  0
  1    |   域-1     | 切片空闲   |  否   |  0
  2    |   域-1     | 切片空闲   |  否   |  0
  3    |   域-1     | 切片空闲   |  否   |  0
==================================================================

[切片管理] 成功绑定切片1 → 安全域2，触发【路扩展模式】

======================== 切片硬件状态 ========================
切片号 | 所属安全域 | 当前状态    | 路扩展 | LRU touched
------------------------------------------------------------------
  0    |   域2      | 正常运行   |  是   |  0
  1    |   域2      | 正常运行   |  是   |  0
  2    |   域-1     | 切片空闲   |  否   |  0
  3    |   域-1     | 切片空闲   |  否   |  0
==================================================================

[切片调度] 新安全域3无任何切片，尝试分配空闲切片
[切片管理] 成功绑定切片2 → 安全域3

======================== 切片硬件状态 ========================
切片号 | 所属安全域 | 当前状态    | 路扩展 | LRU touched
------------------------------------------------------------------
  0    |   域2      | 正常运行   |  是   |  435
  1    |   域2      | 正常运行   |  是   |  0
  2    |   域3      | 正常运行   |  否   |  0
  3    |   域-1     | 切片空闲   |  否   |  0
==================================================================

[切片管理] 成功绑定切片3 → 安全域3，触发【路扩展模式】

======================== 切片硬件状态 ========================
切片号 | 所属安全域 | 当前状态    | 路扩展 | LRU touched
------------------------------------------------------------------
  0    |   域2      | 正常运行   |  是   |  435
  1    |   域2      | 正常运行   |  是   |  0
  2    |   域3      | 正常运行   |  是   |  0
  3    |   域3      | 正常运行   |  是   |  0
==================================================================

[切片调度] 新安全域0无任何切片，尝试分配空闲切片
[切片调度] 新安全域0未找到空闲切片，尝试剥夺切片
[切片替换] 优先从【路扩展切片】中选择LRU替换目标...
[切片替换] 找到路扩展切片作为受害者：切片1（最后访问：0）
[切片调度] 安全域0触发切片剥夺：从域2剥夺切片1
[切片剥夺] 周期543：切片1（所属域2）进入待剥夺状态，禁止新替换
[切片剥夺] 周期543：切片1在途请求已清空，开始执行脏行写回
[切片剥夺] 周期543：切片1无脏行，直接完成剥夺
[切片调度] 域0已有切片1在写回，指令入队等待
[切片管理] 周期543：原域2仅剩1个切片，关闭路扩展模式
[动态重分配] 周期543：切片1写回完成，自动绑定到域0
[切片管理] 成功绑定切片1 → 安全域0

======================== 切片硬件状态 ========================
切片号 | 所属安全域 | 当前状态    | 路扩展 | LRU touched
------------------------------------------------------------------
  0    |   域2      | 正常运行   |  否   |  435
  1    |   域0      | 正常运行   |  否   |  543
  2    |   域3      | 正常运行   |  是   |  511
  3    |   域3      | 正常运行   |  是   |  0
==================================================================

[切片唤醒] 周期543：域0切片就绪，唤醒等待指令
[切片唤醒] 周期543：域0切片就绪，唤醒等待指令

**** Debug Statistics at 1000000 Cycles *****
Threads: 4		Fetch Width: 8
No of useful instructions fetched:	2658842 (33.24% proc util.)
No of total instructions fetched:	3354921 (41.94% proc util.)
 includes 69825 misfetch (2.1%), 626254 (18.7%) wrong-path fetches
 and 0 flushed after failed lock(0.0%)
No of useful instructions issued/executed:	2658820 (33.24% proc util.)
No of total instructions issued/executed:	2949363 (36.87% proc util.)
 includes 290543 wrong-path (9.9%) insts and 0 flushed (0.0%)
	fp 7149, 0.24%
	synch 0, 0.00%
	integer 2253132, 76.39%
	load/store 689082, 23.36%
Avg size of int IQ (before scheduling): 25.93
Avg size of fp IQ (before scheduling): 0.24
No of cycles taken:		1000000
Parallelism [ 0.761, 0.000, 1.034, 0.864,] = 2.659
 IQ conflicts: 2155 (0.22%), FQ conflicts: 0 (0.00%) 
 I reg conflicts: 502213 (50.22%), FP reg conflicts: 0 (0.00%)
  Activelist confs: 17 (0.00%), ROB confs: 134 (0.01%)
  Int unit conflicts: 975099 (97.51%), FP unit conflicts: 0 (0.00%)
  Load/store unit conflicts: 93270 (9.33%)
  MSHR conflicts: 123377 (12.34%)
----------------------------------------
==== System-wide Cache Statistics ====
Stall for miss queue full 0 cycles (0.00%)
----------------------------------------
==== Statistics for Master ID: 0 ====
Reads: 595113   Writes: 69253
ICACHE: size: 64 KB assoc: 2
ICACHE: hits:346772 misses:1092  Hit Ratio: 99.69%
DCACHE: size: 1*16 KB assoc: 1*4
DCACHE: hits:310442 misses:6058 writebacks:1328  Hit Ratio: 98.09%
SCACHE: size: 512 KB assoc: 2
SCACHE: hits:3349 misses:3801  Hit Ratio: 46.84%
3CACHE: size: 4096 KB assoc: 2
3CACHE: hits:190 misses:3611  Hit Ratio: 5.00%
3CACHE: dirty items replaced:0
ITLB: size: 48, misses 35, miss rate 0.01%
DTLB: size: 128, misses 668, miss rate 0.21%
Avg mem delay: 2.587 cycles
----------------------------------------
==== Statistics for Master ID: 2 ====
Reads: 329567   Writes: 35
ICACHE: size: 64 KB assoc: 2
ICACHE: hits:291196 misses:23  Hit Ratio: 99.99%
DCACHE: size: 1*16 KB assoc: 1*4
DCACHE: hits:12897 misses:25486 writebacks:13  Hit Ratio: 33.60%
SCACHE: size: 512 KB assoc: 2
SCACHE: hits:24588 misses:921  Hit Ratio: 96.39%
3CACHE: size: 4096 KB assoc: 2
3CACHE: hits:100 misses:821  Hit Ratio: 10.86%
3CACHE: dirty items replaced:0
ITLB: size: 48, misses 4, miss rate 0.00%
DTLB: size: 128, misses 25, miss rate 0.07%
Avg mem delay: 2.587 cycles
----------------------------------------
==== Statistics for Master ID: 3 ====
Reads: 509450   Writes: 135786
ICACHE: size: 64 KB assoc: 2
ICACHE: hits:309901 misses:2357  Hit Ratio: 99.25%
DCACHE: size: 2*16 KB assoc: 2*4
DCACHE: hits:329902 misses:3076 writebacks:2057  Hit Ratio: 99.08%
SCACHE: size: 512 KB assoc: 2
SCACHE: hits:915 misses:4518  Hit Ratio: 16.84%
3CACHE: size: 4096 KB assoc: 2
3CACHE: hits:111 misses:4407  Hit Ratio: 2.46%
3CACHE: dirty items replaced:0
ITLB: size: 48, misses 131, miss rate 0.04%
DTLB: size: 128, misses 302, miss rate 0.09%
Avg mem delay: 2.587 cycles
----------------------------------------
==== Global Resource Utilization ====
STASH: size: 65536 entries, full 473114612, empty 27268461, misses 3219759, full rate 93.95
icache bank util. 0.255 0.215 0.086 0.070 0.062 0.084 0.100 0.089 
dcache bank util. 0.088 0.103 0.065 0.098 0.080 0.103 0.147 0.118 
L2 bank util. 0.031 0.030 0.031 0.029 0.028 0.028 0.030 0.031 
L1-L2 bus util. = 0.124, L3 util. = 0.088
----------------------------------------

======================== 切片硬件状态 ========================
切片号 | 所属安全域 | 当前状态    | 路扩展 | LRU touched
------------------------------------------------------------------
  0    |   域2      | 正常运行   |  否   |  999992
  1    |   域0      | 正常运行   |  否   |  999999
  2    |   域3      | 正常运行   |  是   |  999995
  3    |   域3      | 正常运行   |  是   |  999999
==================================================================

branch prediction, hits = 194718, misses = 24834, hit rate = 88.69%
return_stack prediction, hits = 25235, misses = 6, hit rate = 99.98%
jump prediction, hits = 213943, misses = 20046, hit rate = 91.43%
 dgelq2_ clorb_ dgelqf_ clorb2_
======================== 切片硬件状态 ========================
切片号 | 所属安全域 | 当前状态    | 路扩展 | LRU touched
------------------------------------------------------------------
  0    |   域2      | 正常运行   |  否   |  11999983
  1    |   域0      | 正常运行   |  否   |  12000000
  2    |   域3      | 正常运行   |  是   |  11999976
  3    |   域3      | 正常运行   |  是   |  11999997
==================================================================

[动态重分配] 周期12000000：预约迁移 冗余域3(1%) -> 切片2 -> 饥饿域2(66%)
[切片剥夺] 周期12000000：切片2（所属域3）进入待剥夺状态，禁止新替换
[切片剥夺] 周期12000000：切片2在途请求已清空，开始执行脏行写回
[切片管理] 周期12000303：原域3仅剩1个切片，关闭路扩展模式
[动态重分配] 周期12000303：切片2写回完成，自动绑定到域2
[切片管理] 成功绑定切片2 → 安全域2，触发【路扩展模式】

======================== 切片硬件状态 ========================
切片号 | 所属安全域 | 当前状态    | 路扩展 | LRU touched
------------------------------------------------------------------
  0    |   域2      | 正常运行   |  是   |  12000081
  1    |   域0      | 正常运行   |  否   |  12000302
  2    |   域2      | 正常运行   |  是   |  12000303
  3    |   域3      | 正常运行   |  否   |  12000055
==================================================================


**** Debug Statistics at 101000000 Cycles *****
Threads: 4		Fetch Width: 8
No of useful instructions fetched:	341924383 (42.32% proc util.)
No of total instructions fetched:	489652950 (60.60% proc util.)
 includes 27557143 misfetch (5.6%), 120171424 (24.5%) wrong-path fetches
 and 0 flushed after failed lock(0.0%)
No of useful instructions issued/executed:	341924339 (42.32% proc util.)
No of total instructions issued/executed:	399548290 (49.45% proc util.)
 includes 57623951 wrong-path (14.4%) insts and 0 flushed (0.0%)
	fp 16210, 0.00%
	synch 0, 0.00%
	integer 301803245, 75.54%
	load/store 97728835, 24.46%
Avg size of int IQ (before scheduling): 32.71
Avg size of fp IQ (before scheduling): 0.01
No of cycles taken:		101000000
Parallelism [ 0.931, 0.000, 1.554, 0.901,] = 3.385
 IQ conflicts: 749251 (0.74%), FQ conflicts: 0 (0.00%) 
 I reg conflicts: 27482388 (27.21%), FP reg conflicts: 0 (0.00%)
  Activelist confs: 551 (0.00%), ROB confs: 121970 (0.12%)
  Int unit conflicts: 127145362 (125.89%), FP unit conflicts: 11 (0.00%)
  Load/store unit conflicts: 15251500 (15.10%)
  MSHR conflicts: 9962897 (9.86%)
----------------------------------------
==== System-wide Cache Statistics ====
Stall for miss queue full 0 cycles (0.00%)
----------------------------------------
==== Statistics for Master ID: 0 ====
Reads: 76750529   Writes: 12770380
ICACHE: size: 64 KB assoc: 2
ICACHE: hits:43377438 misses:1145395  Hit Ratio: 97.43%
DCACHE: size: 1*16 KB assoc: 1*4
DCACHE: hits:43906235 misses:1091839 writebacks:291035  Hit Ratio: 97.57%
SCACHE: size: 512 KB assoc: 2
SCACHE: hits:1729663 misses:507569  Hit Ratio: 77.31%
3CACHE: size: 4096 KB assoc: 2
3CACHE: hits:413225 misses:94344  Hit Ratio: 81.41%
3CACHE: dirty items replaced:15337
ITLB: size: 48, misses 89198, miss rate 0.20%
DTLB: size: 128, misses 102270, miss rate 0.23%
Avg mem delay: 1.746 cycles
----------------------------------------
==== Statistics for Master ID: 2 ====
Reads: 50364021   Writes: 37
ICACHE: size: 64 KB assoc: 2
ICACHE: hits:44550719 misses:1641  Hit Ratio: 100.00%
DCACHE: size: 2*16 KB assoc: 2*4
DCACHE: hits:3657076 misses:2154622 writebacks:15  Hit Ratio: 62.93%
SCACHE: size: 512 KB assoc: 2
SCACHE: hits:2082372 misses:73890  Hit Ratio: 96.57%
3CACHE: size: 4096 KB assoc: 2
3CACHE: hits:67373 misses:6517  Hit Ratio: 91.18%
3CACHE: dirty items replaced:407
ITLB: size: 48, misses 4, miss rate 0.00%
DTLB: size: 128, misses 742, miss rate 0.01%
Avg mem delay: 1.746 cycles
----------------------------------------
==== Statistics for Master ID: 3 ====
Reads: 78997630   Writes: 12946521
ICACHE: size: 64 KB assoc: 2
ICACHE: hits:44047708 misses:1283563  Hit Ratio: 97.17%
DCACHE: size: 1*16 KB assoc: 1*4
DCACHE: hits:45563030 misses:1049946 writebacks:308752  Hit Ratio: 97.75%
SCACHE: size: 512 KB assoc: 2
SCACHE: hits:1852127 misses:481286  Hit Ratio: 79.37%
3CACHE: size: 4096 KB assoc: 2
3CACHE: hits:395337 misses:85949  Hit Ratio: 82.14%
3CACHE: dirty items replaced:16061
ITLB: size: 48, misses 89360, miss rate 0.20%
DTLB: size: 128, misses 87031, miss rate 0.19%
Avg mem delay: 1.746 cycles
----------------------------------------
==== Global Resource Utilization ====
STASH: size: 65536 entries, full 977294743, empty 46356179, misses 4863564, full rate 95.02
icache bank util. 0.372 0.312 0.118 0.125 0.125 0.117 0.113 0.121 
dcache bank util. 0.135 0.136 0.152 0.151 0.129 0.125 0.140 0.141 
L2 bank util. 0.050 0.051 0.050 0.051 0.050 0.046 0.048 0.048 
L1-L2 bus util. = 0.218, L3 util. = 0.018
----------------------------------------

======================== 切片硬件状态 ========================
切片号 | 所属安全域 | 当前状态    | 路扩展 | LRU touched
------------------------------------------------------------------
  0    |   域2      | 正常运行   |  是   |  100999983
  1    |   域0      | 正常运行   |  否   |  100999998
  2    |   域2      | 正常运行   |  是   |  100999998
  3    |   域3      | 正常运行   |  否   |  100999997
==================================================================

branch prediction, hits = 26744966, misses = 4581556, hit rate = 85.37%
return_stack prediction, hits = 2486307, misses = 2940, hit rate = 99.88%
jump prediction, hits = 22569647, misses = 6459739, hit rate = 77.75%
 combel_ dgels_ comnul_
**** Debug Statistics at 201000000 Cycles *****
Threads: 4		Fetch Width: 8
No of useful instructions fetched:	658640610 (40.96% proc util.)
No of total instructions fetched:	942841417 (58.63% proc util.)
 includes 52323581 misfetch (5.5%), 231877226 (24.6%) wrong-path fetches
 and 0 flushed after failed lock(0.0%)
No of useful instructions issued/executed:	658640566 (40.96% proc util.)
No of total instructions issued/executed:	772729359 (48.06% proc util.)
 includes 114088793 wrong-path (14.8%) insts and 0 flushed (0.0%)
	fp 28265, 0.00%
	synch 0, 0.00%
	integer 583764329, 75.55%
	load/store 188936765, 24.45%
Avg size of int IQ (before scheduling): 33.29
Avg size of fp IQ (before scheduling): 0.00
No of cycles taken:		201000000
Parallelism [ 0.851, 0.000, 1.544, 0.882,] = 3.277
 IQ conflicts: 2052768 (1.02%), FQ conflicts: 0 (0.00%) 
 I reg conflicts: 58862272 (29.28%), FP reg conflicts: 0 (0.00%)
  Activelist confs: 2372 (0.00%), ROB confs: 244757 (0.12%)
  Int unit conflicts: 234137134 (116.49%), FP unit conflicts: 14 (0.00%)
  Load/store unit conflicts: 30017651 (14.93%)
  MSHR conflicts: 17383291 (8.65%)
----------------------------------------
==== System-wide Cache Statistics ====
Stall for miss queue full 0 cycles (0.00%)
----------------------------------------
==== Statistics for Master ID: 0 ====
Reads: 142629385   Writes: 24231462
ICACHE: size: 64 KB assoc: 2
ICACHE: hits:80178195 misses:2287221  Hit Ratio: 97.23%
DCACHE: size: 1*16 KB assoc: 1*4
DCACHE: hits:81950661 misses:2444768 writebacks:521222  Hit Ratio: 97.10%
SCACHE: size: 512 KB assoc: 2
SCACHE: hits:3628449 misses:1103540  Hit Ratio: 76.68%
3CACHE: size: 4096 KB assoc: 2
3CACHE: hits:936350 misses:167190  Hit Ratio: 84.85%
3CACHE: dirty items replaced:43072
ITLB: size: 48, misses 188214, miss rate 0.23%
DTLB: size: 128, misses 280977, miss rate 0.33%
Avg mem delay: 1.930 cycles
----------------------------------------
==== Statistics for Master ID: 2 ====
Reads: 98904505   Writes: 39
ICACHE: size: 64 KB assoc: 2
ICACHE: hits:87410053 misses:1975  Hit Ratio: 100.00%
DCACHE: size: 2*16 KB assoc: 2*4
DCACHE: hits:7442078 misses:4050438 writebacks:17  Hit Ratio: 64.76%
SCACHE: size: 512 KB assoc: 2
SCACHE: hits:3909167 misses:143246  Hit Ratio: 96.47%
3CACHE: size: 4096 KB assoc: 2
3CACHE: hits:130116 misses:13130  Hit Ratio: 90.83%
3CACHE: dirty items replaced:993
ITLB: size: 48, misses 4, miss rate 0.00%
DTLB: size: 128, misses 2629, miss rate 0.02%
Avg mem delay: 1.930 cycles
----------------------------------------
==== Statistics for Master ID: 3 ====
Reads: 155149144   Writes: 26136571
ICACHE: size: 64 KB assoc: 2
ICACHE: hits:86482159 misses:2381400  Hit Ratio: 97.32%
DCACHE: size: 1*16 KB assoc: 1*4
DCACHE: hits:89998699 misses:2423553 writebacks:716680  Hit Ratio: 97.38%
SCACHE: size: 512 KB assoc: 2
SCACHE: hits:3699675 misses:1105180  Hit Ratio: 77.00%
3CACHE: size: 4096 KB assoc: 2
3CACHE: hits:940815 misses:164365  Hit Ratio: 85.13%
3CACHE: dirty items replaced:44098
ITLB: size: 48, misses 159223, miss rate 0.18%
DTLB: size: 128, misses 223693, miss rate 0.24%
Avg mem delay: 1.930 cycles
----------------------------------------
==== Global Resource Utilization ====
STASH: size: 65536 entries, full 1444725771, empty 65581448, misses 6520250, full rate 95.25
icache bank util. 0.366 0.304 0.112 0.120 0.121 0.110 0.107 0.116 
dcache bank util. 0.136 0.133 0.141 0.149 0.141 0.123 0.130 0.135 
L2 bank util. 0.051 0.053 0.051 0.052 0.051 0.047 0.049 0.049 
L1-L2 bus util. = 0.221, L3 util. = 0.017
----------------------------------------

======================== 切片硬件状态 ========================
切片号 | 所属安全域 | 当前状态    | 路扩展 | LRU touched
------------------------------------------------------------------
  0    |   域2      | 正常运行   |  是   |  200999995
  1    |   域0      | 正常运行   |  否   |  200999996
  2    |   域2      | 正常运行   |  是   |  200999971
  3    |   域3      | 正常运行   |  否   |  200999940
==================================================================

branch prediction, hits = 51086226, misses = 8632542, hit rate = 85.54%
return_stack prediction, hits = 4812654, misses = 8029, hit rate = 99.83%
jump prediction, hits = 43541064, misses = 12245085, hit rate = 78.05%

**** Debug Statistics at 301000000 Cycles *****
Threads: 4		Fetch Width: 8
No of useful instructions fetched:	1021574203 (42.42% proc util.)
No of total instructions fetched:	1433962554 (59.55% proc util.)
 includes 74442963 misfetch (5.2%), 337945388 (23.6%) wrong-path fetches
 and 0 flushed after failed lock(0.0%)
No of useful instructions issued/executed:	1021574176 (42.42% proc util.)
No of total instructions issued/executed:	1185561130 (49.23% proc util.)
 includes 163986954 wrong-path (13.8%) insts and 0 flushed (0.0%)
	fp 61820, 0.01%
	synch 0, 0.00%
	integer 893399654, 75.36%
	load/store 292099656, 24.64%
Avg size of int IQ (before scheduling): 33.29
Avg size of fp IQ (before scheduling): 0.01
No of cycles taken:		301000000
Parallelism [ 0.930, 0.000, 1.522, 0.942,] = 3.394
 IQ conflicts: 3026068 (1.01%), FQ conflicts: 0 (0.00%) 
 I reg conflicts: 85322447 (28.35%), FP reg conflicts: 0 (0.00%)
  Activelist confs: 2942 (0.00%), ROB confs: 511314 (0.17%)
  Int unit conflicts: 404731535 (134.46%), FP unit conflicts: 14 (0.00%)
  Load/store unit conflicts: 46751505 (15.53%)
  MSHR conflicts: 36744516 (12.21%)
----------------------------------------
==== System-wide Cache Statistics ====
Stall for miss queue full 0 cycles (0.00%)
----------------------------------------
==== Statistics for Master ID: 0 ====
Reads: 224764411   Writes: 39190903
ICACHE: size: 64 KB assoc: 2
ICACHE: hits:126543446 misses:3151108  Hit Ratio: 97.57%
DCACHE: size: 1*16 KB assoc: 1*4
DCACHE: hits:130677850 misses:3582908 writebacks:861517  Hit Ratio: 97.33%
SCACHE: size: 512 KB assoc: 2
SCACHE: hits:5125289 misses:1608727  Hit Ratio: 76.11%
3CACHE: size: 4096 KB assoc: 2
3CACHE: hits:1368899 misses:239828  Hit Ratio: 85.09%
3CACHE: dirty items replaced:74424
ITLB: size: 48, misses 244439, miss rate 0.19%
DTLB: size: 128, misses 408001, miss rate 0.30%
Avg mem delay: 1.887 cycles
----------------------------------------
==== Statistics for Master ID: 2 ====
Reads: 146165117   Writes: 40
ICACHE: size: 64 KB assoc: 2
ICACHE: hits:129192933 misses:6068  Hit Ratio: 100.00%
DCACHE: size: 2*16 KB assoc: 2*4
DCACHE: hits:11089003 misses:5877153 writebacks:18  Hit Ratio: 65.36%
SCACHE: size: 512 KB assoc: 2
SCACHE: hits:5660356 misses:222865  Hit Ratio: 96.21%
3CACHE: size: 4096 KB assoc: 2
3CACHE: hits:203763 misses:19102  Hit Ratio: 91.43%
3CACHE: dirty items replaced:2552
ITLB: size: 48, misses 4, miss rate 0.00%
DTLB: size: 128, misses 3770, miss rate 0.02%
Avg mem delay: 1.887 cycles
----------------------------------------
==== Statistics for Master ID: 3 ====
Reads: 236837939   Writes: 39120534
ICACHE: size: 64 KB assoc: 2
ICACHE: hits:132570619 misses:3389665  Hit Ratio: 97.51%
DCACHE: size: 1*16 KB assoc: 1*4
DCACHE: hits:136622120 misses:3376165 writebacks:1083301  Hit Ratio: 97.59%
SCACHE: size: 512 KB assoc: 2
SCACHE: hits:5170588 misses:1595146  Hit Ratio: 76.42%
3CACHE: size: 4096 KB assoc: 2
3CACHE: hits:1373734 misses:221412  Hit Ratio: 86.12%
3CACHE: dirty items replaced:72603
ITLB: size: 48, misses 226910, miss rate 0.17%
DTLB: size: 128, misses 321636, miss rate 0.23%
Avg mem delay: 1.887 cycles
----------------------------------------
==== Global Resource Utilization ====
STASH: size: 65536 entries, full 1957628726, empty 79709741, misses 7752295, full rate 95.72
icache bank util. 0.363 0.306 0.115 0.123 0.125 0.115 0.108 0.121 
dcache bank util. 0.150 0.130 0.137 0.147 0.140 0.127 0.141 0.143 
L2 bank util. 0.049 0.051 0.049 0.050 0.049 0.045 0.047 0.047 
L1-L2 bus util. = 0.213, L3 util. = 0.016
----------------------------------------

======================== 切片硬件状态 ========================
切片号 | 所属安全域 | 当前状态    | 路扩展 | LRU touched
------------------------------------------------------------------
  0    |   域2      | 正常运行   |  是   |  300999979
  1    |   域0      | 正常运行   |  否   |  300999987
  2    |   域2      | 正常运行   |  是   |  300999996
  3    |   域3      | 正常运行   |  否   |  300999999
==================================================================

branch prediction, hits = 82279307, misses = 12571932, hit rate = 86.75%
return_stack prediction, hits = 7260302, misses = 8802, hit rate = 99.88%
jump prediction, hits = 70322743, misses = 17517714, hit rate = 80.06%
 corrorb_ dgemm_
**** Debug Statistics at 401000000 Cycles *****
Threads: 4		Fetch Width: 8
No of useful instructions fetched:	1348222366 (42.03% proc util.)
No of total instructions fetched:	1890478273 (58.93% proc util.)
 includes 98444890 misfetch (5.2%), 443811017 (23.5%) wrong-path fetches
 and 0 flushed after failed lock(0.0%)
No of useful instructions issued/executed:	1348222342 (42.03% proc util.)
No of total instructions issued/executed:	1564888590 (48.78% proc util.)
 includes 216666248 wrong-path (13.8%) insts and 0 flushed (0.0%)
	fp 66225, 0.00%
	synch 0, 0.00%
	integer 1180163941, 75.42%
	load/store 384658424, 24.58%
Avg size of int IQ (before scheduling): 33.31
Avg size of fp IQ (before scheduling): 0.01
No of cycles taken:		401000000
Parallelism [ 0.892, 0.000, 1.523, 0.947,] = 3.362
 IQ conflicts: 4336314 (1.08%), FQ conflicts: 0 (0.00%) 
 I reg conflicts: 116139399 (28.96%), FP reg conflicts: 0 (0.00%)
  Activelist confs: 3230 (0.00%), ROB confs: 756957 (0.19%)
  Int unit conflicts: 519151717 (129.46%), FP unit conflicts: 14 (0.00%)
  Load/store unit conflicts: 61157362 (15.25%)
  MSHR conflicts: 49180683 (12.26%)
----------------------------------------
==== System-wide Cache Statistics ====
Stall for miss queue full 0 cycles (0.00%)
----------------------------------------
==== Statistics for Master ID: 0 ====
Reads: 291805986   Writes: 51531437
ICACHE: size: 64 KB assoc: 2
ICACHE: hits:164722132 misses:4325815  Hit Ratio: 97.44%
DCACHE: size: 1*16 KB assoc: 1*4
DCACHE: hits:169228214 misses:5061260 writebacks:1358464  Hit Ratio: 97.10%
SCACHE: size: 512 KB assoc: 2
SCACHE: hits:7088228 misses:2298847  Hit Ratio: 75.51%
3CACHE: size: 4096 KB assoc: 2
3CACHE: hits:1969187 misses:329660  Hit Ratio: 85.66%
3CACHE: dirty items replaced:126387
ITLB: size: 48, misses 339219, miss rate 0.20%
DTLB: size: 128, misses 531498, miss rate 0.30%
Avg mem delay: 1.939 cycles
----------------------------------------
==== Statistics for Master ID: 2 ====
Reads: 194215934   Writes: 41
ICACHE: size: 64 KB assoc: 2
ICACHE: hits:171595086 misses:6305  Hit Ratio: 100.00%
DCACHE: size: 2*16 KB assoc: 2*4
DCACHE: hits:14852014 misses:7762570 writebacks:19  Hit Ratio: 65.67%
SCACHE: size: 512 KB assoc: 2
SCACHE: hits:7467793 misses:301082  Hit Ratio: 96.12%
3CACHE: size: 4096 KB assoc: 2
3CACHE: hits:276263 misses:24819  Hit Ratio: 91.76%
3CACHE: dirty items replaced:4167
ITLB: size: 48, misses 4, miss rate 0.00%
DTLB: size: 128, misses 4856, miss rate 0.02%
Avg mem delay: 1.939 cycles
----------------------------------------
==== Statistics for Master ID: 3 ====
Reads: 313205949   Writes: 53129132
ICACHE: size: 64 KB assoc: 2
ICACHE: hits:175323651 misses:4379055  Hit Ratio: 97.56%
DCACHE: size: 1*16 KB assoc: 1*4
DCACHE: hits:182092231 misses:4540240 writebacks:1531645  Hit Ratio: 97.57%
SCACHE: size: 512 KB assoc: 2
SCACHE: hits:6777065 misses:2142134  Hit Ratio: 75.98%
3CACHE: size: 4096 KB assoc: 2
3CACHE: hits:1839460 misses:302674  Hit Ratio: 85.87%
3CACHE: dirty items replaced:119772
ITLB: size: 48, misses 309698, miss rate 0.17%
DTLB: size: 128, misses 428209, miss rate 0.23%
Avg mem delay: 1.939 cycles
----------------------------------------
==== Global Resource Utilization ====
STASH: size: 65536 entries, full 2428140469, empty 99190442, misses 9436421, full rate 95.72
icache bank util. 0.359 0.302 0.113 0.121 0.127 0.117 0.107 0.118 
dcache bank util. 0.146 0.129 0.138 0.146 0.140 0.132 0.139 0.139 
L2 bank util. 0.050 0.052 0.050 0.051 0.050 0.046 0.048 0.048 
L1-L2 bus util. = 0.217, L3 util. = 0.016
----------------------------------------

======================== 切片硬件状态 ========================
切片号 | 所属安全域 | 当前状态    | 路扩展 | LRU touched
------------------------------------------------------------------
  0    |   域2      | 正常运行   |  是   |  400999994
  1    |   域0      | 正常运行   |  否   |  400999999
  2    |   域2      | 正常运行   |  是   |  400999914
  3    |   域3      | 正常运行   |  否   |  400999969
==================================================================

branch prediction, hits = 107770663, misses = 16444907, hit rate = 86.76%
return_stack prediction, hits = 9602421, misses = 13115, hit rate = 99.86%
jump prediction, hits = 92758116, misses = 23226716, hit rate = 79.97%
 dgemv_ dgeqr2_ dgeqrf_
**** Debug Statistics at 501000000 Cycles *****
Threads: 4		Fetch Width: 8
No of useful instructions fetched:	1703312966 (42.50% proc util.)
No of total instructions fetched:	2380133355 (59.38% proc util.)
 includes 121428933 misfetch (5.1%), 555391456 (23.3%) wrong-path fetches
 and 0 flushed after failed lock(0.0%)
No of useful instructions issued/executed:	1703312936 (42.50% proc util.)
No of total instructions issued/executed:	1973349347 (49.24% proc util.)
 includes 270036411 wrong-path (13.7%) insts and 0 flushed (0.0%)
	fp 71266, 0.00%
	synch 0, 0.00%
	integer 1483339012, 75.17%
	load/store 489939069, 24.83%
Avg size of int IQ (before scheduling): 33.22
Avg size of fp IQ (before scheduling): 0.00
No of cycles taken:		501000000
Parallelism [ 0.947, 0.000, 1.507, 0.945,] = 3.400
 IQ conflicts: 5470239 (1.09%), FQ conflicts: 0 (0.00%) 
 I reg conflicts: 142532221 (28.45%), FP reg conflicts: 0 (0.00%)
  Activelist confs: 3788 (0.00%), ROB confs: 1178716 (0.24%)
  Int unit conflicts: 686443755 (137.01%), FP unit conflicts: 14 (0.00%)
  Load/store unit conflicts: 79899832 (15.95%)
  MSHR conflicts: 78384963 (15.65%)
----------------------------------------
==== System-wide Cache Statistics ====
Stall for miss queue full 0 cycles (0.00%)
----------------------------------------
==== Statistics for Master ID: 0 ====
Reads: 376774965   Writes: 67917463
ICACHE: size: 64 KB assoc: 2
ICACHE: hits:212720189 misses:5096855  Hit Ratio: 97.66%
DCACHE: size: 1*16 KB assoc: 1*4
DCACHE: hits:220200928 misses:6674454 writebacks:2082434  Hit Ratio: 97.06%
SCACHE: size: 512 KB assoc: 2
SCACHE: hits:8839434 misses:2931874  Hit Ratio: 75.09%
3CACHE: size: 4096 KB assoc: 2
3CACHE: hits:2509657 misses:422217  Hit Ratio: 85.60%
3CACHE: dirty items replaced:192703
ITLB: size: 48, misses 385032, miss rate 0.18%
DTLB: size: 128, misses 650476, miss rate 0.29%
Avg mem delay: 1.934 cycles
----------------------------------------
==== Statistics for Master ID: 2 ====
Reads: 241218906   Writes: 43
ICACHE: size: 64 KB assoc: 2
ICACHE: hits:213240558 misses:6575  Hit Ratio: 100.00%
DCACHE: size: 2*16 KB assoc: 2*4
DCACHE: hits:18420624 misses:9551192 writebacks:21  Hit Ratio: 65.85%
SCACHE: size: 512 KB assoc: 2
SCACHE: hits:9191060 misses:366707  Hit Ratio: 96.16%
3CACHE: size: 4096 KB assoc: 2
3CACHE: hits:334313 misses:32394  Hit Ratio: 91.17%
3CACHE: dirty items replaced:7520
ITLB: size: 48, misses 4, miss rate 0.00%
DTLB: size: 128, misses 5859, miss rate 0.02%
Avg mem delay: 1.934 cycles
----------------------------------------
==== Statistics for Master ID: 3 ====
Reads: 393022436   Writes: 66468960
ICACHE: size: 64 KB assoc: 2
ICACHE: hits:220465847 misses:5347131  Hit Ratio: 97.63%
DCACHE: size: 1*16 KB assoc: 1*4
DCACHE: hits:228013919 misses:5664595 writebacks:1856806  Hit Ratio: 97.58%
SCACHE: size: 512 KB assoc: 2
SCACHE: hits:8391228 misses:2620402  Hit Ratio: 76.20%
3CACHE: size: 4096 KB assoc: 2
3CACHE: hits:2233299 misses:387103  Hit Ratio: 85.23%
3CACHE: dirty items replaced:178552
ITLB: size: 48, misses 374402, miss rate 0.17%
DTLB: size: 128, misses 528385, miss rate 0.23%
Avg mem delay: 1.934 cycles
----------------------------------------
==== Global Resource Utilization ====
STASH: size: 65536 entries, full 2938338859, empty 115197449, misses 10825081, full rate 95.89
icache bank util. 0.360 0.304 0.112 0.119 0.128 0.121 0.108 0.122 
dcache bank util. 0.152 0.130 0.139 0.144 0.140 0.136 0.143 0.145 
L2 bank util. 0.050 0.052 0.050 0.051 0.050 0.046 0.048 0.048 
L1-L2 bus util. = 0.217, L3 util. = 0.017
----------------------------------------

======================== 切片硬件状态 ========================
切片号 | 所属安全域 | 当前状态    | 路扩展 | LRU touched
------------------------------------------------------------------
  0    |   域2      | 正常运行   |  是   |  500999993
  1    |   域0      | 正常运行   |  否   |  500999999
  2    |   域2      | 正常运行   |  是   |  500999914
  3    |   域3      | 正常运行   |  否   |  500999993
==================================================================

branch prediction, hits = 137905730, misses = 20591470, hit rate = 87.01%
return_stack prediction, hits = 11889293, misses = 15177, hit rate = 99.87%
jump prediction, hits = 118861041, misses = 28760662, hit rate = 80.52%
 dger_
**** Early Exiting at 581791371 Cycles *****
========================================
 SMTSIM Global Statistics
========================================
Threads: 4		Fetch Width: 8
No of useful instructions fetched:	2000000136 (42.97% proc util.)
No of total instructions fetched:	2792336811 (59.99% proc util.)
 includes 140271308 misfetch (5.0%), 652065367 (23.4%) wrong-path fetches
 and 0 flushed after failed lock(0.0%)
No of useful instructions issued/executed:	2000000089 (42.97% proc util.)
No of total instructions issued/executed:	2314702111 (49.73% proc util.)
 includes 314702022 wrong-path (13.6%) insts and 0 flushed (0.0%)
	fp 113719, 0.00%
	synch 0, 0.00%
	integer 1742836440, 75.29%
	load/store 571751952, 24.70%
Avg size of int IQ (before scheduling): 33.14
Avg size of fp IQ (before scheduling): 0.01
No of cycles taken:		581791371
Parallelism [ 0.974, 0.000, 1.508, 0.955,] = 3.438
 IQ conflicts: 5862921 (1.01%), FQ conflicts: 0 (0.00%) 
 I reg conflicts: 162146722 (27.87%), FP reg conflicts: 0 (0.00%)
  Activelist confs: 4237 (0.00%), ROB confs: 1473357 (0.25%)
  Int unit conflicts: 820649316 (141.06%), FP unit conflicts: 14 (0.00%)
  Load/store unit conflicts: 92630048 (15.92%)
  MSHR conflicts: 93068303 (16.00%)
----------------------------------------
==== System-wide Cache Statistics ====
Stall for miss queue full 0 cycles (0.00%)
----------------------------------------
==== Statistics for Master ID: 0 ====
Reads: 441875994   Writes: 77722225
ICACHE: size: 64 KB assoc: 2
ICACHE: hits:250396377 misses:5878692  Hit Ratio: 97.71%
DCACHE: size: 1*16 KB assoc: 1*4
DCACHE: hits:255927208 misses:7395940 writebacks:2436413  Hit Ratio: 97.19%
SCACHE: size: 512 KB assoc: 2
SCACHE: hits:9996077 misses:3278555  Hit Ratio: 75.30%
3CACHE: size: 4096 KB assoc: 2
3CACHE: hits:2813226 misses:465329  Hit Ratio: 85.81%
3CACHE: dirty items replaced:225646
ITLB: size: 48, misses 468580, miss rate 0.18%
DTLB: size: 128, misses 733042, miss rate 0.28%
Avg mem delay: 1.906 cycles
----------------------------------------
==== Statistics for Master ID: 2 ====
Reads: 281247775   Writes: 45
ICACHE: size: 64 KB assoc: 2
ICACHE: hits:248740689 misses:7561  Hit Ratio: 100.00%
DCACHE: size: 2*16 KB assoc: 2*4
DCACHE: hits:21436557 misses:11063013 writebacks:23  Hit Ratio: 65.96%
SCACHE: size: 512 KB assoc: 2
SCACHE: hits:10636781 misses:433793  Hit Ratio: 96.08%
3CACHE: size: 4096 KB assoc: 2
3CACHE: hits:398015 misses:35778  Hit Ratio: 91.75%
3CACHE: dirty items replaced:8988
ITLB: size: 48, misses 4, miss rate 0.00%
DTLB: size: 128, misses 6435, miss rate 0.02%
Avg mem delay: 1.906 cycles
----------------------------------------
==== Statistics for Master ID: 3 ====
Reads: 462320678   Writes: 77731589
ICACHE: size: 64 KB assoc: 2
ICACHE: hits:259524123 misses:6216698  Hit Ratio: 97.66%
DCACHE: size: 1*16 KB assoc: 1*4
DCACHE: hits:267789401 misses:6522141 writebacks:2122700  Hit Ratio: 97.62%
SCACHE: size: 512 KB assoc: 2
SCACHE: hits:9793443 misses:2945300  Hit Ratio: 76.88%
3CACHE: size: 4096 KB assoc: 2
3CACHE: hits:2508791 misses:436508  Hit Ratio: 85.18%
3CACHE: dirty items replaced:216850
ITLB: size: 48, misses 438975, miss rate 0.17%
DTLB: size: 128, misses 597903, miss rate 0.22%
Avg mem delay: 1.906 cycles
----------------------------------------
==== Global Resource Utilization ====
STASH: size: 65536 entries, full 3367909028, empty 127851842, misses 11912263, full rate 96.02
icache bank util. 0.361 0.306 0.117 0.122 0.129 0.122 0.109 0.122 
dcache bank util. 0.151 0.131 0.140 0.143 0.140 0.137 0.144 0.147 
L2 bank util. 0.049 0.051 0.049 0.050 0.049 0.045 0.048 0.047 
L1-L2 bus util. = 0.215, L3 util. = 0.016
----------------------------------------

======================== 切片硬件状态 ========================
切片号 | 所属安全域 | 当前状态    | 路扩展 | LRU touched
------------------------------------------------------------------
  0    |   域2      | 正常运行   |  是   |  581791356
  1    |   域0      | 正常运行   |  否   |  581791360
  2    |   域2      | 正常运行   |  是   |  581791325
  3    |   域3      | 正常运行   |  否   |  581791370
==================================================================

branch prediction, hits = 162714880, misses = 24319574, hit rate = 87.00%
return_stack prediction, hits = 13703594, misses = 16186, hit rate = 99.88%
jump prediction, hits = 139955379, misses = 33332149, hit rate = 80.76%
total IPC 3.438

=== Results saved to: ./results/gcc-200_2_cacherand_1_gcc-scilab_1.txt ===
