测试组合（多线程优先）：seqacc.arg2 + crafty.arg + gcc-expr.arg
执行命令：./smtsim seqacc.arg2 crafty.arg gcc-expr.arg
==================================================

动态重分配参数：每200万周期检查，阈值5
Process 0, Thread 0: seqacc
Process 0, Thread 1: seqacc
Process 2, Thread 2: crafty
Process 3, Thread 3: gcc-expr
[切片调度] 新安全域0无任何切片，尝试分配空闲切片
[切片管理] 成功绑定切片0 → 安全域0

======================== 切片硬件状态 ========================
切片号 | 所属安全域 | 当前状态    | 路扩展 | LRU touched
------------------------------------------------------------------
  0    |   域0      | 正常运行   |  否   |  0
  1    |   域-1     | 切片空闲   |  否   |  0
  2    |   域-1     | 切片空闲   |  否   |  0
  3    |   域-1     | 切片空闲   |  否   |  0
==================================================================

[切片管理] 成功绑定切片1 → 安全域0，触发【路扩展模式】

======================== 切片硬件状态 ========================
切片号 | 所属安全域 | 当前状态    | 路扩展 | LRU touched
------------------------------------------------------------------
  0    |   域0      | 正常运行   |  是   |  0
  1    |   域0      | 正常运行   |  是   |  0
  2    |   域-1     | 切片空闲   |  否   |  0
  3    |   域-1     | 切片空闲   |  否   |  0
==================================================================

[切片调度] 新安全域2无任何切片，尝试分配空闲切片
[切片管理] 成功绑定切片2 → 安全域2

======================== 切片硬件状态 ========================
切片号 | 所属安全域 | 当前状态    | 路扩展 | LRU touched
------------------------------------------------------------------
  0    |   域0      | 正常运行   |  是   |  326
  1    |   域0      | 正常运行   |  是   |  0
  2    |   域2      | 正常运行   |  否   |  0
  3    |   域-1     | 切片空闲   |  否   |  0
==================================================================

[切片管理] 成功绑定切片3 → 安全域2，触发【路扩展模式】

======================== 切片硬件状态 ========================
切片号 | 所属安全域 | 当前状态    | 路扩展 | LRU touched
------------------------------------------------------------------
  0    |   域0      | 正常运行   |  是   |  326
  1    |   域0      | 正常运行   |  是   |  0
  2    |   域2      | 正常运行   |  是   |  0
  3    |   域2      | 正常运行   |  是   |  0
==================================================================

[切片调度] 新安全域3无任何切片，尝试分配空闲切片
[切片调度] 新安全域3未找到空闲切片，尝试剥夺切片
[切片替换] 优先从【路扩展切片】中选择LRU替换目标...
[切片替换] 找到路扩展切片作为受害者：切片1（最后访问：0）
[切片调度] 安全域3触发切片剥夺：从域0剥夺切片1
[切片剥夺] 周期510：切片1（所属域0）进入待剥夺状态，禁止新替换
[切片剥夺] 周期510：切片1在途请求已清空，开始执行脏行写回
[切片剥夺] 周期510：切片1无脏行，直接完成剥夺
[切片管理] 周期510：原域0仅剩1个切片，关闭路扩展模式
[动态重分配] 周期510：切片1写回完成，自动绑定到域3
[切片管理] 成功绑定切片1 → 安全域3

======================== 切片硬件状态 ========================
切片号 | 所属安全域 | 当前状态    | 路扩展 | LRU touched
------------------------------------------------------------------
  0    |   域0      | 正常运行   |  否   |  326
  1    |   域3      | 正常运行   |  否   |  510
  2    |   域2      | 正常运行   |  是   |  435
  3    |   域2      | 正常运行   |  是   |  0
==================================================================

[切片唤醒] 周期510：域3切片就绪，唤醒等待指令

**** Debug Statistics at 1000000 Cycles *****
Threads: 4		Fetch Width: 8
No of useful instructions fetched:	3728871 (46.61% proc util.)
No of total instructions fetched:	4376726 (54.71% proc util.)
 includes 33390 misfetch (0.8%), 614465 (14.0%) wrong-path fetches
 and 0 flushed after failed lock(0.0%)
No of useful instructions issued/executed:	3728846 (46.61% proc util.)
No of total instructions issued/executed:	3956322 (49.45% proc util.)
 includes 227476 wrong-path (5.7%) insts and 0 flushed (0.0%)
	fp 91, 0.00%
	synch 0, 0.00%
	integer 3266755, 82.57%
	load/store 689476, 17.43%
Avg size of int IQ (before scheduling): 28.02
Avg size of fp IQ (before scheduling): 0.00
No of cycles taken:		1000000
Parallelism [ 1.353, 0.000, 1.417, 0.959,] = 3.729
 IQ conflicts: 1566 (0.16%), FQ conflicts: 0 (0.00%) 
 I reg conflicts: 325441 (32.54%), FP reg conflicts: 0 (0.00%)
  Activelist confs: 2 (0.00%), ROB confs: 1317 (0.13%)
  Int unit conflicts: 1993224 (199.32%), FP unit conflicts: 3 (0.00%)
  Load/store unit conflicts: 67553 (6.76%)
  MSHR conflicts: 140557 (14.06%)
----------------------------------------
==== System-wide Cache Statistics ====
Stall for miss queue full 0 cycles (0.00%)
----------------------------------------
==== Statistics for Master ID: 0 ====
Reads: 495908   Writes: 0
ICACHE: size: 64 KB assoc: 2
ICACHE: hits:425557 misses:7  Hit Ratio: 100.00%
DCACHE: size: 1*16 KB assoc: 1*4
DCACHE: hits:63426 misses:6918 writebacks:0  Hit Ratio: 90.17%
SCACHE: size: 512 KB assoc: 2
SCACHE: hits:6584 misses:341  Hit Ratio: 95.08%
3CACHE: size: 4096 KB assoc: 2
3CACHE: hits:12 misses:329  Hit Ratio: 3.52%
3CACHE: dirty items replaced:0
ITLB: size: 48, misses 1, miss rate 0.00%
DTLB: size: 128, misses 8, miss rate 0.01%
Avg mem delay: 1.478 cycles
----------------------------------------
==== Statistics for Master ID: 2 ====
Reads: 692867   Writes: 74629
ICACHE: size: 64 KB assoc: 2
ICACHE: hits:519139 misses:156  Hit Ratio: 99.97%
DCACHE: size: 2*16 KB assoc: 2*4
DCACHE: hits:246852 misses:1349 writebacks:808  Hit Ratio: 99.46%
SCACHE: size: 512 KB assoc: 2
SCACHE: hits:8 misses:1497  Hit Ratio: 0.53%
3CACHE: size: 4096 KB assoc: 2
3CACHE: hits:0 misses:1497  Hit Ratio: 0.00%
3CACHE: dirty items replaced:0
ITLB: size: 48, misses 16, miss rate 0.00%
DTLB: size: 128, misses 43, miss rate 0.02%
Avg mem delay: 1.478 cycles
----------------------------------------
==== Statistics for Master ID: 3 ====
Reads: 577646   Writes: 150898
ICACHE: size: 64 KB assoc: 2
ICACHE: hits:355606 misses:2253  Hit Ratio: 99.37%
DCACHE: size: 1*16 KB assoc: 1*4
DCACHE: hits:366927 misses:3757 writebacks:2641  Hit Ratio: 98.99%
SCACHE: size: 512 KB assoc: 2
SCACHE: hits:1149 misses:4861  Hit Ratio: 19.12%
3CACHE: size: 4096 KB assoc: 2
3CACHE: hits:73 misses:4788  Hit Ratio: 1.50%
3CACHE: dirty items replaced:0
ITLB: size: 48, misses 130, miss rate 0.04%
DTLB: size: 128, misses 177, miss rate 0.05%
Avg mem delay: 1.478 cycles
----------------------------------------
==== Global Resource Utilization ====
STASH: size: 65536 entries, full 504637920, empty 48357, misses 4562, full rate 99.99
icache bank util. 0.321 0.166 0.066 0.055 0.084 0.122 0.222 0.273 
dcache bank util. 0.068 0.079 0.046 0.053 0.065 0.069 0.247 0.109 
L2 bank util. 0.014 0.014 0.013 0.014 0.014 0.013 0.014 0.014 
L1-L2 bus util. = 0.054, L3 util. = 0.066
----------------------------------------

======================== 切片硬件状态 ========================
切片号 | 所属安全域 | 当前状态    | 路扩展 | LRU touched
------------------------------------------------------------------
  0    |   域0      | 正常运行   |  否   |  999976
  1    |   域3      | 正常运行   |  否   |  999998
  2    |   域2      | 正常运行   |  是   |  999981
  3    |   域2      | 正常运行   |  是   |  999513
==================================================================

branch prediction, hits = 374921, misses = 28770, hit rate = 92.87%
return_stack prediction, hits = 17765, misses = 23, hit rate = 99.87%
jump prediction, hits = 444364, misses = 8233, hit rate = 98.18%
 init_expr_once init_expr save_expr_status restore_expr_status enqueue_insn protect_from_queue queued_subexp_p emit_queue init_queue convert_move
======================== 切片硬件状态 ========================
切片号 | 所属安全域 | 当前状态    | 路扩展 | LRU touched
------------------------------------------------------------------
  0    |   域0      | 正常运行   |  否   |  19999991
  1    |   域3      | 正常运行   |  否   |  19999988
  2    |   域2      | 正常运行   |  是   |  19999995
  3    |   域2      | 正常运行   |  是   |  20000000
==================================================================

[动态重分配] 周期20000000：预约迁移 冗余域2(1%) -> 切片3 -> 饥饿域0(9%)
[切片剥夺] 周期20000000：切片3（所属域2）进入待剥夺状态，禁止新替换
[切片剥夺] 周期20000000：切片3在途请求已清空，开始执行脏行写回
[切片管理] 周期20000137：原域2仅剩1个切片，关闭路扩展模式
[动态重分配] 周期20000137：切片3写回完成，自动绑定到域0
[切片管理] 成功绑定切片3 → 安全域0，触发【路扩展模式】

======================== 切片硬件状态 ========================
切片号 | 所属安全域 | 当前状态    | 路扩展 | LRU touched
------------------------------------------------------------------
  0    |   域0      | 正常运行   |  是   |  20000134
  1    |   域3      | 正常运行   |  否   |  19999988
  2    |   域2      | 正常运行   |  否   |  20000135
  3    |   域0      | 正常运行   |  是   |  20000137
==================================================================


**** Debug Statistics at 101000000 Cycles *****
Threads: 4		Fetch Width: 8
No of useful instructions fetched:	378323190 (46.82% proc util.)
No of total instructions fetched:	512013908 (63.37% proc util.)
 includes 31491125 misfetch (6.2%), 102199593 (20.0%) wrong-path fetches
 and 0 flushed after failed lock(0.0%)
No of useful instructions issued/executed:	378323172 (46.82% proc util.)
No of total instructions issued/executed:	427182142 (52.87% proc util.)
 includes 48858970 wrong-path (11.4%) insts and 0 flushed (0.0%)
	fp 2620, 0.00%
	synch 0, 0.00%
	integer 325825405, 76.27%
	load/store 101354117, 23.73%
Avg size of int IQ (before scheduling): 28.93
Avg size of fp IQ (before scheduling): 0.00
No of cycles taken:		101000000
Parallelism [ 1.621, 0.000, 1.250, 0.875,] = 3.746
 IQ conflicts: 658496 (0.65%), FQ conflicts: 0 (0.00%) 
 I reg conflicts: 20619072 (20.41%), FP reg conflicts: 0 (0.00%)
  Activelist confs: 702 (0.00%), ROB confs: 116675 (0.12%)
  Int unit conflicts: 159371897 (157.79%), FP unit conflicts: 15 (0.00%)
  Load/store unit conflicts: 12709296 (12.58%)
  MSHR conflicts: 1852791 (1.83%)
----------------------------------------
==== System-wide Cache Statistics ====
Stall for miss queue full 0 cycles (0.00%)
----------------------------------------
==== Statistics for Master ID: 0 ====
Reads: 61192044   Writes: 0
ICACHE: size: 64 KB assoc: 2
ICACHE: hits:52699449 misses:595  Hit Ratio: 100.00%
DCACHE: size: 2*16 KB assoc: 2*4
DCACHE: hits:8344371 misses:147629 writebacks:0  Hit Ratio: 98.26%
SCACHE: size: 512 KB assoc: 2
SCACHE: hits:146324 misses:1900  Hit Ratio: 98.72%
3CACHE: size: 4096 KB assoc: 2
3CACHE: hits:1565 misses:335  Hit Ratio: 82.37%
3CACHE: dirty items replaced:3
ITLB: size: 48, misses 1, miss rate 0.00%
DTLB: size: 128, misses 1861, miss rate 0.02%
Avg mem delay: 1.467 cycles
----------------------------------------
==== Statistics for Master ID: 2 ====
Reads: 87676224   Writes: 10315383
ICACHE: size: 64 KB assoc: 2
ICACHE: hits:48459849 misses:1458747  Hit Ratio: 97.08%
DCACHE: size: 1*16 KB assoc: 1*4
DCACHE: hits:46416328 misses:1656724 writebacks:220103  Hit Ratio: 96.55%
SCACHE: size: 512 KB assoc: 2
SCACHE: hits:2822725 misses:292705  Hit Ratio: 90.60%
3CACHE: size: 4096 KB assoc: 2
3CACHE: hits:228608 misses:64097  Hit Ratio: 78.10%
3CACHE: dirty items replaced:2153
ITLB: size: 48, misses 19062, miss rate 0.04%
DTLB: size: 128, misses 229949, miss rate 0.48%
Avg mem delay: 1.467 cycles
----------------------------------------
==== Statistics for Master ID: 3 ====
Reads: 76802626   Writes: 12520844
ICACHE: size: 64 KB assoc: 2
ICACHE: hits:43084203 misses:1632795  Hit Ratio: 96.35%
DCACHE: size: 1*16 KB assoc: 1*4
DCACHE: hits:43567924 misses:1038547 writebacks:311265  Hit Ratio: 97.67%
SCACHE: size: 512 KB assoc: 2
SCACHE: hits:2319210 misses:352132  Hit Ratio: 86.82%
3CACHE: size: 4096 KB assoc: 2
3CACHE: hits:274027 misses:78105  Hit Ratio: 77.82%
3CACHE: dirty items replaced:5022
ITLB: size: 48, misses 80549, miss rate 0.18%
DTLB: size: 128, misses 124223, miss rate 0.28%
Avg mem delay: 1.467 cycles
----------------------------------------
==== Global Resource Utilization ====
STASH: size: 65536 entries, full 1031806339, empty 28310777, misses 2503763, full rate 97.10
icache bank util. 0.316 0.203 0.126 0.130 0.141 0.122 0.199 0.313 
dcache bank util. 0.110 0.136 0.131 0.100 0.157 0.162 0.176 0.130 
L2 bank util. 0.037 0.050 0.043 0.037 0.044 0.042 0.037 0.045 
L1-L2 bus util. = 0.192, L3 util. = 0.014
----------------------------------------

======================== 切片硬件状态 ========================
切片号 | 所属安全域 | 当前状态    | 路扩展 | LRU touched
------------------------------------------------------------------
  0    |   域0      | 正常运行   |  是   |  100999980
  1    |   域3      | 正常运行   |  否   |  100999998
  2    |   域2      | 正常运行   |  否   |  100999999
  3    |   域0      | 正常运行   |  是   |  100999953
==================================================================

branch prediction, hits = 28511379, misses = 4174698, hit rate = 87.23%
return_stack prediction, hits = 3352496, misses = 1551, hit rate = 99.95%
jump prediction, hits = 29262816, misses = 7727715, hit rate = 79.11%
 convert_to_mode
**** Debug Statistics at 201000000 Cycles *****
Threads: 4		Fetch Width: 8
No of useful instructions fetched:	762331589 (47.41% proc util.)
No of total instructions fetched:	1040079757 (64.68% proc util.)
 includes 64780126 misfetch (6.2%), 212968042 (20.5%) wrong-path fetches
 and 0 flushed after failed lock(0.0%)
No of useful instructions issued/executed:	762331556 (47.41% proc util.)
No of total instructions issued/executed:	863823982 (53.72% proc util.)
 includes 101492426 wrong-path (11.7%) insts and 0 flushed (0.0%)
	fp 3772, 0.00%
	synch 0, 0.00%
	integer 654931913, 75.82%
	load/store 208888297, 24.18%
Avg size of int IQ (before scheduling): 28.92
Avg size of fp IQ (before scheduling): 0.00
No of cycles taken:		201000000
Parallelism [ 1.617, 0.000, 1.225, 0.951,] = 3.793
 IQ conflicts: 1166144 (0.58%), FQ conflicts: 0 (0.00%) 
 I reg conflicts: 38340304 (19.07%), FP reg conflicts: 0 (0.00%)
  Activelist confs: 2210 (0.00%), ROB confs: 168774 (0.08%)
  Int unit conflicts: 335336036 (166.83%), FP unit conflicts: 16 (0.00%)
  Load/store unit conflicts: 27763715 (13.81%)
  MSHR conflicts: 5358204 (2.67%)
----------------------------------------
==== System-wide Cache Statistics ====
Stall for miss queue full 0 cycles (0.00%)
----------------------------------------
==== Statistics for Master ID: 0 ====
Reads: 121899667   Writes: 0
ICACHE: size: 64 KB assoc: 2
ICACHE: hits:105041580 misses:1173  Hit Ratio: 100.00%
DCACHE: size: 2*16 KB assoc: 2*4
DCACHE: hits:16709281 misses:147633 writebacks:0  Hit Ratio: 99.12%
SCACHE: size: 512 KB assoc: 2
SCACHE: hits:146836 misses:1970  Hit Ratio: 98.68%
3CACHE: size: 4096 KB assoc: 2
3CACHE: hits:1629 misses:341  Hit Ratio: 82.69%
3CACHE: dirty items replaced:5
ITLB: size: 48, misses 1, miss rate 0.00%
DTLB: size: 128, misses 4175, miss rate 0.02%
Avg mem delay: 1.473 cycles
----------------------------------------
==== Statistics for Master ID: 2 ====
Reads: 175003881   Writes: 20534565
ICACHE: size: 64 KB assoc: 2
ICACHE: hits:96085307 misses:3094524  Hit Ratio: 96.88%
DCACHE: size: 1*16 KB assoc: 1*4
DCACHE: hits:92793200 misses:3565456 writebacks:422918  Hit Ratio: 96.30%
SCACHE: size: 512 KB assoc: 2
SCACHE: hits:6106517 misses:553422  Hit Ratio: 91.69%
3CACHE: size: 4096 KB assoc: 2
3CACHE: hits:455959 misses:97463  Hit Ratio: 82.39%
3CACHE: dirty items replaced:8696
ITLB: size: 48, misses 34919, miss rate 0.04%
DTLB: size: 128, misses 486882, miss rate 0.51%
Avg mem delay: 1.473 cycles
----------------------------------------
==== Statistics for Master ID: 3 ====
Reads: 164025913   Writes: 26814900
ICACHE: size: 64 KB assoc: 2
ICACHE: hits:92354715 misses:3201730  Hit Ratio: 96.65%
DCACHE: size: 1*16 KB assoc: 1*4
DCACHE: hits:93191814 misses:2092553 writebacks:691766  Hit Ratio: 97.80%
SCACHE: size: 512 KB assoc: 2
SCACHE: hits:4675569 misses:618714  Hit Ratio: 88.31%
3CACHE: size: 4096 KB assoc: 2
3CACHE: hits:501959 misses:116755  Hit Ratio: 81.13%
3CACHE: dirty items replaced:14633
ITLB: size: 48, misses 132447, miss rate 0.14%
DTLB: size: 128, misses 258452, miss rate 0.27%
Avg mem delay: 1.473 cycles
----------------------------------------
==== Global Resource Utilization ====
STASH: size: 65536 entries, full 1582886234, empty 54880726, misses 4866821, full rate 96.36
icache bank util. 0.316 0.207 0.132 0.135 0.147 0.129 0.202 0.317 
dcache bank util. 0.120 0.140 0.136 0.106 0.156 0.162 0.182 0.138 
L2 bank util. 0.036 0.050 0.044 0.039 0.045 0.044 0.038 0.045 
L1-L2 bus util. = 0.197, L3 util. = 0.011
----------------------------------------

======================== 切片硬件状态 ========================
切片号 | 所属安全域 | 当前状态    | 路扩展 | LRU touched
------------------------------------------------------------------
  0    |   域0      | 正常运行   |  是   |  200999999
  1    |   域3      | 正常运行   |  否   |  200999999
  2    |   域2      | 正常运行   |  否   |  200999999
  3    |   域0      | 正常运行   |  是   |  200999866
==================================================================

branch prediction, hits = 57797017, misses = 8720831, hit rate = 86.89%
return_stack prediction, hits = 6710830, misses = 2329, hit rate = 99.97%
jump prediction, hits = 58510062, misses = 15972805, hit rate = 78.56%
 move_by_pieces move_by_pieces_ninsns move_by_pieces_1 emit_block_move
**** Debug Statistics at 301000000 Cycles *****
Threads: 4		Fetch Width: 8
No of useful instructions fetched:	1144758640 (47.54% proc util.)
No of total instructions fetched:	1560785587 (64.82% proc util.)
 includes 95298299 misfetch (6.1%), 320728648 (20.5%) wrong-path fetches
 and 0 flushed after failed lock(0.0%)
No of useful instructions issued/executed:	1144758589 (47.54% proc util.)
No of total instructions issued/executed:	1297681405 (53.89% proc util.)
 includes 152922816 wrong-path (11.8%) insts and 0 flushed (0.0%)
	fp 5596, 0.00%
	synch 0, 0.00%
	integer 982994793, 75.75%
	load/store 314681016, 24.25%
Avg size of int IQ (before scheduling): 29.05
Avg size of fp IQ (before scheduling): 0.00
No of cycles taken:		301000000
Parallelism [ 1.614, 0.000, 1.218, 0.971,] = 3.803
 IQ conflicts: 1839822 (0.61%), FQ conflicts: 0 (0.00%) 
 I reg conflicts: 57054025 (18.95%), FP reg conflicts: 0 (0.00%)
  Activelist confs: 2862 (0.00%), ROB confs: 252403 (0.08%)
  Int unit conflicts: 515573403 (171.29%), FP unit conflicts: 16 (0.00%)
  Load/store unit conflicts: 42602003 (14.15%)
  MSHR conflicts: 8930249 (2.97%)
----------------------------------------
==== System-wide Cache Statistics ====
Stall for miss queue full 0 cycles (0.00%)
----------------------------------------
==== Statistics for Master ID: 0 ====
Reads: 182189843   Writes: 0
ICACHE: size: 64 KB assoc: 2
ICACHE: hits:156985300 misses:1700  Hit Ratio: 100.00%
DCACHE: size: 2*16 KB assoc: 2*4
DCACHE: hits:25055210 misses:147633 writebacks:0  Hit Ratio: 99.41%
SCACHE: size: 512 KB assoc: 2
SCACHE: hits:147282 misses:2051  Hit Ratio: 98.63%
3CACHE: size: 4096 KB assoc: 2
3CACHE: hits:1707 misses:344  Hit Ratio: 83.23%
3CACHE: dirty items replaced:5
ITLB: size: 48, misses 1, miss rate 0.00%
DTLB: size: 128, misses 6629, miss rate 0.03%
Avg mem delay: 1.484 cycles
----------------------------------------
==== Statistics for Master ID: 2 ====
Reads: 262515658   Writes: 30873911
ICACHE: size: 64 KB assoc: 2
ICACHE: hits:143757565 misses:4633206  Hit Ratio: 96.88%
DCACHE: size: 1*16 KB assoc: 1*4
DCACHE: hits:139500021 misses:5498818 writebacks:631651  Hit Ratio: 96.21%
SCACHE: size: 512 KB assoc: 2
SCACHE: hits:9300072 misses:831911  Hit Ratio: 91.79%
3CACHE: size: 4096 KB assoc: 2
3CACHE: hits:702275 misses:129636  Hit Ratio: 84.42%
3CACHE: dirty items replaced:17905
ITLB: size: 48, misses 50133, miss rate 0.03%
DTLB: size: 128, misses 757138, miss rate 0.52%
Avg mem delay: 1.484 cycles
----------------------------------------
==== Statistics for Master ID: 3 ====
Reads: 248162860   Writes: 40364036
ICACHE: size: 64 KB assoc: 2
ICACHE: hits:139952477 misses:4655961  Hit Ratio: 96.78%
DCACHE: size: 1*16 KB assoc: 1*4
DCACHE: hits:140813999 misses:3104458 writebacks:1035044  Hit Ratio: 97.84%
SCACHE: size: 512 KB assoc: 2
SCACHE: hits:6853158 misses:907260  Hit Ratio: 88.31%
3CACHE: size: 4096 KB assoc: 2
3CACHE: hits:743059 misses:164201  Hit Ratio: 81.90%
3CACHE: dirty items replaced:31874
ITLB: size: 48, misses 195496, miss rate 0.14%
DTLB: size: 128, misses 403871, miss rate 0.28%
Avg mem delay: 1.484 cycles
----------------------------------------
==== Global Resource Utilization ====
STASH: size: 65536 entries, full 2123495320, empty 83239873, misses 7386486, full rate 95.91
icache bank util. 0.315 0.206 0.132 0.136 0.147 0.130 0.202 0.318 
dcache bank util. 0.123 0.140 0.135 0.105 0.156 0.164 0.184 0.140 
L2 bank util. 0.036 0.050 0.044 0.039 0.044 0.044 0.038 0.045 
L1-L2 bus util. = 0.196, L3 util. = 0.010
----------------------------------------

======================== 切片硬件状态 ========================
切片号 | 所属安全域 | 当前状态    | 路扩展 | LRU touched
------------------------------------------------------------------
  0    |   域0      | 正常运行   |  是   |  300999990
  1    |   域3      | 正常运行   |  否   |  300999999
  2    |   域2      | 正常运行   |  否   |  300999997
  3    |   域0      | 正常运行   |  是   |  300999949
==================================================================

branch prediction, hits = 86957294, misses = 13083190, hit rate = 86.92%
return_stack prediction, hits = 9964781, misses = 3463, hit rate = 99.97%
jump prediction, hits = 88185713, misses = 23541282, hit rate = 78.93%

======================== 切片硬件状态 ========================
切片号 | 所属安全域 | 当前状态    | 路扩展 | LRU touched
------------------------------------------------------------------
  0    |   域0      | 正常运行   |  是   |  317999997
  1    |   域3      | 正常运行   |  否   |  317999999
  2    |   域2      | 正常运行   |  否   |  317999995
  3    |   域0      | 正常运行   |  是   |  317999997
==================================================================

[动态重分配] 周期318000000：预约迁移 冗余域0(0%) -> 切片0 -> 饥饿域3(6%)
[切片剥夺] 周期318000000：切片0（所属域0）进入待剥夺状态，禁止新替换
[切片剥夺] 周期318000000：切片0在途请求已清空，开始执行脏行写回
[切片剥夺] 周期318000000：切片0无脏行，直接完成剥夺
[切片管理] 周期318000001：原域0仅剩1个切片，关闭路扩展模式
[动态重分配] 周期318000001：切片0写回完成，自动绑定到域3
[切片管理] 成功绑定切片0 → 安全域3，触发【路扩展模式】

======================== 切片硬件状态 ========================
切片号 | 所属安全域 | 当前状态    | 路扩展 | LRU touched
------------------------------------------------------------------
  0    |   域3      | 正常运行   |  是   |  318000001
  1    |   域3      | 正常运行   |  是   |  318000001
  2    |   域2      | 正常运行   |  否   |  317999995
  3    |   域0      | 正常运行   |  否   |  317999997
==================================================================


**** Debug Statistics at 401000000 Cycles *****
Threads: 4		Fetch Width: 8
No of useful instructions fetched:	1511254626 (47.11% proc util.)
No of total instructions fetched:	2065836418 (64.40% proc util.)
 includes 129926057 misfetch (6.3%), 424655735 (20.6%) wrong-path fetches
 and 0 flushed after failed lock(0.0%)
No of useful instructions issued/executed:	1511254599 (47.11% proc util.)
No of total instructions issued/executed:	1714913226 (53.46% proc util.)
 includes 203658627 wrong-path (11.9%) insts and 0 flushed (0.0%)
	fp 5685, 0.00%
	synch 0, 0.00%
	integer 1295879305, 75.57%
	load/store 419028236, 24.43%
Avg size of int IQ (before scheduling): 28.88
Avg size of fp IQ (before scheduling): 0.00
No of cycles taken:		401000000
Parallelism [ 1.605, 0.000, 1.196, 0.967,] = 3.769
 IQ conflicts: 2518041 (0.63%), FQ conflicts: 0 (0.00%) 
 I reg conflicts: 77842215 (19.41%), FP reg conflicts: 0 (0.00%)
  Activelist confs: 3081 (0.00%), ROB confs: 331883 (0.08%)
  Int unit conflicts: 663484584 (165.46%), FP unit conflicts: 18 (0.00%)
  Load/store unit conflicts: 57534866 (14.35%)
  MSHR conflicts: 14499725 (3.62%)
----------------------------------------
==== System-wide Cache Statistics ====
Stall for miss queue full 0 cycles (0.00%)
----------------------------------------
==== Statistics for Master ID: 0 ====
Reads: 241192255   Writes: 0
ICACHE: size: 64 KB assoc: 2
ICACHE: hits:207795783 misses:2205  Hit Ratio: 100.00%
DCACHE: size: 1*16 KB assoc: 1*4
DCACHE: hits:32592682 misses:801585 writebacks:0  Hit Ratio: 97.60%
SCACHE: size: 512 KB assoc: 2
SCACHE: hits:795494 misses:8296  Hit Ratio: 98.97%
3CACHE: size: 4096 KB assoc: 2
3CACHE: hits:7720 misses:576  Hit Ratio: 93.06%
3CACHE: dirty items replaced:24
ITLB: size: 48, misses 1, miss rate 0.00%
DTLB: size: 128, misses 9486, miss rate 0.03%
Avg mem delay: 1.574 cycles
----------------------------------------
==== Statistics for Master ID: 2 ====
Reads: 344850545   Writes: 40630749
ICACHE: size: 64 KB assoc: 2
ICACHE: hits:188149956 misses:6377974  Hit Ratio: 96.72%
DCACHE: size: 1*16 KB assoc: 1*4
DCACHE: hits:183602291 misses:7351114 writebacks:829984  Hit Ratio: 96.15%
SCACHE: size: 512 KB assoc: 2
SCACHE: hits:12638363 misses:1090684  Hit Ratio: 92.06%
3CACHE: size: 4096 KB assoc: 2
3CACHE: hits:929334 misses:161350  Hit Ratio: 85.21%
3CACHE: dirty items replaced:27332
ITLB: size: 48, misses 67022, miss rate 0.03%
DTLB: size: 128, misses 1038419, miss rate 0.54%
Avg mem delay: 1.574 cycles
----------------------------------------
==== Statistics for Master ID: 3 ====
Reads: 331400472   Writes: 55955311
ICACHE: size: 64 KB assoc: 2
ICACHE: hits:187117378 misses:6357644  Hit Ratio: 96.71%
DCACHE: size: 2*16 KB assoc: 2*4
DCACHE: hits:189649749 misses:4231011 writebacks:1517908  Hit Ratio: 97.82%
SCACHE: size: 512 KB assoc: 2
SCACHE: hits:9318510 misses:1270144  Hit Ratio: 88.00%
3CACHE: size: 4096 KB assoc: 2
3CACHE: hits:1059971 misses:210173  Hit Ratio: 83.45%
3CACHE: dirty items replaced:50738
ITLB: size: 48, misses 236098, miss rate 0.12%
DTLB: size: 128, misses 573323, miss rate 0.30%
Avg mem delay: 1.574 cycles
----------------------------------------
==== Global Resource Utilization ====
STASH: size: 65536 entries, full 2647987752, empty 110673683, misses 9816606, full rate 95.65
icache bank util. 0.312 0.204 0.131 0.135 0.150 0.133 0.201 0.314 
dcache bank util. 0.121 0.135 0.134 0.106 0.157 0.164 0.187 0.149 
L2 bank util. 0.038 0.052 0.046 0.041 0.046 0.046 0.040 0.047 
L1-L2 bus util. = 0.206, L3 util. = 0.009
----------------------------------------

======================== 切片硬件状态 ========================
切片号 | 所属安全域 | 当前状态    | 路扩展 | LRU touched
------------------------------------------------------------------
  0    |   域3      | 正常运行   |  是   |  400999996
  1    |   域3      | 正常运行   |  是   |  400999979
  2    |   域2      | 正常运行   |  否   |  400999999
  3    |   域0      | 正常运行   |  否   |  400999977
==================================================================

branch prediction, hits = 114714060, misses = 17393547, hit rate = 86.83%
return_stack prediction, hits = 13146795, misses = 4034, hit rate = 99.97%
jump prediction, hits = 115660264, misses = 32088831, hit rate = 78.28%

**** Debug Statistics at 501000000 Cycles *****
Threads: 4		Fetch Width: 8
No of useful instructions fetched:	1902611718 (47.47% proc util.)
No of total instructions fetched:	2585739494 (64.51% proc util.)
 includes 161554094 misfetch (6.2%), 521573682 (20.2%) wrong-path fetches
 and 0 flushed after failed lock(0.0%)
No of useful instructions issued/executed:	1902611674 (47.47% proc util.)
No of total instructions issued/executed:	2151980020 (53.69% proc util.)
 includes 249368346 wrong-path (11.6%) insts and 0 flushed (0.0%)
	fp 5780, 0.00%
	synch 0, 0.00%
	integer 1625589709, 75.54%
	load/store 526384531, 24.46%
Avg size of int IQ (before scheduling): 28.89
Avg size of fp IQ (before scheduling): 0.00
No of cycles taken:		501000000
Parallelism [ 1.594, 0.000, 1.198, 1.005,] = 3.798
 IQ conflicts: 3135972 (0.63%), FQ conflicts: 0 (0.00%) 
 I reg conflicts: 97159448 (19.39%), FP reg conflicts: 0 (0.00%)
  Activelist confs: 3295 (0.00%), ROB confs: 428781 (0.09%)
  Int unit conflicts: 858131401 (171.28%), FP unit conflicts: 18 (0.00%)
  Load/store unit conflicts: 71499897 (14.27%)
  MSHR conflicts: 25299564 (5.05%)
----------------------------------------
==== System-wide Cache Statistics ====
Stall for miss queue full 0 cycles (0.00%)
----------------------------------------
==== Statistics for Master ID: 0 ====
Reads: 299183467   Writes: 0
ICACHE: size: 64 KB assoc: 2
ICACHE: hits:257755011 misses:2633  Hit Ratio: 100.00%
DCACHE: size: 1*16 KB assoc: 1*4
DCACHE: hits:39857786 misses:1568037 writebacks:0  Hit Ratio: 96.21%
SCACHE: size: 512 KB assoc: 2
SCACHE: hits:1556835 misses:13835  Hit Ratio: 99.12%
3CACHE: size: 4096 KB assoc: 2
3CACHE: hits:13179 misses:656  Hit Ratio: 95.26%
3CACHE: dirty items replaced:30
ITLB: size: 48, misses 1, miss rate 0.00%
DTLB: size: 128, misses 11708, miss rate 0.03%
Avg mem delay: 1.592 cycles
----------------------------------------
==== Statistics for Master ID: 2 ====
Reads: 430849121   Writes: 50300649
ICACHE: size: 64 KB assoc: 2
ICACHE: hits:235494445 misses:7814673  Hit Ratio: 96.79%
DCACHE: size: 1*16 KB assoc: 1*4
DCACHE: hits:228613359 misses:9227334 writebacks:1020936  Hit Ratio: 96.12%
SCACHE: size: 512 KB assoc: 2
SCACHE: hits:15716500 misses:1325464  Hit Ratio: 92.22%
3CACHE: size: 4096 KB assoc: 2
3CACHE: hits:1137109 misses:188355  Hit Ratio: 85.79%
3CACHE: dirty items replaced:35709
ITLB: size: 48, misses 77925, miss rate 0.03%
DTLB: size: 128, misses 1293876, miss rate 0.54%
Avg mem delay: 1.592 cycles
----------------------------------------
==== Statistics for Master ID: 3 ====
Reads: 420984789   Writes: 70595869
ICACHE: size: 64 KB assoc: 2
ICACHE: hits:237682740 misses:7787556  Hit Ratio: 96.83%
DCACHE: size: 2*16 KB assoc: 2*4
DCACHE: hits:240802084 misses:5308277 writebacks:1995007  Hit Ratio: 97.84%
SCACHE: size: 512 KB assoc: 2
SCACHE: hits:11504945 misses:1590887  Hit Ratio: 87.85%
3CACHE: size: 4096 KB assoc: 2
3CACHE: hits:1339334 misses:251553  Hit Ratio: 84.19%
3CACHE: dirty items replaced:68188
ITLB: size: 48, misses 263171, miss rate 0.11%
DTLB: size: 128, misses 716843, miss rate 0.29%
Avg mem delay: 1.592 cycles
----------------------------------------
==== Global Resource Utilization ====
STASH: size: 65536 entries, full 3192271534, empty 135121499, misses 12001267, full rate 95.59
icache bank util. 0.310 0.205 0.130 0.134 0.153 0.136 0.200 0.316 
dcache bank util. 0.128 0.133 0.133 0.106 0.156 0.164 0.191 0.153 
L2 bank util. 0.038 0.052 0.046 0.041 0.047 0.047 0.040 0.047 
L1-L2 bus util. = 0.208, L3 util. = 0.009
----------------------------------------

======================== 切片硬件状态 ========================
切片号 | 所属安全域 | 当前状态    | 路扩展 | LRU touched
------------------------------------------------------------------
  0    |   域3      | 正常运行   |  是   |  500999950
  1    |   域3      | 正常运行   |  是   |  500999974
  2    |   域2      | 正常运行   |  否   |  500999998
  3    |   域0      | 正常运行   |  否   |  500999999
==================================================================

branch prediction, hits = 146563675, misses = 21515035, hit rate = 87.20%
return_stack prediction, hits = 16394061, misses = 4474, hit rate = 99.97%
jump prediction, hits = 146507092, misses = 39975703, hit rate = 78.56%

**** Early Exiting at 527226628 Cycles *****
========================================
 SMTSIM Global Statistics
========================================
Threads: 4		Fetch Width: 8
No of useful instructions fetched:	2000000104 (47.42% proc util.)
No of total instructions fetched:	2716464399 (64.40% proc util.)
 includes 169587654 misfetch (6.2%), 546876641 (20.1%) wrong-path fetches
 and 0 flushed after failed lock(0.0%)
No of useful instructions issued/executed:	2000000072 (47.42% proc util.)
No of total instructions issued/executed:	2261346732 (53.61% proc util.)
 includes 261346660 wrong-path (11.6%) insts and 0 flushed (0.0%)
	fp 5789, 0.00%
	synch 0, 0.00%
	integer 1709858120, 75.61%
	load/store 551482823, 24.39%
Avg size of int IQ (before scheduling): 28.87
Avg size of fp IQ (before scheduling): 0.00
No of cycles taken:		527226628
Parallelism [ 1.601, 0.000, 1.202, 0.991,] = 3.793
 IQ conflicts: 3220068 (0.61%), FQ conflicts: 0 (0.00%) 
 I reg conflicts: 102653643 (19.47%), FP reg conflicts: 0 (0.00%)
  Activelist confs: 3295 (0.00%), ROB confs: 428781 (0.08%)
  Int unit conflicts: 894117201 (169.59%), FP unit conflicts: 18 (0.00%)
  Load/store unit conflicts: 75030109 (14.23%)
  MSHR conflicts: 25301315 (4.80%)
----------------------------------------
==== System-wide Cache Statistics ====
Stall for miss queue full 0 cycles (0.00%)
----------------------------------------
==== Statistics for Master ID: 0 ====
Reads: 316013373   Writes: 0
ICACHE: size: 64 KB assoc: 2
ICACHE: hits:272231498 misses:2922  Hit Ratio: 100.00%
DCACHE: size: 1*16 KB assoc: 1*4
DCACHE: hits:41986712 misses:1792241 writebacks:0  Hit Ratio: 95.91%
SCACHE: size: 512 KB assoc: 2
SCACHE: hits:1780948 misses:14215  Hit Ratio: 99.21%
3CACHE: size: 4096 KB assoc: 2
3CACHE: hits:13548 misses:667  Hit Ratio: 95.31%
3CACHE: dirty items replaced:30
ITLB: size: 48, misses 1, miss rate 0.00%
DTLB: size: 128, misses 12232, miss rate 0.03%
Avg mem delay: 1.593 cycles
----------------------------------------
==== Statistics for Master ID: 2 ====
Reads: 454296255   Writes: 52958348
ICACHE: size: 64 KB assoc: 2
ICACHE: hits:248143351 misses:8238931  Hit Ratio: 96.79%
DCACHE: size: 1*16 KB assoc: 1*4
DCACHE: hits:241127069 misses:9745293 writebacks:1074615  Hit Ratio: 96.12%
SCACHE: size: 512 KB assoc: 2
SCACHE: hits:16575572 misses:1408608  Hit Ratio: 92.17%
3CACHE: size: 4096 KB assoc: 2
3CACHE: hits:1213976 misses:194632  Hit Ratio: 86.18%
3CACHE: dirty items replaced:37719
ITLB: size: 48, misses 87113, miss rate 0.03%
DTLB: size: 128, misses 1359213, miss rate 0.54%
Avg mem delay: 1.593 cycles
----------------------------------------
==== Statistics for Master ID: 3 ====
Reads: 437578519   Writes: 73205350
ICACHE: size: 64 KB assoc: 2
ICACHE: hits:246592296 misses:8395371  Hit Ratio: 96.71%
DCACHE: size: 2*16 KB assoc: 2*4
DCACHE: hits:250462920 misses:5333281 writebacks:2002066  Hit Ratio: 97.92%
SCACHE: size: 512 KB assoc: 2
SCACHE: hits:12089050 misses:1639602  Hit Ratio: 88.06%
3CACHE: size: 4096 KB assoc: 2
3CACHE: hits:1382747 misses:256855  Hit Ratio: 84.33%
3CACHE: dirty items replaced:71039
ITLB: size: 48, misses 318241, miss rate 0.12%
DTLB: size: 128, misses 757991, miss rate 0.30%
Avg mem delay: 1.593 cycles
----------------------------------------
==== Global Resource Utilization ====
STASH: size: 65536 entries, full 3326902948, empty 143549360, misses 12733854, full rate 95.51
icache bank util. 0.310 0.205 0.130 0.133 0.152 0.135 0.200 0.317 
dcache bank util. 0.127 0.132 0.132 0.105 0.155 0.163 0.190 0.152 
L2 bank util. 0.038 0.052 0.046 0.041 0.047 0.047 0.040 0.048 
L1-L2 bus util. = 0.208, L3 util. = 0.009
----------------------------------------

======================== 切片硬件状态 ========================
切片号 | 所属安全域 | 当前状态    | 路扩展 | LRU touched
------------------------------------------------------------------
  0    |   域3      | 正常运行   |  是   |  527226620
  1    |   域3      | 正常运行   |  是   |  527226624
  2    |   域2      | 正常运行   |  否   |  527226624
  3    |   域0      | 正常运行   |  否   |  527226626
==================================================================

branch prediction, hits = 153511289, misses = 22666018, hit rate = 87.13%
return_stack prediction, hits = 17241539, misses = 4956, hit rate = 99.97%
jump prediction, hits = 153565589, misses = 41954696, hit rate = 78.54%
total IPC 3.793

=== Results saved to: ./results/seqacc_2_crafty_1_gcc-expr_1.txt ===
