测试组合（多线程优先）：gcc-scilab.arg2 + cacherand.arg + gzip-program.arg
执行命令：./smtsim gcc-scilab.arg2 cacherand.arg gzip-program.arg
==================================================

 dgelq2_ dgelqf_动态重分配参数：每200万周期检查，阈值5
Process 0, Thread 0: gcc-scilab
Process 0, Thread 1: gcc-scilab
Process 2, Thread 2: cacherand
Process 3, Thread 3: gzip-program
[切片调度] 新安全域2无任何切片，尝试分配空闲切片
[切片管理] 成功绑定切片0 → 安全域2

======================== 切片硬件状态 ========================
切片号 | 所属安全域 | 当前状态    | 路扩展 | LRU touched
------------------------------------------------------------------
  0    |   域2      | 正常运行   |  否   |  0
  1    |   域-1     | 切片空闲   |  否   |  0
  2    |   域-1     | 切片空闲   |  否   |  0
  3    |   域-1     | 切片空闲   |  否   |  0
==================================================================

[切片管理] 成功绑定切片1 → 安全域2，触发【路扩展模式】

======================== 切片硬件状态 ========================
切片号 | 所属安全域 | 当前状态    | 路扩展 | LRU touched
------------------------------------------------------------------
  0    |   域2      | 正常运行   |  是   |  0
  1    |   域2      | 正常运行   |  是   |  0
  2    |   域-1     | 切片空闲   |  否   |  0
  3    |   域-1     | 切片空闲   |  否   |  0
==================================================================

[切片调度] 新安全域3无任何切片，尝试分配空闲切片
[切片管理] 成功绑定切片2 → 安全域3

======================== 切片硬件状态 ========================
切片号 | 所属安全域 | 当前状态    | 路扩展 | LRU touched
------------------------------------------------------------------
  0    |   域2      | 正常运行   |  是   |  435
  1    |   域2      | 正常运行   |  是   |  0
  2    |   域3      | 正常运行   |  否   |  0
  3    |   域-1     | 切片空闲   |  否   |  0
==================================================================

[切片管理] 成功绑定切片3 → 安全域3，触发【路扩展模式】

======================== 切片硬件状态 ========================
切片号 | 所属安全域 | 当前状态    | 路扩展 | LRU touched
------------------------------------------------------------------
  0    |   域2      | 正常运行   |  是   |  435
  1    |   域2      | 正常运行   |  是   |  0
  2    |   域3      | 正常运行   |  是   |  0
  3    |   域3      | 正常运行   |  是   |  0
==================================================================

[切片调度] 新安全域0无任何切片，尝试分配空闲切片
[切片调度] 新安全域0未找到空闲切片，尝试剥夺切片
[切片替换] 优先从【路扩展切片】中选择LRU替换目标...
[切片替换] 找到路扩展切片作为受害者：切片1（最后访问：0）
[切片调度] 安全域0触发切片剥夺：从域2剥夺切片1
[切片剥夺] 周期519：切片1（所属域2）进入待剥夺状态，禁止新替换
[切片剥夺] 周期519：切片1在途请求已清空，开始执行脏行写回
[切片剥夺] 周期519：切片1无脏行，直接完成剥夺
[切片管理] 周期519：原域2仅剩1个切片，关闭路扩展模式
[动态重分配] 周期519：切片1写回完成，自动绑定到域0
[切片管理] 成功绑定切片1 → 安全域0

======================== 切片硬件状态 ========================
切片号 | 所属安全域 | 当前状态    | 路扩展 | LRU touched
------------------------------------------------------------------
  0    |   域2      | 正常运行   |  否   |  435
  1    |   域0      | 正常运行   |  否   |  519
  2    |   域3      | 正常运行   |  是   |  511
  3    |   域3      | 正常运行   |  是   |  0
==================================================================

[切片唤醒] 周期519：域0切片就绪，唤醒等待指令

**** Debug Statistics at 1000000 Cycles *****
Threads: 4		Fetch Width: 8
No of useful instructions fetched:	1145260 (14.32% proc util.)
No of total instructions fetched:	1301886 (16.27% proc util.)
 includes 7632 misfetch (0.6%), 148994 (11.4%) wrong-path fetches
 and 0 flushed after failed lock(0.0%)
No of useful instructions issued/executed:	1145233 (14.32% proc util.)
No of total instructions issued/executed:	1232952 (15.41% proc util.)
 includes 87719 wrong-path (7.1%) insts and 0 flushed (0.0%)
	fp 22, 0.00%
	synch 0, 0.00%
	integer 982479, 79.69%
	load/store 250451, 20.31%
Avg size of int IQ (before scheduling): 36.26
Avg size of fp IQ (before scheduling): 0.00
No of cycles taken:		1000000
Parallelism [ 0.334, 0.000, 0.673, 0.138,] = 1.145
 IQ conflicts: 4488 (0.45%), FQ conflicts: 0 (0.00%) 
 I reg conflicts: 808080 (80.81%), FP reg conflicts: 0 (0.00%)
  Activelist confs: 0 (0.00%), ROB confs: 0 (0.00%)
  Int unit conflicts: 47486 (4.75%), FP unit conflicts: 0 (0.00%)
  Load/store unit conflicts: 21207 (2.12%)
  MSHR conflicts: 117650 (11.77%)
----------------------------------------
==== System-wide Cache Statistics ====
Stall for miss queue full 0 cycles (0.00%)
----------------------------------------
==== Statistics for Master ID: 0 ====
Reads: 259510   Writes: 47240
ICACHE: size: 64 KB assoc: 2
ICACHE: hits:148365 misses:356  Hit Ratio: 99.76%
DCACHE: size: 1*16 KB assoc: 1*4
DCACHE: hits:154068 misses:3960 writebacks:509  Hit Ratio: 97.49%
SCACHE: size: 512 KB assoc: 2
SCACHE: hits:1229 misses:3087  Hit Ratio: 28.48%
3CACHE: size: 4096 KB assoc: 2
3CACHE: hits:134 misses:2953  Hit Ratio: 4.34%
3CACHE: dirty items replaced:0
ITLB: size: 48, misses 18, miss rate 0.01%
DTLB: size: 128, misses 597, miss rate 0.38%
Avg mem delay: 45.393 cycles
----------------------------------------
==== Statistics for Master ID: 2 ====
Reads: 177251   Writes: 35
ICACHE: size: 64 KB assoc: 2
ICACHE: hits:152240 misses:23  Hit Ratio: 99.98%
DCACHE: size: 1*16 KB assoc: 1*4
DCACHE: hits:8356 misses:16667 writebacks:13  Hit Ratio: 33.39%
SCACHE: size: 512 KB assoc: 2
SCACHE: hits:14952 misses:1738  Hit Ratio: 89.59%
3CACHE: size: 4096 KB assoc: 2
3CACHE: hits:903 misses:835  Hit Ratio: 51.96%
3CACHE: dirty items replaced:0
ITLB: size: 48, misses 4, miss rate 0.00%
DTLB: size: 128, misses 45, miss rate 0.18%
Avg mem delay: 45.393 cycles
----------------------------------------
==== Statistics for Master ID: 3 ====
Reads: 104379   Writes: 22513
ICACHE: size: 64 KB assoc: 2
ICACHE: hits:60255 misses:202  Hit Ratio: 99.67%
DCACHE: size: 2*16 KB assoc: 2*4
DCACHE: hits:44680 misses:21755 writebacks:21583  Hit Ratio: 67.25%
SCACHE: size: 512 KB assoc: 2
SCACHE: hits:5 misses:21952  Hit Ratio: 0.02%
3CACHE: size: 4096 KB assoc: 2
3CACHE: hits:0 misses:21952  Hit Ratio: 0.00%
3CACHE: dirty items replaced:3
ITLB: size: 48, misses 18, miss rate 0.03%
DTLB: size: 128, misses 5419, miss rate 8.16%
Avg mem delay: 45.393 cycles
----------------------------------------
==== Global Resource Utilization ====
STASH: size: 65536 entries, full 94951701, empty 5734773, misses 691782, full rate 93.66
icache bank util. 0.112 0.087 0.020 0.019 0.014 0.024 0.035 0.052 
dcache bank util. 0.037 0.019 0.043 0.026 0.036 0.035 0.210 0.038 
L2 bank util. 0.015 0.016 0.015 0.016 0.017 0.015 0.278 0.015 
L1-L2 bus util. = 0.195, L3 util. = 0.257
----------------------------------------

======================== 切片硬件状态 ========================
切片号 | 所属安全域 | 当前状态    | 路扩展 | LRU touched
------------------------------------------------------------------
  0    |   域2      | 正常运行   |  否   |  999941
  1    |   域0      | 正常运行   |  否   |  999949
  2    |   域3      | 正常运行   |  是   |  999997
  3    |   域3      | 正常运行   |  是   |  999872
==================================================================

branch prediction, hits = 75485, misses = 6645, hit rate = 91.91%
return_stack prediction, hits = 7121, misses = 9, hit rate = 99.87%
jump prediction, hits = 82020, misses = 2018, hit rate = 97.60%
 dgels_
======================== 切片硬件状态 ========================
切片号 | 所属安全域 | 当前状态    | 路扩展 | LRU touched
------------------------------------------------------------------
  0    |   域2      | 正常运行   |  否   |  11999988
  1    |   域0      | 正常运行   |  否   |  11999999
  2    |   域3      | 正常运行   |  是   |  11999986
  3    |   域3      | 正常运行   |  是   |  11999178
==================================================================

[动态重分配] 周期12000000：预约迁移 冗余域3(12%) -> 切片2 -> 饥饿域2(66%)
[切片剥夺] 周期12000000：切片2（所属域3）进入待剥夺状态，禁止新替换
[切片剥夺] 周期12000116：切片2在途请求已清空，开始执行脏行写回
[切片管理] 周期12005518：原域3仅剩1个切片，关闭路扩展模式
[动态重分配] 周期12005518：切片2写回完成，自动绑定到域2
[切片管理] 成功绑定切片2 → 安全域2，触发【路扩展模式】

======================== 切片硬件状态 ========================
切片号 | 所属安全域 | 当前状态    | 路扩展 | LRU touched
------------------------------------------------------------------
  0    |   域2      | 正常运行   |  是   |  12005493
  1    |   域0      | 正常运行   |  否   |  12005517
  2    |   域2      | 正常运行   |  是   |  12005518
  3    |   域3      | 正常运行   |  否   |  12005518
==================================================================


**** Debug Statistics at 101000000 Cycles *****
Threads: 4		Fetch Width: 8
No of useful instructions fetched:	176085716 (21.79% proc util.)
No of total instructions fetched:	205278595 (25.41% proc util.)
 includes 8025181 misfetch (3.9%), 21167698 (10.3%) wrong-path fetches
 and 0 flushed after failed lock(0.0%)
No of useful instructions issued/executed:	176085683 (21.79% proc util.)
No of total instructions issued/executed:	185229245 (22.92% proc util.)
 includes 9143562 wrong-path (4.9%) insts and 0 flushed (0.0%)
	fp 4629, 0.00%
	synch 0, 0.00%
	integer 144391455, 77.95%
	load/store 40833161, 22.04%
Avg size of int IQ (before scheduling): 22.10
Avg size of fp IQ (before scheduling): 0.00
No of cycles taken:		101000000
Parallelism [ 0.627, 0.000, 0.783, 0.333,] = 1.743
 IQ conflicts: 95383 (0.09%), FQ conflicts: 0 (0.00%) 
 I reg conflicts: 72165398 (71.45%), FP reg conflicts: 0 (0.00%)
  Activelist confs: 0 (0.00%), ROB confs: 1141 (0.00%)
  Int unit conflicts: 11745416 (11.63%), FP unit conflicts: 0 (0.00%)
  Load/store unit conflicts: 2741928 (2.71%)
  MSHR conflicts: 10595041 (10.49%)
----------------------------------------
==== System-wide Cache Statistics ====
Stall for miss queue full 100 cycles (0.00%)
----------------------------------------
==== Statistics for Master ID: 0 ====
Reads: 42756170   Writes: 8528551
ICACHE: size: 64 KB assoc: 2
ICACHE: hits:23250768 misses:291240  Hit Ratio: 98.76%
DCACHE: size: 1*16 KB assoc: 1*4
DCACHE: hits:26891193 misses:851519 writebacks:254431  Hit Ratio: 96.93%
SCACHE: size: 512 KB assoc: 2
SCACHE: hits:800058 misses:342701  Hit Ratio: 70.01%
3CACHE: size: 4096 KB assoc: 2
3CACHE: hits:273043 misses:69658  Hit Ratio: 79.67%
3CACHE: dirty items replaced:7265
ITLB: size: 48, misses 14527, miss rate 0.06%
DTLB: size: 128, misses 24339, miss rate 0.09%
Avg mem delay: 7.958 cycles
----------------------------------------
==== Statistics for Master ID: 2 ====
Reads: 23464540   Writes: 47
ICACHE: size: 64 KB assoc: 2
ICACHE: hits:20534691 misses:74  Hit Ratio: 100.00%
DCACHE: size: 2*16 KB assoc: 2*4
DCACHE: hits:1818776 misses:1111046 writebacks:25  Hit Ratio: 62.08%
SCACHE: size: 512 KB assoc: 2
SCACHE: hits:1076221 misses:34899  Hit Ratio: 96.86%
3CACHE: size: 4096 KB assoc: 2
3CACHE: hits:29198 misses:5701  Hit Ratio: 83.66%
3CACHE: dirty items replaced:20
ITLB: size: 48, misses 4, miss rate 0.00%
DTLB: size: 128, misses 246, miss rate 0.01%
Avg mem delay: 7.958 cycles
----------------------------------------
==== Statistics for Master ID: 3 ====
Reads: 18223253   Writes: 4954176
ICACHE: size: 64 KB assoc: 2
ICACHE: hits:13083231 misses:718  Hit Ratio: 99.99%
DCACHE: size: 1*16 KB assoc: 1*4
DCACHE: hits:8716806 misses:1376801 writebacks:780391  Hit Ratio: 86.36%
SCACHE: size: 512 KB assoc: 2
SCACHE: hits:130 misses:1377261  Hit Ratio: 0.01%
3CACHE: size: 4096 KB assoc: 2
3CACHE: hits:56 misses:1377205  Hit Ratio: 0.00%
3CACHE: dirty items replaced:53355
ITLB: size: 48, misses 62, miss rate 0.00%
DTLB: size: 128, misses 64795, miss rate 0.64%
Avg mem delay: 7.958 cycles
----------------------------------------
==== Global Resource Utilization ====
STASH: size: 65536 entries, full 303495563, empty 12191825, misses 1282331, full rate 95.75
icache bank util. 0.157 0.116 0.030 0.032 0.034 0.108 0.038 0.060 
dcache bank util. 0.060 0.062 0.065 0.072 0.079 0.063 0.063 0.070 
L2 bank util. 0.032 0.032 0.032 0.033 0.032 0.031 0.040 0.047 
L1-L2 bus util. = 0.139, L3 util. = 0.144
----------------------------------------

======================== 切片硬件状态 ========================
切片号 | 所属安全域 | 当前状态    | 路扩展 | LRU touched
------------------------------------------------------------------
  0    |   域2      | 正常运行   |  是   |  100999857
  1    |   域0      | 正常运行   |  否   |  100999996
  2    |   域2      | 正常运行   |  是   |  100999977
  3    |   域3      | 正常运行   |  否   |  100999999
==================================================================

branch prediction, hits = 15077657, misses = 1460779, hit rate = 91.17%
return_stack prediction, hits = 897938, misses = 1205, hit rate = 99.87%
jump prediction, hits = 14113388, misses = 1941888, hit rate = 87.90%

**** Debug Statistics at 201000000 Cycles *****
Threads: 4		Fetch Width: 8
No of useful instructions fetched:	479823090 (29.84% proc util.)
No of total instructions fetched:	594154289 (36.95% proc util.)
 includes 20177591 misfetch (3.4%), 94153608 (15.8%) wrong-path fetches
 and 0 flushed after failed lock(0.0%)
No of useful instructions issued/executed:	479823021 (29.84% proc util.)
No of total instructions issued/executed:	520245008 (32.35% proc util.)
 includes 40421987 wrong-path (7.8%) insts and 0 flushed (0.0%)
	fp 4746, 0.00%
	synch 0, 0.00%
	integer 401016955, 77.08%
	load/store 119223307, 22.92%
Avg size of int IQ (before scheduling): 24.72
Avg size of fp IQ (before scheduling): 0.00
No of cycles taken:		201000000
Parallelism [ 0.787, 0.000, 0.927, 0.674,] = 2.387
 IQ conflicts: 257370 (0.13%), FQ conflicts: 0 (0.00%) 
 I reg conflicts: 116366443 (57.89%), FP reg conflicts: 0 (0.00%)
  Activelist confs: 0 (0.00%), ROB confs: 49211 (0.02%)
  Int unit conflicts: 136281675 (67.80%), FP unit conflicts: 0 (0.00%)
  Load/store unit conflicts: 10733777 (5.34%)
  MSHR conflicts: 31640237 (15.74%)
----------------------------------------
==== System-wide Cache Statistics ====
Stall for miss queue full 100 cycles (0.00%)
----------------------------------------
==== Statistics for Master ID: 0 ====
Reads: 115584913   Writes: 21212556
ICACHE: size: 64 KB assoc: 2
ICACHE: hits:64238524 misses:745788  Hit Ratio: 98.85%
DCACHE: size: 1*16 KB assoc: 1*4
DCACHE: hits:69884312 misses:1928844 writebacks:645570  Hit Ratio: 97.31%
SCACHE: size: 512 KB assoc: 2
SCACHE: hits:1993381 misses:681251  Hit Ratio: 74.53%
3CACHE: size: 4096 KB assoc: 2
3CACHE: hits:536004 misses:145247  Hit Ratio: 78.68%
3CACHE: dirty items replaced:25961
ITLB: size: 48, misses 29887, miss rate 0.05%
DTLB: size: 128, misses 77256, miss rate 0.11%
Avg mem delay: 4.485 cycles
----------------------------------------
==== Statistics for Master ID: 2 ====
Reads: 58464410   Writes: 51
ICACHE: size: 64 KB assoc: 2
ICACHE: hits:51564610 misses:136  Hit Ratio: 100.00%
DCACHE: size: 2*16 KB assoc: 2*4
DCACHE: hits:4463105 misses:2436610 writebacks:29  Hit Ratio: 64.69%
SCACHE: size: 512 KB assoc: 2
SCACHE: hits:2367599 misses:69147  Hit Ratio: 97.16%
3CACHE: size: 4096 KB assoc: 2
3CACHE: hits:54198 misses:14949  Hit Ratio: 78.38%
3CACHE: dirty items replaced:2634
ITLB: size: 48, misses 4, miss rate 0.00%
DTLB: size: 128, misses 646, miss rate 0.01%
Avg mem delay: 4.485 cycles
----------------------------------------
==== Statistics for Master ID: 3 ====
Reads: 76961241   Writes: 13858089
ICACHE: size: 64 KB assoc: 2
ICACHE: hits:50513593 misses:5599  Hit Ratio: 99.99%
DCACHE: size: 1*16 KB assoc: 1*4
DCACHE: hits:37458426 misses:2841839 writebacks:1402909  Hit Ratio: 92.95%
SCACHE: size: 512 KB assoc: 2
SCACHE: hits:670524 misses:2176787  Hit Ratio: 23.55%
3CACHE: size: 4096 KB assoc: 2
3CACHE: hits:49940 misses:2126847  Hit Ratio: 2.29%
3CACHE: dirty items replaced:106685
ITLB: size: 48, misses 212, miss rate 0.00%
DTLB: size: 128, misses 100907, miss rate 0.25%
Avg mem delay: 4.485 cycles
----------------------------------------
==== Global Resource Utilization ====
STASH: size: 65536 entries, full 714812717, empty 20717427, misses 2040694, full rate 96.91
icache bank util. 0.209 0.165 0.049 0.055 0.070 0.145 0.068 0.082 
dcache bank util. 0.086 0.084 0.087 0.094 0.105 0.078 0.101 0.095 
L2 bank util. 0.034 0.035 0.034 0.035 0.035 0.033 0.038 0.043 
L1-L2 bus util. = 0.149, L3 util. = 0.114
----------------------------------------

======================== 切片硬件状态 ========================
切片号 | 所属安全域 | 当前状态    | 路扩展 | LRU touched
------------------------------------------------------------------
  0    |   域2      | 正常运行   |  是   |  200999984
  1    |   域0      | 正常运行   |  否   |  200999997
  2    |   域2      | 正常运行   |  是   |  200999963
  3    |   域3      | 正常运行   |  否   |  200999999
==================================================================

branch prediction, hits = 37568130, misses = 4658816, hit rate = 88.97%
return_stack prediction, hits = 2588655, misses = 1383, hit rate = 99.95%
jump prediction, hits = 36576523, misses = 4874654, hit rate = 88.24%
 dgemm_
**** Debug Statistics at 301000000 Cycles *****
Threads: 4		Fetch Width: 8
No of useful instructions fetched:	921292598 (38.26% proc util.)
No of total instructions fetched:	1150662991 (47.79% proc util.)
 includes 29895383 misfetch (2.6%), 199475010 (17.3%) wrong-path fetches
 and 0 flushed after failed lock(0.0%)
No of useful instructions issued/executed:	921292548 (38.26% proc util.)
No of total instructions issued/executed:	1006813821 (41.81% proc util.)
 includes 85521273 wrong-path (8.5%) insts and 0 flushed (0.0%)
	fp 24498, 0.00%
	synch 0, 0.00%
	integer 774714264, 76.95%
	load/store 232075059, 23.05%
Avg size of int IQ (before scheduling): 28.31
Avg size of fp IQ (before scheduling): 0.00
No of cycles taken:		301000000
Parallelism [ 0.963, 0.000, 1.082, 1.016,] = 3.061
 IQ conflicts: 588480 (0.20%), FQ conflicts: 0 (0.00%) 
 I reg conflicts: 135726958 (45.09%), FP reg conflicts: 0 (0.00%)
  Activelist confs: 73 (0.00%), ROB confs: 177992 (0.06%)
  Int unit conflicts: 384758831 (127.83%), FP unit conflicts: 0 (0.00%)
  Load/store unit conflicts: 23110633 (7.68%)
  MSHR conflicts: 42878660 (14.25%)
----------------------------------------
==== System-wide Cache Statistics ====
Stall for miss queue full 100 cycles (0.00%)
----------------------------------------
==== Statistics for Master ID: 0 ====
Reads: 215892695   Writes: 38682472
ICACHE: size: 64 KB assoc: 2
ICACHE: hits:122174297 misses:1181226  Hit Ratio: 99.04%
DCACHE: size: 1*16 KB assoc: 1*4
DCACHE: hits:127898933 misses:3320710 writebacks:1177844  Hit Ratio: 97.47%
SCACHE: size: 512 KB assoc: 2
SCACHE: hits:3437068 misses:1064868  Hit Ratio: 76.35%
3CACHE: size: 4096 KB assoc: 2
3CACHE: hits:868317 misses:196551  Hit Ratio: 81.54%
3CACHE: dirty items replaced:39329
ITLB: size: 48, misses 50302, miss rate 0.04%
DTLB: size: 128, misses 140720, miss rate 0.11%
Avg mem delay: 2.920 cycles
----------------------------------------
==== Statistics for Master ID: 2 ====
Reads: 105116086   Writes: 51
ICACHE: size: 64 KB assoc: 2
ICACHE: hits:93054863 misses:214  Hit Ratio: 100.00%
DCACHE: size: 2*16 KB assoc: 2*4
DCACHE: hits:7901080 misses:4159980 writebacks:29  Hit Ratio: 65.51%
SCACHE: size: 512 KB assoc: 2
SCACHE: hits:4059481 misses:100713  Hit Ratio: 97.58%
3CACHE: size: 4096 KB assoc: 2
3CACHE: hits:80835 misses:19878  Hit Ratio: 80.26%
3CACHE: dirty items replaced:5000
ITLB: size: 48, misses 4, miss rate 0.00%
DTLB: size: 128, misses 948, miss rate 0.01%
Avg mem delay: 2.920 cycles
----------------------------------------
==== Statistics for Master ID: 3 ====
Reads: 171167338   Writes: 26402935
ICACHE: size: 64 KB assoc: 2
ICACHE: hits:109086748 misses:13232  Hit Ratio: 99.99%
DCACHE: size: 1*16 KB assoc: 1*4
DCACHE: hits:84546023 misses:3924397 writebacks:1862252  Hit Ratio: 95.56%
SCACHE: size: 512 KB assoc: 2
SCACHE: hits:1611334 misses:2326168  Hit Ratio: 40.92%
3CACHE: size: 4096 KB assoc: 2
3CACHE: hits:168080 misses:2158088  Hit Ratio: 7.23%
3CACHE: dirty items replaced:113146
ITLB: size: 48, misses 487, miss rate 0.00%
DTLB: size: 128, misses 115229, miss rate 0.13%
Avg mem delay: 2.920 cycles
----------------------------------------
==== Global Resource Utilization ====
STASH: size: 65536 entries, full 1308735500, empty 30572417, misses 2911526, full rate 97.51
icache bank util. 0.259 0.207 0.070 0.082 0.105 0.163 0.098 0.109 
dcache bank util. 0.102 0.104 0.113 0.112 0.135 0.097 0.138 0.113 
L2 bank util. 0.034 0.035 0.034 0.036 0.035 0.033 0.037 0.042 
L1-L2 bus util. = 0.156, L3 util. = 0.079
----------------------------------------

======================== 切片硬件状态 ========================
切片号 | 所属安全域 | 当前状态    | 路扩展 | LRU touched
------------------------------------------------------------------
  0    |   域2      | 正常运行   |  是   |  300999966
  1    |   域0      | 正常运行   |  否   |  300999998
  2    |   域2      | 正常运行   |  是   |  300999986
  3    |   域3      | 正常运行   |  否   |  300999999
==================================================================

branch prediction, hits = 67669935, misses = 8567480, hit rate = 88.76%
return_stack prediction, hits = 5168856, misses = 3238, hit rate = 99.94%
jump prediction, hits = 69640145, misses = 7412827, hit rate = 90.38%
 dgemv_ dgeqr2_ dgeqrf_
**** Debug Statistics at 401000000 Cycles *****
Threads: 4		Fetch Width: 8
No of useful instructions fetched:	1343163778 (41.87% proc util.)
No of total instructions fetched:	1710059835 (53.31% proc util.)
 includes 45416536 misfetch (2.7%), 321479521 (18.8%) wrong-path fetches
 and 0 flushed after failed lock(0.0%)
No of useful instructions issued/executed:	1343163751 (41.87% proc util.)
No of total instructions issued/executed:	1482458527 (46.21% proc util.)
 includes 139294776 wrong-path (9.4%) insts and 0 flushed (0.0%)
	fp 29527, 0.00%
	synch 0, 0.00%
	integer 1136987626, 76.70%
	load/store 345441374, 23.30%
Avg size of int IQ (before scheduling): 29.69
Avg size of fp IQ (before scheduling): 0.00
No of cycles taken:		401000000
Parallelism [ 1.012, 0.000, 1.160, 1.177,] = 3.350
 IQ conflicts: 818064 (0.20%), FQ conflicts: 0 (0.00%) 
 I reg conflicts: 154324745 (38.48%), FP reg conflicts: 0 (0.00%)
  Activelist confs: 155 (0.00%), ROB confs: 253005 (0.06%)
  Int unit conflicts: 595227200 (148.44%), FP unit conflicts: 0 (0.00%)
  Load/store unit conflicts: 36054527 (8.99%)
  MSHR conflicts: 49642852 (12.38%)
----------------------------------------
==== System-wide Cache Statistics ====
Stall for miss queue full 100 cycles (0.00%)
----------------------------------------
==== Statistics for Master ID: 0 ====
Reads: 316087536   Writes: 55383048
ICACHE: size: 64 KB assoc: 2
ICACHE: hits:179557728 misses:1832295  Hit Ratio: 98.99%
DCACHE: size: 1*16 KB assoc: 1*4
DCACHE: hits:185348088 misses:4732472 writebacks:1590866  Hit Ratio: 97.51%
SCACHE: size: 512 KB assoc: 2
SCACHE: hits:5170042 misses:1394725  Hit Ratio: 78.75%
3CACHE: size: 4096 KB assoc: 2
3CACHE: hits:1133164 misses:261561  Hit Ratio: 81.25%
3CACHE: dirty items replaced:73580
ITLB: size: 48, misses 76586, miss rate 0.04%
DTLB: size: 128, misses 212435, miss rate 0.11%
Avg mem delay: 2.399 cycles
----------------------------------------
==== Statistics for Master ID: 2 ====
Reads: 152477802   Writes: 51
ICACHE: size: 64 KB assoc: 2
ICACHE: hits:135249916 misses:327  Hit Ratio: 100.00%
DCACHE: size: 2*16 KB assoc: 2*4
DCACHE: hits:11344211 misses:5883399 writebacks:29  Hit Ratio: 65.85%
SCACHE: size: 512 KB assoc: 2
SCACHE: hits:5759809 misses:123917  Hit Ratio: 97.89%
3CACHE: size: 4096 KB assoc: 2
3CACHE: hits:96078 misses:27839  Hit Ratio: 77.53%
3CACHE: dirty items replaced:9898
ITLB: size: 48, misses 4, miss rate 0.00%
DTLB: size: 128, misses 1460, miss rate 0.01%
Avg mem delay: 2.399 cycles
----------------------------------------
==== Statistics for Master ID: 3 ====
Reads: 266743164   Writes: 39496412
ICACHE: size: 64 KB assoc: 2
ICACHE: hits:168617273 misses:23811  Hit Ratio: 99.99%
DCACHE: size: 1*16 KB assoc: 1*4
DCACHE: hits:132344243 misses:5254376 writebacks:2416126  Hit Ratio: 96.18%
SCACHE: size: 512 KB assoc: 2
SCACHE: hits:2804655 misses:2473405  Hit Ratio: 53.14%
3CACHE: size: 4096 KB assoc: 2
3CACHE: hits:275909 misses:2197496  Hit Ratio: 11.16%
3CACHE: dirty items replaced:131642
ITLB: size: 48, misses 804, miss rate 0.00%
DTLB: size: 128, misses 131046, miss rate 0.10%
Avg mem delay: 2.399 cycles
----------------------------------------
==== Global Resource Utilization ====
STASH: size: 65536 entries, full 1905841339, empty 43355144, misses 4045721, full rate 97.57
icache bank util. 0.288 0.230 0.080 0.095 0.122 0.171 0.114 0.124 
dcache bank util. 0.109 0.116 0.127 0.122 0.153 0.103 0.154 0.124 
L2 bank util. 0.035 0.036 0.035 0.037 0.035 0.034 0.037 0.042 
L1-L2 bus util. = 0.163, L3 util. = 0.062
----------------------------------------

======================== 切片硬件状态 ========================
切片号 | 所属安全域 | 当前状态    | 路扩展 | LRU touched
------------------------------------------------------------------
  0    |   域2      | 正常运行   |  是   |  400999989
  1    |   域0      | 正常运行   |  否   |  400999997
  2    |   域2      | 正常运行   |  是   |  400999932
  3    |   域3      | 正常运行   |  否   |  400999999
==================================================================

branch prediction, hits = 94719541, misses = 13189941, hit rate = 87.78%
return_stack prediction, hits = 7928671, misses = 5106, hit rate = 99.94%
jump prediction, hits = 98896583, misses = 11233961, hit rate = 89.80%
 dger_ dlabad_ dlacon_ dlae2_ dlaev2_
**** Debug Statistics at 501000000 Cycles *****
Threads: 4		Fetch Width: 8
No of useful instructions fetched:	1775927725 (44.31% proc util.)
No of total instructions fetched:	2279365846 (56.87% proc util.)
 includes 59221504 misfetch (2.6%), 444216617 (19.5%) wrong-path fetches
 and 0 flushed after failed lock(0.0%)
No of useful instructions issued/executed:	1775927683 (44.31% proc util.)
No of total instructions issued/executed:	1968845255 (49.12% proc util.)
 includes 192917572 wrong-path (9.8%) insts and 0 flushed (0.0%)
	fp 42429, 0.00%
	synch 0, 0.00%
	integer 1509888729, 76.69%
	load/store 458914097, 23.31%
Avg size of int IQ (before scheduling): 30.63
Avg size of fp IQ (before scheduling): 0.00
No of cycles taken:		501000000
Parallelism [ 1.054, 0.000, 1.212, 1.278,] = 3.545
 IQ conflicts: 1018962 (0.20%), FQ conflicts: 0 (0.00%) 
 I reg conflicts: 171615939 (34.25%), FP reg conflicts: 0 (0.00%)
  Activelist confs: 272 (0.00%), ROB confs: 300449 (0.06%)
  Int unit conflicts: 818568011 (163.39%), FP unit conflicts: 6 (0.00%)
  Load/store unit conflicts: 48205179 (9.62%)
  MSHR conflicts: 56033773 (11.18%)
----------------------------------------
==== System-wide Cache Statistics ====
Stall for miss queue full 100 cycles (0.00%)
----------------------------------------
==== Statistics for Master ID: 0 ====
Reads: 416828623   Writes: 71951726
ICACHE: size: 64 KB assoc: 2
ICACHE: hits:237304161 misses:2522421  Hit Ratio: 98.95%
DCACHE: size: 1*16 KB assoc: 1*4
DCACHE: hits:243091222 misses:5862544 writebacks:1940706  Hit Ratio: 97.65%
SCACHE: size: 512 KB assoc: 2
SCACHE: hits:6670952 misses:1714013  Hit Ratio: 79.56%
3CACHE: size: 4096 KB assoc: 2
3CACHE: hits:1405269 misses:308744  Hit Ratio: 81.99%
3CACHE: dirty items replaced:91932
ITLB: size: 48, misses 113652, miss rate 0.05%
DTLB: size: 128, misses 276827, miss rate 0.11%
Avg mem delay: 2.116 cycles
----------------------------------------
==== Statistics for Master ID: 2 ====
Reads: 200898081   Writes: 51
ICACHE: size: 64 KB assoc: 2
ICACHE: hits:178405277 misses:498  Hit Ratio: 100.00%
DCACHE: size: 2*16 KB assoc: 2*4
DCACHE: hits:14851636 misses:7640721 writebacks:29  Hit Ratio: 66.03%
SCACHE: size: 512 KB assoc: 2
SCACHE: hits:7489989 misses:151230  Hit Ratio: 98.02%
3CACHE: size: 4096 KB assoc: 2
3CACHE: hits:118848 misses:32382  Hit Ratio: 78.59%
3CACHE: dirty items replaced:12858
ITLB: size: 48, misses 4, miss rate 0.00%
DTLB: size: 128, misses 1849, miss rate 0.01%
Avg mem delay: 2.116 cycles
----------------------------------------
==== Statistics for Master ID: 3 ====
Reads: 364106968   Writes: 52098685
ICACHE: size: 64 KB assoc: 2
ICACHE: hits:229397508 misses:33445  Hit Ratio: 99.99%
DCACHE: size: 1*16 KB assoc: 1*4
DCACHE: hits:180088407 misses:6686420 writebacks:2977340  Hit Ratio: 96.42%
SCACHE: size: 512 KB assoc: 2
SCACHE: hits:4103157 misses:2616581  Hit Ratio: 61.06%
3CACHE: size: 4096 KB assoc: 2
3CACHE: hits:389074 misses:2227507  Hit Ratio: 14.87%
3CACHE: dirty items replaced:142910
ITLB: size: 48, misses 1148, miss rate 0.00%
DTLB: size: 128, misses 145530, miss rate 0.08%
Avg mem delay: 2.116 cycles
----------------------------------------
==== Global Resource Utilization ====
STASH: size: 65536 entries, full 2513659653, empty 56074119, misses 5156741, full rate 97.62
icache bank util. 0.306 0.245 0.086 0.103 0.133 0.177 0.125 0.133 
dcache bank util. 0.116 0.124 0.135 0.128 0.161 0.109 0.163 0.129 
L2 bank util. 0.036 0.036 0.035 0.037 0.036 0.034 0.037 0.042 
L1-L2 bus util. = 0.166, L3 util. = 0.051
----------------------------------------

======================== 切片硬件状态 ========================
切片号 | 所属安全域 | 当前状态    | 路扩展 | LRU touched
------------------------------------------------------------------
  0    |   域2      | 正常运行   |  是   |  500999927
  1    |   域0      | 正常运行   |  否   |  500999998
  2    |   域2      | 正常运行   |  是   |  500999984
  3    |   域3      | 正常运行   |  否   |  500999995
==================================================================

branch prediction, hits = 122799632, misses = 17865860, hit rate = 87.30%
return_stack prediction, hits = 10611444, misses = 7087, hit rate = 99.93%
jump prediction, hits = 129467392, misses = 14719433, hit rate = 89.79%
 dlamch_ dlamc1_
**** Early Exiting at 552928183 Cycles *****
========================================
 SMTSIM Global Statistics
========================================
Threads: 4		Fetch Width: 8
No of useful instructions fetched:	2000000088 (45.21% proc util.)
No of total instructions fetched:	2579520549 (58.31% proc util.)
 includes 67812959 misfetch (2.6%), 511707502 (19.8%) wrong-path fetches
 and 0 flushed after failed lock(0.0%)
No of useful instructions issued/executed:	2000000035 (45.21% proc util.)
No of total instructions issued/executed:	2221659063 (50.22% proc util.)
 includes 221659028 wrong-path (10.0%) insts and 0 flushed (0.0%)
	fp 53413, 0.00%
	synch 0, 0.00%
	integer 1703162698, 76.66%
	load/store 518442952, 23.34%
Avg size of int IQ (before scheduling): 30.93
Avg size of fp IQ (before scheduling): 0.00
No of cycles taken:		552928183
Parallelism [ 1.069, 0.000, 1.231, 1.317,] = 3.617
 IQ conflicts: 1100555 (0.20%), FQ conflicts: 0 (0.00%) 
 I reg conflicts: 179946274 (32.54%), FP reg conflicts: 0 (0.00%)
  Activelist confs: 294 (0.00%), ROB confs: 320257 (0.06%)
  Int unit conflicts: 932576874 (168.66%), FP unit conflicts: 6 (0.00%)
  Load/store unit conflicts: 54691815 (9.89%)
  MSHR conflicts: 58721096 (10.62%)
----------------------------------------
==== System-wide Cache Statistics ====
Stall for miss queue full 100 cycles (0.00%)
----------------------------------------
==== Statistics for Master ID: 0 ====
Reads: 470815686   Writes: 80497307
ICACHE: size: 64 KB assoc: 2
ICACHE: hits:268433606 misses:2878822  Hit Ratio: 98.94%
DCACHE: size: 1*16 KB assoc: 1*4
DCACHE: hits:273568282 misses:6432282 writebacks:2102432  Hit Ratio: 97.70%
SCACHE: size: 512 KB assoc: 2
SCACHE: hits:7453959 misses:1857145  Hit Ratio: 80.05%
3CACHE: size: 4096 KB assoc: 2
3CACHE: hits:1528067 misses:329078  Hit Ratio: 82.28%
3CACHE: dirty items replaced:101484
ITLB: size: 48, misses 127949, miss rate 0.05%
DTLB: size: 128, misses 310582, miss rate 0.11%
Avg mem delay: 2.017 cycles
----------------------------------------
==== Statistics for Master ID: 2 ====
Reads: 225873132   Writes: 51
ICACHE: size: 64 KB assoc: 2
ICACHE: hits:200665952 misses:575  Hit Ratio: 100.00%
DCACHE: size: 2*16 KB assoc: 2*4
DCACHE: hits:16660212 misses:8546444 writebacks:29  Hit Ratio: 66.09%
SCACHE: size: 512 KB assoc: 2
SCACHE: hits:8382884 misses:164135  Hit Ratio: 98.08%
3CACHE: size: 4096 KB assoc: 2
3CACHE: hits:128881 misses:35254  Hit Ratio: 78.52%
3CACHE: dirty items replaced:14617
ITLB: size: 48, misses 4, miss rate 0.00%
DTLB: size: 128, misses 2049, miss rate 0.01%
Avg mem delay: 2.017 cycles
----------------------------------------
==== Statistics for Master ID: 3 ====
Reads: 415044059   Writes: 58746188
ICACHE: size: 64 KB assoc: 2
ICACHE: hits:261351351 misses:38692  Hit Ratio: 99.99%
DCACHE: size: 1*16 KB assoc: 1*4
DCACHE: hits:205045726 misses:7354605 writebacks:3243024  Hit Ratio: 96.54%
SCACHE: size: 512 KB assoc: 2
SCACHE: hits:4710682 misses:2682488  Hit Ratio: 63.72%
3CACHE: size: 4096 KB assoc: 2
3CACHE: hits:439295 misses:2243193  Hit Ratio: 16.38%
3CACHE: dirty items replaced:154242
ITLB: size: 48, misses 1295, miss rate 0.00%
DTLB: size: 128, misses 154372, miss rate 0.07%
Avg mem delay: 2.017 cycles
----------------------------------------
==== Global Resource Utilization ====
STASH: size: 65536 entries, full 2833627946, empty 63249365, misses 5787970, full rate 97.62
icache bank util. 0.313 0.251 0.088 0.107 0.137 0.180 0.129 0.136 
dcache bank util. 0.118 0.126 0.137 0.130 0.166 0.111 0.166 0.131 
L2 bank util. 0.036 0.036 0.035 0.037 0.035 0.034 0.037 0.042 
L1-L2 bus util. = 0.166, L3 util. = 0.047
----------------------------------------

======================== 切片硬件状态 ========================
切片号 | 所属安全域 | 当前状态    | 路扩展 | LRU touched
------------------------------------------------------------------
  0    |   域2      | 正常运行   |  是   |  552928175
  1    |   域0      | 正常运行   |  否   |  552928182
  2    |   域2      | 正常运行   |  是   |  552928155
  3    |   域3      | 正常运行   |  否   |  552928179
==================================================================

branch prediction, hits = 137185838, misses = 20520587, hit rate = 86.99%
return_stack prediction, hits = 12064345, misses = 7938, hit rate = 99.93%
jump prediction, hits = 145181262, misses = 16794339, hit rate = 89.63%
total IPC 3.617

=== Results saved to: ./results/gcc-scilab_2_cacherand_1_gzip-program_1.txt ===
