测试组合（多线程优先）：gcc-200.arg2 + crafty.arg + seqacc.arg
执行命令：./smtsim gcc-200.arg2 crafty.arg seqacc.arg
==================================================

动态重分配参数：每50万周期检查，阈值5
Process 0, Thread 0: gcc-200
Process 0, Thread 1: gcc-200
Process 2, Thread 2: crafty
Process 3, Thread 3: seqacc
[切片调度] 新安全域0无任何切片，尝试分配空闲切片
[切片管理] 成功绑定切片0 → 安全域0

======================== 切片硬件状态 ========================
切片号 | 所属安全域 | 当前状态    | 路扩展 | LRU touched
------------------------------------------------------------------
  0    |   域0      | 正常运行   |  否   |  0
  1    |   域-1     | 切片空闲   |  否   |  0
  2    |   域-1     | 切片空闲   |  否   |  0
  3    |   域-1     | 切片空闲   |  否   |  0
==================================================================

[切片管理] 成功绑定切片1 → 安全域0，触发【路扩展模式】

======================== 切片硬件状态 ========================
切片号 | 所属安全域 | 当前状态    | 路扩展 | LRU touched
------------------------------------------------------------------
  0    |   域0      | 正常运行   |  是   |  0
  1    |   域0      | 正常运行   |  是   |  0
  2    |   域-1     | 切片空闲   |  否   |  0
  3    |   域-1     | 切片空闲   |  否   |  0
==================================================================

[切片调度] 新安全域2无任何切片，尝试分配空闲切片
[切片管理] 成功绑定切片2 → 安全域2

======================== 切片硬件状态 ========================
切片号 | 所属安全域 | 当前状态    | 路扩展 | LRU touched
------------------------------------------------------------------
  0    |   域0      | 正常运行   |  是   |  320
  1    |   域0      | 正常运行   |  是   |  0
  2    |   域2      | 正常运行   |  否   |  0
  3    |   域-1     | 切片空闲   |  否   |  0
==================================================================

[切片管理] 成功绑定切片3 → 安全域2，触发【路扩展模式】

======================== 切片硬件状态 ========================
切片号 | 所属安全域 | 当前状态    | 路扩展 | LRU touched
------------------------------------------------------------------
  0    |   域0      | 正常运行   |  是   |  320
  1    |   域0      | 正常运行   |  是   |  0
  2    |   域2      | 正常运行   |  是   |  0
  3    |   域2      | 正常运行   |  是   |  0
==================================================================

[切片调度] 新安全域3无任何切片，尝试分配空闲切片
[切片调度] 新安全域3未找到空闲切片，尝试剥夺切片
[切片替换] 优先从【路扩展切片】中选择LRU替换目标...
[切片替换] 找到路扩展切片作为受害者：切片1（最后访问：0）
[切片调度] 安全域3触发切片剥夺：从域0剥夺切片1
[切片剥夺] 周期535：切片1（所属域0）进入待剥夺状态，禁止新替换
[切片剥夺] 周期535：切片1在途请求已清空，开始执行脏行写回
[切片剥夺] 周期535：切片1无脏行，直接完成剥夺
[切片管理] 周期535：原域0仅剩1个切片，关闭路扩展模式
[动态重分配] 周期535：切片1写回完成，自动绑定到域3
[切片管理] 成功绑定切片1 → 安全域3

======================== 切片硬件状态 ========================
切片号 | 所属安全域 | 当前状态    | 路扩展 | LRU touched
------------------------------------------------------------------
  0    |   域0      | 正常运行   |  否   |  320
  1    |   域3      | 正常运行   |  否   |  535
  2    |   域2      | 正常运行   |  是   |  435
  3    |   域2      | 正常运行   |  是   |  0
==================================================================

[切片唤醒] 周期535：域3切片就绪，唤醒等待指令

**** Debug Statistics at 1000000 Cycles *****
Threads: 4		Fetch Width: 8
No of useful instructions fetched:	3663428 (45.79% proc util.)
No of total instructions fetched:	4288732 (53.61% proc util.)
 includes 33094 misfetch (0.8%), 592210 (13.8%) wrong-path fetches
 and 0 flushed after failed lock(0.0%)
No of useful instructions issued/executed:	3663383 (45.79% proc util.)
No of total instructions issued/executed:	3883646 (48.55% proc util.)
 includes 220263 wrong-path (5.7%) insts and 0 flushed (0.0%)
	fp 103, 0.00%
	synch 0, 0.00%
	integer 3207301, 82.58%
	load/store 676242, 17.41%
Avg size of int IQ (before scheduling): 27.37
Avg size of fp IQ (before scheduling): 0.00
No of cycles taken:		1000000
Parallelism [ 0.943, 0.000, 1.388, 1.333,] = 3.663
 IQ conflicts: 1351 (0.14%), FQ conflicts: 0 (0.00%) 
 I reg conflicts: 337498 (33.75%), FP reg conflicts: 0 (0.00%)
  Activelist confs: 0 (0.00%), ROB confs: 1293 (0.13%)
  Int unit conflicts: 1977145 (197.71%), FP unit conflicts: 3 (0.00%)
  Load/store unit conflicts: 67575 (6.76%)
  MSHR conflicts: 163413 (16.34%)
----------------------------------------
==== System-wide Cache Statistics ====
Stall for miss queue full 0 cycles (0.00%)
----------------------------------------
==== Statistics for Master ID: 0 ====
Reads: 567521   Writes: 148799
ICACHE: size: 64 KB assoc: 2
ICACHE: hits:349504 misses:2246  Hit Ratio: 99.36%
DCACHE: size: 1*16 KB assoc: 1*4
DCACHE: hits:360830 misses:3740 writebacks:2615  Hit Ratio: 98.97%
SCACHE: size: 512 KB assoc: 2
SCACHE: hits:1121 misses:4865  Hit Ratio: 18.73%
3CACHE: size: 4096 KB assoc: 2
3CACHE: hits:110 misses:4755  Hit Ratio: 2.26%
3CACHE: dirty items replaced:0
ITLB: size: 48, misses 130, miss rate 0.04%
DTLB: size: 128, misses 181, miss rate 0.05%
Avg mem delay: 1.377 cycles
----------------------------------------
==== Statistics for Master ID: 2 ====
Reads: 676495   Writes: 72835
ICACHE: size: 64 KB assoc: 2
ICACHE: hits:506847 misses:152  Hit Ratio: 99.97%
DCACHE: size: 2*16 KB assoc: 2*4
DCACHE: hits:241008 misses:1323 writebacks:781  Hit Ratio: 99.45%
SCACHE: size: 512 KB assoc: 2
SCACHE: hits:7 misses:1468  Hit Ratio: 0.47%
3CACHE: size: 4096 KB assoc: 2
3CACHE: hits:0 misses:1468  Hit Ratio: 0.00%
3CACHE: dirty items replaced:0
ITLB: size: 48, misses 16, miss rate 0.00%
DTLB: size: 128, misses 45, miss rate 0.02%
Avg mem delay: 1.377 cycles
----------------------------------------
==== Statistics for Master ID: 3 ====
Reads: 480306   Writes: 5128
ICACHE: size: 64 KB assoc: 2
ICACHE: hits:416326 misses:13  Hit Ratio: 100.00%
DCACHE: size: 1*16 KB assoc: 1*4
DCACHE: hits:62544 misses:6550 writebacks:323  Hit Ratio: 90.52%
SCACHE: size: 512 KB assoc: 2
SCACHE: hits:6185 misses:378  Hit Ratio: 94.24%
3CACHE: size: 4096 KB assoc: 2
3CACHE: hits:40 misses:338  Hit Ratio: 10.58%
3CACHE: dirty items replaced:0
ITLB: size: 48, misses 1, miss rate 0.00%
DTLB: size: 128, misses 10, miss rate 0.01%
Avg mem delay: 1.377 cycles
----------------------------------------
==== Global Resource Utilization ====
STASH: size: 65536 entries, full 4544370, empty 48312, misses 4570, full rate 98.85
icache bank util. 0.304 0.159 0.066 0.054 0.082 0.134 0.227 0.257 
dcache bank util. 0.067 0.078 0.044 0.052 0.064 0.068 0.242 0.108 
L2 bank util. 0.014 0.014 0.013 0.013 0.013 0.013 0.013 0.014 
L1-L2 bus util. = 0.053, L3 util. = 0.066
----------------------------------------

======================== 切片硬件状态 ========================
切片号 | 所属安全域 | 当前状态    | 路扩展 | LRU touched
------------------------------------------------------------------
  0    |   域0      | 正常运行   |  否   |  999723
  1    |   域3      | 正常运行   |  否   |  999991
  2    |   域2      | 正常运行   |  是   |  999992
  3    |   域2      | 正常运行   |  是   |  999997
==================================================================

branch prediction, hits = 368052, misses = 27854, hit rate = 92.96%
return_stack prediction, hits = 17462, misses = 23, hit rate = 99.87%
jump prediction, hits = 433577, misses = 8214, hit rate = 98.14%
 abend_ adia_ adib_ ambm6_ analie6_ betalf_
======================== 切片硬件状态 ========================
切片号 | 所属安全域 | 当前状态    | 路扩展 | LRU touched
------------------------------------------------------------------
  0    |   域0      | 正常运行   |  否   |  9499985
  1    |   域3      | 正常运行   |  否   |  9499999
  2    |   域2      | 正常运行   |  是   |  9499919
  3    |   域2      | 正常运行   |  是   |  9499923
==================================================================

[动态重分配] 周期9500000：预约迁移 冗余域2(1%) -> 切片2 -> 饥饿域3(9%)
[切片剥夺] 周期9500000：切片2（所属域2）进入待剥夺状态，禁止新替换
[切片剥夺] 周期9500000：切片2在途请求已清空，开始执行脏行写回
[切片管理] 周期9500119：原域2仅剩1个切片，关闭路扩展模式
[动态重分配] 周期9500119：切片2写回完成，自动绑定到域3
[切片管理] 成功绑定切片2 → 安全域3，触发【路扩展模式】

======================== 切片硬件状态 ========================
切片号 | 所属安全域 | 当前状态    | 路扩展 | LRU touched
------------------------------------------------------------------
  0    |   域0      | 正常运行   |  否   |  9500093
  1    |   域3      | 正常运行   |  是   |  9500116
  2    |   域3      | 正常运行   |  是   |  9500119
  3    |   域2      | 正常运行   |  否   |  9500110
==================================================================


======================== 切片硬件状态 ========================
切片号 | 所属安全域 | 当前状态    | 路扩展 | LRU touched
------------------------------------------------------------------
  0    |   域0      | 正常运行   |  否   |  38999999
  1    |   域3      | 正常运行   |  是   |  38999982
  2    |   域3      | 正常运行   |  是   |  38999974
  3    |   域2      | 正常运行   |  否   |  39000000
==================================================================

[动态重分配] 周期39000000：预约迁移 冗余域3(0%) -> 切片1 -> 饥饿域0(6%)
[切片剥夺] 周期39000000：切片1（所属域3）进入待剥夺状态，禁止新替换
[切片剥夺] 周期39000000：切片1在途请求已清空，开始执行脏行写回
[切片剥夺] 周期39000000：切片1无脏行，直接完成剥夺
[切片管理] 周期39000001：原域3仅剩1个切片，关闭路扩展模式
[动态重分配] 周期39000001：切片1写回完成，自动绑定到域0
[切片管理] 成功绑定切片1 → 安全域0，触发【路扩展模式】

======================== 切片硬件状态 ========================
切片号 | 所属安全域 | 当前状态    | 路扩展 | LRU touched
------------------------------------------------------------------
  0    |   域0      | 正常运行   |  是   |  38999999
  1    |   域0      | 正常运行   |  是   |  39000001
  2    |   域3      | 正常运行   |  否   |  38999974
  3    |   域2      | 正常运行   |  否   |  39000001
==================================================================


**** Debug Statistics at 101000000 Cycles *****
Threads: 4		Fetch Width: 8
No of useful instructions fetched:	376036509 (46.54% proc util.)
No of total instructions fetched:	496113319 (61.40% proc util.)
 includes 26376151 misfetch (5.3%), 93700659 (18.9%) wrong-path fetches
 and 0 flushed after failed lock(0.0%)
No of useful instructions issued/executed:	376036487 (46.54% proc util.)
No of total instructions issued/executed:	420847580 (52.09% proc util.)
 includes 44811093 wrong-path (10.6%) insts and 0 flushed (0.0%)
	fp 13510, 0.00%
	synch 0, 0.00%
	integer 322379853, 76.60%
	load/store 98454217, 23.39%
Avg size of int IQ (before scheduling): 29.01
Avg size of fp IQ (before scheduling): 0.00
No of cycles taken:		101000000
Parallelism [ 0.870, 0.000, 1.253, 1.600,] = 3.723
 IQ conflicts: 628141 (0.62%), FQ conflicts: 0 (0.00%) 
 I reg conflicts: 23192065 (22.96%), FP reg conflicts: 0 (0.00%)
  Activelist confs: 162 (0.00%), ROB confs: 118661 (0.12%)
  Int unit conflicts: 161896557 (160.29%), FP unit conflicts: 7 (0.00%)
  Load/store unit conflicts: 12738717 (12.61%)
  MSHR conflicts: 2711682 (2.68%)
----------------------------------------
==== System-wide Cache Statistics ====
Stall for miss queue full 0 cycles (0.00%)
----------------------------------------
==== Statistics for Master ID: 0 ====
Reads: 71518063   Writes: 11939812
ICACHE: size: 64 KB assoc: 2
ICACHE: hits:40237739 misses:1452963  Hit Ratio: 96.51%
DCACHE: size: 2*16 KB assoc: 2*4
DCACHE: hits:40958028 misses:809145 writebacks:199786  Hit Ratio: 98.06%
SCACHE: size: 512 KB assoc: 2
SCACHE: hits:1886227 misses:375880  Hit Ratio: 83.38%
3CACHE: size: 4096 KB assoc: 2
3CACHE: hits:302806 misses:73074  Hit Ratio: 80.56%
3CACHE: dirty items replaced:4024
ITLB: size: 48, misses 103384, miss rate 0.25%
DTLB: size: 128, misses 137554, miss rate 0.33%
Avg mem delay: 1.627 cycles
----------------------------------------
==== Statistics for Master ID: 2 ====
Reads: 87435065   Writes: 10354874
ICACHE: size: 64 KB assoc: 2
ICACHE: hits:48374960 misses:1225852  Hit Ratio: 97.53%
DCACHE: size: 1*16 KB assoc: 1*4
DCACHE: hits:46388031 misses:1801130 writebacks:236234  Hit Ratio: 96.26%
SCACHE: size: 512 KB assoc: 2
SCACHE: hits:2664858 misses:362090  Hit Ratio: 88.04%
3CACHE: size: 4096 KB assoc: 2
3CACHE: hits:299744 misses:62346  Hit Ratio: 82.78%
3CACHE: dirty items replaced:2031
ITLB: size: 48, misses 20154, miss rate 0.04%
DTLB: size: 128, misses 230589, miss rate 0.48%
Avg mem delay: 1.627 cycles
----------------------------------------
==== Statistics for Master ID: 3 ====
Reads: 59871112   Writes: 5128
ICACHE: size: 64 KB assoc: 2
ICACHE: hits:51494268 misses:556  Hit Ratio: 100.00%
DCACHE: size: 1*16 KB assoc: 1*4
DCACHE: hits:7829916 misses:551499 writebacks:323  Hit Ratio: 93.42%
SCACHE: size: 512 KB assoc: 2
SCACHE: hits:479108 misses:72947  Hit Ratio: 86.79%
3CACHE: size: 4096 KB assoc: 2
3CACHE: hits:72076 misses:871  Hit Ratio: 98.81%
3CACHE: dirty items replaced:74
ITLB: size: 48, misses 1, miss rate 0.00%
DTLB: size: 128, misses 2049, miss rate 0.02%
Avg mem delay: 1.627 cycles
----------------------------------------
==== Global Resource Utilization ====
STASH: size: 65536 entries, full 513241892, empty 28897852, misses 2562390, full rate 94.22
icache bank util. 0.307 0.197 0.121 0.125 0.133 0.114 0.192 0.306 
dcache bank util. 0.113 0.135 0.128 0.094 0.155 0.147 0.173 0.134 
L2 bank util. 0.038 0.051 0.043 0.035 0.042 0.042 0.037 0.046 
L1-L2 bus util. = 0.186, L3 util. = 0.013
----------------------------------------

======================== 切片硬件状态 ========================
切片号 | 所属安全域 | 当前状态    | 路扩展 | LRU touched
------------------------------------------------------------------
  0    |   域0      | 正常运行   |  是   |  100999997
  1    |   域0      | 正常运行   |  是   |  100999991
  2    |   域3      | 正常运行   |  否   |  100999986
  3    |   域2      | 正常运行   |  否   |  100999996
==================================================================

branch prediction, hits = 28514291, misses = 3832552, hit rate = 88.15%
return_stack prediction, hits = 3369259, misses = 3048, hit rate = 99.91%
jump prediction, hits = 30506338, misses = 6523418, hit rate = 82.38%
 block_
**** Debug Statistics at 201000000 Cycles *****
Threads: 4		Fetch Width: 8
No of useful instructions fetched:	742245832 (46.16% proc util.)
No of total instructions fetched:	982633959 (61.11% proc util.)
 includes 52733435 misfetch (5.4%), 187654692 (19.1%) wrong-path fetches
 and 0 flushed after failed lock(0.0%)
No of useful instructions issued/executed:	742245768 (46.16% proc util.)
No of total instructions issued/executed:	832273429 (51.76% proc util.)
 includes 90027661 wrong-path (10.8%) insts and 0 flushed (0.0%)
	fp 40382, 0.00%
	synch 0, 0.00%
	integer 633628437, 76.13%
	load/store 198604610, 23.86%
Avg size of int IQ (before scheduling): 28.78
Avg size of fp IQ (before scheduling): 0.01
No of cycles taken:		201000000
Parallelism [ 0.915, 0.000, 1.210, 1.568,] = 3.693
 IQ conflicts: 1424121 (0.71%), FQ conflicts: 0 (0.00%) 
 I reg conflicts: 47076654 (23.42%), FP reg conflicts: 0 (0.00%)
  Activelist confs: 744 (0.00%), ROB confs: 213871 (0.11%)
  Int unit conflicts: 324205395 (161.30%), FP unit conflicts: 10 (0.00%)
  Load/store unit conflicts: 26811677 (13.34%)
  MSHR conflicts: 8535070 (4.25%)
----------------------------------------
==== System-wide Cache Statistics ====
Stall for miss queue full 0 cycles (0.00%)
----------------------------------------
==== Statistics for Master ID: 0 ====
Reads: 148128733   Writes: 24947076
ICACHE: size: 64 KB assoc: 2
ICACHE: hits:83327094 misses:2732005  Hit Ratio: 96.83%
DCACHE: size: 2*16 KB assoc: 2*4
DCACHE: hits:85483527 misses:1533183 writebacks:402700  Hit Ratio: 98.24%
SCACHE: size: 512 KB assoc: 2
SCACHE: hits:3552771 misses:712417  Hit Ratio: 83.30%
3CACHE: size: 4096 KB assoc: 2
3CACHE: hits:596547 misses:115870  Hit Ratio: 83.74%
3CACHE: dirty items replaced:13216
ITLB: size: 48, misses 181375, miss rate 0.21%
DTLB: size: 128, misses 329233, miss rate 0.38%
Avg mem delay: 1.740 cycles
----------------------------------------
==== Statistics for Master ID: 2 ====
Reads: 171229570   Writes: 20295499
ICACHE: size: 64 KB assoc: 2
ICACHE: hits:93976259 misses:2550637  Hit Ratio: 97.36%
DCACHE: size: 1*16 KB assoc: 1*4
DCACHE: hits:91353131 misses:3645076 writebacks:432893  Hit Ratio: 96.16%
SCACHE: size: 512 KB assoc: 2
SCACHE: hits:5470817 misses:724862  Hit Ratio: 88.30%
3CACHE: size: 4096 KB assoc: 2
3CACHE: hits:631043 misses:93819  Hit Ratio: 87.06%
3CACHE: dirty items replaced:6776
ITLB: size: 48, misses 38720, miss rate 0.04%
DTLB: size: 128, misses 492739, miss rate 0.52%
Avg mem delay: 1.740 cycles
----------------------------------------
==== Statistics for Master ID: 3 ====
Reads: 117035667   Writes: 5130
ICACHE: size: 64 KB assoc: 2
ICACHE: hits:100685635 misses:1323  Hit Ratio: 100.00%
DCACHE: size: 1*16 KB assoc: 1*4
DCACHE: hits:15041411 misses:1312427 writebacks:323  Hit Ratio: 91.97%
SCACHE: size: 512 KB assoc: 2
SCACHE: hits:1129222 misses:184528  Hit Ratio: 85.95%
3CACHE: size: 4096 KB assoc: 2
3CACHE: hits:183191 misses:1337  Hit Ratio: 99.28%
3CACHE: dirty items replaced:321
ITLB: size: 48, misses 1, miss rate 0.00%
DTLB: size: 128, misses 4768, miss rate 0.03%
Avg mem delay: 1.740 cycles
----------------------------------------
==== Global Resource Utilization ====
STASH: size: 65536 entries, full 1018517153, empty 55192752, misses 4910892, full rate 94.43
icache bank util. 0.302 0.196 0.122 0.128 0.134 0.114 0.189 0.303 
dcache bank util. 0.114 0.132 0.131 0.098 0.154 0.158 0.173 0.136 
L2 bank util. 0.037 0.051 0.044 0.037 0.042 0.043 0.038 0.046 
L1-L2 bus util. = 0.188, L3 util. = 0.010
----------------------------------------

======================== 切片硬件状态 ========================
切片号 | 所属安全域 | 当前状态    | 路扩展 | LRU touched
------------------------------------------------------------------
  0    |   域0      | 正常运行   |  是   |  200999970
  1    |   域0      | 正常运行   |  是   |  200999986
  2    |   域3      | 正常运行   |  否   |  200999980
  3    |   域2      | 正常运行   |  否   |  200999999
==================================================================

branch prediction, hits = 56678672, misses = 7721952, hit rate = 88.01%
return_stack prediction, hits = 6610347, misses = 5184, hit rate = 99.92%
jump prediction, hits = 59965749, misses = 13085781, hit rate = 82.09%
 blockdis_
======================== 切片硬件状态 ========================
切片号 | 所属安全域 | 当前状态    | 路扩展 | LRU touched
------------------------------------------------------------------
  0    |   域0      | 正常运行   |  是   |  230499995
  1    |   域0      | 正常运行   |  是   |  230499988
  2    |   域3      | 正常运行   |  否   |  230499988
  3    |   域2      | 正常运行   |  否   |  230499979
==================================================================

[动态重分配] 周期230500000：预约迁移 冗余域0(0%) -> 切片0 -> 饥饿域2(6%)
[切片剥夺] 周期230500000：切片0（所属域0）进入待剥夺状态，禁止新替换
[切片剥夺] 周期230500096：切片0在途请求已清空，开始执行脏行写回
[切片管理] 周期230500278：原域0仅剩1个切片，关闭路扩展模式
[动态重分配] 周期230500278：切片0写回完成，自动绑定到域2
[切片管理] 成功绑定切片0 → 安全域2，触发【路扩展模式】

======================== 切片硬件状态 ========================
切片号 | 所属安全域 | 当前状态    | 路扩展 | LRU touched
------------------------------------------------------------------
  0    |   域2      | 正常运行   |  是   |  230500278
  1    |   域0      | 正常运行   |  否   |  230500177
  2    |   域3      | 正常运行   |  否   |  230500273
  3    |   域2      | 正常运行   |  是   |  230500135
==================================================================


======================== 切片硬件状态 ========================
切片号 | 所属安全域 | 当前状态    | 路扩展 | LRU touched
------------------------------------------------------------------
  0    |   域2      | 正常运行   |  是   |  240999997
  1    |   域0      | 正常运行   |  否   |  240999994
  2    |   域3      | 正常运行   |  否   |  240999990
  3    |   域2      | 正常运行   |  是   |  240999984
==================================================================

[动态重分配] 周期241000000：预约迁移 冗余域2(1%) -> 切片3 -> 饥饿域0(8%)
[切片剥夺] 周期241000000：切片3（所属域2）进入待剥夺状态，禁止新替换
[切片剥夺] 周期241000000：切片3在途请求已清空，开始执行脏行写回
[切片管理] 周期241000125：原域2仅剩1个切片，关闭路扩展模式
[动态重分配] 周期241000125：切片3写回完成，自动绑定到域0
[切片管理] 成功绑定切片3 → 安全域0，触发【路扩展模式】

======================== 切片硬件状态 ========================
切片号 | 所属安全域 | 当前状态    | 路扩展 | LRU touched
------------------------------------------------------------------
  0    |   域2      | 正常运行   |  否   |  241000047
  1    |   域0      | 正常运行   |  是   |  241000037
  2    |   域3      | 正常运行   |  否   |  241000054
  3    |   域0      | 正常运行   |  是   |  241000125
==================================================================


**** Debug Statistics at 301000000 Cycles *****
Threads: 4		Fetch Width: 8
No of useful instructions fetched:	1118465850 (46.45% proc util.)
No of total instructions fetched:	1471171749 (61.10% proc util.)
 includes 76960262 misfetch (5.2%), 275745637 (18.7%) wrong-path fetches
 and 0 flushed after failed lock(0.0%)
No of useful instructions issued/executed:	1118465789 (46.45% proc util.)
No of total instructions issued/executed:	1251075738 (51.95% proc util.)
 includes 132609949 wrong-path (10.6%) insts and 0 flushed (0.0%)
	fp 61673, 0.00%
	synch 0, 0.00%
	integer 949334789, 75.88%
	load/store 301679276, 24.11%
Avg size of int IQ (before scheduling): 28.89
Avg size of fp IQ (before scheduling): 0.01
No of cycles taken:		301000000
Parallelism [ 0.957, 0.000, 1.206, 1.552,] = 3.716
 IQ conflicts: 2194603 (0.73%), FQ conflicts: 0 (0.00%) 
 I reg conflicts: 70722396 (23.50%), FP reg conflicts: 0 (0.00%)
  Activelist confs: 1840 (0.00%), ROB confs: 380299 (0.13%)
  Int unit conflicts: 503147830 (167.16%), FP unit conflicts: 13 (0.00%)
  Load/store unit conflicts: 41828650 (13.90%)
  MSHR conflicts: 13231901 (4.40%)
----------------------------------------
==== System-wide Cache Statistics ====
Stall for miss queue full 0 cycles (0.00%)
----------------------------------------
==== Statistics for Master ID: 0 ====
Reads: 227358892   Writes: 38683424
ICACHE: size: 64 KB assoc: 2
ICACHE: hits:128226364 misses:3791714  Hit Ratio: 97.13%
DCACHE: size: 2*16 KB assoc: 2*4
DCACHE: hits:131654356 misses:2369938 writebacks:610969  Hit Ratio: 98.23%
SCACHE: size: 512 KB assoc: 2
SCACHE: hits:5159071 misses:1002525  Hit Ratio: 83.73%
3CACHE: size: 4096 KB assoc: 2
3CACHE: hits:847859 misses:154666  Hit Ratio: 84.57%
3CACHE: dirty items replaced:27687
ITLB: size: 48, misses 246768, miss rate 0.19%
DTLB: size: 128, misses 526877, miss rate 0.39%
Avg mem delay: 1.765 cycles
----------------------------------------
==== Statistics for Master ID: 2 ====
Reads: 256942741   Writes: 30530849
ICACHE: size: 64 KB assoc: 2
ICACHE: hits:140671934 misses:3715897  Hit Ratio: 97.43%
DCACHE: size: 1*16 KB assoc: 1*4
DCACHE: hits:137675585 misses:5410246 writebacks:623272  Hit Ratio: 96.22%
SCACHE: size: 512 KB assoc: 2
SCACHE: hits:8073622 misses:1052449  Hit Ratio: 88.47%
3CACHE: size: 4096 KB assoc: 2
3CACHE: hits:926819 misses:125630  Hit Ratio: 88.06%
3CACHE: dirty items replaced:16609
ITLB: size: 48, misses 53256, miss rate 0.04%
DTLB: size: 128, misses 765484, miss rate 0.53%
Avg mem delay: 1.765 cycles
----------------------------------------
==== Statistics for Master ID: 3 ====
Reads: 173368009   Writes: 5130
ICACHE: size: 64 KB assoc: 2
ICACHE: hits:149136780 misses:2086  Hit Ratio: 100.00%
DCACHE: size: 1*16 KB assoc: 1*4
DCACHE: hits:22169629 misses:2064643 writebacks:323  Hit Ratio: 91.48%
SCACHE: size: 512 KB assoc: 2
SCACHE: hits:1793410 misses:273319  Hit Ratio: 86.78%
3CACHE: size: 4096 KB assoc: 2
3CACHE: hits:271810 misses:1509  Hit Ratio: 99.45%
3CACHE: dirty items replaced:414
ITLB: size: 48, misses 1, miss rate 0.00%
DTLB: size: 128, misses 7564, miss rate 0.03%
Avg mem delay: 1.765 cycles
----------------------------------------
==== Global Resource Utilization ====
STASH: size: 65536 entries, full 1525572810, empty 82186225, misses 7334585, full rate 94.46
icache bank util. 0.299 0.194 0.123 0.131 0.136 0.115 0.189 0.301 
dcache bank util. 0.116 0.133 0.135 0.101 0.157 0.159 0.174 0.137 
L2 bank util. 0.036 0.050 0.043 0.036 0.041 0.043 0.037 0.045 
L1-L2 bus util. = 0.185, L3 util. = 0.009
----------------------------------------

======================== 切片硬件状态 ========================
切片号 | 所属安全域 | 当前状态    | 路扩展 | LRU touched
------------------------------------------------------------------
  0    |   域2      | 正常运行   |  否   |  300999997
  1    |   域0      | 正常运行   |  是   |  300999999
  2    |   域3      | 正常运行   |  否   |  300999988
  3    |   域0      | 正常运行   |  是   |  300999999
==================================================================

branch prediction, hits = 86812780, misses = 11308134, hit rate = 88.48%
return_stack prediction, hits = 10107439, misses = 7237, hit rate = 99.93%
jump prediction, hits = 91946446, misses = 19113821, hit rate = 82.79%
 caconv_ calrms_ chroma_ cinvar_ clor6_
**** Debug Statistics at 401000000 Cycles *****
Threads: 4		Fetch Width: 8
No of useful instructions fetched:	1482572063 (46.21% proc util.)
No of total instructions fetched:	1959534511 (61.08% proc util.)
 includes 104343804 misfetch (5.3%), 372618644 (19.0%) wrong-path fetches
 and 0 flushed after failed lock(0.0%)
No of useful instructions issued/executed:	1482572011 (46.21% proc util.)
No of total instructions issued/executed:	1661846435 (51.80% proc util.)
 includes 179274424 wrong-path (10.8%) insts and 0 flushed (0.0%)
	fp 71434, 0.00%
	synch 0, 0.00%
	integer 1261770910, 75.93%
	load/store 400004091, 24.07%
Avg size of int IQ (before scheduling): 28.76
Avg size of fp IQ (before scheduling): 0.01
No of cycles taken:		401000000
Parallelism [ 0.944, 0.000, 1.194, 1.559,] = 3.697
 IQ conflicts: 2816737 (0.70%), FQ conflicts: 0 (0.00%) 
 I reg conflicts: 94101619 (23.47%), FP reg conflicts: 0 (0.00%)
  Activelist confs: 2006 (0.00%), ROB confs: 468901 (0.12%)
  Int unit conflicts: 657039365 (163.85%), FP unit conflicts: 13 (0.00%)
  Load/store unit conflicts: 54805361 (13.67%)
  MSHR conflicts: 15678656 (3.91%)
----------------------------------------
==== System-wide Cache Statistics ====
Stall for miss queue full 0 cycles (0.00%)
----------------------------------------
==== Statistics for Master ID: 0 ====
Reads: 300912144   Writes: 50817682
ICACHE: size: 64 KB assoc: 2
ICACHE: hits:169725472 misses:5223620  Hit Ratio: 97.01%
DCACHE: size: 2*16 KB assoc: 2*4
DCACHE: hits:173814399 misses:2966391 writebacks:782823  Hit Ratio: 98.32%
SCACHE: size: 512 KB assoc: 2
SCACHE: hits:6823911 misses:1366044  Hit Ratio: 83.32%
3CACHE: size: 4096 KB assoc: 2
3CACHE: hits:1158344 misses:207700  Hit Ratio: 84.80%
3CACHE: dirty items replaced:49123
ITLB: size: 48, misses 337839, miss rate 0.19%
DTLB: size: 128, misses 681452, miss rate 0.39%
Avg mem delay: 1.759 cycles
----------------------------------------
==== Statistics for Master ID: 2 ====
Reads: 341197495   Writes: 40562642
ICACHE: size: 64 KB assoc: 2
ICACHE: hits:186326534 misses:5092506  Hit Ratio: 97.34%
DCACHE: size: 1*16 KB assoc: 1*4
DCACHE: hits:183036730 misses:7304439 writebacks:824107  Hit Ratio: 96.16%
SCACHE: size: 512 KB assoc: 2
SCACHE: hits:10962929 misses:1433944  Hit Ratio: 88.43%
3CACHE: size: 4096 KB assoc: 2
3CACHE: hits:1268798 misses:165146  Hit Ratio: 88.48%
3CACHE: dirty items replaced:28356
ITLB: size: 48, misses 72735, miss rate 0.04%
DTLB: size: 128, misses 1033532, miss rate 0.54%
Avg mem delay: 1.759 cycles
----------------------------------------
==== Statistics for Master ID: 3 ====
Reads: 232075846   Writes: 5131
ICACHE: size: 64 KB assoc: 2
ICACHE: hits:199649547 misses:2739  Hit Ratio: 100.00%
DCACHE: size: 1*16 KB assoc: 1*4
DCACHE: hits:29582485 misses:2846205 writebacks:324  Hit Ratio: 91.22%
SCACHE: size: 512 KB assoc: 2
SCACHE: hits:2462723 misses:386221  Hit Ratio: 86.44%
3CACHE: size: 4096 KB assoc: 2
3CACHE: hits:384293 misses:1928  Hit Ratio: 99.50%
3CACHE: dirty items replaced:609
ITLB: size: 48, misses 1, miss rate 0.00%
DTLB: size: 128, misses 9977, miss rate 0.03%
Avg mem delay: 1.759 cycles
----------------------------------------
==== Global Resource Utilization ====
STASH: size: 65536 entries, full 2029322590, empty 112248123, misses 9985294, full rate 94.32
icache bank util. 0.300 0.194 0.123 0.130 0.135 0.115 0.189 0.302 
dcache bank util. 0.115 0.131 0.134 0.101 0.156 0.159 0.175 0.137 
L2 bank util. 0.037 0.050 0.044 0.036 0.042 0.044 0.038 0.045 
L1-L2 bus util. = 0.187, L3 util. = 0.009
----------------------------------------

======================== 切片硬件状态 ========================
切片号 | 所属安全域 | 当前状态    | 路扩展 | LRU touched
------------------------------------------------------------------
  0    |   域2      | 正常运行   |  否   |  400999998
  1    |   域0      | 正常运行   |  是   |  400999994
  2    |   域3      | 正常运行   |  否   |  400999994
  3    |   域0      | 正常运行   |  是   |  400999991
==================================================================

branch prediction, hits = 113935276, misses = 15318480, hit rate = 88.15%
return_stack prediction, hits = 13222202, misses = 10492, hit rate = 99.92%
jump prediction, hits = 120518974, misses = 25899913, hit rate = 82.31%

**** Debug Statistics at 501000000 Cycles *****
Threads: 4		Fetch Width: 8
No of useful instructions fetched:	1856149315 (46.31% proc util.)
No of total instructions fetched:	2457088937 (61.30% proc util.)
 includes 131959405 misfetch (5.4%), 468980217 (19.1%) wrong-path fetches
 and 0 flushed after failed lock(0.0%)
No of useful instructions issued/executed:	1856149291 (46.31% proc util.)
No of total instructions issued/executed:	2081514359 (51.93% proc util.)
 includes 225365068 wrong-path (10.8%) insts and 0 flushed (0.0%)
	fp 84019, 0.00%
	synch 0, 0.00%
	integer 1579056603, 75.86%
	load/store 502373737, 24.14%
Avg size of int IQ (before scheduling): 28.75
Avg size of fp IQ (before scheduling): 0.01
No of cycles taken:		501000000
Parallelism [ 0.957, 0.000, 1.194, 1.555,] = 3.705
 IQ conflicts: 3461375 (0.69%), FQ conflicts: 0 (0.00%) 
 I reg conflicts: 116489622 (23.25%), FP reg conflicts: 0 (0.00%)
  Activelist confs: 2775 (0.00%), ROB confs: 632127 (0.13%)
  Int unit conflicts: 824323531 (164.54%), FP unit conflicts: 14 (0.00%)
  Load/store unit conflicts: 68990085 (13.77%)
  MSHR conflicts: 23532913 (4.70%)
----------------------------------------
==== System-wide Cache Statistics ====
Stall for miss queue full 0 cycles (0.00%)
----------------------------------------
==== Statistics for Master ID: 0 ====
Reads: 381889725   Writes: 64451822
ICACHE: size: 64 KB assoc: 2
ICACHE: hits:215401191 misses:6513308  Hit Ratio: 97.06%
DCACHE: size: 2*16 KB assoc: 2*4
DCACHE: hits:220685346 misses:3741758 writebacks:1053839  Hit Ratio: 98.33%
SCACHE: size: 512 KB assoc: 2
SCACHE: hits:8532027 misses:1722982  Hit Ratio: 83.20%
3CACHE: size: 4096 KB assoc: 2
3CACHE: hits:1469366 misses:253616  Hit Ratio: 85.28%
3CACHE: dirty items replaced:68888
ITLB: size: 48, misses 398529, miss rate 0.18%
DTLB: size: 128, misses 842146, miss rate 0.38%
Avg mem delay: 1.759 cycles
----------------------------------------
==== Statistics for Master ID: 2 ====
Reads: 426087499   Writes: 50156079
ICACHE: size: 64 KB assoc: 2
ICACHE: hits:232960773 misses:6344538  Hit Ratio: 97.35%
DCACHE: size: 1*16 KB assoc: 1*4
DCACHE: hits:227768575 misses:9169764 writebacks:1013257  Hit Ratio: 96.13%
SCACHE: size: 512 KB assoc: 2
SCACHE: hits:13742175 misses:1772055  Hit Ratio: 88.58%
3CACHE: size: 4096 KB assoc: 2
3CACHE: hits:1576224 misses:195831  Hit Ratio: 88.95%
3CACHE: dirty items replaced:38781
ITLB: size: 48, misses 87140, miss rate 0.04%
DTLB: size: 128, misses 1295417, miss rate 0.55%
Avg mem delay: 1.759 cycles
----------------------------------------
==== Statistics for Master ID: 3 ====
Reads: 289539978   Writes: 5131
ICACHE: size: 64 KB assoc: 2
ICACHE: hits:249133675 misses:3355  Hit Ratio: 100.00%
DCACHE: size: 1*16 KB assoc: 1*4
DCACHE: hits:36801195 misses:3606883 writebacks:324  Hit Ratio: 91.07%
SCACHE: size: 512 KB assoc: 2
SCACHE: hits:3124898 misses:485340  Hit Ratio: 86.56%
3CACHE: size: 4096 KB assoc: 2
3CACHE: hits:482347 misses:2993  Hit Ratio: 99.38%
3CACHE: dirty items replaced:890
ITLB: size: 48, misses 1, miss rate 0.00%
DTLB: size: 128, misses 12522, miss rate 0.03%
Avg mem delay: 1.759 cycles
----------------------------------------
==== Global Resource Utilization ====
STASH: size: 65536 entries, full 2547582475, empty 138875340, misses 12342084, full rate 94.40
icache bank util. 0.300 0.195 0.124 0.131 0.137 0.117 0.190 0.302 
dcache bank util. 0.117 0.131 0.133 0.102 0.157 0.158 0.175 0.138 
L2 bank util. 0.037 0.051 0.044 0.037 0.042 0.044 0.038 0.046 
L1-L2 bus util. = 0.188, L3 util. = 0.009
----------------------------------------

======================== 切片硬件状态 ========================
切片号 | 所属安全域 | 当前状态    | 路扩展 | LRU touched
------------------------------------------------------------------
  0    |   域2      | 正常运行   |  否   |  500999996
  1    |   域0      | 正常运行   |  是   |  500999987
  2    |   域3      | 正常运行   |  否   |  500999998
  3    |   域0      | 正常运行   |  是   |  500999991
==================================================================

branch prediction, hits = 142907920, misses = 19323656, hit rate = 88.09%
return_stack prediction, hits = 16613825, misses = 11662, hit rate = 99.93%
jump prediction, hits = 150615953, misses = 32853806, hit rate = 82.09%
 clorb_
**** Early Exiting at 539300099 Cycles *****
========================================
 SMTSIM Global Statistics
========================================
Threads: 4		Fetch Width: 8
No of useful instructions fetched:	2000000055 (46.36% proc util.)
No of total instructions fetched:	2647516792 (61.36% proc util.)
 includes 142761001 misfetch (5.4%), 504755736 (19.1%) wrong-path fetches
 and 0 flushed after failed lock(0.0%)
No of useful instructions issued/executed:	2000000022 (46.36% proc util.)
No of total instructions issued/executed:	2242421093 (51.98% proc util.)
 includes 242421071 wrong-path (10.8%) insts and 0 flushed (0.0%)
	fp 88736, 0.00%
	synch 0, 0.00%
	integer 1701222255, 75.87%
	load/store 541110102, 24.13%
Avg size of int IQ (before scheduling): 28.74
Avg size of fp IQ (before scheduling): 0.01
No of cycles taken:		539300099
Parallelism [ 0.956, 0.000, 1.197, 1.556,] = 3.709
 IQ conflicts: 3658843 (0.68%), FQ conflicts: 0 (0.00%) 
 I reg conflicts: 125015498 (23.18%), FP reg conflicts: 0 (0.00%)
  Activelist confs: 2851 (0.00%), ROB confs: 660071 (0.12%)
  Int unit conflicts: 887405083 (164.55%), FP unit conflicts: 15 (0.00%)
  Load/store unit conflicts: 74287361 (13.77%)
  MSHR conflicts: 24459880 (4.54%)
----------------------------------------
==== System-wide Cache Statistics ====
Stall for miss queue full 0 cycles (0.00%)
----------------------------------------
==== Statistics for Master ID: 0 ====
Reads: 411273687   Writes: 69321833
ICACHE: size: 64 KB assoc: 2
ICACHE: hits:231990420 misses:7047456  Hit Ratio: 97.05%
DCACHE: size: 2*16 KB assoc: 2*4
DCACHE: hits:237585235 misses:3972465 writebacks:1118466  Hit Ratio: 98.36%
SCACHE: size: 512 KB assoc: 2
SCACHE: hits:9172529 misses:1847336  Hit Ratio: 83.24%
3CACHE: size: 4096 KB assoc: 2
3CACHE: hits:1572414 misses:274922  Hit Ratio: 85.12%
3CACHE: dirty items replaced:77880
ITLB: size: 48, misses 430662, miss rate 0.18%
DTLB: size: 128, misses 897137, miss rate 0.37%
Avg mem delay: 1.752 cycles
----------------------------------------
==== Statistics for Master ID: 2 ====
Reads: 459333262   Writes: 53986012
ICACHE: size: 64 KB assoc: 2
ICACHE: hits:251133973 misses:6816058  Hit Ratio: 97.36%
DCACHE: size: 1*16 KB assoc: 1*4
DCACHE: hits:245494081 misses:9875234 writebacks:1089553  Hit Ratio: 96.13%
SCACHE: size: 512 KB assoc: 2
SCACHE: hits:14786700 misses:1904520  Hit Ratio: 88.59%
3CACHE: size: 4096 KB assoc: 2
3CACHE: hits:1697343 misses:207177  Hit Ratio: 89.12%
3CACHE: dirty items replaced:42552
ITLB: size: 48, misses 95312, miss rate 0.04%
DTLB: size: 128, misses 1390857, miss rate 0.54%
Avg mem delay: 1.752 cycles
----------------------------------------
==== Statistics for Master ID: 3 ====
Reads: 311987984   Writes: 5131
ICACHE: size: 64 KB assoc: 2
ICACHE: hits:268456634 misses:3637  Hit Ratio: 100.00%
DCACHE: size: 1*16 KB assoc: 1*4
DCACHE: hits:39628076 misses:3904767 writebacks:324  Hit Ratio: 91.03%
SCACHE: size: 512 KB assoc: 2
SCACHE: hits:3384095 misses:524309  Hit Ratio: 86.59%
3CACHE: size: 4096 KB assoc: 2
3CACHE: hits:521156 misses:3153  Hit Ratio: 99.40%
3CACHE: dirty items replaced:982
ITLB: size: 48, misses 1, miss rate 0.00%
DTLB: size: 128, misses 13353, miss rate 0.03%
Avg mem delay: 1.752 cycles
----------------------------------------
==== Global Resource Utilization ====
STASH: size: 65536 entries, full 2745487699, empty 149594778, misses 13305106, full rate 94.40
icache bank util. 0.300 0.195 0.124 0.131 0.137 0.117 0.190 0.302 
dcache bank util. 0.117 0.131 0.133 0.103 0.158 0.158 0.175 0.139 
L2 bank util. 0.037 0.050 0.044 0.037 0.042 0.044 0.038 0.046 
L1-L2 bus util. = 0.188, L3 util. = 0.009
----------------------------------------

======================== 切片硬件状态 ========================
切片号 | 所属安全域 | 当前状态    | 路扩展 | LRU touched
------------------------------------------------------------------
  0    |   域2      | 正常运行   |  否   |  539300097
  1    |   域0      | 正常运行   |  是   |  539300094
  2    |   域3      | 正常运行   |  否   |  539300089
  3    |   域0      | 正常运行   |  是   |  539300071
==================================================================

branch prediction, hits = 153940066, misses = 20823282, hit rate = 88.08%
return_stack prediction, hits = 17939701, misses = 12650, hit rate = 99.93%
jump prediction, hits = 162127592, misses = 35539714, hit rate = 82.02%
total IPC 3.709

=== Results saved to: ./results/gcc-200_2_crafty_1_seqacc_1.txt ===
