测试组合（多线程优先）：gcc-200.arg2 + gzip-source.arg + recurseq.arg
执行命令：./smtsim gcc-200.arg2 gzip-source.arg recurseq.arg
==================================================

动态重分配参数：每50万周期检查，阈值5
Process 0, Thread 0: gcc-200
Process 0, Thread 1: gcc-200
Process 2, Thread 2: gzip-source
Process 3, Thread 3: recurseq
[切片调度] 新安全域0无任何切片，尝试分配空闲切片
[切片管理] 成功绑定切片0 → 安全域0

======================== 切片硬件状态 ========================
切片号 | 所属安全域 | 当前状态    | 路扩展 | LRU touched
------------------------------------------------------------------
  0    |   域0      | 正常运行   |  否   |  0
  1    |   域-1     | 切片空闲   |  否   |  0
  2    |   域-1     | 切片空闲   |  否   |  0
  3    |   域-1     | 切片空闲   |  否   |  0
==================================================================

[切片管理] 成功绑定切片1 → 安全域0，触发【路扩展模式】

======================== 切片硬件状态 ========================
切片号 | 所属安全域 | 当前状态    | 路扩展 | LRU touched
------------------------------------------------------------------
  0    |   域0      | 正常运行   |  是   |  0
  1    |   域0      | 正常运行   |  是   |  0
  2    |   域-1     | 切片空闲   |  否   |  0
  3    |   域-1     | 切片空闲   |  否   |  0
==================================================================

[切片调度] 新安全域2无任何切片，尝试分配空闲切片
[切片管理] 成功绑定切片2 → 安全域2

======================== 切片硬件状态 ========================
切片号 | 所属安全域 | 当前状态    | 路扩展 | LRU touched
------------------------------------------------------------------
  0    |   域0      | 正常运行   |  是   |  320
  1    |   域0      | 正常运行   |  是   |  0
  2    |   域2      | 正常运行   |  否   |  0
  3    |   域-1     | 切片空闲   |  否   |  0
==================================================================

[切片管理] 成功绑定切片3 → 安全域2，触发【路扩展模式】

======================== 切片硬件状态 ========================
切片号 | 所属安全域 | 当前状态    | 路扩展 | LRU touched
------------------------------------------------------------------
  0    |   域0      | 正常运行   |  是   |  320
  1    |   域0      | 正常运行   |  是   |  0
  2    |   域2      | 正常运行   |  是   |  0
  3    |   域2      | 正常运行   |  是   |  0
==================================================================

[切片调度] 新安全域3无任何切片，尝试分配空闲切片
[切片调度] 新安全域3未找到空闲切片，尝试剥夺切片
[切片替换] 优先从【路扩展切片】中选择LRU替换目标...
[切片替换] 找到路扩展切片作为受害者：切片1（最后访问：0）
[切片调度] 安全域3触发切片剥夺：从域0剥夺切片1
[切片剥夺] 周期751：切片1（所属域0）进入待剥夺状态，禁止新替换
[切片剥夺] 周期751：切片1在途请求已清空，开始执行脏行写回
[切片剥夺] 周期751：切片1无脏行，直接完成剥夺
[切片管理] 周期751：原域0仅剩1个切片，关闭路扩展模式
[动态重分配] 周期751：切片1写回完成，自动绑定到域3
[切片管理] 成功绑定切片1 → 安全域3

======================== 切片硬件状态 ========================
切片号 | 所属安全域 | 当前状态    | 路扩展 | LRU touched
------------------------------------------------------------------
  0    |   域0      | 正常运行   |  否   |  320
  1    |   域3      | 正常运行   |  否   |  751
  2    |   域2      | 正常运行   |  是   |  751
  3    |   域2      | 正常运行   |  是   |  0
==================================================================

[切片唤醒] 周期751：域3切片就绪，唤醒等待指令

**** Debug Statistics at 1000000 Cycles *****
Threads: 4		Fetch Width: 8
No of useful instructions fetched:	843223 (10.54% proc util.)
No of total instructions fetched:	966403 (12.08% proc util.)
 includes 11705 misfetch (1.2%), 111475 (11.5%) wrong-path fetches
 and 0 flushed after failed lock(0.0%)
No of useful instructions issued/executed:	843187 (10.54% proc util.)
No of total instructions issued/executed:	897792 (11.22% proc util.)
 includes 54605 wrong-path (6.1%) insts and 0 flushed (0.0%)
	fp 53, 0.01%
	synch 0, 0.00%
	integer 662520, 73.79%
	load/store 235219, 26.20%
Avg size of int IQ (before scheduling): 17.59
Avg size of fp IQ (before scheduling): 0.00
No of cycles taken:		1000000
Parallelism [ 0.270, 0.000, 0.118, 0.456,] = 0.843
 IQ conflicts: 614 (0.06%), FQ conflicts: 0 (0.00%) 
 I reg conflicts: 859765 (85.98%), FP reg conflicts: 0 (0.00%)
  Activelist confs: 0 (0.00%), ROB confs: 0 (0.00%)
  Int unit conflicts: 218036 (21.80%), FP unit conflicts: 0 (0.00%)
  Load/store unit conflicts: 11187 (1.12%)
  MSHR conflicts: 136569 (13.66%)
----------------------------------------
==== System-wide Cache Statistics ====
Stall for miss queue full 0 cycles (0.00%)
----------------------------------------
==== Statistics for Master ID: 0 ====
Reads: 148317   Writes: 33653
ICACHE: size: 64 KB assoc: 2
ICACHE: hits:94574 misses:1154  Hit Ratio: 98.79%
DCACHE: size: 1*16 KB assoc: 1*4
DCACHE: hits:84421 misses:1821 writebacks:1074  Hit Ratio: 97.89%
SCACHE: size: 512 KB assoc: 2
SCACHE: hits:412 misses:2563  Hit Ratio: 13.85%
3CACHE: size: 4096 KB assoc: 2
3CACHE: hits:34 misses:2529  Hit Ratio: 1.33%
3CACHE: dirty items replaced:0
ITLB: size: 48, misses 66, miss rate 0.07%
DTLB: size: 128, misses 267, miss rate 0.31%
Avg mem delay: 33.388 cycles
----------------------------------------
==== Statistics for Master ID: 2 ====
Reads: 89477   Writes: 19233
ICACHE: size: 64 KB assoc: 2
ICACHE: hits:51945 misses:206  Hit Ratio: 99.60%
DCACHE: size: 2*16 KB assoc: 2*4
DCACHE: hits:38083 misses:18476 writebacks:18309  Hit Ratio: 67.33%
SCACHE: size: 512 KB assoc: 2
SCACHE: hits:10 misses:18672  Hit Ratio: 0.05%
3CACHE: size: 4096 KB assoc: 2
3CACHE: hits:0 misses:18670  Hit Ratio: 0.00%
3CACHE: dirty items replaced:0
ITLB: size: 48, misses 18, miss rate 0.03%
DTLB: size: 128, misses 4601, miss rate 8.13%
Avg mem delay: 33.388 cycles
----------------------------------------
==== Statistics for Master ID: 3 ====
Reads: 128170   Writes: 80261
ICACHE: size: 64 KB assoc: 2
ICACHE: hits:116043 misses:30  Hit Ratio: 99.97%
DCACHE: size: 1*16 KB assoc: 1*4
DCACHE: hits:87584 misses:4773 writebacks:4377  Hit Ratio: 94.83%
SCACHE: size: 512 KB assoc: 2
SCACHE: hits:360 misses:4443  Hit Ratio: 7.50%
3CACHE: size: 4096 KB assoc: 2
3CACHE: hits:29 misses:4414  Hit Ratio: 0.65%
3CACHE: dirty items replaced:0
ITLB: size: 48, misses 4, miss rate 0.00%
DTLB: size: 128, misses 95, miss rate 0.10%
Avg mem delay: 33.388 cycles
----------------------------------------
==== Global Resource Utilization ====
STASH: size: 65536 entries, full 1000125, empty 18867, misses 1627, full rate 97.99
icache bank util. 0.033 0.107 0.020 0.015 0.013 0.012 0.021 0.048 
dcache bank util. 0.029 0.031 0.041 0.034 0.022 0.021 0.173 0.030 
L2 bank util. 0.011 0.011 0.011 0.011 0.011 0.011 0.231 0.011 
L1-L2 bus util. = 0.151, L3 util. = 0.256
----------------------------------------

======================== 切片硬件状态 ========================
切片号 | 所属安全域 | 当前状态    | 路扩展 | LRU touched
------------------------------------------------------------------
  0    |   域0      | 正常运行   |  否   |  999949
  1    |   域3      | 正常运行   |  否   |  999952
  2    |   域2      | 正常运行   |  是   |  999865
  3    |   域2      | 正常运行   |  是   |  999943
==================================================================

branch prediction, hits = 103276, misses = 4097, hit rate = 96.18%
return_stack prediction, hits = 3525, misses = 1991, hit rate = 63.91%
jump prediction, hits = 107995, misses = 3273, hit rate = 97.06%
 abend_ adia_ adib_ ambm6_
**** Debug Statistics at 101000000 Cycles *****
Threads: 4		Fetch Width: 8
No of useful instructions fetched:	145266664 (17.98% proc util.)
No of total instructions fetched:	205397970 (25.42% proc util.)
 includes 4803585 misfetch (2.3%), 55327721 (26.9%) wrong-path fetches
 and 0 flushed after failed lock(0.0%)
No of useful instructions issued/executed:	145266644 (17.98% proc util.)
No of total instructions issued/executed:	174088570 (21.55% proc util.)
 includes 28821926 wrong-path (16.6%) insts and 0 flushed (0.0%)
	fp 10008, 0.01%
	synch 0, 0.00%
	integer 117602475, 67.55%
	load/store 56476087, 32.44%
Avg size of int IQ (before scheduling): 15.54
Avg size of fp IQ (before scheduling): 0.00
No of cycles taken:		101000000
Parallelism [ 0.509, 0.000, 0.336, 0.593,] = 1.438
 IQ conflicts: 61152 (0.06%), FQ conflicts: 0 (0.00%) 
 I reg conflicts: 71489680 (70.78%), FP reg conflicts: 0 (0.00%)
  Activelist confs: 0 (0.00%), ROB confs: 0 (0.00%)
  Int unit conflicts: 19268018 (19.08%), FP unit conflicts: 7 (0.00%)
  Load/store unit conflicts: 3506140 (3.47%)
  MSHR conflicts: 47764345 (47.29%)
----------------------------------------
==== System-wide Cache Statistics ====
Stall for miss queue full 0 cycles (0.00%)
----------------------------------------
==== Statistics for Master ID: 0 ====
Reads: 35218019   Writes: 6387021
ICACHE: size: 64 KB assoc: 2
ICACHE: hits:20082167 misses:353269  Hit Ratio: 98.27%
DCACHE: size: 1*16 KB assoc: 1*4
DCACHE: hits:20606696 misses:562908 writebacks:134717  Hit Ratio: 97.34%
SCACHE: size: 512 KB assoc: 2
SCACHE: hits:630007 misses:286170  Hit Ratio: 68.76%
3CACHE: size: 4096 KB assoc: 2
3CACHE: hits:183951 misses:102219  Hit Ratio: 64.28%
3CACHE: dirty items replaced:5669
ITLB: size: 48, misses 29204, miss rate 0.14%
DTLB: size: 128, misses 22175, miss rate 0.10%
Avg mem delay: 7.070 cycles
----------------------------------------
==== Statistics for Master ID: 2 ====
Reads: 19408103   Writes: 5646274
ICACHE: size: 64 KB assoc: 2
ICACHE: hits:13576208 misses:654  Hit Ratio: 100.00%
DCACHE: size: 2*16 KB assoc: 2*4
DCACHE: hits:9927852 misses:1549663 writebacks:866761  Hit Ratio: 86.50%
SCACHE: size: 512 KB assoc: 2
SCACHE: hits:54 misses:1550263  Hit Ratio: 0.00%
3CACHE: size: 4096 KB assoc: 2
3CACHE: hits:113 misses:1550149  Hit Ratio: 0.01%
3CACHE: dirty items replaced:41463
ITLB: size: 48, misses 58, miss rate 0.00%
DTLB: size: 128, misses 67479, miss rate 0.59%
Avg mem delay: 7.070 cycles
----------------------------------------
==== Statistics for Master ID: 3 ====
Reads: 35378872   Writes: 12886560
ICACHE: size: 64 KB assoc: 2
ICACHE: hits:24465507 misses:1442  Hit Ratio: 99.99%
DCACHE: size: 1*16 KB assoc: 1*4
DCACHE: hits:23332951 misses:465531 writebacks:295301  Hit Ratio: 98.04%
SCACHE: size: 512 KB assoc: 2
SCACHE: hits:292328 misses:174645  Hit Ratio: 62.60%
3CACHE: size: 4096 KB assoc: 2
3CACHE: hits:115730 misses:58915  Hit Ratio: 66.27%
3CACHE: dirty items replaced:576
ITLB: size: 48, misses 4, miss rate 0.00%
DTLB: size: 128, misses 3905, miss rate 0.02%
Avg mem delay: 7.070 cycles
----------------------------------------
==== Global Resource Utilization ====
STASH: size: 65536 entries, full 217322443, empty 6341763, misses 573569, full rate 96.92
icache bank util. 0.126 0.084 0.030 0.026 0.026 0.153 0.028 0.117 
dcache bank util. 0.070 0.072 0.076 0.174 0.067 0.065 0.072 0.078 
L2 bank util. 0.030 0.030 0.031 0.031 0.030 0.030 0.037 0.045 
L1-L2 bus util. = 0.126, L3 util. = 0.169
----------------------------------------

======================== 切片硬件状态 ========================
切片号 | 所属安全域 | 当前状态    | 路扩展 | LRU touched
------------------------------------------------------------------
  0    |   域0      | 正常运行   |  否   |  100999998
  1    |   域3      | 正常运行   |  否   |  100999997
  2    |   域2      | 正常运行   |  是   |  100999996
  3    |   域2      | 正常运行   |  是   |  100999980
==================================================================

branch prediction, hits = 13963009, misses = 1060733, hit rate = 92.94%
return_stack prediction, hits = 686456, misses = 2673475, hit rate = 20.43%
jump prediction, hits = 17650469, misses = 1450371, hit rate = 92.41%
 analie6_ betalf_
**** Debug Statistics at 201000000 Cycles *****
Threads: 4		Fetch Width: 8
No of useful instructions fetched:	466393972 (29.00% proc util.)
No of total instructions fetched:	709073675 (44.10% proc util.)
 includes 13310032 misfetch (1.9%), 229369671 (32.3%) wrong-path fetches
 and 0 flushed after failed lock(0.0%)
No of useful instructions issued/executed:	466393911 (29.00% proc util.)
No of total instructions issued/executed:	584612710 (36.36% proc util.)
 includes 118218799 wrong-path (20.2%) insts and 0 flushed (0.0%)
	fp 39753, 0.01%
	synch 0, 0.00%
	integer 401898098, 68.75%
	load/store 182674859, 31.25%
Avg size of int IQ (before scheduling): 19.98
Avg size of fp IQ (before scheduling): 0.01
No of cycles taken:		201000000
Parallelism [ 0.751, 0.000, 0.781, 0.788,] = 2.320
 IQ conflicts: 811548 (0.40%), FQ conflicts: 0 (0.00%) 
 I reg conflicts: 96794968 (48.16%), FP reg conflicts: 0 (0.00%)
  Activelist confs: 341 (0.00%), ROB confs: 46566 (0.02%)
  Int unit conflicts: 254789323 (126.76%), FP unit conflicts: 11 (0.00%)
  Load/store unit conflicts: 20113954 (10.01%)
  MSHR conflicts: 71315489 (35.48%)
----------------------------------------
==== System-wide Cache Statistics ====
Stall for miss queue full 0 cycles (0.00%)
----------------------------------------
==== Statistics for Master ID: 0 ====
Reads: 113350199   Writes: 19540024
ICACHE: size: 64 KB assoc: 2
ICACHE: hits:66056065 misses:829898  Hit Ratio: 98.76%
DCACHE: size: 1*16 KB assoc: 1*4
DCACHE: hits:64366767 misses:1637493 writebacks:423938  Hit Ratio: 97.52%
SCACHE: size: 512 KB assoc: 2
SCACHE: hits:1831309 misses:636082  Hit Ratio: 74.22%
3CACHE: size: 4096 KB assoc: 2
3CACHE: hits:456116 misses:179966  Hit Ratio: 71.71%
3CACHE: dirty items replaced:17081
ITLB: size: 48, misses 56833, miss rate 0.08%
DTLB: size: 128, misses 67349, miss rate 0.10%
Avg mem delay: 3.263 cycles
----------------------------------------
==== Statistics for Master ID: 2 ====
Reads: 89527338   Writes: 15685676
ICACHE: size: 64 KB assoc: 2
ICACHE: hits:58874261 misses:6591  Hit Ratio: 99.99%
DCACHE: size: 2*16 KB assoc: 2*4
DCACHE: hits:43795651 misses:2536511 writebacks:1307465  Hit Ratio: 94.53%
SCACHE: size: 512 KB assoc: 2
SCACHE: hits:490539 misses:2052563  Hit Ratio: 19.29%
3CACHE: size: 4096 KB assoc: 2
3CACHE: hits:96015 misses:1956548  Hit Ratio: 4.68%
3CACHE: dirty items replaced:70142
ITLB: size: 48, misses 327, miss rate 0.00%
DTLB: size: 128, misses 96974, miss rate 0.21%
Avg mem delay: 3.263 cycles
----------------------------------------
==== Statistics for Master ID: 3 ====
Reads: 107548075   Writes: 40516738
ICACHE: size: 64 KB assoc: 2
ICACHE: hits:77851334 misses:2393  Hit Ratio: 100.00%
DCACHE: size: 1*16 KB assoc: 1*4
DCACHE: hits:68980673 misses:1230412 writebacks:778191  Hit Ratio: 98.25%
SCACHE: size: 512 KB assoc: 2
SCACHE: hits:867353 misses:365452  Hit Ratio: 70.36%
3CACHE: size: 4096 KB assoc: 2
3CACHE: hits:277667 misses:87785  Hit Ratio: 75.98%
3CACHE: dirty items replaced:4124
ITLB: size: 48, misses 4, miss rate 0.00%
DTLB: size: 128, misses 8869, miss rate 0.01%
Avg mem delay: 3.263 cycles
----------------------------------------
==== Global Resource Utilization ====
STASH: size: 65536 entries, full 762704343, empty 15846805, misses 1430165, full rate 97.78
icache bank util. 0.206 0.163 0.073 0.068 0.077 0.160 0.072 0.207 
dcache bank util. 0.101 0.107 0.126 0.247 0.122 0.099 0.119 0.104 
L2 bank util. 0.030 0.031 0.031 0.031 0.030 0.029 0.033 0.038 
L1-L2 bus util. = 0.131, L3 util. = 0.111
----------------------------------------

======================== 切片硬件状态 ========================
切片号 | 所属安全域 | 当前状态    | 路扩展 | LRU touched
------------------------------------------------------------------
  0    |   域0      | 正常运行   |  否   |  200999997
  1    |   域3      | 正常运行   |  否   |  200999998
  2    |   域2      | 正常运行   |  是   |  200999996
  3    |   域2      | 正常运行   |  是   |  200999996
==================================================================

branch prediction, hits = 37399441, misses = 3934517, hit rate = 90.48%
return_stack prediction, hits = 2737356, misses = 7101312, hit rate = 27.82%
jump prediction, hits = 49267918, misses = 3983888, hit rate = 92.52%
 block_ blockdis_
======================== 切片硬件状态 ========================
切片号 | 所属安全域 | 当前状态    | 路扩展 | LRU touched
------------------------------------------------------------------
  0    |   域0      | 正常运行   |  否   |  228499997
  1    |   域3      | 正常运行   |  否   |  228499998
  2    |   域2      | 正常运行   |  是   |  228499999
  3    |   域2      | 正常运行   |  是   |  228500000
==================================================================

[动态重分配] 周期228500000：预约迁移 冗余域2(0%) -> 切片2 -> 饥饿域0(6%)
[切片剥夺] 周期228500000：切片2（所属域2）进入待剥夺状态，禁止新替换
[切片剥夺] 周期228500000：切片2在途请求已清空，开始执行脏行写回
[切片管理] 周期228500290：原域2仅剩1个切片，关闭路扩展模式
[动态重分配] 周期228500290：切片2写回完成，自动绑定到域0
[切片管理] 成功绑定切片2 → 安全域0，触发【路扩展模式】

======================== 切片硬件状态 ========================
切片号 | 所属安全域 | 当前状态    | 路扩展 | LRU touched
------------------------------------------------------------------
  0    |   域0      | 正常运行   |  是   |  228500288
  1    |   域3      | 正常运行   |  否   |  228500288
  2    |   域0      | 正常运行   |  是   |  228500290
  3    |   域2      | 正常运行   |  否   |  228500281
==================================================================


**** Debug Statistics at 301000000 Cycles *****
Threads: 4		Fetch Width: 8
No of useful instructions fetched:	841117875 (34.93% proc util.)
No of total instructions fetched:	1290804006 (53.60% proc util.)
 includes 20954098 misfetch (1.6%), 428732033 (33.2%) wrong-path fetches
 and 0 flushed after failed lock(0.0%)
No of useful instructions issued/executed:	841117853 (34.93% proc util.)
No of total instructions issued/executed:	1062725672 (44.13% proc util.)
 includes 221607819 wrong-path (20.9%) insts and 0 flushed (0.0%)
	fp 49287, 0.00%
	synch 0, 0.00%
	integer 734692560, 69.13%
	load/store 327983825, 30.86%
Avg size of int IQ (before scheduling): 22.64
Avg size of fp IQ (before scheduling): 0.01
No of cycles taken:		301000000
Parallelism [ 0.888, 0.000, 1.020, 0.886,] = 2.794
 IQ conflicts: 1919481 (0.64%), FQ conflicts: 0 (0.00%) 
 I reg conflicts: 109855121 (36.50%), FP reg conflicts: 0 (0.00%)
  Activelist confs: 392 (0.00%), ROB confs: 131043 (0.04%)
  Int unit conflicts: 570494001 (189.53%), FP unit conflicts: 13 (0.00%)
  Load/store unit conflicts: 41239813 (13.70%)
  MSHR conflicts: 89671486 (29.79%)
----------------------------------------
==== System-wide Cache Statistics ====
Stall for miss queue full 0 cycles (0.00%)
----------------------------------------
==== Statistics for Master ID: 0 ====
Reads: 203156185   Writes: 35041961
ICACHE: size: 64 KB assoc: 2
ICACHE: hits:119556449 misses:1284103  Hit Ratio: 98.94%
DCACHE: size: 2*16 KB assoc: 2*4
DCACHE: hits:114559068 misses:2798526 writebacks:689350  Hit Ratio: 97.62%
SCACHE: size: 512 KB assoc: 2
SCACHE: hits:3104120 misses:978509  Hit Ratio: 76.03%
3CACHE: size: 4096 KB assoc: 2
3CACHE: hits:741891 misses:236618  Hit Ratio: 75.82%
3CACHE: dirty items replaced:34943
ITLB: size: 48, misses 78816, miss rate 0.07%
DTLB: size: 128, misses 150794, miss rate 0.13%
Avg mem delay: 2.362 cycles
----------------------------------------
==== Statistics for Master ID: 2 ====
Reads: 173819213   Writes: 26917058
ICACHE: size: 64 KB assoc: 2
ICACHE: hits:112963393 misses:14545  Hit Ratio: 99.99%
DCACHE: size: 1*16 KB assoc: 1*4
DCACHE: hits:84178127 misses:3580296 writebacks:1743171  Hit Ratio: 95.92%
SCACHE: size: 512 KB assoc: 2
SCACHE: hits:1359675 misses:2235076  Hit Ratio: 37.82%
3CACHE: size: 4096 KB assoc: 2
3CACHE: hits:225321 misses:2009755  Hit Ratio: 10.08%
3CACHE: dirty items replaced:86701
ITLB: size: 48, misses 621, miss rate 0.00%
DTLB: size: 128, misses 116139, miss rate 0.13%
Avg mem delay: 2.362 cycles
----------------------------------------
==== Statistics for Master ID: 3 ====
Reads: 188994705   Writes: 72125081
ICACHE: size: 64 KB assoc: 2
ICACHE: hits:138471205 misses:3776  Hit Ratio: 100.00%
DCACHE: size: 1*16 KB assoc: 1*4
DCACHE: hits:120570312 misses:2074492 writebacks:1311139  Hit Ratio: 98.31%
SCACHE: size: 512 KB assoc: 2
SCACHE: hits:1532173 misses:546095  Hit Ratio: 73.72%
3CACHE: size: 4096 KB assoc: 2
3CACHE: hits:435196 misses:110899  Hit Ratio: 79.69%
3CACHE: dirty items replaced:11917
ITLB: size: 48, misses 4, miss rate 0.00%
DTLB: size: 128, misses 16330, miss rate 0.01%
Avg mem delay: 2.362 cycles
----------------------------------------
==== Global Resource Utilization ====
STASH: size: 65536 entries, full 1395154469, empty 25175989, misses 2280585, full rate 98.07
icache bank util. 0.247 0.203 0.095 0.092 0.104 0.162 0.095 0.252 
dcache bank util. 0.116 0.127 0.154 0.285 0.149 0.115 0.146 0.119 
L2 bank util. 0.030 0.031 0.031 0.031 0.029 0.029 0.032 0.035 
L1-L2 bus util. = 0.135, L3 util. = 0.078
----------------------------------------

======================== 切片硬件状态 ========================
切片号 | 所属安全域 | 当前状态    | 路扩展 | LRU touched
------------------------------------------------------------------
  0    |   域0      | 正常运行   |  是   |  300999995
  1    |   域3      | 正常运行   |  否   |  300999998
  2    |   域0      | 正常运行   |  是   |  300999995
  3    |   域2      | 正常运行   |  否   |  300999994
==================================================================

branch prediction, hits = 65164051, misses = 6904501, hit rate = 90.42%
return_stack prediction, hits = 5492570, misses = 11976474, hit rate = 31.44%
jump prediction, hits = 86681394, misses = 6302381, hit rate = 93.22%
 caconv_ calrms_ chroma_ cinvar_ clor6_
**** Debug Statistics at 401000000 Cycles *****
Threads: 4		Fetch Width: 8
No of useful instructions fetched:	1199468543 (37.39% proc util.)
No of total instructions fetched:	1856582599 (57.87% proc util.)
 includes 29993676 misfetch (1.6%), 627120380 (33.8%) wrong-path fetches
 and 0 flushed after failed lock(0.0%)
No of useful instructions issued/executed:	1199468519 (37.39% proc util.)
No of total instructions issued/executed:	1522010062 (47.44% proc util.)
 includes 322541543 wrong-path (21.2%) insts and 0 flushed (0.0%)
	fp 70959, 0.00%
	synch 0, 0.00%
	integer 1056255371, 69.40%
	load/store 465683732, 30.60%
Avg size of int IQ (before scheduling): 23.81
Avg size of fp IQ (before scheduling): 0.01
No of cycles taken:		401000000
Parallelism [ 0.935, 0.000, 1.131, 0.926,] = 2.991
 IQ conflicts: 3180675 (0.79%), FQ conflicts: 0 (0.00%) 
 I reg conflicts: 125546122 (31.31%), FP reg conflicts: 0 (0.00%)
  Activelist confs: 460 (0.00%), ROB confs: 202995 (0.05%)
  Int unit conflicts: 850312394 (212.05%), FP unit conflicts: 19 (0.00%)
  Load/store unit conflicts: 58690084 (14.64%)
  MSHR conflicts: 106640047 (26.59%)
----------------------------------------
==== System-wide Cache Statistics ====
Stall for miss queue full 0 cycles (0.00%)
----------------------------------------
==== Statistics for Master ID: 0 ====
Reads: 288464896   Writes: 48810539
ICACHE: size: 64 KB assoc: 2
ICACHE: hits:170153933 misses:1852669  Hit Ratio: 98.92%
DCACHE: size: 2*16 KB assoc: 2*4
DCACHE: hits:161849728 misses:3419105 writebacks:875867  Hit Ratio: 97.93%
SCACHE: size: 512 KB assoc: 2
SCACHE: hits:3953943 misses:1317829  Hit Ratio: 75.00%
3CACHE: size: 4096 KB assoc: 2
3CACHE: hits:995371 misses:322458  Hit Ratio: 75.53%
3CACHE: dirty items replaced:65540
ITLB: size: 48, misses 115265, miss rate 0.07%
DTLB: size: 128, misses 202828, miss rate 0.12%
Avg mem delay: 2.015 cycles
----------------------------------------
==== Statistics for Master ID: 2 ====
Reads: 255094474   Writes: 37478587
ICACHE: size: 64 KB assoc: 2
ICACHE: hits:165428019 misses:21047  Hit Ratio: 99.99%
DCACHE: size: 1*16 KB assoc: 1*4
DCACHE: hits:122582837 misses:4541248 writebacks:2151661  Hit Ratio: 96.43%
SCACHE: size: 512 KB assoc: 2
SCACHE: hits:2150179 misses:2412026  Hit Ratio: 47.13%
3CACHE: size: 4096 KB assoc: 2
3CACHE: hits:324674 misses:2087352  Hit Ratio: 13.46%
3CACHE: dirty items replaced:109128
ITLB: size: 48, misses 994, miss rate 0.00%
DTLB: size: 128, misses 128316, miss rate 0.10%
Avg mem delay: 2.015 cycles
----------------------------------------
==== Statistics for Master ID: 3 ====
Reads: 267934659   Writes: 102496812
ICACHE: size: 64 KB assoc: 2
ICACHE: hits:197460052 misses:5828  Hit Ratio: 100.00%
DCACHE: size: 1*16 KB assoc: 1*4
DCACHE: hits:170080104 misses:2885486 writebacks:1823193  Hit Ratio: 98.33%
SCACHE: size: 512 KB assoc: 2
SCACHE: hits:2165121 misses:726193  Hit Ratio: 74.88%
3CACHE: size: 4096 KB assoc: 2
3CACHE: hits:568992 misses:157201  Hit Ratio: 78.35%
3CACHE: dirty items replaced:28416
ITLB: size: 48, misses 4, miss rate 0.00%
DTLB: size: 128, misses 21387, miss rate 0.01%
Avg mem delay: 2.015 cycles
----------------------------------------
==== Global Resource Utilization ====
STASH: size: 65536 entries, full 2006908386, empty 35834942, misses 3226995, full rate 98.09
icache bank util. 0.266 0.223 0.105 0.101 0.114 0.161 0.105 0.273 
dcache bank util. 0.122 0.132 0.164 0.299 0.160 0.120 0.156 0.124 
L2 bank util. 0.029 0.030 0.030 0.030 0.028 0.028 0.030 0.033 
L1-L2 bus util. = 0.131, L3 util. = 0.064
----------------------------------------

======================== 切片硬件状态 ========================
切片号 | 所属安全域 | 当前状态    | 路扩展 | LRU touched
------------------------------------------------------------------
  0    |   域0      | 正常运行   |  是   |  400999941
  1    |   域3      | 正常运行   |  否   |  400999992
  2    |   域0      | 正常运行   |  是   |  400999891
  3    |   域2      | 正常运行   |  否   |  400999993
==================================================================

branch prediction, hits = 90145071, misses = 10243928, hit rate = 89.80%
return_stack prediction, hits = 7676999, misses = 16669521, hit rate = 31.53%
jump prediction, hits = 120360090, misses = 8993765, hit rate = 93.05%
 clorb_
**** Debug Statistics at 501000000 Cycles *****
Threads: 4		Fetch Width: 8
No of useful instructions fetched:	1557237319 (38.85% proc util.)
No of total instructions fetched:	2421775597 (60.42% proc util.)
 includes 39486073 misfetch (1.6%), 825052205 (34.1%) wrong-path fetches
 and 0 flushed after failed lock(0.0%)
No of useful instructions issued/executed:	1557237284 (38.85% proc util.)
No of total instructions issued/executed:	1980779631 (49.42% proc util.)
 includes 423542347 wrong-path (21.4%) insts and 0 flushed (0.0%)
	fp 83665, 0.00%
	synch 0, 0.00%
	integer 1375648666, 69.45%
	load/store 605047300, 30.55%
Avg size of int IQ (before scheduling): 24.55
Avg size of fp IQ (before scheduling): 0.01
No of cycles taken:		501000000
Parallelism [ 0.964, 0.000, 1.195, 0.949,] = 3.108
 IQ conflicts: 4464822 (0.89%), FQ conflicts: 0 (0.00%) 
 I reg conflicts: 141282217 (28.20%), FP reg conflicts: 0 (0.00%)
  Activelist confs: 502 (0.00%), ROB confs: 275030 (0.05%)
  Int unit conflicts: 1127054493 (224.96%), FP unit conflicts: 21 (0.00%)
  Load/store unit conflicts: 77188561 (15.41%)
  MSHR conflicts: 124045869 (24.76%)
----------------------------------------
==== System-wide Cache Statistics ====
Stall for miss queue full 0 cycles (0.00%)
----------------------------------------
==== Statistics for Master ID: 0 ====
Reads: 375017073   Writes: 63119360
ICACHE: size: 64 KB assoc: 2
ICACHE: hits:221681226 misses:2358313  Hit Ratio: 98.95%
DCACHE: size: 2*16 KB assoc: 2*4
DCACHE: hits:209871824 misses:4225070 writebacks:1151374  Hit Ratio: 98.03%
SCACHE: size: 512 KB assoc: 2
SCACHE: hits:4884541 misses:1698842  Hit Ratio: 74.19%
3CACHE: size: 4096 KB assoc: 2
3CACHE: hits:1290751 misses:408091  Hit Ratio: 75.98%
3CACHE: dirty items replaced:97845
ITLB: size: 48, misses 138312, miss rate 0.06%
DTLB: size: 128, misses 265516, miss rate 0.12%
Avg mem delay: 1.844 cycles
----------------------------------------
==== Statistics for Master ID: 2 ====
Reads: 336511465   Writes: 48645558
ICACHE: size: 64 KB assoc: 2
ICACHE: hits:217707727 misses:27450  Hit Ratio: 99.99%
DCACHE: size: 1*16 KB assoc: 1*4
DCACHE: hits:161911048 misses:5510888 writebacks:2546344  Hit Ratio: 96.71%
SCACHE: size: 512 KB assoc: 2
SCACHE: hits:2948228 misses:2590020  Hit Ratio: 53.23%
3CACHE: size: 4096 KB assoc: 2
3CACHE: hits:426578 misses:2163442  Hit Ratio: 16.47%
3CACHE: dirty items replaced:143322
ITLB: size: 48, misses 1269, miss rate 0.00%
DTLB: size: 128, misses 141533, miss rate 0.08%
Avg mem delay: 1.844 cycles
----------------------------------------
==== Statistics for Master ID: 3 ====
Reads: 346412600   Writes: 132775218
ICACHE: size: 64 KB assoc: 2
ICACHE: hits:256101713 misses:7062  Hit Ratio: 100.00%
DCACHE: size: 1*16 KB assoc: 1*4
DCACHE: hits:219384766 misses:3694276 writebacks:2333957  Hit Ratio: 98.34%
SCACHE: size: 512 KB assoc: 2
SCACHE: hits:2792915 misses:908423  Hit Ratio: 75.46%
3CACHE: size: 4096 KB assoc: 2
3CACHE: hits:704478 misses:203945  Hit Ratio: 77.55%
3CACHE: dirty items replaced:47555
ITLB: size: 48, misses 4, miss rate 0.00%
DTLB: size: 128, misses 26455, miss rate 0.01%
Avg mem delay: 1.844 cycles
----------------------------------------
==== Global Resource Utilization ====
STASH: size: 65536 entries, full 2619021235, empty 45918770, misses 4132758, full rate 98.12
icache bank util. 0.276 0.235 0.111 0.106 0.120 0.162 0.111 0.285 
dcache bank util. 0.127 0.136 0.170 0.308 0.170 0.122 0.161 0.128 
L2 bank util. 0.029 0.029 0.030 0.030 0.028 0.028 0.030 0.032 
L1-L2 bus util. = 0.131, L3 util. = 0.055
----------------------------------------

======================== 切片硬件状态 ========================
切片号 | 所属安全域 | 当前状态    | 路扩展 | LRU touched
------------------------------------------------------------------
  0    |   域0      | 正常运行   |  是   |  500999868
  1    |   域3      | 正常运行   |  否   |  500999990
  2    |   域0      | 正常运行   |  是   |  500999897
  3    |   域2      | 正常运行   |  否   |  500999990
==================================================================

branch prediction, hits = 115305160, misses = 13574161, hit rate = 89.47%
return_stack prediction, hits = 9981800, misses = 21351364, hit rate = 31.86%
jump prediction, hits = 154329663, misses = 11790512, hit rate = 92.90%
 clorb2_ combel_ comnul_
**** Debug Statistics at 601000000 Cycles *****
Threads: 4		Fetch Width: 8
No of useful instructions fetched:	1923937627 (40.02% proc util.)
No of total instructions fetched:	3007869986 (62.56% proc util.)
 includes 49554573 misfetch (1.6%), 1034377786 (34.4%) wrong-path fetches
 and 0 flushed after failed lock(0.0%)
No of useful instructions issued/executed:	1923937608 (40.02% proc util.)
No of total instructions issued/executed:	2453702211 (51.03% proc util.)
 includes 529764603 wrong-path (21.6%) insts and 0 flushed (0.0%)
	fp 95734, 0.00%
	synch 0, 0.00%
	integer 1705905219, 69.52%
	load/store 747701258, 30.47%
Avg size of int IQ (before scheduling): 24.91
Avg size of fp IQ (before scheduling): 0.00
No of cycles taken:		601000000
Parallelism [ 0.980, 0.000, 1.249, 0.972,] = 3.201
 IQ conflicts: 5398260 (0.90%), FQ conflicts: 0 (0.00%) 
 I reg conflicts: 154085398 (25.64%), FP reg conflicts: 0 (0.00%)
  Activelist confs: 507 (0.00%), ROB confs: 332962 (0.06%)
  Int unit conflicts: 1416839048 (235.75%), FP unit conflicts: 22 (0.00%)
  Load/store unit conflicts: 95781049 (15.94%)
  MSHR conflicts: 137778733 (22.92%)
----------------------------------------
==== System-wide Cache Statistics ====
Stall for miss queue full 0 cycles (0.00%)
----------------------------------------
==== Statistics for Master ID: 0 ====
Reads: 460411124   Writes: 77201973
ICACHE: size: 64 KB assoc: 2
ICACHE: hits:272426432 misses:3077910  Hit Ratio: 98.88%
DCACHE: size: 2*16 KB assoc: 2*4
DCACHE: hits:257294598 misses:4814157 writebacks:1322159  Hit Ratio: 98.16%
SCACHE: size: 512 KB assoc: 2
SCACHE: hits:5860060 misses:2032007  Hit Ratio: 74.25%
3CACHE: size: 4096 KB assoc: 2
3CACHE: hits:1556116 misses:475891  Hit Ratio: 76.58%
3CACHE: dirty items replaced:123952
ITLB: size: 48, misses 191180, miss rate 0.07%
DTLB: size: 128, misses 318209, miss rate 0.12%
Avg mem delay: 1.710 cycles
----------------------------------------
==== Statistics for Master ID: 2 ====
Reads: 422106257   Writes: 60063374
ICACHE: size: 64 KB assoc: 2
ICACHE: hits:272890324 misses:34571  Hit Ratio: 99.99%
DCACHE: size: 1*16 KB assoc: 1*4
DCACHE: hits:202701383 misses:6543443 writebacks:2968441  Hit Ratio: 96.87%
SCACHE: size: 512 KB assoc: 2
SCACHE: hits:3813164 misses:2764760  Hit Ratio: 57.97%
3CACHE: size: 4096 KB assoc: 2
3CACHE: hits:541295 misses:2223465  Hit Ratio: 19.58%
3CACHE: dirty items replaced:166962
ITLB: size: 48, misses 1662, miss rate 0.00%
DTLB: size: 128, misses 153679, miss rate 0.07%
Avg mem delay: 1.710 cycles
----------------------------------------
==== Statistics for Master ID: 3 ====
Reads: 429081480   Writes: 164599996
ICACHE: size: 64 KB assoc: 2
ICACHE: hits:317876995 misses:9057  Hit Ratio: 100.00%
DCACHE: size: 1*16 KB assoc: 1*4
DCACHE: hits:271254188 misses:4541235 writebacks:2868790  Hit Ratio: 98.35%
SCACHE: size: 512 KB assoc: 2
SCACHE: hits:3469731 misses:1080561  Hit Ratio: 76.25%
3CACHE: size: 4096 KB assoc: 2
3CACHE: hits:847626 misses:232935  Hit Ratio: 78.44%
3CACHE: dirty items replaced:58166
ITLB: size: 48, misses 4, miss rate 0.00%
DTLB: size: 128, misses 31657, miss rate 0.01%
Avg mem delay: 1.710 cycles
----------------------------------------
==== Global Resource Utilization ====
STASH: size: 65536 entries, full 3252156411, empty 58474095, misses 5245713, full rate 98.08
icache bank util. 0.285 0.245 0.117 0.111 0.125 0.163 0.117 0.296 
dcache bank util. 0.130 0.139 0.176 0.316 0.176 0.124 0.166 0.132 
L2 bank util. 0.029 0.029 0.030 0.030 0.028 0.028 0.029 0.031 
L1-L2 bus util. = 0.131, L3 util. = 0.049
----------------------------------------

======================== 切片硬件状态 ========================
切片号 | 所属安全域 | 当前状态    | 路扩展 | LRU touched
------------------------------------------------------------------
  0    |   域0      | 正常运行   |  是   |  600999999
  1    |   域3      | 正常运行   |  否   |  600999997
  2    |   域0      | 正常运行   |  是   |  600999994
  3    |   域2      | 正常运行   |  否   |  600999998
==================================================================

branch prediction, hits = 140366868, misses = 17098322, hit rate = 89.14%
return_stack prediction, hits = 12380681, misses = 26257754, hit rate = 32.04%
jump prediction, hits = 188497429, misses = 14770177, hit rate = 92.73%

**** Early Exiting at 621976723 Cycles *****
========================================
 SMTSIM Global Statistics
========================================
Threads: 4		Fetch Width: 8
No of useful instructions fetched:	2000000116 (40.19% proc util.)
No of total instructions fetched:	3128387176 (62.87% proc util.)
 includes 50777429 misfetch (1.6%), 1077609631 (34.4%) wrong-path fetches
 and 0 flushed after failed lock(0.0%)
No of useful instructions issued/executed:	2000000076 (40.19% proc util.)
No of total instructions issued/executed:	2552760574 (51.30% proc util.)
 includes 552760498 wrong-path (21.7%) insts and 0 flushed (0.0%)
	fp 95878, 0.00%
	synch 0, 0.00%
	integer 1774486324, 69.51%
	load/store 778178372, 30.48%
Avg size of int IQ (before scheduling): 25.08
Avg size of fp IQ (before scheduling): 0.00
No of cycles taken:		621976723
Parallelism [ 0.981, 0.000, 1.258, 0.977,] = 3.216
 IQ conflicts: 5716247 (0.92%), FQ conflicts: 0 (0.00%) 
 I reg conflicts: 157049501 (25.25%), FP reg conflicts: 0 (0.00%)
  Activelist confs: 507 (0.00%), ROB confs: 334994 (0.05%)
  Int unit conflicts: 1481339683 (238.17%), FP unit conflicts: 22 (0.00%)
  Load/store unit conflicts: 100762392 (16.20%)
  MSHR conflicts: 141088531 (22.68%)
----------------------------------------
==== System-wide Cache Statistics ====
Stall for miss queue full 0 cycles (0.00%)
----------------------------------------
==== Statistics for Master ID: 0 ====
Reads: 478287358   Writes: 80515788
ICACHE: size: 64 KB assoc: 2
ICACHE: hits:282795329 misses:3172455  Hit Ratio: 98.89%
DCACHE: size: 2*16 KB assoc: 2*4
DCACHE: hits:267693015 misses:5142347 writebacks:1359956  Hit Ratio: 98.12%
SCACHE: size: 512 KB assoc: 2
SCACHE: hits:6177594 misses:2137208  Hit Ratio: 74.30%
3CACHE: size: 4096 KB assoc: 2
3CACHE: hits:1646455 misses:490753  Hit Ratio: 77.04%
3CACHE: dirty items replaced:129561
ITLB: size: 48, misses 196482, miss rate 0.07%
DTLB: size: 128, misses 342420, miss rate 0.13%
Avg mem delay: 1.697 cycles
----------------------------------------
==== Statistics for Master ID: 2 ====
Reads: 439765060   Writes: 62394303
ICACHE: size: 64 KB assoc: 2
ICACHE: hits:284268658 misses:35967  Hit Ratio: 99.99%
DCACHE: size: 1*16 KB assoc: 1*4
DCACHE: hits:211091042 misses:6763786 writebacks:3059163  Hit Ratio: 96.90%
SCACHE: size: 512 KB assoc: 2
SCACHE: hits:3990241 misses:2809422  Hit Ratio: 58.68%
3CACHE: size: 4096 KB assoc: 2
3CACHE: hits:575215 misses:2234207  Hit Ratio: 20.47%
3CACHE: dirty items replaced:171734
ITLB: size: 48, misses 1728, miss rate 0.00%
DTLB: size: 128, misses 158540, miss rate 0.07%
Avg mem delay: 1.697 cycles
----------------------------------------
==== Statistics for Master ID: 3 ====
Reads: 446398920   Writes: 171301809
ICACHE: size: 64 KB assoc: 2
ICACHE: hits:330782417 misses:9147  Hit Ratio: 100.00%
DCACHE: size: 1*16 KB assoc: 1*4
DCACHE: hits:282189269 misses:4719895 writebacks:2981559  Hit Ratio: 98.35%
SCACHE: size: 512 KB assoc: 2
SCACHE: hits:3610696 misses:1118346  Hit Ratio: 76.35%
3CACHE: size: 4096 KB assoc: 2
3CACHE: hits:881960 misses:236386  Hit Ratio: 78.86%
3CACHE: dirty items replaced:59622
ITLB: size: 48, misses 4, miss rate 0.00%
DTLB: size: 128, misses 33385, miss rate 0.01%
Avg mem delay: 1.697 cycles
----------------------------------------
==== Global Resource Utilization ====
STASH: size: 65536 entries, full 3382847350, empty 60109504, misses 5391698, full rate 98.10
icache bank util. 0.287 0.246 0.118 0.111 0.126 0.162 0.117 0.298 
dcache bank util. 0.131 0.140 0.177 0.317 0.176 0.124 0.167 0.133 
L2 bank util. 0.029 0.029 0.030 0.030 0.028 0.028 0.029 0.031 
L1-L2 bus util. = 0.131, L3 util. = 0.048
----------------------------------------

======================== 切片硬件状态 ========================
切片号 | 所属安全域 | 当前状态    | 路扩展 | LRU touched
------------------------------------------------------------------
  0    |   域0      | 正常运行   |  是   |  621976721
  1    |   域3      | 正常运行   |  否   |  621976722
  2    |   域0      | 正常运行   |  是   |  621976720
  3    |   域2      | 正常运行   |  否   |  621976722
==================================================================

branch prediction, hits = 145786523, misses = 17671092, hit rate = 89.19%
return_stack prediction, hits = 12881268, misses = 27290977, hit rate = 32.07%
jump prediction, hits = 196059789, misses = 15187985, hit rate = 92.81%
total IPC 3.216

=== Results saved to: ./results/gcc-200_2_gzip-source_1_recurseq_1.txt ===
