测试组合（多线程优先）：gzip-source.arg2 + gcc-200.arg + recurseq.arg
执行命令：./smtsim gzip-source.arg2 gcc-200.arg recurseq.arg
==================================================

动态重分配参数：每50万周期检查，阈值5
Process 0, Thread 0: gzip-source
Process 0, Thread 1: gzip-source
Process 2, Thread 2: gcc-200
Process 3, Thread 3: recurseq
[切片调度] 新安全域0无任何切片，尝试分配空闲切片
[切片管理] 成功绑定切片0 → 安全域0

======================== 切片硬件状态 ========================
切片号 | 所属安全域 | 当前状态    | 路扩展 | LRU touched
------------------------------------------------------------------
  0    |   域0      | 正常运行   |  否   |  0
  1    |   域-1     | 切片空闲   |  否   |  0
  2    |   域-1     | 切片空闲   |  否   |  0
  3    |   域-1     | 切片空闲   |  否   |  0
==================================================================

[切片管理] 成功绑定切片1 → 安全域0，触发【路扩展模式】

======================== 切片硬件状态 ========================
切片号 | 所属安全域 | 当前状态    | 路扩展 | LRU touched
------------------------------------------------------------------
  0    |   域0      | 正常运行   |  是   |  0
  1    |   域0      | 正常运行   |  是   |  0
  2    |   域-1     | 切片空闲   |  否   |  0
  3    |   域-1     | 切片空闲   |  否   |  0
==================================================================

[切片调度] 新安全域2无任何切片，尝试分配空闲切片
[切片管理] 成功绑定切片2 → 安全域2

======================== 切片硬件状态 ========================
切片号 | 所属安全域 | 当前状态    | 路扩展 | LRU touched
------------------------------------------------------------------
  0    |   域0      | 正常运行   |  是   |  638
  1    |   域0      | 正常运行   |  是   |  0
  2    |   域2      | 正常运行   |  否   |  0
  3    |   域-1     | 切片空闲   |  否   |  0
==================================================================

[切片管理] 成功绑定切片3 → 安全域2，触发【路扩展模式】

======================== 切片硬件状态 ========================
切片号 | 所属安全域 | 当前状态    | 路扩展 | LRU touched
------------------------------------------------------------------
  0    |   域0      | 正常运行   |  是   |  638
  1    |   域0      | 正常运行   |  是   |  0
  2    |   域2      | 正常运行   |  是   |  0
  3    |   域2      | 正常运行   |  是   |  0
==================================================================

[切片调度] 新安全域3无任何切片，尝试分配空闲切片
[切片调度] 新安全域3未找到空闲切片，尝试剥夺切片
[切片替换] 优先从【路扩展切片】中选择LRU替换目标...
[切片替换] 找到路扩展切片作为受害者：切片1（最后访问：0）
[切片调度] 安全域3触发切片剥夺：从域0剥夺切片1
[切片剥夺] 周期640：切片1（所属域0）进入待剥夺状态，禁止新替换
[切片剥夺] 周期640：切片1在途请求已清空，开始执行脏行写回
[切片剥夺] 周期640：切片1无脏行，直接完成剥夺
[切片管理] 周期640：原域0仅剩1个切片，关闭路扩展模式
[动态重分配] 周期640：切片1写回完成，自动绑定到域3
[切片管理] 成功绑定切片1 → 安全域3

======================== 切片硬件状态 ========================
切片号 | 所属安全域 | 当前状态    | 路扩展 | LRU touched
------------------------------------------------------------------
  0    |   域0      | 正常运行   |  否   |  640
  1    |   域3      | 正常运行   |  否   |  640
  2    |   域2      | 正常运行   |  是   |  640
  3    |   域2      | 正常运行   |  是   |  0
==================================================================

[切片唤醒] 周期640：域3切片就绪，唤醒等待指令

**** Debug Statistics at 1000000 Cycles *****
Threads: 4		Fetch Width: 8
No of useful instructions fetched:	840186 (10.50% proc util.)
No of total instructions fetched:	963821 (12.05% proc util.)
 includes 11701 misfetch (1.2%), 111934 (11.6%) wrong-path fetches
 and 0 flushed after failed lock(0.0%)
No of useful instructions issued/executed:	840143 (10.50% proc util.)
No of total instructions issued/executed:	894305 (11.18% proc util.)
 includes 54162 wrong-path (6.1%) insts and 0 flushed (0.0%)
	fp 51, 0.01%
	synch 0, 0.00%
	integer 660332, 73.84%
	load/store 233922, 26.16%
Avg size of int IQ (before scheduling): 17.56
Avg size of fp IQ (before scheduling): 0.00
No of cycles taken:		1000000
Parallelism [ 0.118, 0.000, 0.269, 0.454,] = 0.840
 IQ conflicts: 837 (0.08%), FQ conflicts: 0 (0.00%) 
 I reg conflicts: 860233 (86.02%), FP reg conflicts: 0 (0.00%)
  Activelist confs: 0 (0.00%), ROB confs: 0 (0.00%)
  Int unit conflicts: 214893 (21.49%), FP unit conflicts: 0 (0.00%)
  Load/store unit conflicts: 11964 (1.20%)
  MSHR conflicts: 157230 (15.72%)
----------------------------------------
==== System-wide Cache Statistics ====
Stall for miss queue full 0 cycles (0.00%)
----------------------------------------
==== Statistics for Master ID: 0 ====
Reads: 89450   Writes: 19215
ICACHE: size: 64 KB assoc: 2
ICACHE: hits:51982 misses:207  Hit Ratio: 99.60%
DCACHE: size: 1*16 KB assoc: 1*4
DCACHE: hits:38029 misses:18447 writebacks:18293  Hit Ratio: 67.34%
SCACHE: size: 512 KB assoc: 2
SCACHE: hits:10 misses:18640  Hit Ratio: 0.05%
3CACHE: size: 4096 KB assoc: 2
3CACHE: hits:0 misses:18640  Hit Ratio: 0.00%
3CACHE: dirty items replaced:0
ITLB: size: 48, misses 18, miss rate 0.03%
DTLB: size: 128, misses 4592, miss rate 8.13%
Avg mem delay: 33.569 cycles
----------------------------------------
==== Statistics for Master ID: 2 ====
Reads: 147515   Writes: 33459
ICACHE: size: 64 KB assoc: 2
ICACHE: hits:94156 misses:1156  Hit Ratio: 98.79%
DCACHE: size: 2*16 KB assoc: 2*4
DCACHE: hits:84128 misses:1534 writebacks:699  Hit Ratio: 98.21%
SCACHE: size: 512 KB assoc: 2
SCACHE: hits:149 misses:2541  Hit Ratio: 5.54%
3CACHE: size: 4096 KB assoc: 2
3CACHE: hits:25 misses:2516  Hit Ratio: 0.98%
3CACHE: dirty items replaced:0
ITLB: size: 48, misses 66, miss rate 0.07%
DTLB: size: 128, misses 257, miss rate 0.30%
Avg mem delay: 33.569 cycles
----------------------------------------
==== Statistics for Master ID: 3 ====
Reads: 127406   Writes: 79997
ICACHE: size: 64 KB assoc: 2
ICACHE: hits:115636 misses:30  Hit Ratio: 99.97%
DCACHE: size: 1*16 KB assoc: 1*4
DCACHE: hits:86998 misses:4738 writebacks:4342  Hit Ratio: 94.84%
SCACHE: size: 512 KB assoc: 2
SCACHE: hits:331 misses:4437  Hit Ratio: 6.94%
3CACHE: size: 4096 KB assoc: 2
3CACHE: hits:23 misses:4414  Hit Ratio: 0.52%
3CACHE: dirty items replaced:0
ITLB: size: 48, misses 4, miss rate 0.00%
DTLB: size: 128, misses 95, miss rate 0.10%
Avg mem delay: 33.569 cycles
----------------------------------------
==== Global Resource Utilization ====
STASH: size: 65536 entries, full 997353, empty 18813, misses 1621, full rate 97.99
icache bank util. 0.033 0.107 0.020 0.015 0.013 0.012 0.021 0.047 
dcache bank util. 0.029 0.031 0.041 0.034 0.021 0.021 0.172 0.030 
L2 bank util. 0.011 0.010 0.010 0.011 0.010 0.010 0.230 0.010 
L1-L2 bus util. = 0.148, L3 util. = 0.256
----------------------------------------

======================== 切片硬件状态 ========================
切片号 | 所属安全域 | 当前状态    | 路扩展 | LRU touched
------------------------------------------------------------------
  0    |   域0      | 正常运行   |  否   |  999998
  1    |   域3      | 正常运行   |  否   |  999999
  2    |   域2      | 正常运行   |  是   |  999995
  3    |   域2      | 正常运行   |  是   |  999996
==================================================================

branch prediction, hits = 103072, misses = 4089, hit rate = 96.18%
return_stack prediction, hits = 3516, misses = 1991, hit rate = 63.85%
jump prediction, hits = 107701, misses = 3260, hit rate = 97.06%
 abend_ adia_ adib_ ambm6_
======================== 切片硬件状态 ========================
切片号 | 所属安全域 | 当前状态    | 路扩展 | LRU touched
------------------------------------------------------------------
  0    |   域0      | 正常运行   |  否   |  2999998
  1    |   域3      | 正常运行   |  否   |  3000000
  2    |   域2      | 正常运行   |  是   |  2999995
  3    |   域2      | 正常运行   |  是   |  2999996
==================================================================

[动态重分配] 周期3000000：预约迁移 冗余域2(1%) -> 切片2 -> 饥饿域0(33%)
[切片剥夺] 周期3000000：切片2（所属域2）进入待剥夺状态，禁止新替换
[切片剥夺] 周期3000000：切片2在途请求已清空，开始执行脏行写回
[切片管理] 周期3000212：原域2仅剩1个切片，关闭路扩展模式
[动态重分配] 周期3000212：切片2写回完成，自动绑定到域0
[切片管理] 成功绑定切片2 → 安全域0，触发【路扩展模式】

======================== 切片硬件状态 ========================
切片号 | 所属安全域 | 当前状态    | 路扩展 | LRU touched
------------------------------------------------------------------
  0    |   域0      | 正常运行   |  是   |  3000083
  1    |   域3      | 正常运行   |  否   |  3000046
  2    |   域0      | 正常运行   |  是   |  3000212
  3    |   域2      | 正常运行   |  否   |  3000198
==================================================================


**** Debug Statistics at 101000000 Cycles *****
Threads: 4		Fetch Width: 8
No of useful instructions fetched:	145055593 (17.95% proc util.)
No of total instructions fetched:	205097633 (25.38% proc util.)
 includes 4797789 misfetch (2.3%), 55244251 (26.9%) wrong-path fetches
 and 0 flushed after failed lock(0.0%)
No of useful instructions issued/executed:	145055567 (17.95% proc util.)
No of total instructions issued/executed:	173854100 (21.52% proc util.)
 includes 28798533 wrong-path (16.6%) insts and 0 flushed (0.0%)
	fp 10003, 0.01%
	synch 0, 0.00%
	integer 117450948, 67.56%
	load/store 56393149, 32.44%
Avg size of int IQ (before scheduling): 15.54
Avg size of fp IQ (before scheduling): 0.00
No of cycles taken:		101000000
Parallelism [ 0.336, 0.000, 0.509, 0.592,] = 1.436
 IQ conflicts: 60946 (0.06%), FQ conflicts: 0 (0.00%) 
 I reg conflicts: 71534429 (70.83%), FP reg conflicts: 0 (0.00%)
  Activelist confs: 0 (0.00%), ROB confs: 0 (0.00%)
  Int unit conflicts: 19275229 (19.08%), FP unit conflicts: 7 (0.00%)
  Load/store unit conflicts: 3509123 (3.47%)
  MSHR conflicts: 48210445 (47.73%)
----------------------------------------
==== System-wide Cache Statistics ====
Stall for miss queue full 0 cycles (0.00%)
----------------------------------------
==== Statistics for Master ID: 0 ====
Reads: 19401735   Writes: 5643967
ICACHE: size: 64 KB assoc: 2
ICACHE: hits:13572140 misses:660  Hit Ratio: 100.00%
DCACHE: size: 2*16 KB assoc: 2*4
DCACHE: hits:9923814 misses:1549088 writebacks:866469  Hit Ratio: 86.50%
SCACHE: size: 512 KB assoc: 2
SCACHE: hits:58 misses:1549690  Hit Ratio: 0.00%
3CACHE: size: 4096 KB assoc: 2
3CACHE: hits:113 misses:1549577  Hit Ratio: 0.01%
3CACHE: dirty items replaced:40562
ITLB: size: 48, misses 59, miss rate 0.00%
DTLB: size: 128, misses 67473, miss rate 0.59%
Avg mem delay: 7.081 cycles
----------------------------------------
==== Statistics for Master ID: 2 ====
Reads: 35142909   Writes: 6373436
ICACHE: size: 64 KB assoc: 2
ICACHE: hits:20035851 misses:353323  Hit Ratio: 98.27%
DCACHE: size: 1*16 KB assoc: 1*4
DCACHE: hits:20570621 misses:556614 writebacks:133585  Hit Ratio: 97.37%
SCACHE: size: 512 KB assoc: 2
SCACHE: hits:622769 misses:287104  Hit Ratio: 68.45%
3CACHE: size: 4096 KB assoc: 2
3CACHE: hits:183375 misses:103729  Hit Ratio: 63.87%
3CACHE: dirty items replaced:8323
ITLB: size: 48, misses 29228, miss rate 0.14%
DTLB: size: 128, misses 21976, miss rate 0.10%
Avg mem delay: 7.081 cycles
----------------------------------------
==== Statistics for Master ID: 3 ====
Reads: 35320882   Writes: 12870269
ICACHE: size: 64 KB assoc: 2
ICACHE: hits:24426887 misses:1448  Hit Ratio: 99.99%
DCACHE: size: 1*16 KB assoc: 1*4
DCACHE: hits:23298099 misses:464716 writebacks:294765  Hit Ratio: 98.04%
SCACHE: size: 512 KB assoc: 2
SCACHE: hits:291877 misses:174287  Hit Ratio: 62.61%
3CACHE: size: 4096 KB assoc: 2
3CACHE: hits:115551 misses:58736  Hit Ratio: 66.30%
3CACHE: dirty items replaced:644
ITLB: size: 48, misses 4, miss rate 0.00%
DTLB: size: 128, misses 3896, miss rate 0.02%
Avg mem delay: 7.081 cycles
----------------------------------------
==== Global Resource Utilization ====
STASH: size: 65536 entries, full 216998803, empty 6335197, misses 573016, full rate 96.91
icache bank util. 0.126 0.084 0.030 0.026 0.026 0.153 0.028 0.117 
dcache bank util. 0.070 0.072 0.076 0.174 0.067 0.064 0.071 0.078 
L2 bank util. 0.030 0.030 0.030 0.031 0.030 0.030 0.037 0.045 
L1-L2 bus util. = 0.125, L3 util. = 0.170
----------------------------------------

======================== 切片硬件状态 ========================
切片号 | 所属安全域 | 当前状态    | 路扩展 | LRU touched
------------------------------------------------------------------
  0    |   域0      | 正常运行   |  是   |  100999999
  1    |   域3      | 正常运行   |  否   |  100999994
  2    |   域0      | 正常运行   |  是   |  100999930
  3    |   域2      | 正常运行   |  否   |  100999996
==================================================================

branch prediction, hits = 13944769, misses = 1059367, hit rate = 92.94%
return_stack prediction, hits = 685833, misses = 2669384, hit rate = 20.44%
jump prediction, hits = 17613379, misses = 1448321, hit rate = 92.40%
 analie6_ betalf_
======================== 切片硬件状态 ========================
切片号 | 所属安全域 | 当前状态    | 路扩展 | LRU touched
------------------------------------------------------------------
  0    |   域0      | 正常运行   |  是   |  168499992
  1    |   域3      | 正常运行   |  否   |  168500000
  2    |   域0      | 正常运行   |  是   |  168499999
  3    |   域2      | 正常运行   |  否   |  168499999
==================================================================

[动态重分配] 周期168500000：预约迁移 冗余域0(0%) -> 切片0 -> 饥饿域2(7%)
[切片剥夺] 周期168500000：切片0（所属域0）进入待剥夺状态，禁止新替换
[切片剥夺] 周期168500000：切片0在途请求已清空，开始执行脏行写回
[切片管理] 周期168500291：原域0仅剩1个切片，关闭路扩展模式
[动态重分配] 周期168500291：切片0写回完成，自动绑定到域2
[切片管理] 成功绑定切片0 → 安全域2，触发【路扩展模式】

======================== 切片硬件状态 ========================
切片号 | 所属安全域 | 当前状态    | 路扩展 | LRU touched
------------------------------------------------------------------
  0    |   域2      | 正常运行   |  是   |  168500291
  1    |   域3      | 正常运行   |  否   |  168500276
  2    |   域0      | 正常运行   |  否   |  168500289
  3    |   域2      | 正常运行   |  是   |  168500121
==================================================================


**** Debug Statistics at 201000000 Cycles *****
Threads: 4		Fetch Width: 8
No of useful instructions fetched:	466097379 (28.99% proc util.)
No of total instructions fetched:	709036130 (44.09% proc util.)
 includes 13318413 misfetch (1.9%), 229620338 (32.4%) wrong-path fetches
 and 0 flushed after failed lock(0.0%)
No of useful instructions issued/executed:	466097361 (28.99% proc util.)
No of total instructions issued/executed:	584471628 (36.35% proc util.)
 includes 118374267 wrong-path (20.3%) insts and 0 flushed (0.0%)
	fp 39704, 0.01%
	synch 0, 0.00%
	integer 401856787, 68.76%
	load/store 182575137, 31.24%
Avg size of int IQ (before scheduling): 19.97
Avg size of fp IQ (before scheduling): 0.01
No of cycles taken:		201000000
Parallelism [ 0.778, 0.000, 0.752, 0.788,] = 2.319
 IQ conflicts: 799619 (0.40%), FQ conflicts: 0 (0.00%) 
 I reg conflicts: 96818757 (48.17%), FP reg conflicts: 0 (0.00%)
  Activelist confs: 627 (0.00%), ROB confs: 38766 (0.02%)
  Int unit conflicts: 254355416 (126.54%), FP unit conflicts: 10 (0.00%)
  Load/store unit conflicts: 20040943 (9.97%)
  MSHR conflicts: 71844455 (35.74%)
----------------------------------------
==== System-wide Cache Statistics ====
Stall for miss queue full 0 cycles (0.00%)
----------------------------------------
==== Statistics for Master ID: 0 ====
Reads: 89313388   Writes: 15606185
ICACHE: size: 64 KB assoc: 2
ICACHE: hits:58763455 misses:6690  Hit Ratio: 99.99%
DCACHE: size: 1*16 KB assoc: 1*4
DCACHE: hits:43531747 misses:2617773 writebacks:1334135  Hit Ratio: 94.33%
SCACHE: size: 512 KB assoc: 2
SCACHE: hits:571665 misses:2052706  Hit Ratio: 21.78%
3CACHE: size: 4096 KB assoc: 2
3CACHE: hits:96183 misses:1956523  Hit Ratio: 4.69%
3CACHE: dirty items replaced:69209
ITLB: size: 48, misses 342, miss rate 0.00%
DTLB: size: 128, misses 96937, miss rate 0.21%
Avg mem delay: 3.266 cycles
----------------------------------------
==== Statistics for Master ID: 2 ====
Reads: 113410650   Writes: 19518770
ICACHE: size: 64 KB assoc: 2
ICACHE: hits:66082681 misses:829582  Hit Ratio: 98.76%
DCACHE: size: 2*16 KB assoc: 2*4
DCACHE: hits:64482374 misses:1534847 writebacks:392562  Hit Ratio: 97.68%
SCACHE: size: 512 KB assoc: 2
SCACHE: hits:1720204 misses:644161  Hit Ratio: 72.76%
3CACHE: size: 4096 KB assoc: 2
3CACHE: hits:463195 misses:180966  Hit Ratio: 71.91%
3CACHE: dirty items replaced:19808
ITLB: size: 48, misses 56802, miss rate 0.08%
DTLB: size: 128, misses 67020, miss rate 0.10%
Avg mem delay: 3.266 cycles
----------------------------------------
==== Statistics for Master ID: 3 ====
Reads: 107623341   Writes: 40554822
ICACHE: size: 64 KB assoc: 2
ICACHE: hits:77894759 misses:2371  Hit Ratio: 100.00%
DCACHE: size: 1*16 KB assoc: 1*4
DCACHE: hits:69050126 misses:1230906 writebacks:778604  Hit Ratio: 98.25%
SCACHE: size: 512 KB assoc: 2
SCACHE: hits:869143 misses:364134  Hit Ratio: 70.47%
3CACHE: size: 4096 KB assoc: 2
3CACHE: hits:277228 misses:86906  Hit Ratio: 76.13%
3CACHE: dirty items replaced:4063
ITLB: size: 48, misses 4, miss rate 0.00%
DTLB: size: 128, misses 8844, miss rate 0.01%
Avg mem delay: 3.266 cycles
----------------------------------------
==== Global Resource Utilization ====
STASH: size: 65536 entries, full 762663392, empty 15844421, misses 1429817, full rate 97.79
icache bank util. 0.207 0.163 0.073 0.068 0.076 0.160 0.072 0.207 
dcache bank util. 0.101 0.107 0.125 0.247 0.122 0.099 0.119 0.104 
L2 bank util. 0.030 0.031 0.031 0.031 0.030 0.029 0.033 0.038 
L1-L2 bus util. = 0.130, L3 util. = 0.111
----------------------------------------

======================== 切片硬件状态 ========================
切片号 | 所属安全域 | 当前状态    | 路扩展 | LRU touched
------------------------------------------------------------------
  0    |   域2      | 正常运行   |  是   |  200999946
  1    |   域3      | 正常运行   |  否   |  200999997
  2    |   域0      | 正常运行   |  否   |  200999999
  3    |   域2      | 正常运行   |  是   |  200999535
==================================================================

branch prediction, hits = 37398860, misses = 3935532, hit rate = 90.48%
return_stack prediction, hits = 2729275, misses = 7105506, hit rate = 27.75%
jump prediction, hits = 49212015, misses = 3985737, hit rate = 92.51%
 block_ blockdis_
**** Debug Statistics at 301000000 Cycles *****
Threads: 4		Fetch Width: 8
No of useful instructions fetched:	841424886 (34.94% proc util.)
No of total instructions fetched:	1291982786 (53.65% proc util.)
 includes 21009668 misfetch (1.6%), 429548232 (33.2%) wrong-path fetches
 and 0 flushed after failed lock(0.0%)
No of useful instructions issued/executed:	841424862 (34.94% proc util.)
No of total instructions issued/executed:	1063446550 (44.16% proc util.)
 includes 222021688 wrong-path (20.9%) insts and 0 flushed (0.0%)
	fp 49234, 0.00%
	synch 0, 0.00%
	integer 735069439, 69.12%
	load/store 328327877, 30.87%
Avg size of int IQ (before scheduling): 22.65
Avg size of fp IQ (before scheduling): 0.01
No of cycles taken:		301000000
Parallelism [ 1.017, 0.000, 0.891, 0.887,] = 2.795
 IQ conflicts: 1975780 (0.66%), FQ conflicts: 0 (0.00%) 
 I reg conflicts: 109617959 (36.42%), FP reg conflicts: 0 (0.00%)
  Activelist confs: 691 (0.00%), ROB confs: 114974 (0.04%)
  Int unit conflicts: 569466939 (189.19%), FP unit conflicts: 14 (0.00%)
  Load/store unit conflicts: 41146070 (13.67%)
  MSHR conflicts: 91262390 (30.32%)
----------------------------------------
==== System-wide Cache Statistics ====
Stall for miss queue full 0 cycles (0.00%)
----------------------------------------
==== Statistics for Master ID: 0 ====
Reads: 173758880   Writes: 26859828
ICACHE: size: 64 KB assoc: 2
ICACHE: hits:112949308 misses:13573  Hit Ratio: 99.99%
DCACHE: size: 1*16 KB assoc: 1*4
DCACHE: hits:83903971 misses:3751948 writebacks:1795537  Hit Ratio: 95.72%
SCACHE: size: 512 KB assoc: 2
SCACHE: hits:1531783 misses:2233646  Hit Ratio: 40.68%
3CACHE: size: 4096 KB assoc: 2
3CACHE: hits:224867 misses:2008779  Hit Ratio: 10.07%
3CACHE: dirty items replaced:84167
ITLB: size: 48, misses 629, miss rate 0.00%
DTLB: size: 128, misses 115533, miss rate 0.13%
Avg mem delay: 2.360 cycles
----------------------------------------
==== Statistics for Master ID: 2 ====
Reads: 203516210   Writes: 35160169
ICACHE: size: 64 KB assoc: 2
ICACHE: hits:119748529 misses:1281116  Hit Ratio: 98.94%
DCACHE: size: 2*16 KB assoc: 2*4
DCACHE: hits:115090309 misses:2556489 writebacks:626331  Hit Ratio: 97.83%
SCACHE: size: 512 KB assoc: 2
SCACHE: hits:2848043 misses:989498  Hit Ratio: 74.22%
3CACHE: size: 4096 KB assoc: 2
3CACHE: hits:753783 misses:235715  Hit Ratio: 76.18%
3CACHE: dirty items replaced:33850
ITLB: size: 48, misses 78692, miss rate 0.07%
DTLB: size: 128, misses 151897, miss rate 0.13%
Avg mem delay: 2.360 cycles
----------------------------------------
==== Statistics for Master ID: 3 ====
Reads: 189246949   Writes: 72216090
ICACHE: size: 64 KB assoc: 2
ICACHE: hits:138656913 misses:3704  Hit Ratio: 100.00%
DCACHE: size: 1*16 KB assoc: 1*4
DCACHE: hits:120726050 misses:2076371 writebacks:1312304  Hit Ratio: 98.31%
SCACHE: size: 512 KB assoc: 2
SCACHE: hits:1534858 misses:545217  Hit Ratio: 73.79%
3CACHE: size: 4096 KB assoc: 2
3CACHE: hits:435090 misses:110127  Hit Ratio: 79.80%
3CACHE: dirty items replaced:11684
ITLB: size: 48, misses 4, miss rate 0.00%
DTLB: size: 128, misses 16362, miss rate 0.01%
Avg mem delay: 2.360 cycles
----------------------------------------
==== Global Resource Utilization ====
STASH: size: 65536 entries, full 1396495786, empty 25180398, misses 2281745, full rate 98.07
icache bank util. 0.248 0.203 0.095 0.092 0.104 0.162 0.095 0.252 
dcache bank util. 0.116 0.127 0.154 0.285 0.149 0.115 0.146 0.119 
L2 bank util. 0.030 0.030 0.031 0.031 0.029 0.029 0.032 0.035 
L1-L2 bus util. = 0.134, L3 util. = 0.078
----------------------------------------

======================== 切片硬件状态 ========================
切片号 | 所属安全域 | 当前状态    | 路扩展 | LRU touched
------------------------------------------------------------------
  0    |   域2      | 正常运行   |  是   |  300999874
  1    |   域3      | 正常运行   |  否   |  300999999
  2    |   域0      | 正常运行   |  否   |  300999861
  3    |   域2      | 正常运行   |  是   |  300999862
==================================================================

branch prediction, hits = 65247628, misses = 6927266, hit rate = 90.40%
return_stack prediction, hits = 5500770, misses = 11988323, hit rate = 31.45%
jump prediction, hits = 86765271, misses = 6321624, hit rate = 93.21%
 caconv_ calrms_ chroma_ cinvar_ clor6_
**** Debug Statistics at 401000000 Cycles *****
Threads: 4		Fetch Width: 8
No of useful instructions fetched:	1199313692 (37.39% proc util.)
No of total instructions fetched:	1857600894 (57.91% proc util.)
 includes 30010116 misfetch (1.6%), 628277086 (33.8%) wrong-path fetches
 and 0 flushed after failed lock(0.0%)
No of useful instructions issued/executed:	1199313679 (37.39% proc util.)
No of total instructions issued/executed:	1522603008 (47.46% proc util.)
 includes 323289329 wrong-path (21.2%) insts and 0 flushed (0.0%)
	fp 70866, 0.00%
	synch 0, 0.00%
	integer 1056744979, 69.40%
	load/store 465787163, 30.59%
Avg size of int IQ (before scheduling): 23.85
Avg size of fp IQ (before scheduling): 0.01
No of cycles taken:		401000000
Parallelism [ 1.129, 0.000, 0.935, 0.927,] = 2.991
 IQ conflicts: 3208702 (0.80%), FQ conflicts: 0 (0.00%) 
 I reg conflicts: 125345332 (31.26%), FP reg conflicts: 0 (0.00%)
  Activelist confs: 846 (0.00%), ROB confs: 187451 (0.05%)
  Int unit conflicts: 847780381 (211.42%), FP unit conflicts: 21 (0.00%)
  Load/store unit conflicts: 58455763 (14.58%)
  MSHR conflicts: 107664800 (26.85%)
----------------------------------------
==== System-wide Cache Statistics ====
Stall for miss queue full 0 cycles (0.00%)
----------------------------------------
==== Statistics for Master ID: 0 ====
Reads: 254993612   Writes: 37439549
ICACHE: size: 64 KB assoc: 2
ICACHE: hits:165419238 misses:19926  Hit Ratio: 99.99%
DCACHE: size: 1*16 KB assoc: 1*4
DCACHE: hits:122286206 misses:4707883 writebacks:2202856  Hit Ratio: 96.29%
SCACHE: size: 512 KB assoc: 2
SCACHE: hits:2311732 misses:2415985  Hit Ratio: 48.90%
3CACHE: size: 4096 KB assoc: 2
3CACHE: hits:329429 misses:2086556  Hit Ratio: 13.64%
3CACHE: dirty items replaced:109544
ITLB: size: 48, misses 996, miss rate 0.00%
DTLB: size: 128, misses 127685, miss rate 0.10%
Avg mem delay: 2.015 cycles
----------------------------------------
==== Statistics for Master ID: 2 ====
Reads: 288241175   Writes: 48801614
ICACHE: size: 64 KB assoc: 2
ICACHE: hits:170004513 misses:1853363  Hit Ratio: 98.92%
DCACHE: size: 2*16 KB assoc: 2*4
DCACHE: hits:162016850 misses:3168127 writebacks:809720  Hit Ratio: 98.08%
SCACHE: size: 512 KB assoc: 2
SCACHE: hits:3686384 misses:1335042  Hit Ratio: 73.41%
3CACHE: size: 4096 KB assoc: 2
3CACHE: hits:1011078 misses:323964  Hit Ratio: 75.73%
3CACHE: dirty items replaced:66527
ITLB: size: 48, misses 116523, miss rate 0.07%
DTLB: size: 128, misses 204255, miss rate 0.12%
Avg mem delay: 2.015 cycles
----------------------------------------
==== Statistics for Master ID: 3 ====
Reads: 268477352   Writes: 102691504
ICACHE: size: 64 KB assoc: 2
ICACHE: hits:197878600 misses:5763  Hit Ratio: 100.00%
DCACHE: size: 1*16 KB assoc: 1*4
DCACHE: hits:170395085 misses:2889407 writebacks:1825579  Hit Ratio: 98.33%
SCACHE: size: 512 KB assoc: 2
SCACHE: hits:2169645 misses:725525  Hit Ratio: 74.94%
3CACHE: size: 4096 KB assoc: 2
3CACHE: hits:568438 misses:157087  Hit Ratio: 78.35%
3CACHE: dirty items replaced:28834
ITLB: size: 48, misses 4, miss rate 0.00%
DTLB: size: 128, misses 21452, miss rate 0.01%
Avg mem delay: 2.015 cycles
----------------------------------------
==== Global Resource Utilization ====
STASH: size: 65536 entries, full 2008009734, empty 35815121, misses 3226010, full rate 98.09
icache bank util. 0.266 0.222 0.106 0.101 0.114 0.161 0.105 0.274 
dcache bank util. 0.122 0.132 0.164 0.299 0.160 0.120 0.156 0.124 
L2 bank util. 0.029 0.030 0.030 0.030 0.028 0.028 0.030 0.033 
L1-L2 bus util. = 0.131, L3 util. = 0.064
----------------------------------------

======================== 切片硬件状态 ========================
切片号 | 所属安全域 | 当前状态    | 路扩展 | LRU touched
------------------------------------------------------------------
  0    |   域2      | 正常运行   |  是   |  400999860
  1    |   域3      | 正常运行   |  否   |  400999958
  2    |   域0      | 正常运行   |  否   |  400999965
  3    |   域2      | 正常运行   |  是   |  400999881
==================================================================

branch prediction, hits = 90117943, misses = 10245068, hit rate = 89.79%
return_stack prediction, hits = 7674708, misses = 16691403, hit rate = 31.50%
jump prediction, hits = 120364749, misses = 9000973, hit rate = 93.04%
 clorb_
**** Debug Statistics at 501000000 Cycles *****
Threads: 4		Fetch Width: 8
No of useful instructions fetched:	1557000396 (38.85% proc util.)
No of total instructions fetched:	2422911552 (60.45% proc util.)
 includes 39434894 misfetch (1.6%), 826476262 (34.1%) wrong-path fetches
 and 0 flushed after failed lock(0.0%)
No of useful instructions issued/executed:	1557000325 (38.85% proc util.)
No of total instructions issued/executed:	1981533336 (49.44% proc util.)
 includes 424533011 wrong-path (21.4%) insts and 0 flushed (0.0%)
	fp 83529, 0.00%
	synch 0, 0.00%
	integer 1376230293, 69.45%
	load/store 605219514, 30.54%
Avg size of int IQ (before scheduling): 24.57
Avg size of fp IQ (before scheduling): 0.01
No of cycles taken:		501000000
Parallelism [ 1.194, 0.000, 0.964, 0.950,] = 3.108
 IQ conflicts: 4542100 (0.91%), FQ conflicts: 0 (0.00%) 
 I reg conflicts: 141021485 (28.15%), FP reg conflicts: 0 (0.00%)
  Activelist confs: 858 (0.00%), ROB confs: 258286 (0.05%)
  Int unit conflicts: 1123639253 (224.28%), FP unit conflicts: 21 (0.00%)
  Load/store unit conflicts: 76878984 (15.35%)
  MSHR conflicts: 125383075 (25.03%)
----------------------------------------
==== System-wide Cache Statistics ====
Stall for miss queue full 0 cycles (0.00%)
----------------------------------------
==== Statistics for Master ID: 0 ====
Reads: 336586757   Writes: 48604717
ICACHE: size: 64 KB assoc: 2
ICACHE: hits:217764133 misses:26348  Hit Ratio: 99.99%
DCACHE: size: 1*16 KB assoc: 1*4
DCACHE: hits:161715934 misses:5685151 writebacks:2599800  Hit Ratio: 96.60%
SCACHE: size: 512 KB assoc: 2
SCACHE: hits:3114307 misses:2597100  Hit Ratio: 54.53%
3CACHE: size: 4096 KB assoc: 2
3CACHE: hits:434586 misses:2162514  Hit Ratio: 16.73%
3CACHE: dirty items replaced:142002
ITLB: size: 48, misses 1262, miss rate 0.00%
DTLB: size: 128, misses 140870, miss rate 0.08%
Avg mem delay: 1.844 cycles
----------------------------------------
==== Statistics for Master ID: 2 ====
Reads: 374642647   Writes: 63087538
ICACHE: size: 64 KB assoc: 2
ICACHE: hits:221447505 misses:2352511  Hit Ratio: 98.95%
DCACHE: size: 2*16 KB assoc: 2*4
DCACHE: hits:209957317 misses:3972916 writebacks:1084881  Hit Ratio: 98.14%
SCACHE: size: 512 KB assoc: 2
SCACHE: hits:4587247 misses:1738116  Hit Ratio: 72.52%
3CACHE: size: 4096 KB assoc: 2
3CACHE: hits:1328018 misses:410098  Hit Ratio: 76.41%
3CACHE: dirty items replaced:99283
ITLB: size: 48, misses 139066, miss rate 0.06%
DTLB: size: 128, misses 266059, miss rate 0.12%
Avg mem delay: 1.844 cycles
----------------------------------------
==== Statistics for Master ID: 3 ====
Reads: 347017901   Writes: 133003325
ICACHE: size: 64 KB assoc: 2
ICACHE: hits:256573544 misses:6976  Hit Ratio: 100.00%
DCACHE: size: 1*16 KB assoc: 1*4
DCACHE: hits:219741536 misses:3699169 writebacks:2336942  Hit Ratio: 98.34%
SCACHE: size: 512 KB assoc: 2
SCACHE: hits:2802946 misses:903199  Hit Ratio: 75.63%
3CACHE: size: 4096 KB assoc: 2
3CACHE: hits:699386 misses:203812  Hit Ratio: 77.43%
3CACHE: dirty items replaced:46885
ITLB: size: 48, misses 4, miss rate 0.00%
DTLB: size: 128, misses 26557, miss rate 0.01%
Avg mem delay: 1.844 cycles
----------------------------------------
==== Global Resource Utilization ====
STASH: size: 65536 entries, full 2620387663, empty 45809501, misses 4124268, full rate 98.13
icache bank util. 0.276 0.235 0.111 0.106 0.120 0.162 0.111 0.286 
dcache bank util. 0.127 0.136 0.170 0.308 0.170 0.122 0.161 0.128 
L2 bank util. 0.029 0.029 0.030 0.030 0.028 0.028 0.030 0.032 
L1-L2 bus util. = 0.130, L3 util. = 0.055
----------------------------------------

======================== 切片硬件状态 ========================
切片号 | 所属安全域 | 当前状态    | 路扩展 | LRU touched
------------------------------------------------------------------
  0    |   域2      | 正常运行   |  是   |  500999995
  1    |   域3      | 正常运行   |  否   |  500999999
  2    |   域0      | 正常运行   |  否   |  500999999
  3    |   域2      | 正常运行   |  是   |  500999992
==================================================================

branch prediction, hits = 115296335, misses = 13581053, hit rate = 89.46%
return_stack prediction, hits = 9980681, misses = 21377078, hit rate = 31.83%
jump prediction, hits = 154371077, misses = 11785528, hit rate = 92.91%
 clorb2_ combel_ comnul_
**** Debug Statistics at 601000000 Cycles *****
Threads: 4		Fetch Width: 8
No of useful instructions fetched:	1923897639 (40.01% proc util.)
No of total instructions fetched:	3009218054 (62.59% proc util.)
 includes 49495980 misfetch (1.6%), 1035824435 (34.4%) wrong-path fetches
 and 0 flushed after failed lock(0.0%)
No of useful instructions issued/executed:	1923897630 (40.01% proc util.)
No of total instructions issued/executed:	2454665802 (51.05% proc util.)
 includes 530768172 wrong-path (21.6%) insts and 0 flushed (0.0%)
	fp 95642, 0.00%
	synch 0, 0.00%
	integer 1706744565, 69.53%
	load/store 747825595, 30.47%
Avg size of int IQ (before scheduling): 24.93
Avg size of fp IQ (before scheduling): 0.01
No of cycles taken:		601000000
Parallelism [ 1.248, 0.000, 0.979, 0.974,] = 3.201
 IQ conflicts: 5482030 (0.91%), FQ conflicts: 0 (0.00%) 
 I reg conflicts: 153814775 (25.59%), FP reg conflicts: 0 (0.00%)
  Activelist confs: 927 (0.00%), ROB confs: 312832 (0.05%)
  Int unit conflicts: 1413687165 (235.22%), FP unit conflicts: 22 (0.00%)
  Load/store unit conflicts: 95471560 (15.89%)
  MSHR conflicts: 139244266 (23.17%)
----------------------------------------
==== System-wide Cache Statistics ====
Stall for miss queue full 0 cycles (0.00%)
----------------------------------------
==== Statistics for Master ID: 0 ====
Reads: 422178029   Writes: 60005789
ICACHE: size: 64 KB assoc: 2
ICACHE: hits:272983193 misses:33449  Hit Ratio: 99.99%
DCACHE: size: 1*16 KB assoc: 1*4
DCACHE: hits:202448238 misses:6719030 writebacks:3023250  Hit Ratio: 96.79%
SCACHE: size: 512 KB assoc: 2
SCACHE: hits:3976747 misses:2775640  Hit Ratio: 58.89%
3CACHE: size: 4096 KB assoc: 2
3CACHE: hits:554117 misses:2221523  Hit Ratio: 19.96%
3CACHE: dirty items replaced:166521
ITLB: size: 48, misses 1650, miss rate 0.00%
DTLB: size: 128, misses 153081, miss rate 0.07%
Avg mem delay: 1.711 cycles
----------------------------------------
==== Statistics for Master ID: 2 ====
Reads: 459982270   Writes: 77156392
ICACHE: size: 64 KB assoc: 2
ICACHE: hits:272166329 misses:3069499  Hit Ratio: 98.88%
DCACHE: size: 2*16 KB assoc: 2*4
DCACHE: hits:257342096 misses:4560802 writebacks:1255210  Hit Ratio: 98.26%
SCACHE: size: 512 KB assoc: 2
SCACHE: hits:5554966 misses:2075270  Hit Ratio: 72.80%
3CACHE: size: 4096 KB assoc: 2
3CACHE: hits:1595956 misses:479314  Hit Ratio: 76.90%
3CACHE: dirty items replaced:127939
ITLB: size: 48, misses 191716, miss rate 0.07%
DTLB: size: 128, misses 318745, miss rate 0.12%
Avg mem delay: 1.711 cycles
----------------------------------------
==== Statistics for Master ID: 3 ====
Reads: 429737343   Writes: 164846223
ICACHE: size: 64 KB assoc: 2
ICACHE: hits:318369677 misses:8974  Hit Ratio: 100.00%
DCACHE: size: 1*16 KB assoc: 1*4
DCACHE: hits:271658313 misses:4546601 writebacks:2872141  Hit Ratio: 98.35%
SCACHE: size: 512 KB assoc: 2
SCACHE: hits:3480455 misses:1075120  Hit Ratio: 76.40%
3CACHE: size: 4096 KB assoc: 2
3CACHE: hits:842503 misses:232617  Hit Ratio: 78.36%
3CACHE: dirty items replaced:57268
ITLB: size: 48, misses 4, miss rate 0.00%
DTLB: size: 128, misses 31736, miss rate 0.01%
Avg mem delay: 1.711 cycles
----------------------------------------
==== Global Resource Utilization ====
STASH: size: 65536 entries, full 3253736946, empty 58333845, misses 5234988, full rate 98.08
icache bank util. 0.285 0.245 0.117 0.111 0.125 0.163 0.117 0.296 
dcache bank util. 0.130 0.139 0.176 0.316 0.175 0.124 0.166 0.131 
L2 bank util. 0.028 0.029 0.030 0.030 0.028 0.028 0.029 0.031 
L1-L2 bus util. = 0.130, L3 util. = 0.049
----------------------------------------

======================== 切片硬件状态 ========================
切片号 | 所属安全域 | 当前状态    | 路扩展 | LRU touched
------------------------------------------------------------------
  0    |   域2      | 正常运行   |  是   |  600999993
  1    |   域3      | 正常运行   |  否   |  600999997
  2    |   域0      | 正常运行   |  否   |  600999999
  3    |   域2      | 正常运行   |  是   |  600999999
==================================================================

branch prediction, hits = 140347755, misses = 17099462, hit rate = 89.14%
return_stack prediction, hits = 12371785, misses = 26286401, hit rate = 32.00%
jump prediction, hits = 188476723, misses = 14765047, hit rate = 92.74%

**** Early Exiting at 621979980 Cycles *****
========================================
 SMTSIM Global Statistics
========================================
Threads: 4		Fetch Width: 8
No of useful instructions fetched:	2000000092 (40.19% proc util.)
No of total instructions fetched:	3129755983 (62.90% proc util.)
 includes 50725097 misfetch (1.6%), 1079030794 (34.5%) wrong-path fetches
 and 0 flushed after failed lock(0.0%)
No of useful instructions issued/executed:	2000000040 (40.19% proc util.)
No of total instructions issued/executed:	2553751887 (51.32% proc util.)
 includes 553751847 wrong-path (21.7%) insts and 0 flushed (0.0%)
	fp 95797, 0.00%
	synch 0, 0.00%
	integer 1775319870, 69.52%
	load/store 778336220, 30.48%
Avg size of int IQ (before scheduling): 25.10
Avg size of fp IQ (before scheduling): 0.00
No of cycles taken:		621979980
Parallelism [ 1.257, 0.000, 0.981, 0.978,] = 3.216
 IQ conflicts: 5792723 (0.93%), FQ conflicts: 0 (0.00%) 
 I reg conflicts: 156779441 (25.21%), FP reg conflicts: 0 (0.00%)
  Activelist confs: 927 (0.00%), ROB confs: 318642 (0.05%)
  Int unit conflicts: 1477939152 (237.62%), FP unit conflicts: 22 (0.00%)
  Load/store unit conflicts: 100440406 (16.15%)
  MSHR conflicts: 142796834 (22.96%)
----------------------------------------
==== System-wide Cache Statistics ====
Stall for miss queue full 0 cycles (0.00%)
----------------------------------------
==== Statistics for Master ID: 0 ====
Reads: 439866048   Writes: 62381288
ICACHE: size: 64 KB assoc: 2
ICACHE: hits:284371298 misses:34906  Hit Ratio: 99.99%
DCACHE: size: 1*16 KB assoc: 1*4
DCACHE: hits:210906251 misses:6934973 writebacks:3112394  Hit Ratio: 96.82%
SCACHE: size: 512 KB assoc: 2
SCACHE: hits:4148823 misses:2820964  Hit Ratio: 59.53%
3CACHE: size: 4096 KB assoc: 2
3CACHE: hits:588430 misses:2232534  Hit Ratio: 20.86%
3CACHE: dirty items replaced:171378
ITLB: size: 48, misses 1722, miss rate 0.00%
DTLB: size: 128, misses 157829, miss rate 0.07%
Avg mem delay: 1.697 cycles
----------------------------------------
==== Statistics for Master ID: 2 ====
Reads: 477791294   Writes: 80457070
ICACHE: size: 64 KB assoc: 2
ICACHE: hits:282495424 misses:3168279  Hit Ratio: 98.89%
DCACHE: size: 2*16 KB assoc: 2*4
DCACHE: hits:267695826 misses:4888899 writebacks:1293261  Hit Ratio: 98.21%
SCACHE: size: 512 KB assoc: 2
SCACHE: hits:5878119 misses:2178995  Hit Ratio: 72.96%
3CACHE: size: 4096 KB assoc: 2
3CACHE: hits:1684136 misses:494859  Hit Ratio: 77.29%
3CACHE: dirty items replaced:136287
ITLB: size: 48, misses 197540, miss rate 0.07%
DTLB: size: 128, misses 342538, miss rate 0.13%
Avg mem delay: 1.697 cycles
----------------------------------------
==== Statistics for Master ID: 3 ====
Reads: 447088520   Writes: 171556422
ICACHE: size: 64 KB assoc: 2
ICACHE: hits:331302396 misses:9079  Hit Ratio: 100.00%
DCACHE: size: 1*16 KB assoc: 1*4
DCACHE: hits:282608132 misses:4725334 writebacks:2984956  Hit Ratio: 98.36%
SCACHE: size: 512 KB assoc: 2
SCACHE: hits:3621959 misses:1112454  Hit Ratio: 76.50%
3CACHE: size: 4096 KB assoc: 2
3CACHE: hits:876400 misses:236054  Hit Ratio: 78.78%
3CACHE: dirty items replaced:58732
ITLB: size: 48, misses 4, miss rate 0.00%
DTLB: size: 128, misses 33402, miss rate 0.01%
Avg mem delay: 1.697 cycles
----------------------------------------
==== Global Resource Utilization ====
STASH: size: 65536 entries, full 3384410024, empty 60008286, misses 5384453, full rate 98.10
icache bank util. 0.287 0.246 0.118 0.111 0.126 0.162 0.117 0.298 
dcache bank util. 0.131 0.140 0.177 0.318 0.176 0.124 0.167 0.133 
L2 bank util. 0.029 0.029 0.030 0.030 0.028 0.028 0.029 0.031 
L1-L2 bus util. = 0.131, L3 util. = 0.048
----------------------------------------

======================== 切片硬件状态 ========================
切片号 | 所属安全域 | 当前状态    | 路扩展 | LRU touched
------------------------------------------------------------------
  0    |   域2      | 正常运行   |  是   |  621979978
  1    |   域3      | 正常运行   |  否   |  621979979
  2    |   域0      | 正常运行   |  否   |  621979979
  3    |   域2      | 正常运行   |  是   |  621979971
==================================================================

branch prediction, hits = 145744903, misses = 17671271, hit rate = 89.19%
return_stack prediction, hits = 12875662, misses = 27320644, hit rate = 32.03%
jump prediction, hits = 196035722, misses = 15184292, hit rate = 92.81%
total IPC 3.216

=== Results saved to: ./results/gzip-source_2_gcc-200_1_recurseq_1.txt ===
