测试组合（多线程优先）：gcc-scilab.arg2 + cacherand.arg + gzip-source.arg
执行命令：./smtsim gcc-scilab.arg2 cacherand.arg gzip-source.arg
==================================================

 dgelq2_ dgelqf_动态重分配参数：每50万周期检查，阈值5
Process 0, Thread 0: gcc-scilab
Process 0, Thread 1: gcc-scilab
Process 2, Thread 2: cacherand
Process 3, Thread 3: gzip-source
[切片调度] 新安全域2无任何切片，尝试分配空闲切片
[切片管理] 成功绑定切片0 → 安全域2

======================== 切片硬件状态 ========================
切片号 | 所属安全域 | 当前状态    | 路扩展 | LRU touched
------------------------------------------------------------------
  0    |   域2      | 正常运行   |  否   |  0
  1    |   域-1     | 切片空闲   |  否   |  0
  2    |   域-1     | 切片空闲   |  否   |  0
  3    |   域-1     | 切片空闲   |  否   |  0
==================================================================

[切片管理] 成功绑定切片1 → 安全域2，触发【路扩展模式】

======================== 切片硬件状态 ========================
切片号 | 所属安全域 | 当前状态    | 路扩展 | LRU touched
------------------------------------------------------------------
  0    |   域2      | 正常运行   |  是   |  0
  1    |   域2      | 正常运行   |  是   |  0
  2    |   域-1     | 切片空闲   |  否   |  0
  3    |   域-1     | 切片空闲   |  否   |  0
==================================================================

[切片调度] 新安全域3无任何切片，尝试分配空闲切片
[切片管理] 成功绑定切片2 → 安全域3

======================== 切片硬件状态 ========================
切片号 | 所属安全域 | 当前状态    | 路扩展 | LRU touched
------------------------------------------------------------------
  0    |   域2      | 正常运行   |  是   |  435
  1    |   域2      | 正常运行   |  是   |  0
  2    |   域3      | 正常运行   |  否   |  0
  3    |   域-1     | 切片空闲   |  否   |  0
==================================================================

[切片管理] 成功绑定切片3 → 安全域3，触发【路扩展模式】

======================== 切片硬件状态 ========================
切片号 | 所属安全域 | 当前状态    | 路扩展 | LRU touched
------------------------------------------------------------------
  0    |   域2      | 正常运行   |  是   |  435
  1    |   域2      | 正常运行   |  是   |  0
  2    |   域3      | 正常运行   |  是   |  0
  3    |   域3      | 正常运行   |  是   |  0
==================================================================

[切片调度] 新安全域0无任何切片，尝试分配空闲切片
[切片调度] 新安全域0未找到空闲切片，尝试剥夺切片
[切片替换] 优先从【路扩展切片】中选择LRU替换目标...
[切片替换] 找到路扩展切片作为受害者：切片1（最后访问：0）
[切片调度] 安全域0触发切片剥夺：从域2剥夺切片1
[切片剥夺] 周期519：切片1（所属域2）进入待剥夺状态，禁止新替换
[切片剥夺] 周期519：切片1在途请求已清空，开始执行脏行写回
[切片剥夺] 周期519：切片1无脏行，直接完成剥夺
[切片管理] 周期519：原域2仅剩1个切片，关闭路扩展模式
[动态重分配] 周期519：切片1写回完成，自动绑定到域0
[切片管理] 成功绑定切片1 → 安全域0

======================== 切片硬件状态 ========================
切片号 | 所属安全域 | 当前状态    | 路扩展 | LRU touched
------------------------------------------------------------------
  0    |   域2      | 正常运行   |  否   |  435
  1    |   域0      | 正常运行   |  否   |  519
  2    |   域3      | 正常运行   |  是   |  511
  3    |   域3      | 正常运行   |  是   |  0
==================================================================

[切片唤醒] 周期519：域0切片就绪，唤醒等待指令

**** Debug Statistics at 1000000 Cycles *****
Threads: 4		Fetch Width: 8
No of useful instructions fetched:	1145260 (14.32% proc util.)
No of total instructions fetched:	1301886 (16.27% proc util.)
 includes 7632 misfetch (0.6%), 148994 (11.4%) wrong-path fetches
 and 0 flushed after failed lock(0.0%)
No of useful instructions issued/executed:	1145233 (14.32% proc util.)
No of total instructions issued/executed:	1232952 (15.41% proc util.)
 includes 87719 wrong-path (7.1%) insts and 0 flushed (0.0%)
	fp 22, 0.00%
	synch 0, 0.00%
	integer 982479, 79.69%
	load/store 250451, 20.31%
Avg size of int IQ (before scheduling): 36.26
Avg size of fp IQ (before scheduling): 0.00
No of cycles taken:		1000000
Parallelism [ 0.334, 0.000, 0.673, 0.138,] = 1.145
 IQ conflicts: 4488 (0.45%), FQ conflicts: 0 (0.00%) 
 I reg conflicts: 808080 (80.81%), FP reg conflicts: 0 (0.00%)
  Activelist confs: 0 (0.00%), ROB confs: 0 (0.00%)
  Int unit conflicts: 47486 (4.75%), FP unit conflicts: 0 (0.00%)
  Load/store unit conflicts: 21207 (2.12%)
  MSHR conflicts: 117650 (11.77%)
----------------------------------------
==== System-wide Cache Statistics ====
Stall for miss queue full 0 cycles (0.00%)
----------------------------------------
==== Statistics for Master ID: 0 ====
Reads: 259510   Writes: 47240
ICACHE: size: 64 KB assoc: 2
ICACHE: hits:148365 misses:356  Hit Ratio: 99.76%
DCACHE: size: 1*16 KB assoc: 1*4
DCACHE: hits:154068 misses:3960 writebacks:509  Hit Ratio: 97.49%
SCACHE: size: 512 KB assoc: 2
SCACHE: hits:1229 misses:3087  Hit Ratio: 28.48%
3CACHE: size: 4096 KB assoc: 2
3CACHE: hits:134 misses:2953  Hit Ratio: 4.34%
3CACHE: dirty items replaced:0
ITLB: size: 48, misses 18, miss rate 0.01%
DTLB: size: 128, misses 597, miss rate 0.38%
Avg mem delay: 45.393 cycles
----------------------------------------
==== Statistics for Master ID: 2 ====
Reads: 177251   Writes: 35
ICACHE: size: 64 KB assoc: 2
ICACHE: hits:152240 misses:23  Hit Ratio: 99.98%
DCACHE: size: 1*16 KB assoc: 1*4
DCACHE: hits:8356 misses:16667 writebacks:13  Hit Ratio: 33.39%
SCACHE: size: 512 KB assoc: 2
SCACHE: hits:14952 misses:1738  Hit Ratio: 89.59%
3CACHE: size: 4096 KB assoc: 2
3CACHE: hits:903 misses:835  Hit Ratio: 51.96%
3CACHE: dirty items replaced:0
ITLB: size: 48, misses 4, miss rate 0.00%
DTLB: size: 128, misses 45, miss rate 0.18%
Avg mem delay: 45.393 cycles
----------------------------------------
==== Statistics for Master ID: 3 ====
Reads: 104379   Writes: 22513
ICACHE: size: 64 KB assoc: 2
ICACHE: hits:60255 misses:202  Hit Ratio: 99.67%
DCACHE: size: 2*16 KB assoc: 2*4
DCACHE: hits:44680 misses:21755 writebacks:21583  Hit Ratio: 67.25%
SCACHE: size: 512 KB assoc: 2
SCACHE: hits:5 misses:21952  Hit Ratio: 0.02%
3CACHE: size: 4096 KB assoc: 2
3CACHE: hits:0 misses:21952  Hit Ratio: 0.00%
3CACHE: dirty items replaced:3
ITLB: size: 48, misses 18, miss rate 0.03%
DTLB: size: 128, misses 5419, miss rate 8.16%
Avg mem delay: 45.393 cycles
----------------------------------------
==== Global Resource Utilization ====
STASH: size: 65536 entries, full 94951701, empty 5734773, misses 691782, full rate 93.66
icache bank util. 0.112 0.087 0.020 0.019 0.014 0.024 0.035 0.052 
dcache bank util. 0.037 0.019 0.043 0.026 0.036 0.035 0.210 0.038 
L2 bank util. 0.015 0.016 0.015 0.016 0.017 0.015 0.278 0.015 
L1-L2 bus util. = 0.195, L3 util. = 0.257
----------------------------------------

======================== 切片硬件状态 ========================
切片号 | 所属安全域 | 当前状态    | 路扩展 | LRU touched
------------------------------------------------------------------
  0    |   域2      | 正常运行   |  否   |  999941
  1    |   域0      | 正常运行   |  否   |  999949
  2    |   域3      | 正常运行   |  是   |  999997
  3    |   域3      | 正常运行   |  是   |  999872
==================================================================

branch prediction, hits = 75485, misses = 6645, hit rate = 91.91%
return_stack prediction, hits = 7121, misses = 9, hit rate = 99.87%
jump prediction, hits = 82020, misses = 2018, hit rate = 97.60%
 dgels_
======================== 切片硬件状态 ========================
切片号 | 所属安全域 | 当前状态    | 路扩展 | LRU touched
------------------------------------------------------------------
  0    |   域2      | 正常运行   |  否   |  2999996
  1    |   域0      | 正常运行   |  否   |  2999997
  2    |   域3      | 正常运行   |  是   |  2999950
  3    |   域3      | 正常运行   |  是   |  2999987
==================================================================

[动态重分配] 周期3000000：预约迁移 冗余域3(33%) -> 切片2 -> 饥饿域2(66%)
[切片剥夺] 周期3000000：切片2（所属域3）进入待剥夺状态，禁止新替换
[切片剥夺] 周期3000364：切片2在途请求已清空，开始执行脏行写回
[切片管理] 周期3002568：原域3仅剩1个切片，关闭路扩展模式
[动态重分配] 周期3002568：切片2写回完成，自动绑定到域2
[切片管理] 成功绑定切片2 → 安全域2，触发【路扩展模式】

======================== 切片硬件状态 ========================
切片号 | 所属安全域 | 当前状态    | 路扩展 | LRU touched
------------------------------------------------------------------
  0    |   域2      | 正常运行   |  是   |  3002530
  1    |   域0      | 正常运行   |  否   |  3002567
  2    |   域2      | 正常运行   |  是   |  3002568
  3    |   域3      | 正常运行   |  否   |  3002554
==================================================================


**** Debug Statistics at 101000000 Cycles *****
Threads: 4		Fetch Width: 8
No of useful instructions fetched:	152382809 (18.86% proc util.)
No of total instructions fetched:	173253297 (21.44% proc util.)
 includes 5860661 misfetch (3.4%), 15009827 (8.7%) wrong-path fetches
 and 0 flushed after failed lock(0.0%)
No of useful instructions issued/executed:	152382774 (18.86% proc util.)
No of total instructions issued/executed:	158662711 (19.64% proc util.)
 includes 6279937 wrong-path (4.0%) insts and 0 flushed (0.0%)
	fp 4642, 0.00%
	synch 0, 0.00%
	integer 122471250, 77.19%
	load/store 36186819, 22.81%
Avg size of int IQ (before scheduling): 17.46
Avg size of fp IQ (before scheduling): 0.00
No of cycles taken:		101000000
Parallelism [ 0.522, 0.000, 0.656, 0.331,] = 1.509
 IQ conflicts: 7222 (0.01%), FQ conflicts: 0 (0.00%) 
 I reg conflicts: 77192353 (76.43%), FP reg conflicts: 0 (0.00%)
  Activelist confs: 0 (0.00%), ROB confs: 1461 (0.00%)
  Int unit conflicts: 6385457 (6.32%), FP unit conflicts: 0 (0.00%)
  Load/store unit conflicts: 1981713 (1.96%)
  MSHR conflicts: 12038547 (11.92%)
----------------------------------------
==== System-wide Cache Statistics ====
Stall for miss queue full 123 cycles (0.00%)
----------------------------------------
==== Statistics for Master ID: 0 ====
Reads: 34289414   Writes: 6978433
ICACHE: size: 64 KB assoc: 2
ICACHE: hits:18645325 misses:243611  Hit Ratio: 98.71%
DCACHE: size: 1*16 KB assoc: 1*4
DCACHE: hits:21698981 misses:679929 writebacks:209374  Hit Ratio: 96.96%
SCACHE: size: 512 KB assoc: 2
SCACHE: hits:568918 misses:354622  Hit Ratio: 61.60%
3CACHE: size: 4096 KB assoc: 2
3CACHE: hits:271036 misses:83586  Hit Ratio: 76.43%
3CACHE: dirty items replaced:5830
ITLB: size: 48, misses 14509, miss rate 0.08%
DTLB: size: 128, misses 22597, miss rate 0.10%
Avg mem delay: 10.785 cycles
----------------------------------------
==== Statistics for Master ID: 2 ====
Reads: 19072398   Writes: 54
ICACHE: size: 64 KB assoc: 2
ICACHE: hits:16618223 misses:70  Hit Ratio: 100.00%
DCACHE: size: 2*16 KB assoc: 2*4
DCACHE: hits:1604719 misses:849440 writebacks:30  Hit Ratio: 65.39%
SCACHE: size: 512 KB assoc: 2
SCACHE: hits:788506 misses:61004  Hit Ratio: 92.82%
3CACHE: size: 4096 KB assoc: 2
3CACHE: hits:51711 misses:9293  Hit Ratio: 84.77%
3CACHE: dirty items replaced:7
ITLB: size: 48, misses 4, miss rate 0.00%
DTLB: size: 128, misses 256, miss rate 0.01%
Avg mem delay: 10.785 cycles
----------------------------------------
==== Statistics for Master ID: 3 ====
Reads: 17903187   Writes: 5561298
ICACHE: size: 64 KB assoc: 2
ICACHE: hits:12156222 misses:610  Hit Ratio: 99.99%
DCACHE: size: 1*16 KB assoc: 1*4
DCACHE: hits:9779176 misses:1528601 writebacks:856294  Hit Ratio: 86.48%
SCACHE: size: 512 KB assoc: 2
SCACHE: hits:128 misses:1528959  Hit Ratio: 0.01%
3CACHE: size: 4096 KB assoc: 2
3CACHE: hits:88 misses:1528870  Hit Ratio: 0.01%
3CACHE: dirty items replaced:51866
ITLB: size: 48, misses 54, miss rate 0.00%
DTLB: size: 128, misses 67154, miss rate 0.59%
Avg mem delay: 10.785 cycles
----------------------------------------
==== Global Resource Utilization ====
STASH: size: 65536 entries, full 269210658, empty 10989395, misses 1174740, full rate 95.68
icache bank util. 0.119 0.093 0.024 0.026 0.028 0.139 0.024 0.026 
dcache bank util. 0.055 0.056 0.059 0.063 0.067 0.057 0.059 0.065 
L2 bank util. 0.031 0.031 0.031 0.032 0.031 0.030 0.039 0.046 
L1-L2 bus util. = 0.130, L3 util. = 0.161
----------------------------------------

======================== 切片硬件状态 ========================
切片号 | 所属安全域 | 当前状态    | 路扩展 | LRU touched
------------------------------------------------------------------
  0    |   域2      | 正常运行   |  是   |  100999823
  1    |   域0      | 正常运行   |  否   |  100999991
  2    |   域2      | 正常运行   |  是   |  100999964
  3    |   域3      | 正常运行   |  否   |  100999989
==================================================================

branch prediction, hits = 13950750, misses = 1140611, hit rate = 92.44%
return_stack prediction, hits = 739940, misses = 1205, hit rate = 99.84%
jump prediction, hits = 13293436, misses = 1512806, hit rate = 89.78%

**** Debug Statistics at 201000000 Cycles *****
Threads: 4		Fetch Width: 8
No of useful instructions fetched:	515663326 (32.07% proc util.)
No of total instructions fetched:	638050773 (39.68% proc util.)
 includes 20258751 misfetch (3.2%), 102128696 (16.0%) wrong-path fetches
 and 0 flushed after failed lock(0.0%)
No of useful instructions issued/executed:	515663287 (32.07% proc util.)
No of total instructions issued/executed:	559908908 (34.82% proc util.)
 includes 44245621 wrong-path (7.9%) insts and 0 flushed (0.0%)
	fp 4735, 0.00%
	synch 0, 0.00%
	integer 428806207, 76.58%
	load/store 131097966, 23.41%
Avg size of int IQ (before scheduling): 24.04
Avg size of fp IQ (before scheduling): 0.00
No of cycles taken:		201000000
Parallelism [ 0.801, 0.000, 0.936, 0.829,] = 2.565
 IQ conflicts: 288226 (0.14%), FQ conflicts: 0 (0.00%) 
 I reg conflicts: 110018528 (54.74%), FP reg conflicts: 0 (0.00%)
  Activelist confs: 262 (0.00%), ROB confs: 82684 (0.04%)
  Int unit conflicts: 181281410 (90.19%), FP unit conflicts: 2 (0.00%)
  Load/store unit conflicts: 12806877 (6.37%)
  MSHR conflicts: 25736603 (12.80%)
----------------------------------------
==== System-wide Cache Statistics ====
Stall for miss queue full 123 cycles (0.00%)
----------------------------------------
==== Statistics for Master ID: 0 ====
Reads: 120808011   Writes: 21822476
ICACHE: size: 64 KB assoc: 2
ICACHE: hits:67667891 misses:771448  Hit Ratio: 98.87%
DCACHE: size: 1*16 KB assoc: 1*4
DCACHE: hits:72202853 misses:1988294 writebacks:680848  Hit Ratio: 97.32%
SCACHE: size: 512 KB assoc: 2
SCACHE: hits:2081766 misses:677976  Hit Ratio: 75.43%
3CACHE: size: 4096 KB assoc: 2
3CACHE: hits:538670 misses:139305  Hit Ratio: 79.45%
3CACHE: dirty items replaced:16999
ITLB: size: 48, misses 30096, miss rate 0.04%
DTLB: size: 128, misses 84630, miss rate 0.11%
Avg mem delay: 4.259 cycles
----------------------------------------
==== Statistics for Master ID: 2 ====
Reads: 59530097   Writes: 56
ICACHE: size: 64 KB assoc: 2
ICACHE: hits:52564206 misses:132  Hit Ratio: 100.00%
DCACHE: size: 2*16 KB assoc: 2*4
DCACHE: hits:4610004 misses:2355811 writebacks:32  Hit Ratio: 66.18%
SCACHE: size: 512 KB assoc: 2
SCACHE: hits:2264184 misses:91759  Hit Ratio: 96.11%
3CACHE: size: 4096 KB assoc: 2
3CACHE: hits:74496 misses:17263  Hit Ratio: 81.19%
3CACHE: dirty items replaced:2016
ITLB: size: 48, misses 4, miss rate 0.00%
DTLB: size: 128, misses 732, miss rate 0.01%
Avg mem delay: 4.259 cycles
----------------------------------------
==== Statistics for Master ID: 3 ====
Reads: 91702686   Writes: 16442859
ICACHE: size: 64 KB assoc: 2
ICACHE: hits:58428558 misses:7983  Hit Ratio: 99.99%
DCACHE: size: 1*16 KB assoc: 1*4
DCACHE: hits:46832121 misses:2877007 writebacks:1423223  Hit Ratio: 94.21%
SCACHE: size: 512 KB assoc: 2
SCACHE: hits:860472 misses:2024394  Hit Ratio: 29.83%
3CACHE: size: 4096 KB assoc: 2
3CACHE: hits:79145 misses:1945249  Hit Ratio: 3.91%
3CACHE: dirty items replaced:75869
ITLB: size: 48, misses 276, miss rate 0.00%
DTLB: size: 128, misses 99975, miss rate 0.20%
Avg mem delay: 4.259 cycles
----------------------------------------
==== Global Resource Utilization ====
STASH: size: 65536 entries, full 762713705, empty 20967880, misses 2062993, full rate 97.07
icache bank util. 0.217 0.176 0.055 0.064 0.081 0.160 0.071 0.081 
dcache bank util. 0.091 0.091 0.097 0.099 0.119 0.082 0.112 0.099 
L2 bank util. 0.034 0.035 0.035 0.035 0.034 0.033 0.038 0.042 
L1-L2 bus util. = 0.151, L3 util. = 0.105
----------------------------------------

======================== 切片硬件状态 ========================
切片号 | 所属安全域 | 当前状态    | 路扩展 | LRU touched
------------------------------------------------------------------
  0    |   域2      | 正常运行   |  是   |  200999992
  1    |   域0      | 正常运行   |  否   |  200999998
  2    |   域2      | 正常运行   |  是   |  200999972
  3    |   域3      | 正常运行   |  否   |  200999999
==================================================================

branch prediction, hits = 39312542, misses = 4684484, hit rate = 89.35%
return_stack prediction, hits = 2872922, misses = 1392, hit rate = 99.95%
jump prediction, hits = 38789580, misses = 4937139, hit rate = 88.71%
 dgemm_
**** Debug Statistics at 301000000 Cycles *****
Threads: 4		Fetch Width: 8
No of useful instructions fetched:	954287920 (39.63% proc util.)
No of total instructions fetched:	1186777757 (49.28% proc util.)
 includes 30096841 misfetch (2.5%), 202392996 (17.1%) wrong-path fetches
 and 0 flushed after failed lock(0.0%)
No of useful instructions issued/executed:	954287881 (39.63% proc util.)
No of total instructions issued/executed:	1042255773 (43.28% proc util.)
 includes 87967892 wrong-path (8.4%) insts and 0 flushed (0.0%)
	fp 24516, 0.00%
	synch 0, 0.00%
	integer 799936527, 76.75%
	load/store 242294730, 23.25%
Avg size of int IQ (before scheduling): 27.97
Avg size of fp IQ (before scheduling): 0.00
No of cycles taken:		301000000
Parallelism [ 0.970, 0.000, 1.087, 1.114,] = 3.170
 IQ conflicts: 682216 (0.23%), FQ conflicts: 0 (0.00%) 
 I reg conflicts: 130724750 (43.43%), FP reg conflicts: 0 (0.00%)
  Activelist confs: 419 (0.00%), ROB confs: 181774 (0.06%)
  Int unit conflicts: 420340545 (139.65%), FP unit conflicts: 2 (0.00%)
  Load/store unit conflicts: 24825539 (8.25%)
  MSHR conflicts: 38341215 (12.74%)
----------------------------------------
==== System-wide Cache Statistics ====
Stall for miss queue full 123 cycles (0.00%)
----------------------------------------
==== Statistics for Master ID: 0 ====
Reads: 220496288   Writes: 39183459
ICACHE: size: 64 KB assoc: 2
ICACHE: hits:125097811 misses:1199217  Hit Ratio: 99.05%
DCACHE: size: 1*16 KB assoc: 1*4
DCACHE: hits:130020361 misses:3362357 writebacks:1187536  Hit Ratio: 97.48%
SCACHE: size: 512 KB assoc: 2
SCACHE: hits:3494875 misses:1066699  Hit Ratio: 76.62%
3CACHE: size: 4096 KB assoc: 2
3CACHE: hits:874049 misses:192650  Hit Ratio: 81.94%
3CACHE: dirty items replaced:32524
ITLB: size: 48, misses 50205, miss rate 0.04%
DTLB: size: 128, misses 147721, miss rate 0.11%
Avg mem delay: 2.915 cycles
----------------------------------------
==== Statistics for Master ID: 2 ====
Reads: 105832447   Writes: 58
ICACHE: size: 64 KB assoc: 2
ICACHE: hits:93713498 misses:210  Hit Ratio: 100.00%
DCACHE: size: 2*16 KB assoc: 2*4
DCACHE: hits:8042341 misses:4076456 writebacks:34  Hit Ratio: 66.36%
SCACHE: size: 512 KB assoc: 2
SCACHE: hits:3954723 misses:121943  Hit Ratio: 97.01%
3CACHE: size: 4096 KB assoc: 2
3CACHE: hits:99512 misses:22431  Hit Ratio: 81.61%
3CACHE: dirty items replaced:4465
ITLB: size: 48, misses 4, miss rate 0.00%
DTLB: size: 128, misses 1045, miss rate 0.01%
Avg mem delay: 2.915 cycles
----------------------------------------
==== Statistics for Master ID: 3 ====
Reads: 182293501   Writes: 29082384
ICACHE: size: 64 KB assoc: 2
ICACHE: hits:114914642 misses:14599  Hit Ratio: 99.99%
DCACHE: size: 1*16 KB assoc: 1*4
DCACHE: hits:92365239 misses:4081529 writebacks:1921828  Hit Ratio: 95.77%
SCACHE: size: 512 KB assoc: 2
SCACHE: hits:1909693 misses:2186311  Hit Ratio: 46.62%
3CACHE: size: 4096 KB assoc: 2
3CACHE: hits:204269 misses:1982042  Hit Ratio: 9.34%
3CACHE: dirty items replaced:86323
ITLB: size: 48, misses 578, miss rate 0.00%
DTLB: size: 128, misses 114824, miss rate 0.12%
Avg mem delay: 2.915 cycles
----------------------------------------
==== Global Resource Utilization ====
STASH: size: 65536 entries, full 1346125607, empty 30736001, misses 2927081, full rate 97.56
icache bank util. 0.267 0.216 0.076 0.089 0.107 0.165 0.096 0.109 
dcache bank util. 0.106 0.108 0.120 0.114 0.144 0.101 0.143 0.114 
L2 bank util. 0.035 0.036 0.036 0.035 0.035 0.033 0.038 0.040 
L1-L2 bus util. = 0.158, L3 util. = 0.073
----------------------------------------

======================== 切片硬件状态 ========================
切片号 | 所属安全域 | 当前状态    | 路扩展 | LRU touched
------------------------------------------------------------------
  0    |   域2      | 正常运行   |  是   |  300999957
  1    |   域0      | 正常运行   |  否   |  300999999
  2    |   域2      | 正常运行   |  是   |  300999997
  3    |   域3      | 正常运行   |  否   |  300999996
==================================================================

branch prediction, hits = 68803228, misses = 8302202, hit rate = 89.23%
return_stack prediction, hits = 5316603, misses = 3245, hit rate = 99.94%
jump prediction, hits = 70463085, misses = 7491967, hit rate = 90.39%
 dgemv_ dgeqr2_ dgeqrf_
**** Debug Statistics at 401000000 Cycles *****
Threads: 4		Fetch Width: 8
No of useful instructions fetched:	1383237771 (43.12% proc util.)
No of total instructions fetched:	1743782919 (54.36% proc util.)
 includes 45868660 misfetch (2.6%), 314676488 (18.0%) wrong-path fetches
 and 0 flushed after failed lock(0.0%)
No of useful instructions issued/executed:	1383237714 (43.12% proc util.)
No of total instructions issued/executed:	1519906540 (47.38% proc util.)
 includes 136668826 wrong-path (9.0%) insts and 0 flushed (0.0%)
	fp 29521, 0.00%
	synch 0, 0.00%
	integer 1165906017, 76.71%
	load/store 353971002, 23.29%
Avg size of int IQ (before scheduling): 29.70
Avg size of fp IQ (before scheduling): 0.00
No of cycles taken:		401000000
Parallelism [ 1.023, 0.000, 1.166, 1.261,] = 3.449
 IQ conflicts: 971080 (0.24%), FQ conflicts: 0 (0.00%) 
 I reg conflicts: 150166011 (37.45%), FP reg conflicts: 0 (0.00%)
  Activelist confs: 577 (0.00%), ROB confs: 254921 (0.06%)
  Int unit conflicts: 634701769 (158.28%), FP unit conflicts: 2 (0.00%)
  Load/store unit conflicts: 37091171 (9.25%)
  MSHR conflicts: 46902436 (11.70%)
----------------------------------------
==== System-wide Cache Statistics ====
Stall for miss queue full 123 cycles (0.00%)
----------------------------------------
==== Statistics for Master ID: 0 ====
Reads: 321220080   Writes: 56052964
ICACHE: size: 64 KB assoc: 2
ICACHE: hits:182597384 misses:1850415  Hit Ratio: 99.00%
DCACHE: size: 1*16 KB assoc: 1*4
DCACHE: hits:188035990 misses:4789254 writebacks:1607932  Hit Ratio: 97.52%
SCACHE: size: 512 KB assoc: 2
SCACHE: hits:5251124 misses:1388545  Hit Ratio: 79.09%
3CACHE: size: 4096 KB assoc: 2
3CACHE: hits:1133190 misses:255355  Hit Ratio: 81.61%
3CACHE: dirty items replaced:62689
ITLB: size: 48, misses 76156, miss rate 0.04%
DTLB: size: 128, misses 212596, miss rate 0.11%
Avg mem delay: 2.416 cycles
----------------------------------------
==== Statistics for Master ID: 2 ====
Reads: 153054081   Writes: 61
ICACHE: size: 64 KB assoc: 2
ICACHE: hits:135742606 misses:318  Hit Ratio: 100.00%
DCACHE: size: 2*16 KB assoc: 2*4
DCACHE: hits:11502567 misses:5808651 writebacks:37  Hit Ratio: 66.45%
SCACHE: size: 512 KB assoc: 2
SCACHE: hits:5664388 misses:144581  Hit Ratio: 97.51%
3CACHE: size: 4096 KB assoc: 2
3CACHE: hits:114691 misses:29890  Hit Ratio: 79.33%
3CACHE: dirty items replaced:9086
ITLB: size: 48, misses 4, miss rate 0.00%
DTLB: size: 128, misses 1420, miss rate 0.01%
Avg mem delay: 2.416 cycles
----------------------------------------
==== Statistics for Master ID: 3 ====
Reads: 274145242   Writes: 41621079
ICACHE: size: 64 KB assoc: 2
ICACHE: hits:172466028 misses:23103  Hit Ratio: 99.99%
DCACHE: size: 1*16 KB assoc: 1*4
DCACHE: hits:138058060 misses:5219254 writebacks:2395319  Hit Ratio: 96.36%
SCACHE: size: 512 KB assoc: 2
SCACHE: hits:2906480 misses:2335753  Hit Ratio: 55.44%
3CACHE: size: 4096 KB assoc: 2
3CACHE: hits:310549 misses:2025204  Hit Ratio: 13.30%
3CACHE: dirty items replaced:99743
ITLB: size: 48, misses 911, miss rate 0.00%
DTLB: size: 128, misses 132077, miss rate 0.09%
Avg mem delay: 2.416 cycles
----------------------------------------
==== Global Resource Utilization ====
STASH: size: 65536 entries, full 1936659707, empty 43631298, misses 4071124, full rate 97.60
icache bank util. 0.296 0.239 0.086 0.101 0.120 0.168 0.109 0.125 
dcache bank util. 0.113 0.118 0.132 0.123 0.158 0.106 0.155 0.124 
L2 bank util. 0.036 0.036 0.036 0.036 0.035 0.034 0.037 0.039 
L1-L2 bus util. = 0.162, L3 util. = 0.058
----------------------------------------

======================== 切片硬件状态 ========================
切片号 | 所属安全域 | 当前状态    | 路扩展 | LRU touched
------------------------------------------------------------------
  0    |   域2      | 正常运行   |  是   |  400999874
  1    |   域0      | 正常运行   |  否   |  400999999
  2    |   域2      | 正常运行   |  是   |  400999989
  3    |   域3      | 正常运行   |  否   |  400999998
==================================================================

branch prediction, hits = 96573768, misses = 12510089, hit rate = 88.53%
return_stack prediction, hits = 7860546, misses = 5107, hit rate = 99.94%
jump prediction, hits = 99206691, misses = 11331870, hit rate = 89.75%
 dger_ dlabad_ dlacon_ dlae2_ dlaev2_
**** Debug Statistics at 501000000 Cycles *****
Threads: 4		Fetch Width: 8
No of useful instructions fetched:	1821406441 (45.44% proc util.)
No of total instructions fetched:	2308626265 (57.60% proc util.)
 includes 59936490 misfetch (2.6%), 427283334 (18.5%) wrong-path fetches
 and 0 flushed after failed lock(0.0%)
No of useful instructions issued/executed:	1821406416 (45.44% proc util.)
No of total instructions issued/executed:	2006023335 (50.05% proc util.)
 includes 184616919 wrong-path (9.2%) insts and 0 flushed (0.0%)
	fp 42346, 0.00%
	synch 0, 0.00%
	integer 1539136210, 76.73%
	load/store 466844779, 23.27%
Avg size of int IQ (before scheduling): 30.81
Avg size of fp IQ (before scheduling): 0.00
No of cycles taken:		501000000
Parallelism [ 1.063, 0.000, 1.217, 1.356,] = 3.636
 IQ conflicts: 1214885 (0.24%), FQ conflicts: 0 (0.00%) 
 I reg conflicts: 168470283 (33.63%), FP reg conflicts: 0 (0.00%)
  Activelist confs: 718 (0.00%), ROB confs: 307738 (0.06%)
  Int unit conflicts: 864368310 (172.53%), FP unit conflicts: 6 (0.00%)
  Load/store unit conflicts: 49626042 (9.91%)
  MSHR conflicts: 54500981 (10.88%)
----------------------------------------
==== System-wide Cache Statistics ====
Stall for miss queue full 123 cycles (0.00%)
----------------------------------------
==== Statistics for Master ID: 0 ====
Reads: 421791179   Writes: 72666325
ICACHE: size: 64 KB assoc: 2
ICACHE: hits:240228758 misses:2538266  Hit Ratio: 98.95%
DCACHE: size: 1*16 KB assoc: 1*4
DCACHE: hits:245787097 misses:5903382 writebacks:1955796  Hit Ratio: 97.65%
SCACHE: size: 512 KB assoc: 2
SCACHE: hits:6740820 misses:1700828  Hit Ratio: 79.85%
3CACHE: size: 4096 KB assoc: 2
3CACHE: hits:1396960 misses:303868  Hit Ratio: 82.13%
3CACHE: dirty items replaced:83640
ITLB: size: 48, misses 113778, miss rate 0.05%
DTLB: size: 128, misses 270332, miss rate 0.11%
Avg mem delay: 2.139 cycles
----------------------------------------
==== Statistics for Master ID: 2 ====
Reads: 201140091   Writes: 61
ICACHE: size: 64 KB assoc: 2
ICACHE: hits:178553675 misses:500  Hit Ratio: 100.00%
DCACHE: size: 2*16 KB assoc: 2*4
DCACHE: hits:15016912 misses:7569065 writebacks:37  Hit Ratio: 66.49%
SCACHE: size: 512 KB assoc: 2
SCACHE: hits:7398456 misses:171108  Hit Ratio: 97.74%
3CACHE: size: 4096 KB assoc: 2
3CACHE: hits:136538 misses:34570  Hit Ratio: 79.80%
3CACHE: dirty items replaced:11864
ITLB: size: 48, misses 4, miss rate 0.00%
DTLB: size: 128, misses 1690, miss rate 0.01%
Avg mem delay: 2.139 cycles
----------------------------------------
==== Statistics for Master ID: 3 ====
Reads: 368278841   Writes: 54898371
ICACHE: size: 64 KB assoc: 2
ICACHE: hits:231288098 misses:31134  Hit Ratio: 99.99%
DCACHE: size: 1*16 KB assoc: 1*4
DCACHE: hits:185464370 misses:6393734 writebacks:2874613  Hit Ratio: 96.67%
SCACHE: size: 512 KB assoc: 2
SCACHE: hits:3941810 misses:2482933  Hit Ratio: 61.35%
3CACHE: size: 4096 KB assoc: 2
3CACHE: hits:419661 misses:2063271  Hit Ratio: 16.90%
3CACHE: dirty items replaced:121204
ITLB: size: 48, misses 1321, miss rate 0.00%
DTLB: size: 128, misses 146998, miss rate 0.08%
Avg mem delay: 2.139 cycles
----------------------------------------
==== Global Resource Utilization ====
STASH: size: 65536 entries, full 2535941907, empty 56537928, misses 5198347, full rate 97.62
icache bank util. 0.313 0.253 0.092 0.109 0.128 0.171 0.117 0.134 
dcache bank util. 0.118 0.124 0.140 0.127 0.168 0.112 0.162 0.128 
L2 bank util. 0.036 0.036 0.036 0.036 0.035 0.034 0.037 0.038 
L1-L2 bus util. = 0.163, L3 util. = 0.048
----------------------------------------

======================== 切片硬件状态 ========================
切片号 | 所属安全域 | 当前状态    | 路扩展 | LRU touched
------------------------------------------------------------------
  0    |   域2      | 正常运行   |  是   |  500999935
  1    |   域0      | 正常运行   |  否   |  500999997
  2    |   域2      | 正常运行   |  是   |  500999985
  3    |   域3      | 正常运行   |  否   |  500999996
==================================================================

branch prediction, hits = 124633778, misses = 16756793, hit rate = 88.15%
return_stack prediction, hits = 10448309, misses = 7101, hit rate = 99.93%
jump prediction, hits = 128953116, misses = 14815945, hit rate = 89.69%
 dlamch_ dlamc1_
**** Early Exiting at 542149211 Cycles *****
========================================
 SMTSIM Global Statistics
========================================
Threads: 4		Fetch Width: 8
No of useful instructions fetched:	2000000064 (46.11% proc util.)
No of total instructions fetched:	2543610454 (58.65% proc util.)
 includes 67404021 misfetch (2.6%), 476206369 (18.7%) wrong-path fetches
 and 0 flushed after failed lock(0.0%)
No of useful instructions issued/executed:	2000000043 (46.11% proc util.)
No of total instructions issued/executed:	2205355085 (50.85% proc util.)
 includes 205355042 wrong-path (9.3%) insts and 0 flushed (0.0%)
	fp 49196, 0.00%
	synch 0, 0.00%
	integer 1691755205, 76.71%
	load/store 513550684, 23.29%
Avg size of int IQ (before scheduling): 31.09
Avg size of fp IQ (before scheduling): 0.00
No of cycles taken:		542149211
Parallelism [ 1.071, 0.000, 1.232, 1.385,] = 3.689
 IQ conflicts: 1290937 (0.24%), FQ conflicts: 0 (0.00%) 
 I reg conflicts: 175622273 (32.39%), FP reg conflicts: 0 (0.00%)
  Activelist confs: 811 (0.00%), ROB confs: 316391 (0.06%)
  Int unit conflicts: 953540283 (175.88%), FP unit conflicts: 6 (0.00%)
  Load/store unit conflicts: 54838614 (10.12%)
  MSHR conflicts: 56964610 (10.51%)
----------------------------------------
==== System-wide Cache Statistics ====
Stall for miss queue full 123 cycles (0.00%)
----------------------------------------
==== Statistics for Master ID: 0 ====
Reads: 463999037   Writes: 79337416
ICACHE: size: 64 KB assoc: 2
ICACHE: hits:264574112 misses:2832789  Hit Ratio: 98.94%
DCACHE: size: 1*16 KB assoc: 1*4
DCACHE: hits:269547402 misses:6382149 writebacks:2088051  Hit Ratio: 97.69%
SCACHE: size: 512 KB assoc: 2
SCACHE: hits:7397115 misses:1817823  Hit Ratio: 80.27%
3CACHE: size: 4096 KB assoc: 2
3CACHE: hits:1494841 misses:322982  Hit Ratio: 82.23%
3CACHE: dirty items replaced:92163
ITLB: size: 48, misses 124894, miss rate 0.05%
DTLB: size: 128, misses 295734, miss rate 0.11%
Avg mem delay: 2.062 cycles
----------------------------------------
==== Statistics for Master ID: 2 ====
Reads: 220857829   Writes: 61
ICACHE: size: 64 KB assoc: 2
ICACHE: hits:196111315 misses:554  Hit Ratio: 100.00%
DCACHE: size: 2*16 KB assoc: 2*4
DCACHE: hits:16455800 misses:8290221 writebacks:37  Hit Ratio: 66.50%
SCACHE: size: 512 KB assoc: 2
SCACHE: hits:8109196 misses:181579  Hit Ratio: 97.81%
3CACHE: size: 4096 KB assoc: 2
3CACHE: hits:144977 misses:36602  Hit Ratio: 79.84%
3CACHE: dirty items replaced:13008
ITLB: size: 48, misses 4, miss rate 0.00%
DTLB: size: 128, misses 1830, miss rate 0.01%
Avg mem delay: 2.062 cycles
----------------------------------------
==== Statistics for Master ID: 3 ====
Reads: 407400346   Writes: 60418143
ICACHE: size: 64 KB assoc: 2
ICACHE: hits:255748149 misses:34556  Hit Ratio: 99.99%
DCACHE: size: 1*16 KB assoc: 1*4
DCACHE: hits:205167112 misses:6868796 writebacks:3068012  Hit Ratio: 96.76%
SCACHE: size: 512 KB assoc: 2
SCACHE: hits:4364898 misses:2538330  Hit Ratio: 63.23%
3CACHE: size: 4096 KB assoc: 2
3CACHE: hits:459789 misses:2078541  Hit Ratio: 18.11%
3CACHE: dirty items replaced:127089
ITLB: size: 48, misses 1438, miss rate 0.00%
DTLB: size: 128, misses 153789, miss rate 0.07%
Avg mem delay: 2.062 cycles
----------------------------------------
==== Global Resource Utilization ====
STASH: size: 65536 entries, full 2784813459, empty 62497476, misses 5724661, full rate 97.61
icache bank util. 0.319 0.257 0.094 0.111 0.131 0.172 0.121 0.137 
dcache bank util. 0.120 0.126 0.141 0.129 0.173 0.113 0.164 0.128 
L2 bank util. 0.036 0.036 0.036 0.036 0.035 0.034 0.037 0.038 
L1-L2 bus util. = 0.164, L3 util. = 0.045
----------------------------------------

======================== 切片硬件状态 ========================
切片号 | 所属安全域 | 当前状态    | 路扩展 | LRU touched
------------------------------------------------------------------
  0    |   域2      | 正常运行   |  是   |  542149195
  1    |   域0      | 正常运行   |  否   |  542149208
  2    |   域2      | 正常运行   |  是   |  542149175
  3    |   域3      | 正常运行   |  否   |  542149210
==================================================================

branch prediction, hits = 136014738, misses = 18647994, hit rate = 87.94%
return_stack prediction, hits = 11582609, misses = 7884, hit rate = 99.93%
jump prediction, hits = 140879438, misses = 16577684, hit rate = 89.47%
total IPC 3.689

=== Results saved to: ./results/gcc-scilab_2_cacherand_1_gzip-source_1.txt ===
