测试组合（多线程优先）：gcc-166.arg2 + crafty.arg + equake.arg
执行命令：./smtsim gcc-166.arg2 crafty.arg equake.arg
==================================================

 __sigismember __sigaddset __sigdelset mem_access_latency dl1_access_fn dl2_access_fn il1_access_fn il2_access_fn itlb_access_fn dtlb_access_fn sim_reg_options sim_check_options sim_aux_config sim_reg_stats sim_init sim_aux_stats sim_uninit ruu_init ruu_dumpent ruu_dump lsq_init lsq_dump rslink_init ruu_release_fu eventq_init eventq_dump eventq_queue_event eventq_next_event readyq_init readyq_dump readyq_enqueue cv_init cv_dump ruu_commit ruu_recover ruu_writeback lsq_refresh ruu_issue rspec_dump tracer_recover tracer_init spec_mem_access mspec_dump simoo_mem_obj ruu_link_idep ruu_install_odep InstSRA InstSRAV InstMULT InstMULTU simoo_reg_obj ruu_dispatchequake: Reading nodes.
动态重分配参数：每10万周期检查，阈值10
Process 0, Thread 0: gcc-166
Process 0, Thread 1: gcc-166
Process 2, Thread 2: crafty
Process 3, Thread 3: equake
[切片调度] 新安全域0无任何切片，尝试分配空闲切片
[切片管理] 成功绑定切片0 → 安全域0

======================== 切片硬件状态 ========================
切片号 | 所属安全域 | 当前状态    | 路扩展 | LRU touched
------------------------------------------------------------------
  0    |   域0      | 正常运行   |  否   |  0
  1    |   域-1     | 切片空闲   |  否   |  0
  2    |   域-1     | 切片空闲   |  否   |  0
  3    |   域-1     | 切片空闲   |  否   |  0
==================================================================

[切片管理] 成功绑定切片1 → 安全域0，触发【路扩展模式】

======================== 切片硬件状态 ========================
切片号 | 所属安全域 | 当前状态    | 路扩展 | LRU touched
------------------------------------------------------------------
  0    |   域0      | 正常运行   |  是   |  0
  1    |   域0      | 正常运行   |  是   |  0
  2    |   域-1     | 切片空闲   |  否   |  0
  3    |   域-1     | 切片空闲   |  否   |  0
==================================================================

[切片调度] 新安全域2无任何切片，尝试分配空闲切片
[切片管理] 成功绑定切片2 → 安全域2

======================== 切片硬件状态 ========================
切片号 | 所属安全域 | 当前状态    | 路扩展 | LRU touched
------------------------------------------------------------------
  0    |   域0      | 正常运行   |  是   |  318
  1    |   域0      | 正常运行   |  是   |  0
  2    |   域2      | 正常运行   |  否   |  0
  3    |   域-1     | 切片空闲   |  否   |  0
==================================================================

[切片管理] 成功绑定切片3 → 安全域2，触发【路扩展模式】

======================== 切片硬件状态 ========================
切片号 | 所属安全域 | 当前状态    | 路扩展 | LRU touched
------------------------------------------------------------------
  0    |   域0      | 正常运行   |  是   |  318
  1    |   域0      | 正常运行   |  是   |  0
  2    |   域2      | 正常运行   |  是   |  0
  3    |   域2      | 正常运行   |  是   |  0
==================================================================

[切片调度] 新安全域3无任何切片，尝试分配空闲切片
[切片调度] 新安全域3未找到空闲切片，尝试剥夺切片
[切片替换] 优先从【路扩展切片】中选择LRU替换目标...
[切片替换] 找到路扩展切片作为受害者：切片1（最后访问：0）
[切片调度] 安全域3触发切片剥夺：从域0剥夺切片1
[切片剥夺] 周期560：切片1（所属域0）进入待剥夺状态，禁止新替换
[切片剥夺] 周期560：切片1在途请求已清空，开始执行脏行写回
[切片剥夺] 周期560：切片1无脏行，直接完成剥夺
[切片管理] 周期560：原域0仅剩1个切片，关闭路扩展模式
[动态重分配] 周期560：切片1写回完成，自动绑定到域3
[切片管理] 成功绑定切片1 → 安全域3

======================== 切片硬件状态 ========================
切片号 | 所属安全域 | 当前状态    | 路扩展 | LRU touched
------------------------------------------------------------------
  0    |   域0      | 正常运行   |  否   |  318
  1    |   域3      | 正常运行   |  否   |  560
  2    |   域2      | 正常运行   |  是   |  435
  3    |   域2      | 正常运行   |  是   |  0
==================================================================

[切片唤醒] 周期560：域3切片就绪，唤醒等待指令

======================== 切片硬件状态 ========================
切片号 | 所属安全域 | 当前状态    | 路扩展 | LRU touched
------------------------------------------------------------------
  0    |   域0      | 正常运行   |  否   |  599929
  1    |   域3      | 正常运行   |  否   |  599929
  2    |   域2      | 正常运行   |  是   |  599923
  3    |   域2      | 正常运行   |  是   |  599925
==================================================================

[动态重分配] 周期600000：预约迁移 冗余域2(0%) -> 切片2 -> 饥饿域0(12%)
[切片剥夺] 周期600000：切片2（所属域2）进入待剥夺状态，禁止新替换
[切片剥夺] 周期600000：切片2在途请求已清空，开始执行脏行写回
[切片管理] 周期612030：原域2仅剩1个切片，关闭路扩展模式
[动态重分配] 周期612030：切片2写回完成，自动绑定到域0
[切片管理] 成功绑定切片2 → 安全域0，触发【路扩展模式】

======================== 切片硬件状态 ========================
切片号 | 所属安全域 | 当前状态    | 路扩展 | LRU touched
------------------------------------------------------------------
  0    |   域0      | 正常运行   |  是   |  612021
  1    |   域3      | 正常运行   |  否   |  612021
  2    |   域0      | 正常运行   |  是   |  612030
  3    |   域2      | 正常运行   |  否   |  612015
==================================================================


**** Debug Statistics at 1000000 Cycles *****
Threads: 4		Fetch Width: 8
No of useful instructions fetched:	1685719 (21.07% proc util.)
No of total instructions fetched:	2019537 (25.24% proc util.)
 includes 8921 misfetch (0.4%), 324897 (16.1%) wrong-path fetches
 and 0 flushed after failed lock(0.0%)
No of useful instructions issued/executed:	1685679 (21.07% proc util.)
No of total instructions issued/executed:	1821786 (22.77% proc util.)
 includes 136107 wrong-path (7.5%) insts and 0 flushed (0.0%)
	fp 103, 0.01%
	synch 0, 0.00%
	integer 1347915, 73.99%
	load/store 473768, 26.01%
Avg size of int IQ (before scheduling): 16.40
Avg size of fp IQ (before scheduling): 0.01
No of cycles taken:		1000000
Parallelism [ 0.284, 0.000, 0.717, 0.685,] = 1.686
 IQ conflicts: 2959 (0.30%), FQ conflicts: 0 (0.00%) 
 I reg conflicts: 643737 (64.37%), FP reg conflicts: 0 (0.00%)
  Activelist confs: 0 (0.00%), ROB confs: 2194 (0.22%)
  Int unit conflicts: 351762 (35.18%), FP unit conflicts: 2 (0.00%)
  Load/store unit conflicts: 137420 (13.74%)
  MSHR conflicts: 2912169 (291.22%)
----------------------------------------
==== System-wide Cache Statistics ====
Stall for miss queue full 437 cycles (0.00%)
----------------------------------------
==== Statistics for Master ID: 0 ====
Reads: 186154   Writes: 63030
ICACHE: size: 64 KB assoc: 2
ICACHE: hits:139822 misses:677  Hit Ratio: 99.52%
DCACHE: size: 2*16 KB assoc: 2*4
DCACHE: hits:95728 misses:12957 writebacks:7492  Hit Ratio: 88.08%
SCACHE: size: 512 KB assoc: 2
SCACHE: hits:92 misses:13542  Hit Ratio: 0.67%
3CACHE: size: 4096 KB assoc: 2
3CACHE: hits:5 misses:13536  Hit Ratio: 0.04%
3CACHE: dirty items replaced:0
ITLB: size: 48, misses 39, miss rate 0.03%
DTLB: size: 128, misses 265, miss rate 0.24%
Avg mem delay: 4.210 cycles
----------------------------------------
==== Statistics for Master ID: 2 ====
Reads: 336452   Writes: 33970
ICACHE: size: 64 KB assoc: 2
ICACHE: hits:256403 misses:155  Hit Ratio: 99.94%
DCACHE: size: 1*16 KB assoc: 1*4
DCACHE: hits:113145 misses:953 writebacks:429  Hit Ratio: 99.16%
SCACHE: size: 512 KB assoc: 2
SCACHE: hits:8 misses:866  Hit Ratio: 0.92%
3CACHE: size: 4096 KB assoc: 2
3CACHE: hits:0 misses:866  Hit Ratio: 0.00%
3CACHE: dirty items replaced:0
ITLB: size: 48, misses 17, miss rate 0.01%
DTLB: size: 128, misses 34, miss rate 0.03%
Avg mem delay: 4.210 cycles
----------------------------------------
==== Statistics for Master ID: 3 ====
Reads: 356280   Writes: 104702
ICACHE: size: 64 KB assoc: 2
ICACHE: hits:211044 misses:537  Hit Ratio: 99.75%
DCACHE: size: 1*16 KB assoc: 1*4
DCACHE: hits:245097 misses:4303 writebacks:3896  Hit Ratio: 98.27%
SCACHE: size: 512 KB assoc: 2
SCACHE: hits:154 misses:4686  Hit Ratio: 3.18%
3CACHE: size: 4096 KB assoc: 2
3CACHE: hits:38 misses:4643  Hit Ratio: 0.81%
3CACHE: dirty items replaced:0
ITLB: size: 48, misses 30, miss rate 0.01%
DTLB: size: 128, misses 98, miss rate 0.04%
Avg mem delay: 4.210 cycles
----------------------------------------
==== Global Resource Utilization ====
STASH: size: 65536 entries, full 3397706730, empty 93070077, misses 11391732, full rate 97.02
icache bank util. 0.098 0.045 0.006 0.035 0.133 0.154 0.083 0.059 
dcache bank util. 0.050 0.050 0.070 0.111 0.099 0.057 0.081 0.044 
L2 bank util. 0.026 0.026 0.026 0.026 0.026 0.026 0.026 0.026 
L1-L2 bus util. = 0.093, L3 util. = 0.190
----------------------------------------

======================== 切片硬件状态 ========================
切片号 | 所属安全域 | 当前状态    | 路扩展 | LRU touched
------------------------------------------------------------------
  0    |   域0      | 正常运行   |  是   |  997064
  1    |   域3      | 正常运行   |  否   |  999989
  2    |   域0      | 正常运行   |  是   |  999987
  3    |   域2      | 正常运行   |  否   |  999987
==================================================================

branch prediction, hits = 226710, misses = 18356, hit rate = 92.51%
return_stack prediction, hits = 14193, misses = 12, hit rate = 99.92%
jump prediction, hits = 262257, misses = 1939, hit rate = 99.27%

**** Debug Statistics at 101000000 Cycles *****
Threads: 4		Fetch Width: 8
No of useful instructions fetched:	276093998 (34.17% proc util.)
No of total instructions fetched:	382991247 (47.40% proc util.)
 includes 39093333 misfetch (10.2%), 67803916 (17.7%) wrong-path fetches
 and 0 flushed after failed lock(0.0%)
No of useful instructions issued/executed:	276093979 (34.17% proc util.)
No of total instructions issued/executed:	310778877 (38.46% proc util.)
 includes 34684898 wrong-path (11.2%) insts and 0 flushed (0.0%)
	fp 294220, 0.09%
	synch 0, 0.00%
	integer 208102323, 66.96%
	load/store 102382334, 32.94%
Avg size of int IQ (before scheduling): 22.48
Avg size of fp IQ (before scheduling): 0.02
No of cycles taken:		101000000
Parallelism [ 0.662, 0.000, 0.863, 1.208,] = 2.734
 IQ conflicts: 7869220 (7.79%), FQ conflicts: 0 (0.00%) 
 I reg conflicts: 27674457 (27.40%), FP reg conflicts: 0 (0.00%)
  Activelist confs: 947 (0.00%), ROB confs: 314619 (0.31%)
  Int unit conflicts: 56096081 (55.54%), FP unit conflicts: 5 (0.00%)
  Load/store unit conflicts: 46586232 (46.12%)
  MSHR conflicts: 357763560 (354.22%)
----------------------------------------
==== System-wide Cache Statistics ====
Stall for miss queue full 437 cycles (0.00%)
----------------------------------------
==== Statistics for Master ID: 0 ====
Reads: 47709309   Writes: 13881270
ICACHE: size: 64 KB assoc: 2
ICACHE: hits:32727619 misses:739738  Hit Ratio: 97.79%
DCACHE: size: 2*16 KB assoc: 2*4
DCACHE: hits:25638968 misses:2484254 writebacks:1472063  Hit Ratio: 91.17%
SCACHE: size: 512 KB assoc: 2
SCACHE: hits:655664 misses:2568328  Hit Ratio: 20.34%
3CACHE: size: 4096 KB assoc: 2
3CACHE: hits:2531833 misses:36495  Hit Ratio: 98.58%
3CACHE: dirty items replaced:7354
ITLB: size: 48, misses 66154, miss rate 0.20%
DTLB: size: 128, misses 107254, miss rate 0.38%
Avg mem delay: 2.695 cycles
----------------------------------------
==== Statistics for Master ID: 2 ====
Reads: 60304650   Writes: 6986769
ICACHE: size: 64 KB assoc: 2
ICACHE: hits:33446689 misses:1214824  Hit Ratio: 96.50%
DCACHE: size: 1*16 KB assoc: 1*4
DCACHE: hits:31416569 misses:1213571 writebacks:172537  Hit Ratio: 96.28%
SCACHE: size: 512 KB assoc: 2
SCACHE: hits:2043818 misses:384343  Hit Ratio: 84.17%
3CACHE: size: 4096 KB assoc: 2
3CACHE: hits:334687 misses:49656  Hit Ratio: 87.08%
3CACHE: dirty items replaced:4858
ITLB: size: 48, misses 28419, miss rate 0.08%
DTLB: size: 128, misses 146973, miss rate 0.45%
Avg mem delay: 2.695 cycles
----------------------------------------
==== Statistics for Master ID: 3 ====
Reads: 74790923   Writes: 12907922
ICACHE: size: 64 KB assoc: 2
ICACHE: hits:45484779 misses:704803  Hit Ratio: 98.47%
DCACHE: size: 1*16 KB assoc: 1*4
DCACHE: hits:41355230 misses:154032 writebacks:32257  Hit Ratio: 99.63%
SCACHE: size: 512 KB assoc: 2
SCACHE: hits:777053 misses:81782  Hit Ratio: 90.48%
3CACHE: size: 4096 KB assoc: 2
3CACHE: hits:58055 misses:23727  Hit Ratio: 70.99%
3CACHE: dirty items replaced:376
ITLB: size: 48, misses 4923, miss rate 0.01%
DTLB: size: 128, misses 7989, miss rate 0.02%
Avg mem delay: 2.695 cycles
----------------------------------------
==== Global Resource Utilization ====
STASH: size: 65536 entries, full 3810450111, empty 106956151, misses 12609369, full rate 96.96
icache bank util. 0.140 0.137 0.133 0.117 0.238 0.222 0.109 0.115 
dcache bank util. 0.101 0.173 0.173 0.149 0.156 0.138 0.163 0.124 
L2 bank util. 0.057 0.071 0.064 0.062 0.060 0.059 0.055 0.063 
L1-L2 bus util. = 0.243, L3 util. = 0.011
----------------------------------------

======================== 切片硬件状态 ========================
切片号 | 所属安全域 | 当前状态    | 路扩展 | LRU touched
------------------------------------------------------------------
  0    |   域0      | 正常运行   |  是   |  100999988
  1    |   域3      | 正常运行   |  否   |  100999999
  2    |   域0      | 正常运行   |  是   |  100999955
  3    |   域2      | 正常运行   |  否   |  100999999
==================================================================

branch prediction, hits = 31438208, misses = 3154829, hit rate = 90.88%
return_stack prediction, hits = 5501530, misses = 212, hit rate = 100.00%
jump prediction, hits = 27077317, misses = 9140704, hit rate = 74.76%

**** Debug Statistics at 201000000 Cycles *****
Threads: 4		Fetch Width: 8
No of useful instructions fetched:	548031691 (34.08% proc util.)
No of total instructions fetched:	757857465 (47.13% proc util.)
 includes 78289288 misfetch (10.3%), 131536486 (17.4%) wrong-path fetches
 and 0 flushed after failed lock(0.0%)
No of useful instructions issued/executed:	548031665 (34.08% proc util.)
No of total instructions issued/executed:	615551432 (38.28% proc util.)
 includes 67519767 wrong-path (11.0%) insts and 0 flushed (0.0%)
	fp 581144, 0.09%
	synch 0, 0.00%
	integer 410537753, 66.69%
	load/store 204432535, 33.21%
Avg size of int IQ (before scheduling): 22.85
Avg size of fp IQ (before scheduling): 0.02
No of cycles taken:		201000000
Parallelism [ 0.672, 0.000, 0.849, 1.205,] = 2.727
 IQ conflicts: 16683782 (8.30%), FQ conflicts: 0 (0.00%) 
 I reg conflicts: 54758449 (27.24%), FP reg conflicts: 0 (0.00%)
  Activelist confs: 2806 (0.00%), ROB confs: 577315 (0.29%)
  Int unit conflicts: 108618666 (54.04%), FP unit conflicts: 5 (0.00%)
  Load/store unit conflicts: 98417564 (48.96%)
  MSHR conflicts: 761287496 (378.75%)
----------------------------------------
==== System-wide Cache Statistics ====
Stall for miss queue full 437 cycles (0.00%)
----------------------------------------
==== Statistics for Master ID: 0 ====
Reads: 94852752   Writes: 28329934
ICACHE: size: 64 KB assoc: 2
ICACHE: hits:65728568 misses:1364790  Hit Ratio: 97.97%
DCACHE: size: 2*16 KB assoc: 2*4
DCACHE: hits:50917283 misses:5172045 writebacks:3072276  Hit Ratio: 90.78%
SCACHE: size: 512 KB assoc: 2
SCACHE: hits:1197983 misses:5338852  Hit Ratio: 18.33%
3CACHE: size: 4096 KB assoc: 2
3CACHE: hits:5285211 misses:53639  Hit Ratio: 99.00%
3CACHE: dirty items replaced:15296
ITLB: size: 48, misses 122046, miss rate 0.18%
DTLB: size: 128, misses 208425, miss rate 0.37%
Avg mem delay: 2.775 cycles
----------------------------------------
==== Statistics for Master ID: 2 ====
Reads: 120032816   Writes: 13991278
ICACHE: size: 64 KB assoc: 2
ICACHE: hits:65659146 misses:2489139  Hit Ratio: 96.35%
DCACHE: size: 1*16 KB assoc: 1*4
DCACHE: hits:63356679 misses:2519364 writebacks:314563  Hit Ratio: 96.18%
SCACHE: size: 512 KB assoc: 2
SCACHE: hits:4231538 misses:776731  Hit Ratio: 84.49%
3CACHE: size: 4096 KB assoc: 2
3CACHE: hits:707274 misses:69457  Hit Ratio: 91.06%
3CACHE: dirty items replaced:10531
ITLB: size: 48, misses 52733, miss rate 0.08%
DTLB: size: 128, misses 303643, miss rate 0.46%
Avg mem delay: 2.775 cycles
----------------------------------------
==== Statistics for Master ID: 3 ====
Reads: 148275962   Writes: 25431185
ICACHE: size: 64 KB assoc: 2
ICACHE: hits:90012248 misses:1433210  Hit Ratio: 98.43%
DCACHE: size: 1*16 KB assoc: 1*4
DCACHE: hits:81991883 misses:269805 writebacks:44712  Hit Ratio: 99.67%
SCACHE: size: 512 KB assoc: 2
SCACHE: hits:1558560 misses:144455  Hit Ratio: 91.52%
3CACHE: size: 4096 KB assoc: 2
3CACHE: hits:112637 misses:31818  Hit Ratio: 77.97%
3CACHE: dirty items replaced:1189
ITLB: size: 48, misses 9291, miss rate 0.01%
DTLB: size: 128, misses 14785, miss rate 0.02%
Avg mem delay: 2.775 cycles
----------------------------------------
==== Global Resource Utilization ====
STASH: size: 65536 entries, full 4215263221, empty 121681605, misses 13910555, full rate 96.88
icache bank util. 0.137 0.135 0.131 0.115 0.242 0.226 0.107 0.114 
dcache bank util. 0.103 0.176 0.176 0.148 0.154 0.141 0.161 0.126 
L2 bank util. 0.058 0.073 0.066 0.063 0.061 0.062 0.057 0.064 
L1-L2 bus util. = 0.249, L3 util. = 0.008
----------------------------------------

======================== 切片硬件状态 ========================
切片号 | 所属安全域 | 当前状态    | 路扩展 | LRU touched
------------------------------------------------------------------
  0    |   域0      | 正常运行   |  是   |  200999974
  1    |   域3      | 正常运行   |  否   |  200999999
  2    |   域0      | 正常运行   |  是   |  200999996
  3    |   域2      | 正常运行   |  否   |  200999935
==================================================================

branch prediction, hits = 62363960, misses = 6123483, hit rate = 91.06%
return_stack prediction, hits = 10865426, misses = 434, hit rate = 100.00%
jump prediction, hits = 53565451, misses = 18265155, hit rate = 74.57%
equake: Reading elements.

**** Debug Statistics at 301000000 Cycles *****
Threads: 4		Fetch Width: 8
No of useful instructions fetched:	817657369 (33.96% proc util.)
No of total instructions fetched:	1106648066 (45.96% proc util.)
 includes 107470182 misfetch (9.7%), 181520515 (16.4%) wrong-path fetches
 and 0 flushed after failed lock(0.0%)
No of useful instructions issued/executed:	817657336 (33.96% proc util.)
No of total instructions issued/executed:	910512453 (37.81% proc util.)
 includes 92855117 wrong-path (10.2%) insts and 0 flushed (0.0%)
	fp 670308, 0.07%
	synch 0, 0.00%
	integer 605474028, 66.50%
	load/store 304368117, 33.43%
Avg size of int IQ (before scheduling): 22.26
Avg size of fp IQ (before scheduling): 0.01
No of cycles taken:		301000000
Parallelism [ 0.666, 0.000, 0.834, 1.216,] = 2.716
 IQ conflicts: 24376066 (8.10%), FQ conflicts: 0 (0.00%) 
 I reg conflicts: 88608243 (29.44%), FP reg conflicts: 0 (0.00%)
  Activelist confs: 4222 (0.00%), ROB confs: 774173 (0.26%)
  Int unit conflicts: 169354867 (56.26%), FP unit conflicts: 7 (0.00%)
  Load/store unit conflicts: 147406157 (48.97%)
  MSHR conflicts: 1126123689 (374.13%)
----------------------------------------
==== System-wide Cache Statistics ====
Stall for miss queue full 437 cycles (0.00%)
----------------------------------------
==== Statistics for Master ID: 0 ====
Reads: 139345670   Writes: 42167625
ICACHE: size: 64 KB assoc: 2
ICACHE: hits:96866975 misses:1885197  Hit Ratio: 98.09%
DCACHE: size: 2*16 KB assoc: 2*4
DCACHE: hits:75002285 misses:7758838 writebacks:4611189  Hit Ratio: 90.63%
SCACHE: size: 512 KB assoc: 2
SCACHE: hits:1655217 misses:7988817  Hit Ratio: 17.16%
3CACHE: size: 4096 KB assoc: 2
3CACHE: hits:7917774 misses:71043  Hit Ratio: 99.11%
3CACHE: dirty items replaced:24164
ITLB: size: 48, misses 166593, miss rate 0.17%
DTLB: size: 128, misses 296120, miss rate 0.36%
Avg mem delay: 2.777 cycles
----------------------------------------
==== Statistics for Master ID: 2 ====
Reads: 176058196   Writes: 20674575
ICACHE: size: 64 KB assoc: 2
ICACHE: hits:95846641 misses:3473597  Hit Ratio: 96.50%
DCACHE: size: 1*16 KB assoc: 1*4
DCACHE: hits:93646105 misses:3766662 writebacks:447492  Hit Ratio: 96.13%
SCACHE: size: 512 KB assoc: 2
SCACHE: hits:6096341 misses:1143684  Hit Ratio: 84.20%
3CACHE: size: 4096 KB assoc: 2
3CACHE: hits:1042031 misses:101653  Hit Ratio: 91.11%
3CACHE: dirty items replaced:18209
ITLB: size: 48, misses 71270, miss rate 0.07%
DTLB: size: 128, misses 441592, miss rate 0.45%
Avg mem delay: 2.777 cycles
----------------------------------------
==== Statistics for Master ID: 3 ====
Reads: 218700850   Writes: 39314239
ICACHE: size: 64 KB assoc: 2
ICACHE: hits:132266496 misses:1862836  Hit Ratio: 98.61%
DCACHE: size: 1*16 KB assoc: 1*4
DCACHE: hits:123489905 misses:395851 writebacks:150377  Hit Ratio: 99.68%
SCACHE: size: 512 KB assoc: 2
SCACHE: hits:1976153 misses:282534  Hit Ratio: 87.49%
3CACHE: size: 4096 KB assoc: 2
3CACHE: hits:144999 misses:137535  Hit Ratio: 51.32%
3CACHE: dirty items replaced:17924
ITLB: size: 48, misses 9958, miss rate 0.01%
DTLB: size: 128, misses 19624, miss rate 0.02%
Avg mem delay: 2.777 cycles
----------------------------------------
==== Global Resource Utilization ====
STASH: size: 65536 entries, full 4589720027, empty 135493694, misses 15160252, full rate 96.82
icache bank util. 0.134 0.131 0.127 0.112 0.238 0.221 0.104 0.109 
dcache bank util. 0.101 0.169 0.178 0.150 0.156 0.141 0.158 0.126 
L2 bank util. 0.058 0.072 0.065 0.060 0.060 0.061 0.056 0.064 
L1-L2 bus util. = 0.243, L3 util. = 0.010
----------------------------------------

======================== 切片硬件状态 ========================
切片号 | 所属安全域 | 当前状态    | 路扩展 | LRU touched
------------------------------------------------------------------
  0    |   域0      | 正常运行   |  是   |  300999994
  1    |   域3      | 正常运行   |  否   |  300999999
  2    |   域0      | 正常运行   |  是   |  300999996
  3    |   域2      | 正常运行   |  否   |  300999999
==================================================================

branch prediction, hits = 93866619, misses = 8481857, hit rate = 91.71%
return_stack prediction, hits = 16336008, misses = 662, hit rate = 100.00%
jump prediction, hits = 82535314, misses = 25170980, hit rate = 76.63%

**** Debug Statistics at 401000000 Cycles *****
Threads: 4		Fetch Width: 8
No of useful instructions fetched:	1108341355 (34.55% proc util.)
No of total instructions fetched:	1484190180 (46.27% proc util.)
 includes 141368579 misfetch (9.5%), 234480246 (15.8%) wrong-path fetches
 and 0 flushed after failed lock(0.0%)
No of useful instructions issued/executed:	1108341348 (34.55% proc util.)
No of total instructions issued/executed:	1228623059 (38.30% proc util.)
 includes 120281711 wrong-path (9.8%) insts and 0 flushed (0.0%)
	fp 744812, 0.06%
	synch 0, 0.00%
	integer 816374608, 66.45%
	load/store 411503639, 33.49%
Avg size of int IQ (before scheduling): 22.39
Avg size of fp IQ (before scheduling): 0.01
No of cycles taken:		401000000
Parallelism [ 0.671, 0.000, 0.839, 1.254,] = 2.764
 IQ conflicts: 32826427 (8.19%), FQ conflicts: 0 (0.00%) 
 I reg conflicts: 116047972 (28.94%), FP reg conflicts: 0 (0.00%)
  Activelist confs: 5965 (0.00%), ROB confs: 1007278 (0.25%)
  Int unit conflicts: 230195888 (57.41%), FP unit conflicts: 7 (0.00%)
  Load/store unit conflicts: 200139931 (49.91%)
  MSHR conflicts: 1516467565 (378.17%)
----------------------------------------
==== System-wide Cache Statistics ====
Stall for miss queue full 437 cycles (0.00%)
----------------------------------------
==== Statistics for Master ID: 0 ====
Reads: 187005362   Writes: 56518499
ICACHE: size: 64 KB assoc: 2
ICACHE: hits:129798833 misses:2527525  Hit Ratio: 98.09%
DCACHE: size: 2*16 KB assoc: 2*4
DCACHE: hits:100818604 misses:10378899 writebacks:6166774  Hit Ratio: 90.67%
SCACHE: size: 512 KB assoc: 2
SCACHE: hits:2236420 misses:10670003  Hit Ratio: 17.33%
3CACHE: size: 4096 KB assoc: 2
3CACHE: hits:10581868 misses:88135  Hit Ratio: 99.17%
3CACHE: dirty items replaced:32360
ITLB: size: 48, misses 226078, miss rate 0.17%
DTLB: size: 128, misses 398763, miss rate 0.36%
Avg mem delay: 2.757 cycles
----------------------------------------
==== Statistics for Master ID: 2 ====
Reads: 236180656   Writes: 27902058
ICACHE: size: 64 KB assoc: 2
ICACHE: hits:128145052 misses:4640354  Hit Ratio: 96.51%
DCACHE: size: 1*16 KB assoc: 1*4
DCACHE: hits:126161256 misses:5136286 writebacks:602226  Hit Ratio: 96.09%
SCACHE: size: 512 KB assoc: 2
SCACHE: hits:8238441 misses:1537962  Hit Ratio: 84.27%
3CACHE: size: 4096 KB assoc: 2
3CACHE: hits:1412445 misses:125517  Hit Ratio: 91.84%
3CACHE: dirty items replaced:25144
ITLB: size: 48, misses 96061, miss rate 0.07%
DTLB: size: 128, misses 604839, miss rate 0.46%
Avg mem delay: 2.757 cycles
----------------------------------------
==== Statistics for Master ID: 3 ====
Reads: 296690504   Writes: 53587464
ICACHE: size: 64 KB assoc: 2
ICACHE: hits:179276636 misses:2378429  Hit Ratio: 98.69%
DCACHE: size: 1*16 KB assoc: 1*4
DCACHE: hits:168209494 misses:413408 writebacks:158961  Hit Ratio: 99.75%
SCACHE: size: 512 KB assoc: 2
SCACHE: hits:2465134 misses:326703  Hit Ratio: 88.30%
3CACHE: size: 4096 KB assoc: 2
3CACHE: hits:178169 misses:148534  Hit Ratio: 54.54%
3CACHE: dirty items replaced:19654
ITLB: size: 48, misses 10019, miss rate 0.01%
DTLB: size: 128, misses 23055, miss rate 0.01%
Avg mem delay: 2.757 cycles
----------------------------------------
==== Global Resource Utilization ====
STASH: size: 65536 entries, full 4995395515, empty 151983724, misses 16640682, full rate 96.73
icache bank util. 0.138 0.134 0.130 0.114 0.237 0.220 0.104 0.109 
dcache bank util. 0.101 0.170 0.182 0.152 0.158 0.144 0.161 0.128 
L2 bank util. 0.058 0.071 0.065 0.059 0.060 0.061 0.055 0.065 
L1-L2 bus util. = 0.242, L3 util. = 0.009
----------------------------------------

======================== 切片硬件状态 ========================
切片号 | 所属安全域 | 当前状态    | 路扩展 | LRU touched
------------------------------------------------------------------
  0    |   域0      | 正常运行   |  是   |  400999904
  1    |   域3      | 正常运行   |  否   |  400999952
  2    |   域0      | 正常运行   |  是   |  400999960
  3    |   域2      | 正常运行   |  否   |  400999961
==================================================================

branch prediction, hits = 128357072, misses = 10916147, hit rate = 92.16%
return_stack prediction, hits = 22629448, misses = 982, hit rate = 100.00%
jump prediction, hits = 113543190, misses = 33068362, hit rate = 77.44%

**** Debug Statistics at 501000000 Cycles *****
Threads: 4		Fetch Width: 8
No of useful instructions fetched:	1402508745 (34.99% proc util.)
No of total instructions fetched:	1874093449 (46.76% proc util.)
 includes 178144720 misfetch (9.5%), 293439984 (15.7%) wrong-path fetches
 and 0 flushed after failed lock(0.0%)
No of useful instructions issued/executed:	1402508723 (34.99% proc util.)
No of total instructions issued/executed:	1553443322 (38.76% proc util.)
 includes 150934599 wrong-path (9.7%) insts and 0 flushed (0.0%)
	fp 821863, 0.05%
	synch 0, 0.00%
	integer 1031860945, 66.42%
	load/store 520760514, 33.52%
Avg size of int IQ (before scheduling): 22.36
Avg size of fp IQ (before scheduling): 0.01
No of cycles taken:		501000000
Parallelism [ 0.672, 0.000, 0.843, 1.285,] = 2.799
 IQ conflicts: 40517572 (8.09%), FQ conflicts: 0 (0.00%) 
 I reg conflicts: 141909318 (28.33%), FP reg conflicts: 0 (0.00%)
  Activelist confs: 7985 (0.00%), ROB confs: 1245118 (0.25%)
  Int unit conflicts: 293551821 (58.59%), FP unit conflicts: 7 (0.00%)
  Load/store unit conflicts: 249568303 (49.81%)
  MSHR conflicts: 1865294812 (372.31%)
----------------------------------------
==== System-wide Cache Statistics ====
Stall for miss queue full 437 cycles (0.00%)
----------------------------------------
==== Statistics for Master ID: 0 ====
Reads: 235521909   Writes: 70317290
ICACHE: size: 64 KB assoc: 2
ICACHE: hits:162620627 misses:3321872  Hit Ratio: 98.00%
DCACHE: size: 2*16 KB assoc: 2*4
DCACHE: hits:127115555 misses:12781145 writebacks:7587999  Hit Ratio: 90.86%
SCACHE: size: 512 KB assoc: 2
SCACHE: hits:2966734 misses:13136283  Hit Ratio: 18.42%
3CACHE: size: 4096 KB assoc: 2
3CACHE: hits:13027989 misses:108293  Hit Ratio: 99.18%
3CACHE: dirty items replaced:42173
ITLB: size: 48, misses 302945, miss rate 0.18%
DTLB: size: 128, misses 514960, miss rate 0.37%
Avg mem delay: 2.712 cycles
----------------------------------------
==== Statistics for Master ID: 2 ====
Reads: 297661602   Writes: 35113602
ICACHE: size: 64 KB assoc: 2
ICACHE: hits:161299697 misses:5900317  Hit Ratio: 96.47%
DCACHE: size: 1*16 KB assoc: 1*4
DCACHE: hits:159068121 misses:6507303 writebacks:741761  Hit Ratio: 96.07%
SCACHE: size: 512 KB assoc: 2
SCACHE: hits:10495208 misses:1912176  Hit Ratio: 84.59%
3CACHE: size: 4096 KB assoc: 2
3CACHE: hits:1763393 misses:148783  Hit Ratio: 92.22%
3CACHE: dirty items replaced:32358
ITLB: size: 48, misses 128641, miss rate 0.08%
DTLB: size: 128, misses 785223, miss rate 0.47%
Avg mem delay: 2.712 cycles
----------------------------------------
==== Statistics for Master ID: 3 ====
Reads: 377566034   Writes: 68321980
ICACHE: size: 64 KB assoc: 2
ICACHE: hits:228156685 misses:2916560  Hit Ratio: 98.74%
DCACHE: size: 1*16 KB assoc: 1*4
DCACHE: hits:214383099 misses:431669 writebacks:167849  Hit Ratio: 99.80%
SCACHE: size: 512 KB assoc: 2
SCACHE: hits:2976714 misses:371515  Hit Ratio: 88.90%
3CACHE: size: 4096 KB assoc: 2
3CACHE: hits:211569 misses:159946  Hit Ratio: 56.95%
3CACHE: dirty items replaced:20855
ITLB: size: 48, misses 10095, miss rate 0.00%
DTLB: size: 128, misses 26768, miss rate 0.01%
Avg mem delay: 2.712 cycles
----------------------------------------
==== Global Resource Utilization ====
STASH: size: 65536 entries, full 5415047510, empty 169279457, misses 18155327, full rate 96.65
icache bank util. 0.141 0.138 0.134 0.116 0.236 0.218 0.106 0.110 
dcache bank util. 0.100 0.171 0.185 0.153 0.159 0.146 0.164 0.129 
L2 bank util. 0.058 0.071 0.064 0.058 0.060 0.061 0.055 0.064 
L1-L2 bus util. = 0.242, L3 util. = 0.008
----------------------------------------

======================== 切片硬件状态 ========================
切片号 | 所属安全域 | 当前状态    | 路扩展 | LRU touched
------------------------------------------------------------------
  0    |   域0      | 正常运行   |  是   |  500999979
  1    |   域3      | 正常运行   |  否   |  500999979
  2    |   域0      | 正常运行   |  是   |  500999993
  3    |   域2      | 正常运行   |  否   |  500999953
==================================================================

branch prediction, hits = 162854089, misses = 13610510, hit rate = 92.29%
return_stack prediction, hits = 29147186, misses = 1282, hit rate = 100.00%
jump prediction, hits = 144138701, misses = 41607164, hit rate = 77.60%

**** Debug Statistics at 601000000 Cycles *****
Threads: 4		Fetch Width: 8
No of useful instructions fetched:	1694883949 (35.25% proc util.)
No of total instructions fetched:	2260179803 (47.01% proc util.)
 includes 214213301 misfetch (9.5%), 351082553 (15.5%) wrong-path fetches
 and 0 flushed after failed lock(0.0%)
No of useful instructions issued/executed:	1694883924 (35.25% proc util.)
No of total instructions issued/executed:	1875859479 (39.02% proc util.)
 includes 180975555 wrong-path (9.6%) insts and 0 flushed (0.0%)
	fp 897281, 0.05%
	synch 0, 0.00%
	integer 1245775210, 66.41%
	load/store 629186988, 33.54%
Avg size of int IQ (before scheduling): 22.37
Avg size of fp IQ (before scheduling): 0.01
No of cycles taken:		601000000
Parallelism [ 0.672, 0.000, 0.844, 1.305,] = 2.820
 IQ conflicts: 48347429 (8.04%), FQ conflicts: 0 (0.00%) 
 I reg conflicts: 168069770 (27.97%), FP reg conflicts: 0 (0.00%)
  Activelist confs: 11022 (0.00%), ROB confs: 1520795 (0.25%)
  Int unit conflicts: 355456643 (59.14%), FP unit conflicts: 7 (0.00%)
  Load/store unit conflicts: 299060437 (49.76%)
  MSHR conflicts: 2220989121 (369.55%)
----------------------------------------
==== System-wide Cache Statistics ====
Stall for miss queue full 437 cycles (0.00%)
----------------------------------------
==== Statistics for Master ID: 0 ====
Reads: 283415271   Writes: 84098395
ICACHE: size: 64 KB assoc: 2
ICACHE: hits:195099046 misses:4104849  Hit Ratio: 97.94%
DCACHE: size: 2*16 KB assoc: 2*4
DCACHE: hits:153106818 misses:15202953 writebacks:9021689  Hit Ratio: 90.97%
SCACHE: size: 512 KB assoc: 2
SCACHE: hits:3672848 misses:15634954  Hit Ratio: 19.02%
3CACHE: size: 4096 KB assoc: 2
3CACHE: hits:15501611 misses:133342  Hit Ratio: 99.15%
3CACHE: dirty items replaced:55736
ITLB: size: 48, misses 377754, miss rate 0.19%
DTLB: size: 128, misses 628550, miss rate 0.37%
Avg mem delay: 2.689 cycles
----------------------------------------
==== Statistics for Master ID: 2 ====
Reads: 358472691   Writes: 42301900
ICACHE: size: 64 KB assoc: 2
ICACHE: hits:194025839 misses:7179080  Hit Ratio: 96.43%
DCACHE: size: 1*16 KB assoc: 1*4
DCACHE: hits:191651686 misses:7918220 writebacks:892782  Hit Ratio: 96.03%
SCACHE: size: 512 KB assoc: 2
SCACHE: hits:12799484 misses:2297582  Hit Ratio: 84.78%
3CACHE: size: 4096 KB assoc: 2
3CACHE: hits:2127743 misses:169839  Hit Ratio: 92.61%
3CACHE: dirty items replaced:39224
ITLB: size: 48, misses 159327, miss rate 0.08%
DTLB: size: 128, misses 969425, miss rate 0.49%
Avg mem delay: 2.689 cycles
----------------------------------------
==== Statistics for Master ID: 3 ====
Reads: 458002292   Writes: 82939545
ICACHE: size: 64 KB assoc: 2
ICACHE: hits:276727759 misses:3467148  Hit Ratio: 98.76%
DCACHE: size: 1*16 KB assoc: 1*4
DCACHE: hits:260297297 misses:449632 writebacks:176527  Hit Ratio: 99.83%
SCACHE: size: 512 KB assoc: 2
SCACHE: hits:3499927 misses:416853  Hit Ratio: 89.36%
3CACHE: size: 4096 KB assoc: 2
3CACHE: hits:245918 misses:170935  Hit Ratio: 58.99%
3CACHE: dirty items replaced:23389
ITLB: size: 48, misses 10173, miss rate 0.00%
DTLB: size: 128, misses 30609, miss rate 0.01%
Avg mem delay: 2.689 cycles
----------------------------------------
==== Global Resource Utilization ====
STASH: size: 65536 entries, full 5830087294, empty 186868634, misses 19706273, full rate 96.58
icache bank util. 0.144 0.140 0.136 0.117 0.235 0.217 0.106 0.111 
dcache bank util. 0.100 0.171 0.187 0.154 0.160 0.147 0.166 0.130 
L2 bank util. 0.058 0.071 0.064 0.058 0.060 0.061 0.055 0.065 
L1-L2 bus util. = 0.242, L3 util. = 0.008
----------------------------------------

======================== 切片硬件状态 ========================
切片号 | 所属安全域 | 当前状态    | 路扩展 | LRU touched
------------------------------------------------------------------
  0    |   域0      | 正常运行   |  是   |  600999993
  1    |   域3      | 正常运行   |  否   |  600999999
  2    |   域0      | 正常运行   |  是   |  600999994
  3    |   域2      | 正常运行   |  否   |  600999889
==================================================================

branch prediction, hits = 197211217, misses = 16235164, hit rate = 92.39%
return_stack prediction, hits = 35618789, misses = 1595, hit rate = 100.00%
jump prediction, hits = 174707454, misses = 49989683, hit rate = 77.75%

**** Debug Statistics at 701000000 Cycles *****
Threads: 4		Fetch Width: 8
No of useful instructions fetched:	1993831371 (35.55% proc util.)
No of total instructions fetched:	2652145562 (47.29% proc util.)
 includes 251900838 misfetch (9.5%), 406413353 (15.3%) wrong-path fetches
 and 0 flushed after failed lock(0.0%)
No of useful instructions issued/executed:	1993831339 (35.55% proc util.)
No of total instructions issued/executed:	2203255820 (39.29% proc util.)
 includes 209424481 wrong-path (9.5%) insts and 0 flushed (0.0%)
	fp 970770, 0.04%
	synch 0, 0.00%
	integer 1463991930, 66.45%
	load/store 738293120, 33.51%
Avg size of int IQ (before scheduling): 22.39
Avg size of fp IQ (before scheduling): 0.01
No of cycles taken:		701000000
Parallelism [ 0.673, 0.000, 0.852, 1.320,] = 2.844
 IQ conflicts: 56251022 (8.02%), FQ conflicts: 0 (0.00%) 
 I reg conflicts: 193604116 (27.62%), FP reg conflicts: 0 (0.00%)
  Activelist confs: 13855 (0.00%), ROB confs: 1803888 (0.26%)
  Int unit conflicts: 418310767 (59.67%), FP unit conflicts: 7 (0.00%)
  Load/store unit conflicts: 348847895 (49.76%)
  MSHR conflicts: 2579408546 (367.96%)
----------------------------------------
==== System-wide Cache Statistics ====
Stall for miss queue full 437 cycles (0.00%)
----------------------------------------
==== Statistics for Master ID: 0 ====
Reads: 331778979   Writes: 98116088
ICACHE: size: 64 KB assoc: 2
ICACHE: hits:228090468 misses:4836076  Hit Ratio: 97.92%
DCACHE: size: 2*16 KB assoc: 2*4
DCACHE: hits:179281482 misses:17687041 writebacks:10492551  Hit Ratio: 91.02%
SCACHE: size: 512 KB assoc: 2
SCACHE: hits:4330947 misses:18192170  Hit Ratio: 19.23%
3CACHE: size: 4096 KB assoc: 2
3CACHE: hits:18037677 misses:154492  Hit Ratio: 99.15%
3CACHE: dirty items replaced:66674
ITLB: size: 48, misses 450557, miss rate 0.19%
DTLB: size: 128, misses 732428, miss rate 0.37%
Avg mem delay: 2.665 cycles
----------------------------------------
==== Statistics for Master ID: 2 ====
Reads: 421551052   Writes: 49309483
ICACHE: size: 64 KB assoc: 2
ICACHE: hits:228566536 misses:8267189  Hit Ratio: 96.51%
DCACHE: size: 1*16 KB assoc: 1*4
DCACHE: hits:224756319 misses:9270725 writebacks:1029665  Hit Ratio: 96.04%
SCACHE: size: 512 KB assoc: 2
SCACHE: hits:14876497 misses:2661182  Hit Ratio: 84.83%
3CACHE: size: 4096 KB assoc: 2
3CACHE: hits:2471859 misses:189323  Hit Ratio: 92.89%
3CACHE: dirty items replaced:45775
ITLB: size: 48, misses 188455, miss rate 0.08%
DTLB: size: 128, misses 1131667, miss rate 0.48%
Avg mem delay: 2.665 cycles
----------------------------------------
==== Statistics for Master ID: 3 ====
Reads: 538804049   Writes: 97488265
ICACHE: size: 64 KB assoc: 2
ICACHE: hits:325657015 misses:3979889  Hit Ratio: 98.79%
DCACHE: size: 1*16 KB assoc: 1*4
DCACHE: hits:306187920 misses:467489 writebacks:185018  Hit Ratio: 99.85%
SCACHE: size: 512 KB assoc: 2
SCACHE: hits:3986573 misses:460805  Hit Ratio: 89.64%
3CACHE: size: 4096 KB assoc: 2
3CACHE: hits:279158 misses:181647  Hit Ratio: 60.58%
3CACHE: dirty items replaced:25750
ITLB: size: 48, misses 10258, miss rate 0.00%
DTLB: size: 128, misses 34018, miss rate 0.01%
Avg mem delay: 2.665 cycles
----------------------------------------
==== Global Resource Utilization ====
STASH: size: 65536 entries, full 6254635910, empty 202821889, misses 21106452, full rate 96.54
icache bank util. 0.145 0.141 0.138 0.118 0.236 0.217 0.107 0.112 
dcache bank util. 0.100 0.172 0.188 0.154 0.160 0.148 0.167 0.131 
L2 bank util. 0.058 0.071 0.063 0.057 0.060 0.061 0.055 0.065 
L1-L2 bus util. = 0.241, L3 util. = 0.007
----------------------------------------

======================== 切片硬件状态 ========================
切片号 | 所属安全域 | 当前状态    | 路扩展 | LRU touched
------------------------------------------------------------------
  0    |   域0      | 正常运行   |  是   |  700999948
  1    |   域3      | 正常运行   |  否   |  700999997
  2    |   域0      | 正常运行   |  是   |  700999968
  3    |   域2      | 正常运行   |  否   |  700999999
==================================================================

branch prediction, hits = 232383372, misses = 18799152, hit rate = 92.52%
return_stack prediction, hits = 42312400, misses = 1863, hit rate = 100.00%
jump prediction, hits = 205842832, misses = 58847804, hit rate = 77.77%

**** Early Exiting at 703011335 Cycles *****
========================================
 SMTSIM Global Statistics
========================================
Threads: 4		Fetch Width: 8
No of useful instructions fetched:	2000000100 (35.56% proc util.)
No of total instructions fetched:	2660122181 (47.30% proc util.)
 includes 252686835 misfetch (9.5%), 407435246 (15.3%) wrong-path fetches
 and 0 flushed after failed lock(0.0%)
No of useful instructions issued/executed:	2000000066 (35.56% proc util.)
No of total instructions issued/executed:	2209935728 (39.29% proc util.)
 includes 209935662 wrong-path (9.5%) insts and 0 flushed (0.0%)
	fp 972212, 0.04%
	synch 0, 0.00%
	integer 1468437657, 66.45%
	load/store 740525859, 33.51%
Avg size of int IQ (before scheduling): 22.39
Avg size of fp IQ (before scheduling): 0.01
No of cycles taken:		703011335
Parallelism [ 0.673, 0.000, 0.852, 1.320,] = 2.845
 IQ conflicts: 56415651 (8.02%), FQ conflicts: 0 (0.00%) 
 I reg conflicts: 194112067 (27.61%), FP reg conflicts: 0 (0.00%)
  Activelist confs: 13855 (0.00%), ROB confs: 1813692 (0.26%)
  Int unit conflicts: 419628701 (59.69%), FP unit conflicts: 7 (0.00%)
  Load/store unit conflicts: 349906259 (49.77%)
  MSHR conflicts: 2587017051 (367.99%)
----------------------------------------
==== System-wide Cache Statistics ====
Stall for miss queue full 437 cycles (0.00%)
----------------------------------------
==== Statistics for Master ID: 0 ====
Reads: 332785317   Writes: 98413495
ICACHE: size: 64 KB assoc: 2
ICACHE: hits:228784415 misses:4848909  Hit Ratio: 97.92%
DCACHE: size: 2*16 KB assoc: 2*4
DCACHE: hits:179824792 misses:17740696 writebacks:10524367  Hit Ratio: 91.02%
SCACHE: size: 512 KB assoc: 2
SCACHE: hits:4342846 misses:18246758  Hit Ratio: 19.22%
3CACHE: size: 4096 KB assoc: 2
3CACHE: hits:18091974 misses:154784  Hit Ratio: 99.15%
3CACHE: dirty items replaced:66889
ITLB: size: 48, misses 451646, miss rate 0.19%
DTLB: size: 128, misses 734413, miss rate 0.37%
Avg mem delay: 2.665 cycles
----------------------------------------
==== Statistics for Master ID: 2 ====
Reads: 422870630   Writes: 49461280
ICACHE: size: 64 KB assoc: 2
ICACHE: hits:229292937 misses:8284412  Hit Ratio: 96.51%
DCACHE: size: 1*16 KB assoc: 1*4
DCACHE: hits:225456962 misses:9297833 writebacks:1032348  Hit Ratio: 96.04%
SCACHE: size: 512 KB assoc: 2
SCACHE: hits:14914445 misses:2667566  Hit Ratio: 84.83%
3CACHE: size: 4096 KB assoc: 2
3CACHE: hits:2477936 misses:189629  Hit Ratio: 92.89%
3CACHE: dirty items replaced:45894
ITLB: size: 48, misses 188864, miss rate 0.08%
DTLB: size: 128, misses 1134886, miss rate 0.48%
Avg mem delay: 2.665 cycles
----------------------------------------
==== Statistics for Master ID: 3 ====
Reads: 540403185   Writes: 97772773
ICACHE: size: 64 KB assoc: 2
ICACHE: hits:326623706 misses:3990476  Hit Ratio: 98.79%
DCACHE: size: 1*16 KB assoc: 1*4
DCACHE: hits:307093923 misses:467852 writebacks:185188  Hit Ratio: 99.85%
SCACHE: size: 512 KB assoc: 2
SCACHE: hits:3996664 misses:461664  Hit Ratio: 89.64%
3CACHE: size: 4096 KB assoc: 2
3CACHE: hits:279805 misses:181859  Hit Ratio: 60.61%
3CACHE: dirty items replaced:25780
ITLB: size: 48, misses 10259, miss rate 0.00%
DTLB: size: 128, misses 34088, miss rate 0.01%
Avg mem delay: 2.665 cycles
----------------------------------------
==== Global Resource Utilization ====
STASH: size: 65536 entries, full 6263310934, empty 203110159, misses 21132393, full rate 96.54
icache bank util. 0.145 0.141 0.138 0.118 0.236 0.217 0.107 0.112 
dcache bank util. 0.100 0.172 0.189 0.154 0.160 0.148 0.167 0.131 
L2 bank util. 0.058 0.071 0.063 0.057 0.060 0.061 0.055 0.065 
L1-L2 bus util. = 0.241, L3 util. = 0.007
----------------------------------------

======================== 切片硬件状态 ========================
切片号 | 所属安全域 | 当前状态    | 路扩展 | LRU touched
------------------------------------------------------------------
  0    |   域0      | 正常运行   |  是   |  703011331
  1    |   域3      | 正常运行   |  否   |  703011334
  2    |   域0      | 正常运行   |  是   |  703011327
  3    |   域2      | 正常运行   |  否   |  703011334
==================================================================

branch prediction, hits = 233106214, misses = 18846512, hit rate = 92.52%
return_stack prediction, hits = 42448813, misses = 1865, hit rate = 100.00%
jump prediction, hits = 206478356, misses = 59036466, hit rate = 77.77%
total IPC 2.845

=== Results saved to: ./results/gcc-166_2_crafty_1_equake_1.txt ===
