测试组合（多线程优先）：crafty.arg2 + equake.arg + mgrid.arg
执行命令：./smtsim crafty.arg2 equake.arg mgrid.arg
==================================================

equake: Reading nodes.
动态重分配参数：每10万周期检查，阈值10
Process 0, Thread 0: crafty
Process 0, Thread 1: crafty
Process 2, Thread 2: equake
Process 3, Thread 3: mgrid
[切片调度] 新安全域0无任何切片，尝试分配空闲切片
[切片管理] 成功绑定切片0 → 安全域0

======================== 切片硬件状态 ========================
切片号 | 所属安全域 | 当前状态    | 路扩展 | LRU touched
------------------------------------------------------------------
  0    |   域0      | 正常运行   |  否   |  0
  1    |   域-1     | 切片空闲   |  否   |  0
  2    |   域-1     | 切片空闲   |  否   |  0
  3    |   域-1     | 切片空闲   |  否   |  0
==================================================================

[切片管理] 成功绑定切片1 → 安全域0，触发【路扩展模式】

======================== 切片硬件状态 ========================
切片号 | 所属安全域 | 当前状态    | 路扩展 | LRU touched
------------------------------------------------------------------
  0    |   域0      | 正常运行   |  是   |  0
  1    |   域0      | 正常运行   |  是   |  0
  2    |   域-1     | 切片空闲   |  否   |  0
  3    |   域-1     | 切片空闲   |  否   |  0
==================================================================

[切片调度] 新安全域2无任何切片，尝试分配空闲切片
[切片管理] 成功绑定切片2 → 安全域2

======================== 切片硬件状态 ========================
切片号 | 所属安全域 | 当前状态    | 路扩展 | LRU touched
------------------------------------------------------------------
  0    |   域0      | 正常运行   |  是   |  319
  1    |   域0      | 正常运行   |  是   |  0
  2    |   域2      | 正常运行   |  否   |  0
  3    |   域-1     | 切片空闲   |  否   |  0
==================================================================

[切片管理] 成功绑定切片3 → 安全域2，触发【路扩展模式】

======================== 切片硬件状态 ========================
切片号 | 所属安全域 | 当前状态    | 路扩展 | LRU touched
------------------------------------------------------------------
  0    |   域0      | 正常运行   |  是   |  319
  1    |   域0      | 正常运行   |  是   |  0
  2    |   域2      | 正常运行   |  是   |  0
  3    |   域2      | 正常运行   |  是   |  0
==================================================================

[切片调度] 新安全域3无任何切片，尝试分配空闲切片
[切片调度] 新安全域3未找到空闲切片，尝试剥夺切片
[切片替换] 优先从【路扩展切片】中选择LRU替换目标...
[切片替换] 找到路扩展切片作为受害者：切片1（最后访问：0）
[切片调度] 安全域3触发切片剥夺：从域0剥夺切片1
[切片剥夺] 周期560：切片1（所属域0）进入待剥夺状态，禁止新替换
[切片剥夺] 周期560：切片1在途请求已清空，开始执行脏行写回
[切片剥夺] 周期560：切片1无脏行，直接完成剥夺
[切片管理] 周期560：原域0仅剩1个切片，关闭路扩展模式
[动态重分配] 周期560：切片1写回完成，自动绑定到域3
[切片管理] 成功绑定切片1 → 安全域3

======================== 切片硬件状态 ========================
切片号 | 所属安全域 | 当前状态    | 路扩展 | LRU touched
------------------------------------------------------------------
  0    |   域0      | 正常运行   |  否   |  319
  1    |   域3      | 正常运行   |  否   |  560
  2    |   域2      | 正常运行   |  是   |  435
  3    |   域2      | 正常运行   |  是   |  0
==================================================================

[切片唤醒] 周期560：域3切片就绪，唤醒等待指令

======================== 切片硬件状态 ========================
切片号 | 所属安全域 | 当前状态    | 路扩展 | LRU touched
------------------------------------------------------------------
  0    |   域0      | 正常运行   |  否   |  699993
  1    |   域3      | 正常运行   |  否   |  700000
  2    |   域2      | 正常运行   |  是   |  699998
  3    |   域2      | 正常运行   |  是   |  699996
==================================================================

[动态重分配] 周期700000：预约迁移 冗余域2(1%) -> 切片2 -> 饥饿域3(12%)
[切片剥夺] 周期700000：切片2（所属域2）进入待剥夺状态，禁止新替换
[切片剥夺] 周期700000：切片2在途请求已清空，开始执行脏行写回
[切片管理] 周期707439：原域2仅剩1个切片，关闭路扩展模式
[动态重分配] 周期707439：切片2写回完成，自动绑定到域3
[切片管理] 成功绑定切片2 → 安全域3，触发【路扩展模式】

======================== 切片硬件状态 ========================
切片号 | 所属安全域 | 当前状态    | 路扩展 | LRU touched
------------------------------------------------------------------
  0    |   域0      | 正常运行   |  否   |  707430
  1    |   域3      | 正常运行   |  是   |  707432
  2    |   域3      | 正常运行   |  是   |  707439
  3    |   域2      | 正常运行   |  否   |  707437
==================================================================


**** Debug Statistics at 1000000 Cycles *****
Threads: 4		Fetch Width: 8
No of useful instructions fetched:	1390843 (17.39% proc util.)
No of total instructions fetched:	1672915 (20.91% proc util.)
 includes 56746 misfetch (3.4%), 225326 (13.5%) wrong-path fetches
 and 0 flushed after failed lock(0.0%)
No of useful instructions issued/executed:	1390827 (17.39% proc util.)
No of total instructions issued/executed:	1493266 (18.67% proc util.)
 includes 102439 wrong-path (6.9%) insts and 0 flushed (0.0%)
	fp 234, 0.02%
	synch 0, 0.00%
	integer 955040, 63.96%
	load/store 537992, 36.03%
Avg size of int IQ (before scheduling): 6.88
Avg size of fp IQ (before scheduling): 0.01
No of cycles taken:		1000000
Parallelism [ 0.379, 0.000, 0.566, 0.446,] = 1.391
 IQ conflicts: 3055 (0.31%), FQ conflicts: 0 (0.00%) 
 I reg conflicts: 704885 (70.49%), FP reg conflicts: 0 (0.00%)
  Activelist confs: 0 (0.00%), ROB confs: 1879 (0.19%)
  Int unit conflicts: 500615 (50.06%), FP unit conflicts: 3 (0.00%)
  Load/store unit conflicts: 80631 (8.06%)
  MSHR conflicts: 539413 (53.94%)
----------------------------------------
==== System-wide Cache Statistics ====
Stall for miss queue full 534 cycles (0.00%)
----------------------------------------
==== Statistics for Master ID: 0 ====
Reads: 261826   Writes: 29770
ICACHE: size: 64 KB assoc: 2
ICACHE: hits:146546 misses:3099  Hit Ratio: 97.93%
DCACHE: size: 1*16 KB assoc: 1*4
DCACHE: hits:136437 misses:5514 writebacks:484  Hit Ratio: 96.12%
SCACHE: size: 512 KB assoc: 2
SCACHE: hits:6198 misses:2415  Hit Ratio: 71.96%
3CACHE: size: 4096 KB assoc: 2
3CACHE: hits:521 misses:1894  Hit Ratio: 21.57%
3CACHE: dirty items replaced:0
ITLB: size: 48, misses 54, miss rate 0.04%
DTLB: size: 128, misses 616, miss rate 0.43%
Avg mem delay: 2.621 cycles
----------------------------------------
==== Statistics for Master ID: 2 ====
Reads: 313125   Writes: 87617
ICACHE: size: 64 KB assoc: 2
ICACHE: hits:191420 misses:988  Hit Ratio: 99.49%
DCACHE: size: 1*16 KB assoc: 1*4
DCACHE: hits:204749 misses:3831 writebacks:3190  Hit Ratio: 98.16%
SCACHE: size: 512 KB assoc: 2
SCACHE: hits:518 misses:4055  Hit Ratio: 11.33%
3CACHE: size: 4096 KB assoc: 2
3CACHE: hits:97 misses:3958  Hit Ratio: 2.39%
3CACHE: dirty items replaced:0
ITLB: size: 48, misses 35, miss rate 0.02%
DTLB: size: 128, misses 101, miss rate 0.05%
Avg mem delay: 2.621 cycles
----------------------------------------
==== Statistics for Master ID: 3 ====
Reads: 184737   Writes: 133987
ICACHE: size: 64 KB assoc: 2
ICACHE: hits:131228 misses:1838  Hit Ratio: 98.62%
DCACHE: size: 2*16 KB assoc: 2*4
DCACHE: hits:171908 misses:13749 writebacks:12988  Hit Ratio: 92.59%
SCACHE: size: 512 KB assoc: 2
SCACHE: hits:926 misses:14660  Hit Ratio: 5.94%
3CACHE: size: 4096 KB assoc: 2
3CACHE: hits:80 misses:14577  Hit Ratio: 0.55%
3CACHE: dirty items replaced:2
ITLB: size: 48, misses 96, miss rate 0.07%
DTLB: size: 128, misses 299, miss rate 0.16%
Avg mem delay: 2.621 cycles
----------------------------------------
==== Global Resource Utilization ====
STASH: size: 65536 entries, full 93230259, empty 7742632, misses 861902, full rate 91.55
icache bank util. 0.060 0.055 0.041 0.056 0.069 0.102 0.059 0.051 
dcache bank util. 0.062 0.071 0.102 0.114 0.113 0.069 0.060 0.063 
L2 bank util. 0.033 0.039 0.035 0.032 0.034 0.034 0.033 0.037 
L1-L2 bus util. = 0.136, L3 util. = 0.204
----------------------------------------

======================== 切片硬件状态 ========================
切片号 | 所属安全域 | 当前状态    | 路扩展 | LRU touched
------------------------------------------------------------------
  0    |   域0      | 正常运行   |  否   |  999994
  1    |   域3      | 正常运行   |  是   |  999435
  2    |   域3      | 正常运行   |  是   |  999999
  3    |   域2      | 正常运行   |  否   |  999999
==================================================================

branch prediction, hits = 134245, misses = 12766, hit rate = 91.32%
return_stack prediction, hits = 25362, misses = 41, hit rate = 99.84%
jump prediction, hits = 160907, misses = 16218, hit rate = 90.84%

**** Debug Statistics at 101000000 Cycles *****
Threads: 4		Fetch Width: 8
No of useful instructions fetched:	207523076 (25.68% proc util.)
No of total instructions fetched:	252632572 (31.27% proc util.)
 includes 17035993 misfetch (6.7%), 28073503 (11.1%) wrong-path fetches
 and 0 flushed after failed lock(0.0%)
No of useful instructions issued/executed:	207523054 (25.68% proc util.)
No of total instructions issued/executed:	221805459 (27.45% proc util.)
 includes 14282405 wrong-path (6.4%) insts and 0 flushed (0.0%)
	fp 30056312, 13.55%
	synch 0, 0.00%
	integer 113402976, 51.13%
	load/store 78346171, 35.32%
Avg size of int IQ (before scheduling): 7.11
Avg size of fp IQ (before scheduling): 3.77
No of cycles taken:		101000000
Parallelism [ 0.570, 0.000, 0.682, 0.802,] = 2.055
 IQ conflicts: 800875 (0.79%), FQ conflicts: 0 (0.00%) 
 I reg conflicts: 19813554 (19.62%), FP reg conflicts: 37711579 (37.34%)
  Activelist confs: 0 (0.00%), ROB confs: 112753 (0.11%)
  Int unit conflicts: 20029631 (19.83%), FP unit conflicts: 149665 (0.15%)
  Load/store unit conflicts: 9658369 (9.56%)
  MSHR conflicts: 39019436 (38.63%)
----------------------------------------
==== System-wide Cache Statistics ====
Stall for miss queue full 534 cycles (0.00%)
----------------------------------------
==== Statistics for Master ID: 0 ====
Reads: 41833992   Writes: 4756019
ICACHE: size: 64 KB assoc: 2
ICACHE: hits:23777979 misses:598169  Hit Ratio: 97.55%
DCACHE: size: 1*16 KB assoc: 1*4
DCACHE: hits:21348380 misses:865483 writebacks:95909  Hit Ratio: 96.10%
SCACHE: size: 512 KB assoc: 2
SCACHE: hits:1305611 misses:158041  Hit Ratio: 89.20%
3CACHE: size: 4096 KB assoc: 2
3CACHE: hits:111907 misses:46134  Hit Ratio: 70.81%
3CACHE: dirty items replaced:3503
ITLB: size: 48, misses 202, miss rate 0.00%
DTLB: size: 128, misses 77209, miss rate 0.35%
Avg mem delay: 2.649 cycles
----------------------------------------
==== Statistics for Master ID: 2 ====
Reads: 44788902   Writes: 7282938
ICACHE: size: 64 KB assoc: 2
ICACHE: hits:28552027 misses:364438  Hit Ratio: 98.74%
DCACHE: size: 1*16 KB assoc: 1*4
DCACHE: hits:23060671 misses:94950 writebacks:26356  Hit Ratio: 99.59%
SCACHE: size: 512 KB assoc: 2
SCACHE: hits:418896 misses:40246  Hit Ratio: 91.23%
3CACHE: size: 4096 KB assoc: 2
3CACHE: hits:11668 misses:28578  Hit Ratio: 28.99%
3CACHE: dirty items replaced:433
ITLB: size: 48, misses 50, miss rate 0.00%
DTLB: size: 128, misses 2650, miss rate 0.01%
Avg mem delay: 2.649 cycles
----------------------------------------
==== Statistics for Master ID: 3 ====
Reads: 55812124   Writes: 5550490
ICACHE: size: 64 KB assoc: 2
ICACHE: hits:28393700 misses:21248  Hit Ratio: 99.93%
DCACHE: size: 2*16 KB assoc: 2*4
DCACHE: hits:31740904 misses:1206761 writebacks:699299  Hit Ratio: 96.34%
SCACHE: size: 512 KB assoc: 2
SCACHE: hits:89639 misses:1138370  Hit Ratio: 7.30%
3CACHE: size: 4096 KB assoc: 2
3CACHE: hits:175465 misses:962905  Hit Ratio: 15.41%
3CACHE: dirty items replaced:16788
ITLB: size: 48, misses 195, miss rate 0.00%
DTLB: size: 128, misses 23163, miss rate 0.07%
Avg mem delay: 2.649 cycles
----------------------------------------
==== Global Resource Utilization ====
STASH: size: 65536 entries, full 399808782, empty 15849221, misses 1604395, full rate 95.82
icache bank util. 0.105 0.111 0.109 0.103 0.105 0.115 0.097 0.093 
dcache bank util. 0.084 0.124 0.124 0.107 0.114 0.105 0.109 0.097 
L2 bank util. 0.026 0.035 0.031 0.028 0.028 0.029 0.025 0.031 
L1-L2 bus util. = 0.118, L3 util. = 0.103
----------------------------------------

======================== 切片硬件状态 ========================
切片号 | 所属安全域 | 当前状态    | 路扩展 | LRU touched
------------------------------------------------------------------
  0    |   域0      | 正常运行   |  否   |  100999997
  1    |   域3      | 正常运行   |  是   |  100999994
  2    |   域3      | 正常运行   |  是   |  100999990
  3    |   域2      | 正常运行   |  否   |  100999961
==================================================================

branch prediction, hits = 14845595, misses = 1583594, hit rate = 90.36%
return_stack prediction, hits = 3083157, misses = 155, hit rate = 99.99%
jump prediction, hits = 12801751, misses = 4809982, hit rate = 72.69%

**** Debug Statistics at 201000000 Cycles *****
Threads: 4		Fetch Width: 8
No of useful instructions fetched:	443586568 (27.59% proc util.)
No of total instructions fetched:	546338680 (33.98% proc util.)
 includes 38553147 misfetch (7.1%), 64198965 (11.8%) wrong-path fetches
 and 0 flushed after failed lock(0.0%)
No of useful instructions issued/executed:	443586512 (27.59% proc util.)
No of total instructions issued/executed:	476367237 (29.62% proc util.)
 includes 32780725 wrong-path (6.9%) insts and 0 flushed (0.0%)
	fp 67411048, 14.15%
	synch 0, 0.00%
	integer 242640069, 50.94%
	load/store 166316120, 34.91%
Avg size of int IQ (before scheduling): 7.68
Avg size of fp IQ (before scheduling): 5.46
No of cycles taken:		201000000
Parallelism [ 0.623, 0.000, 0.750, 0.833,] = 2.207
 IQ conflicts: 1742631 (0.87%), FQ conflicts: 1338271 (0.67%) 
 I reg conflicts: 23063510 (11.47%), FP reg conflicts: 82297327 (40.94%)
  Activelist confs: 0 (0.00%), ROB confs: 113906 (0.06%)
  Int unit conflicts: 45077666 (22.43%), FP unit conflicts: 374694 (0.19%)
  Load/store unit conflicts: 20890190 (10.39%)
  MSHR conflicts: 63307742 (31.50%)
----------------------------------------
==== System-wide Cache Statistics ====
Stall for miss queue full 534 cycles (0.00%)
----------------------------------------
==== Statistics for Master ID: 0 ====
Reads: 92263356   Writes: 10331359
ICACHE: size: 64 KB assoc: 2
ICACHE: hits:52441159 misses:1346217  Hit Ratio: 97.50%
DCACHE: size: 1*16 KB assoc: 1*4
DCACHE: hits:46890373 misses:1916966 writebacks:208007  Hit Ratio: 96.07%
SCACHE: size: 512 KB assoc: 2
SCACHE: hits:2952819 misses:310363  Hit Ratio: 90.49%
3CACHE: size: 4096 KB assoc: 2
3CACHE: hits:219859 misses:90504  Hit Ratio: 70.84%
3CACHE: dirty items replaced:8383
ITLB: size: 48, misses 232, miss rate 0.00%
DTLB: size: 128, misses 160443, miss rate 0.33%
Avg mem delay: 2.522 cycles
----------------------------------------
==== Statistics for Master ID: 2 ====
Reads: 98316077   Writes: 15774981
ICACHE: size: 64 KB assoc: 2
ICACHE: hits:62618720 misses:796323  Hit Ratio: 98.74%
DCACHE: size: 1*16 KB assoc: 1*4
DCACHE: hits:50492973 misses:183288 writebacks:35030  Hit Ratio: 99.64%
SCACHE: size: 512 KB assoc: 2
SCACHE: hits:917172 misses:62193  Hit Ratio: 93.65%
3CACHE: size: 4096 KB assoc: 2
3CACHE: hits:24186 misses:38007  Hit Ratio: 38.89%
3CACHE: dirty items replaced:1160
ITLB: size: 48, misses 53, miss rate 0.00%
DTLB: size: 128, misses 5347, miss rate 0.01%
Avg mem delay: 2.522 cycles
----------------------------------------
==== Statistics for Master ID: 3 ====
Reads: 120203704   Writes: 6884632
ICACHE: size: 64 KB assoc: 2
ICACHE: hits:60267165 misses:43612  Hit Ratio: 99.93%
DCACHE: size: 2*16 KB assoc: 2*4
DCACHE: hits:64756720 misses:2020838 writebacks:868913  Hit Ratio: 96.97%
SCACHE: size: 512 KB assoc: 2
SCACHE: hits:197151 misses:1867299  Hit Ratio: 9.55%
3CACHE: size: 4096 KB assoc: 2
3CACHE: hits:378641 misses:1488658  Hit Ratio: 20.28%
3CACHE: dirty items replaced:42292
ITLB: size: 48, misses 233, miss rate 0.00%
DTLB: size: 128, misses 40104, miss rate 0.06%
Avg mem delay: 2.522 cycles
----------------------------------------
==== Global Resource Utilization ====
STASH: size: 65536 entries, full 760937207, empty 25181191, misses 2454905, full rate 96.50
icache bank util. 0.116 0.123 0.121 0.113 0.114 0.116 0.108 0.104 
dcache bank util. 0.087 0.131 0.131 0.111 0.118 0.110 0.116 0.101 
L2 bank util. 0.023 0.033 0.030 0.027 0.026 0.027 0.023 0.029 
L1-L2 bus util. = 0.111, L3 util. = 0.080
----------------------------------------

======================== 切片硬件状态 ========================
切片号 | 所属安全域 | 当前状态    | 路扩展 | LRU touched
------------------------------------------------------------------
  0    |   域0      | 正常运行   |  否   |  200999999
  1    |   域3      | 正常运行   |  是   |  200999429
  2    |   域3      | 正常运行   |  是   |  200999973
  3    |   域2      | 正常运行   |  否   |  200999999
==================================================================

branch prediction, hits = 31051819, misses = 3407079, hit rate = 90.11%
return_stack prediction, hits = 6768693, misses = 288, hit rate = 100.00%
jump prediction, hits = 26490366, misses = 10614063, hit rate = 71.39%
equake: Reading elements.

**** Debug Statistics at 301000000 Cycles *****
Threads: 4		Fetch Width: 8
No of useful instructions fetched:	729324128 (30.29% proc util.)
No of total instructions fetched:	922448240 (38.31% proc util.)
 includes 71178406 misfetch (7.7%), 121945706 (13.2%) wrong-path fetches
 and 0 flushed after failed lock(0.0%)
No of useful instructions issued/executed:	729324104 (30.29% proc util.)
No of total instructions issued/executed:	791399932 (32.87% proc util.)
 includes 62075828 wrong-path (7.8%) insts and 0 flushed (0.0%)
	fp 105065992, 13.28%
	synch 0, 0.00%
	integer 413991262, 52.31%
	load/store 272342678, 34.41%
Avg size of int IQ (before scheduling): 9.47
Avg size of fp IQ (before scheduling): 10.05
No of cycles taken:		301000000
Parallelism [ 0.714, 0.000, 0.879, 0.829,] = 2.423
 IQ conflicts: 2859117 (0.95%), FQ conflicts: 7852848 (2.61%) 
 I reg conflicts: 33834787 (11.24%), FP reg conflicts: 102431335 (34.03%)
  Activelist confs: 441 (0.00%), ROB confs: 132083 (0.04%)
  Int unit conflicts: 94699349 (31.46%), FP unit conflicts: 839185 (0.28%)
  Load/store unit conflicts: 35984307 (11.95%)
  MSHR conflicts: 97841301 (32.51%)
----------------------------------------
==== System-wide Cache Statistics ====
Stall for miss queue full 534 cycles (0.00%)
----------------------------------------
==== Statistics for Master ID: 0 ====
Reads: 161057782   Writes: 18074478
ICACHE: size: 64 KB assoc: 2
ICACHE: hits:91146412 misses:2411089  Hit Ratio: 97.42%
DCACHE: size: 1*16 KB assoc: 1*4
DCACHE: hits:82183527 misses:3391232 writebacks:368203  Hit Ratio: 96.04%
SCACHE: size: 512 KB assoc: 2
SCACHE: hits:5272231 misses:530090  Hit Ratio: 90.86%
3CACHE: size: 4096 KB assoc: 2
3CACHE: hits:376190 misses:153900  Hit Ratio: 70.97%
3CACHE: dirty items replaced:16015
ITLB: size: 48, misses 436, miss rate 0.00%
DTLB: size: 128, misses 287789, miss rate 0.34%
Avg mem delay: 2.581 cycles
----------------------------------------
==== Statistics for Master ID: 2 ====
Reads: 171784016   Writes: 28052185
ICACHE: size: 64 KB assoc: 2
ICACHE: hits:108595183 misses:1392371  Hit Ratio: 98.73%
DCACHE: size: 1*16 KB assoc: 1*4
DCACHE: hits:89524990 misses:323903 writebacks:86271  Hit Ratio: 99.64%
SCACHE: size: 512 KB assoc: 2
SCACHE: hits:1583775 misses:132253  Hit Ratio: 92.29%
3CACHE: size: 4096 KB assoc: 2
3CACHE: hits:42490 misses:89763  Hit Ratio: 32.13%
3CACHE: dirty items replaced:6746
ITLB: size: 48, misses 67, miss rate 0.00%
DTLB: size: 128, misses 10591, miss rate 0.01%
Avg mem delay: 2.581 cycles
----------------------------------------
==== Statistics for Master ID: 3 ====
Reads: 179480917   Writes: 8989594
ICACHE: size: 64 KB assoc: 2
ICACHE: hits:91615974 misses:55164  Hit Ratio: 99.94%
DCACHE: size: 2*16 KB assoc: 2*4
DCACHE: hits:93608564 misses:3190808 writebacks:1097898  Hit Ratio: 96.70%
SCACHE: size: 512 KB assoc: 2
SCACHE: hits:408933 misses:2837039  Hit Ratio: 12.60%
3CACHE: size: 4096 KB assoc: 2
3CACHE: hits:676251 misses:2160788  Hit Ratio: 23.84%
3CACHE: dirty items replaced:85644
ITLB: size: 48, misses 520, miss rate 0.00%
DTLB: size: 128, misses 61261, miss rate 0.06%
Avg mem delay: 2.581 cycles
----------------------------------------
==== Global Resource Utilization ====
STASH: size: 65536 entries, full 1201395861, empty 39159217, misses 3719916, full rate 96.55
icache bank util. 0.131 0.134 0.133 0.123 0.125 0.130 0.124 0.119 
dcache bank util. 0.092 0.145 0.143 0.122 0.130 0.119 0.126 0.110 
L2 bank util. 0.026 0.037 0.033 0.029 0.028 0.030 0.025 0.032 
L1-L2 bus util. = 0.123, L3 util. = 0.080
----------------------------------------

======================== 切片硬件状态 ========================
切片号 | 所属安全域 | 当前状态    | 路扩展 | LRU touched
------------------------------------------------------------------
  0    |   域0      | 正常运行   |  否   |  300999951
  1    |   域3      | 正常运行   |  是   |  300999974
  2    |   域3      | 正常运行   |  是   |  300999987
  3    |   域2      | 正常运行   |  否   |  300999960
==================================================================

branch prediction, hits = 53057857, misses = 5799308, hit rate = 90.15%
return_stack prediction, hits = 11692343, misses = 446, hit rate = 100.00%
jump prediction, hits = 45226946, misses = 18215357, hit rate = 71.29%

**** Debug Statistics at 401000000 Cycles *****
Threads: 4		Fetch Width: 8
No of useful instructions fetched:	974495014 (30.38% proc util.)
No of total instructions fetched:	1214588620 (37.86% proc util.)
 includes 88566768 misfetch (7.3%), 151526838 (12.5%) wrong-path fetches
 and 0 flushed after failed lock(0.0%)
No of useful instructions issued/executed:	974494991 (30.38% proc util.)
No of total instructions issued/executed:	1051641803 (32.78% proc util.)
 includes 77146812 wrong-path (7.3%) insts and 0 flushed (0.0%)
	fp 140707882, 13.38%
	synch 0, 0.00%
	integer 548563107, 52.16%
	load/store 362370814, 34.46%
Avg size of int IQ (before scheduling): 9.56
Avg size of fp IQ (before scheduling): 9.11
No of cycles taken:		401000000
Parallelism [ 0.713, 0.000, 0.891, 0.826,] = 2.430
 IQ conflicts: 3652527 (0.91%), FQ conflicts: 7852850 (1.96%) 
 I reg conflicts: 42251798 (10.54%), FP reg conflicts: 144837296 (36.12%)
  Activelist confs: 441 (0.00%), ROB confs: 134408 (0.03%)
  Int unit conflicts: 133425765 (33.27%), FP unit conflicts: 1825129 (0.46%)
  Load/store unit conflicts: 49286744 (12.29%)
  MSHR conflicts: 121140109 (30.21%)
----------------------------------------
==== System-wide Cache Statistics ====
Stall for miss queue full 534 cycles (0.00%)
----------------------------------------
==== Statistics for Master ID: 0 ====
Reads: 212267474   Writes: 23988203
ICACHE: size: 64 KB assoc: 2
ICACHE: hits:120023882 misses:2995219  Hit Ratio: 97.57%
DCACHE: size: 1*16 KB assoc: 1*4
DCACHE: hits:108776733 misses:4459843 writebacks:481804  Hit Ratio: 96.06%
SCACHE: size: 512 KB assoc: 2
SCACHE: hits:6757054 misses:698008  Hit Ratio: 90.64%
3CACHE: size: 4096 KB assoc: 2
3CACHE: hits:492401 misses:205607  Hit Ratio: 70.54%
3CACHE: dirty items replaced:23571
ITLB: size: 48, misses 481, miss rate 0.00%
DTLB: size: 128, misses 385229, miss rate 0.34%
Avg mem delay: 2.626 cycles
----------------------------------------
==== Statistics for Master ID: 2 ====
Reads: 227569719   Writes: 38302650
ICACHE: size: 64 KB assoc: 2
ICACHE: hits:143554533 misses:1677985  Hit Ratio: 98.84%
DCACHE: size: 1*16 KB assoc: 1*4
DCACHE: hits:120247127 misses:392970 writebacks:149084  Hit Ratio: 99.67%
SCACHE: size: 512 KB assoc: 2
SCACHE: hits:1864146 misses:206563  Hit Ratio: 90.02%
3CACHE: size: 4096 KB assoc: 2
3CACHE: hits:51534 misses:155029  Hit Ratio: 24.95%
3CACHE: dirty items replaced:14071
ITLB: size: 48, misses 81, miss rate 0.00%
DTLB: size: 128, misses 12794, miss rate 0.01%
Avg mem delay: 2.626 cycles
----------------------------------------
==== Statistics for Master ID: 3 ====
Reads: 236903760   Writes: 12046355
ICACHE: size: 64 KB assoc: 2
ICACHE: hits:120552903 misses:70392  Hit Ratio: 99.94%
DCACHE: size: 2*16 KB assoc: 2*4
DCACHE: hits:124212391 misses:4114428 writebacks:1498633  Hit Ratio: 96.79%
SCACHE: size: 512 KB assoc: 2
SCACHE: hits:509188 misses:3675632  Hit Ratio: 12.17%
3CACHE: size: 4096 KB assoc: 2
3CACHE: hits:846411 misses:2829221  Hit Ratio: 23.03%
3CACHE: dirty items replaced:162307
ITLB: size: 48, misses 529, miss rate 0.00%
DTLB: size: 128, misses 79997, miss rate 0.06%
Avg mem delay: 2.626 cycles
----------------------------------------
==== Global Resource Utilization ====
STASH: size: 65536 entries, full 1548747169, empty 50295454, misses 4742100, full rate 96.57
icache bank util. 0.132 0.135 0.133 0.122 0.121 0.122 0.122 0.117 
dcache bank util. 0.090 0.141 0.145 0.123 0.132 0.119 0.126 0.110 
L2 bank util. 0.025 0.036 0.031 0.027 0.028 0.029 0.024 0.032 
L1-L2 bus util. = 0.119, L3 util. = 0.080
----------------------------------------

======================== 切片硬件状态 ========================
切片号 | 所属安全域 | 当前状态    | 路扩展 | LRU touched
------------------------------------------------------------------
  0    |   域0      | 正常运行   |  否   |  400999992
  1    |   域3      | 正常运行   |  是   |  400999898
  2    |   域3      | 正常运行   |  是   |  400999895
  3    |   域2      | 正常运行   |  否   |  400999903
==================================================================

branch prediction, hits = 71493261, misses = 7197800, hit rate = 90.85%
return_stack prediction, hits = 15875627, misses = 565, hit rate = 100.00%
jump prediction, hits = 62446393, misses = 22707732, hit rate = 73.33%

**** Debug Statistics at 501000000 Cycles *****
Threads: 4		Fetch Width: 8
No of useful instructions fetched:	1217974012 (30.39% proc util.)
No of total instructions fetched:	1500309804 (37.43% proc util.)
 includes 105003225 misfetch (7.0%), 177332567 (11.8%) wrong-path fetches
 and 0 flushed after failed lock(0.0%)
No of useful instructions issued/executed:	1217973989 (30.39% proc util.)
No of total instructions issued/executed:	1308435762 (32.65% proc util.)
 includes 90461773 wrong-path (6.9%) insts and 0 flushed (0.0%)
	fp 178959793, 13.68%
	synch 0, 0.00%
	integer 677003941, 51.74%
	load/store 452472028, 34.58%
Avg size of int IQ (before scheduling): 8.99
Avg size of fp IQ (before scheduling): 8.24
No of cycles taken:		501000000
Parallelism [ 0.703, 0.000, 0.887, 0.841,] = 2.431
 IQ conflicts: 3656451 (0.73%), FQ conflicts: 7852850 (1.57%) 
 I reg conflicts: 45344113 (9.05%), FP reg conflicts: 192646591 (38.45%)
  Activelist confs: 441 (0.00%), ROB confs: 134408 (0.03%)
  Int unit conflicts: 157602961 (31.46%), FP unit conflicts: 2010496 (0.40%)
  Load/store unit conflicts: 60611011 (12.10%)
  MSHR conflicts: 121313767 (24.21%)
----------------------------------------
==== System-wide Cache Statistics ====
Stall for miss queue full 534 cycles (0.00%)
----------------------------------------
==== Statistics for Master ID: 0 ====
Reads: 260564801   Writes: 29536551
ICACHE: size: 64 KB assoc: 2
ICACHE: hits:147247885 misses:3602871  Hit Ratio: 97.61%
DCACHE: size: 1*16 KB assoc: 1*4
DCACHE: hits:133742589 misses:5508007 writebacks:591286  Hit Ratio: 96.04%
SCACHE: size: 512 KB assoc: 2
SCACHE: hits:8264377 misses:846501  Hit Ratio: 90.71%
3CACHE: size: 4096 KB assoc: 2
3CACHE: hits:595336 misses:251165  Hit Ratio: 70.33%
3CACHE: dirty items replaced:30233
ITLB: size: 48, misses 481, miss rate 0.00%
DTLB: size: 128, misses 479401, miss rate 0.34%
Avg mem delay: 2.548 cycles
----------------------------------------
==== Statistics for Master ID: 2 ====
Reads: 281039120   Writes: 47345099
ICACHE: size: 64 KB assoc: 2
ICACHE: hits:177517546 misses:1972044  Hit Ratio: 98.90%
DCACHE: size: 1*16 KB assoc: 1*4
DCACHE: hits:148491013 misses:403862 writebacks:154521  Hit Ratio: 99.73%
SCACHE: size: 512 KB assoc: 2
SCACHE: hits:2151984 misses:223676  Hit Ratio: 90.58%
3CACHE: size: 4096 KB assoc: 2
3CACHE: hits:60393 misses:163283  Hit Ratio: 27.00%
3CACHE: dirty items replaced:15491
ITLB: size: 48, misses 81, miss rate 0.00%
DTLB: size: 128, misses 13749, miss rate 0.01%
Avg mem delay: 2.548 cycles
----------------------------------------
==== Statistics for Master ID: 3 ====
Reads: 304293713   Writes: 13277275
ICACHE: size: 64 KB assoc: 2
ICACHE: hits:153335757 misses:90177  Hit Ratio: 99.94%
DCACHE: size: 2*16 KB assoc: 2*4
DCACHE: hits:159241747 misses:4903306 writebacks:1654977  Hit Ratio: 97.01%
SCACHE: size: 512 KB assoc: 2
SCACHE: hits:621971 misses:4371511  Hit Ratio: 12.46%
3CACHE: size: 4096 KB assoc: 2
3CACHE: hits:1061246 misses:3310265  Hit Ratio: 24.28%
3CACHE: dirty items replaced:220726
ITLB: size: 48, misses 529, miss rate 0.00%
DTLB: size: 128, misses 92467, miss rate 0.06%
Avg mem delay: 2.548 cycles
----------------------------------------
==== Global Resource Utilization ====
STASH: size: 65536 entries, full 1902134677, empty 60747287, misses 5692212, full rate 96.62
icache bank util. 0.132 0.136 0.134 0.122 0.121 0.119 0.120 0.115 
dcache bank util. 0.090 0.139 0.145 0.123 0.131 0.119 0.126 0.109 
L2 bank util. 0.024 0.035 0.030 0.025 0.026 0.028 0.023 0.031 
L1-L2 bus util. = 0.113, L3 util. = 0.074
----------------------------------------

======================== 切片硬件状态 ========================
切片号 | 所属安全域 | 当前状态    | 路扩展 | LRU touched
------------------------------------------------------------------
  0    |   域0      | 正常运行   |  否   |  500999987
  1    |   域3      | 正常运行   |  是   |  500999998
  2    |   域3      | 正常运行   |  是   |  500999997
  3    |   域2      | 正常运行   |  否   |  500999999
==================================================================

branch prediction, hits = 89023668, misses = 8551540, hit rate = 91.24%
return_stack prediction, hits = 19907998, misses = 678, hit rate = 100.00%
jump prediction, hits = 78366028, misses = 27290524, hit rate = 74.17%

**** Debug Statistics at 601000000 Cycles *****
Threads: 4		Fetch Width: 8
No of useful instructions fetched:	1543130216 (32.10% proc util.)
No of total instructions fetched:	1882746127 (39.16% proc util.)
 includes 127329720 misfetch (6.8%), 212286191 (11.3%) wrong-path fetches
 and 0 flushed after failed lock(0.0%)
No of useful instructions issued/executed:	1543130191 (32.10% proc util.)
No of total instructions issued/executed:	1651838369 (34.36% proc util.)
 includes 108708178 wrong-path (6.6%) insts and 0 flushed (0.0%)
	fp 230187175, 13.94%
	synch 0, 0.00%
	integer 848537219, 51.37%
	load/store 573113975, 34.70%
Avg size of int IQ (before scheduling): 9.19
Avg size of fp IQ (before scheduling): 7.95
No of cycles taken:		601000000
Parallelism [ 0.732, 0.000, 0.936, 0.900,] = 2.568
 IQ conflicts: 4486570 (0.75%), FQ conflicts: 7852850 (1.31%) 
 I reg conflicts: 50540867 (8.41%), FP reg conflicts: 221755522 (36.90%)
  Activelist confs: 441 (0.00%), ROB confs: 135176 (0.02%)
  Int unit conflicts: 194352028 (32.34%), FP unit conflicts: 2355772 (0.39%)
  Load/store unit conflicts: 77552303 (12.90%)
  MSHR conflicts: 144701683 (24.08%)
----------------------------------------
==== System-wide Cache Statistics ====
Stall for miss queue full 534 cycles (0.00%)
----------------------------------------
==== Statistics for Master ID: 0 ====
Reads: 324350145   Writes: 36705155
ICACHE: size: 64 KB assoc: 2
ICACHE: hits:183365371 misses:4370094  Hit Ratio: 97.67%
DCACHE: size: 1*16 KB assoc: 1*4
DCACHE: hits:166389475 misses:6930360 writebacks:739799  Hit Ratio: 96.00%
SCACHE: size: 512 KB assoc: 2
SCACHE: hits:10264715 misses:1035739  Hit Ratio: 90.83%
3CACHE: size: 4096 KB assoc: 2
3CACHE: hits:723941 misses:311798  Hit Ratio: 69.90%
3CACHE: dirty items replaced:39044
ITLB: size: 48, misses 503, miss rate 0.00%
DTLB: size: 128, misses 601587, miss rate 0.35%
Avg mem delay: 2.465 cycles
----------------------------------------
==== Statistics for Master ID: 2 ====
Reads: 353221757   Writes: 59630270
ICACHE: size: 64 KB assoc: 2
ICACHE: hits:223201306 misses:2356869  Hit Ratio: 98.96%
DCACHE: size: 1*16 KB assoc: 1*4
DCACHE: hits:186875512 misses:418586 writebacks:161852  Hit Ratio: 99.78%
SCACHE: size: 512 KB assoc: 2
SCACHE: hits:2529265 misses:245944  Hit Ratio: 91.14%
3CACHE: size: 4096 KB assoc: 2
3CACHE: hits:71645 misses:174299  Hit Ratio: 29.13%
3CACHE: dirty items replaced:17685
ITLB: size: 48, misses 83, miss rate 0.00%
DTLB: size: 128, misses 15013, miss rate 0.01%
Avg mem delay: 2.465 cycles
----------------------------------------
==== Statistics for Master ID: 3 ====
Reads: 393251378   Writes: 15028888
ICACHE: size: 64 KB assoc: 2
ICACHE: hits:195878716 misses:102285  Hit Ratio: 99.95%
DCACHE: size: 2*16 KB assoc: 2*4
DCACHE: hits:206510035 misses:5789229 writebacks:1889554  Hit Ratio: 97.27%
SCACHE: size: 512 KB assoc: 2
SCACHE: hits:759327 misses:5132186  Hit Ratio: 12.89%
3CACHE: size: 4096 KB assoc: 2
3CACHE: hits:1354718 misses:3777468  Hit Ratio: 26.40%
3CACHE: dirty items replaced:278645
ITLB: size: 48, misses 558, miss rate 0.00%
DTLB: size: 128, misses 110503, miss rate 0.05%
Avg mem delay: 2.465 cycles
----------------------------------------
==== Global Resource Utilization ====
STASH: size: 65536 entries, full 2371179530, empty 74553275, misses 6943893, full rate 96.68
icache bank util. 0.141 0.139 0.140 0.129 0.127 0.124 0.126 0.122 
dcache bank util. 0.094 0.146 0.153 0.129 0.137 0.126 0.133 0.116 
L2 bank util. 0.025 0.035 0.029 0.024 0.026 0.028 0.023 0.031 
L1-L2 bus util. = 0.114, L3 util. = 0.071
----------------------------------------

======================== 切片硬件状态 ========================
切片号 | 所属安全域 | 当前状态    | 路扩展 | LRU touched
------------------------------------------------------------------
  0    |   域0      | 正常运行   |  否   |  600999998
  1    |   域3      | 正常运行   |  是   |  600999997
  2    |   域3      | 正常运行   |  是   |  600999997
  3    |   域2      | 正常运行   |  否   |  600999999
==================================================================

branch prediction, hits = 112737513, misses = 10263978, hit rate = 91.66%
return_stack prediction, hits = 25392719, misses = 869, hit rate = 100.00%
jump prediction, hits = 99942929, misses = 33401697, hit rate = 74.95%

**** Debug Statistics at 701000000 Cycles *****
Threads: 4		Fetch Width: 8
No of useful instructions fetched:	1811022844 (32.29% proc util.)
No of total instructions fetched:	2196453382 (39.17% proc util.)
 includes 146669896 misfetch (6.7%), 238760642 (10.9%) wrong-path fetches
 and 0 flushed after failed lock(0.0%)
No of useful instructions issued/executed:	1811022819 (32.29% proc util.)
No of total instructions issued/executed:	1933230773 (34.47% proc util.)
 includes 122207954 wrong-path (6.3%) insts and 0 flushed (0.0%)
	fp 271663143, 14.05%
	synch 0, 0.00%
	integer 990408324, 51.23%
	load/store 671159306, 34.72%
Avg size of int IQ (before scheduling): 9.06
Avg size of fp IQ (before scheduling): 7.54
No of cycles taken:		701000000
Parallelism [ 0.734, 0.000, 0.938, 0.911,] = 2.583
 IQ conflicts: 5307973 (0.76%), FQ conflicts: 7852850 (1.12%) 
 I reg conflicts: 54209929 (7.73%), FP reg conflicts: 263638474 (37.61%)
  Activelist confs: 441 (0.00%), ROB confs: 136426 (0.02%)
  Int unit conflicts: 221732919 (31.63%), FP unit conflicts: 2586767 (0.37%)
  Load/store unit conflicts: 90578369 (12.92%)
  MSHR conflicts: 167593181 (23.91%)
----------------------------------------
==== System-wide Cache Statistics ====
Stall for miss queue full 534 cycles (0.00%)
----------------------------------------
==== Statistics for Master ID: 0 ====
Reads: 377733877   Writes: 42441614
ICACHE: size: 64 KB assoc: 2
ICACHE: hits:214022840 misses:4901391  Hit Ratio: 97.76%
DCACHE: size: 1*16 KB assoc: 1*4
DCACHE: hits:193261260 misses:7990000 writebacks:848224  Hit Ratio: 96.03%
SCACHE: size: 512 KB assoc: 2
SCACHE: hits:11711518 misses:1179872  Hit Ratio: 90.85%
3CACHE: size: 4096 KB assoc: 2
3CACHE: hits:823692 misses:356180  Hit Ratio: 69.81%
3CACHE: dirty items replaced:46009
ITLB: size: 48, misses 561, miss rate 0.00%
DTLB: size: 128, misses 692014, miss rate 0.34%
Avg mem delay: 2.430 cycles
----------------------------------------
==== Statistics for Master ID: 2 ====
Reads: 411910506   Writes: 69554011
ICACHE: size: 64 KB assoc: 2
ICACHE: hits:260446709 misses:2659206  Hit Ratio: 98.99%
DCACHE: size: 1*16 KB assoc: 1*4
DCACHE: hits:217928270 misses:430578 writebacks:167841  Hit Ratio: 99.80%
SCACHE: size: 512 KB assoc: 2
SCACHE: hits:2825491 misses:264047  Hit Ratio: 91.45%
3CACHE: size: 4096 KB assoc: 2
3CACHE: hits:80653 misses:183394  Hit Ratio: 30.54%
3CACHE: dirty items replaced:18978
ITLB: size: 48, misses 86, miss rate 0.00%
DTLB: size: 128, misses 15992, miss rate 0.01%
Avg mem delay: 2.430 cycles
----------------------------------------
==== Statistics for Master ID: 3 ====
Reads: 466156225   Writes: 16466016
ICACHE: size: 64 KB assoc: 2
ICACHE: hits:231161678 misses:123683  Hit Ratio: 99.95%
DCACHE: size: 2*16 KB assoc: 2*4
DCACHE: hits:244712427 misses:6624452 writebacks:2084454  Hit Ratio: 97.36%
SCACHE: size: 512 KB assoc: 2
SCACHE: hits:886163 misses:5861971  Hit Ratio: 13.13%
3CACHE: size: 4096 KB assoc: 2
3CACHE: hits:1588082 misses:4273889  Hit Ratio: 27.09%
3CACHE: dirty items replaced:343319
ITLB: size: 48, misses 586, miss rate 0.00%
DTLB: size: 128, misses 127736, miss rate 0.05%
Avg mem delay: 2.430 cycles
----------------------------------------
==== Global Resource Utilization ====
STASH: size: 65536 entries, full 2759974427, empty 84662269, misses 7861009, full rate 96.76
icache bank util. 0.142 0.140 0.142 0.130 0.128 0.123 0.125 0.121 
dcache bank util. 0.094 0.145 0.154 0.129 0.137 0.126 0.134 0.116 
L2 bank util. 0.024 0.034 0.028 0.023 0.026 0.028 0.023 0.031 
L1-L2 bus util. = 0.111, L3 util. = 0.069
----------------------------------------

======================== 切片硬件状态 ========================
切片号 | 所属安全域 | 当前状态    | 路扩展 | LRU touched
------------------------------------------------------------------
  0    |   域0      | 正常运行   |  否   |  700999999
  1    |   域3      | 正常运行   |  是   |  700999999
  2    |   域3      | 正常运行   |  是   |  700999997
  3    |   域2      | 正常运行   |  否   |  700999999
==================================================================

branch prediction, hits = 132365461, misses = 11646500, hit rate = 91.91%
return_stack prediction, hits = 29977362, misses = 967, hit rate = 100.00%
jump prediction, hits = 117572323, misses = 38782790, hit rate = 75.20%

**** Early Exiting at 777480558 Cycles *****
========================================
 SMTSIM Global Statistics
========================================
Threads: 4		Fetch Width: 8
No of useful instructions fetched:	2000000108 (32.16% proc util.)
No of total instructions fetched:	2416924519 (38.86% proc util.)
 includes 159793606 misfetch (6.6%), 257130805 (10.6%) wrong-path fetches
 and 0 flushed after failed lock(0.0%)
No of useful instructions issued/executed:	2000000074 (32.16% proc util.)
No of total instructions issued/executed:	2131641106 (34.27% proc util.)
 includes 131641032 wrong-path (6.2%) insts and 0 flushed (0.0%)
	fp 301000237, 14.12%
	synch 0, 0.00%
	integer 1090335757, 51.15%
	load/store 740305112, 34.73%
Avg size of int IQ (before scheduling): 8.83
Avg size of fp IQ (before scheduling): 7.26
No of cycles taken:		777480558
Parallelism [ 0.731, 0.000, 0.931, 0.911,] = 2.572
 IQ conflicts: 5311111 (0.68%), FQ conflicts: 7852850 (1.01%) 
 I reg conflicts: 56289808 (7.24%), FP reg conflicts: 300166226 (38.61%)
  Activelist confs: 441 (0.00%), ROB confs: 136426 (0.02%)
  Int unit conflicts: 240311501 (30.91%), FP unit conflicts: 2729728 (0.35%)
  Load/store unit conflicts: 99110086 (12.75%)
  MSHR conflicts: 167728065 (21.57%)
----------------------------------------
==== System-wide Cache Statistics ====
Stall for miss queue full 534 cycles (0.00%)
----------------------------------------
==== Statistics for Master ID: 0 ====
Reads: 415572822   Writes: 46614029
ICACHE: size: 64 KB assoc: 2
ICACHE: hits:235622735 misses:5290442  Hit Ratio: 97.80%
DCACHE: size: 1*16 KB assoc: 1*4
DCACHE: hits:212525940 misses:8747734 writebacks:929985  Hit Ratio: 96.05%
SCACHE: size: 512 KB assoc: 2
SCACHE: hits:12750376 misses:1287800  Hit Ratio: 90.83%
3CACHE: size: 4096 KB assoc: 2
3CACHE: hits:900660 misses:387140  Hit Ratio: 69.94%
3CACHE: dirty items replaced:51200
ITLB: size: 48, misses 598, miss rate 0.00%
DTLB: size: 128, misses 753380, miss rate 0.34%
Avg mem delay: 2.407 cycles
----------------------------------------
==== Statistics for Master ID: 2 ====
Reads: 452900513   Writes: 76465613
ICACHE: size: 64 KB assoc: 2
ICACHE: hits:286478353 misses:2887055  Hit Ratio: 99.00%
DCACHE: size: 1*16 KB assoc: 1*4
DCACHE: hits:239562128 misses:438836 writebacks:171960  Hit Ratio: 99.82%
SCACHE: size: 512 KB assoc: 2
SCACHE: hits:3049203 misses:276442  Hit Ratio: 91.69%
3CACHE: size: 4096 KB assoc: 2
3CACHE: hits:86715 misses:189727  Hit Ratio: 31.37%
3CACHE: dirty items replaced:19577
ITLB: size: 48, misses 87, miss rate 0.00%
DTLB: size: 128, misses 16660, miss rate 0.01%
Avg mem delay: 2.407 cycles
----------------------------------------
==== Statistics for Master ID: 3 ====
Reads: 517832768   Writes: 17410022
ICACHE: size: 64 KB assoc: 2
ICACHE: hits:256293509 misses:142392  Hit Ratio: 99.94%
DCACHE: size: 2*16 KB assoc: 2*4
DCACHE: hits:271577415 misses:7229473 writebacks:2204356  Hit Ratio: 97.41%
SCACHE: size: 512 KB assoc: 2
SCACHE: hits:977908 misses:6393957  Hit Ratio: 13.27%
3CACHE: size: 4096 KB assoc: 2
3CACHE: hits:1752608 misses:4641348  Hit Ratio: 27.41%
3CACHE: dirty items replaced:393261
ITLB: size: 48, misses 586, miss rate 0.00%
DTLB: size: 128, misses 137272, miss rate 0.05%
Avg mem delay: 2.407 cycles
----------------------------------------
==== Global Resource Utilization ====
STASH: size: 65536 entries, full 3033487477, empty 92205394, misses 8561816, full rate 96.78
icache bank util. 0.141 0.140 0.141 0.129 0.127 0.121 0.124 0.120 
dcache bank util. 0.093 0.144 0.153 0.128 0.136 0.125 0.134 0.115 
L2 bank util. 0.024 0.033 0.028 0.023 0.025 0.027 0.022 0.030 
L1-L2 bus util. = 0.108, L3 util. = 0.067
----------------------------------------

======================== 切片硬件状态 ========================
切片号 | 所属安全域 | 当前状态    | 路扩展 | LRU touched
------------------------------------------------------------------
  0    |   域0      | 正常运行   |  否   |  777480549
  1    |   域3      | 正常运行   |  是   |  777480554
  2    |   域3      | 正常运行   |  是   |  777480557
  3    |   域2      | 正常运行   |  否   |  777480555
==================================================================

branch prediction, hits = 146173861, misses = 12614786, hit rate = 92.06%
return_stack prediction, hits = 33150359, misses = 1047, hit rate = 100.00%
jump prediction, hits = 130026503, misses = 42441276, hit rate = 75.39%
total IPC 2.572

=== Results saved to: ./results/crafty_2_equake_1_mgrid_1.txt ===
