测试组合（多线程优先）：crafty.arg2 + gcc-expr.arg + gzip-program.arg
执行命令：./smtsim crafty.arg2 gcc-expr.arg gzip-program.arg
==================================================

动态重分配参数：每10万周期检查，阈值10
Process 0, Thread 0: crafty
Process 0, Thread 1: crafty
Process 2, Thread 2: gcc-expr
Process 3, Thread 3: gzip-program
[切片调度] 新安全域0无任何切片，尝试分配空闲切片
[切片管理] 成功绑定切片0 → 安全域0

======================== 切片硬件状态 ========================
切片号 | 所属安全域 | 当前状态    | 路扩展 | LRU touched
------------------------------------------------------------------
  0    |   域0      | 正常运行   |  否   |  0
  1    |   域-1     | 切片空闲   |  否   |  0
  2    |   域-1     | 切片空闲   |  否   |  0
  3    |   域-1     | 切片空闲   |  否   |  0
==================================================================

[切片管理] 成功绑定切片1 → 安全域0，触发【路扩展模式】

======================== 切片硬件状态 ========================
切片号 | 所属安全域 | 当前状态    | 路扩展 | LRU touched
------------------------------------------------------------------
  0    |   域0      | 正常运行   |  是   |  0
  1    |   域0      | 正常运行   |  是   |  0
  2    |   域-1     | 切片空闲   |  否   |  0
  3    |   域-1     | 切片空闲   |  否   |  0
==================================================================

[切片调度] 新安全域2无任何切片，尝试分配空闲切片
[切片管理] 成功绑定切片2 → 安全域2

======================== 切片硬件状态 ========================
切片号 | 所属安全域 | 当前状态    | 路扩展 | LRU touched
------------------------------------------------------------------
  0    |   域0      | 正常运行   |  是   |  319
  1    |   域0      | 正常运行   |  是   |  0
  2    |   域2      | 正常运行   |  否   |  0
  3    |   域-1     | 切片空闲   |  否   |  0
==================================================================

[切片管理] 成功绑定切片3 → 安全域2，触发【路扩展模式】

======================== 切片硬件状态 ========================
切片号 | 所属安全域 | 当前状态    | 路扩展 | LRU touched
------------------------------------------------------------------
  0    |   域0      | 正常运行   |  是   |  319
  1    |   域0      | 正常运行   |  是   |  0
  2    |   域2      | 正常运行   |  是   |  0
  3    |   域2      | 正常运行   |  是   |  0
==================================================================

[切片调度] 新安全域3无任何切片，尝试分配空闲切片
[切片调度] 新安全域3未找到空闲切片，尝试剥夺切片
[切片替换] 优先从【路扩展切片】中选择LRU替换目标...
[切片替换] 找到路扩展切片作为受害者：切片1（最后访问：0）
[切片调度] 安全域3触发切片剥夺：从域0剥夺切片1
[切片剥夺] 周期560：切片1（所属域0）进入待剥夺状态，禁止新替换
[切片剥夺] 周期560：切片1在途请求已清空，开始执行脏行写回
[切片剥夺] 周期560：切片1无脏行，直接完成剥夺
[切片管理] 周期560：原域0仅剩1个切片，关闭路扩展模式
[动态重分配] 周期560：切片1写回完成，自动绑定到域3
[切片管理] 成功绑定切片1 → 安全域3

======================== 切片硬件状态 ========================
切片号 | 所属安全域 | 当前状态    | 路扩展 | LRU touched
------------------------------------------------------------------
  0    |   域0      | 正常运行   |  否   |  319
  1    |   域3      | 正常运行   |  否   |  560
  2    |   域2      | 正常运行   |  是   |  435
  3    |   域2      | 正常运行   |  是   |  0
==================================================================

[切片唤醒] 周期560：域3切片就绪，唤醒等待指令

======================== 切片硬件状态 ========================
切片号 | 所属安全域 | 当前状态    | 路扩展 | LRU touched
------------------------------------------------------------------
  0    |   域0      | 正常运行   |  否   |  599971
  1    |   域3      | 正常运行   |  否   |  599999
  2    |   域2      | 正常运行   |  是   |  599878
  3    |   域2      | 正常运行   |  是   |  599883
==================================================================

[动态重分配] 周期600000：预约迁移 冗余域2(1%) -> 切片2 -> 饥饿域3(33%)
[切片剥夺] 周期600000：切片2（所属域2）进入待剥夺状态，禁止新替换
[切片剥夺] 周期600000：切片2在途请求已清空，开始执行脏行写回
[切片管理] 周期604692：原域2仅剩1个切片，关闭路扩展模式
[动态重分配] 周期604692：切片2写回完成，自动绑定到域3
[切片管理] 成功绑定切片2 → 安全域3，触发【路扩展模式】

======================== 切片硬件状态 ========================
切片号 | 所属安全域 | 当前状态    | 路扩展 | LRU touched
------------------------------------------------------------------
  0    |   域0      | 正常运行   |  否   |  604647
  1    |   域3      | 正常运行   |  是   |  604691
  2    |   域3      | 正常运行   |  是   |  604692
  3    |   域2      | 正常运行   |  否   |  604692
==================================================================


**** Debug Statistics at 1000000 Cycles *****
Threads: 4		Fetch Width: 8
No of useful instructions fetched:	697942 (8.72% proc util.)
No of total instructions fetched:	900203 (11.25% proc util.)
 includes 56103 misfetch (6.2%), 146158 (16.2%) wrong-path fetches
 and 0 flushed after failed lock(0.0%)
No of useful instructions issued/executed:	697914 (8.72% proc util.)
No of total instructions issued/executed:	765604 (9.57% proc util.)
 includes 67690 wrong-path (8.8%) insts and 0 flushed (0.0%)
	fp 59, 0.01%
	synch 0, 0.00%
	integer 499940, 65.30%
	load/store 265605, 34.69%
Avg size of int IQ (before scheduling): 38.75
Avg size of fp IQ (before scheduling): 0.00
No of cycles taken:		1000000
Parallelism [ 0.287, 0.000, 0.266, 0.145,] = 0.698
 IQ conflicts: 13106 (1.31%), FQ conflicts: 0 (0.00%) 
 I reg conflicts: 818647 (81.86%), FP reg conflicts: 0 (0.00%)
  Activelist confs: 0 (0.00%), ROB confs: 339 (0.03%)
  Int unit conflicts: 68176 (6.82%), FP unit conflicts: 0 (0.00%)
  Load/store unit conflicts: 53567 (5.36%)
  MSHR conflicts: 2857521 (285.75%)
----------------------------------------
==== System-wide Cache Statistics ====
Stall for miss queue full 260 cycles (0.00%)
----------------------------------------
==== Statistics for Master ID: 0 ====
Reads: 186862   Writes: 23506
ICACHE: size: 64 KB assoc: 2
ICACHE: hits:99044 misses:2019  Hit Ratio: 98.00%
DCACHE: size: 1*16 KB assoc: 1*4
DCACHE: hits:105418 misses:3887 writebacks:321  Hit Ratio: 96.44%
SCACHE: size: 512 KB assoc: 2
SCACHE: hits:3985 misses:1921  Hit Ratio: 67.47%
3CACHE: size: 4096 KB assoc: 2
3CACHE: hits:262 misses:1659  Hit Ratio: 13.64%
3CACHE: dirty items replaced:1
ITLB: size: 48, misses 47, miss rate 0.05%
DTLB: size: 128, misses 1375, miss rate 1.26%
Avg mem delay: 50.971 cycles
----------------------------------------
==== Statistics for Master ID: 2 ====
Reads: 150131   Writes: 33236
ICACHE: size: 64 KB assoc: 2
ICACHE: hits:94884 misses:1798  Hit Ratio: 98.14%
DCACHE: size: 1*16 KB assoc: 1*4
DCACHE: hits:84930 misses:1924 writebacks:1026  Hit Ratio: 97.78%
SCACHE: size: 512 KB assoc: 2
SCACHE: hits:895 misses:2658  Hit Ratio: 25.19%
3CACHE: size: 4096 KB assoc: 2
3CACHE: hits:111 misses:2547  Hit Ratio: 4.18%
3CACHE: dirty items replaced:0
ITLB: size: 48, misses 92, miss rate 0.10%
DTLB: size: 128, misses 390, miss rate 0.45%
Avg mem delay: 50.971 cycles
----------------------------------------
==== Statistics for Master ID: 3 ====
Reads: 110447   Writes: 23536
ICACHE: size: 64 KB assoc: 2
ICACHE: hits:64213 misses:223  Hit Ratio: 99.65%
DCACHE: size: 2*16 KB assoc: 2*4
DCACHE: hits:46780 misses:22766 writebacks:22592  Hit Ratio: 67.26%
SCACHE: size: 512 KB assoc: 2
SCACHE: hits:21 misses:22968  Hit Ratio: 0.09%
3CACHE: size: 4096 KB assoc: 2
3CACHE: hits:2 misses:22966  Hit Ratio: 0.01%
3CACHE: dirty items replaced:5
ITLB: size: 48, misses 18, miss rate 0.03%
DTLB: size: 128, misses 5674, miss rate 8.16%
Avg mem delay: 50.971 cycles
----------------------------------------
==== Global Resource Utilization ====
STASH: size: 65536 entries, full 92422576, empty 7732102, misses 860824, full rate 91.49
icache bank util. 0.040 0.030 0.029 0.029 0.028 0.023 0.037 0.059 
dcache bank util. 0.027 0.035 0.049 0.015 0.028 0.025 0.210 0.032 
L2 bank util. 0.009 0.012 0.008 0.008 0.008 0.009 0.280 0.011 
L1-L2 bus util. = 0.169, L3 util. = 0.272
----------------------------------------

======================== 切片硬件状态 ========================
切片号 | 所属安全域 | 当前状态    | 路扩展 | LRU touched
------------------------------------------------------------------
  0    |   域0      | 正常运行   |  否   |  999800
  1    |   域3      | 正常运行   |  是   |  999796
  2    |   域3      | 正常运行   |  是   |  999799
  3    |   域2      | 正常运行   |  否   |  999808
==================================================================

branch prediction, hits = 55066, misses = 8046, hit rate = 87.25%
return_stack prediction, hits = 8116, misses = 18, hit rate = 99.78%
jump prediction, hits = 54174, misses = 12665, hit rate = 81.05%
 init_expr_once init_expr save_expr_status restore_expr_status enqueue_insn protect_from_queue queued_subexp_p
======================== 切片硬件状态 ========================
切片号 | 所属安全域 | 当前状态    | 路扩展 | LRU touched
------------------------------------------------------------------
  0    |   域0      | 正常运行   |  否   |  23899994
  1    |   域3      | 正常运行   |  是   |  23899886
  2    |   域3      | 正常运行   |  是   |  23899820
  3    |   域2      | 正常运行   |  否   |  23899855
==================================================================

[动态重分配] 周期23900000：预约迁移 冗余域3(12%) -> 切片1 -> 饥饿域2(35%)
[切片剥夺] 周期23900000：切片1（所属域3）进入待剥夺状态，禁止新替换
[切片剥夺] 周期23900028：切片1在途请求已清空，开始执行脏行写回
[切片管理] 周期23906810：原域3仅剩1个切片，关闭路扩展模式
[动态重分配] 周期23906810：切片1写回完成，自动绑定到域2
[切片管理] 成功绑定切片1 → 安全域2，触发【路扩展模式】

======================== 切片硬件状态 ========================
切片号 | 所属安全域 | 当前状态    | 路扩展 | LRU touched
------------------------------------------------------------------
  0    |   域0      | 正常运行   |  否   |  23906799
  1    |   域2      | 正常运行   |  是   |  23906810
  2    |   域3      | 正常运行   |  否   |  23906806
  3    |   域2      | 正常运行   |  是   |  23906658
==================================================================


======================== 切片硬件状态 ========================
切片号 | 所属安全域 | 当前状态    | 路扩展 | LRU touched
------------------------------------------------------------------
  0    |   域0      | 正常运行   |  否   |  24499981
  1    |   域2      | 正常运行   |  是   |  24499859
  2    |   域3      | 正常运行   |  否   |  24499997
  3    |   域2      | 正常运行   |  是   |  24499988
==================================================================

[动态重分配] 周期24500000：预约迁移 冗余域2(0%) -> 切片1 -> 饥饿域3(12%)
[切片剥夺] 周期24500000：切片1（所属域2）进入待剥夺状态，禁止新替换
[切片剥夺] 周期24500000：切片1在途请求已清空，开始执行脏行写回
[切片管理] 周期24500887：原域2仅剩1个切片，关闭路扩展模式
[动态重分配] 周期24500887：切片1写回完成，自动绑定到域3
[切片管理] 成功绑定切片1 → 安全域3，触发【路扩展模式】

======================== 切片硬件状态 ========================
切片号 | 所属安全域 | 当前状态    | 路扩展 | LRU touched
------------------------------------------------------------------
  0    |   域0      | 正常运行   |  否   |  24500882
  1    |   域3      | 正常运行   |  是   |  24500887
  2    |   域3      | 正常运行   |  是   |  24500878
  3    |   域2      | 正常运行   |  否   |  24500882
==================================================================


**** Debug Statistics at 101000000 Cycles *****
Threads: 4		Fetch Width: 8
No of useful instructions fetched:	127525385 (15.78% proc util.)
No of total instructions fetched:	165942211 (20.54% proc util.)
 includes 12795041 misfetch (7.7%), 25621785 (15.4%) wrong-path fetches
 and 0 flushed after failed lock(0.0%)
No of useful instructions issued/executed:	127525347 (15.78% proc util.)
No of total instructions issued/executed:	139412398 (17.25% proc util.)
 includes 11887051 wrong-path (8.5%) insts and 0 flushed (0.0%)
	fp 2174, 0.00%
	synch 0, 0.00%
	integer 92354813, 66.25%
	load/store 47055411, 33.75%
Avg size of int IQ (before scheduling): 20.07
Avg size of fp IQ (before scheduling): 0.00
No of cycles taken:		101000000
Parallelism [ 0.518, 0.000, 0.396, 0.348,] = 1.263
 IQ conflicts: 256380 (0.25%), FQ conflicts: 0 (0.00%) 
 I reg conflicts: 75022589 (74.28%), FP reg conflicts: 0 (0.00%)
  Activelist confs: 0 (0.00%), ROB confs: 339 (0.00%)
  Int unit conflicts: 12018096 (11.90%), FP unit conflicts: 0 (0.00%)
  Load/store unit conflicts: 4857766 (4.81%)
  MSHR conflicts: 68455691 (67.78%)
----------------------------------------
==== System-wide Cache Statistics ====
Stall for miss queue full 420 cycles (0.00%)
----------------------------------------
==== Statistics for Master ID: 0 ====
Reads: 33899723   Writes: 4244440
ICACHE: size: 64 KB assoc: 2
ICACHE: hits:18196613 misses:562386  Hit Ratio: 97.00%
DCACHE: size: 1*16 KB assoc: 1*4
DCACHE: hits:18631803 misses:753361 writebacks:85372  Hit Ratio: 96.11%
SCACHE: size: 512 KB assoc: 2
SCACHE: hits:1081469 misses:234277  Hit Ratio: 82.19%
3CACHE: size: 4096 KB assoc: 2
3CACHE: hits:179071 misses:55206  Hit Ratio: 76.44%
3CACHE: dirty items replaced:1952
ITLB: size: 48, misses 11452, miss rate 0.06%
DTLB: size: 128, misses 101899, miss rate 0.53%
Avg mem delay: 7.958 cycles
----------------------------------------
==== Statistics for Master ID: 2 ====
Reads: 28889225   Writes: 4870878
ICACHE: size: 64 KB assoc: 2
ICACHE: hits:16067693 misses:659248  Hit Ratio: 96.06%
DCACHE: size: 1*16 KB assoc: 1*4
DCACHE: hits:16630978 misses:402462 writebacks:92892  Hit Ratio: 97.64%
SCACHE: size: 512 KB assoc: 2
SCACHE: hits:778061 misses:283371  Hit Ratio: 73.30%
3CACHE: size: 4096 KB assoc: 2
3CACHE: hits:181342 misses:102029  Hit Ratio: 63.99%
3CACHE: dirty items replaced:4472
ITLB: size: 48, misses 54224, miss rate 0.32%
DTLB: size: 128, misses 46142, miss rate 0.27%
Avg mem delay: 7.958 cycles
----------------------------------------
==== Statistics for Master ID: 3 ====
Reads: 18412398   Writes: 5209016
ICACHE: size: 64 KB assoc: 2
ICACHE: hits:13017202 misses:873  Hit Ratio: 99.99%
DCACHE: size: 2*16 KB assoc: 2*4
DCACHE: hits:9162958 misses:1440511 writebacks:812107  Hit Ratio: 86.41%
SCACHE: size: 512 KB assoc: 2
SCACHE: hits:172 misses:1441081  Hit Ratio: 0.01%
3CACHE: size: 4096 KB assoc: 2
3CACHE: hits:114 misses:1440967  Hit Ratio: 0.01%
3CACHE: dirty items replaced:29762
ITLB: size: 48, misses 81, miss rate 0.00%
DTLB: size: 128, misses 65799, miss rate 0.62%
Avg mem delay: 7.958 cycles
----------------------------------------
==== Global Resource Utilization ====
STASH: size: 65536 entries, full 264382787, empty 20072997, misses 1971281, full rate 92.30
icache bank util. 0.063 0.052 0.046 0.047 0.052 0.118 0.058 0.082 
dcache bank util. 0.062 0.078 0.073 0.054 0.074 0.075 0.075 0.081 
L2 bank util. 0.033 0.039 0.035 0.031 0.034 0.035 0.039 0.051 
L1-L2 bus util. = 0.143, L3 util. = 0.158
----------------------------------------

======================== 切片硬件状态 ========================
切片号 | 所属安全域 | 当前状态    | 路扩展 | LRU touched
------------------------------------------------------------------
  0    |   域0      | 正常运行   |  否   |  100999944
  1    |   域3      | 正常运行   |  是   |  100999866
  2    |   域3      | 正常运行   |  是   |  100999964
  3    |   域2      | 正常运行   |  否   |  100999963
==================================================================

branch prediction, hits = 12995227, misses = 1702973, hit rate = 88.41%
return_stack prediction, hits = 1370014, misses = 787, hit rate = 99.94%
jump prediction, hits = 11070406, misses = 3275421, hit rate = 77.17%
 emit_queue init_queue convert_move
======================== 切片硬件状态 ========================
切片号 | 所属安全域 | 当前状态    | 路扩展 | LRU touched
------------------------------------------------------------------
  0    |   域0      | 正常运行   |  否   |  134299971
  1    |   域3      | 正常运行   |  是   |  134299985
  2    |   域3      | 正常运行   |  是   |  134299972
  3    |   域2      | 正常运行   |  否   |  134299895
==================================================================

[动态重分配] 周期134300000：预约迁移 冗余域3(12%) -> 切片1 -> 饥饿域2(45%)
[切片剥夺] 周期134300000：切片1（所属域3）进入待剥夺状态，禁止新替换
[切片剥夺] 周期134300236：切片1在途请求已清空，开始执行脏行写回
[切片管理] 周期134305987：原域3仅剩1个切片，关闭路扩展模式
[动态重分配] 周期134305987：切片1写回完成，自动绑定到域2
[切片管理] 成功绑定切片1 → 安全域2，触发【路扩展模式】

======================== 切片硬件状态 ========================
切片号 | 所属安全域 | 当前状态    | 路扩展 | LRU touched
------------------------------------------------------------------
  0    |   域0      | 正常运行   |  否   |  134305987
  1    |   域2      | 正常运行   |  是   |  134305987
  2    |   域3      | 正常运行   |  否   |  134305980
  3    |   域2      | 正常运行   |  是   |  134305789
==================================================================


======================== 切片硬件状态 ========================
切片号 | 所属安全域 | 当前状态    | 路扩展 | LRU touched
------------------------------------------------------------------
  0    |   域0      | 正常运行   |  否   |  134899910
  1    |   域2      | 正常运行   |  是   |  134899907
  2    |   域3      | 正常运行   |  否   |  134899915
  3    |   域2      | 正常运行   |  是   |  134899919
==================================================================

[动态重分配] 周期134900000：预约迁移 冗余域2(1%) -> 切片1 -> 饥饿域3(12%)
[切片剥夺] 周期134900000：切片1（所属域2）进入待剥夺状态，禁止新替换
[切片剥夺] 周期134900108：切片1在途请求已清空，开始执行脏行写回
[切片管理] 周期134901194：原域2仅剩1个切片，关闭路扩展模式
[动态重分配] 周期134901194：切片1写回完成，自动绑定到域3
[切片管理] 成功绑定切片1 → 安全域3，触发【路扩展模式】

======================== 切片硬件状态 ========================
切片号 | 所属安全域 | 当前状态    | 路扩展 | LRU touched
------------------------------------------------------------------
  0    |   域0      | 正常运行   |  否   |  134901145
  1    |   域3      | 正常运行   |  是   |  134901194
  2    |   域3      | 正常运行   |  是   |  134901182
  3    |   域2      | 正常运行   |  否   |  134901157
==================================================================


======================== 切片硬件状态 ========================
切片号 | 所属安全域 | 当前状态    | 路扩展 | LRU touched
------------------------------------------------------------------
  0    |   域0      | 正常运行   |  否   |  182199953
  1    |   域3      | 正常运行   |  是   |  182199982
  2    |   域3      | 正常运行   |  是   |  182199981
  3    |   域2      | 正常运行   |  否   |  182199982
==================================================================

[动态重分配] 周期182200000：预约迁移 冗余域3(0%) -> 切片1 -> 饥饿域2(13%)
[切片剥夺] 周期182200000：切片1（所属域3）进入待剥夺状态，禁止新替换
[切片剥夺] 周期182200000：切片1在途请求已清空，开始执行脏行写回
[切片管理] 周期182200652：原域3仅剩1个切片，关闭路扩展模式
[动态重分配] 周期182200652：切片1写回完成，自动绑定到域2
[切片管理] 成功绑定切片1 → 安全域2，触发【路扩展模式】

======================== 切片硬件状态 ========================
切片号 | 所属安全域 | 当前状态    | 路扩展 | LRU touched
------------------------------------------------------------------
  0    |   域0      | 正常运行   |  否   |  182200628
  1    |   域2      | 正常运行   |  是   |  182200652
  2    |   域3      | 正常运行   |  否   |  182200638
  3    |   域2      | 正常运行   |  是   |  182200638
==================================================================


**** Debug Statistics at 201000000 Cycles *****
Threads: 4		Fetch Width: 8
No of useful instructions fetched:	351235168 (21.84% proc util.)
No of total instructions fetched:	496677924 (30.89% proc util.)
 includes 34668007 misfetch (7.0%), 110774749 (22.3%) wrong-path fetches
 and 0 flushed after failed lock(0.0%)
No of useful instructions issued/executed:	351235148 (21.84% proc util.)
No of total instructions issued/executed:	404826997 (25.18% proc util.)
 includes 53591849 wrong-path (13.2%) insts and 0 flushed (0.0%)
	fp 2375, 0.00%
	synch 0, 0.00%
	integer 270461753, 66.81%
	load/store 134362869, 33.19%
Avg size of int IQ (before scheduling): 20.87
Avg size of fp IQ (before scheduling): 0.00
No of cycles taken:		201000000
Parallelism [ 0.612, 0.000, 0.496, 0.639,] = 1.747
 IQ conflicts: 891020 (0.44%), FQ conflicts: 0 (0.00%) 
 I reg conflicts: 122041385 (60.72%), FP reg conflicts: 0 (0.00%)
  Activelist confs: 967 (0.00%), ROB confs: 15478 (0.01%)
  Int unit conflicts: 79150405 (39.38%), FP unit conflicts: 0 (0.00%)
  Load/store unit conflicts: 17719750 (8.82%)
  MSHR conflicts: 122519684 (60.96%)
----------------------------------------
==== System-wide Cache Statistics ====
Stall for miss queue full 669 cycles (0.00%)
----------------------------------------
==== Statistics for Master ID: 0 ====
Reads: 84951515   Writes: 10114579
ICACHE: size: 64 KB assoc: 2
ICACHE: hits:45952876 misses:1924695  Hit Ratio: 95.98%
DCACHE: size: 1*16 KB assoc: 1*4
DCACHE: hits:45325242 misses:1863281 writebacks:203076  Hit Ratio: 96.05%
SCACHE: size: 512 KB assoc: 2
SCACHE: hits:3323621 misses:464355  Hit Ratio: 87.74%
3CACHE: size: 4096 KB assoc: 2
3CACHE: hits:349344 misses:115011  Hit Ratio: 75.23%
3CACHE: dirty items replaced:12349
ITLB: size: 48, misses 25509, miss rate 0.05%
DTLB: size: 128, misses 328631, miss rate 0.70%
Avg mem delay: 4.752 cycles
----------------------------------------
==== Statistics for Master ID: 2 ====
Reads: 82015184   Writes: 13788301
ICACHE: size: 64 KB assoc: 2
ICACHE: hits:46128266 misses:1900239  Hit Ratio: 96.04%
DCACHE: size: 2*16 KB assoc: 2*4
DCACHE: hits:46767767 misses:1007605 writebacks:307322  Hit Ratio: 97.89%
SCACHE: size: 512 KB assoc: 2
SCACHE: hits:2287744 misses:619708  Hit Ratio: 78.69%
3CACHE: size: 4096 KB assoc: 2
3CACHE: hits:436283 misses:183425  Hit Ratio: 70.40%
3CACHE: dirty items replaced:15747
ITLB: size: 48, misses 96355, miss rate 0.20%
DTLB: size: 128, misses 177917, miss rate 0.37%
Avg mem delay: 4.752 cycles
----------------------------------------
==== Statistics for Master ID: 3 ====
Reads: 73732085   Writes: 13659410
ICACHE: size: 64 KB assoc: 2
ICACHE: hits:48129061 misses:45974  Hit Ratio: 99.90%
DCACHE: size: 1*16 KB assoc: 1*4
DCACHE: hits:36583157 misses:2633666 writebacks:1328521  Hit Ratio: 93.28%
SCACHE: size: 512 KB assoc: 2
SCACHE: hits:474758 misses:2204518  Hit Ratio: 17.72%
3CACHE: size: 4096 KB assoc: 2
3CACHE: hits:74039 misses:2130479  Hit Ratio: 3.36%
3CACHE: dirty items replaced:70368
ITLB: size: 48, misses 338, miss rate 0.00%
DTLB: size: 128, misses 171397, miss rate 0.44%
Avg mem delay: 4.752 cycles
----------------------------------------
==== Global Resource Utilization ====
STASH: size: 65536 entries, full 621145304, empty 36774923, misses 3461538, full rate 93.92
icache bank util. 0.091 0.081 0.074 0.081 0.097 0.156 0.093 0.103 
dcache bank util. 0.078 0.096 0.099 0.079 0.114 0.105 0.110 0.096 
L2 bank util. 0.036 0.044 0.040 0.037 0.040 0.040 0.040 0.050 
L1-L2 bus util. = 0.167, L3 util. = 0.121
----------------------------------------

======================== 切片硬件状态 ========================
切片号 | 所属安全域 | 当前状态    | 路扩展 | LRU touched
------------------------------------------------------------------
  0    |   域0      | 正常运行   |  否   |  200999999
  1    |   域2      | 正常运行   |  是   |  200999998
  2    |   域3      | 正常运行   |  否   |  200999998
  3    |   域2      | 正常运行   |  是   |  200999997
==================================================================

branch prediction, hits = 30772698, misses = 5765230, hit rate = 84.22%
return_stack prediction, hits = 3969278, misses = 1693, hit rate = 99.96%
jump prediction, hits = 28135553, misses = 9135562, hit rate = 75.49%
 convert_to_mode
**** Debug Statistics at 301000000 Cycles *****
Threads: 4		Fetch Width: 8
No of useful instructions fetched:	678972929 (28.20% proc util.)
No of total instructions fetched:	976073914 (40.53% proc util.)
 includes 61042068 misfetch (6.3%), 236058917 (24.2%) wrong-path fetches
 and 0 flushed after failed lock(0.0%)
No of useful instructions issued/executed:	678972915 (28.20% proc util.)
No of total instructions issued/executed:	793530701 (32.95% proc util.)
 includes 114557786 wrong-path (14.4%) insts and 0 flushed (0.0%)
	fp 3544, 0.00%
	synch 0, 0.00%
	integer 535124036, 67.44%
	load/store 258403121, 32.56%
Avg size of int IQ (before scheduling): 22.31
Avg size of fp IQ (before scheduling): 0.00
No of cycles taken:		301000000
Parallelism [ 0.728, 0.000, 0.625, 0.902,] = 2.256
 IQ conflicts: 2196805 (0.73%), FQ conflicts: 0 (0.00%) 
 I reg conflicts: 144818398 (48.11%), FP reg conflicts: 0 (0.00%)
  Activelist confs: 1112 (0.00%), ROB confs: 66100 (0.02%)
  Int unit conflicts: 218712714 (72.66%), FP unit conflicts: 0 (0.00%)
  Load/store unit conflicts: 37210562 (12.36%)
  MSHR conflicts: 135126973 (44.89%)
----------------------------------------
==== System-wide Cache Statistics ====
Stall for miss queue full 669 cycles (0.00%)
----------------------------------------
==== Statistics for Master ID: 0 ====
Reads: 156685655   Writes: 18373921
ICACHE: size: 64 KB assoc: 2
ICACHE: hits:85259049 misses:3700901  Hit Ratio: 95.84%
DCACHE: size: 1*16 KB assoc: 1*4
DCACHE: hits:82665059 misses:3434567 writebacks:375616  Hit Ratio: 96.01%
SCACHE: size: 512 KB assoc: 2
SCACHE: hits:6415913 misses:719554  Hit Ratio: 89.92%
3CACHE: size: 4096 KB assoc: 2
3CACHE: hits:549020 misses:170534  Hit Ratio: 76.30%
3CACHE: dirty items replaced:40292
ITLB: size: 48, misses 40983, miss rate 0.05%
DTLB: size: 128, misses 627564, miss rate 0.73%
Avg mem delay: 3.311 cycles
----------------------------------------
==== Statistics for Master ID: 2 ====
Reads: 157930273   Writes: 25881791
ICACHE: size: 64 KB assoc: 2
ICACHE: hits:89653265 misses:3256561  Hit Ratio: 96.49%
DCACHE: size: 2*16 KB assoc: 2*4
DCACHE: hits:89445749 misses:1456881 writebacks:444563  Hit Ratio: 98.40%
SCACHE: size: 512 KB assoc: 2
SCACHE: hits:3804240 misses:908810  Hit Ratio: 80.72%
3CACHE: size: 4096 KB assoc: 2
3CACHE: hits:669028 misses:239782  Hit Ratio: 73.62%
3CACHE: dirty items replaced:33236
ITLB: size: 48, misses 150064, miss rate 0.16%
DTLB: size: 128, misses 354458, miss rate 0.39%
Avg mem delay: 3.311 cycles
----------------------------------------
==== Statistics for Master ID: 3 ====
Reads: 157813772   Writes: 24352883
ICACHE: size: 64 KB assoc: 2
ICACHE: hits:101003674 misses:113796  Hit Ratio: 99.89%
DCACHE: size: 1*16 KB assoc: 1*4
DCACHE: hits:77418929 misses:3630619 writebacks:1736930  Hit Ratio: 95.52%
SCACHE: size: 512 KB assoc: 2
SCACHE: hits:1364200 misses:2379851  Hit Ratio: 36.44%
3CACHE: size: 4096 KB assoc: 2
3CACHE: hits:205617 misses:2174234  Hit Ratio: 8.64%
3CACHE: dirty items replaced:87101
ITLB: size: 48, misses 765, miss rate 0.00%
DTLB: size: 128, misses 283908, miss rate 0.35%
Avg mem delay: 3.311 cycles
----------------------------------------
==== Global Resource Utilization ====
STASH: size: 65536 entries, full 1141303738, empty 59283234, misses 5472827, full rate 94.63
icache bank util. 0.117 0.107 0.099 0.111 0.136 0.179 0.126 0.133 
dcache bank util. 0.099 0.120 0.122 0.098 0.145 0.122 0.143 0.119 
L2 bank util. 0.038 0.046 0.041 0.038 0.042 0.042 0.040 0.051 
L1-L2 bus util. = 0.181, L3 util. = 0.086
----------------------------------------

======================== 切片硬件状态 ========================
切片号 | 所属安全域 | 当前状态    | 路扩展 | LRU touched
------------------------------------------------------------------
  0    |   域0      | 正常运行   |  否   |  300999989
  1    |   域2      | 正常运行   |  是   |  300999993
  2    |   域3      | 正常运行   |  否   |  300999999
  3    |   域2      | 正常运行   |  是   |  300999978
==================================================================

branch prediction, hits = 55057283, misses = 11236345, hit rate = 83.05%
return_stack prediction, hits = 7612878, misses = 2412, hit rate = 99.97%
jump prediction, hits = 52312038, misses = 16277656, hit rate = 76.27%
 move_by_pieces
**** Debug Statistics at 401000000 Cycles *****
Threads: 4		Fetch Width: 8
No of useful instructions fetched:	1010332469 (31.49% proc util.)
No of total instructions fetched:	1460448406 (45.53% proc util.)
 includes 87145286 misfetch (6.0%), 362970651 (24.9%) wrong-path fetches
 and 0 flushed after failed lock(0.0%)
No of useful instructions issued/executed:	1010332456 (31.49% proc util.)
No of total instructions issued/executed:	1187281980 (37.01% proc util.)
 includes 176949524 wrong-path (14.9%) insts and 0 flushed (0.0%)
	fp 5151, 0.00%
	synch 0, 0.00%
	integer 802999342, 67.63%
	load/store 384277487, 32.37%
Avg size of int IQ (before scheduling): 23.03
Avg size of fp IQ (before scheduling): 0.00
No of cycles taken:		401000000
Parallelism [ 0.790, 0.000, 0.698, 1.032,] = 2.520
 IQ conflicts: 3411016 (0.85%), FQ conflicts: 0 (0.00%) 
 I reg conflicts: 167117620 (41.68%), FP reg conflicts: 0 (0.00%)
  Activelist confs: 1234 (0.00%), ROB confs: 109404 (0.03%)
  Int unit conflicts: 365176006 (91.07%), FP unit conflicts: 4 (0.00%)
  Load/store unit conflicts: 57690706 (14.39%)
  MSHR conflicts: 148992529 (37.16%)
----------------------------------------
==== System-wide Cache Statistics ====
Stall for miss queue full 669 cycles (0.00%)
----------------------------------------
==== Statistics for Master ID: 0 ====
Reads: 229524881   Writes: 26703712
ICACHE: size: 64 KB assoc: 2
ICACHE: hits:125333358 misses:5409473  Hit Ratio: 95.86%
DCACHE: size: 1*16 KB assoc: 1*4
DCACHE: hits:120501750 misses:4984012 writebacks:538580  Hit Ratio: 96.03%
SCACHE: size: 512 KB assoc: 2
SCACHE: hits:9414373 misses:979112  Hit Ratio: 90.58%
3CACHE: size: 4096 KB assoc: 2
3CACHE: hits:761748 misses:217364  Hit Ratio: 77.80%
3CACHE: dirty items replaced:66996
ITLB: size: 48, misses 56056, miss rate 0.04%
DTLB: size: 128, misses 950497, miss rate 0.76%
Avg mem delay: 2.825 cycles
----------------------------------------
==== Statistics for Master ID: 2 ====
Reads: 235491692   Writes: 38095347
ICACHE: size: 64 KB assoc: 2
ICACHE: hits:134273805 misses:4562789  Hit Ratio: 96.71%
DCACHE: size: 2*16 KB assoc: 2*4
DCACHE: hits:132821141 misses:1929696 writebacks:581922  Hit Ratio: 98.57%
SCACHE: size: 512 KB assoc: 2
SCACHE: hits:5302952 misses:1189141  Hit Ratio: 81.68%
3CACHE: size: 4096 KB assoc: 2
3CACHE: hits:906794 misses:282347  Hit Ratio: 76.26%
3CACHE: dirty items replaced:48060
ITLB: size: 48, misses 201089, miss rate 0.14%
DTLB: size: 128, misses 545697, miss rate 0.40%
Avg mem delay: 2.825 cycles
----------------------------------------
==== Statistics for Master ID: 3 ====
Reads: 241973122   Writes: 35619972
ICACHE: size: 64 KB assoc: 2
ICACHE: hits:153888545 misses:183534  Hit Ratio: 99.88%
DCACHE: size: 1*16 KB assoc: 1*4
DCACHE: hits:118818438 misses:4702940 writebacks:2191186  Hit Ratio: 96.19%
SCACHE: size: 512 KB assoc: 2
SCACHE: hits:2324815 misses:2561295  Hit Ratio: 47.58%
3CACHE: size: 4096 KB assoc: 2
3CACHE: hits:349495 misses:2211800  Hit Ratio: 13.65%
3CACHE: dirty items replaced:105924
ITLB: size: 48, misses 1162, miss rate 0.00%
DTLB: size: 128, misses 406563, miss rate 0.33%
Avg mem delay: 2.825 cycles
----------------------------------------
==== Global Resource Utilization ====
STASH: size: 65536 entries, full 1666522137, empty 81968811, misses 7490769, full rate 94.91
icache bank util. 0.132 0.122 0.113 0.126 0.156 0.190 0.144 0.150 
dcache bank util. 0.110 0.132 0.135 0.106 0.163 0.134 0.160 0.129 
L2 bank util. 0.038 0.048 0.042 0.039 0.043 0.043 0.040 0.050 
L1-L2 bus util. = 0.188, L3 util. = 0.068
----------------------------------------

======================== 切片硬件状态 ========================
切片号 | 所属安全域 | 当前状态    | 路扩展 | LRU touched
------------------------------------------------------------------
  0    |   域0      | 正常运行   |  否   |  400999999
  1    |   域2      | 正常运行   |  是   |  400999998
  2    |   域3      | 正常运行   |  否   |  400999995
  3    |   域2      | 正常运行   |  是   |  400999998
==================================================================

branch prediction, hits = 79424752, misses = 16702697, hit rate = 82.62%
return_stack prediction, hits = 11288203, misses = 3050, hit rate = 99.97%
jump prediction, hits = 76646284, misses = 23337806, hit rate = 76.66%
 move_by_pieces_ninsns move_by_pieces_1 emit_block_move
**** Debug Statistics at 501000000 Cycles *****
Threads: 4		Fetch Width: 8
No of useful instructions fetched:	1320171377 (32.94% proc util.)
No of total instructions fetched:	1921472353 (47.94% proc util.)
 includes 114701456 misfetch (6.0%), 486599520 (25.3%) wrong-path fetches
 and 0 flushed after failed lock(0.0%)
No of useful instructions issued/executed:	1320171340 (32.94% proc util.)
No of total instructions issued/executed:	1559431108 (38.91% proc util.)
 includes 239259768 wrong-path (15.3%) insts and 0 flushed (0.0%)
	fp 5540, 0.00%
	synch 0, 0.00%
	integer 1054544340, 67.62%
	load/store 504881228, 32.38%
Avg size of int IQ (before scheduling): 23.42
Avg size of fp IQ (before scheduling): 0.00
No of cycles taken:		501000000
Parallelism [ 0.815, 0.000, 0.715, 1.105,] = 2.635
 IQ conflicts: 4748257 (0.95%), FQ conflicts: 0 (0.00%) 
 I reg conflicts: 192118026 (38.35%), FP reg conflicts: 0 (0.00%)
  Activelist confs: 2263 (0.00%), ROB confs: 153012 (0.03%)
  Int unit conflicts: 481688526 (96.15%), FP unit conflicts: 4 (0.00%)
  Load/store unit conflicts: 76092040 (15.19%)
  MSHR conflicts: 160620516 (32.06%)
----------------------------------------
==== System-wide Cache Statistics ====
Stall for miss queue full 669 cycles (0.00%)
----------------------------------------
==== Statistics for Master ID: 0 ====
Reads: 298495939   Writes: 34673313
ICACHE: size: 64 KB assoc: 2
ICACHE: hits:162932585 misses:7224964  Hit Ratio: 95.75%
DCACHE: size: 1*16 KB assoc: 1*4
DCACHE: hits:156497192 misses:6514511 writebacks:703598  Hit Ratio: 96.00%
SCACHE: size: 512 KB assoc: 2
SCACHE: hits:12496806 misses:1242669  Hit Ratio: 90.96%
3CACHE: size: 4096 KB assoc: 2
3CACHE: hits:973481 misses:269188  Hit Ratio: 78.34%
3CACHE: dirty items replaced:97472
ITLB: size: 48, misses 74413, miss rate 0.04%
DTLB: size: 128, misses 1285740, miss rate 0.79%
Avg mem delay: 2.644 cycles
----------------------------------------
==== Statistics for Master ID: 2 ====
Reads: 305807775   Writes: 50340738
ICACHE: size: 64 KB assoc: 2
ICACHE: hits:174611291 misses:6106368  Hit Ratio: 96.62%
DCACHE: size: 2*16 KB assoc: 2*4
DCACHE: hits:172792398 misses:2638848 writebacks:888711  Hit Ratio: 98.50%
SCACHE: size: 512 KB assoc: 2
SCACHE: hits:7117386 misses:1627438  Hit Ratio: 81.39%
3CACHE: size: 4096 KB assoc: 2
3CACHE: hits:1293712 misses:333726  Hit Ratio: 79.49%
3CACHE: dirty items replaced:71121
ITLB: size: 48, misses 255786, miss rate 0.14%
DTLB: size: 128, misses 762731, miss rate 0.43%
Avg mem delay: 2.644 cycles
----------------------------------------
==== Statistics for Master ID: 3 ====
Reads: 325224688   Writes: 46689238
ICACHE: size: 64 KB assoc: 2
ICACHE: hits:205921524 misses:258152  Hit Ratio: 99.87%
DCACHE: size: 1*16 KB assoc: 1*4
DCACHE: hits:159938824 misses:5795789 writebacks:2637210  Hit Ratio: 96.50%
SCACHE: size: 512 KB assoc: 2
SCACHE: hits:3289513 misses:2764064  Hit Ratio: 54.34%
3CACHE: size: 4096 KB assoc: 2
3CACHE: hits:514085 misses:2249979  Hit Ratio: 18.60%
3CACHE: dirty items replaced:125911
ITLB: size: 48, misses 1605, miss rate 0.00%
DTLB: size: 128, misses 537014, miss rate 0.32%
Avg mem delay: 2.644 cycles
----------------------------------------
==== Global Resource Utilization ====
STASH: size: 65536 entries, full 2165419324, empty 105739465, misses 9600370, full rate 94.94
icache bank util. 0.138 0.127 0.119 0.134 0.169 0.197 0.152 0.157 
dcache bank util. 0.113 0.135 0.141 0.111 0.173 0.139 0.171 0.139 
L2 bank util. 0.040 0.049 0.044 0.040 0.045 0.045 0.041 0.052 
L1-L2 bus util. = 0.196, L3 util. = 0.057
----------------------------------------

======================== 切片硬件状态 ========================
切片号 | 所属安全域 | 当前状态    | 路扩展 | LRU touched
------------------------------------------------------------------
  0    |   域0      | 正常运行   |  否   |  500999996
  1    |   域2      | 正常运行   |  是   |  500999980
  2    |   域3      | 正常运行   |  否   |  500999999
  3    |   域2      | 正常运行   |  是   |  500999979
==================================================================

branch prediction, hits = 101540523, misses = 22005352, hit rate = 82.19%
return_stack prediction, hits = 14830717, misses = 4001, hit rate = 99.97%
jump prediction, hits = 98806758, misses = 30699857, hit rate = 76.29%

**** Debug Statistics at 601000000 Cycles *****
Threads: 4		Fetch Width: 8
No of useful instructions fetched:	1633820343 (33.98% proc util.)
No of total instructions fetched:	2389490718 (49.70% proc util.)
 includes 143685425 misfetch (6.0%), 611984950 (25.6%) wrong-path fetches
 and 0 flushed after failed lock(0.0%)
No of useful instructions issued/executed:	1633820310 (33.98% proc util.)
No of total instructions issued/executed:	1936091154 (40.27% proc util.)
 includes 302270844 wrong-path (15.6%) insts and 0 flushed (0.0%)
	fp 5594, 0.00%
	synch 0, 0.00%
	integer 1309051185, 67.61%
	load/store 627034375, 32.39%
Avg size of int IQ (before scheduling): 23.64
Avg size of fp IQ (before scheduling): 0.00
No of cycles taken:		601000000
Parallelism [ 0.838, 0.000, 0.735, 1.146,] = 2.719
 IQ conflicts: 5975473 (0.99%), FQ conflicts: 0 (0.00%) 
 I reg conflicts: 216239067 (35.98%), FP reg conflicts: 0 (0.00%)
  Activelist confs: 2697 (0.00%), ROB confs: 241359 (0.04%)
  Int unit conflicts: 597998909 (99.50%), FP unit conflicts: 4 (0.00%)
  Load/store unit conflicts: 95695778 (15.92%)
  MSHR conflicts: 177435171 (29.52%)
----------------------------------------
==== System-wide Cache Statistics ====
Stall for miss queue full 669 cycles (0.00%)
----------------------------------------
==== Statistics for Master ID: 0 ====
Reads: 368499874   Writes: 42232787
ICACHE: size: 64 KB assoc: 2
ICACHE: hits:201543542 misses:8976717  Hit Ratio: 95.74%
DCACHE: size: 1*16 KB assoc: 1*4
DCACHE: hits:192210047 misses:8002355 writebacks:853456  Hit Ratio: 96.00%
SCACHE: size: 512 KB assoc: 2
SCACHE: hits:15504997 misses:1474075  Hit Ratio: 91.32%
3CACHE: size: 4096 KB assoc: 2
3CACHE: hits:1162772 misses:311303  Hit Ratio: 78.88%
3CACHE: dirty items replaced:122883
ITLB: size: 48, misses 89100, miss rate 0.04%
DTLB: size: 128, misses 1606256, miss rate 0.80%
Avg mem delay: 2.543 cycles
----------------------------------------
==== Statistics for Master ID: 2 ====
Reads: 380488499   Writes: 63889216
ICACHE: size: 64 KB assoc: 2
ICACHE: hits:217771429 misses:7627185  Hit Ratio: 96.62%
DCACHE: size: 2*16 KB assoc: 2*4
DCACHE: hits:215301059 misses:3678434 writebacks:1355434  Hit Ratio: 98.32%
SCACHE: size: 512 KB assoc: 2
SCACHE: hits:9250618 misses:2054609  Hit Ratio: 81.83%
3CACHE: size: 4096 KB assoc: 2
3CACHE: hits:1682770 misses:371839  Hit Ratio: 81.90%
3CACHE: dirty items replaced:90521
ITLB: size: 48, misses 287093, miss rate 0.13%
DTLB: size: 128, misses 988889, miss rate 0.45%
Avg mem delay: 2.543 cycles
----------------------------------------
==== Statistics for Master ID: 3 ====
Reads: 407359715   Writes: 57365610
ICACHE: size: 64 KB assoc: 2
ICACHE: hits:257475369 misses:332421  Hit Ratio: 99.87%
DCACHE: size: 1*16 KB assoc: 1*4
DCACHE: hits:199960508 misses:6957390 writebacks:3083976  Hit Ratio: 96.64%
SCACHE: size: 512 KB assoc: 2
SCACHE: hits:4322572 misses:2966874  Hit Ratio: 59.30%
3CACHE: size: 4096 KB assoc: 2
3CACHE: hits:684711 misses:2282163  Hit Ratio: 23.08%
3CACHE: dirty items replaced:142842
ITLB: size: 48, misses 1978, miss rate 0.00%
DTLB: size: 128, misses 680573, miss rate 0.33%
Avg mem delay: 2.543 cycles
----------------------------------------
==== Global Resource Utilization ====
STASH: size: 65536 entries, full 2676248813, empty 126374414, misses 11435452, full rate 95.10
icache bank util. 0.143 0.131 0.123 0.139 0.179 0.204 0.158 0.161 
dcache bank util. 0.117 0.137 0.145 0.115 0.178 0.142 0.180 0.148 
L2 bank util. 0.041 0.051 0.045 0.041 0.047 0.046 0.042 0.053 
L1-L2 bus util. = 0.204, L3 util. = 0.049
----------------------------------------

======================== 切片硬件状态 ========================
切片号 | 所属安全域 | 当前状态    | 路扩展 | LRU touched
------------------------------------------------------------------
  0    |   域0      | 正常运行   |  否   |  600999993
  1    |   域2      | 正常运行   |  是   |  600999984
  2    |   域3      | 正常运行   |  否   |  600999996
  3    |   域2      | 正常运行   |  是   |  600999997
==================================================================

branch prediction, hits = 124702081, misses = 27522436, hit rate = 81.92%
return_stack prediction, hits = 18589091, misses = 4327, hit rate = 99.98%
jump prediction, hits = 121768114, misses = 38481964, hit rate = 75.99%

**** Debug Statistics at 701000000 Cycles *****
Threads: 4		Fetch Width: 8
No of useful instructions fetched:	1970890255 (35.14% proc util.)
No of total instructions fetched:	2869623658 (51.17% proc util.)
 includes 166586432 misfetch (5.8%), 732146971 (25.5%) wrong-path fetches
 and 0 flushed after failed lock(0.0%)
No of useful instructions issued/executed:	1970890219 (35.14% proc util.)
No of total instructions issued/executed:	2331438977 (41.57% proc util.)
 includes 360548758 wrong-path (15.5%) insts and 0 flushed (0.0%)
	fp 5721, 0.00%
	synch 0, 0.00%
	integer 1580251289, 67.78%
	load/store 751181967, 32.22%
Avg size of int IQ (before scheduling): 23.92
Avg size of fp IQ (before scheduling): 0.00
No of cycles taken:		701000000
Parallelism [ 0.863, 0.000, 0.764, 1.184,] = 2.812
 IQ conflicts: 7319102 (1.04%), FQ conflicts: 0 (0.00%) 
 I reg conflicts: 238816209 (34.07%), FP reg conflicts: 0 (0.00%)
  Activelist confs: 3205 (0.00%), ROB confs: 339282 (0.05%)
  Int unit conflicts: 768147015 (109.58%), FP unit conflicts: 5 (0.00%)
  Load/store unit conflicts: 115898845 (16.53%)
  MSHR conflicts: 199119419 (28.41%)
----------------------------------------
==== System-wide Cache Statistics ====
Stall for miss queue full 669 cycles (0.00%)
----------------------------------------
==== Statistics for Master ID: 0 ====
Reads: 442492100   Writes: 50464746
ICACHE: size: 64 KB assoc: 2
ICACHE: hits:242616184 misses:10522113  Hit Ratio: 95.84%
DCACHE: size: 1*16 KB assoc: 1*4
DCACHE: hits:230273878 misses:9544671 writebacks:1011323  Hit Ratio: 96.02%
SCACHE: size: 512 KB assoc: 2
SCACHE: hits:18305145 misses:1761639  Hit Ratio: 91.22%
3CACHE: size: 4096 KB assoc: 2
3CACHE: hits:1401843 misses:359796  Hit Ratio: 79.58%
3CACHE: dirty items replaced:152949
ITLB: size: 48, misses 108864, miss rate 0.04%
DTLB: size: 128, misses 1897452, miss rate 0.79%
Avg mem delay: 2.427 cycles
----------------------------------------
==== Statistics for Master ID: 2 ====
Reads: 452911372   Writes: 75039982
ICACHE: size: 64 KB assoc: 2
ICACHE: hits:258575814 misses:8996603  Hit Ratio: 96.64%
DCACHE: size: 2*16 KB assoc: 2*4
DCACHE: hits:256137099 misses:4242230 writebacks:1623717  Hit Ratio: 98.37%
SCACHE: size: 512 KB assoc: 2
SCACHE: hits:10843533 misses:2394908  Hit Ratio: 81.91%
3CACHE: size: 4096 KB assoc: 2
3CACHE: hits:1979018 misses:415890  Hit Ratio: 82.63%
3CACHE: dirty items replaced:114392
ITLB: size: 48, misses 379839, miss rate 0.14%
DTLB: size: 128, misses 1176636, miss rate 0.45%
Avg mem delay: 2.427 cycles
----------------------------------------
==== Statistics for Master ID: 3 ====
Reads: 493014660   Writes: 68556412
ICACHE: size: 64 KB assoc: 2
ICACHE: hits:311240405 misses:392461  Hit Ratio: 99.87%
DCACHE: size: 1*16 KB assoc: 1*4
DCACHE: hits:241844004 misses:8094565 writebacks:3531162  Hit Ratio: 96.76%
SCACHE: size: 512 KB assoc: 2
SCACHE: hits:5335445 misses:3151217  Hit Ratio: 62.87%
3CACHE: size: 4096 KB assoc: 2
3CACHE: hits:830410 misses:2320806  Hit Ratio: 26.35%
3CACHE: dirty items replaced:166392
ITLB: size: 48, misses 2376, miss rate 0.00%
DTLB: size: 128, misses 794474, miss rate 0.32%
Avg mem delay: 2.427 cycles
----------------------------------------
==== Global Resource Utilization ====
STASH: size: 65536 entries, full 3197762452, empty 148813014, misses 13422672, full rate 95.17
icache bank util. 0.146 0.137 0.126 0.142 0.184 0.207 0.163 0.169 
dcache bank util. 0.123 0.140 0.148 0.117 0.183 0.143 0.186 0.149 
L2 bank util. 0.041 0.051 0.045 0.041 0.047 0.046 0.042 0.053 
L1-L2 bus util. = 0.205, L3 util. = 0.044
----------------------------------------

======================== 切片硬件状态 ========================
切片号 | 所属安全域 | 当前状态    | 路扩展 | LRU touched
------------------------------------------------------------------
  0    |   域0      | 正常运行   |  否   |  700999999
  1    |   域2      | 正常运行   |  是   |  700999992
  2    |   域3      | 正常运行   |  否   |  700999996
  3    |   域2      | 正常运行   |  是   |  700999993
==================================================================

branch prediction, hits = 150392703, misses = 32817002, hit rate = 82.09%
return_stack prediction, hits = 22136686, misses = 5196, hit rate = 99.98%
jump prediction, hits = 147691784, misses = 44652850, hit rate = 76.78%

**** Early Exiting at 709201820 Cycles *****
========================================
 SMTSIM Global Statistics
========================================
Threads: 4		Fetch Width: 8
No of useful instructions fetched:	2000000081 (35.25% proc util.)
No of total instructions fetched:	2908795093 (51.27% proc util.)
 includes 168297793 misfetch (5.8%), 740497219 (25.5%) wrong-path fetches
 and 0 flushed after failed lock(0.0%)
No of useful instructions issued/executed:	2000000037 (35.25% proc util.)
No of total instructions issued/executed:	2364657295 (41.68% proc util.)
 includes 364657258 wrong-path (15.4%) insts and 0 flushed (0.0%)
	fp 5721, 0.00%
	synch 0, 0.00%
	integer 1603201807, 67.80%
	load/store 761449767, 32.20%
Avg size of int IQ (before scheduling): 23.96
Avg size of fp IQ (before scheduling): 0.00
No of cycles taken:		709201820
Parallelism [ 0.865, 0.000, 0.768, 1.187,] = 2.820
 IQ conflicts: 7399506 (1.04%), FQ conflicts: 0 (0.00%) 
 I reg conflicts: 240867861 (33.96%), FP reg conflicts: 0 (0.00%)
  Activelist confs: 3371 (0.00%), ROB confs: 373018 (0.05%)
  Int unit conflicts: 783934592 (110.54%), FP unit conflicts: 5 (0.00%)
  Load/store unit conflicts: 118083295 (16.65%)
  MSHR conflicts: 201156452 (28.36%)
----------------------------------------
==== System-wide Cache Statistics ====
Stall for miss queue full 669 cycles (0.00%)
----------------------------------------
==== Statistics for Master ID: 0 ====
Reads: 448622462   Writes: 51151433
ICACHE: size: 64 KB assoc: 2
ICACHE: hits:246058610 misses:10623500  Hit Ratio: 95.86%
DCACHE: size: 1*16 KB assoc: 1*4
DCACHE: hits:233417208 misses:9674577 writebacks:1023511  Hit Ratio: 96.02%
SCACHE: size: 512 KB assoc: 2
SCACHE: hits:18516732 misses:1781345  Hit Ratio: 91.22%
3CACHE: size: 4096 KB assoc: 2
3CACHE: hits:1417727 misses:363618  Hit Ratio: 79.59%
3CACHE: dirty items replaced:155570
ITLB: size: 48, misses 109740, miss rate 0.04%
DTLB: size: 128, misses 1923965, miss rate 0.79%
Avg mem delay: 2.427 cycles
----------------------------------------
==== Statistics for Master ID: 2 ====
Reads: 459273417   Writes: 76650614
ICACHE: size: 64 KB assoc: 2
ICACHE: hits:262331238 misses:9071960  Hit Ratio: 96.66%
DCACHE: size: 2*16 KB assoc: 2*4
DCACHE: hits:260139182 misses:4382043 writebacks:1734967  Hit Ratio: 98.34%
SCACHE: size: 512 KB assoc: 2
SCACHE: hits:11032634 misses:2420977  Hit Ratio: 82.01%
3CACHE: size: 4096 KB assoc: 2
3CACHE: hits:2001600 misses:419377  Hit Ratio: 82.68%
3CACHE: dirty items replaced:116488
ITLB: size: 48, misses 383249, miss rate 0.14%
DTLB: size: 128, misses 1197419, miss rate 0.45%
Avg mem delay: 2.427 cycles
----------------------------------------
==== Statistics for Master ID: 3 ====
Reads: 499219303   Writes: 69178647
ICACHE: size: 64 KB assoc: 2
ICACHE: hits:315216534 misses:396073  Hit Ratio: 99.87%
DCACHE: size: 1*16 KB assoc: 1*4
DCACHE: hits:244621354 misses:8164352 writebacks:3566511  Hit Ratio: 96.77%
SCACHE: size: 512 KB assoc: 2
SCACHE: hits:5394746 misses:3165315  Hit Ratio: 63.02%
3CACHE: size: 4096 KB assoc: 2
3CACHE: hits:841428 misses:2323887  Hit Ratio: 26.58%
3CACHE: dirty items replaced:168545
ITLB: size: 48, misses 2405, miss rate 0.00%
DTLB: size: 128, misses 803674, miss rate 0.32%
Avg mem delay: 2.427 cycles
----------------------------------------
==== Global Resource Utilization ====
STASH: size: 65536 entries, full 3239835763, empty 150671154, misses 13585234, full rate 95.17
icache bank util. 0.146 0.137 0.126 0.143 0.184 0.207 0.163 0.169 
dcache bank util. 0.123 0.140 0.149 0.118 0.183 0.144 0.186 0.150 
L2 bank util. 0.041 0.051 0.045 0.041 0.047 0.046 0.042 0.053 
L1-L2 bus util. = 0.206, L3 util. = 0.044
----------------------------------------

======================== 切片硬件状态 ========================
切片号 | 所属安全域 | 当前状态    | 路扩展 | LRU touched
------------------------------------------------------------------
  0    |   域0      | 正常运行   |  否   |  709201819
  1    |   域2      | 正常运行   |  是   |  709201818
  2    |   域3      | 正常运行   |  否   |  709201812
  3    |   域2      | 正常运行   |  是   |  709201814
==================================================================

branch prediction, hits = 152598040, misses = 33172469, hit rate = 82.14%
return_stack prediction, hits = 22401041, misses = 5238, hit rate = 99.98%
jump prediction, hits = 149953397, misses = 45097637, hit rate = 76.88%
total IPC 2.820

=== Results saved to: ./results/crafty_2_gcc-expr_1_gzip-program_1.txt ===
