===== 执行信息 =====
Cache目录：smtc64
执行命令：./smtsim ../randacc.arg ../cacherand.arg ../gcc-expr.arg ../smalltrans.arg
执行时间：2026-04-18 05:48:36
返回码：0
===== 输出内容 =====
SMTCache
Process 0, Thread 0: randacc
Process 1, Thread 1: cacherand
Process 2, Thread 2: gcc-expr
Process 3, Thread 3: smalltrans

**** Debug Statistics at 1000000 Cycles *****
Threads: 4		Fetch Width: 8
No of useful instructions fetched:	3756670 (46.96% proc util.)
No of total instructions fetched:	3958674 (49.48% proc util.)
 includes 16203 misfetch (0.4%), 185801 (4.7%) wrong-path fetches
 and 0 flushed after failed lock(0.0%)
No of useful instructions issued/executed:	3756602 (46.96% proc util.)
No of total instructions issued/executed:	3818486 (47.73% proc util.)
 includes 61884 wrong-path (1.6%) insts and 0 flushed (0.0%)
	fp 85, 0.00%
	synch 0, 0.00%
	integer 2835909, 74.27%
	load/store 982492, 25.73%
Avg size of int IQ (before scheduling): 24.61
Avg size of fp IQ (before scheduling): 0.00
No of cycles taken:		1000000
Parallelism [ 0.891, 0.803, 0.741, 1.322,] = 3.757
 IQ conflicts: 1474 (0.15%), FQ conflicts: 0 (0.00%) 
 I reg conflicts: 442629 (44.26%), FP reg conflicts: 0 (0.00%)
  Activelist confs: 0 (0.00%), ROB confs: 404 (0.04%)
  Int unit conflicts: 1898133 (189.81%), FP unit conflicts: 1 (0.00%)
  Load/store unit conflicts: 69934 (6.99%)
  MSHR conflicts: 78913 (7.89%)
----------------------------------------
==== System-wide Cache Statistics ====
Stall for miss queue full 0 cycles (0.00%)
----------------------------------------
==== Statistics for Master ID: 0 ====
Reads: 300864   Writes: 35
ICACHE: size: 64 KB assoc: 2
ICACHE: hits:247631 misses:58  Hit Ratio: 99.98%
DCACHE: size: 16 KB assoc: 4
DCACHE: hits:41421 misses:11789 writebacks:12  Hit Ratio: 77.84%
SCACHE: size: 512 KB assoc: 2
SCACHE: hits:7597 misses:4249  Hit Ratio: 64.13%
3CACHE: size: 4096 KB assoc: 2
3CACHE: hits:3383 misses:866  Hit Ratio: 79.62%
3CACHE: dirty items replaced:0
ITLB: size: 48, misses 4, miss rate 0.00%
DTLB: size: 128, misses 22, miss rate 0.04%
Avg mem delay: 2.312 cycles
----------------------------------------
==== Statistics for Master ID: 1 ====
Reads: 222297   Writes: 34
ICACHE: size: 64 KB assoc: 2
ICACHE: hits:192479 misses:41  Hit Ratio: 99.98%
DCACHE: size: 16 KB assoc: 4
DCACHE: hits:9946 misses:19865 writebacks:12  Hit Ratio: 33.36%
SCACHE: size: 512 KB assoc: 2
SCACHE: hits:15239 misses:4667  Hit Ratio: 76.55%
3CACHE: size: 4096 KB assoc: 2
3CACHE: hits:3726 misses:941  Hit Ratio: 79.84%
3CACHE: dirty items replaced:0
ITLB: size: 48, misses 4, miss rate 0.00%
DTLB: size: 128, misses 22, miss rate 0.07%
Avg mem delay: 2.312 cycles
----------------------------------------
==== Statistics for Master ID: 2 ====
Reads: 402545   Writes: 113283
ICACHE: size: 64 KB assoc: 2
ICACHE: hits:239498 misses:1741  Hit Ratio: 99.28%
DCACHE: size: 16 KB assoc: 4
DCACHE: hits:271161 misses:3428 writebacks:2418  Hit Ratio: 98.75%
SCACHE: size: 512 KB assoc: 2
SCACHE: hits:656 misses:4513  Hit Ratio: 12.69%
3CACHE: size: 4096 KB assoc: 2
3CACHE: hits:220 misses:4293  Hit Ratio: 4.87%
3CACHE: dirty items replaced:0
ITLB: size: 48, misses 108, miss rate 0.04%
DTLB: size: 128, misses 159, miss rate 0.06%
Avg mem delay: 2.312 cycles
----------------------------------------
==== Statistics for Master ID: 3 ====
Reads: 735121   Writes: 312886
ICACHE: size: 64 KB assoc: 2
ICACHE: hits:423303 misses:9  Hit Ratio: 100.00%
DCACHE: size: 16 KB assoc: 4
DCACHE: hits:606032 misses:18663 writebacks:18167  Hit Ratio: 97.01%
SCACHE: size: 512 KB assoc: 2
SCACHE: hits:15635 misses:3037  Hit Ratio: 83.74%
3CACHE: size: 4096 KB assoc: 2
3CACHE: hits:2614 misses:423  Hit Ratio: 86.07%
3CACHE: dirty items replaced:0
ITLB: size: 48, misses 1, miss rate 0.00%
DTLB: size: 128, misses 12, miss rate 0.00%
Avg mem delay: 2.312 cycles
----------------------------------------
==== Global Resource Utilization ====
STASH: size: 65536 entries, full 4007678, empty 42105, misses 3997, full rate 98.86
icache bank util. 0.233 0.188 0.085 0.036 0.025 0.042 0.239 0.262 
dcache bank util. 0.141 0.150 0.124 0.131 0.136 0.170 0.184 0.169 
L2 bank util. 0.052 0.052 0.049 0.050 0.051 0.051 0.050 0.050 
L1-L2 bus util. = 0.229, L3 util. = 0.065
----------------------------------------
branch prediction, hits = 318810, misses = 12821, hit rate = 96.13%
return_stack prediction, hits = 13276, misses = 6, hit rate = 99.95%
jump prediction, hits = 363590, misses = 5534, hit rate = 98.50%
 init_expr_once init_expr save_expr_status restore_expr_status enqueue_insn protect_from_queue queued_subexp_p emit_queue init_queue convert_move
**** Debug Statistics at 101000000 Cycles *****
Threads: 4		Fetch Width: 8
No of useful instructions fetched:	455934511 (56.43% proc util.)
No of total instructions fetched:	517068534 (63.99% proc util.)
 includes 10957843 misfetch (2.1%), 50176180 (9.7%) wrong-path fetches
 and 0 flushed after failed lock(0.0%)
No of useful instructions issued/executed:	455934475 (56.43% proc util.)
No of total instructions issued/executed:	475596912 (58.86% proc util.)
 includes 19662437 wrong-path (4.1%) insts and 0 flushed (0.0%)
	fp 2310, 0.00%
	synch 0, 0.00%
	integer 345148367, 72.57%
	load/store 130446235, 27.43%
Avg size of int IQ (before scheduling): 29.04
Avg size of fp IQ (before scheduling): 0.00
No of cycles taken:		101000000
Parallelism [ 1.051, 0.940, 0.908, 1.615,] = 4.514
 IQ conflicts: 55430 (0.05%), FQ conflicts: 0 (0.00%) 
 I reg conflicts: 28082308 (27.80%), FP reg conflicts: 0 (0.00%)
  Activelist confs: 44 (0.00%), ROB confs: 7554 (0.01%)
  Int unit conflicts: 240428378 (238.05%), FP unit conflicts: 4 (0.00%)
  Load/store unit conflicts: 9282654 (9.19%)
  MSHR conflicts: 818326 (0.81%)
----------------------------------------
==== System-wide Cache Statistics ====
Stall for miss queue full 0 cycles (0.00%)
----------------------------------------
==== Statistics for Master ID: 0 ====
Reads: 36424236   Writes: 39
ICACHE: size: 64 KB assoc: 2
ICACHE: hits:30051999 misses:45693  Hit Ratio: 99.85%
DCACHE: size: 16 KB assoc: 4
DCACHE: hits:4930514 misses:1396069 writebacks:16  Hit Ratio: 77.93%
SCACHE: size: 512 KB assoc: 2
SCACHE: hits:994036 misses:447726  Hit Ratio: 68.95%
3CACHE: size: 4096 KB assoc: 2
3CACHE: hits:429684 misses:18042  Hit Ratio: 95.97%
3CACHE: dirty items replaced:870
ITLB: size: 48, misses 4, miss rate 0.00%
DTLB: size: 128, misses 288, miss rate 0.00%
Avg mem delay: 1.919 cycles
----------------------------------------
==== Statistics for Master ID: 1 ====
Reads: 26692724   Writes: 36
ICACHE: size: 64 KB assoc: 2
ICACHE: hits:23137397 misses:40296  Hit Ratio: 99.83%
DCACHE: size: 16 KB assoc: 4
DCACHE: hits:1170641 misses:2344426 writebacks:14  Hit Ratio: 33.30%
SCACHE: size: 512 KB assoc: 2
SCACHE: hits:1912522 misses:472199  Hit Ratio: 80.20%
3CACHE: size: 4096 KB assoc: 2
3CACHE: hits:454803 misses:17396  Hit Ratio: 96.32%
3CACHE: dirty items replaced:822
ITLB: size: 48, misses 4, miss rate 0.00%
DTLB: size: 128, misses 41, miss rate 0.00%
Avg mem delay: 1.919 cycles
----------------------------------------
==== Statistics for Master ID: 2 ====
Reads: 66479459   Writes: 12224977
ICACHE: size: 64 KB assoc: 2
ICACHE: hits:36244707 misses:605387  Hit Ratio: 98.36%
DCACHE: size: 16 KB assoc: 4
DCACHE: hits:40879672 misses:974670 writebacks:301069  Hit Ratio: 97.67%
SCACHE: size: 512 KB assoc: 2
SCACHE: hits:1289177 misses:290880  Hit Ratio: 81.59%
3CACHE: size: 4096 KB assoc: 2
3CACHE: hits:215657 misses:75222  Hit Ratio: 74.14%
3CACHE: dirty items replaced:1827
ITLB: size: 48, misses 30125, miss rate 0.08%
DTLB: size: 128, misses 24196, miss rate 0.06%
Avg mem delay: 1.919 cycles
----------------------------------------
==== Statistics for Master ID: 3 ====
Reads: 94186178   Writes: 38968055
ICACHE: size: 64 KB assoc: 2
ICACHE: hits:54525516 misses:332  Hit Ratio: 100.00%
DCACHE: size: 16 KB assoc: 4
DCACHE: hits:76303412 misses:2324973 writebacks:2296659  Hit Ratio: 97.04%
SCACHE: size: 512 KB assoc: 2
SCACHE: hits:2008094 misses:317211  Hit Ratio: 86.36%
3CACHE: size: 4096 KB assoc: 2
3CACHE: hits:316787 misses:424  Hit Ratio: 99.87%
3CACHE: dirty items replaced:0
ITLB: size: 48, misses 1, miss rate 0.00%
DTLB: size: 128, misses 113, miss rate 0.00%
Avg mem delay: 1.919 cycles
----------------------------------------
==== Global Resource Utilization ====
STASH: size: 65536 entries, full 521520818, empty 10655550, misses 970694, full rate 97.82
icache bank util. 0.301 0.236 0.098 0.048 0.051 0.049 0.316 0.353 
dcache bank util. 0.189 0.196 0.192 0.193 0.193 0.234 0.193 0.186 
L2 bank util. 0.067 0.069 0.064 0.065 0.064 0.064 0.064 0.064 
L1-L2 bus util. = 0.307, L3 util. = 0.011
----------------------------------------
branch prediction, hits = 39759447, misses = 2779919, hit rate = 93.47%
return_stack prediction, hits = 1219618, misses = 1422, hit rate = 99.88%
jump prediction, hits = 41264485, misses = 3342718, hit rate = 92.51%
 convert_to_mode
**** Debug Statistics at 201000000 Cycles *****
Threads: 4		Fetch Width: 8
No of useful instructions fetched:	919675784 (57.19% proc util.)
No of total instructions fetched:	1043740080 (64.91% proc util.)
 includes 21289752 misfetch (2.0%), 102774544 (9.8%) wrong-path fetches
 and 0 flushed after failed lock(0.0%)
No of useful instructions issued/executed:	919675728 (57.19% proc util.)
No of total instructions issued/executed:	959655298 (59.68% proc util.)
 includes 39979570 wrong-path (4.2%) insts and 0 flushed (0.0%)
	fp 3450, 0.00%
	synch 0, 0.00%
	integer 695163567, 72.44%
	load/store 264488281, 27.56%
Avg size of int IQ (before scheduling): 29.41
Avg size of fp IQ (before scheduling): 0.00
No of cycles taken:		201000000
Parallelism [ 1.050, 0.937, 0.968, 1.621,] = 4.576
 IQ conflicts: 127975 (0.06%), FQ conflicts: 0 (0.00%) 
 I reg conflicts: 53617495 (26.68%), FP reg conflicts: 0 (0.00%)
  Activelist confs: 155 (0.00%), ROB confs: 16521 (0.01%)
  Int unit conflicts: 505967088 (251.72%), FP unit conflicts: 4 (0.00%)
  Load/store unit conflicts: 20000048 (9.95%)
  MSHR conflicts: 2232583 (1.11%)
----------------------------------------
==== System-wide Cache Statistics ====
Stall for miss queue full 0 cycles (0.00%)
----------------------------------------
==== Statistics for Master ID: 0 ====
Reads: 72429043   Writes: 48
ICACHE: size: 64 KB assoc: 2
ICACHE: hits:59715495 misses:135944  Hit Ratio: 99.77%
DCACHE: size: 16 KB assoc: 4
DCACHE: hits:9801411 misses:2776241 writebacks:24  Hit Ratio: 77.93%
SCACHE: size: 512 KB assoc: 2
SCACHE: hits:2018144 misses:894040  Hit Ratio: 69.30%
3CACHE: size: 4096 KB assoc: 2
3CACHE: hits:857750 misses:36290  Hit Ratio: 95.94%
3CACHE: dirty items replaced:2957
ITLB: size: 48, misses 4, miss rate 0.00%
DTLB: size: 128, misses 480, miss rate 0.00%
Avg mem delay: 1.907 cycles
----------------------------------------
==== Statistics for Master ID: 1 ====
Reads: 52956456   Writes: 38
ICACHE: size: 64 KB assoc: 2
ICACHE: hits:45861221 misses:120024  Hit Ratio: 99.74%
DCACHE: size: 16 KB assoc: 4
DCACHE: hits:2323344 misses:4651905 writebacks:16  Hit Ratio: 33.31%
SCACHE: size: 512 KB assoc: 2
SCACHE: hits:3815277 misses:956652  Hit Ratio: 79.95%
3CACHE: size: 4096 KB assoc: 2
3CACHE: hits:921475 misses:35177  Hit Ratio: 96.32%
3CACHE: dirty items replaced:2873
ITLB: size: 48, misses 4, miss rate 0.00%
DTLB: size: 128, misses 47, miss rate 0.00%
Avg mem delay: 1.907 cycles
----------------------------------------
==== Statistics for Master ID: 2 ====
Reads: 139071838   Writes: 25659357
ICACHE: size: 64 KB assoc: 2
ICACHE: hits:76043016 misses:1072240  Hit Ratio: 98.61%
DCACHE: size: 16 KB assoc: 4
DCACHE: hits:85686537 misses:1929402 writebacks:654301  Hit Ratio: 97.80%
SCACHE: size: 512 KB assoc: 2
SCACHE: hits:2470394 misses:531248  Hit Ratio: 82.30%
3CACHE: size: 4096 KB assoc: 2
3CACHE: hits:419963 misses:111285  Hit Ratio: 79.05%
3CACHE: dirty items replaced:6965
ITLB: size: 48, misses 43004, miss rate 0.06%
DTLB: size: 128, misses 44976, miss rate 0.05%
Avg mem delay: 1.907 cycles
----------------------------------------
==== Statistics for Master ID: 3 ====
Reads: 188571083   Writes: 77837051
ICACHE: size: 64 KB assoc: 2
ICACHE: hits:109343493 misses:546  Hit Ratio: 100.00%
DCACHE: size: 16 KB assoc: 4
DCACHE: hits:152418385 misses:4645710 writebacks:4587998  Hit Ratio: 97.04%
SCACHE: size: 512 KB assoc: 2
SCACHE: hits:4017015 misses:629239  Hit Ratio: 86.46%
3CACHE: size: 4096 KB assoc: 2
3CACHE: hits:628811 misses:428  Hit Ratio: 99.93%
3CACHE: dirty items replaced:0
ITLB: size: 48, misses 1, miss rate 0.00%
DTLB: size: 128, misses 193, miss rate 0.00%
Avg mem delay: 1.907 cycles
----------------------------------------
==== Global Resource Utilization ====
STASH: size: 65536 entries, full 1056029169, empty 18673604, misses 1708648, full rate 98.11
icache bank util. 0.301 0.239 0.101 0.050 0.055 0.053 0.319 0.357 
dcache bank util. 0.198 0.200 0.195 0.197 0.192 0.231 0.199 0.191 
L2 bank util. 0.068 0.070 0.063 0.065 0.064 0.063 0.064 0.063 
L1-L2 bus util. = 0.307, L3 util. = 0.009
----------------------------------------
branch prediction, hits = 81087310, misses = 5656169, hit rate = 93.48%
return_stack prediction, hits = 2530691, misses = 1994, hit rate = 99.92%
jump prediction, hits = 84119175, misses = 6514399, hit rate = 92.81%
 move_by_pieces move_by_pieces_ninsns move_by_pieces_1 emit_block_move
**** Debug Statistics at 301000000 Cycles *****
Threads: 4		Fetch Width: 8
No of useful instructions fetched:	1386039677 (57.56% proc util.)
No of total instructions fetched:	1569158684 (65.16% proc util.)
 includes 29881146 misfetch (1.9%), 153237861 (9.8%) wrong-path fetches
 and 0 flushed after failed lock(0.0%)
No of useful instructions issued/executed:	1386039650 (57.56% proc util.)
No of total instructions issued/executed:	1445387787 (60.02% proc util.)
 includes 59348137 wrong-path (4.1%) insts and 0 flushed (0.0%)
	fp 5202, 0.00%
	synch 0, 0.00%
	integer 1047490133, 72.47%
	load/store 397892452, 27.53%
Avg size of int IQ (before scheduling): 29.63
Avg size of fp IQ (before scheduling): 0.00
No of cycles taken:		301000000
Parallelism [ 1.053, 0.940, 0.982, 1.631,] = 4.605
 IQ conflicts: 210606 (0.07%), FQ conflicts: 0 (0.00%) 
 I reg conflicts: 79199562 (26.31%), FP reg conflicts: 0 (0.00%)
  Activelist confs: 171 (0.00%), ROB confs: 26390 (0.01%)
  Int unit conflicts: 775394659 (257.61%), FP unit conflicts: 6 (0.00%)
  Load/store unit conflicts: 30256847 (10.05%)
  MSHR conflicts: 3875487 (1.29%)
----------------------------------------
==== System-wide Cache Statistics ====
Stall for miss queue full 0 cycles (0.00%)
----------------------------------------
==== Statistics for Master ID: 0 ====
Reads: 108633631   Writes: 53
ICACHE: size: 64 KB assoc: 2
ICACHE: hits:89494365 misses:258937  Hit Ratio: 99.71%
DCACHE: size: 16 KB assoc: 4
DCACHE: hits:14715351 misses:4165031 writebacks:29  Hit Ratio: 77.94%
SCACHE: size: 512 KB assoc: 2
SCACHE: hits:3083168 misses:1340800  Hit Ratio: 69.69%
3CACHE: size: 4096 KB assoc: 2
3CACHE: hits:1289122 misses:51678  Hit Ratio: 96.15%
3CACHE: dirty items replaced:4281
ITLB: size: 48, misses 4, miss rate 0.00%
DTLB: size: 128, misses 720, miss rate 0.00%
Avg mem delay: 1.901 cycles
----------------------------------------
==== Statistics for Master ID: 1 ====
Reads: 79462176   Writes: 41
ICACHE: size: 64 KB assoc: 2
ICACHE: hits:68758360 misses:228556  Hit Ratio: 99.67%
DCACHE: size: 16 KB assoc: 4
DCACHE: hits:3489220 misses:6986081 writebacks:19  Hit Ratio: 33.31%
SCACHE: size: 512 KB assoc: 2
SCACHE: hits:5790008 misses:1424629  Hit Ratio: 80.25%
3CACHE: size: 4096 KB assoc: 2
3CACHE: hits:1374299 misses:50330  Hit Ratio: 96.47%
3CACHE: dirty items replaced:4178
ITLB: size: 48, misses 4, miss rate 0.00%
DTLB: size: 128, misses 62, miss rate 0.00%
Avg mem delay: 1.901 cycles
----------------------------------------
==== Statistics for Master ID: 2 ====
Reads: 209148275   Writes: 38450876
ICACHE: size: 64 KB assoc: 2
ICACHE: hits:114421293 misses:1614689  Hit Ratio: 98.61%
DCACHE: size: 16 KB assoc: 4
DCACHE: hits:128716539 misses:2846630 writebacks:969679  Hit Ratio: 97.84%
SCACHE: size: 512 KB assoc: 2
SCACHE: hits:3696943 misses:764376  Hit Ratio: 82.87%
3CACHE: size: 4096 KB assoc: 2
3CACHE: hits:614167 misses:150209  Hit Ratio: 80.35%
3CACHE: dirty items replaced:13655
ITLB: size: 48, misses 68420, miss rate 0.06%
DTLB: size: 128, misses 71945, miss rate 0.05%
Avg mem delay: 1.901 cycles
----------------------------------------
==== Statistics for Master ID: 3 ====
Reads: 283948617   Writes: 117254921
ICACHE: size: 64 KB assoc: 2
ICACHE: hits:164585011 misses:808  Hit Ratio: 100.00%
DCACHE: size: 16 KB assoc: 4
DCACHE: hits:229617829 misses:6999890 writebacks:6911968  Hit Ratio: 97.04%
SCACHE: size: 512 KB assoc: 2
SCACHE: hits:6069456 misses:931242  Hit Ratio: 86.70%
3CACHE: size: 4096 KB assoc: 2
3CACHE: hits:930789 misses:453  Hit Ratio: 99.95%
3CACHE: dirty items replaced:4
ITLB: size: 48, misses 1, miss rate 0.00%
DTLB: size: 128, misses 302, miss rate 0.00%
Avg mem delay: 1.901 cycles
----------------------------------------
==== Global Resource Utilization ====
STASH: size: 65536 entries, full 1588438201, empty 26876876, misses 2451316, full rate 98.19
icache bank util. 0.301 0.240 0.102 0.050 0.055 0.053 0.320 0.359 
dcache bank util. 0.200 0.201 0.195 0.196 0.192 0.232 0.200 0.192 
L2 bank util. 0.070 0.071 0.063 0.065 0.064 0.063 0.064 0.063 
L1-L2 bus util. = 0.309, L3 util. = 0.008
----------------------------------------
branch prediction, hits = 122530222, misses = 8413595, hit rate = 93.57%
return_stack prediction, hits = 3781567, misses = 3037, hit rate = 99.92%
jump prediction, hits = 127624303, misses = 9221540, hit rate = 93.26%

**** Debug Statistics at 401000000 Cycles *****
Threads: 4		Fetch Width: 8
No of useful instructions fetched:	1845426466 (57.53% proc util.)
No of total instructions fetched:	2091915099 (65.21% proc util.)
 includes 41349222 misfetch (2.0%), 205139411 (9.8%) wrong-path fetches
 and 0 flushed after failed lock(0.0%)
No of useful instructions issued/executed:	1845426417 (57.53% proc util.)
No of total instructions issued/executed:	1925188642 (60.01% proc util.)
 includes 79762225 wrong-path (4.1%) insts and 0 flushed (0.0%)
	fp 5349, 0.00%
	synch 0, 0.00%
	integer 1391989408, 72.30%
	load/store 533193885, 27.70%
Avg size of int IQ (before scheduling): 29.67
Avg size of fp IQ (before scheduling): 0.00
No of cycles taken:		401000000
Parallelism [ 1.051, 0.938, 0.984, 1.630,] = 4.602
 IQ conflicts: 281026 (0.07%), FQ conflicts: 0 (0.00%) 
 I reg conflicts: 105147973 (26.22%), FP reg conflicts: 0 (0.00%)
  Activelist confs: 212 (0.00%), ROB confs: 49104 (0.01%)
  Int unit conflicts: 1028318263 (256.44%), FP unit conflicts: 7 (0.00%)
  Load/store unit conflicts: 41824794 (10.43%)
  MSHR conflicts: 6660082 (1.66%)
----------------------------------------
==== System-wide Cache Statistics ====
Stall for miss queue full 0 cycles (0.00%)
----------------------------------------
==== Statistics for Master ID: 0 ====
Reads: 144404748   Writes: 55
ICACHE: size: 64 KB assoc: 2
ICACHE: hits:119011782 misses:273672  Hit Ratio: 99.77%
DCACHE: size: 16 KB assoc: 4
DCACHE: hits:19575710 misses:5543639 writebacks:31  Hit Ratio: 77.93%
SCACHE: size: 512 KB assoc: 2
SCACHE: hits:4017389 misses:1799922  Hit Ratio: 69.06%
3CACHE: size: 4096 KB assoc: 2
3CACHE: hits:1733763 misses:66158  Hit Ratio: 96.32%
3CACHE: dirty items replaced:5197
ITLB: size: 48, misses 4, miss rate 0.00%
DTLB: size: 128, misses 1001, miss rate 0.00%
Avg mem delay: 1.933 cycles
----------------------------------------
==== Statistics for Master ID: 1 ====
Reads: 105491554   Writes: 43
ICACHE: size: 64 KB assoc: 2
ICACHE: hits:91324984 misses:242762  Hit Ratio: 99.73%
DCACHE: size: 16 KB assoc: 4
DCACHE: hits:4638068 misses:9285783 writebacks:21  Hit Ratio: 33.31%
SCACHE: size: 512 KB assoc: 2
SCACHE: hits:7627303 misses:1901242  Hit Ratio: 80.05%
3CACHE: size: 4096 KB assoc: 2
3CACHE: hits:1836716 misses:64526  Hit Ratio: 96.61%
3CACHE: dirty items replaced:5042
ITLB: size: 48, misses 4, miss rate 0.00%
DTLB: size: 128, misses 80, miss rate 0.00%
Avg mem delay: 1.933 cycles
----------------------------------------
==== Statistics for Master ID: 2 ====
Reads: 281470833   Writes: 53642936
ICACHE: size: 64 KB assoc: 2
ICACHE: hits:154524887 misses:1990024  Hit Ratio: 98.73%
DCACHE: size: 16 KB assoc: 4
DCACHE: hits:174278770 misses:4320088 writebacks:1564733  Hit Ratio: 97.58%
SCACHE: size: 512 KB assoc: 2
SCACHE: hits:5197150 misses:1112961  Hit Ratio: 82.36%
3CACHE: size: 4096 KB assoc: 2
3CACHE: hits:923743 misses:189218  Hit Ratio: 83.00%
3CACHE: dirty items replaced:21169
ITLB: size: 48, misses 70109, miss rate 0.04%
DTLB: size: 128, misses 103671, miss rate 0.06%
Avg mem delay: 1.933 cycles
----------------------------------------
==== Statistics for Master ID: 3 ====
Reads: 377837929   Writes: 156117967
ICACHE: size: 64 KB assoc: 2
ICACHE: hits:218921016 misses:981  Hit Ratio: 100.00%
DCACHE: size: 16 KB assoc: 4
DCACHE: hits:305715693 misses:9318206 writebacks:9202758  Hit Ratio: 97.04%
SCACHE: size: 512 KB assoc: 2
SCACHE: hits:8083431 misses:1235756  Hit Ratio: 86.74%
3CACHE: size: 4096 KB assoc: 2
3CACHE: hits:1235283 misses:473  Hit Ratio: 99.96%
3CACHE: dirty items replaced:17
ITLB: size: 48, misses 1, miss rate 0.00%
DTLB: size: 128, misses 499, miss rate 0.00%
Avg mem delay: 1.933 cycles
----------------------------------------
==== Global Resource Utilization ====
STASH: size: 65536 entries, full 2118538535, empty 34559730, misses 3170190, full rate 98.25
icache bank util. 0.300 0.238 0.101 0.050 0.059 0.056 0.319 0.357 
dcache bank util. 0.199 0.198 0.196 0.197 0.194 0.232 0.204 0.202 
L2 bank util. 0.069 0.071 0.064 0.065 0.065 0.064 0.065 0.064 
L1-L2 bus util. = 0.312, L3 util. = 0.008
----------------------------------------
branch prediction, hits = 163715545, misses = 11188941, hit rate = 93.60%
return_stack prediction, hits = 5121148, misses = 3282, hit rate = 99.94%
jump prediction, hits = 170289220, misses = 12694913, hit rate = 93.06%

**** Early Exiting at 433620918 Cycles *****
========================================
 SMTSIM Global Statistics
========================================
Threads: 4		Fetch Width: 8
No of useful instructions fetched:	2000000108 (57.65% proc util.)
No of total instructions fetched:	2270805367 (65.46% proc util.)
 includes 46370768 misfetch (2.0%), 224434491 (9.9%) wrong-path fetches
 and 0 flushed after failed lock(0.0%)
No of useful instructions issued/executed:	2000000060 (57.65% proc util.)
No of total instructions issued/executed:	2087170135 (60.17% proc util.)
 includes 87170075 wrong-path (4.2%) insts and 0 flushed (0.0%)
	fp 5543, 0.00%
	synch 0, 0.00%
	integer 1508572738, 72.28%
	load/store 578591854, 27.72%
Avg size of int IQ (before scheduling): 29.66
Avg size of fp IQ (before scheduling): 0.00
No of cycles taken:		433620918
Parallelism [ 1.053, 0.938, 0.990, 1.631,] = 4.612
 IQ conflicts: 296366 (0.07%), FQ conflicts: 0 (0.00%) 
 I reg conflicts: 112478632 (25.94%), FP reg conflicts: 0 (0.00%)
  Activelist confs: 212 (0.00%), ROB confs: 49104 (0.01%)
  Int unit conflicts: 1115752341 (257.31%), FP unit conflicts: 14 (0.00%)
  Load/store unit conflicts: 45528323 (10.50%)
  MSHR conflicts: 6676778 (1.54%)
----------------------------------------
==== System-wide Cache Statistics ====
Stall for miss queue full 0 cycles (0.00%)
----------------------------------------
==== Statistics for Master ID: 0 ====
Reads: 156403743   Writes: 56
ICACHE: size: 64 KB assoc: 2
ICACHE: hits:128929572 misses:273972  Hit Ratio: 99.79%
DCACHE: size: 16 KB assoc: 4
DCACHE: hits:21198555 misses:6001700 writebacks:32  Hit Ratio: 77.94%
SCACHE: size: 512 KB assoc: 2
SCACHE: hits:4336297 misses:1939375  Hit Ratio: 69.10%
3CACHE: size: 4096 KB assoc: 2
3CACHE: hits:1868717 misses:70658  Hit Ratio: 96.36%
3CACHE: dirty items replaced:5493
ITLB: size: 48, misses 4, miss rate 0.00%
DTLB: size: 128, misses 1061, miss rate 0.00%
Avg mem delay: 1.930 cycles
----------------------------------------
==== Statistics for Master ID: 1 ====
Reads: 114216365   Writes: 43
ICACHE: size: 64 KB assoc: 2
ICACHE: hits:98900962 misses:243060  Hit Ratio: 99.75%
DCACHE: size: 16 KB assoc: 4
DCACHE: hits:5021357 misses:10051029 writebacks:21  Hit Ratio: 33.31%
SCACHE: size: 512 KB assoc: 2
SCACHE: hits:8251617 misses:2042472  Hit Ratio: 80.16%
3CACHE: size: 4096 KB assoc: 2
3CACHE: hits:1973411 misses:69061  Hit Ratio: 96.62%
3CACHE: dirty items replaced:5335
ITLB: size: 48, misses 4, miss rate 0.00%
DTLB: size: 128, misses 80, miss rate 0.00%
Avg mem delay: 1.930 cycles
----------------------------------------
==== Statistics for Master ID: 2 ====
Reads: 307110371   Writes: 58826737
ICACHE: size: 64 KB assoc: 2
ICACHE: hits:169074033 misses:2138781  Hit Ratio: 98.75%
DCACHE: size: 16 KB assoc: 4
DCACHE: hits:189890320 misses:4833974 writebacks:1821647  Hit Ratio: 97.52%
SCACHE: size: 512 KB assoc: 2
SCACHE: hits:5800086 misses:1172669  Hit Ratio: 83.18%
3CACHE: size: 4096 KB assoc: 2
3CACHE: hits:975961 misses:196708  Hit Ratio: 83.23%
3CACHE: dirty items replaced:22637
ITLB: size: 48, misses 70211, miss rate 0.04%
DTLB: size: 128, misses 108768, miss rate 0.06%
Avg mem delay: 1.930 cycles
----------------------------------------
==== Statistics for Master ID: 3 ====
Reads: 409162266   Writes: 168993203
ICACHE: size: 64 KB assoc: 2
ICACHE: hits:237141743 misses:1095  Hit Ratio: 100.00%
DCACHE: size: 16 KB assoc: 4
DCACHE: hits:330926816 misses:10085815 writebacks:9961617  Hit Ratio: 97.04%
SCACHE: size: 512 KB assoc: 2
SCACHE: hits:8757216 misses:1329694  Hit Ratio: 86.82%
3CACHE: size: 4096 KB assoc: 2
3CACHE: hits:1329216 misses:478  Hit Ratio: 99.96%
3CACHE: dirty items replaced:19
ITLB: size: 48, misses 1, miss rate 0.00%
DTLB: size: 128, misses 541, miss rate 0.00%
Avg mem delay: 1.930 cycles
----------------------------------------
==== Global Resource Utilization ====
STASH: size: 65536 entries, full 2299683234, empty 37739778, misses 3469114, full rate 98.24
icache bank util. 0.300 0.238 0.101 0.051 0.062 0.058 0.319 0.358 
dcache bank util. 0.201 0.197 0.196 0.197 0.194 0.232 0.206 0.205 
L2 bank util. 0.069 0.071 0.064 0.066 0.065 0.065 0.066 0.064 
L1-L2 bus util. = 0.314, L3 util. = 0.008
----------------------------------------
branch prediction, hits = 177616580, misses = 12255929, hit rate = 93.55%
return_stack prediction, hits = 5565983, misses = 3367, hit rate = 99.94%
jump prediction, hits = 184234665, misses = 14156094, hit rate = 92.86%
total IPC 4.612

=== Results saved to: ./results/randacc_1_cacherand_1_gcc-expr_1_smalltrans_1.txt ===
