===== 执行信息 =====
Cache目录：smtc64
执行命令：./smtsim ../gcc-expr.arg ../randacc.arg ../gzip-source.arg ../gcc-scilab.arg
执行时间：2026-04-18 06:11:21
返回码：0
===== 输出内容 =====
 init_expr_once init_expr save_expr_status restore_expr_status enqueue_insn protect_from_queue queued_subexp_p emit_queue init_queue convert_move convert_to_mode move_by_pieces move_by_pieces_ninsns move_by_pieces_1 emit_block_moveSMTCache
Process 0, Thread 0: gcc-expr
Process 1, Thread 1: randacc
Process 2, Thread 2: gzip-source
Process 3, Thread 3: gcc-scilab

**** Debug Statistics at 1000000 Cycles *****
Threads: 4		Fetch Width: 8
No of useful instructions fetched:	1782468 (22.28% proc util.)
No of total instructions fetched:	1947238 (24.34% proc util.)
 includes 23110 misfetch (1.2%), 141660 (7.3%) wrong-path fetches
 and 0 flushed after failed lock(0.0%)
No of useful instructions issued/executed:	1782410 (22.28% proc util.)
No of total instructions issued/executed:	1850432 (23.13% proc util.)
 includes 68022 wrong-path (3.7%) insts and 0 flushed (0.0%)
	fp 75, 0.00%
	synch 0, 0.00%
	integer 1406431, 76.01%
	load/store 443926, 23.99%
Avg size of int IQ (before scheduling): 32.66
Avg size of fp IQ (before scheduling): 0.01
No of cycles taken:		1000000
Parallelism [ 0.553, 0.714, 0.117, 0.398,] = 1.782
 IQ conflicts: 5382 (0.54%), FQ conflicts: 0 (0.00%) 
 I reg conflicts: 705426 (70.54%), FP reg conflicts: 0 (0.00%)
  Activelist confs: 0 (0.00%), ROB confs: 834 (0.08%)
  Int unit conflicts: 241444 (24.14%), FP unit conflicts: 1 (0.00%)
  Load/store unit conflicts: 23304 (2.33%)
  MSHR conflicts: 185763 (18.58%)
----------------------------------------
==== System-wide Cache Statistics ====
Stall for miss queue full 0 cycles (0.00%)
----------------------------------------
==== Statistics for Master ID: 0 ====
Reads: 318961   Writes: 95972
ICACHE: size: 64 KB assoc: 2
ICACHE: hits:211196 misses:189  Hit Ratio: 99.91%
DCACHE: size: 16 KB assoc: 4
DCACHE: hits:189331 misses:14217 writebacks:5904  Hit Ratio: 93.02%
SCACHE: size: 512 KB assoc: 2
SCACHE: hits:12184 misses:2222  Hit Ratio: 84.58%
3CACHE: size: 4096 KB assoc: 2
3CACHE: hits:380 misses:1842  Hit Ratio: 17.10%
3CACHE: dirty items replaced:5
ITLB: size: 48, misses 10, miss rate 0.00%
DTLB: size: 128, misses 344, miss rate 0.17%
Avg mem delay: 22.767 cycles
----------------------------------------
==== Statistics for Master ID: 1 ====
Reads: 234196   Writes: 33
ICACHE: size: 64 KB assoc: 2
ICACHE: hits:191554 misses:23  Hit Ratio: 99.99%
DCACHE: size: 16 KB assoc: 4
DCACHE: hits:33192 misses:9460 writebacks:13  Hit Ratio: 77.82%
SCACHE: size: 512 KB assoc: 2
SCACHE: hits:8255 misses:1228  Hit Ratio: 87.05%
3CACHE: size: 4096 KB assoc: 2
3CACHE: hits:524 misses:704  Hit Ratio: 42.67%
3CACHE: dirty items replaced:0
ITLB: size: 48, misses 4, miss rate 0.00%
DTLB: size: 128, misses 125, miss rate 0.29%
Avg mem delay: 22.767 cycles
----------------------------------------
==== Statistics for Master ID: 2 ====
Reads: 78888   Writes: 19096
ICACHE: size: 64 KB assoc: 2
ICACHE: hits:41631 misses:205  Hit Ratio: 99.51%
DCACHE: size: 16 KB assoc: 4
DCACHE: hits:32459 misses:23689 writebacks:18206  Hit Ratio: 57.81%
SCACHE: size: 512 KB assoc: 2
SCACHE: hits:5345 misses:18549  Hit Ratio: 22.37%
3CACHE: size: 4096 KB assoc: 2
3CACHE: hits:0 misses:18545  Hit Ratio: 0.00%
3CACHE: dirty items replaced:20
ITLB: size: 48, misses 18, miss rate 0.04%
DTLB: size: 128, misses 4570, miss rate 8.14%
Avg mem delay: 22.767 cycles
----------------------------------------
==== Statistics for Master ID: 3 ====
Reads: 207556   Writes: 61135
ICACHE: size: 64 KB assoc: 2
ICACHE: hits:125715 misses:1578  Hit Ratio: 98.76%
DCACHE: size: 16 KB assoc: 4
DCACHE: hits:138160 misses:3238 writebacks:2311  Hit Ratio: 97.71%
SCACHE: size: 512 KB assoc: 2
SCACHE: hits:750 misses:4066  Hit Ratio: 15.57%
3CACHE: size: 4096 KB assoc: 2
3CACHE: hits:105 misses:3961  Hit Ratio: 2.58%
3CACHE: dirty items replaced:1
ITLB: size: 48, misses 104, miss rate 0.08%
DTLB: size: 128, misses 456, miss rate 0.32%
Avg mem delay: 22.767 cycles
----------------------------------------
==== Global Resource Utilization ====
STASH: size: 65536 entries, full 473546957, empty 25416087, misses 3060529, full rate 94.33
icache bank util. 0.105 0.085 0.061 0.025 0.102 0.100 0.031 0.069 
dcache bank util. 0.060 0.063 0.070 0.055 0.055 0.083 0.229 0.061 
L2 bank util. 0.023 0.024 0.026 0.024 0.026 0.025 0.273 0.025 
L1-L2 bus util. = 0.237, L3 util. = 0.250
----------------------------------------
branch prediction, hits = 175969, misses = 8623, hit rate = 95.33%
return_stack prediction, hits = 6963, misses = 14, hit rate = 99.80%
jump prediction, hits = 196063, misses = 6726, hit rate = 96.68%
 dgelq2_ dgelqf_
**** Debug Statistics at 101000000 Cycles *****
Threads: 4		Fetch Width: 8
No of useful instructions fetched:	208320443 (25.78% proc util.)
No of total instructions fetched:	244097599 (30.21% proc util.)
 includes 9374164 misfetch (3.8%), 26402992 (10.8%) wrong-path fetches
 and 0 flushed after failed lock(0.0%)
No of useful instructions issued/executed:	208320423 (25.78% proc util.)
No of total instructions issued/executed:	219770520 (27.20% proc util.)
 includes 11450097 wrong-path (5.2%) insts and 0 flushed (0.0%)
	fp 1252, 0.00%
	synch 0, 0.00%
	integer 162596289, 73.98%
	load/store 57172979, 26.01%
Avg size of int IQ (before scheduling): 17.69
Avg size of fp IQ (before scheduling): 0.00
No of cycles taken:		101000000
Parallelism [ 0.578, 0.694, 0.306, 0.484,] = 2.063
 IQ conflicts: 62954 (0.06%), FQ conflicts: 0 (0.00%) 
 I reg conflicts: 65963842 (65.31%), FP reg conflicts: 0 (0.00%)
  Activelist confs: 0 (0.00%), ROB confs: 5245 (0.01%)
  Int unit conflicts: 17837436 (17.66%), FP unit conflicts: 3 (0.00%)
  Load/store unit conflicts: 3802607 (3.76%)
  MSHR conflicts: 12936683 (12.81%)
----------------------------------------
==== System-wide Cache Statistics ====
Stall for miss queue full 0 cycles (0.00%)
----------------------------------------
==== Statistics for Master ID: 0 ====
Reads: 34845303   Writes: 5181618
ICACHE: size: 64 KB assoc: 2
ICACHE: hits:18330175 misses:565271  Hit Ratio: 97.01%
DCACHE: size: 16 KB assoc: 4
DCACHE: hits:20878365 misses:253110 writebacks:79398  Hit Ratio: 98.80%
SCACHE: size: 512 KB assoc: 2
SCACHE: hits:551590 misses:266791  Hit Ratio: 67.40%
3CACHE: size: 4096 KB assoc: 2
3CACHE: hits:176071 misses:90720  Hit Ratio: 66.00%
3CACHE: dirty items replaced:6092
ITLB: size: 48, misses 65074, miss rate 0.34%
DTLB: size: 128, misses 32380, miss rate 0.15%
Avg mem delay: 6.682 cycles
----------------------------------------
==== Statistics for Master ID: 1 ====
Reads: 24550730   Writes: 85
ICACHE: size: 64 KB assoc: 2
ICACHE: hits:20374834 misses:440  Hit Ratio: 100.00%
DCACHE: size: 16 KB assoc: 4
DCACHE: hits:3253904 misses:921637 writebacks:60  Hit Ratio: 77.93%
SCACHE: size: 512 KB assoc: 2
SCACHE: hits:860928 misses:61149  Hit Ratio: 93.37%
3CACHE: size: 4096 KB assoc: 2
3CACHE: hits:50241 misses:10908  Hit Ratio: 82.16%
3CACHE: dirty items replaced:44
ITLB: size: 48, misses 4, miss rate 0.00%
DTLB: size: 128, misses 3094, miss rate 0.07%
Avg mem delay: 6.682 cycles
----------------------------------------
==== Statistics for Master ID: 2 ====
Reads: 16268728   Writes: 5144956
ICACHE: size: 64 KB assoc: 2
ICACHE: hits:10938164 misses:697  Hit Ratio: 99.99%
DCACHE: size: 16 KB assoc: 4
DCACHE: hits:8999940 misses:1474883 writebacks:804228  Hit Ratio: 85.92%
SCACHE: size: 512 KB assoc: 2
SCACHE: hits:50594 misses:1424986  Hit Ratio: 3.43%
3CACHE: size: 4096 KB assoc: 2
3CACHE: hits:204 misses:1424780  Hit Ratio: 0.01%
3CACHE: dirty items replaced:101360
ITLB: size: 48, misses 64, miss rate 0.00%
DTLB: size: 128, misses 65522, miss rate 0.63%
Avg mem delay: 6.682 cycles
----------------------------------------
==== Statistics for Master ID: 3 ====
Reads: 33868670   Writes: 6397651
ICACHE: size: 64 KB assoc: 2
ICACHE: hits:18343213 misses:604697  Hit Ratio: 96.81%
DCACHE: size: 16 KB assoc: 4
DCACHE: hits:20721732 misses:596679 writebacks:158570  Hit Ratio: 97.20%
SCACHE: size: 512 KB assoc: 2
SCACHE: hits:831069 misses:370307  Hit Ratio: 69.18%
3CACHE: size: 4096 KB assoc: 2
3CACHE: hits:290060 misses:80247  Hit Ratio: 78.33%
3CACHE: dirty items replaced:6167
ITLB: size: 48, misses 54436, miss rate 0.29%
DTLB: size: 128, misses 33274, miss rate 0.16%
Avg mem delay: 6.682 cycles
----------------------------------------
==== Global Resource Utilization ====
STASH: size: 65536 entries, full 722096414, empty 33952362, misses 3832309, full rate 95.03
icache bank util. 0.126 0.123 0.079 0.042 0.045 0.153 0.046 0.105 
dcache bank util. 0.101 0.080 0.083 0.087 0.074 0.091 0.093 0.084 
L2 bank util. 0.038 0.040 0.040 0.039 0.039 0.038 0.046 0.054 
L1-L2 bus util. = 0.162, L3 util. = 0.159
----------------------------------------
branch prediction, hits = 21652898, misses = 2471884, hit rate = 89.75%
return_stack prediction, hits = 1060268, misses = 1318, hit rate = 99.88%
jump prediction, hits = 20548286, misses = 3227373, hit rate = 86.43%
 dgels_
**** Debug Statistics at 201000000 Cycles *****
Threads: 4		Fetch Width: 8
No of useful instructions fetched:	553513828 (34.42% proc util.)
No of total instructions fetched:	680575070 (42.32% proc util.)
 includes 23375288 misfetch (3.4%), 103685954 (15.2%) wrong-path fetches
 and 0 flushed after failed lock(0.0%)
No of useful instructions issued/executed:	553513790 (34.42% proc util.)
No of total instructions issued/executed:	598726539 (37.23% proc util.)
 includes 45212749 wrong-path (7.6%) insts and 0 flushed (0.0%)
	fp 9000, 0.00%
	synch 0, 0.00%
	integer 443775581, 74.12%
	load/store 154941958, 25.88%
Avg size of int IQ (before scheduling): 22.25
Avg size of fp IQ (before scheduling): 0.00
No of cycles taken:		201000000
Parallelism [ 0.701, 0.846, 0.616, 0.590,] = 2.754
 IQ conflicts: 354310 (0.18%), FQ conflicts: 0 (0.00%) 
 I reg conflicts: 101929985 (50.71%), FP reg conflicts: 0 (0.00%)
  Activelist confs: 35 (0.00%), ROB confs: 75531 (0.04%)
  Int unit conflicts: 212069229 (105.51%), FP unit conflicts: 3 (0.00%)
  Load/store unit conflicts: 15116355 (7.52%)
  MSHR conflicts: 21661364 (10.78%)
----------------------------------------
==== System-wide Cache Statistics ====
Stall for miss queue full 0 cycles (0.00%)
----------------------------------------
==== Statistics for Master ID: 0 ====
Reads: 92287125   Writes: 15401144
ICACHE: size: 64 KB assoc: 2
ICACHE: hits:51032831 misses:1150352  Hit Ratio: 97.80%
DCACHE: size: 16 KB assoc: 4
DCACHE: hits:54471966 misses:1033120 writebacks:484432  Hit Ratio: 98.14%
SCACHE: size: 512 KB assoc: 2
SCACHE: hits:1559580 misses:623892  Hit Ratio: 71.43%
3CACHE: size: 4096 KB assoc: 2
3CACHE: hits:455507 misses:168385  Hit Ratio: 73.01%
3CACHE: dirty items replaced:25393
ITLB: size: 48, misses 114500, miss rate 0.22%
DTLB: size: 128, misses 132732, miss rate 0.24%
Avg mem delay: 4.063 cycles
----------------------------------------
==== Statistics for Master ID: 1 ====
Reads: 61841965   Writes: 177
ICACHE: size: 64 KB assoc: 2
ICACHE: hits:51696893 misses:3196  Hit Ratio: 99.99%
DCACHE: size: 16 KB assoc: 4
DCACHE: hits:7904677 misses:2237376 writebacks:150  Hit Ratio: 77.94%
SCACHE: size: 512 KB assoc: 2
SCACHE: hits:2116380 misses:124191  Hit Ratio: 94.46%
3CACHE: size: 4096 KB assoc: 2
3CACHE: hits:101738 misses:22453  Hit Ratio: 81.92%
3CACHE: dirty items replaced:2052
ITLB: size: 48, misses 4, miss rate 0.00%
DTLB: size: 128, misses 13199, miss rate 0.13%
Avg mem delay: 4.063 cycles
----------------------------------------
==== Statistics for Master ID: 2 ====
Reads: 65283712   Writes: 12892732
ICACHE: size: 64 KB assoc: 2
ICACHE: hits:41657872 misses:11115  Hit Ratio: 99.97%
DCACHE: size: 16 KB assoc: 4
DCACHE: hits:33962376 misses:2545081 writebacks:1267661  Hit Ratio: 93.03%
SCACHE: size: 512 KB assoc: 2
SCACHE: hits:515679 misses:2040517  Hit Ratio: 20.17%
3CACHE: size: 4096 KB assoc: 2
3CACHE: hits:97724 misses:1942793  Hit Ratio: 4.79%
3CACHE: dirty items replaced:169069
ITLB: size: 48, misses 353, miss rate 0.00%
DTLB: size: 128, misses 130322, miss rate 0.36%
Avg mem delay: 4.063 cycles
----------------------------------------
==== Statistics for Master ID: 3 ====
Reads: 86307572   Writes: 15482749
ICACHE: size: 64 KB assoc: 2
ICACHE: hits:47830499 misses:1364540  Hit Ratio: 97.23%
DCACHE: size: 16 KB assoc: 4
DCACHE: hits:51285076 misses:1310206 writebacks:388190  Hit Ratio: 97.51%
SCACHE: size: 512 KB assoc: 2
SCACHE: hits:1925270 misses:749476  Hit Ratio: 71.98%
3CACHE: size: 4096 KB assoc: 2
3CACHE: hits:603054 misses:146422  Hit Ratio: 80.46%
3CACHE: dirty items replaced:20909
ITLB: size: 48, misses 125461, miss rate 0.26%
DTLB: size: 128, misses 124830, miss rate 0.24%
Avg mem delay: 4.063 cycles
----------------------------------------
==== Global Resource Utilization ====
STASH: size: 65536 entries, full 1181273111, empty 45348901, misses 4822392, full rate 95.93
icache bank util. 0.178 0.162 0.121 0.084 0.086 0.161 0.078 0.137 
dcache bank util. 0.112 0.102 0.116 0.118 0.114 0.118 0.124 0.104 
L2 bank util. 0.042 0.043 0.042 0.041 0.041 0.040 0.045 0.049 
L1-L2 bus util. = 0.176, L3 util. = 0.113
----------------------------------------
branch prediction, hits = 50446165, misses = 6857289, hit rate = 88.03%
return_stack prediction, hits = 3053822, misses = 2949, hit rate = 99.90%
jump prediction, hits = 50553825, misses = 7736072, hit rate = 86.73%
 move_block_to_reg move_block_from_reg use_regs group_insns clear_storage emit_move_insn
**** Debug Statistics at 301000000 Cycles *****
Threads: 4		Fetch Width: 8
No of useful instructions fetched:	948277693 (39.38% proc util.)
No of total instructions fetched:	1205045677 (50.04% proc util.)
 includes 42876568 misfetch (3.6%), 213891416 (17.7%) wrong-path fetches
 and 0 flushed after failed lock(0.0%)
No of useful instructions issued/executed:	948277650 (39.38% proc util.)
No of total instructions issued/executed:	1044818193 (43.39% proc util.)
 includes 96540543 wrong-path (9.2%) insts and 0 flushed (0.0%)
	fp 10350, 0.00%
	synch 0, 0.00%
	integer 773034995, 73.99%
	load/store 271772848, 26.01%
Avg size of int IQ (before scheduling): 24.76
Avg size of fp IQ (before scheduling): 0.00
No of cycles taken:		301000000
Parallelism [ 0.724, 0.949, 0.833, 0.644,] = 3.150
 IQ conflicts: 718073 (0.24%), FQ conflicts: 0 (0.00%) 
 I reg conflicts: 123647166 (41.08%), FP reg conflicts: 0 (0.00%)
  Activelist confs: 193 (0.00%), ROB confs: 178145 (0.06%)
  Int unit conflicts: 418236882 (138.95%), FP unit conflicts: 3 (0.00%)
  Load/store unit conflicts: 31823747 (10.57%)
  MSHR conflicts: 28499078 (9.47%)
----------------------------------------
==== System-wide Cache Statistics ====
Stall for miss queue full 0 cycles (0.00%)
----------------------------------------
==== Statistics for Master ID: 0 ====
Reads: 151809344   Writes: 26082539
ICACHE: size: 64 KB assoc: 2
ICACHE: hits:85626554 misses:1920042  Hit Ratio: 97.81%
DCACHE: size: 16 KB assoc: 4
DCACHE: hits:88296387 misses:2048900 writebacks:896154  Hit Ratio: 97.73%
SCACHE: size: 512 KB assoc: 2
SCACHE: hits:2873093 misses:1095848  Hit Ratio: 72.39%
3CACHE: size: 4096 KB assoc: 2
3CACHE: hits:856393 misses:239454  Hit Ratio: 78.15%
3CACHE: dirty items replaced:50993
ITLB: size: 48, misses 176906, miss rate 0.20%
DTLB: size: 128, misses 285168, miss rate 0.32%
Avg mem delay: 3.192 cycles
----------------------------------------
==== Statistics for Master ID: 1 ====
Reads: 105683991   Writes: 251
ICACHE: size: 64 KB assoc: 2
ICACHE: hits:88634959 misses:3500  Hit Ratio: 100.00%
DCACHE: size: 16 KB assoc: 4
DCACHE: hits:13288321 misses:3757462 writebacks:221  Hit Ratio: 77.96%
SCACHE: size: 512 KB assoc: 2
SCACHE: hits:3556491 misses:204471  Hit Ratio: 94.56%
3CACHE: size: 4096 KB assoc: 2
3CACHE: hits:167759 misses:36712  Hit Ratio: 82.05%
3CACHE: dirty items replaced:5587
ITLB: size: 48, misses 4, miss rate 0.00%
DTLB: size: 128, misses 29354, miss rate 0.17%
Avg mem delay: 3.192 cycles
----------------------------------------
==== Statistics for Master ID: 2 ====
Reads: 133967994   Writes: 22765440
ICACHE: size: 64 KB assoc: 2
ICACHE: hits:84047227 misses:36726  Hit Ratio: 99.96%
DCACHE: size: 16 KB assoc: 4
DCACHE: hits:69062226 misses:3587255 writebacks:1687105  Hit Ratio: 95.06%
SCACHE: size: 512 KB assoc: 2
SCACHE: hits:1363177 misses:2260804  Hit Ratio: 37.62%
3CACHE: size: 4096 KB assoc: 2
3CACHE: hits:279206 misses:1981598  Hit Ratio: 12.35%
3CACHE: dirty items replaced:181097
ITLB: size: 48, misses 797, miss rate 0.00%
DTLB: size: 128, misses 220455, miss rate 0.30%
Avg mem delay: 3.192 cycles
----------------------------------------
==== Statistics for Master ID: 3 ====
Reads: 151880457   Writes: 26678176
ICACHE: size: 64 KB assoc: 2
ICACHE: hits:84950550 misses:2356083  Hit Ratio: 97.30%
DCACHE: size: 16 KB assoc: 4
DCACHE: hits:88691315 misses:2560685 writebacks:795910  Hit Ratio: 97.19%
SCACHE: size: 512 KB assoc: 2
SCACHE: hits:3657725 misses:1259042  Hit Ratio: 74.39%
3CACHE: size: 4096 KB assoc: 2
3CACHE: hits:1060576 misses:198466  Hit Ratio: 84.24%
3CACHE: dirty items replaced:43534
ITLB: size: 48, misses 174119, miss rate 0.20%
DTLB: size: 128, misses 287524, miss rate 0.32%
Avg mem delay: 3.192 cycles
----------------------------------------
==== Global Resource Utilization ====
STASH: size: 65536 entries, full 1739530067, empty 58114663, misses 5961856, full rate 96.45
icache bank util. 0.215 0.188 0.141 0.103 0.117 0.169 0.103 0.161 
dcache bank util. 0.121 0.118 0.131 0.133 0.149 0.138 0.145 0.119 
L2 bank util. 0.046 0.046 0.046 0.045 0.045 0.042 0.047 0.050 
L1-L2 bus util. = 0.196, L3 util. = 0.082
----------------------------------------
branch prediction, hits = 81190860, misses = 12475320, hit rate = 86.68%
return_stack prediction, hits = 6006309, misses = 3518, hit rate = 99.94%
jump prediction, hits = 83742924, misses = 13763662, hit rate = 85.88%
 push_block gen_push_operand emit_push_insn
**** Debug Statistics at 401000000 Cycles *****
Threads: 4		Fetch Width: 8
No of useful instructions fetched:	1372738397 (42.79% proc util.)
No of total instructions fetched:	1750984034 (54.58% proc util.)
 includes 60693092 misfetch (3.5%), 317552545 (18.1%) wrong-path fetches
 and 0 flushed after failed lock(0.0%)
No of useful instructions issued/executed:	1372738353 (42.79% proc util.)
No of total instructions issued/executed:	1514482865 (47.21% proc util.)
 includes 141744512 wrong-path (9.4%) insts and 0 flushed (0.0%)
	fp 27176, 0.00%
	synch 0, 0.00%
	integer 1123983115, 74.22%
	load/store 390472574, 25.78%
Avg size of int IQ (before scheduling): 26.43
Avg size of fp IQ (before scheduling): 0.00
No of cycles taken:		401000000
Parallelism [ 0.736, 1.014, 0.963, 0.710,] = 3.423
 IQ conflicts: 1135871 (0.28%), FQ conflicts: 0 (0.00%) 
 I reg conflicts: 142766917 (35.60%), FP reg conflicts: 0 (0.00%)
  Activelist confs: 508 (0.00%), ROB confs: 290953 (0.07%)
  Int unit conflicts: 686661542 (171.24%), FP unit conflicts: 3 (0.00%)
  Load/store unit conflicts: 47344205 (11.81%)
  MSHR conflicts: 38020860 (9.48%)
----------------------------------------
==== System-wide Cache Statistics ====
Stall for miss queue full 0 cycles (0.00%)
----------------------------------------
==== Statistics for Master ID: 0 ====
Reads: 214402740   Writes: 36631616
ICACHE: size: 64 KB assoc: 2
ICACHE: hits:121100366 misses:2998548  Hit Ratio: 97.58%
DCACHE: size: 16 KB assoc: 4
DCACHE: hits:124093100 misses:2842342 writebacks:1144840  Hit Ratio: 97.76%
SCACHE: size: 512 KB assoc: 2
SCACHE: hits:4299777 misses:1541112  Hit Ratio: 73.62%
3CACHE: size: 4096 KB assoc: 2
3CACHE: hits:1234346 misses:306766  Hit Ratio: 80.09%
3CACHE: dirty items replaced:77238
ITLB: size: 48, misses 256780, miss rate 0.21%
DTLB: size: 128, misses 393518, miss rate 0.31%
Avg mem delay: 2.715 cycles
----------------------------------------
==== Statistics for Master ID: 1 ====
Reads: 151795644   Writes: 347
ICACHE: size: 64 KB assoc: 2
ICACHE: hits:127517399 misses:5670  Hit Ratio: 100.00%
DCACHE: size: 16 KB assoc: 4
DCACHE: hits:18922838 misses:5350084 writebacks:316  Hit Ratio: 77.96%
SCACHE: size: 512 KB assoc: 2
SCACHE: hits:5092367 misses:263387  Hit Ratio: 95.08%
3CACHE: size: 4096 KB assoc: 2
3CACHE: hits:215350 misses:48037  Hit Ratio: 81.76%
3CACHE: dirty items replaced:11303
ITLB: size: 48, misses 4, miss rate 0.00%
DTLB: size: 128, misses 41170, miss rate 0.17%
Avg mem delay: 2.715 cycles
----------------------------------------
==== Statistics for Master ID: 2 ====
Reads: 204750731   Writes: 32832457
ICACHE: size: 64 KB assoc: 2
ICACHE: hits:127996111 misses:55941  Hit Ratio: 99.96%
DCACHE: size: 16 KB assoc: 4
DCACHE: hits:105060232 misses:4470904 writebacks:2062074  Hit Ratio: 95.92%
SCACHE: size: 512 KB assoc: 2
SCACHE: hits:2052466 misses:2474378  Hit Ratio: 45.34%
3CACHE: size: 4096 KB assoc: 2
3CACHE: hits:449634 misses:2024744  Hit Ratio: 18.17%
3CACHE: dirty items replaced:201467
ITLB: size: 48, misses 1307, miss rate 0.00%
DTLB: size: 128, misses 281400, miss rate 0.26%
Avg mem delay: 2.715 cycles
----------------------------------------
==== Statistics for Master ID: 3 ====
Reads: 217249764   Writes: 36990563
ICACHE: size: 64 KB assoc: 2
ICACHE: hits:121921088 misses:3262392  Hit Ratio: 97.39%
DCACHE: size: 16 KB assoc: 4
DCACHE: hits:125799846 misses:3257001 writebacks:1075709  Hit Ratio: 97.48%
SCACHE: size: 512 KB assoc: 2
SCACHE: hits:4841523 misses:1677870  Hit Ratio: 74.26%
3CACHE: size: 4096 KB assoc: 2
3CACHE: hits:1422622 misses:255248  Hit Ratio: 84.79%
3CACHE: dirty items replaced:69834
ITLB: size: 48, misses 257481, miss rate 0.21%
DTLB: size: 128, misses 402661, miss rate 0.31%
Avg mem delay: 2.715 cycles
----------------------------------------
==== Global Resource Utilization ====
STASH: size: 65536 entries, full 2317267486, empty 71562123, misses 7129863, full rate 96.72
icache bank util. 0.236 0.206 0.154 0.114 0.130 0.173 0.116 0.178 
dcache bank util. 0.129 0.126 0.139 0.138 0.159 0.147 0.159 0.127 
L2 bank util. 0.046 0.047 0.046 0.046 0.045 0.043 0.047 0.049 
L1-L2 bus util. = 0.198, L3 util. = 0.066
----------------------------------------
branch prediction, hits = 113945984, misses = 17843454, hit rate = 86.46%
return_stack prediction, hits = 8610277, misses = 4942, hit rate = 99.94%
jump prediction, hits = 118242440, misses = 19232765, hit rate = 86.01%
 dgemm_
**** Debug Statistics at 501000000 Cycles *****
Threads: 4		Fetch Width: 8
No of useful instructions fetched:	1799255463 (44.89% proc util.)
No of total instructions fetched:	2300996600 (57.41% proc util.)
 includes 77993184 misfetch (3.4%), 423747953 (18.4%) wrong-path fetches
 and 0 flushed after failed lock(0.0%)
No of useful instructions issued/executed:	1799255402 (44.89% proc util.)
No of total instructions issued/executed:	1987500659 (49.59% proc util.)
 includes 188245257 wrong-path (9.5%) insts and 0 flushed (0.0%)
	fp 32630, 0.00%
	synch 0, 0.00%
	integer 1476193360, 74.27%
	load/store 511274669, 25.72%
Avg size of int IQ (before scheduling): 27.46
Avg size of fp IQ (before scheduling): 0.00
No of cycles taken:		501000000
Parallelism [ 0.762, 1.053, 1.042, 0.733,] = 3.591
 IQ conflicts: 1588981 (0.32%), FQ conflicts: 0 (0.00%) 
 I reg conflicts: 161058326 (32.15%), FP reg conflicts: 0 (0.00%)
  Activelist confs: 837 (0.00%), ROB confs: 455169 (0.09%)
  Int unit conflicts: 957879022 (191.19%), FP unit conflicts: 3 (0.00%)
  Load/store unit conflicts: 64286721 (12.83%)
  MSHR conflicts: 49283213 (9.84%)
----------------------------------------
==== System-wide Cache Statistics ====
Stall for miss queue full 0 cycles (0.00%)
----------------------------------------
==== Statistics for Master ID: 0 ====
Reads: 280380117   Writes: 47203645
ICACHE: size: 64 KB assoc: 2
ICACHE: hits:158448493 misses:4018746  Hit Ratio: 97.53%
DCACHE: size: 16 KB assoc: 4
DCACHE: hits:161506803 misses:3609720 writebacks:1445127  Hit Ratio: 97.81%
SCACHE: size: 512 KB assoc: 2
SCACHE: hits:5706473 misses:1921993  Hit Ratio: 74.80%
3CACHE: size: 4096 KB assoc: 2
3CACHE: hits:1560648 misses:361345  Hit Ratio: 81.20%
3CACHE: dirty items replaced:110211
ITLB: size: 48, misses 338637, miss rate 0.21%
DTLB: size: 128, misses 508471, miss rate 0.31%
Avg mem delay: 2.468 cycles
----------------------------------------
==== Statistics for Master ID: 1 ====
Reads: 197877825   Writes: 454
ICACHE: size: 64 KB assoc: 2
ICACHE: hits:166372087 misses:7620  Hit Ratio: 100.00%
DCACHE: size: 16 KB assoc: 4
DCACHE: hits:24558762 misses:6939810 writebacks:422  Hit Ratio: 77.97%
SCACHE: size: 512 KB assoc: 2
SCACHE: hits:6627901 misses:319529  Hit Ratio: 95.40%
3CACHE: size: 4096 KB assoc: 2
3CACHE: hits:263516 misses:56013  Hit Ratio: 82.47%
3CACHE: dirty items replaced:14985
ITLB: size: 48, misses 4, miss rate 0.00%
DTLB: size: 128, misses 53791, miss rate 0.17%
Avg mem delay: 2.468 cycles
----------------------------------------
==== Statistics for Master ID: 2 ====
Reads: 276079799   Writes: 42947097
ICACHE: size: 64 KB assoc: 2
ICACHE: hits:172215382 misses:73236  Hit Ratio: 99.96%
DCACHE: size: 16 KB assoc: 4
DCACHE: hits:141360993 misses:5377285 writebacks:2434840  Hit Ratio: 96.34%
SCACHE: size: 512 KB assoc: 2
SCACHE: hits:2758818 misses:2691703  Hit Ratio: 50.62%
3CACHE: size: 4096 KB assoc: 2
3CACHE: hits:632616 misses:2059087  Hit Ratio: 23.50%
3CACHE: dirty items replaced:220616
ITLB: size: 48, misses 1790, miss rate 0.00%
DTLB: size: 128, misses 343019, miss rate 0.23%
Avg mem delay: 2.468 cycles
----------------------------------------
==== Statistics for Master ID: 3 ====
Reads: 281069768   Writes: 48580804
ICACHE: size: 64 KB assoc: 2
ICACHE: hits:158411382 misses:4186422  Hit Ratio: 97.43%
DCACHE: size: 16 KB assoc: 4
DCACHE: hits:162795273 misses:4257495 writebacks:1460254  Hit Ratio: 97.45%
SCACHE: size: 512 KB assoc: 2
SCACHE: hits:6313023 misses:2130894  Hit Ratio: 74.76%
3CACHE: size: 4096 KB assoc: 2
3CACHE: hits:1813271 misses:317623  Hit Ratio: 85.09%
3CACHE: dirty items replaced:100896
ITLB: size: 48, misses 339668, miss rate 0.21%
DTLB: size: 128, misses 525921, miss rate 0.31%
Avg mem delay: 2.468 cycles
----------------------------------------
==== Global Resource Utilization ====
STASH: size: 65536 entries, full 2899091082, empty 85906107, misses 8382452, full rate 96.85
icache bank util. 0.249 0.216 0.162 0.121 0.138 0.176 0.123 0.189 
dcache bank util. 0.135 0.131 0.145 0.143 0.167 0.155 0.165 0.132 
L2 bank util. 0.046 0.048 0.047 0.046 0.046 0.043 0.047 0.048 
L1-L2 bus util. = 0.202, L3 util. = 0.056
----------------------------------------
branch prediction, hits = 147001501, misses = 23336597, hit rate = 86.30%
return_stack prediction, hits = 11382601, misses = 7408, hit rate = 99.93%
jump prediction, hits = 153688789, misses = 24649221, hit rate = 86.18%
 dgemv_ emit_library_call
**** Early Exiting at 550820497 Cycles *****
========================================
 SMTSIM Global Statistics
========================================
Threads: 4		Fetch Width: 8
No of useful instructions fetched:	2000000088 (45.39% proc util.)
No of total instructions fetched:	2560523832 (58.11% proc util.)
 includes 86372119 misfetch (3.4%), 474151625 (18.5%) wrong-path fetches
 and 0 flushed after failed lock(0.0%)
No of useful instructions issued/executed:	2000000053 (45.39% proc util.)
No of total instructions issued/executed:	2211324717 (50.18% proc util.)
 includes 211324664 wrong-path (9.6%) insts and 0 flushed (0.0%)
	fp 34485, 0.00%
	synch 0, 0.00%
	integer 1643095039, 74.30%
	load/store 568195193, 25.69%
Avg size of int IQ (before scheduling): 27.79
Avg size of fp IQ (before scheduling): 0.00
No of cycles taken:		550820497
Parallelism [ 0.767, 1.063, 1.064, 0.737,] = 3.631
 IQ conflicts: 1834156 (0.33%), FQ conflicts: 0 (0.00%) 
 I reg conflicts: 172331436 (31.29%), FP reg conflicts: 0 (0.00%)
  Activelist confs: 854 (0.00%), ROB confs: 506943 (0.09%)
  Int unit conflicts: 1072826047 (194.77%), FP unit conflicts: 3 (0.00%)
  Load/store unit conflicts: 71789361 (13.03%)
  MSHR conflicts: 53332479 (9.68%)
----------------------------------------
==== System-wide Cache Statistics ====
Stall for miss queue full 0 cycles (0.00%)
----------------------------------------
==== Statistics for Master ID: 0 ====
Reads: 311285733   Writes: 52491748
ICACHE: size: 64 KB assoc: 2
ICACHE: hits:176269157 misses:4371697  Hit Ratio: 97.58%
DCACHE: size: 16 KB assoc: 4
DCACHE: hits:179043792 misses:4092835 writebacks:1590789  Hit Ratio: 97.77%
SCACHE: size: 512 KB assoc: 2
SCACHE: hits:6306678 misses:2157853  Hit Ratio: 74.51%
3CACHE: size: 4096 KB assoc: 2
3CACHE: hits:1752087 misses:405766  Hit Ratio: 81.20%
3CACHE: dirty items replaced:135632
ITLB: size: 48, misses 363992, miss rate 0.20%
DTLB: size: 128, misses 573966, miss rate 0.31%
Avg mem delay: 2.408 cycles
----------------------------------------
==== Statistics for Master ID: 1 ====
Reads: 219752878   Writes: 500
ICACHE: size: 64 KB assoc: 2
ICACHE: hits:184789077 misses:7963  Hit Ratio: 100.00%
DCACHE: size: 16 KB assoc: 4
DCACHE: hits:27254514 misses:7701824 writebacks:466  Hit Ratio: 77.97%
SCACHE: size: 512 KB assoc: 2
SCACHE: hits:7349975 misses:359812  Hit Ratio: 95.33%
3CACHE: size: 4096 KB assoc: 2
3CACHE: hits:295240 misses:64572  Hit Ratio: 82.05%
3CACHE: dirty items replaced:19680
ITLB: size: 48, misses 4, miss rate 0.00%
DTLB: size: 128, misses 60666, miss rate 0.17%
Avg mem delay: 2.408 cycles
----------------------------------------
==== Statistics for Master ID: 2 ====
Reads: 309286250   Writes: 47481936
ICACHE: size: 64 KB assoc: 2
ICACHE: hits:192835630 misses:87594  Hit Ratio: 99.95%
DCACHE: size: 16 KB assoc: 4
DCACHE: hits:158013576 misses:5831386 writebacks:2621605  Hit Ratio: 96.44%
SCACHE: size: 512 KB assoc: 2
SCACHE: hits:3120717 misses:2798263  Hit Ratio: 52.72%
3CACHE: size: 4096 KB assoc: 2
3CACHE: hits:713702 misses:2084561  Hit Ratio: 25.51%
3CACHE: dirty items replaced:236283
ITLB: size: 48, misses 2024, miss rate 0.00%
DTLB: size: 128, misses 379093, miss rate 0.23%
Avg mem delay: 2.408 cycles
----------------------------------------
==== Statistics for Master ID: 3 ====
Reads: 311733869   Writes: 54058154
ICACHE: size: 64 KB assoc: 2
ICACHE: hits:175828798 misses:4657041  Hit Ratio: 97.42%
DCACHE: size: 16 KB assoc: 4
DCACHE: hits:180561375 misses:4744809 writebacks:1627673  Hit Ratio: 97.44%
SCACHE: size: 512 KB assoc: 2
SCACHE: hits:7034847 misses:2367003  Hit Ratio: 74.82%
3CACHE: size: 4096 KB assoc: 2
3CACHE: hits:2010278 misses:356725  Hit Ratio: 84.93%
3CACHE: dirty items replaced:124868
ITLB: size: 48, misses 371329, miss rate 0.21%
DTLB: size: 128, misses 590948, miss rate 0.32%
Avg mem delay: 2.408 cycles
----------------------------------------
==== Global Resource Utilization ====
STASH: size: 65536 entries, full 3173401110, empty 92848466, misses 8982181, full rate 96.89
icache bank util. 0.253 0.218 0.164 0.124 0.141 0.176 0.125 0.191 
dcache bank util. 0.136 0.132 0.147 0.144 0.168 0.156 0.167 0.135 
L2 bank util. 0.047 0.048 0.047 0.047 0.046 0.044 0.047 0.048 
L1-L2 bus util. = 0.203, L3 util. = 0.053
----------------------------------------
branch prediction, hits = 162746050, misses = 25829264, hit rate = 86.30%
return_stack prediction, hits = 12716024, misses = 8789, hit rate = 99.93%
jump prediction, hits = 170644354, misses = 27259381, hit rate = 86.23%
total IPC 3.631

=== Results saved to: ./results/gcc-expr_1_randacc_1_gzip-source_1_gcc-scilab_1.txt ===
