===== 执行信息 =====
Cache目录：smtc128
执行命令：./smtsim ../seqacc.arg2 ../gzip-program.arg ../randacc.arg
执行时间：2026-04-16 16:29:16
返回码：0
===== 输出内容 =====
SMTCache
Process 0, Thread 0: seqacc
Process 0, Thread 1: seqacc
Process 2, Thread 2: gzip-program
Process 3, Thread 3: randacc

**** Debug Statistics at 1000000 Cycles *****
Threads: 4		Fetch Width: 8
No of useful instructions fetched:	2205865 (27.57% proc util.)
No of total instructions fetched:	2224855 (27.81% proc util.)
 includes 1072 misfetch (0.0%), 17918 (0.8%) wrong-path fetches
 and 0 flushed after failed lock(0.0%)
No of useful instructions issued/executed:	2205815 (27.57% proc util.)
No of total instructions issued/executed:	2209303 (27.62% proc util.)
 includes 3488 wrong-path (0.2%) insts and 0 flushed (0.0%)
	fp 24, 0.00%
	synch 0, 0.00%
	integer 2021330, 91.49%
	load/store 187949, 8.51%
Avg size of int IQ (before scheduling): 33.94
Avg size of fp IQ (before scheduling): 0.00
No of cycles taken:		1000000
Parallelism [ 1.033, 0.000, 0.154, 1.020,] = 2.206
 IQ conflicts: 581 (0.06%), FQ conflicts: 0 (0.00%) 
 I reg conflicts: 690033 (69.00%), FP reg conflicts: 0 (0.00%)
  Activelist confs: 0 (0.00%), ROB confs: 0 (0.00%)
  Int unit conflicts: 34161 (3.42%), FP unit conflicts: 0 (0.00%)
  Load/store unit conflicts: 259 (0.03%)
  MSHR conflicts: 9073 (0.91%)
----------------------------------------
==== System-wide Cache Statistics ====
Stall for miss queue full 0 cycles (0.00%)
----------------------------------------
==== Statistics for Master ID: 0 ====
Reads: 313777   Writes: 5127
ICACHE: size: 64 KB assoc: 2
ICACHE: hits:265510 misses:10  Hit Ratio: 100.00%
DCACHE: size: 32 KB assoc: 8
DCACHE: hits:53057 misses:327 writebacks:0  Hit Ratio: 99.39%
SCACHE: size: 512 KB assoc: 2
SCACHE: hits:0 misses:337  Hit Ratio: 0.00%
3CACHE: size: 4096 KB assoc: 2
3CACHE: hits:0 misses:337  Hit Ratio: 0.00%
3CACHE: dirty items replaced:0
ITLB: size: 48, misses 1, miss rate 0.00%
DTLB: size: 128, misses 29, miss rate 0.05%
Avg mem delay: 56.074 cycles
----------------------------------------
==== Statistics for Master ID: 2 ====
Reads: 114905   Writes: 24954
ICACHE: size: 64 KB assoc: 2
ICACHE: hits:65928 misses:194  Hit Ratio: 99.71%
DCACHE: size: 32 KB assoc: 8
DCACHE: hits:49526 misses:24211 writebacks:24043  Hit Ratio: 67.17%
SCACHE: size: 512 KB assoc: 2
SCACHE: hits:1 misses:24403  Hit Ratio: 0.00%
3CACHE: size: 4096 KB assoc: 2
3CACHE: hits:0 misses:24403  Hit Ratio: 0.00%
3CACHE: dirty items replaced:0
ITLB: size: 48, misses 18, miss rate 0.03%
DTLB: size: 128, misses 6035, miss rate 8.18%
Avg mem delay: 56.074 cycles
----------------------------------------
==== Statistics for Master ID: 3 ====
Reads: 325352   Writes: 33
ICACHE: size: 64 KB assoc: 2
ICACHE: hits:264536 misses:23  Hit Ratio: 99.99%
DCACHE: size: 32 KB assoc: 8
DCACHE: hits:59894 misses:932 writebacks:21  Hit Ratio: 98.47%
SCACHE: size: 512 KB assoc: 2
SCACHE: hits:219 misses:736  Hit Ratio: 22.93%
3CACHE: size: 4096 KB assoc: 2
3CACHE: hits:0 misses:736  Hit Ratio: 0.00%
3CACHE: dirty items replaced:0
ITLB: size: 48, misses 4, miss rate 0.00%
DTLB: size: 128, misses 110, miss rate 0.18%
Avg mem delay: 56.074 cycles
----------------------------------------
==== Global Resource Utilization ====
STASH: size: 65536 entries, full 2235077, empty 2451, misses 219, full rate 99.88
icache bank util. 0.205 0.122 0.039 0.000 0.000 0.014 0.056 0.160 
dcache bank util. 0.009 0.009 0.033 0.008 0.008 0.039 0.222 0.009 
L2 bank util. 0.002 0.002 0.002 0.002 0.002 0.002 0.290 0.002 
L1-L2 bus util. = 0.149, L3 util. = 0.255
----------------------------------------
branch prediction, hits = 125344, misses = 1114, hit rate = 99.12%
return_stack prediction, hits = 87, misses = 9, hit rate = 90.62%
jump prediction, hits = 175885, misses = 266, hit rate = 99.85%

**** Debug Statistics at 101000000 Cycles *****
Threads: 4		Fetch Width: 8
No of useful instructions fetched:	212941111 (26.35% proc util.)
No of total instructions fetched:	213996666 (26.48% proc util.)
 includes 1371 misfetch (0.0%), 1054184 (0.5%) wrong-path fetches
 and 0 flushed after failed lock(0.0%)
No of useful instructions issued/executed:	212941083 (26.35% proc util.)
No of total instructions issued/executed:	213098676 (26.37% proc util.)
 includes 157593 wrong-path (0.1%) insts and 0 flushed (0.0%)
	fp 38, 0.00%
	synch 0, 0.00%
	integer 192572174, 90.37%
	load/store 20526464, 9.63%
Avg size of int IQ (before scheduling): 22.80
Avg size of fp IQ (before scheduling): 0.00
No of cycles taken:		101000000
Parallelism [ 0.878, 0.000, 0.349, 0.881,] = 2.108
 IQ conflicts: 18874 (0.02%), FQ conflicts: 0 (0.00%) 
 I reg conflicts: 71680581 (70.97%), FP reg conflicts: 0 (0.00%)
  Activelist confs: 0 (0.00%), ROB confs: 0 (0.00%)
  Int unit conflicts: 5374708 (5.32%), FP unit conflicts: 0 (0.00%)
  Load/store unit conflicts: 468 (0.00%)
  MSHR conflicts: 399665 (0.40%)
----------------------------------------
==== System-wide Cache Statistics ====
Stall for miss queue full 0 cycles (0.00%)
----------------------------------------
==== Statistics for Master ID: 0 ====
Reads: 27430389   Writes: 5127
ICACHE: size: 64 KB assoc: 2
ICACHE: hits:22837982 misses:10  Hit Ratio: 100.00%
DCACHE: size: 32 KB assoc: 8
DCACHE: hits:4597197 misses:327 writebacks:0  Hit Ratio: 99.99%
SCACHE: size: 512 KB assoc: 2
SCACHE: hits:0 misses:337  Hit Ratio: 0.00%
3CACHE: size: 4096 KB assoc: 2
3CACHE: hits:0 misses:337  Hit Ratio: 0.00%
3CACHE: dirty items replaced:0
ITLB: size: 48, misses 1, miss rate 0.00%
DTLB: size: 128, misses 82, miss rate 0.00%
Avg mem delay: 14.602 cycles
----------------------------------------
==== Statistics for Master ID: 2 ====
Reads: 17610567   Writes: 5219651
ICACHE: size: 64 KB assoc: 2
ICACHE: hits:12205885 misses:246  Hit Ratio: 100.00%
DCACHE: size: 32 KB assoc: 8
DCACHE: hits:9181081 misses:1443006 writebacks:1296894  Hit Ratio: 86.42%
SCACHE: size: 512 KB assoc: 2
SCACHE: hits:1 misses:1443250  Hit Ratio: 0.00%
3CACHE: size: 4096 KB assoc: 2
3CACHE: hits:0 misses:1443250  Hit Ratio: 0.00%
3CACHE: dirty items replaced:0
ITLB: size: 48, misses 19, miss rate 0.00%
DTLB: size: 128, misses 65819, miss rate 0.62%
Avg mem delay: 14.602 cycles
----------------------------------------
==== Statistics for Master ID: 3 ====
Reads: 27984677   Writes: 33
ICACHE: size: 64 KB assoc: 2
ICACHE: hits:22679836 misses:23  Hit Ratio: 100.00%
DCACHE: size: 32 KB assoc: 8
DCACHE: hits:5267062 misses:37789 writebacks:492  Hit Ratio: 99.29%
SCACHE: size: 512 KB assoc: 2
SCACHE: hits:10643 misses:27169  Hit Ratio: 28.15%
3CACHE: size: 4096 KB assoc: 2
3CACHE: hits:20435 misses:6734  Hit Ratio: 75.21%
3CACHE: dirty items replaced:0
ITLB: size: 48, misses 4, miss rate 0.00%
DTLB: size: 128, misses 734, miss rate 0.01%
Avg mem delay: 14.602 cycles
----------------------------------------
==== Global Resource Utilization ====
STASH: size: 65536 entries, full 215381226, empty 2943, misses 260, full rate 100.00
icache bank util. 0.169 0.109 0.035 0.000 0.000 0.074 0.041 0.144 
dcache bank util. 0.028 0.028 0.030 0.028 0.027 0.054 0.053 0.038 
L2 bank util. 0.019 0.019 0.019 0.018 0.018 0.018 0.026 0.034 
L1-L2 bus util. = 0.083, L3 util. = 0.144
----------------------------------------
branch prediction, hits = 15474321, misses = 83025, hit rate = 99.47%
return_stack prediction, hits = 224, misses = 10, hit rate = 95.73%
jump prediction, hits = 20054799, misses = 336, hit rate = 100.00%

**** Debug Statistics at 201000000 Cycles *****
Threads: 4		Fetch Width: 8
No of useful instructions fetched:	595353262 (37.02% proc util.)
No of total instructions fetched:	623964555 (38.80% proc util.)
 includes 3719 misfetch (0.0%), 28607574 (4.6%) wrong-path fetches
 and 0 flushed after failed lock(0.0%)
No of useful instructions issued/executed:	595353217 (37.02% proc util.)
No of total instructions issued/executed:	605550403 (37.66% proc util.)
 includes 10197186 wrong-path (1.7%) insts and 0 flushed (0.0%)
	fp 38, 0.00%
	synch 0, 0.00%
	integer 534303308, 88.23%
	load/store 71247057, 11.77%
Avg size of int IQ (before scheduling): 26.81
Avg size of fp IQ (before scheduling): 0.00
No of cycles taken:		201000000
Parallelism [ 1.087, 0.000, 0.798, 1.077,] = 2.962
 IQ conflicts: 89133 (0.04%), FQ conflicts: 0 (0.00%) 
 I reg conflicts: 114096332 (56.76%), FP reg conflicts: 0 (0.00%)
  Activelist confs: 0 (0.00%), ROB confs: 57 (0.00%)
  Int unit conflicts: 129836725 (64.60%), FP unit conflicts: 0 (0.00%)
  Load/store unit conflicts: 635368 (0.32%)
  MSHR conflicts: 1537618 (0.76%)
----------------------------------------
==== System-wide Cache Statistics ====
Stall for miss queue full 0 cycles (0.00%)
----------------------------------------
==== Statistics for Master ID: 0 ====
Reads: 70965150   Writes: 5127
ICACHE: size: 64 KB assoc: 2
ICACHE: hits:59646257 misses:10  Hit Ratio: 100.00%
DCACHE: size: 32 KB assoc: 8
DCACHE: hits:11323682 misses:328 writebacks:0  Hit Ratio: 100.00%
SCACHE: size: 512 KB assoc: 2
SCACHE: hits:0 misses:338  Hit Ratio: 0.00%
3CACHE: size: 4096 KB assoc: 2
3CACHE: hits:0 misses:338  Hit Ratio: 0.00%
3CACHE: dirty items replaced:0
ITLB: size: 48, misses 1, miss rate 0.00%
DTLB: size: 128, misses 87, miss rate 0.00%
Avg mem delay: 5.381 cycles
----------------------------------------
==== Statistics for Master ID: 2 ====
Reads: 83347450   Writes: 15862021
ICACHE: size: 64 KB assoc: 2
ICACHE: hits:52194966 misses:515  Hit Ratio: 100.00%
DCACHE: size: 32 KB assoc: 8
DCACHE: hits:44277512 misses:2736478 writebacks:2558882  Hit Ratio: 94.18%
SCACHE: size: 512 KB assoc: 2
SCACHE: hits:604703 misses:2132290  Hit Ratio: 22.09%
3CACHE: size: 4096 KB assoc: 2
3CACHE: hits:9757 misses:2122533  Hit Ratio: 0.46%
3CACHE: dirty items replaced:0
ITLB: size: 48, misses 25, miss rate 0.00%
DTLB: size: 128, misses 90915, miss rate 0.19%
Avg mem delay: 5.381 cycles
----------------------------------------
==== Statistics for Master ID: 3 ====
Reads: 72376345   Writes: 35
ICACHE: size: 64 KB assoc: 2
ICACHE: hits:59467304 misses:24  Hit Ratio: 100.00%
DCACHE: size: 32 KB assoc: 8
DCACHE: hits:12817507 misses:91545 writebacks:1185  Hit Ratio: 99.29%
SCACHE: size: 512 KB assoc: 2
SCACHE: hits:48129 misses:43440  Hit Ratio: 52.56%
3CACHE: size: 4096 KB assoc: 2
3CACHE: hits:32692 misses:10748  Hit Ratio: 75.26%
3CACHE: dirty items replaced:0
ITLB: size: 48, misses 4, miss rate 0.00%
DTLB: size: 128, misses 868, miss rate 0.01%
Avg mem delay: 5.381 cycles
----------------------------------------
==== Global Resource Utilization ====
STASH: size: 65536 entries, full 643247125, empty 6747, misses 528, full rate 100.00
icache bank util. 0.235 0.152 0.056 0.017 0.028 0.100 0.072 0.192 
dcache bank util. 0.038 0.045 0.050 0.043 0.058 0.068 0.086 0.047 
L2 bank util. 0.017 0.017 0.018 0.018 0.017 0.017 0.021 0.026 
L1-L2 bus util. = 0.080, L3 util. = 0.106
----------------------------------------
branch prediction, hits = 39145625, misses = 1285414, hit rate = 96.82%
return_stack prediction, hits = 741157, misses = 10, hit rate = 100.00%
jump prediction, hits = 53362071, misses = 980, hit rate = 100.00%

**** Debug Statistics at 301000000 Cycles *****
Threads: 4		Fetch Width: 8
No of useful instructions fetched:	1105256255 (45.90% proc util.)
No of total instructions fetched:	1171594511 (48.65% proc util.)
 includes 5863 misfetch (0.0%), 66332393 (5.7%) wrong-path fetches
 and 0 flushed after failed lock(0.0%)
No of useful instructions issued/executed:	1105256230 (45.90% proc util.)
No of total instructions issued/executed:	1128890706 (46.88% proc util.)
 includes 23634476 wrong-path (2.1%) insts and 0 flushed (0.0%)
	fp 38, 0.00%
	synch 0, 0.00%
	integer 986894220, 87.42%
	load/store 141996448, 12.58%
Avg size of int IQ (before scheduling): 30.74
Avg size of fp IQ (before scheduling): 0.00
No of cycles taken:		301000000
Parallelism [ 1.263, 0.000, 1.166, 1.243,] = 3.672
 IQ conflicts: 216728 (0.07%), FQ conflicts: 0 (0.00%) 
 I reg conflicts: 136421858 (45.32%), FP reg conflicts: 0 (0.00%)
  Activelist confs: 0 (0.00%), ROB confs: 57 (0.00%)
  Int unit conflicts: 340903668 (113.26%), FP unit conflicts: 0 (0.00%)
  Load/store unit conflicts: 1657409 (0.55%)
  MSHR conflicts: 1851442 (0.62%)
----------------------------------------
==== System-wide Cache Statistics ====
Stall for miss queue full 0 cycles (0.00%)
----------------------------------------
==== Statistics for Master ID: 0 ====
Reads: 126658574   Writes: 5127
ICACHE: size: 64 KB assoc: 2
ICACHE: hits:106944326 misses:10  Hit Ratio: 100.00%
DCACHE: size: 32 KB assoc: 8
DCACHE: hits:19719037 misses:328 writebacks:0  Hit Ratio: 100.00%
SCACHE: size: 512 KB assoc: 2
SCACHE: hits:0 misses:338  Hit Ratio: 0.00%
3CACHE: size: 4096 KB assoc: 2
3CACHE: hits:0 misses:338  Hit Ratio: 0.00%
3CACHE: dirty items replaced:0
ITLB: size: 48, misses 1, miss rate 0.00%
DTLB: size: 128, misses 91, miss rate 0.00%
Avg mem delay: 2.843 cycles
----------------------------------------
==== Statistics for Master ID: 2 ====
Reads: 180364981   Writes: 29864983
ICACHE: size: 64 KB assoc: 2
ICACHE: hits:110249846 misses:518  Hit Ratio: 100.00%
DCACHE: size: 32 KB assoc: 8
DCACHE: hits:96315769 misses:3663831 writebacks:3486235  Hit Ratio: 96.34%
SCACHE: size: 512 KB assoc: 2
SCACHE: hits:1492605 misses:2171744  Hit Ratio: 40.73%
3CACHE: size: 4096 KB assoc: 2
3CACHE: hits:24929 misses:2146815  Hit Ratio: 1.15%
3CACHE: dirty items replaced:0
ITLB: size: 48, misses 25, miss rate 0.00%
DTLB: size: 128, misses 91349, miss rate 0.09%
Avg mem delay: 2.843 cycles
----------------------------------------
==== Statistics for Master ID: 3 ====
Reads: 129264407   Writes: 35
ICACHE: size: 64 KB assoc: 2
ICACHE: hits:106966942 misses:24  Hit Ratio: 100.00%
DCACHE: size: 32 KB assoc: 8
DCACHE: hits:22139920 misses:157556 writebacks:2051  Hit Ratio: 99.29%
SCACHE: size: 512 KB assoc: 2
SCACHE: hits:107445 misses:50135  Hit Ratio: 68.18%
3CACHE: size: 4096 KB assoc: 2
3CACHE: hits:39368 misses:10767  Hit Ratio: 78.52%
3CACHE: dirty items replaced:0
ITLB: size: 48, misses 4, miss rate 0.00%
DTLB: size: 128, misses 868, miss rate 0.00%
Avg mem delay: 2.843 cycles
----------------------------------------
==== Global Resource Utilization ====
STASH: size: 65536 entries, full 1219505175, empty 6790, misses 530, full rate 100.00
icache bank util. 0.291 0.188 0.073 0.030 0.050 0.109 0.098 0.237 
dcache bank util. 0.044 0.057 0.064 0.053 0.082 0.078 0.111 0.055 
L2 bank util. 0.015 0.015 0.015 0.015 0.014 0.015 0.017 0.022 
L1-L2 bus util. = 0.073, L3 util. = 0.072
----------------------------------------
branch prediction, hits = 68816404, misses = 2929970, hit rate = 95.92%
return_stack prediction, hits = 1994313, misses = 10, hit rate = 100.00%
jump prediction, hits = 96029486, misses = 1712, hit rate = 100.00%

**** Debug Statistics at 401000000 Cycles *****
Threads: 4		Fetch Width: 8
No of useful instructions fetched:	1611173728 (50.22% proc util.)
No of total instructions fetched:	1717810048 (53.55% proc util.)
 includes 8166 misfetch (0.0%), 106628154 (6.2%) wrong-path fetches
 and 0 flushed after failed lock(0.0%)
No of useful instructions issued/executed:	1611173689 (50.22% proc util.)
No of total instructions issued/executed:	1649967310 (51.43% proc util.)
 includes 38793621 wrong-path (2.4%) insts and 0 flushed (0.0%)
	fp 38, 0.00%
	synch 0, 0.00%
	integer 1437349888, 87.11%
	load/store 212617384, 12.89%
Avg size of int IQ (before scheduling): 32.66
Avg size of fp IQ (before scheduling): 0.00
No of cycles taken:		401000000
Parallelism [ 1.351, 0.000, 1.342, 1.325,] = 4.018
 IQ conflicts: 343777 (0.09%), FQ conflicts: 0 (0.00%) 
 I reg conflicts: 158797906 (39.60%), FP reg conflicts: 0 (0.00%)
  Activelist confs: 0 (0.00%), ROB confs: 57 (0.00%)
  Int unit conflicts: 548133889 (136.69%), FP unit conflicts: 0 (0.00%)
  Load/store unit conflicts: 2674969 (0.67%)
  MSHR conflicts: 2115594 (0.53%)
----------------------------------------
==== System-wide Cache Statistics ====
Stall for miss queue full 0 cycles (0.00%)
----------------------------------------
==== Statistics for Master ID: 0 ====
Reads: 182289756   Writes: 5127
ICACHE: size: 64 KB assoc: 2
ICACHE: hits:154193982 misses:10  Hit Ratio: 100.00%
DCACHE: size: 32 KB assoc: 8
DCACHE: hits:28100563 misses:328 writebacks:0  Hit Ratio: 100.00%
SCACHE: size: 512 KB assoc: 2
SCACHE: hits:0 misses:338  Hit Ratio: 0.00%
3CACHE: size: 4096 KB assoc: 2
3CACHE: hits:0 misses:338  Hit Ratio: 0.00%
3CACHE: dirty items replaced:0
ITLB: size: 48, misses 1, miss rate 0.00%
DTLB: size: 128, misses 92, miss rate 0.00%
Avg mem delay: 2.057 cycles
----------------------------------------
==== Statistics for Master ID: 2 ====
Reads: 277248278   Writes: 43888940
ICACHE: size: 64 KB assoc: 2
ICACHE: hits:168290882 misses:518  Hit Ratio: 100.00%
DCACHE: size: 32 KB assoc: 8
DCACHE: hits:148123126 misses:4722692 writebacks:4545096  Hit Ratio: 96.91%
SCACHE: size: 512 KB assoc: 2
SCACHE: hits:2512970 misses:2210239  Hit Ratio: 53.20%
3CACHE: size: 4096 KB assoc: 2
3CACHE: hits:38692 misses:2171547  Hit Ratio: 1.75%
3CACHE: dirty items replaced:76
ITLB: size: 48, misses 25, miss rate 0.00%
DTLB: size: 128, misses 91756, miss rate 0.06%
Avg mem delay: 2.057 cycles
----------------------------------------
==== Statistics for Master ID: 3 ====
Reads: 186072638   Writes: 35
ICACHE: size: 64 KB assoc: 2
ICACHE: hits:154401982 misses:24  Hit Ratio: 100.00%
DCACHE: size: 32 KB assoc: 8
DCACHE: hits:31447695 misses:222972 writebacks:2897  Hit Ratio: 99.30%
SCACHE: size: 512 KB assoc: 2
SCACHE: hits:166061 misses:56935  Hit Ratio: 74.47%
3CACHE: size: 4096 KB assoc: 2
3CACHE: hits:45554 misses:11381  Hit Ratio: 80.01%
3CACHE: dirty items replaced:122
ITLB: size: 48, misses 4, miss rate 0.00%
DTLB: size: 128, misses 868, miss rate 0.00%
Avg mem delay: 2.057 cycles
----------------------------------------
==== Global Resource Utilization ====
STASH: size: 65536 entries, full 1795049015, empty 6805, misses 532, full rate 100.00
icache bank util. 0.319 0.206 0.082 0.037 0.061 0.113 0.111 0.260 
dcache bank util. 0.048 0.063 0.072 0.059 0.093 0.083 0.124 0.059 
L2 bank util. 0.014 0.014 0.014 0.014 0.014 0.014 0.016 0.020 
L1-L2 bus util. = 0.071, L3 util. = 0.054
----------------------------------------
branch prediction, hits = 97909827, misses = 4644922, hit rate = 95.47%
return_stack prediction, hits = 3234683, misses = 10, hit rate = 100.00%
jump prediction, hits = 138162382, misses = 2442, hit rate = 100.00%

**** Early Exiting at 478064257 Cycles *****
========================================
 SMTSIM Global Statistics
========================================
Threads: 4		Fetch Width: 8
No of useful instructions fetched:	2000000084 (52.29% proc util.)
No of total instructions fetched:	2140737632 (55.97% proc util.)
 includes 10155 misfetch (0.0%), 140727393 (6.6%) wrong-path fetches
 and 0 flushed after failed lock(0.0%)
No of useful instructions issued/executed:	2000000033 (52.29% proc util.)
No of total instructions issued/executed:	2051775235 (53.65% proc util.)
 includes 51775202 wrong-path (2.5%) insts and 0 flushed (0.0%)
	fp 38, 0.00%
	synch 0, 0.00%
	integer 1784272820, 86.96%
	load/store 267502377, 13.04%
Avg size of int IQ (before scheduling): 33.57
Avg size of fp IQ (before scheduling): 0.00
No of cycles taken:		478064257
Parallelism [ 1.394, 0.000, 1.424, 1.365,] = 4.184
 IQ conflicts: 435839 (0.09%), FQ conflicts: 0 (0.00%) 
 I reg conflicts: 175672868 (36.75%), FP reg conflicts: 0 (0.00%)
  Activelist confs: 0 (0.00%), ROB confs: 57 (0.00%)
  Int unit conflicts: 709419150 (148.39%), FP unit conflicts: 0 (0.00%)
  Load/store unit conflicts: 3527558 (0.74%)
  MSHR conflicts: 2290767 (0.48%)
----------------------------------------
==== System-wide Cache Statistics ====
Stall for miss queue full 0 cycles (0.00%)
----------------------------------------
==== Statistics for Master ID: 0 ====
Reads: 225301522   Writes: 5127
ICACHE: size: 64 KB assoc: 2
ICACHE: hits:190742667 misses:10  Hit Ratio: 100.00%
DCACHE: size: 32 KB assoc: 8
DCACHE: hits:34563644 misses:328 writebacks:0  Hit Ratio: 100.00%
SCACHE: size: 512 KB assoc: 2
SCACHE: hits:0 misses:338  Hit Ratio: 0.00%
3CACHE: size: 4096 KB assoc: 2
3CACHE: hits:0 misses:338  Hit Ratio: 0.00%
3CACHE: dirty items replaced:0
ITLB: size: 48, misses 1, miss rate 0.00%
DTLB: size: 128, misses 92, miss rate 0.00%
Avg mem delay: 1.743 cycles
----------------------------------------
==== Statistics for Master ID: 2 ====
Reads: 352755640   Writes: 54828293
ICACHE: size: 64 KB assoc: 2
ICACHE: hits:213547835 misses:518  Hit Ratio: 100.00%
DCACHE: size: 32 KB assoc: 8
DCACHE: hits:188426695 misses:5608885 writebacks:5431289  Hit Ratio: 97.11%
SCACHE: size: 512 KB assoc: 2
SCACHE: hits:3371010 misses:2238393  Hit Ratio: 60.10%
3CACHE: size: 4096 KB assoc: 2
3CACHE: hits:48915 misses:2189478  Hit Ratio: 2.19%
3CACHE: dirty items replaced:77
ITLB: size: 48, misses 25, miss rate 0.00%
DTLB: size: 128, misses 92054, miss rate 0.05%
Avg mem delay: 1.743 cycles
----------------------------------------
==== Statistics for Master ID: 3 ====
Reads: 230016998   Writes: 36
ICACHE: size: 64 KB assoc: 2
ICACHE: hits:191114195 misses:24  Hit Ratio: 100.00%
DCACHE: size: 32 KB assoc: 8
DCACHE: hits:38628517 misses:274298 writebacks:3537  Hit Ratio: 99.29%
SCACHE: size: 512 KB assoc: 2
SCACHE: hits:212364 misses:61958  Hit Ratio: 77.41%
3CACHE: size: 4096 KB assoc: 2
3CACHE: hits:50566 misses:11392  Hit Ratio: 81.61%
3CACHE: dirty items replaced:123
ITLB: size: 48, misses 4, miss rate 0.00%
DTLB: size: 128, misses 869, miss rate 0.00%
Avg mem delay: 1.743 cycles
----------------------------------------
==== Global Resource Utilization ====
STASH: size: 65536 entries, full 2241315675, empty 6807, misses 532, full rate 100.00
icache bank util. 0.333 0.215 0.086 0.041 0.067 0.116 0.118 0.271 
dcache bank util. 0.050 0.067 0.076 0.061 0.099 0.086 0.131 0.061 
L2 bank util. 0.014 0.013 0.014 0.014 0.013 0.013 0.015 0.019 
L1-L2 bus util. = 0.071, L3 util. = 0.046
----------------------------------------
branch prediction, hits = 120260124, misses = 6085771, hit rate = 95.18%
return_stack prediction, hits = 4238808, misses = 10, hit rate = 100.00%
jump prediction, hits = 170846821, misses = 3039, hit rate = 100.00%
total IPC 4.184

=== Results saved to: ./results/seqacc_2_gzip-program_1_randacc_1.txt ===
