===== 执行信息 =====
Cache目录：smtc128
执行命令：./smtsim ../recurseq.arg2 ../gcc-scilab.arg ../seqacc.arg
执行时间：2026-04-16 16:28:10
返回码：0
===== 输出内容 =====
SMTCache
Process 0, Thread 0: recurseq
Process 0, Thread 1: recurseq
Process 2, Thread 2: gcc-scilab
Process 3, Thread 3: seqacc

**** Debug Statistics at 1000000 Cycles *****
Threads: 4		Fetch Width: 8
No of useful instructions fetched:	2664017 (33.30% proc util.)
No of total instructions fetched:	3439464 (42.99% proc util.)
 includes 17337 misfetch (0.5%), 758110 (22.0%) wrong-path fetches
 and 0 flushed after failed lock(0.0%)
No of useful instructions issued/executed:	2663993 (33.30% proc util.)
No of total instructions issued/executed:	3056936 (38.21% proc util.)
 includes 392943 wrong-path (12.9%) insts and 0 flushed (0.0%)
	fp 83, 0.00%
	synch 0, 0.00%
	integer 2397298, 78.42%
	load/store 659555, 21.58%
Avg size of int IQ (before scheduling): 17.27
Avg size of fp IQ (before scheduling): 0.00
No of cycles taken:		1000000
Parallelism [ 0.943, 0.000, 0.770, 0.952,] = 2.664
 IQ conflicts: 4641 (0.46%), FQ conflicts: 0 (0.00%) 
 I reg conflicts: 493273 (49.33%), FP reg conflicts: 0 (0.00%)
  Activelist confs: 25 (0.00%), ROB confs: 1763 (0.18%)
  Int unit conflicts: 1798283 (179.83%), FP unit conflicts: 1 (0.00%)
  Load/store unit conflicts: 59095 (5.91%)
  MSHR conflicts: 7585 (0.76%)
----------------------------------------
==== System-wide Cache Statistics ====
Stall for miss queue full 0 cycles (0.00%)
----------------------------------------
==== Statistics for Master ID: 0 ====
Reads: 472569   Writes: 219809
ICACHE: size: 64 KB assoc: 2
ICACHE: hits:372185 misses:26  Hit Ratio: 99.99%
DCACHE: size: 32 KB assoc: 8
DCACHE: hits:314237 misses:5930 writebacks:5408  Hit Ratio: 98.15%
SCACHE: size: 512 KB assoc: 2
SCACHE: hits:1262 misses:4694  Hit Ratio: 21.19%
3CACHE: size: 4096 KB assoc: 2
3CACHE: hits:300 misses:4394  Hit Ratio: 6.39%
3CACHE: dirty items replaced:0
ITLB: size: 48, misses 4, miss rate 0.00%
DTLB: size: 128, misses 102, miss rate 0.03%
Avg mem delay: 0.940 cycles
----------------------------------------
==== Statistics for Master ID: 2 ====
Reads: 461285   Writes: 118889
ICACHE: size: 64 KB assoc: 2
ICACHE: hits:288502 misses:1729  Hit Ratio: 99.40%
DCACHE: size: 32 KB assoc: 8
DCACHE: hits:286951 misses:2992 writebacks:2207  Hit Ratio: 98.97%
SCACHE: size: 512 KB assoc: 2
SCACHE: hits:341 misses:4380  Hit Ratio: 7.22%
3CACHE: size: 4096 KB assoc: 2
3CACHE: hits:85 misses:4295  Hit Ratio: 1.94%
3CACHE: dirty items replaced:0
ITLB: size: 48, misses 109, miss rate 0.04%
DTLB: size: 128, misses 162, miss rate 0.06%
Avg mem delay: 0.940 cycles
----------------------------------------
==== Statistics for Master ID: 3 ====
Reads: 341466   Writes: 5127
ICACHE: size: 64 KB assoc: 2
ICACHE: hits:297317 misses:12  Hit Ratio: 100.00%
DCACHE: size: 32 KB assoc: 8
DCACHE: hits:48935 misses:329 writebacks:0  Hit Ratio: 99.33%
SCACHE: size: 512 KB assoc: 2
SCACHE: hits:2 misses:339  Hit Ratio: 0.59%
3CACHE: size: 4096 KB assoc: 2
3CACHE: hits:0 misses:339  Hit Ratio: 0.00%
3CACHE: dirty items replaced:0
ITLB: size: 48, misses 1, miss rate 0.00%
DTLB: size: 128, misses 11, miss rate 0.02%
Avg mem delay: 0.940 cycles
----------------------------------------
==== Global Resource Utilization ====
STASH: size: 65536 entries, full 3596776, empty 42341, misses 4029, full rate 98.73
icache bank util. 0.223 0.233 0.062 0.042 0.029 0.054 0.102 0.219 
dcache bank util. 0.062 0.072 0.062 0.155 0.062 0.081 0.130 0.086 
L2 bank util. 0.015 0.015 0.014 0.015 0.014 0.014 0.014 0.015 
L1-L2 bus util. = 0.056, L3 util. = 0.090
----------------------------------------
branch prediction, hits = 223021, misses = 7885, hit rate = 96.59%
return_stack prediction, hits = 14170, misses = 24398, hit rate = 36.74%
jump prediction, hits = 303538, misses = 5388, hit rate = 98.26%
 dgelq2_ dgelqf_ dgels_
**** Debug Statistics at 101000000 Cycles *****
Threads: 4		Fetch Width: 8
No of useful instructions fetched:	399756964 (49.47% proc util.)
No of total instructions fetched:	633049380 (78.35% proc util.)
 includes 12656182 misfetch (2.0%), 220636234 (34.9%) wrong-path fetches
 and 0 flushed after failed lock(0.0%)
No of useful instructions issued/executed:	399756951 (49.47% proc util.)
No of total instructions issued/executed:	506940971 (62.74% proc util.)
 includes 107184020 wrong-path (21.1%) insts and 0 flushed (0.0%)
	fp 5949, 0.00%
	synch 0, 0.00%
	integer 381470232, 75.25%
	load/store 125464790, 24.75%
Avg size of int IQ (before scheduling): 29.24
Avg size of fp IQ (before scheduling): 0.00
No of cycles taken:		101000000
Parallelism [ 1.249, 0.000, 1.214, 1.495,] = 3.958
 IQ conflicts: 668625 (0.66%), FQ conflicts: 0 (0.00%) 
 I reg conflicts: 7980085 (7.90%), FP reg conflicts: 0 (0.00%)
  Activelist confs: 63 (0.00%), ROB confs: 62054 (0.06%)
  Int unit conflicts: 314376267 (311.26%), FP unit conflicts: 4 (0.00%)
  Load/store unit conflicts: 11584646 (11.47%)
  MSHR conflicts: 3444509 (3.41%)
----------------------------------------
==== System-wide Cache Statistics ====
Stall for miss queue full 0 cycles (0.00%)
----------------------------------------
==== Statistics for Master ID: 0 ====
Reads: 89957122   Writes: 36990599
ICACHE: size: 64 KB assoc: 2
ICACHE: hits:66978520 misses:1489  Hit Ratio: 100.00%
DCACHE: size: 32 KB assoc: 8
DCACHE: hits:59606429 misses:361283 writebacks:360761  Hit Ratio: 99.40%
SCACHE: size: 512 KB assoc: 2
SCACHE: hits:268129 misses:94643  Hit Ratio: 73.91%
3CACHE: size: 4096 KB assoc: 2
3CACHE: hits:88528 misses:6115  Hit Ratio: 93.54%
3CACHE: dirty items replaced:55
ITLB: size: 48, misses 4, miss rate 0.00%
DTLB: size: 128, misses 5657, miss rate 0.01%
Avg mem delay: 0.858 cycles
----------------------------------------
==== Statistics for Master ID: 2 ====
Reads: 101426394   Writes: 16626800
ICACHE: size: 64 KB assoc: 2
ICACHE: hits:59891018 misses:655646  Hit Ratio: 98.92%
DCACHE: size: 32 KB assoc: 8
DCACHE: hits:56778722 misses:727808 writebacks:727016  Hit Ratio: 98.73%
SCACHE: size: 512 KB assoc: 2
SCACHE: hits:1093747 misses:289707  Hit Ratio: 79.06%
3CACHE: size: 4096 KB assoc: 2
3CACHE: hits:220707 misses:68999  Hit Ratio: 76.18%
3CACHE: dirty items replaced:3755
ITLB: size: 48, misses 38692, miss rate 0.06%
DTLB: size: 128, misses 31584, miss rate 0.05%
Avg mem delay: 0.858 cycles
----------------------------------------
==== Statistics for Master ID: 3 ====
Reads: 57959966   Writes: 5127
ICACHE: size: 64 KB assoc: 2
ICACHE: hits:50133435 misses:200  Hit Ratio: 100.00%
DCACHE: size: 32 KB assoc: 8
DCACHE: hits:7831127 misses:331 writebacks:0  Hit Ratio: 100.00%
SCACHE: size: 512 KB assoc: 2
SCACHE: hits:144 misses:387  Hit Ratio: 27.12%
3CACHE: size: 4096 KB assoc: 2
3CACHE: hits:46 misses:341  Hit Ratio: 11.89%
3CACHE: dirty items replaced:0
ITLB: size: 48, misses 1, miss rate 0.00%
DTLB: size: 128, misses 258, miss rate 0.00%
Avg mem delay: 0.858 cycles
----------------------------------------
==== Global Resource Utilization ====
STASH: size: 65536 entries, full 665582528, empty 12942430, misses 1162444, full rate 97.92
icache bank util. 0.465 0.371 0.092 0.081 0.081 0.076 0.154 0.458 
dcache bank util. 0.120 0.128 0.171 0.367 0.122 0.115 0.159 0.123 
L2 bank util. 0.017 0.017 0.017 0.017 0.017 0.016 0.016 0.017 
L1-L2 bus util. = 0.084, L3 util. = 0.007
----------------------------------------
branch prediction, hits = 28622507, misses = 2685487, hit rate = 91.42%
return_stack prediction, hits = 1725419, misses = 5650398, hit rate = 23.39%
jump prediction, hits = 39192536, misses = 3536204, hit rate = 91.72%

**** Debug Statistics at 201000000 Cycles *****
Threads: 4		Fetch Width: 8
No of useful instructions fetched:	804138825 (50.01% proc util.)
No of total instructions fetched:	1275632417 (79.33% proc util.)
 includes 28260956 misfetch (2.2%), 443232636 (34.7%) wrong-path fetches
 and 0 flushed after failed lock(0.0%)
No of useful instructions issued/executed:	804138789 (50.01% proc util.)
No of total instructions issued/executed:	1018484756 (63.34% proc util.)
 includes 214345967 wrong-path (21.0%) insts and 0 flushed (0.0%)
	fp 6117, 0.00%
	synch 0, 0.00%
	integer 763400007, 74.95%
	load/store 255078632, 25.04%
Avg size of int IQ (before scheduling): 29.14
Avg size of fp IQ (before scheduling): 0.00
No of cycles taken:		201000000
Parallelism [ 1.252, 0.000, 1.266, 1.483,] = 4.001
 IQ conflicts: 1395499 (0.69%), FQ conflicts: 0 (0.00%) 
 I reg conflicts: 13574171 (6.75%), FP reg conflicts: 0 (0.00%)
  Activelist confs: 521 (0.00%), ROB confs: 132186 (0.07%)
  Int unit conflicts: 642157861 (319.48%), FP unit conflicts: 4 (0.00%)
  Load/store unit conflicts: 24913260 (12.39%)
  MSHR conflicts: 11679904 (5.81%)
----------------------------------------
==== System-wide Cache Statistics ====
Stall for miss queue full 0 cycles (0.00%)
----------------------------------------
==== Statistics for Master ID: 0 ====
Reads: 179665343   Writes: 73797211
ICACHE: size: 64 KB assoc: 2
ICACHE: hits:133808695 misses:2134  Hit Ratio: 100.00%
DCACHE: size: 32 KB assoc: 8
DCACHE: hits:118934111 misses:717614 writebacks:717092  Hit Ratio: 99.40%
SCACHE: size: 512 KB assoc: 2
SCACHE: hits:551309 misses:168438  Hit Ratio: 76.60%
3CACHE: size: 4096 KB assoc: 2
3CACHE: hits:161259 misses:7179  Hit Ratio: 95.74%
3CACHE: dirty items replaced:357
ITLB: size: 48, misses 4, miss rate 0.00%
DTLB: size: 128, misses 11226, miss rate 0.01%
Avg mem delay: 0.861 cycles
----------------------------------------
==== Statistics for Master ID: 2 ====
Reads: 211272736   Writes: 34607233
ICACHE: size: 64 KB assoc: 2
ICACHE: hits:125058983 misses:1238009  Hit Ratio: 99.02%
DCACHE: size: 32 KB assoc: 8
DCACHE: hits:117910790 misses:1672187 writebacks:1671395  Hit Ratio: 98.60%
SCACHE: size: 512 KB assoc: 2
SCACHE: hits:2330314 misses:579882  Hit Ratio: 80.07%
3CACHE: size: 4096 KB assoc: 2
3CACHE: hits:480566 misses:99316  Hit Ratio: 82.87%
3CACHE: dirty items replaced:10781
ITLB: size: 48, misses 50426, miss rate 0.04%
DTLB: size: 128, misses 66399, miss rate 0.06%
Avg mem delay: 0.861 cycles
----------------------------------------
==== Statistics for Master ID: 3 ====
Reads: 114642013   Writes: 5127
ICACHE: size: 64 KB assoc: 2
ICACHE: hits:99187631 misses:424  Hit Ratio: 100.00%
DCACHE: size: 32 KB assoc: 8
DCACHE: hits:15458754 misses:331 writebacks:0  Hit Ratio: 100.00%
SCACHE: size: 512 KB assoc: 2
SCACHE: hits:337 misses:418  Hit Ratio: 44.64%
3CACHE: size: 4096 KB assoc: 2
3CACHE: hits:77 misses:341  Hit Ratio: 18.42%
3CACHE: dirty items replaced:0
ITLB: size: 48, misses 1, miss rate 0.00%
DTLB: size: 128, misses 634, miss rate 0.00%
Avg mem delay: 0.861 cycles
----------------------------------------
==== Global Resource Utilization ====
STASH: size: 65536 entries, full 1342287042, empty 25369501, misses 2287777, full rate 97.98
icache bank util. 0.463 0.385 0.090 0.081 0.089 0.086 0.155 0.456 
dcache bank util. 0.131 0.125 0.162 0.369 0.137 0.122 0.162 0.131 
L2 bank util. 0.017 0.018 0.018 0.019 0.018 0.016 0.017 0.017 
L1-L2 bus util. = 0.090, L3 util. = 0.005
----------------------------------------
branch prediction, hits = 58618985, misses = 5788344, hit rate = 91.01%
return_stack prediction, hits = 3441318, misses = 11290841, hit rate = 23.36%
jump prediction, hits = 77948466, misses = 7746715, hit rate = 90.96%
 dgemm_ dgemv_
**** Debug Statistics at 301000000 Cycles *****
Threads: 4		Fetch Width: 8
No of useful instructions fetched:	1212306127 (50.34% proc util.)
No of total instructions fetched:	1904780293 (79.10% proc util.)
 includes 36957228 misfetch (1.9%), 655516938 (34.4%) wrong-path fetches
 and 0 flushed after failed lock(0.0%)
No of useful instructions issued/executed:	1212306082 (50.34% proc util.)
No of total instructions issued/executed:	1529340758 (63.51% proc util.)
 includes 317034676 wrong-path (20.7%) insts and 0 flushed (0.0%)
	fp 26030, 0.00%
	synch 0, 0.00%
	integer 1148909284, 75.12%
	load/store 380405444, 24.87%
Avg size of int IQ (before scheduling): 29.67
Avg size of fp IQ (before scheduling): 0.00
No of cycles taken:		301000000
Parallelism [ 1.249, 0.000, 1.293, 1.485,] = 4.028
 IQ conflicts: 2284789 (0.76%), FQ conflicts: 0 (0.00%) 
 I reg conflicts: 21320743 (7.08%), FP reg conflicts: 0 (0.00%)
  Activelist confs: 1428 (0.00%), ROB confs: 242016 (0.08%)
  Int unit conflicts: 989430852 (328.71%), FP unit conflicts: 4 (0.00%)
  Load/store unit conflicts: 36117998 (12.00%)
  MSHR conflicts: 17765685 (5.90%)
----------------------------------------
==== System-wide Cache Statistics ====
Stall for miss queue full 0 cycles (0.00%)
----------------------------------------
==== Statistics for Master ID: 0 ====
Reads: 268196696   Writes: 110356135
ICACHE: size: 64 KB assoc: 2
ICACHE: hits:199679829 misses:3274  Hit Ratio: 100.00%
DCACHE: size: 32 KB assoc: 8
DCACHE: hits:177799270 misses:1070458 writebacks:1069936  Hit Ratio: 99.40%
SCACHE: size: 512 KB assoc: 2
SCACHE: hits:800952 misses:272780  Hit Ratio: 74.60%
3CACHE: size: 4096 KB assoc: 2
3CACHE: hits:263561 misses:9219  Hit Ratio: 96.62%
3CACHE: dirty items replaced:1208
ITLB: size: 48, misses 4, miss rate 0.00%
DTLB: size: 128, misses 16740, miss rate 0.01%
Avg mem delay: 0.861 cycles
----------------------------------------
==== Statistics for Master ID: 2 ====
Reads: 314519940   Writes: 51924056
ICACHE: size: 64 KB assoc: 2
ICACHE: hits:186915377 misses:1669276  Hit Ratio: 99.11%
DCACHE: size: 32 KB assoc: 8
DCACHE: hits:175329082 misses:2530261 writebacks:2529469  Hit Ratio: 98.58%
SCACHE: size: 512 KB assoc: 2
SCACHE: hits:3294780 misses:904757  Hit Ratio: 78.46%
3CACHE: size: 4096 KB assoc: 2
3CACHE: hits:770201 misses:134555  Hit Ratio: 85.13%
3CACHE: dirty items replaced:22720
ITLB: size: 48, misses 77135, miss rate 0.04%
DTLB: size: 128, misses 100726, miss rate 0.06%
Avg mem delay: 0.861 cycles
----------------------------------------
==== Statistics for Master ID: 3 ====
Reads: 171276679   Writes: 5127
ICACHE: size: 64 KB assoc: 2
ICACHE: hits:148088331 misses:558  Hit Ratio: 100.00%
DCACHE: size: 32 KB assoc: 8
DCACHE: hits:23192586 misses:331 writebacks:0  Hit Ratio: 100.00%
SCACHE: size: 512 KB assoc: 2
SCACHE: hits:437 misses:452  Hit Ratio: 49.16%
3CACHE: size: 4096 KB assoc: 2
3CACHE: hits:111 misses:341  Hit Ratio: 24.56%
3CACHE: dirty items replaced:0
ITLB: size: 48, misses 1, miss rate 0.00%
DTLB: size: 128, misses 903, miss rate 0.00%
Avg mem delay: 0.861 cycles
----------------------------------------
==== Global Resource Utilization ====
STASH: size: 65536 entries, full 2004813460, empty 35669541, misses 3210058, full rate 98.10
icache bank util. 0.460 0.383 0.091 0.084 0.089 0.084 0.153 0.454 
dcache bank util. 0.130 0.123 0.160 0.364 0.133 0.126 0.166 0.131 
L2 bank util. 0.017 0.018 0.017 0.018 0.018 0.016 0.017 0.017 
L1-L2 bus util. = 0.088, L3 util. = 0.005
----------------------------------------
branch prediction, hits = 89001290, misses = 8033788, hit rate = 91.72%
return_stack prediction, hits = 5052458, misses = 16878413, hit rate = 23.04%
jump prediction, hits = 119864305, misses = 10290812, hit rate = 92.09%
 dgeqr2_ dgeqrf_
**** Debug Statistics at 401000000 Cycles *****
Threads: 4		Fetch Width: 8
No of useful instructions fetched:	1615333184 (50.35% proc util.)
No of total instructions fetched:	2544380466 (79.31% proc util.)
 includes 50695801 misfetch (2.0%), 878351481 (34.5%) wrong-path fetches
 and 0 flushed after failed lock(0.0%)
No of useful instructions issued/executed:	1615333115 (50.35% proc util.)
No of total instructions issued/executed:	2039374905 (63.57% proc util.)
 includes 424041790 wrong-path (20.8%) insts and 0 flushed (0.0%)
	fp 30876, 0.00%
	synch 0, 0.00%
	integer 1530145211, 75.03%
	load/store 509198818, 24.97%
Avg size of int IQ (before scheduling): 29.53
Avg size of fp IQ (before scheduling): 0.00
No of cycles taken:		401000000
Parallelism [ 1.250, 0.000, 1.295, 1.484,] = 4.028
 IQ conflicts: 2837774 (0.71%), FQ conflicts: 0 (0.00%) 
 I reg conflicts: 27507320 (6.86%), FP reg conflicts: 0 (0.00%)
  Activelist confs: 1982 (0.00%), ROB confs: 346561 (0.09%)
  Int unit conflicts: 1319273473 (329.00%), FP unit conflicts: 4 (0.00%)
  Load/store unit conflicts: 48895122 (12.19%)
  MSHR conflicts: 21706242 (5.41%)
----------------------------------------
==== System-wide Cache Statistics ====
Stall for miss queue full 0 cycles (0.00%)
----------------------------------------
==== Statistics for Master ID: 0 ====
Reads: 357868154   Writes: 147093713
ICACHE: size: 64 KB assoc: 2
ICACHE: hits:266495369 misses:4080  Hit Ratio: 100.00%
DCACHE: size: 32 KB assoc: 8
DCACHE: hits:237036317 misses:1426101 writebacks:1425579  Hit Ratio: 99.40%
SCACHE: size: 512 KB assoc: 2
SCACHE: hits:1079564 misses:350617  Hit Ratio: 75.48%
3CACHE: size: 4096 KB assoc: 2
3CACHE: hits:336658 misses:13959  Hit Ratio: 96.02%
3CACHE: dirty items replaced:3430
ITLB: size: 48, misses 4, miss rate 0.00%
DTLB: size: 128, misses 22299, miss rate 0.01%
Avg mem delay: 0.850 cycles
----------------------------------------
==== Statistics for Master ID: 2 ====
Reads: 422635148   Writes: 69550410
ICACHE: size: 64 KB assoc: 2
ICACHE: hits:250720839 misses:2254484  Hit Ratio: 99.11%
DCACHE: size: 32 KB assoc: 8
DCACHE: hits:235981155 misses:3229080 writebacks:3228288  Hit Ratio: 98.65%
SCACHE: size: 512 KB assoc: 2
SCACHE: hits:4334922 misses:1148642  Hit Ratio: 79.05%
3CACHE: size: 4096 KB assoc: 2
3CACHE: hits:972828 misses:175814  Hit Ratio: 84.69%
3CACHE: dirty items replaced:41810
ITLB: size: 48, misses 97551, miss rate 0.04%
DTLB: size: 128, misses 132773, miss rate 0.06%
Avg mem delay: 0.850 cycles
----------------------------------------
==== Statistics for Master ID: 3 ====
Reads: 228158239   Writes: 5127
ICACHE: size: 64 KB assoc: 2
ICACHE: hits:197301593 misses:762  Hit Ratio: 100.00%
DCACHE: size: 32 KB assoc: 8
DCACHE: hits:30860680 misses:331 writebacks:0  Hit Ratio: 100.00%
SCACHE: size: 512 KB assoc: 2
SCACHE: hits:617 misses:476  Hit Ratio: 56.45%
3CACHE: size: 4096 KB assoc: 2
3CACHE: hits:134 misses:342  Hit Ratio: 28.15%
3CACHE: dirty items replaced:1
ITLB: size: 48, misses 1, miss rate 0.00%
DTLB: size: 128, misses 1158, miss rate 0.00%
Avg mem delay: 0.850 cycles
----------------------------------------
==== Global Resource Utilization ====
STASH: size: 65536 entries, full 2678059418, empty 48203093, misses 4336581, full rate 98.08
icache bank util. 0.461 0.385 0.091 0.084 0.089 0.084 0.154 0.455 
dcache bank util. 0.129 0.124 0.161 0.363 0.133 0.126 0.166 0.134 
L2 bank util. 0.017 0.018 0.017 0.018 0.017 0.016 0.017 0.017 
L1-L2 bus util. = 0.087, L3 util. = 0.005
----------------------------------------
branch prediction, hits = 118367325, misses = 10981132, hit rate = 91.51%
return_stack prediction, hits = 6830334, misses = 22508902, hit rate = 23.28%
jump prediction, hits = 159093919, misses = 14101962, hit rate = 91.86%
 dger_ dlabad_ dlacon_ dlae2_ dlaev2_ dlamch_
**** Early Exiting at 496407946 Cycles *****
========================================
 SMTSIM Global Statistics
========================================
Threads: 4		Fetch Width: 8
No of useful instructions fetched:	2000000084 (50.36% proc util.)
No of total instructions fetched:	3155284978 (79.45% proc util.)
 includes 62854919 misfetch (2.0%), 1092429975 (34.6%) wrong-path fetches
 and 0 flushed after failed lock(0.0%)
No of useful instructions issued/executed:	2000000043 (50.36% proc util.)
No of total instructions issued/executed:	2526940814 (63.63% proc util.)
 includes 526940771 wrong-path (20.9%) insts and 0 flushed (0.0%)
	fp 47351, 0.00%
	synch 0, 0.00%
	integer 1896760258, 75.06%
	load/store 630133205, 24.94%
Avg size of int IQ (before scheduling): 29.48
Avg size of fp IQ (before scheduling): 0.00
No of cycles taken:		496407946
Parallelism [ 1.252, 0.000, 1.290, 1.487,] = 4.029
 IQ conflicts: 3312578 (0.67%), FQ conflicts: 0 (0.00%) 
 I reg conflicts: 33400878 (6.73%), FP reg conflicts: 0 (0.00%)
  Activelist confs: 2619 (0.00%), ROB confs: 413565 (0.08%)
  Int unit conflicts: 1632775628 (328.92%), FP unit conflicts: 8 (0.00%)
  Load/store unit conflicts: 59946482 (12.08%)
  MSHR conflicts: 23977522 (4.83%)
----------------------------------------
==== System-wide Cache Statistics ====
Stall for miss queue full 0 cycles (0.00%)
----------------------------------------
==== Statistics for Master ID: 0 ====
Reads: 444068180   Writes: 182487170
ICACHE: size: 64 KB assoc: 2
ICACHE: hits:330695291 misses:5087  Hit Ratio: 100.00%
DCACHE: size: 32 KB assoc: 8
DCACHE: hits:294087030 misses:1767942 writebacks:1767420  Hit Ratio: 99.40%
SCACHE: size: 512 KB assoc: 2
SCACHE: hits:1343802 misses:429227  Hit Ratio: 75.79%
3CACHE: size: 4096 KB assoc: 2
3CACHE: hits:413126 misses:16101  Hit Ratio: 96.25%
3CACHE: dirty items replaced:4411
ITLB: size: 48, misses 4, miss rate 0.00%
DTLB: size: 128, misses 27642, miss rate 0.01%
Avg mem delay: 0.837 cycles
----------------------------------------
==== Statistics for Master ID: 2 ====
Reads: 522467392   Writes: 85608171
ICACHE: size: 64 KB assoc: 2
ICACHE: hits:310045245 misses:2863743  Hit Ratio: 99.08%
DCACHE: size: 32 KB assoc: 8
DCACHE: hits:291353193 misses:3813382 writebacks:3812590  Hit Ratio: 98.71%
SCACHE: size: 512 KB assoc: 2
SCACHE: hits:5280503 misses:1396622  Hit Ratio: 79.08%
3CACHE: size: 4096 KB assoc: 2
3CACHE: hits:1186227 misses:210395  Hit Ratio: 84.94%
3CACHE: dirty items replaced:58749
ITLB: size: 48, misses 129848, miss rate 0.04%
DTLB: size: 128, misses 159671, miss rate 0.05%
Avg mem delay: 0.837 cycles
----------------------------------------
==== Statistics for Master ID: 3 ====
Reads: 283198466   Writes: 5127
ICACHE: size: 64 KB assoc: 2
ICACHE: hits:244910874 misses:942  Hit Ratio: 100.00%
DCACHE: size: 32 KB assoc: 8
DCACHE: hits:38291446 misses:331 writebacks:0  Hit Ratio: 100.00%
SCACHE: size: 512 KB assoc: 2
SCACHE: hits:755 misses:518  Hit Ratio: 59.31%
3CACHE: size: 4096 KB assoc: 2
3CACHE: hits:174 misses:344  Hit Ratio: 33.59%
3CACHE: dirty items replaced:3
ITLB: size: 48, misses 1, miss rate 0.00%
DTLB: size: 128, misses 1363, miss rate 0.00%
Avg mem delay: 0.837 cycles
----------------------------------------
==== Global Resource Utilization ====
STASH: size: 65536 entries, full 3320006181, empty 60902242, misses 5466850, full rate 98.04
icache bank util. 0.462 0.384 0.093 0.085 0.088 0.084 0.155 0.456 
dcache bank util. 0.130 0.124 0.161 0.362 0.133 0.127 0.165 0.133 
L2 bank util. 0.016 0.017 0.017 0.017 0.017 0.016 0.016 0.017 
L1-L2 bus util. = 0.085, L3 util. = 0.005
----------------------------------------
branch prediction, hits = 145955344, misses = 13711903, hit rate = 91.41%
return_stack prediction, hits = 8501412, misses = 27920989, hit rate = 23.34%
jump prediction, hits = 196672627, misses = 17495261, hit rate = 91.83%
total IPC 4.029

=== Results saved to: ./results/recurseq_2_gcc-scilab_1_seqacc_1.txt ===
