===== 执行信息 =====
Cache目录：smtc128
执行命令：./smtsim ../gcc-expr.arg2 ../gzip-program.arg ../randacc.arg
执行时间：2026-04-16 15:53:44
返回码：0
===== 输出内容 =====
SMTCache
Process 0, Thread 0: gcc-expr
Process 0, Thread 1: gcc-expr
Process 2, Thread 2: gzip-program
Process 3, Thread 3: randacc

**** Debug Statistics at 1000000 Cycles *****
Threads: 4		Fetch Width: 8
No of useful instructions fetched:	1099989 (13.75% proc util.)
No of total instructions fetched:	1205405 (15.07% proc util.)
 includes 15415 misfetch (1.3%), 90001 (7.5%) wrong-path fetches
 and 0 flushed after failed lock(0.0%)
No of useful instructions issued/executed:	1099964 (13.75% proc util.)
No of total instructions issued/executed:	1137998 (14.22% proc util.)
 includes 38034 wrong-path (3.3%) insts and 0 flushed (0.0%)
	fp 72, 0.01%
	synch 0, 0.00%
	integer 917327, 80.61%
	load/store 220599, 19.38%
Avg size of int IQ (before scheduling): 33.56
Avg size of fp IQ (before scheduling): 0.00
No of cycles taken:		1000000
Parallelism [ 0.331, 0.000, 0.141, 0.628,] = 1.100
 IQ conflicts: 809 (0.08%), FQ conflicts: 0 (0.00%) 
 I reg conflicts: 820479 (82.05%), FP reg conflicts: 0 (0.00%)
  Activelist confs: 0 (0.00%), ROB confs: 0 (0.00%)
  Int unit conflicts: 53088 (5.31%), FP unit conflicts: 0 (0.00%)
  Load/store unit conflicts: 11862 (1.19%)
  MSHR conflicts: 244698 (24.47%)
----------------------------------------
==== System-wide Cache Statistics ====
Stall for miss queue full 0 cycles (0.00%)
----------------------------------------
==== Statistics for Master ID: 0 ====
Reads: 174569   Writes: 50579
ICACHE: size: 64 KB assoc: 2
ICACHE: hits:108494 misses:1397  Hit Ratio: 98.73%
DCACHE: size: 32 KB assoc: 8
DCACHE: hits:112664 misses:2593 writebacks:1806  Hit Ratio: 97.75%
SCACHE: size: 512 KB assoc: 2
SCACHE: hits:314 misses:3676  Hit Ratio: 7.87%
3CACHE: size: 4096 KB assoc: 2
3CACHE: hits:24 misses:3652  Hit Ratio: 0.65%
3CACHE: dirty items replaced:0
ITLB: size: 48, misses 89, miss rate 0.08%
DTLB: size: 128, misses 403, miss rate 0.35%
Avg mem delay: 56.893 cycles
----------------------------------------
==== Statistics for Master ID: 2 ====
Reads: 111272   Writes: 22957
ICACHE: size: 64 KB assoc: 2
ICACHE: hits:66326 misses:207  Hit Ratio: 99.69%
DCACHE: size: 32 KB assoc: 8
DCACHE: hits:45517 misses:22179 writebacks:22005  Hit Ratio: 67.24%
SCACHE: size: 512 KB assoc: 2
SCACHE: hits:10 misses:22373  Hit Ratio: 0.04%
3CACHE: size: 4096 KB assoc: 2
3CACHE: hits:0 misses:22373  Hit Ratio: 0.00%
3CACHE: dirty items replaced:0
ITLB: size: 48, misses 18, miss rate 0.03%
DTLB: size: 128, misses 5526, miss rate 8.16%
Avg mem delay: 56.893 cycles
----------------------------------------
==== Statistics for Master ID: 3 ====
Reads: 191430   Writes: 36
ICACHE: size: 64 KB assoc: 2
ICACHE: hits:153916 misses:23  Hit Ratio: 99.99%
DCACHE: size: 32 KB assoc: 8
DCACHE: hits:36791 misses:736 writebacks:17  Hit Ratio: 98.04%
SCACHE: size: 512 KB assoc: 2
SCACHE: hits:85 misses:674  Hit Ratio: 11.20%
3CACHE: size: 4096 KB assoc: 2
3CACHE: hits:6 misses:668  Hit Ratio: 0.89%
3CACHE: dirty items replaced:0
ITLB: size: 48, misses 4, miss rate 0.00%
DTLB: size: 128, misses 119, miss rate 0.32%
Avg mem delay: 56.893 cycles
----------------------------------------
==== Global Resource Utilization ====
STASH: size: 65536 entries, full 1233169, empty 23066, misses 1968, full rate 98.01
icache bank util. 0.084 0.066 0.041 0.016 0.014 0.014 0.023 0.078 
dcache bank util. 0.023 0.025 0.036 0.015 0.014 0.034 0.197 0.024 
L2 bank util. 0.006 0.006 0.006 0.006 0.006 0.006 0.270 0.006 
L1-L2 bus util. = 0.153, L3 util. = 0.267
----------------------------------------
branch prediction, hits = 78188, misses = 5501, hit rate = 93.43%
return_stack prediction, hits = 4235, misses = 14, hit rate = 99.67%
jump prediction, hits = 97641, misses = 3917, hit rate = 96.14%
 init_expr_once init_expr save_expr_status restore_expr_status enqueue_insn protect_from_queue queued_subexp_p emit_queue init_queue convert_move
**** Debug Statistics at 101000000 Cycles *****
Threads: 4		Fetch Width: 8
No of useful instructions fetched:	183565132 (22.72% proc util.)
No of total instructions fetched:	214393054 (26.53% proc util.)
 includes 8673753 misfetch (4.0%), 22154169 (10.3%) wrong-path fetches
 and 0 flushed after failed lock(0.0%)
No of useful instructions issued/executed:	183565103 (22.72% proc util.)
No of total instructions issued/executed:	192723790 (23.85% proc util.)
 includes 9158687 wrong-path (4.8%) insts and 0 flushed (0.0%)
	fp 2269, 0.00%
	synch 0, 0.00%
	integer 150062168, 77.86%
	load/store 42659353, 22.13%
Avg size of int IQ (before scheduling): 21.18
Avg size of fp IQ (before scheduling): 0.00
No of cycles taken:		101000000
Parallelism [ 0.629, 0.000, 0.342, 0.846,] = 1.817
 IQ conflicts: 60658 (0.06%), FQ conflicts: 0 (0.00%) 
 I reg conflicts: 70212730 (69.52%), FP reg conflicts: 0 (0.00%)
  Activelist confs: 0 (0.00%), ROB confs: 46 (0.00%)
  Int unit conflicts: 12726708 (12.60%), FP unit conflicts: 1 (0.00%)
  Load/store unit conflicts: 2069778 (2.05%)
  MSHR conflicts: 3108367 (3.08%)
----------------------------------------
==== System-wide Cache Statistics ====
Stall for miss queue full 0 cycles (0.00%)
----------------------------------------
==== Statistics for Master ID: 0 ====
Reads: 42450262   Writes: 8044627
ICACHE: size: 64 KB assoc: 2
ICACHE: hits:22926050 misses:440060  Hit Ratio: 98.12%
DCACHE: size: 32 KB assoc: 8
DCACHE: hits:26845608 misses:283171 writebacks:282369  Hit Ratio: 98.96%
SCACHE: size: 512 KB assoc: 2
SCACHE: hits:405037 misses:318194  Hit Ratio: 56.00%
3CACHE: size: 4096 KB assoc: 2
3CACHE: hits:201713 misses:116481  Hit Ratio: 63.39%
3CACHE: dirty items replaced:5408
ITLB: size: 48, misses 28536, miss rate 0.12%
DTLB: size: 128, misses 24434, miss rate 0.09%
Avg mem delay: 7.334 cycles
----------------------------------------
==== Statistics for Master ID: 2 ====
Reads: 18283505   Writes: 5099296
ICACHE: size: 64 KB assoc: 2
ICACHE: hits:12998395 misses:756  Hit Ratio: 99.99%
DCACHE: size: 32 KB assoc: 8
DCACHE: hits:8970698 misses:1412952 writebacks:1262820  Hit Ratio: 86.39%
SCACHE: size: 512 KB assoc: 2
SCACHE: hits:134 misses:1413573  Hit Ratio: 0.01%
3CACHE: size: 4096 KB assoc: 2
3CACHE: hits:91 misses:1413482  Hit Ratio: 0.01%
3CACHE: dirty items replaced:38578
ITLB: size: 48, misses 67, miss rate 0.00%
DTLB: size: 128, misses 65364, miss rate 0.63%
Avg mem delay: 7.334 cycles
----------------------------------------
==== Statistics for Master ID: 3 ====
Reads: 29534128   Writes: 79
ICACHE: size: 64 KB assoc: 2
ICACHE: hits:24438780 misses:117  Hit Ratio: 100.00%
DCACHE: size: 32 KB assoc: 8
DCACHE: hits:5058975 misses:36335 writebacks:812  Hit Ratio: 99.29%
SCACHE: size: 512 KB assoc: 2
SCACHE: hits:8173 misses:28279  Hit Ratio: 22.42%
3CACHE: size: 4096 KB assoc: 2
3CACHE: hits:21097 misses:7182  Hit Ratio: 74.60%
3CACHE: dirty items replaced:85
ITLB: size: 48, misses 4, miss rate 0.00%
DTLB: size: 128, misses 1288, miss rate 0.03%
Avg mem delay: 7.334 cycles
----------------------------------------
==== Global Resource Utilization ====
STASH: size: 65536 entries, full 217701962, empty 8140257, misses 726677, full rate 96.09
icache bank util. 0.136 0.105 0.068 0.030 0.031 0.105 0.041 0.099 
dcache bank util. 0.058 0.065 0.062 0.058 0.057 0.087 0.064 0.067 
L2 bank util. 0.026 0.025 0.025 0.025 0.025 0.025 0.032 0.040 
L1-L2 bus util. = 0.110, L3 util. = 0.152
----------------------------------------
branch prediction, hits = 16854513, misses = 1475786, hit rate = 91.95%
return_stack prediction, hits = 807106, misses = 1374, hit rate = 99.83%
jump prediction, hits = 18071634, misses = 2118206, hit rate = 89.51%
 convert_to_mode
**** Debug Statistics at 201000000 Cycles *****
Threads: 4		Fetch Width: 8
No of useful instructions fetched:	522942265 (32.52% proc util.)
No of total instructions fetched:	651279625 (40.50% proc util.)
 includes 21620628 misfetch (3.3%), 106716732 (16.4%) wrong-path fetches
 and 0 flushed after failed lock(0.0%)
No of useful instructions issued/executed:	522942224 (32.52% proc util.)
No of total instructions issued/executed:	566379211 (35.22% proc util.)
 includes 43436987 wrong-path (7.7%) insts and 0 flushed (0.0%)
	fp 3440, 0.00%
	synch 0, 0.00%
	integer 434973442, 76.80%
	load/store 131402329, 23.20%
Avg size of int IQ (before scheduling): 24.50
Avg size of fp IQ (before scheduling): 0.00
No of cycles taken:		201000000
Parallelism [ 0.830, 0.000, 0.726, 1.046,] = 2.602
 IQ conflicts: 340807 (0.17%), FQ conflicts: 0 (0.00%) 
 I reg conflicts: 106367067 (52.92%), FP reg conflicts: 0 (0.00%)
  Activelist confs: 270 (0.00%), ROB confs: 27268 (0.01%)
  Int unit conflicts: 182552370 (90.82%), FP unit conflicts: 1 (0.00%)
  Load/store unit conflicts: 11221505 (5.58%)
  MSHR conflicts: 10451281 (5.20%)
----------------------------------------
==== System-wide Cache Statistics ====
Stall for miss queue full 0 cycles (0.00%)
----------------------------------------
==== Statistics for Master ID: 0 ====
Reads: 122192997   Writes: 22021840
ICACHE: size: 64 KB assoc: 2
ICACHE: hits:68112433 misses:863798  Hit Ratio: 98.75%
DCACHE: size: 32 KB assoc: 8
DCACHE: hits:74439199 misses:799407 writebacks:798605  Hit Ratio: 98.94%
SCACHE: size: 512 KB assoc: 2
SCACHE: hits:1116872 misses:546333  Hit Ratio: 67.15%
3CACHE: size: 4096 KB assoc: 2
3CACHE: hits:365383 misses:180950  Hit Ratio: 66.88%
3CACHE: dirty items replaced:17647
ITLB: size: 48, misses 42228, miss rate 0.06%
DTLB: size: 128, misses 66849, miss rate 0.09%
Avg mem delay: 3.707 cycles
----------------------------------------
==== Statistics for Master ID: 2 ====
Reads: 81877043   Writes: 14814456
ICACHE: size: 64 KB assoc: 2
ICACHE: hits:53253705 misses:6076  Hit Ratio: 99.99%
DCACHE: size: 32 KB assoc: 8
DCACHE: hits:40770266 misses:2661452 writebacks:2476730  Hit Ratio: 93.87%
SCACHE: size: 512 KB assoc: 2
SCACHE: hits:491014 misses:2176514  Hit Ratio: 18.41%
3CACHE: size: 4096 KB assoc: 2
3CACHE: hits:48391 misses:2128123  Hit Ratio: 2.22%
3CACHE: dirty items replaced:87612
ITLB: size: 48, misses 222, miss rate 0.00%
DTLB: size: 128, misses 98675, miss rate 0.23%
Avg mem delay: 3.707 cycles
----------------------------------------
==== Statistics for Master ID: 3 ====
Reads: 76903989   Writes: 105
ICACHE: size: 64 KB assoc: 2
ICACHE: hits:64367813 misses:161  Hit Ratio: 100.00%
DCACHE: size: 32 KB assoc: 8
DCACHE: hits:12447261 misses:88859 writebacks:2334  Hit Ratio: 99.29%
SCACHE: size: 512 KB assoc: 2
SCACHE: hits:36586 misses:52434  Hit Ratio: 41.10%
3CACHE: size: 4096 KB assoc: 2
3CACHE: hits:38123 misses:14311  Hit Ratio: 72.71%
3CACHE: dirty items replaced:1256
ITLB: size: 48, misses 4, miss rate 0.00%
DTLB: size: 128, misses 2892, miss rate 0.02%
Avg mem delay: 3.707 cycles
----------------------------------------
==== Global Resource Utilization ====
STASH: size: 65536 entries, full 680429298, empty 16334727, misses 1465041, full rate 97.45
icache bank util. 0.191 0.156 0.105 0.060 0.075 0.148 0.075 0.132 
dcache bank util. 0.082 0.088 0.090 0.090 0.097 0.115 0.105 0.087 
L2 bank util. 0.025 0.025 0.025 0.026 0.025 0.025 0.029 0.034 
L1-L2 bus util. = 0.115, L3 util. = 0.116
----------------------------------------
branch prediction, hits = 43703313, misses = 5053704, hit rate = 89.63%
return_stack prediction, hits = 2769530, misses = 1965, hit rate = 99.93%
jump prediction, hits = 49136696, misses = 5333522, hit rate = 90.21%
 move_by_pieces move_by_pieces_ninsns move_by_pieces_1 emit_block_move
**** Debug Statistics at 301000000 Cycles *****
Threads: 4		Fetch Width: 8
No of useful instructions fetched:	981476979 (40.76% proc util.)
No of total instructions fetched:	1253234600 (52.04% proc util.)
 includes 38576775 misfetch (3.1%), 233180846 (18.6%) wrong-path fetches
 and 0 flushed after failed lock(0.0%)
No of useful instructions issued/executed:	981476935 (40.76% proc util.)
No of total instructions issued/executed:	1075137428 (44.65% proc util.)
 includes 93660493 wrong-path (8.7%) insts and 0 flushed (0.0%)
	fp 5261, 0.00%
	synch 0, 0.00%
	integer 823447942, 76.59%
	load/store 251684225, 23.41%
Avg size of int IQ (before scheduling): 27.94
Avg size of fp IQ (before scheduling): 0.00
No of cycles taken:		301000000
Parallelism [ 0.975, 0.000, 1.070, 1.215,] = 3.261
 IQ conflicts: 846499 (0.28%), FQ conflicts: 0 (0.00%) 
 I reg conflicts: 117542715 (39.05%), FP reg conflicts: 0 (0.00%)
  Activelist confs: 333 (0.00%), ROB confs: 69792 (0.02%)
  Int unit conflicts: 482057438 (160.15%), FP unit conflicts: 3 (0.00%)
  Load/store unit conflicts: 25355566 (8.42%)
  MSHR conflicts: 14835858 (4.93%)
----------------------------------------
==== System-wide Cache Statistics ====
Stall for miss queue full 0 cycles (0.00%)
----------------------------------------
==== Statistics for Master ID: 0 ====
Reads: 227313123   Writes: 39319924
ICACHE: size: 64 KB assoc: 2
ICACHE: hits:128732575 misses:1533600  Hit Ratio: 98.82%
DCACHE: size: 32 KB assoc: 8
DCACHE: hits:134970572 misses:1396300 writebacks:1395498  Hit Ratio: 98.98%
SCACHE: size: 512 KB assoc: 2
SCACHE: hits:2143810 misses:786090  Hit Ratio: 73.17%
3CACHE: size: 4096 KB assoc: 2
3CACHE: hits:566398 misses:219692  Hit Ratio: 72.05%
3CACHE: dirty items replaced:26990
ITLB: size: 48, misses 67792, miss rate 0.05%
DTLB: size: 128, misses 122778, miss rate 0.09%
Avg mem delay: 2.343 cycles
----------------------------------------
==== Statistics for Master ID: 2 ====
Reads: 179917730   Writes: 27690392
ICACHE: size: 64 KB assoc: 2
ICACHE: hits:114485751 misses:16832  Hit Ratio: 99.99%
DCACHE: size: 32 KB assoc: 8
DCACHE: hits:89617995 misses:3487544 writebacks:3302822  Hit Ratio: 96.25%
SCACHE: size: 512 KB assoc: 2
SCACHE: hits:1210293 misses:2294083  Hit Ratio: 34.54%
3CACHE: size: 4096 KB assoc: 2
3CACHE: hits:135796 misses:2158287  Hit Ratio: 5.92%
3CACHE: dirty items replaced:92453
ITLB: size: 48, misses 479, miss rate 0.00%
DTLB: size: 128, misses 113217, miss rate 0.12%
Avg mem delay: 2.343 cycles
----------------------------------------
==== Statistics for Master ID: 3 ====
Reads: 137661367   Writes: 118
ICACHE: size: 64 KB assoc: 2
ICACHE: hits:115849224 misses:240  Hit Ratio: 100.00%
DCACHE: size: 32 KB assoc: 8
DCACHE: hits:21657696 misses:154325 writebacks:4080  Hit Ratio: 99.29%
SCACHE: size: 512 KB assoc: 2
SCACHE: hits:83308 misses:71257  Hit Ratio: 53.90%
3CACHE: size: 4096 KB assoc: 2
3CACHE: hits:53335 misses:17922  Hit Ratio: 74.85%
3CACHE: dirty items replaced:3107
ITLB: size: 48, misses 4, miss rate 0.00%
DTLB: size: 128, misses 4774, miss rate 0.02%
Avg mem delay: 2.343 cycles
----------------------------------------
==== Global Resource Utilization ====
STASH: size: 65536 entries, full 1322090368, empty 28085139, misses 2505315, full rate 97.74
icache bank util. 0.239 0.198 0.135 0.086 0.111 0.170 0.107 0.168 
dcache bank util. 0.101 0.113 0.114 0.105 0.126 0.134 0.136 0.103 
L2 bank util. 0.024 0.024 0.023 0.025 0.024 0.023 0.026 0.031 
L1-L2 bus util. = 0.113, L3 util. = 0.080
----------------------------------------
branch prediction, hits = 77116989, misses = 9924035, hit rate = 88.60%
return_stack prediction, hits = 5522956, misses = 2978, hit rate = 99.95%
jump prediction, hits = 88272340, misses = 9562335, hit rate = 90.23%

**** Debug Statistics at 401000000 Cycles *****
Threads: 4		Fetch Width: 8
No of useful instructions fetched:	1423426728 (44.37% proc util.)
No of total instructions fetched:	1840608941 (57.38% proc util.)
 includes 57798982 misfetch (3.1%), 359383231 (19.5%) wrong-path fetches
 and 0 flushed after failed lock(0.0%)
No of useful instructions issued/executed:	1423426672 (44.37% proc util.)
No of total instructions issued/executed:	1570126962 (48.94% proc util.)
 includes 146700290 wrong-path (9.3%) insts and 0 flushed (0.0%)
	fp 5440, 0.00%
	synch 0, 0.00%
	integer 1196800040, 76.22%
	load/store 373321482, 23.78%
Avg size of int IQ (before scheduling): 29.39
Avg size of fp IQ (before scheduling): 0.00
No of cycles taken:		401000000
Parallelism [ 1.036, 0.000, 1.222, 1.292,] = 3.550
 IQ conflicts: 1441898 (0.36%), FQ conflicts: 0 (0.00%) 
 I reg conflicts: 130408117 (32.52%), FP reg conflicts: 0 (0.00%)
  Activelist confs: 510 (0.00%), ROB confs: 179167 (0.04%)
  Int unit conflicts: 738847758 (184.25%), FP unit conflicts: 4 (0.00%)
  Load/store unit conflicts: 40738103 (10.16%)
  MSHR conflicts: 21789612 (5.43%)
----------------------------------------
==== System-wide Cache Statistics ====
Stall for miss queue full 0 cycles (0.00%)
----------------------------------------
==== Statistics for Master ID: 0 ====
Reads: 331994560   Writes: 59044583
ICACHE: size: 64 KB assoc: 2
ICACHE: hits:189469040 misses:2144989  Hit Ratio: 98.88%
DCACHE: size: 32 KB assoc: 8
DCACHE: hits:196688838 misses:2736276 writebacks:2735474  Hit Ratio: 98.63%
SCACHE: size: 512 KB assoc: 2
SCACHE: hits:3707417 misses:1173848  Hit Ratio: 75.95%
3CACHE: size: 4096 KB assoc: 2
3CACHE: hits:912465 misses:261383  Hit Ratio: 77.73%
3CACHE: dirty items replaced:39549
ITLB: size: 48, misses 70585, miss rate 0.04%
DTLB: size: 128, misses 198437, miss rate 0.10%
Avg mem delay: 1.971 cycles
----------------------------------------
==== Statistics for Master ID: 2 ====
Reads: 275334030   Writes: 40883067
ICACHE: size: 64 KB assoc: 2
ICACHE: hits:173851103 misses:30922  Hit Ratio: 99.98%
DCACHE: size: 32 KB assoc: 8
DCACHE: hits:137840232 misses:4494840 writebacks:4310118  Hit Ratio: 96.84%
SCACHE: size: 512 KB assoc: 2
SCACHE: hits:2084471 misses:2441291  Hit Ratio: 46.06%
3CACHE: size: 4096 KB assoc: 2
3CACHE: hits:253476 misses:2187815  Hit Ratio: 10.38%
3CACHE: dirty items replaced:103234
ITLB: size: 48, misses 681, miss rate 0.00%
DTLB: size: 128, misses 131358, miss rate 0.09%
Avg mem delay: 1.971 cycles
----------------------------------------
==== Statistics for Master ID: 3 ====
Reads: 196711479   Writes: 129
ICACHE: size: 64 KB assoc: 2
ICACHE: hits:165804451 misses:265  Hit Ratio: 100.00%
DCACHE: size: 32 KB assoc: 8
DCACHE: hits:30689169 misses:217723 writebacks:5811  Hit Ratio: 99.30%
SCACHE: size: 512 KB assoc: 2
SCACHE: hits:127623 misses:90365  Hit Ratio: 58.55%
3CACHE: size: 4096 KB assoc: 2
3CACHE: hits:68865 misses:21500  Hit Ratio: 76.21%
3CACHE: dirty items replaced:5067
ITLB: size: 48, misses 4, miss rate 0.00%
DTLB: size: 128, misses 8408, miss rate 0.03%
Avg mem delay: 1.971 cycles
----------------------------------------
==== Global Resource Utilization ====
STASH: size: 65536 entries, full 1949023525, empty 38977833, misses 3492487, full rate 97.87
icache bank util. 0.262 0.216 0.148 0.098 0.132 0.182 0.121 0.182 
dcache bank util. 0.109 0.119 0.127 0.116 0.144 0.144 0.157 0.123 
L2 bank util. 0.025 0.025 0.025 0.026 0.026 0.024 0.027 0.031 
L1-L2 bus util. = 0.125, L3 util. = 0.062
----------------------------------------
branch prediction, hits = 109040680, misses = 14699888, hit rate = 88.12%
return_stack prediction, hits = 8327481, misses = 3346, hit rate = 99.96%
jump prediction, hits = 125812270, misses = 14286795, hit rate = 89.80%

**** Debug Statistics at 501000000 Cycles *****
Threads: 4		Fetch Width: 8
No of useful instructions fetched:	1881181613 (46.94% proc util.)
No of total instructions fetched:	2430873672 (60.65% proc util.)
 includes 72373332 misfetch (3.0%), 477318727 (19.6%) wrong-path fetches
 and 0 flushed after failed lock(0.0%)
No of useful instructions issued/executed:	1881181589 (46.94% proc util.)
No of total instructions issued/executed:	2075281344 (51.78% proc util.)
 includes 194099755 wrong-path (9.4%) insts and 0 flushed (0.0%)
	fp 5485, 0.00%
	synch 0, 0.00%
	integer 1583312921, 76.29%
	load/store 491962938, 23.71%
Avg size of int IQ (before scheduling): 30.50
Avg size of fp IQ (before scheduling): 0.00
No of cycles taken:		501000000
Parallelism [ 1.100, 0.000, 1.314, 1.341,] = 3.755
 IQ conflicts: 2054439 (0.41%), FQ conflicts: 0 (0.00%) 
 I reg conflicts: 143265215 (28.60%), FP reg conflicts: 0 (0.00%)
  Activelist confs: 611 (0.00%), ROB confs: 252587 (0.05%)
  Int unit conflicts: 1059083602 (211.39%), FP unit conflicts: 10 (0.00%)
  Load/store unit conflicts: 54432616 (10.86%)
  MSHR conflicts: 33748101 (6.74%)
----------------------------------------
==== System-wide Cache Statistics ====
Stall for miss queue full 0 cycles (0.00%)
----------------------------------------
==== Statistics for Master ID: 0 ====
Reads: 434529637   Writes: 76744798
ICACHE: size: 64 KB assoc: 2
ICACHE: hits:248267638 misses:2840993  Hit Ratio: 98.87%
DCACHE: size: 32 KB assoc: 8
DCACHE: hits:256396331 misses:3769473 writebacks:3768671  Hit Ratio: 98.55%
SCACHE: size: 512 KB assoc: 2
SCACHE: hits:5181690 misses:1428776  Hit Ratio: 78.39%
3CACHE: size: 4096 KB assoc: 2
3CACHE: hits:1129594 misses:299182  Hit Ratio: 79.06%
3CACHE: dirty items replaced:55813
ITLB: size: 48, misses 107272, miss rate 0.04%
DTLB: size: 128, misses 261827, miss rate 0.10%
Avg mem delay: 1.750 cycles
----------------------------------------
==== Statistics for Master ID: 2 ====
Reads: 371547860   Writes: 53352700
ICACHE: size: 64 KB assoc: 2
ICACHE: hits:233963320 misses:39704  Hit Ratio: 99.98%
DCACHE: size: 32 KB assoc: 8
DCACHE: hits:185360928 misses:5536608 writebacks:5351886  Hit Ratio: 97.10%
SCACHE: size: 512 KB assoc: 2
SCACHE: hits:3020912 misses:2555400  Hit Ratio: 54.17%
3CACHE: size: 4096 KB assoc: 2
3CACHE: hits:339178 misses:2216222  Hit Ratio: 13.27%
3CACHE: dirty items replaced:112195
ITLB: size: 48, misses 922, miss rate 0.00%
DTLB: size: 128, misses 146772, miss rate 0.08%
Avg mem delay: 1.750 cycles
----------------------------------------
==== Statistics for Master ID: 3 ====
Reads: 256678837   Writes: 137
ICACHE: size: 64 KB assoc: 2
ICACHE: hits:216602644 misses:340  Hit Ratio: 100.00%
DCACHE: size: 32 KB assoc: 8
DCACHE: hits:39793364 misses:282626 writebacks:7632  Hit Ratio: 99.29%
SCACHE: size: 512 KB assoc: 2
SCACHE: hits:172935 misses:110031  Hit Ratio: 61.12%
3CACHE: size: 4096 KB assoc: 2
3CACHE: hits:83902 misses:26129  Hit Ratio: 76.25%
3CACHE: dirty items replaced:7641
ITLB: size: 48, misses 4, miss rate 0.00%
DTLB: size: 128, misses 10864, miss rate 0.03%
Avg mem delay: 1.750 cycles
----------------------------------------
==== Global Resource Utilization ====
STASH: size: 65536 entries, full 2578727691, empty 49905379, misses 4443475, full rate 97.94
icache bank util. 0.273 0.229 0.154 0.103 0.143 0.190 0.130 0.195 
dcache bank util. 0.120 0.123 0.132 0.122 0.150 0.148 0.168 0.129 
L2 bank util. 0.025 0.026 0.025 0.027 0.026 0.024 0.027 0.031 
L1-L2 bus util. = 0.129, L3 util. = 0.051
----------------------------------------
branch prediction, hits = 143394741, misses = 19366386, hit rate = 88.10%
return_stack prediction, hits = 10701508, misses = 4190, hit rate = 99.96%
jump prediction, hits = 166059314, misses = 17885366, hit rate = 90.28%

**** Early Exiting at 526903811 Cycles *****
========================================
 SMTSIM Global Statistics
========================================
Threads: 4		Fetch Width: 8
No of useful instructions fetched:	2000000077 (47.45% proc util.)
No of total instructions fetched:	2579582446 (61.20% proc util.)
 includes 73606318 misfetch (2.9%), 505976051 (19.6%) wrong-path fetches
 and 0 flushed after failed lock(0.0%)
No of useful instructions issued/executed:	2000000052 (47.45% proc util.)
No of total instructions issued/executed:	2205512224 (52.32% proc util.)
 includes 205512172 wrong-path (9.3%) insts and 0 flushed (0.0%)
	fp 8643, 0.00%
	synch 0, 0.00%
	integer 1684293780, 76.37%
	load/store 521209801, 23.63%
Avg size of int IQ (before scheduling): 30.79
Avg size of fp IQ (before scheduling): 0.00
No of cycles taken:		526903811
Parallelism [ 1.117, 0.000, 1.330, 1.348,] = 3.796
 IQ conflicts: 2185503 (0.41%), FQ conflicts: 0 (0.00%) 
 I reg conflicts: 147404903 (27.98%), FP reg conflicts: 0 (0.00%)
  Activelist confs: 685 (0.00%), ROB confs: 265310 (0.05%)
  Int unit conflicts: 1147411053 (217.76%), FP unit conflicts: 10 (0.00%)
  Load/store unit conflicts: 57114015 (10.84%)
  MSHR conflicts: 34905099 (6.62%)
----------------------------------------
==== System-wide Cache Statistics ====
Stall for miss queue full 0 cycles (0.00%)
----------------------------------------
==== Statistics for Master ID: 0 ====
Reads: 460733079   Writes: 80186613
ICACHE: size: 64 KB assoc: 2
ICACHE: hits:263655785 misses:2853970  Hit Ratio: 98.93%
DCACHE: size: 32 KB assoc: 8
DCACHE: hits:270496428 misses:3913509 writebacks:3912707  Hit Ratio: 98.57%
SCACHE: size: 512 KB assoc: 2
SCACHE: hits:5228995 misses:1538484  Hit Ratio: 77.27%
3CACHE: size: 4096 KB assoc: 2
3CACHE: hits:1230033 misses:308451  Hit Ratio: 79.95%
3CACHE: dirty items replaced:61065
ITLB: size: 48, misses 107386, miss rate 0.04%
DTLB: size: 128, misses 276516, miss rate 0.10%
Avg mem delay: 1.708 cycles
----------------------------------------
==== Statistics for Master ID: 2 ====
Reads: 395939825   Writes: 56793827
ICACHE: size: 64 KB assoc: 2
ICACHE: hits:249114857 misses:41068  Hit Ratio: 99.98%
DCACHE: size: 32 KB assoc: 8
DCACHE: hits:197815523 misses:5762204 writebacks:5577482  Hit Ratio: 97.17%
SCACHE: size: 512 KB assoc: 2
SCACHE: hits:3209232 misses:2594040  Hit Ratio: 55.30%
3CACHE: size: 4096 KB assoc: 2
3CACHE: hits:368409 misses:2225631  Hit Ratio: 14.20%
3CACHE: dirty items replaced:117622
ITLB: size: 48, misses 939, miss rate 0.00%
DTLB: size: 128, misses 150350, miss rate 0.07%
Avg mem delay: 1.708 cycles
----------------------------------------
==== Statistics for Master ID: 3 ====
Reads: 271396482   Writes: 139
ICACHE: size: 64 KB assoc: 2
ICACHE: hits:229024914 misses:340  Hit Ratio: 100.00%
DCACHE: size: 32 KB assoc: 8
DCACHE: hits:42072370 misses:298997 writebacks:8049  Hit Ratio: 99.29%
SCACHE: size: 512 KB assoc: 2
SCACHE: hits:182724 misses:116613  Hit Ratio: 61.04%
3CACHE: size: 4096 KB assoc: 2
3CACHE: hits:87504 misses:29109  Hit Ratio: 75.04%
3CACHE: dirty items replaced:9697
ITLB: size: 48, misses 4, miss rate 0.00%
DTLB: size: 128, misses 11391, miss rate 0.03%
Avg mem delay: 1.708 cycles
----------------------------------------
==== Global Resource Utilization ====
STASH: size: 65536 entries, full 2738299632, empty 51072769, misses 4545112, full rate 98.01
icache bank util. 0.275 0.231 0.157 0.106 0.144 0.190 0.131 0.196 
dcache bank util. 0.120 0.123 0.134 0.124 0.153 0.147 0.169 0.129 
L2 bank util. 0.025 0.025 0.025 0.026 0.026 0.024 0.026 0.031 
L1-L2 bus util. = 0.127, L3 util. = 0.049
----------------------------------------
branch prediction, hits = 152670281, misses = 20416768, hit rate = 88.20%
return_stack prediction, hits = 11251410, misses = 4191, hit rate = 99.96%
jump prediction, hits = 177288453, misses = 18276397, hit rate = 90.65%
total IPC 3.796

=== Results saved to: ./results/gcc-expr_2_gzip-program_1_randacc_1.txt ===
