测试组合（多线程优先）：gzip-program.arg3 + gcc-scilab.arg
执行命令：./smtsim gzip-program.arg3 gcc-scilab.arg
==================================================

SMTCache
Process 0, Thread 0: gzip-program
Process 0, Thread 1: gzip-program
Process 0, Thread 2: gzip-program
Process 3, Thread 3: gcc-scilab

**** Debug Statistics at 1000000 Cycles *****
Threads: 4		Fetch Width: 8
No of useful instructions fetched:	3115844 (38.95% proc util.)
No of total instructions fetched:	4113846 (51.42% proc util.)
 includes 30748 misfetch (0.7%), 967254 (23.5%) wrong-path fetches
 and 0 flushed after failed lock(0.0%)
No of useful instructions issued/executed:	3115801 (38.95% proc util.)
No of total instructions issued/executed:	3464345 (43.30% proc util.)
 includes 348544 wrong-path (10.1%) insts and 0 flushed (0.0%)
	fp 94, 0.00%
	synch 0, 0.00%
	integer 2247924, 64.89%
	load/store 1216327, 35.11%
Avg size of int IQ (before scheduling): 24.27
Avg size of fp IQ (before scheduling): 0.00
No of cycles taken:		1000000
Parallelism [ 2.093, 0.000, 0.000, 1.023,] = 3.116
 IQ conflicts: 33594 (3.36%), FQ conflicts: 0 (0.00%) 
 I reg conflicts: 243870 (24.39%), FP reg conflicts: 0 (0.00%)
  Activelist confs: 23 (0.00%), ROB confs: 5993 (0.60%)
  Int unit conflicts: 1391828 (139.18%), FP unit conflicts: 1 (0.00%)
  Load/store unit conflicts: 244683 (24.47%)
  MSHR conflicts: 262465 (26.25%)
----------------------------------------
==== System-wide Cache Statistics ====
Stall for miss queue full 0 cycles (0.00%)
----------------------------------------
==== Statistics for Master ID: 0 ====
Reads: 1198151   Writes: 287934
ICACHE: size: 64 KB assoc: 2
ICACHE: hits:680935 misses:56  Hit Ratio: 99.99%
DCACHE: size: 32 KB assoc: 8
DCACHE: hits:802956 misses:2138 writebacks:1075  Hit Ratio: 99.73%
SCACHE: size: 512 KB assoc: 2
SCACHE: hits:621 misses:1573  Hit Ratio: 28.30%
3CACHE: size: 4096 KB assoc: 2
3CACHE: hits:121 misses:1452  Hit Ratio: 7.69%
3CACHE: dirty items replaced:0
ITLB: size: 48, misses 12, miss rate 0.00%
DTLB: size: 128, misses 43, miss rate 0.01%
Avg mem delay: 1.354 cycles
----------------------------------------
==== Statistics for Master ID: 3 ====
Reads: 664534   Writes: 161839
ICACHE: size: 64 KB assoc: 2
ICACHE: hits:412861 misses:2594  Hit Ratio: 99.38%
DCACHE: size: 32 KB assoc: 8
DCACHE: hits:407164 misses:3754 writebacks:2969  Hit Ratio: 99.09%
SCACHE: size: 512 KB assoc: 2
SCACHE: hits:776 misses:5572  Hit Ratio: 12.22%
3CACHE: size: 4096 KB assoc: 2
3CACHE: hits:139 misses:5433  Hit Ratio: 2.49%
3CACHE: dirty items replaced:0
ITLB: size: 48, misses 159, miss rate 0.04%
DTLB: size: 128, misses 221, miss rate 0.05%
Avg mem delay: 1.354 cycles
----------------------------------------
==== Global Resource Utilization ====
STASH: size: 65536 entries, full 504572514, empty 62355, misses 5749, full rate 99.99
icache bank util. 0.098 0.093 0.096 0.150 0.168 0.198 0.179 0.123 
dcache bank util. 0.083 0.070 0.193 0.070 0.417 0.086 0.222 0.104 
L2 bank util. 0.011 0.011 0.010 0.010 0.010 0.010 0.010 0.011 
L1-L2 bus util. = 0.038, L3 util. = 0.069
----------------------------------------
branch prediction, hits = 188509, misses = 29511, hit rate = 86.46%
return_stack prediction, hits = 45418, misses = 24, hit rate = 99.95%
jump prediction, hits = 316746, misses = 7456, hit rate = 97.70%
 dgelq2_ dgelqf_ dgels_
**** Debug Statistics at 101000000 Cycles *****
Threads: 4		Fetch Width: 8
No of useful instructions fetched:	332442961 (41.14% proc util.)
No of total instructions fetched:	536304477 (66.37% proc util.)
 includes 18622171 misfetch (3.5%), 185239345 (34.5%) wrong-path fetches
 and 0 flushed after failed lock(0.0%)
No of useful instructions issued/executed:	332442930 (41.14% proc util.)
No of total instructions issued/executed:	418688693 (51.82% proc util.)
 includes 86245763 wrong-path (20.6%) insts and 0 flushed (0.0%)
	fp 6277, 0.00%
	synch 0, 0.00%
	integer 285477393, 68.18%
	load/store 133205023, 31.81%
Avg size of int IQ (before scheduling): 27.80
Avg size of fp IQ (before scheduling): 0.00
No of cycles taken:		101000000
Parallelism [ 2.015, 0.000, 0.000, 1.277,] = 3.292
 IQ conflicts: 2218745 (2.20%), FQ conflicts: 0 (0.00%) 
 I reg conflicts: 12820620 (12.69%), FP reg conflicts: 0 (0.00%)
  Activelist confs: 1807 (0.00%), ROB confs: 75287 (0.07%)
  Int unit conflicts: 143945413 (142.52%), FP unit conflicts: 15 (0.00%)
  Load/store unit conflicts: 22006067 (21.79%)
  MSHR conflicts: 22873343 (22.65%)
----------------------------------------
==== System-wide Cache Statistics ====
Stall for miss queue full 0 cycles (0.00%)
----------------------------------------
==== Statistics for Master ID: 0 ====
Reads: 126773923   Writes: 16251988
ICACHE: size: 64 KB assoc: 2
ICACHE: hits:79530389 misses:13550  Hit Ratio: 99.98%
DCACHE: size: 32 KB assoc: 8
DCACHE: hits:62225421 misses:1256551 writebacks:1255424  Hit Ratio: 98.02%
SCACHE: size: 512 KB assoc: 2
SCACHE: hits:1119686 misses:150415  Hit Ratio: 88.16%
3CACHE: size: 4096 KB assoc: 2
3CACHE: hits:115161 misses:35254  Hit Ratio: 76.56%
3CACHE: dirty items replaced:1346
ITLB: size: 48, misses 385, miss rate 0.00%
DTLB: size: 128, misses 14634, miss rate 0.02%
Avg mem delay: 1.249 cycles
----------------------------------------
==== Statistics for Master ID: 3 ====
Reads: 119905301   Writes: 19433374
ICACHE: size: 64 KB assoc: 2
ICACHE: hits:69047476 misses:830439  Hit Ratio: 98.81%
DCACHE: size: 32 KB assoc: 8
DCACHE: hits:68596790 misses:863970 writebacks:863161  Hit Ratio: 98.76%
SCACHE: size: 512 KB assoc: 2
SCACHE: hits:1317001 misses:377408  Hit Ratio: 77.73%
3CACHE: size: 4096 KB assoc: 2
3CACHE: hits:287339 misses:90069  Hit Ratio: 76.13%
3CACHE: dirty items replaced:7465
ITLB: size: 48, misses 40773, miss rate 0.06%
DTLB: size: 128, misses 75380, miss rate 0.11%
Avg mem delay: 1.249 cycles
----------------------------------------
==== Global Resource Utilization ====
STASH: size: 65536 entries, full 1087202237, empty 15286262, misses 1333006, full rate 98.49
icache bank util. 0.179 0.146 0.133 0.162 0.215 0.248 0.210 0.212 
dcache bank util. 0.142 0.176 0.203 0.187 0.222 0.127 0.229 0.157 
L2 bank util. 0.029 0.029 0.028 0.029 0.029 0.026 0.027 0.034 
L1-L2 bus util. = 0.151, L3 util. = 0.012
----------------------------------------
branch prediction, hits = 25556021, misses = 5208362, hit rate = 83.07%
return_stack prediction, hits = 3128581, misses = 2192, hit rate = 99.93%
jump prediction, hits = 28747826, misses = 4016671, hit rate = 87.74%

**** Debug Statistics at 201000000 Cycles *****
Threads: 4		Fetch Width: 8
No of useful instructions fetched:	676796098 (42.09% proc util.)
No of total instructions fetched:	1089568328 (67.76% proc util.)
 includes 39148323 misfetch (3.6%), 373623907 (34.3%) wrong-path fetches
 and 0 flushed after failed lock(0.0%)
No of useful instructions issued/executed:	676796025 (42.09% proc util.)
No of total instructions issued/executed:	847588789 (52.71% proc util.)
 includes 170792764 wrong-path (20.2%) insts and 0 flushed (0.0%)
	fp 22810, 0.00%
	synch 0, 0.00%
	integer 577920988, 68.18%
	load/store 269644991, 31.81%
Avg size of int IQ (before scheduling): 27.82
Avg size of fp IQ (before scheduling): 0.00
No of cycles taken:		201000000
Parallelism [ 2.006, 0.000, 0.000, 1.361,] = 3.367
 IQ conflicts: 4413621 (2.20%), FQ conflicts: 0 (0.00%) 
 I reg conflicts: 23292585 (11.59%), FP reg conflicts: 0 (0.00%)
  Activelist confs: 4356 (0.00%), ROB confs: 194335 (0.10%)
  Int unit conflicts: 305212130 (151.85%), FP unit conflicts: 15 (0.00%)
  Load/store unit conflicts: 47578760 (23.67%)
  MSHR conflicts: 57146025 (28.43%)
----------------------------------------
==== System-wide Cache Statistics ====
Stall for miss queue full 0 cycles (0.00%)
----------------------------------------
==== Statistics for Master ID: 0 ====
Reads: 252115006   Writes: 31866855
ICACHE: size: 64 KB assoc: 2
ICACHE: hits:159689358 misses:26300  Hit Ratio: 99.98%
DCACHE: size: 32 KB assoc: 8
DCACHE: hits:121944041 misses:2322162 writebacks:2321035  Hit Ratio: 98.13%
SCACHE: size: 512 KB assoc: 2
SCACHE: hits:2065465 misses:282997  Hit Ratio: 87.95%
3CACHE: size: 4096 KB assoc: 2
3CACHE: hits:212916 misses:70081  Hit Ratio: 75.24%
3CACHE: dirty items replaced:8102
ITLB: size: 48, misses 619, miss rate 0.00%
DTLB: size: 128, misses 32482, miss rate 0.03%
Avg mem delay: 1.272 cycles
----------------------------------------
==== Statistics for Master ID: 3 ====
Reads: 251131407   Writes: 40071209
ICACHE: size: 64 KB assoc: 2
ICACHE: hits:144873328 misses:1543068  Hit Ratio: 98.95%
DCACHE: size: 32 KB assoc: 8
DCACHE: hits:142899150 misses:1887070 writebacks:1886261  Hit Ratio: 98.70%
SCACHE: size: 512 KB assoc: 2
SCACHE: hits:2721609 misses:708529  Hit Ratio: 79.34%
3CACHE: size: 4096 KB assoc: 2
3CACHE: hits:570747 misses:137782  Hit Ratio: 80.55%
3CACHE: dirty items replaced:20243
ITLB: size: 48, misses 53925, miss rate 0.04%
DTLB: size: 128, misses 160108, miss rate 0.11%
Avg mem delay: 1.272 cycles
----------------------------------------
==== Global Resource Utilization ====
STASH: size: 65536 entries, full 1692890767, empty 28886914, misses 2527185, full rate 98.18
icache bank util. 0.183 0.154 0.138 0.165 0.221 0.256 0.212 0.218 
dcache bank util. 0.152 0.169 0.190 0.184 0.235 0.133 0.235 0.167 
L2 bank util. 0.028 0.029 0.027 0.029 0.028 0.026 0.027 0.032 
L1-L2 bus util. = 0.149, L3 util. = 0.010
----------------------------------------
branch prediction, hits = 53255166, misses = 10790030, hit rate = 83.15%
return_stack prediction, hits = 6161591, misses = 2410, hit rate = 99.96%
jump prediction, hits = 58559297, misses = 8357091, hit rate = 87.51%
 dgemm_ dgemv_
**** Debug Statistics at 301000000 Cycles *****
Threads: 4		Fetch Width: 8
No of useful instructions fetched:	1022190812 (42.45% proc util.)
No of total instructions fetched:	1622035933 (67.36% proc util.)
 includes 54902045 misfetch (3.4%), 544943076 (33.6%) wrong-path fetches
 and 0 flushed after failed lock(0.0%)
No of useful instructions issued/executed:	1022190758 (42.45% proc util.)
No of total instructions issued/executed:	1272346850 (52.84% proc util.)
 includes 250156092 wrong-path (19.7%) insts and 0 flushed (0.0%)
	fp 27265, 0.00%
	synch 0, 0.00%
	integer 868282088, 68.24%
	load/store 404037497, 31.76%
Avg size of int IQ (before scheduling): 28.28
Avg size of fp IQ (before scheduling): 0.00
No of cycles taken:		301000000
Parallelism [ 2.019, 0.000, 0.000, 1.377,] = 3.396
 IQ conflicts: 6775150 (2.25%), FQ conflicts: 0 (0.00%) 
 I reg conflicts: 36175384 (12.02%), FP reg conflicts: 0 (0.00%)
  Activelist confs: 5761 (0.00%), ROB confs: 424405 (0.14%)
  Int unit conflicts: 469424779 (155.96%), FP unit conflicts: 15 (0.00%)
  Load/store unit conflicts: 72759848 (24.17%)
  MSHR conflicts: 88188693 (29.30%)
----------------------------------------
==== System-wide Cache Statistics ====
Stall for miss queue full 0 cycles (0.00%)
----------------------------------------
==== Statistics for Master ID: 0 ====
Reads: 376065874   Writes: 47971025
ICACHE: size: 64 KB assoc: 2
ICACHE: hits:237755722 misses:38806  Hit Ratio: 99.98%
DCACHE: size: 32 KB assoc: 8
DCACHE: hits:182791264 misses:3451107 writebacks:3449980  Hit Ratio: 98.15%
SCACHE: size: 512 KB assoc: 2
SCACHE: hits:3045423 misses:444490  Hit Ratio: 87.26%
3CACHE: size: 4096 KB assoc: 2
3CACHE: hits:339826 misses:104664  Hit Ratio: 76.45%
3CACHE: dirty items replaced:19809
ITLB: size: 48, misses 1006, miss rate 0.00%
DTLB: size: 128, misses 46974, miss rate 0.03%
Avg mem delay: 1.272 cycles
----------------------------------------
==== Statistics for Master ID: 3 ====
Reads: 373723784   Writes: 61124189
ICACHE: size: 64 KB assoc: 2
ICACHE: hits:215604405 misses:2234039  Hit Ratio: 98.97%
DCACHE: size: 32 KB assoc: 8
DCACHE: hits:214111058 misses:2898471 writebacks:2897662  Hit Ratio: 98.66%
SCACHE: size: 512 KB assoc: 2
SCACHE: hits:4036406 misses:1096104  Hit Ratio: 78.64%
3CACHE: size: 4096 KB assoc: 2
3CACHE: hits:890400 misses:205704  Hit Ratio: 81.23%
3CACHE: dirty items replaced:47931
ITLB: size: 48, misses 85692, miss rate 0.04%
DTLB: size: 128, misses 236952, miss rate 0.11%
Avg mem delay: 1.272 cycles
----------------------------------------
==== Global Resource Utilization ====
STASH: size: 65536 entries, full 2274645600, empty 43130639, misses 3763075, full rate 97.98
icache bank util. 0.181 0.152 0.138 0.166 0.219 0.253 0.210 0.216 
dcache bank util. 0.152 0.169 0.191 0.181 0.233 0.139 0.235 0.166 
L2 bank util. 0.028 0.029 0.028 0.029 0.028 0.026 0.027 0.032 
L1-L2 bus util. = 0.149, L3 util. = 0.010
----------------------------------------
branch prediction, hits = 80811559, misses = 15491269, hit rate = 83.91%
return_stack prediction, hits = 9274332, misses = 5160, hit rate = 99.94%
jump prediction, hits = 89321776, misses = 11812822, hit rate = 88.32%
 dgeqr2_ dgeqrf_ dger_
**** Debug Statistics at 401000000 Cycles *****
Threads: 4		Fetch Width: 8
No of useful instructions fetched:	1361578496 (42.44% proc util.)
No of total instructions fetched:	2171044562 (67.68% proc util.)
 includes 73565556 misfetch (3.4%), 735900510 (33.9%) wrong-path fetches
 and 0 flushed after failed lock(0.0%)
No of useful instructions issued/executed:	1361578472 (42.44% proc util.)
No of total instructions issued/executed:	1699499790 (52.98% proc util.)
 includes 337921318 wrong-path (19.9%) insts and 0 flushed (0.0%)
	fp 37025, 0.00%
	synch 0, 0.00%
	integer 1158654844, 68.18%
	load/store 540807921, 31.82%
Avg size of int IQ (before scheduling): 28.08
Avg size of fp IQ (before scheduling): 0.00
No of cycles taken:		401000000
Parallelism [ 2.016, 0.000, 0.000, 1.379,] = 3.395
 IQ conflicts: 8340602 (2.08%), FQ conflicts: 0 (0.00%) 
 I reg conflicts: 47256466 (11.78%), FP reg conflicts: 0 (0.00%)
  Activelist confs: 7790 (0.00%), ROB confs: 532013 (0.13%)
  Int unit conflicts: 626320046 (156.19%), FP unit conflicts: 17 (0.00%)
  Load/store unit conflicts: 95910487 (23.92%)
  MSHR conflicts: 108135691 (26.97%)
----------------------------------------
==== System-wide Cache Statistics ====
Stall for miss queue full 0 cycles (0.00%)
----------------------------------------
==== Statistics for Master ID: 0 ====
Reads: 503136610   Writes: 64108517
ICACHE: size: 64 KB assoc: 2
ICACHE: hits:318303460 misses:51612  Hit Ratio: 99.98%
DCACHE: size: 32 KB assoc: 8
DCACHE: hits:244190497 misses:4699558 writebacks:4698431  Hit Ratio: 98.11%
SCACHE: size: 512 KB assoc: 2
SCACHE: hits:4170376 misses:580794  Hit Ratio: 87.78%
3CACHE: size: 4096 KB assoc: 2
3CACHE: hits:440033 misses:140761  Hit Ratio: 75.76%
3CACHE: dirty items replaced:36825
ITLB: size: 48, misses 1350, miss rate 0.00%
DTLB: size: 128, misses 60803, miss rate 0.02%
Avg mem delay: 1.260 cycles
----------------------------------------
==== Statistics for Master ID: 3 ====
Reads: 501222315   Writes: 81547827
ICACHE: size: 64 KB assoc: 2
ICACHE: hits:288953415 misses:2950291  Hit Ratio: 98.99%
DCACHE: size: 32 KB assoc: 8
DCACHE: hits:287191811 misses:3674625 writebacks:3673816  Hit Ratio: 98.74%
SCACHE: size: 512 KB assoc: 2
SCACHE: hits:5226861 misses:1398055  Hit Ratio: 78.90%
3CACHE: size: 4096 KB assoc: 2
3CACHE: hits:1126107 misses:271948  Hit Ratio: 80.55%
3CACHE: dirty items replaced:82939
ITLB: size: 48, misses 111277, miss rate 0.04%
DTLB: size: 128, misses 311903, miss rate 0.11%
Avg mem delay: 1.260 cycles
----------------------------------------
==== Global Resource Utilization ====
STASH: size: 65536 entries, full 2876432823, empty 57329672, misses 5005629, full rate 97.88
icache bank util. 0.182 0.153 0.139 0.167 0.221 0.254 0.211 0.218 
dcache bank util. 0.153 0.170 0.192 0.180 0.233 0.138 0.236 0.170 
L2 bank util. 0.028 0.029 0.027 0.029 0.028 0.026 0.027 0.032 
L1-L2 bus util. = 0.148, L3 util. = 0.010
----------------------------------------
branch prediction, hits = 107380776, misses = 20889764, hit rate = 83.71%
return_stack prediction, hits = 12453925, misses = 6730, hit rate = 99.95%
jump prediction, hits = 119029520, misses = 15833507, hit rate = 88.26%
 dlabad_ dlacon_ dlae2_ dlaev2_ dlamch_ dlamc1_ dlamc2_
**** Debug Statistics at 501000000 Cycles *****
Threads: 4		Fetch Width: 8
No of useful instructions fetched:	1701014748 (42.44% proc util.)
No of total instructions fetched:	2723448979 (67.95% proc util.)
 includes 93731931 misfetch (3.4%), 928702300 (34.1%) wrong-path fetches
 and 0 flushed after failed lock(0.0%)
No of useful instructions issued/executed:	1701014702 (42.44% proc util.)
No of total instructions issued/executed:	2126114006 (53.05% proc util.)
 includes 425099304 wrong-path (20.0%) insts and 0 flushed (0.0%)
	fp 57083, 0.00%
	synch 0, 0.00%
	integer 1450103287, 68.20%
	load/store 675953636, 31.79%
Avg size of int IQ (before scheduling): 27.87
Avg size of fp IQ (before scheduling): 0.00
No of cycles taken:		501000000
Parallelism [ 2.026, 0.000, 0.000, 1.369,] = 3.395
 IQ conflicts: 9476606 (1.89%), FQ conflicts: 0 (0.00%) 
 I reg conflicts: 58004203 (11.58%), FP reg conflicts: 0 (0.00%)
  Activelist confs: 11184 (0.00%), ROB confs: 608622 (0.12%)
  Int unit conflicts: 774361311 (154.56%), FP unit conflicts: 23 (0.00%)
  Load/store unit conflicts: 117421504 (23.44%)
  MSHR conflicts: 127304580 (25.41%)
----------------------------------------
==== System-wide Cache Statistics ====
Stall for miss queue full 0 cycles (0.00%)
----------------------------------------
==== Statistics for Master ID: 0 ====
Reads: 631758435   Writes: 80252099
ICACHE: size: 64 KB assoc: 2
ICACHE: hits:399707310 misses:64676  Hit Ratio: 99.98%
DCACHE: size: 32 KB assoc: 8
DCACHE: hits:306432670 misses:5805878 writebacks:5804751  Hit Ratio: 98.14%
SCACHE: size: 512 KB assoc: 2
SCACHE: hits:5154508 misses:716046  Hit Ratio: 87.80%
3CACHE: size: 4096 KB assoc: 2
3CACHE: hits:542962 misses:173084  Hit Ratio: 75.83%
3CACHE: dirty items replaced:52267
ITLB: size: 48, misses 1755, miss rate 0.00%
DTLB: size: 128, misses 75245, miss rate 0.02%
Avg mem delay: 1.244 cycles
----------------------------------------
==== Statistics for Master ID: 3 ====
Reads: 625923350   Writes: 101205315
ICACHE: size: 64 KB assoc: 2
ICACHE: hits:360968085 misses:3796168  Hit Ratio: 98.96%
DCACHE: size: 32 KB assoc: 8
DCACHE: hits:358017384 misses:4347028 writebacks:4346219  Hit Ratio: 98.80%
SCACHE: size: 512 KB assoc: 2
SCACHE: hits:6430367 misses:1712828  Hit Ratio: 78.97%
3CACHE: size: 4096 KB assoc: 2
3CACHE: hits:1383430 misses:329398  Hit Ratio: 80.77%
3CACHE: dirty items replaced:114279
ITLB: size: 48, misses 148566, miss rate 0.04%
DTLB: size: 128, misses 382108, miss rate 0.11%
Avg mem delay: 1.244 cycles
----------------------------------------
==== Global Resource Utilization ====
STASH: size: 65536 entries, full 3479799719, empty 73735427, misses 6426168, full rate 97.75
icache bank util. 0.183 0.153 0.140 0.168 0.221 0.254 0.213 0.218 
dcache bank util. 0.152 0.170 0.191 0.179 0.234 0.140 0.234 0.168 
L2 bank util. 0.027 0.028 0.027 0.028 0.027 0.025 0.026 0.031 
L1-L2 bus util. = 0.145, L3 util. = 0.010
----------------------------------------
branch prediction, hits = 133243824, misses = 26530773, hit rate = 83.39%
return_stack prediction, hits = 15636076, misses = 9048, hit rate = 99.94%
jump prediction, hits = 148073499, misses = 20144501, hit rate = 88.02%
 dlamc3_ dlamc4_ dlamc5_ dlange_
**** Early Exiting at 587871489 Cycles *****
========================================
 SMTSIM Global Statistics
========================================
Threads: 4		Fetch Width: 8
No of useful instructions fetched:	2000000023 (42.53% proc util.)
No of total instructions fetched:	3196050714 (67.96% proc util.)
 includes 110350274 misfetch (3.5%), 1085700417 (34.0%) wrong-path fetches
 and 0 flushed after failed lock(0.0%)
No of useful instructions issued/executed:	2000000017 (42.53% proc util.)
No of total instructions issued/executed:	2496824529 (53.09% proc util.)
 includes 496824512 wrong-path (19.9%) insts and 0 flushed (0.0%)
	fp 75243, 0.00%
	synch 0, 0.00%
	integer 1703056972, 68.21%
	load/store 793692314, 31.79%
Avg size of int IQ (before scheduling): 27.92
Avg size of fp IQ (before scheduling): 0.00
No of cycles taken:		587871489
Parallelism [ 2.033, 0.000, 0.000, 1.369,] = 3.402
 IQ conflicts: 10885058 (1.85%), FQ conflicts: 0 (0.00%) 
 I reg conflicts: 68301161 (11.62%), FP reg conflicts: 0 (0.00%)
  Activelist confs: 12919 (0.00%), ROB confs: 692689 (0.12%)
  Int unit conflicts: 911438672 (155.04%), FP unit conflicts: 29 (0.00%)
  Load/store unit conflicts: 137566733 (23.40%)
  MSHR conflicts: 149257799 (25.39%)
----------------------------------------
==== System-wide Cache Statistics ====
Stall for miss queue full 0 cycles (0.00%)
----------------------------------------
==== Statistics for Master ID: 0 ====
Reads: 741380636   Writes: 94202979
ICACHE: size: 64 KB assoc: 2
ICACHE: hits:469007868 misses:74999  Hit Ratio: 99.98%
DCACHE: size: 32 KB assoc: 8
DCACHE: hits:359726268 misses:6774480 writebacks:6773353  Hit Ratio: 98.15%
SCACHE: size: 512 KB assoc: 2
SCACHE: hits:6003583 misses:845896  Hit Ratio: 87.65%
3CACHE: size: 4096 KB assoc: 2
3CACHE: hits:642750 misses:203146  Hit Ratio: 75.98%
3CACHE: dirty items replaced:71327
ITLB: size: 48, misses 2067, miss rate 0.00%
DTLB: size: 128, misses 88452, miss rate 0.02%
Avg mem delay: 1.241 cycles
----------------------------------------
==== Statistics for Master ID: 3 ====
Reads: 734610364   Writes: 118813553
ICACHE: size: 64 KB assoc: 2
ICACHE: hits:423341056 misses:4471325  Hit Ratio: 98.95%
DCACHE: size: 32 KB assoc: 8
DCACHE: hits:420552524 misses:5059012 writebacks:5058203  Hit Ratio: 98.81%
SCACHE: size: 512 KB assoc: 2
SCACHE: hits:7515096 misses:2015241  Hit Ratio: 78.85%
3CACHE: size: 4096 KB assoc: 2
3CACHE: hits:1629712 misses:385529  Hit Ratio: 80.87%
3CACHE: dirty items replaced:149828
ITLB: size: 48, misses 175127, miss rate 0.04%
DTLB: size: 128, misses 447892, miss rate 0.11%
Avg mem delay: 1.241 cycles
----------------------------------------
==== Global Resource Utilization ====
STASH: size: 65536 entries, full 3995857128, empty 87196336, misses 7594143, full rate 97.68
icache bank util. 0.183 0.152 0.140 0.169 0.221 0.254 0.212 0.218 
dcache bank util. 0.154 0.169 0.189 0.177 0.232 0.141 0.236 0.170 
L2 bank util. 0.027 0.028 0.027 0.028 0.027 0.025 0.026 0.031 
L1-L2 bus util. = 0.144, L3 util. = 0.010
----------------------------------------
branch prediction, hits = 156661336, misses = 30974003, hit rate = 83.49%
return_stack prediction, hits = 18368355, misses = 10937, hit rate = 99.94%
jump prediction, hits = 173915440, misses = 23674885, hit rate = 88.02%
total IPC 3.402

=== Results saved to: ./results/gzip-program_3_gcc-scilab_1.txt ===
