测试组合（多线程优先）：gcc-scilab.arg3 + gcc-166.arg
执行命令：./smtsim gcc-scilab.arg3 gcc-166.arg
==================================================

 dgelq2_ dgelqf_ dgels_ dgemm_ dgemv_ dgeqr2_ dgeqrf_SMTCache
Process 0, Thread 0: gcc-scilab
Process 0, Thread 1: gcc-scilab
Process 0, Thread 2: gcc-scilab
Process 3, Thread 3: gcc-166

**** Debug Statistics at 1000000 Cycles *****
Threads: 4		Fetch Width: 8
No of useful instructions fetched:	1860580 (23.26% proc util.)
No of total instructions fetched:	3459193 (43.24% proc util.)
 includes 268705 misfetch (7.8%), 1329908 (38.4%) wrong-path fetches
 and 0 flushed after failed lock(0.0%)
No of useful instructions issued/executed:	1860571 (23.26% proc util.)
No of total instructions issued/executed:	2499073 (31.24% proc util.)
 includes 638502 wrong-path (25.5%) insts and 0 flushed (0.0%)
	fp 78, 0.00%
	synch 0, 0.00%
	integer 1548289, 61.95%
	load/store 950706, 38.04%
Avg size of int IQ (before scheduling): 16.05
Avg size of fp IQ (before scheduling): 0.00
No of cycles taken:		1000000
Parallelism [ 0.855, 0.000, 0.000, 1.005,] = 1.861
 IQ conflicts: 22670 (2.27%), FQ conflicts: 0 (0.00%) 
 I reg conflicts: 218521 (21.85%), FP reg conflicts: 0 (0.00%)
  Activelist confs: 716 (0.07%), ROB confs: 9547 (0.95%)
  Int unit conflicts: 656386 (65.64%), FP unit conflicts: 0 (0.00%)
  Load/store unit conflicts: 251968 (25.20%)
  MSHR conflicts: 290117 (29.01%)
----------------------------------------
==== System-wide Cache Statistics ====
Stall for miss queue full 0 cycles (0.00%)
----------------------------------------
==== Statistics for Master ID: 0 ====
Reads: 911514   Writes: 136776
ICACHE: size: 64 KB assoc: 2
ICACHE: hits:507557 misses:9551  Hit Ratio: 98.15%
DCACHE: size: 32 KB assoc: 8
DCACHE: hits:526456 misses:4726 writebacks:3505  Hit Ratio: 99.11%
SCACHE: size: 512 KB assoc: 2
SCACHE: hits:10239 misses:4038  Hit Ratio: 71.72%
3CACHE: size: 4096 KB assoc: 2
3CACHE: hits:1231 misses:2807  Hit Ratio: 30.49%
3CACHE: dirty items replaced:3
ITLB: size: 48, misses 213, miss rate 0.04%
DTLB: size: 128, misses 577, miss rate 0.11%
Avg mem delay: 1.841 cycles
----------------------------------------
==== Statistics for Master ID: 3 ====
Reads: 650659   Writes: 164708
ICACHE: size: 64 KB assoc: 2
ICACHE: hits:394809 misses:4904  Hit Ratio: 98.77%
DCACHE: size: 32 KB assoc: 8
DCACHE: hits:412021 misses:3633 writebacks:2841  Hit Ratio: 99.13%
SCACHE: size: 512 KB assoc: 2
SCACHE: hits:2733 misses:5803  Hit Ratio: 32.02%
3CACHE: size: 4096 KB assoc: 2
3CACHE: hits:437 misses:5366  Hit Ratio: 7.53%
3CACHE: dirty items replaced:1
ITLB: size: 48, misses 297, miss rate 0.07%
DTLB: size: 128, misses 373, miss rate 0.09%
Avg mem delay: 1.841 cycles
----------------------------------------
==== Global Resource Utilization ====
STASH: size: 65536 entries, full 475508068, empty 25380325, misses 2981254, full rate 94.37
icache bank util. 0.125 0.124 0.130 0.131 0.112 0.111 0.119 0.107 
dcache bank util. 0.097 0.099 0.078 0.090 0.096 0.112 0.203 0.215 
L2 bank util. 0.022 0.023 0.021 0.024 0.022 0.021 0.020 0.020 
L1-L2 bus util. = 0.087, L3 util. = 0.082
----------------------------------------
branch prediction, hits = 198061, misses = 40511, hit rate = 83.02%
return_stack prediction, hits = 31198, misses = 22, hit rate = 99.93%
jump prediction, hits = 183009, misses = 52588, hit rate = 77.68%
 __sigismember __sigaddset __sigdelset mem_access_latency dl1_access_fn dl2_access_fn il1_access_fn il2_access_fn itlb_access_fn dtlb_access_fn sim_reg_options dger_ sim_check_options dlabad_ dlacon_
**** Debug Statistics at 101000000 Cycles *****
Threads: 4		Fetch Width: 8
No of useful instructions fetched:	192899621 (23.87% proc util.)
No of total instructions fetched:	393678410 (48.72% proc util.)
 includes 32398853 misfetch (8.2%), 168379936 (42.8%) wrong-path fetches
 and 0 flushed after failed lock(0.0%)
No of useful instructions issued/executed:	192899609 (23.87% proc util.)
No of total instructions issued/executed:	279254616 (34.56% proc util.)
 includes 86355007 wrong-path (30.9%) insts and 0 flushed (0.0%)
	fp 25398, 0.01%
	synch 0, 0.00%
	integer 174397888, 62.45%
	load/store 104831330, 37.54%
Avg size of int IQ (before scheduling): 19.07
Avg size of fp IQ (before scheduling): 0.01
No of cycles taken:		101000000
Parallelism [ 1.020, 0.000, 0.000, 0.890,] = 1.910
 IQ conflicts: 5915606 (5.86%), FQ conflicts: 0 (0.00%) 
 I reg conflicts: 12558628 (12.43%), FP reg conflicts: 0 (0.00%)
  Activelist confs: 12128 (0.01%), ROB confs: 151295 (0.15%)
  Int unit conflicts: 68743358 (68.06%), FP unit conflicts: 17 (0.00%)
  Load/store unit conflicts: 21381186 (21.17%)
  MSHR conflicts: 9907028 (9.81%)
----------------------------------------
==== System-wide Cache Statistics ====
Stall for miss queue full 0 cycles (0.00%)
----------------------------------------
==== Statistics for Master ID: 0 ====
Reads: 96605497   Writes: 15492090
ICACHE: size: 64 KB assoc: 2
ICACHE: hits:53559165 misses:1397571  Hit Ratio: 97.46%
DCACHE: size: 32 KB assoc: 8
DCACHE: hits:56567382 misses:573469 writebacks:572216  Hit Ratio: 99.00%
SCACHE: size: 512 KB assoc: 2
SCACHE: hits:1619194 misses:351845  Hit Ratio: 82.15%
3CACHE: size: 4096 KB assoc: 2
3CACHE: hits:278759 misses:73086  Hit Ratio: 79.23%
3CACHE: dirty items replaced:9857
ITLB: size: 48, misses 102185, miss rate 0.19%
DTLB: size: 128, misses 107385, miss rate 0.19%
Avg mem delay: 1.680 cycles
----------------------------------------
==== Statistics for Master ID: 3 ====
Reads: 83454072   Writes: 12275590
ICACHE: size: 64 KB assoc: 2
ICACHE: hits:47061061 misses:1438440  Hit Ratio: 97.03%
DCACHE: size: 32 KB assoc: 8
DCACHE: hits:45990262 misses:1239899 writebacks:1239095  Hit Ratio: 97.37%
SCACHE: size: 512 KB assoc: 2
SCACHE: hits:2248232 misses:430106  Hit Ratio: 83.94%
3CACHE: size: 4096 KB assoc: 2
3CACHE: hits:326678 misses:103428  Hit Ratio: 75.95%
3CACHE: dirty items replaced:7818
ITLB: size: 48, misses 134396, miss rate 0.28%
DTLB: size: 128, misses 155272, miss rate 0.33%
Avg mem delay: 1.680 cycles
----------------------------------------
==== Global Resource Utilization ====
STASH: size: 65536 entries, full 888069853, empty 48059147, misses 4900461, full rate 94.37
icache bank util. 0.152 0.142 0.133 0.137 0.139 0.133 0.136 0.138 
dcache bank util. 0.152 0.154 0.143 0.141 0.132 0.130 0.137 0.153 
L2 bank util. 0.040 0.042 0.039 0.040 0.040 0.037 0.038 0.039 
L1-L2 bus util. = 0.192, L3 util. = 0.017
----------------------------------------
branch prediction, hits = 21610740, misses = 4880165, hit rate = 81.58%
return_stack prediction, hits = 2531663, misses = 2726, hit rate = 99.89%
jump prediction, hits = 17676454, misses = 6810903, hit rate = 72.19%
 dlae2_ dlaev2_ dlamch_
**** Debug Statistics at 201000000 Cycles *****
Threads: 4		Fetch Width: 8
No of useful instructions fetched:	384628976 (23.92% proc util.)
No of total instructions fetched:	819221380 (50.95% proc util.)
 includes 81031447 misfetch (9.9%), 353560957 (43.2%) wrong-path fetches
 and 0 flushed after failed lock(0.0%)
No of useful instructions issued/executed:	384628974 (23.92% proc util.)
No of total instructions issued/executed:	561646250 (34.93% proc util.)
 includes 177017276 wrong-path (31.5%) insts and 0 flushed (0.0%)
	fp 36671, 0.01%
	synch 0, 0.00%
	integer 347208409, 61.82%
	load/store 214401170, 38.17%
Avg size of int IQ (before scheduling): 16.10
Avg size of fp IQ (before scheduling): 0.01
No of cycles taken:		201000000
Parallelism [ 0.987, 0.000, 0.000, 0.927,] = 1.914
 IQ conflicts: 7146420 (3.56%), FQ conflicts: 0 (0.00%) 
 I reg conflicts: 17606325 (8.76%), FP reg conflicts: 0 (0.00%)
  Activelist confs: 21470 (0.01%), ROB confs: 243955 (0.12%)
  Int unit conflicts: 123970452 (61.68%), FP unit conflicts: 23 (0.00%)
  Load/store unit conflicts: 44381606 (22.08%)
  MSHR conflicts: 15395067 (7.66%)
----------------------------------------
==== System-wide Cache Statistics ====
Stall for miss queue full 0 cycles (0.00%)
----------------------------------------
==== Statistics for Master ID: 0 ====
Reads: 187674685   Writes: 29758591
ICACHE: size: 64 KB assoc: 2
ICACHE: hits:104314964 misses:3385142  Hit Ratio: 96.86%
DCACHE: size: 32 KB assoc: 8
DCACHE: hits:108672063 misses:1061107 writebacks:1059854  Hit Ratio: 99.03%
SCACHE: size: 512 KB assoc: 2
SCACHE: hits:3574987 misses:871262  Hit Ratio: 80.40%
3CACHE: size: 4096 KB assoc: 2
3CACHE: hits:741708 misses:129554  Hit Ratio: 85.13%
3CACHE: dirty items replaced:31726
ITLB: size: 48, misses 221813, miss rate 0.21%
DTLB: size: 128, misses 211173, miss rate 0.19%
Avg mem delay: 1.551 cycles
----------------------------------------
==== Statistics for Master ID: 3 ====
Reads: 182011623   Writes: 27241093
ICACHE: size: 64 KB assoc: 2
ICACHE: hits:102161166 misses:3552979  Hit Ratio: 96.64%
DCACHE: size: 32 KB assoc: 8
DCACHE: hits:101730857 misses:1807714 writebacks:1806910  Hit Ratio: 98.25%
SCACHE: size: 512 KB assoc: 2
SCACHE: hits:4440384 misses:920309  Hit Ratio: 82.83%
3CACHE: size: 4096 KB assoc: 2
3CACHE: hits:785002 misses:135306  Hit Ratio: 85.30%
3CACHE: dirty items replaced:22708
ITLB: size: 48, misses 220042, miss rate 0.21%
DTLB: size: 128, misses 259042, miss rate 0.25%
Avg mem delay: 1.551 cycles
----------------------------------------
==== Global Resource Utilization ====
STASH: size: 65536 entries, full 1338793342, empty 72417515, misses 6992052, full rate 94.40
icache bank util. 0.155 0.149 0.140 0.147 0.150 0.144 0.142 0.138 
dcache bank util. 0.142 0.141 0.137 0.135 0.149 0.165 0.141 0.135 
L2 bank util. 0.038 0.044 0.041 0.044 0.042 0.038 0.038 0.038 
L1-L2 bus util. = 0.189, L3 util. = 0.013
----------------------------------------
branch prediction, hits = 42691550, misses = 10870117, hit rate = 79.71%
return_stack prediction, hits = 5370689, misses = 4081, hit rate = 99.92%
jump prediction, hits = 31953909, misses = 16671820, hit rate = 65.71%
 dlamc1_ dlamc2_ sim_aux_config sim_reg_stats dlamc3_ dlamc4_ sim_init
**** Debug Statistics at 301000000 Cycles *****
Threads: 4		Fetch Width: 8
No of useful instructions fetched:	602149526 (25.01% proc util.)
No of total instructions fetched:	1254005652 (52.08% proc util.)
 includes 116887860 misfetch (9.3%), 534968266 (42.7%) wrong-path fetches
 and 0 flushed after failed lock(0.0%)
No of useful instructions issued/executed:	602149526 (25.01% proc util.)
No of total instructions issued/executed:	869406263 (36.10% proc util.)
 includes 267256737 wrong-path (30.7%) insts and 0 flushed (0.0%)
	fp 69736, 0.01%
	synch 0, 0.00%
	integer 538163446, 61.90%
	load/store 331173081, 38.09%
Avg size of int IQ (before scheduling): 16.32
Avg size of fp IQ (before scheduling): 0.01
No of cycles taken:		301000000
Parallelism [ 1.023, 0.000, 0.000, 0.978,] = 2.000
 IQ conflicts: 9426153 (3.13%), FQ conflicts: 0 (0.00%) 
 I reg conflicts: 26458156 (8.79%), FP reg conflicts: 0 (0.00%)
  Activelist confs: 32105 (0.01%), ROB confs: 497539 (0.17%)
  Int unit conflicts: 204917222 (68.08%), FP unit conflicts: 23 (0.00%)
  Load/store unit conflicts: 71077076 (23.61%)
  MSHR conflicts: 31666926 (10.52%)
----------------------------------------
==== System-wide Cache Statistics ====
Stall for miss queue full 0 cycles (0.00%)
----------------------------------------
==== Statistics for Master ID: 0 ====
Reads: 288567885   Writes: 46038496
ICACHE: size: 64 KB assoc: 2
ICACHE: hits:160851005 misses:4783797  Hit Ratio: 97.11%
DCACHE: size: 32 KB assoc: 8
DCACHE: hits:167236591 misses:1734988 writebacks:1733735  Hit Ratio: 98.97%
SCACHE: size: 512 KB assoc: 2
SCACHE: hits:5221783 misses:1297002  Hit Ratio: 80.10%
3CACHE: size: 4096 KB assoc: 2
3CACHE: hits:1088733 misses:208269  Hit Ratio: 83.94%
3CACHE: dirty items replaced:57844
ITLB: size: 48, misses 323143, miss rate 0.20%
DTLB: size: 128, misses 318985, miss rate 0.19%
Avg mem delay: 1.538 cycles
----------------------------------------
==== Statistics for Master ID: 3 ====
Reads: 281234363   Writes: 42691512
ICACHE: size: 64 KB assoc: 2
ICACHE: hits:158286716 misses:5006639  Hit Ratio: 96.93%
DCACHE: size: 32 KB assoc: 8
DCACHE: hits:158114961 misses:2517559 writebacks:2516755  Hit Ratio: 98.43%
SCACHE: size: 512 KB assoc: 2
SCACHE: hits:6206962 misses:1317235  Hit Ratio: 82.49%
3CACHE: size: 4096 KB assoc: 2
3CACHE: hits:1102352 misses:214883  Hit Ratio: 83.69%
3CACHE: dirty items replaced:52452
ITLB: size: 48, misses 322270, miss rate 0.20%
DTLB: size: 128, misses 367900, miss rate 0.23%
Avg mem delay: 1.538 cycles
----------------------------------------
==== Global Resource Utilization ====
STASH: size: 65536 entries, full 1799904568, empty 95019423, misses 8913686, full rate 94.54
icache bank util. 0.156 0.151 0.144 0.152 0.153 0.147 0.143 0.143 
dcache bank util. 0.151 0.140 0.137 0.141 0.151 0.167 0.149 0.144 
L2 bank util. 0.037 0.042 0.039 0.042 0.040 0.036 0.037 0.037 
L1-L2 bus util. = 0.182, L3 util. = 0.014
----------------------------------------
branch prediction, hits = 66981641, misses = 16224155, hit rate = 80.50%
return_stack prediction, hits = 8220865, misses = 6516, hit rate = 99.92%
jump prediction, hits = 51522482, misses = 24296560, hit rate = 67.95%
 dlamc5_ sim_aux_stats sim_uninit ruu_init ruu_dumpent ruu_dump lsq_init lsq_dump rslink_init dlange_ ruu_release_fu eventq_init eventq_dump eventq_queue_event eventq_next_event readyq_init readyq_dump readyq_enqueue cv_init cv_dump ruu_commit ruu_recover ruu_writeback lsq_refresh ruu_issue dlansp_ rspec_dump tracer_recover tracer_init spec_mem_access mspec_dump simoo_mem_obj
**** Debug Statistics at 401000000 Cycles *****
Threads: 4		Fetch Width: 8
No of useful instructions fetched:	785799647 (24.49% proc util.)
No of total instructions fetched:	1642754420 (51.21% proc util.)
 includes 149684820 misfetch (9.1%), 707269953 (43.1%) wrong-path fetches
 and 0 flushed after failed lock(0.0%)
No of useful instructions issued/executed:	785799647 (24.49% proc util.)
No of total instructions issued/executed:	1139920894 (35.53% proc util.)
 includes 354121247 wrong-path (31.1%) insts and 0 flushed (0.0%)
	fp 85793, 0.01%
	synch 0, 0.00%
	integer 705254774, 61.87%
	load/store 434580327, 38.12%
Avg size of int IQ (before scheduling): 16.08
Avg size of fp IQ (before scheduling): 0.01
No of cycles taken:		401000000
Parallelism [ 1.023, 0.000, 0.000, 0.937,] = 1.960
 IQ conflicts: 12129500 (3.02%), FQ conflicts: 0 (0.00%) 
 I reg conflicts: 35982634 (8.97%), FP reg conflicts: 0 (0.00%)
  Activelist confs: 48446 (0.01%), ROB confs: 727454 (0.18%)
  Int unit conflicts: 265116600 (66.11%), FP unit conflicts: 23 (0.00%)
  Load/store unit conflicts: 92636661 (23.10%)
  MSHR conflicts: 43683560 (10.89%)
----------------------------------------
==== System-wide Cache Statistics ====
Stall for miss queue full 0 cycles (0.00%)
----------------------------------------
==== Statistics for Master ID: 0 ====
Reads: 384880921   Writes: 61841522
ICACHE: size: 64 KB assoc: 2
ICACHE: hits:213953626 misses:6270144  Hit Ratio: 97.15%
DCACHE: size: 32 KB assoc: 8
DCACHE: hits:224105837 misses:2392836 writebacks:2391583  Hit Ratio: 98.94%
SCACHE: size: 512 KB assoc: 2
SCACHE: hits:6894492 misses:1768487  Hit Ratio: 79.59%
3CACHE: size: 4096 KB assoc: 2
3CACHE: hits:1461592 misses:306894  Hit Ratio: 82.65%
3CACHE: dirty items replaced:105617
ITLB: size: 48, misses 435399, miss rate 0.20%
DTLB: size: 128, misses 427127, miss rate 0.19%
Avg mem delay: 1.538 cycles
----------------------------------------
==== Statistics for Master ID: 3 ====
Reads: 359812247   Writes: 55245061
ICACHE: size: 64 KB assoc: 2
ICACHE: hits:202241439 misses:6717992  Hit Ratio: 96.79%
DCACHE: size: 32 KB assoc: 8
DCACHE: hits:203067369 misses:3030508 writebacks:3029704  Hit Ratio: 98.53%
SCACHE: size: 512 KB assoc: 2
SCACHE: hits:7849868 misses:1898632  Hit Ratio: 80.52%
3CACHE: size: 4096 KB assoc: 2
3CACHE: hits:1573758 misses:324873  Hit Ratio: 82.89%
3CACHE: dirty items replaced:100166
ITLB: size: 48, misses 469266, miss rate 0.22%
DTLB: size: 128, misses 488130, miss rate 0.24%
Avg mem delay: 1.538 cycles
----------------------------------------
==== Global Resource Utilization ====
STASH: size: 65536 entries, full 2206822210, empty 122049180, misses 11190104, full rate 94.31
icache bank util. 0.153 0.148 0.140 0.149 0.150 0.145 0.140 0.142 
dcache bank util. 0.151 0.140 0.137 0.139 0.146 0.157 0.146 0.144 
L2 bank util. 0.037 0.041 0.039 0.041 0.039 0.036 0.036 0.037 
L1-L2 bus util. = 0.178, L3 util. = 0.016
----------------------------------------
branch prediction, hits = 86224651, misses = 21386113, hit rate = 80.13%
return_stack prediction, hits = 10714818, misses = 12513, hit rate = 99.88%
jump prediction, hits = 67073976, misses = 31350838, hit rate = 68.15%
 dlanst_ ruu_link_idep ruu_install_odep InstSRA InstSRAV InstMULT InstMULTU simoo_reg_obj dlantr_ ruu_dispatch
**** Debug Statistics at 501000000 Cycles *****
Threads: 4		Fetch Width: 8
No of useful instructions fetched:	972507161 (24.26% proc util.)
No of total instructions fetched:	2044998476 (51.02% proc util.)
 includes 185526912 misfetch (9.1%), 886964403 (43.4%) wrong-path fetches
 and 0 flushed after failed lock(0.0%)
No of useful instructions issued/executed:	972507157 (24.26% proc util.)
No of total instructions issued/executed:	1417774057 (35.37% proc util.)
 includes 445266900 wrong-path (31.4%) insts and 0 flushed (0.0%)
	fp 91678, 0.01%
	synch 0, 0.00%
	integer 875507534, 61.75%
	load/store 542174845, 38.24%
Avg size of int IQ (before scheduling): 15.98
Avg size of fp IQ (before scheduling): 0.01
No of cycles taken:		501000000
Parallelism [ 1.011, 0.000, 0.000, 0.930,] = 1.941
 IQ conflicts: 14113965 (2.82%), FQ conflicts: 0 (0.00%) 
 I reg conflicts: 46271957 (9.24%), FP reg conflicts: 0 (0.00%)
  Activelist confs: 55883 (0.01%), ROB confs: 1010713 (0.20%)
  Int unit conflicts: 326500966 (65.17%), FP unit conflicts: 34 (0.00%)
  Load/store unit conflicts: 118406990 (23.63%)
  MSHR conflicts: 60046959 (11.99%)
----------------------------------------
==== System-wide Cache Statistics ====
Stall for miss queue full 0 cycles (0.00%)
----------------------------------------
==== Statistics for Master ID: 0 ====
Reads: 481748306   Writes: 77832773
ICACHE: size: 64 KB assoc: 2
ICACHE: hits:268130018 misses:7851427  Hit Ratio: 97.16%
DCACHE: size: 32 KB assoc: 8
DCACHE: hits:280387650 misses:3211984 writebacks:3210731  Hit Ratio: 98.87%
SCACHE: size: 512 KB assoc: 2
SCACHE: hits:8834051 misses:2229359  Hit Ratio: 79.85%
3CACHE: size: 4096 KB assoc: 2
3CACHE: hits:1842320 misses:387039  Hit Ratio: 82.64%
3CACHE: dirty items replaced:154038
ITLB: size: 48, misses 545082, miss rate 0.20%
DTLB: size: 128, misses 550470, miss rate 0.19%
Avg mem delay: 1.544 cycles
----------------------------------------
==== Statistics for Master ID: 3 ====
Reads: 444330251   Writes: 69354094
ICACHE: size: 64 KB assoc: 2
ICACHE: hits:249232188 misses:8414044  Hit Ratio: 96.73%
DCACHE: size: 32 KB assoc: 8
DCACHE: hits:252494494 misses:3543619 writebacks:3542815  Hit Ratio: 98.62%
SCACHE: size: 512 KB assoc: 2
SCACHE: hits:9590680 misses:2366983  Hit Ratio: 80.21%
3CACHE: size: 4096 KB assoc: 2
3CACHE: hits:1949357 misses:417626  Hit Ratio: 82.36%
3CACHE: dirty items replaced:152717
ITLB: size: 48, misses 621041, miss rate 0.24%
DTLB: size: 128, misses 600046, miss rate 0.23%
Avg mem delay: 1.544 cycles
----------------------------------------
==== Global Resource Utilization ====
STASH: size: 65536 entries, full 2629730780, empty 149095233, misses 13491789, full rate 94.18
icache bank util. 0.153 0.147 0.140 0.147 0.149 0.144 0.140 0.142 
dcache bank util. 0.150 0.139 0.140 0.139 0.144 0.152 0.148 0.147 
L2 bank util. 0.038 0.041 0.039 0.041 0.039 0.036 0.036 0.037 
L1-L2 bus util. = 0.178, L3 util. = 0.016
----------------------------------------
branch prediction, hits = 105853817, misses = 26725502, hit rate = 79.84%
return_stack prediction, hits = 13361531, misses = 20720, hit rate = 99.85%
jump prediction, hits = 82769042, misses = 39021595, hit rate = 67.96%
 dlapy2_ dlarf_
**** Debug Statistics at 601000000 Cycles *****
Threads: 4		Fetch Width: 8
No of useful instructions fetched:	1151881720 (23.96% proc util.)
No of total instructions fetched:	2404336410 (50.01% proc util.)
 includes 216812327 misfetch (9.0%), 1035642363 (43.1%) wrong-path fetches
 and 0 flushed after failed lock(0.0%)
No of useful instructions issued/executed:	1151881716 (23.96% proc util.)
No of total instructions issued/executed:	1674425462 (34.83% proc util.)
 includes 522543746 wrong-path (31.2%) insts and 0 flushed (0.0%)
	fp 97171, 0.01%
	synch 0, 0.00%
	integer 1033341997, 61.71%
	load/store 640986294, 38.28%
Avg size of int IQ (before scheduling): 16.24
Avg size of fp IQ (before scheduling): 0.01
No of cycles taken:		601000000
Parallelism [ 1.014, 0.000, 0.000, 0.902,] = 1.917
 IQ conflicts: 17996416 (2.99%), FQ conflicts: 0 (0.00%) 
 I reg conflicts: 61931288 (10.30%), FP reg conflicts: 0 (0.00%)
  Activelist confs: 70595 (0.01%), ROB confs: 2138405 (0.36%)
  Int unit conflicts: 384169442 (63.92%), FP unit conflicts: 42 (0.00%)
  Load/store unit conflicts: 146133681 (24.32%)
  MSHR conflicts: 147901254 (24.61%)
----------------------------------------
==== System-wide Cache Statistics ====
Stall for miss queue full 0 cycles (0.00%)
----------------------------------------
==== Statistics for Master ID: 0 ====
Reads: 573372037   Writes: 93584954
ICACHE: size: 64 KB assoc: 2
ICACHE: hits:318559443 misses:9111228  Hit Ratio: 97.22%
DCACHE: size: 32 KB assoc: 8
DCACHE: hits:335241675 misses:4044645 writebacks:4043392  Hit Ratio: 98.81%
SCACHE: size: 512 KB assoc: 2
SCACHE: hits:10419406 misses:2736466  Hit Ratio: 79.20%
3CACHE: size: 4096 KB assoc: 2
3CACHE: hits:2258445 misses:478021  Hit Ratio: 82.53%
3CACHE: dirty items replaced:217001
ITLB: size: 48, misses 648584, miss rate 0.20%
DTLB: size: 128, misses 671017, miss rate 0.20%
Avg mem delay: 1.562 cycles
----------------------------------------
==== Statistics for Master ID: 3 ====
Reads: 514522298   Writes: 82632847
ICACHE: size: 64 KB assoc: 2
ICACHE: hits:288260792 misses:10041822  Hit Ratio: 96.63%
DCACHE: size: 32 KB assoc: 8
DCACHE: hits:294752607 misses:4099924 writebacks:4099120  Hit Ratio: 98.63%
SCACHE: size: 512 KB assoc: 2
SCACHE: hits:11160857 misses:2980888  Hit Ratio: 78.92%
3CACHE: size: 4096 KB assoc: 2
3CACHE: hits:2419460 misses:561428  Hit Ratio: 81.17%
3CACHE: dirty items replaced:252090
ITLB: size: 48, misses 778287, miss rate 0.26%
DTLB: size: 128, misses 726201, miss rate 0.24%
Avg mem delay: 1.562 cycles
----------------------------------------
==== Global Resource Utilization ====
STASH: size: 65536 entries, full 3007286767, empty 173776636, misses 15590387, full rate 94.08
icache bank util. 0.149 0.144 0.137 0.144 0.145 0.141 0.135 0.141 
dcache bank util. 0.148 0.137 0.140 0.137 0.142 0.148 0.147 0.145 
L2 bank util. 0.038 0.041 0.039 0.040 0.039 0.036 0.036 0.037 
L1-L2 bus util. = 0.177, L3 util. = 0.017
----------------------------------------
branch prediction, hits = 124420361, misses = 30945113, hit rate = 80.08%
return_stack prediction, hits = 15710627, misses = 30511, hit rate = 99.81%
jump prediction, hits = 97489362, misses = 45666838, hit rate = 68.10%

**** Debug Statistics at 701000000 Cycles *****
Threads: 4		Fetch Width: 8
No of useful instructions fetched:	1342721754 (23.94% proc util.)
No of total instructions fetched:	2768011965 (49.36% proc util.)
 includes 246847249 misfetch (8.9%), 1178442962 (42.6%) wrong-path fetches
 and 0 flushed after failed lock(0.0%)
No of useful instructions issued/executed:	1342721745 (23.94% proc util.)
No of total instructions issued/executed:	1938288310 (34.56% proc util.)
 includes 595566565 wrong-path (30.7%) insts and 0 flushed (0.0%)
	fp 108901, 0.01%
	synch 0, 0.00%
	integer 1198954457, 61.86%
	load/store 739224952, 38.14%
Avg size of int IQ (before scheduling): 16.45
Avg size of fp IQ (before scheduling): 0.01
No of cycles taken:		701000000
Parallelism [ 1.036, 0.000, 0.000, 0.880,] = 1.915
 IQ conflicts: 22304305 (3.18%), FQ conflicts: 0 (0.00%) 
 I reg conflicts: 75881001 (10.82%), FP reg conflicts: 0 (0.00%)
  Activelist confs: 89569 (0.01%), ROB confs: 3711946 (0.53%)
  Int unit conflicts: 447376222 (63.82%), FP unit conflicts: 44 (0.00%)
  Load/store unit conflicts: 181804657 (25.94%)
  MSHR conflicts: 271401531 (38.72%)
----------------------------------------
==== System-wide Cache Statistics ====
Stall for miss queue full 0 cycles (0.00%)
----------------------------------------
==== Statistics for Master ID: 0 ====
Reads: 668742263   Writes: 110207009
ICACHE: size: 64 KB assoc: 2
ICACHE: hits:370824729 misses:10364605  Hit Ratio: 97.28%
DCACHE: size: 32 KB assoc: 8
DCACHE: hits:392704109 misses:5055829 writebacks:5054576  Hit Ratio: 98.73%
SCACHE: size: 512 KB assoc: 2
SCACHE: hits:12190220 misses:3230214  Hit Ratio: 79.05%
3CACHE: size: 4096 KB assoc: 2
3CACHE: hits:2674820 misses:555394  Hit Ratio: 82.81%
3CACHE: dirty items replaced:278951
ITLB: size: 48, misses 759496, miss rate 0.20%
DTLB: size: 128, misses 791598, miss rate 0.20%
Avg mem delay: 1.583 cycles
----------------------------------------
==== Statistics for Master ID: 3 ====
Reads: 581168701   Writes: 94823984
ICACHE: size: 64 KB assoc: 2
ICACHE: hits:325842252 misses:11784564  Hit Ratio: 96.51%
DCACHE: size: 32 KB assoc: 8
DCACHE: hits:333766869 misses:4599000 writebacks:4598196  Hit Ratio: 98.64%
SCACHE: size: 512 KB assoc: 2
SCACHE: hits:12844255 misses:3539308  Hit Ratio: 78.40%
3CACHE: size: 4096 KB assoc: 2
3CACHE: hits:2853100 misses:686208  Hit Ratio: 80.61%
3CACHE: dirty items replaced:347004
ITLB: size: 48, misses 956426, miss rate 0.28%
DTLB: size: 128, misses 849841, miss rate 0.25%
Avg mem delay: 1.583 cycles
----------------------------------------
==== Global Resource Utilization ====
STASH: size: 65536 entries, full 3387800634, empty 199219957, misses 17743513, full rate 93.98
icache bank util. 0.146 0.143 0.135 0.142 0.143 0.139 0.132 0.140 
dcache bank util. 0.149 0.137 0.141 0.134 0.140 0.145 0.147 0.142 
L2 bank util. 0.038 0.041 0.039 0.040 0.038 0.036 0.036 0.037 
L1-L2 bus util. = 0.177, L3 util. = 0.018
----------------------------------------
branch prediction, hits = 145020921, misses = 35164097, hit rate = 80.48%
return_stack prediction, hits = 17838511, misses = 42353, hit rate = 99.76%
jump prediction, hits = 113656221, misses = 52007238, hit rate = 68.61%
 dlarfb_
**** Debug Statistics at 801000000 Cycles *****
Threads: 4		Fetch Width: 8
No of useful instructions fetched:	1486133294 (23.19% proc util.)
No of total instructions fetched:	3052769147 (47.64% proc util.)
 includes 270958916 misfetch (8.9%), 1295676937 (42.4%) wrong-path fetches
 and 0 flushed after failed lock(0.0%)
No of useful instructions issued/executed:	1486133281 (23.19% proc util.)
No of total instructions issued/executed:	2148187164 (33.52% proc util.)
 includes 662053883 wrong-path (30.8%) insts and 0 flushed (0.0%)
	fp 110208, 0.01%
	synch 0, 0.00%
	integer 1324459154, 61.65%
	load/store 823617802, 38.34%
Avg size of int IQ (before scheduling): 17.10
Avg size of fp IQ (before scheduling): 0.00
No of cycles taken:		801000000
Parallelism [ 1.011, 0.000, 0.000, 0.844,] = 1.855
 IQ conflicts: 30565133 (3.82%), FQ conflicts: 0 (0.00%) 
 I reg conflicts: 98538267 (12.30%), FP reg conflicts: 0 (0.00%)
  Activelist confs: 99729 (0.01%), ROB confs: 4683993 (0.58%)
  Int unit conflicts: 492354078 (61.47%), FP unit conflicts: 76 (0.00%)
  Load/store unit conflicts: 214459637 (26.77%)
  MSHR conflicts: 399958342 (49.93%)
----------------------------------------
==== System-wide Cache Statistics ====
Stall for miss queue full 0 cycles (0.00%)
----------------------------------------
==== Statistics for Master ID: 0 ====
Reads: 746916049   Writes: 127071336
ICACHE: size: 64 KB assoc: 2
ICACHE: hits:412090966 misses:11312612  Hit Ratio: 97.33%
DCACHE: size: 32 KB assoc: 8
DCACHE: hits:444702395 misses:5881412 writebacks:5880159  Hit Ratio: 98.69%
SCACHE: size: 512 KB assoc: 2
SCACHE: hits:13261095 misses:3932929  Hit Ratio: 77.13%
3CACHE: size: 4096 KB assoc: 2
3CACHE: hits:3142430 misses:790499  Hit Ratio: 79.90%
3CACHE: dirty items replaced:465111
ITLB: size: 48, misses 851368, miss rate 0.20%
DTLB: size: 128, misses 912587, miss rate 0.20%
Avg mem delay: 1.651 cycles
----------------------------------------
==== Statistics for Master ID: 3 ====
Reads: 632632504   Writes: 105019136
ICACHE: size: 64 KB assoc: 2
ICACHE: hits:354625333 misses:13312286  Hit Ratio: 96.38%
DCACHE: size: 32 KB assoc: 8
DCACHE: hits:364626269 misses:5087752 writebacks:5086948  Hit Ratio: 98.62%
SCACHE: size: 512 KB assoc: 2
SCACHE: hits:14248026 misses:4152012  Hit Ratio: 77.43%
3CACHE: size: 4096 KB assoc: 2
3CACHE: hits:3333214 misses:818798  Hit Ratio: 80.28%
3CACHE: dirty items replaced:451109
ITLB: size: 48, misses 1123575, miss rate 0.31%
DTLB: size: 128, misses 963457, miss rate 0.26%
Avg mem delay: 1.651 cycles
----------------------------------------
==== Global Resource Utilization ====
STASH: size: 65536 entries, full 3685728843, empty 221445258, misses 19629547, full rate 93.86
icache bank util. 0.142 0.137 0.130 0.137 0.137 0.133 0.128 0.136 
dcache bank util. 0.144 0.133 0.140 0.133 0.140 0.139 0.140 0.137 
L2 bank util. 0.038 0.040 0.038 0.039 0.038 0.036 0.036 0.038 
L1-L2 bus util. = 0.174, L3 util. = 0.020
----------------------------------------
branch prediction, hits = 158994474, misses = 37915211, hit rate = 80.74%
return_stack prediction, hits = 20116155, misses = 53888, hit rate = 99.73%
jump prediction, hits = 126103518, misses = 57153019, hit rate = 68.81%

**** Debug Statistics at 901000000 Cycles *****
Threads: 4		Fetch Width: 8
No of useful instructions fetched:	1616980704 (22.43% proc util.)
No of total instructions fetched:	3263054689 (45.27% proc util.)
 includes 272715100 misfetch (8.4%), 1373358885 (42.1%) wrong-path fetches
 and 0 flushed after failed lock(0.0%)
No of useful instructions issued/executed:	1616980675 (22.43% proc util.)
No of total instructions issued/executed:	2329145679 (32.31% proc util.)
 includes 712165004 wrong-path (30.6%) insts and 0 flushed (0.0%)
	fp 110223, 0.00%
	synch 0, 0.00%
	integer 1426136112, 61.23%
	load/store 902899344, 38.77%
Avg size of int IQ (before scheduling): 19.73
Avg size of fp IQ (before scheduling): 0.00
No of cycles taken:		901000000
Parallelism [ 0.982, 0.000, 0.000, 0.813,] = 1.795
 IQ conflicts: 54680167 (6.07%), FQ conflicts: 0 (0.00%) 
 I reg conflicts: 140347540 (15.58%), FP reg conflicts: 0 (0.00%)
  Activelist confs: 100240 (0.01%), ROB confs: 4914353 (0.55%)
  Int unit conflicts: 548810088 (60.91%), FP unit conflicts: 76 (0.00%)
  Load/store unit conflicts: 272164248 (30.21%)
  MSHR conflicts: 488640140 (54.23%)
----------------------------------------
==== System-wide Cache Statistics ====
Stall for miss queue full 0 cycles (0.00%)
----------------------------------------
==== Statistics for Master ID: 0 ====
Reads: 797670834   Writes: 144793159
ICACHE: size: 64 KB assoc: 2
ICACHE: hits:444088494 misses:11329350  Hit Ratio: 97.51%
DCACHE: size: 32 KB assoc: 8
DCACHE: hits:478038614 misses:9007535 writebacks:9006282  Hit Ratio: 98.15%
SCACHE: size: 512 KB assoc: 2
SCACHE: hits:15852409 misses:4484472  Hit Ratio: 77.95%
3CACHE: size: 4096 KB assoc: 2
3CACHE: hits:3391403 misses:1093069  Hit Ratio: 75.63%
3CACHE: dirty items replaced:721222
ITLB: size: 48, misses 851433, miss rate 0.19%
DTLB: size: 128, misses 990720, miss rate 0.20%
Avg mem delay: 1.919 cycles
----------------------------------------
==== Statistics for Master ID: 3 ====
Reads: 692066024   Writes: 118984277
ICACHE: size: 64 KB assoc: 2
ICACHE: hits:385487477 misses:13324562  Hit Ratio: 96.66%
DCACHE: size: 32 KB assoc: 8
DCACHE: hits:406589647 misses:5648615 writebacks:5647811  Hit Ratio: 98.63%
SCACHE: size: 512 KB assoc: 2
SCACHE: hits:14296861 misses:4676316  Hit Ratio: 75.35%
3CACHE: size: 4096 KB assoc: 2
3CACHE: hits:3364231 misses:1312085  Hit Ratio: 71.94%
3CACHE: dirty items replaced:870896
ITLB: size: 48, misses 1123621, miss rate 0.28%
DTLB: size: 128, misses 1028741, miss rate 0.25%
Avg mem delay: 1.919 cycles
----------------------------------------
==== Global Resource Utilization ====
STASH: size: 65536 entries, full 3910924776, empty 222285582, misses 19719753, full rate 94.17
icache bank util. 0.136 0.128 0.122 0.127 0.135 0.133 0.122 0.127 
dcache bank util. 0.139 0.131 0.140 0.137 0.145 0.137 0.135 0.132 
L2 bank util. 0.039 0.041 0.039 0.040 0.038 0.037 0.037 0.038 
L1-L2 bus util. = 0.180, L3 util. = 0.027
----------------------------------------
branch prediction, hits = 175508484, misses = 38725237, hit rate = 81.92%
return_stack prediction, hits = 21498706, misses = 53910, hit rate = 99.75%
jump prediction, hits = 144970331, misses = 58125590, hit rate = 71.38%

**** Debug Statistics at 1001000000 Cycles *****
Threads: 4		Fetch Width: 8
No of useful instructions fetched:	1695532862 (21.17% proc util.)
No of total instructions fetched:	3381120680 (42.22% proc util.)
 includes 275675809 misfetch (8.2%), 1409912009 (41.7%) wrong-path fetches
 and 0 flushed after failed lock(0.0%)
No of useful instructions issued/executed:	1695532829 (21.17% proc util.)
No of total instructions issued/executed:	2430421703 (30.35% proc util.)
 includes 734888874 wrong-path (30.2%) insts and 0 flushed (0.0%)
	fp 110310, 0.00%
	synch 0, 0.00%
	integer 1487177799, 61.19%
	load/store 943133594, 38.81%
Avg size of int IQ (before scheduling): 22.32
Avg size of fp IQ (before scheduling): 0.00
No of cycles taken:		1001000000
Parallelism [ 0.932, 0.000, 0.000, 0.762,] = 1.694
 IQ conflicts: 95610279 (9.55%), FQ conflicts: 0 (0.00%) 
 I reg conflicts: 179137630 (17.90%), FP reg conflicts: 0 (0.00%)
  Activelist confs: 101259 (0.01%), ROB confs: 5020354 (0.50%)
  Int unit conflicts: 569955136 (56.94%), FP unit conflicts: 76 (0.00%)
  Load/store unit conflicts: 286197176 (28.59%)
  MSHR conflicts: 531342603 (53.08%)
----------------------------------------
==== System-wide Cache Statistics ====
Stall for miss queue full 0 cycles (0.00%)
----------------------------------------
==== Statistics for Master ID: 0 ====
Reads: 825919469   Writes: 154034029
ICACHE: size: 64 KB assoc: 2
ICACHE: hits:462384793 misses:11438167  Hit Ratio: 97.59%
DCACHE: size: 32 KB assoc: 8
DCACHE: hits:495249975 misses:10880563 writebacks:10879310  Hit Ratio: 97.85%
SCACHE: size: 512 KB assoc: 2
SCACHE: hits:17399946 misses:4918784  Hit Ratio: 77.96%
3CACHE: size: 4096 KB assoc: 2
3CACHE: hits:3749170 misses:1169614  Hit Ratio: 76.22%
3CACHE: dirty items replaced:787298
ITLB: size: 48, misses 853215, miss rate 0.18%
DTLB: size: 128, misses 1021576, miss rate 0.20%
Avg mem delay: 2.103 cycles
----------------------------------------
==== Statistics for Master ID: 3 ====
Reads: 725275694   Writes: 124536052
ICACHE: size: 64 KB assoc: 2
ICACHE: hits:403237811 misses:13349257  Hit Ratio: 96.80%
DCACHE: size: 32 KB assoc: 8
DCACHE: hits:426821478 misses:6403200 writebacks:6402396  Hit Ratio: 98.52%
SCACHE: size: 512 KB assoc: 2
SCACHE: hits:14341904 misses:5410553  Hit Ratio: 72.61%
3CACHE: size: 4096 KB assoc: 2
3CACHE: hits:3418774 misses:1991779  Hit Ratio: 63.19%
3CACHE: dirty items replaced:1453338
ITLB: size: 48, misses 1124637, miss rate 0.27%
DTLB: size: 128, misses 1070070, miss rate 0.25%
Avg mem delay: 2.103 cycles
----------------------------------------
==== Global Resource Utilization ====
STASH: size: 65536 entries, full 4035400883, empty 223875319, misses 19857975, full rate 94.30
icache bank util. 0.126 0.118 0.112 0.118 0.132 0.128 0.113 0.117 
dcache bank util. 0.134 0.123 0.132 0.130 0.137 0.130 0.129 0.127 
L2 bank util. 0.038 0.040 0.038 0.039 0.038 0.036 0.036 0.038 
L1-L2 bus util. = 0.178, L3 util. = 0.032
----------------------------------------
branch prediction, hits = 186454802, misses = 39289314, hit rate = 82.60%
return_stack prediction, hits = 22180026, misses = 53923, hit rate = 99.76%
jump prediction, hits = 156597281, misses = 58861616, hit rate = 72.68%

**** Debug Statistics at 1101000000 Cycles *****
Threads: 4		Fetch Width: 8
No of useful instructions fetched:	1808377940 (20.53% proc util.)
No of total instructions fetched:	3549903201 (40.30% proc util.)
 includes 283334171 misfetch (8.0%), 1458191090 (41.1%) wrong-path fetches
 and 0 flushed after failed lock(0.0%)
No of useful instructions issued/executed:	1808377917 (20.53% proc util.)
No of total instructions issued/executed:	2569654135 (29.17% proc util.)
 includes 761276218 wrong-path (29.6%) insts and 0 flushed (0.0%)
	fp 110641, 0.00%
	synch 0, 0.00%
	integer 1572949189, 61.21%
	load/store 996594305, 38.78%
Avg size of int IQ (before scheduling): 23.39
Avg size of fp IQ (before scheduling): 0.00
No of cycles taken:		1101000000
Parallelism [ 0.896, 0.000, 0.000, 0.746,] = 1.642
 IQ conflicts: 120510734 (10.95%), FQ conflicts: 0 (0.00%) 
 I reg conflicts: 223680584 (20.32%), FP reg conflicts: 0 (0.00%)
  Activelist confs: 105210 (0.01%), ROB confs: 5692113 (0.52%)
  Int unit conflicts: 591402818 (53.72%), FP unit conflicts: 85 (0.00%)
  Load/store unit conflicts: 313769426 (28.50%)
  MSHR conflicts: 682005894 (61.94%)
----------------------------------------
==== System-wide Cache Statistics ====
Stall for miss queue full 0 cycles (0.00%)
----------------------------------------
==== Statistics for Master ID: 0 ====
Reads: 864421270   Writes: 164552905
ICACHE: size: 64 KB assoc: 2
ICACHE: hits:485997453 misses:11725423  Hit Ratio: 97.64%
DCACHE: size: 32 KB assoc: 8
DCACHE: hits:518808753 misses:12442546 writebacks:12441293  Hit Ratio: 97.66%
SCACHE: size: 512 KB assoc: 2
SCACHE: hits:18035002 misses:6132967  Hit Ratio: 74.62%
3CACHE: size: 4096 KB assoc: 2
3CACHE: hits:4924870 misses:1208096  Hit Ratio: 80.30%
3CACHE: dirty items replaced:822867
ITLB: size: 48, misses 856209, miss rate 0.17%
DTLB: size: 128, misses 1092023, miss rate 0.21%
Avg mem delay: 2.294 cycles
----------------------------------------
==== Statistics for Master ID: 3 ====
Reads: 770376383   Writes: 134857687
ICACHE: size: 64 KB assoc: 2
ICACHE: hits:430422438 misses:13382141  Hit Ratio: 96.98%
DCACHE: size: 32 KB assoc: 8
DCACHE: hits:453058848 misses:8370643 writebacks:8369839  Hit Ratio: 98.19%
SCACHE: size: 512 KB assoc: 2
SCACHE: hits:15338569 misses:6414215  Hit Ratio: 70.51%
3CACHE: size: 4096 KB assoc: 2
3CACHE: hits:3963358 misses:2450857  Hit Ratio: 61.79%
3CACHE: dirty items replaced:1857530
ITLB: size: 48, misses 1126127, miss rate 0.25%
DTLB: size: 128, misses 1164860, miss rate 0.25%
Avg mem delay: 2.294 cycles
----------------------------------------
==== Global Resource Utilization ====
STASH: size: 65536 entries, full 4211569278, empty 228995022, misses 20305309, full rate 94.41
icache bank util. 0.120 0.110 0.105 0.110 0.132 0.129 0.107 0.110 
dcache bank util. 0.130 0.120 0.129 0.127 0.133 0.127 0.125 0.124 
L2 bank util. 0.039 0.041 0.039 0.040 0.039 0.037 0.037 0.038 
L1-L2 bus util. = 0.182, L3 util. = 0.033
----------------------------------------
branch prediction, hits = 203005126, misses = 40482006, hit rate = 83.37%
return_stack prediction, hits = 23079599, misses = 53954, hit rate = 99.77%
jump prediction, hits = 172148146, misses = 60543343, hit rate = 73.98%

**** Debug Statistics at 1201000000 Cycles *****
Threads: 4		Fetch Width: 8
No of useful instructions fetched:	1980240520 (20.61% proc util.)
No of total instructions fetched:	3762317896 (39.16% proc util.)
 includes 291326000 misfetch (7.7%), 1490751376 (39.6%) wrong-path fetches
 and 0 flushed after failed lock(0.0%)
No of useful instructions issued/executed:	1980240513 (20.61% proc util.)
No of total instructions issued/executed:	2757872764 (28.70% proc util.)
 includes 777632251 wrong-path (28.2%) insts and 0 flushed (0.0%)
	fp 111070, 0.00%
	synch 0, 0.00%
	integer 1691558993, 61.34%
	load/store 1066202701, 38.66%
Avg size of int IQ (before scheduling): 22.94
Avg size of fp IQ (before scheduling): 0.00
No of cycles taken:		1201000000
Parallelism [ 0.881, 0.000, 0.000, 0.768,] = 1.649
 IQ conflicts: 123841408 (10.31%), FQ conflicts: 0 (0.00%) 
 I reg conflicts: 280207377 (23.33%), FP reg conflicts: 0 (0.00%)
  Activelist confs: 106690 (0.01%), ROB confs: 6570223 (0.55%)
  Int unit conflicts: 611922315 (50.95%), FP unit conflicts: 86 (0.00%)
  Load/store unit conflicts: 362290750 (30.17%)
  MSHR conflicts: 950379959 (79.13%)
----------------------------------------
==== System-wide Cache Statistics ====
Stall for miss queue full 0 cycles (0.00%)
----------------------------------------
==== Statistics for Master ID: 0 ====
Reads: 914034898   Writes: 178523174
ICACHE: size: 64 KB assoc: 2
ICACHE: hits:516064563 misses:12032607  Hit Ratio: 97.72%
DCACHE: size: 32 KB assoc: 8
DCACHE: hits:549948267 misses:14512635 writebacks:14511382  Hit Ratio: 97.43%
SCACHE: size: 512 KB assoc: 2
SCACHE: hits:18521551 misses:8023688  Hit Ratio: 69.77%
3CACHE: size: 4096 KB assoc: 2
3CACHE: hits:6782182 misses:1241506  Hit Ratio: 84.53%
3CACHE: dirty items replaced:853275
ITLB: size: 48, misses 859443, miss rate 0.16%
DTLB: size: 128, misses 1173235, miss rate 0.21%
Avg mem delay: 2.545 cycles
----------------------------------------
==== Statistics for Master ID: 3 ====
Reads: 823673051   Writes: 154680202
ICACHE: size: 64 KB assoc: 2
ICACHE: hits:467228729 misses:13406711  Hit Ratio: 97.21%
DCACHE: size: 32 KB assoc: 8
DCACHE: hits:484851271 misses:12866542 writebacks:12865738  Hit Ratio: 97.41%
SCACHE: size: 512 KB assoc: 2
SCACHE: hits:18495956 misses:7777296  Hit Ratio: 70.40%
3CACHE: size: 4096 KB assoc: 2
3CACHE: hits:5296257 misses:2481038  Hit Ratio: 68.10%
3CACHE: dirty items replaced:1884909
ITLB: size: 48, misses 1127740, miss rate 0.23%
DTLB: size: 128, misses 1250425, miss rate 0.25%
Avg mem delay: 2.545 cycles
----------------------------------------
==== Global Resource Utilization ====
STASH: size: 65536 entries, full 4426444330, empty 235497763, misses 20882858, full rate 94.53
icache bank util. 0.112 0.103 0.098 0.103 0.143 0.141 0.100 0.103 
dcache bank util. 0.130 0.121 0.129 0.128 0.133 0.127 0.126 0.127 
L2 bank util. 0.043 0.044 0.043 0.044 0.042 0.041 0.041 0.042 
L1-L2 bus util. = 0.200, L3 util. = 0.031
----------------------------------------
branch prediction, hits = 229179477, misses = 41518945, hit rate = 84.66%
return_stack prediction, hits = 23623389, misses = 53978, hit rate = 99.77%
jump prediction, hits = 197100290, misses = 62242194, hit rate = 76.00%

**** Early Exiting at 1211775320 Cycles *****
========================================
 SMTSIM Global Statistics
========================================
Threads: 4		Fetch Width: 8
No of useful instructions fetched:	2000000116 (20.63% proc util.)
No of total instructions fetched:	3787432054 (39.07% proc util.)
 includes 292350475 misfetch (7.7%), 1495081463 (39.5%) wrong-path fetches
 and 0 flushed after failed lock(0.0%)
No of useful instructions issued/executed:	2000000100 (20.63% proc util.)
No of total instructions issued/executed:	2779805641 (28.67% proc util.)
 includes 779805541 wrong-path (28.1%) insts and 0 flushed (0.0%)
	fp 111099, 0.00%
	synch 0, 0.00%
	integer 1705366363, 61.35%
	load/store 1074328179, 38.65%
Avg size of int IQ (before scheduling): 22.90
Avg size of fp IQ (before scheduling): 0.00
No of cycles taken:		1211775320
Parallelism [ 0.879, 0.000, 0.000, 0.771,] = 1.650
 IQ conflicts: 124221958 (10.25%), FQ conflicts: 0 (0.00%) 
 I reg conflicts: 285872334 (23.59%), FP reg conflicts: 0 (0.00%)
  Activelist confs: 106924 (0.01%), ROB confs: 6673416 (0.55%)
  Int unit conflicts: 614712254 (50.73%), FP unit conflicts: 86 (0.00%)
  Load/store unit conflicts: 367698223 (30.34%)
  MSHR conflicts: 977909209 (80.70%)
----------------------------------------
==== System-wide Cache Statistics ====
Stall for miss queue full 0 cycles (0.00%)
----------------------------------------
==== Statistics for Master ID: 0 ====
Reads: 919938635   Writes: 180047241
ICACHE: size: 64 KB assoc: 2
ICACHE: hits:519590852 misses:12070696  Hit Ratio: 97.73%
DCACHE: size: 32 KB assoc: 8
DCACHE: hits:553606538 misses:14717790 writebacks:14716537  Hit Ratio: 97.41%
SCACHE: size: 512 KB assoc: 2
SCACHE: hits:18575242 misses:8213244  Hit Ratio: 69.34%
3CACHE: size: 4096 KB assoc: 2
3CACHE: hits:6967443 misses:1245800  Hit Ratio: 84.83%
3CACHE: dirty items replaced:857355
ITLB: size: 48, misses 859757, miss rate 0.16%
DTLB: size: 128, misses 1182416, miss rate 0.21%
Avg mem delay: 2.570 cycles
----------------------------------------
==== Statistics for Master ID: 3 ====
Reads: 829949016   Writes: 156999434
ICACHE: size: 64 KB assoc: 2
ICACHE: hits:471574632 misses:13409406  Hit Ratio: 97.24%
DCACHE: size: 32 KB assoc: 8
DCACHE: hits:488571721 misses:13392691 writebacks:13391887  Hit Ratio: 97.33%
SCACHE: size: 512 KB assoc: 2
SCACHE: hits:18886409 misses:7915688  Hit Ratio: 70.47%
3CACHE: size: 4096 KB assoc: 2
3CACHE: hits:5431116 misses:2484572  Hit Ratio: 68.61%
3CACHE: dirty items replaced:1888227
ITLB: size: 48, misses 1127883, miss rate 0.23%
DTLB: size: 128, misses 1260410, miss rate 0.25%
Avg mem delay: 2.570 cycles
----------------------------------------
==== Global Resource Utilization ====
STASH: size: 65536 entries, full 4451890233, empty 236334901, misses 20957330, full rate 94.54
icache bank util. 0.111 0.102 0.098 0.102 0.145 0.142 0.100 0.102 
dcache bank util. 0.130 0.121 0.129 0.128 0.133 0.128 0.127 0.127 
L2 bank util. 0.043 0.045 0.043 0.044 0.043 0.042 0.042 0.043 
L1-L2 bus util. = 0.202, L3 util. = 0.031
----------------------------------------
branch prediction, hits = 232169439, misses = 41654122, hit rate = 84.79%
return_stack prediction, hits = 23694529, misses = 53984, hit rate = 99.77%
jump prediction, hits = 199929432, misses = 62461169, hit rate = 76.20%
total IPC 1.650

=== Results saved to: ./results/gcc-scilab_3_gcc-166_1.txt ===
