测试启动顺序：cacherand.arg2 + gzip-source.arg + seqacc.arg
执行命令：./smtsim cacherand.arg2 gzip-source.arg seqacc.arg
重试次数：0
==================================================

动态重分配参数：每500万周期检查，阈值5
Process 0, Thread 0: cacherand
Process 0, Thread 1: cacherand
Process 2, Thread 2: gzip-source
Process 3, Thread 3: seqacc
[切片调度] 新安全域0无任何切片，尝试分配空闲切片
[切片管理] 成功绑定切片0 → 安全域0

======================== 切片硬件状态 ========================
切片号 | 所属安全域 | 当前状态    | 路扩展 | LRU touched
------------------------------------------------------------------
  0    |   域0      | 正常运行   |  否   |  0
  1    |   域-1     | 切片空闲   |  否   |  0
  2    |   域-1     | 切片空闲   |  否   |  0
  3    |   域-1     | 切片空闲   |  否   |  0
==================================================================

[切片管理] 成功绑定切片1 → 安全域0，触发【路扩展模式】

======================== 切片硬件状态 ========================
切片号 | 所属安全域 | 当前状态    | 路扩展 | LRU touched
------------------------------------------------------------------
  0    |   域0      | 正常运行   |  是   |  0
  1    |   域0      | 正常运行   |  是   |  0
  2    |   域-1     | 切片空闲   |  否   |  0
  3    |   域-1     | 切片空闲   |  否   |  0
==================================================================

[切片调度] 新安全域2无任何切片，尝试分配空闲切片
[切片管理] 成功绑定切片2 → 安全域2

======================== 切片硬件状态 ========================
切片号 | 所属安全域 | 当前状态    | 路扩展 | LRU touched
------------------------------------------------------------------
  0    |   域0      | 正常运行   |  是   |  320
  1    |   域0      | 正常运行   |  是   |  0
  2    |   域2      | 正常运行   |  否   |  0
  3    |   域-1     | 切片空闲   |  否   |  0
==================================================================

[切片管理] 成功绑定切片3 → 安全域2，触发【路扩展模式】

======================== 切片硬件状态 ========================
切片号 | 所属安全域 | 当前状态    | 路扩展 | LRU touched
------------------------------------------------------------------
  0    |   域0      | 正常运行   |  是   |  320
  1    |   域0      | 正常运行   |  是   |  0
  2    |   域2      | 正常运行   |  是   |  0
  3    |   域2      | 正常运行   |  是   |  0
==================================================================

[切片调度] 新安全域3无任何切片，尝试分配空闲切片
[切片调度] 新安全域3未找到空闲切片，尝试剥夺切片
[切片替换] 优先从【路扩展切片】中选择LRU替换目标...
[切片替换] 找到路扩展切片作为受害者：切片1（最后访问：0）
[切片调度] 安全域3触发切片剥夺：从域0剥夺切片1
[切片剥夺] 周期751：切片1（所属域0）进入待剥夺状态，禁止新替换
[切片剥夺] 周期751：切片1在途请求已清空，开始执行脏行写回
[切片剥夺] 周期751：切片1无脏行，直接完成剥夺
[切片管理] 周期751：原域0仅剩1个切片，关闭路扩展模式
[动态重分配] 周期751：切片1写回完成，自动绑定到域3
[切片管理] 成功绑定切片1 → 安全域3

======================== 切片硬件状态 ========================
切片号 | 所属安全域 | 当前状态    | 路扩展 | LRU touched
------------------------------------------------------------------
  0    |   域0      | 正常运行   |  否   |  320
  1    |   域3      | 正常运行   |  否   |  751
  2    |   域2      | 正常运行   |  是   |  751
  3    |   域2      | 正常运行   |  是   |  0
==================================================================

[切片唤醒] 周期751：域3切片就绪，唤醒等待指令

**** Debug Statistics at 1000000 Cycles *****
Threads: 4		Fetch Width: 8
No of useful instructions fetched:	1870850 (23.39% proc util.)
No of total instructions fetched:	1873867 (23.42% proc util.)
 includes 1085 misfetch (0.1%), 1932 (0.1%) wrong-path fetches
 and 0 flushed after failed lock(0.0%)
No of useful instructions issued/executed:	1870797 (23.38% proc util.)
No of total instructions issued/executed:	1871700 (23.40% proc util.)
 includes 903 wrong-path (0.0%) insts and 0 flushed (0.0%)
	fp 24, 0.00%
	synch 0, 0.00%
	integer 1722810, 92.05%
	load/store 148866, 7.95%
Avg size of int IQ (before scheduling): 33.03
Avg size of fp IQ (before scheduling): 0.00
No of cycles taken:		1000000
Parallelism [ 0.819, 0.000, 0.150, 0.903,] = 1.871
 IQ conflicts: 606 (0.06%), FQ conflicts: 0 (0.00%) 
 I reg conflicts: 740549 (74.05%), FP reg conflicts: 0 (0.00%)
  Activelist confs: 0 (0.00%), ROB confs: 0 (0.00%)
  Int unit conflicts: 25533 (2.55%), FP unit conflicts: 2 (0.00%)
  Load/store unit conflicts: 291 (0.03%)
  MSHR conflicts: 5645 (0.56%)
----------------------------------------
==== System-wide Cache Statistics ====
Stall for miss queue full 0 cycles (0.00%)
----------------------------------------
==== Statistics for Master ID: 0 ====
Reads: 231028   Writes: 34
ICACHE: size: 64 KB assoc: 2
ICACHE: hits:200631 misses:23  Hit Ratio: 99.99%
DCACHE: size: 1*16 KB assoc: 1*4
DCACHE: hits:10143 misses:20265 writebacks:12  Hit Ratio: 33.36%
SCACHE: size: 512 KB assoc: 2
SCACHE: hits:18438 misses:1850  Hit Ratio: 90.88%
3CACHE: size: 4096 KB assoc: 2
3CACHE: hits:1023 misses:827  Hit Ratio: 55.30%
3CACHE: dirty items replaced:0
ITLB: size: 48, misses 4, miss rate 0.00%
DTLB: size: 128, misses 39, miss rate 0.13%
Avg mem delay: 69.462 cycles
----------------------------------------
==== Statistics for Master ID: 2 ====
Reads: 107534   Writes: 24320
ICACHE: size: 64 KB assoc: 2
ICACHE: hits:59841 misses:195  Hit Ratio: 99.68%
DCACHE: size: 2*16 KB assoc: 2*4
DCACHE: hits:48245 misses:23573 writebacks:23406  Hit Ratio: 67.18%
SCACHE: size: 512 KB assoc: 2
SCACHE: hits:1 misses:23764  Hit Ratio: 0.00%
3CACHE: size: 4096 KB assoc: 2
3CACHE: hits:0 misses:23764  Hit Ratio: 0.00%
3CACHE: dirty items replaced:0
ITLB: size: 48, misses 18, miss rate 0.03%
DTLB: size: 128, misses 5875, miss rate 8.18%
Avg mem delay: 69.462 cycles
----------------------------------------
==== Statistics for Master ID: 3 ====
Reads: 267010   Writes: 5128
ICACHE: size: 64 KB assoc: 2
ICACHE: hits:225489 misses:10  Hit Ratio: 100.00%
DCACHE: size: 1*16 KB assoc: 1*4
DCACHE: hits:42292 misses:4346 writebacks:323  Hit Ratio: 90.68%
SCACHE: size: 512 KB assoc: 2
SCACHE: hits:3725 misses:631  Hit Ratio: 85.51%
3CACHE: size: 4096 KB assoc: 2
3CACHE: hits:266 misses:365  Hit Ratio: 42.16%
3CACHE: dirty items replaced:0
ITLB: size: 48, misses 1, miss rate 0.00%
DTLB: size: 128, misses 29, miss rate 0.06%
Avg mem delay: 69.462 cycles
----------------------------------------
==== Global Resource Utilization ====
STASH: size: 65536 entries, full 1883804, empty 2432, misses 217, full rate 99.86
icache bank util. 0.183 0.129 0.000 0.000 0.000 0.014 0.052 0.108 
dcache bank util. 0.017 0.017 0.040 0.017 0.017 0.017 0.222 0.017 
L2 bank util. 0.017 0.017 0.016 0.016 0.016 0.016 0.303 0.017 
L1-L2 bus util. = 0.216, L3 util. = 0.249
----------------------------------------

======================== 切片硬件状态 ========================
切片号 | 所属安全域 | 当前状态    | 路扩展 | LRU touched
------------------------------------------------------------------
  0    |   域0      | 正常运行   |  否   |  999997
  1    |   域3      | 正常运行   |  否   |  999973
  2    |   域2      | 正常运行   |  是   |  999995
  3    |   域2      | 正常运行   |  是   |  999932
==================================================================

branch prediction, hits = 88935, misses = 168, hit rate = 99.81%
return_stack prediction, hits = 87, misses = 9, hit rate = 90.62%
jump prediction, hits = 106702, misses = 268, hit rate = 99.75%

======================== 切片硬件状态 ========================
切片号 | 所属安全域 | 当前状态    | 路扩展 | LRU touched
------------------------------------------------------------------
  0    |   域0      | 正常运行   |  否   |  29999973
  1    |   域3      | 正常运行   |  否   |  29999974
  2    |   域2      | 正常运行   |  是   |  29999903
  3    |   域2      | 正常运行   |  是   |  29999989
==================================================================

[动态重分配] 周期30000000：预约迁移 冗余域2(12%) -> 切片2 -> 饥饿域0(66%)
[切片剥夺] 周期30000000：切片2（所属域2）进入待剥夺状态，禁止新替换
[切片剥夺] 周期30000092：切片2在途请求已清空，开始执行脏行写回
[切片管理] 周期30004975：原域2仅剩1个切片，关闭路扩展模式
[动态重分配] 周期30004975：切片2写回完成，自动绑定到域0
[切片管理] 成功绑定切片2 → 安全域0，触发【路扩展模式】

======================== 切片硬件状态 ========================
切片号 | 所属安全域 | 当前状态    | 路扩展 | LRU touched
------------------------------------------------------------------
  0    |   域0      | 正常运行   |  是   |  30004957
  1    |   域3      | 正常运行   |  否   |  30004969
  2    |   域0      | 正常运行   |  是   |  30004975
  3    |   域2      | 正常运行   |  否   |  30004975
==================================================================


**** Debug Statistics at 101000000 Cycles *****
Threads: 4		Fetch Width: 8
No of useful instructions fetched:	165140711 (20.44% proc util.)
No of total instructions fetched:	165155214 (20.44% proc util.)
 includes 1376 misfetch (0.0%), 13127 (0.0%) wrong-path fetches
 and 0 flushed after failed lock(0.0%)
No of useful instructions issued/executed:	165140684 (20.44% proc util.)
No of total instructions issued/executed:	165145202 (20.44% proc util.)
 includes 4518 wrong-path (0.0%) insts and 0 flushed (0.0%)
	fp 38, 0.00%
	synch 0, 0.00%
	integer 147663488, 89.41%
	load/store 17481676, 10.59%
Avg size of int IQ (before scheduling): 17.90
Avg size of fp IQ (before scheduling): 0.00
No of cycles taken:		101000000
Parallelism [ 0.627, 0.000, 0.341, 0.667,] = 1.635
 IQ conflicts: 662 (0.00%), FQ conflicts: 0 (0.00%) 
 I reg conflicts: 79415679 (78.63%), FP reg conflicts: 0 (0.00%)
  Activelist confs: 0 (0.00%), ROB confs: 0 (0.00%)
  Int unit conflicts: 2738133 (2.71%), FP unit conflicts: 2 (0.00%)
  Load/store unit conflicts: 401 (0.00%)
  MSHR conflicts: 224596 (0.22%)
----------------------------------------
==== System-wide Cache Statistics ====
Stall for miss queue full 95 cycles (0.00%)
----------------------------------------
==== Statistics for Master ID: 0 ====
Reads: 16517565   Writes: 34
ICACHE: size: 64 KB assoc: 2
ICACHE: hits:14172526 misses:24  Hit Ratio: 100.00%
DCACHE: size: 2*16 KB assoc: 2*4
DCACHE: hits:1310535 misses:1034514 writebacks:12  Hit Ratio: 55.89%
SCACHE: size: 512 KB assoc: 2
SCACHE: hits:939202 misses:95336  Hit Ratio: 90.78%
3CACHE: size: 4096 KB assoc: 2
3CACHE: hits:89598 misses:5738  Hit Ratio: 93.98%
3CACHE: dirty items replaced:0
ITLB: size: 48, misses 4, miss rate 0.00%
DTLB: size: 128, misses 161, miss rate 0.01%
Avg mem delay: 24.627 cycles
----------------------------------------
==== Statistics for Master ID: 2 ====
Reads: 17811213   Writes: 5728324
ICACHE: size: 64 KB assoc: 2
ICACHE: hits:11897790 misses:247  Hit Ratio: 100.00%
DCACHE: size: 1*16 KB assoc: 1*4
DCACHE: hits:10071332 misses:1570293 writebacks:877142  Hit Ratio: 86.51%
SCACHE: size: 512 KB assoc: 2
SCACHE: hits:1 misses:1570414  Hit Ratio: 0.00%
3CACHE: size: 4096 KB assoc: 2
3CACHE: hits:0 misses:1570414  Hit Ratio: 0.00%
3CACHE: dirty items replaced:0
ITLB: size: 48, misses 19, miss rate 0.00%
DTLB: size: 128, misses 67795, miss rate 0.58%
Avg mem delay: 24.627 cycles
----------------------------------------
==== Statistics for Master ID: 3 ====
Reads: 20338152   Writes: 5128
ICACHE: size: 64 KB assoc: 2
ICACHE: hits:16848144 misses:10  Hit Ratio: 100.00%
DCACHE: size: 1*16 KB assoc: 1*4
DCACHE: hits:3163509 misses:331616 writebacks:323  Hit Ratio: 90.51%
SCACHE: size: 512 KB assoc: 2
SCACHE: hits:252209 misses:79417  Hit Ratio: 76.05%
3CACHE: size: 4096 KB assoc: 2
3CACHE: hits:78369 misses:1048  Hit Ratio: 98.68%
3CACHE: dirty items replaced:0
ITLB: size: 48, misses 1, miss rate 0.00%
DTLB: size: 128, misses 91, miss rate 0.00%
Avg mem delay: 24.627 cycles
----------------------------------------
==== Global Resource Utilization ====
STASH: size: 65536 entries, full 165245973, empty 2940, misses 259, full rate 100.00
icache bank util. 0.127 0.095 0.000 0.000 0.000 0.113 0.024 0.065 
dcache bank util. 0.032 0.032 0.034 0.032 0.032 0.032 0.052 0.042 
L2 bank util. 0.027 0.027 0.027 0.027 0.027 0.027 0.035 0.042 
L1-L2 bus util. = 0.113, L3 util. = 0.156
----------------------------------------

======================== 切片硬件状态 ========================
切片号 | 所属安全域 | 当前状态    | 路扩展 | LRU touched
------------------------------------------------------------------
  0    |   域0      | 正常运行   |  是   |  100999991
  1    |   域3      | 正常运行   |  否   |  100999995
  2    |   域0      | 正常运行   |  是   |  100999675
  3    |   域2      | 正常运行   |  否   |  100999995
==================================================================

branch prediction, hits = 11927701, misses = 1140, hit rate = 99.99%
return_stack prediction, hits = 257, misses = 10, hit rate = 96.25%
jump prediction, hits = 13424365, misses = 337, hit rate = 100.00%

**** Debug Statistics at 201000000 Cycles *****
Threads: 4		Fetch Width: 8
No of useful instructions fetched:	570202580 (35.46% proc util.)
No of total instructions fetched:	591852962 (36.81% proc util.)
 includes 4182 misfetch (0.0%), 21646200 (3.7%) wrong-path fetches
 and 0 flushed after failed lock(0.0%)
No of useful instructions issued/executed:	570202525 (35.46% proc util.)
No of total instructions issued/executed:	579422750 (36.03% proc util.)
 includes 9220225 wrong-path (1.6%) insts and 0 flushed (0.0%)
	fp 38, 0.00%
	synch 0, 0.00%
	integer 508760899, 87.80%
	load/store 70661813, 12.20%
Avg size of int IQ (before scheduling): 25.10
Avg size of fp IQ (before scheduling): 0.00
No of cycles taken:		201000000
Parallelism [ 0.920, 0.000, 0.904, 1.013,] = 2.837
 IQ conflicts: 58127 (0.03%), FQ conflicts: 0 (0.00%) 
 I reg conflicts: 120036866 (59.72%), FP reg conflicts: 0 (0.00%)
  Activelist confs: 0 (0.00%), ROB confs: 0 (0.00%)
  Int unit conflicts: 105861970 (52.67%), FP unit conflicts: 2 (0.00%)
  Load/store unit conflicts: 665694 (0.33%)
  MSHR conflicts: 981958 (0.49%)
----------------------------------------
==== System-wide Cache Statistics ====
Stall for miss queue full 95 cycles (0.00%)
----------------------------------------
==== Statistics for Master ID: 0 ====
Reads: 53517496   Writes: 34
ICACHE: size: 64 KB assoc: 2
ICACHE: hits:46670644 misses:24  Hit Ratio: 100.00%
DCACHE: size: 2*16 KB assoc: 2*4
DCACHE: hits:4309513 misses:2537349 writebacks:12  Hit Ratio: 62.94%
SCACHE: size: 512 KB assoc: 2
SCACHE: hits:2400547 misses:136826  Hit Ratio: 94.61%
3CACHE: size: 4096 KB assoc: 2
3CACHE: hits:129483 misses:7343  Hit Ratio: 94.63%
3CACHE: dirty items replaced:15
ITLB: size: 48, misses 4, miss rate 0.00%
DTLB: size: 128, misses 181, miss rate 0.00%
Avg mem delay: 6.541 cycles
----------------------------------------
==== Statistics for Master ID: 2 ====
Reads: 92279859   Writes: 17472016
ICACHE: size: 64 KB assoc: 2
ICACHE: hits:56496235 misses:528  Hit Ratio: 100.00%
DCACHE: size: 1*16 KB assoc: 1*4
DCACHE: hits:50232091 misses:3023146 writebacks:1480180  Hit Ratio: 94.32%
SCACHE: size: 512 KB assoc: 2
SCACHE: hits:1053196 misses:1970353  Hit Ratio: 34.83%
3CACHE: size: 4096 KB assoc: 2
3CACHE: hits:32055 misses:1938298  Hit Ratio: 1.63%
3CACHE: dirty items replaced:120
ITLB: size: 48, misses 25, miss rate 0.00%
DTLB: size: 128, misses 88082, miss rate 0.17%
Avg mem delay: 6.541 cycles
----------------------------------------
==== Statistics for Master ID: 3 ====
Reads: 67155119   Writes: 5128
ICACHE: size: 64 KB assoc: 2
ICACHE: hits:56600400 misses:10  Hit Ratio: 100.00%
DCACHE: size: 1*16 KB assoc: 1*4
DCACHE: hits:9554585 misses:1005251 writebacks:323  Hit Ratio: 90.48%
SCACHE: size: 512 KB assoc: 2
SCACHE: hits:888369 misses:116892  Hit Ratio: 88.37%
3CACHE: size: 4096 KB assoc: 2
3CACHE: hits:115787 misses:1105  Hit Ratio: 99.05%
3CACHE: dirty items replaced:0
ITLB: size: 48, misses 1, miss rate 0.00%
DTLB: size: 128, misses 96, miss rate 0.00%
Avg mem delay: 6.541 cycles
----------------------------------------
==== Global Resource Utilization ====
STASH: size: 65536 entries, full 612505550, empty 6840, misses 535, full rate 100.00
icache bank util. 0.239 0.167 0.014 0.022 0.033 0.111 0.068 0.142 
dcache bank util. 0.045 0.054 0.060 0.051 0.070 0.043 0.095 0.053 
L2 bank util. 0.027 0.027 0.028 0.027 0.027 0.027 0.031 0.035 
L1-L2 bus util. = 0.120, L3 util. = 0.097
----------------------------------------

======================== 切片硬件状态 ========================
切片号 | 所属安全域 | 当前状态    | 路扩展 | LRU touched
------------------------------------------------------------------
  0    |   域0      | 正常运行   |  是   |  200999989
  1    |   域3      | 正常运行   |  否   |  200999997
  2    |   域0      | 正常运行   |  是   |  200999936
  3    |   域2      | 正常运行   |  否   |  200999999
==================================================================

branch prediction, hits = 33540403, misses = 934703, hit rate = 97.29%
return_stack prediction, hits = 915191, misses = 10, hit rate = 100.00%
jump prediction, hits = 41186041, misses = 1083, hit rate = 100.00%

**** Debug Statistics at 301000000 Cycles *****
Threads: 4		Fetch Width: 8
No of useful instructions fetched:	1046006439 (43.44% proc util.)
No of total instructions fetched:	1093539870 (45.41% proc util.)
 includes 5975 misfetch (0.0%), 47527456 (4.3%) wrong-path fetches
 and 0 flushed after failed lock(0.0%)
No of useful instructions issued/executed:	1046006394 (43.44% proc util.)
No of total instructions issued/executed:	1065784534 (44.26% proc util.)
 includes 19778140 wrong-path (1.9%) insts and 0 flushed (0.0%)
	fp 38, 0.00%
	synch 0, 0.00%
	integer 932701283, 87.51%
	load/store 133083213, 12.49%
Avg size of int IQ (before scheduling): 28.83
Avg size of fp IQ (before scheduling): 0.00
No of cycles taken:		301000000
Parallelism [ 1.072, 0.000, 1.210, 1.193,] = 3.475
 IQ conflicts: 145310 (0.05%), FQ conflicts: 0 (0.00%) 
 I reg conflicts: 150256546 (49.92%), FP reg conflicts: 0 (0.00%)
  Activelist confs: 0 (0.00%), ROB confs: 0 (0.00%)
  Int unit conflicts: 236213359 (78.48%), FP unit conflicts: 2 (0.00%)
  Load/store unit conflicts: 1366431 (0.45%)
  MSHR conflicts: 1243536 (0.41%)
----------------------------------------
==== System-wide Cache Statistics ====
Stall for miss queue full 95 cycles (0.00%)
----------------------------------------
==== Statistics for Master ID: 0 ====
Reads: 96186869   Writes: 34
ICACHE: size: 64 KB assoc: 2
ICACHE: hits:84237489 misses:24  Hit Ratio: 100.00%
DCACHE: size: 2*16 KB assoc: 2*4
DCACHE: hits:7708695 misses:4240695 writebacks:12  Hit Ratio: 64.51%
SCACHE: size: 512 KB assoc: 2
SCACHE: hits:4079657 misses:161062  Hit Ratio: 96.20%
3CACHE: size: 4096 KB assoc: 2
3CACHE: hits:153473 misses:7589  Hit Ratio: 95.29%
3CACHE: dirty items replaced:72
ITLB: size: 48, misses 4, miss rate 0.00%
DTLB: size: 128, misses 181, miss rate 0.00%
Avg mem delay: 3.907 cycles
----------------------------------------
==== Statistics for Master ID: 2 ====
Reads: 181637191   Writes: 30877944
ICACHE: size: 64 KB assoc: 2
ICACHE: hits:110006548 misses:533  Hit Ratio: 100.00%
DCACHE: size: 1*16 KB assoc: 1*4
DCACHE: hits:98235369 misses:4272810 writebacks:2007572  Hit Ratio: 95.83%
SCACHE: size: 512 KB assoc: 2
SCACHE: hits:2232420 misses:2040798  Hit Ratio: 52.24%
3CACHE: size: 4096 KB assoc: 2
3CACHE: hits:72887 misses:1967911  Hit Ratio: 3.57%
3CACHE: dirty items replaced:379
ITLB: size: 48, misses 25, miss rate 0.00%
DTLB: size: 128, misses 88761, miss rate 0.09%
Avg mem delay: 3.907 cycles
----------------------------------------
==== Statistics for Master ID: 3 ====
Reads: 121309705   Writes: 5128
ICACHE: size: 64 KB assoc: 2
ICACHE: hits:102689056 misses:10  Hit Ratio: 100.00%
DCACHE: size: 1*16 KB assoc: 1*4
DCACHE: hits:16851022 misses:1774744 writebacks:323  Hit Ratio: 90.47%
SCACHE: size: 512 KB assoc: 2
SCACHE: hits:1634403 misses:140351  Hit Ratio: 92.09%
3CACHE: size: 4096 KB assoc: 2
3CACHE: hits:139245 misses:1106  Hit Ratio: 99.21%
3CACHE: dirty items replaced:1
ITLB: size: 48, misses 1, miss rate 0.00%
DTLB: size: 128, misses 100, miss rate 0.00%
Avg mem delay: 3.907 cycles
----------------------------------------
==== Global Resource Utilization ====
STASH: size: 65536 entries, full 1138050311, empty 6939, misses 541, full rate 100.00
icache bank util. 0.298 0.206 0.023 0.034 0.047 0.107 0.089 0.183 
dcache bank util. 0.053 0.064 0.074 0.059 0.091 0.049 0.116 0.059 
L2 bank util. 0.027 0.027 0.028 0.026 0.026 0.027 0.030 0.032 
L1-L2 bus util. = 0.123, L3 util. = 0.066
----------------------------------------

======================== 切片硬件状态 ========================
切片号 | 所属安全域 | 当前状态    | 路扩展 | LRU touched
------------------------------------------------------------------
  0    |   域0      | 正常运行   |  是   |  300999976
  1    |   域3      | 正常运行   |  否   |  300999999
  2    |   域0      | 正常运行   |  是   |  300999993
  3    |   域2      | 正常运行   |  否   |  300999999
==================================================================

branch prediction, hits = 57889397, misses = 2073172, hit rate = 96.54%
return_stack prediction, hits = 1933204, misses = 10, hit rate = 100.00%
jump prediction, hits = 72731387, misses = 1583, hit rate = 100.00%

**** Debug Statistics at 401000000 Cycles *****
Threads: 4		Fetch Width: 8
No of useful instructions fetched:	1522934160 (47.47% proc util.)
No of total instructions fetched:	1596485210 (49.77% proc util.)
 includes 7786 misfetch (0.0%), 73543264 (4.6%) wrong-path fetches
 and 0 flushed after failed lock(0.0%)
No of useful instructions issued/executed:	1522934110 (47.47% proc util.)
No of total instructions issued/executed:	1553214401 (48.42% proc util.)
 includes 30280291 wrong-path (1.9%) insts and 0 flushed (0.0%)
	fp 38, 0.00%
	synch 0, 0.00%
	integer 1357123016, 87.38%
	load/store 196091347, 12.62%
Avg size of int IQ (before scheduling): 30.70
Avg size of fp IQ (before scheduling): 0.00
No of cycles taken:		401000000
Parallelism [ 1.148, 0.000, 1.366, 1.284,] = 3.798
 IQ conflicts: 231992 (0.06%), FQ conflicts: 0 (0.00%) 
 I reg conflicts: 180297185 (44.96%), FP reg conflicts: 0 (0.00%)
  Activelist confs: 0 (0.00%), ROB confs: 0 (0.00%)
  Int unit conflicts: 368615326 (91.92%), FP unit conflicts: 2 (0.00%)
  Load/store unit conflicts: 2089652 (0.52%)
  MSHR conflicts: 1479474 (0.37%)
----------------------------------------
==== System-wide Cache Statistics ====
Stall for miss queue full 95 cycles (0.00%)
----------------------------------------
==== Statistics for Master ID: 0 ====
Reads: 138918007   Writes: 34
ICACHE: size: 64 KB assoc: 2
ICACHE: hits:121862833 misses:24  Hit Ratio: 100.00%
DCACHE: size: 2*16 KB assoc: 2*4
DCACHE: hits:11111188 misses:5943996 writebacks:12  Hit Ratio: 65.15%
SCACHE: size: 512 KB assoc: 2
SCACHE: hits:5759370 misses:184650  Hit Ratio: 96.89%
3CACHE: size: 4096 KB assoc: 2
3CACHE: hits:176843 misses:7807  Hit Ratio: 95.77%
3CACHE: dirty items replaced:72
ITLB: size: 48, misses 4, miss rate 0.00%
DTLB: size: 128, misses 181, miss rate 0.00%
Avg mem delay: 3.001 cycles
----------------------------------------
==== Statistics for Master ID: 2 ====
Reads: 271553695   Writes: 44513357
ICACHE: size: 64 KB assoc: 2
ICACHE: hits:163728516 misses:533  Hit Ratio: 100.00%
DCACHE: size: 1*16 KB assoc: 1*4
DCACHE: hits:146846301 misses:5491827 writebacks:2508335  Hit Ratio: 96.39%
SCACHE: size: 512 KB assoc: 2
SCACHE: hits:3380998 misses:2111237  Hit Ratio: 61.56%
3CACHE: size: 4096 KB assoc: 2
3CACHE: hits:114467 misses:1996770  Hit Ratio: 5.42%
3CACHE: dirty items replaced:379
ITLB: size: 48, misses 25, miss rate 0.00%
DTLB: size: 128, misses 89460, miss rate 0.06%
Avg mem delay: 3.001 cycles
----------------------------------------
==== Statistics for Master ID: 3 ====
Reads: 175585267   Writes: 5128
ICACHE: size: 64 KB assoc: 2
ICACHE: hits:148892229 misses:10  Hit Ratio: 100.00%
DCACHE: size: 1*16 KB assoc: 1*4
DCACHE: hits:24152360 misses:2545795 writebacks:323  Hit Ratio: 90.46%
SCACHE: size: 512 KB assoc: 2
SCACHE: hits:2382983 misses:162822  Hit Ratio: 93.60%
3CACHE: size: 4096 KB assoc: 2
3CACHE: hits:161716 misses:1106  Hit Ratio: 99.32%
3CACHE: dirty items replaced:1
ITLB: size: 48, misses 1, miss rate 0.00%
DTLB: size: 128, misses 100, miss rate 0.00%
Avg mem delay: 3.001 cycles
----------------------------------------
==== Global Resource Utilization ====
STASH: size: 65536 entries, full 1664946068, empty 6940, misses 541, full rate 100.00
icache bank util. 0.327 0.226 0.028 0.040 0.054 0.105 0.100 0.203 
dcache bank util. 0.056 0.069 0.081 0.063 0.103 0.052 0.126 0.063 
L2 bank util. 0.027 0.027 0.027 0.026 0.026 0.026 0.029 0.030 
L1-L2 bus util. = 0.123, L3 util. = 0.050
----------------------------------------

======================== 切片硬件状态 ========================
切片号 | 所属安全域 | 当前状态    | 路扩展 | LRU touched
------------------------------------------------------------------
  0    |   域0      | 正常运行   |  是   |  400999962
  1    |   域3      | 正常运行   |  否   |  400999992
  2    |   域0      | 正常运行   |  是   |  400999982
  3    |   域2      | 正常运行   |  否   |  400999998
==================================================================

branch prediction, hits = 82299337, misses = 3216210, hit rate = 96.24%
return_stack prediction, hits = 2985128, misses = 10, hit rate = 100.00%
jump prediction, hits = 104422519, misses = 2075, hit rate = 100.00%

**** Debug Statistics at 501000000 Cycles *****
Threads: 4		Fetch Width: 8
No of useful instructions fetched:	1998943458 (49.87% proc util.)
No of total instructions fetched:	2098672706 (52.36% proc util.)
 includes 9561 misfetch (0.0%), 99719687 (4.8%) wrong-path fetches
 and 0 flushed after failed lock(0.0%)
No of useful instructions issued/executed:	1998943416 (49.87% proc util.)
No of total instructions issued/executed:	2039781521 (50.89% proc util.)
 includes 40838105 wrong-path (2.0%) insts and 0 flushed (0.0%)
	fp 38, 0.00%
	synch 0, 0.00%
	integer 1780854838, 87.31%
	load/store 258926645, 12.69%
Avg size of int IQ (before scheduling): 31.82
Avg size of fp IQ (before scheduling): 0.00
No of cycles taken:		501000000
Parallelism [ 1.194, 0.000, 1.458, 1.338,] = 3.990
 IQ conflicts: 317857 (0.06%), FQ conflicts: 0 (0.00%) 
 I reg conflicts: 210439852 (42.00%), FP reg conflicts: 0 (0.00%)
  Activelist confs: 0 (0.00%), ROB confs: 0 (0.00%)
  Int unit conflicts: 500164365 (99.83%), FP unit conflicts: 2 (0.00%)
  Load/store unit conflicts: 2807432 (0.56%)
  MSHR conflicts: 1706596 (0.34%)
----------------------------------------
==== System-wide Cache Statistics ====
Stall for miss queue full 95 cycles (0.00%)
----------------------------------------
==== Statistics for Master ID: 0 ====
Reads: 181589262   Writes: 34
ICACHE: size: 64 KB assoc: 2
ICACHE: hits:159434635 misses:24  Hit Ratio: 100.00%
DCACHE: size: 2*16 KB assoc: 2*4
DCACHE: hits:14507775 misses:7646862 writebacks:12  Hit Ratio: 65.48%
SCACHE: size: 512 KB assoc: 2
SCACHE: hits:7437913 misses:208973  Hit Ratio: 97.27%
3CACHE: size: 4096 KB assoc: 2
3CACHE: hits:200384 misses:8589  Hit Ratio: 95.89%
3CACHE: dirty items replaced:164
ITLB: size: 48, misses 4, miss rate 0.00%
DTLB: size: 128, misses 181, miss rate 0.00%
Avg mem delay: 2.549 cycles
----------------------------------------
==== Statistics for Master ID: 2 ====
Reads: 361302158   Writes: 58073424
ICACHE: size: 64 KB assoc: 2
ICACHE: hits:217364877 misses:533  Hit Ratio: 100.00%
DCACHE: size: 1*16 KB assoc: 1*4
DCACHE: hits:195281026 misses:6729271 writebacks:3019032  Hit Ratio: 96.67%
SCACHE: size: 512 KB assoc: 2
SCACHE: hits:4547024 misses:2182654  Hit Ratio: 67.57%
3CACHE: size: 4096 KB assoc: 2
3CACHE: hits:155767 misses:2026887  Hit Ratio: 7.14%
3CACHE: dirty items replaced:1027
ITLB: size: 48, misses 25, miss rate 0.00%
DTLB: size: 128, misses 90160, miss rate 0.04%
Avg mem delay: 2.549 cycles
----------------------------------------
==== Statistics for Master ID: 3 ====
Reads: 229782092   Writes: 5128
ICACHE: size: 64 KB assoc: 2
ICACHE: hits:195025378 misses:10  Hit Ratio: 100.00%
DCACHE: size: 1*16 KB assoc: 1*4
DCACHE: hits:31446558 misses:3315273 writebacks:323  Hit Ratio: 90.46%
SCACHE: size: 512 KB assoc: 2
SCACHE: hits:3129248 misses:186035  Hit Ratio: 94.39%
3CACHE: size: 4096 KB assoc: 2
3CACHE: hits:184928 misses:1107  Hit Ratio: 99.40%
3CACHE: dirty items replaced:2
ITLB: size: 48, misses 1, miss rate 0.00%
DTLB: size: 128, misses 100, miss rate 0.00%
Avg mem delay: 2.549 cycles
----------------------------------------
==== Global Resource Utilization ====
STASH: size: 65536 entries, full 2191104894, empty 6940, misses 541, full rate 100.00
icache bank util. 0.345 0.238 0.031 0.043 0.058 0.104 0.106 0.216 
dcache bank util. 0.058 0.072 0.085 0.066 0.110 0.053 0.132 0.065 
L2 bank util. 0.026 0.027 0.027 0.026 0.026 0.026 0.028 0.029 
L1-L2 bus util. = 0.124, L3 util. = 0.041
----------------------------------------

======================== 切片硬件状态 ========================
切片号 | 所属安全域 | 当前状态    | 路扩展 | LRU touched
------------------------------------------------------------------
  0    |   域0      | 正常运行   |  是   |  500999983
  1    |   域3      | 正常运行   |  否   |  500999982
  2    |   域0      | 正常运行   |  是   |  500999997
  3    |   域2      | 正常运行   |  否   |  500999999
==================================================================

branch prediction, hits = 106683904, misses = 4366408, hit rate = 96.07%
return_stack prediction, hits = 4032432, misses = 10, hit rate = 100.00%
jump prediction, hits = 136080551, misses = 2569, hit rate = 100.00%

**** Early Exiting at 501225212 Cycles *****
========================================
 SMTSIM Global Statistics
========================================
Threads: 4		Fetch Width: 8
No of useful instructions fetched:	2000000110 (49.88% proc util.)
No of total instructions fetched:	2099831665 (52.37% proc util.)
 includes 9561 misfetch (0.0%), 99821994 (4.8%) wrong-path fetches
 and 0 flushed after failed lock(0.0%)
No of useful instructions issued/executed:	2000000062 (49.88% proc util.)
No of total instructions issued/executed:	2040883578 (50.90% proc util.)
 includes 40883516 wrong-path (2.0%) insts and 0 flushed (0.0%)
	fp 38, 0.00%
	synch 0, 0.00%
	integer 1781816363, 87.31%
	load/store 259067177, 12.69%
Avg size of int IQ (before scheduling): 31.82
Avg size of fp IQ (before scheduling): 0.00
No of cycles taken:		501225212
Parallelism [ 1.194, 0.000, 1.458, 1.338,] = 3.990
 IQ conflicts: 317973 (0.06%), FQ conflicts: 0 (0.00%) 
 I reg conflicts: 210502221 (42.00%), FP reg conflicts: 0 (0.00%)
  Activelist confs: 0 (0.00%), ROB confs: 0 (0.00%)
  Int unit conflicts: 500445216 (99.84%), FP unit conflicts: 2 (0.00%)
  Load/store unit conflicts: 2807807 (0.56%)
  MSHR conflicts: 1706596 (0.34%)
----------------------------------------
==== System-wide Cache Statistics ====
Stall for miss queue full 95 cycles (0.00%)
----------------------------------------
==== Statistics for Master ID: 0 ====
Reads: 181687016   Writes: 34
ICACHE: size: 64 KB assoc: 2
ICACHE: hits:159520907 misses:24  Hit Ratio: 100.00%
DCACHE: size: 2*16 KB assoc: 2*4
DCACHE: hits:14515482 misses:7650637 writebacks:12  Hit Ratio: 65.48%
SCACHE: size: 512 KB assoc: 2
SCACHE: hits:7441621 misses:209040  Hit Ratio: 97.27%
3CACHE: size: 4096 KB assoc: 2
3CACHE: hits:200450 misses:8590  Hit Ratio: 95.89%
3CACHE: dirty items replaced:164
ITLB: size: 48, misses 4, miss rate 0.00%
DTLB: size: 128, misses 181, miss rate 0.00%
Avg mem delay: 2.549 cycles
----------------------------------------
==== Statistics for Master ID: 2 ====
Reads: 361520809   Writes: 58094370
ICACHE: size: 64 KB assoc: 2
ICACHE: hits:217493603 misses:533  Hit Ratio: 100.00%
DCACHE: size: 1*16 KB assoc: 1*4
DCACHE: hits:195386394 misses:6734774 writebacks:3020926  Hit Ratio: 96.67%
SCACHE: size: 512 KB assoc: 2
SCACHE: hits:4552411 misses:2182771  Hit Ratio: 67.59%
3CACHE: size: 4096 KB assoc: 2
3CACHE: hits:155882 misses:2026889  Hit Ratio: 7.14%
3CACHE: dirty items replaced:1027
ITLB: size: 48, misses 25, miss rate 0.00%
DTLB: size: 128, misses 90161, miss rate 0.04%
Avg mem delay: 2.549 cycles
----------------------------------------
==== Statistics for Master ID: 3 ====
Reads: 229907188   Writes: 5128
ICACHE: size: 64 KB assoc: 2
ICACHE: hits:195132295 misses:10  Hit Ratio: 100.00%
DCACHE: size: 1*16 KB assoc: 1*4
DCACHE: hits:31463049 misses:3316961 writebacks:323  Hit Ratio: 90.46%
SCACHE: size: 512 KB assoc: 2
SCACHE: hits:3130877 misses:186094  Hit Ratio: 94.39%
3CACHE: size: 4096 KB assoc: 2
3CACHE: hits:184987 misses:1107  Hit Ratio: 99.41%
3CACHE: dirty items replaced:2
ITLB: size: 48, misses 1, miss rate 0.00%
DTLB: size: 128, misses 100, miss rate 0.00%
Avg mem delay: 2.549 cycles
----------------------------------------
==== Global Resource Utilization ====
STASH: size: 65536 entries, full 2192335054, empty 6940, misses 541, full rate 100.00
icache bank util. 0.345 0.238 0.031 0.044 0.058 0.104 0.106 0.216 
dcache bank util. 0.058 0.072 0.085 0.066 0.110 0.053 0.132 0.065 
L2 bank util. 0.026 0.027 0.027 0.026 0.026 0.026 0.028 0.029 
L1-L2 bus util. = 0.124, L3 util. = 0.041
----------------------------------------

======================== 切片硬件状态 ========================
切片号 | 所属安全域 | 当前状态    | 路扩展 | LRU touched
------------------------------------------------------------------
  0    |   域0      | 正常运行   |  是   |  501225176
  1    |   域3      | 正常运行   |  否   |  501225204
  2    |   域0      | 正常运行   |  是   |  501225197
  3    |   域2      | 正常运行   |  否   |  501225211
==================================================================

branch prediction, hits = 106744866, misses = 4370795, hit rate = 96.07%
return_stack prediction, hits = 4034540, misses = 10, hit rate = 100.00%
jump prediction, hits = 136158082, misses = 2569, hit rate = 100.00%
total IPC 3.990

=== Results saved to: ./results/cacherand_2_gzip-source_1_seqacc_1.txt ===
