测试启动顺序：seqacc.arg2 + randacc.arg + gcc-scilab.arg
执行命令：./smtsim seqacc.arg2 randacc.arg gcc-scilab.arg
重试次数：0
==================================================

动态重分配参数：每500万周期检查，阈值5
Process 0, Thread 0: seqacc
Process 0, Thread 1: seqacc
Process 2, Thread 2: randacc
Process 3, Thread 3: gcc-scilab
[切片调度] 新安全域0无任何切片，尝试分配空闲切片
[切片管理] 成功绑定切片0 → 安全域0

======================== 切片硬件状态 ========================
切片号 | 所属安全域 | 当前状态    | 路扩展 | LRU touched
------------------------------------------------------------------
  0    |   域0      | 正常运行   |  否   |  0
  1    |   域-1     | 切片空闲   |  否   |  0
  2    |   域-1     | 切片空闲   |  否   |  0
  3    |   域-1     | 切片空闲   |  否   |  0
==================================================================

[切片管理] 成功绑定切片1 → 安全域0，触发【路扩展模式】

======================== 切片硬件状态 ========================
切片号 | 所属安全域 | 当前状态    | 路扩展 | LRU touched
------------------------------------------------------------------
  0    |   域0      | 正常运行   |  是   |  0
  1    |   域0      | 正常运行   |  是   |  0
  2    |   域-1     | 切片空闲   |  否   |  0
  3    |   域-1     | 切片空闲   |  否   |  0
==================================================================

[切片调度] 新安全域2无任何切片，尝试分配空闲切片
[切片管理] 成功绑定切片2 → 安全域2

======================== 切片硬件状态 ========================
切片号 | 所属安全域 | 当前状态    | 路扩展 | LRU touched
------------------------------------------------------------------
  0    |   域0      | 正常运行   |  是   |  326
  1    |   域0      | 正常运行   |  是   |  0
  2    |   域2      | 正常运行   |  否   |  0
  3    |   域-1     | 切片空闲   |  否   |  0
==================================================================

[切片管理] 成功绑定切片3 → 安全域2，触发【路扩展模式】

======================== 切片硬件状态 ========================
切片号 | 所属安全域 | 当前状态    | 路扩展 | LRU touched
------------------------------------------------------------------
  0    |   域0      | 正常运行   |  是   |  326
  1    |   域0      | 正常运行   |  是   |  0
  2    |   域2      | 正常运行   |  是   |  0
  3    |   域2      | 正常运行   |  是   |  0
==================================================================

[切片调度] 新安全域3无任何切片，尝试分配空闲切片
[切片调度] 新安全域3未找到空闲切片，尝试剥夺切片
[切片替换] 优先从【路扩展切片】中选择LRU替换目标...
[切片替换] 找到路扩展切片作为受害者：切片1（最后访问：0）
[切片调度] 安全域3触发切片剥夺：从域0剥夺切片1
[切片剥夺] 周期510：切片1（所属域0）进入待剥夺状态，禁止新替换
[切片剥夺] 周期510：切片1在途请求已清空，开始执行脏行写回
[切片剥夺] 周期510：切片1无脏行，直接完成剥夺
[切片管理] 周期510：原域0仅剩1个切片，关闭路扩展模式
[动态重分配] 周期510：切片1写回完成，自动绑定到域3
[切片管理] 成功绑定切片1 → 安全域3

======================== 切片硬件状态 ========================
切片号 | 所属安全域 | 当前状态    | 路扩展 | LRU touched
------------------------------------------------------------------
  0    |   域0      | 正常运行   |  否   |  326
  1    |   域3      | 正常运行   |  否   |  510
  2    |   域2      | 正常运行   |  是   |  435
  3    |   域2      | 正常运行   |  是   |  0
==================================================================

[切片唤醒] 周期510：域3切片就绪，唤醒等待指令

**** Debug Statistics at 1000000 Cycles *****
Threads: 4		Fetch Width: 8
No of useful instructions fetched:	3690768 (46.13% proc util.)
No of total instructions fetched:	3961021 (49.51% proc util.)
 includes 23217 misfetch (0.6%), 247036 (6.2%) wrong-path fetches
 and 0 flushed after failed lock(0.0%)
No of useful instructions issued/executed:	3690699 (46.13% proc util.)
No of total instructions issued/executed:	3789298 (47.37% proc util.)
 includes 98599 wrong-path (2.6%) insts and 0 flushed (0.0%)
	fp 79, 0.00%
	synch 0, 0.00%
	integer 3258156, 85.98%
	load/store 531063, 14.01%
Avg size of int IQ (before scheduling): 29.44
Avg size of fp IQ (before scheduling): 0.00
No of cycles taken:		1000000
Parallelism [ 1.379, 0.000, 1.333, 0.979,] = 3.691
 IQ conflicts: 2015 (0.20%), FQ conflicts: 0 (0.00%) 
 I reg conflicts: 422032 (42.20%), FP reg conflicts: 0 (0.00%)
  Activelist confs: 0 (0.00%), ROB confs: 608 (0.06%)
  Int unit conflicts: 1393605 (139.36%), FP unit conflicts: 0 (0.00%)
  Load/store unit conflicts: 48774 (4.88%)
  MSHR conflicts: 81163 (8.12%)
----------------------------------------
==== System-wide Cache Statistics ====
Stall for miss queue full 0 cycles (0.00%)
----------------------------------------
==== Statistics for Master ID: 0 ====
Reads: 458731   Writes: 0
ICACHE: size: 64 KB assoc: 2
ICACHE: hits:387057 misses:6  Hit Ratio: 100.00%
DCACHE: size: 1*16 KB assoc: 1*4
DCACHE: hits:64618 misses:7050 writebacks:0  Hit Ratio: 90.16%
SCACHE: size: 512 KB assoc: 2
SCACHE: hits:6715 misses:341  Hit Ratio: 95.17%
3CACHE: size: 4096 KB assoc: 2
3CACHE: hits:12 misses:329  Hit Ratio: 3.52%
3CACHE: dirty items replaced:0
ITLB: size: 48, misses 1, miss rate 0.00%
DTLB: size: 128, misses 8, miss rate 0.01%
Avg mem delay: 1.488 cycles
----------------------------------------
==== Statistics for Master ID: 2 ====
Reads: 460631   Writes: 32
ICACHE: size: 64 KB assoc: 2
ICACHE: hits:381049 misses:23  Hit Ratio: 99.99%
DCACHE: size: 2*16 KB assoc: 2*4
DCACHE: hits:78494 misses:1097 writebacks:10  Hit Ratio: 98.62%
SCACHE: size: 512 KB assoc: 2
SCACHE: hits:311 misses:809  Hit Ratio: 27.77%
3CACHE: size: 4096 KB assoc: 2
3CACHE: hits:55 misses:754  Hit Ratio: 6.80%
3CACHE: dirty items replaced:0
ITLB: size: 48, misses 4, miss rate 0.00%
DTLB: size: 128, misses 20, miss rate 0.03%
Avg mem delay: 1.488 cycles
----------------------------------------
==== Statistics for Master ID: 3 ====
Reads: 562875   Writes: 153862
ICACHE: size: 64 KB assoc: 2
ICACHE: hits:334944 misses:2230  Hit Ratio: 99.34%
DCACHE: size: 1*16 KB assoc: 1*4
DCACHE: hits:375642 misses:3920 writebacks:2729  Hit Ratio: 98.97%
SCACHE: size: 512 KB assoc: 2
SCACHE: hits:1019 misses:5131  Hit Ratio: 16.57%
3CACHE: size: 4096 KB assoc: 2
3CACHE: hits:93 misses:5038  Hit Ratio: 1.81%
3CACHE: dirty items replaced:0
ITLB: size: 48, misses 141, miss rate 0.04%
DTLB: size: 128, misses 196, miss rate 0.05%
Avg mem delay: 1.488 cycles
----------------------------------------
==== Global Resource Utilization ====
STASH: size: 65536 entries, full 504038271, empty 49682, misses 4664, full rate 99.99
icache bank util. 0.315 0.220 0.119 0.051 0.034 0.044 0.100 0.229 
dcache bank util. 0.053 0.062 0.032 0.039 0.051 0.112 0.145 0.082 
L2 bank util. 0.014 0.013 0.013 0.013 0.012 0.013 0.013 0.013 
L1-L2 bus util. = 0.051, L3 util. = 0.061
----------------------------------------

======================== 切片硬件状态 ========================
切片号 | 所属安全域 | 当前状态    | 路扩展 | LRU touched
------------------------------------------------------------------
  0    |   域0      | 正常运行   |  否   |  999996
  1    |   域3      | 正常运行   |  否   |  999881
  2    |   域2      | 正常运行   |  是   |  999989
  3    |   域2      | 正常运行   |  是   |  999934
==================================================================

branch prediction, hits = 254781, misses = 11421, hit rate = 95.71%
return_stack prediction, hits = 17973, misses = 22, hit rate = 99.88%
jump prediction, hits = 347760, misses = 5991, hit rate = 98.31%
 dgelq2_ dgelqf_ dgels_
======================== 切片硬件状态 ========================
切片号 | 所属安全域 | 当前状态    | 路扩展 | LRU touched
------------------------------------------------------------------
  0    |   域0      | 正常运行   |  否   |  64999992
  1    |   域3      | 正常运行   |  否   |  64999998
  2    |   域2      | 正常运行   |  是   |  64999989
  3    |   域2      | 正常运行   |  是   |  64999979
==================================================================

[动态重分配] 周期65000000：预约迁移 冗余域2(0%) -> 切片2 -> 饥饿域0(9%)
[切片剥夺] 周期65000000：切片2（所属域2）进入待剥夺状态，禁止新替换
[切片剥夺] 周期65000000：切片2在途请求已清空，开始执行脏行写回
[切片剥夺] 周期65000000：切片2无脏行，直接完成剥夺
[切片管理] 周期65000001：原域2仅剩1个切片，关闭路扩展模式
[动态重分配] 周期65000001：切片2写回完成，自动绑定到域0
[切片管理] 成功绑定切片2 → 安全域0，触发【路扩展模式】

======================== 切片硬件状态 ========================
切片号 | 所属安全域 | 当前状态    | 路扩展 | LRU touched
------------------------------------------------------------------
  0    |   域0      | 正常运行   |  是   |  64999992
  1    |   域3      | 正常运行   |  否   |  65000001
  2    |   域0      | 正常运行   |  是   |  65000001
  3    |   域2      | 正常运行   |  否   |  64999979
==================================================================


======================== 切片硬件状态 ========================
切片号 | 所属安全域 | 当前状态    | 路扩展 | LRU touched
------------------------------------------------------------------
  0    |   域0      | 正常运行   |  是   |  69999995
  1    |   域3      | 正常运行   |  否   |  69999999
  2    |   域0      | 正常运行   |  是   |  69999986
  3    |   域2      | 正常运行   |  否   |  69999988
==================================================================

[动态重分配] 周期70000000：预约迁移 冗余域0(0%) -> 切片0 -> 饥饿域2(22%)
[切片剥夺] 周期70000000：切片0（所属域0）进入待剥夺状态，禁止新替换
[切片剥夺] 周期70000000：切片0在途请求已清空，开始执行脏行写回
[切片剥夺] 周期70000000：切片0无脏行，直接完成剥夺
[切片管理] 周期70000001：原域0仅剩1个切片，关闭路扩展模式
[动态重分配] 周期70000001：切片0写回完成，自动绑定到域2
[切片管理] 成功绑定切片0 → 安全域2，触发【路扩展模式】

======================== 切片硬件状态 ========================
切片号 | 所属安全域 | 当前状态    | 路扩展 | LRU touched
------------------------------------------------------------------
  0    |   域2      | 正常运行   |  是   |  70000001
  1    |   域3      | 正常运行   |  否   |  69999999
  2    |   域0      | 正常运行   |  否   |  69999986
  3    |   域2      | 正常运行   |  是   |  70000001
==================================================================


**** Debug Statistics at 101000000 Cycles *****
Threads: 4		Fetch Width: 8
No of useful instructions fetched:	449737719 (55.66% proc util.)
No of total instructions fetched:	547685689 (67.78% proc util.)
 includes 15844041 misfetch (2.9%), 82103929 (15.0%) wrong-path fetches
 and 0 flushed after failed lock(0.0%)
No of useful instructions issued/executed:	449737671 (55.66% proc util.)
No of total instructions issued/executed:	485708682 (60.11% proc util.)
 includes 35971011 wrong-path (7.4%) insts and 0 flushed (0.0%)
	fp 5904, 0.00%
	synch 0, 0.00%
	integer 405307876, 83.45%
	load/store 80394902, 16.55%
Avg size of int IQ (before scheduling): 34.92
Avg size of fp IQ (before scheduling): 0.00
No of cycles taken:		101000000
Parallelism [ 1.620, 0.000, 1.573, 1.259,] = 4.453
 IQ conflicts: 340456 (0.34%), FQ conflicts: 0 (0.00%) 
 I reg conflicts: 21222384 (21.01%), FP reg conflicts: 0 (0.00%)
  Activelist confs: 6 (0.00%), ROB confs: 57303 (0.06%)
  Int unit conflicts: 190811854 (188.92%), FP unit conflicts: 2 (0.00%)
  Load/store unit conflicts: 6439818 (6.38%)
  MSHR conflicts: 3190892 (3.16%)
----------------------------------------
==== System-wide Cache Statistics ====
Stall for miss queue full 0 cycles (0.00%)
----------------------------------------
==== Statistics for Master ID: 0 ====
Reads: 57658320   Writes: 0
ICACHE: size: 64 KB assoc: 2
ICACHE: hits:49169890 misses:279  Hit Ratio: 100.00%
DCACHE: size: 1*16 KB assoc: 1*4
DCACHE: hits:7718004 misses:770147 writebacks:0  Hit Ratio: 90.93%
SCACHE: size: 512 KB assoc: 2
SCACHE: hits:764838 misses:5588  Hit Ratio: 99.27%
3CACHE: size: 4096 KB assoc: 2
3CACHE: hits:5242 misses:346  Hit Ratio: 93.81%
3CACHE: dirty items replaced:2
ITLB: size: 48, misses 1, miss rate 0.00%
DTLB: size: 128, misses 329, miss rate 0.00%
Avg mem delay: 1.022 cycles
----------------------------------------
==== Statistics for Master ID: 2 ====
Reads: 57807752   Writes: 33
ICACHE: size: 64 KB assoc: 2
ICACHE: hits:48332939 misses:178  Hit Ratio: 100.00%
DCACHE: size: 2*16 KB assoc: 2*4
DCACHE: hits:9307481 misses:167187 writebacks:12  Hit Ratio: 98.24%
SCACHE: size: 512 KB assoc: 2
SCACHE: hits:147138 misses:20227  Hit Ratio: 87.91%
3CACHE: size: 4096 KB assoc: 2
3CACHE: hits:19308 misses:919  Hit Ratio: 95.46%
3CACHE: dirty items replaced:4
ITLB: size: 48, misses 4, miss rate 0.00%
DTLB: size: 128, misses 277, miss rate 0.00%
Avg mem delay: 1.022 cycles
----------------------------------------
==== Statistics for Master ID: 3 ====
Reads: 101107415   Writes: 17840678
ICACHE: size: 64 KB assoc: 2
ICACHE: hits:56002497 misses:700684  Hit Ratio: 98.76%
DCACHE: size: 1*16 KB assoc: 1*4
DCACHE: hits:60692402 misses:1552509 writebacks:446963  Hit Ratio: 97.51%
SCACHE: size: 512 KB assoc: 2
SCACHE: hits:1977800 misses:275393  Hit Ratio: 87.78%
3CACHE: size: 4096 KB assoc: 2
3CACHE: hits:206644 misses:68749  Hit Ratio: 75.04%
3CACHE: dirty items replaced:5384
ITLB: size: 48, misses 38937, miss rate 0.07%
DTLB: size: 128, misses 36404, miss rate 0.06%
Avg mem delay: 1.022 cycles
----------------------------------------
==== Global Resource Utilization ====
STASH: size: 65536 entries, full 1057531174, empty 14044114, misses 1242260, full rate 98.58
icache bank util. 0.426 0.294 0.145 0.074 0.076 0.072 0.137 0.323 
dcache bank util. 0.093 0.101 0.112 0.114 0.096 0.136 0.135 0.095 
L2 bank util. 0.023 0.023 0.023 0.023 0.023 0.022 0.023 0.023 
L1-L2 bus util. = 0.108, L3 util. = 0.007
----------------------------------------

======================== 切片硬件状态 ========================
切片号 | 所属安全域 | 当前状态    | 路扩展 | LRU touched
------------------------------------------------------------------
  0    |   域2      | 正常运行   |  是   |  100999998
  1    |   域3      | 正常运行   |  否   |  100999994
  2    |   域0      | 正常运行   |  否   |  100999988
  3    |   域2      | 正常运行   |  是   |  100999982
==================================================================

branch prediction, hits = 33315707, misses = 2954307, hit rate = 91.85%
return_stack prediction, hits = 1710086, misses = 2192, hit rate = 99.87%
jump prediction, hits = 39739968, misses = 3686884, hit rate = 91.51%

======================== 切片硬件状态 ========================
切片号 | 所属安全域 | 当前状态    | 路扩展 | LRU touched
------------------------------------------------------------------
  0    |   域2      | 正常运行   |  是   |  169999987
  1    |   域3      | 正常运行   |  否   |  169999999
  2    |   域0      | 正常运行   |  否   |  169999995
  3    |   域2      | 正常运行   |  是   |  169999999
==================================================================

[动态重分配] 周期170000000：预约迁移 冗余域2(0%) -> 切片3 -> 饥饿域0(9%)
[切片剥夺] 周期170000000：切片3（所属域2）进入待剥夺状态，禁止新替换
[切片剥夺] 周期170000000：切片3在途请求已清空，开始执行脏行写回
[切片剥夺] 周期170000000：切片3无脏行，直接完成剥夺
[切片管理] 周期170000001：原域2仅剩1个切片，关闭路扩展模式
[动态重分配] 周期170000001：切片3写回完成，自动绑定到域0
[切片管理] 成功绑定切片3 → 安全域0，触发【路扩展模式】

======================== 切片硬件状态 ========================
切片号 | 所属安全域 | 当前状态    | 路扩展 | LRU touched
------------------------------------------------------------------
  0    |   域2      | 正常运行   |  否   |  169999987
  1    |   域3      | 正常运行   |  否   |  170000001
  2    |   域0      | 正常运行   |  是   |  169999995
  3    |   域0      | 正常运行   |  是   |  170000001
==================================================================


======================== 切片硬件状态 ========================
切片号 | 所属安全域 | 当前状态    | 路扩展 | LRU touched
------------------------------------------------------------------
  0    |   域2      | 正常运行   |  否   |  174999998
  1    |   域3      | 正常运行   |  否   |  174999993
  2    |   域0      | 正常运行   |  是   |  174999977
  3    |   域0      | 正常运行   |  是   |  174999953
==================================================================

[动态重分配] 周期175000000：预约迁移 冗余域0(0%) -> 切片2 -> 饥饿域2(22%)
[切片剥夺] 周期175000000：切片2（所属域0）进入待剥夺状态，禁止新替换
[切片剥夺] 周期175000000：切片2在途请求已清空，开始执行脏行写回
[切片剥夺] 周期175000000：切片2无脏行，直接完成剥夺
[切片管理] 周期175000001：原域0仅剩1个切片，关闭路扩展模式
[动态重分配] 周期175000001：切片2写回完成，自动绑定到域2
[切片管理] 成功绑定切片2 → 安全域2，触发【路扩展模式】

======================== 切片硬件状态 ========================
切片号 | 所属安全域 | 当前状态    | 路扩展 | LRU touched
------------------------------------------------------------------
  0    |   域2      | 正常运行   |  是   |  174999998
  1    |   域3      | 正常运行   |  否   |  174999993
  2    |   域2      | 正常运行   |  是   |  175000001
  3    |   域0      | 正常运行   |  否   |  175000001
==================================================================


======================== 切片硬件状态 ========================
切片号 | 所属安全域 | 当前状态    | 路扩展 | LRU touched
------------------------------------------------------------------
  0    |   域2      | 正常运行   |  是   |  179999998
  1    |   域3      | 正常运行   |  否   |  179999989
  2    |   域2      | 正常运行   |  是   |  179999973
  3    |   域0      | 正常运行   |  否   |  179999998
==================================================================

[动态重分配] 周期180000000：预约迁移 冗余域2(0%) -> 切片0 -> 饥饿域0(9%)
[切片剥夺] 周期180000000：切片0（所属域2）进入待剥夺状态，禁止新替换
[切片剥夺] 周期180000000：切片0在途请求已清空，开始执行脏行写回
[切片剥夺] 周期180000000：切片0无脏行，直接完成剥夺
[切片管理] 周期180000001：原域2仅剩1个切片，关闭路扩展模式
[动态重分配] 周期180000001：切片0写回完成，自动绑定到域0
[切片管理] 成功绑定切片0 → 安全域0，触发【路扩展模式】

======================== 切片硬件状态 ========================
切片号 | 所属安全域 | 当前状态    | 路扩展 | LRU touched
------------------------------------------------------------------
  0    |   域0      | 正常运行   |  是   |  180000001
  1    |   域3      | 正常运行   |  否   |  179999989
  2    |   域2      | 正常运行   |  否   |  179999973
  3    |   域0      | 正常运行   |  是   |  179999998
==================================================================


======================== 切片硬件状态 ========================
切片号 | 所属安全域 | 当前状态    | 路扩展 | LRU touched
------------------------------------------------------------------
  0    |   域0      | 正常运行   |  是   |  199999740
  1    |   域3      | 正常运行   |  否   |  199999998
  2    |   域2      | 正常运行   |  否   |  199999999
  3    |   域0      | 正常运行   |  是   |  199999987
==================================================================

[动态重分配] 周期200000000：预约迁移 冗余域0(0%) -> 切片3 -> 饥饿域2(21%)
[切片剥夺] 周期200000000：切片3（所属域0）进入待剥夺状态，禁止新替换
[切片剥夺] 周期200000000：切片3在途请求已清空，开始执行脏行写回
[切片剥夺] 周期200000000：切片3无脏行，直接完成剥夺
[切片管理] 周期200000001：原域0仅剩1个切片，关闭路扩展模式
[动态重分配] 周期200000001：切片3写回完成，自动绑定到域2
[切片管理] 成功绑定切片3 → 安全域2，触发【路扩展模式】

======================== 切片硬件状态 ========================
切片号 | 所属安全域 | 当前状态    | 路扩展 | LRU touched
------------------------------------------------------------------
  0    |   域0      | 正常运行   |  否   |  199999740
  1    |   域3      | 正常运行   |  否   |  199999998
  2    |   域2      | 正常运行   |  是   |  199999999
  3    |   域2      | 正常运行   |  是   |  200000001
==================================================================


**** Debug Statistics at 201000000 Cycles *****
Threads: 4		Fetch Width: 8
No of useful instructions fetched:	906585590 (56.38% proc util.)
No of total instructions fetched:	1112882967 (69.21% proc util.)
 includes 34055386 misfetch (3.1%), 172241991 (15.5%) wrong-path fetches
 and 0 flushed after failed lock(0.0%)
No of useful instructions issued/executed:	906585550 (56.38% proc util.)
No of total instructions issued/executed:	980975366 (61.01% proc util.)
 includes 74389816 wrong-path (7.6%) insts and 0 flushed (0.0%)
	fp 6050, 0.00%
	synch 0, 0.00%
	integer 814959956, 83.08%
	load/store 166009360, 16.92%
Avg size of int IQ (before scheduling): 34.93
Avg size of fp IQ (before scheduling): 0.00
No of cycles taken:		201000000
Parallelism [ 1.615, 0.000, 1.569, 1.327,] = 4.510
 IQ conflicts: 642179 (0.32%), FQ conflicts: 0 (0.00%) 
 I reg conflicts: 39128550 (19.47%), FP reg conflicts: 0 (0.00%)
  Activelist confs: 143 (0.00%), ROB confs: 103094 (0.05%)
  Int unit conflicts: 396272500 (197.15%), FP unit conflicts: 2 (0.00%)
  Load/store unit conflicts: 13436577 (6.68%)
  MSHR conflicts: 8527444 (4.24%)
----------------------------------------
==== System-wide Cache Statistics ====
Stall for miss queue full 0 cycles (0.00%)
----------------------------------------
==== Statistics for Master ID: 0 ====
Reads: 115233510   Writes: 0
ICACHE: size: 64 KB assoc: 2
ICACHE: hits:98397123 misses:576  Hit Ratio: 100.00%
DCACHE: size: 1*16 KB assoc: 1*4
DCACHE: hits:15466664 misses:1369147 writebacks:0  Hit Ratio: 91.87%
SCACHE: size: 512 KB assoc: 2
SCACHE: hits:1356850 misses:12873  Hit Ratio: 99.06%
3CACHE: size: 4096 KB assoc: 2
3CACHE: hits:12463 misses:410  Hit Ratio: 96.82%
3CACHE: dirty items replaced:25
ITLB: size: 48, misses 1, miss rate 0.00%
DTLB: size: 128, misses 810, miss rate 0.00%
Avg mem delay: 1.049 cycles
----------------------------------------
==== Statistics for Master ID: 2 ====
Reads: 115495879   Writes: 34
ICACHE: size: 64 KB assoc: 2
ICACHE: hits:96697923 misses:245  Hit Ratio: 100.00%
DCACHE: size: 2*16 KB assoc: 2*4
DCACHE: hits:18072926 misses:724819 writebacks:13  Hit Ratio: 96.14%
SCACHE: size: 512 KB assoc: 2
SCACHE: hits:692232 misses:32832  Hit Ratio: 95.47%
3CACHE: size: 4096 KB assoc: 2
3CACHE: hits:31689 misses:1143  Hit Ratio: 96.52%
3CACHE: dirty items replaced:56
ITLB: size: 48, misses 4, miss rate 0.00%
DTLB: size: 128, misses 579, miss rate 0.00%
Avg mem delay: 1.049 cycles
----------------------------------------
==== Statistics for Master ID: 3 ====
Reads: 211776335   Writes: 36934532
ICACHE: size: 64 KB assoc: 2
ICACHE: hits:117483737 misses:1289514  Hit Ratio: 98.91%
DCACHE: size: 1*16 KB assoc: 1*4
DCACHE: hits:126724864 misses:3212751 writebacks:1041671  Hit Ratio: 97.53%
SCACHE: size: 512 KB assoc: 2
SCACHE: hits:3998949 misses:503316  Hit Ratio: 88.82%
3CACHE: size: 4096 KB assoc: 2
3CACHE: hits:402556 misses:100760  Hit Ratio: 79.98%
3CACHE: dirty items replaced:12903
ITLB: size: 48, misses 50763, miss rate 0.04%
DTLB: size: 128, misses 77352, miss rate 0.06%
Avg mem delay: 1.049 cycles
----------------------------------------
==== Global Resource Utilization ====
STASH: size: 65536 entries, full 1635713340, empty 26942601, misses 2395516, full rate 98.24
icache bank util. 0.431 0.299 0.146 0.076 0.082 0.079 0.138 0.329 
dcache bank util. 0.104 0.097 0.102 0.115 0.110 0.143 0.143 0.105 
L2 bank util. 0.023 0.024 0.024 0.025 0.024 0.022 0.024 0.023 
L1-L2 bus util. = 0.114, L3 util. = 0.005
----------------------------------------

======================== 切片硬件状态 ========================
切片号 | 所属安全域 | 当前状态    | 路扩展 | LRU touched
------------------------------------------------------------------
  0    |   域0      | 正常运行   |  否   |  200999989
  1    |   域3      | 正常运行   |  否   |  200999999
  2    |   域2      | 正常运行   |  是   |  200999996
  3    |   域2      | 正常运行   |  是   |  200999981
==================================================================

branch prediction, hits = 68186305, misses = 6300335, hit rate = 91.54%
return_stack prediction, hits = 3375460, misses = 2410, hit rate = 99.93%
jump prediction, hits = 79923563, misses = 7806684, hit rate = 91.10%
 dgemm_ dgemv_
======================== 切片硬件状态 ========================
切片号 | 所属安全域 | 当前状态    | 路扩展 | LRU touched
------------------------------------------------------------------
  0    |   域0      | 正常运行   |  否   |  264999992
  1    |   域3      | 正常运行   |  否   |  264999999
  2    |   域2      | 正常运行   |  是   |  264999992
  3    |   域2      | 正常运行   |  是   |  264999983
==================================================================

[动态重分配] 周期265000000：预约迁移 冗余域2(0%) -> 切片2 -> 饥饿域0(9%)
[切片剥夺] 周期265000000：切片2（所属域2）进入待剥夺状态，禁止新替换
[切片剥夺] 周期265000000：切片2在途请求已清空，开始执行脏行写回
[切片剥夺] 周期265000000：切片2无脏行，直接完成剥夺
[切片管理] 周期265000001：原域2仅剩1个切片，关闭路扩展模式
[动态重分配] 周期265000001：切片2写回完成，自动绑定到域0
[切片管理] 成功绑定切片2 → 安全域0，触发【路扩展模式】

======================== 切片硬件状态 ========================
切片号 | 所属安全域 | 当前状态    | 路扩展 | LRU touched
------------------------------------------------------------------
  0    |   域0      | 正常运行   |  是   |  264999992
  1    |   域3      | 正常运行   |  否   |  265000001
  2    |   域0      | 正常运行   |  是   |  265000001
  3    |   域2      | 正常运行   |  否   |  264999983
==================================================================


======================== 切片硬件状态 ========================
切片号 | 所属安全域 | 当前状态    | 路扩展 | LRU touched
------------------------------------------------------------------
  0    |   域0      | 正常运行   |  是   |  269999993
  1    |   域3      | 正常运行   |  否   |  270000000
  2    |   域0      | 正常运行   |  是   |  269999979
  3    |   域2      | 正常运行   |  否   |  269999990
==================================================================

[动态重分配] 周期270000000：预约迁移 冗余域0(0%) -> 切片0 -> 饥饿域2(22%)
[切片剥夺] 周期270000000：切片0（所属域0）进入待剥夺状态，禁止新替换
[切片剥夺] 周期270000000：切片0在途请求已清空，开始执行脏行写回
[切片剥夺] 周期270000000：切片0无脏行，直接完成剥夺
[切片管理] 周期270000001：原域0仅剩1个切片，关闭路扩展模式
[动态重分配] 周期270000001：切片0写回完成，自动绑定到域2
[切片管理] 成功绑定切片0 → 安全域2，触发【路扩展模式】

======================== 切片硬件状态 ========================
切片号 | 所属安全域 | 当前状态    | 路扩展 | LRU touched
------------------------------------------------------------------
  0    |   域2      | 正常运行   |  是   |  270000001
  1    |   域3      | 正常运行   |  否   |  270000000
  2    |   域0      | 正常运行   |  否   |  269999979
  3    |   域2      | 正常运行   |  是   |  269999990
==================================================================


**** Debug Statistics at 301000000 Cycles *****
Threads: 4		Fetch Width: 8
No of useful instructions fetched:	1364493691 (56.67% proc util.)
No of total instructions fetched:	1660238240 (68.95% proc util.)
 includes 46843833 misfetch (2.8%), 248900716 (15.0%) wrong-path fetches
 and 0 flushed after failed lock(0.0%)
No of useful instructions issued/executed:	1364493638 (56.67% proc util.)
No of total instructions issued/executed:	1472417264 (61.15% proc util.)
 includes 107923626 wrong-path (7.3%) insts and 0 flushed (0.0%)
	fp 26031, 0.00%
	synch 0, 0.00%
	integer 1224353446, 83.15%
	load/store 248037787, 16.85%
Avg size of int IQ (before scheduling): 35.12
Avg size of fp IQ (before scheduling): 0.00
No of cycles taken:		301000000
Parallelism [ 1.614, 0.000, 1.569, 1.351,] = 4.533
 IQ conflicts: 999396 (0.33%), FQ conflicts: 0 (0.00%) 
 I reg conflicts: 59549379 (19.78%), FP reg conflicts: 0 (0.00%)
  Activelist confs: 276 (0.00%), ROB confs: 226965 (0.08%)
  Int unit conflicts: 604638031 (200.88%), FP unit conflicts: 2 (0.00%)
  Load/store unit conflicts: 19915431 (6.62%)
  MSHR conflicts: 12269253 (4.08%)
----------------------------------------
==== System-wide Cache Statistics ====
Stall for miss queue full 0 cycles (0.00%)
----------------------------------------
==== Statistics for Master ID: 0 ====
Reads: 171973143   Writes: 0
ICACHE: size: 64 KB assoc: 2
ICACHE: hits:146769383 misses:797  Hit Ratio: 100.00%
DCACHE: size: 1*16 KB assoc: 1*4
DCACHE: hits:23075149 misses:2127814 writebacks:0  Hit Ratio: 91.56%
SCACHE: size: 512 KB assoc: 2
SCACHE: hits:2110230 misses:18381  Hit Ratio: 99.14%
3CACHE: size: 4096 KB assoc: 2
3CACHE: hits:17890 misses:491  Hit Ratio: 97.33%
3CACHE: dirty items replaced:54
ITLB: size: 48, misses 1, miss rate 0.00%
DTLB: size: 128, misses 1151, miss rate 0.00%
Avg mem delay: 1.042 cycles
----------------------------------------
==== Statistics for Master ID: 2 ====
Reads: 172513838   Writes: 38
ICACHE: size: 64 KB assoc: 2
ICACHE: hits:144365949 misses:302  Hit Ratio: 100.00%
DCACHE: size: 2*16 KB assoc: 2*4
DCACHE: hits:27258802 misses:888823 writebacks:16  Hit Ratio: 96.84%
SCACHE: size: 512 KB assoc: 2
SCACHE: hits:838269 misses:50856  Hit Ratio: 94.28%
3CACHE: size: 4096 KB assoc: 2
3CACHE: hits:49187 misses:1669  Hit Ratio: 96.72%
3CACHE: dirty items replaced:217
ITLB: size: 48, misses 4, miss rate 0.00%
DTLB: size: 128, misses 879, miss rate 0.00%
Avg mem delay: 1.042 cycles
----------------------------------------
==== Statistics for Master ID: 3 ====
Reads: 315204880   Writes: 56061556
ICACHE: size: 64 KB assoc: 2
ICACHE: hits:175329867 misses:1823079  Hit Ratio: 98.97%
DCACHE: size: 1*16 KB assoc: 1*4
DCACHE: hits:189308298 misses:4805191 writebacks:1607695  Hit Ratio: 97.52%
SCACHE: size: 512 KB assoc: 2
SCACHE: hits:5845849 misses:782421  Hit Ratio: 88.20%
3CACHE: size: 4096 KB assoc: 2
3CACHE: hits:640783 misses:141638  Hit Ratio: 81.90%
3CACHE: dirty items replaced:26912
ITLB: size: 48, misses 78125, miss rate 0.04%
DTLB: size: 128, misses 116975, miss rate 0.06%
Avg mem delay: 1.042 cycles
----------------------------------------
==== Global Resource Utilization ====
STASH: size: 65536 entries, full 2193895943, empty 39497290, misses 3501259, full rate 98.08
icache bank util. 0.428 0.296 0.148 0.077 0.082 0.078 0.137 0.327 
dcache bank util. 0.103 0.096 0.102 0.111 0.108 0.148 0.143 0.105 
L2 bank util. 0.023 0.024 0.023 0.024 0.024 0.022 0.024 0.023 
L1-L2 bus util. = 0.112, L3 util. = 0.005
----------------------------------------

======================== 切片硬件状态 ========================
切片号 | 所属安全域 | 当前状态    | 路扩展 | LRU touched
------------------------------------------------------------------
  0    |   域2      | 正常运行   |  是   |  300999987
  1    |   域3      | 正常运行   |  否   |  300999999
  2    |   域0      | 正常运行   |  否   |  300999995
  3    |   域2      | 正常运行   |  是   |  300999995
==================================================================

branch prediction, hits = 103293139, misses = 8946492, hit rate = 92.03%
return_stack prediction, hits = 5114497, misses = 5130, hit rate = 99.90%
jump prediction, hits = 121810752, misses = 10866456, hit rate = 91.81%
 dgeqr2_ dgeqrf_ dger_
**** Debug Statistics at 401000000 Cycles *****
Threads: 4		Fetch Width: 8
No of useful instructions fetched:	1822190269 (56.80% proc util.)
No of total instructions fetched:	2221527296 (69.25% proc util.)
 includes 62763990 misfetch (2.8%), 336573037 (15.2%) wrong-path fetches
 and 0 flushed after failed lock(0.0%)
No of useful instructions issued/executed:	1822190216 (56.80% proc util.)
No of total instructions issued/executed:	1967726698 (61.34% proc util.)
 includes 145536482 wrong-path (7.4%) insts and 0 flushed (0.0%)
	fp 35330, 0.00%
	synch 0, 0.00%
	integer 1635508519, 83.12%
	load/store 332182849, 16.88%
Avg size of int IQ (before scheduling): 35.15
Avg size of fp IQ (before scheduling): 0.00
No of cycles taken:		401000000
Parallelism [ 1.617, 0.000, 1.571, 1.356,] = 4.544
 IQ conflicts: 1176547 (0.29%), FQ conflicts: 0 (0.00%) 
 I reg conflicts: 78053073 (19.46%), FP reg conflicts: 0 (0.00%)
  Activelist confs: 664 (0.00%), ROB confs: 313832 (0.08%)
  Int unit conflicts: 814507473 (203.12%), FP unit conflicts: 2 (0.00%)
  Load/store unit conflicts: 26665986 (6.65%)
  MSHR conflicts: 13839034 (3.45%)
----------------------------------------
==== System-wide Cache Statistics ====
Stall for miss queue full 0 cycles (0.00%)
----------------------------------------
==== Statistics for Master ID: 0 ====
Reads: 229837687   Writes: 0
ICACHE: size: 64 KB assoc: 2
ICACHE: hits:196202332 misses:1116  Hit Ratio: 100.00%
DCACHE: size: 1*16 KB assoc: 1*4
DCACHE: hits:30700980 misses:2933259 writebacks:0  Hit Ratio: 91.28%
SCACHE: size: 512 KB assoc: 2
SCACHE: hits:2913101 misses:21274  Hit Ratio: 99.28%
3CACHE: size: 4096 KB assoc: 2
3CACHE: hits:20736 misses:538  Hit Ratio: 97.47%
3CACHE: dirty items replaced:81
ITLB: size: 48, misses 1, miss rate 0.00%
DTLB: size: 128, misses 1466, miss rate 0.00%
Avg mem delay: 1.019 cycles
----------------------------------------
==== Statistics for Master ID: 2 ====
Reads: 230586547   Writes: 39
ICACHE: size: 64 KB assoc: 2
ICACHE: hits:193020320 misses:409  Hit Ratio: 100.00%
DCACHE: size: 2*16 KB assoc: 2*4
DCACHE: hits:36610611 misses:955246 writebacks:17  Hit Ratio: 97.46%
SCACHE: size: 512 KB assoc: 2
SCACHE: hits:888809 misses:66846  Hit Ratio: 93.01%
3CACHE: size: 4096 KB assoc: 2
3CACHE: hits:64686 misses:2160  Hit Ratio: 96.77%
3CACHE: dirty items replaced:442
ITLB: size: 48, misses 4, miss rate 0.00%
DTLB: size: 128, misses 1128, miss rate 0.00%
Avg mem delay: 1.019 cycles
----------------------------------------
==== Statistics for Master ID: 3 ====
Reads: 423099243   Writes: 74650675
ICACHE: size: 64 KB assoc: 2
ICACHE: hits:235109369 misses:2422411  Hit Ratio: 98.98%
DCACHE: size: 1*16 KB assoc: 1*4
DCACHE: hits:253972626 misses:6245511 writebacks:2039593  Hit Ratio: 97.60%
SCACHE: size: 512 KB assoc: 2
SCACHE: hits:7683548 misses:984373  Hit Ratio: 88.64%
3CACHE: size: 4096 KB assoc: 2
3CACHE: hits:805355 misses:179018  Hit Ratio: 81.81%
3CACHE: dirty items replaced:46100
ITLB: size: 48, misses 103360, miss rate 0.04%
DTLB: size: 128, misses 153798, miss rate 0.06%
Avg mem delay: 1.019 cycles
----------------------------------------
==== Global Resource Utilization ====
STASH: size: 65536 entries, full 2767295165, empty 52655488, misses 4666155, full rate 97.97
icache bank util. 0.430 0.298 0.149 0.078 0.082 0.078 0.138 0.328 
dcache bank util. 0.104 0.097 0.102 0.109 0.106 0.147 0.144 0.108 
L2 bank util. 0.023 0.023 0.023 0.024 0.023 0.021 0.023 0.022 
L1-L2 bus util. = 0.109, L3 util. = 0.005
----------------------------------------

======================== 切片硬件状态 ========================
切片号 | 所属安全域 | 当前状态    | 路扩展 | LRU touched
------------------------------------------------------------------
  0    |   域2      | 正常运行   |  是   |  400999956
  1    |   域3      | 正常运行   |  否   |  400999996
  2    |   域0      | 正常运行   |  否   |  400999993
  3    |   域2      | 正常运行   |  是   |  400999997
==================================================================

branch prediction, hits = 137837389, misses = 12098540, hit rate = 91.93%
return_stack prediction, hits = 6869468, misses = 6699, hit rate = 99.90%
jump prediction, hits = 162552866, misses = 14579974, hit rate = 91.77%
 dlabad_ dlacon_ dlae2_
**** Early Exiting at 440238824 Cycles *****
========================================
 SMTSIM Global Statistics
========================================
Threads: 4		Fetch Width: 8
No of useful instructions fetched:	2000000087 (56.79% proc util.)
No of total instructions fetched:	2440239134 (69.29% proc util.)
 includes 68936062 misfetch (2.8%), 371302985 (15.2%) wrong-path fetches
 and 0 flushed after failed lock(0.0%)
No of useful instructions issued/executed:	2000000040 (56.79% proc util.)
No of total instructions issued/executed:	2160416574 (61.34% proc util.)
 includes 160416534 wrong-path (7.4%) insts and 0 flushed (0.0%)
	fp 39898, 0.00%
	synch 0, 0.00%
	integer 1796066591, 83.14%
	load/store 364310085, 16.86%
Avg size of int IQ (before scheduling): 35.14
Avg size of fp IQ (before scheduling): 0.00
No of cycles taken:		440238824
Parallelism [ 1.619, 0.000, 1.573, 1.351,] = 4.543
 IQ conflicts: 1235809 (0.28%), FQ conflicts: 0 (0.00%) 
 I reg conflicts: 85476593 (19.42%), FP reg conflicts: 0 (0.00%)
  Activelist confs: 1013 (0.00%), ROB confs: 351135 (0.08%)
  Int unit conflicts: 893472080 (202.95%), FP unit conflicts: 2 (0.00%)
  Load/store unit conflicts: 29193480 (6.63%)
  MSHR conflicts: 14378786 (3.27%)
----------------------------------------
==== System-wide Cache Statistics ====
Stall for miss queue full 0 cycles (0.00%)
----------------------------------------
==== Statistics for Master ID: 0 ====
Reads: 252651616   Writes: 0
ICACHE: size: 64 KB assoc: 2
ICACHE: hits:215679591 misses:1227  Hit Ratio: 100.00%
DCACHE: size: 1*16 KB assoc: 1*4
DCACHE: hits:33719324 misses:3251474 writebacks:0  Hit Ratio: 91.21%
SCACHE: size: 512 KB assoc: 2
SCACHE: hits:3229958 misses:22743  Hit Ratio: 99.30%
3CACHE: size: 4096 KB assoc: 2
3CACHE: hits:22191 misses:552  Hit Ratio: 97.57%
3CACHE: dirty items replaced:92
ITLB: size: 48, misses 1, miss rate 0.00%
DTLB: size: 128, misses 1587, miss rate 0.00%
Avg mem delay: 1.010 cycles
----------------------------------------
==== Statistics for Master ID: 2 ====
Reads: 253479907   Writes: 39
ICACHE: size: 64 KB assoc: 2
ICACHE: hits:212190572 misses:456  Hit Ratio: 100.00%
DCACHE: size: 2*16 KB assoc: 2*4
DCACHE: hits:40307364 misses:981554 writebacks:17  Hit Ratio: 97.62%
SCACHE: size: 512 KB assoc: 2
SCACHE: hits:906254 misses:75756  Hit Ratio: 92.29%
3CACHE: size: 4096 KB assoc: 2
3CACHE: hits:73544 misses:2212  Hit Ratio: 97.08%
3CACHE: dirty items replaced:462
ITLB: size: 48, misses 4, miss rate 0.00%
DTLB: size: 128, misses 1220, miss rate 0.00%
Avg mem delay: 1.010 cycles
----------------------------------------
==== Statistics for Master ID: 3 ====
Reads: 464061643   Writes: 81713061
ICACHE: size: 64 KB assoc: 2
ICACHE: hits:257849570 misses:2710465  Hit Ratio: 98.96%
DCACHE: size: 1*16 KB assoc: 1*4
DCACHE: hits:278470268 misses:6744400 writebacks:2188758  Hit Ratio: 97.64%
SCACHE: size: 512 KB assoc: 2
SCACHE: hits:8363472 misses:1091393  Hit Ratio: 88.46%
3CACHE: size: 4096 KB assoc: 2
3CACHE: hits:896108 misses:195285  Hit Ratio: 82.11%
3CACHE: dirty items replaced:54943
ITLB: size: 48, misses 117446, miss rate 0.05%
DTLB: size: 128, misses 168493, miss rate 0.06%
Avg mem delay: 1.010 cycles
----------------------------------------
==== Global Resource Utilization ====
STASH: size: 65536 entries, full 2989976117, empty 58459326, misses 5171408, full rate 97.92
icache bank util. 0.430 0.298 0.149 0.079 0.082 0.078 0.138 0.329 
dcache bank util. 0.103 0.097 0.103 0.109 0.105 0.148 0.143 0.108 
L2 bank util. 0.023 0.023 0.023 0.023 0.023 0.021 0.023 0.022 
L1-L2 bus util. = 0.108, L3 util. = 0.004
----------------------------------------

======================== 切片硬件状态 ========================
切片号 | 所属安全域 | 当前状态    | 路扩展 | LRU touched
------------------------------------------------------------------
  0    |   域2      | 正常运行   |  是   |  440238799
  1    |   域3      | 正常运行   |  否   |  440238823
  2    |   域0      | 正常运行   |  否   |  440238816
  3    |   域2      | 正常运行   |  是   |  440238815
==================================================================

branch prediction, hits = 150902185, misses = 13365028, hit rate = 91.86%
return_stack prediction, hits = 7537461, misses = 7604, hit rate = 99.90%
jump prediction, hits = 178241415, misses = 16033977, hit rate = 91.75%
total IPC 4.543

=== Results saved to: ./results/seqacc_2_randacc_1_gcc-scilab_1.txt ===
