测试组合（多线程优先）：crafty.arg2 + cacherand.arg + gcc-scilab.arg
执行命令：./smtsim crafty.arg2 cacherand.arg gcc-scilab.arg
==================================================

动态重分配参数：每500万周期检查，阈值5
Process 0, Thread 0: crafty
Process 0, Thread 1: crafty
Process 2, Thread 2: cacherand
Process 3, Thread 3: gcc-scilab
[切片调度] 新安全域0无任何切片，尝试分配空闲切片
[切片管理] 成功绑定切片0 → 安全域0

======================== 切片硬件状态 ========================
切片号 | 所属安全域 | 当前状态    | 路扩展 | LRU touched
------------------------------------------------------------------
  0    |   域0      | 正常运行   |  否   |  0
  1    |   域-1     | 切片空闲   |  否   |  0
  2    |   域-1     | 切片空闲   |  否   |  0
  3    |   域-1     | 切片空闲   |  否   |  0
==================================================================

[切片管理] 成功绑定切片1 → 安全域0，触发【路扩展模式】

======================== 切片硬件状态 ========================
切片号 | 所属安全域 | 当前状态    | 路扩展 | LRU touched
------------------------------------------------------------------
  0    |   域0      | 正常运行   |  是   |  0
  1    |   域0      | 正常运行   |  是   |  0
  2    |   域-1     | 切片空闲   |  否   |  0
  3    |   域-1     | 切片空闲   |  否   |  0
==================================================================

[切片调度] 新安全域2无任何切片，尝试分配空闲切片
[切片管理] 成功绑定切片2 → 安全域2

======================== 切片硬件状态 ========================
切片号 | 所属安全域 | 当前状态    | 路扩展 | LRU touched
------------------------------------------------------------------
  0    |   域0      | 正常运行   |  是   |  318
  1    |   域0      | 正常运行   |  是   |  0
  2    |   域2      | 正常运行   |  否   |  0
  3    |   域-1     | 切片空闲   |  否   |  0
==================================================================

[切片管理] 成功绑定切片3 → 安全域2，触发【路扩展模式】

======================== 切片硬件状态 ========================
切片号 | 所属安全域 | 当前状态    | 路扩展 | LRU touched
------------------------------------------------------------------
  0    |   域0      | 正常运行   |  是   |  318
  1    |   域0      | 正常运行   |  是   |  0
  2    |   域2      | 正常运行   |  是   |  0
  3    |   域2      | 正常运行   |  是   |  0
==================================================================

[切片调度] 新安全域3无任何切片，尝试分配空闲切片
[切片调度] 新安全域3未找到空闲切片，尝试剥夺切片
[切片替换] 优先从【路扩展切片】中选择LRU替换目标...
[切片替换] 找到路扩展切片作为受害者：切片1（最后访问：0）
[切片调度] 安全域3触发切片剥夺：从域0剥夺切片1
[切片剥夺] 周期560：切片1（所属域0）进入待剥夺状态，禁止新替换
[切片剥夺] 周期560：切片1在途请求已清空，开始执行脏行写回
[切片剥夺] 周期560：切片1无脏行，直接完成剥夺
[切片管理] 周期560：原域0仅剩1个切片，关闭路扩展模式
[动态重分配] 周期560：切片1写回完成，自动绑定到域3
[切片管理] 成功绑定切片1 → 安全域3

======================== 切片硬件状态 ========================
切片号 | 所属安全域 | 当前状态    | 路扩展 | LRU touched
------------------------------------------------------------------
  0    |   域0      | 正常运行   |  否   |  318
  1    |   域3      | 正常运行   |  否   |  560
  2    |   域2      | 正常运行   |  是   |  435
  3    |   域2      | 正常运行   |  是   |  0
==================================================================

[切片唤醒] 周期560：域3切片就绪，唤醒等待指令

**** Debug Statistics at 1000000 Cycles *****
Threads: 4		Fetch Width: 8
No of useful instructions fetched:	2870805 (35.89% proc util.)
No of total instructions fetched:	3525216 (44.07% proc util.)
 includes 140443 misfetch (4.0%), 513968 (14.6%) wrong-path fetches
 and 0 flushed after failed lock(0.0%)
No of useful instructions issued/executed:	2870778 (35.88% proc util.)
No of total instructions issued/executed:	3113995 (38.92% proc util.)
 includes 243217 wrong-path (7.8%) insts and 0 flushed (0.0%)
	fp 70, 0.00%
	synch 0, 0.00%
	integer 2376786, 76.33%
	load/store 737139, 23.67%
Avg size of int IQ (before scheduling): 26.09
Avg size of fp IQ (before scheduling): 0.00
No of cycles taken:		1000000
Parallelism [ 0.835, 0.000, 1.142, 0.894,] = 2.871
 IQ conflicts: 5109 (0.51%), FQ conflicts: 0 (0.00%) 
 I reg conflicts: 465362 (46.54%), FP reg conflicts: 0 (0.00%)
  Activelist confs: 0 (0.00%), ROB confs: 635 (0.06%)
  Int unit conflicts: 1175303 (117.53%), FP unit conflicts: 2 (0.00%)
  Load/store unit conflicts: 123089 (12.31%)
  MSHR conflicts: 121957 (12.20%)
----------------------------------------
==== System-wide Cache Statistics ====
Stall for miss queue full 0 cycles (0.00%)
----------------------------------------
==== Statistics for Master ID: 0 ====
Reads: 609466   Writes: 76952
ICACHE: size: 64 KB assoc: 2
ICACHE: hits:331105 misses:6588  Hit Ratio: 98.05%
DCACHE: size: 1*16 KB assoc: 1*4
DCACHE: hits:334275 misses:14450 writebacks:1492  Hit Ratio: 95.86%
SCACHE: size: 512 KB assoc: 2
SCACHE: hits:16547 misses:4491  Hit Ratio: 78.65%
3CACHE: size: 4096 KB assoc: 2
3CACHE: hits:1538 misses:2953  Hit Ratio: 34.25%
3CACHE: dirty items replaced:1
ITLB: size: 48, misses 54, miss rate 0.02%
DTLB: size: 128, misses 1643, miss rate 0.47%
Avg mem delay: 2.422 cycles
----------------------------------------
==== Statistics for Master ID: 2 ====
Reads: 365427   Writes: 34
ICACHE: size: 64 KB assoc: 2
ICACHE: hits:323067 misses:22  Hit Ratio: 99.99%
DCACHE: size: 2*16 KB assoc: 2*4
DCACHE: hits:28096 misses:14276 writebacks:13  Hit Ratio: 66.31%
SCACHE: size: 512 KB assoc: 2
SCACHE: hits:12599 misses:1698  Hit Ratio: 88.12%
3CACHE: size: 4096 KB assoc: 2
3CACHE: hits:780 misses:918  Hit Ratio: 45.94%
3CACHE: dirty items replaced:0
ITLB: size: 48, misses 4, miss rate 0.00%
DTLB: size: 128, misses 30, miss rate 0.07%
Avg mem delay: 2.422 cycles
----------------------------------------
==== Statistics for Master ID: 3 ====
Reads: 536599   Writes: 140582
ICACHE: size: 64 KB assoc: 2
ICACHE: hits:328017 misses:3375  Hit Ratio: 98.98%
DCACHE: size: 1*16 KB assoc: 1*4
DCACHE: hits:342143 misses:3645 writebacks:2510  Hit Ratio: 98.95%
SCACHE: size: 512 KB assoc: 2
SCACHE: hits:2164 misses:4856  Hit Ratio: 30.83%
3CACHE: size: 4096 KB assoc: 2
3CACHE: hits:406 misses:4450  Hit Ratio: 8.36%
3CACHE: dirty items replaced:0
ITLB: size: 48, misses 152, miss rate 0.05%
DTLB: size: 128, misses 448, miss rate 0.13%
Avg mem delay: 2.422 cycles
----------------------------------------
==== Global Resource Utilization ====
STASH: size: 65536 entries, full 452702381, empty 46050947, misses 5105273, full rate 89.85
icache bank util. 0.263 0.228 0.104 0.096 0.082 0.084 0.090 0.075 
dcache bank util. 0.080 0.101 0.073 0.059 0.113 0.135 0.158 0.125 
L2 bank util. 0.030 0.039 0.034 0.030 0.034 0.036 0.030 0.036 
L1-L2 bus util. = 0.139, L3 util. = 0.083
----------------------------------------

======================== 切片硬件状态 ========================
切片号 | 所属安全域 | 当前状态    | 路扩展 | LRU touched
------------------------------------------------------------------
  0    |   域0      | 正常运行   |  否   |  999998
  1    |   域3      | 正常运行   |  否   |  999999
  2    |   域2      | 正常运行   |  是   |  999952
  3    |   域2      | 正常运行   |  是   |  999996
==================================================================

branch prediction, hits = 185577, misses = 21788, hit rate = 89.49%
return_stack prediction, hits = 29337, misses = 7, hit rate = 99.98%
jump prediction, hits = 201603, misses = 34448, hit rate = 85.41%
 dgelq2_ dgelqf_
**** Debug Statistics at 101000000 Cycles *****
Threads: 4		Fetch Width: 8
No of useful instructions fetched:	321896979 (39.84% proc util.)
No of total instructions fetched:	441123099 (54.59% proc util.)
 includes 29078795 misfetch (6.6%), 90147325 (20.4%) wrong-path fetches
 and 0 flushed after failed lock(0.0%)
No of useful instructions issued/executed:	321896929 (39.84% proc util.)
No of total instructions issued/executed:	366532799 (45.36% proc util.)
 includes 44635870 wrong-path (12.2%) insts and 0 flushed (0.0%)
	fp 1396, 0.00%
	synch 0, 0.00%
	integer 278822432, 76.07%
	load/store 87708971, 23.93%
Avg size of int IQ (before scheduling): 29.04
Avg size of fp IQ (before scheduling): 0.00
No of cycles taken:		101000000
Parallelism [ 1.005, 0.000, 1.366, 0.816,] = 3.187
 IQ conflicts: 442239 (0.44%), FQ conflicts: 0 (0.00%) 
 I reg conflicts: 34278943 (33.94%), FP reg conflicts: 0 (0.00%)
  Activelist confs: 168 (0.00%), ROB confs: 16360 (0.02%)
  Int unit conflicts: 99923289 (98.93%), FP unit conflicts: 13 (0.00%)
  Load/store unit conflicts: 11302880 (11.19%)
  MSHR conflicts: 3459664 (3.43%)
----------------------------------------
==== System-wide Cache Statistics ====
Stall for miss queue full 0 cycles (0.00%)
----------------------------------------
==== Statistics for Master ID: 0 ====
Reads: 73115814   Writes: 8488942
ICACHE: size: 64 KB assoc: 2
ICACHE: hits:39678308 misses:1448079  Hit Ratio: 96.48%
DCACHE: size: 1*16 KB assoc: 1*4
DCACHE: hits:38815310 misses:1663059 writebacks:172841  Hit Ratio: 95.89%
SCACHE: size: 512 KB assoc: 2
SCACHE: hits:2677014 misses:434123  Hit Ratio: 86.05%
3CACHE: size: 4096 KB assoc: 2
3CACHE: hits:362355 misses:71768  Hit Ratio: 83.47%
3CACHE: dirty items replaced:1800
ITLB: size: 48, misses 17916, miss rate 0.04%
DTLB: size: 128, misses 257677, miss rate 0.64%
Avg mem delay: 2.113 cycles
----------------------------------------
==== Statistics for Master ID: 2 ====
Reads: 45134687   Writes: 36
ICACHE: size: 64 KB assoc: 2
ICACHE: hits:40022399 misses:1200  Hit Ratio: 100.00%
DCACHE: size: 2*16 KB assoc: 2*4
DCACHE: hits:3404698 misses:1706426 writebacks:15  Hit Ratio: 66.61%
SCACHE: size: 512 KB assoc: 2
SCACHE: hits:1517149 misses:190477  Hit Ratio: 88.85%
3CACHE: size: 4096 KB assoc: 2
3CACHE: hits:169381 misses:21096  Hit Ratio: 88.92%
3CACHE: dirty items replaced:7
ITLB: size: 48, misses 4, miss rate 0.00%
DTLB: size: 128, misses 3192, miss rate 0.06%
Avg mem delay: 2.113 cycles
----------------------------------------
==== Statistics for Master ID: 3 ====
Reads: 71711977   Writes: 11624967
ICACHE: size: 64 KB assoc: 2
ICACHE: hits:39863156 misses:1531318  Hit Ratio: 96.30%
DCACHE: size: 1*16 KB assoc: 1*4
DCACHE: hits:40896410 misses:1046059 writebacks:286035  Hit Ratio: 97.51%
SCACHE: size: 512 KB assoc: 2
SCACHE: hits:2204745 misses:372632  Hit Ratio: 85.54%
3CACHE: size: 4096 KB assoc: 2
3CACHE: hits:306564 misses:66068  Hit Ratio: 82.27%
3CACHE: dirty items replaced:6847
ITLB: size: 48, misses 71346, miss rate 0.17%
DTLB: size: 128, misses 143982, miss rate 0.34%
Avg mem delay: 2.113 cycles
----------------------------------------
==== Global Resource Utilization ====
STASH: size: 65536 entries, full 906688256, empty 71546183, misses 7360940, full rate 91.99
icache bank util. 0.335 0.291 0.112 0.115 0.124 0.107 0.107 0.112 
dcache bank util. 0.106 0.127 0.134 0.109 0.137 0.137 0.130 0.131 
L2 bank util. 0.047 0.060 0.053 0.048 0.054 0.053 0.047 0.056 
L1-L2 bus util. = 0.233, L3 util. = 0.016
----------------------------------------

======================== 切片硬件状态 ========================
切片号 | 所属安全域 | 当前状态    | 路扩展 | LRU touched
------------------------------------------------------------------
  0    |   域0      | 正常运行   |  否   |  100999962
  1    |   域3      | 正常运行   |  否   |  100999985
  2    |   域2      | 正常运行   |  是   |  100999941
  3    |   域2      | 正常运行   |  是   |  100999982
==================================================================

branch prediction, hits = 21070038, misses = 3882342, hit rate = 84.44%
return_stack prediction, hits = 2887107, misses = 1186, hit rate = 99.96%
jump prediction, hits = 18122794, misses = 7053857, hit rate = 71.98%
 dgels_
**** Debug Statistics at 201000000 Cycles *****
Threads: 4		Fetch Width: 8
No of useful instructions fetched:	654360553 (40.69% proc util.)
No of total instructions fetched:	893682982 (55.58% proc util.)
 includes 58092176 misfetch (6.5%), 181230253 (20.3%) wrong-path fetches
 and 0 flushed after failed lock(0.0%)
No of useful instructions issued/executed:	654360507 (40.69% proc util.)
No of total instructions issued/executed:	744199906 (46.28% proc util.)
 includes 89839399 wrong-path (12.1%) insts and 0 flushed (0.0%)
	fp 6089, 0.00%
	synch 0, 0.00%
	integer 564473352, 75.85%
	load/store 179720465, 24.15%
Avg size of int IQ (before scheduling): 29.17
Avg size of fp IQ (before scheduling): 0.00
No of cycles taken:		201000000
Parallelism [ 1.048, 0.000, 1.361, 0.847,] = 3.256
 IQ conflicts: 870781 (0.43%), FQ conflicts: 0 (0.00%) 
 I reg conflicts: 65934005 (32.80%), FP reg conflicts: 0 (0.00%)
  Activelist confs: 843 (0.00%), ROB confs: 37488 (0.02%)
  Int unit conflicts: 207950575 (103.46%), FP unit conflicts: 13 (0.00%)
  Load/store unit conflicts: 23070965 (11.48%)
  MSHR conflicts: 6779057 (3.37%)
----------------------------------------
==== System-wide Cache Statistics ====
Stall for miss queue full 0 cycles (0.00%)
----------------------------------------
==== Statistics for Master ID: 0 ====
Reads: 149840309   Writes: 17192618
ICACHE: size: 64 KB assoc: 2
ICACHE: hits:81674883 misses:2750168  Hit Ratio: 96.74%
DCACHE: size: 1*16 KB assoc: 1*4
DCACHE: hits:79322694 misses:3285182 writebacks:343259  Hit Ratio: 96.02%
SCACHE: size: 512 KB assoc: 2
SCACHE: hits:5216595 misses:818755  Hit Ratio: 86.43%
3CACHE: size: 4096 KB assoc: 2
3CACHE: hits:696830 misses:121925  Hit Ratio: 85.11%
3CACHE: dirty items replaced:4922
ITLB: size: 48, misses 34372, miss rate 0.04%
DTLB: size: 128, misses 508203, miss rate 0.62%
Avg mem delay: 2.117 cycles
----------------------------------------
==== Statistics for Master ID: 2 ====
Reads: 89687554   Writes: 39
ICACHE: size: 64 KB assoc: 2
ICACHE: hits:79552756 misses:2614  Hit Ratio: 100.00%
DCACHE: size: 2*16 KB assoc: 2*4
DCACHE: hits:6749769 misses:3382454 writebacks:18  Hit Ratio: 66.62%
SCACHE: size: 512 KB assoc: 2
SCACHE: hits:3034275 misses:350793  Hit Ratio: 89.64%
3CACHE: size: 4096 KB assoc: 2
3CACHE: hits:313452 misses:37341  Hit Ratio: 89.36%
3CACHE: dirty items replaced:28
ITLB: size: 48, misses 4, miss rate 0.00%
DTLB: size: 128, misses 6412, miss rate 0.06%
Avg mem delay: 2.117 cycles
----------------------------------------
==== Statistics for Master ID: 3 ====
Reads: 147965456   Writes: 24421037
ICACHE: size: 64 KB assoc: 2
ICACHE: hits:82873815 misses:2897946  Hit Ratio: 96.62%
DCACHE: size: 1*16 KB assoc: 1*4
DCACHE: hits:84303865 misses:2310866 writebacks:674913  Hit Ratio: 97.33%
SCACHE: size: 512 KB assoc: 2
SCACHE: hits:4430193 misses:778619  Hit Ratio: 85.05%
3CACHE: size: 4096 KB assoc: 2
3CACHE: hits:663630 misses:114989  Hit Ratio: 85.23%
3CACHE: dirty items replaced:16394
ITLB: size: 48, misses 119421, miss rate 0.14%
DTLB: size: 128, misses 301026, miss rate 0.35%
Avg mem delay: 2.117 cycles
----------------------------------------
==== Global Resource Utilization ====
STASH: size: 65536 entries, full 1378407220, empty 96448963, misses 9591525, full rate 92.86
icache bank util. 0.337 0.293 0.115 0.120 0.131 0.110 0.109 0.113 
dcache bank util. 0.109 0.125 0.129 0.112 0.156 0.146 0.133 0.132 
L2 bank util. 0.047 0.060 0.053 0.048 0.054 0.053 0.047 0.056 
L1-L2 bus util. = 0.234, L3 util. = 0.014
----------------------------------------

======================== 切片硬件状态 ========================
切片号 | 所属安全域 | 当前状态    | 路扩展 | LRU touched
------------------------------------------------------------------
  0    |   域0      | 正常运行   |  否   |  200999994
  1    |   域3      | 正常运行   |  否   |  200999999
  2    |   域2      | 正常运行   |  是   |  200999998
  3    |   域2      | 正常运行   |  是   |  200999969
==================================================================

branch prediction, hits = 43597601, misses = 7730660, hit rate = 84.94%
return_stack prediction, hits = 6045318, misses = 2568, hit rate = 99.96%
jump prediction, hits = 38106431, misses = 14148048, hit rate = 72.92%

**** Debug Statistics at 301000000 Cycles *****
Threads: 4		Fetch Width: 8
No of useful instructions fetched:	994970283 (41.32% proc util.)
No of total instructions fetched:	1349828222 (56.06% proc util.)
 includes 84725842 misfetch (6.3%), 270132097 (20.0%) wrong-path fetches
 and 0 flushed after failed lock(0.0%)
No of useful instructions issued/executed:	994970229 (41.32% proc util.)
No of total instructions issued/executed:	1128041636 (46.85% proc util.)
 includes 133071407 wrong-path (11.8%) insts and 0 flushed (0.0%)
	fp 6217, 0.00%
	synch 0, 0.00%
	integer 855757327, 75.86%
	load/store 272278092, 24.14%
Avg size of int IQ (before scheduling): 29.22
Avg size of fp IQ (before scheduling): 0.00
No of cycles taken:		301000000
Parallelism [ 1.059, 0.000, 1.359, 0.887,] = 3.306
 IQ conflicts: 1214919 (0.40%), FQ conflicts: 0 (0.00%) 
 I reg conflicts: 97316047 (32.33%), FP reg conflicts: 0 (0.00%)
  Activelist confs: 1008 (0.00%), ROB confs: 101909 (0.03%)
  Int unit conflicts: 332327185 (110.41%), FP unit conflicts: 13 (0.00%)
  Load/store unit conflicts: 34826432 (11.57%)
  MSHR conflicts: 14699222 (4.88%)
----------------------------------------
==== System-wide Cache Statistics ====
Stall for miss queue full 0 cycles (0.00%)
----------------------------------------
==== Statistics for Master ID: 0 ====
Reads: 226556276   Writes: 25952551
ICACHE: size: 64 KB assoc: 2
ICACHE: hits:123958359 misses:4045931  Hit Ratio: 96.84%
DCACHE: size: 1*16 KB assoc: 1*4
DCACHE: hits:119606946 misses:4897591 writebacks:499647  Hit Ratio: 96.07%
SCACHE: size: 512 KB assoc: 2
SCACHE: hits:7748582 misses:1194939  Hit Ratio: 86.64%
3CACHE: size: 4096 KB assoc: 2
3CACHE: hits:1024627 misses:170312  Hit Ratio: 85.75%
3CACHE: dirty items replaced:9392
ITLB: size: 48, misses 50383, miss rate 0.04%
DTLB: size: 128, misses 760430, miss rate 0.61%
Avg mem delay: 2.110 cycles
----------------------------------------
==== Statistics for Master ID: 2 ====
Reads: 134337426   Writes: 40
ICACHE: size: 64 KB assoc: 2
ICACHE: hits:119179261 misses:5580  Hit Ratio: 100.00%
DCACHE: size: 2*16 KB assoc: 2*4
DCACHE: hits:10094358 misses:5058267 writebacks:19  Hit Ratio: 66.62%
SCACHE: size: 512 KB assoc: 2
SCACHE: hits:4546100 misses:517747  Hit Ratio: 89.78%
3CACHE: size: 4096 KB assoc: 2
3CACHE: hits:463852 misses:53895  Hit Ratio: 89.59%
3CACHE: dirty items replaced:548
ITLB: size: 48, misses 4, miss rate 0.00%
DTLB: size: 128, misses 9586, miss rate 0.06%
Avg mem delay: 2.110 cycles
----------------------------------------
==== Statistics for Master ID: 3 ====
Reads: 225398797   Writes: 37074578
ICACHE: size: 64 KB assoc: 2
ICACHE: hits:126210353 misses:4159717  Hit Ratio: 96.81%
DCACHE: size: 1*16 KB assoc: 1*4
DCACHE: hits:128778922 misses:3324382 writebacks:1073849  Hit Ratio: 97.48%
SCACHE: size: 512 KB assoc: 2
SCACHE: hits:6325606 misses:1158493  Hit Ratio: 84.52%
3CACHE: size: 4096 KB assoc: 2
3CACHE: hits:998318 misses:160175  Hit Ratio: 86.17%
3CACHE: dirty items replaced:28673
ITLB: size: 48, misses 189630, miss rate 0.15%
DTLB: size: 128, misses 462392, miss rate 0.35%
Avg mem delay: 2.110 cycles
----------------------------------------
==== Global Resource Utilization ====
STASH: size: 65536 entries, full 1854103181, empty 120200840, misses 11682136, full rate 93.36
icache bank util. 0.337 0.295 0.115 0.119 0.132 0.113 0.110 0.116 
dcache bank util. 0.115 0.123 0.127 0.111 0.152 0.146 0.141 0.136 
L2 bank util. 0.046 0.060 0.052 0.046 0.053 0.053 0.047 0.054 
L1-L2 bus util. = 0.230, L3 util. = 0.013
----------------------------------------

======================== 切片硬件状态 ========================
切片号 | 所属安全域 | 当前状态    | 路扩展 | LRU touched
------------------------------------------------------------------
  0    |   域0      | 正常运行   |  否   |  300999999
  1    |   域3      | 正常运行   |  否   |  300999995
  2    |   域2      | 正常运行   |  是   |  300999918
  3    |   域2      | 正常运行   |  是   |  300999999
==================================================================

branch prediction, hits = 66976683, misses = 11545476, hit rate = 85.30%
return_stack prediction, hits = 9025386, misses = 2918, hit rate = 99.97%
jump prediction, hits = 59009498, misses = 20604582, hit rate = 74.12%
 dgemm_
**** Debug Statistics at 401000000 Cycles *****
Threads: 4		Fetch Width: 8
No of useful instructions fetched:	1333876471 (41.58% proc util.)
No of total instructions fetched:	1799389504 (56.09% proc util.)
 includes 109969506 misfetch (6.1%), 355543527 (19.8%) wrong-path fetches
 and 0 flushed after failed lock(0.0%)
No of useful instructions issued/executed:	1333876439 (41.58% proc util.)
No of total instructions issued/executed:	1508870707 (47.03% proc util.)
 includes 174994268 wrong-path (11.6%) insts and 0 flushed (0.0%)
	fp 22600, 0.00%
	synch 0, 0.00%
	integer 1144982253, 75.88%
	load/store 363865854, 24.12%
Avg size of int IQ (before scheduling): 29.28
Avg size of fp IQ (before scheduling): 0.00
No of cycles taken:		401000000
Parallelism [ 1.067, 0.000, 1.355, 0.905,] = 3.326
 IQ conflicts: 1659563 (0.41%), FQ conflicts: 0 (0.00%) 
 I reg conflicts: 129606754 (32.32%), FP reg conflicts: 0 (0.00%)
  Activelist confs: 1481 (0.00%), ROB confs: 189894 (0.05%)
  Int unit conflicts: 453714564 (113.15%), FP unit conflicts: 13 (0.00%)
  Load/store unit conflicts: 46438040 (11.58%)
  MSHR conflicts: 19529310 (4.87%)
----------------------------------------
==== System-wide Cache Statistics ====
Stall for miss queue full 0 cycles (0.00%)
----------------------------------------
==== Statistics for Master ID: 0 ====
Reads: 303779894   Writes: 34571978
ICACHE: size: 64 KB assoc: 2
ICACHE: hits:166338514 misses:5196751  Hit Ratio: 96.97%
DCACHE: size: 1*16 KB assoc: 1*4
DCACHE: hits:160219787 misses:6596820 writebacks:653407  Hit Ratio: 96.05%
SCACHE: size: 512 KB assoc: 2
SCACHE: hits:10202680 misses:1590891  Hit Ratio: 86.51%
3CACHE: size: 4096 KB assoc: 2
3CACHE: hits:1369493 misses:221398  Hit Ratio: 86.08%
3CACHE: dirty items replaced:15406
ITLB: size: 48, misses 64837, miss rate 0.04%
DTLB: size: 128, misses 1009294, miss rate 0.61%
Avg mem delay: 2.104 cycles
----------------------------------------
==== Statistics for Master ID: 2 ====
Reads: 178483065   Writes: 41
ICACHE: size: 64 KB assoc: 2
ICACHE: hits:158358358 misses:7134  Hit Ratio: 100.00%
DCACHE: size: 2*16 KB assoc: 2*4
DCACHE: hits:13402405 misses:6715209 writebacks:20  Hit Ratio: 66.62%
SCACHE: size: 512 KB assoc: 2
SCACHE: hits:6029650 misses:692693  Hit Ratio: 89.70%
3CACHE: size: 4096 KB assoc: 2
3CACHE: hits:621793 misses:70900  Hit Ratio: 89.76%
3CACHE: dirty items replaced:1108
ITLB: size: 48, misses 4, miss rate 0.00%
DTLB: size: 128, misses 12600, miss rate 0.06%
Avg mem delay: 2.104 cycles
----------------------------------------
==== Statistics for Master ID: 3 ====
Reads: 300418230   Writes: 50090755
ICACHE: size: 64 KB assoc: 2
ICACHE: hits:168915925 misses:5284004  Hit Ratio: 96.97%
DCACHE: size: 1*16 KB assoc: 1*4
DCACHE: hits:171867937 misses:4441118 writebacks:1482286  Hit Ratio: 97.48%
SCACHE: size: 512 KB assoc: 2
SCACHE: hits:8137052 misses:1588070  Hit Ratio: 83.67%
3CACHE: size: 4096 KB assoc: 2
3CACHE: hits:1377424 misses:210646  Hit Ratio: 86.74%
3CACHE: dirty items replaced:45038
ITLB: size: 48, misses 248501, miss rate 0.14%
DTLB: size: 128, misses 610344, miss rate 0.35%
Avg mem delay: 2.104 cycles
----------------------------------------
==== Global Resource Utilization ====
STASH: size: 65536 entries, full 2323934634, empty 143509119, misses 13745157, full rate 93.66
icache bank util. 0.335 0.294 0.117 0.120 0.132 0.113 0.110 0.116 
dcache bank util. 0.116 0.123 0.129 0.109 0.150 0.150 0.143 0.136 
L2 bank util. 0.046 0.060 0.051 0.046 0.052 0.052 0.046 0.054 
L1-L2 bus util. = 0.227, L3 util. = 0.013
----------------------------------------

======================== 切片硬件状态 ========================
切片号 | 所属安全域 | 当前状态    | 路扩展 | LRU touched
------------------------------------------------------------------
  0    |   域0      | 正常运行   |  否   |  400999998
  1    |   域3      | 正常运行   |  否   |  400999997
  2    |   域2      | 正常运行   |  是   |  400999945
  3    |   域2      | 正常运行   |  是   |  400999983
==================================================================

branch prediction, hits = 90523076, misses = 15055219, hit rate = 85.74%
return_stack prediction, hits = 12167043, misses = 4799, hit rate = 99.96%
jump prediction, hits = 80442720, misses = 26884666, hit rate = 74.95%
 dgemv_ dgeqr2_ dgeqrf_
**** Debug Statistics at 501000000 Cycles *****
Threads: 4		Fetch Width: 8
No of useful instructions fetched:	1665608564 (41.56% proc util.)
No of total instructions fetched:	2244141154 (55.99% proc util.)
 includes 136050126 misfetch (6.1%), 442482464 (19.7%) wrong-path fetches
 and 0 flushed after failed lock(0.0%)
No of useful instructions issued/executed:	1665608543 (41.56% proc util.)
No of total instructions issued/executed:	1883107540 (46.98% proc util.)
 includes 217498997 wrong-path (11.6%) insts and 0 flushed (0.0%)
	fp 31038, 0.00%
	synch 0, 0.00%
	integer 1429726708, 75.92%
	load/store 453349794, 24.07%
Avg size of int IQ (before scheduling): 29.24
Avg size of fp IQ (before scheduling): 0.00
No of cycles taken:		501000000
Parallelism [ 1.066, 0.000, 1.352, 0.906,] = 3.325
 IQ conflicts: 2017476 (0.40%), FQ conflicts: 0 (0.00%) 
 I reg conflicts: 162609726 (32.46%), FP reg conflicts: 0 (0.00%)
  Activelist confs: 2107 (0.00%), ROB confs: 241658 (0.05%)
  Int unit conflicts: 565674406 (112.91%), FP unit conflicts: 13 (0.00%)
  Load/store unit conflicts: 57188282 (11.41%)
  MSHR conflicts: 23570543 (4.70%)
----------------------------------------
==== System-wide Cache Statistics ====
Stall for miss queue full 0 cycles (0.00%)
----------------------------------------
==== Statistics for Master ID: 0 ====
Reads: 379150488   Writes: 42722904
ICACHE: size: 64 KB assoc: 2
ICACHE: hits:207794259 misses:6397751  Hit Ratio: 97.01%
DCACHE: size: 1*16 KB assoc: 1*4
DCACHE: hits:199414384 misses:8266998 writebacks:811365  Hit Ratio: 96.02%
SCACHE: size: 512 KB assoc: 2
SCACHE: hits:12675080 misses:1989669  Hit Ratio: 86.43%
3CACHE: size: 4096 KB assoc: 2
3CACHE: hits:1704096 misses:285572  Hit Ratio: 85.65%
3CACHE: dirty items replaced:28304
ITLB: size: 48, misses 80697, miss rate 0.04%
DTLB: size: 128, misses 1243417, miss rate 0.60%
Avg mem delay: 2.088 cycles
----------------------------------------
==== Statistics for Master ID: 2 ====
Reads: 222719798   Writes: 42
ICACHE: size: 64 KB assoc: 2
ICACHE: hits:197619887 misses:9917  Hit Ratio: 99.99%
DCACHE: size: 2*16 KB assoc: 2*4
DCACHE: hits:16715119 misses:8374917 writebacks:21  Hit Ratio: 66.62%
SCACHE: size: 512 KB assoc: 2
SCACHE: hits:7517424 misses:867410  Hit Ratio: 89.66%
3CACHE: size: 4096 KB assoc: 2
3CACHE: hits:772008 misses:95402  Hit Ratio: 89.00%
3CACHE: dirty items replaced:4029
ITLB: size: 48, misses 4, miss rate 0.00%
DTLB: size: 128, misses 15392, miss rate 0.06%
Avg mem delay: 2.088 cycles
----------------------------------------
==== Statistics for Master ID: 3 ====
Reads: 374443249   Writes: 62443597
ICACHE: size: 64 KB assoc: 2
ICACHE: hits:210567925 misses:6471950  Hit Ratio: 97.02%
DCACHE: size: 1*16 KB assoc: 1*4
DCACHE: hits:214424987 misses:5421983 writebacks:1792304  Hit Ratio: 97.53%
SCACHE: size: 512 KB assoc: 2
SCACHE: hits:9904373 misses:1989560  Hit Ratio: 83.27%
3CACHE: size: 4096 KB assoc: 2
3CACHE: hits:1713775 misses:275785  Hit Ratio: 86.14%
3CACHE: dirty items replaced:72110
ITLB: size: 48, misses 313676, miss rate 0.14%
DTLB: size: 128, misses 751828, miss rate 0.34%
Avg mem delay: 2.088 cycles
----------------------------------------
==== Global Resource Utilization ====
STASH: size: 65536 entries, full 2788461341, empty 167021931, misses 15818455, full rate 93.85
icache bank util. 0.334 0.293 0.118 0.121 0.131 0.112 0.109 0.115 
dcache bank util. 0.116 0.124 0.130 0.106 0.149 0.149 0.141 0.135 
L2 bank util. 0.046 0.059 0.051 0.046 0.051 0.051 0.046 0.054 
L1-L2 bus util. = 0.225, L3 util. = 0.013
----------------------------------------

======================== 切片硬件状态 ========================
切片号 | 所属安全域 | 当前状态    | 路扩展 | LRU touched
------------------------------------------------------------------
  0    |   域0      | 正常运行   |  否   |  500999986
  1    |   域3      | 正常运行   |  否   |  500999909
  2    |   域2      | 正常运行   |  是   |  500999980
  3    |   域2      | 正常运行   |  是   |  500999966
==================================================================

branch prediction, hits = 112908815, misses = 18670893, hit rate = 85.81%
return_stack prediction, hits = 15196286, misses = 6811, hit rate = 99.96%
jump prediction, hits = 100683455, misses = 33342599, hit rate = 75.12%
 dger_
**** Early Exiting at 600882513 Cycles *****
========================================
 SMTSIM Global Statistics
========================================
Threads: 4		Fetch Width: 8
No of useful instructions fetched:	2000000076 (41.61% proc util.)
No of total instructions fetched:	2701844399 (56.21% proc util.)
 includes 165644737 misfetch (6.1%), 536199586 (19.8%) wrong-path fetches
 and 0 flushed after failed lock(0.0%)
No of useful instructions issued/executed:	2000000042 (41.61% proc util.)
No of total instructions issued/executed:	2263267140 (47.08% proc util.)
 includes 263267098 wrong-path (11.6%) insts and 0 flushed (0.0%)
	fp 35784, 0.00%
	synch 0, 0.00%
	integer 1717310845, 75.88%
	load/store 545920511, 24.12%
Avg size of int IQ (before scheduling): 29.20
Avg size of fp IQ (before scheduling): 0.00
No of cycles taken:		600882513
Parallelism [ 1.066, 0.000, 1.354, 0.908,] = 3.328
 IQ conflicts: 2341164 (0.39%), FQ conflicts: 0 (0.00%) 
 I reg conflicts: 193390923 (32.18%), FP reg conflicts: 0 (0.00%)
  Activelist confs: 2455 (0.00%), ROB confs: 285649 (0.05%)
  Int unit conflicts: 677315279 (112.72%), FP unit conflicts: 13 (0.00%)
  Load/store unit conflicts: 69058995 (11.49%)
  MSHR conflicts: 27170526 (4.52%)
----------------------------------------
==== System-wide Cache Statistics ====
Stall for miss queue full 0 cycles (0.00%)
----------------------------------------
==== Statistics for Master ID: 0 ====
Reads: 455229771   Writes: 51087122
ICACHE: size: 64 KB assoc: 2
ICACHE: hits:249550563 misses:7795017  Hit Ratio: 96.97%
DCACHE: size: 1*16 KB assoc: 1*4
DCACHE: hits:239047160 misses:9924153 writebacks:966273  Hit Ratio: 96.01%
SCACHE: size: 512 KB assoc: 2
SCACHE: hits:15333857 misses:2385312  Hit Ratio: 86.54%
3CACHE: size: 4096 KB assoc: 2
3CACHE: hits:2047342 misses:337970  Hit Ratio: 85.83%
3CACHE: dirty items replaced:38092
ITLB: size: 48, misses 96050, miss rate 0.04%
DTLB: size: 128, misses 1482613, miss rate 0.60%
Avg mem delay: 2.071 cycles
----------------------------------------
==== Statistics for Master ID: 2 ====
Reads: 267615819   Writes: 43
ICACHE: size: 64 KB assoc: 2
ICACHE: hits:237473994 misses:11621  Hit Ratio: 100.00%
DCACHE: size: 2*16 KB assoc: 2*4
DCACHE: hits:20071855 misses:10058392 writebacks:22  Hit Ratio: 66.62%
SCACHE: size: 512 KB assoc: 2
SCACHE: hits:9026107 misses:1043906  Hit Ratio: 89.63%
3CACHE: size: 4096 KB assoc: 2
3CACHE: hits:930218 misses:113688  Hit Ratio: 89.11%
3CACHE: dirty items replaced:5915
ITLB: size: 48, misses 4, miss rate 0.00%
DTLB: size: 128, misses 18456, miss rate 0.06%
Avg mem delay: 2.071 cycles
----------------------------------------
==== Statistics for Master ID: 3 ====
Reads: 453124427   Writes: 75258920
ICACHE: size: 64 KB assoc: 2
ICACHE: hits:254604579 misses:7870233  Hit Ratio: 97.00%
DCACHE: size: 1*16 KB assoc: 1*4
DCACHE: hits:259408490 misses:6500044 writebacks:2115956  Hit Ratio: 97.56%
SCACHE: size: 512 KB assoc: 2
SCACHE: hits:12039768 misses:2330509  Hit Ratio: 83.78%
3CACHE: size: 4096 KB assoc: 2
3CACHE: hits:2009339 misses:321170  Hit Ratio: 86.22%
3CACHE: dirty items replaced:93395
ITLB: size: 48, misses 366266, miss rate 0.14%
DTLB: size: 128, misses 895304, miss rate 0.34%
Avg mem delay: 2.071 cycles
----------------------------------------
==== Global Resource Utilization ====
STASH: size: 65536 entries, full 3266844019, empty 191230079, misses 17964026, full rate 93.98
icache bank util. 0.335 0.294 0.118 0.121 0.132 0.112 0.110 0.115 
dcache bank util. 0.117 0.123 0.130 0.107 0.149 0.149 0.141 0.138 
L2 bank util. 0.046 0.059 0.051 0.046 0.051 0.051 0.046 0.054 
L1-L2 bus util. = 0.226, L3 util. = 0.013
----------------------------------------

======================== 切片硬件状态 ========================
切片号 | 所属安全域 | 当前状态    | 路扩展 | LRU touched
------------------------------------------------------------------
  0    |   域0      | 正常运行   |  否   |  600882501
  1    |   域3      | 正常运行   |  否   |  600882512
  2    |   域2      | 正常运行   |  是   |  600882461
  3    |   域2      | 正常运行   |  是   |  600882505
==================================================================

branch prediction, hits = 135624346, misses = 22687410, hit rate = 85.67%
return_stack prediction, hits = 18334772, misses = 7568, hit rate = 99.96%
jump prediction, hits = 120484249, misses = 40601359, hit rate = 74.80%
total IPC 3.328

=== Results saved to: ./results/crafty_2_cacherand_1_gcc-scilab_1.txt ===
