测试组合（多线程优先）：gzip-program.arg2 + crafty.arg + seqacc.arg
执行命令：./smtsim gzip-program.arg2 crafty.arg seqacc.arg
==================================================

动态重分配参数：每500万周期检查，阈值5
Process 0, Thread 0: gzip-program
Process 0, Thread 1: gzip-program
Process 2, Thread 2: crafty
Process 3, Thread 3: seqacc
[切片调度] 新安全域0无任何切片，尝试分配空闲切片
[切片管理] 成功绑定切片0 → 安全域0

======================== 切片硬件状态 ========================
切片号 | 所属安全域 | 当前状态    | 路扩展 | LRU touched
------------------------------------------------------------------
  0    |   域0      | 正常运行   |  否   |  0
  1    |   域-1     | 切片空闲   |  否   |  0
  2    |   域-1     | 切片空闲   |  否   |  0
  3    |   域-1     | 切片空闲   |  否   |  0
==================================================================

[切片管理] 成功绑定切片1 → 安全域0，触发【路扩展模式】

======================== 切片硬件状态 ========================
切片号 | 所属安全域 | 当前状态    | 路扩展 | LRU touched
------------------------------------------------------------------
  0    |   域0      | 正常运行   |  是   |  0
  1    |   域0      | 正常运行   |  是   |  0
  2    |   域-1     | 切片空闲   |  否   |  0
  3    |   域-1     | 切片空闲   |  否   |  0
==================================================================

[切片调度] 新安全域2无任何切片，尝试分配空闲切片
[切片管理] 成功绑定切片2 → 安全域2

======================== 切片硬件状态 ========================
切片号 | 所属安全域 | 当前状态    | 路扩展 | LRU touched
------------------------------------------------------------------
  0    |   域0      | 正常运行   |  是   |  638
  1    |   域0      | 正常运行   |  是   |  0
  2    |   域2      | 正常运行   |  否   |  0
  3    |   域-1     | 切片空闲   |  否   |  0
==================================================================

[切片管理] 成功绑定切片3 → 安全域2，触发【路扩展模式】

======================== 切片硬件状态 ========================
切片号 | 所属安全域 | 当前状态    | 路扩展 | LRU touched
------------------------------------------------------------------
  0    |   域0      | 正常运行   |  是   |  638
  1    |   域0      | 正常运行   |  是   |  0
  2    |   域2      | 正常运行   |  是   |  0
  3    |   域2      | 正常运行   |  是   |  0
==================================================================

[切片调度] 新安全域3无任何切片，尝试分配空闲切片
[切片调度] 新安全域3未找到空闲切片，尝试剥夺切片
[切片替换] 优先从【路扩展切片】中选择LRU替换目标...
[切片替换] 找到路扩展切片作为受害者：切片1（最后访问：0）
[切片调度] 安全域3触发切片剥夺：从域0剥夺切片1
[切片剥夺] 周期640：切片1（所属域0）进入待剥夺状态，禁止新替换
[切片剥夺] 周期640：切片1在途请求已清空，开始执行脏行写回
[切片剥夺] 周期640：切片1无脏行，直接完成剥夺
[切片管理] 周期640：原域0仅剩1个切片，关闭路扩展模式
[动态重分配] 周期640：切片1写回完成，自动绑定到域3
[切片管理] 成功绑定切片1 → 安全域3

======================== 切片硬件状态 ========================
切片号 | 所属安全域 | 当前状态    | 路扩展 | LRU touched
------------------------------------------------------------------
  0    |   域0      | 正常运行   |  否   |  640
  1    |   域3      | 正常运行   |  否   |  640
  2    |   域2      | 正常运行   |  是   |  640
  3    |   域2      | 正常运行   |  是   |  0
==================================================================

[切片唤醒] 周期640：域3切片就绪，唤醒等待指令

**** Debug Statistics at 1000000 Cycles *****
Threads: 4		Fetch Width: 8
No of useful instructions fetched:	2294962 (28.69% proc util.)
No of total instructions fetched:	2534238 (31.68% proc util.)
 includes 1951 misfetch (0.1%), 237325 (9.4%) wrong-path fetches
 and 0 flushed after failed lock(0.0%)
No of useful instructions issued/executed:	2294921 (28.69% proc util.)
No of total instructions issued/executed:	2398396 (29.98% proc util.)
 includes 103475 wrong-path (4.3%) insts and 0 flushed (0.0%)
	fp 33, 0.00%
	synch 0, 0.00%
	integer 2083779, 86.88%
	load/store 314584, 13.12%
Avg size of int IQ (before scheduling): 33.33
Avg size of fp IQ (before scheduling): 0.00
No of cycles taken:		1000000
Parallelism [ 0.153, 0.000, 1.087, 1.055,] = 2.295
 IQ conflicts: 653 (0.07%), FQ conflicts: 0 (0.00%) 
 I reg conflicts: 617840 (61.78%), FP reg conflicts: 0 (0.00%)
  Activelist confs: 0 (0.00%), ROB confs: 0 (0.00%)
  Int unit conflicts: 123497 (12.35%), FP unit conflicts: 0 (0.00%)
  Load/store unit conflicts: 2308 (0.23%)
  MSHR conflicts: 84024 (8.40%)
----------------------------------------
==== System-wide Cache Statistics ====
Stall for miss queue full 0 cycles (0.00%)
----------------------------------------
==== Statistics for Master ID: 0 ====
Reads: 117435   Writes: 24882
ICACHE: size: 64 KB assoc: 2
ICACHE: hits:68618 misses:197  Hit Ratio: 99.71%
DCACHE: size: 1*16 KB assoc: 1*4
DCACHE: hits:49389 misses:24113 writebacks:23961  Hit Ratio: 67.19%
SCACHE: size: 512 KB assoc: 2
SCACHE: hits:2 misses:24308  Hit Ratio: 0.01%
3CACHE: size: 4096 KB assoc: 2
3CACHE: hits:0 misses:24305  Hit Ratio: 0.00%
3CACHE: dirty items replaced:0
ITLB: size: 48, misses 18, miss rate 0.03%
DTLB: size: 128, misses 6010, miss rate 8.18%
Avg mem delay: 33.613 cycles
----------------------------------------
==== Statistics for Master ID: 2 ====
Reads: 482103   Writes: 55003
ICACHE: size: 64 KB assoc: 2
ICACHE: hits:350445 misses:150  Hit Ratio: 99.96%
DCACHE: size: 2*16 KB assoc: 2*4
DCACHE: hits:185469 misses:1042 writebacks:503  Hit Ratio: 99.44%
SCACHE: size: 512 KB assoc: 2
SCACHE: hits:3 misses:1189  Hit Ratio: 0.25%
3CACHE: size: 4096 KB assoc: 2
3CACHE: hits:0 misses:1189  Hit Ratio: 0.00%
3CACHE: dirty items replaced:0
ITLB: size: 48, misses 16, miss rate 0.00%
DTLB: size: 128, misses 43, miss rate 0.02%
Avg mem delay: 33.613 cycles
----------------------------------------
==== Statistics for Master ID: 3 ====
Reads: 366342   Writes: 5128
ICACHE: size: 64 KB assoc: 2
ICACHE: hits:316913 misses:11  Hit Ratio: 100.00%
DCACHE: size: 1*16 KB assoc: 1*4
DCACHE: hits:49440 misses:5105 writebacks:323  Hit Ratio: 90.64%
SCACHE: size: 512 KB assoc: 2
SCACHE: hits:4456 misses:660  Hit Ratio: 87.10%
3CACHE: size: 4096 KB assoc: 2
3CACHE: hits:291 misses:369  Hit Ratio: 44.09%
3CACHE: dirty items replaced:0
ITLB: size: 48, misses 1, miss rate 0.00%
DTLB: size: 128, misses 32, miss rate 0.06%
Avg mem delay: 33.613 cycles
----------------------------------------
==== Global Resource Utilization ====
STASH: size: 65536 entries, full 2664357, empty 3927, misses 335, full rate 99.84
icache bank util. 0.208 0.087 0.001 0.001 0.033 0.072 0.138 0.198 
dcache bank util. 0.022 0.022 0.046 0.022 0.022 0.022 0.301 0.022 
L2 bank util. 0.005 0.005 0.005 0.005 0.005 0.006 0.294 0.005 
L1-L2 bus util. = 0.166, L3 util. = 0.259
----------------------------------------

======================== 切片硬件状态 ========================
切片号 | 所属安全域 | 当前状态    | 路扩展 | LRU touched
------------------------------------------------------------------
  0    |   域0      | 正常运行   |  否   |  999990
  1    |   域3      | 正常运行   |  否   |  999977
  2    |   域2      | 正常运行   |  是   |  999986
  3    |   域2      | 正常运行   |  是   |  999990
==================================================================

branch prediction, hits = 226706, misses = 14856, hit rate = 93.85%
return_stack prediction, hits = 196, misses = 11, hit rate = 94.69%
jump prediction, hits = 262384, misses = 460, hit rate = 99.82%

======================== 切片硬件状态 ========================
切片号 | 所属安全域 | 当前状态    | 路扩展 | LRU touched
------------------------------------------------------------------
  0    |   域0      | 正常运行   |  否   |  29999982
  1    |   域3      | 正常运行   |  否   |  29999995
  2    |   域2      | 正常运行   |  是   |  29999995
  3    |   域2      | 正常运行   |  是   |  29999996
==================================================================

[动态重分配] 周期30000000：预约迁移 冗余域2(1%) -> 切片2 -> 饥饿域0(12%)
[切片剥夺] 周期30000000：切片2（所属域2）进入待剥夺状态，禁止新替换
[切片剥夺] 周期30000000：切片2在途请求已清空，开始执行脏行写回
[切片管理] 周期30000122：原域2仅剩1个切片，关闭路扩展模式
[动态重分配] 周期30000122：切片2写回完成，自动绑定到域0
[切片管理] 成功绑定切片2 → 安全域0，触发【路扩展模式】

======================== 切片硬件状态 ========================
切片号 | 所属安全域 | 当前状态    | 路扩展 | LRU touched
------------------------------------------------------------------
  0    |   域0      | 正常运行   |  是   |  30000122
  1    |   域3      | 正常运行   |  否   |  30000066
  2    |   域0      | 正常运行   |  是   |  30000122
  3    |   域2      | 正常运行   |  否   |  30000070
==================================================================


**** Debug Statistics at 101000000 Cycles *****
Threads: 4		Fetch Width: 8
No of useful instructions fetched:	209961621 (25.99% proc util.)
No of total instructions fetched:	230228602 (28.49% proc util.)
 includes 5417086 misfetch (2.4%), 14849895 (6.5%) wrong-path fetches
 and 0 flushed after failed lock(0.0%)
No of useful instructions issued/executed:	209961592 (25.99% proc util.)
No of total instructions issued/executed:	216224386 (26.76% proc util.)
 includes 6262794 wrong-path (2.9%) insts and 0 flushed (0.0%)
	fp 186, 0.00%
	synch 0, 0.00%
	integer 171021769, 79.09%
	load/store 45202431, 20.91%
Avg size of int IQ (before scheduling): 21.13
Avg size of fp IQ (before scheduling): 0.00
No of cycles taken:		101000000
Parallelism [ 0.334, 0.000, 0.885, 0.859,] = 2.079
 IQ conflicts: 17879 (0.02%), FQ conflicts: 0 (0.00%) 
 I reg conflicts: 67248928 (66.58%), FP reg conflicts: 0 (0.00%)
  Activelist confs: 0 (0.00%), ROB confs: 618 (0.00%)
  Int unit conflicts: 17601065 (17.43%), FP unit conflicts: 1 (0.00%)
  Load/store unit conflicts: 1930384 (1.91%)
  MSHR conflicts: 12587797 (12.46%)
----------------------------------------
==== System-wide Cache Statistics ====
Stall for miss queue full 0 cycles (0.00%)
----------------------------------------
==== Statistics for Master ID: 0 ====
Reads: 17419662   Writes: 4966919
ICACHE: size: 64 KB assoc: 2
ICACHE: hits:12242973 misses:24530  Hit Ratio: 99.80%
DCACHE: size: 2*16 KB assoc: 2*4
DCACHE: hits:8739222 misses:1379856 writebacks:781846  Hit Ratio: 86.36%
SCACHE: size: 512 KB assoc: 2
SCACHE: hits:23924 misses:1380461  Hit Ratio: 1.70%
3CACHE: size: 4096 KB assoc: 2
3CACHE: hits:66 misses:1380395  Hit Ratio: 0.00%
3CACHE: dirty items replaced:6579
ITLB: size: 48, misses 42, miss rate 0.00%
DTLB: size: 128, misses 64841, miss rate 0.64%
Avg mem delay: 6.843 cycles
----------------------------------------
==== Statistics for Master ID: 2 ====
Reads: 51759102   Writes: 6833674
ICACHE: size: 64 KB assoc: 2
ICACHE: hits:27840672 misses:172385  Hit Ratio: 99.38%
DCACHE: size: 1*16 KB assoc: 1*4
DCACHE: hits:29671640 misses:908116 writebacks:140198  Hit Ratio: 97.03%
SCACHE: size: 512 KB assoc: 2
SCACHE: hits:861967 misses:218497  Hit Ratio: 79.78%
3CACHE: size: 4096 KB assoc: 2
3CACHE: hits:139612 misses:78883  Hit Ratio: 63.90%
3CACHE: dirty items replaced:1082
ITLB: size: 48, misses 144, miss rate 0.00%
DTLB: size: 128, misses 73909, miss rate 0.24%
Avg mem delay: 6.843 cycles
----------------------------------------
==== Statistics for Master ID: 3 ====
Reads: 30651833   Writes: 5128
ICACHE: size: 64 KB assoc: 2
ICACHE: hits:26139217 misses:16296  Hit Ratio: 99.94%
DCACHE: size: 1*16 KB assoc: 1*4
DCACHE: hits:4073827 misses:427620 writebacks:323  Hit Ratio: 90.50%
SCACHE: size: 512 KB assoc: 2
SCACHE: hits:399229 misses:44687  Hit Ratio: 89.93%
3CACHE: size: 4096 KB assoc: 2
3CACHE: hits:39539 misses:5148  Hit Ratio: 88.48%
3CACHE: dirty items replaced:113
ITLB: size: 48, misses 1, miss rate 0.00%
DTLB: size: 128, misses 271, miss rate 0.01%
Avg mem delay: 6.843 cycles
----------------------------------------
==== Global Resource Utilization ====
STASH: size: 65536 entries, full 237559037, empty 10065970, misses 973717, full rate 95.56
icache bank util. 0.137 0.073 0.035 0.036 0.042 0.103 0.082 0.157 
dcache bank util. 0.052 0.064 0.066 0.044 0.080 0.076 0.096 0.077 
L2 bank util. 0.026 0.030 0.027 0.024 0.026 0.028 0.033 0.044 
L1-L2 bus util. = 0.114, L3 util. = 0.145
----------------------------------------

======================== 切片硬件状态 ========================
切片号 | 所属安全域 | 当前状态    | 路扩展 | LRU touched
------------------------------------------------------------------
  0    |   域0      | 正常运行   |  是   |  100999998
  1    |   域3      | 正常运行   |  否   |  100999993
  2    |   域0      | 正常运行   |  是   |  100999873
  3    |   域2      | 正常运行   |  否   |  100999994
==================================================================

branch prediction, hits = 17012189, misses = 962358, hit rate = 94.65%
return_stack prediction, hits = 1548304, misses = 64, hit rate = 100.00%
jump prediction, hits = 19731898, misses = 1365015, hit rate = 93.53%

**** Debug Statistics at 201000000 Cycles *****
Threads: 4		Fetch Width: 8
No of useful instructions fetched:	531173582 (33.03% proc util.)
No of total instructions fetched:	611097288 (38.00% proc util.)
 includes 13023147 misfetch (2.1%), 66900559 (10.9%) wrong-path fetches
 and 0 flushed after failed lock(0.0%)
No of useful instructions issued/executed:	531173552 (33.03% proc util.)
No of total instructions issued/executed:	559742770 (34.81% proc util.)
 includes 28569218 wrong-path (5.1%) insts and 0 flushed (0.0%)
	fp 191, 0.00%
	synch 0, 0.00%
	integer 438450138, 78.33%
	load/store 121292441, 21.67%
Avg size of int IQ (before scheduling): 23.30
Avg size of fp IQ (before scheduling): 0.00
No of cycles taken:		201000000
Parallelism [ 0.666, 0.000, 0.974, 1.002,] = 2.643
 IQ conflicts: 164669 (0.08%), FQ conflicts: 0 (0.00%) 
 I reg conflicts: 110878009 (55.16%), FP reg conflicts: 0 (0.00%)
  Activelist confs: 41 (0.00%), ROB confs: 1084 (0.00%)
  Int unit conflicts: 150932556 (75.09%), FP unit conflicts: 1 (0.00%)
  Load/store unit conflicts: 7896945 (3.93%)
  MSHR conflicts: 25812552 (12.84%)
----------------------------------------
==== System-wide Cache Statistics ====
Stall for miss queue full 0 cycles (0.00%)
----------------------------------------
==== Statistics for Master ID: 0 ====
Reads: 73565780   Writes: 13738458
ICACHE: size: 64 KB assoc: 2
ICACHE: hits:47629752 misses:44664  Hit Ratio: 99.91%
DCACHE: size: 2*16 KB assoc: 2*4
DCACHE: hits:37026596 misses:2603226 writebacks:1324030  Hit Ratio: 93.43%
SCACHE: size: 512 KB assoc: 2
SCACHE: hits:491242 misses:2156648  Hit Ratio: 18.55%
3CACHE: size: 4096 KB assoc: 2
3CACHE: hits:33293 misses:2123355  Hit Ratio: 1.54%
3CACHE: dirty items replaced:16097
ITLB: size: 48, misses 68, miss rate 0.00%
DTLB: size: 128, misses 118513, miss rate 0.30%
Avg mem delay: 4.227 cycles
----------------------------------------
==== Statistics for Master ID: 2 ====
Reads: 122612021   Writes: 15580949
ICACHE: size: 64 KB assoc: 2
ICACHE: hits:66278794 misses:703368  Hit Ratio: 98.95%
DCACHE: size: 1*16 KB assoc: 1*4
DCACHE: hits:68705162 misses:2505683 writebacks:314026  Hit Ratio: 96.48%
SCACHE: size: 512 KB assoc: 2
SCACHE: hits:2775385 misses:433629  Hit Ratio: 86.49%
3CACHE: size: 4096 KB assoc: 2
3CACHE: hits:300882 misses:132747  Hit Ratio: 69.39%
3CACHE: dirty items replaced:5130
ITLB: size: 48, misses 166, miss rate 0.00%
DTLB: size: 128, misses 232820, miss rate 0.33%
Avg mem delay: 4.227 cycles
----------------------------------------
==== Statistics for Master ID: 3 ====
Reads: 72735295   Writes: 5128
ICACHE: size: 64 KB assoc: 2
ICACHE: hits:62277256 misses:16378  Hit Ratio: 99.97%
DCACHE: size: 1*16 KB assoc: 1*4
DCACHE: hits:9451765 misses:995023 writebacks:323  Hit Ratio: 90.48%
SCACHE: size: 512 KB assoc: 2
SCACHE: hits:911465 misses:99936  Hit Ratio: 90.12%
3CACHE: size: 4096 KB assoc: 2
3CACHE: hits:92049 misses:7887  Hit Ratio: 92.11%
3CACHE: dirty items replaced:196
ITLB: size: 48, misses 1, miss rate 0.00%
DTLB: size: 128, misses 1422, miss rate 0.01%
Avg mem delay: 4.227 cycles
----------------------------------------
==== Global Resource Utilization ====
STASH: size: 65536 entries, full 639159207, empty 25038247, misses 2398254, full rate 95.88
icache bank util. 0.172 0.098 0.053 0.058 0.073 0.134 0.113 0.191 
dcache bank util. 0.065 0.085 0.088 0.059 0.110 0.094 0.126 0.091 
L2 bank util. 0.027 0.035 0.030 0.025 0.029 0.031 0.031 0.041 
L1-L2 bus util. = 0.127, L3 util. = 0.113
----------------------------------------

======================== 切片硬件状态 ========================
切片号 | 所属安全域 | 当前状态    | 路扩展 | LRU touched
------------------------------------------------------------------
  0    |   域0      | 正常运行   |  是   |  200999999
  1    |   域3      | 正常运行   |  否   |  200999988
  2    |   域0      | 正常运行   |  是   |  200999999
  3    |   域2      | 正常运行   |  否   |  200999993
==================================================================

branch prediction, hits = 38722961, misses = 3291589, hit rate = 92.17%
return_stack prediction, hits = 3929887, misses = 280, hit rate = 99.99%
jump prediction, hits = 47369150, misses = 3390005, hit rate = 93.32%

**** Debug Statistics at 301000000 Cycles *****
Threads: 4		Fetch Width: 8
No of useful instructions fetched:	979830610 (40.69% proc util.)
No of total instructions fetched:	1149559290 (47.74% proc util.)
 includes 23146794 misfetch (2.0%), 146581886 (12.8%) wrong-path fetches
 and 0 flushed after failed lock(0.0%)
No of useful instructions issued/executed:	979830568 (40.69% proc util.)
No of total instructions issued/executed:	1041752595 (43.26% proc util.)
 includes 61922027 wrong-path (5.9%) insts and 0 flushed (0.0%)
	fp 200, 0.00%
	synch 0, 0.00%
	integer 812949073, 78.04%
	load/store 228803322, 21.96%
Avg size of int IQ (before scheduling): 26.30
Avg size of fp IQ (before scheduling): 0.00
No of cycles taken:		301000000
Parallelism [ 0.994, 0.000, 1.098, 1.163,] = 3.255
 IQ conflicts: 426490 (0.14%), FQ conflicts: 0 (0.00%) 
 I reg conflicts: 130475379 (43.35%), FP reg conflicts: 0 (0.00%)
  Activelist confs: 41 (0.00%), ROB confs: 1084 (0.00%)
  Int unit conflicts: 413265862 (137.30%), FP unit conflicts: 1 (0.00%)
  Load/store unit conflicts: 18094577 (6.01%)
  MSHR conflicts: 29508981 (9.80%)
----------------------------------------
==== System-wide Cache Statistics ====
Stall for miss queue full 0 cycles (0.00%)
----------------------------------------
==== Statistics for Master ID: 0 ====
Reads: 163507159   Writes: 25963486
ICACHE: size: 64 KB assoc: 2
ICACHE: hits:103273498 misses:78314  Hit Ratio: 99.92%
DCACHE: size: 2*16 KB assoc: 2*4
DCACHE: hits:82765154 misses:3353679 writebacks:1666691  Hit Ratio: 96.11%
SCACHE: size: 512 KB assoc: 2
SCACHE: hits:1184376 misses:2247616  Hit Ratio: 34.51%
3CACHE: size: 4096 KB assoc: 2
3CACHE: hits:95164 misses:2152452  Hit Ratio: 4.23%
3CACHE: dirty items replaced:21064
ITLB: size: 48, misses 80, miss rate 0.00%
DTLB: size: 128, misses 161170, miss rate 0.19%
Avg mem delay: 2.808 cycles
----------------------------------------
==== Statistics for Master ID: 2 ====
Reads: 217368650   Writes: 27052217
ICACHE: size: 64 KB assoc: 2
ICACHE: hits:118321332 misses:1578271  Hit Ratio: 98.68%
DCACHE: size: 1*16 KB assoc: 1*4
DCACHE: hits:119925192 misses:4596109 writebacks:543684  Hit Ratio: 96.31%
SCACHE: size: 512 KB assoc: 2
SCACHE: hits:5510414 misses:663929  Hit Ratio: 89.25%
3CACHE: size: 4096 KB assoc: 2
3CACHE: hits:502730 misses:161199  Hit Ratio: 75.72%
3CACHE: dirty items replaced:13007
ITLB: size: 48, misses 201, miss rate 0.00%
DTLB: size: 128, misses 446218, miss rate 0.36%
Avg mem delay: 2.808 cycles
----------------------------------------
==== Statistics for Master ID: 3 ====
Reads: 128596807   Writes: 5128
ICACHE: size: 64 KB assoc: 2
ICACHE: hits:110431272 misses:16508  Hit Ratio: 99.99%
DCACHE: size: 1*16 KB assoc: 1*4
DCACHE: hits:16423699 misses:1730455 writebacks:323  Hit Ratio: 90.47%
SCACHE: size: 512 KB assoc: 2
SCACHE: hits:1593176 misses:153787  Hit Ratio: 91.20%
3CACHE: size: 4096 KB assoc: 2
3CACHE: hits:145665 misses:8122  Hit Ratio: 94.72%
3CACHE: dirty items replaced:201
ITLB: size: 48, misses 1, miss rate 0.00%
DTLB: size: 128, misses 2947, miss rate 0.02%
Avg mem delay: 2.808 cycles
----------------------------------------
==== Global Resource Utilization ====
STASH: size: 65536 entries, full 1210777936, empty 45772941, misses 4368433, full rate 96.02
icache bank util. 0.213 0.123 0.070 0.080 0.104 0.150 0.148 0.236 
dcache bank util. 0.076 0.102 0.109 0.073 0.143 0.110 0.157 0.108 
L2 bank util. 0.027 0.036 0.031 0.024 0.030 0.033 0.030 0.041 
L1-L2 bus util. = 0.135, L3 util. = 0.077
----------------------------------------

======================== 切片硬件状态 ========================
切片号 | 所属安全域 | 当前状态    | 路扩展 | LRU touched
------------------------------------------------------------------
  0    |   域0      | 正常运行   |  是   |  300999937
  1    |   域3      | 正常运行   |  否   |  300999987
  2    |   域0      | 正常运行   |  是   |  300999934
  3    |   域2      | 正常运行   |  否   |  300999988
==================================================================

branch prediction, hits = 66363531, misses = 6627136, hit rate = 90.92%
return_stack prediction, hits = 7263423, misses = 503, hit rate = 99.99%
jump prediction, hits = 83439241, misses = 6120020, hit rate = 93.17%

**** Debug Statistics at 401000000 Cycles *****
Threads: 4		Fetch Width: 8
No of useful instructions fetched:	1419519125 (44.25% proc util.)
No of total instructions fetched:	1683152088 (52.47% proc util.)
 includes 33836169 misfetch (2.0%), 229796794 (13.7%) wrong-path fetches
 and 0 flushed after failed lock(0.0%)
No of useful instructions issued/executed:	1419519092 (44.25% proc util.)
No of total instructions issued/executed:	1517548714 (47.31% proc util.)
 includes 98029622 wrong-path (6.5%) insts and 0 flushed (0.0%)
	fp 200, 0.00%
	synch 0, 0.00%
	integer 1182316584, 77.91%
	load/store 335231930, 22.09%
Avg size of int IQ (before scheduling): 27.68
Avg size of fp IQ (before scheduling): 0.00
No of cycles taken:		401000000
Parallelism [ 1.146, 0.000, 1.154, 1.241,] = 3.540
 IQ conflicts: 689852 (0.17%), FQ conflicts: 0 (0.00%) 
 I reg conflicts: 150704372 (37.58%), FP reg conflicts: 0 (0.00%)
  Activelist confs: 41 (0.00%), ROB confs: 1084 (0.00%)
  Int unit conflicts: 661795143 (165.04%), FP unit conflicts: 1 (0.00%)
  Load/store unit conflicts: 27934298 (6.97%)
  MSHR conflicts: 32754713 (8.17%)
----------------------------------------
==== System-wide Cache Statistics ====
Stall for miss queue full 0 cycles (0.00%)
----------------------------------------
==== Statistics for Master ID: 0 ====
Reads: 252890129   Writes: 38321768
ICACHE: size: 64 KB assoc: 2
ICACHE: hits:158582056 misses:112512  Hit Ratio: 99.93%
DCACHE: size: 2*16 KB assoc: 2*4
DCACHE: hits:128191618 misses:4325711 writebacks:2100951  Hit Ratio: 96.74%
SCACHE: size: 512 KB assoc: 2
SCACHE: hits:2099059 misses:2339164  Hit Ratio: 47.30%
3CACHE: size: 4096 KB assoc: 2
3CACHE: hits:157237 misses:2181927  Hit Ratio: 6.72%
3CACHE: dirty items replaced:27923
ITLB: size: 48, misses 80, miss rate 0.00%
DTLB: size: 128, misses 211625, miss rate 0.16%
Avg mem delay: 2.338 cycles
----------------------------------------
==== Statistics for Master ID: 2 ====
Reads: 310921838   Writes: 38218010
ICACHE: size: 64 KB assoc: 2
ICACHE: hits:169827349 misses:2414223  Hit Ratio: 98.60%
DCACHE: size: 1*16 KB assoc: 1*4
DCACHE: hits:170217954 misses:6680359 writebacks:757882  Hit Ratio: 96.22%
SCACHE: size: 512 KB assoc: 2
SCACHE: hits:8201290 misses:893255  Hit Ratio: 90.18%
3CACHE: size: 4096 KB assoc: 2
3CACHE: hits:705485 misses:187770  Hit Ratio: 78.98%
3CACHE: dirty items replaced:24993
ITLB: size: 48, misses 204, miss rate 0.00%
DTLB: size: 128, misses 691350, miss rate 0.39%
Avg mem delay: 2.338 cycles
----------------------------------------
==== Statistics for Master ID: 3 ====
Reads: 184123691   Writes: 5128
ICACHE: size: 64 KB assoc: 2
ICACHE: hits:158309308 misses:16636  Hit Ratio: 99.99%
DCACHE: size: 1*16 KB assoc: 1*4
DCACHE: hits:23342800 misses:2460074 writebacks:323  Hit Ratio: 90.47%
SCACHE: size: 512 KB assoc: 2
SCACHE: hits:2267653 misses:209057  Hit Ratio: 91.56%
3CACHE: size: 4096 KB assoc: 2
3CACHE: hits:200932 misses:8125  Hit Ratio: 96.11%
3CACHE: dirty items replaced:201
ITLB: size: 48, misses 1, miss rate 0.00%
DTLB: size: 128, misses 5007, miss rate 0.02%
Avg mem delay: 2.338 cycles
----------------------------------------
==== Global Resource Utilization ====
STASH: size: 65536 entries, full 1777474726, empty 67125059, misses 6355031, full rate 96.03
icache bank util. 0.233 0.136 0.079 0.092 0.120 0.156 0.165 0.258 
dcache bank util. 0.082 0.111 0.119 0.080 0.159 0.119 0.173 0.115 
L2 bank util. 0.027 0.038 0.031 0.025 0.030 0.034 0.030 0.040 
L1-L2 bus util. = 0.141, L3 util. = 0.059
----------------------------------------

======================== 切片硬件状态 ========================
切片号 | 所属安全域 | 当前状态    | 路扩展 | LRU touched
------------------------------------------------------------------
  0    |   域0      | 正常运行   |  是   |  400999991
  1    |   域3      | 正常运行   |  否   |  400999997
  2    |   域0      | 正常运行   |  是   |  400999999
  3    |   域2      | 正常运行   |  否   |  400999997
==================================================================

branch prediction, hits = 92784541, misses = 10038610, hit rate = 90.24%
return_stack prediction, hits = 10551847, misses = 750, hit rate = 99.99%
jump prediction, hits = 118313623, misses = 8980581, hit rate = 92.95%

**** Debug Statistics at 501000000 Cycles *****
Threads: 4		Fetch Width: 8
No of useful instructions fetched:	1862440426 (46.47% proc util.)
No of total instructions fetched:	2218135945 (55.34% proc util.)
 includes 44051001 misfetch (2.0%), 311644518 (14.0%) wrong-path fetches
 and 0 flushed after failed lock(0.0%)
No of useful instructions issued/executed:	1862440395 (46.47% proc util.)
No of total instructions issued/executed:	1995808538 (49.80% proc util.)
 includes 133368143 wrong-path (6.7%) insts and 0 flushed (0.0%)
	fp 206, 0.00%
	synch 0, 0.00%
	integer 1554650958, 77.90%
	load/store 441157374, 22.10%
Avg size of int IQ (before scheduling): 28.53
Avg size of fp IQ (before scheduling): 0.00
No of cycles taken:		501000000
Parallelism [ 1.236, 0.000, 1.193, 1.288,] = 3.717
 IQ conflicts: 931526 (0.19%), FQ conflicts: 0 (0.00%) 
 I reg conflicts: 170621844 (34.06%), FP reg conflicts: 0 (0.00%)
  Activelist confs: 41 (0.00%), ROB confs: 1084 (0.00%)
  Int unit conflicts: 908625223 (181.36%), FP unit conflicts: 1 (0.00%)
  Load/store unit conflicts: 37316115 (7.45%)
  MSHR conflicts: 35932184 (7.17%)
----------------------------------------
==== System-wide Cache Statistics ====
Stall for miss queue full 0 cycles (0.00%)
----------------------------------------
==== Statistics for Master ID: 0 ====
Reads: 342656332   Writes: 50371134
ICACHE: size: 64 KB assoc: 2
ICACHE: hits:214143262 misses:146287  Hit Ratio: 99.93%
DCACHE: size: 2*16 KB assoc: 2*4
DCACHE: hits:173422821 misses:5315096 writebacks:2519400  Hit Ratio: 97.03%
SCACHE: size: 512 KB assoc: 2
SCACHE: hits:3034915 misses:2426468  Hit Ratio: 55.57%
3CACHE: size: 4096 KB assoc: 2
3CACHE: hits:217168 misses:2209300  Hit Ratio: 8.95%
3CACHE: dirty items replaced:33845
ITLB: size: 48, misses 87, miss rate 0.00%
DTLB: size: 128, misses 260230, miss rate 0.15%
Avg mem delay: 2.092 cycles
----------------------------------------
==== Statistics for Master ID: 2 ====
Reads: 405067396   Writes: 49021999
ICACHE: size: 64 KB assoc: 2
ICACHE: hits:221974602 misses:3186638  Hit Ratio: 98.58%
DCACHE: size: 1*16 KB assoc: 1*4
DCACHE: hits:220164751 misses:8763441 writebacks:968643  Hit Ratio: 96.17%
SCACHE: size: 512 KB assoc: 2
SCACHE: hits:10839206 misses:1110834  Hit Ratio: 90.70%
3CACHE: size: 4096 KB assoc: 2
3CACHE: hits:900292 misses:210542  Hit Ratio: 81.05%
3CACHE: dirty items replaced:35866
ITLB: size: 48, misses 226, miss rate 0.00%
DTLB: size: 128, misses 924256, miss rate 0.40%
Avg mem delay: 2.092 cycles
----------------------------------------
==== Statistics for Master ID: 3 ====
Reads: 239718490   Writes: 5128
ICACHE: size: 64 KB assoc: 2
ICACHE: hits:206232962 misses:16730  Hit Ratio: 99.99%
DCACHE: size: 1*16 KB assoc: 1*4
DCACHE: hits:30282643 misses:3191282 writebacks:323  Hit Ratio: 90.47%
SCACHE: size: 512 KB assoc: 2
SCACHE: hits:2946817 misses:261195  Hit Ratio: 91.86%
3CACHE: size: 4096 KB assoc: 2
3CACHE: hits:252918 misses:8277  Hit Ratio: 96.83%
3CACHE: dirty items replaced:205
ITLB: size: 48, misses 1, miss rate 0.00%
DTLB: size: 128, misses 6964, miss rate 0.02%
Avg mem delay: 2.092 cycles
----------------------------------------
==== Global Resource Utilization ====
STASH: size: 65536 entries, full 2348579763, empty 86830885, misses 8201499, full rate 96.11
icache bank util. 0.245 0.143 0.084 0.098 0.130 0.161 0.175 0.272 
dcache bank util. 0.086 0.117 0.125 0.084 0.167 0.123 0.184 0.120 
L2 bank util. 0.028 0.039 0.031 0.024 0.031 0.034 0.030 0.041 
L1-L2 bus util. = 0.144, L3 util. = 0.048
----------------------------------------

======================== 切片硬件状态 ========================
切片号 | 所属安全域 | 当前状态    | 路扩展 | LRU touched
------------------------------------------------------------------
  0    |   域0      | 正常运行   |  是   |  500999989
  1    |   域3      | 正常运行   |  否   |  500999991
  2    |   域0      | 正常运行   |  是   |  500999991
  3    |   域2      | 正常运行   |  否   |  500999999
==================================================================

branch prediction, hits = 119854113, misses = 13446621, hit rate = 89.91%
return_stack prediction, hits = 14028325, misses = 987, hit rate = 99.99%
jump prediction, hits = 154130712, misses = 11768258, hit rate = 92.91%

**** Early Exiting at 531409733 Cycles *****
========================================
 SMTSIM Global Statistics
========================================
Threads: 4		Fetch Width: 8
No of useful instructions fetched:	2000000099 (47.04% proc util.)
No of total instructions fetched:	2382206678 (56.04% proc util.)
 includes 47102791 misfetch (2.0%), 335103788 (14.1%) wrong-path fetches
 and 0 flushed after failed lock(0.0%)
No of useful instructions issued/executed:	2000000046 (47.04% proc util.)
No of total instructions issued/executed:	2143331023 (50.42% proc util.)
 includes 143330977 wrong-path (6.7%) insts and 0 flushed (0.0%)
	fp 206, 0.00%
	synch 0, 0.00%
	integer 1669417338, 77.89%
	load/store 473913479, 22.11%
Avg size of int IQ (before scheduling): 28.75
Avg size of fp IQ (before scheduling): 0.00
No of cycles taken:		531409733
Parallelism [ 1.259, 0.000, 1.205, 1.300,] = 3.764
 IQ conflicts: 1000650 (0.19%), FQ conflicts: 0 (0.00%) 
 I reg conflicts: 176487020 (33.21%), FP reg conflicts: 0 (0.00%)
  Activelist confs: 41 (0.00%), ROB confs: 1084 (0.00%)
  Int unit conflicts: 988611859 (186.04%), FP unit conflicts: 1 (0.00%)
  Load/store unit conflicts: 40360236 (7.59%)
  MSHR conflicts: 36882545 (6.94%)
----------------------------------------
==== System-wide Cache Statistics ====
Stall for miss queue full 0 cycles (0.00%)
----------------------------------------
==== Statistics for Master ID: 0 ====
Reads: 370128998   Writes: 54165434
ICACHE: size: 64 KB assoc: 2
ICACHE: hits:231162880 misses:157125  Hit Ratio: 99.93%
DCACHE: size: 2*16 KB assoc: 2*4
DCACHE: hits:187402423 misses:5572004 writebacks:2634276  Hit Ratio: 97.11%
SCACHE: size: 512 KB assoc: 2
SCACHE: hits:3276841 misses:2452288  Hit Ratio: 57.20%
3CACHE: size: 4096 KB assoc: 2
3CACHE: hits:234652 misses:2217636  Hit Ratio: 9.57%
3CACHE: dirty items replaced:35431
ITLB: size: 48, misses 87, miss rate 0.00%
DTLB: size: 128, misses 273598, miss rate 0.14%
Avg mem delay: 2.035 cycles
----------------------------------------
==== Statistics for Master ID: 2 ====
Reads: 434182426   Writes: 52387698
ICACHE: size: 64 KB assoc: 2
ICACHE: hits:238049878 misses:3418988  Hit Ratio: 98.58%
DCACHE: size: 1*16 KB assoc: 1*4
DCACHE: hits:235712920 misses:9388375 writebacks:1034873  Hit Ratio: 96.17%
SCACHE: size: 512 KB assoc: 2
SCACHE: hits:11632892 misses:1174434  Hit Ratio: 90.83%
3CACHE: size: 4096 KB assoc: 2
3CACHE: hits:957880 misses:216553  Hit Ratio: 81.56%
3CACHE: dirty items replaced:38608
ITLB: size: 48, misses 226, miss rate 0.00%
DTLB: size: 128, misses 988900, miss rate 0.40%
Avg mem delay: 2.035 cycles
----------------------------------------
==== Statistics for Master ID: 3 ====
Reads: 256692522   Writes: 5128
ICACHE: size: 64 KB assoc: 2
ICACHE: hits:220861928 misses:16760  Hit Ratio: 99.99%
DCACHE: size: 1*16 KB assoc: 1*4
DCACHE: hits:32403976 misses:3414985 writebacks:323  Hit Ratio: 90.47%
SCACHE: size: 512 KB assoc: 2
SCACHE: hits:3155684 misses:276061  Hit Ratio: 91.96%
3CACHE: size: 4096 KB assoc: 2
3CACHE: hits:267784 misses:8277  Hit Ratio: 97.00%
3CACHE: dirty items replaced:205
ITLB: size: 48, misses 1, miss rate 0.00%
DTLB: size: 128, misses 7426, miss rate 0.02%
Avg mem delay: 2.035 cycles
----------------------------------------
==== Global Resource Utilization ====
STASH: size: 65536 entries, full 2523775167, empty 92720273, misses 8762797, full rate 96.13
icache bank util. 0.247 0.145 0.086 0.100 0.133 0.162 0.178 0.275 
dcache bank util. 0.087 0.118 0.126 0.084 0.170 0.124 0.186 0.121 
L2 bank util. 0.027 0.039 0.031 0.024 0.031 0.034 0.030 0.041 
L1-L2 bus util. = 0.145, L3 util. = 0.046
----------------------------------------

======================== 切片硬件状态 ========================
切片号 | 所属安全域 | 当前状态    | 路扩展 | LRU touched
------------------------------------------------------------------
  0    |   域0      | 正常运行   |  是   |  531409725
  1    |   域3      | 正常运行   |  否   |  531409725
  2    |   域0      | 正常运行   |  是   |  531409361
  3    |   域2      | 正常运行   |  否   |  531409723
==================================================================

branch prediction, hits = 128336096, misses = 14434634, hit rate = 89.89%
return_stack prediction, hits = 15111348, misses = 1047, hit rate = 99.99%
jump prediction, hits = 165299480, misses = 12594777, hit rate = 92.92%
total IPC 3.764

=== Results saved to: ./results/gzip-program_2_crafty_1_seqacc_1.txt ===
