测试组合（多线程优先）：gzip-source.arg2 + gcc-expr.arg + gzip-program.arg
执行命令：./smtsim gzip-source.arg2 gcc-expr.arg gzip-program.arg
==================================================

动态重分配参数：每500万周期检查，阈值5
Process 0, Thread 0: gzip-source
Process 0, Thread 1: gzip-source
Process 2, Thread 2: gcc-expr
Process 3, Thread 3: gzip-program
[切片调度] 新安全域0无任何切片，尝试分配空闲切片
[切片管理] 成功绑定切片0 → 安全域0

======================== 切片硬件状态 ========================
切片号 | 所属安全域 | 当前状态    | 路扩展 | LRU touched
------------------------------------------------------------------
  0    |   域0      | 正常运行   |  否   |  0
  1    |   域-1     | 切片空闲   |  否   |  0
  2    |   域-1     | 切片空闲   |  否   |  0
  3    |   域-1     | 切片空闲   |  否   |  0
==================================================================

[切片管理] 成功绑定切片1 → 安全域0，触发【路扩展模式】

======================== 切片硬件状态 ========================
切片号 | 所属安全域 | 当前状态    | 路扩展 | LRU touched
------------------------------------------------------------------
  0    |   域0      | 正常运行   |  是   |  0
  1    |   域0      | 正常运行   |  是   |  0
  2    |   域-1     | 切片空闲   |  否   |  0
  3    |   域-1     | 切片空闲   |  否   |  0
==================================================================

[切片调度] 新安全域2无任何切片，尝试分配空闲切片
[切片管理] 成功绑定切片2 → 安全域2

======================== 切片硬件状态 ========================
切片号 | 所属安全域 | 当前状态    | 路扩展 | LRU touched
------------------------------------------------------------------
  0    |   域0      | 正常运行   |  是   |  319
  1    |   域0      | 正常运行   |  是   |  0
  2    |   域2      | 正常运行   |  否   |  0
  3    |   域-1     | 切片空闲   |  否   |  0
==================================================================

[切片管理] 成功绑定切片3 → 安全域2，触发【路扩展模式】

======================== 切片硬件状态 ========================
切片号 | 所属安全域 | 当前状态    | 路扩展 | LRU touched
------------------------------------------------------------------
  0    |   域0      | 正常运行   |  是   |  319
  1    |   域0      | 正常运行   |  是   |  0
  2    |   域2      | 正常运行   |  是   |  0
  3    |   域2      | 正常运行   |  是   |  0
==================================================================

[切片调度] 新安全域3无任何切片，尝试分配空闲切片
[切片调度] 新安全域3未找到空闲切片，尝试剥夺切片
[切片替换] 优先从【路扩展切片】中选择LRU替换目标...
[切片替换] 找到路扩展切片作为受害者：切片1（最后访问：0）
[切片调度] 安全域3触发切片剥夺：从域0剥夺切片1
[切片剥夺] 周期535：切片1（所属域0）进入待剥夺状态，禁止新替换
[切片剥夺] 周期535：切片1在途请求已清空，开始执行脏行写回
[切片剥夺] 周期535：切片1无脏行，直接完成剥夺
[切片管理] 周期535：原域0仅剩1个切片，关闭路扩展模式
[动态重分配] 周期535：切片1写回完成，自动绑定到域3
[切片管理] 成功绑定切片1 → 安全域3

======================== 切片硬件状态 ========================
切片号 | 所属安全域 | 当前状态    | 路扩展 | LRU touched
------------------------------------------------------------------
  0    |   域0      | 正常运行   |  否   |  319
  1    |   域3      | 正常运行   |  否   |  535
  2    |   域2      | 正常运行   |  是   |  435
  3    |   域2      | 正常运行   |  是   |  0
==================================================================

[切片唤醒] 周期535：域3切片就绪，唤醒等待指令

**** Debug Statistics at 1000000 Cycles *****
Threads: 4		Fetch Width: 8
No of useful instructions fetched:	877009 (10.96% proc util.)
No of total instructions fetched:	1122141 (14.03% proc util.)
 includes 18968 misfetch (1.7%), 226164 (20.2%) wrong-path fetches
 and 0 flushed after failed lock(0.0%)
No of useful instructions issued/executed:	876973 (10.96% proc util.)
No of total instructions issued/executed:	989924 (12.37% proc util.)
 includes 112951 wrong-path (11.4%) insts and 0 flushed (0.0%)
	fp 61, 0.01%
	synch 0, 0.00%
	integer 687159, 69.42%
	load/store 302704, 30.58%
Avg size of int IQ (before scheduling): 36.04
Avg size of fp IQ (before scheduling): 0.00
No of cycles taken:		1000000
Parallelism [ 0.427, 0.000, 0.315, 0.135,] = 0.877
 IQ conflicts: 9741 (0.97%), FQ conflicts: 0 (0.00%) 
 I reg conflicts: 813088 (81.31%), FP reg conflicts: 0 (0.00%)
  Activelist confs: 0 (0.00%), ROB confs: 0 (0.00%)
  Int unit conflicts: 98050 (9.80%), FP unit conflicts: 0 (0.00%)
  Load/store unit conflicts: 28037 (2.80%)
  MSHR conflicts: 1604759 (160.48%)
----------------------------------------
==== System-wide Cache Statistics ====
Stall for miss queue full 0 cycles (0.00%)
----------------------------------------
==== Statistics for Master ID: 0 ====
Reads: 248981   Writes: 26413
ICACHE: size: 64 KB assoc: 2
ICACHE: hits:147004 misses:60  Hit Ratio: 99.96%
DCACHE: size: 1*16 KB assoc: 1*4
DCACHE: hits:122861 misses:5469 writebacks:2216  Hit Ratio: 95.74%
SCACHE: size: 512 KB assoc: 2
SCACHE: hits:3762 misses:1767  Hit Ratio: 68.04%
3CACHE: size: 4096 KB assoc: 2
3CACHE: hits:164 misses:1603  Hit Ratio: 9.28%
3CACHE: dirty items replaced:0
ITLB: size: 48, misses 3, miss rate 0.00%
DTLB: size: 128, misses 761, miss rate 0.59%
Avg mem delay: 39.607 cycles
----------------------------------------
==== Statistics for Master ID: 2 ====
Reads: 176543   Writes: 46706
ICACHE: size: 64 KB assoc: 2
ICACHE: hits:112466 misses:1373  Hit Ratio: 98.79%
DCACHE: size: 2*16 KB assoc: 2*4
DCACHE: hits:107214 misses:2196 writebacks:1245  Hit Ratio: 97.99%
SCACHE: size: 512 KB assoc: 2
SCACHE: hits:265 misses:3304  Hit Ratio: 7.43%
3CACHE: size: 4096 KB assoc: 2
3CACHE: hits:21 misses:3283  Hit Ratio: 0.64%
3CACHE: dirty items replaced:0
ITLB: size: 48, misses 83, miss rate 0.07%
DTLB: size: 128, misses 414, miss rate 0.38%
Avg mem delay: 39.607 cycles
----------------------------------------
==== Statistics for Master ID: 3 ====
Reads: 109824   Writes: 21979
ICACHE: size: 64 KB assoc: 2
ICACHE: hits:66728 misses:223  Hit Ratio: 99.67%
DCACHE: size: 1*16 KB assoc: 1*4
DCACHE: hits:43619 misses:21232 writebacks:21072  Hit Ratio: 67.26%
SCACHE: size: 512 KB assoc: 2
SCACHE: hits:22 misses:21433  Hit Ratio: 0.10%
3CACHE: size: 4096 KB assoc: 2
3CACHE: hits:0 misses:21433  Hit Ratio: 0.00%
3CACHE: dirty items replaced:0
ITLB: size: 48, misses 18, miss rate 0.03%
DTLB: size: 128, misses 5290, miss rate 8.16%
Avg mem delay: 39.607 cycles
----------------------------------------
==== Global Resource Utilization ====
STASH: size: 65536 entries, full 101232521, empty 26984, misses 2311, full rate 99.97
icache bank util. 0.043 0.030 0.029 0.032 0.037 0.046 0.049 0.067 
dcache bank util. 0.032 0.050 0.049 0.031 0.021 0.022 0.220 0.037 
L2 bank util. 0.010 0.011 0.010 0.010 0.009 0.010 0.263 0.010 
L1-L2 bus util. = 0.165, L3 util. = 0.263
----------------------------------------

======================== 切片硬件状态 ========================
切片号 | 所属安全域 | 当前状态    | 路扩展 | LRU touched
------------------------------------------------------------------
  0    |   域0      | 正常运行   |  否   |  999901
  1    |   域3      | 正常运行   |  否   |  999771
  2    |   域2      | 正常运行   |  是   |  999901
  3    |   域2      | 正常运行   |  是   |  999776
==================================================================

branch prediction, hits = 68115, misses = 10670, hit rate = 86.46%
return_stack prediction, hits = 6426, misses = 14, hit rate = 99.78%
jump prediction, hits = 75923, misses = 4815, hit rate = 94.04%
 init_expr_once init_expr save_expr_status restore_expr_status enqueue_insn protect_from_queue queued_subexp_p emit_queue init_queue convert_move
======================== 切片硬件状态 ========================
切片号 | 所属安全域 | 当前状态    | 路扩展 | LRU touched
------------------------------------------------------------------
  0    |   域0      | 正常运行   |  否   |  34999995
  1    |   域3      | 正常运行   |  否   |  34999960
  2    |   域2      | 正常运行   |  是   |  34999993
  3    |   域2      | 正常运行   |  是   |  34999999
==================================================================

[动态重分配] 周期35000000：预约迁移 冗余域2(0%) -> 切片2 -> 饥饿域3(12%)
[切片剥夺] 周期35000000：切片2（所属域2）进入待剥夺状态，禁止新替换
[切片剥夺] 周期35000000：切片2在途请求已清空，开始执行脏行写回
[切片管理] 周期35003179：原域2仅剩1个切片，关闭路扩展模式
[动态重分配] 周期35003179：切片2写回完成，自动绑定到域3
[切片管理] 成功绑定切片2 → 安全域3，触发【路扩展模式】

======================== 切片硬件状态 ========================
切片号 | 所属安全域 | 当前状态    | 路扩展 | LRU touched
------------------------------------------------------------------
  0    |   域0      | 正常运行   |  否   |  35003179
  1    |   域3      | 正常运行   |  是   |  35003176
  2    |   域3      | 正常运行   |  是   |  35003179
  3    |   域2      | 正常运行   |  否   |  35003175
==================================================================


**** Debug Statistics at 101000000 Cycles *****
Threads: 4		Fetch Width: 8
No of useful instructions fetched:	179190750 (22.18% proc util.)
No of total instructions fetched:	219552378 (27.17% proc util.)
 includes 7498352 misfetch (3.4%), 32863276 (15.0%) wrong-path fetches
 and 0 flushed after failed lock(0.0%)
No of useful instructions issued/executed:	179190718 (22.18% proc util.)
No of total instructions issued/executed:	193809120 (23.99% proc util.)
 includes 14618402 wrong-path (7.5%) insts and 0 flushed (0.0%)
	fp 2318, 0.00%
	synch 0, 0.00%
	integer 133959522, 69.12%
	load/store 59847280, 30.88%
Avg size of int IQ (before scheduling): 21.99
Avg size of fp IQ (before scheduling): 0.00
No of cycles taken:		101000000
Parallelism [ 0.870, 0.000, 0.577, 0.327,] = 1.774
 IQ conflicts: 255101 (0.25%), FQ conflicts: 0 (0.00%) 
 I reg conflicts: 67771954 (67.10%), FP reg conflicts: 0 (0.00%)
  Activelist confs: 0 (0.00%), ROB confs: 50 (0.00%)
  Int unit conflicts: 21825534 (21.61%), FP unit conflicts: 5 (0.00%)
  Load/store unit conflicts: 4082204 (4.04%)
  MSHR conflicts: 39868355 (39.47%)
----------------------------------------
==== System-wide Cache Statistics ====
Stall for miss queue full 135 cycles (0.00%)
----------------------------------------
==== Statistics for Master ID: 0 ====
Reads: 44849068   Writes: 6734291
ICACHE: size: 64 KB assoc: 2
ICACHE: hits:27002558 misses:4747  Hit Ratio: 99.98%
DCACHE: size: 1*16 KB assoc: 1*4
DCACHE: hits:23836700 misses:739354 writebacks:305081  Hit Ratio: 96.99%
SCACHE: size: 512 KB assoc: 2
SCACHE: hits:517094 misses:227007  Hit Ratio: 69.49%
3CACHE: size: 4096 KB assoc: 2
3CACHE: hits:161417 misses:65590  Hit Ratio: 71.11%
3CACHE: dirty items replaced:11536
ITLB: size: 48, misses 239, miss rate 0.00%
DTLB: size: 128, misses 10202, miss rate 0.04%
Avg mem delay: 5.769 cycles
----------------------------------------
==== Statistics for Master ID: 2 ====
Reads: 41965656   Writes: 7405557
ICACHE: size: 64 KB assoc: 2
ICACHE: hits:23602427 misses:442342  Hit Ratio: 98.16%
DCACHE: size: 1*16 KB assoc: 1*4
DCACHE: hits:24902374 misses:424208 writebacks:127011  Hit Ratio: 98.33%
SCACHE: size: 512 KB assoc: 2
SCACHE: hits:498726 misses:367686  Hit Ratio: 57.56%
3CACHE: size: 4096 KB assoc: 2
3CACHE: hits:238629 misses:129057  Hit Ratio: 64.90%
3CACHE: dirty items replaced:10732
ITLB: size: 48, misses 30274, miss rate 0.13%
DTLB: size: 128, misses 32601, miss rate 0.13%
Avg mem delay: 5.769 cycles
----------------------------------------
==== Statistics for Master ID: 3 ====
Reads: 18125002   Writes: 4854368
ICACHE: size: 64 KB assoc: 2
ICACHE: hits:13084741 misses:819  Hit Ratio: 99.99%
DCACHE: size: 2*16 KB assoc: 2*4
DCACHE: hits:8542080 misses:1351729 writebacks:767782  Hit Ratio: 86.34%
SCACHE: size: 512 KB assoc: 2
SCACHE: hits:124 misses:1352424  Hit Ratio: 0.01%
3CACHE: size: 4096 KB assoc: 2
3CACHE: hits:115 misses:1352308  Hit Ratio: 0.01%
3CACHE: dirty items replaced:65285
ITLB: size: 48, misses 66, miss rate 0.00%
DTLB: size: 128, misses 64408, miss rate 0.65%
Avg mem delay: 5.769 cycles
----------------------------------------
==== Global Resource Utilization ====
STASH: size: 65536 entries, full 335334487, empty 7819949, misses 693359, full rate 97.52
icache bank util. 0.076 0.052 0.045 0.058 0.076 0.153 0.082 0.106 
dcache bank util. 0.072 0.093 0.094 0.079 0.101 0.069 0.109 0.084 
L2 bank util. 0.030 0.030 0.030 0.030 0.029 0.029 0.037 0.045 
L1-L2 bus util. = 0.124, L3 util. = 0.153
----------------------------------------

======================== 切片硬件状态 ========================
切片号 | 所属安全域 | 当前状态    | 路扩展 | LRU touched
------------------------------------------------------------------
  0    |   域0      | 正常运行   |  否   |  100999997
  1    |   域3      | 正常运行   |  是   |  100999882
  2    |   域3      | 正常运行   |  是   |  100999997
  3    |   域2      | 正常运行   |  否   |  100999998
==================================================================

branch prediction, hits = 15790323, misses = 2044169, hit rate = 88.54%
return_stack prediction, hits = 1344863, misses = 1374, hit rate = 99.90%
jump prediction, hits = 16469735, misses = 1969416, hit rate = 89.32%

**** Debug Statistics at 201000000 Cycles *****
Threads: 4		Fetch Width: 8
No of useful instructions fetched:	468010902 (29.11% proc util.)
No of total instructions fetched:	603205234 (37.51% proc util.)
 includes 20096393 misfetch (3.3%), 115097939 (19.1%) wrong-path fetches
 and 0 flushed after failed lock(0.0%)
No of useful instructions issued/executed:	468010863 (29.11% proc util.)
No of total instructions issued/executed:	518169295 (32.22% proc util.)
 includes 50158432 wrong-path (9.7%) insts and 0 flushed (0.0%)
	fp 3460, 0.00%
	synch 0, 0.00%
	integer 360521785, 69.58%
	load/store 157644050, 30.42%
Avg size of int IQ (before scheduling): 23.98
Avg size of fp IQ (before scheduling): 0.00
No of cycles taken:		201000000
Parallelism [ 1.004, 0.000, 0.718, 0.606,] = 2.328
 IQ conflicts: 1452411 (0.72%), FQ conflicts: 0 (0.00%) 
 I reg conflicts: 109167528 (54.31%), FP reg conflicts: 0 (0.00%)
  Activelist confs: 725 (0.00%), ROB confs: 17708 (0.01%)
  Int unit conflicts: 152551488 (75.90%), FP unit conflicts: 6 (0.00%)
  Load/store unit conflicts: 17356662 (8.64%)
  MSHR conflicts: 81247296 (40.42%)
----------------------------------------
==== System-wide Cache Statistics ====
Stall for miss queue full 135 cycles (0.00%)
----------------------------------------
==== Statistics for Master ID: 0 ====
Reads: 105167175   Writes: 14963562
ICACHE: size: 64 KB assoc: 2
ICACHE: hits:64853272 misses:92445  Hit Ratio: 99.86%
DCACHE: size: 1*16 KB assoc: 1*4
DCACHE: hits:53612091 misses:1572929 writebacks:650209  Hit Ratio: 97.15%
SCACHE: size: 512 KB assoc: 2
SCACHE: hits:1216946 misses:448428  Hit Ratio: 73.07%
3CACHE: size: 4096 KB assoc: 2
3CACHE: hits:301382 misses:147046  Hit Ratio: 67.21%
3CACHE: dirty items replaced:33322
ITLB: size: 48, misses 419, miss rate 0.00%
DTLB: size: 128, misses 36029, miss rate 0.07%
Avg mem delay: 3.764 cycles
----------------------------------------
==== Statistics for Master ID: 2 ====
Reads: 111061219   Writes: 19016706
ICACHE: size: 64 KB assoc: 2
ICACHE: hits:63271059 misses:938512  Hit Ratio: 98.54%
DCACHE: size: 1*16 KB assoc: 1*4
DCACHE: hits:64622679 misses:1245813 writebacks:444558  Hit Ratio: 98.11%
SCACHE: size: 512 KB assoc: 2
SCACHE: hits:1552078 misses:632109  Hit Ratio: 71.06%
3CACHE: size: 4096 KB assoc: 2
3CACHE: hits:433968 misses:198141  Hit Ratio: 68.65%
3CACHE: dirty items replaced:28557
ITLB: size: 48, misses 43385, miss rate 0.07%
DTLB: size: 128, misses 83628, miss rate 0.13%
Avg mem delay: 3.764 cycles
----------------------------------------
==== Statistics for Master ID: 3 ====
Reads: 69714306   Writes: 12988087
ICACHE: size: 64 KB assoc: 2
ICACHE: hits:46219169 misses:88010  Hit Ratio: 99.81%
DCACHE: size: 2*16 KB assoc: 2*4
DCACHE: hits:33870928 misses:2524285 writebacks:1290394  Hit Ratio: 93.06%
SCACHE: size: 512 KB assoc: 2
SCACHE: hits:406154 misses:2206141  Hit Ratio: 15.55%
3CACHE: size: 4096 KB assoc: 2
3CACHE: hits:60663 misses:2145478  Hit Ratio: 2.75%
3CACHE: dirty items replaced:143721
ITLB: size: 48, misses 212, miss rate 0.00%
DTLB: size: 128, misses 112826, miss rate 0.31%
Avg mem delay: 3.764 cycles
----------------------------------------
==== Global Resource Utilization ====
STASH: size: 65536 entries, full 753496304, empty 15108772, misses 1350305, full rate 97.86
icache bank util. 0.102 0.078 0.070 0.088 0.115 0.196 0.111 0.129 
dcache bank util. 0.093 0.109 0.117 0.107 0.136 0.091 0.145 0.100 
L2 bank util. 0.031 0.031 0.031 0.032 0.032 0.031 0.035 0.040 
L1-L2 bus util. = 0.132, L3 util. = 0.124
----------------------------------------

======================== 切片硬件状态 ========================
切片号 | 所属安全域 | 当前状态    | 路扩展 | LRU touched
------------------------------------------------------------------
  0    |   域0      | 正常运行   |  否   |  200999999
  1    |   域3      | 正常运行   |  是   |  200999999
  2    |   域3      | 正常运行   |  是   |  200999995
  3    |   域2      | 正常运行   |  否   |  200999998
==================================================================

branch prediction, hits = 38463724, misses = 5914224, hit rate = 86.67%
return_stack prediction, hits = 3485552, misses = 1778, hit rate = 99.95%
jump prediction, hits = 40332764, misses = 5271653, hit rate = 88.44%
 convert_to_mode
**** Debug Statistics at 301000000 Cycles *****
Threads: 4		Fetch Width: 8
No of useful instructions fetched:	880961137 (36.58% proc util.)
No of total instructions fetched:	1164757508 (48.37% proc util.)
 includes 36004482 misfetch (3.1%), 247791889 (21.3%) wrong-path fetches
 and 0 flushed after failed lock(0.0%)
No of useful instructions issued/executed:	880961101 (36.58% proc util.)
No of total instructions issued/executed:	987825275 (41.02% proc util.)
 includes 106864174 wrong-path (10.8%) insts and 0 flushed (0.0%)
	fp 3585, 0.00%
	synch 0, 0.00%
	integer 690625441, 69.91%
	load/store 297196249, 30.09%
Avg size of int IQ (before scheduling): 26.39
Avg size of fp IQ (before scheduling): 0.00
No of cycles taken:		301000000
Parallelism [ 1.173, 0.000, 0.845, 0.909,] = 2.927
 IQ conflicts: 2786332 (0.93%), FQ conflicts: 0 (0.00%) 
 I reg conflicts: 123042634 (40.88%), FP reg conflicts: 0 (0.00%)
  Activelist confs: 797 (0.00%), ROB confs: 52213 (0.02%)
  Int unit conflicts: 415707361 (138.11%), FP unit conflicts: 8 (0.00%)
  Load/store unit conflicts: 40363920 (13.41%)
  MSHR conflicts: 102114141 (33.92%)
----------------------------------------
==== System-wide Cache Statistics ====
Stall for miss queue full 135 cycles (0.00%)
----------------------------------------
==== Statistics for Master ID: 0 ====
Reads: 188499078   Writes: 26421305
ICACHE: size: 64 KB assoc: 2
ICACHE: hits:117622634 misses:264243  Hit Ratio: 99.78%
DCACHE: size: 1*16 KB assoc: 1*4
DCACHE: hits:94502625 misses:2530881 writebacks:1055010  Hit Ratio: 97.39%
SCACHE: size: 512 KB assoc: 2
SCACHE: hits:2151961 misses:643163  Hit Ratio: 76.99%
3CACHE: size: 4096 KB assoc: 2
3CACHE: hits:440262 misses:202901  Hit Ratio: 68.45%
3CACHE: dirty items replaced:47558
ITLB: size: 48, misses 709, miss rate 0.00%
DTLB: size: 128, misses 78009, miss rate 0.08%
Avg mem delay: 2.594 cycles
----------------------------------------
==== Statistics for Master ID: 2 ====
Reads: 206004565   Writes: 34546750
ICACHE: size: 64 KB assoc: 2
ICACHE: hits:118636442 misses:1674749  Hit Ratio: 98.61%
DCACHE: size: 1*16 KB assoc: 1*4
DCACHE: hits:117855036 misses:2385226 writebacks:855743  Hit Ratio: 98.02%
SCACHE: size: 512 KB assoc: 2
SCACHE: hits:3131309 misses:928528  Hit Ratio: 77.13%
3CACHE: size: 4096 KB assoc: 2
3CACHE: hits:673241 misses:255287  Hit Ratio: 72.51%
3CACHE: dirty items replaced:44999
ITLB: size: 48, misses 61587, miss rate 0.05%
DTLB: size: 128, misses 170060, miss rate 0.14%
Avg mem delay: 2.594 cycles
----------------------------------------
==== Statistics for Master ID: 3 ====
Reads: 156511023   Writes: 24178303
ICACHE: size: 64 KB assoc: 2
ICACHE: hits:100903605 misses:263820  Hit Ratio: 99.74%
DCACHE: size: 2*16 KB assoc: 2*4
DCACHE: hits:76259667 misses:3262233 writebacks:1618146  Hit Ratio: 95.90%
SCACHE: size: 512 KB assoc: 2
SCACHE: hits:1134897 misses:2391156  Hit Ratio: 32.19%
3CACHE: size: 4096 KB assoc: 2
3CACHE: hits:196349 misses:2194807  Hit Ratio: 8.21%
3CACHE: dirty items replaced:157038
ITLB: size: 48, misses 455, miss rate 0.00%
DTLB: size: 128, misses 154281, miss rate 0.19%
Avg mem delay: 2.594 cycles
----------------------------------------
==== Global Resource Utilization ====
STASH: size: 65536 entries, full 1370414149, empty 24782260, misses 2217225, full rate 98.07
icache bank util. 0.134 0.105 0.095 0.119 0.156 0.226 0.150 0.165 
dcache bank util. 0.114 0.138 0.147 0.124 0.176 0.107 0.180 0.118 
L2 bank util. 0.031 0.031 0.031 0.033 0.032 0.031 0.034 0.038 
L1-L2 bus util. = 0.139, L3 util. = 0.088
----------------------------------------

======================== 切片硬件状态 ========================
切片号 | 所属安全域 | 当前状态    | 路扩展 | LRU touched
------------------------------------------------------------------
  0    |   域0      | 正常运行   |  否   |  300999999
  1    |   域3      | 正常运行   |  是   |  300999993
  2    |   域3      | 正常运行   |  是   |  300999994
  3    |   域2      | 正常运行   |  否   |  300999992
==================================================================

branch prediction, hits = 67507741, misses = 11358448, hit rate = 85.60%
return_stack prediction, hits = 6795683, misses = 2394, hit rate = 99.96%
jump prediction, hits = 72445029, misses = 9517458, hit rate = 88.39%
 move_by_pieces move_by_pieces_ninsns move_by_pieces_1 emit_block_move
**** Debug Statistics at 401000000 Cycles *****
Threads: 4		Fetch Width: 8
No of useful instructions fetched:	1277469563 (39.82% proc util.)
No of total instructions fetched:	1700532333 (53.01% proc util.)
 includes 50255814 misfetch (3.0%), 372806956 (21.9%) wrong-path fetches
 and 0 flushed after failed lock(0.0%)
No of useful instructions issued/executed:	1277469516 (39.82% proc util.)
No of total instructions issued/executed:	1440209515 (44.89% proc util.)
 includes 162739999 wrong-path (11.3%) insts and 0 flushed (0.0%)
	fp 5634, 0.00%
	synch 0, 0.00%
	integer 1007684423, 69.97%
	load/store 432519458, 30.03%
Avg size of int IQ (before scheduling): 27.68
Avg size of fp IQ (before scheduling): 0.00
No of cycles taken:		401000000
Parallelism [ 1.247, 0.000, 0.890, 1.049,] = 3.186
 IQ conflicts: 4586087 (1.14%), FQ conflicts: 0 (0.00%) 
 I reg conflicts: 139908042 (34.89%), FP reg conflicts: 0 (0.00%)
  Activelist confs: 879 (0.00%), ROB confs: 95123 (0.02%)
  Int unit conflicts: 654402615 (163.19%), FP unit conflicts: 9 (0.00%)
  Load/store unit conflicts: 62577120 (15.61%)
  MSHR conflicts: 120872384 (30.14%)
----------------------------------------
==== System-wide Cache Statistics ====
Stall for miss queue full 135 cycles (0.00%)
----------------------------------------
==== Statistics for Master ID: 0 ====
Reads: 269465590   Writes: 37748279
ICACHE: size: 64 KB assoc: 2
ICACHE: hits:168541530 misses:458357  Hit Ratio: 99.73%
DCACHE: size: 1*16 KB assoc: 1*4
DCACHE: hits:134690526 misses:3523456 writebacks:1455484  Hit Ratio: 97.45%
SCACHE: size: 512 KB assoc: 2
SCACHE: hits:3117527 misses:864286  Hit Ratio: 78.29%
3CACHE: size: 4096 KB assoc: 2
3CACHE: hits:600060 misses:264226  Hit Ratio: 69.43%
3CACHE: dirty items replaced:64426
ITLB: size: 48, misses 1003, miss rate 0.00%
DTLB: size: 128, misses 124560, miss rate 0.09%
Avg mem delay: 2.252 cycles
----------------------------------------
==== Statistics for Master ID: 2 ====
Reads: 294651241   Writes: 49946768
ICACHE: size: 64 KB assoc: 2
ICACHE: hits:170741325 misses:2380829  Hit Ratio: 98.62%
DCACHE: size: 1*16 KB assoc: 1*4
DCACHE: hits:167748483 misses:3727510 writebacks:1342780  Hit Ratio: 97.83%
SCACHE: size: 512 KB assoc: 2
SCACHE: hits:4734230 misses:1373970  Hit Ratio: 77.51%
3CACHE: size: 4096 KB assoc: 2
3CACHE: hits:1054092 misses:319878  Hit Ratio: 76.72%
3CACHE: dirty items replaced:67159
ITLB: size: 48, misses 76754, miss rate 0.04%
DTLB: size: 128, misses 273047, miss rate 0.16%
Avg mem delay: 2.252 cycles
----------------------------------------
==== Statistics for Master ID: 3 ====
Reads: 240499180   Writes: 35649527
ICACHE: size: 64 KB assoc: 2
ICACHE: hits:153446868 misses:457991  Hit Ratio: 99.70%
DCACHE: size: 2*16 KB assoc: 2*4
DCACHE: hits:118161575 misses:4082272 writebacks:1992180  Hit Ratio: 96.66%
SCACHE: size: 512 KB assoc: 2
SCACHE: hits:1927645 misses:2612618  Hit Ratio: 42.46%
3CACHE: size: 4096 KB assoc: 2
3CACHE: hits:361997 misses:2250621  Hit Ratio: 13.86%
3CACHE: dirty items replaced:175248
ITLB: size: 48, misses 723, miss rate 0.00%
DTLB: size: 128, misses 198087, miss rate 0.16%
Avg mem delay: 2.252 cycles
----------------------------------------
==== Global Resource Utilization ====
STASH: size: 65536 entries, full 1958843686, empty 34437532, misses 3082356, full rate 98.12
icache bank util. 0.148 0.116 0.106 0.133 0.176 0.238 0.166 0.180 
dcache bank util. 0.120 0.143 0.160 0.134 0.197 0.112 0.198 0.133 
L2 bank util. 0.032 0.033 0.032 0.034 0.033 0.031 0.034 0.037 
L1-L2 bus util. = 0.145, L3 util. = 0.071
----------------------------------------

======================== 切片硬件状态 ========================
切片号 | 所属安全域 | 当前状态    | 路扩展 | LRU touched
------------------------------------------------------------------
  0    |   域0      | 正常运行   |  否   |  400999997
  1    |   域3      | 正常运行   |  是   |  400999999
  2    |   域3      | 正常运行   |  是   |  400999994
  3    |   域2      | 正常运行   |  否   |  400999976
==================================================================

branch prediction, hits = 95120140, misses = 16321646, hit rate = 85.35%
return_stack prediction, hits = 10034653, misses = 3246, hit rate = 99.97%
jump prediction, hits = 103616371, misses = 13379415, hit rate = 88.56%

**** Debug Statistics at 501000000 Cycles *****
Threads: 4		Fetch Width: 8
No of useful instructions fetched:	1679382075 (41.90% proc util.)
No of total instructions fetched:	2251243656 (56.17% proc util.)
 includes 67924848 misfetch (3.0%), 503936733 (22.4%) wrong-path fetches
 and 0 flushed after failed lock(0.0%)
No of useful instructions issued/executed:	1679382030 (41.90% proc util.)
No of total instructions issued/executed:	1900493120 (47.42% proc util.)
 includes 221111090 wrong-path (11.6%) insts and 0 flushed (0.0%)
	fp 5873, 0.00%
	synch 0, 0.00%
	integer 1329682054, 69.97%
	load/store 570805193, 30.03%
Avg size of int IQ (before scheduling): 28.34
Avg size of fp IQ (before scheduling): 0.00
No of cycles taken:		501000000
Parallelism [ 1.293, 0.000, 0.927, 1.133,] = 3.352
 IQ conflicts: 6175557 (1.23%), FQ conflicts: 0 (0.00%) 
 I reg conflicts: 154819061 (30.90%), FP reg conflicts: 0 (0.00%)
  Activelist confs: 1068 (0.00%), ROB confs: 179992 (0.04%)
  Int unit conflicts: 884924852 (176.63%), FP unit conflicts: 20 (0.00%)
  Load/store unit conflicts: 86041668 (17.17%)
  MSHR conflicts: 153698013 (30.68%)
----------------------------------------
==== System-wide Cache Statistics ====
Stall for miss queue full 135 cycles (0.00%)
----------------------------------------
==== Statistics for Master ID: 0 ====
Reads: 350277191   Writes: 48558427
ICACHE: size: 64 KB assoc: 2
ICACHE: hits:219592248 misses:659663  Hit Ratio: 99.70%
DCACHE: size: 1*16 KB assoc: 1*4
DCACHE: hits:174003870 misses:4579837 writebacks:1885009  Hit Ratio: 97.44%
SCACHE: size: 512 KB assoc: 2
SCACHE: hits:4151201 misses:1088299  Hit Ratio: 79.23%
3CACHE: size: 4096 KB assoc: 2
3CACHE: hits:779811 misses:308488  Hit Ratio: 71.65%
3CACHE: dirty items replaced:80689
ITLB: size: 48, misses 1222, miss rate 0.00%
DTLB: size: 128, misses 180995, miss rate 0.10%
Avg mem delay: 2.080 cycles
----------------------------------------
==== Statistics for Master ID: 2 ====
Reads: 389006963   Writes: 67301066
ICACHE: size: 64 KB assoc: 2
ICACHE: hits:226605067 misses:3083518  Hit Ratio: 98.66%
DCACHE: size: 1*16 KB assoc: 1*4
DCACHE: hits:221100804 misses:5518778 writebacks:2108456  Hit Ratio: 97.56%
SCACHE: size: 512 KB assoc: 2
SCACHE: hits:6786128 misses:1816030  Hit Ratio: 78.89%
3CACHE: size: 4096 KB assoc: 2
3CACHE: hits:1452274 misses:363756  Hit Ratio: 79.97%
3CACHE: dirty items replaced:84751
ITLB: size: 48, misses 77962, miss rate 0.03%
DTLB: size: 128, misses 386886, miss rate 0.17%
Avg mem delay: 2.080 cycles
----------------------------------------
==== Statistics for Master ID: 3 ====
Reads: 325200066   Writes: 46793011
ICACHE: size: 64 KB assoc: 2
ICACHE: hits:206567906 misses:664261  Hit Ratio: 99.68%
DCACHE: size: 2*16 KB assoc: 2*4
DCACHE: hits:159809469 misses:4951440 writebacks:2371322  Hit Ratio: 96.99%
SCACHE: size: 512 KB assoc: 2
SCACHE: hits:2781889 misses:2833812  Hit Ratio: 49.54%
3CACHE: size: 4096 KB assoc: 2
3CACHE: hits:545741 misses:2288069  Hit Ratio: 19.26%
3CACHE: dirty items replaced:190645
ITLB: size: 48, misses 946, miss rate 0.00%
DTLB: size: 128, misses 252605, miss rate 0.15%
Avg mem delay: 2.080 cycles
----------------------------------------
==== Global Resource Utilization ====
STASH: size: 65536 entries, full 2563821138, empty 43399527, misses 3897721, full rate 98.19
icache bank util. 0.156 0.122 0.112 0.141 0.193 0.250 0.176 0.188 
dcache bank util. 0.127 0.148 0.168 0.141 0.207 0.117 0.213 0.146 
L2 bank util. 0.033 0.034 0.033 0.035 0.035 0.033 0.035 0.038 
L1-L2 bus util. = 0.155, L3 util. = 0.059
----------------------------------------

======================== 切片硬件状态 ========================
切片号 | 所属安全域 | 当前状态    | 路扩展 | LRU touched
------------------------------------------------------------------
  0    |   域0      | 正常运行   |  否   |  500999999
  1    |   域3      | 正常运行   |  是   |  500999996
  2    |   域3      | 正常运行   |  是   |  500999995
  3    |   域2      | 正常运行   |  否   |  500999999
==================================================================

branch prediction, hits = 123830353, misses = 21659733, hit rate = 85.11%
return_stack prediction, hits = 13211410, misses = 3444, hit rate = 99.97%
jump prediction, hits = 134929490, misses = 17968177, hit rate = 88.25%

**** Early Exiting at 576869633 Cycles *****
========================================
 SMTSIM Global Statistics
========================================
Threads: 4		Fetch Width: 8
No of useful instructions fetched:	2000000056 (43.34% proc util.)
No of total instructions fetched:	2669211875 (57.84% proc util.)
 includes 74992412 misfetch (2.8%), 594219407 (22.3%) wrong-path fetches
 and 0 flushed after failed lock(0.0%)
No of useful instructions issued/executed:	2000000027 (43.34% proc util.)
No of total instructions issued/executed:	2259108828 (48.95% proc util.)
 includes 259108801 wrong-path (11.5%) insts and 0 flushed (0.0%)
	fp 5889, 0.00%
	synch 0, 0.00%
	integer 1584022573, 70.12%
	load/store 675080366, 29.88%
Avg size of int IQ (before scheduling): 28.97
Avg size of fp IQ (before scheduling): 0.00
No of cycles taken:		576869633
Parallelism [ 1.321, 0.000, 0.967, 1.179,] = 3.467
 IQ conflicts: 7549509 (1.31%), FQ conflicts: 0 (0.00%) 
 I reg conflicts: 166385655 (28.84%), FP reg conflicts: 0 (0.00%)
  Activelist confs: 1156 (0.00%), ROB confs: 290518 (0.05%)
  Int unit conflicts: 1141539085 (197.89%), FP unit conflicts: 20 (0.00%)
  Load/store unit conflicts: 107099179 (18.57%)
  MSHR conflicts: 179230519 (31.07%)
----------------------------------------
==== System-wide Cache Statistics ====
Stall for miss queue full 135 cycles (0.00%)
----------------------------------------
==== Statistics for Master ID: 0 ====
Reads: 413160840   Writes: 57250555
ICACHE: size: 64 KB assoc: 2
ICACHE: hits:259452632 misses:747837  Hit Ratio: 99.71%
DCACHE: size: 1*16 KB assoc: 1*4
DCACHE: hits:204880949 misses:5329977 writebacks:2194524  Hit Ratio: 97.46%
SCACHE: size: 512 KB assoc: 2
SCACHE: hits:4842035 misses:1235779  Hit Ratio: 79.67%
3CACHE: size: 4096 KB assoc: 2
3CACHE: hits:882462 misses:353317  Hit Ratio: 71.41%
3CACHE: dirty items replaced:96818
ITLB: size: 48, misses 1450, miss rate 0.00%
DTLB: size: 128, misses 211774, miss rate 0.10%
Avg mem delay: 1.958 cycles
----------------------------------------
==== Statistics for Master ID: 2 ====
Reads: 457359927   Writes: 78181936
ICACHE: size: 64 KB assoc: 2
ICACHE: hits:265572537 misses:3629876  Hit Ratio: 98.65%
DCACHE: size: 1*16 KB assoc: 1*4
DCACHE: hits:260140390 misses:6199198 writebacks:2497357  Hit Ratio: 97.67%
SCACHE: size: 512 KB assoc: 2
SCACHE: hits:7786720 misses:2042216  Hit Ratio: 79.22%
3CACHE: size: 4096 KB assoc: 2
3CACHE: hits:1640238 misses:401978  Hit Ratio: 80.32%
3CACHE: dirty items replaced:106359
ITLB: size: 48, misses 120582, miss rate 0.04%
DTLB: size: 128, misses 460024, miss rate 0.17%
Avg mem delay: 1.958 cycles
----------------------------------------
==== Statistics for Master ID: 3 ====
Reads: 391323132   Writes: 55404509
ICACHE: size: 64 KB assoc: 2
ICACHE: hits:248342906 misses:754321  Hit Ratio: 99.70%
DCACHE: size: 2*16 KB assoc: 2*4
DCACHE: hits:191991101 misses:5639312 writebacks:2661193  Hit Ratio: 97.15%
SCACHE: size: 512 KB assoc: 2
SCACHE: hits:3413701 misses:2979932  Hit Ratio: 53.39%
3CACHE: size: 4096 KB assoc: 2
3CACHE: hits:654649 misses:2325283  Hit Ratio: 21.97%
3CACHE: dirty items replaced:204533
ITLB: size: 48, misses 1154, miss rate 0.00%
DTLB: size: 128, misses 281611, miss rate 0.14%
Avg mem delay: 1.958 cycles
----------------------------------------
==== Global Resource Utilization ====
STASH: size: 65536 entries, full 3023284755, empty 50336235, misses 4488512, full rate 98.22
icache bank util. 0.160 0.128 0.114 0.144 0.197 0.253 0.181 0.198 
dcache bank util. 0.134 0.150 0.173 0.144 0.212 0.118 0.218 0.147 
L2 bank util. 0.033 0.034 0.033 0.035 0.035 0.033 0.035 0.038 
L1-L2 bus util. = 0.154, L3 util. = 0.053
----------------------------------------

======================== 切片硬件状态 ========================
切片号 | 所属安全域 | 当前状态    | 路扩展 | LRU touched
------------------------------------------------------------------
  0    |   域0      | 正常运行   |  否   |  576869630
  1    |   域3      | 正常运行   |  是   |  576869632
  2    |   域3      | 正常运行   |  是   |  576869600
  3    |   域2      | 正常运行   |  否   |  576869625
==================================================================

branch prediction, hits = 147074272, misses = 25385150, hit rate = 85.28%
return_stack prediction, hits = 15321981, misses = 4190, hit rate = 99.97%
jump prediction, hits = 161443634, misses = 19937034, hit rate = 89.01%
total IPC 3.467

=== Results saved to: ./results/gzip-source_2_gcc-expr_1_gzip-program_1.txt ===
