测试组合（多线程优先）：cacherand.arg2 + crafty.arg + gcc-200.arg
执行命令：./smtsim cacherand.arg2 crafty.arg gcc-200.arg
==================================================

动态重分配参数：每500万周期检查，阈值5
Process 0, Thread 0: cacherand
Process 0, Thread 1: cacherand
Process 2, Thread 2: crafty
Process 3, Thread 3: gcc-200
[切片调度] 新安全域2无任何切片，尝试分配空闲切片
[切片管理] 成功绑定切片0 → 安全域2

======================== 切片硬件状态 ========================
切片号 | 所属安全域 | 当前状态    | 路扩展 | LRU touched
------------------------------------------------------------------
  0    |   域2      | 正常运行   |  否   |  0
  1    |   域-1     | 切片空闲   |  否   |  0
  2    |   域-1     | 切片空闲   |  否   |  0
  3    |   域-1     | 切片空闲   |  否   |  0
==================================================================

[切片管理] 成功绑定切片1 → 安全域2，触发【路扩展模式】

======================== 切片硬件状态 ========================
切片号 | 所属安全域 | 当前状态    | 路扩展 | LRU touched
------------------------------------------------------------------
  0    |   域2      | 正常运行   |  是   |  0
  1    |   域2      | 正常运行   |  是   |  0
  2    |   域-1     | 切片空闲   |  否   |  0
  3    |   域-1     | 切片空闲   |  否   |  0
==================================================================

[切片调度] 新安全域3无任何切片，尝试分配空闲切片
[切片管理] 成功绑定切片2 → 安全域3

======================== 切片硬件状态 ========================
切片号 | 所属安全域 | 当前状态    | 路扩展 | LRU touched
------------------------------------------------------------------
  0    |   域2      | 正常运行   |  是   |  435
  1    |   域2      | 正常运行   |  是   |  0
  2    |   域3      | 正常运行   |  否   |  0
  3    |   域-1     | 切片空闲   |  否   |  0
==================================================================

[切片管理] 成功绑定切片3 → 安全域3，触发【路扩展模式】

======================== 切片硬件状态 ========================
切片号 | 所属安全域 | 当前状态    | 路扩展 | LRU touched
------------------------------------------------------------------
  0    |   域2      | 正常运行   |  是   |  435
  1    |   域2      | 正常运行   |  是   |  0
  2    |   域3      | 正常运行   |  是   |  0
  3    |   域3      | 正常运行   |  是   |  0
==================================================================

[切片调度] 新安全域0无任何切片，尝试分配空闲切片
[切片调度] 新安全域0未找到空闲切片，尝试剥夺切片
[切片替换] 优先从【路扩展切片】中选择LRU替换目标...
[切片替换] 找到路扩展切片作为受害者：切片1（最后访问：0）
[切片调度] 安全域0触发切片剥夺：从域2剥夺切片1
[切片剥夺] 周期541：切片1（所属域2）进入待剥夺状态，禁止新替换
[切片剥夺] 周期541：切片1在途请求已清空，开始执行脏行写回
[切片剥夺] 周期541：切片1无脏行，直接完成剥夺
[切片管理] 周期541：原域2仅剩1个切片，关闭路扩展模式
[动态重分配] 周期541：切片1写回完成，自动绑定到域0
[切片管理] 成功绑定切片1 → 安全域0

======================== 切片硬件状态 ========================
切片号 | 所属安全域 | 当前状态    | 路扩展 | LRU touched
------------------------------------------------------------------
  0    |   域2      | 正常运行   |  否   |  435
  1    |   域0      | 正常运行   |  否   |  541
  2    |   域3      | 正常运行   |  是   |  511
  3    |   域3      | 正常运行   |  是   |  0
==================================================================

[切片唤醒] 周期541：域0切片就绪，唤醒等待指令

**** Debug Statistics at 1000000 Cycles *****
Threads: 4		Fetch Width: 8
No of useful instructions fetched:	3496186 (43.70% proc util.)
No of total instructions fetched:	4078318 (50.98% proc util.)
 includes 33669 misfetch (0.8%), 548463 (13.4%) wrong-path fetches
 and 0 flushed after failed lock(0.0%)
No of useful instructions issued/executed:	3496146 (43.70% proc util.)
No of total instructions issued/executed:	3705162 (46.31% proc util.)
 includes 209016 wrong-path (5.6%) insts and 0 flushed (0.0%)
	fp 96, 0.00%
	synch 0, 0.00%
	integer 3057712, 82.53%
	load/store 647354, 17.47%
Avg size of int IQ (before scheduling): 27.56
Avg size of fp IQ (before scheduling): 0.00
No of cycles taken:		1000000
Parallelism [ 1.177, 0.000, 1.377, 0.943,] = 3.496
 IQ conflicts: 393 (0.04%), FQ conflicts: 0 (0.00%) 
 I reg conflicts: 385957 (38.60%), FP reg conflicts: 0 (0.00%)
  Activelist confs: 0 (0.00%), ROB confs: 645 (0.06%)
  Int unit conflicts: 1578631 (157.86%), FP unit conflicts: 1 (0.00%)
  Load/store unit conflicts: 62467 (6.25%)
  MSHR conflicts: 102512 (10.25%)
----------------------------------------
==== System-wide Cache Statistics ====
Stall for miss queue full 0 cycles (0.00%)
----------------------------------------
==== Statistics for Master ID: 0 ====
Reads: 375750   Writes: 0
ICACHE: size: 64 KB assoc: 2
ICACHE: hits:332160 misses:5  Hit Ratio: 100.00%
DCACHE: size: 1*16 KB assoc: 1*4
DCACHE: hits:14416 misses:29168 writebacks:0  Hit Ratio: 33.08%
SCACHE: size: 512 KB assoc: 2
SCACHE: hits:28353 misses:820  Hit Ratio: 97.19%
3CACHE: size: 4096 KB assoc: 2
3CACHE: hits:45 misses:775  Hit Ratio: 5.49%
3CACHE: dirty items replaced:0
ITLB: size: 48, misses 1, miss rate 0.00%
DTLB: size: 128, misses 13, miss rate 0.03%
Avg mem delay: 2.113 cycles
----------------------------------------
==== Statistics for Master ID: 2 ====
Reads: 661180   Writes: 72049
ICACHE: size: 64 KB assoc: 2
ICACHE: hits:493441 misses:158  Hit Ratio: 99.97%
DCACHE: size: 1*16 KB assoc: 1*4
DCACHE: hits:238315 misses:1315 writebacks:1028  Hit Ratio: 99.45%
SCACHE: size: 512 KB assoc: 2
SCACHE: hits:11 misses:1462  Hit Ratio: 0.75%
3CACHE: size: 4096 KB assoc: 2
3CACHE: hits:0 misses:1462  Hit Ratio: 0.00%
3CACHE: dirty items replaced:0
ITLB: size: 48, misses 16, miss rate 0.00%
DTLB: size: 128, misses 43, miss rate 0.02%
Avg mem delay: 2.113 cycles
----------------------------------------
==== Statistics for Master ID: 3 ====
Reads: 570257   Writes: 148679
ICACHE: size: 64 KB assoc: 2
ICACHE: hits:352819 misses:2230  Hit Ratio: 99.37%
DCACHE: size: 2*16 KB assoc: 2*4
DCACHE: hits:360656 misses:3231 writebacks:2172  Hit Ratio: 99.11%
SCACHE: size: 512 KB assoc: 2
SCACHE: hits:616 misses:4845  Hit Ratio: 11.28%
3CACHE: size: 4096 KB assoc: 2
3CACHE: hits:114 misses:4731  Hit Ratio: 2.35%
3CACHE: dirty items replaced:0
ITLB: size: 48, misses 130, miss rate 0.04%
DTLB: size: 128, misses 178, miss rate 0.05%
Avg mem delay: 2.113 cycles
----------------------------------------
==== Global Resource Utilization ====
STASH: size: 65536 entries, full 504327916, empty 48312, misses 4576, full rate 99.99
icache bank util. 0.345 0.258 0.066 0.054 0.081 0.119 0.156 0.108 
dcache bank util. 0.074 0.086 0.053 0.060 0.072 0.076 0.222 0.116 
L2 bank util. 0.028 0.028 0.027 0.027 0.028 0.027 0.027 0.027 
L1-L2 bus util. = 0.118, L3 util. = 0.070
----------------------------------------

======================== 切片硬件状态 ========================
切片号 | 所属安全域 | 当前状态    | 路扩展 | LRU touched
------------------------------------------------------------------
  0    |   域2      | 正常运行   |  否   |  999881
  1    |   域0      | 正常运行   |  否   |  999991
  2    |   域3      | 正常运行   |  是   |  999949
  3    |   域3      | 正常运行   |  是   |  999948
==================================================================

branch prediction, hits = 333498, misses = 26503, hit rate = 92.64%
return_stack prediction, hits = 17459, misses = 23, hit rate = 99.87%
jump prediction, hits = 370329, misses = 8200, hit rate = 97.83%
 abend_ adia_ adib_ ambm6_ analie6_ betalf_
======================== 切片硬件状态 ========================
切片号 | 所属安全域 | 当前状态    | 路扩展 | LRU touched
------------------------------------------------------------------
  0    |   域2      | 正常运行   |  否   |  30000000
  1    |   域0      | 正常运行   |  否   |  29999985
  2    |   域3      | 正常运行   |  是   |  29999974
  3    |   域3      | 正常运行   |  是   |  29999993
==================================================================

[动态重分配] 周期30000000：预约迁移 冗余域3(0%) -> 切片2 -> 饥饿域0(66%)
[切片剥夺] 周期30000000：切片2（所属域3）进入待剥夺状态，禁止新替换
[切片剥夺] 周期30000000：切片2在途请求已清空，开始执行脏行写回
[切片管理] 周期30000260：原域3仅剩1个切片，关闭路扩展模式
[动态重分配] 周期30000260：切片2写回完成，自动绑定到域0
[切片管理] 成功绑定切片2 → 安全域0，触发【路扩展模式】

======================== 切片硬件状态 ========================
切片号 | 所属安全域 | 当前状态    | 路扩展 | LRU touched
------------------------------------------------------------------
  0    |   域2      | 正常运行   |  否   |  30000255
  1    |   域0      | 正常运行   |  是   |  30000033
  2    |   域0      | 正常运行   |  是   |  30000260
  3    |   域3      | 正常运行   |  否   |  30000007
==================================================================


**** Debug Statistics at 101000000 Cycles *****
Threads: 4		Fetch Width: 8
No of useful instructions fetched:	333957440 (41.33% proc util.)
No of total instructions fetched:	438677109 (54.29% proc util.)
 includes 23547103 misfetch (5.4%), 81172566 (18.5%) wrong-path fetches
 and 0 flushed after failed lock(0.0%)
No of useful instructions issued/executed:	333957407 (41.33% proc util.)
No of total instructions issued/executed:	373664913 (46.25% proc util.)
 includes 39707506 wrong-path (10.6%) insts and 0 flushed (0.0%)
	fp 13303, 0.00%
	synch 0, 0.00%
	integer 287159419, 76.85%
	load/store 86492191, 23.15%
Avg size of int IQ (before scheduling): 29.59
Avg size of fp IQ (before scheduling): 0.00
No of cycles taken:		101000000
Parallelism [ 1.374, 0.000, 1.119, 0.814,] = 3.307
 IQ conflicts: 476285 (0.47%), FQ conflicts: 0 (0.00%) 
 I reg conflicts: 34699940 (34.36%), FP reg conflicts: 0 (0.00%)
  Activelist confs: 471 (0.00%), ROB confs: 98286 (0.10%)
  Int unit conflicts: 109965115 (108.88%), FP unit conflicts: 7 (0.00%)
  Load/store unit conflicts: 10534712 (10.43%)
  MSHR conflicts: 3342266 (3.31%)
----------------------------------------
==== System-wide Cache Statistics ====
Stall for miss queue full 0 cycles (0.00%)
----------------------------------------
==== Statistics for Master ID: 0 ====
Reads: 45039866   Writes: 2
ICACHE: size: 64 KB assoc: 2
ICACHE: hits:39899108 misses:1917  Hit Ratio: 100.00%
DCACHE: size: 2*16 KB assoc: 2*4
DCACHE: hits:2910373 misses:2228469 writebacks:2  Hit Ratio: 56.63%
SCACHE: size: 512 KB assoc: 2
SCACHE: hits:2064227 misses:166159  Hit Ratio: 92.55%
3CACHE: size: 4096 KB assoc: 2
3CACHE: hits:149440 misses:16719  Hit Ratio: 89.94%
3CACHE: dirty items replaced:73
ITLB: size: 48, misses 1, miss rate 0.00%
DTLB: size: 128, misses 2621, miss rate 0.05%
Avg mem delay: 2.125 cycles
----------------------------------------
==== Statistics for Master ID: 2 ====
Reads: 76951222   Writes: 9150406
ICACHE: size: 64 KB assoc: 2
ICACHE: hits:42476114 misses:1143788  Hit Ratio: 97.38%
DCACHE: size: 1*16 KB assoc: 1*4
DCACHE: hits:40879680 misses:1602046 writebacks:214299  Hit Ratio: 96.23%
SCACHE: size: 512 KB assoc: 2
SCACHE: hits:2294761 misses:451072  Hit Ratio: 83.57%
3CACHE: size: 4096 KB assoc: 2
3CACHE: hits:368683 misses:82389  Hit Ratio: 81.73%
3CACHE: dirty items replaced:3816
ITLB: size: 48, misses 18857, miss rate 0.04%
DTLB: size: 128, misses 219256, miss rate 0.52%
Avg mem delay: 2.125 cycles
----------------------------------------
==== Statistics for Master ID: 3 ====
Reads: 66234754   Writes: 11097697
ICACHE: size: 64 KB assoc: 2
ICACHE: hits:37251167 misses:1311222  Hit Ratio: 96.60%
DCACHE: size: 1*16 KB assoc: 1*4
DCACHE: hits:37863339 misses:906804 writebacks:217075  Hit Ratio: 97.66%
SCACHE: size: 512 KB assoc: 2
SCACHE: hits:1785038 misses:432907  Hit Ratio: 80.48%
3CACHE: size: 4096 KB assoc: 2
3CACHE: hits:355493 misses:77414  Hit Ratio: 82.12%
3CACHE: dirty items replaced:4101
ITLB: size: 48, misses 98800, miss rate 0.26%
DTLB: size: 128, misses 136577, miss rate 0.35%
Avg mem delay: 2.125 cycles
----------------------------------------
==== Global Resource Utilization ====
STASH: size: 65536 entries, full 953982419, empty 25597752, misses 2279578, full rate 97.16
icache bank util. 0.334 0.288 0.109 0.111 0.118 0.103 0.107 0.111 
dcache bank util. 0.113 0.131 0.125 0.095 0.146 0.138 0.131 0.130 
L2 bank util. 0.049 0.061 0.052 0.045 0.051 0.051 0.047 0.055 
L1-L2 bus util. = 0.227, L3 util. = 0.017
----------------------------------------

======================== 切片硬件状态 ========================
切片号 | 所属安全域 | 当前状态    | 路扩展 | LRU touched
------------------------------------------------------------------
  0    |   域2      | 正常运行   |  否   |  100999998
  1    |   域0      | 正常运行   |  是   |  100999966
  2    |   域0      | 正常运行   |  是   |  100999990
  3    |   域3      | 正常运行   |  否   |  100999882
==================================================================

branch prediction, hits = 22526371, misses = 3399279, hit rate = 86.89%
return_stack prediction, hits = 3048172, misses = 2997, hit rate = 99.90%
jump prediction, hits = 21194156, misses = 5761466, hit rate = 78.63%
 block_
**** Debug Statistics at 201000000 Cycles *****
Threads: 4		Fetch Width: 8
No of useful instructions fetched:	669198227 (41.62% proc util.)
No of total instructions fetched:	885724011 (55.08% proc util.)
 includes 48454719 misfetch (5.5%), 168071065 (19.0%) wrong-path fetches
 and 0 flushed after failed lock(0.0%)
No of useful instructions issued/executed:	669198174 (41.62% proc util.)
No of total instructions issued/executed:	751545282 (46.74% proc util.)
 includes 82347108 wrong-path (11.0%) insts and 0 flushed (0.0%)
	fp 40453, 0.01%
	synch 0, 0.00%
	integer 573490904, 76.31%
	load/store 178013925, 23.69%
Avg size of int IQ (before scheduling): 29.56
Avg size of fp IQ (before scheduling): 0.01
No of cycles taken:		201000000
Parallelism [ 1.365, 0.000, 1.095, 0.870,] = 3.329
 IQ conflicts: 904259 (0.45%), FQ conflicts: 0 (0.00%) 
 I reg conflicts: 67355182 (33.51%), FP reg conflicts: 0 (0.00%)
  Activelist confs: 949 (0.00%), ROB confs: 140072 (0.07%)
  Int unit conflicts: 230685345 (114.77%), FP unit conflicts: 13 (0.00%)
  Load/store unit conflicts: 22908405 (11.40%)
  MSHR conflicts: 9269234 (4.61%)
----------------------------------------
==== System-wide Cache Statistics ====
Stall for miss queue full 0 cycles (0.00%)
----------------------------------------
==== Statistics for Master ID: 0 ====
Reads: 89410934   Writes: 2
ICACHE: size: 64 KB assoc: 2
ICACHE: hits:79248085 misses:4410  Hit Ratio: 99.99%
DCACHE: size: 2*16 KB assoc: 2*4
DCACHE: hits:6254118 misses:3904322 writebacks:2  Hit Ratio: 61.57%
SCACHE: size: 512 KB assoc: 2
SCACHE: hits:3574371 misses:334361  Hit Ratio: 91.45%
3CACHE: size: 4096 KB assoc: 2
3CACHE: hits:300100 misses:34261  Hit Ratio: 89.75%
3CACHE: dirty items replaced:624
ITLB: size: 48, misses 1, miss rate 0.00%
DTLB: size: 128, misses 5767, miss rate 0.06%
Avg mem delay: 2.113 cycles
----------------------------------------
==== Statistics for Master ID: 2 ====
Reads: 153432397   Writes: 18185870
ICACHE: size: 64 KB assoc: 2
ICACHE: hits:84115874 misses:2402355  Hit Ratio: 97.22%
DCACHE: size: 1*16 KB assoc: 1*4
DCACHE: hits:81803227 misses:3296811 writebacks:394965  Hit Ratio: 96.13%
SCACHE: size: 512 KB assoc: 2
SCACHE: hits:4835782 misses:863384  Hit Ratio: 84.85%
3CACHE: size: 4096 KB assoc: 2
3CACHE: hits:723375 misses:140009  Hit Ratio: 83.78%
3CACHE: dirty items replaced:11740
ITLB: size: 48, misses 36741, miss rate 0.04%
DTLB: size: 128, misses 471895, miss rate 0.55%
Avg mem delay: 2.113 cycles
----------------------------------------
==== Statistics for Master ID: 3 ====
Reads: 140239157   Writes: 23751264
ICACHE: size: 64 KB assoc: 2
ICACHE: hits:78947791 misses:2502985  Hit Ratio: 96.93%
DCACHE: size: 1*16 KB assoc: 1*4
DCACHE: hits:80638746 misses:1900980 writebacks:504433  Hit Ratio: 97.70%
SCACHE: size: 512 KB assoc: 2
SCACHE: hits:3592663 misses:811220  Hit Ratio: 81.58%
3CACHE: size: 4096 KB assoc: 2
3CACHE: hits:684204 misses:127016  Hit Ratio: 84.34%
3CACHE: dirty items replaced:13528
ITLB: size: 48, misses 174012, miss rate 0.21%
DTLB: size: 128, misses 292061, miss rate 0.35%
Avg mem delay: 2.113 cycles
----------------------------------------
==== Global Resource Utilization ====
STASH: size: 65536 entries, full 1418768339, empty 49783201, misses 4450364, full rate 96.32
icache bank util. 0.334 0.290 0.113 0.116 0.123 0.106 0.108 0.114 
dcache bank util. 0.114 0.130 0.128 0.099 0.149 0.150 0.133 0.132 
L2 bank util. 0.047 0.060 0.051 0.045 0.050 0.050 0.045 0.053 
L1-L2 bus util. = 0.223, L3 util. = 0.015
----------------------------------------

======================== 切片硬件状态 ========================
切片号 | 所属安全域 | 当前状态    | 路扩展 | LRU touched
------------------------------------------------------------------
  0    |   域2      | 正常运行   |  否   |  200999997
  1    |   域0      | 正常运行   |  是   |  200999971
  2    |   域0      | 正常运行   |  是   |  200999811
  3    |   域3      | 正常运行   |  否   |  200999999
==================================================================

branch prediction, hits = 45494837, misses = 7021890, hit rate = 86.63%
return_stack prediction, hits = 6089936, misses = 5154, hit rate = 99.92%
jump prediction, hits = 42263279, misses = 11863281, hit rate = 78.08%
 blockdis_
**** Debug Statistics at 301000000 Cycles *****
Threads: 4		Fetch Width: 8
No of useful instructions fetched:	995964556 (41.36% proc util.)
No of total instructions fetched:	1309134009 (54.37% proc util.)
 includes 70403122 misfetch (5.4%), 242766331 (18.5%) wrong-path fetches
 and 0 flushed after failed lock(0.0%)
No of useful instructions issued/executed:	995964523 (41.36% proc util.)
No of total instructions issued/executed:	1116340374 (46.36% proc util.)
 includes 120375851 wrong-path (10.8%) insts and 0 flushed (0.0%)
	fp 49922, 0.00%
	synch 0, 0.00%
	integer 848958596, 76.05%
	load/store 267331856, 23.95%
Avg size of int IQ (before scheduling): 29.76
Avg size of fp IQ (before scheduling): 0.01
No of cycles taken:		301000000
Parallelism [ 1.344, 0.000, 1.085, 0.880,] = 3.309
 IQ conflicts: 1887274 (0.63%), FQ conflicts: 0 (0.00%) 
 I reg conflicts: 102883729 (34.18%), FP reg conflicts: 0 (0.00%)
  Activelist confs: 1180 (0.00%), ROB confs: 227880 (0.08%)
  Int unit conflicts: 346996086 (115.28%), FP unit conflicts: 15 (0.00%)
  Load/store unit conflicts: 35331501 (11.74%)
  MSHR conflicts: 13465152 (4.47%)
----------------------------------------
==== System-wide Cache Statistics ====
Stall for miss queue full 0 cycles (0.00%)
----------------------------------------
==== Statistics for Master ID: 0 ====
Reads: 131426749   Writes: 7
ICACHE: size: 64 KB assoc: 2
ICACHE: hits:116443451 misses:5680  Hit Ratio: 100.00%
DCACHE: size: 2*16 KB assoc: 2*4
DCACHE: hits:9464224 misses:5513400 writebacks:7  Hit Ratio: 63.19%
SCACHE: size: 512 KB assoc: 2
SCACHE: hits:5010526 misses:508554  Hit Ratio: 90.79%
3CACHE: size: 4096 KB assoc: 2
3CACHE: hits:456492 misses:52062  Hit Ratio: 89.76%
3CACHE: dirty items replaced:1657
ITLB: size: 48, misses 1, miss rate 0.00%
DTLB: size: 128, misses 9556, miss rate 0.06%
Avg mem delay: 2.206 cycles
----------------------------------------
==== Statistics for Master ID: 2 ====
Reads: 228383913   Writes: 27358751
ICACHE: size: 64 KB assoc: 2
ICACHE: hits:124638323 misses:3500868  Hit Ratio: 97.27%
DCACHE: size: 1*16 KB assoc: 1*4
DCACHE: hits:122634815 misses:4968658 writebacks:582877  Hit Ratio: 96.11%
SCACHE: size: 512 KB assoc: 2
SCACHE: hits:7206999 misses:1262527  Hit Ratio: 85.09%
3CACHE: size: 4096 KB assoc: 2
3CACHE: hits:1069079 misses:193448  Hit Ratio: 84.68%
3CACHE: dirty items replaced:21211
ITLB: size: 48, misses 49796, miss rate 0.04%
DTLB: size: 128, misses 742669, miss rate 0.58%
Avg mem delay: 2.206 cycles
----------------------------------------
==== Statistics for Master ID: 3 ====
Reads: 210744514   Writes: 36060553
ICACHE: size: 64 KB assoc: 2
ICACHE: hits:118884833 misses:3495890  Hit Ratio: 97.14%
DCACHE: size: 1*16 KB assoc: 1*4
DCACHE: hits:121149982 misses:3274443 writebacks:768121  Hit Ratio: 97.37%
SCACHE: size: 512 KB assoc: 2
SCACHE: hits:5565086 misses:1205165  Hit Ratio: 82.20%
3CACHE: size: 4096 KB assoc: 2
3CACHE: hits:1036143 misses:169022  Hit Ratio: 85.98%
3CACHE: dirty items replaced:25385
ITLB: size: 48, misses 224144, miss rate 0.18%
DTLB: size: 128, misses 541400, miss rate 0.44%
Avg mem delay: 2.206 cycles
----------------------------------------
==== Global Resource Utilization ====
STASH: size: 65536 entries, full 1858133653, empty 73750019, misses 6634619, full rate 95.85
icache bank util. 0.329 0.285 0.111 0.118 0.123 0.104 0.106 0.112 
dcache bank util. 0.113 0.130 0.130 0.100 0.149 0.151 0.134 0.132 
L2 bank util. 0.046 0.059 0.052 0.045 0.049 0.050 0.045 0.053 
L1-L2 bus util. = 0.220, L3 util. = 0.014
----------------------------------------

======================== 切片硬件状态 ========================
切片号 | 所属安全域 | 当前状态    | 路扩展 | LRU touched
------------------------------------------------------------------
  0    |   域2      | 正常运行   |  否   |  300999999
  1    |   域0      | 正常运行   |  是   |  300999980
  2    |   域0      | 正常运行   |  是   |  300999941
  3    |   域3      | 正常运行   |  否   |  300999999
==================================================================

branch prediction, hits = 69226963, misses = 10064967, hit rate = 87.31%
return_stack prediction, hits = 9253214, misses = 7058, hit rate = 99.92%
jump prediction, hits = 64531702, misses = 17233116, hit rate = 78.92%
 caconv_ calrms_ chroma_
**** Debug Statistics at 401000000 Cycles *****
Threads: 4		Fetch Width: 8
No of useful instructions fetched:	1321620272 (41.20% proc util.)
No of total instructions fetched:	1745224251 (54.40% proc util.)
 includes 95069431 misfetch (5.4%), 328534548 (18.8%) wrong-path fetches
 and 0 flushed after failed lock(0.0%)
No of useful instructions issued/executed:	1321620235 (41.20% proc util.)
No of total instructions issued/executed:	1484103751 (46.26% proc util.)
 includes 162483516 wrong-path (10.9%) insts and 0 flushed (0.0%)
	fp 70962, 0.00%
	synch 0, 0.00%
	integer 1128682871, 76.05%
	load/store 355349918, 23.94%
Avg size of int IQ (before scheduling): 29.67
Avg size of fp IQ (before scheduling): 0.01
No of cycles taken:		401000000
Parallelism [ 1.345, 0.000, 1.071, 0.880,] = 3.296
 IQ conflicts: 2392818 (0.60%), FQ conflicts: 0 (0.00%) 
 I reg conflicts: 137077901 (34.18%), FP reg conflicts: 0 (0.00%)
  Activelist confs: 1661 (0.00%), ROB confs: 323621 (0.08%)
  Int unit conflicts: 459258596 (114.53%), FP unit conflicts: 16 (0.00%)
  Load/store unit conflicts: 46703026 (11.65%)
  MSHR conflicts: 18232593 (4.55%)
----------------------------------------
==== System-wide Cache Statistics ====
Stall for miss queue full 0 cycles (0.00%)
----------------------------------------
==== Statistics for Master ID: 0 ====
Reads: 175508253   Writes: 10
ICACHE: size: 64 KB assoc: 2
ICACHE: hits:155525921 misses:8267  Hit Ratio: 99.99%
DCACHE: size: 2*16 KB assoc: 2*4
DCACHE: hits:12793801 misses:7180273 writebacks:10  Hit Ratio: 64.05%
SCACHE: size: 512 KB assoc: 2
SCACHE: hits:6498002 misses:690538  Hit Ratio: 90.39%
3CACHE: size: 4096 KB assoc: 2
3CACHE: hits:614803 misses:75735  Hit Ratio: 89.03%
3CACHE: dirty items replaced:4032
ITLB: size: 48, misses 1, miss rate 0.00%
DTLB: size: 128, misses 12748, miss rate 0.06%
Avg mem delay: 2.186 cycles
----------------------------------------
==== Statistics for Master ID: 2 ====
Reads: 302419954   Writes: 36124308
ICACHE: size: 64 KB assoc: 2
ICACHE: hits:164797060 misses:4762294  Hit Ratio: 97.19%
DCACHE: size: 1*16 KB assoc: 1*4
DCACHE: hits:162368363 misses:6616545 writebacks:751358  Hit Ratio: 96.08%
SCACHE: size: 512 KB assoc: 2
SCACHE: hits:9695578 misses:1683261  Hit Ratio: 85.21%
3CACHE: size: 4096 KB assoc: 2
3CACHE: hits:1423438 misses:259823  Hit Ratio: 84.56%
3CACHE: dirty items replaced:34816
ITLB: size: 48, misses 66738, miss rate 0.04%
DTLB: size: 128, misses 1003527, miss rate 0.59%
Avg mem delay: 2.186 cycles
----------------------------------------
==== Statistics for Master ID: 3 ====
Reads: 281631595   Writes: 47691228
ICACHE: size: 64 KB assoc: 2
ICACHE: hits:158638724 misses:4734716  Hit Ratio: 97.10%
DCACHE: size: 1*16 KB assoc: 1*4
DCACHE: hits:161750321 misses:4199143 writebacks:1037162  Hit Ratio: 97.47%
SCACHE: size: 512 KB assoc: 2
SCACHE: hits:7322987 misses:1610791  Hit Ratio: 81.97%
3CACHE: size: 4096 KB assoc: 2
3CACHE: hits:1381668 misses:229123  Hit Ratio: 85.78%
3CACHE: dirty items replaced:45710
ITLB: size: 48, misses 301377, miss rate 0.18%
DTLB: size: 128, misses 697405, miss rate 0.42%
Avg mem delay: 2.186 cycles
----------------------------------------
==== Global Resource Utilization ====
STASH: size: 65536 entries, full 2309317594, empty 99173430, misses 8882900, full rate 95.53
icache bank util. 0.329 0.286 0.112 0.117 0.122 0.105 0.107 0.112 
dcache bank util. 0.113 0.127 0.129 0.100 0.149 0.151 0.135 0.131 
L2 bank util. 0.046 0.059 0.051 0.044 0.049 0.050 0.045 0.053 
L1-L2 bus util. = 0.219, L3 util. = 0.014
----------------------------------------

======================== 切片硬件状态 ========================
切片号 | 所属安全域 | 当前状态    | 路扩展 | LRU touched
------------------------------------------------------------------
  0    |   域2      | 正常运行   |  否   |  400999991
  1    |   域0      | 正常运行   |  是   |  400999984
  2    |   域0      | 正常运行   |  是   |  400999944
  3    |   域3      | 正常运行   |  否   |  400999996
==================================================================

branch prediction, hits = 90942564, misses = 13674373, hit rate = 86.93%
return_stack prediction, hits = 12050053, misses = 8864, hit rate = 99.93%
jump prediction, hits = 84307665, misses = 23246715, hit rate = 78.39%
 cinvar_ clor6_
**** Debug Statistics at 501000000 Cycles *****
Threads: 4		Fetch Width: 8
No of useful instructions fetched:	1638463685 (40.88% proc util.)
No of total instructions fetched:	2172902355 (54.21% proc util.)
 includes 120979604 misfetch (5.6%), 413459066 (19.0%) wrong-path fetches
 and 0 flushed after failed lock(0.0%)
No of useful instructions issued/executed:	1638463653 (40.88% proc util.)
No of total instructions issued/executed:	1843576496 (46.00% proc util.)
 includes 205112843 wrong-path (11.1%) insts and 0 flushed (0.0%)
	fp 72144, 0.00%
	synch 0, 0.00%
	integer 1402105872, 76.05%
	load/store 441398480, 23.94%
Avg size of int IQ (before scheduling): 29.60
Avg size of fp IQ (before scheduling): 0.00
No of cycles taken:		501000000
Parallelism [ 1.344, 0.000, 1.057, 0.869,] = 3.270
 IQ conflicts: 2943423 (0.59%), FQ conflicts: 0 (0.00%) 
 I reg conflicts: 172322876 (34.40%), FP reg conflicts: 0 (0.00%)
  Activelist confs: 1723 (0.00%), ROB confs: 385644 (0.08%)
  Int unit conflicts: 562787249 (112.33%), FP unit conflicts: 16 (0.00%)
  Load/store unit conflicts: 57741379 (11.53%)
  MSHR conflicts: 22255382 (4.44%)
----------------------------------------
==== System-wide Cache Statistics ====
Stall for miss queue full 0 cycles (0.00%)
----------------------------------------
==== Statistics for Master ID: 0 ====
Reads: 219083944   Writes: 13
ICACHE: size: 64 KB assoc: 2
ICACHE: hits:194138577 misses:9226  Hit Ratio: 100.00%
DCACHE: size: 2*16 KB assoc: 2*4
DCACHE: hits:16100187 misses:8835966 writebacks:13  Hit Ratio: 64.57%
SCACHE: size: 512 KB assoc: 2
SCACHE: hits:7971778 misses:873414  Hit Ratio: 90.13%
3CACHE: size: 4096 KB assoc: 2
3CACHE: hits:772378 misses:101036  Hit Ratio: 88.43%
3CACHE: dirty items replaced:8232
ITLB: size: 48, misses 1, miss rate 0.00%
DTLB: size: 128, misses 16126, miss rate 0.06%
Avg mem delay: 2.203 cycles
----------------------------------------
==== Statistics for Master ID: 2 ====
Reads: 374530167   Writes: 44584556
ICACHE: size: 64 KB assoc: 2
ICACHE: hits:203885541 misses:6061351  Hit Ratio: 97.11%
DCACHE: size: 1*16 KB assoc: 1*4
DCACHE: hits:200893012 misses:8274819 writebacks:924839  Hit Ratio: 96.04%
SCACHE: size: 512 KB assoc: 2
SCACHE: hits:12231841 misses:2104329  Hit Ratio: 85.32%
3CACHE: size: 4096 KB assoc: 2
3CACHE: hits:1778076 misses:326253  Hit Ratio: 84.50%
3CACHE: dirty items replaced:51042
ITLB: size: 48, misses 83529, miss rate 0.04%
DTLB: size: 128, misses 1269974, miss rate 0.61%
Avg mem delay: 2.203 cycles
----------------------------------------
==== Statistics for Master ID: 3 ====
Reads: 350843514   Writes: 59516236
ICACHE: size: 64 KB assoc: 2
ICACHE: hits:197566983 misses:6087594  Hit Ratio: 97.01%
DCACHE: size: 1*16 KB assoc: 1*4
DCACHE: hits:201376110 misses:5329144 writebacks:1363438  Hit Ratio: 97.42%
SCACHE: size: 512 KB assoc: 2
SCACHE: hits:9355563 misses:2061093  Hit Ratio: 81.95%
3CACHE: size: 4096 KB assoc: 2
3CACHE: hits:1765433 misses:295660  Hit Ratio: 85.66%
3CACHE: dirty items replaced:72662
ITLB: size: 48, misses 364181, miss rate 0.18%
DTLB: size: 128, misses 869635, miss rate 0.42%
Avg mem delay: 2.203 cycles
----------------------------------------
==== Global Resource Utilization ====
STASH: size: 65536 entries, full 2751302728, empty 125356285, misses 11201370, full rate 95.27
icache bank util. 0.328 0.285 0.111 0.116 0.123 0.105 0.106 0.111 
dcache bank util. 0.113 0.125 0.127 0.100 0.149 0.149 0.133 0.130 
L2 bank util. 0.046 0.059 0.051 0.045 0.049 0.050 0.045 0.053 
L1-L2 bus util. = 0.221, L3 util. = 0.014
----------------------------------------

======================== 切片硬件状态 ========================
切片号 | 所属安全域 | 当前状态    | 路扩展 | LRU touched
------------------------------------------------------------------
  0    |   域2      | 正常运行   |  否   |  500999998
  1    |   域0      | 正常运行   |  是   |  500999864
  2    |   域0      | 正常运行   |  是   |  500999977
  3    |   域3      | 正常运行   |  否   |  500999999
==================================================================

branch prediction, hits = 112022849, misses = 17228586, hit rate = 86.67%
return_stack prediction, hits = 14872804, misses = 11300, hit rate = 99.92%
jump prediction, hits = 103207984, misses = 29574704, hit rate = 77.73%
 clorb_ clorb2_
**** Debug Statistics at 601000000 Cycles *****
Threads: 4		Fetch Width: 8
No of useful instructions fetched:	1978086410 (41.14% proc util.)
No of total instructions fetched:	2619660217 (54.49% proc util.)
 includes 145329122 misfetch (5.5%), 496244685 (18.9%) wrong-path fetches
 and 0 flushed after failed lock(0.0%)
No of useful instructions issued/executed:	1978086356 (41.14% proc util.)
No of total instructions issued/executed:	2223684982 (46.25% proc util.)
 includes 245598626 wrong-path (11.0%) insts and 0 flushed (0.0%)
	fp 88994, 0.00%
	synch 0, 0.00%
	integer 1691544682, 76.07%
	load/store 532051306, 23.93%
Avg size of int IQ (before scheduling): 29.63
Avg size of fp IQ (before scheduling): 0.00
No of cycles taken:		601000000
Parallelism [ 1.345, 0.000, 1.069, 0.878,] = 3.291
 IQ conflicts: 3443812 (0.57%), FQ conflicts: 0 (0.00%) 
 I reg conflicts: 204917591 (34.10%), FP reg conflicts: 0 (0.00%)
  Activelist confs: 2417 (0.00%), ROB confs: 479786 (0.08%)
  Int unit conflicts: 682832475 (113.62%), FP unit conflicts: 16 (0.00%)
  Load/store unit conflicts: 69043074 (11.49%)
  MSHR conflicts: 27064646 (4.50%)
----------------------------------------
==== System-wide Cache Statistics ====
Stall for miss queue full 0 cycles (0.00%)
----------------------------------------
==== Statistics for Master ID: 0 ====
Reads: 263426050   Writes: 14
ICACHE: size: 64 KB assoc: 2
ICACHE: hits:233475856 misses:12090  Hit Ratio: 99.99%
DCACHE: size: 2*16 KB assoc: 2*4
DCACHE: hits:19433368 misses:10504749 writebacks:14  Hit Ratio: 64.91%
SCACHE: size: 512 KB assoc: 2
SCACHE: hits:9477066 misses:1039773  Hit Ratio: 90.11%
3CACHE: size: 4096 KB assoc: 2
3CACHE: hits:920533 misses:119240  Hit Ratio: 88.53%
3CACHE: dirty items replaced:11921
ITLB: size: 48, misses 1, miss rate 0.00%
DTLB: size: 128, misses 18980, miss rate 0.06%
Avg mem delay: 2.175 cycles
----------------------------------------
==== Statistics for Master ID: 2 ====
Reads: 452863970   Writes: 53500666
ICACHE: size: 64 KB assoc: 2
ICACHE: hits:246767729 misses:7150023  Hit Ratio: 97.18%
DCACHE: size: 1*16 KB assoc: 1*4
DCACHE: hits:242505753 misses:9941131 writebacks:1098005  Hit Ratio: 96.06%
SCACHE: size: 512 KB assoc: 2
SCACHE: hits:14591095 misses:2500059  Hit Ratio: 85.37%
3CACHE: size: 4096 KB assoc: 2
3CACHE: hits:2121606 misses:378453  Hit Ratio: 84.86%
3CACHE: dirty items replaced:66225
ITLB: size: 48, misses 99309, miss rate 0.04%
DTLB: size: 128, misses 1510294, miss rate 0.60%
Avg mem delay: 2.175 cycles
----------------------------------------
==== Statistics for Master ID: 3 ====
Reads: 423618301   Writes: 71404023
ICACHE: size: 64 KB assoc: 2
ICACHE: hits:238855501 misses:7190233  Hit Ratio: 97.08%
DCACHE: size: 1*16 KB assoc: 1*4
DCACHE: hits:242660605 misses:6316066 writebacks:1647271  Hit Ratio: 97.46%
SCACHE: size: 512 KB assoc: 2
SCACHE: hits:11042853 misses:2463363  Hit Ratio: 81.76%
3CACHE: size: 4096 KB assoc: 2
3CACHE: hits:2111181 misses:352182  Hit Ratio: 85.70%
3CACHE: dirty items replaced:97437
ITLB: size: 48, misses 439371, miss rate 0.18%
DTLB: size: 128, misses 1017149, miss rate 0.41%
Avg mem delay: 2.175 cycles
----------------------------------------
==== Global Resource Utilization ====
STASH: size: 65536 entries, full 3217276473, empty 149209584, misses 13342613, full rate 95.19
icache bank util. 0.328 0.286 0.112 0.117 0.124 0.106 0.107 0.112 
dcache bank util. 0.114 0.125 0.128 0.100 0.149 0.149 0.134 0.132 
L2 bank util. 0.046 0.058 0.051 0.044 0.049 0.050 0.045 0.053 
L1-L2 bus util. = 0.219, L3 util. = 0.014
----------------------------------------

======================== 切片硬件状态 ========================
切片号 | 所属安全域 | 当前状态    | 路扩展 | LRU touched
------------------------------------------------------------------
  0    |   域2      | 正常运行   |  否   |  600999897
  1    |   域0      | 正常运行   |  是   |  600999980
  2    |   域0      | 正常运行   |  是   |  600999992
  3    |   域3      | 正常运行   |  否   |  600999953
==================================================================

branch prediction, hits = 135678582, misses = 20674342, hit rate = 86.78%
return_stack prediction, hits = 18044916, misses = 13365, hit rate = 99.93%
jump prediction, hits = 125060751, misses = 35547826, hit rate = 77.87%

**** Early Exiting at 607641857 Cycles *****
========================================
 SMTSIM Global Statistics
========================================
Threads: 4		Fetch Width: 8
No of useful instructions fetched:	2000000090 (41.14% proc util.)
No of total instructions fetched:	2650012705 (54.51% proc util.)
 includes 147313475 misfetch (5.6%), 502699140 (19.0%) wrong-path fetches
 and 0 flushed after failed lock(0.0%)
No of useful instructions issued/executed:	2000000052 (41.14% proc util.)
No of total instructions issued/executed:	2248802733 (46.26% proc util.)
 includes 248802681 wrong-path (11.1%) insts and 0 flushed (0.0%)
	fp 89031, 0.00%
	synch 0, 0.00%
	integer 1710408071, 76.06%
	load/store 538305631, 23.94%
Avg size of int IQ (before scheduling): 29.63
Avg size of fp IQ (before scheduling): 0.00
No of cycles taken:		607641857
Parallelism [ 1.345, 0.000, 1.068, 0.878,] = 3.291
 IQ conflicts: 3464234 (0.57%), FQ conflicts: 0 (0.00%) 
 I reg conflicts: 206972661 (34.06%), FP reg conflicts: 0 (0.00%)
  Activelist confs: 2444 (0.00%), ROB confs: 481104 (0.08%)
  Int unit conflicts: 690261170 (113.60%), FP unit conflicts: 16 (0.00%)
  Load/store unit conflicts: 69956837 (11.51%)
  MSHR conflicts: 27248549 (4.48%)
----------------------------------------
==== System-wide Cache Statistics ====
Stall for miss queue full 0 cycles (0.00%)
----------------------------------------
==== Statistics for Master ID: 0 ====
Reads: 266437698   Writes: 14
ICACHE: size: 64 KB assoc: 2
ICACHE: hits:236147463 misses:12118  Hit Ratio: 99.99%
DCACHE: size: 2*16 KB assoc: 2*4
DCACHE: hits:19659884 misses:10618246 writebacks:14  Hit Ratio: 64.93%
SCACHE: size: 512 KB assoc: 2
SCACHE: hits:9578789 misses:1051575  Hit Ratio: 90.11%
3CACHE: size: 4096 KB assoc: 2
3CACHE: hits:931265 misses:120310  Hit Ratio: 88.56%
3CACHE: dirty items replaced:12105
ITLB: size: 48, misses 1, miss rate 0.00%
DTLB: size: 128, misses 19183, miss rate 0.06%
Avg mem delay: 2.173 cycles
----------------------------------------
==== Statistics for Master ID: 2 ====
Reads: 457840008   Writes: 54081685
ICACHE: size: 64 KB assoc: 2
ICACHE: hits:249494874 misses:7247365  Hit Ratio: 97.18%
DCACHE: size: 1*16 KB assoc: 1*4
DCACHE: hits:245136823 misses:10042631 writebacks:1109395  Hit Ratio: 96.06%
SCACHE: size: 512 KB assoc: 2
SCACHE: hits:14763732 misses:2526264  Hit Ratio: 85.39%
3CACHE: size: 4096 KB assoc: 2
3CACHE: hits:2144124 misses:382140  Hit Ratio: 84.87%
3CACHE: dirty items replaced:67431
ITLB: size: 48, misses 100635, miss rate 0.04%
DTLB: size: 128, misses 1526214, miss rate 0.60%
Avg mem delay: 2.173 cycles
----------------------------------------
==== Statistics for Master ID: 3 ====
Reads: 428866765   Writes: 72323798
ICACHE: size: 64 KB assoc: 2
ICACHE: hits:241753269 misses:7292432  Hit Ratio: 97.07%
DCACHE: size: 1*16 KB assoc: 1*4
DCACHE: hits:245756739 misses:6388204 writebacks:1669011  Hit Ratio: 97.47%
SCACHE: size: 512 KB assoc: 2
SCACHE: hits:11190378 misses:2490175  Hit Ratio: 81.80%
3CACHE: size: 4096 KB assoc: 2
3CACHE: hits:2134434 misses:355741  Hit Ratio: 85.71%
3CACHE: dirty items replaced:99248
ITLB: size: 48, misses 442569, miss rate 0.18%
DTLB: size: 128, misses 1026698, miss rate 0.41%
Avg mem delay: 2.173 cycles
----------------------------------------
==== Global Resource Utilization ====
STASH: size: 65536 entries, full 3248749046, empty 151013832, misses 13503263, full rate 95.18
icache bank util. 0.329 0.286 0.113 0.117 0.124 0.106 0.107 0.112 
dcache bank util. 0.114 0.125 0.128 0.101 0.149 0.149 0.134 0.132 
L2 bank util. 0.046 0.058 0.051 0.044 0.049 0.050 0.045 0.053 
L1-L2 bus util. = 0.219, L3 util. = 0.014
----------------------------------------

======================== 切片硬件状态 ========================
切片号 | 所属安全域 | 当前状态    | 路扩展 | LRU touched
------------------------------------------------------------------
  0    |   域2      | 正常运行   |  否   |  607641855
  1    |   域0      | 正常运行   |  是   |  607641840
  2    |   域0      | 正常运行   |  是   |  607641804
  3    |   域3      | 正常运行   |  否   |  607641856
==================================================================

branch prediction, hits = 137114316, misses = 20943996, hit rate = 86.75%
return_stack prediction, hits = 18257598, misses = 13466, hit rate = 99.93%
jump prediction, hits = 126359561, misses = 36033286, hit rate = 77.81%
total IPC 3.291

=== Results saved to: ./results/cacherand_2_crafty_1_gcc-200_1.txt ===
