===== 执行信息 =====
Cache目录：ssmtc64-500-5%
执行命令：./smtsim ../gzip-source.arg2 ../gzip-program.arg ../randacc.arg
执行时间：2026-04-16 12:31:41
返回码：0
===== 输出内容 =====
动态重分配参数：每500万周期检查，阈值5
Process 0, Thread 0: gzip-source
Process 0, Thread 1: gzip-source
Process 2, Thread 2: gzip-program
Process 3, Thread 3: randacc
[切片调度] 新安全域0无任何切片，尝试分配空闲切片
[切片管理] 成功绑定切片0 → 安全域0

======================== 切片硬件状态 ========================
切片号 | 所属安全域 | 当前状态    | 路扩展 | LRU touched
------------------------------------------------------------------
  0    |   域0      | 正常运行   |  否   |  0
  1    |   域-1     | 切片空闲   |  否   |  0
  2    |   域-1     | 切片空闲   |  否   |  0
  3    |   域-1     | 切片空闲   |  否   |  0
==================================================================

[切片管理] 成功绑定切片1 → 安全域0，触发【路扩展模式】

======================== 切片硬件状态 ========================
切片号 | 所属安全域 | 当前状态    | 路扩展 | LRU touched
------------------------------------------------------------------
  0    |   域0      | 正常运行   |  是   |  0
  1    |   域0      | 正常运行   |  是   |  0
  2    |   域-1     | 切片空闲   |  否   |  0
  3    |   域-1     | 切片空闲   |  否   |  0
==================================================================

[切片调度] 新安全域2无任何切片，尝试分配空闲切片
[切片管理] 成功绑定切片2 → 安全域2

======================== 切片硬件状态 ========================
切片号 | 所属安全域 | 当前状态    | 路扩展 | LRU touched
------------------------------------------------------------------
  0    |   域0      | 正常运行   |  是   |  638
  1    |   域0      | 正常运行   |  是   |  0
  2    |   域2      | 正常运行   |  否   |  0
  3    |   域-1     | 切片空闲   |  否   |  0
==================================================================

[切片管理] 成功绑定切片3 → 安全域2，触发【路扩展模式】

======================== 切片硬件状态 ========================
切片号 | 所属安全域 | 当前状态    | 路扩展 | LRU touched
------------------------------------------------------------------
  0    |   域0      | 正常运行   |  是   |  638
  1    |   域0      | 正常运行   |  是   |  0
  2    |   域2      | 正常运行   |  是   |  0
  3    |   域2      | 正常运行   |  是   |  0
==================================================================

[切片调度] 新安全域3无任何切片，尝试分配空闲切片
[切片调度] 新安全域3未找到空闲切片，尝试剥夺切片
[切片替换] 优先从【路扩展切片】中选择LRU替换目标...
[切片替换] 找到路扩展切片作为受害者：切片1（最后访问：0）
[切片调度] 安全域3触发切片剥夺：从域0剥夺切片1
[切片剥夺] 周期640：切片1（所属域0）进入待剥夺状态，禁止新替换
[切片剥夺] 周期640：切片1在途请求已清空，开始执行脏行写回
[切片剥夺] 周期640：切片1无脏行，直接完成剥夺
[切片管理] 周期640：原域0仅剩1个切片，关闭路扩展模式
[动态重分配] 周期640：切片1写回完成，自动绑定到域3
[切片管理] 成功绑定切片1 → 安全域3

======================== 切片硬件状态 ========================
切片号 | 所属安全域 | 当前状态    | 路扩展 | LRU touched
------------------------------------------------------------------
  0    |   域0      | 正常运行   |  否   |  640
  1    |   域3      | 正常运行   |  否   |  640
  2    |   域2      | 正常运行   |  是   |  640
  3    |   域2      | 正常运行   |  是   |  0
==================================================================

[切片唤醒] 周期640：域3切片就绪，唤醒等待指令

**** Debug Statistics at 1000000 Cycles *****
Threads: 4		Fetch Width: 8
No of useful instructions fetched:	571046 (7.14% proc util.)
No of total instructions fetched:	583161 (7.29% proc util.)
 includes 2708 misfetch (0.5%), 9407 (1.6%) wrong-path fetches
 and 0 flushed after failed lock(0.0%)
No of useful instructions issued/executed:	571001 (7.14% proc util.)
No of total instructions issued/executed:	573646 (7.17% proc util.)
 includes 2645 wrong-path (0.5%) insts and 0 flushed (0.0%)
	fp 38, 0.01%
	synch 0, 0.00%
	integer 467246, 81.45%
	load/store 106362, 18.54%
Avg size of int IQ (before scheduling): 37.34
Avg size of fp IQ (before scheduling): 0.00
No of cycles taken:		1000000
Parallelism [ 0.087, 0.000, 0.085, 0.399,] = 0.571
 IQ conflicts: 843 (0.08%), FQ conflicts: 0 (0.00%) 
 I reg conflicts: 911734 (91.17%), FP reg conflicts: 0 (0.00%)
  Activelist confs: 0 (0.00%), ROB confs: 0 (0.00%)
  Int unit conflicts: 3164 (0.32%), FP unit conflicts: 0 (0.00%)
  Load/store unit conflicts: 1539 (0.15%)
  MSHR conflicts: 1272602 (127.26%)
----------------------------------------
==== System-wide Cache Statistics ====
Stall for miss queue full 0 cycles (0.00%)
----------------------------------------
==== Statistics for Master ID: 0 ====
Reads: 67022   Writes: 14235
ICACHE: size: 64 KB assoc: 2
ICACHE: hits:39421 misses:214  Hit Ratio: 99.46%
DCACHE: size: 1*16 KB assoc: 1*4
DCACHE: hits:28144 misses:13478 writebacks:13318  Hit Ratio: 67.62%
SCACHE: size: 512 KB assoc: 2
SCACHE: hits:16 misses:13676  Hit Ratio: 0.12%
3CACHE: size: 4096 KB assoc: 2
3CACHE: hits:0 misses:13676  Hit Ratio: 0.00%
3CACHE: dirty items replaced:0
ITLB: size: 48, misses 18, miss rate 0.05%
DTLB: size: 128, misses 3351, miss rate 8.05%
Avg mem delay: 153.417 cycles
----------------------------------------
==== Statistics for Master ID: 2 ====
Reads: 65088   Writes: 13995
ICACHE: size: 64 KB assoc: 2
ICACHE: hits:38039 misses:208  Hit Ratio: 99.46%
DCACHE: size: 2*16 KB assoc: 2*4
DCACHE: hits:27557 misses:13279 writebacks:13106  Hit Ratio: 67.48%
SCACHE: size: 512 KB assoc: 2
SCACHE: hits:14 misses:13473  Hit Ratio: 0.10%
3CACHE: size: 4096 KB assoc: 2
3CACHE: hits:0 misses:13470  Hit Ratio: 0.00%
3CACHE: dirty items replaced:0
ITLB: size: 48, misses 18, miss rate 0.05%
DTLB: size: 128, misses 3302, miss rate 8.09%
Avg mem delay: 153.417 cycles
----------------------------------------
==== Statistics for Master ID: 3 ====
Reads: 101936   Writes: 37
ICACHE: size: 64 KB assoc: 2
ICACHE: hits:78048 misses:25  Hit Ratio: 99.97%
DCACHE: size: 1*16 KB assoc: 1*4
DCACHE: hits:18618 misses:5281 writebacks:13  Hit Ratio: 77.90%
SCACHE: size: 512 KB assoc: 2
SCACHE: hits:4442 misses:864  Hit Ratio: 83.72%
3CACHE: size: 4096 KB assoc: 2
3CACHE: hits:120 misses:744  Hit Ratio: 13.89%
3CACHE: dirty items replaced:0
ITLB: size: 48, misses 4, miss rate 0.01%
DTLB: size: 128, misses 112, miss rate 0.47%
Avg mem delay: 153.417 cycles
----------------------------------------
==== Global Resource Utilization ====
STASH: size: 65536 entries, full 593260, empty 4600, misses 400, full rate 99.16
icache bank util. 0.042 0.027 0.013 0.001 0.001 0.001 0.011 0.061 
dcache bank util. 0.004 0.004 0.030 0.004 0.004 0.016 0.215 0.004 
L2 bank util. 0.005 0.004 0.004 0.005 0.004 0.005 0.323 0.004 
L1-L2 bus util. = 0.177, L3 util. = 0.279
----------------------------------------

======================== 切片硬件状态 ========================
切片号 | 所属安全域 | 当前状态    | 路扩展 | LRU touched
------------------------------------------------------------------
  0    |   域0      | 正常运行   |  否   |  999979
  1    |   域3      | 正常运行   |  否   |  999987
  2    |   域2      | 正常运行   |  是   |  999976
  3    |   域2      | 正常运行   |  是   |  999861
==================================================================

branch prediction, hits = 30261, misses = 540, hit rate = 98.25%
return_stack prediction, hits = 166, misses = 18, hit rate = 90.22%
jump prediction, hits = 41659, misses = 594, hit rate = 98.59%

**** Debug Statistics at 101000000 Cycles *****
Threads: 4		Fetch Width: 8
No of useful instructions fetched:	79329568 (9.82% proc util.)
No of total instructions fetched:	79717659 (9.87% proc util.)
 includes 4279 misfetch (0.0%), 383812 (0.5%) wrong-path fetches
 and 0 flushed after failed lock(0.0%)
No of useful instructions issued/executed:	79329528 (9.82% proc util.)
No of total instructions issued/executed:	79391677 (9.83% proc util.)
 includes 62149 wrong-path (0.1%) insts and 0 flushed (0.0%)
	fp 66, 0.00%
	synch 0, 0.00%
	integer 63556192, 80.05%
	load/store 15835419, 19.95%
Avg size of int IQ (before scheduling): 16.61
Avg size of fp IQ (before scheduling): 0.00
No of cycles taken:		101000000
Parallelism [ 0.233, 0.000, 0.204, 0.349,] = 0.785
 IQ conflicts: 1064 (0.00%), FQ conflicts: 0 (0.00%) 
 I reg conflicts: 90292862 (89.40%), FP reg conflicts: 0 (0.00%)
  Activelist confs: 0 (0.00%), ROB confs: 0 (0.00%)
  Int unit conflicts: 3088798 (3.06%), FP unit conflicts: 0 (0.00%)
  Load/store unit conflicts: 104190 (0.10%)
  MSHR conflicts: 43124118 (42.70%)
----------------------------------------
==== System-wide Cache Statistics ====
Stall for miss queue full 0 cycles (0.00%)
----------------------------------------
==== Statistics for Master ID: 0 ====
Reads: 10403693   Writes: 3911402
ICACHE: size: 64 KB assoc: 2
ICACHE: hits:6307165 misses:310  Hit Ratio: 100.00%
DCACHE: size: 1*16 KB assoc: 1*4
DCACHE: hits:6891668 misses:1115952 writebacks:650031  Hit Ratio: 86.06%
SCACHE: size: 512 KB assoc: 2
SCACHE: hits:44 misses:1116218  Hit Ratio: 0.00%
3CACHE: size: 4096 KB assoc: 2
3CACHE: hits:0 misses:1116218  Hit Ratio: 0.00%
3CACHE: dirty items replaced:0
ITLB: size: 48, misses 19, miss rate 0.00%
DTLB: size: 128, misses 60702, miss rate 0.76%
Avg mem delay: 41.327 cycles
----------------------------------------
==== Statistics for Master ID: 2 ====
Reads: 8896869   Writes: 2771250
ICACHE: size: 64 KB assoc: 2
ICACHE: hits:5940865 misses:294  Hit Ratio: 100.00%
DCACHE: size: 2*16 KB assoc: 2*4
DCACHE: hits:4896024 misses:830936 writebacks:507404  Hit Ratio: 85.49%
SCACHE: size: 512 KB assoc: 2
SCACHE: hits:42 misses:831188  Hit Ratio: 0.01%
3CACHE: size: 4096 KB assoc: 2
3CACHE: hits:0 misses:831188  Hit Ratio: 0.00%
3CACHE: dirty items replaced:0
ITLB: size: 48, misses 19, miss rate 0.00%
DTLB: size: 128, misses 56247, miss rate 0.98%
Avg mem delay: 41.327 cycles
----------------------------------------
==== Statistics for Master ID: 3 ====
Reads: 11184076   Writes: 37
ICACHE: size: 64 KB assoc: 2
ICACHE: hits:9083253 misses:25  Hit Ratio: 100.00%
DCACHE: size: 1*16 KB assoc: 1*4
DCACHE: hits:1636890 misses:463944 writebacks:13  Hit Ratio: 77.92%
SCACHE: size: 512 KB assoc: 2
SCACHE: hits:418408 misses:45561  Hit Ratio: 90.18%
3CACHE: size: 4096 KB assoc: 2
3CACHE: hits:34538 misses:11023  Hit Ratio: 75.81%
3CACHE: dirty items replaced:0
ITLB: size: 48, misses 4, miss rate 0.00%
DTLB: size: 128, misses 1427, miss rate 0.07%
Avg mem delay: 41.327 cycles
----------------------------------------
==== Global Resource Utilization ====
STASH: size: 65536 entries, full 81193439, empty 5596, misses 476, full rate 99.99
icache bank util. 0.043 0.028 0.016 0.000 0.000 0.074 0.009 0.041 
dcache bank util. 0.027 0.027 0.031 0.027 0.027 0.038 0.037 0.047 
L2 bank util. 0.024 0.024 0.024 0.024 0.024 0.024 0.038 0.053 
L1-L2 bus util. = 0.106, L3 util. = 0.194
----------------------------------------

======================== 切片硬件状态 ========================
切片号 | 所属安全域 | 当前状态    | 路扩展 | LRU touched
------------------------------------------------------------------
  0    |   域0      | 正常运行   |  否   |  100999994
  1    |   域3      | 正常运行   |  否   |  100999989
  2    |   域2      | 正常运行   |  是   |  100999876
  3    |   域2      | 正常运行   |  是   |  100999988
==================================================================

branch prediction, hits = 8441246, misses = 32719, hit rate = 99.61%
return_stack prediction, hits = 460, misses = 20, hit rate = 95.83%
jump prediction, hits = 9475038, misses = 974, hit rate = 99.99%

======================== 切片硬件状态 ========================
切片号 | 所属安全域 | 当前状态    | 路扩展 | LRU touched
------------------------------------------------------------------
  0    |   域0      | 正常运行   |  否   |  184999982
  1    |   域3      | 正常运行   |  否   |  184999987
  2    |   域2      | 正常运行   |  是   |  184999879
  3    |   域2      | 正常运行   |  是   |  184999974
==================================================================

[动态重分配] 周期185000000：预约迁移 冗余域2(12%) -> 切片2 -> 饥饿域0(25%)
[切片剥夺] 周期185000000：切片2（所属域2）进入待剥夺状态，禁止新替换
[切片剥夺] 周期185000020：切片2在途请求已清空，开始执行脏行写回
[切片管理] 周期185004822：原域2仅剩1个切片，关闭路扩展模式
[动态重分配] 周期185004822：切片2写回完成，自动绑定到域0
[切片管理] 成功绑定切片2 → 安全域0，触发【路扩展模式】

======================== 切片硬件状态 ========================
切片号 | 所属安全域 | 当前状态    | 路扩展 | LRU touched
------------------------------------------------------------------
  0    |   域0      | 正常运行   |  是   |  185004821
  1    |   域3      | 正常运行   |  否   |  185004815
  2    |   域0      | 正常运行   |  是   |  185004822
  3    |   域2      | 正常运行   |  否   |  185004812
==================================================================


======================== 切片硬件状态 ========================
切片号 | 所属安全域 | 当前状态    | 路扩展 | LRU touched
------------------------------------------------------------------
  0    |   域0      | 正常运行   |  是   |  189999998
  1    |   域3      | 正常运行   |  否   |  189999989
  2    |   域0      | 正常运行   |  是   |  189999998
  3    |   域2      | 正常运行   |  否   |  190000000
==================================================================

[动态重分配] 周期190000000：预约迁移 冗余域0(3%) -> 切片0 -> 饥饿域2(12%)
[切片剥夺] 周期190000000：切片0（所属域0）进入待剥夺状态，禁止新替换
[切片剥夺] 周期190000000：切片0在途请求已清空，开始执行脏行写回
[切片管理] 周期190000337：原域0仅剩1个切片，关闭路扩展模式
[动态重分配] 周期190000337：切片0写回完成，自动绑定到域2
[切片管理] 成功绑定切片0 → 安全域2，触发【路扩展模式】

======================== 切片硬件状态 ========================
切片号 | 所属安全域 | 当前状态    | 路扩展 | LRU touched
------------------------------------------------------------------
  0    |   域2      | 正常运行   |  是   |  190000337
  1    |   域3      | 正常运行   |  否   |  190000333
  2    |   域0      | 正常运行   |  否   |  190000335
  3    |   域2      | 正常运行   |  是   |  190000336
==================================================================


======================== 切片硬件状态 ========================
切片号 | 所属安全域 | 当前状态    | 路扩展 | LRU touched
------------------------------------------------------------------
  0    |   域2      | 正常运行   |  是   |  194999974
  1    |   域3      | 正常运行   |  否   |  194999995
  2    |   域0      | 正常运行   |  否   |  194999999
  3    |   域2      | 正常运行   |  是   |  194989840
==================================================================

[动态重分配] 周期195000000：预约迁移 冗余域2(12%) -> 切片3 -> 饥饿域3(22%)
[切片剥夺] 周期195000000：切片3（所属域2）进入待剥夺状态，禁止新替换
[切片剥夺] 周期195000000：切片3在途请求已清空，开始执行脏行写回
[切片管理] 周期195002680：原域2仅剩1个切片，关闭路扩展模式
[动态重分配] 周期195002680：切片3写回完成，自动绑定到域3
[切片管理] 成功绑定切片3 → 安全域3，触发【路扩展模式】

======================== 切片硬件状态 ========================
切片号 | 所属安全域 | 当前状态    | 路扩展 | LRU touched
------------------------------------------------------------------
  0    |   域2      | 正常运行   |  否   |  195002673
  1    |   域3      | 正常运行   |  是   |  195002663
  2    |   域0      | 正常运行   |  否   |  195002666
  3    |   域3      | 正常运行   |  是   |  195002680
==================================================================


======================== 切片硬件状态 ========================
切片号 | 所属安全域 | 当前状态    | 路扩展 | LRU touched
------------------------------------------------------------------
  0    |   域2      | 正常运行   |  否   |  200000000
  1    |   域3      | 正常运行   |  是   |  199999984
  2    |   域0      | 正常运行   |  否   |  199999887
  3    |   域3      | 正常运行   |  是   |  199999965
==================================================================

[动态重分配] 周期200000000：预约迁移 冗余域3(0%) -> 切片1 -> 饥饿域2(12%)
[切片剥夺] 周期200000000：切片1（所属域3）进入待剥夺状态，禁止新替换
[切片剥夺] 周期200000000：切片1在途请求已清空，开始执行脏行写回
[切片剥夺] 周期200000000：切片1无脏行，直接完成剥夺
[切片管理] 周期200000001：原域3仅剩1个切片，关闭路扩展模式
[动态重分配] 周期200000001：切片1写回完成，自动绑定到域2
[切片管理] 成功绑定切片1 → 安全域2，触发【路扩展模式】

======================== 切片硬件状态 ========================
切片号 | 所属安全域 | 当前状态    | 路扩展 | LRU touched
------------------------------------------------------------------
  0    |   域2      | 正常运行   |  是   |  200000000
  1    |   域2      | 正常运行   |  是   |  200000001
  2    |   域0      | 正常运行   |  否   |  199999887
  3    |   域3      | 正常运行   |  否   |  199999965
==================================================================


**** Debug Statistics at 201000000 Cycles *****
Threads: 4		Fetch Width: 8
No of useful instructions fetched:	175439716 (10.91% proc util.)
No of total instructions fetched:	177310763 (11.03% proc util.)
 includes 5225 misfetch (0.0%), 1865822 (1.1%) wrong-path fetches
 and 0 flushed after failed lock(0.0%)
No of useful instructions issued/executed:	175439684 (10.91% proc util.)
No of total instructions issued/executed:	175992934 (10.94% proc util.)
 includes 553250 wrong-path (0.3%) insts and 0 flushed (0.0%)
	fp 66, 0.00%
	synch 0, 0.00%
	integer 140240841, 79.69%
	load/store 35752027, 20.31%
Avg size of int IQ (before scheduling): 15.32
Avg size of fp IQ (before scheduling): 0.00
No of cycles taken:		201000000
Parallelism [ 0.272, 0.000, 0.228, 0.373,] = 0.873
 IQ conflicts: 1274 (0.00%), FQ conflicts: 0 (0.00%) 
 I reg conflicts: 177416360 (88.27%), FP reg conflicts: 0 (0.00%)
  Activelist confs: 0 (0.00%), ROB confs: 0 (0.00%)
  Int unit conflicts: 6901195 (3.43%), FP unit conflicts: 0 (0.00%)
  Load/store unit conflicts: 329705 (0.16%)
  MSHR conflicts: 93717272 (46.63%)
----------------------------------------
==== System-wide Cache Statistics ====
Stall for miss queue full 229 cycles (0.00%)
----------------------------------------
==== Statistics for Master ID: 0 ====
Reads: 23288514   Writes: 7581928
ICACHE: size: 64 KB assoc: 2
ICACHE: hits:13725885 misses:500  Hit Ratio: 100.00%
DCACHE: size: 1*16 KB assoc: 1*4
DCACHE: hits:15127662 misses:2016493 writebacks:1064409  Hit Ratio: 88.24%
SCACHE: size: 512 KB assoc: 2
SCACHE: hits:67987 misses:1948908  Hit Ratio: 3.37%
3CACHE: size: 4096 KB assoc: 2
3CACHE: hits:21836 misses:1927072  Hit Ratio: 1.12%
3CACHE: dirty items replaced:180
ITLB: size: 48, misses 25, miss rate 0.00%
DTLB: size: 128, misses 88150, miss rate 0.51%
Avg mem delay: 29.537 cycles
----------------------------------------
==== Statistics for Master ID: 2 ====
Reads: 19673998   Writes: 6979290
ICACHE: size: 64 KB assoc: 2
ICACHE: hits:12509765 misses:342  Hit Ratio: 100.00%
DCACHE: size: 2*16 KB assoc: 2*4
DCACHE: hits:12260208 misses:1883227 writebacks:1033420  Hit Ratio: 86.68%
SCACHE: size: 512 KB assoc: 2
SCACHE: hits:42 misses:1883273  Hit Ratio: 0.00%
3CACHE: size: 4096 KB assoc: 2
3CACHE: hits:0 misses:1883273  Hit Ratio: 0.00%
3CACHE: dirty items replaced:1826
ITLB: size: 48, misses 19, miss rate 0.00%
DTLB: size: 128, misses 72707, miss rate 0.51%
Avg mem delay: 29.537 cycles
----------------------------------------
==== Statistics for Master ID: 3 ====
Reads: 25317955   Writes: 137
ICACHE: size: 64 KB assoc: 2
ICACHE: hits:20853282 misses:25  Hit Ratio: 100.00%
DCACHE: size: 1*16 KB assoc: 1*4
DCACHE: hits:3531124 misses:933660 writebacks:64  Hit Ratio: 79.09%
SCACHE: size: 512 KB assoc: 2
SCACHE: hits:840651 misses:93034  Hit Ratio: 90.04%
3CACHE: size: 4096 KB assoc: 2
3CACHE: hits:70643 misses:22391  Hit Ratio: 75.93%
3CACHE: dirty items replaced:227
ITLB: size: 48, misses 4, miss rate 0.00%
DTLB: size: 128, misses 1706, miss rate 0.04%
Avg mem delay: 29.537 cycles
----------------------------------------
==== Global Resource Utilization ====
STASH: size: 65536 entries, full 180354571, empty 7885, misses 643, full rate 100.00
icache bank util. 0.048 0.033 0.020 0.002 0.002 0.092 0.006 0.032 
dcache bank util. 0.031 0.032 0.034 0.032 0.031 0.042 0.038 0.041 
L2 bank util. 0.026 0.026 0.026 0.026 0.026 0.026 0.033 0.041 
L1-L2 bus util. = 0.103, L3 util. = 0.191
----------------------------------------

======================== 切片硬件状态 ========================
切片号 | 所属安全域 | 当前状态    | 路扩展 | LRU touched
------------------------------------------------------------------
  0    |   域2      | 正常运行   |  是   |  200992406
  1    |   域2      | 正常运行   |  是   |  200999977
  2    |   域0      | 正常运行   |  否   |  200999999
  3    |   域3      | 正常运行   |  否   |  200999978
==================================================================

branch prediction, hits = 18745321, misses = 159004, hit rate = 99.16%
return_stack prediction, hits = 44817, misses = 20, hit rate = 99.96%
jump prediction, hits = 21096245, misses = 1254, hit rate = 99.99%

======================== 切片硬件状态 ========================
切片号 | 所属安全域 | 当前状态    | 路扩展 | LRU touched
------------------------------------------------------------------
  0    |   域2      | 正常运行   |  是   |  219999996
  1    |   域2      | 正常运行   |  是   |  219999933
  2    |   域0      | 正常运行   |  否   |  220000000
  3    |   域3      | 正常运行   |  否   |  219999996
==================================================================

[动态重分配] 周期220000000：预约迁移 冗余域2(2%) -> 切片0 -> 饥饿域3(22%)
[切片剥夺] 周期220000000：切片0（所属域2）进入待剥夺状态，禁止新替换
[切片剥夺] 周期220000000：切片0在途请求已清空，开始执行脏行写回
[切片管理] 周期220028471：原域2仅剩1个切片，关闭路扩展模式
[动态重分配] 周期220028471：切片0写回完成，自动绑定到域3
[切片管理] 成功绑定切片0 → 安全域3，触发【路扩展模式】

======================== 切片硬件状态 ========================
切片号 | 所属安全域 | 当前状态    | 路扩展 | LRU touched
------------------------------------------------------------------
  0    |   域3      | 正常运行   |  是   |  220028471
  1    |   域2      | 正常运行   |  否   |  220028459
  2    |   域0      | 正常运行   |  否   |  220028468
  3    |   域3      | 正常运行   |  是   |  220028458
==================================================================


**** Debug Statistics at 301000000 Cycles *****
Threads: 4		Fetch Width: 8
No of useful instructions fetched:	627688023 (26.07% proc util.)
No of total instructions fetched:	695656388 (28.89% proc util.)
 includes 160553 misfetch (0.0%), 67807812 (9.7%) wrong-path fetches
 and 0 flushed after failed lock(0.0%)
No of useful instructions issued/executed:	627688006 (26.07% proc util.)
No of total instructions issued/executed:	653883475 (27.15% proc util.)
 includes 26195469 wrong-path (4.0%) insts and 0 flushed (0.0%)
	fp 66, 0.00%
	synch 0, 0.00%
	integer 521916954, 79.82%
	load/store 131966455, 20.18%
Avg size of int IQ (before scheduling): 22.26
Avg size of fp IQ (before scheduling): 0.00
No of cycles taken:		301000000
Parallelism [ 0.717, 0.000, 0.644, 0.724,] = 2.085
 IQ conflicts: 239417 (0.08%), FQ conflicts: 0 (0.00%) 
 I reg conflicts: 202174473 (67.17%), FP reg conflicts: 0 (0.00%)
  Activelist confs: 0 (0.00%), ROB confs: 74 (0.00%)
  Int unit conflicts: 280186318 (93.09%), FP unit conflicts: 0 (0.00%)
  Load/store unit conflicts: 5220781 (1.73%)
  MSHR conflicts: 95406038 (31.70%)
----------------------------------------
==== System-wide Cache Statistics ====
Stall for miss queue full 715 cycles (0.00%)
----------------------------------------
==== Statistics for Master ID: 0 ====
Reads: 108454870   Writes: 19869762
ICACHE: size: 64 KB assoc: 2
ICACHE: hits:65848509 misses:38173  Hit Ratio: 99.94%
DCACHE: size: 1*16 KB assoc: 1*4
DCACHE: hits:59134242 misses:3303806 writebacks:1596468  Hit Ratio: 94.71%
SCACHE: size: 512 KB assoc: 2
SCACHE: hits:1291268 misses:2050613  Hit Ratio: 38.64%
3CACHE: size: 4096 KB assoc: 2
3CACHE: hits:75943 misses:1974670  Hit Ratio: 3.70%
3CACHE: dirty items replaced:9041
ITLB: size: 48, misses 25, miss rate 0.00%
DTLB: size: 128, misses 93035, miss rate 0.15%
Avg mem delay: 7.048 cycles
----------------------------------------
==== Statistics for Master ID: 2 ====
Reads: 101770482   Writes: 18237608
ICACHE: size: 64 KB assoc: 2
ICACHE: hits:63442697 misses:35336  Hit Ratio: 99.94%
DCACHE: size: 1*16 KB assoc: 1*4
DCACHE: hits:53258005 misses:3272562 writebacks:1583300  Hit Ratio: 94.21%
SCACHE: size: 512 KB assoc: 2
SCACHE: hits:1128229 misses:2179159  Hit Ratio: 34.11%
3CACHE: size: 4096 KB assoc: 2
3CACHE: hits:37970 misses:2141189  Hit Ratio: 1.74%
3CACHE: dirty items replaced:14730
ITLB: size: 48, misses 25, miss rate 0.00%
DTLB: size: 128, misses 93517, miss rate 0.17%
Avg mem delay: 7.048 cycles
----------------------------------------
==== Statistics for Master ID: 3 ====
Reads: 79829712   Writes: 205
ICACHE: size: 64 KB assoc: 2
ICACHE: hits:66831458 misses:25  Hit Ratio: 100.00%
DCACHE: size: 2*16 KB assoc: 2*4
DCACHE: hits:11746699 misses:1251734 writebacks:127  Hit Ratio: 90.37%
SCACHE: size: 512 KB assoc: 2
SCACHE: hits:1135147 misses:116612  Hit Ratio: 90.68%
3CACHE: size: 4096 KB assoc: 2
3CACHE: hits:80075 misses:36537  Hit Ratio: 68.67%
3CACHE: dirty items replaced:7148
ITLB: size: 48, misses 4, miss rate 0.00%
DTLB: size: 128, misses 2150, miss rate 0.02%
Avg mem delay: 7.048 cycles
----------------------------------------
==== Global Resource Utilization ====
STASH: size: 65536 entries, full 746341424, empty 13488, misses 1030, full rate 100.00
icache bank util. 0.125 0.097 0.059 0.034 0.055 0.136 0.056 0.092 
dcache bank util. 0.050 0.063 0.070 0.058 0.086 0.068 0.091 0.062 
L2 bank util. 0.025 0.025 0.026 0.025 0.026 0.025 0.031 0.037 
L1-L2 bus util. = 0.110, L3 util. = 0.138
----------------------------------------

======================== 切片硬件状态 ========================
切片号 | 所属安全域 | 当前状态    | 路扩展 | LRU touched
------------------------------------------------------------------
  0    |   域3      | 正常运行   |  是   |  300999957
  1    |   域2      | 正常运行   |  否   |  300999969
  2    |   域0      | 正常运行   |  否   |  300999952
  3    |   域3      | 正常运行   |  是   |  300999900
==================================================================

branch prediction, hits = 44575594, misses = 2920887, hit rate = 93.85%
return_stack prediction, hits = 2037439, misses = 20, hit rate = 100.00%
jump prediction, hits = 58411516, misses = 72959, hit rate = 99.88%

**** Debug Statistics at 401000000 Cycles *****
Threads: 4		Fetch Width: 8
No of useful instructions fetched:	1126194701 (35.11% proc util.)
No of total instructions fetched:	1260366995 (39.29% proc util.)
 includes 270268 misfetch (0.0%), 133902026 (10.6%) wrong-path fetches
 and 0 flushed after failed lock(0.0%)
No of useful instructions issued/executed:	1126194636 (35.11% proc util.)
No of total instructions issued/executed:	1175994933 (36.66% proc util.)
 includes 49800297 wrong-path (4.2%) insts and 0 flushed (0.0%)
	fp 66, 0.00%
	synch 0, 0.00%
	integer 939085781, 79.85%
	load/store 236909086, 20.15%
Avg size of int IQ (before scheduling): 26.64
Avg size of fp IQ (before scheduling): 0.00
No of cycles taken:		401000000
Parallelism [ 0.969, 0.000, 0.918, 0.922,] = 2.808
 IQ conflicts: 554375 (0.14%), FQ conflicts: 0 (0.00%) 
 I reg conflicts: 220534034 (55.00%), FP reg conflicts: 0 (0.00%)
  Activelist confs: 0 (0.00%), ROB confs: 74 (0.00%)
  Int unit conflicts: 621106838 (154.89%), FP unit conflicts: 0 (0.00%)
  Load/store unit conflicts: 10675037 (2.66%)
  MSHR conflicts: 96190305 (23.99%)
----------------------------------------
==== System-wide Cache Statistics ====
Stall for miss queue full 715 cycles (0.00%)
----------------------------------------
==== Statistics for Master ID: 0 ====
Reads: 197869387   Writes: 32817474
ICACHE: size: 64 KB assoc: 2
ICACHE: hits:121136251 misses:55904  Hit Ratio: 99.95%
DCACHE: size: 1*16 KB assoc: 1*4
DCACHE: hits:105087932 misses:4406872 writebacks:2069256  Hit Ratio: 95.98%
SCACHE: size: 512 KB assoc: 2
SCACHE: hits:2319454 misses:2143224  Hit Ratio: 51.97%
3CACHE: size: 4096 KB assoc: 2
3CACHE: hits:119217 misses:2024007  Hit Ratio: 5.56%
3CACHE: dirty items replaced:20406
ITLB: size: 48, misses 25, miss rate 0.00%
DTLB: size: 128, misses 97096, miss rate 0.09%
Avg mem delay: 4.170 cycles
----------------------------------------
==== Statistics for Master ID: 2 ====
Reads: 194811959   Writes: 31237609
ICACHE: size: 64 KB assoc: 2
ICACHE: hits:120645357 misses:53880  Hit Ratio: 99.96%
DCACHE: size: 1*16 KB assoc: 1*4
DCACHE: hits:100954632 misses:4396209 writebacks:2069813  Hit Ratio: 95.83%
SCACHE: size: 512 KB assoc: 2
SCACHE: hits:2185344 misses:2264235  Hit Ratio: 49.11%
3CACHE: size: 4096 KB assoc: 2
3CACHE: hits:80947 misses:2183288  Hit Ratio: 3.58%
3CACHE: dirty items replaced:25490
ITLB: size: 48, misses 25, miss rate 0.00%
DTLB: size: 128, misses 97039, miss rate 0.09%
Avg mem delay: 4.170 cycles
----------------------------------------
==== Statistics for Master ID: 3 ====
Reads: 138087829   Writes: 257
ICACHE: size: 64 KB assoc: 2
ICACHE: hits:116024036 misses:25  Hit Ratio: 100.00%
DCACHE: size: 2*16 KB assoc: 2*4
DCACHE: hits:20748419 misses:1315605 writebacks:173  Hit Ratio: 94.04%
SCACHE: size: 512 KB assoc: 2
SCACHE: hits:1177426 misses:138204  Hit Ratio: 89.50%
3CACHE: size: 4096 KB assoc: 2
3CACHE: hits:87912 misses:50292  Hit Ratio: 63.61%
3CACHE: dirty items replaced:15585
ITLB: size: 48, misses 4, miss rate 0.00%
DTLB: size: 128, misses 2288, miss rate 0.01%
Avg mem delay: 4.170 cycles
----------------------------------------
==== Global Resource Utilization ====
STASH: size: 65536 entries, full 1360935252, empty 13547, misses 1034, full rate 100.00
icache bank util. 0.171 0.134 0.082 0.055 0.083 0.157 0.083 0.128 
dcache bank util. 0.060 0.079 0.093 0.072 0.121 0.081 0.119 0.073 
L2 bank util. 0.024 0.024 0.024 0.024 0.023 0.023 0.028 0.034 
L1-L2 bus util. = 0.107, L3 util. = 0.106
----------------------------------------

======================== 切片硬件状态 ========================
切片号 | 所属安全域 | 当前状态    | 路扩展 | LRU touched
------------------------------------------------------------------
  0    |   域3      | 正常运行   |  是   |  400999938
  1    |   域2      | 正常运行   |  否   |  400999998
  2    |   域0      | 正常运行   |  否   |  400999999
  3    |   域3      | 正常运行   |  是   |  400999998
==================================================================

branch prediction, hits = 72581684, misses = 5644964, hit rate = 92.78%
return_stack prediction, hits = 4185310, misses = 20, hit rate = 100.00%
jump prediction, hits = 98576073, misses = 121599, hit rate = 99.88%

**** Debug Statistics at 501000000 Cycles *****
Threads: 4		Fetch Width: 8
No of useful instructions fetched:	1620796658 (40.44% proc util.)
No of total instructions fetched:	1824304336 (45.52% proc util.)
 includes 436387 misfetch (0.0%), 203071291 (11.1%) wrong-path fetches
 and 0 flushed after failed lock(0.0%)
No of useful instructions issued/executed:	1620796601 (40.44% proc util.)
No of total instructions issued/executed:	1696564922 (42.33% proc util.)
 includes 75768321 wrong-path (4.5%) insts and 0 flushed (0.0%)
	fp 66, 0.00%
	synch 0, 0.00%
	integer 1355629313, 79.90%
	load/store 340935543, 20.10%
Avg size of int IQ (before scheduling): 29.17
Avg size of fp IQ (before scheduling): 0.00
No of cycles taken:		501000000
Parallelism [ 1.119, 0.000, 1.075, 1.041,] = 3.235
 IQ conflicts: 862856 (0.17%), FQ conflicts: 0 (0.00%) 
 I reg conflicts: 238901214 (47.68%), FP reg conflicts: 0 (0.00%)
  Activelist confs: 0 (0.00%), ROB confs: 74 (0.00%)
  Int unit conflicts: 948782358 (189.38%), FP unit conflicts: 0 (0.00%)
  Load/store unit conflicts: 15849222 (3.16%)
  MSHR conflicts: 96930395 (19.35%)
----------------------------------------
==== System-wide Cache Statistics ====
Stall for miss queue full 715 cycles (0.00%)
----------------------------------------
==== Statistics for Master ID: 0 ====
Reads: 287200671   Writes: 45377683
ICACHE: size: 64 KB assoc: 2
ICACHE: hits:176440964 misses:74079  Hit Ratio: 99.96%
DCACHE: size: 1*16 KB assoc: 1*4
DCACHE: hits:150489491 misses:5573918 writebacks:2553838  Hit Ratio: 96.43%
SCACHE: size: 512 KB assoc: 2
SCACHE: hits:3412907 misses:2234992  Hit Ratio: 60.43%
3CACHE: size: 4096 KB assoc: 2
3CACHE: hits:164806 misses:2070186  Hit Ratio: 7.37%
3CACHE: dirty items replaced:30902
ITLB: size: 48, misses 25, miss rate 0.00%
DTLB: size: 128, misses 100996, miss rate 0.06%
Avg mem delay: 3.139 cycles
----------------------------------------
==== Statistics for Master ID: 2 ====
Reads: 287671941   Writes: 44011942
ICACHE: size: 64 KB assoc: 2
ICACHE: hits:177858797 misses:77898  Hit Ratio: 99.96%
DCACHE: size: 1*16 KB assoc: 1*4
DCACHE: hits:148068342 misses:5679356 writebacks:2622784  Hit Ratio: 96.31%
SCACHE: size: 512 KB assoc: 2
SCACHE: hits:3408563 misses:2348181  Hit Ratio: 59.21%
3CACHE: size: 4096 KB assoc: 2
3CACHE: hits:124108 misses:2224073  Hit Ratio: 5.29%
3CACHE: dirty items replaced:35482
ITLB: size: 48, misses 25, miss rate 0.00%
DTLB: size: 128, misses 100549, miss rate 0.07%
Avg mem delay: 3.139 cycles
----------------------------------------
==== Statistics for Master ID: 3 ====
Reads: 196291814   Writes: 308
ICACHE: size: 64 KB assoc: 2
ICACHE: hits:165167092 misses:25  Hit Ratio: 100.00%
DCACHE: size: 2*16 KB assoc: 2*4
DCACHE: hits:29746011 misses:1378993 writebacks:214  Hit Ratio: 95.57%
SCACHE: size: 512 KB assoc: 2
SCACHE: hits:1219324 misses:159694  Hit Ratio: 88.42%
3CACHE: size: 4096 KB assoc: 2
3CACHE: hits:95571 misses:64123  Hit Ratio: 59.85%
3CACHE: dirty items replaced:24239
ITLB: size: 48, misses 4, miss rate 0.00%
DTLB: size: 128, misses 2434, miss rate 0.01%
Avg mem delay: 3.139 cycles
----------------------------------------
==== Global Resource Utilization ====
STASH: size: 65536 entries, full 1975513128, empty 13576, misses 1035, full rate 100.00
icache bank util. 0.198 0.157 0.096 0.067 0.100 0.170 0.100 0.150 
dcache bank util. 0.066 0.089 0.105 0.081 0.139 0.090 0.137 0.080 
L2 bank util. 0.023 0.023 0.024 0.023 0.023 0.023 0.026 0.032 
L1-L2 bus util. = 0.108, L3 util. = 0.087
----------------------------------------

======================== 切片硬件状态 ========================
切片号 | 所属安全域 | 当前状态    | 路扩展 | LRU touched
------------------------------------------------------------------
  0    |   域3      | 正常运行   |  是   |  500999994
  1    |   域2      | 正常运行   |  否   |  500999995
  2    |   域0      | 正常运行   |  否   |  500999998
  3    |   域3      | 正常运行   |  是   |  500999982
==================================================================

branch prediction, hits = 100266161, misses = 8470809, hit rate = 92.21%
return_stack prediction, hits = 6263703, misses = 20, hit rate = 100.00%
jump prediction, hits = 138140660, misses = 195830, hit rate = 99.86%

**** Early Exiting at 578205601 Cycles *****
========================================
 SMTSIM Global Statistics
========================================
Threads: 4		Fetch Width: 8
No of useful instructions fetched:	2000000124 (43.24% proc util.)
No of total instructions fetched:	2260033636 (48.86% proc util.)
 includes 553429 misfetch (0.0%), 259480083 (11.5%) wrong-path fetches
 and 0 flushed after failed lock(0.0%)
No of useful instructions issued/executed:	2000000060 (43.24% proc util.)
No of total instructions issued/executed:	2097130385 (45.34% proc util.)
 includes 97130325 wrong-path (4.6%) insts and 0 flushed (0.0%)
	fp 66, 0.00%
	synch 0, 0.00%
	integer 1675036471, 79.87%
	load/store 422093848, 20.13%
Avg size of int IQ (before scheduling): 30.47
Avg size of fp IQ (before scheduling): 0.00
No of cycles taken:		578205601
Parallelism [ 1.199, 0.000, 1.156, 1.104,] = 3.459
 IQ conflicts: 1079927 (0.19%), FQ conflicts: 0 (0.00%) 
 I reg conflicts: 252874458 (43.73%), FP reg conflicts: 0 (0.00%)
  Activelist confs: 0 (0.00%), ROB confs: 74 (0.00%)
  Int unit conflicts: 1201849370 (207.86%), FP unit conflicts: 0 (0.00%)
  Load/store unit conflicts: 20382873 (3.53%)
  MSHR conflicts: 97475167 (16.86%)
----------------------------------------
==== System-wide Cache Statistics ====
Stall for miss queue full 715 cycles (0.00%)
----------------------------------------
==== Statistics for Master ID: 0 ====
Reads: 356663537   Writes: 55447287
ICACHE: size: 64 KB assoc: 2
ICACHE: hits:219327484 misses:90616  Hit Ratio: 99.96%
DCACHE: size: 1*16 KB assoc: 1*4
DCACHE: hits:186231277 misses:6461545 writebacks:2921630  Hit Ratio: 96.65%
SCACHE: size: 512 KB assoc: 2
SCACHE: hits:4245033 misses:2307030  Hit Ratio: 64.79%
3CACHE: size: 4096 KB assoc: 2
3CACHE: hits:200985 misses:2106045  Hit Ratio: 8.71%
3CACHE: dirty items replaced:38413
ITLB: size: 48, misses 25, miss rate 0.00%
DTLB: size: 128, misses 104142, miss rate 0.05%
Avg mem delay: 2.705 cycles
----------------------------------------
==== Statistics for Master ID: 2 ====
Reads: 359799282   Writes: 53936244
ICACHE: size: 64 KB assoc: 2
ICACHE: hits:222337000 misses:100239  Hit Ratio: 99.95%
DCACHE: size: 1*16 KB assoc: 1*4
DCACHE: hits:184526327 misses:6772470 writebacks:3054317  Hit Ratio: 96.46%
SCACHE: size: 512 KB assoc: 2
SCACHE: hits:4460095 misses:2412104  Hit Ratio: 64.90%
3CACHE: size: 4096 KB assoc: 2
3CACHE: hits:156045 misses:2256059  Hit Ratio: 6.47%
3CACHE: dirty items replaced:43212
ITLB: size: 48, misses 25, miss rate 0.00%
DTLB: size: 128, misses 103165, miss rate 0.05%
Avg mem delay: 2.705 cycles
----------------------------------------
==== Statistics for Master ID: 3 ====
Reads: 241185665   Writes: 347
ICACHE: size: 64 KB assoc: 2
ICACHE: hits:203083198 misses:25  Hit Ratio: 100.00%
DCACHE: size: 2*16 KB assoc: 2*4
DCACHE: hits:36674260 misses:1428528 writebacks:246  Hit Ratio: 96.25%
SCACHE: size: 512 KB assoc: 2
SCACHE: hits:1251954 misses:176599  Hit Ratio: 87.64%
3CACHE: size: 4096 KB assoc: 2
3CACHE: hits:101513 misses:75086  Hit Ratio: 57.48%
3CACHE: dirty items replaced:30934
ITLB: size: 48, misses 4, miss rate 0.00%
DTLB: size: 128, misses 2543, miss rate 0.01%
Avg mem delay: 2.705 cycles
----------------------------------------
==== Global Resource Utilization ====
STASH: size: 65536 entries, full 2451207111, empty 13576, misses 1035, full rate 100.00
icache bank util. 0.212 0.169 0.104 0.073 0.110 0.178 0.109 0.161 
dcache bank util. 0.069 0.094 0.112 0.085 0.151 0.094 0.147 0.084 
L2 bank util. 0.023 0.023 0.023 0.023 0.023 0.022 0.026 0.031 
L1-L2 bus util. = 0.108, L3 util. = 0.077
----------------------------------------

======================== 切片硬件状态 ========================
切片号 | 所属安全域 | 当前状态    | 路扩展 | LRU touched
------------------------------------------------------------------
  0    |   域3      | 正常运行   |  是   |  578205595
  1    |   域2      | 正常运行   |  否   |  578205598
  2    |   域0      | 正常运行   |  否   |  578205599
  3    |   域3      | 正常运行   |  是   |  578205600
==================================================================

branch prediction, hits = 121367704, misses = 10783368, hit rate = 91.84%
return_stack prediction, hits = 7960757, misses = 20, hit rate = 100.00%
jump prediction, hits = 168942864, misses = 248712, hit rate = 99.85%
total IPC 3.459

=== Results saved to: ./results/gzip-source_2_gzip-program_1_randacc_1.txt ===
