===== 执行信息 =====
Cache目录：smtc64
执行命令：./smtsim ../seqacc.arg3 ../crafty.arg
执行时间：2026-04-16 13:47:53
返回码：0
===== 输出内容 =====
SMTCache
Process 0, Thread 0: seqacc
Process 0, Thread 1: seqacc
Process 0, Thread 2: seqacc
Process 3, Thread 3: crafty

**** Debug Statistics at 1000000 Cycles *****
Threads: 4		Fetch Width: 8
No of useful instructions fetched:	3538725 (44.23% proc util.)
No of total instructions fetched:	4079684 (51.00% proc util.)
 includes 974 misfetch (0.0%), 539985 (13.2%) wrong-path fetches
 and 0 flushed after failed lock(0.0%)
No of useful instructions issued/executed:	3538708 (44.23% proc util.)
No of total instructions issued/executed:	3748922 (46.86% proc util.)
 includes 210214 wrong-path (5.6%) insts and 0 flushed (0.0%)
	fp 13, 0.00%
	synch 0, 0.00%
	integer 3313362, 88.38%
	load/store 435547, 11.62%
Avg size of int IQ (before scheduling): 30.42
Avg size of fp IQ (before scheduling): 0.00
No of cycles taken:		1000000
Parallelism [ 1.764, 0.000, 0.000, 1.775,] = 3.539
 IQ conflicts: 105 (0.01%), FQ conflicts: 0 (0.00%) 
 I reg conflicts: 361808 (36.18%), FP reg conflicts: 0 (0.00%)
  Activelist confs: 0 (0.00%), ROB confs: 0 (0.00%)
  Int unit conflicts: 875991 (87.60%), FP unit conflicts: 0 (0.00%)
  Load/store unit conflicts: 589 (0.06%)
  MSHR conflicts: 0 (0.00%)
----------------------------------------
==== System-wide Cache Statistics ====
Stall for miss queue full 0 cycles (0.00%)
----------------------------------------
==== Statistics for Master ID: 0 ====
Reads: 655052   Writes: 0
ICACHE: size: 64 KB assoc: 2
ICACHE: hits:563560 misses:5  Hit Ratio: 100.00%
DCACHE: size: 16 KB assoc: 4
DCACHE: hits:82743 misses:8744 writebacks:0  Hit Ratio: 90.44%
SCACHE: size: 512 KB assoc: 2
SCACHE: hits:8421 misses:328  Hit Ratio: 96.25%
3CACHE: size: 4096 KB assoc: 2
3CACHE: hits:0 misses:328  Hit Ratio: 0.00%
3CACHE: dirty items replaced:0
ITLB: size: 48, misses 1, miss rate 0.00%
DTLB: size: 128, misses 8, miss rate 0.01%
Avg mem delay: 1.369 cycles
----------------------------------------
==== Statistics for Master ID: 3 ====
Reads: 866767   Writes: 97684
ICACHE: size: 64 KB assoc: 2
ICACHE: hits:620260 misses:150  Hit Ratio: 99.98%
DCACHE: size: 16 KB assoc: 4
DCACHE: hits:342331 misses:1710 writebacks:1416  Hit Ratio: 99.50%
SCACHE: size: 512 KB assoc: 2
SCACHE: hits:2 misses:1858  Hit Ratio: 0.11%
3CACHE: size: 4096 KB assoc: 2
3CACHE: hits:0 misses:1858  Hit Ratio: 0.00%
3CACHE: dirty items replaced:0
ITLB: size: 48, misses 17, miss rate 0.00%
DTLB: size: 128, misses 48, miss rate 0.01%
Avg mem delay: 1.369 cycles
----------------------------------------
==== Global Resource Utilization ====
STASH: size: 65536 entries, full 1004310640, empty 1833, misses 146, full rate 100.00
icache bank util. 0.342 0.156 0.005 0.001 0.070 0.091 0.227 0.292 
dcache bank util. 0.038 0.037 0.037 0.037 0.039 0.038 0.207 0.038 
L2 bank util. 0.008 0.008 0.008 0.008 0.008 0.009 0.009 0.008 
L1-L2 bus util. = 0.036, L3 util. = 0.022
----------------------------------------
branch prediction, hits = 349557, misses = 21284, hit rate = 94.26%
return_stack prediction, hits = 117, misses = 2, hit rate = 98.32%
jump prediction, hits = 409911, misses = 175, hit rate = 99.96%

**** Debug Statistics at 101000000 Cycles *****
Threads: 4		Fetch Width: 8
No of useful instructions fetched:	385327627 (47.69% proc util.)
No of total instructions fetched:	477048641 (59.04% proc util.)
 includes 15246326 misfetch (3.2%), 76474688 (16.0%) wrong-path fetches
 and 0 flushed after failed lock(0.0%)
No of useful instructions issued/executed:	385327595 (47.69% proc util.)
No of total instructions issued/executed:	421154646 (52.12% proc util.)
 includes 35827051 wrong-path (8.5%) insts and 0 flushed (0.0%)
	fp 172, 0.00%
	synch 0, 0.00%
	integer 336107985, 79.81%
	load/store 85046489, 20.19%
Avg size of int IQ (before scheduling): 30.65
Avg size of fp IQ (before scheduling): 0.00
No of cycles taken:		101000000
Parallelism [ 1.950, 0.000, 0.000, 1.865,] = 3.815
 IQ conflicts: 565602 (0.56%), FQ conflicts: 0 (0.00%) 
 I reg conflicts: 26747949 (26.48%), FP reg conflicts: 0 (0.00%)
  Activelist confs: 97 (0.00%), ROB confs: 128792 (0.13%)
  Int unit conflicts: 121802876 (120.60%), FP unit conflicts: 0 (0.00%)
  Load/store unit conflicts: 8136546 (8.06%)
  MSHR conflicts: 18283 (0.02%)
----------------------------------------
==== System-wide Cache Statistics ====
Stall for miss queue full 0 cycles (0.00%)
----------------------------------------
==== Statistics for Master ID: 0 ====
Reads: 77832341   Writes: 0
ICACHE: size: 64 KB assoc: 2
ICACHE: hits:67614256 misses:261  Hit Ratio: 100.00%
DCACHE: size: 16 KB assoc: 4
DCACHE: hits:9242864 misses:974960 writebacks:0  Hit Ratio: 90.46%
SCACHE: size: 512 KB assoc: 2
SCACHE: hits:974140 misses:1081  Hit Ratio: 99.89%
3CACHE: size: 4096 KB assoc: 2
3CACHE: hits:737 misses:344  Hit Ratio: 68.18%
3CACHE: dirty items replaced:11
ITLB: size: 48, misses 1, miss rate 0.00%
DTLB: size: 128, misses 619, miss rate 0.01%
Avg mem delay: 1.438 cycles
----------------------------------------
==== Statistics for Master ID: 3 ====
Reads: 127153983   Writes: 15934590
ICACHE: size: 64 KB assoc: 2
ICACHE: hits:67858761 misses:409243  Hit Ratio: 99.40%
DCACHE: size: 16 KB assoc: 4
DCACHE: hits:71975079 misses:2845490 writebacks:2845196  Hit Ratio: 96.20%
SCACHE: size: 512 KB assoc: 2
SCACHE: hits:3077755 misses:176978  Hit Ratio: 94.56%
3CACHE: size: 4096 KB assoc: 2
3CACHE: hits:120384 misses:56594  Hit Ratio: 68.02%
3CACHE: dirty items replaced:514
ITLB: size: 48, misses 100, miss rate 0.00%
DTLB: size: 128, misses 194386, miss rate 0.26%
Avg mem delay: 1.438 cycles
----------------------------------------
==== Global Resource Utilization ====
STASH: size: 65536 entries, full 1492812204, empty 26891541, misses 2520046, full rate 98.07
icache bank util. 0.325 0.181 0.089 0.091 0.099 0.077 0.178 0.319 
dcache bank util. 0.090 0.129 0.123 0.068 0.158 0.159 0.177 0.136 
L2 bank util. 0.027 0.053 0.038 0.025 0.037 0.043 0.030 0.047 
L1-L2 bus util. = 0.210, L3 util. = 0.006
----------------------------------------
branch prediction, hits = 25910887, misses = 2089401, hit rate = 92.54%
return_stack prediction, hits = 3258558, misses = 250, hit rate = 99.99%
jump prediction, hits = 32880370, misses = 3001748, hit rate = 91.63%

**** Debug Statistics at 201000000 Cycles *****
Threads: 4		Fetch Width: 8
No of useful instructions fetched:	765471004 (47.60% proc util.)
No of total instructions fetched:	952650721 (59.24% proc util.)
 includes 31410744 misfetch (3.3%), 155768973 (16.4%) wrong-path fetches
 and 0 flushed after failed lock(0.0%)
No of useful instructions issued/executed:	765470960 (47.60% proc util.)
No of total instructions issued/executed:	838783223 (52.16% proc util.)
 includes 73312263 wrong-path (8.7%) insts and 0 flushed (0.0%)
	fp 187, 0.00%
	synch 0, 0.00%
	integer 666931360, 79.51%
	load/store 171851676, 20.49%
Avg size of int IQ (before scheduling): 30.54
Avg size of fp IQ (before scheduling): 0.00
No of cycles taken:		201000000
Parallelism [ 1.952, 0.000, 0.000, 1.856,] = 3.808
 IQ conflicts: 1094063 (0.54%), FQ conflicts: 0 (0.00%) 
 I reg conflicts: 52750034 (26.24%), FP reg conflicts: 0 (0.00%)
  Activelist confs: 97 (0.00%), ROB confs: 128792 (0.06%)
  Int unit conflicts: 244735639 (121.76%), FP unit conflicts: 0 (0.00%)
  Load/store unit conflicts: 16915029 (8.42%)
  MSHR conflicts: 19794 (0.01%)
----------------------------------------
==== System-wide Cache Statistics ====
Stall for miss queue full 0 cycles (0.00%)
----------------------------------------
==== Statistics for Master ID: 0 ====
Reads: 155485787   Writes: 0
ICACHE: size: 64 KB assoc: 2
ICACHE: hits:135134649 misses:589  Hit Ratio: 100.00%
DCACHE: size: 16 KB assoc: 4
DCACHE: hits:18409066 misses:1941483 writebacks:0  Hit Ratio: 90.46%
SCACHE: size: 512 KB assoc: 2
SCACHE: hits:1940093 misses:1979  Hit Ratio: 99.90%
3CACHE: size: 4096 KB assoc: 2
3CACHE: hits:1622 misses:357  Hit Ratio: 81.96%
3CACHE: dirty items replaced:13
ITLB: size: 48, misses 1, miss rate 0.00%
DTLB: size: 128, misses 1303, miss rate 0.01%
Avg mem delay: 1.450 cycles
----------------------------------------
==== Statistics for Master ID: 3 ====
Reads: 255577034   Writes: 32165153
ICACHE: size: 64 KB assoc: 2
ICACHE: hits:135385400 misses:870866  Hit Ratio: 99.36%
DCACHE: size: 16 KB assoc: 4
DCACHE: hits:145657844 misses:5828077 writebacks:5827783  Hit Ratio: 96.15%
SCACHE: size: 512 KB assoc: 2
SCACHE: hits:6378354 misses:320589  Hit Ratio: 95.21%
3CACHE: size: 4096 KB assoc: 2
3CACHE: hits:238869 misses:81720  Hit Ratio: 74.51%
3CACHE: dirty items replaced:1725
ITLB: size: 48, misses 106, miss rate 0.00%
DTLB: size: 128, misses 411033, miss rate 0.27%
Avg mem delay: 1.450 cycles
----------------------------------------
==== Global Resource Utilization ====
STASH: size: 65536 entries, full 1981259862, empty 56959317, misses 5341060, full rate 96.95
icache bank util. 0.326 0.181 0.090 0.092 0.099 0.077 0.179 0.320 
dcache bank util. 0.092 0.128 0.123 0.071 0.160 0.165 0.178 0.140 
L2 bank util. 0.027 0.054 0.040 0.026 0.037 0.045 0.031 0.048 
L1-L2 bus util. = 0.216, L3 util. = 0.004
----------------------------------------
branch prediction, hits = 50818400, misses = 4238956, hit rate = 92.30%
return_stack prediction, hits = 6354157, misses = 577, hit rate = 99.99%
jump prediction, hits = 64430177, misses = 6149548, hit rate = 91.29%

**** Debug Statistics at 301000000 Cycles *****
Threads: 4		Fetch Width: 8
No of useful instructions fetched:	1142018584 (47.43% proc util.)
No of total instructions fetched:	1425554345 (59.20% proc util.)
 includes 48193601 misfetch (3.4%), 235342160 (16.5%) wrong-path fetches
 and 0 flushed after failed lock(0.0%)
No of useful instructions issued/executed:	1142018543 (47.43% proc util.)
No of total instructions issued/executed:	1253151961 (52.04% proc util.)
 includes 111133418 wrong-path (8.9%) insts and 0 flushed (0.0%)
	fp 187, 0.00%
	synch 0, 0.00%
	integer 995556032, 79.44%
	load/store 257595742, 20.56%
Avg size of int IQ (before scheduling): 30.49
Avg size of fp IQ (before scheduling): 0.00
No of cycles taken:		301000000
Parallelism [ 1.947, 0.000, 0.000, 1.847,] = 3.794
 IQ conflicts: 1645566 (0.55%), FQ conflicts: 0 (0.00%) 
 I reg conflicts: 79283835 (26.34%), FP reg conflicts: 0 (0.00%)
  Activelist confs: 97 (0.00%), ROB confs: 128792 (0.04%)
  Int unit conflicts: 363606428 (120.80%), FP unit conflicts: 0 (0.00%)
  Load/store unit conflicts: 25272082 (8.40%)
  MSHR conflicts: 21899 (0.01%)
----------------------------------------
==== System-wide Cache Statistics ====
Stall for miss queue full 0 cycles (0.00%)
----------------------------------------
==== Statistics for Master ID: 0 ====
Reads: 232643109   Writes: 0
ICACHE: size: 64 KB assoc: 2
ICACHE: hits:202238322 misses:957  Hit Ratio: 100.00%
DCACHE: size: 16 KB assoc: 4
DCACHE: hits:27504855 misses:2898975 writebacks:0  Hit Ratio: 90.47%
SCACHE: size: 512 KB assoc: 2
SCACHE: hits:2897239 misses:2693  Hit Ratio: 99.91%
3CACHE: size: 4096 KB assoc: 2
3CACHE: hits:2329 misses:364  Hit Ratio: 86.48%
3CACHE: dirty items replaced:13
ITLB: size: 48, misses 1, miss rate 0.00%
DTLB: size: 128, misses 2054, miss rate 0.01%
Avg mem delay: 1.461 cycles
----------------------------------------
==== Statistics for Master ID: 3 ====
Reads: 383247576   Writes: 47967765
ICACHE: size: 64 KB assoc: 2
ICACHE: hits:202767033 misses:1280392  Hit Ratio: 99.37%
DCACHE: size: 16 KB assoc: 4
DCACHE: hits:218315851 misses:8852065 writebacks:8851771  Hit Ratio: 96.10%
SCACHE: size: 512 KB assoc: 2
SCACHE: hits:9671228 misses:461229  Hit Ratio: 95.45%
3CACHE: size: 4096 KB assoc: 2
3CACHE: hits:353211 misses:108018  Hit Ratio: 76.58%
3CACHE: dirty items replaced:2970
ITLB: size: 48, misses 106, miss rate 0.00%
DTLB: size: 128, misses 641365, miss rate 0.28%
Avg mem delay: 1.461 cycles
----------------------------------------
==== Global Resource Utilization ====
STASH: size: 65536 entries, full 2467419479, empty 87105776, misses 8132679, full rate 96.28
icache bank util. 0.326 0.180 0.090 0.092 0.099 0.077 0.179 0.319 
dcache bank util. 0.092 0.128 0.122 0.071 0.160 0.167 0.179 0.142 
L2 bank util. 0.027 0.054 0.040 0.026 0.037 0.045 0.032 0.049 
L1-L2 bus util. = 0.218, L3 util. = 0.004
----------------------------------------
branch prediction, hits = 75325565, misses = 6359305, hit rate = 92.21%
return_stack prediction, hits = 9475559, misses = 934, hit rate = 99.99%
jump prediction, hits = 95368769, misses = 9453684, hit rate = 90.98%

**** Debug Statistics at 401000000 Cycles *****
Threads: 4		Fetch Width: 8
No of useful instructions fetched:	1525373811 (47.55% proc util.)
No of total instructions fetched:	1896586964 (59.12% proc util.)
 includes 64256837 misfetch (3.4%), 306956316 (16.2%) wrong-path fetches
 and 0 flushed after failed lock(0.0%)
No of useful instructions issued/executed:	1525373791 (47.55% proc util.)
No of total instructions issued/executed:	1670818954 (52.08% proc util.)
 includes 145445163 wrong-path (8.7%) insts and 0 flushed (0.0%)
	fp 199, 0.00%
	synch 0, 0.00%
	integer 1327955130, 79.48%
	load/store 342863625, 20.52%
Avg size of int IQ (before scheduling): 30.47
Avg size of fp IQ (before scheduling): 0.00
No of cycles taken:		401000000
Parallelism [ 1.945, 0.000, 0.000, 1.859,] = 3.804
 IQ conflicts: 2138906 (0.53%), FQ conflicts: 0 (0.00%) 
 I reg conflicts: 106053400 (26.45%), FP reg conflicts: 0 (0.00%)
  Activelist confs: 97 (0.00%), ROB confs: 128792 (0.03%)
  Int unit conflicts: 482864336 (120.42%), FP unit conflicts: 0 (0.00%)
  Load/store unit conflicts: 33486289 (8.35%)
  MSHR conflicts: 22984 (0.01%)
----------------------------------------
==== System-wide Cache Statistics ====
Stall for miss queue full 0 cycles (0.00%)
----------------------------------------
==== Statistics for Master ID: 0 ====
Reads: 309612834   Writes: 0
ICACHE: size: 64 KB assoc: 2
ICACHE: hits:269148344 misses:1113  Hit Ratio: 100.00%
DCACHE: size: 16 KB assoc: 4
DCACHE: hits:36604507 misses:3858870 writebacks:0  Hit Ratio: 90.46%
SCACHE: size: 512 KB assoc: 2
SCACHE: hits:3856523 misses:3460  Hit Ratio: 99.91%
3CACHE: size: 4096 KB assoc: 2
3CACHE: hits:3089 misses:371  Hit Ratio: 89.28%
3CACHE: dirty items replaced:14
ITLB: size: 48, misses 1, miss rate 0.00%
DTLB: size: 128, misses 2656, miss rate 0.01%
Avg mem delay: 1.455 cycles
----------------------------------------
==== Statistics for Master ID: 3 ====
Reads: 510794831   Writes: 63527685
ICACHE: size: 64 KB assoc: 2
ICACHE: hits:270308447 misses:1644484  Hit Ratio: 99.40%
DCACHE: size: 16 KB assoc: 4
DCACHE: hits:290667530 misses:11702055 writebacks:11701761  Hit Ratio: 96.13%
SCACHE: size: 512 KB assoc: 2
SCACHE: hits:12766568 misses:579969  Hit Ratio: 95.65%
3CACHE: size: 4096 KB assoc: 2
3CACHE: hits:453982 misses:125987  Hit Ratio: 78.28%
3CACHE: dirty items replaced:3528
ITLB: size: 48, misses 112, miss rate 0.00%
DTLB: size: 128, misses 853361, miss rate 0.28%
Avg mem delay: 1.455 cycles
----------------------------------------
==== Global Resource Utilization ====
STASH: size: 65536 entries, full 2953116429, empty 116254988, misses 10833715, full rate 95.87
icache bank util. 0.325 0.180 0.090 0.092 0.100 0.077 0.179 0.319 
dcache bank util. 0.093 0.127 0.122 0.071 0.159 0.167 0.180 0.140 
L2 bank util. 0.027 0.055 0.039 0.026 0.037 0.046 0.031 0.049 
L1-L2 bus util. = 0.216, L3 util. = 0.003
----------------------------------------
branch prediction, hits = 100682542, misses = 8313164, hit rate = 92.37%
return_stack prediction, hits = 12848951, misses = 1178, hit rate = 99.99%
jump prediction, hits = 127578748, misses = 12589415, hit rate = 91.02%

**** Debug Statistics at 501000000 Cycles *****
Threads: 4		Fetch Width: 8
No of useful instructions fetched:	1905368590 (47.54% proc util.)
No of total instructions fetched:	2368090339 (59.08% proc util.)
 includes 81076644 misfetch (3.4%), 381645105 (16.1%) wrong-path fetches
 and 0 flushed after failed lock(0.0%)
No of useful instructions issued/executed:	1905368564 (47.54% proc util.)
No of total instructions issued/executed:	2085830331 (52.04% proc util.)
 includes 180461767 wrong-path (8.7%) insts and 0 flushed (0.0%)
	fp 199, 0.00%
	synch 0, 0.00%
	integer 1658627243, 79.52%
	load/store 427202889, 20.48%
Avg size of int IQ (before scheduling): 30.43
Avg size of fp IQ (before scheduling): 0.00
No of cycles taken:		501000000
Parallelism [ 1.944, 0.000, 0.000, 1.859,] = 3.803
 IQ conflicts: 2643687 (0.53%), FQ conflicts: 0 (0.00%) 
 I reg conflicts: 132661970 (26.48%), FP reg conflicts: 0 (0.00%)
  Activelist confs: 97 (0.00%), ROB confs: 128792 (0.03%)
  Int unit conflicts: 595910198 (118.94%), FP unit conflicts: 0 (0.00%)
  Load/store unit conflicts: 41069021 (8.20%)
  MSHR conflicts: 24748 (0.00%)
----------------------------------------
==== System-wide Cache Statistics ====
Stall for miss queue full 0 cycles (0.00%)
----------------------------------------
==== Statistics for Master ID: 0 ====
Reads: 386758628   Writes: 0
ICACHE: size: 64 KB assoc: 2
ICACHE: hits:336235352 misses:1416  Hit Ratio: 100.00%
DCACHE: size: 16 KB assoc: 4
DCACHE: hits:45704270 misses:4817590 writebacks:0  Hit Ratio: 90.46%
SCACHE: size: 512 KB assoc: 2
SCACHE: hits:4814840 misses:4166  Hit Ratio: 99.91%
3CACHE: size: 4096 KB assoc: 2
3CACHE: hits:3787 misses:379  Hit Ratio: 90.90%
3CACHE: dirty items replaced:14
ITLB: size: 48, misses 1, miss rate 0.00%
DTLB: size: 128, misses 3304, miss rate 0.01%
Avg mem delay: 1.450 cycles
----------------------------------------
==== Statistics for Master ID: 3 ====
Reads: 638045595   Writes: 78505577
ICACHE: size: 64 KB assoc: 2
ICACHE: hits:337870673 misses:2037319  Hit Ratio: 99.40%
DCACHE: size: 16 KB assoc: 4
DCACHE: hits:361988954 misses:14654226 writebacks:14653932  Hit Ratio: 96.11%
SCACHE: size: 512 KB assoc: 2
SCACHE: hits:15996751 misses:694794  Hit Ratio: 95.84%
3CACHE: size: 4096 KB assoc: 2
3CACHE: hits:548227 misses:146567  Hit Ratio: 78.90%
3CACHE: dirty items replaced:4621
ITLB: size: 48, misses 112, miss rate 0.00%
DTLB: size: 128, misses 1065766, miss rate 0.28%
Avg mem delay: 1.450 cycles
----------------------------------------
==== Global Resource Utilization ====
STASH: size: 65536 entries, full 3442223267, empty 143736960, misses 13358613, full rate 95.64
icache bank util. 0.325 0.180 0.090 0.093 0.101 0.076 0.178 0.319 
dcache bank util. 0.094 0.127 0.123 0.071 0.157 0.166 0.180 0.138 
L2 bank util. 0.026 0.054 0.039 0.026 0.037 0.045 0.031 0.049 
L1-L2 bus util. = 0.217, L3 util. = 0.003
----------------------------------------
branch prediction, hits = 125512085, misses = 10377774, hit rate = 92.36%
return_stack prediction, hits = 16211820, misses = 1398, hit rate = 99.99%
jump prediction, hits = 159039884, misses = 15931736, hit rate = 90.89%

**** Early Exiting at 525738385 Cycles *****
========================================
 SMTSIM Global Statistics
========================================
Threads: 4		Fetch Width: 8
No of useful instructions fetched:	2000000046 (47.55% proc util.)
No of total instructions fetched:	2485691594 (59.10% proc util.)
 includes 85319644 misfetch (3.4%), 400371904 (16.1%) wrong-path fetches
 and 0 flushed after failed lock(0.0%)
No of useful instructions issued/executed:	2000000027 (47.55% proc util.)
No of total instructions issued/executed:	2189262819 (52.05% proc util.)
 includes 189262792 wrong-path (8.6%) insts and 0 flushed (0.0%)
	fp 199, 0.00%
	synch 0, 0.00%
	integer 1741267875, 79.54%
	load/store 447994745, 20.46%
Avg size of int IQ (before scheduling): 30.42
Avg size of fp IQ (before scheduling): 0.00
No of cycles taken:		525738385
Parallelism [ 1.945, 0.000, 0.000, 1.860,] = 3.804
 IQ conflicts: 2747266 (0.52%), FQ conflicts: 0 (0.00%) 
 I reg conflicts: 139105716 (26.46%), FP reg conflicts: 0 (0.00%)
  Activelist confs: 97 (0.00%), ROB confs: 128792 (0.02%)
  Int unit conflicts: 624182929 (118.73%), FP unit conflicts: 0 (0.00%)
  Load/store unit conflicts: 42876977 (8.16%)
  MSHR conflicts: 25137 (0.00%)
----------------------------------------
==== System-wide Cache Statistics ====
Stall for miss queue full 0 cycles (0.00%)
----------------------------------------
==== Statistics for Master ID: 0 ====
Reads: 406026817   Writes: 0
ICACHE: size: 64 KB assoc: 2
ICACHE: hits:352994168 misses:1513  Hit Ratio: 100.00%
DCACHE: size: 16 KB assoc: 4
DCACHE: hits:47973939 misses:5057197 writebacks:0  Hit Ratio: 90.46%
SCACHE: size: 512 KB assoc: 2
SCACHE: hits:5054391 misses:4319  Hit Ratio: 99.91%
3CACHE: size: 4096 KB assoc: 2
3CACHE: hits:3940 misses:379  Hit Ratio: 91.22%
3CACHE: dirty items replaced:14
ITLB: size: 48, misses 1, miss rate 0.00%
DTLB: size: 128, misses 3473, miss rate 0.01%
Avg mem delay: 1.447 cycles
----------------------------------------
==== Statistics for Master ID: 3 ====
Reads: 669728563   Writes: 82052092
ICACHE: size: 64 KB assoc: 2
ICACHE: hits:354718737 misses:2138102  Hit Ratio: 99.40%
DCACHE: size: 16 KB assoc: 4
DCACHE: hits:379518704 misses:15405112 writebacks:15404818  Hit Ratio: 96.10%
SCACHE: size: 512 KB assoc: 2
SCACHE: hits:16818461 misses:724752  Hit Ratio: 95.87%
3CACHE: size: 4096 KB assoc: 2
3CACHE: hits:572529 misses:152223  Hit Ratio: 79.00%
3CACHE: dirty items replaced:4994
ITLB: size: 48, misses 112, miss rate 0.00%
DTLB: size: 128, misses 1113148, miss rate 0.28%
Avg mem delay: 1.447 cycles
----------------------------------------
==== Global Resource Utilization ====
STASH: size: 65536 entries, full 3564606004, empty 150283162, misses 13959665, full rate 95.60
icache bank util. 0.325 0.180 0.090 0.093 0.101 0.076 0.178 0.319 
dcache bank util. 0.094 0.127 0.124 0.071 0.157 0.166 0.180 0.139 
L2 bank util. 0.026 0.054 0.039 0.026 0.037 0.045 0.031 0.050 
L1-L2 bus util. = 0.217, L3 util. = 0.003
----------------------------------------
branch prediction, hits = 131748885, misses = 10895609, hit rate = 92.36%
return_stack prediction, hits = 17045574, misses = 1431, hit rate = 99.99%
jump prediction, hits = 166882681, misses = 16772526, hit rate = 90.87%
total IPC 3.804

=== Results saved to: ./results/seqacc_3_crafty_1.txt ===
