===== 执行信息 =====
Cache目录：smtc64
执行命令：./smtsim ../gcc-scilab.arg ../recurseq.arg3
执行时间：2026-04-16 13:48:39
返回码：0
===== 输出内容 =====
SMTCache
Process 0, Thread 0: gcc-scilab
Process 1, Thread 1: recurseq
Process 1, Thread 2: recurseq
Process 1, Thread 3: recurseq

**** Debug Statistics at 1000000 Cycles *****
Threads: 4		Fetch Width: 8
No of useful instructions fetched:	1884916 (23.56% proc util.)
No of total instructions fetched:	2962923 (37.04% proc util.)
 includes 22113 misfetch (0.7%), 1055894 (35.6%) wrong-path fetches
 and 0 flushed after failed lock(0.0%)
No of useful instructions issued/executed:	1884874 (23.56% proc util.)
No of total instructions issued/executed:	2484455 (31.06% proc util.)
 includes 599581 wrong-path (24.1%) insts and 0 flushed (0.0%)
	fp 82, 0.00%
	synch 0, 0.00%
	integer 1766355, 71.10%
	load/store 718018, 28.90%
Avg size of int IQ (before scheduling): 13.15
Avg size of fp IQ (before scheduling): 0.00
No of cycles taken:		1000000
Parallelism [ 0.901, 0.984, 0.000, 0.000,] = 1.885
 IQ conflicts: 2521 (0.25%), FQ conflicts: 0 (0.00%) 
 I reg conflicts: 515536 (51.55%), FP reg conflicts: 0 (0.00%)
  Activelist confs: 7 (0.00%), ROB confs: 5881 (0.59%)
  Int unit conflicts: 1151405 (115.14%), FP unit conflicts: 1 (0.00%)
  Load/store unit conflicts: 102885 (10.29%)
  MSHR conflicts: 14830 (1.48%)
----------------------------------------
==== System-wide Cache Statistics ====
Stall for miss queue full 0 cycles (0.00%)
----------------------------------------
==== Statistics for Master ID: 0 ====
Reads: 562979   Writes: 142726
ICACHE: size: 64 KB assoc: 2
ICACHE: hits:348519 misses:1815  Hit Ratio: 99.48%
DCACHE: size: 16 KB assoc: 4
DCACHE: hits:351766 misses:3605 writebacks:3179  Hit Ratio: 98.99%
SCACHE: size: 512 KB assoc: 2
SCACHE: hits:838 misses:4582  Hit Ratio: 15.46%
3CACHE: size: 4096 KB assoc: 2
3CACHE: hits:101 misses:4481  Hit Ratio: 2.20%
3CACHE: dirty items replaced:0
ITLB: size: 48, misses 112, miss rate 0.03%
DTLB: size: 128, misses 185, miss rate 0.05%
Avg mem delay: 1.268 cycles
----------------------------------------
==== Statistics for Master ID: 1 ====
Reads: 564938   Writes: 245564
ICACHE: size: 64 KB assoc: 2
ICACHE: hits:448074 misses:28  Hit Ratio: 99.99%
DCACHE: size: 16 KB assoc: 4
DCACHE: hits:353513 misses:8887 writebacks:8619  Hit Ratio: 97.55%
SCACHE: size: 512 KB assoc: 2
SCACHE: hits:4217 misses:4698  Hit Ratio: 47.30%
3CACHE: size: 4096 KB assoc: 2
3CACHE: hits:291 misses:4407  Hit Ratio: 6.19%
3CACHE: dirty items replaced:0
ITLB: size: 48, misses 4, miss rate 0.00%
DTLB: size: 128, misses 106, miss rate 0.03%
Avg mem delay: 1.268 cycles
----------------------------------------
==== Global Resource Utilization ====
STASH: size: 65536 entries, full 3158983, empty 44748, misses 4197, full rate 98.47
icache bank util. 0.160 0.212 0.089 0.053 0.034 0.045 0.053 0.158 
dcache bank util. 0.068 0.080 0.074 0.170 0.071 0.094 0.136 0.098 
L2 bank util. 0.018 0.018 0.018 0.019 0.018 0.018 0.017 0.018 
L1-L2 bus util. = 0.078, L3 util. = 0.089
----------------------------------------
branch prediction, hits = 181859, misses = 8407, hit rate = 95.58%
return_stack prediction, hits = 16977, misses = 25721, hit rate = 39.76%
jump prediction, hits = 248334, misses = 5441, hit rate = 97.86%
 dgelq2_ dgelqf_ dgels_
**** Debug Statistics at 101000000 Cycles *****
Threads: 4		Fetch Width: 8
No of useful instructions fetched:	257250253 (31.84% proc util.)
No of total instructions fetched:	570746206 (70.64% proc util.)
 includes 16193628 misfetch (2.8%), 297302325 (52.1%) wrong-path fetches
 and 0 flushed after failed lock(0.0%)
No of useful instructions issued/executed:	257250242 (31.84% proc util.)
No of total instructions issued/executed:	417725900 (51.70% proc util.)
 includes 160475658 wrong-path (38.4%) insts and 0 flushed (0.0%)
	fp 6224, 0.00%
	synch 0, 0.00%
	integer 282440765, 67.61%
	load/store 135278911, 32.38%
Avg size of int IQ (before scheduling): 23.39
Avg size of fp IQ (before scheduling): 0.00
No of cycles taken:		101000000
Parallelism [ 1.291, 1.256, 0.000, 0.000,] = 2.547
 IQ conflicts: 1449173 (1.43%), FQ conflicts: 0 (0.00%) 
 I reg conflicts: 11011700 (10.90%), FP reg conflicts: 0 (0.00%)
  Activelist confs: 465 (0.00%), ROB confs: 111083 (0.11%)
  Int unit conflicts: 147527549 (146.07%), FP unit conflicts: 6 (0.00%)
  Load/store unit conflicts: 17225753 (17.06%)
  MSHR conflicts: 8604718 (8.52%)
----------------------------------------
==== System-wide Cache Statistics ====
Stall for miss queue full 0 cycles (0.00%)
----------------------------------------
==== Statistics for Master ID: 0 ====
Reads: 121218442   Writes: 19355885
ICACHE: size: 64 KB assoc: 2
ICACHE: hits:71382987 misses:747773  Hit Ratio: 98.96%
DCACHE: size: 16 KB assoc: 4
DCACHE: hits:66757223 misses:1686344 writebacks:1685918  Hit Ratio: 97.54%
SCACHE: size: 512 KB assoc: 2
SCACHE: hits:2075778 misses:358338  Hit Ratio: 85.28%
3CACHE: size: 4096 KB assoc: 2
3CACHE: hits:276371 misses:81966  Hit Ratio: 77.13%
3CACHE: dirty items replaced:8406
ITLB: size: 48, misses 36524, miss rate 0.05%
DTLB: size: 128, misses 48820, miss rate 0.07%
Avg mem delay: 1.307 cycles
----------------------------------------
==== Statistics for Master ID: 1 ====
Reads: 108450321   Writes: 41003251
ICACHE: size: 64 KB assoc: 2
ICACHE: hits:82862937 misses:3173  Hit Ratio: 100.00%
DCACHE: size: 16 KB assoc: 4
DCACHE: hits:65594556 misses:992906 writebacks:992638  Hit Ratio: 98.51%
SCACHE: size: 512 KB assoc: 2
SCACHE: hits:879221 misses:116858  Hit Ratio: 88.27%
3CACHE: size: 4096 KB assoc: 2
3CACHE: hits:110191 misses:6667  Hit Ratio: 94.29%
3CACHE: dirty items replaced:376
ITLB: size: 48, misses 4, miss rate 0.00%
DTLB: size: 128, misses 6109, miss rate 0.01%
Avg mem delay: 1.307 cycles
----------------------------------------
==== Global Resource Utilization ====
STASH: size: 65536 entries, full 608233077, empty 15010354, misses 1325041, full rate 97.38
icache bank util. 0.331 0.368 0.136 0.101 0.098 0.093 0.091 0.340 
dcache bank util. 0.142 0.150 0.227 0.404 0.148 0.136 0.147 0.143 
L2 bank util. 0.033 0.033 0.035 0.035 0.034 0.032 0.033 0.033 
L1-L2 bus util. = 0.181, L3 util. = 0.009
----------------------------------------
branch prediction, hits = 20671587, misses = 2875084, hit rate = 87.79%
return_stack prediction, hits = 1825615, misses = 5685372, hit rate = 24.31%
jump prediction, hits = 27482706, misses = 3793838, hit rate = 87.87%

**** Debug Statistics at 201000000 Cycles *****
Threads: 4		Fetch Width: 8
No of useful instructions fetched:	531141165 (33.03% proc util.)
No of total instructions fetched:	1159902805 (72.13% proc util.)
 includes 33556164 misfetch (2.9%), 595205476 (51.3%) wrong-path fetches
 and 0 flushed after failed lock(0.0%)
No of useful instructions issued/executed:	531141138 (33.03% proc util.)
No of total instructions issued/executed:	850893396 (52.92% proc util.)
 includes 319752258 wrong-path (37.6%) insts and 0 flushed (0.0%)
	fp 22658, 0.00%
	synch 0, 0.00%
	integer 575653905, 67.65%
	load/store 275216833, 32.34%
Avg size of int IQ (before scheduling): 23.43
Avg size of fp IQ (before scheduling): 0.00
No of cycles taken:		201000000
Parallelism [ 1.380, 1.263, 0.000, 0.000,] = 2.642
 IQ conflicts: 2908094 (1.45%), FQ conflicts: 0 (0.00%) 
 I reg conflicts: 19212970 (9.56%), FP reg conflicts: 0 (0.00%)
  Activelist confs: 1111 (0.00%), ROB confs: 298779 (0.15%)
  Int unit conflicts: 319147865 (158.78%), FP unit conflicts: 6 (0.00%)
  Load/store unit conflicts: 38641314 (19.22%)
  MSHR conflicts: 29483122 (14.67%)
----------------------------------------
==== System-wide Cache Statistics ====
Stall for miss queue full 0 cycles (0.00%)
----------------------------------------
==== Statistics for Master ID: 0 ====
Reads: 253392864   Writes: 39620853
ICACHE: size: 64 KB assoc: 2
ICACHE: hits:149690729 misses:1345163  Hit Ratio: 99.11%
DCACHE: size: 16 KB assoc: 4
DCACHE: hits:138539793 misses:3438032 writebacks:3437606  Hit Ratio: 97.58%
SCACHE: size: 512 KB assoc: 2
SCACHE: hits:4096029 misses:687166  Hit Ratio: 85.63%
3CACHE: size: 4096 KB assoc: 2
3CACHE: hits:559501 misses:127663  Hit Ratio: 81.42%
3CACHE: dirty items replaced:22020
ITLB: size: 48, misses 45650, miss rate 0.03%
DTLB: size: 128, misses 103701, miss rate 0.07%
Avg mem delay: 1.285 cycles
----------------------------------------
==== Statistics for Master ID: 1 ====
Reads: 217444241   Writes: 82221325
ICACHE: size: 64 KB assoc: 2
ICACHE: hits:166976896 misses:4600  Hit Ratio: 100.00%
DCACHE: size: 16 KB assoc: 4
DCACHE: hits:130702145 misses:1981925 writebacks:1981657  Hit Ratio: 98.51%
SCACHE: size: 512 KB assoc: 2
SCACHE: hits:1777379 misses:209146  Hit Ratio: 89.47%
3CACHE: size: 4096 KB assoc: 2
3CACHE: hits:199995 misses:9151  Hit Ratio: 95.62%
3CACHE: dirty items replaced:1173
ITLB: size: 48, misses 4, miss rate 0.00%
DTLB: size: 128, misses 12114, miss rate 0.01%
Avg mem delay: 1.285 cycles
----------------------------------------
==== Global Resource Utilization ====
STASH: size: 65536 entries, full 1237607722, empty 27979064, misses 2477863, full rate 97.60
icache bank util. 0.333 0.389 0.139 0.102 0.104 0.100 0.092 0.344 
dcache bank util. 0.153 0.145 0.216 0.402 0.160 0.143 0.156 0.154 
L2 bank util. 0.033 0.034 0.034 0.036 0.034 0.031 0.033 0.032 
L1-L2 bus util. = 0.182, L3 util. = 0.007
----------------------------------------
branch prediction, hits = 43865449, misses = 6019590, hit rate = 87.93%
return_stack prediction, hits = 3595170, misses = 11390167, hit rate = 23.99%
jump prediction, hits = 56545026, misses = 7786399, hit rate = 87.90%
 dgemm_ dgemv_
**** Debug Statistics at 301000000 Cycles *****
Threads: 4		Fetch Width: 8
No of useful instructions fetched:	798857024 (33.18% proc util.)
No of total instructions fetched:	1731687696 (71.91% proc util.)
 includes 47139796 misfetch (2.7%), 885690876 (51.1%) wrong-path fetches
 and 0 flushed after failed lock(0.0%)
No of useful instructions issued/executed:	798857012 (33.18% proc util.)
No of total instructions issued/executed:	1273521708 (52.89% proc util.)
 includes 474664696 wrong-path (37.3%) insts and 0 flushed (0.0%)
	fp 27093, 0.00%
	synch 0, 0.00%
	integer 861375701, 67.64%
	load/store 412118914, 32.36%
Avg size of int IQ (before scheduling): 23.54
Avg size of fp IQ (before scheduling): 0.00
No of cycles taken:		301000000
Parallelism [ 1.395, 1.259, 0.000, 0.000,] = 2.654
 IQ conflicts: 4449946 (1.48%), FQ conflicts: 0 (0.00%) 
 I reg conflicts: 29554792 (9.82%), FP reg conflicts: 0 (0.00%)
  Activelist confs: 1839 (0.00%), ROB confs: 642358 (0.21%)
  Int unit conflicts: 483570944 (160.65%), FP unit conflicts: 9 (0.00%)
  Load/store unit conflicts: 61321132 (20.37%)
  MSHR conflicts: 49725803 (16.52%)
----------------------------------------
==== System-wide Cache Statistics ====
Stall for miss queue full 0 cycles (0.00%)
----------------------------------------
==== Statistics for Master ID: 0 ====
Reads: 377582146   Writes: 60809015
ICACHE: size: 64 KB assoc: 2
ICACHE: hits:223319985 misses:1956865  Hit Ratio: 99.13%
DCACHE: size: 16 KB assoc: 4
DCACHE: hits:207980731 misses:5133580 writebacks:5133154  Hit Ratio: 97.59%
SCACHE: size: 512 KB assoc: 2
SCACHE: hits:6024253 misses:1066192  Hit Ratio: 84.96%
3CACHE: size: 4096 KB assoc: 2
3CACHE: hits:878102 misses:188090  Hit Ratio: 82.36%
3CACHE: dirty items replaced:47435
ITLB: size: 48, misses 73697, miss rate 0.03%
DTLB: size: 128, misses 155035, miss rate 0.07%
Avg mem delay: 1.277 cycles
----------------------------------------
==== Statistics for Master ID: 1 ====
Reads: 324408878   Writes: 123090096
ICACHE: size: 64 KB assoc: 2
ICACHE: hits:249215706 misses:7170  Hit Ratio: 100.00%
DCACHE: size: 16 KB assoc: 4
DCACHE: hits:195315545 misses:2960553 writebacks:2960285  Hit Ratio: 98.51%
SCACHE: size: 512 KB assoc: 2
SCACHE: hits:2635049 misses:332674  Hit Ratio: 88.79%
3CACHE: size: 4096 KB assoc: 2
3CACHE: hits:320235 misses:12439  Hit Ratio: 96.26%
3CACHE: dirty items replaced:2713
ITLB: size: 48, misses 4, miss rate 0.00%
DTLB: size: 128, misses 18104, miss rate 0.01%
Avg mem delay: 1.277 cycles
----------------------------------------
==== Global Resource Utilization ====
STASH: size: 65536 entries, full 1846981843, empty 41944835, misses 3704685, full rate 97.59
icache bank util. 0.330 0.389 0.134 0.104 0.105 0.100 0.091 0.343 
dcache bank util. 0.153 0.144 0.217 0.398 0.158 0.148 0.156 0.153 
L2 bank util. 0.033 0.034 0.034 0.036 0.034 0.031 0.033 0.032 
L1-L2 bus util. = 0.181, L3 util. = 0.007
----------------------------------------
branch prediction, hits = 66150878, misses = 8635543, hit rate = 88.45%
return_stack prediction, hits = 5442763, misses = 17020549, hit rate = 24.23%
jump prediction, hits = 86172033, misses = 11057075, hit rate = 88.63%
 dgeqr2_ dgeqrf_ dger_ dlabad_
**** Debug Statistics at 401000000 Cycles *****
Threads: 4		Fetch Width: 8
No of useful instructions fetched:	1065463582 (33.21% proc util.)
No of total instructions fetched:	2315469187 (72.18% proc util.)
 includes 63170174 misfetch (2.7%), 1186835431 (51.3%) wrong-path fetches
 and 0 flushed after failed lock(0.0%)
No of useful instructions issued/executed:	1065463562 (33.21% proc util.)
No of total instructions issued/executed:	1700647647 (53.01% proc util.)
 includes 635184085 wrong-path (37.3%) insts and 0 flushed (0.0%)
	fp 37867, 0.00%
	synch 0, 0.00%
	integer 1149564731, 67.60%
	load/store 551045049, 32.40%
Avg size of int IQ (before scheduling): 23.38
Avg size of fp IQ (before scheduling): 0.00
No of cycles taken:		401000000
Parallelism [ 1.395, 1.262, 0.000, 0.000,] = 2.657
 IQ conflicts: 5365643 (1.34%), FQ conflicts: 0 (0.00%) 
 I reg conflicts: 38681914 (9.65%), FP reg conflicts: 0 (0.00%)
  Activelist confs: 3731 (0.00%), ROB confs: 789868 (0.20%)
  Int unit conflicts: 645553175 (160.99%), FP unit conflicts: 9 (0.00%)
  Load/store unit conflicts: 79727684 (19.88%)
  MSHR conflicts: 56020991 (13.97%)
----------------------------------------
==== System-wide Cache Statistics ====
Stall for miss queue full 0 cycles (0.00%)
----------------------------------------
==== Statistics for Master ID: 0 ====
Reads: 505979520   Writes: 80953437
ICACHE: size: 64 KB assoc: 2
ICACHE: hits:299042386 misses:2585841  Hit Ratio: 99.14%
DCACHE: size: 16 KB assoc: 4
DCACHE: hits:278601460 misses:6703270 writebacks:6702844  Hit Ratio: 97.65%
SCACHE: size: 512 KB assoc: 2
SCACHE: hits:7929515 misses:1359596  Hit Ratio: 85.36%
3CACHE: size: 4096 KB assoc: 2
3CACHE: hits:1112975 misses:246621  Hit Ratio: 81.86%
3CACHE: dirty items replaced:76650
ITLB: size: 48, misses 96034, miss rate 0.03%
DTLB: size: 128, misses 203341, miss rate 0.07%
Avg mem delay: 1.265 cycles
----------------------------------------
==== Statistics for Master ID: 1 ====
Reads: 433556590   Writes: 164421069
ICACHE: size: 64 KB assoc: 2
ICACHE: hits:333205787 misses:9435  Hit Ratio: 100.00%
DCACHE: size: 16 KB assoc: 4
DCACHE: hits:260810657 misses:3951780 writebacks:3951512  Hit Ratio: 98.51%
SCACHE: size: 512 KB assoc: 2
SCACHE: hits:3529175 misses:432040  Hit Ratio: 89.09%
3CACHE: size: 4096 KB assoc: 2
3CACHE: hits:414004 misses:18036  Hit Ratio: 95.83%
3CACHE: dirty items replaced:5313
ITLB: size: 48, misses 4, miss rate 0.00%
DTLB: size: 128, misses 24118, miss rate 0.01%
Avg mem delay: 1.265 cycles
----------------------------------------
==== Global Resource Utilization ====
STASH: size: 65536 entries, full 2469913283, empty 55947378, misses 4941923, full rate 97.59
icache bank util. 0.331 0.391 0.135 0.105 0.105 0.100 0.092 0.344 
dcache bank util. 0.153 0.146 0.218 0.397 0.156 0.147 0.156 0.157 
L2 bank util. 0.033 0.033 0.033 0.035 0.033 0.031 0.033 0.032 
L1-L2 bus util. = 0.179, L3 util. = 0.007
----------------------------------------
branch prediction, hits = 88045774, misses = 11673719, hit rate = 88.29%
return_stack prediction, hits = 7334431, misses = 22733939, hit rate = 24.39%
jump prediction, hits = 114779499, misses = 14851000, hit rate = 88.54%
 dlacon_ dlae2_ dlaev2_ dlamch_ dlamc1_ dlamc2_
**** Debug Statistics at 501000000 Cycles *****
Threads: 4		Fetch Width: 8
No of useful instructions fetched:	1325997702 (33.08% proc util.)
No of total instructions fetched:	2895476655 (72.24% proc util.)
 includes 80495171 misfetch (2.8%), 1488983782 (51.4%) wrong-path fetches
 and 0 flushed after failed lock(0.0%)
No of useful instructions issued/executed:	1325997647 (33.08% proc util.)
No of total instructions issued/executed:	2123371421 (52.98% proc util.)
 includes 797373774 wrong-path (37.6%) insts and 0 flushed (0.0%)
	fp 56818, 0.00%
	synch 0, 0.00%
	integer 1435294424, 67.60%
	load/store 688020179, 32.40%
Avg size of int IQ (before scheduling): 23.23
Avg size of fp IQ (before scheduling): 0.00
No of cycles taken:		501000000
Parallelism [ 1.381, 1.266, 0.000, 0.000,] = 2.647
 IQ conflicts: 6119348 (1.22%), FQ conflicts: 0 (0.00%) 
 I reg conflicts: 47940464 (9.57%), FP reg conflicts: 0 (0.00%)
  Activelist confs: 5252 (0.00%), ROB confs: 887945 (0.18%)
  Int unit conflicts: 798463122 (159.37%), FP unit conflicts: 19 (0.00%)
  Load/store unit conflicts: 96664514 (19.29%)
  MSHR conflicts: 60137336 (12.00%)
----------------------------------------
==== System-wide Cache Statistics ====
Stall for miss queue full 0 cycles (0.00%)
----------------------------------------
==== Statistics for Master ID: 0 ====
Reads: 629618379   Writes: 100381116
ICACHE: size: 64 KB assoc: 2
ICACHE: hits:371939267 misses:3370733  Hit Ratio: 99.10%
DCACHE: size: 16 KB assoc: 4
DCACHE: hits:346633366 misses:8056129 writebacks:8055703  Hit Ratio: 97.73%
SCACHE: size: 512 KB assoc: 2
SCACHE: hits:9738952 misses:1687910  Hit Ratio: 85.23%
3CACHE: size: 4096 KB assoc: 2
3CACHE: hits:1383902 misses:304008  Hit Ratio: 81.99%
3CACHE: dirty items replaced:108179
ITLB: size: 48, misses 135118, miss rate 0.04%
DTLB: size: 128, misses 248297, miss rate 0.07%
Avg mem delay: 1.251 cycles
----------------------------------------
==== Statistics for Master ID: 1 ====
Reads: 543776513   Writes: 205764253
ICACHE: size: 64 KB assoc: 2
ICACHE: hits:417455129 misses:11960  Hit Ratio: 100.00%
DCACHE: size: 16 KB assoc: 4
DCACHE: hits:327119987 misses:4953690 writebacks:4953422  Hit Ratio: 98.51%
SCACHE: size: 512 KB assoc: 2
SCACHE: hits:4427944 misses:537706  Hit Ratio: 89.17%
3CACHE: size: 4096 KB assoc: 2
3CACHE: hits:516692 misses:21014  Hit Ratio: 96.09%
3CACHE: dirty items replaced:6876
ITLB: size: 48, misses 4, miss rate 0.00%
DTLB: size: 128, misses 30317, miss rate 0.01%
Avg mem delay: 1.251 cycles
----------------------------------------
==== Global Resource Utilization ====
STASH: size: 65536 entries, full 3087561797, empty 71948059, misses 6344575, full rate 97.53
icache bank util. 0.332 0.386 0.139 0.106 0.104 0.099 0.093 0.344 
dcache bank util. 0.153 0.145 0.217 0.397 0.158 0.149 0.153 0.155 
L2 bank util. 0.032 0.033 0.033 0.035 0.033 0.030 0.032 0.031 
L1-L2 bus util. = 0.176, L3 util. = 0.006
----------------------------------------
branch prediction, hits = 108607778, misses = 14802892, hit rate = 88.01%
return_stack prediction, hits = 9237893, misses = 28486903, hit rate = 24.49%
jump prediction, hits = 142085098, misses = 18877643, hit rate = 88.27%
 dlamc3_ dlamc4_ dlamc5_ dlange_ dlansp_
**** Debug Statistics at 601000000 Cycles *****
Threads: 4		Fetch Width: 8
No of useful instructions fetched:	1591035620 (33.09% proc util.)
No of total instructions fetched:	3476106582 (72.30% proc util.)
 includes 96983274 misfetch (2.8%), 1788087688 (51.4%) wrong-path fetches
 and 0 flushed after failed lock(0.0%)
No of useful instructions issued/executed:	1591035609 (33.09% proc util.)
No of total instructions issued/executed:	2549030513 (53.02% proc util.)
 includes 957994904 wrong-path (37.6%) insts and 0 flushed (0.0%)
	fp 76357, 0.00%
	synch 0, 0.00%
	integer 1723058851, 67.60%
	load/store 825895305, 32.40%
Avg size of int IQ (before scheduling): 23.16
Avg size of fp IQ (before scheduling): 0.00
No of cycles taken:		601000000
Parallelism [ 1.380, 1.267, 0.000, 0.000,] = 2.647
 IQ conflicts: 7005239 (1.17%), FQ conflicts: 0 (0.00%) 
 I reg conflicts: 57272824 (9.53%), FP reg conflicts: 0 (0.00%)
  Activelist confs: 6387 (0.00%), ROB confs: 1048531 (0.17%)
  Int unit conflicts: 959822153 (159.70%), FP unit conflicts: 20 (0.00%)
  Load/store unit conflicts: 114932372 (19.12%)
  MSHR conflicts: 69108689 (11.50%)
----------------------------------------
==== System-wide Cache Statistics ====
Stall for miss queue full 0 cycles (0.00%)
----------------------------------------
==== Statistics for Master ID: 0 ====
Reads: 755414557   Writes: 120270947
ICACHE: size: 64 KB assoc: 2
ICACHE: hits:446149511 misses:4087851  Hit Ratio: 99.09%
DCACHE: size: 16 KB assoc: 4
DCACHE: hits:415911877 misses:9536265 writebacks:9535839  Hit Ratio: 97.76%
SCACHE: size: 512 KB assoc: 2
SCACHE: hits:11601782 misses:2022334  Hit Ratio: 85.16%
3CACHE: size: 4096 KB assoc: 2
3CACHE: hits:1661749 misses:360585  Hit Ratio: 82.17%
3CACHE: dirty items replaced:146982
ITLB: size: 48, misses 163618, miss rate 0.04%
DTLB: size: 128, misses 296789, miss rate 0.07%
Avg mem delay: 1.241 cycles
----------------------------------------
==== Statistics for Master ID: 1 ====
Reads: 653352289   Writes: 246984893
ICACHE: size: 64 KB assoc: 2
ICACHE: hits:501383308 misses:14155  Hit Ratio: 100.00%
DCACHE: size: 16 KB assoc: 4
DCACHE: hits:392989459 misses:5950260 writebacks:5949992  Hit Ratio: 98.51%
SCACHE: size: 512 KB assoc: 2
SCACHE: hits:5315283 misses:649132  Hit Ratio: 89.12%
3CACHE: size: 4096 KB assoc: 2
3CACHE: hits:623851 misses:25281  Hit Ratio: 96.11%
3CACHE: dirty items replaced:9162
ITLB: size: 48, misses 4, miss rate 0.00%
DTLB: size: 128, misses 36399, miss rate 0.01%
Avg mem delay: 1.241 cycles
----------------------------------------
==== Global Resource Utilization ====
STASH: size: 65536 entries, full 3706013495, empty 87366165, misses 7699134, full rate 97.50
icache bank util. 0.333 0.384 0.141 0.106 0.104 0.099 0.093 0.344 
dcache bank util. 0.155 0.144 0.215 0.396 0.156 0.148 0.155 0.157 
L2 bank util. 0.032 0.033 0.033 0.035 0.032 0.030 0.032 0.031 
L1-L2 bus util. = 0.175, L3 util. = 0.006
----------------------------------------
branch prediction, hits = 130038942, misses = 17840677, hit rate = 87.94%
return_stack prediction, hits = 11098897, misses = 34216897, hit rate = 24.49%
jump prediction, hits = 170294593, misses = 22722396, hit rate = 88.23%
 dlanst_ dlantr_
**** Debug Statistics at 701000000 Cycles *****
Threads: 4		Fetch Width: 8
No of useful instructions fetched:	1849826508 (32.99% proc util.)
No of total instructions fetched:	4053280996 (72.28% proc util.)
 includes 114451020 misfetch (2.8%), 2089003468 (51.5%) wrong-path fetches
 and 0 flushed after failed lock(0.0%)
No of useful instructions issued/executed:	1849826502 (32.99% proc util.)
No of total instructions issued/executed:	2969032251 (52.94% proc util.)
 includes 1119205749 wrong-path (37.7%) insts and 0 flushed (0.0%)
	fp 80887, 0.00%
	synch 0, 0.00%
	integer 2006029172, 67.57%
	load/store 962922192, 32.43%
Avg size of int IQ (before scheduling): 23.08
Avg size of fp IQ (before scheduling): 0.00
No of cycles taken:		701000000
Parallelism [ 1.371, 1.268, 0.000, 0.000,] = 2.639
 IQ conflicts: 7994610 (1.14%), FQ conflicts: 0 (0.00%) 
 I reg conflicts: 66869867 (9.54%), FP reg conflicts: 0 (0.00%)
  Activelist confs: 7380 (0.00%), ROB confs: 1201188 (0.17%)
  Int unit conflicts: 1106519189 (157.85%), FP unit conflicts: 26 (0.00%)
  Load/store unit conflicts: 134692998 (19.21%)
  MSHR conflicts: 83111813 (11.86%)
----------------------------------------
==== System-wide Cache Statistics ====
Stall for miss queue full 0 cycles (0.00%)
----------------------------------------
==== Statistics for Master ID: 0 ====
Reads: 880251621   Writes: 140506427
ICACHE: size: 64 KB assoc: 2
ICACHE: hits:520219074 misses:4835104  Hit Ratio: 99.08%
DCACHE: size: 16 KB assoc: 4
DCACHE: hits:484494396 misses:11209474 writebacks:11209048  Hit Ratio: 97.74%
SCACHE: size: 512 KB assoc: 2
SCACHE: hits:13667244 misses:2377334  Hit Ratio: 85.18%
3CACHE: size: 4096 KB assoc: 2
3CACHE: hits:1955631 misses:421703  Hit Ratio: 82.26%
3CACHE: dirty items replaced:188339
ITLB: size: 48, misses 188515, miss rate 0.04%
DTLB: size: 128, misses 353133, miss rate 0.07%
Avg mem delay: 1.241 cycles
----------------------------------------
==== Statistics for Master ID: 1 ====
Reads: 762193306   Writes: 288226154
ICACHE: size: 64 KB assoc: 2
ICACHE: hits:585030689 misses:15721  Hit Ratio: 100.00%
DCACHE: size: 16 KB assoc: 4
DCACHE: hits:458430834 misses:6942216 writebacks:6941948  Hit Ratio: 98.51%
SCACHE: size: 512 KB assoc: 2
SCACHE: hits:6199788 misses:758149  Hit Ratio: 89.10%
3CACHE: size: 4096 KB assoc: 2
3CACHE: hits:729469 misses:28680  Hit Ratio: 96.22%
3CACHE: dirty items replaced:10963
ITLB: size: 48, misses 4, miss rate 0.00%
DTLB: size: 128, misses 42526, miss rate 0.01%
Avg mem delay: 1.241 cycles
----------------------------------------
==== Global Resource Utilization ====
STASH: size: 65536 entries, full 4320340638, empty 102909454, misses 9067404, full rate 97.47
icache bank util. 0.332 0.386 0.140 0.106 0.105 0.100 0.093 0.342 
dcache bank util. 0.155 0.144 0.215 0.395 0.155 0.148 0.156 0.159 
L2 bank util. 0.032 0.033 0.033 0.035 0.032 0.030 0.032 0.032 
L1-L2 bus util. = 0.176, L3 util. = 0.006
----------------------------------------
branch prediction, hits = 150738712, misses = 21064575, hit rate = 87.74%
return_stack prediction, hits = 12949476, misses = 39924293, hit rate = 24.49%
jump prediction, hits = 197444977, misses = 26790692, hit rate = 88.05%
 dlapy2_
**** Early Exiting at 754916961 Cycles *****
========================================
 SMTSIM Global Statistics
========================================
Threads: 4		Fetch Width: 8
No of useful instructions fetched:	2000000129 (33.12% proc util.)
No of total instructions fetched:	4368905403 (72.34% proc util.)
 includes 122418885 misfetch (2.8%), 2246486389 (51.4%) wrong-path fetches
 and 0 flushed after failed lock(0.0%)
No of useful instructions issued/executed:	2000000067 (33.12% proc util.)
No of total instructions issued/executed:	3203293948 (53.04% proc util.)
 includes 1203293881 wrong-path (37.6%) insts and 0 flushed (0.0%)
	fp 85438, 0.00%
	synch 0, 0.00%
	integer 2165243631, 67.59%
	load/store 1037964879, 32.40%
Avg size of int IQ (before scheduling): 23.10
Avg size of fp IQ (before scheduling): 0.00
No of cycles taken:		754916961
Parallelism [ 1.382, 1.267, 0.000, 0.000,] = 2.649
 IQ conflicts: 8691336 (1.15%), FQ conflicts: 0 (0.00%) 
 I reg conflicts: 71714996 (9.50%), FP reg conflicts: 0 (0.00%)
  Activelist confs: 7724 (0.00%), ROB confs: 1371701 (0.18%)
  Int unit conflicts: 1205155687 (159.64%), FP unit conflicts: 26 (0.00%)
  Load/store unit conflicts: 149017661 (19.74%)
  MSHR conflicts: 102713562 (13.61%)
----------------------------------------
==== System-wide Cache Statistics ====
Stall for miss queue full 0 cycles (0.00%)
----------------------------------------
==== Statistics for Master ID: 0 ====
Reads: 950810214   Writes: 151728247
ICACHE: size: 64 KB assoc: 2
ICACHE: hits:562226876 misses:5117029  Hit Ratio: 99.10%
DCACHE: size: 16 KB assoc: 4
DCACHE: hits:523054672 misses:12139884 writebacks:12139458  Hit Ratio: 97.73%
SCACHE: size: 512 KB assoc: 2
SCACHE: hits:14702766 misses:2554147  Hit Ratio: 85.20%
3CACHE: size: 4096 KB assoc: 2
3CACHE: hits:2108173 misses:445974  Hit Ratio: 82.54%
3CACHE: dirty items replaced:205184
ITLB: size: 48, misses 193458, miss rate 0.03%
DTLB: size: 128, misses 382870, miss rate 0.07%
Avg mem delay: 1.237 cycles
----------------------------------------
==== Statistics for Master ID: 1 ====
Reads: 820438280   Writes: 310368725
ICACHE: size: 64 KB assoc: 2
ICACHE: hits:630009708 misses:16691  Hit Ratio: 100.00%
DCACHE: size: 16 KB assoc: 4
DCACHE: hits:493307557 misses:7473049 writebacks:7472781  Hit Ratio: 98.51%
SCACHE: size: 512 KB assoc: 2
SCACHE: hits:6673362 misses:816378  Hit Ratio: 89.10%
3CACHE: size: 4096 KB assoc: 2
3CACHE: hits:787300 misses:29078  Hit Ratio: 96.44%
3CACHE: dirty items replaced:11265
ITLB: size: 48, misses 4, miss rate 0.00%
DTLB: size: 128, misses 45707, miss rate 0.01%
Avg mem delay: 1.237 cycles
----------------------------------------
==== Global Resource Utilization ====
STASH: size: 65536 entries, full 4657660275, empty 109459105, misses 9643717, full rate 97.51
icache bank util. 0.332 0.387 0.140 0.106 0.105 0.100 0.093 0.343 
dcache bank util. 0.156 0.144 0.214 0.394 0.155 0.149 0.158 0.158 
L2 bank util. 0.032 0.033 0.033 0.035 0.032 0.030 0.032 0.032 
L1-L2 bus util. = 0.176, L3 util. = 0.006
----------------------------------------
branch prediction, hits = 163603172, misses = 22659492, hit rate = 87.83%
return_stack prediction, hits = 13830143, misses = 42985477, hit rate = 24.34%
jump prediction, hits = 213704074, misses = 28658126, hit rate = 88.18%
total IPC 2.649

=== Results saved to: ./results/gcc-scilab_1_recurseq_3.txt ===
