===== 执行信息 =====
Cache目录：ssmtc64-500-5%
执行命令：./smtsim ../seqacc.arg ../gzip-program.arg ../cacherand.arg ../randacc.arg
执行时间：2026-04-18 06:28:07
返回码：0
===== 输出内容 =====
动态重分配参数：每500万周期检查，阈值5
Process 0, Thread 0: seqacc
Process 1, Thread 1: gzip-program
Process 2, Thread 2: cacherand
Process 3, Thread 3: randacc
[切片调度] 新安全域0无任何切片，尝试分配空闲切片
[切片管理] 成功绑定切片0 → 安全域0

======================== 切片硬件状态 ========================
切片号 | 所属安全域 | 当前状态    | 路扩展 | LRU touched
------------------------------------------------------------------
  0    |   域0      | 正常运行   |  否   |  0
  1    |   域-1     | 切片空闲   |  否   |  0
  2    |   域-1     | 切片空闲   |  否   |  0
  3    |   域-1     | 切片空闲   |  否   |  0
==================================================================

[切片管理] 成功绑定切片1 → 安全域0，触发【路扩展模式】

======================== 切片硬件状态 ========================
切片号 | 所属安全域 | 当前状态    | 路扩展 | LRU touched
------------------------------------------------------------------
  0    |   域0      | 正常运行   |  是   |  0
  1    |   域0      | 正常运行   |  是   |  0
  2    |   域-1     | 切片空闲   |  否   |  0
  3    |   域-1     | 切片空闲   |  否   |  0
==================================================================

[切片调度] 新安全域1无任何切片，尝试分配空闲切片
[切片管理] 成功绑定切片2 → 安全域1

======================== 切片硬件状态 ========================
切片号 | 所属安全域 | 当前状态    | 路扩展 | LRU touched
------------------------------------------------------------------
  0    |   域0      | 正常运行   |  是   |  320
  1    |   域0      | 正常运行   |  是   |  0
  2    |   域1      | 正常运行   |  否   |  0
  3    |   域-1     | 切片空闲   |  否   |  0
==================================================================

[切片管理] 成功绑定切片3 → 安全域1，触发【路扩展模式】

======================== 切片硬件状态 ========================
切片号 | 所属安全域 | 当前状态    | 路扩展 | LRU touched
------------------------------------------------------------------
  0    |   域0      | 正常运行   |  是   |  320
  1    |   域0      | 正常运行   |  是   |  0
  2    |   域1      | 正常运行   |  是   |  0
  3    |   域1      | 正常运行   |  是   |  0
==================================================================

[切片调度] 新安全域2无任何切片，尝试分配空闲切片
[切片调度] 新安全域2未找到空闲切片，尝试剥夺切片
[切片替换] 优先从【路扩展切片】中选择LRU替换目标...
[切片替换] 找到路扩展切片作为受害者：切片1（最后访问：0）
[切片调度] 安全域2触发切片剥夺：从域0剥夺切片1
[切片剥夺] 周期723：切片1（所属域0）进入待剥夺状态，禁止新替换
[切片剥夺] 周期723：切片1在途请求已清空，开始执行脏行写回
[切片剥夺] 周期723：切片1无脏行，直接完成剥夺
[切片管理] 周期723：原域0仅剩1个切片，关闭路扩展模式
[动态重分配] 周期723：切片1写回完成，自动绑定到域2
[切片管理] 成功绑定切片1 → 安全域2

======================== 切片硬件状态 ========================
切片号 | 所属安全域 | 当前状态    | 路扩展 | LRU touched
------------------------------------------------------------------
  0    |   域0      | 正常运行   |  否   |  320
  1    |   域2      | 正常运行   |  否   |  723
  2    |   域1      | 正常运行   |  是   |  723
  3    |   域1      | 正常运行   |  是   |  0
==================================================================

[切片唤醒] 周期723：域2切片就绪，唤醒等待指令
[切片调度] 新安全域3无任何切片，尝试分配空闲切片
[切片调度] 新安全域3未找到空闲切片，尝试剥夺切片
[切片替换] 优先从【路扩展切片】中选择LRU替换目标...
[切片替换] 找到路扩展切片作为受害者：切片3（最后访问：0）
[切片调度] 安全域3触发切片剥夺：从域1剥夺切片3
[切片剥夺] 周期725：切片3（所属域1）进入待剥夺状态，禁止新替换
[切片剥夺] 周期725：切片3在途请求已清空，开始执行脏行写回
[切片剥夺] 周期725：切片3无脏行，直接完成剥夺
[切片管理] 周期725：原域1仅剩1个切片，关闭路扩展模式
[动态重分配] 周期725：切片3写回完成，自动绑定到域3
[切片管理] 成功绑定切片3 → 安全域3

======================== 切片硬件状态 ========================
切片号 | 所属安全域 | 当前状态    | 路扩展 | LRU touched
------------------------------------------------------------------
  0    |   域0      | 正常运行   |  否   |  320
  1    |   域2      | 正常运行   |  否   |  723
  2    |   域1      | 正常运行   |  否   |  725
  3    |   域3      | 正常运行   |  否   |  725
==================================================================

[切片唤醒] 周期725：域3切片就绪，唤醒等待指令

**** Debug Statistics at 1000000 Cycles *****
Threads: 4		Fetch Width: 8
No of useful instructions fetched:	2370636 (29.63% proc util.)
No of total instructions fetched:	2381979 (29.77% proc util.)
 includes 876 misfetch (0.0%), 10467 (0.4%) wrong-path fetches
 and 0 flushed after failed lock(0.0%)
No of useful instructions issued/executed:	2370579 (29.63% proc util.)
No of total instructions issued/executed:	2372604 (29.66% proc util.)
 includes 2025 wrong-path (0.1%) insts and 0 flushed (0.0%)
	fp 20, 0.00%
	synch 0, 0.00%
	integer 2201364, 92.78%
	load/store 171220, 7.22%
Avg size of int IQ (before scheduling): 30.15
Avg size of fp IQ (before scheduling): 0.00
No of cycles taken:		1000000
Parallelism [ 0.795, 0.123, 0.689, 0.764,] = 2.371
 IQ conflicts: 603 (0.06%), FQ conflicts: 0 (0.00%) 
 I reg conflicts: 676406 (67.64%), FP reg conflicts: 0 (0.00%)
  Activelist confs: 0 (0.00%), ROB confs: 0 (0.00%)
  Int unit conflicts: 94367 (9.44%), FP unit conflicts: 0 (0.00%)
  Load/store unit conflicts: 263 (0.03%)
  MSHR conflicts: 6584 (0.66%)
----------------------------------------
==== System-wide Cache Statistics ====
Stall for miss queue full 0 cycles (0.00%)
----------------------------------------
==== Statistics for Master ID: 0 ====
Reads: 259101   Writes: 5127
ICACHE: size: 64 KB assoc: 2
ICACHE: hits:223169 misses:10  Hit Ratio: 100.00%
DCACHE: size: 1*16 KB assoc: 1*4
DCACHE: hits:37254 misses:3795 writebacks:323  Hit Ratio: 90.75%
SCACHE: size: 512 KB assoc: 2
SCACHE: hits:3230 misses:575  Hit Ratio: 84.89%
3CACHE: size: 4096 KB assoc: 2
3CACHE: hits:219 misses:356  Hit Ratio: 38.09%
3CACHE: dirty items replaced:0
ITLB: size: 48, misses 1, miss rate 0.00%
DTLB: size: 128, misses 29, miss rate 0.07%
Avg mem delay: 45.931 cycles
----------------------------------------
==== Statistics for Master ID: 1 ====
Reads: 89439   Writes: 20052
ICACHE: size: 64 KB assoc: 2
ICACHE: hits:50300 misses:206  Hit Ratio: 99.59%
DCACHE: size: 1*16 KB assoc: 1*4
DCACHE: hits:39667 misses:19318 writebacks:19169  Hit Ratio: 67.25%
SCACHE: size: 512 KB assoc: 2
SCACHE: hits:14 misses:19506  Hit Ratio: 0.07%
3CACHE: size: 4096 KB assoc: 2
3CACHE: hits:0 misses:19502  Hit Ratio: 0.00%
3CACHE: dirty items replaced:0
ITLB: size: 48, misses 18, miss rate 0.04%
DTLB: size: 128, misses 4811, miss rate 8.16%
Avg mem delay: 45.931 cycles
----------------------------------------
==== Statistics for Master ID: 2 ====
Reads: 185301   Writes: 35
ICACHE: size: 64 KB assoc: 2
ICACHE: hits:159704 misses:32  Hit Ratio: 99.98%
DCACHE: size: 1*16 KB assoc: 1*4
DCACHE: hits:8571 misses:17028 writebacks:12  Hit Ratio: 33.48%
SCACHE: size: 512 KB assoc: 2
SCACHE: hits:15370 misses:1690  Hit Ratio: 90.09%
3CACHE: size: 4096 KB assoc: 2
3CACHE: hits:669 misses:1021  Hit Ratio: 39.59%
3CACHE: dirty items replaced:0
ITLB: size: 48, misses 4, miss rate 0.00%
DTLB: size: 128, misses 36, miss rate 0.14%
Avg mem delay: 45.931 cycles
----------------------------------------
==== Statistics for Master ID: 3 ====
Reads: 244432   Writes: 35
ICACHE: size: 64 KB assoc: 2
ICACHE: hits:198845 misses:36  Hit Ratio: 99.98%
DCACHE: size: 1*16 KB assoc: 1*4
DCACHE: hits:35463 misses:10122 writebacks:12  Hit Ratio: 77.80%
SCACHE: size: 512 KB assoc: 2
SCACHE: hits:8954 misses:1204  Hit Ratio: 88.15%
3CACHE: size: 4096 KB assoc: 2
3CACHE: hits:299 misses:905  Hit Ratio: 24.83%
3CACHE: dirty items replaced:0
ITLB: size: 48, misses 4, miss rate 0.00%
DTLB: size: 128, misses 98, miss rate 0.21%
Avg mem delay: 45.931 cycles
----------------------------------------
==== Global Resource Utilization ====
STASH: size: 65536 entries, full 2389627, empty 2547, misses 239, full rate 99.88
icache bank util. 0.221 0.176 0.033 0.000 0.000 0.015 0.052 0.136 
dcache bank util. 0.022 0.022 0.040 0.021 0.021 0.044 0.190 0.021 
L2 bank util. 0.021 0.021 0.020 0.021 0.021 0.021 0.257 0.021 
L1-L2 bus util. = 0.210, L3 util. = 0.218
----------------------------------------

======================== 切片硬件状态 ========================
切片号 | 所属安全域 | 当前状态    | 路扩展 | LRU touched
------------------------------------------------------------------
  0    |   域0      | 正常运行   |  否   |  999995
  1    |   域2      | 正常运行   |  否   |  999971
  2    |   域1      | 正常运行   |  否   |  999998
  3    |   域3      | 正常运行   |  否   |  999996
==================================================================

branch prediction, hits = 120774, misses = 880, hit rate = 99.28%
return_stack prediction, hits = 95, misses = 9, hit rate = 91.35%
jump prediction, hits = 158519, misses = 291, hit rate = 99.82%

**** Debug Statistics at 101000000 Cycles *****
Threads: 4		Fetch Width: 8
No of useful instructions fetched:	251285244 (31.10% proc util.)
No of total instructions fetched:	251999090 (31.19% proc util.)
 includes 1129 misfetch (0.0%), 712717 (0.3%) wrong-path fetches
 and 0 flushed after failed lock(0.0%)
No of useful instructions issued/executed:	251285205 (31.10% proc util.)
No of total instructions issued/executed:	251386481 (31.11% proc util.)
 includes 101276 wrong-path (0.0%) insts and 0 flushed (0.0%)
	fp 34, 0.00%
	synch 0, 0.00%
	integer 231063177, 91.92%
	load/store 20323270, 8.08%
Avg size of int IQ (before scheduling): 23.35
Avg size of fp IQ (before scheduling): 0.00
No of cycles taken:		101000000
Parallelism [ 0.746, 0.311, 0.675, 0.757,] = 2.488
 IQ conflicts: 1846 (0.00%), FQ conflicts: 0 (0.00%) 
 I reg conflicts: 67100274 (66.44%), FP reg conflicts: 0 (0.00%)
  Activelist confs: 0 (0.00%), ROB confs: 0 (0.00%)
  Int unit conflicts: 10318372 (10.22%), FP unit conflicts: 0 (0.00%)
  Load/store unit conflicts: 467 (0.00%)
  MSHR conflicts: 8106 (0.01%)
----------------------------------------
==== System-wide Cache Statistics ====
Stall for miss queue full 0 cycles (0.00%)
----------------------------------------
==== Statistics for Master ID: 0 ====
Reads: 24706048   Writes: 5127
ICACHE: size: 64 KB assoc: 2
ICACHE: hits:20804574 misses:10  Hit Ratio: 100.00%
DCACHE: size: 1*16 KB assoc: 1*4
DCACHE: hits:3535993 misses:370598 writebacks:323  Hit Ratio: 90.51%
SCACHE: size: 512 KB assoc: 2
SCACHE: hits:365483 misses:5125  Hit Ratio: 98.62%
3CACHE: size: 4096 KB assoc: 2
3CACHE: hits:3004 misses:2121  Hit Ratio: 58.61%
3CACHE: dirty items replaced:0
ITLB: size: 48, misses 1, miss rate 0.00%
DTLB: size: 128, misses 104, miss rate 0.00%
Avg mem delay: 14.989 cycles
----------------------------------------
==== Statistics for Master ID: 1 ====
Reads: 15883408   Writes: 4578029
ICACHE: size: 64 KB assoc: 2
ICACHE: hits:11120446 misses:268  Hit Ratio: 100.00%
DCACHE: size: 1*16 KB assoc: 1*4
DCACHE: hits:8058104 misses:1282619 writebacks:733369  Hit Ratio: 86.27%
SCACHE: size: 512 KB assoc: 2
SCACHE: hits:27 misses:1282860  Hit Ratio: 0.00%
3CACHE: size: 4096 KB assoc: 2
3CACHE: hits:0 misses:1282859  Hit Ratio: 0.00%
3CACHE: dirty items replaced:0
ITLB: size: 48, misses 19, miss rate 0.00%
DTLB: size: 128, misses 63313, miss rate 0.68%
Avg mem delay: 14.989 cycles
----------------------------------------
==== Statistics for Master ID: 2 ====
Reads: 18291101   Writes: 35
ICACHE: size: 64 KB assoc: 2
ICACHE: hits:15767530 misses:42  Hit Ratio: 100.00%
DCACHE: size: 1*16 KB assoc: 1*4
DCACHE: hits:840082 misses:1683481 writebacks:12  Hit Ratio: 33.29%
SCACHE: size: 512 KB assoc: 2
SCACHE: hits:1573223 misses:110300  Hit Ratio: 93.45%
3CACHE: size: 4096 KB assoc: 2
3CACHE: hits:92788 misses:17512  Hit Ratio: 84.12%
3CACHE: dirty items replaced:0
ITLB: size: 48, misses 4, miss rate 0.00%
DTLB: size: 128, misses 181, miss rate 0.01%
Avg mem delay: 14.989 cycles
----------------------------------------
==== Statistics for Master ID: 3 ====
Reads: 24257641   Writes: 35
ICACHE: size: 64 KB assoc: 2
ICACHE: hits:19705237 misses:47  Hit Ratio: 100.00%
DCACHE: size: 1*16 KB assoc: 1*4
DCACHE: hits:3547468 misses:1004923 writebacks:12  Hit Ratio: 77.93%
SCACHE: size: 512 KB assoc: 2
SCACHE: hits:884412 misses:120558  Hit Ratio: 88.00%
3CACHE: size: 4096 KB assoc: 2
3CACHE: hits:103460 misses:17098  Hit Ratio: 85.82%
3CACHE: dirty items replaced:0
ITLB: size: 48, misses 4, miss rate 0.00%
DTLB: size: 128, misses 884, miss rate 0.02%
Avg mem delay: 14.989 cycles
----------------------------------------
==== Global Resource Utilization ====
STASH: size: 65536 entries, full 253383481, empty 3065, misses 280, full rate 100.00
icache bank util. 0.219 0.173 0.035 0.000 0.000 0.064 0.040 0.136 
dcache bank util. 0.037 0.037 0.039 0.037 0.037 0.060 0.059 0.047 
L2 bank util. 0.034 0.034 0.034 0.034 0.034 0.035 0.042 0.049 
L1-L2 bus util. = 0.151, L3 util. = 0.131
----------------------------------------

======================== 切片硬件状态 ========================
切片号 | 所属安全域 | 当前状态    | 路扩展 | LRU touched
------------------------------------------------------------------
  0    |   域0      | 正常运行   |  否   |  100999989
  1    |   域2      | 正常运行   |  否   |  100999968
  2    |   域1      | 正常运行   |  否   |  100999990
  3    |   域3      | 正常运行   |  否   |  100999996
==================================================================

branch prediction, hits = 15838212, misses = 71354, hit rate = 99.55%
return_stack prediction, hits = 232, misses = 10, hit rate = 95.87%
jump prediction, hits = 19752439, misses = 363, hit rate = 100.00%

**** Debug Statistics at 201000000 Cycles *****
Threads: 4		Fetch Width: 8
No of useful instructions fetched:	587636010 (36.54% proc util.)
No of total instructions fetched:	598497637 (37.22% proc util.)
 includes 2527 misfetch (0.0%), 10859100 (1.8%) wrong-path fetches
 and 0 flushed after failed lock(0.0%)
No of useful instructions issued/executed:	587635945 (36.54% proc util.)
No of total instructions issued/executed:	591397368 (36.78% proc util.)
 includes 3761423 wrong-path (0.6%) insts and 0 flushed (0.0%)
	fp 34, 0.00%
	synch 0, 0.00%
	integer 535830943, 90.60%
	load/store 55566391, 9.40%
Avg size of int IQ (before scheduling): 24.94
Avg size of fp IQ (before scheduling): 0.00
No of cycles taken:		201000000
Parallelism [ 0.828, 0.537, 0.734, 0.825,] = 2.924
 IQ conflicts: 6518 (0.00%), FQ conflicts: 0 (0.00%) 
 I reg conflicts: 119993319 (59.70%), FP reg conflicts: 0 (0.00%)
  Activelist confs: 0 (0.00%), ROB confs: 141 (0.00%)
  Int unit conflicts: 73767201 (36.70%), FP unit conflicts: 0 (0.00%)
  Load/store unit conflicts: 159448 (0.08%)
  MSHR conflicts: 384473 (0.19%)
----------------------------------------
==== System-wide Cache Statistics ====
Stall for miss queue full 0 cycles (0.00%)
----------------------------------------
==== Statistics for Master ID: 0 ====
Reads: 55470667   Writes: 5127
ICACHE: size: 64 KB assoc: 2
ICACHE: hits:46850283 misses:10  Hit Ratio: 100.00%
DCACHE: size: 1*16 KB assoc: 1*4
DCACHE: hits:7804638 misses:820863 writebacks:323  Hit Ratio: 90.48%
SCACHE: size: 512 KB assoc: 2
SCACHE: hits:813398 misses:7475  Hit Ratio: 99.09%
3CACHE: size: 4096 KB assoc: 2
3CACHE: hits:3746 misses:3729  Hit Ratio: 50.11%
3CACHE: dirty items replaced:0
ITLB: size: 48, misses 1, miss rate 0.00%
DTLB: size: 128, misses 114, miss rate 0.00%
Avg mem delay: 8.862 cycles
----------------------------------------
==== Statistics for Master ID: 1 ====
Reads: 55477224   Writes: 11849046
ICACHE: size: 64 KB assoc: 2
ICACHE: hits:35736286 misses:538  Hit Ratio: 100.00%
DCACHE: size: 1*16 KB assoc: 1*4
DCACHE: hits:29005180 misses:2584266 writebacks:1305056  Hit Ratio: 91.82%
SCACHE: size: 512 KB assoc: 2
SCACHE: hits:440851 misses:2143953  Hit Ratio: 17.06%
3CACHE: size: 4096 KB assoc: 2
3CACHE: hits:15711 misses:2128241  Hit Ratio: 0.73%
3CACHE: dirty items replaced:430
ITLB: size: 48, misses 25, miss rate 0.00%
DTLB: size: 128, misses 90849, miss rate 0.29%
Avg mem delay: 8.862 cycles
----------------------------------------
==== Statistics for Master ID: 2 ====
Reads: 40205492   Writes: 35
ICACHE: size: 64 KB assoc: 2
ICACHE: hits:34741267 misses:43  Hit Ratio: 100.00%
DCACHE: size: 1*16 KB assoc: 1*4
DCACHE: hits:1820030 misses:3644186 writebacks:12  Hit Ratio: 33.31%
SCACHE: size: 512 KB assoc: 2
SCACHE: hits:3439504 misses:204725  Hit Ratio: 94.38%
3CACHE: size: 4096 KB assoc: 2
3CACHE: hits:164218 misses:40507  Hit Ratio: 80.21%
3CACHE: dirty items replaced:462
ITLB: size: 48, misses 4, miss rate 0.00%
DTLB: size: 128, misses 196, miss rate 0.00%
Avg mem delay: 8.862 cycles
----------------------------------------
==== Statistics for Master ID: 3 ====
Reads: 53729192   Writes: 46
ICACHE: size: 64 KB assoc: 2
ICACHE: hits:43841961 misses:51  Hit Ratio: 100.00%
DCACHE: size: 1*16 KB assoc: 1*4
DCACHE: hits:7705076 misses:2182149 writebacks:23  Hit Ratio: 77.93%
SCACHE: size: 512 KB assoc: 2
SCACHE: hits:1954013 misses:228187  Hit Ratio: 89.54%
3CACHE: size: 4096 KB assoc: 2
3CACHE: hits:187676 misses:40511  Hit Ratio: 82.25%
3CACHE: dirty items replaced:515
ITLB: size: 48, misses 4, miss rate 0.00%
DTLB: size: 128, misses 1055, miss rate 0.01%
Avg mem delay: 8.862 cycles
----------------------------------------
==== Global Resource Utilization ====
STASH: size: 65536 entries, full 608429231, empty 6780, misses 546, full rate 100.00
icache bank util. 0.251 0.196 0.044 0.009 0.015 0.084 0.054 0.148 
dcache bank util. 0.043 0.047 0.050 0.046 0.054 0.068 0.075 0.051 
L2 bank util. 0.036 0.036 0.036 0.036 0.036 0.036 0.040 0.044 
L1-L2 bus util. = 0.157, L3 util. = 0.110
----------------------------------------

======================== 切片硬件状态 ========================
切片号 | 所属安全域 | 当前状态    | 路扩展 | LRU touched
------------------------------------------------------------------
  0    |   域0      | 正常运行   |  否   |  200999981
  1    |   域2      | 正常运行   |  否   |  200999985
  2    |   域1      | 正常运行   |  否   |  200999996
  3    |   域3      | 正常运行   |  否   |  200999999
==================================================================

branch prediction, hits = 35702846, misses = 736081, hit rate = 97.98%
return_stack prediction, hits = 388728, misses = 10, hit rate = 100.00%
jump prediction, hits = 45839793, misses = 814, hit rate = 100.00%

**** Debug Statistics at 301000000 Cycles *****
Threads: 4		Fetch Width: 8
No of useful instructions fetched:	1064624445 (44.21% proc util.)
No of total instructions fetched:	1096649160 (45.54% proc util.)
 includes 3880 misfetch (0.0%), 32020835 (2.9%) wrong-path fetches
 and 0 flushed after failed lock(0.0%)
No of useful instructions issued/executed:	1064624403 (44.21% proc util.)
No of total instructions issued/executed:	1076027776 (44.69% proc util.)
 includes 11403373 wrong-path (1.1%) insts and 0 flushed (0.0%)
	fp 34, 0.00%
	synch 0, 0.00%
	integer 965063559, 89.69%
	load/store 110964183, 10.31%
Avg size of int IQ (before scheduling): 27.86
Avg size of fp IQ (before scheduling): 0.00
No of cycles taken:		301000000
Parallelism [ 0.948, 0.834, 0.825, 0.930,] = 3.537
 IQ conflicts: 19164 (0.01%), FQ conflicts: 0 (0.00%) 
 I reg conflicts: 151221005 (50.24%), FP reg conflicts: 0 (0.00%)
  Activelist confs: 0 (0.00%), ROB confs: 141 (0.00%)
  Int unit conflicts: 219857680 (73.04%), FP unit conflicts: 0 (0.00%)
  Load/store unit conflicts: 512462 (0.17%)
  MSHR conflicts: 386902 (0.13%)
----------------------------------------
==== System-wide Cache Statistics ====
Stall for miss queue full 0 cycles (0.00%)
----------------------------------------
==== Statistics for Master ID: 0 ====
Reads: 97093171   Writes: 5127
ICACHE: size: 64 KB assoc: 2
ICACHE: hits:82304270 misses:10  Hit Ratio: 100.00%
DCACHE: size: 1*16 KB assoc: 1*4
DCACHE: hits:13385573 misses:1408445 writebacks:323  Hit Ratio: 90.48%
SCACHE: size: 512 KB assoc: 2
SCACHE: hits:1400972 misses:7483  Hit Ratio: 99.47%
3CACHE: size: 4096 KB assoc: 2
3CACHE: hits:3754 misses:3729  Hit Ratio: 50.17%
3CACHE: dirty items replaced:0
ITLB: size: 48, misses 1, miss rate 0.00%
DTLB: size: 128, misses 122, miss rate 0.00%
Avg mem delay: 5.135 cycles
----------------------------------------
==== Statistics for Master ID: 1 ====
Reads: 127593477   Writes: 22059938
ICACHE: size: 64 KB assoc: 2
ICACHE: hits:79363668 misses:538  Hit Ratio: 100.00%
DCACHE: size: 1*16 KB assoc: 1*4
DCACHE: hits:66667993 misses:3621216 writebacks:1737919  Hit Ratio: 94.85%
SCACHE: size: 512 KB assoc: 2
SCACHE: hits:1397509 misses:2224245  Hit Ratio: 38.59%
3CACHE: size: 4096 KB assoc: 2
3CACHE: hits:50466 misses:2173779  Hit Ratio: 2.27%
3CACHE: dirty items replaced:1884
ITLB: size: 48, misses 25, miss rate 0.00%
DTLB: size: 128, misses 91388, miss rate 0.13%
Avg mem delay: 5.135 cycles
----------------------------------------
==== Statistics for Master ID: 2 ====
Reads: 69324830   Writes: 35
ICACHE: size: 64 KB assoc: 2
ICACHE: hits:60122404 misses:43  Hit Ratio: 100.00%
DCACHE: size: 1*16 KB assoc: 1*4
DCACHE: hits:3064985 misses:6137432 writebacks:12  Hit Ratio: 33.31%
SCACHE: size: 512 KB assoc: 2
SCACHE: hits:5891683 misses:245792  Hit Ratio: 96.00%
3CACHE: size: 4096 KB assoc: 2
3CACHE: hits:179938 misses:65854  Hit Ratio: 73.21%
3CACHE: dirty items replaced:1957
ITLB: size: 48, misses 4, miss rate 0.00%
DTLB: size: 128, misses 196, miss rate 0.00%
Avg mem delay: 5.135 cycles
----------------------------------------
==== Statistics for Master ID: 3 ====
Reads: 92863794   Writes: 85
ICACHE: size: 64 KB assoc: 2
ICACHE: hits:76185296 misses:51  Hit Ratio: 100.00%
DCACHE: size: 1*16 KB assoc: 1*4
DCACHE: hits:12999825 misses:3678706 writebacks:61  Hit Ratio: 77.94%
SCACHE: size: 512 KB assoc: 2
SCACHE: hits:3396999 misses:281758  Hit Ratio: 92.34%
3CACHE: size: 4096 KB assoc: 2
3CACHE: hits:215993 misses:65765  Hit Ratio: 76.66%
3CACHE: dirty items replaced:1963
ITLB: size: 48, misses 4, miss rate 0.00%
DTLB: size: 128, misses 1061, miss rate 0.01%
Avg mem delay: 5.135 cycles
----------------------------------------
==== Global Resource Utilization ====
STASH: size: 65536 entries, full 1126605806, empty 6809, misses 547, full rate 100.00
icache bank util. 0.303 0.231 0.057 0.021 0.034 0.089 0.077 0.179 
dcache bank util. 0.050 0.059 0.063 0.056 0.073 0.076 0.097 0.059 
L2 bank util. 0.036 0.036 0.036 0.037 0.036 0.037 0.039 0.044 
L1-L2 bus util. = 0.165, L3 util. = 0.077
----------------------------------------

======================== 切片硬件状态 ========================
切片号 | 所属安全域 | 当前状态    | 路扩展 | LRU touched
------------------------------------------------------------------
  0    |   域0      | 正常运行   |  否   |  300999993
  1    |   域2      | 正常运行   |  否   |  300999991
  2    |   域1      | 正常运行   |  否   |  300999998
  3    |   域3      | 正常运行   |  否   |  300999989
==================================================================

branch prediction, hits = 61265020, misses = 2095496, hit rate = 96.69%
return_stack prediction, hits = 1306301, misses = 10, hit rate = 100.00%
jump prediction, hits = 81042027, misses = 1348, hit rate = 100.00%

**** Debug Statistics at 401000000 Cycles *****
Threads: 4		Fetch Width: 8
No of useful instructions fetched:	1542358753 (48.08% proc util.)
No of total instructions fetched:	1593748997 (49.68% proc util.)
 includes 5252 misfetch (0.0%), 51384992 (3.2%) wrong-path fetches
 and 0 flushed after failed lock(0.0%)
No of useful instructions issued/executed:	1542358693 (48.08% proc util.)
No of total instructions issued/executed:	1560680898 (48.65% proc util.)
 includes 18322205 wrong-path (1.2%) insts and 0 flushed (0.0%)
	fp 34, 0.00%
	synch 0, 0.00%
	integer 1393457401, 89.29%
	load/store 167223463, 10.71%
Avg size of int IQ (before scheduling): 29.33
Avg size of fp IQ (before scheduling): 0.00
No of cycles taken:		401000000
Parallelism [ 1.008, 0.987, 0.871, 0.981,] = 3.846
 IQ conflicts: 32254 (0.01%), FQ conflicts: 0 (0.00%) 
 I reg conflicts: 182550500 (45.52%), FP reg conflicts: 0 (0.00%)
  Activelist confs: 0 (0.00%), ROB confs: 141 (0.00%)
  Int unit conflicts: 368308474 (91.85%), FP unit conflicts: 0 (0.00%)
  Load/store unit conflicts: 903290 (0.23%)
  MSHR conflicts: 390371 (0.10%)
----------------------------------------
==== System-wide Cache Statistics ====
Stall for miss queue full 0 cycles (0.00%)
----------------------------------------
==== Statistics for Master ID: 0 ====
Reads: 138666689   Writes: 5127
ICACHE: size: 64 KB assoc: 2
ICACHE: hits:117719765 misses:10  Hit Ratio: 100.00%
DCACHE: size: 1*16 KB assoc: 1*4
DCACHE: hits:18956896 misses:1995145 writebacks:323  Hit Ratio: 90.48%
SCACHE: size: 512 KB assoc: 2
SCACHE: hits:1987655 misses:7500  Hit Ratio: 99.62%
3CACHE: size: 4096 KB assoc: 2
3CACHE: hits:3764 misses:3736  Hit Ratio: 50.19%
3CACHE: dirty items replaced:1
ITLB: size: 48, misses 1, miss rate 0.00%
DTLB: size: 128, misses 129, miss rate 0.00%
Avg mem delay: 3.977 cycles
----------------------------------------
==== Statistics for Master ID: 1 ====
Reads: 199948313   Writes: 32826852
ICACHE: size: 64 KB assoc: 2
ICACHE: hits:122895966 misses:538  Hit Ratio: 100.00%
DCACHE: size: 1*16 KB assoc: 1*4
DCACHE: hits:105255554 misses:4623107 writebacks:2170633  Hit Ratio: 95.79%
SCACHE: size: 512 KB assoc: 2
SCACHE: hits:2317205 misses:2306440  Hit Ratio: 50.12%
3CACHE: size: 4096 KB assoc: 2
3CACHE: hits:85640 misses:2220800  Hit Ratio: 3.71%
3CACHE: dirty items replaced:3960
ITLB: size: 48, misses 25, miss rate 0.00%
DTLB: size: 128, misses 91926, miss rate 0.08%
Avg mem delay: 3.977 cycles
----------------------------------------
==== Statistics for Master ID: 2 ====
Reads: 98403244   Writes: 35
ICACHE: size: 64 KB assoc: 2
ICACHE: hits:85468498 misses:43  Hit Ratio: 100.00%
DCACHE: size: 1*16 KB assoc: 1*4
DCACHE: hits:4307803 misses:8626934 writebacks:12  Hit Ratio: 33.30%
SCACHE: size: 512 KB assoc: 2
SCACHE: hits:8338951 misses:288026  Hit Ratio: 96.66%
3CACHE: size: 4096 KB assoc: 2
3CACHE: hits:196252 misses:91774  Hit Ratio: 68.14%
3CACHE: dirty items replaced:3521
ITLB: size: 48, misses 4, miss rate 0.00%
DTLB: size: 128, misses 196, miss rate 0.00%
Avg mem delay: 3.977 cycles
----------------------------------------
==== Statistics for Master ID: 3 ====
Reads: 131930949   Writes: 117
ICACHE: size: 64 KB assoc: 2
ICACHE: hits:108472999 misses:51  Hit Ratio: 100.00%
DCACHE: size: 1*16 KB assoc: 1*4
DCACHE: hits:18283490 misses:5174525 writebacks:93  Hit Ratio: 77.94%
SCACHE: size: 512 KB assoc: 2
SCACHE: hits:4838405 misses:336171  Hit Ratio: 93.50%
3CACHE: size: 4096 KB assoc: 2
3CACHE: hits:244291 misses:91880  Hit Ratio: 72.67%
3CACHE: dirty items replaced:3644
ITLB: size: 48, misses 4, miss rate 0.00%
DTLB: size: 128, misses 1068, miss rate 0.00%
Avg mem delay: 3.977 cycles
----------------------------------------
==== Global Resource Utilization ====
STASH: size: 65536 entries, full 1643701930, empty 6821, misses 547, full rate 100.00
icache bank util. 0.329 0.248 0.063 0.027 0.043 0.090 0.088 0.195 
dcache bank util. 0.054 0.064 0.071 0.061 0.085 0.081 0.108 0.063 
L2 bank util. 0.036 0.036 0.036 0.037 0.036 0.037 0.039 0.043 
L1-L2 bus util. = 0.169, L3 util. = 0.060
----------------------------------------

======================== 切片硬件状态 ========================
切片号 | 所属安全域 | 当前状态    | 路扩展 | LRU touched
------------------------------------------------------------------
  0    |   域0      | 正常运行   |  否   |  400999979
  1    |   域2      | 正常运行   |  否   |  400999901
  2    |   域1      | 正常运行   |  否   |  400999998
  3    |   域3      | 正常运行   |  否   |  400999999
==================================================================

branch prediction, hits = 86734123, misses = 3342065, hit rate = 96.29%
return_stack prediction, hits = 2267813, misses = 10, hit rate = 100.00%
jump prediction, hits = 116146876, misses = 1882, hit rate = 100.00%

**** Early Exiting at 497137550 Cycles *****
========================================
 SMTSIM Global Statistics
========================================
Threads: 4		Fetch Width: 8
No of useful instructions fetched:	2000000120 (50.29% proc util.)
No of total instructions fetched:	2071339310 (52.08% proc util.)
 includes 6722 misfetch (0.0%), 71332468 (3.4%) wrong-path fetches
 and 0 flushed after failed lock(0.0%)
No of useful instructions issued/executed:	2000000061 (50.29% proc util.)
No of total instructions issued/executed:	2025597853 (50.93% proc util.)
 includes 25597792 wrong-path (1.3%) insts and 0 flushed (0.0%)
	fp 34, 0.00%
	synch 0, 0.00%
	integer 1804198920, 89.07%
	load/store 221398899, 10.93%
Avg size of int IQ (before scheduling): 30.16
Avg size of fp IQ (before scheduling): 0.00
No of cycles taken:		497137550
Parallelism [ 1.042, 1.073, 0.897, 1.011,] = 4.023
 IQ conflicts: 44153 (0.01%), FQ conflicts: 0 (0.00%) 
 I reg conflicts: 212627344 (42.77%), FP reg conflicts: 0 (0.00%)
  Activelist confs: 0 (0.00%), ROB confs: 141 (0.00%)
  Int unit conflicts: 510311824 (102.65%), FP unit conflicts: 0 (0.00%)
  Load/store unit conflicts: 1283631 (0.26%)
  MSHR conflicts: 393386 (0.08%)
----------------------------------------
==== System-wide Cache Statistics ====
Stall for miss queue full 0 cycles (0.00%)
----------------------------------------
==== Statistics for Master ID: 0 ====
Reads: 178580035   Writes: 5127
ICACHE: size: 64 KB assoc: 2
ICACHE: hits:151719233 misses:10  Hit Ratio: 100.00%
DCACHE: size: 1*16 KB assoc: 1*4
DCACHE: hits:24305458 misses:2560461 writebacks:323  Hit Ratio: 90.47%
SCACHE: size: 512 KB assoc: 2
SCACHE: hits:2552960 misses:7511  Hit Ratio: 99.71%
3CACHE: size: 4096 KB assoc: 2
3CACHE: hits:3773 misses:3738  Hit Ratio: 50.23%
3CACHE: dirty items replaced:1
ITLB: size: 48, misses 1, miss rate 0.00%
DTLB: size: 128, misses 130, miss rate 0.00%
Avg mem delay: 3.436 cycles
----------------------------------------
==== Statistics for Master ID: 1 ====
Reads: 269772955   Writes: 43234759
ICACHE: size: 64 KB assoc: 2
ICACHE: hits:164959979 misses:539  Hit Ratio: 100.00%
DCACHE: size: 1*16 KB assoc: 1*4
DCACHE: hits:142414758 misses:5632438 writebacks:2603969  Hit Ratio: 96.20%
SCACHE: size: 512 KB assoc: 2
SCACHE: hits:3248034 misses:2384943  Hit Ratio: 57.66%
3CACHE: size: 4096 KB assoc: 2
3CACHE: hits:118803 misses:2266140  Hit Ratio: 4.98%
3CACHE: dirty items replaced:5382
ITLB: size: 48, misses 25, miss rate 0.00%
DTLB: size: 128, misses 92420, miss rate 0.06%
Avg mem delay: 3.436 cycles
----------------------------------------
==== Statistics for Master ID: 2 ====
Reads: 126321494   Writes: 36
ICACHE: size: 64 KB assoc: 2
ICACHE: hits:109803746 misses:43  Hit Ratio: 100.00%
DCACHE: size: 1*16 KB assoc: 1*4
DCACHE: hits:5502786 misses:11014954 writebacks:13  Hit Ratio: 33.31%
SCACHE: size: 512 KB assoc: 2
SCACHE: hits:10685493 misses:329504  Hit Ratio: 97.01%
3CACHE: size: 4096 KB assoc: 2
3CACHE: hits:212115 misses:117389  Hit Ratio: 64.37%
3CACHE: dirty items replaced:4938
ITLB: size: 48, misses 4, miss rate 0.00%
DTLB: size: 128, misses 197, miss rate 0.00%
Avg mem delay: 3.436 cycles
----------------------------------------
==== Statistics for Master ID: 3 ====
Reads: 169456619   Writes: 144
ICACHE: size: 64 KB assoc: 2
ICACHE: hits:139488676 misses:51  Hit Ratio: 100.00%
DCACHE: size: 1*16 KB assoc: 1*4
DCACHE: hits:23359360 misses:6608675 writebacks:118  Hit Ratio: 77.95%
SCACHE: size: 512 KB assoc: 2
SCACHE: hits:6219787 misses:388939  Hit Ratio: 94.11%
3CACHE: size: 4096 KB assoc: 2
3CACHE: hits:271484 misses:117455  Hit Ratio: 69.80%
3CACHE: dirty items replaced:4980
ITLB: size: 48, misses 4, miss rate 0.00%
DTLB: size: 128, misses 1076, miss rate 0.00%
Avg mem delay: 3.436 cycles
----------------------------------------
==== Global Resource Utilization ====
STASH: size: 65536 entries, full 2141012942, empty 6823, misses 547, full rate 100.00
icache bank util. 0.343 0.258 0.067 0.031 0.049 0.091 0.095 0.204 
dcache bank util. 0.056 0.068 0.075 0.064 0.092 0.083 0.114 0.065 
L2 bank util. 0.036 0.036 0.037 0.037 0.036 0.037 0.038 0.042 
L1-L2 bus util. = 0.172, L3 util. = 0.050
----------------------------------------

======================== 切片硬件状态 ========================
切片号 | 所属安全域 | 当前状态    | 路扩展 | LRU touched
------------------------------------------------------------------
  0    |   域0      | 正常运行   |  否   |  497137540
  1    |   域2      | 正常运行   |  否   |  497137521
  2    |   域1      | 正常运行   |  否   |  497137548
  3    |   域3      | 正常运行   |  否   |  497137546
==================================================================

branch prediction, hits = 111034728, misses = 4614612, hit rate = 96.01%
return_stack prediction, hits = 3211969, misses = 10, hit rate = 100.00%
jump prediction, hits = 149868055, misses = 2470, hit rate = 100.00%
total IPC 4.023

=== Results saved to: ./results/seqacc_1_gzip-program_1_cacherand_1_randacc_1.txt ===
