===== 执行信息 =====
Cache目录：ssmtc64-500-5%
执行命令：./smtsim ../smalltrans.arg ../gcc-200.arg ../gzip-source.arg ../gzip-program.arg
执行时间：2026-04-18 07:04:02
返回码：0
===== 输出内容 =====
动态重分配参数：每500万周期检查，阈值5
Process 0, Thread 0: smalltrans
Process 1, Thread 1: gcc-200
Process 2, Thread 2: gzip-source
Process 3, Thread 3: gzip-program
[切片调度] 新安全域1无任何切片，尝试分配空闲切片
[切片管理] 成功绑定切片0 → 安全域1

======================== 切片硬件状态 ========================
切片号 | 所属安全域 | 当前状态    | 路扩展 | LRU touched
------------------------------------------------------------------
  0    |   域1      | 正常运行   |  否   |  0
  1    |   域-1     | 切片空闲   |  否   |  0
  2    |   域-1     | 切片空闲   |  否   |  0
  3    |   域-1     | 切片空闲   |  否   |  0
==================================================================

[切片管理] 成功绑定切片1 → 安全域1，触发【路扩展模式】

======================== 切片硬件状态 ========================
切片号 | 所属安全域 | 当前状态    | 路扩展 | LRU touched
------------------------------------------------------------------
  0    |   域1      | 正常运行   |  是   |  0
  1    |   域1      | 正常运行   |  是   |  0
  2    |   域-1     | 切片空闲   |  否   |  0
  3    |   域-1     | 切片空闲   |  否   |  0
==================================================================

[切片调度] 新安全域2无任何切片，尝试分配空闲切片
[切片管理] 成功绑定切片2 → 安全域2

======================== 切片硬件状态 ========================
切片号 | 所属安全域 | 当前状态    | 路扩展 | LRU touched
------------------------------------------------------------------
  0    |   域1      | 正常运行   |  是   |  405
  1    |   域1      | 正常运行   |  是   |  0
  2    |   域2      | 正常运行   |  否   |  0
  3    |   域-1     | 切片空闲   |  否   |  0
==================================================================

[切片管理] 成功绑定切片3 → 安全域2，触发【路扩展模式】

======================== 切片硬件状态 ========================
切片号 | 所属安全域 | 当前状态    | 路扩展 | LRU touched
------------------------------------------------------------------
  0    |   域1      | 正常运行   |  是   |  405
  1    |   域1      | 正常运行   |  是   |  0
  2    |   域2      | 正常运行   |  是   |  0
  3    |   域2      | 正常运行   |  是   |  0
==================================================================

[切片调度] 新安全域3无任何切片，尝试分配空闲切片
[切片调度] 新安全域3未找到空闲切片，尝试剥夺切片
[切片替换] 优先从【路扩展切片】中选择LRU替换目标...
[切片替换] 找到路扩展切片作为受害者：切片1（最后访问：0）
[切片调度] 安全域3触发切片剥夺：从域1剥夺切片1
[切片剥夺] 周期756：切片1（所属域1）进入待剥夺状态，禁止新替换
[切片剥夺] 周期756：切片1在途请求已清空，开始执行脏行写回
[切片剥夺] 周期756：切片1无脏行，直接完成剥夺
[切片管理] 周期756：原域1仅剩1个切片，关闭路扩展模式
[动态重分配] 周期756：切片1写回完成，自动绑定到域3
[切片管理] 成功绑定切片1 → 安全域3

======================== 切片硬件状态 ========================
切片号 | 所属安全域 | 当前状态    | 路扩展 | LRU touched
------------------------------------------------------------------
  0    |   域1      | 正常运行   |  否   |  405
  1    |   域3      | 正常运行   |  否   |  756
  2    |   域2      | 正常运行   |  是   |  756
  3    |   域2      | 正常运行   |  是   |  0
==================================================================

[切片唤醒] 周期756：域3切片就绪，唤醒等待指令
[切片调度] 新安全域0无任何切片，尝试分配空闲切片
[切片调度] 新安全域0未找到空闲切片，尝试剥夺切片
[切片替换] 优先从【路扩展切片】中选择LRU替换目标...
[切片替换] 找到路扩展切片作为受害者：切片3（最后访问：0）
[切片调度] 安全域0触发切片剥夺：从域2剥夺切片3
[切片剥夺] 周期757：切片3（所属域2）进入待剥夺状态，禁止新替换
[切片剥夺] 周期757：切片3在途请求已清空，开始执行脏行写回
[切片剥夺] 周期757：切片3无脏行，直接完成剥夺
[切片调度] 域0已有切片3在写回，指令入队等待
[切片管理] 周期757：原域2仅剩1个切片，关闭路扩展模式
[动态重分配] 周期757：切片3写回完成，自动绑定到域0
[切片管理] 成功绑定切片3 → 安全域0

======================== 切片硬件状态 ========================
切片号 | 所属安全域 | 当前状态    | 路扩展 | LRU touched
------------------------------------------------------------------
  0    |   域1      | 正常运行   |  否   |  405
  1    |   域3      | 正常运行   |  否   |  756
  2    |   域2      | 正常运行   |  否   |  757
  3    |   域0      | 正常运行   |  否   |  757
==================================================================

[切片唤醒] 周期757：域0切片就绪，唤醒等待指令
[切片唤醒] 周期757：域0切片就绪，唤醒等待指令

**** Debug Statistics at 1000000 Cycles *****
Threads: 4		Fetch Width: 8
No of useful instructions fetched:	896270 (11.20% proc util.)
No of total instructions fetched:	992441 (12.41% proc util.)
 includes 13170 misfetch (1.3%), 83001 (8.4%) wrong-path fetches
 and 0 flushed after failed lock(0.0%)
No of useful instructions issued/executed:	896211 (11.20% proc util.)
No of total instructions issued/executed:	929593 (11.62% proc util.)
 includes 33382 wrong-path (3.6%) insts and 0 flushed (0.0%)
	fp 74, 0.01%
	synch 0, 0.00%
	integer 540898, 58.19%
	load/store 388621, 41.81%
Avg size of int IQ (before scheduling): 40.19
Avg size of fp IQ (before scheduling): 0.01
No of cycles taken:		1000000
Parallelism [ 0.482, 0.258, 0.078, 0.078,] = 0.896
 IQ conflicts: 12608 (1.26%), FQ conflicts: 0 (0.00%) 
 I reg conflicts: 833940 (83.39%), FP reg conflicts: 0 (0.00%)
  Activelist confs: 0 (0.00%), ROB confs: 0 (0.00%)
  Int unit conflicts: 81456 (8.15%), FP unit conflicts: 0 (0.00%)
  Load/store unit conflicts: 80544 (8.05%)
  MSHR conflicts: 4261806 (426.18%)
----------------------------------------
==== System-wide Cache Statistics ====
Stall for miss queue full 0 cycles (0.00%)
----------------------------------------
==== Statistics for Master ID: 0 ====
Reads: 259497   Writes: 115143
ICACHE: size: 64 KB assoc: 2
ICACHE: hits:142780 misses:3  Hit Ratio: 100.00%
DCACHE: size: 1*16 KB assoc: 1*4
DCACHE: hits:224875 misses:6980 writebacks:6546  Hit Ratio: 96.99%
SCACHE: size: 512 KB assoc: 2
SCACHE: hits:6191 misses:792  Hit Ratio: 88.66%
3CACHE: size: 4096 KB assoc: 2
3CACHE: hits:257 misses:535  Hit Ratio: 32.45%
3CACHE: dirty items replaced:0
ITLB: size: 48, misses 1, miss rate 0.00%
DTLB: size: 128, misses 80, miss rate 0.03%
Avg mem delay: 40.558 cycles
----------------------------------------
==== Statistics for Master ID: 1 ====
Reads: 140323   Writes: 31631
ICACHE: size: 64 KB assoc: 2
ICACHE: hits:88839 misses:1274  Hit Ratio: 98.59%
DCACHE: size: 1*16 KB assoc: 1*4
DCACHE: hits:80095 misses:1746 writebacks:1024  Hit Ratio: 97.87%
SCACHE: size: 512 KB assoc: 2
SCACHE: hits:450 misses:2570  Hit Ratio: 14.90%
3CACHE: size: 4096 KB assoc: 2
3CACHE: hits:94 misses:2475  Hit Ratio: 3.66%
3CACHE: dirty items replaced:0
ITLB: size: 48, misses 70, miss rate 0.08%
DTLB: size: 128, misses 310, miss rate 0.38%
Avg mem delay: 40.558 cycles
----------------------------------------
==== Statistics for Master ID: 2 ====
Reads: 51542   Writes: 12925
ICACHE: size: 64 KB assoc: 2
ICACHE: hits:26539 misses:317  Hit Ratio: 98.82%
DCACHE: size: 1*16 KB assoc: 1*4
DCACHE: hits:25448 misses:12163 writebacks:12009  Hit Ratio: 67.66%
SCACHE: size: 512 KB assoc: 2
SCACHE: hits:61 misses:12418  Hit Ratio: 0.49%
3CACHE: size: 4096 KB assoc: 2
3CACHE: hits:61 misses:12357  Hit Ratio: 0.49%
3CACHE: dirty items replaced:0
ITLB: size: 48, misses 21, miss rate 0.08%
DTLB: size: 128, misses 3024, miss rate 8.04%
Avg mem delay: 40.558 cycles
----------------------------------------
==== Statistics for Master ID: 3 ====
Reads: 50859   Writes: 12814
ICACHE: size: 64 KB assoc: 2
ICACHE: hits:26093 misses:318  Hit Ratio: 98.80%
DCACHE: size: 1*16 KB assoc: 1*4
DCACHE: hits:25180 misses:12081 writebacks:11931  Hit Ratio: 67.58%
SCACHE: size: 512 KB assoc: 2
SCACHE: hits:65 misses:12334  Hit Ratio: 0.52%
3CACHE: size: 4096 KB assoc: 2
3CACHE: hits:60 misses:12270  Hit Ratio: 0.49%
3CACHE: dirty items replaced:0
ITLB: size: 48, misses 21, miss rate 0.08%
DTLB: size: 128, misses 3001, miss rate 8.05%
Avg mem delay: 40.558 cycles
----------------------------------------
==== Global Resource Utilization ====
STASH: size: 65536 entries, full 101017050, empty 20727, misses 1778, full rate 99.98
icache bank util. 0.024 0.015 0.015 0.015 0.012 0.011 0.094 0.105 
dcache bank util. 0.050 0.051 0.066 0.043 0.042 0.042 0.238 0.050 
L2 bank util. 0.014 0.011 0.011 0.011 0.011 0.011 0.300 0.011 
L1-L2 bus util. = 0.199, L3 util. = 0.276
----------------------------------------

======================== 切片硬件状态 ========================
切片号 | 所属安全域 | 当前状态    | 路扩展 | LRU touched
------------------------------------------------------------------
  0    |   域1      | 正常运行   |  否   |  999972
  1    |   域3      | 正常运行   |  否   |  999924
  2    |   域2      | 正常运行   |  否   |  999977
  3    |   域0      | 正常运行   |  否   |  999976
==================================================================

branch prediction, hits = 93942, misses = 5714, hit rate = 94.27%
return_stack prediction, hits = 3443, misses = 22, hit rate = 99.37%
jump prediction, hits = 96106, misses = 3580, hit rate = 96.41%
 abend_ adia_ adib_ ambm6_
**** Debug Statistics at 101000000 Cycles *****
Threads: 4		Fetch Width: 8
No of useful instructions fetched:	118103944 (14.62% proc util.)
No of total instructions fetched:	129989105 (16.09% proc util.)
 includes 3181525 misfetch (2.4%), 8703636 (6.7%) wrong-path fetches
 and 0 flushed after failed lock(0.0%)
No of useful instructions issued/executed:	118103921 (14.62% proc util.)
No of total instructions issued/executed:	121548429 (15.04% proc util.)
 includes 3444508 wrong-path (2.8%) insts and 0 flushed (0.0%)
	fp 1870, 0.00%
	synch 0, 0.00%
	integer 74475454, 61.27%
	load/store 47071105, 38.73%
Avg size of int IQ (before scheduling): 17.27
Avg size of fp IQ (before scheduling): 0.00
No of cycles taken:		101000000
Parallelism [ 0.448, 0.298, 0.225, 0.199,] = 1.169
 IQ conflicts: 25006 (0.02%), FQ conflicts: 0 (0.00%) 
 I reg conflicts: 81942911 (81.13%), FP reg conflicts: 0 (0.00%)
  Activelist confs: 0 (0.00%), ROB confs: 0 (0.00%)
  Int unit conflicts: 11917812 (11.80%), FP unit conflicts: 0 (0.00%)
  Load/store unit conflicts: 3787299 (3.75%)
  MSHR conflicts: 97357569 (96.39%)
----------------------------------------
==== System-wide Cache Statistics ====
Stall for miss queue full 0 cycles (0.00%)
----------------------------------------
==== Statistics for Master ID: 0 ====
Reads: 25873626   Writes: 10804433
ICACHE: size: 64 KB assoc: 2
ICACHE: hits:14949759 misses:2532  Hit Ratio: 99.98%
DCACHE: size: 1*16 KB assoc: 1*4
DCACHE: hits:21081769 misses:643997 writebacks:635803  Hit Ratio: 97.04%
SCACHE: size: 512 KB assoc: 2
SCACHE: hits:621996 misses:24533  Hit Ratio: 96.21%
3CACHE: size: 4096 KB assoc: 2
3CACHE: hits:18769 misses:5764  Hit Ratio: 76.51%
3CACHE: dirty items replaced:240
ITLB: size: 48, misses 1, miss rate 0.00%
DTLB: size: 128, misses 1506, miss rate 0.01%
Avg mem delay: 11.105 cycles
----------------------------------------
==== Statistics for Master ID: 1 ====
Reads: 18703777   Writes: 3731571
ICACHE: size: 64 KB assoc: 2
ICACHE: hits:10136872 misses:275593  Hit Ratio: 97.35%
DCACHE: size: 1*16 KB assoc: 1*4
DCACHE: hits:11645098 misses:377785 writebacks:84234  Hit Ratio: 96.86%
SCACHE: size: 512 KB assoc: 2
SCACHE: hits:416624 misses:236754  Hit Ratio: 63.76%
3CACHE: size: 4096 KB assoc: 2
3CACHE: hits:150911 misses:85843  Hit Ratio: 63.74%
3CACHE: dirty items replaced:4883
ITLB: size: 48, misses 27813, miss rate 0.27%
DTLB: size: 128, misses 22598, miss rate 0.19%
Avg mem delay: 11.105 cycles
----------------------------------------
==== Statistics for Master ID: 2 ====
Reads: 10516875   Writes: 3774381
ICACHE: size: 64 KB assoc: 2
ICACHE: hits:6552098 misses:5536  Hit Ratio: 99.92%
DCACHE: size: 1*16 KB assoc: 1*4
DCACHE: hits:6651919 misses:1081703 writebacks:632900  Hit Ratio: 86.01%
SCACHE: size: 512 KB assoc: 2
SCACHE: hits:3726 misses:1083513  Hit Ratio: 0.34%
3CACHE: size: 4096 KB assoc: 2
3CACHE: hits:1226 misses:1082287  Hit Ratio: 0.11%
3CACHE: dirty items replaced:17545
ITLB: size: 48, misses 61, miss rate 0.00%
DTLB: size: 128, misses 60179, miss rate 0.78%
Avg mem delay: 11.105 cycles
----------------------------------------
==== Statistics for Master ID: 3 ====
Reads: 8615816   Writes: 2694248
ICACHE: size: 64 KB assoc: 2
ICACHE: hits:5727134 misses:9821  Hit Ratio: 99.83%
DCACHE: size: 1*16 KB assoc: 1*4
DCACHE: hits:4761419 misses:811689 writebacks:497901  Hit Ratio: 85.44%
SCACHE: size: 512 KB assoc: 2
SCACHE: hits:7982 misses:813528  Hit Ratio: 0.97%
3CACHE: size: 4096 KB assoc: 2
3CACHE: hits:1260 misses:812268  Hit Ratio: 0.15%
3CACHE: dirty items replaced:15475
ITLB: size: 48, misses 64, miss rate 0.00%
DTLB: size: 128, misses 55955, miss rate 1.00%
Avg mem delay: 11.105 cycles
----------------------------------------
==== Global Resource Utilization ====
STASH: size: 65536 entries, full 230930451, empty 4769850, misses 437004, full rate 97.79
icache bank util. 0.026 0.015 0.013 0.014 0.013 0.093 0.099 0.110 
dcache bank util. 0.073 0.075 0.076 0.071 0.071 0.070 0.080 0.091 
L2 bank util. 0.033 0.032 0.032 0.032 0.031 0.032 0.047 0.062 
L1-L2 bus util. = 0.150, L3 util. = 0.197
----------------------------------------

======================== 切片硬件状态 ========================
切片号 | 所属安全域 | 当前状态    | 路扩展 | LRU touched
------------------------------------------------------------------
  0    |   域1      | 正常运行   |  否   |  100999986
  1    |   域3      | 正常运行   |  否   |  100999992
  2    |   域2      | 正常运行   |  否   |  100999971
  3    |   域0      | 正常运行   |  否   |  100999976
==================================================================

branch prediction, hits = 14900126, misses = 827713, hit rate = 94.74%
return_stack prediction, hits = 398673, misses = 1102, hit rate = 99.72%
jump prediction, hits = 14276106, misses = 1036771, hit rate = 93.23%
 analie6_
**** Debug Statistics at 201000000 Cycles *****
Threads: 4		Fetch Width: 8
No of useful instructions fetched:	250563274 (15.58% proc util.)
No of total instructions fetched:	273276602 (16.99% proc util.)
 includes 5106497 misfetch (1.9%), 17606831 (6.4%) wrong-path fetches
 and 0 flushed after failed lock(0.0%)
No of useful instructions issued/executed:	250563234 (15.58% proc util.)
No of total instructions issued/executed:	257466235 (16.01% proc util.)
 includes 6903001 wrong-path (2.7%) insts and 0 flushed (0.0%)
	fp 10197, 0.00%
	synch 0, 0.00%
	integer 157855605, 61.31%
	load/store 99600433, 38.68%
Avg size of int IQ (before scheduling): 15.99
Avg size of fp IQ (before scheduling): 0.00
No of cycles taken:		201000000
Parallelism [ 0.456, 0.325, 0.247, 0.218,] = 1.247
 IQ conflicts: 25062 (0.01%), FQ conflicts: 0 (0.00%) 
 I reg conflicts: 161283151 (80.24%), FP reg conflicts: 0 (0.00%)
  Activelist confs: 0 (0.00%), ROB confs: 0 (0.00%)
  Int unit conflicts: 27769064 (13.82%), FP unit conflicts: 4 (0.00%)
  Load/store unit conflicts: 9002319 (4.48%)
  MSHR conflicts: 213974021 (106.45%)
----------------------------------------
==== System-wide Cache Statistics ====
Stall for miss queue full 0 cycles (0.00%)
----------------------------------------
==== Statistics for Master ID: 0 ====
Reads: 53082101   Writes: 21869215
ICACHE: size: 64 KB assoc: 2
ICACHE: hits:30979079 misses:2635  Hit Ratio: 99.99%
DCACHE: size: 1*16 KB assoc: 1*4
DCACHE: hits:42665896 misses:1303704 writebacks:1287246  Hit Ratio: 97.03%
SCACHE: size: 512 KB assoc: 2
SCACHE: hits:1264793 misses:41546  Hit Ratio: 96.82%
3CACHE: size: 4096 KB assoc: 2
3CACHE: hits:31006 misses:10540  Hit Ratio: 74.63%
3CACHE: dirty items replaced:561
ITLB: size: 48, misses 1, miss rate 0.00%
DTLB: size: 128, misses 1987, miss rate 0.00%
Avg mem delay: 8.793 cycles
----------------------------------------
==== Statistics for Master ID: 1 ====
Reads: 39785068   Writes: 7944918
ICACHE: size: 64 KB assoc: 2
ICACHE: hits:21293708 misses:406513  Hit Ratio: 98.13%
DCACHE: size: 1*16 KB assoc: 1*4
DCACHE: hits:25305370 misses:724395 writebacks:169531  Hit Ratio: 97.22%
SCACHE: size: 512 KB assoc: 2
SCACHE: hits:717238 misses:413670  Hit Ratio: 63.42%
3CACHE: size: 4096 KB assoc: 2
3CACHE: hits:262873 misses:150797  Hit Ratio: 63.55%
3CACHE: dirty items replaced:21199
ITLB: size: 48, misses 35494, miss rate 0.16%
DTLB: size: 128, misses 36997, miss rate 0.14%
Avg mem delay: 8.793 cycles
----------------------------------------
==== Statistics for Master ID: 2 ====
Reads: 22649511   Writes: 7315336
ICACHE: size: 64 KB assoc: 2
ICACHE: hits:13882553 misses:21484  Hit Ratio: 99.85%
DCACHE: size: 1*16 KB assoc: 1*4
DCACHE: hits:14072892 misses:1987918 writebacks:1051321  Hit Ratio: 87.62%
SCACHE: size: 512 KB assoc: 2
SCACHE: hits:68941 misses:1940461  Hit Ratio: 3.43%
3CACHE: size: 4096 KB assoc: 2
3CACHE: hits:16748 misses:1923712  Hit Ratio: 0.86%
3CACHE: dirty items replaced:70012
ITLB: size: 48, misses 98, miss rate 0.00%
DTLB: size: 128, misses 88327, miss rate 0.55%
Avg mem delay: 8.793 cycles
----------------------------------------
==== Statistics for Master ID: 3 ====
Reads: 19102530   Writes: 6660095
ICACHE: size: 64 KB assoc: 2
ICACHE: hits:12232581 misses:25021  Hit Ratio: 99.80%
DCACHE: size: 1*16 KB assoc: 1*4
DCACHE: hits:11701843 misses:1803179 writebacks:993641  Hit Ratio: 86.65%
SCACHE: size: 512 KB assoc: 2
SCACHE: hits:22819 misses:1805381  Hit Ratio: 1.25%
3CACHE: size: 4096 KB assoc: 2
3CACHE: hits:1432 misses:1803949  Hit Ratio: 0.08%
3CACHE: dirty items replaced:75931
ITLB: size: 48, misses 80, miss rate 0.00%
DTLB: size: 128, misses 71469, miss rate 0.53%
Avg mem delay: 8.793 cycles
----------------------------------------
==== Global Resource Utilization ====
STASH: size: 65536 entries, full 377167037, empty 7241555, misses 666175, full rate 97.95
icache bank util. 0.023 0.016 0.014 0.015 0.016 0.113 0.098 0.104 
dcache bank util. 0.079 0.080 0.079 0.076 0.076 0.075 0.082 0.087 
L2 bank util. 0.034 0.034 0.034 0.033 0.033 0.034 0.041 0.048 
L1-L2 bus util. = 0.146, L3 util. = 0.193
----------------------------------------

======================== 切片硬件状态 ========================
切片号 | 所属安全域 | 当前状态    | 路扩展 | LRU touched
------------------------------------------------------------------
  0    |   域1      | 正常运行   |  否   |  200999999
  1    |   域3      | 正常运行   |  否   |  200999993
  2    |   域2      | 正常运行   |  否   |  200999984
  3    |   域0      | 正常运行   |  否   |  200999998
==================================================================

branch prediction, hits = 32340055, misses = 1696120, hit rate = 95.02%
return_stack prediction, hits = 878941, misses = 1360, hit rate = 99.85%
jump prediction, hits = 31636254, misses = 1758402, hit rate = 94.73%
 betalf_
**** Debug Statistics at 301000000 Cycles *****
Threads: 4		Fetch Width: 8
No of useful instructions fetched:	704341194 (29.25% proc util.)
No of total instructions fetched:	812842758 (33.76% proc util.)
 includes 12781223 misfetch (1.6%), 95720341 (11.8%) wrong-path fetches
 and 0 flushed after failed lock(0.0%)
No of useful instructions issued/executed:	704341140 (29.25% proc util.)
No of total instructions issued/executed:	742110976 (30.82% proc util.)
 includes 37769836 wrong-path (5.1%) insts and 0 flushed (0.0%)
	fp 39524, 0.01%
	synch 0, 0.00%
	integer 469517228, 63.27%
	load/store 272554224, 36.73%
Avg size of int IQ (before scheduling): 20.96
Avg size of fp IQ (before scheduling): 0.00
No of cycles taken:		301000000
Parallelism [ 0.820, 0.506, 0.546, 0.468,] = 2.340
 IQ conflicts: 1074543 (0.36%), FQ conflicts: 0 (0.00%) 
 I reg conflicts: 180394687 (59.93%), FP reg conflicts: 0 (0.00%)
  Activelist confs: 97 (0.00%), ROB confs: 70787 (0.02%)
  Int unit conflicts: 441948494 (146.83%), FP unit conflicts: 8 (0.00%)
  Load/store unit conflicts: 45153800 (15.00%)
  MSHR conflicts: 229146501 (76.13%)
----------------------------------------
==== System-wide Cache Statistics ====
Stall for miss queue full 0 cycles (0.00%)
----------------------------------------
==== Statistics for Master ID: 0 ====
Reads: 144619102   Writes: 58977687
ICACHE: size: 64 KB assoc: 2
ICACHE: hits:84774474 misses:3389  Hit Ratio: 100.00%
DCACHE: size: 1*16 KB assoc: 1*4
DCACHE: hits:115297238 misses:3521686 writebacks:3474232  Hit Ratio: 97.04%
SCACHE: size: 512 KB assoc: 2
SCACHE: hits:3473636 misses:51439  Hit Ratio: 98.54%
3CACHE: size: 4096 KB assoc: 2
3CACHE: hits:39027 misses:12412  Hit Ratio: 75.87%
3CACHE: dirty items replaced:1629
ITLB: size: 48, misses 1, miss rate 0.00%
DTLB: size: 128, misses 9193, miss rate 0.01%
Avg mem delay: 4.288 cycles
----------------------------------------
==== Statistics for Master ID: 1 ====
Reads: 103114574   Writes: 19263017
ICACHE: size: 64 KB assoc: 2
ICACHE: hits:56973528 misses:929484  Hit Ratio: 98.39%
DCACHE: size: 1*16 KB assoc: 1*4
DCACHE: hits:62856896 misses:1617683 writebacks:418242  Hit Ratio: 97.49%
SCACHE: size: 512 KB assoc: 2
SCACHE: hits:1792289 misses:754878  Hit Ratio: 70.36%
3CACHE: size: 4096 KB assoc: 2
3CACHE: hits:534947 misses:219931  Hit Ratio: 70.87%
3CACHE: dirty items replaced:37495
ITLB: size: 48, misses 67148, miss rate 0.12%
DTLB: size: 128, misses 126298, miss rate 0.20%
Avg mem delay: 4.288 cycles
----------------------------------------
==== Statistics for Master ID: 2 ====
Reads: 81350078   Writes: 16146865
ICACHE: size: 64 KB assoc: 2
ICACHE: hits:49408774 misses:134125  Hit Ratio: 99.73%
DCACHE: size: 1*16 KB assoc: 1*4
DCACHE: hits:45109218 misses:2844826 writebacks:1412909  Hit Ratio: 94.07%
SCACHE: size: 512 KB assoc: 2
SCACHE: hits:839272 misses:2139679  Hit Ratio: 28.17%
3CACHE: size: 4096 KB assoc: 2
3CACHE: hits:162600 misses:1977079  Hit Ratio: 7.60%
3CACHE: dirty items replaced:79492
ITLB: size: 48, misses 374, miss rate 0.00%
DTLB: size: 128, misses 133990, miss rate 0.28%
Avg mem delay: 4.288 cycles
----------------------------------------
==== Statistics for Master ID: 3 ====
Reads: 71354083   Writes: 14350776
ICACHE: size: 64 KB assoc: 2
ICACHE: hits:44372647 misses:140174  Hit Ratio: 99.69%
DCACHE: size: 1*16 KB assoc: 1*4
DCACHE: hits:38339937 misses:2852100 writebacks:1409084  Hit Ratio: 93.08%
SCACHE: size: 512 KB assoc: 2
SCACHE: hits:733649 misses:2258625  Hit Ratio: 24.52%
3CACHE: size: 4096 KB assoc: 2
3CACHE: hits:114069 misses:2144556  Hit Ratio: 5.05%
3CACHE: dirty items replaced:113718
ITLB: size: 48, misses 283, miss rate 0.00%
DTLB: size: 128, misses 137903, miss rate 0.33%
Avg mem delay: 4.288 cycles
----------------------------------------
==== Global Resource Utilization ====
STASH: size: 65536 entries, full 952068933, empty 15465377, misses 1413247, full rate 98.26
icache bank util. 0.057 0.044 0.039 0.050 0.063 0.141 0.200 0.206 
dcache bank util. 0.125 0.134 0.138 0.128 0.149 0.122 0.151 0.133 
L2 bank util. 0.040 0.040 0.040 0.040 0.040 0.040 0.045 0.051 
L1-L2 bus util. = 0.187, L3 util. = 0.145
----------------------------------------

======================== 切片硬件状态 ========================
切片号 | 所属安全域 | 当前状态    | 路扩展 | LRU touched
------------------------------------------------------------------
  0    |   域1      | 正常运行   |  否   |  300999988
  1    |   域3      | 正常运行   |  否   |  300999999
  2    |   域2      | 正常运行   |  否   |  300999996
  3    |   域0      | 正常运行   |  否   |  300999999
==================================================================

branch prediction, hits = 73138445, misses = 6082754, hit rate = 92.32%
return_stack prediction, hits = 3327316, misses = 3277, hit rate = 99.90%
jump prediction, hits = 76005866, misses = 4391354, hit rate = 94.54%
 block_ blockdis_
**** Debug Statistics at 401000000 Cycles *****
Threads: 4		Fetch Width: 8
No of useful instructions fetched:	1200508253 (37.42% proc util.)
No of total instructions fetched:	1396309742 (43.53% proc util.)
 includes 18977722 misfetch (1.4%), 176823767 (12.7%) wrong-path fetches
 and 0 flushed after failed lock(0.0%)
No of useful instructions issued/executed:	1200508213 (37.42% proc util.)
No of total instructions issued/executed:	1269693924 (39.58% proc util.)
 includes 69185711 wrong-path (5.4%) insts and 0 flushed (0.0%)
	fp 49021, 0.00%
	synch 0, 0.00%
	integer 812296580, 63.98%
	load/store 457348323, 36.02%
Avg size of int IQ (before scheduling): 24.57
Avg size of fp IQ (before scheduling): 0.00
No of cycles taken:		401000000
Parallelism [ 1.030, 0.605, 0.710, 0.649,] = 2.994
 IQ conflicts: 2510787 (0.63%), FQ conflicts: 0 (0.00%) 
 I reg conflicts: 192411971 (47.98%), FP reg conflicts: 0 (0.00%)
  Activelist confs: 236 (0.00%), ROB confs: 179332 (0.04%)
  Int unit conflicts: 980797253 (244.59%), FP unit conflicts: 9 (0.00%)
  Load/store unit conflicts: 87859791 (21.91%)
  MSHR conflicts: 240301243 (59.93%)
----------------------------------------
==== System-wide Cache Statistics ====
Stall for miss queue full 0 cycles (0.00%)
----------------------------------------
==== Statistics for Master ID: 0 ====
Reads: 242478875   Writes: 98655540
ICACHE: size: 64 KB assoc: 2
ICACHE: hits:142258811 misses:3836  Hit Ratio: 100.00%
DCACHE: size: 1*16 KB assoc: 1*4
DCACHE: hits:192977539 misses:5894227 writebacks:5813226  Hit Ratio: 97.04%
SCACHE: size: 512 KB assoc: 2
SCACHE: hits:5836863 misses:61200  Hit Ratio: 98.96%
3CACHE: size: 4096 KB assoc: 2
3CACHE: hits:47858 misses:13342  Hit Ratio: 78.20%
3CACHE: dirty items replaced:2504
ITLB: size: 48, misses 1, miss rate 0.00%
DTLB: size: 128, misses 17303, miss rate 0.01%
Avg mem delay: 3.236 cycles
----------------------------------------
==== Statistics for Master ID: 1 ====
Reads: 168037502   Writes: 31009140
ICACHE: size: 64 KB assoc: 2
ICACHE: hits:94214613 misses:1415073  Hit Ratio: 98.52%
DCACHE: size: 1*16 KB assoc: 1*4
DCACHE: hits:100630609 misses:2786347 writebacks:682436  Hit Ratio: 97.31%
SCACHE: size: 512 KB assoc: 2
SCACHE: hits:3115780 misses:1085640  Hit Ratio: 74.16%
3CACHE: size: 4096 KB assoc: 2
3CACHE: hits:812292 misses:273348  Hit Ratio: 74.82%
3CACHE: dirty items replaced:55380
ITLB: size: 48, misses 93047, miss rate 0.10%
DTLB: size: 128, misses 262827, miss rate 0.25%
Avg mem delay: 3.236 cycles
----------------------------------------
==== Statistics for Master ID: 2 ====
Reads: 142542202   Writes: 25046068
ICACHE: size: 64 KB assoc: 2
ICACHE: hits:86753233 misses:253494  Hit Ratio: 99.71%
DCACHE: size: 1*16 KB assoc: 1*4
DCACHE: hits:76827015 misses:3754528 writebacks:1783824  Hit Ratio: 95.34%
SCACHE: size: 512 KB assoc: 2
SCACHE: hits:1677744 misses:2330278  Hit Ratio: 41.86%
3CACHE: size: 4096 KB assoc: 2
3CACHE: hits:304070 misses:2026208  Hit Ratio: 13.05%
3CACHE: dirty items replaced:94410
ITLB: size: 48, misses 632, miss rate 0.00%
DTLB: size: 128, misses 184763, miss rate 0.23%
Avg mem delay: 3.236 cycles
----------------------------------------
==== Statistics for Master ID: 3 ====
Reads: 134110892   Writes: 23076054
ICACHE: size: 64 KB assoc: 2
ICACHE: hits:82629027 misses:262561  Hit Ratio: 99.68%
DCACHE: size: 1*16 KB assoc: 1*4
DCACHE: hits:70635539 misses:3659818 writebacks:1745520  Hit Ratio: 95.07%
SCACHE: size: 512 KB assoc: 2
SCACHE: hits:1474820 misses:2447558  Hit Ratio: 37.60%
3CACHE: size: 4096 KB assoc: 2
3CACHE: hits:258096 misses:2189462  Hit Ratio: 10.55%
3CACHE: dirty items replaced:126633
ITLB: size: 48, misses 535, miss rate 0.00%
DTLB: size: 128, misses 191222, miss rate 0.26%
Avg mem delay: 3.236 cycles
----------------------------------------
==== Global Resource Utilization ====
STASH: size: 65536 entries, full 1576024501, empty 22812666, misses 2085404, full rate 98.44
icache bank util. 0.077 0.059 0.053 0.071 0.090 0.156 0.259 0.266 
dcache bank util. 0.151 0.165 0.173 0.158 0.191 0.148 0.191 0.159 
L2 bank util. 0.043 0.044 0.043 0.043 0.043 0.044 0.047 0.052 
L1-L2 bus util. = 0.210, L3 util. = 0.112
----------------------------------------

======================== 切片硬件状态 ========================
切片号 | 所属安全域 | 当前状态    | 路扩展 | LRU touched
------------------------------------------------------------------
  0    |   域1      | 正常运行   |  否   |  400999997
  1    |   域3      | 正常运行   |  否   |  400999998
  2    |   域2      | 正常运行   |  否   |  400999999
  3    |   域0      | 正常运行   |  否   |  400999999
==================================================================

branch prediction, hits = 117642633, misses = 10367248, hit rate = 91.90%
return_stack prediction, hits = 6171337, misses = 6499, hit rate = 99.89%
jump prediction, hits = 124982713, misses = 6546107, hit rate = 95.02%
 caconv_ calrms_ chroma_
**** Debug Statistics at 501000000 Cycles *****
Threads: 4		Fetch Width: 8
No of useful instructions fetched:	1690378884 (42.18% proc util.)
No of total instructions fetched:	1977204904 (49.33% proc util.)
 includes 26555965 misfetch (1.3%), 260270055 (13.2%) wrong-path fetches
 and 0 flushed after failed lock(0.0%)
No of useful instructions issued/executed:	1690378859 (42.18% proc util.)
No of total instructions issued/executed:	1791942227 (44.71% proc util.)
 includes 101563368 wrong-path (5.7%) insts and 0 flushed (0.0%)
	fp 62836, 0.00%
	synch 0, 0.00%
	integer 1150616730, 64.21%
	load/store 641262661, 35.79%
Avg size of int IQ (before scheduling): 26.58
Avg size of fp IQ (before scheduling): 0.00
No of cycles taken:		501000000
Parallelism [ 1.154, 0.661, 0.805, 0.754,] = 3.374
 IQ conflicts: 3931786 (0.78%), FQ conflicts: 0 (0.00%) 
 I reg conflicts: 205003545 (40.92%), FP reg conflicts: 0 (0.00%)
  Activelist confs: 269 (0.00%), ROB confs: 253191 (0.05%)
  Int unit conflicts: 1494286571 (298.26%), FP unit conflicts: 10 (0.00%)
  Load/store unit conflicts: 129797236 (25.91%)
  MSHR conflicts: 250935425 (50.09%)
----------------------------------------
==== System-wide Cache Statistics ====
Stall for miss queue full 0 cycles (0.00%)
----------------------------------------
==== Statistics for Master ID: 0 ====
Reads: 339930452   Writes: 138104945
ICACHE: size: 64 KB assoc: 2
ICACHE: hits:199571482 misses:4535  Hit Ratio: 100.00%
DCACHE: size: 1*16 KB assoc: 1*4
DCACHE: hits:270207268 misses:8252110 writebacks:8138485  Hit Ratio: 97.04%
SCACHE: size: 512 KB assoc: 2
SCACHE: hits:8184588 misses:72057  Hit Ratio: 99.13%
3CACHE: size: 4096 KB assoc: 2
3CACHE: hits:56639 misses:15418  Hit Ratio: 78.60%
3CACHE: dirty items replaced:4364
ITLB: size: 48, misses 1, miss rate 0.00%
DTLB: size: 128, misses 24551, miss rate 0.01%
Avg mem delay: 2.795 cycles
----------------------------------------
==== Statistics for Master ID: 1 ====
Reads: 234539307   Writes: 42842682
ICACHE: size: 64 KB assoc: 2
ICACHE: hits:131960478 misses:1978521  Hit Ratio: 98.52%
DCACHE: size: 1*16 KB assoc: 1*4
DCACHE: hits:139539677 misses:3903313 writebacks:945181  Hit Ratio: 97.28%
SCACHE: size: 512 KB assoc: 2
SCACHE: hits:4481487 misses:1400347  Hit Ratio: 76.19%
3CACHE: size: 4096 KB assoc: 2
3CACHE: hits:1062494 misses:337853  Hit Ratio: 75.87%
3CACHE: dirty items replaced:80667
ITLB: size: 48, misses 120866, miss rate 0.09%
DTLB: size: 128, misses 375390, miss rate 0.26%
Avg mem delay: 2.795 cycles
----------------------------------------
==== Statistics for Master ID: 2 ====
Reads: 202248261   Writes: 33626276
ICACHE: size: 64 KB assoc: 2
ICACHE: hits:123244615 misses:383080  Hit Ratio: 99.69%
DCACHE: size: 1*16 KB assoc: 1*4
DCACHE: hits:107695666 misses:4551176 writebacks:2121036  Hit Ratio: 95.95%
SCACHE: size: 512 KB assoc: 2
SCACHE: hits:2425605 misses:2508651  Hit Ratio: 49.16%
3CACHE: size: 4096 KB assoc: 2
3CACHE: hits:416318 misses:2092333  Hit Ratio: 16.60%
3CACHE: dirty items replaced:114567
ITLB: size: 48, misses 933, miss rate 0.00%
DTLB: size: 128, misses 233479, miss rate 0.21%
Avg mem delay: 2.795 cycles
----------------------------------------
==== Statistics for Master ID: 3 ====
Reads: 195616845   Writes: 31751364
ICACHE: size: 64 KB assoc: 2
ICACHE: hits:120138220 misses:392582  Hit Ratio: 99.67%
DCACHE: size: 1*16 KB assoc: 1*4
DCACHE: hits:102322218 misses:4515188 writebacks:2108777  Hit Ratio: 95.77%
SCACHE: size: 512 KB assoc: 2
SCACHE: hits:2285988 misses:2621781  Hit Ratio: 46.58%
3CACHE: size: 4096 KB assoc: 2
3CACHE: hits:370128 misses:2251653  Hit Ratio: 14.12%
3CACHE: dirty items replaced:148946
ITLB: size: 48, misses 772, miss rate 0.00%
DTLB: size: 128, misses 238361, miss rate 0.22%
Avg mem delay: 2.795 cycles
----------------------------------------
==== Global Resource Utilization ====
STASH: size: 65536 entries, full 2194891289, empty 31427540, misses 2860031, full rate 98.46
icache bank util. 0.090 0.070 0.063 0.084 0.105 0.162 0.294 0.301 
dcache bank util. 0.166 0.183 0.194 0.176 0.215 0.163 0.214 0.175 
L2 bank util. 0.045 0.046 0.045 0.045 0.045 0.045 0.048 0.053 
L1-L2 bus util. = 0.223, L3 util. = 0.094
----------------------------------------

======================== 切片硬件状态 ========================
切片号 | 所属安全域 | 当前状态    | 路扩展 | LRU touched
------------------------------------------------------------------
  0    |   域1      | 正常运行   |  否   |  500999995
  1    |   域3      | 正常运行   |  否   |  500999999
  2    |   域2      | 正常运行   |  否   |  500999994
  3    |   域0      | 正常运行   |  否   |  500999998
==================================================================

branch prediction, hits = 161205534, misses = 14833048, hit rate = 91.57%
return_stack prediction, hits = 8850701, misses = 8090, hit rate = 99.91%
jump prediction, hits = 172291942, misses = 9123456, hit rate = 94.97%
 cinvar_ clor6_
**** Early Exiting at 564549431 Cycles *****
========================================
 SMTSIM Global Statistics
========================================
Threads: 4		Fetch Width: 8
No of useful instructions fetched:	2000000136 (44.28% proc util.)
No of total instructions fetched:	2344508254 (51.91% proc util.)
 includes 30690667 misfetch (1.3%), 313817451 (13.4%) wrong-path fetches
 and 0 flushed after failed lock(0.0%)
No of useful instructions issued/executed:	2000000068 (44.28% proc util.)
No of total instructions issued/executed:	2122200802 (46.99% proc util.)
 includes 122200734 wrong-path (5.8%) insts and 0 flushed (0.0%)
	fp 70678, 0.00%
	synch 0, 0.00%
	integer 1365335934, 64.34%
	load/store 756794190, 35.66%
Avg size of int IQ (before scheduling): 27.48
Avg size of fp IQ (before scheduling): 0.00
No of cycles taken:		564549431
Parallelism [ 1.211, 0.680, 0.850, 0.802,] = 3.543
 IQ conflicts: 4785640 (0.85%), FQ conflicts: 0 (0.00%) 
 I reg conflicts: 213409817 (37.80%), FP reg conflicts: 0 (0.00%)
  Activelist confs: 269 (0.00%), ROB confs: 298109 (0.05%)
  Int unit conflicts: 1818109058 (322.05%), FP unit conflicts: 10 (0.00%)
  Load/store unit conflicts: 154365151 (27.34%)
  MSHR conflicts: 256107588 (45.36%)
----------------------------------------
==== System-wide Cache Statistics ====
Stall for miss queue full 0 cycles (0.00%)
----------------------------------------
==== Statistics for Master ID: 0 ====
Reads: 402155073   Writes: 163285921
ICACHE: size: 64 KB assoc: 2
ICACHE: hits:236170797 misses:4697  Hit Ratio: 100.00%
DCACHE: size: 1*16 KB assoc: 1*4
DCACHE: hits:319508197 misses:9757301 writebacks:9622790  Hit Ratio: 97.04%
SCACHE: size: 512 KB assoc: 2
SCACHE: hits:9684450 misses:77548  Hit Ratio: 99.21%
3CACHE: size: 4096 KB assoc: 2
3CACHE: hits:61145 misses:16403  Hit Ratio: 78.85%
3CACHE: dirty items replaced:5300
ITLB: size: 48, misses 1, miss rate 0.00%
DTLB: size: 128, misses 27872, miss rate 0.01%
Avg mem delay: 2.622 cycles
----------------------------------------
==== Statistics for Master ID: 1 ====
Reads: 273086961   Writes: 49371069
ICACHE: size: 64 KB assoc: 2
ICACHE: hits:153994520 misses:2367200  Hit Ratio: 98.49%
DCACHE: size: 1*16 KB assoc: 1*4
DCACHE: hits:161646627 misses:4449683 writebacks:1092703  Hit Ratio: 97.32%
SCACHE: size: 512 KB assoc: 2
SCACHE: hits:5188790 misses:1628091  Hit Ratio: 76.12%
3CACHE: size: 4096 KB assoc: 2
3CACHE: hits:1235100 misses:392991  Hit Ratio: 75.86%
3CACHE: dirty items replaced:101787
ITLB: size: 48, misses 155172, miss rate 0.10%
DTLB: size: 128, misses 429206, miss rate 0.26%
Avg mem delay: 2.622 cycles
----------------------------------------
==== Statistics for Master ID: 2 ====
Reads: 240720867   Writes: 39269284
ICACHE: size: 64 KB assoc: 2
ICACHE: hits:146761508 misses:447425  Hit Ratio: 99.70%
DCACHE: size: 1*16 KB assoc: 1*4
DCACHE: hits:127749734 misses:5031484 writebacks:2324104  Hit Ratio: 96.21%
SCACHE: size: 512 KB assoc: 2
SCACHE: hits:2853790 misses:2625119  Hit Ratio: 52.09%
3CACHE: size: 4096 KB assoc: 2
3CACHE: hits:483062 misses:2142057  Hit Ratio: 18.40%
3CACHE: dirty items replaced:132997
ITLB: size: 48, misses 1143, miss rate 0.00%
DTLB: size: 128, misses 254928, miss rate 0.19%
Avg mem delay: 2.622 cycles
----------------------------------------
==== Statistics for Master ID: 3 ====
Reads: 235859184   Writes: 37620852
ICACHE: size: 64 KB assoc: 2
ICACHE: hits:144683101 misses:459007  Hit Ratio: 99.68%
DCACHE: size: 1*16 KB assoc: 1*4
DCACHE: hits:123268833 misses:5069094 writebacks:2349686  Hit Ratio: 96.05%
SCACHE: size: 512 KB assoc: 2
SCACHE: hits:2794455 misses:2733646  Hit Ratio: 50.55%
3CACHE: size: 4096 KB assoc: 2
3CACHE: hits:436712 misses:2296934  Hit Ratio: 15.98%
3CACHE: dirty items replaced:164721
ITLB: size: 48, misses 950, miss rate 0.00%
DTLB: size: 128, misses 259332, miss rate 0.20%
Avg mem delay: 2.622 cycles
----------------------------------------
==== Global Resource Utilization ====
STASH: size: 65536 entries, full 2586296188, empty 36936752, misses 3348849, full rate 98.47
icache bank util. 0.095 0.074 0.067 0.089 0.112 0.166 0.310 0.318 
dcache bank util. 0.173 0.190 0.204 0.183 0.227 0.168 0.224 0.181 
L2 bank util. 0.046 0.046 0.046 0.046 0.045 0.046 0.048 0.053 
L1-L2 bus util. = 0.228, L3 util. = 0.086
----------------------------------------

======================== 切片硬件状态 ========================
切片号 | 所属安全域 | 当前状态    | 路扩展 | LRU touched
------------------------------------------------------------------
  0    |   域1      | 正常运行   |  否   |  564549379
  1    |   域3      | 正常运行   |  否   |  564549430
  2    |   域2      | 正常运行   |  否   |  564549430
  3    |   域0      | 正常运行   |  否   |  564549427
==================================================================

branch prediction, hits = 187922557, misses = 17679872, hit rate = 91.40%
return_stack prediction, hits = 10431233, misses = 10323, hit rate = 99.90%
jump prediction, hits = 201796129, misses = 10569666, hit rate = 95.02%
total IPC 3.543

=== Results saved to: ./results/smalltrans_1_gcc-200_1_gzip-source_1_gzip-program_1.txt ===
