===== 执行信息 =====
Cache目录：smtc128
执行命令：./smtsim ../smalltrans.arg ../cacherand.arg ../randacc.arg ../gzip-source.arg
执行时间：2026-04-18 04:54:27
返回码：0
===== 输出内容 =====
SMTCache
Process 0, Thread 0: smalltrans
Process 1, Thread 1: cacherand
Process 2, Thread 2: randacc
Process 3, Thread 3: gzip-source

**** Debug Statistics at 1000000 Cycles *****
Threads: 4		Fetch Width: 8
No of useful instructions fetched:	3666983 (45.84% proc util.)
No of total instructions fetched:	3738507 (46.73% proc util.)
 includes 909 misfetch (0.0%), 70615 (1.9%) wrong-path fetches
 and 0 flushed after failed lock(0.0%)
No of useful instructions issued/executed:	3666933 (45.84% proc util.)
No of total instructions issued/executed:	3684145 (46.05% proc util.)
 includes 17212 wrong-path (0.5%) insts and 0 flushed (0.0%)
	fp 20, 0.00%
	synch 0, 0.00%
	integer 2760178, 74.92%
	load/store 923947, 25.08%
Avg size of int IQ (before scheduling): 31.49
Avg size of fp IQ (before scheduling): 0.00
No of cycles taken:		1000000
Parallelism [ 1.597, 0.903, 1.047, 0.120,] = 3.667
 IQ conflicts: 613 (0.06%), FQ conflicts: 0 (0.00%) 
 I reg conflicts: 492263 (49.23%), FP reg conflicts: 0 (0.00%)
  Activelist confs: 0 (0.00%), ROB confs: 0 (0.00%)
  Int unit conflicts: 522452 (52.25%), FP unit conflicts: 0 (0.00%)
  Load/store unit conflicts: 5614 (0.56%)
  MSHR conflicts: 66365 (6.64%)
----------------------------------------
==== System-wide Cache Statistics ====
Stall for miss queue full 0 cycles (0.00%)
----------------------------------------
==== Statistics for Master ID: 0 ====
Reads: 861538   Writes: 381480
ICACHE: size: 64 KB assoc: 2
ICACHE: hits:472707 misses:2  Hit Ratio: 100.00%
DCACHE: size: 32 KB assoc: 8
DCACHE: hits:769898 misses:411 writebacks:0  Hit Ratio: 99.95%
SCACHE: size: 512 KB assoc: 2
SCACHE: hits:0 misses:413  Hit Ratio: 0.00%
3CACHE: size: 4096 KB assoc: 2
3CACHE: hits:0 misses:413  Hit Ratio: 0.00%
3CACHE: dirty items replaced:0
ITLB: size: 48, misses 1, miss rate 0.00%
DTLB: size: 128, misses 14, miss rate 0.00%
Avg mem delay: 8.160 cycles
----------------------------------------
==== Statistics for Master ID: 1 ====
Reads: 251715   Writes: 33
ICACHE: size: 64 KB assoc: 2
ICACHE: hits:218217 misses:35  Hit Ratio: 99.98%
DCACHE: size: 32 KB assoc: 8
DCACHE: hits:22168 misses:11328 writebacks:12  Hit Ratio: 66.18%
SCACHE: size: 512 KB assoc: 2
SCACHE: hits:9892 misses:1471  Hit Ratio: 87.05%
3CACHE: size: 4096 KB assoc: 2
3CACHE: hits:611 misses:860  Hit Ratio: 41.54%
3CACHE: dirty items replaced:0
ITLB: size: 48, misses 4, miss rate 0.00%
DTLB: size: 128, misses 32, miss rate 0.10%
Avg mem delay: 8.160 cycles
----------------------------------------
==== Statistics for Master ID: 2 ====
Reads: 345042   Writes: 31
ICACHE: size: 64 KB assoc: 2
ICACHE: hits:282593 misses:38  Hit Ratio: 99.99%
DCACHE: size: 32 KB assoc: 8
DCACHE: hits:61494 misses:948 writebacks:10  Hit Ratio: 98.48%
SCACHE: size: 512 KB assoc: 2
SCACHE: hits:249 misses:737  Hit Ratio: 25.25%
3CACHE: size: 4096 KB assoc: 2
3CACHE: hits:0 misses:737  Hit Ratio: 0.00%
3CACHE: dirty items replaced:0
ITLB: size: 48, misses 4, miss rate 0.00%
DTLB: size: 128, misses 87, miss rate 0.14%
Avg mem delay: 8.160 cycles
----------------------------------------
==== Statistics for Master ID: 3 ====
Reads: 76626   Writes: 19626
ICACHE: size: 64 KB assoc: 2
ICACHE: hits:38347 misses:208  Hit Ratio: 99.46%
DCACHE: size: 32 KB assoc: 8
DCACHE: hits:38823 misses:18874 writebacks:18709  Hit Ratio: 67.29%
SCACHE: size: 512 KB assoc: 2
SCACHE: hits:14 misses:19066  Hit Ratio: 0.07%
3CACHE: size: 4096 KB assoc: 2
3CACHE: hits:0 misses:19066  Hit Ratio: 0.00%
3CACHE: dirty items replaced:0
ITLB: size: 48, misses 18, miss rate 0.05%
DTLB: size: 128, misses 4699, miss rate 8.14%
Avg mem delay: 8.160 cycles
----------------------------------------
==== Global Resource Utilization ====
STASH: size: 65536 entries, full 103745924, empty 2535, misses 235, full rate 100.00
icache bank util. 0.256 0.173 0.050 0.000 0.000 0.000 0.249 0.283 
dcache bank util. 0.110 0.110 0.127 0.109 0.109 0.141 0.260 0.110 
L2 bank util. 0.009 0.010 0.009 0.009 0.009 0.009 0.237 0.009 
L1-L2 bus util. = 0.152, L3 util. = 0.211
----------------------------------------
branch prediction, hits = 294473, misses = 5762, hit rate = 98.08%
return_stack prediction, hits = 95, misses = 9, hit rate = 91.35%
jump prediction, hits = 329709, misses = 284, hit rate = 99.91%

**** Debug Statistics at 101000000 Cycles *****
Threads: 4		Fetch Width: 8
No of useful instructions fetched:	291372243 (36.06% proc util.)
No of total instructions fetched:	294480055 (36.45% proc util.)
 includes 1114 misfetch (0.0%), 3106698 (1.1%) wrong-path fetches
 and 0 flushed after failed lock(0.0%)
No of useful instructions issued/executed:	291372218 (36.06% proc util.)
No of total instructions issued/executed:	292013513 (36.14% proc util.)
 includes 641295 wrong-path (0.2%) insts and 0 flushed (0.0%)
	fp 34, 0.00%
	synch 0, 0.00%
	integer 222238633, 76.11%
	load/store 69774846, 23.89%
Avg size of int IQ (before scheduling): 19.00
Avg size of fp IQ (before scheduling): 0.00
No of cycles taken:		101000000
Parallelism [ 1.059, 0.705, 0.802, 0.319,] = 2.885
 IQ conflicts: 640 (0.00%), FQ conflicts: 0 (0.00%) 
 I reg conflicts: 61026697 (60.42%), FP reg conflicts: 0 (0.00%)
  Activelist confs: 0 (0.00%), ROB confs: 0 (0.00%)
  Int unit conflicts: 21961793 (21.74%), FP unit conflicts: 0 (0.00%)
  Load/store unit conflicts: 149693 (0.15%)
  MSHR conflicts: 66365 (0.07%)
----------------------------------------
==== System-wide Cache Statistics ====
Stall for miss queue full 0 cycles (0.00%)
----------------------------------------
==== Statistics for Master ID: 0 ====
Reads: 59576545   Writes: 25530320
ICACHE: size: 64 KB assoc: 2
ICACHE: hits:33718592 misses:2  Hit Ratio: 100.00%
DCACHE: size: 32 KB assoc: 8
DCACHE: hits:51387860 misses:411 writebacks:0  Hit Ratio: 100.00%
SCACHE: size: 512 KB assoc: 2
SCACHE: hits:0 misses:413  Hit Ratio: 0.00%
3CACHE: size: 4096 KB assoc: 2
3CACHE: hits:0 misses:413  Hit Ratio: 0.00%
3CACHE: dirty items replaced:0
ITLB: size: 48, misses 1, miss rate 0.00%
DTLB: size: 128, misses 14, miss rate 0.00%
Avg mem delay: 4.249 cycles
----------------------------------------
==== Statistics for Master ID: 1 ====
Reads: 18316568   Writes: 33
ICACHE: size: 64 KB assoc: 2
ICACHE: hits:15680351 misses:43  Hit Ratio: 100.00%
DCACHE: size: 32 KB assoc: 8
DCACHE: hits:1755731 misses:880476 writebacks:12  Hit Ratio: 66.60%
SCACHE: size: 512 KB assoc: 2
SCACHE: hits:838393 misses:42126  Hit Ratio: 95.22%
3CACHE: size: 4096 KB assoc: 2
3CACHE: hits:28426 misses:13700  Hit Ratio: 67.48%
3CACHE: dirty items replaced:0
ITLB: size: 48, misses 4, miss rate 0.00%
DTLB: size: 128, misses 156, miss rate 0.01%
Avg mem delay: 4.249 cycles
----------------------------------------
==== Statistics for Master ID: 2 ====
Reads: 25487748   Writes: 31
ICACHE: size: 64 KB assoc: 2
ICACHE: hits:20662282 misses:47  Hit Ratio: 100.00%
DCACHE: size: 32 KB assoc: 8
DCACHE: hits:4791176 misses:34274 writebacks:11  Hit Ratio: 99.29%
SCACHE: size: 512 KB assoc: 2
SCACHE: hits:5804 misses:28517  Hit Ratio: 16.91%
3CACHE: size: 4096 KB assoc: 2
3CACHE: hits:16304 misses:12213  Hit Ratio: 57.17%
3CACHE: dirty items replaced:0
ITLB: size: 48, misses 4, miss rate 0.00%
DTLB: size: 128, misses 754, miss rate 0.02%
Avg mem delay: 4.249 cycles
----------------------------------------
==== Statistics for Master ID: 3 ====
Reads: 15436648   Writes: 5370083
ICACHE: size: 64 KB assoc: 2
ICACHE: hits:9881549 misses:267  Hit Ratio: 100.00%
DCACHE: size: 32 KB assoc: 8
DCACHE: hits:9444309 misses:1480606 writebacks:832237  Hit Ratio: 86.45%
SCACHE: size: 512 KB assoc: 2
SCACHE: hits:24 misses:1480849  Hit Ratio: 0.00%
3CACHE: size: 4096 KB assoc: 2
3CACHE: hits:0 misses:1480848  Hit Ratio: 0.00%
3CACHE: dirty items replaced:0
ITLB: size: 48, misses 19, miss rate 0.00%
DTLB: size: 128, misses 66395, miss rate 0.61%
Avg mem delay: 4.249 cycles
----------------------------------------
==== Global Resource Utilization ====
STASH: size: 65536 entries, full 394570629, empty 3023, misses 276, full rate 100.00
icache bank util. 0.166 0.130 0.039 0.000 0.000 0.094 0.172 0.191 
dcache bank util. 0.093 0.093 0.095 0.093 0.093 0.118 0.098 0.103 
L2 bank util. 0.023 0.023 0.023 0.023 0.023 0.023 0.030 0.038 
L1-L2 bus util. = 0.096, L3 util. = 0.149
----------------------------------------
branch prediction, hits = 25648612, misses = 383434, hit rate = 98.53%
return_stack prediction, hits = 265, misses = 10, hit rate = 96.36%
jump prediction, hits = 28333120, misses = 347, hit rate = 100.00%

**** Debug Statistics at 201000000 Cycles *****
Threads: 4		Fetch Width: 8
No of useful instructions fetched:	779242279 (48.46% proc util.)
No of total instructions fetched:	805156044 (50.07% proc util.)
 includes 2813 misfetch (0.0%), 25910952 (3.2%) wrong-path fetches
 and 0 flushed after failed lock(0.0%)
No of useful instructions issued/executed:	779242231 (48.46% proc util.)
No of total instructions issued/executed:	785646263 (48.86% proc util.)
 includes 6404032 wrong-path (0.8%) insts and 0 flushed (0.0%)
	fp 34, 0.00%
	synch 0, 0.00%
	integer 596598115, 75.94%
	load/store 189048114, 24.06%
Avg size of int IQ (before scheduling): 28.13
Avg size of fp IQ (before scheduling): 0.00
No of cycles taken:		201000000
Parallelism [ 1.343, 0.860, 0.966, 0.708,] = 3.877
 IQ conflicts: 459547 (0.23%), FQ conflicts: 0 (0.00%) 
 I reg conflicts: 90056621 (44.80%), FP reg conflicts: 0 (0.00%)
  Activelist confs: 0 (0.00%), ROB confs: 0 (0.00%)
  Int unit conflicts: 450041218 (223.90%), FP unit conflicts: 0 (0.00%)
  Load/store unit conflicts: 4460893 (2.22%)
  MSHR conflicts: 705669 (0.35%)
----------------------------------------
==== System-wide Cache Statistics ====
Stall for miss queue full 0 cycles (0.00%)
----------------------------------------
==== Statistics for Master ID: 0 ====
Reads: 153014239   Writes: 64487847
ICACHE: size: 64 KB assoc: 2
ICACHE: hits:87507751 misses:5  Hit Ratio: 100.00%
DCACHE: size: 32 KB assoc: 8
DCACHE: hits:129993918 misses:412 writebacks:0  Hit Ratio: 100.00%
SCACHE: size: 512 KB assoc: 2
SCACHE: hits:0 misses:417  Hit Ratio: 0.00%
3CACHE: size: 4096 KB assoc: 2
3CACHE: hits:0 misses:417  Hit Ratio: 0.00%
3CACHE: dirty items replaced:0
ITLB: size: 48, misses 1, miss rate 0.00%
DTLB: size: 128, misses 16, miss rate 0.00%
Avg mem delay: 2.192 cycles
----------------------------------------
==== Statistics for Master ID: 1 ====
Reads: 45965047   Writes: 33
ICACHE: size: 64 KB assoc: 2
ICACHE: hits:39564236 misses:47  Hit Ratio: 100.00%
DCACHE: size: 32 KB assoc: 8
DCACHE: hits:4263561 misses:2137236 writebacks:12  Hit Ratio: 66.61%
SCACHE: size: 512 KB assoc: 2
SCACHE: hits:2084245 misses:53038  Hit Ratio: 97.52%
3CACHE: size: 4096 KB assoc: 2
3CACHE: hits:32288 misses:20750  Hit Ratio: 60.88%
3CACHE: dirty items replaced:1361
ITLB: size: 48, misses 4, miss rate 0.00%
DTLB: size: 128, misses 166, miss rate 0.00%
Avg mem delay: 2.192 cycles
----------------------------------------
==== Statistics for Master ID: 2 ====
Reads: 63351612   Writes: 66
ICACHE: size: 64 KB assoc: 2
ICACHE: hits:51782009 misses:50  Hit Ratio: 100.00%
DCACHE: size: 32 KB assoc: 8
DCACHE: hits:11487536 misses:82083 writebacks:38  Hit Ratio: 99.29%
SCACHE: size: 512 KB assoc: 2
SCACHE: hits:25762 misses:56371  Hit Ratio: 31.37%
3CACHE: size: 4096 KB assoc: 2
3CACHE: hits:37465 misses:18906  Hit Ratio: 66.46%
3CACHE: dirty items replaced:1375
ITLB: size: 48, misses 4, miss rate 0.00%
DTLB: size: 128, misses 881, miss rate 0.01%
Avg mem delay: 2.192 cycles
----------------------------------------
==== Statistics for Master ID: 3 ====
Reads: 68939425   Writes: 14256521
ICACHE: size: 64 KB assoc: 2
ICACHE: hits:42112046 misses:536  Hit Ratio: 100.00%
DCACHE: size: 32 KB assoc: 8
DCACHE: hits:38641752 misses:2441612 writebacks:1266747  Hit Ratio: 94.06%
SCACHE: size: 512 KB assoc: 2
SCACHE: hits:484879 misses:1957269  Hit Ratio: 19.85%
3CACHE: size: 4096 KB assoc: 2
3CACHE: hits:21499 misses:1935770  Hit Ratio: 1.10%
3CACHE: dirty items replaced:1302
ITLB: size: 48, misses 25, miss rate 0.00%
DTLB: size: 128, misses 88087, miss rate 0.21%
Avg mem delay: 2.192 cycles
----------------------------------------
==== Global Resource Utilization ====
STASH: size: 65536 entries, full 918990278, empty 6686, misses 539, full rate 100.00
icache bank util. 0.229 0.175 0.058 0.016 0.022 0.089 0.241 0.269 
dcache bank util. 0.118 0.123 0.128 0.120 0.135 0.145 0.136 0.124 
L2 bank util. 0.021 0.021 0.021 0.020 0.020 0.021 0.024 0.028 
L1-L2 bus util. = 0.088, L3 util. = 0.098
----------------------------------------
branch prediction, hits = 63006136, misses = 1698016, hit rate = 97.38%
return_stack prediction, hits = 604282, misses = 10, hit rate = 100.00%
jump prediction, hits = 71638794, misses = 908, hit rate = 100.00%

**** Debug Statistics at 301000000 Cycles *****
Threads: 4		Fetch Width: 8
No of useful instructions fetched:	1353990699 (56.23% proc util.)
No of total instructions fetched:	1411397649 (58.61% proc util.)
 includes 4183 misfetch (0.0%), 57402767 (4.1%) wrong-path fetches
 and 0 flushed after failed lock(0.0%)
No of useful instructions issued/executed:	1353990672 (56.23% proc util.)
No of total instructions issued/executed:	1368557511 (56.83% proc util.)
 includes 14566839 wrong-path (1.1%) insts and 0 flushed (0.0%)
	fp 34, 0.00%
	synch 0, 0.00%
	integer 1038341502, 75.87%
	load/store 330215975, 24.13%
Avg size of int IQ (before scheduling): 33.81
Avg size of fp IQ (before scheduling): 0.00
No of cycles taken:		301000000
Parallelism [ 1.515, 0.955, 1.065, 0.964,] = 4.498
 IQ conflicts: 1137347 (0.38%), FQ conflicts: 0 (0.00%) 
 I reg conflicts: 105295847 (34.98%), FP reg conflicts: 0 (0.00%)
  Activelist confs: 0 (0.00%), ROB confs: 0 (0.00%)
  Int unit conflicts: 1066113697 (354.19%), FP unit conflicts: 0 (0.00%)
  Load/store unit conflicts: 10699407 (3.55%)
  MSHR conflicts: 705732 (0.23%)
----------------------------------------
==== System-wide Cache Statistics ====
Stall for miss queue full 0 cycles (0.00%)
----------------------------------------
==== Statistics for Master ID: 0 ====
Reads: 260593733   Writes: 108923699
ICACHE: size: 64 KB assoc: 2
ICACHE: hits:149816533 misses:5  Hit Ratio: 100.00%
DCACHE: size: 32 KB assoc: 8
DCACHE: hits:219700482 misses:412 writebacks:0  Hit Ratio: 100.00%
SCACHE: size: 512 KB assoc: 2
SCACHE: hits:0 misses:417  Hit Ratio: 0.00%
3CACHE: size: 4096 KB assoc: 2
3CACHE: hits:0 misses:417  Hit Ratio: 0.00%
3CACHE: dirty items replaced:0
ITLB: size: 48, misses 1, miss rate 0.00%
DTLB: size: 128, misses 16, miss rate 0.00%
Avg mem delay: 1.450 cycles
----------------------------------------
==== Statistics for Master ID: 1 ====
Reads: 77513913   Writes: 34
ICACHE: size: 64 KB assoc: 2
ICACHE: hits:66870010 misses:47  Hit Ratio: 100.00%
DCACHE: size: 32 KB assoc: 8
DCACHE: hits:7090060 misses:3553830 writebacks:13  Hit Ratio: 66.61%
SCACHE: size: 512 KB assoc: 2
SCACHE: hits:3496284 misses:57593  Hit Ratio: 98.38%
3CACHE: size: 4096 KB assoc: 2
3CACHE: hits:32758 misses:24835  Hit Ratio: 56.88%
3CACHE: dirty items replaced:4113
ITLB: size: 48, misses 4, miss rate 0.00%
DTLB: size: 128, misses 167, miss rate 0.00%
Avg mem delay: 1.450 cycles
----------------------------------------
==== Statistics for Master ID: 2 ====
Reads: 106406616   Writes: 90
ICACHE: size: 64 KB assoc: 2
ICACHE: hits:87289472 misses:50  Hit Ratio: 100.00%
DCACHE: size: 32 KB assoc: 8
DCACHE: hits:18982260 misses:134924 writebacks:60  Hit Ratio: 99.29%
SCACHE: size: 512 KB assoc: 2
SCACHE: hits:53024 misses:81950  Hit Ratio: 39.28%
3CACHE: size: 4096 KB assoc: 2
3CACHE: hits:59069 misses:22881  Hit Ratio: 72.08%
3CACHE: dirty items replaced:4036
ITLB: size: 48, misses 4, miss rate 0.00%
DTLB: size: 128, misses 887, miss rate 0.00%
Avg mem delay: 1.450 cycles
----------------------------------------
==== Statistics for Master ID: 3 ====
Reads: 140782554   Writes: 25130419
ICACHE: size: 64 KB assoc: 2
ICACHE: hits:85158414 misses:556  Hit Ratio: 100.00%
DCACHE: size: 32 KB assoc: 8
DCACHE: hits:77451046 misses:3302957 writebacks:1653900  Hit Ratio: 95.91%
SCACHE: size: 512 KB assoc: 2
SCACHE: hits:1290032 misses:2013481  Hit Ratio: 39.05%
3CACHE: size: 4096 KB assoc: 2
3CACHE: hits:51390 misses:1962091  Hit Ratio: 2.55%
3CACHE: dirty items replaced:4509
ITLB: size: 48, misses 25, miss rate 0.00%
DTLB: size: 128, misses 88683, miss rate 0.11%
Avg mem delay: 1.450 cycles
----------------------------------------
==== Global Resource Utilization ====
STASH: size: 65536 entries, full 1545543448, empty 6979, misses 558, full rate 100.00
icache bank util. 0.267 0.203 0.069 0.026 0.037 0.088 0.285 0.318 
dcache bank util. 0.133 0.142 0.148 0.137 0.161 0.162 0.161 0.139 
L2 bank util. 0.019 0.019 0.020 0.019 0.019 0.019 0.022 0.024 
L1-L2 bus util. = 0.086, L3 util. = 0.067
----------------------------------------
branch prediction, hits = 105455604, misses = 3408929, hit rate = 96.87%
return_stack prediction, hits = 1507044, misses = 10, hit rate = 100.00%
jump prediction, hits = 121662842, misses = 1446, hit rate = 100.00%

**** Debug Statistics at 401000000 Cycles *****
Threads: 4		Fetch Width: 8
No of useful instructions fetched:	1930375483 (60.17% proc util.)
No of total instructions fetched:	2018804571 (62.93% proc util.)
 includes 5474 misfetch (0.0%), 88423614 (4.4%) wrong-path fetches
 and 0 flushed after failed lock(0.0%)
No of useful instructions issued/executed:	1930375450 (60.17% proc util.)
No of total instructions issued/executed:	1952573713 (60.87% proc util.)
 includes 22198263 wrong-path (1.1%) insts and 0 flushed (0.0%)
	fp 34, 0.00%
	synch 0, 0.00%
	integer 1481193285, 75.86%
	load/store 471380394, 24.14%
Avg size of int IQ (before scheduling): 36.75
Avg size of fp IQ (before scheduling): 0.00
No of cycles taken:		401000000
Parallelism [ 1.600, 1.003, 1.115, 1.095,] = 4.814
 IQ conflicts: 1839302 (0.46%), FQ conflicts: 0 (0.00%) 
 I reg conflicts: 120555421 (30.06%), FP reg conflicts: 0 (0.00%)
  Activelist confs: 0 (0.00%), ROB confs: 0 (0.00%)
  Int unit conflicts: 1690246720 (421.51%), FP unit conflicts: 0 (0.00%)
  Load/store unit conflicts: 17062711 (4.26%)
  MSHR conflicts: 705732 (0.18%)
----------------------------------------
==== System-wide Cache Statistics ====
Stall for miss queue full 0 cycles (0.00%)
----------------------------------------
==== Statistics for Master ID: 0 ====
Reads: 368067382   Writes: 153292500
ICACHE: size: 64 KB assoc: 2
ICACHE: hits:212088040 misses:5  Hit Ratio: 100.00%
DCACHE: size: 32 KB assoc: 8
DCACHE: hits:309271425 misses:412 writebacks:0  Hit Ratio: 100.00%
SCACHE: size: 512 KB assoc: 2
SCACHE: hits:0 misses:417  Hit Ratio: 0.00%
3CACHE: size: 4096 KB assoc: 2
3CACHE: hits:0 misses:417  Hit Ratio: 0.00%
3CACHE: dirty items replaced:0
ITLB: size: 48, misses 1, miss rate 0.00%
DTLB: size: 128, misses 17, miss rate 0.00%
Avg mem delay: 1.156 cycles
----------------------------------------
==== Statistics for Master ID: 1 ====
Reads: 109188974   Writes: 34
ICACHE: size: 64 KB assoc: 2
ICACHE: hits:94290141 misses:47  Hit Ratio: 100.00%
DCACHE: size: 32 KB assoc: 8
DCACHE: hits:9925043 misses:4973777 writebacks:13  Hit Ratio: 66.62%
SCACHE: size: 512 KB assoc: 2
SCACHE: hits:4912435 misses:61389  Hit Ratio: 98.77%
3CACHE: size: 4096 KB assoc: 2
3CACHE: hits:33114 misses:28275  Hit Ratio: 53.94%
3CACHE: dirty items replaced:6416
ITLB: size: 48, misses 4, miss rate 0.00%
DTLB: size: 128, misses 167, miss rate 0.00%
Avg mem delay: 1.156 cycles
----------------------------------------
==== Statistics for Master ID: 2 ====
Reads: 149605378   Writes: 120
ICACHE: size: 64 KB assoc: 2
ICACHE: hits:122927587 misses:50  Hit Ratio: 100.00%
DCACHE: size: 32 KB assoc: 8
DCACHE: hits:26489585 misses:188276 writebacks:85  Hit Ratio: 99.29%
SCACHE: size: 512 KB assoc: 2
SCACHE: hits:80319 misses:108007  Hit Ratio: 42.65%
3CACHE: size: 4096 KB assoc: 2
3CACHE: hits:81706 misses:26301  Hit Ratio: 75.65%
3CACHE: dirty items replaced:6277
ITLB: size: 48, misses 4, miss rate 0.00%
DTLB: size: 128, misses 896, miss rate 0.00%
Avg mem delay: 1.156 cycles
----------------------------------------
==== Statistics for Master ID: 3 ====
Reads: 212245290   Writes: 36195391
ICACHE: size: 64 KB assoc: 2
ICACHE: hits:127908254 misses:557  Hit Ratio: 100.00%
DCACHE: size: 32 KB assoc: 8
DCACHE: hits:116565785 misses:3966085 writebacks:1974221  Hit Ratio: 96.71%
SCACHE: size: 512 KB assoc: 2
SCACHE: hits:1894270 misses:2072372  Hit Ratio: 47.76%
3CACHE: size: 4096 KB assoc: 2
3CACHE: hits:82659 misses:1989713  Hit Ratio: 3.99%
3CACHE: dirty items replaced:6904
ITLB: size: 48, misses 25, miss rate 0.00%
DTLB: size: 128, misses 89376, miss rate 0.07%
Avg mem delay: 1.156 cycles
----------------------------------------
==== Global Resource Utilization ====
STASH: size: 65536 entries, full 2172024391, empty 6987, misses 559, full rate 100.00
icache bank util. 0.287 0.218 0.075 0.031 0.042 0.085 0.307 0.343 
dcache bank util. 0.140 0.150 0.159 0.145 0.176 0.170 0.172 0.146 
L2 bank util. 0.018 0.018 0.019 0.018 0.018 0.018 0.020 0.022 
L1-L2 bus util. = 0.083, L3 util. = 0.051
----------------------------------------
branch prediction, hits = 147810905, misses = 5105888, hit rate = 96.66%
return_stack prediction, hits = 2368733, misses = 10, hit rate = 100.00%
jump prediction, hits = 171531128, misses = 1911, hit rate = 100.00%

**** Early Exiting at 413105625 Cycles *****
========================================
 SMTSIM Global Statistics
========================================
Threads: 4		Fetch Width: 8
No of useful instructions fetched:	2000000141 (60.52% proc util.)
No of total instructions fetched:	2092053049 (63.30% proc util.)
 includes 5592 misfetch (0.0%), 92047316 (4.4%) wrong-path fetches
 and 0 flushed after failed lock(0.0%)
No of useful instructions issued/executed:	2000000111 (60.52% proc util.)
No of total instructions issued/executed:	2023137413 (61.22% proc util.)
 includes 23137302 wrong-path (1.1%) insts and 0 flushed (0.0%)
	fp 34, 0.00%
	synch 0, 0.00%
	integer 1535311850, 75.89%
	load/store 487825529, 24.11%
Avg size of int IQ (before scheduling): 37.00
Avg size of fp IQ (before scheduling): 0.00
No of cycles taken:		413105625
Parallelism [ 1.608, 1.007, 1.120, 1.106,] = 4.841
 IQ conflicts: 1910770 (0.46%), FQ conflicts: 0 (0.00%) 
 I reg conflicts: 122494127 (29.65%), FP reg conflicts: 0 (0.00%)
  Activelist confs: 0 (0.00%), ROB confs: 0 (0.00%)
  Int unit conflicts: 1760360371 (426.13%), FP unit conflicts: 0 (0.00%)
  Load/store unit conflicts: 17522046 (4.24%)
  MSHR conflicts: 705732 (0.17%)
----------------------------------------
==== System-wide Cache Statistics ====
Stall for miss queue full 0 cycles (0.00%)
----------------------------------------
==== Statistics for Master ID: 0 ====
Reads: 381143889   Writes: 158694073
ICACHE: size: 64 KB assoc: 2
ICACHE: hits:219660457 misses:5  Hit Ratio: 100.00%
DCACHE: size: 32 KB assoc: 8
DCACHE: hits:320177088 misses:412 writebacks:0  Hit Ratio: 100.00%
SCACHE: size: 512 KB assoc: 2
SCACHE: hits:0 misses:417  Hit Ratio: 0.00%
3CACHE: size: 4096 KB assoc: 2
3CACHE: hits:0 misses:417  Hit Ratio: 0.00%
3CACHE: dirty items replaced:0
ITLB: size: 48, misses 1, miss rate 0.00%
DTLB: size: 128, misses 17, miss rate 0.00%
Avg mem delay: 1.133 cycles
----------------------------------------
==== Statistics for Master ID: 1 ====
Reads: 113018751   Writes: 34
ICACHE: size: 64 KB assoc: 2
ICACHE: hits:97604421 misses:47  Hit Ratio: 100.00%
DCACHE: size: 32 KB assoc: 8
DCACHE: hits:10268437 misses:5145880 writebacks:13  Hit Ratio: 66.62%
SCACHE: size: 512 KB assoc: 2
SCACHE: hits:5084034 misses:61893  Hit Ratio: 98.80%
3CACHE: size: 4096 KB assoc: 2
3CACHE: hits:33172 misses:28721  Hit Ratio: 53.60%
3CACHE: dirty items replaced:6799
ITLB: size: 48, misses 4, miss rate 0.00%
DTLB: size: 128, misses 167, miss rate 0.00%
Avg mem delay: 1.133 cycles
----------------------------------------
==== Statistics for Master ID: 2 ====
Reads: 154813979   Writes: 123
ICACHE: size: 64 KB assoc: 2
ICACHE: hits:127221012 misses:50  Hit Ratio: 100.00%
DCACHE: size: 32 KB assoc: 8
DCACHE: hits:27398508 misses:194532 writebacks:88  Hit Ratio: 99.29%
SCACHE: size: 512 KB assoc: 2
SCACHE: hits:83213 misses:111369  Hit Ratio: 42.77%
3CACHE: size: 4096 KB assoc: 2
3CACHE: hits:84652 misses:26717  Hit Ratio: 76.01%
3CACHE: dirty items replaced:6624
ITLB: size: 48, misses 4, miss rate 0.00%
DTLB: size: 128, misses 897, miss rate 0.00%
Avg mem delay: 1.133 cycles
----------------------------------------
==== Statistics for Master ID: 3 ====
Reads: 220411260   Writes: 37149423
ICACHE: size: 64 KB assoc: 2
ICACHE: hits:132919460 misses:557  Hit Ratio: 100.00%
DCACHE: size: 32 KB assoc: 8
DCACHE: hits:120574053 misses:4066613 writebacks:2022688  Hit Ratio: 96.74%
SCACHE: size: 512 KB assoc: 2
SCACHE: hits:1987568 misses:2079601  Hit Ratio: 48.87%
3CACHE: size: 4096 KB assoc: 2
3CACHE: hits:86261 misses:1993340  Hit Ratio: 4.15%
3CACHE: dirty items replaced:7280
ITLB: size: 48, misses 25, miss rate 0.00%
DTLB: size: 128, misses 89445, miss rate 0.07%
Avg mem delay: 1.133 cycles
----------------------------------------
==== Global Resource Utilization ====
STASH: size: 65536 entries, full 2247363375, empty 6989, misses 559, full rate 100.00
icache bank util. 0.288 0.220 0.076 0.032 0.043 0.085 0.308 0.346 
dcache bank util. 0.141 0.152 0.159 0.146 0.176 0.171 0.173 0.147 
L2 bank util. 0.018 0.018 0.019 0.018 0.018 0.018 0.020 0.022 
L1-L2 bus util. = 0.083, L3 util. = 0.050
----------------------------------------
branch prediction, hits = 153024176, misses = 5305044, hit rate = 96.65%
return_stack prediction, hits = 2422274, misses = 10, hit rate = 100.00%
jump prediction, hits = 177494101, misses = 1951, hit rate = 100.00%
total IPC 4.841

=== Results saved to: ./results/smalltrans_1_cacherand_1_randacc_1_gzip-source_1.txt ===
