测试组合（多线程优先）：mgrid.arg4
执行命令：./smtsim mgrid.arg4
==================================================

动态重分配参数：每10万周期检查，阈值10
Process 0, Thread 0: mgrid
Process 0, Thread 1: mgrid
Process 0, Thread 2: mgrid
Process 0, Thread 3: mgrid
[切片调度] 新安全域0无任何切片，尝试分配空闲切片
[切片管理] 成功绑定切片0 → 安全域0

======================== 切片硬件状态 ========================
切片号 | 所属安全域 | 当前状态    | 路扩展 | LRU touched
------------------------------------------------------------------
  0    |   域0      | 正常运行   |  否   |  0
  1    |   域-1     | 切片空闲   |  否   |  0
  2    |   域-1     | 切片空闲   |  否   |  0
  3    |   域-1     | 切片空闲   |  否   |  0
==================================================================

[切片管理] 成功绑定切片1 → 安全域0，触发【路扩展模式】

======================== 切片硬件状态 ========================
切片号 | 所属安全域 | 当前状态    | 路扩展 | LRU touched
------------------------------------------------------------------
  0    |   域0      | 正常运行   |  是   |  0
  1    |   域0      | 正常运行   |  是   |  0
  2    |   域-1     | 切片空闲   |  否   |  0
  3    |   域-1     | 切片空闲   |  否   |  0
==================================================================


**** Debug Statistics at 1000000 Cycles *****
Threads: 4		Fetch Width: 8
No of useful instructions fetched:	823136 (10.29% proc util.)
No of total instructions fetched:	825578 (10.32% proc util.)
 includes 21 misfetch (0.0%), 2421 (0.3%) wrong-path fetches
 and 0 flushed after failed lock(0.0%)
No of useful instructions issued/executed:	823124 (10.29% proc util.)
No of total instructions issued/executed:	823656 (10.30% proc util.)
 includes 532 wrong-path (0.1%) insts and 0 flushed (0.0%)
	fp 348002, 42.25%
	synch 0, 0.00%
	integer 149366, 18.13%
	load/store 326288, 39.61%
Avg size of int IQ (before scheduling): 1.08
Avg size of fp IQ (before scheduling): 11.30
No of cycles taken:		1000000
Parallelism [ 0.823, 0.000, 0.000, 0.000,] = 0.823
 IQ conflicts: 86 (0.01%), FQ conflicts: 0 (0.00%) 
 I reg conflicts: 0 (0.00%), FP reg conflicts: 815403 (81.54%)
  Activelist confs: 0 (0.00%), ROB confs: 0 (0.00%)
  Int unit conflicts: 4977 (0.50%), FP unit conflicts: 24 (0.00%)
  Load/store unit conflicts: 15154 (1.52%)
  MSHR conflicts: 10876 (1.09%)
----------------------------------------
==== System-wide Cache Statistics ====
Stall for miss queue full 0 cycles (0.00%)
----------------------------------------
==== Statistics for Master ID: 0 ====
Reads: 494955   Writes: 11224
ICACHE: size: 64 KB assoc: 2
ICACHE: hits:179865 misses:26  Hit Ratio: 99.99%
DCACHE: size: 2*16 KB assoc: 2*4
DCACHE: hits:318960 misses:7328 writebacks:1362  Hit Ratio: 97.75%
SCACHE: size: 512 KB assoc: 2
SCACHE: hits:0 misses:7354  Hit Ratio: 0.00%
3CACHE: size: 4096 KB assoc: 2
3CACHE: hits:0 misses:7354  Hit Ratio: 0.00%
3CACHE: dirty items replaced:0
ITLB: size: 48, misses 2, miss rate 0.00%
DTLB: size: 128, misses 121, miss rate 0.04%
Avg mem delay: 8.096 cycles
----------------------------------------
==== Global Resource Utilization ====
STASH: size: 65536 entries, full 101277630, empty 15298, misses 1800, full rate 99.98
icache bank util. 0.023 0.023 0.023 0.022 0.022 0.022 0.022 0.022 
dcache bank util. 0.044 0.044 0.044 0.044 0.044 0.044 0.044 0.044 
L2 bank util. 0.009 0.009 0.009 0.009 0.009 0.009 0.009 0.009 
L1-L2 bus util. = 0.026, L3 util. = 0.074
----------------------------------------

======================== 切片硬件状态 ========================
切片号 | 所属安全域 | 当前状态    | 路扩展 | LRU touched
------------------------------------------------------------------
  0    |   域0      | 正常运行   |  是   |  999891
  1    |   域0      | 正常运行   |  是   |  999910
  2    |   域-1     | 切片空闲   |  否   |  0
  3    |   域-1     | 切片空闲   |  否   |  0
==================================================================

branch prediction, hits = 11307, misses = 95, hit rate = 99.17%
return_stack prediction, hits = 0, misses = 0, hit rate = -nan%
jump prediction, hits = 11134, misses = 3, hit rate = 99.97%

**** Debug Statistics at 101000000 Cycles *****
Threads: 4		Fetch Width: 8
No of useful instructions fetched:	101599761 (12.57% proc util.)
No of total instructions fetched:	101979087 (12.62% proc util.)
 includes 3296 misfetch (0.0%), 376030 (0.4%) wrong-path fetches
 and 0 flushed after failed lock(0.0%)
No of useful instructions issued/executed:	101599680 (12.57% proc util.)
No of total instructions issued/executed:	101678041 (12.58% proc util.)
 includes 78361 wrong-path (0.1%) insts and 0 flushed (0.0%)
	fp 43839527, 43.12%
	synch 0, 0.00%
	integer 18395567, 18.09%
	load/store 39442947, 38.79%
Avg size of int IQ (before scheduling): 2.60
Avg size of fp IQ (before scheduling): 11.82
No of cycles taken:		101000000
Parallelism [ 1.006, 0.000, 0.000, 0.000,] = 1.006
 IQ conflicts: 1170085 (1.16%), FQ conflicts: 5501689 (5.45%) 
 I reg conflicts: 122258 (0.12%), FP reg conflicts: 72115542 (71.40%)
  Activelist confs: 0 (0.00%), ROB confs: 58016 (0.06%)
  Int unit conflicts: 608833 (0.60%), FP unit conflicts: 88788 (0.09%)
  Load/store unit conflicts: 2556925 (2.53%)
  MSHR conflicts: 35276939 (34.93%)
----------------------------------------
==== System-wide Cache Statistics ====
Stall for miss queue full 0 cycles (0.00%)
----------------------------------------
==== Statistics for Master ID: 0 ====
Reads: 59854903   Writes: 1568106
ICACHE: size: 64 KB assoc: 2
ICACHE: hits:21979676 misses:386  Hit Ratio: 100.00%
DCACHE: size: 2*16 KB assoc: 2*4
DCACHE: hits:38485417 misses:957530 writebacks:193757  Hit Ratio: 97.57%
SCACHE: size: 512 KB assoc: 2
SCACHE: hits:170260 misses:787656  Hit Ratio: 17.77%
3CACHE: size: 4096 KB assoc: 2
3CACHE: hits:171842 misses:615813  Hit Ratio: 21.82%
3CACHE: dirty items replaced:100
ITLB: size: 48, misses 25, miss rate 0.00%
DTLB: size: 128, misses 19095, miss rate 0.05%
Avg mem delay: 7.007 cycles
----------------------------------------
==== Global Resource Utilization ====
STASH: size: 65536 entries, full 257902897, empty 19999, misses 2181, full rate 99.99
icache bank util. 0.026 0.026 0.026 0.026 0.026 0.029 0.029 0.028 
dcache bank util. 0.053 0.056 0.053 0.053 0.053 0.053 0.053 0.053 
L2 bank util. 0.011 0.011 0.011 0.011 0.011 0.011 0.011 0.011 
L1-L2 bus util. = 0.034, L3 util. = 0.061
----------------------------------------

======================== 切片硬件状态 ========================
切片号 | 所属安全域 | 当前状态    | 路扩展 | LRU touched
------------------------------------------------------------------
  0    |   域0      | 正常运行   |  是   |  100999997
  1    |   域0      | 正常运行   |  是   |  100999989
  2    |   域-1     | 切片空闲   |  否   |  0
  3    |   域-1     | 切片空闲   |  否   |  0
==================================================================

branch prediction, hits = 1504106, misses = 17007, hit rate = 98.88%
return_stack prediction, hits = 121, misses = 0, hit rate = 100.00%
jump prediction, hits = 1479325, misses = 504, hit rate = 99.97%

**** Debug Statistics at 201000000 Cycles *****
Threads: 4		Fetch Width: 8
No of useful instructions fetched:	207926241 (12.93% proc util.)
No of total instructions fetched:	209343607 (13.02% proc util.)
 includes 15313 misfetch (0.0%), 1402053 (0.7%) wrong-path fetches
 and 0 flushed after failed lock(0.0%)
No of useful instructions issued/executed:	207926229 (12.93% proc util.)
No of total instructions issued/executed:	208246394 (12.95% proc util.)
 includes 320165 wrong-path (0.2%) insts and 0 flushed (0.0%)
	fp 92228099, 44.29%
	synch 0, 0.00%
	integer 37423659, 17.97%
	load/store 78594636, 37.74%
Avg size of int IQ (before scheduling): 4.37
Avg size of fp IQ (before scheduling): 18.19
No of cycles taken:		201000000
Parallelism [ 1.034, 0.000, 0.000, 0.000,] = 1.034
 IQ conflicts: 2900706 (1.44%), FQ conflicts: 20672684 (10.28%) 
 I reg conflicts: 1913116 (0.95%), FP reg conflicts: 132602394 (65.97%)
  Activelist confs: 1364 (0.00%), ROB confs: 323149 (0.16%)
  Int unit conflicts: 3040449 (1.51%), FP unit conflicts: 2415454 (1.20%)
  Load/store unit conflicts: 7390621 (3.68%)
  MSHR conflicts: 99853188 (49.68%)
----------------------------------------
==== System-wide Cache Statistics ====
Stall for miss queue full 0 cycles (0.00%)
----------------------------------------
==== Statistics for Master ID: 0 ====
Reads: 115150330   Writes: 5930809
ICACHE: size: 64 KB assoc: 2
ICACHE: hits:42485487 misses:1016  Hit Ratio: 100.00%
DCACHE: size: 2*16 KB assoc: 2*4
DCACHE: hits:76055858 misses:2538778 writebacks:731676  Hit Ratio: 96.77%
SCACHE: size: 512 KB assoc: 2
SCACHE: hits:442451 misses:2097343  Hit Ratio: 17.42%
3CACHE: size: 4096 KB assoc: 2
3CACHE: hits:500938 misses:1596405  Hit Ratio: 23.88%
3CACHE: dirty items replaced:26187
ITLB: size: 48, misses 26, miss rate 0.00%
DTLB: size: 128, misses 44511, miss rate 0.06%
Avg mem delay: 7.785 cycles
----------------------------------------
==== Global Resource Utilization ====
STASH: size: 65536 entries, full 409233053, empty 30275, misses 3085, full rate 99.99
icache bank util. 0.027 0.025 0.026 0.023 0.023 0.029 0.030 0.028 
dcache bank util. 0.054 0.060 0.054 0.054 0.054 0.054 0.054 0.054 
L2 bank util. 0.014 0.014 0.014 0.014 0.014 0.014 0.014 0.014 
L1-L2 bus util. = 0.049, L3 util. = 0.079
----------------------------------------

======================== 切片硬件状态 ========================
切片号 | 所属安全域 | 当前状态    | 路扩展 | LRU touched
------------------------------------------------------------------
  0    |   域0      | 正常运行   |  是   |  200999976
  1    |   域0      | 正常运行   |  是   |  200999958
  2    |   域-1     | 切片空闲   |  否   |  0
  3    |   域-1     | 切片空闲   |  否   |  0
==================================================================

branch prediction, hits = 3388714, misses = 60894, hit rate = 98.23%
return_stack prediction, hits = 461, misses = 0, hit rate = 100.00%
jump prediction, hits = 3313791, misses = 2229, hit rate = 99.93%

**** Debug Statistics at 301000000 Cycles *****
Threads: 4		Fetch Width: 8
No of useful instructions fetched:	313340367 (13.01% proc util.)
No of total instructions fetched:	315050757 (13.08% proc util.)
 includes 15313 misfetch (0.0%), 1695077 (0.5%) wrong-path fetches
 and 0 flushed after failed lock(0.0%)
No of useful instructions issued/executed:	313340353 (13.01% proc util.)
No of total instructions issued/executed:	313725526 (13.03% proc util.)
 includes 385173 wrong-path (0.1%) insts and 0 flushed (0.0%)
	fp 136796137, 43.60%
	synch 0, 0.00%
	integer 56548877, 18.02%
	load/store 120380512, 38.37%
Avg size of int IQ (before scheduling): 3.35
Avg size of fp IQ (before scheduling): 14.76
No of cycles taken:		301000000
Parallelism [ 1.041, 0.000, 0.000, 0.000,] = 1.041
 IQ conflicts: 2911936 (0.97%), FQ conflicts: 20672684 (6.87%) 
 I reg conflicts: 1913116 (0.64%), FP reg conflicts: 209558265 (69.62%)
  Activelist confs: 1364 (0.00%), ROB confs: 323149 (0.11%)
  Int unit conflicts: 3686366 (1.22%), FP unit conflicts: 2433785 (0.81%)
  Load/store unit conflicts: 9346663 (3.11%)
  MSHR conflicts: 100070323 (33.25%)
----------------------------------------
==== System-wide Cache Statistics ====
Stall for miss queue full 0 cycles (0.00%)
----------------------------------------
==== Statistics for Master ID: 0 ====
Reads: 178531699   Writes: 7368215
ICACHE: size: 64 KB assoc: 2
ICACHE: hits:65518386 misses:1016  Hit Ratio: 100.00%
DCACHE: size: 2*16 KB assoc: 2*4
DCACHE: hits:116920660 misses:3459852 writebacks:914247  Hit Ratio: 97.13%
SCACHE: size: 512 KB assoc: 2
SCACHE: hits:627762 misses:2833106  Hit Ratio: 18.14%
3CACHE: size: 4096 KB assoc: 2
3CACHE: hits:686929 misses:2146177  Hit Ratio: 24.25%
3CACHE: dirty items replaced:58260
ITLB: size: 48, misses 26, miss rate 0.00%
DTLB: size: 128, misses 58991, miss rate 0.05%
Avg mem delay: 7.300 cycles
----------------------------------------
==== Global Resource Utilization ====
STASH: size: 65536 entries, full 575019670, empty 30275, misses 3085, full rate 99.99
icache bank util. 0.027 0.026 0.027 0.025 0.025 0.029 0.030 0.028 
dcache bank util. 0.055 0.059 0.055 0.055 0.055 0.055 0.055 0.055 
L2 bank util. 0.013 0.013 0.013 0.013 0.013 0.013 0.013 0.013 
L1-L2 bus util. = 0.044, L3 util. = 0.071
----------------------------------------

======================== 切片硬件状态 ========================
切片号 | 所属安全域 | 当前状态    | 路扩展 | LRU touched
------------------------------------------------------------------
  0    |   域0      | 正常运行   |  是   |  300999825
  1    |   域0      | 正常运行   |  是   |  300999826
  2    |   域-1     | 切片空闲   |  否   |  0
  3    |   域-1     | 切片空闲   |  否   |  0
==================================================================

branch prediction, hits = 4837438, misses = 72211, hit rate = 98.53%
return_stack prediction, hits = 461, misses = 0, hit rate = 100.00%
jump prediction, hits = 4740055, misses = 2229, hit rate = 99.95%

**** Debug Statistics at 401000000 Cycles *****
Threads: 4		Fetch Width: 8
No of useful instructions fetched:	451606903 (14.08% proc util.)
No of total instructions fetched:	453745603 (14.14% proc util.)
 includes 19106 misfetch (0.0%), 2119594 (0.5%) wrong-path fetches
 and 0 flushed after failed lock(0.0%)
No of useful instructions issued/executed:	451606887 (14.08% proc util.)
No of total instructions issued/executed:	452083820 (14.09% proc util.)
 includes 476933 wrong-path (0.1%) insts and 0 flushed (0.0%)
	fp 195676549, 43.28%
	synch 0, 0.00%
	integer 80626445, 17.83%
	load/store 175780826, 38.88%
Avg size of int IQ (before scheduling): 3.19
Avg size of fp IQ (before scheduling): 13.71
No of cycles taken:		401000000
Parallelism [ 1.126, 0.000, 0.000, 0.000,] = 1.126
 IQ conflicts: 4087024 (1.02%), FQ conflicts: 20672684 (5.16%) 
 I reg conflicts: 2039970 (0.51%), FP reg conflicts: 279010466 (69.58%)
  Activelist confs: 1364 (0.00%), ROB confs: 381501 (0.10%)
  Int unit conflicts: 4601840 (1.15%), FP unit conflicts: 2810075 (0.70%)
  Load/store unit conflicts: 12683051 (3.16%)
  MSHR conflicts: 135408882 (33.77%)
----------------------------------------
==== System-wide Cache Statistics ====
Stall for miss queue full 0 cycles (0.00%)
----------------------------------------
==== Statistics for Master ID: 0 ====
Reads: 261115475   Writes: 9369594
ICACHE: size: 64 KB assoc: 2
ICACHE: hits:94703153 misses:1090  Hit Ratio: 100.00%
DCACHE: size: 2*16 KB assoc: 2*4
DCACHE: hits:171236507 misses:4544319 writebacks:1181580  Hit Ratio: 97.41%
SCACHE: size: 512 KB assoc: 2
SCACHE: hits:876072 misses:3669337  Hit Ratio: 19.27%
3CACHE: size: 4096 KB assoc: 2
3CACHE: hits:932149 misses:2737188  Hit Ratio: 25.40%
3CACHE: dirty items replaced:92258
ITLB: size: 48, misses 26, miss rate 0.00%
DTLB: size: 128, misses 80069, miss rate 0.05%
Avg mem delay: 6.668 cycles
----------------------------------------
==== Global Resource Utilization ====
STASH: size: 65536 entries, full 789168076, empty 35115, misses 3543, full rate 100.00
icache bank util. 0.030 0.026 0.030 0.028 0.028 0.031 0.032 0.030 
dcache bank util. 0.060 0.063 0.060 0.060 0.060 0.060 0.060 0.060 
L2 bank util. 0.013 0.013 0.013 0.013 0.013 0.013 0.013 0.013 
L1-L2 bus util. = 0.043, L3 util. = 0.068
----------------------------------------

======================== 切片硬件状态 ========================
切片号 | 所属安全域 | 当前状态    | 路扩展 | LRU touched
------------------------------------------------------------------
  0    |   域0      | 正常运行   |  是   |  400999926
  1    |   域0      | 正常运行   |  是   |  400999927
  2    |   域-1     | 切片空闲   |  否   |  0
  3    |   域-1     | 切片空闲   |  否   |  0
==================================================================

branch prediction, hits = 6765780, misses = 89087, hit rate = 98.70%
return_stack prediction, hits = 574, misses = 0, hit rate = 100.00%
jump prediction, hits = 6649516, misses = 2778, hit rate = 99.96%

**** Debug Statistics at 501000000 Cycles *****
Threads: 4		Fetch Width: 8
No of useful instructions fetched:	575190252 (14.35% proc util.)
No of total instructions fetched:	577713908 (14.41% proc util.)
 includes 22895 misfetch (0.0%), 2500761 (0.4%) wrong-path fetches
 and 0 flushed after failed lock(0.0%)
No of useful instructions issued/executed:	575190236 (14.35% proc util.)
No of total instructions issued/executed:	575752327 (14.37% proc util.)
 includes 562091 wrong-path (0.1%) insts and 0 flushed (0.0%)
	fp 248099363, 43.09%
	synch 0, 0.00%
	integer 102521438, 17.81%
	load/store 225131526, 39.10%
Avg size of int IQ (before scheduling): 3.05
Avg size of fp IQ (before scheduling): 12.84
No of cycles taken:		501000000
Parallelism [ 1.148, 0.000, 0.000, 0.000,] = 1.148
 IQ conflicts: 5250717 (1.05%), FQ conflicts: 20672684 (4.13%) 
 I reg conflicts: 2168304 (0.43%), FP reg conflicts: 351237237 (70.11%)
  Activelist confs: 1364 (0.00%), ROB confs: 441621 (0.09%)
  Int unit conflicts: 5402764 (1.08%), FP unit conflicts: 3029032 (0.60%)
  Load/store unit conflicts: 15747064 (3.14%)
  MSHR conflicts: 170644856 (34.06%)
----------------------------------------
==== System-wide Cache Statistics ====
Stall for miss queue full 0 cycles (0.00%)
----------------------------------------
==== Statistics for Master ID: 0 ====
Reads: 335091293   Writes: 11162655
ICACHE: size: 64 KB assoc: 2
ICACHE: hits:121121274 misses:1148  Hit Ratio: 100.00%
DCACHE: size: 2*16 KB assoc: 2*4
DCACHE: hits:219562611 misses:5568915 writebacks:1422732  Hit Ratio: 97.53%
SCACHE: size: 512 KB assoc: 2
SCACHE: hits:1096575 misses:4473488  Hit Ratio: 19.69%
3CACHE: size: 4096 KB assoc: 2
3CACHE: hits:1151522 misses:3321966  Hit Ratio: 25.74%
3CACHE: dirty items replaced:126557
ITLB: size: 48, misses 27, miss rate 0.00%
DTLB: size: 128, misses 100215, miss rate 0.04%
Avg mem delay: 6.478 cycles
----------------------------------------
==== Global Resource Utilization ====
STASH: size: 65536 entries, full 981597580, empty 39759, misses 3984, full rate 100.00
icache bank util. 0.031 0.026 0.031 0.029 0.030 0.032 0.032 0.031 
dcache bank util. 0.061 0.063 0.061 0.061 0.061 0.061 0.061 0.061 
L2 bank util. 0.012 0.012 0.012 0.012 0.012 0.012 0.012 0.012 
L1-L2 bus util. = 0.042, L3 util. = 0.066
----------------------------------------

======================== 切片硬件状态 ========================
切片号 | 所属安全域 | 当前状态    | 路扩展 | LRU touched
------------------------------------------------------------------
  0    |   域0      | 正常运行   |  是   |  500999925
  1    |   域0      | 正常运行   |  是   |  500999924
  2    |   域-1     | 切片空闲   |  否   |  0
  3    |   域-1     | 切片空闲   |  否   |  0
==================================================================

branch prediction, hits = 8484284, misses = 104279, hit rate = 98.79%
return_stack prediction, hits = 688, misses = 0, hit rate = 100.00%
jump prediction, hits = 8347831, misses = 3318, hit rate = 99.96%

**** Debug Statistics at 601000000 Cycles *****
Threads: 4		Fetch Width: 8
No of useful instructions fetched:	673147773 (14.00% proc util.)
No of total instructions fetched:	676029173 (14.06% proc util.)
 includes 26771 misfetch (0.0%), 2854629 (0.4%) wrong-path fetches
 and 0 flushed after failed lock(0.0%)
No of useful instructions issued/executed:	673147719 (14.00% proc util.)
No of total instructions issued/executed:	673791125 (14.01% proc util.)
 includes 643406 wrong-path (0.1%) insts and 0 flushed (0.0%)
	fp 289374406, 42.95%
	synch 0, 0.00%
	integer 120374999, 17.87%
	load/store 264041720, 39.19%
Avg size of int IQ (before scheduling): 2.91
Avg size of fp IQ (before scheduling): 12.31
No of cycles taken:		601000000
Parallelism [ 1.120, 0.000, 0.000, 0.000,] = 1.120
 IQ conflicts: 6420443 (1.07%), FQ conflicts: 20672684 (3.44%) 
 I reg conflicts: 2296162 (0.38%), FP reg conflicts: 428707817 (71.33%)
  Activelist confs: 1364 (0.00%), ROB confs: 499685 (0.08%)
  Int unit conflicts: 6044092 (1.01%), FP unit conflicts: 3046300 (0.51%)
  Load/store unit conflicts: 18274420 (3.04%)
  MSHR conflicts: 209492727 (34.86%)
----------------------------------------
==== System-wide Cache Statistics ====
Stall for miss queue full 0 cycles (0.00%)
----------------------------------------
==== Statistics for Master ID: 0 ====
Reads: 393730692   Writes: 12601829
ICACHE: size: 64 KB assoc: 2
ICACHE: hits:142289598 misses:1203  Hit Ratio: 100.00%
DCACHE: size: 2*16 KB assoc: 2*4
DCACHE: hits:257402949 misses:6638771 writebacks:1619110  Hit Ratio: 97.49%
SCACHE: size: 512 KB assoc: 2
SCACHE: hits:1258118 misses:5381856  Hit Ratio: 18.95%
3CACHE: size: 4096 KB assoc: 2
3CACHE: hits:1382508 misses:3999348  Hit Ratio: 25.69%
3CACHE: dirty items replaced:166291
ITLB: size: 48, misses 27, miss rate 0.00%
DTLB: size: 128, misses 119751, miss rate 0.05%
Avg mem delay: 6.625 cycles
----------------------------------------
==== Global Resource Utilization ====
STASH: size: 65536 entries, full 1134956174, empty 44204, misses 4413, full rate 100.00
icache bank util. 0.030 0.026 0.030 0.029 0.029 0.031 0.031 0.030 
dcache bank util. 0.060 0.062 0.060 0.060 0.060 0.060 0.060 0.060 
L2 bank util. 0.012 0.012 0.012 0.012 0.012 0.012 0.012 0.012 
L1-L2 bus util. = 0.041, L3 util. = 0.067
----------------------------------------

======================== 切片硬件状态 ========================
切片号 | 所属安全域 | 当前状态    | 路扩展 | LRU touched
------------------------------------------------------------------
  0    |   域0      | 正常运行   |  是   |  600999952
  1    |   域0      | 正常运行   |  是   |  600999977
  2    |   域-1     | 切片空闲   |  否   |  0
  3    |   域-1     | 切片空闲   |  否   |  0
==================================================================

branch prediction, hits = 9847445, misses = 118059, hit rate = 98.82%
return_stack prediction, hits = 801, misses = 0, hit rate = 100.00%
jump prediction, hits = 9690403, misses = 3861, hit rate = 99.96%

**** Debug Statistics at 701000000 Cycles *****
Threads: 4		Fetch Width: 8
No of useful instructions fetched:	794793790 (14.17% proc util.)
No of total instructions fetched:	798509880 (14.24% proc util.)
 includes 38688 misfetch (0.0%), 3677402 (0.5%) wrong-path fetches
 and 0 flushed after failed lock(0.0%)
No of useful instructions issued/executed:	794793775 (14.17% proc util.)
No of total instructions issued/executed:	795656457 (14.19% proc util.)
 includes 862682 wrong-path (0.1%) insts and 0 flushed (0.0%)
	fp 341552806, 42.93%
	synch 0, 0.00%
	integer 142556470, 17.92%
	load/store 311547181, 39.16%
Avg size of int IQ (before scheduling): 3.21
Avg size of fp IQ (before scheduling): 12.25
No of cycles taken:		701000000
Parallelism [ 1.134, 0.000, 0.000, 0.000,] = 1.134
 IQ conflicts: 8156161 (1.16%), FQ conflicts: 20678419 (2.95%) 
 I reg conflicts: 4089893 (0.58%), FP reg conflicts: 500253722 (71.36%)
  Activelist confs: 1364 (0.00%), ROB confs: 764755 (0.11%)
  Int unit conflicts: 8599158 (1.23%), FP unit conflicts: 5189764 (0.74%)
  Load/store unit conflicts: 23661851 (3.38%)
  MSHR conflicts: 270726843 (38.62%)
----------------------------------------
==== System-wide Cache Statistics ====
Stall for miss queue full 0 cycles (0.00%)
----------------------------------------
==== Statistics for Master ID: 0 ====
Reads: 461515072   Writes: 16947085
ICACHE: size: 64 KB assoc: 2
ICACHE: hits:166913310 misses:1667  Hit Ratio: 100.00%
DCACHE: size: 2*16 KB assoc: 2*4
DCACHE: hits:303463890 misses:8083290 writebacks:2202467  Hit Ratio: 97.41%
SCACHE: size: 512 KB assoc: 2
SCACHE: hits:1589725 misses:6495232  Hit Ratio: 19.66%
3CACHE: size: 4096 KB assoc: 2
3CACHE: hits:1704358 misses:4790874  Hit Ratio: 26.24%
3CACHE: dirty items replaced:236367
ITLB: size: 48, misses 27, miss rate 0.00%
DTLB: size: 128, misses 144324, miss rate 0.05%
Avg mem delay: 6.645 cycles
----------------------------------------
==== Global Resource Utilization ====
STASH: size: 65536 entries, full 1315369671, empty 52917, misses 5211, full rate 100.00
icache bank util. 0.031 0.027 0.031 0.029 0.029 0.031 0.031 0.030 
dcache bank util. 0.061 0.063 0.061 0.061 0.061 0.061 0.061 0.061 
L2 bank util. 0.013 0.013 0.013 0.013 0.013 0.013 0.013 0.013 
L1-L2 bus util. = 0.044, L3 util. = 0.068
----------------------------------------

======================== 切片硬件状态 ========================
切片号 | 所属安全域 | 当前状态    | 路扩展 | LRU touched
------------------------------------------------------------------
  0    |   域0      | 正常运行   |  是   |  700999710
  1    |   域0      | 正常运行   |  是   |  700999709
  2    |   域-1     | 切片空闲   |  否   |  0
  3    |   域-1     | 切片空闲   |  否   |  0
==================================================================

branch prediction, hits = 11681020, misses = 151109, hit rate = 98.72%
return_stack prediction, hits = 1139, misses = 0, hit rate = 100.00%
jump prediction, hits = 11485225, misses = 5555, hit rate = 99.95%

**** Debug Statistics at 801000000 Cycles *****
Threads: 4		Fetch Width: 8
No of useful instructions fetched:	900165069 (14.05% proc util.)
No of total instructions fetched:	904174065 (14.11% proc util.)
 includes 38688 misfetch (0.0%), 3970308 (0.4%) wrong-path fetches
 and 0 flushed after failed lock(0.0%)
No of useful instructions issued/executed:	900165057 (14.05% proc util.)
No of total instructions issued/executed:	901092724 (14.06% proc util.)
 includes 927667 wrong-path (0.1%) insts and 0 flushed (0.0%)
	fp 386102742, 42.85%
	synch 0, 0.00%
	integer 161673912, 17.94%
	load/store 353316070, 39.21%
Avg size of int IQ (before scheduling): 2.97
Avg size of fp IQ (before scheduling): 11.71
No of cycles taken:		801000000
Parallelism [ 1.124, 0.000, 0.000, 0.000,] = 1.124
 IQ conflicts: 8167387 (1.02%), FQ conflicts: 20678419 (2.58%) 
 I reg conflicts: 4089893 (0.51%), FP reg conflicts: 577218950 (72.06%)
  Activelist confs: 1364 (0.00%), ROB confs: 764755 (0.10%)
  Int unit conflicts: 9244787 (1.15%), FP unit conflicts: 5208138 (0.65%)
  Load/store unit conflicts: 25616540 (3.20%)
  MSHR conflicts: 270895767 (33.82%)
----------------------------------------
==== System-wide Cache Statistics ====
Stall for miss queue full 0 cycles (0.00%)
----------------------------------------
==== Statistics for Master ID: 0 ====
Reads: 524870683   Writes: 18383909
ICACHE: size: 64 KB assoc: 2
ICACHE: hits:189936856 misses:1667  Hit Ratio: 100.00%
DCACHE: size: 2*16 KB assoc: 2*4
DCACHE: hits:344311977 misses:9004092 writebacks:2384964  Hit Ratio: 97.45%
SCACHE: size: 512 KB assoc: 2
SCACHE: hits:1774994 misses:7230765  Hit Ratio: 19.71%
3CACHE: size: 4096 KB assoc: 2
3CACHE: hits:1889627 misses:5341138  Hit Ratio: 26.13%
3CACHE: dirty items replaced:286199
ITLB: size: 48, misses 27, miss rate 0.00%
DTLB: size: 128, misses 158794, miss rate 0.04%
Avg mem delay: 6.619 cycles
----------------------------------------
==== Global Resource Utilization ====
STASH: size: 65536 entries, full 1481088919, empty 52917, misses 5211, full rate 100.00
icache bank util. 0.030 0.027 0.030 0.029 0.029 0.030 0.031 0.030 
dcache bank util. 0.060 0.062 0.060 0.060 0.060 0.060 0.060 0.060 
L2 bank util. 0.013 0.013 0.013 0.013 0.013 0.013 0.013 0.013 
L1-L2 bus util. = 0.043, L3 util. = 0.067
----------------------------------------

======================== 切片硬件状态 ========================
切片号 | 所属安全域 | 当前状态    | 路扩展 | LRU touched
------------------------------------------------------------------
  0    |   域0      | 正常运行   |  是   |  800999860
  1    |   域0      | 正常运行   |  是   |  800999844
  2    |   域-1     | 切片空闲   |  否   |  0
  3    |   域-1     | 切片空闲   |  否   |  0
==================================================================

branch prediction, hits = 13129156, misses = 162422, hit rate = 98.78%
return_stack prediction, hits = 1139, misses = 0, hit rate = 100.00%
jump prediction, hits = 12910911, misses = 5555, hit rate = 99.96%

**** Debug Statistics at 901000000 Cycles *****
Threads: 4		Fetch Width: 8
No of useful instructions fetched:	1056578547 (14.66% proc util.)
No of total instructions fetched:	1061107057 (14.72% proc util.)
 includes 46198 misfetch (0.0%), 4482312 (0.4%) wrong-path fetches
 and 0 flushed after failed lock(0.0%)
No of useful instructions issued/executed:	1056578519 (14.66% proc util.)
No of total instructions issued/executed:	1057617948 (14.67% proc util.)
 includes 1039429 wrong-path (0.1%) insts and 0 flushed (0.0%)
	fp 452828504, 42.82%
	synch 0, 0.00%
	integer 188517187, 17.82%
	load/store 416272257, 39.36%
Avg size of int IQ (before scheduling): 3.07
Avg size of fp IQ (before scheduling): 11.74
No of cycles taken:		901000000
Parallelism [ 1.173, 0.000, 0.000, 0.000,] = 1.173
 IQ conflicts: 10495749 (1.16%), FQ conflicts: 20678419 (2.30%) 
 I reg conflicts: 4344660 (0.48%), FP reg conflicts: 641947473 (71.25%)
  Activelist confs: 1364 (0.00%), ROB confs: 883217 (0.10%)
  Int unit conflicts: 10315650 (1.14%), FP unit conflicts: 5785037 (0.64%)
  Load/store unit conflicts: 30060376 (3.34%)
  MSHR conflicts: 341261916 (37.88%)
----------------------------------------
==== System-wide Cache Statistics ====
Stall for miss queue full 0 cycles (0.00%)
----------------------------------------
==== Statistics for Master ID: 0 ====
Reads: 618035258   Writes: 20740627
ICACHE: size: 64 KB assoc: 2
ICACHE: hits:222501841 misses:1788  Hit Ratio: 100.00%
DCACHE: size: 2*16 KB assoc: 2*4
DCACHE: hits:406080466 misses:10191790 writebacks:2710839  Hit Ratio: 97.55%
SCACHE: size: 512 KB assoc: 2
SCACHE: hits:2058426 misses:8135152  Hit Ratio: 20.19%
3CACHE: size: 4096 KB assoc: 2
3CACHE: hits:2167675 misses:5967477  Hit Ratio: 26.65%
3CACHE: dirty items replaced:342240
ITLB: size: 48, misses 27, miss rate 0.00%
DTLB: size: 128, misses 185535, miss rate 0.04%
Avg mem delay: 6.370 cycles
----------------------------------------
==== Global Resource Utilization ====
STASH: size: 65536 entries, full 1721844523, empty 62352, misses 6118, full rate 100.00
icache bank util. 0.032 0.027 0.032 0.030 0.030 0.032 0.032 0.032 
dcache bank util. 0.063 0.064 0.063 0.063 0.063 0.063 0.063 0.063 
L2 bank util. 0.013 0.013 0.013 0.013 0.013 0.013 0.013 0.013 
L1-L2 bus util. = 0.043, L3 util. = 0.066
----------------------------------------

======================== 切片硬件状态 ========================
切片号 | 所属安全域 | 当前状态    | 路扩展 | LRU touched
------------------------------------------------------------------
  0    |   域0      | 正常运行   |  是   |  900999991
  1    |   域0      | 正常运行   |  是   |  900999993
  2    |   域-1     | 切片空闲   |  否   |  0
  3    |   域-1     | 切片空闲   |  否   |  0
==================================================================

branch prediction, hits = 15326992, misses = 183144, hit rate = 98.82%
return_stack prediction, hits = 1366, misses = 0, hit rate = 100.00%
jump prediction, hits = 15092139, misses = 6630, hit rate = 99.96%

**** Debug Statistics at 1001000000 Cycles *****
Threads: 4		Fetch Width: 8
No of useful instructions fetched:	1162011998 (14.51% proc util.)
No of total instructions fetched:	1166833596 (14.57% proc util.)
 includes 46198 misfetch (0.0%), 4775400 (0.4%) wrong-path fetches
 and 0 flushed after failed lock(0.0%)
No of useful instructions issued/executed:	1162011986 (14.51% proc util.)
No of total instructions issued/executed:	1163116439 (14.52% proc util.)
 includes 1104453 wrong-path (0.1%) insts and 0 flushed (0.0%)
	fp 497404728, 42.76%
	synch 0, 0.00%
	integer 207645913, 17.85%
	load/store 458065798, 39.38%
Avg size of int IQ (before scheduling): 2.90
Avg size of fp IQ (before scheduling): 11.36
No of cycles taken:		1001000000
Parallelism [ 1.161, 0.000, 0.000, 0.000,] = 1.161
 IQ conflicts: 10506981 (1.05%), FQ conflicts: 20678419 (2.07%) 
 I reg conflicts: 4344660 (0.43%), FP reg conflicts: 718899115 (71.82%)
  Activelist confs: 1364 (0.00%), ROB confs: 883217 (0.09%)
  Int unit conflicts: 10961669 (1.10%), FP unit conflicts: 5803375 (0.58%)
  Load/store unit conflicts: 32016956 (3.20%)
  MSHR conflicts: 341484834 (34.11%)
----------------------------------------
==== System-wide Cache Statistics ====
Stall for miss queue full 0 cycles (0.00%)
----------------------------------------
==== Statistics for Master ID: 0 ====
Reads: 681428254   Writes: 22178298
ICACHE: size: 64 KB assoc: 2
ICACHE: hits:245538967 misses:1788  Hit Ratio: 100.00%
DCACHE: size: 2*16 KB assoc: 2*4
DCACHE: hits:446952666 misses:11113131 writebacks:2893444  Hit Ratio: 97.57%
SCACHE: size: 512 KB assoc: 2
SCACHE: hits:2243803 misses:8871116  Hit Ratio: 20.19%
3CACHE: size: 4096 KB assoc: 2
3CACHE: hits:2354216 misses:6516900  Hit Ratio: 26.54%
3CACHE: dirty items replaced:392644
ITLB: size: 48, misses 27, miss rate 0.00%
DTLB: size: 128, misses 200018, miss rate 0.04%
Avg mem delay: 6.375 cycles
----------------------------------------
==== Global Resource Utilization ====
STASH: size: 65536 entries, full 1887661533, empty 62352, misses 6118, full rate 100.00
icache bank util. 0.032 0.027 0.031 0.030 0.030 0.031 0.032 0.031 
dcache bank util. 0.062 0.064 0.062 0.062 0.062 0.062 0.062 0.062 
L2 bank util. 0.012 0.012 0.012 0.012 0.012 0.012 0.012 0.012 
L1-L2 bus util. = 0.042, L3 util. = 0.065
----------------------------------------

======================== 切片硬件状态 ========================
切片号 | 所属安全域 | 当前状态    | 路扩展 | LRU touched
------------------------------------------------------------------
  0    |   域0      | 正常运行   |  是   |  1000999921
  1    |   域0      | 正常运行   |  是   |  1000999903
  2    |   域-1     | 切片空闲   |  否   |  0
  3    |   域-1     | 切片空闲   |  否   |  0
==================================================================

branch prediction, hits = 16775982, misses = 194464, hit rate = 98.85%
return_stack prediction, hits = 1366, misses = 0, hit rate = 100.00%
jump prediction, hits = 16518665, misses = 6630, hit rate = 99.96%

**** Debug Statistics at 1101000000 Cycles *****
Threads: 4		Fetch Width: 8
No of useful instructions fetched:	1281458575 (14.55% proc util.)
No of total instructions fetched:	1287105652 (14.61% proc util.)
 includes 61787 misfetch (0.0%), 5585290 (0.4%) wrong-path fetches
 and 0 flushed after failed lock(0.0%)
No of useful instructions issued/executed:	1281458518 (14.55% proc util.)
No of total instructions issued/executed:	1282767764 (14.56% proc util.)
 includes 1309246 wrong-path (0.1%) insts and 0 flushed (0.0%)
	fp 547625779, 42.69%
	synch 0, 0.00%
	integer 229755506, 17.91%
	load/store 505386479, 39.40%
Avg size of int IQ (before scheduling): 2.97
Avg size of fp IQ (before scheduling): 11.42
No of cycles taken:		1101000000
Parallelism [ 1.164, 0.000, 0.000, 0.000,] = 1.164
 IQ conflicts: 12336915 (1.12%), FQ conflicts: 20682594 (1.88%) 
 I reg conflicts: 6102618 (0.55%), FP reg conflicts: 790090754 (71.76%)
  Activelist confs: 1364 (0.00%), ROB confs: 1127645 (0.10%)
  Int unit conflicts: 12805766 (1.16%), FP unit conflicts: 6525924 (0.59%)
  Load/store unit conflicts: 37228271 (3.38%)
  MSHR conflicts: 407271663 (36.99%)
----------------------------------------
==== System-wide Cache Statistics ====
Stall for miss queue full 0 cycles (0.00%)
----------------------------------------
==== Statistics for Master ID: 0 ====
Reads: 750858406   Writes: 25007155
ICACHE: size: 64 KB assoc: 2
ICACHE: hits:270476786 misses:2298  Hit Ratio: 100.00%
DCACHE: size: 2*16 KB assoc: 2*4
DCACHE: hits:492811880 misses:12574597 writebacks:3283891  Hit Ratio: 97.51%
SCACHE: size: 512 KB assoc: 2
SCACHE: hits:2559795 misses:10017100  Hit Ratio: 20.35%
3CACHE: size: 4096 KB assoc: 2
3CACHE: hits:2751198 misses:7265902  Hit Ratio: 27.47%
3CACHE: dirty items replaced:464613
ITLB: size: 48, misses 27, miss rate 0.00%
DTLB: size: 128, misses 223943, miss rate 0.04%
Avg mem delay: 6.419 cycles
----------------------------------------
==== Global Resource Utilization ====
STASH: size: 65536 entries, full 2070363261, empty 75300, misses 7337, full rate 100.00
icache bank util. 0.032 0.027 0.032 0.030 0.030 0.031 0.032 0.031 
dcache bank util. 0.063 0.064 0.063 0.063 0.063 0.063 0.063 0.063 
L2 bank util. 0.013 0.013 0.013 0.013 0.013 0.013 0.013 0.013 
L1-L2 bus util. = 0.043, L3 util. = 0.066
----------------------------------------

======================== 切片硬件状态 ========================
切片号 | 所属安全域 | 当前状态    | 路扩展 | LRU touched
------------------------------------------------------------------
  0    |   域0      | 正常运行   |  是   |  1100999947
  1    |   域0      | 正常运行   |  是   |  1100999949
  2    |   域-1     | 切片空闲   |  否   |  0
  3    |   域-1     | 切片空闲   |  否   |  0
==================================================================

branch prediction, hits = 18573649, misses = 227011, hit rate = 98.79%
return_stack prediction, hits = 1815, misses = 0, hit rate = 100.00%
jump prediction, hits = 18274167, misses = 8862, hit rate = 99.95%

**** Debug Statistics at 1201000000 Cycles *****
Threads: 4		Fetch Width: 8
No of useful instructions fetched:	1381627568 (14.38% proc util.)
No of total instructions fetched:	1387640941 (14.44% proc util.)
 includes 61857 misfetch (0.0%), 5951516 (0.4%) wrong-path fetches
 and 0 flushed after failed lock(0.0%)
No of useful instructions issued/executed:	1381627552 (14.38% proc util.)
No of total instructions issued/executed:	1383032274 (14.39% proc util.)
 includes 1404722 wrong-path (0.1%) insts and 0 flushed (0.0%)
	fp 590863345, 42.72%
	synch 0, 0.00%
	integer 247682769, 17.91%
	load/store 544486160, 39.37%
Avg size of int IQ (before scheduling): 3.02
Avg size of fp IQ (before scheduling): 11.26
No of cycles taken:		1201000000
Parallelism [ 1.150, 0.000, 0.000, 0.000,] = 1.150
 IQ conflicts: 13413355 (1.12%), FQ conflicts: 20684154 (1.72%) 
 I reg conflicts: 6265357 (0.52%), FP reg conflicts: 867913434 (72.27%)
  Activelist confs: 1364 (0.00%), ROB confs: 1206371 (0.10%)
  Int unit conflicts: 14158362 (1.18%), FP unit conflicts: 7964039 (0.66%)
  Load/store unit conflicts: 39931984 (3.32%)
  MSHR conflicts: 441610898 (36.77%)
----------------------------------------
==== System-wide Cache Statistics ====
Stall for miss queue full 0 cycles (0.00%)
----------------------------------------
==== Statistics for Master ID: 0 ====
Reads: 807859026   Writes: 27962853
ICACHE: size: 64 KB assoc: 2
ICACHE: hits:291333417 misses:2304  Hit Ratio: 100.00%
DCACHE: size: 2*16 KB assoc: 2*4
DCACHE: hits:530858652 misses:13627506 writebacks:3673197  Hit Ratio: 97.50%
SCACHE: size: 512 KB assoc: 2
SCACHE: hits:2736945 misses:10892865  Hit Ratio: 20.08%
3CACHE: size: 4096 KB assoc: 2
3CACHE: hits:2907042 misses:7985823  Hit Ratio: 26.69%
3CACHE: dirty items replaced:529375
ITLB: size: 48, misses 27, miss rate 0.00%
DTLB: size: 128, misses 244126, miss rate 0.04%
Avg mem delay: 6.486 cycles
----------------------------------------
==== Global Resource Utilization ====
STASH: size: 65536 entries, full 2221452123, empty 75377, misses 7342, full rate 100.00
icache bank util. 0.031 0.027 0.031 0.030 0.030 0.031 0.031 0.031 
dcache bank util. 0.062 0.063 0.062 0.062 0.062 0.062 0.062 0.062 
L2 bank util. 0.013 0.013 0.013 0.013 0.013 0.013 0.013 0.013 
L1-L2 bus util. = 0.043, L3 util. = 0.066
----------------------------------------

======================== 切片硬件状态 ========================
切片号 | 所属安全域 | 当前状态    | 路扩展 | LRU touched
------------------------------------------------------------------
  0    |   域0      | 正常运行   |  是   |  1200999964
  1    |   域0      | 正常运行   |  是   |  1200999965
  2    |   域-1     | 切片空闲   |  否   |  0
  3    |   域-1     | 切片空闲   |  否   |  0
==================================================================

branch prediction, hits = 19972882, misses = 241272, hit rate = 98.81%
return_stack prediction, hits = 1817, misses = 0, hit rate = 100.00%
jump prediction, hits = 19656206, misses = 8870, hit rate = 99.95%

**** Debug Statistics at 1301000000 Cycles *****
Threads: 4		Fetch Width: 8
No of useful instructions fetched:	1505078532 (14.46% proc util.)
No of total instructions fetched:	1511477385 (14.52% proc util.)
 includes 65559 misfetch (0.0%), 6333294 (0.4%) wrong-path fetches
 and 0 flushed after failed lock(0.0%)
No of useful instructions issued/executed:	1505078516 (14.46% proc util.)
No of total instructions issued/executed:	1506569219 (14.48% proc util.)
 includes 1490703 wrong-path (0.1%) insts and 0 flushed (0.0%)
	fp 643227887, 42.69%
	synch 0, 0.00%
	integer 269558386, 17.89%
	load/store 593782946, 39.41%
Avg size of int IQ (before scheduling): 2.97
Avg size of fp IQ (before scheduling): 11.11
No of cycles taken:		1301000000
Parallelism [ 1.157, 0.000, 0.000, 0.000,] = 1.157
 IQ conflicts: 14586851 (1.12%), FQ conflicts: 20684154 (1.59%) 
 I reg conflicts: 6392380 (0.49%), FP reg conflicts: 940157792 (72.26%)
  Activelist confs: 1364 (0.00%), ROB confs: 1264723 (0.10%)
  Int unit conflicts: 14957168 (1.15%), FP unit conflicts: 8185863 (0.63%)
  Load/store unit conflicts: 42981905 (3.30%)
  MSHR conflicts: 476943724 (36.66%)
----------------------------------------
==== System-wide Cache Statistics ====
Stall for miss queue full 0 cycles (0.00%)
----------------------------------------
==== Statistics for Master ID: 0 ====
Reads: 881757744   Writes: 29754133
ICACHE: size: 64 KB assoc: 2
ICACHE: hits:317726564 misses:2369  Hit Ratio: 100.00%
DCACHE: size: 2*16 KB assoc: 2*4
DCACHE: hits:579131322 misses:14651622 writebacks:3913856  Hit Ratio: 97.53%
SCACHE: size: 512 KB assoc: 2
SCACHE: hits:2957056 misses:11696935  Hit Ratio: 20.18%
3CACHE: size: 4096 KB assoc: 2
3CACHE: hits:3126332 misses:8570603  Hit Ratio: 26.73%
3CACHE: dirty items replaced:582016
ITLB: size: 48, misses 27, miss rate 0.00%
DTLB: size: 128, misses 264266, miss rate 0.04%
Avg mem delay: 6.431 cycles
----------------------------------------
==== Global Resource Utilization ====
STASH: size: 65536 entries, full 2413685672, empty 80184, misses 7804, full rate 100.00
icache bank util. 0.032 0.027 0.031 0.030 0.030 0.031 0.032 0.031 
dcache bank util. 0.062 0.063 0.062 0.062 0.062 0.062 0.062 0.062 
L2 bank util. 0.013 0.013 0.013 0.013 0.013 0.013 0.013 0.013 
L1-L2 bus util. = 0.043, L3 util. = 0.066
----------------------------------------

======================== 切片硬件状态 ========================
切片号 | 所属安全域 | 当前状态    | 路扩展 | LRU touched
------------------------------------------------------------------
  0    |   域0      | 正常运行   |  是   |  1300999894
  1    |   域0      | 正常运行   |  是   |  1300999894
  2    |   域-1     | 切片空闲   |  否   |  0
  3    |   域-1     | 切片空闲   |  否   |  0
==================================================================

branch prediction, hits = 21689467, misses = 256481, hit rate = 98.83%
return_stack prediction, hits = 1930, misses = 0, hit rate = 100.00%
jump prediction, hits = 21352633, misses = 9406, hit rate = 99.96%

**** Debug Statistics at 1401000000 Cycles *****
Threads: 4		Fetch Width: 8
No of useful instructions fetched:	1643466270 (14.66% proc util.)
No of total instructions fetched:	1650292696 (14.72% proc util.)
 includes 69293 misfetch (0.0%), 6757133 (0.4%) wrong-path fetches
 and 0 flushed after failed lock(0.0%)
No of useful instructions issued/executed:	1643466254 (14.66% proc util.)
No of total instructions issued/executed:	1645048144 (14.68% proc util.)
 includes 1581890 wrong-path (0.1%) insts and 0 flushed (0.0%)
	fp 702161857, 42.68%
	synch 0, 0.00%
	integer 293653555, 17.85%
	load/store 649232732, 39.47%
Avg size of int IQ (before scheduling): 2.96
Avg size of fp IQ (before scheduling): 11.07
No of cycles taken:		1401000000
Parallelism [ 1.173, 0.000, 0.000, 0.000,] = 1.173
 IQ conflicts: 15752507 (1.12%), FQ conflicts: 20684154 (1.48%) 
 I reg conflicts: 6520386 (0.47%), FP reg conflicts: 1009595445 (72.06%)
  Activelist confs: 1364 (0.00%), ROB confs: 1324833 (0.09%)
  Int unit conflicts: 15874987 (1.13%), FP unit conflicts: 8559306 (0.61%)
  Load/store unit conflicts: 46331981 (3.31%)
  MSHR conflicts: 512126507 (36.55%)
----------------------------------------
==== System-wide Cache Statistics ====
Stall for miss queue full 0 cycles (0.00%)
----------------------------------------
==== Statistics for Master ID: 0 ====
Reads: 964411863   Writes: 31757159
ICACHE: size: 64 KB assoc: 2
ICACHE: hits:346933867 misses:2425  Hit Ratio: 100.00%
DCACHE: size: 2*16 KB assoc: 2*4
DCACHE: hits:633496159 misses:15736571 writebacks:4181665  Hit Ratio: 97.58%
SCACHE: size: 512 KB assoc: 2
SCACHE: hits:3205772 misses:12533224  Hit Ratio: 20.37%
3CACHE: size: 4096 KB assoc: 2
3CACHE: hits:3371649 misses:9161575  Hit Ratio: 26.90%
3CACHE: dirty items replaced:634289
ITLB: size: 48, misses 27, miss rate 0.00%
DTLB: size: 128, misses 285350, miss rate 0.04%
Avg mem delay: 6.336 cycles
----------------------------------------
==== Global Resource Utilization ====
STASH: size: 65536 entries, full 2628012287, empty 84831, misses 8251, full rate 100.00
icache bank util. 0.032 0.027 0.032 0.031 0.031 0.032 0.032 0.032 
dcache bank util. 0.063 0.064 0.063 0.063 0.063 0.063 0.063 0.063 
L2 bank util. 0.013 0.013 0.013 0.013 0.013 0.013 0.013 0.013 
L1-L2 bus util. = 0.043, L3 util. = 0.065
----------------------------------------

======================== 切片硬件状态 ========================
切片号 | 所属安全域 | 当前状态    | 路扩展 | LRU touched
------------------------------------------------------------------
  0    |   域0      | 正常运行   |  是   |  1400999834
  1    |   域0      | 正常运行   |  是   |  1400999833
  2    |   域-1     | 切片空闲   |  否   |  0
  3    |   域-1     | 切片空闲   |  否   |  0
==================================================================

branch prediction, hits = 23619590, misses = 273321, hit rate = 98.86%
return_stack prediction, hits = 2044, misses = 0, hit rate = 100.00%
jump prediction, hits = 23263856, misses = 9940, hit rate = 99.96%

**** Debug Statistics at 1501000000 Cycles *****
Threads: 4		Fetch Width: 8
No of useful instructions fetched:	1748842988 (14.56% proc util.)
No of total instructions fetched:	1755962334 (14.62% proc util.)
 includes 69293 misfetch (0.0%), 7050053 (0.4%) wrong-path fetches
 and 0 flushed after failed lock(0.0%)
No of useful instructions issued/executed:	1748842964 (14.56% proc util.)
No of total instructions issued/executed:	1750489840 (14.58% proc util.)
 includes 1646876 wrong-path (0.1%) insts and 0 flushed (0.0%)
	fp 746714078, 42.66%
	synch 0, 0.00%
	integer 312771987, 17.87%
	load/store 691003775, 39.47%
Avg size of int IQ (before scheduling): 2.85
Avg size of fp IQ (before scheduling): 10.86
No of cycles taken:		1501000000
Parallelism [ 1.165, 0.000, 0.000, 0.000,] = 1.165
 IQ conflicts: 15763733 (1.05%), FQ conflicts: 20684154 (1.38%) 
 I reg conflicts: 6520386 (0.43%), FP reg conflicts: 1086559494 (72.39%)
  Activelist confs: 1364 (0.00%), ROB confs: 1324833 (0.09%)
  Int unit conflicts: 16520673 (1.10%), FP unit conflicts: 8577658 (0.57%)
  Load/store unit conflicts: 48286815 (3.22%)
  MSHR conflicts: 512302586 (34.13%)
----------------------------------------
==== System-wide Cache Statistics ====
Stall for miss queue full 0 cycles (0.00%)
----------------------------------------
==== Statistics for Master ID: 0 ====
Reads: 1027770734   Writes: 33194056
ICACHE: size: 64 KB assoc: 2
ICACHE: hits:369958592 misses:2425  Hit Ratio: 100.00%
DCACHE: size: 2*16 KB assoc: 2*4
DCACHE: hits:674346451 misses:16657322 writebacks:4364169  Hit Ratio: 97.59%
SCACHE: size: 512 KB assoc: 2
SCACHE: hits:3391018 misses:13268729  Hit Ratio: 20.35%
3CACHE: size: 4096 KB assoc: 2
3CACHE: hits:3556895 misses:9711833  Hit Ratio: 26.81%
3CACHE: dirty items replaced:685078
ITLB: size: 48, misses 27, miss rate 0.00%
DTLB: size: 128, misses 299820, miss rate 0.04%
Avg mem delay: 6.342 cycles
----------------------------------------
==== Global Resource Utilization ====
STASH: size: 65536 entries, full 2793740066, empty 84831, misses 8251, full rate 100.00
icache bank util. 0.032 0.027 0.032 0.031 0.031 0.031 0.032 0.031 
dcache bank util. 0.063 0.064 0.063 0.063 0.063 0.063 0.063 0.063 
L2 bank util. 0.012 0.012 0.012 0.012 0.012 0.012 0.012 0.012 
L1-L2 bus util. = 0.042, L3 util. = 0.065
----------------------------------------

======================== 切片硬件状态 ========================
切片号 | 所属安全域 | 当前状态    | 路扩展 | LRU touched
------------------------------------------------------------------
  0    |   域0      | 正常运行   |  是   |  1500999995
  1    |   域0      | 正常运行   |  是   |  1500999993
  2    |   域-1     | 切片空闲   |  否   |  0
  3    |   域-1     | 切片空闲   |  否   |  0
==================================================================

branch prediction, hits = 25067800, misses = 284634, hit rate = 98.88%
return_stack prediction, hits = 2044, misses = 0, hit rate = 100.00%
jump prediction, hits = 24689614, misses = 9940, hit rate = 99.96%

**** Debug Statistics at 1601000000 Cycles *****
Threads: 4		Fetch Width: 8
No of useful instructions fetched:	1863075215 (14.55% proc util.)
No of total instructions fetched:	1871093502 (14.61% proc util.)
 includes 85098 misfetch (0.0%), 7933189 (0.4%) wrong-path fetches
 and 0 flushed after failed lock(0.0%)
No of useful instructions issued/executed:	1863075203 (14.55% proc util.)
No of total instructions issued/executed:	1864957447 (14.56% proc util.)
 includes 1882244 wrong-path (0.1%) insts and 0 flushed (0.0%)
	fp 795617631, 42.66%
	synch 0, 0.00%
	integer 333689362, 17.89%
	load/store 735650454, 39.45%
Avg size of int IQ (before scheduling): 3.04
Avg size of fp IQ (before scheduling): 11.04
No of cycles taken:		1601000000
Parallelism [ 1.164, 0.000, 0.000, 0.000,] = 1.164
 IQ conflicts: 18658814 (1.17%), FQ conflicts: 20689889 (1.29%) 
 I reg conflicts: 8441183 (0.53%), FP reg conflicts: 1158611051 (72.37%)
  Activelist confs: 1364 (0.00%), ROB confs: 1647989 (0.10%)
  Int unit conflicts: 19071582 (1.19%), FP unit conflicts: 10719966 (0.67%)
  Load/store unit conflicts: 54246800 (3.39%)
  MSHR conflicts: 612219241 (38.24%)
----------------------------------------
==== System-wide Cache Statistics ====
Stall for miss queue full 0 cycles (0.00%)
----------------------------------------
==== Statistics for Master ID: 0 ====
Reads: 1090838707   Writes: 37541638
ICACHE: size: 64 KB assoc: 2
ICACHE: hits:392726953 misses:2941  Hit Ratio: 100.00%
DCACHE: size: 2*16 KB assoc: 2*4
DCACHE: hits:717399563 misses:18250888 writebacks:4961406  Hit Ratio: 97.52%
SCACHE: size: 512 KB assoc: 2
SCACHE: hits:3698902 misses:14554927  Hit Ratio: 20.26%
3CACHE: size: 4096 KB assoc: 2
3CACHE: hits:3924461 misses:10630466  Hit Ratio: 26.96%
3CACHE: dirty items replaced:771514
ITLB: size: 48, misses 27, miss rate 0.00%
DTLB: size: 128, misses 329453, miss rate 0.04%
Avg mem delay: 6.422 cycles
----------------------------------------
==== Global Resource Utilization ====
STASH: size: 65536 entries, full 2961792454, empty 97898, misses 9474, full rate 100.00
icache bank util. 0.032 0.027 0.032 0.030 0.030 0.031 0.032 0.031 
dcache bank util. 0.063 0.064 0.063 0.063 0.063 0.063 0.063 0.063 
L2 bank util. 0.013 0.013 0.013 0.013 0.013 0.013 0.013 0.013 
L1-L2 bus util. = 0.044, L3 util. = 0.066
----------------------------------------

======================== 切片硬件状态 ========================
切片号 | 所属安全域 | 当前状态    | 路扩展 | LRU touched
------------------------------------------------------------------
  0    |   域0      | 正常运行   |  是   |  1600999889
  1    |   域0      | 正常运行   |  是   |  1600999905
  2    |   域-1     | 切片空闲   |  否   |  0
  3    |   域-1     | 切片空闲   |  否   |  0
==================================================================

branch prediction, hits = 26816409, misses = 320132, hit rate = 98.82%
return_stack prediction, hits = 2495, misses = 0, hit rate = 100.00%
jump prediction, hits = 26401306, misses = 12184, hit rate = 99.95%

**** Debug Statistics at 1701000000 Cycles *****
Threads: 4		Fetch Width: 8
No of useful instructions fetched:	1968450339 (14.47% proc util.)
No of total instructions fetched:	1976761558 (14.53% proc util.)
 includes 85098 misfetch (0.0%), 8226121 (0.4%) wrong-path fetches
 and 0 flushed after failed lock(0.0%)
No of useful instructions issued/executed:	1968450323 (14.47% proc util.)
No of total instructions issued/executed:	1970397558 (14.48% proc util.)
 includes 1947235 wrong-path (0.1%) insts and 0 flushed (0.0%)
	fp 840169173, 42.64%
	synch 0, 0.00%
	integer 352807519, 17.91%
	load/store 777420866, 39.46%
Avg size of int IQ (before scheduling): 2.94
Avg size of fp IQ (before scheduling): 10.85
No of cycles taken:		1701000000
Parallelism [ 1.157, 0.000, 0.000, 0.000,] = 1.157
 IQ conflicts: 18670040 (1.10%), FQ conflicts: 20689889 (1.22%) 
 I reg conflicts: 8441183 (0.50%), FP reg conflicts: 1235575442 (72.64%)
  Activelist confs: 1364 (0.00%), ROB confs: 1647989 (0.10%)
  Int unit conflicts: 19717236 (1.16%), FP unit conflicts: 10738337 (0.63%)
  Load/store unit conflicts: 56201608 (3.30%)
  MSHR conflicts: 612428860 (36.00%)
----------------------------------------
==== System-wide Cache Statistics ====
Stall for miss queue full 0 cycles (0.00%)
----------------------------------------
==== Statistics for Master ID: 0 ====
Reads: 1154196628   Writes: 38978512
ICACHE: size: 64 KB assoc: 2
ICACHE: hits:415751336 misses:2941  Hit Ratio: 100.00%
DCACHE: size: 2*16 KB assoc: 2*4
DCACHE: hits:758249140 misses:19171723 writebacks:5143910  Hit Ratio: 97.53%
SCACHE: size: 512 KB assoc: 2
SCACHE: hits:3884178 misses:15290486  Hit Ratio: 20.26%
3CACHE: size: 4096 KB assoc: 2
3CACHE: hits:4109737 misses:11180749  Hit Ratio: 26.88%
3CACHE: dirty items replaced:822113
ITLB: size: 48, misses 27, miss rate 0.00%
DTLB: size: 128, misses 343928, miss rate 0.04%
Avg mem delay: 6.423 cycles
----------------------------------------
==== Global Resource Utilization ====
STASH: size: 65536 entries, full 3127517741, empty 97898, misses 9474, full rate 100.00
icache bank util. 0.032 0.027 0.032 0.030 0.030 0.031 0.032 0.031 
dcache bank util. 0.062 0.063 0.062 0.062 0.062 0.062 0.062 0.062 
L2 bank util. 0.013 0.013 0.013 0.013 0.013 0.013 0.013 0.013 
L1-L2 bus util. = 0.043, L3 util. = 0.066
----------------------------------------

======================== 切片硬件状态 ========================
切片号 | 所属安全域 | 当前状态    | 路扩展 | LRU touched
------------------------------------------------------------------
  0    |   域0      | 正常运行   |  是   |  1700999887
  1    |   域0      | 正常运行   |  是   |  1700999888
  2    |   域-1     | 切片空闲   |  否   |  0
  3    |   域-1     | 切片空闲   |  否   |  0
==================================================================

branch prediction, hits = 28264598, misses = 331446, hit rate = 98.84%
return_stack prediction, hits = 2495, misses = 0, hit rate = 100.00%
jump prediction, hits = 27827043, misses = 12184, hit rate = 99.96%

**** Early Exiting at 1731464837 Cycles *****
========================================
 SMTSIM Global Statistics
========================================
Threads: 4		Fetch Width: 8
No of useful instructions fetched:	2000000113 (14.44% proc util.)
No of total instructions fetched:	2008439349 (14.50% proc util.)
 includes 88809 misfetch (0.0%), 8350427 (0.4%) wrong-path fetches
 and 0 flushed after failed lock(0.0%)
No of useful instructions issued/executed:	2000000091 (14.44% proc util.)
No of total instructions issued/executed:	2001980693 (14.45% proc util.)
 includes 1980602 wrong-path (0.1%) insts and 0 flushed (0.0%)
	fp 853363333, 42.63%
	synch 0, 0.00%
	integer 358618121, 17.91%
	load/store 789999239, 39.46%
Avg size of int IQ (before scheduling): 2.96
Avg size of fp IQ (before scheduling): 10.80
No of cycles taken:		1731464837
Parallelism [ 1.155, 0.000, 0.000, 0.000,] = 1.155
 IQ conflicts: 19834670 (1.15%), FQ conflicts: 20689889 (1.19%) 
 I reg conflicts: 8567950 (0.49%), FP reg conflicts: 1257813790 (72.64%)
  Activelist confs: 1364 (0.00%), ROB confs: 1706341 (0.10%)
  Int unit conflicts: 19921593 (1.15%), FP unit conflicts: 10750408 (0.62%)
  Load/store unit conflicts: 57542365 (3.32%)
  MSHR conflicts: 647604088 (37.40%)
----------------------------------------
==== System-wide Cache Statistics ====
Stall for miss queue full 0 cycles (0.00%)
----------------------------------------
==== Statistics for Master ID: 0 ====
Reads: 1173118063   Writes: 39506485
ICACHE: size: 64 KB assoc: 2
ICACHE: hits:422622305 misses:3007  Hit Ratio: 100.00%
DCACHE: size: 2*16 KB assoc: 2*4
DCACHE: hits:770520065 misses:19479171 writebacks:5224099  Hit Ratio: 97.53%
SCACHE: size: 512 KB assoc: 2
SCACHE: hits:3939960 misses:15542218  Hit Ratio: 20.22%
3CACHE: size: 4096 KB assoc: 2
3CACHE: hits:4166147 misses:11376071  Hit Ratio: 26.81%
3CACHE: dirty items replaced:838983
ITLB: size: 48, misses 27, miss rate 0.00%
DTLB: size: 128, misses 352818, miss rate 0.04%
Avg mem delay: 6.434 cycles
----------------------------------------
==== Global Resource Utilization ====
STASH: size: 65536 entries, full 3176952881, empty 102768, misses 9936, full rate 100.00
icache bank util. 0.032 0.027 0.031 0.030 0.030 0.031 0.031 0.031 
dcache bank util. 0.062 0.063 0.062 0.062 0.062 0.062 0.062 0.062 
L2 bank util. 0.013 0.013 0.013 0.013 0.013 0.013 0.013 0.013 
L1-L2 bus util. = 0.043, L3 util. = 0.066
----------------------------------------

======================== 切片硬件状态 ========================
切片号 | 所属安全域 | 当前状态    | 路扩展 | LRU touched
------------------------------------------------------------------
  0    |   域0      | 正常运行   |  是   |  1731464831
  1    |   域0      | 正常运行   |  是   |  1731464653
  2    |   域-1     | 切片空闲   |  否   |  0
  3    |   域-1     | 切片空闲   |  否   |  0
==================================================================

branch prediction, hits = 28707952, misses = 336705, hit rate = 98.84%
return_stack prediction, hits = 2608, misses = 0, hit rate = 100.00%
jump prediction, hits = 28264254, misses = 12725, hit rate = 99.96%
total IPC 1.155

=== Results saved to: ./results/mgrid_4.txt ===
