测试组合（多线程优先）：gzip-program.arg4
执行命令：./smtsim gzip-program.arg4
==================================================

动态重分配参数：每10万周期检查，阈值10
Process 0, Thread 0: gzip-program
Process 0, Thread 1: gzip-program
Process 0, Thread 2: gzip-program
Process 0, Thread 3: gzip-program
[切片调度] 新安全域0无任何切片，尝试分配空闲切片
[切片管理] 成功绑定切片0 → 安全域0

======================== 切片硬件状态 ========================
切片号 | 所属安全域 | 当前状态    | 路扩展 | LRU touched
------------------------------------------------------------------
  0    |   域0      | 正常运行   |  否   |  0
  1    |   域-1     | 切片空闲   |  否   |  0
  2    |   域-1     | 切片空闲   |  否   |  0
  3    |   域-1     | 切片空闲   |  否   |  0
==================================================================

[切片管理] 成功绑定切片1 → 安全域0，触发【路扩展模式】

======================== 切片硬件状态 ========================
切片号 | 所属安全域 | 当前状态    | 路扩展 | LRU touched
------------------------------------------------------------------
  0    |   域0      | 正常运行   |  是   |  0
  1    |   域0      | 正常运行   |  是   |  0
  2    |   域-1     | 切片空闲   |  否   |  0
  3    |   域-1     | 切片空闲   |  否   |  0
==================================================================


**** Debug Statistics at 1000000 Cycles *****
Threads: 4		Fetch Width: 8
No of useful instructions fetched:	1819080 (22.74% proc util.)
No of total instructions fetched:	2501543 (31.27% proc util.)
 includes 222 misfetch (0.0%), 682241 (27.3%) wrong-path fetches
 and 0 flushed after failed lock(0.0%)
No of useful instructions issued/executed:	1819038 (22.74% proc util.)
No of total instructions issued/executed:	2193058 (27.41% proc util.)
 includes 374020 wrong-path (17.1%) insts and 0 flushed (0.0%)
	fp 0, 0.00%
	synch 0, 0.00%
	integer 1697729, 77.41%
	load/store 495329, 22.59%
Avg size of int IQ (before scheduling): 29.20
Avg size of fp IQ (before scheduling): 0.00
No of cycles taken:		1000000
Parallelism [ 1.819, 0.000, 0.000, 0.000,] = 1.819
 IQ conflicts: 74725 (7.47%), FQ conflicts: 0 (0.00%) 
 I reg conflicts: 474039 (47.40%), FP reg conflicts: 0 (0.00%)
  Activelist confs: 99 (0.01%), ROB confs: 0 (0.00%)
  Int unit conflicts: 186566 (18.66%), FP unit conflicts: 0 (0.00%)
  Load/store unit conflicts: 8435 (0.84%)
  MSHR conflicts: 188713 (18.87%)
----------------------------------------
==== System-wide Cache Statistics ====
Stall for miss queue full 0 cycles (0.00%)
----------------------------------------
==== Statistics for Master ID: 0 ====
Reads: 805874   Writes: 131498
ICACHE: size: 64 KB assoc: 2
ICACHE: hits:441969 misses:74  Hit Ratio: 99.98%
DCACHE: size: 2*16 KB assoc: 2*4
DCACHE: hits:483857 misses:11472 writebacks:5583  Hit Ratio: 97.68%
SCACHE: size: 512 KB assoc: 2
SCACHE: hits:7869 misses:3677  Hit Ratio: 68.15%
3CACHE: size: 4096 KB assoc: 2
3CACHE: hits:0 misses:3677  Hit Ratio: 0.00%
3CACHE: dirty items replaced:0
ITLB: size: 48, misses 6, miss rate 0.00%
DTLB: size: 128, misses 94, miss rate 0.02%
Avg mem delay: 1.905 cycles
----------------------------------------
==== Global Resource Utilization ====
STASH: size: 65536 entries, full 102780049, empty 5190, misses 476, full rate 99.99
icache bank util. 0.044 0.041 0.039 0.043 0.069 0.087 0.063 0.058 
dcache bank util. 0.058 0.081 0.064 0.075 0.047 0.047 0.110 0.066 
L2 bank util. 0.011 0.011 0.011 0.011 0.011 0.011 0.010 0.014 
L1-L2 bus util. = 0.051, L3 util. = 0.037
----------------------------------------

======================== 切片硬件状态 ========================
切片号 | 所属安全域 | 当前状态    | 路扩展 | LRU touched
------------------------------------------------------------------
  0    |   域0      | 正常运行   |  是   |  999935
  1    |   域0      | 正常运行   |  是   |  999928
  2    |   域-1     | 切片空闲   |  否   |  0
  3    |   域-1     | 切片空闲   |  否   |  0
==================================================================

branch prediction, hits = 80985, misses = 12249, hit rate = 86.86%
return_stack prediction, hits = 5265, misses = 0, hit rate = 100.00%
jump prediction, hits = 103570, misses = 40, hit rate = 99.96%

**** Debug Statistics at 101000000 Cycles *****
Threads: 4		Fetch Width: 8
No of useful instructions fetched:	288347016 (35.69% proc util.)
No of total instructions fetched:	421130424 (52.12% proc util.)
 includes 5599 misfetch (0.0%), 132777809 (31.5%) wrong-path fetches
 and 0 flushed after failed lock(0.0%)
No of useful instructions issued/executed:	288347015 (35.69% proc util.)
No of total instructions issued/executed:	354429865 (43.87% proc util.)
 includes 66082850 wrong-path (18.6%) insts and 0 flushed (0.0%)
	fp 0, 0.00%
	synch 0, 0.00%
	integer 260096277, 73.38%
	load/store 94333588, 26.62%
Avg size of int IQ (before scheduling): 29.67
Avg size of fp IQ (before scheduling): 0.00
No of cycles taken:		101000000
Parallelism [ 2.855, 0.000, 0.000, 0.000,] = 2.855
 IQ conflicts: 363688 (0.36%), FQ conflicts: 0 (0.00%) 
 I reg conflicts: 21712437 (21.50%), FP reg conflicts: 0 (0.00%)
  Activelist confs: 835 (0.00%), ROB confs: 0 (0.00%)
  Int unit conflicts: 37751053 (37.38%), FP unit conflicts: 0 (0.00%)
  Load/store unit conflicts: 2736276 (2.71%)
  MSHR conflicts: 20696074 (20.49%)
----------------------------------------
==== System-wide Cache Statistics ====
Stall for miss queue full 0 cycles (0.00%)
----------------------------------------
==== Statistics for Master ID: 0 ====
Reads: 148804229   Writes: 24438510
ICACHE: size: 64 KB assoc: 2
ICACHE: hits:78909341 misses:223  Hit Ratio: 100.00%
DCACHE: size: 2*16 KB assoc: 2*4
DCACHE: hits:92787143 misses:1546032 writebacks:680186  Hit Ratio: 98.36%
SCACHE: size: 512 KB assoc: 2
SCACHE: hits:1493588 misses:52667  Hit Ratio: 96.59%
3CACHE: size: 4096 KB assoc: 2
3CACHE: hits:8734 misses:43933  Hit Ratio: 16.58%
3CACHE: dirty items replaced:1
ITLB: size: 48, misses 9, miss rate 0.00%
DTLB: size: 128, misses 1247, miss rate 0.00%
Avg mem delay: 0.947 cycles
----------------------------------------
==== Global Resource Utilization ====
STASH: size: 65536 entries, full 578394832, empty 5633, misses 489, full rate 100.00
icache bank util. 0.081 0.056 0.052 0.077 0.124 0.158 0.119 0.115 
dcache bank util. 0.080 0.112 0.143 0.116 0.192 0.063 0.200 0.096 
L2 bank util. 0.012 0.012 0.012 0.013 0.011 0.011 0.011 0.017 
L1-L2 bus util. = 0.066, L3 util. = 0.004
----------------------------------------

======================== 切片硬件状态 ========================
切片号 | 所属安全域 | 当前状态    | 路扩展 | LRU touched
------------------------------------------------------------------
  0    |   域0      | 正常运行   |  是   |  100999992
  1    |   域0      | 正常运行   |  是   |  100999998
  2    |   域-1     | 切片空闲   |  否   |  0
  3    |   域-1     | 切片空闲   |  否   |  0
==================================================================

branch prediction, hits = 16481586, misses = 2306094, hit rate = 87.73%
return_stack prediction, hits = 1884173, misses = 0, hit rate = 100.00%
jump prediction, hits = 23714720, misses = 1090, hit rate = 100.00%

**** Debug Statistics at 201000000 Cycles *****
Threads: 4		Fetch Width: 8
No of useful instructions fetched:	570100446 (35.45% proc util.)
No of total instructions fetched:	843464176 (52.45% proc util.)
 includes 11159 misfetch (0.0%), 273352571 (32.4%) wrong-path fetches
 and 0 flushed after failed lock(0.0%)
No of useful instructions issued/executed:	570100420 (35.45% proc util.)
No of total instructions issued/executed:	707638810 (44.01% proc util.)
 includes 137538390 wrong-path (19.4%) insts and 0 flushed (0.0%)
	fp 0, 0.00%
	synch 0, 0.00%
	integer 517882569, 73.18%
	load/store 189756241, 26.82%
Avg size of int IQ (before scheduling): 29.22
Avg size of fp IQ (before scheduling): 0.00
No of cycles taken:		201000000
Parallelism [ 2.836, 0.000, 0.000, 0.000,] = 2.836
 IQ conflicts: 601224 (0.30%), FQ conflicts: 0 (0.00%) 
 I reg conflicts: 41959380 (20.88%), FP reg conflicts: 0 (0.00%)
  Activelist confs: 1128 (0.00%), ROB confs: 0 (0.00%)
  Int unit conflicts: 74741732 (37.18%), FP unit conflicts: 0 (0.00%)
  Load/store unit conflicts: 5572955 (2.77%)
  MSHR conflicts: 38916187 (19.36%)
----------------------------------------
==== System-wide Cache Statistics ====
Stall for miss queue full 0 cycles (0.00%)
----------------------------------------
==== Statistics for Master ID: 0 ====
Reads: 298730014   Writes: 49466311
ICACHE: size: 64 KB assoc: 2
ICACHE: hits:158440539 misses:228  Hit Ratio: 100.00%
DCACHE: size: 2*16 KB assoc: 2*4
DCACHE: hits:186519199 misses:3236359 writebacks:1405610  Hit Ratio: 98.29%
SCACHE: size: 512 KB assoc: 2
SCACHE: hits:3138838 misses:97749  Hit Ratio: 96.98%
3CACHE: size: 4096 KB assoc: 2
3CACHE: hits:17286 misses:80463  Hit Ratio: 17.68%
3CACHE: dirty items replaced:5
ITLB: size: 48, misses 9, miss rate 0.00%
DTLB: size: 128, misses 2201, miss rate 0.00%
Avg mem delay: 0.942 cycles
----------------------------------------
==== Global Resource Utilization ====
STASH: size: 65536 entries, full 1059433176, empty 5711, misses 494, full rate 100.00
icache bank util. 0.081 0.056 0.051 0.078 0.126 0.161 0.121 0.116 
dcache bank util. 0.081 0.113 0.145 0.117 0.196 0.063 0.203 0.096 
L2 bank util. 0.013 0.013 0.012 0.013 0.012 0.012 0.012 0.017 
L1-L2 bus util. = 0.069, L3 util. = 0.004
----------------------------------------

======================== 切片硬件状态 ========================
切片号 | 所属安全域 | 当前状态    | 路扩展 | LRU touched
------------------------------------------------------------------
  0    |   域0      | 正常运行   |  是   |  200999998
  1    |   域0      | 正常运行   |  是   |  200999999
  2    |   域-1     | 切片空闲   |  否   |  0
  3    |   域-1     | 切片空闲   |  否   |  0
==================================================================

branch prediction, hits = 32277370, misses = 4685140, hit rate = 87.32%
return_stack prediction, hits = 3823855, misses = 0, hit rate = 100.00%
jump prediction, hits = 47050849, misses = 2156, hit rate = 100.00%

**** Debug Statistics at 301000000 Cycles *****
Threads: 4		Fetch Width: 8
No of useful instructions fetched:	857498305 (35.61% proc util.)
No of total instructions fetched:	1265659356 (52.56% proc util.)
 includes 16339 misfetch (0.0%), 408144712 (32.2%) wrong-path fetches
 and 0 flushed after failed lock(0.0%)
No of useful instructions issued/executed:	857498271 (35.61% proc util.)
No of total instructions issued/executed:	1061027825 (44.06% proc util.)
 includes 203529554 wrong-path (19.2%) insts and 0 flushed (0.0%)
	fp 0, 0.00%
	synch 0, 0.00%
	integer 776927186, 73.22%
	load/store 284100639, 26.78%
Avg size of int IQ (before scheduling): 29.29
Avg size of fp IQ (before scheduling): 0.00
No of cycles taken:		301000000
Parallelism [ 2.849, 0.000, 0.000, 0.000,] = 2.849
 IQ conflicts: 824594 (0.27%), FQ conflicts: 0 (0.00%) 
 I reg conflicts: 62661438 (20.82%), FP reg conflicts: 0 (0.00%)
  Activelist confs: 1480 (0.00%), ROB confs: 0 (0.00%)
  Int unit conflicts: 112487952 (37.37%), FP unit conflicts: 0 (0.00%)
  Load/store unit conflicts: 8399309 (2.79%)
  MSHR conflicts: 58776247 (19.53%)
----------------------------------------
==== System-wide Cache Statistics ====
Stall for miss queue full 0 cycles (0.00%)
----------------------------------------
==== Statistics for Master ID: 0 ====
Reads: 447722425   Writes: 73904184
ICACHE: size: 64 KB assoc: 2
ICACHE: hits:237526755 misses:229  Hit Ratio: 100.00%
DCACHE: size: 2*16 KB assoc: 2*4
DCACHE: hits:279369461 misses:4730164 writebacks:2060004  Hit Ratio: 98.34%
SCACHE: size: 512 KB assoc: 2
SCACHE: hits:4587083 misses:143310  Hit Ratio: 96.97%
3CACHE: size: 4096 KB assoc: 2
3CACHE: hits:24254 misses:119056  Hit Ratio: 16.92%
3CACHE: dirty items replaced:76
ITLB: size: 48, misses 9, miss rate 0.00%
DTLB: size: 128, misses 3082, miss rate 0.00%
Avg mem delay: 0.941 cycles
----------------------------------------
==== Global Resource Utilization ====
STASH: size: 65536 entries, full 1539136398, empty 5726, misses 495, full rate 100.00
icache bank util. 0.080 0.055 0.051 0.077 0.126 0.161 0.122 0.116 
dcache bank util. 0.080 0.113 0.144 0.117 0.196 0.063 0.202 0.096 
L2 bank util. 0.012 0.012 0.012 0.013 0.012 0.012 0.011 0.017 
L1-L2 bus util. = 0.068, L3 util. = 0.004
----------------------------------------

======================== 切片硬件状态 ========================
切片号 | 所属安全域 | 当前状态    | 路扩展 | LRU touched
------------------------------------------------------------------
  0    |   域0      | 正常运行   |  是   |  300999997
  1    |   域0      | 正常运行   |  是   |  300999997
  2    |   域-1     | 切片空闲   |  否   |  0
  3    |   域-1     | 切片空闲   |  否   |  0
==================================================================

branch prediction, hits = 48747108, misses = 7046956, hit rate = 87.37%
return_stack prediction, hits = 5728153, misses = 0, hit rate = 100.00%
jump prediction, hits = 70872337, misses = 3159, hit rate = 100.00%

**** Debug Statistics at 401000000 Cycles *****
Threads: 4		Fetch Width: 8
No of useful instructions fetched:	1137710828 (35.46% proc util.)
No of total instructions fetched:	1685435495 (52.54% proc util.)
 includes 21514 misfetch (0.0%), 547703153 (32.5%) wrong-path fetches
 and 0 flushed after failed lock(0.0%)
No of useful instructions issued/executed:	1137710815 (35.46% proc util.)
No of total instructions issued/executed:	1412848404 (44.04% proc util.)
 includes 275137589 wrong-path (19.5%) insts and 0 flushed (0.0%)
	fp 0, 0.00%
	synch 0, 0.00%
	integer 1033931872, 73.18%
	load/store 378916532, 26.82%
Avg size of int IQ (before scheduling): 29.19
Avg size of fp IQ (before scheduling): 0.00
No of cycles taken:		401000000
Parallelism [ 2.837, 0.000, 0.000, 0.000,] = 2.837
 IQ conflicts: 1021527 (0.25%), FQ conflicts: 0 (0.00%) 
 I reg conflicts: 83516655 (20.83%), FP reg conflicts: 0 (0.00%)
  Activelist confs: 1480 (0.00%), ROB confs: 0 (0.00%)
  Int unit conflicts: 148832858 (37.12%), FP unit conflicts: 0 (0.00%)
  Load/store unit conflicts: 11170356 (2.79%)
  MSHR conflicts: 77498447 (19.33%)
----------------------------------------
==== System-wide Cache Statistics ====
Stall for miss queue full 0 cycles (0.00%)
----------------------------------------
==== Statistics for Master ID: 0 ====
Reads: 596674314   Writes: 98731027
ICACHE: size: 64 KB assoc: 2
ICACHE: hits:316489862 misses:230  Hit Ratio: 100.00%
DCACHE: size: 2*16 KB assoc: 2*4
DCACHE: hits:372447266 misses:6467983 writebacks:2804347  Hit Ratio: 98.29%
SCACHE: size: 512 KB assoc: 2
SCACHE: hits:6276763 misses:191450  Hit Ratio: 97.04%
3CACHE: size: 4096 KB assoc: 2
3CACHE: hits:33236 misses:158214  Hit Ratio: 17.36%
3CACHE: dirty items replaced:133
ITLB: size: 48, misses 9, miss rate 0.00%
DTLB: size: 128, misses 6419, miss rate 0.00%
Avg mem delay: 0.941 cycles
----------------------------------------
==== Global Resource Utilization ====
STASH: size: 65536 entries, full 2017106766, empty 5739, misses 497, full rate 100.00
icache bank util. 0.080 0.055 0.051 0.077 0.126 0.161 0.121 0.116 
dcache bank util. 0.081 0.113 0.145 0.118 0.196 0.063 0.203 0.096 
L2 bank util. 0.013 0.013 0.012 0.013 0.012 0.012 0.012 0.017 
L1-L2 bus util. = 0.069, L3 util. = 0.004
----------------------------------------

======================== 切片硬件状态 ========================
切片号 | 所属安全域 | 当前状态    | 路扩展 | LRU touched
------------------------------------------------------------------
  0    |   域0      | 正常运行   |  是   |  400999996
  1    |   域0      | 正常运行   |  是   |  400999987
  2    |   域-1     | 切片空闲   |  否   |  0
  3    |   域-1     | 切片空闲   |  否   |  0
==================================================================

branch prediction, hits = 64404008, misses = 9393291, hit rate = 87.27%
return_stack prediction, hits = 7632172, misses = 0, hit rate = 100.00%
jump prediction, hits = 93917831, misses = 4154, hit rate = 100.00%

**** Debug Statistics at 501000000 Cycles *****
Threads: 4		Fetch Width: 8
No of useful instructions fetched:	1423501101 (35.52% proc util.)
No of total instructions fetched:	2108318874 (52.60% proc util.)
 includes 26510 misfetch (0.0%), 684791263 (32.5%) wrong-path fetches
 and 0 flushed after failed lock(0.0%)
No of useful instructions issued/executed:	1423501059 (35.52% proc util.)
No of total instructions issued/executed:	1765939872 (44.06% proc util.)
 includes 342438813 wrong-path (19.4%) insts and 0 flushed (0.0%)
	fp 0, 0.00%
	synch 0, 0.00%
	integer 1293124161, 73.23%
	load/store 472815711, 26.77%
Avg size of int IQ (before scheduling): 29.21
Avg size of fp IQ (before scheduling): 0.00
No of cycles taken:		501000000
Parallelism [ 2.841, 0.000, 0.000, 0.000,] = 2.841
 IQ conflicts: 1224832 (0.24%), FQ conflicts: 0 (0.00%) 
 I reg conflicts: 104066213 (20.77%), FP reg conflicts: 0 (0.00%)
  Activelist confs: 2014 (0.00%), ROB confs: 0 (0.00%)
  Int unit conflicts: 186248135 (37.18%), FP unit conflicts: 0 (0.00%)
  Load/store unit conflicts: 13925945 (2.78%)
  MSHR conflicts: 97351782 (19.43%)
----------------------------------------
==== System-wide Cache Statistics ====
Stall for miss queue full 0 cycles (0.00%)
----------------------------------------
==== Statistics for Master ID: 0 ====
Reads: 745710287   Writes: 122853066
ICACHE: size: 64 KB assoc: 2
ICACHE: hits:395748919 misses:230  Hit Ratio: 100.00%
DCACHE: size: 2*16 KB assoc: 2*4
DCACHE: hits:464814104 misses:8000100 writebacks:3463691  Hit Ratio: 98.31%
SCACHE: size: 512 KB assoc: 2
SCACHE: hits:7763015 misses:237315  Hit Ratio: 97.03%
3CACHE: size: 4096 KB assoc: 2
3CACHE: hits:41721 misses:195594  Hit Ratio: 17.58%
3CACHE: dirty items replaced:248
ITLB: size: 48, misses 9, miss rate 0.00%
DTLB: size: 128, misses 7877, miss rate 0.00%
Avg mem delay: 0.938 cycles
----------------------------------------
==== Global Resource Utilization ====
STASH: size: 65536 entries, full 2497752177, empty 5739, misses 497, full rate 100.00
icache bank util. 0.080 0.055 0.051 0.077 0.126 0.162 0.122 0.116 
dcache bank util. 0.080 0.113 0.144 0.117 0.195 0.063 0.203 0.096 
L2 bank util. 0.013 0.012 0.012 0.013 0.012 0.012 0.012 0.017 
L1-L2 bus util. = 0.069, L3 util. = 0.004
----------------------------------------

======================== 切片硬件状态 ========================
切片号 | 所属安全域 | 当前状态    | 路扩展 | LRU touched
------------------------------------------------------------------
  0    |   域0      | 正常运行   |  是   |  500999949
  1    |   域0      | 正常运行   |  是   |  500999753
  2    |   域-1     | 切片空闲   |  否   |  0
  3    |   域-1     | 切片空闲   |  否   |  0
==================================================================

branch prediction, hits = 80818994, misses = 11798266, hit rate = 87.26%
return_stack prediction, hits = 9509696, misses = 0, hit rate = 100.00%
jump prediction, hits = 117644492, misses = 5109, hit rate = 100.00%

**** Debug Statistics at 601000000 Cycles *****
Threads: 4		Fetch Width: 8
No of useful instructions fetched:	1706525173 (35.49% proc util.)
No of total instructions fetched:	2527860724 (52.58% proc util.)
 includes 31844 misfetch (0.0%), 821303707 (32.5%) wrong-path fetches
 and 0 flushed after failed lock(0.0%)
No of useful instructions issued/executed:	1706525121 (35.49% proc util.)
No of total instructions issued/executed:	2118249470 (44.06% proc util.)
 includes 411724349 wrong-path (19.4%) insts and 0 flushed (0.0%)
	fp 0, 0.00%
	synch 0, 0.00%
	integer 1550398914, 73.19%
	load/store 567850556, 26.81%
Avg size of int IQ (before scheduling): 29.21
Avg size of fp IQ (before scheduling): 0.00
No of cycles taken:		601000000
Parallelism [ 2.839, 0.000, 0.000, 0.000,] = 2.839
 IQ conflicts: 1540194 (0.26%), FQ conflicts: 0 (0.00%) 
 I reg conflicts: 125048262 (20.81%), FP reg conflicts: 0 (0.00%)
  Activelist confs: 2285 (0.00%), ROB confs: 0 (0.00%)
  Int unit conflicts: 223402479 (37.17%), FP unit conflicts: 0 (0.00%)
  Load/store unit conflicts: 16756076 (2.79%)
  MSHR conflicts: 116522953 (19.39%)
----------------------------------------
==== System-wide Cache Statistics ====
Stall for miss queue full 0 cycles (0.00%)
----------------------------------------
==== Statistics for Master ID: 0 ====
Reads: 894427515   Writes: 147889278
ICACHE: size: 64 KB assoc: 2
ICACHE: hits:474467875 misses:231  Hit Ratio: 100.00%
DCACHE: size: 2*16 KB assoc: 2*4
DCACHE: hits:558180918 misses:9667769 writebacks:4193492  Hit Ratio: 98.30%
SCACHE: size: 512 KB assoc: 2
SCACHE: hits:9382377 misses:285621  Hit Ratio: 97.05%
3CACHE: size: 4096 KB assoc: 2
3CACHE: hits:49882 misses:235739  Hit Ratio: 17.46%
3CACHE: dirty items replaced:260
ITLB: size: 48, misses 9, miss rate 0.00%
DTLB: size: 128, misses 11248, miss rate 0.00%
Avg mem delay: 0.940 cycles
----------------------------------------
==== Global Resource Utilization ====
STASH: size: 65536 entries, full 2974954265, empty 5743, misses 497, full rate 100.00
icache bank util. 0.081 0.055 0.051 0.077 0.126 0.161 0.121 0.116 
dcache bank util. 0.081 0.113 0.145 0.118 0.196 0.063 0.203 0.096 
L2 bank util. 0.013 0.013 0.012 0.013 0.012 0.012 0.012 0.017 
L1-L2 bus util. = 0.069, L3 util. = 0.004
----------------------------------------

======================== 切片硬件状态 ========================
切片号 | 所属安全域 | 当前状态    | 路扩展 | LRU touched
------------------------------------------------------------------
  0    |   域0      | 正常运行   |  是   |  600999999
  1    |   域0      | 正常运行   |  是   |  600999999
  2    |   域-1     | 切片空闲   |  否   |  0
  3    |   域-1     | 切片空闲   |  否   |  0
==================================================================

branch prediction, hits = 96660198, misses = 14093032, hit rate = 87.28%
return_stack prediction, hits = 11427131, misses = 0, hit rate = 100.00%
jump prediction, hits = 140850423, misses = 6120, hit rate = 100.00%

**** Debug Statistics at 701000000 Cycles *****
Threads: 4		Fetch Width: 8
No of useful instructions fetched:	1986666950 (35.43% proc util.)
No of total instructions fetched:	2951458423 (52.63% proc util.)
 includes 37019 misfetch (0.0%), 964754454 (32.7%) wrong-path fetches
 and 0 flushed after failed lock(0.0%)
No of useful instructions issued/executed:	1986666892 (35.43% proc util.)
No of total instructions issued/executed:	2469953122 (44.04% proc util.)
 includes 483286230 wrong-path (19.6%) insts and 0 flushed (0.0%)
	fp 0, 0.00%
	synch 0, 0.00%
	integer 1807554624, 73.18%
	load/store 662398498, 26.82%
Avg size of int IQ (before scheduling): 29.13
Avg size of fp IQ (before scheduling): 0.00
No of cycles taken:		701000000
Parallelism [ 2.834, 0.000, 0.000, 0.000,] = 2.834
 IQ conflicts: 1792568 (0.26%), FQ conflicts: 0 (0.00%) 
 I reg conflicts: 145017905 (20.69%), FP reg conflicts: 0 (0.00%)
  Activelist confs: 2371 (0.00%), ROB confs: 0 (0.00%)
  Int unit conflicts: 259671616 (37.04%), FP unit conflicts: 0 (0.00%)
  Load/store unit conflicts: 19498498 (2.78%)
  MSHR conflicts: 134861432 (19.24%)
----------------------------------------
==== System-wide Cache Statistics ====
Stall for miss queue full 0 cycles (0.00%)
----------------------------------------
==== Statistics for Master ID: 0 ====
Reads: 1044261841   Writes: 172392994
ICACHE: size: 64 KB assoc: 2
ICACHE: hits:554258290 misses:231  Hit Ratio: 100.00%
DCACHE: size: 2*16 KB assoc: 2*4
DCACHE: hits:651091531 misses:11304783 writebacks:4880319  Hit Ratio: 98.29%
SCACHE: size: 512 KB assoc: 2
SCACHE: hits:10966335 misses:338679  Hit Ratio: 97.00%
3CACHE: size: 4096 KB assoc: 2
3CACHE: hits:58988 misses:279691  Hit Ratio: 17.42%
3CACHE: dirty items replaced:398
ITLB: size: 48, misses 9, miss rate 0.00%
DTLB: size: 128, misses 15003, miss rate 0.00%
Avg mem delay: 0.938 cycles
----------------------------------------
==== Global Resource Utilization ====
STASH: size: 65536 entries, full 3457342921, empty 5744, misses 497, full rate 100.00
icache bank util. 0.080 0.055 0.051 0.077 0.126 0.162 0.122 0.117 
dcache bank util. 0.081 0.113 0.145 0.118 0.196 0.063 0.203 0.096 
L2 bank util. 0.013 0.013 0.012 0.013 0.012 0.012 0.012 0.017 
L1-L2 bus util. = 0.069, L3 util. = 0.004
----------------------------------------

======================== 切片硬件状态 ========================
切片号 | 所属安全域 | 当前状态    | 路扩展 | LRU touched
------------------------------------------------------------------
  0    |   域0      | 正常运行   |  是   |  700999993
  1    |   域0      | 正常运行   |  是   |  700999999
  2    |   域-1     | 切片空闲   |  否   |  0
  3    |   域-1     | 切片空闲   |  否   |  0
==================================================================

branch prediction, hits = 112448797, misses = 16582503, hit rate = 87.15%
return_stack prediction, hits = 13330475, misses = 0, hit rate = 100.00%
jump prediction, hits = 164172764, misses = 7103, hit rate = 100.00%

**** Early Exiting at 705572576 Cycles *****
========================================
 SMTSIM Global Statistics
========================================
Threads: 4		Fetch Width: 8
No of useful instructions fetched:	2000000114 (35.43% proc util.)
No of total instructions fetched:	2970088321 (52.62% proc util.)
 includes 37221 misfetch (0.0%), 970050986 (32.7%) wrong-path fetches
 and 0 flushed after failed lock(0.0%)
No of useful instructions issued/executed:	2000000071 (35.43% proc util.)
No of total instructions issued/executed:	2485921299 (44.04% proc util.)
 includes 485921228 wrong-path (19.5%) insts and 0 flushed (0.0%)
	fp 0, 0.00%
	synch 0, 0.00%
	integer 1819761382, 73.20%
	load/store 666159917, 26.80%
Avg size of int IQ (before scheduling): 29.15
Avg size of fp IQ (before scheduling): 0.00
No of cycles taken:		705572576
Parallelism [ 2.835, 0.000, 0.000, 0.000,] = 2.835
 IQ conflicts: 1801773 (0.26%), FQ conflicts: 0 (0.00%) 
 I reg conflicts: 146176321 (20.72%), FP reg conflicts: 0 (0.00%)
  Activelist confs: 2371 (0.00%), ROB confs: 0 (0.00%)
  Int unit conflicts: 261576141 (37.07%), FP unit conflicts: 0 (0.00%)
  Load/store unit conflicts: 19585702 (2.78%)
  MSHR conflicts: 136053948 (19.28%)
----------------------------------------
==== System-wide Cache Statistics ====
Stall for miss queue full 0 cycles (0.00%)
----------------------------------------
==== Statistics for Master ID: 0 ====
Reads: 1050646364   Writes: 173175164
ICACHE: size: 64 KB assoc: 2
ICACHE: hits:557663564 misses:231  Hit Ratio: 100.00%
DCACHE: size: 2*16 KB assoc: 2*4
DCACHE: hits:654785748 misses:11371985 writebacks:4911727  Hit Ratio: 98.29%
SCACHE: size: 512 KB assoc: 2
SCACHE: hits:11031478 misses:340738  Hit Ratio: 97.00%
3CACHE: size: 4096 KB assoc: 2
3CACHE: hits:59466 misses:281272  Hit Ratio: 17.45%
3CACHE: dirty items replaced:398
ITLB: size: 48, misses 9, miss rate 0.00%
DTLB: size: 128, misses 15036, miss rate 0.00%
Avg mem delay: 0.937 cycles
----------------------------------------
==== Global Resource Utilization ====
STASH: size: 65536 entries, full 3478418733, empty 5744, misses 497, full rate 100.00
icache bank util. 0.080 0.055 0.051 0.077 0.126 0.162 0.122 0.116 
dcache bank util. 0.081 0.113 0.144 0.118 0.195 0.063 0.203 0.096 
L2 bank util. 0.013 0.013 0.012 0.013 0.012 0.012 0.012 0.017 
L1-L2 bus util. = 0.069, L3 util. = 0.004
----------------------------------------

======================== 切片硬件状态 ========================
切片号 | 所属安全域 | 当前状态    | 路扩展 | LRU touched
------------------------------------------------------------------
  0    |   域0      | 正常运行   |  是   |  705572575
  1    |   域0      | 正常运行   |  是   |  705572574
  2    |   域-1     | 切片空闲   |  否   |  0
  3    |   域-1     | 切片空闲   |  否   |  0
==================================================================

branch prediction, hits = 113334560, misses = 16676244, hit rate = 87.17%
return_stack prediction, hits = 13389020, misses = 0, hit rate = 100.00%
jump prediction, hits = 165280542, misses = 7146, hit rate = 100.00%
total IPC 2.835

=== Results saved to: ./results/gzip-program_4.txt ===
