===== 执行信息 =====
Cache目录：ssmtc64-500-5%
执行命令：./smtsim ../cacherand.arg2 ../gzip-program.arg ../gzip-source.arg
执行时间：2026-04-16 11:35:58
返回码：0
===== 输出内容 =====
动态重分配参数：每500万周期检查，阈值5
Process 0, Thread 0: cacherand
Process 0, Thread 1: cacherand
Process 2, Thread 2: gzip-program
Process 3, Thread 3: gzip-source
[切片调度] 新安全域2无任何切片，尝试分配空闲切片
[切片管理] 成功绑定切片0 → 安全域2

======================== 切片硬件状态 ========================
切片号 | 所属安全域 | 当前状态    | 路扩展 | LRU touched
------------------------------------------------------------------
  0    |   域2      | 正常运行   |  否   |  0
  1    |   域-1     | 切片空闲   |  否   |  0
  2    |   域-1     | 切片空闲   |  否   |  0
  3    |   域-1     | 切片空闲   |  否   |  0
==================================================================

[切片管理] 成功绑定切片1 → 安全域2，触发【路扩展模式】

======================== 切片硬件状态 ========================
切片号 | 所属安全域 | 当前状态    | 路扩展 | LRU touched
------------------------------------------------------------------
  0    |   域2      | 正常运行   |  是   |  0
  1    |   域2      | 正常运行   |  是   |  0
  2    |   域-1     | 切片空闲   |  否   |  0
  3    |   域-1     | 切片空闲   |  否   |  0
==================================================================

[切片调度] 新安全域3无任何切片，尝试分配空闲切片
[切片管理] 成功绑定切片2 → 安全域3

======================== 切片硬件状态 ========================
切片号 | 所属安全域 | 当前状态    | 路扩展 | LRU touched
------------------------------------------------------------------
  0    |   域2      | 正常运行   |  是   |  753
  1    |   域2      | 正常运行   |  是   |  0
  2    |   域3      | 正常运行   |  否   |  0
  3    |   域-1     | 切片空闲   |  否   |  0
==================================================================

[切片管理] 成功绑定切片3 → 安全域3，触发【路扩展模式】

======================== 切片硬件状态 ========================
切片号 | 所属安全域 | 当前状态    | 路扩展 | LRU touched
------------------------------------------------------------------
  0    |   域2      | 正常运行   |  是   |  753
  1    |   域2      | 正常运行   |  是   |  0
  2    |   域3      | 正常运行   |  是   |  0
  3    |   域3      | 正常运行   |  是   |  0
==================================================================

[切片调度] 新安全域0无任何切片，尝试分配空闲切片
[切片调度] 新安全域0未找到空闲切片，尝试剥夺切片
[切片替换] 优先从【路扩展切片】中选择LRU替换目标...
[切片替换] 找到路扩展切片作为受害者：切片1（最后访问：0）
[切片调度] 安全域0触发切片剥夺：从域2剥夺切片1
[切片剥夺] 周期947：切片1（所属域2）进入待剥夺状态，禁止新替换
[切片剥夺] 周期947：切片1在途请求已清空，开始执行脏行写回
[切片剥夺] 周期947：切片1无脏行，直接完成剥夺
[切片调度] 域0已有切片1在写回，指令入队等待
[切片管理] 周期947：原域2仅剩1个切片，关闭路扩展模式
[动态重分配] 周期947：切片1写回完成，自动绑定到域0
[切片管理] 成功绑定切片1 → 安全域0

======================== 切片硬件状态 ========================
切片号 | 所属安全域 | 当前状态    | 路扩展 | LRU touched
------------------------------------------------------------------
  0    |   域2      | 正常运行   |  否   |  947
  1    |   域0      | 正常运行   |  否   |  947
  2    |   域3      | 正常运行   |  是   |  756
  3    |   域3      | 正常运行   |  是   |  0
==================================================================

[切片唤醒] 周期947：域0切片就绪，唤醒等待指令
[切片唤醒] 周期947：域0切片就绪，唤醒等待指令

**** Debug Statistics at 1000000 Cycles *****
Threads: 4		Fetch Width: 8
No of useful instructions fetched:	548105 (6.85% proc util.)
No of total instructions fetched:	552984 (6.91% proc util.)
 includes 2621 misfetch (0.5%), 2258 (0.4%) wrong-path fetches
 and 0 flushed after failed lock(0.0%)
No of useful instructions issued/executed:	548050 (6.85% proc util.)
No of total instructions issued/executed:	549145 (6.86% proc util.)
 includes 1095 wrong-path (0.2%) insts and 0 flushed (0.0%)
	fp 48, 0.01%
	synch 0, 0.00%
	integer 454037, 82.68%
	load/store 95060, 17.31%
Avg size of int IQ (before scheduling): 36.39
Avg size of fp IQ (before scheduling): 0.00
No of cycles taken:		1000000
Parallelism [ 0.379, 0.000, 0.085, 0.084,] = 0.548
 IQ conflicts: 429 (0.04%), FQ conflicts: 0 (0.00%) 
 I reg conflicts: 925570 (92.56%), FP reg conflicts: 0 (0.00%)
  Activelist confs: 0 (0.00%), ROB confs: 0 (0.00%)
  Int unit conflicts: 1754 (0.18%), FP unit conflicts: 0 (0.00%)
  Load/store unit conflicts: 1007 (0.10%)
  MSHR conflicts: 818532 (81.85%)
----------------------------------------
==== System-wide Cache Statistics ====
Stall for miss queue full 0 cycles (0.00%)
----------------------------------------
==== Statistics for Master ID: 0 ====
Reads: 79377   Writes: 0
ICACHE: size: 64 KB assoc: 2
ICACHE: hits:65329 misses:4  Hit Ratio: 99.99%
DCACHE: size: 1*16 KB assoc: 1*4
DCACHE: hits:4567 misses:9475 writebacks:0  Hit Ratio: 32.52%
SCACHE: size: 512 KB assoc: 2
SCACHE: hits:8179 misses:1300  Hit Ratio: 86.29%
3CACHE: size: 4096 KB assoc: 2
3CACHE: hits:285 misses:1015  Hit Ratio: 21.92%
3CACHE: dirty items replaced:0
ITLB: size: 48, misses 1, miss rate 0.00%
DTLB: size: 128, misses 37, miss rate 0.26%
Avg mem delay: 167.945 cycles
----------------------------------------
==== Statistics for Master ID: 2 ====
Reads: 65918   Writes: 13945
ICACHE: size: 64 KB assoc: 2
ICACHE: hits:38954 misses:207  Hit Ratio: 99.47%
DCACHE: size: 1*16 KB assoc: 1*4
DCACHE: hits:27522 misses:13180 writebacks:13030  Hit Ratio: 67.62%
SCACHE: size: 512 KB assoc: 2
SCACHE: hits:11 misses:13376  Hit Ratio: 0.08%
3CACHE: size: 4096 KB assoc: 2
3CACHE: hits:0 misses:13376  Hit Ratio: 0.00%
3CACHE: dirty items replaced:0
ITLB: size: 48, misses 18, miss rate 0.05%
DTLB: size: 128, misses 3276, miss rate 8.05%
Avg mem delay: 167.945 cycles
----------------------------------------
==== Statistics for Master ID: 3 ====
Reads: 65123   Writes: 13827
ICACHE: size: 64 KB assoc: 2
ICACHE: hits:38435 misses:203  Hit Ratio: 99.47%
DCACHE: size: 2*16 KB assoc: 2*4
DCACHE: hits:27207 misses:13105 writebacks:12936  Hit Ratio: 67.49%
SCACHE: size: 512 KB assoc: 2
SCACHE: hits:11 misses:13297  Hit Ratio: 0.08%
3CACHE: size: 4096 KB assoc: 2
3CACHE: hits:0 misses:13296  Hit Ratio: 0.00%
3CACHE: dirty items replaced:0
ITLB: size: 48, misses 18, miss rate 0.05%
DTLB: size: 128, misses 3259, miss rate 8.08%
Avg mem delay: 167.945 cycles
----------------------------------------
==== Global Resource Utilization ====
STASH: size: 65536 entries, full 100562798, empty 4449, misses 394, full rate 100.00
icache bank util. 0.048 0.032 0.001 0.001 0.001 0.001 0.015 0.047 
dcache bank util. 0.006 0.006 0.032 0.006 0.006 0.006 0.214 0.006 
L2 bank util. 0.007 0.007 0.007 0.007 0.007 0.007 0.321 0.007 
L1-L2 bus util. = 0.186, L3 util. = 0.277
----------------------------------------

======================== 切片硬件状态 ========================
切片号 | 所属安全域 | 当前状态    | 路扩展 | LRU touched
------------------------------------------------------------------
  0    |   域2      | 正常运行   |  否   |  999995
  1    |   域0      | 正常运行   |  否   |  999973
  2    |   域3      | 正常运行   |  是   |  999981
  3    |   域3      | 正常运行   |  是   |  999788
==================================================================

branch prediction, hits = 21150, misses = 163, hit rate = 99.24%
return_stack prediction, hits = 158, misses = 18, hit rate = 89.77%
jump prediction, hits = 20872, misses = 568, hit rate = 97.35%

======================== 切片硬件状态 ========================
切片号 | 所属安全域 | 当前状态    | 路扩展 | LRU touched
------------------------------------------------------------------
  0    |   域2      | 正常运行   |  否   |  29999917
  1    |   域0      | 正常运行   |  否   |  29999919
  2    |   域3      | 正常运行   |  是   |  29999942
  3    |   域3      | 正常运行   |  是   |  29999959
==================================================================

[动态重分配] 周期30000000：预约迁移 冗余域3(12%) -> 切片2 -> 饥饿域0(66%)
[切片剥夺] 周期30000000：切片2（所属域3）进入待剥夺状态，禁止新替换
[切片剥夺] 周期30000000：切片2在途请求已清空，开始执行脏行写回
[切片管理] 周期30003670：原域3仅剩1个切片，关闭路扩展模式
[动态重分配] 周期30003670：切片2写回完成，自动绑定到域0
[切片管理] 成功绑定切片2 → 安全域0，触发【路扩展模式】

======================== 切片硬件状态 ========================
切片号 | 所属安全域 | 当前状态    | 路扩展 | LRU touched
------------------------------------------------------------------
  0    |   域2      | 正常运行   |  否   |  30003643
  1    |   域0      | 正常运行   |  是   |  30003640
  2    |   域0      | 正常运行   |  是   |  30003670
  3    |   域3      | 正常运行   |  否   |  30003669
==================================================================


**** Debug Statistics at 101000000 Cycles *****
Threads: 4		Fetch Width: 8
No of useful instructions fetched:	78518938 (9.72% proc util.)
No of total instructions fetched:	78528635 (9.72% proc util.)
 includes 4229 misfetch (0.0%), 5468 (0.0%) wrong-path fetches
 and 0 flushed after failed lock(0.0%)
No of useful instructions issued/executed:	78518919 (9.72% proc util.)
No of total instructions issued/executed:	78521447 (9.72% proc util.)
 includes 2528 wrong-path (0.0%) insts and 0 flushed (0.0%)
	fp 76, 0.00%
	synch 0, 0.00%
	integer 63610582, 81.01%
	load/store 14910789, 18.99%
Avg size of int IQ (before scheduling): 17.01
Avg size of fp IQ (before scheduling): 0.00
No of cycles taken:		101000000
Parallelism [ 0.344, 0.000, 0.201, 0.232,] = 0.777
 IQ conflicts: 520 (0.00%), FQ conflicts: 0 (0.00%) 
 I reg conflicts: 90681288 (89.78%), FP reg conflicts: 0 (0.00%)
  Activelist confs: 0 (0.00%), ROB confs: 0 (0.00%)
  Int unit conflicts: 2369746 (2.35%), FP unit conflicts: 0 (0.00%)
  Load/store unit conflicts: 57013 (0.06%)
  MSHR conflicts: 28753106 (28.47%)
----------------------------------------
==== System-wide Cache Statistics ====
Stall for miss queue full 101 cycles (0.00%)
----------------------------------------
==== Statistics for Master ID: 0 ====
Reads: 9662581   Writes: 0
ICACHE: size: 64 KB assoc: 2
ICACHE: hits:8374232 misses:8  Hit Ratio: 100.00%
DCACHE: size: 2*16 KB assoc: 2*4
DCACHE: hits:719612 misses:568727 writebacks:0  Hit Ratio: 55.86%
SCACHE: size: 512 KB assoc: 2
SCACHE: hits:490269 misses:78466  Hit Ratio: 86.20%
3CACHE: size: 4096 KB assoc: 2
3CACHE: hits:67271 misses:11194  Hit Ratio: 85.73%
3CACHE: dirty items replaced:0
ITLB: size: 48, misses 1, miss rate 0.00%
DTLB: size: 128, misses 311, miss rate 0.02%
Avg mem delay: 44.927 cycles
----------------------------------------
==== Statistics for Master ID: 2 ====
Reads: 8852314   Writes: 2728545
ICACHE: size: 64 KB assoc: 2
ICACHE: hits:5938791 misses:312  Hit Ratio: 99.99%
DCACHE: size: 1*16 KB assoc: 1*4
DCACHE: hits:4821513 misses:820243 writebacks:502182  Hit Ratio: 85.46%
SCACHE: size: 512 KB assoc: 2
SCACHE: hits:47 misses:820508  Hit Ratio: 0.01%
3CACHE: size: 4096 KB assoc: 2
3CACHE: hits:0 misses:820508  Hit Ratio: 0.00%
3CACHE: dirty items replaced:0
ITLB: size: 48, misses 19, miss rate 0.00%
DTLB: size: 128, misses 56079, miss rate 0.99%
Avg mem delay: 44.927 cycles
----------------------------------------
==== Statistics for Master ID: 3 ====
Reads: 10387404   Writes: 3898059
ICACHE: size: 64 KB assoc: 2
ICACHE: hits:6304472 misses:301  Hit Ratio: 100.00%
DCACHE: size: 1*16 KB assoc: 1*4
DCACHE: hits:6868068 misses:1112750 writebacks:648372  Hit Ratio: 86.06%
SCACHE: size: 512 KB assoc: 2
SCACHE: hits:45 misses:1112878  Hit Ratio: 0.00%
3CACHE: size: 4096 KB assoc: 2
3CACHE: hits:0 misses:1112877  Hit Ratio: 0.00%
3CACHE: dirty items replaced:0
ITLB: size: 48, misses 19, miss rate 0.00%
DTLB: size: 128, misses 60648, miss rate 0.76%
Avg mem delay: 44.927 cycles
----------------------------------------
==== Global Resource Utilization ====
STASH: size: 65536 entries, full 180004398, empty 5465, misses 472, full rate 100.00
icache bank util. 0.055 0.037 0.000 0.000 0.000 0.073 0.010 0.030 
dcache bank util. 0.028 0.028 0.032 0.028 0.028 0.028 0.038 0.047 
L2 bank util. 0.024 0.024 0.024 0.024 0.024 0.024 0.039 0.054 
L1-L2 bus util. = 0.108, L3 util. = 0.193
----------------------------------------

======================== 切片硬件状态 ========================
切片号 | 所属安全域 | 当前状态    | 路扩展 | LRU touched
------------------------------------------------------------------
  0    |   域2      | 正常运行   |  否   |  100999972
  1    |   域0      | 正常运行   |  是   |  100999940
  2    |   域0      | 正常运行   |  是   |  100999982
  3    |   域3      | 正常运行   |  否   |  100999974
==================================================================

branch prediction, hits = 7637481, misses = 388, hit rate = 99.99%
return_stack prediction, hits = 452, misses = 20, hit rate = 95.76%
jump prediction, hits = 7637117, misses = 950, hit rate = 99.99%

**** Debug Statistics at 201000000 Cycles *****
Threads: 4		Fetch Width: 8
No of useful instructions fetched:	171898013 (10.69% proc util.)
No of total instructions fetched:	172896060 (10.75% proc util.)
 includes 5113 misfetch (0.0%), 992934 (0.6%) wrong-path fetches
 and 0 flushed after failed lock(0.0%)
No of useful instructions issued/executed:	171897970 (10.69% proc util.)
No of total instructions issued/executed:	172290631 (10.71% proc util.)
 includes 392661 wrong-path (0.2%) insts and 0 flushed (0.0%)
	fp 76, 0.00%
	synch 0, 0.00%
	integer 138678752, 80.49%
	load/store 33611803, 19.51%
Avg size of int IQ (before scheduling): 15.70
Avg size of fp IQ (before scheduling): 0.00
No of cycles taken:		201000000
Parallelism [ 0.363, 0.000, 0.225, 0.267,] = 0.855
 IQ conflicts: 758 (0.00%), FQ conflicts: 0 (0.00%) 
 I reg conflicts: 178374187 (88.74%), FP reg conflicts: 0 (0.00%)
  Activelist confs: 0 (0.00%), ROB confs: 0 (0.00%)
  Int unit conflicts: 4979374 (2.48%), FP unit conflicts: 0 (0.00%)
  Load/store unit conflicts: 177022 (0.09%)
  MSHR conflicts: 69090406 (34.37%)
----------------------------------------
==== System-wide Cache Statistics ====
Stall for miss queue full 101 cycles (0.00%)
----------------------------------------
==== Statistics for Master ID: 0 ====
Reads: 22044371   Writes: 0
ICACHE: size: 64 KB assoc: 2
ICACHE: hits:19341554 misses:8  Hit Ratio: 100.00%
DCACHE: size: 2*16 KB assoc: 2*4
DCACHE: hits:1661736 misses:1041071 writebacks:0  Hit Ratio: 61.48%
SCACHE: size: 512 KB assoc: 2
SCACHE: hits:871139 misses:169940  Hit Ratio: 83.68%
3CACHE: size: 4096 KB assoc: 2
3CACHE: hits:154076 misses:15864  Hit Ratio: 90.66%
3CACHE: dirty items replaced:108
ITLB: size: 48, misses 1, miss rate 0.00%
DTLB: size: 128, misses 351, miss rate 0.01%
Avg mem delay: 32.252 cycles
----------------------------------------
==== Statistics for Master ID: 2 ====
Reads: 19558465   Writes: 6887403
ICACHE: size: 64 KB assoc: 2
ICACHE: hits:12485882 misses:359  Hit Ratio: 100.00%
DCACHE: size: 1*16 KB assoc: 1*4
DCACHE: hits:12099643 misses:1859984 writebacks:1022050  Hit Ratio: 86.68%
SCACHE: size: 512 KB assoc: 2
SCACHE: hits:47 misses:1860296  Hit Ratio: 0.00%
3CACHE: size: 4096 KB assoc: 2
3CACHE: hits:0 misses:1860296  Hit Ratio: 0.00%
3CACHE: dirty items replaced:1598
ITLB: size: 48, misses 19, miss rate 0.00%
DTLB: size: 128, misses 72347, miss rate 0.52%
Avg mem delay: 32.252 cycles
----------------------------------------
==== Statistics for Master ID: 3 ====
Reads: 22830244   Writes: 7531751
ICACHE: size: 64 KB assoc: 2
ICACHE: hits:13412141 misses:489  Hit Ratio: 100.00%
DCACHE: size: 1*16 KB assoc: 1*4
DCACHE: hits:14927696 misses:2021797 writebacks:1065710  Hit Ratio: 88.07%
SCACHE: size: 512 KB assoc: 2
SCACHE: hits:74470 misses:1947688  Hit Ratio: 3.68%
3CACHE: size: 4096 KB assoc: 2
3CACHE: hits:21598 misses:1926089  Hit Ratio: 1.11%
3CACHE: dirty items replaced:70
ITLB: size: 48, misses 25, miss rate 0.00%
DTLB: size: 128, misses 88053, miss rate 0.52%
Avg mem delay: 32.252 cycles
----------------------------------------
==== Global Resource Utilization ====
STASH: size: 65536 entries, full 275857285, empty 7755, misses 640, full rate 100.00
icache bank util. 0.062 0.043 0.001 0.002 0.002 0.091 0.007 0.017 
dcache bank util. 0.031 0.033 0.034 0.032 0.031 0.031 0.038 0.042 
L2 bank util. 0.026 0.026 0.026 0.026 0.026 0.026 0.034 0.041 
L1-L2 bus util. = 0.105, L3 util. = 0.189
----------------------------------------

======================== 切片硬件状态 ========================
切片号 | 所属安全域 | 当前状态    | 路扩展 | LRU touched
------------------------------------------------------------------
  0    |   域2      | 正常运行   |  否   |  200999993
  1    |   域0      | 正常运行   |  是   |  200999940
  2    |   域0      | 正常运行   |  是   |  200999975
  3    |   域3      | 正常运行   |  否   |  200999980
==================================================================

branch prediction, hits = 16978367, misses = 84011, hit rate = 99.51%
return_stack prediction, hits = 44139, misses = 20, hit rate = 99.95%
jump prediction, hits = 17124181, misses = 1205, hit rate = 99.99%

**** Debug Statistics at 301000000 Cycles *****
Threads: 4		Fetch Width: 8
No of useful instructions fetched:	606188601 (25.17% proc util.)
No of total instructions fetched:	665684059 (27.64% proc util.)
 includes 81464 misfetch (0.0%), 59413994 (8.9%) wrong-path fetches
 and 0 flushed after failed lock(0.0%)
No of useful instructions issued/executed:	606188545 (25.17% proc util.)
No of total instructions issued/executed:	630771311 (26.19% proc util.)
 includes 24582766 wrong-path (3.9%) insts and 0 flushed (0.0%)
	fp 76, 0.00%
	synch 0, 0.00%
	integer 506092039, 80.23%
	load/store 124679196, 19.77%
Avg size of int IQ (before scheduling): 22.15
Avg size of fp IQ (before scheduling): 0.00
No of cycles taken:		301000000
Parallelism [ 0.672, 0.000, 0.633, 0.709,] = 2.014
 IQ conflicts: 108586 (0.04%), FQ conflicts: 0 (0.00%) 
 I reg conflicts: 207987177 (69.10%), FP reg conflicts: 0 (0.00%)
  Activelist confs: 0 (0.00%), ROB confs: 0 (0.00%)
  Int unit conflicts: 213190043 (70.83%), FP unit conflicts: 0 (0.00%)
  Load/store unit conflicts: 4509919 (1.50%)
  MSHR conflicts: 70446821 (23.40%)
----------------------------------------
==== System-wide Cache Statistics ====
Stall for miss queue full 101 cycles (0.00%)
----------------------------------------
==== Statistics for Master ID: 0 ====
Reads: 64668984   Writes: 0
ICACHE: size: 64 KB assoc: 2
ICACHE: hits:57179362 misses:10  Hit Ratio: 100.00%
DCACHE: size: 2*16 KB assoc: 2*4
DCACHE: hits:4850890 misses:2638720 writebacks:0  Hit Ratio: 64.77%
SCACHE: size: 512 KB assoc: 2
SCACHE: hits:2448744 misses:189986  Hit Ratio: 92.80%
3CACHE: size: 4096 KB assoc: 2
3CACHE: hits:160080 misses:29906  Hit Ratio: 84.26%
3CACHE: dirty items replaced:3525
ITLB: size: 48, misses 1, miss rate 0.00%
DTLB: size: 128, misses 400, miss rate 0.01%
Avg mem delay: 7.682 cycles
----------------------------------------
==== Statistics for Master ID: 2 ====
Reads: 100412330   Writes: 17942331
ICACHE: size: 64 KB assoc: 2
ICACHE: hits:62811019 misses:33278  Hit Ratio: 99.95%
DCACHE: size: 1*16 KB assoc: 1*4
DCACHE: hits:52229108 misses:3281256 writebacks:1585831  Hit Ratio: 94.09%
SCACHE: size: 512 KB assoc: 2
SCACHE: hits:1119903 misses:2194631  Hit Ratio: 33.79%
3CACHE: size: 4096 KB assoc: 2
3CACHE: hits:54415 misses:2140216  Hit Ratio: 2.48%
3CACHE: dirty items replaced:11276
ITLB: size: 48, misses 25, miss rate 0.00%
DTLB: size: 128, misses 93439, miss rate 0.17%
Avg mem delay: 7.682 cycles
----------------------------------------
==== Statistics for Master ID: 3 ====
Reads: 106950884   Writes: 19710692
ICACHE: size: 64 KB assoc: 2
ICACHE: hits:64947043 misses:35324  Hit Ratio: 99.95%
DCACHE: size: 1*16 KB assoc: 1*4
DCACHE: hits:58390405 misses:3288932 writebacks:1590333  Hit Ratio: 94.67%
SCACHE: size: 512 KB assoc: 2
SCACHE: hits:1257585 misses:2066543  Hit Ratio: 37.83%
3CACHE: size: 4096 KB assoc: 2
3CACHE: hits:91676 misses:1974867  Hit Ratio: 4.44%
3CACHE: dirty items replaced:5804
ITLB: size: 48, misses 25, miss rate 0.00%
DTLB: size: 128, misses 92855, miss rate 0.15%
Avg mem delay: 7.682 cycles
----------------------------------------
==== Global Resource Utilization ====
STASH: size: 65536 entries, full 814769696, empty 13387, misses 1033, full rate 100.00
icache bank util. 0.147 0.109 0.022 0.033 0.053 0.134 0.054 0.062 
dcache bank util. 0.051 0.065 0.072 0.060 0.087 0.047 0.092 0.064 
L2 bank util. 0.029 0.029 0.029 0.029 0.029 0.028 0.034 0.040 
L1-L2 bus util. = 0.124, L3 util. = 0.138
----------------------------------------

======================== 切片硬件状态 ========================
切片号 | 所属安全域 | 当前状态    | 路扩展 | LRU touched
------------------------------------------------------------------
  0    |   域2      | 正常运行   |  否   |  300999999
  1    |   域0      | 正常运行   |  是   |  300999970
  2    |   域0      | 正常运行   |  是   |  300999986
  3    |   域3      | 正常运行   |  否   |  300999998
==================================================================

branch prediction, hits = 39243642, misses = 2565623, hit rate = 93.86%
return_stack prediction, hits = 1997175, misses = 20, hit rate = 100.00%
jump prediction, hits = 46592529, misses = 35582, hit rate = 99.92%

**** Debug Statistics at 401000000 Cycles *****
Threads: 4		Fetch Width: 8
No of useful instructions fetched:	1094727250 (34.12% proc util.)
No of total instructions fetched:	1214211087 (37.85% proc util.)
 includes 176129 misfetch (0.0%), 119307708 (9.8%) wrong-path fetches
 and 0 flushed after failed lock(0.0%)
No of useful instructions issued/executed:	1094727200 (34.12% proc util.)
No of total instructions issued/executed:	1142321407 (35.61% proc util.)
 includes 47594207 wrong-path (4.2%) insts and 0 flushed (0.0%)
	fp 76, 0.00%
	synch 0, 0.00%
	integer 915921457, 80.18%
	load/store 226399874, 19.82%
Avg size of int IQ (before scheduling): 26.24
Avg size of fp IQ (before scheduling): 0.00
No of cycles taken:		401000000
Parallelism [ 0.851, 0.000, 0.912, 0.967,] = 2.730
 IQ conflicts: 244445 (0.06%), FQ conflicts: 0 (0.00%) 
 I reg conflicts: 229911584 (57.33%), FP reg conflicts: 0 (0.00%)
  Activelist confs: 0 (0.00%), ROB confs: 0 (0.00%)
  Int unit conflicts: 479364081 (119.54%), FP unit conflicts: 0 (0.00%)
  Load/store unit conflicts: 9452269 (2.36%)
  MSHR conflicts: 70951749 (17.69%)
----------------------------------------
==== System-wide Cache Statistics ====
Stall for miss queue full 101 cycles (0.00%)
----------------------------------------
==== Statistics for Master ID: 0 ====
Reads: 110806771   Writes: 0
ICACHE: size: 64 KB assoc: 2
ICACHE: hits:98166620 misses:10  Hit Ratio: 100.00%
DCACHE: size: 2*16 KB assoc: 2*4
DCACHE: hits:8281783 misses:4358356 writebacks:0  Hit Ratio: 65.52%
SCACHE: size: 512 KB assoc: 2
SCACHE: hits:4155198 misses:203167  Hit Ratio: 95.34%
3CACHE: size: 4096 KB assoc: 2
3CACHE: hits:163247 misses:39920  Hit Ratio: 80.35%
3CACHE: dirty items replaced:6316
ITLB: size: 48, misses 1, miss rate 0.00%
DTLB: size: 128, misses 400, miss rate 0.00%
Avg mem delay: 4.578 cycles
----------------------------------------
==== Statistics for Master ID: 2 ====
Reads: 194444760   Writes: 30962564
ICACHE: size: 64 KB assoc: 2
ICACHE: hits:120710318 misses:53218  Hit Ratio: 99.96%
DCACHE: size: 1*16 KB assoc: 1*4
DCACHE: hits:100218742 misses:4425046 writebacks:2079230  Hit Ratio: 95.77%
SCACHE: size: 512 KB assoc: 2
SCACHE: hits:2185801 misses:2292463  Hit Ratio: 48.81%
3CACHE: size: 4096 KB assoc: 2
3CACHE: hits:113853 misses:2178610  Hit Ratio: 4.97%
3CACHE: dirty items replaced:17144
ITLB: size: 48, misses 25, miss rate 0.00%
DTLB: size: 128, misses 96863, miss rate 0.09%
Avg mem delay: 4.578 cycles
----------------------------------------
==== Statistics for Master ID: 3 ====
Reads: 197434613   Writes: 32755074
ICACHE: size: 64 KB assoc: 2
ICACHE: hits:121020241 misses:53523  Hit Ratio: 99.96%
DCACHE: size: 1*16 KB assoc: 1*4
DCACHE: hits:104705638 misses:4410413 writebacks:2069929  Hit Ratio: 95.96%
SCACHE: size: 512 KB assoc: 2
SCACHE: hits:2290431 misses:2173377  Hit Ratio: 51.31%
3CACHE: size: 4096 KB assoc: 2
3CACHE: hits:152920 misses:2020457  Hit Ratio: 7.04%
3CACHE: dirty items replaced:12493
ITLB: size: 48, misses 25, miss rate 0.00%
DTLB: size: 128, misses 96826, miss rate 0.09%
Avg mem delay: 4.578 cycles
----------------------------------------
==== Global Resource Utilization ====
STASH: size: 65536 entries, full 1412933590, empty 13435, misses 1036, full rate 100.00
icache bank util. 0.198 0.149 0.037 0.054 0.082 0.156 0.082 0.091 
dcache bank util. 0.063 0.082 0.096 0.075 0.123 0.057 0.122 0.077 
L2 bank util. 0.029 0.029 0.029 0.029 0.028 0.028 0.033 0.039 
L1-L2 bus util. = 0.131, L3 util. = 0.106
----------------------------------------

======================== 切片硬件状态 ========================
切片号 | 所属安全域 | 当前状态    | 路扩展 | LRU touched
------------------------------------------------------------------
  0    |   域2      | 正常运行   |  否   |  400999999
  1    |   域0      | 正常运行   |  是   |  400999957
  2    |   域0      | 正常运行   |  是   |  400999993
  3    |   域3      | 正常运行   |  否   |  400999993
==================================================================

branch prediction, hits = 63912155, misses = 5079912, hit rate = 92.64%
return_stack prediction, hits = 4156916, misses = 20, hit rate = 100.00%
jump prediction, hits = 79012649, misses = 76662, hit rate = 99.90%

**** Debug Statistics at 501000000 Cycles *****
Threads: 4		Fetch Width: 8
No of useful instructions fetched:	1577717510 (39.36% proc util.)
No of total instructions fetched:	1759489646 (43.90% proc util.)
 includes 295050 misfetch (0.0%), 181477086 (10.3%) wrong-path fetches
 and 0 flushed after failed lock(0.0%)
No of useful instructions issued/executed:	1577717450 (39.36% proc util.)
No of total instructions issued/executed:	1650164742 (41.17% proc util.)
 includes 72447292 wrong-path (4.4%) insts and 0 flushed (0.0%)
	fp 76, 0.00%
	synch 0, 0.00%
	integer 1323148394, 80.18%
	load/store 327016272, 19.82%
Avg size of int IQ (before scheduling): 28.61
Avg size of fp IQ (before scheduling): 0.00
No of cycles taken:		501000000
Parallelism [ 0.958, 0.000, 1.073, 1.118,] = 3.149
 IQ conflicts: 373127 (0.07%), FQ conflicts: 0 (0.00%) 
 I reg conflicts: 252189873 (50.34%), FP reg conflicts: 0 (0.00%)
  Activelist confs: 0 (0.00%), ROB confs: 0 (0.00%)
  Int unit conflicts: 735239344 (146.75%), FP unit conflicts: 0 (0.00%)
  Load/store unit conflicts: 14240523 (2.84%)
  MSHR conflicts: 71562214 (14.28%)
----------------------------------------
==== System-wide Cache Statistics ====
Stall for miss queue full 101 cycles (0.00%)
----------------------------------------
==== Statistics for Master ID: 0 ====
Reads: 156765312   Writes: 0
ICACHE: size: 64 KB assoc: 2
ICACHE: hits:138996416 misses:10  Hit Ratio: 100.00%
DCACHE: size: 2*16 KB assoc: 2*4
DCACHE: hits:11699475 misses:6069409 writebacks:0  Hit Ratio: 65.84%
SCACHE: size: 512 KB assoc: 2
SCACHE: hits:5851218 misses:218201  Hit Ratio: 96.40%
3CACHE: size: 4096 KB assoc: 2
3CACHE: hits:166896 misses:51305  Hit Ratio: 76.49%
3CACHE: dirty items replaced:9836
ITLB: size: 48, misses 1, miss rate 0.00%
DTLB: size: 128, misses 400, miss rate 0.00%
Avg mem delay: 3.493 cycles
----------------------------------------
==== Statistics for Master ID: 2 ====
Reads: 287910765   Writes: 43935246
ICACHE: size: 64 KB assoc: 2
ICACHE: hits:178323466 misses:74986  Hit Ratio: 99.96%
DCACHE: size: 1*16 KB assoc: 1*4
DCACHE: hits:147750700 misses:5696859 writebacks:2628048  Hit Ratio: 96.29%
SCACHE: size: 512 KB assoc: 2
SCACHE: hits:3380726 misses:2391119  Hit Ratio: 58.57%
3CACHE: size: 4096 KB assoc: 2
3CACHE: hits:173837 misses:2217282  Hit Ratio: 7.27%
3CACHE: dirty items replaced:22568
ITLB: size: 48, misses 25, miss rate 0.00%
DTLB: size: 128, misses 100223, miss rate 0.07%
Avg mem delay: 3.493 cycles
----------------------------------------
==== Statistics for Master ID: 3 ====
Reads: 287327548   Writes: 45329687
ICACHE: size: 64 KB assoc: 2
ICACHE: hits:176786748 misses:70693  Hit Ratio: 99.96%
DCACHE: size: 1*16 KB assoc: 1*4
DCACHE: hits:150213945 misses:5585977 writebacks:2556993  Hit Ratio: 96.41%
SCACHE: size: 512 KB assoc: 2
SCACHE: hits:3375535 misses:2281007  Hit Ratio: 59.67%
3CACHE: size: 4096 KB assoc: 2
3CACHE: hits:216180 misses:2064827  Hit Ratio: 9.48%
3CACHE: dirty items replaced:18756
ITLB: size: 48, misses 25, miss rate 0.00%
DTLB: size: 128, misses 100836, miss rate 0.06%
Avg mem delay: 3.493 cycles
----------------------------------------
==== Global Resource Utilization ====
STASH: size: 65536 entries, full 2008257143, empty 13451, misses 1036, full rate 100.00
icache bank util. 0.228 0.173 0.045 0.067 0.099 0.169 0.098 0.108 
dcache bank util. 0.070 0.093 0.109 0.085 0.143 0.062 0.141 0.085 
L2 bank util. 0.029 0.029 0.030 0.029 0.029 0.028 0.032 0.038 
L1-L2 bus util. = 0.136, L3 util. = 0.086
----------------------------------------

======================== 切片硬件状态 ========================
切片号 | 所属安全域 | 当前状态    | 路扩展 | LRU touched
------------------------------------------------------------------
  0    |   域2      | 正常运行   |  否   |  500999997
  1    |   域0      | 正常运行   |  是   |  500999963
  2    |   域0      | 正常运行   |  是   |  500999998
  3    |   域3      | 正常运行   |  否   |  500999991
==================================================================

branch prediction, hits = 88148325, misses = 7657743, hit rate = 92.01%
return_stack prediction, hits = 6257340, misses = 20, hit rate = 100.00%
jump prediction, hits = 110811023, misses = 127941, hit rate = 99.88%

**** Early Exiting at 588780089 Cycles *****
========================================
 SMTSIM Global Statistics
========================================
Threads: 4		Fetch Width: 8
No of useful instructions fetched:	2000000082 (42.46% proc util.)
No of total instructions fetched:	2240239910 (47.56% proc util.)
 includes 383173 misfetch (0.0%), 239856655 (10.7%) wrong-path fetches
 and 0 flushed after failed lock(0.0%)
No of useful instructions issued/executed:	2000000042 (42.46% proc util.)
No of total instructions issued/executed:	2095989563 (44.50% proc util.)
 includes 95989521 wrong-path (4.6%) insts and 0 flushed (0.0%)
	fp 76, 0.00%
	synch 0, 0.00%
	integer 1679839328, 80.15%
	load/store 416150159, 19.85%
Avg size of int IQ (before scheduling): 29.99
Avg size of fp IQ (before scheduling): 0.00
No of cycles taken:		588780089
Parallelism [ 1.022, 0.000, 1.165, 1.210,] = 3.397
 IQ conflicts: 475989 (0.08%), FQ conflicts: 0 (0.00%) 
 I reg conflicts: 271302737 (46.08%), FP reg conflicts: 0 (0.00%)
  Activelist confs: 0 (0.00%), ROB confs: 0 (0.00%)
  Int unit conflicts: 959395560 (162.95%), FP unit conflicts: 0 (0.00%)
  Load/store unit conflicts: 18691100 (3.17%)
  MSHR conflicts: 71986342 (12.23%)
----------------------------------------
==== System-wide Cache Statistics ====
Stall for miss queue full 101 cycles (0.00%)
----------------------------------------
==== Statistics for Master ID: 0 ====
Reads: 197265067   Writes: 1
ICACHE: size: 64 KB assoc: 2
ICACHE: hits:174989345 misses:10  Hit Ratio: 100.00%
DCACHE: size: 2*16 KB assoc: 2*4
DCACHE: hits:14702229 misses:7573482 writebacks:1  Hit Ratio: 66.00%
SCACHE: size: 512 KB assoc: 2
SCACHE: hits:7342860 misses:230632  Hit Ratio: 96.95%
3CACHE: size: 4096 KB assoc: 2
3CACHE: hits:169975 misses:60657  Hit Ratio: 73.70%
3CACHE: dirty items replaced:12331
ITLB: size: 48, misses 1, miss rate 0.00%
DTLB: size: 128, misses 401, miss rate 0.00%
Avg mem delay: 2.987 cycles
----------------------------------------
==== Statistics for Master ID: 2 ====
Reads: 370591901   Writes: 55239499
ICACHE: size: 64 KB assoc: 2
ICACHE: hits:229374263 misses:98053  Hit Ratio: 99.96%
DCACHE: size: 1*16 KB assoc: 1*4
DCACHE: hits:189402170 misses:6956914 writebacks:3124332  Hit Ratio: 96.46%
SCACHE: size: 512 KB assoc: 2
SCACHE: hits:4578296 misses:2476671  Hit Ratio: 64.89%
3CACHE: size: 4096 KB assoc: 2
3CACHE: hits:226643 misses:2250028  Hit Ratio: 9.15%
3CACHE: dirty items replaced:26626
ITLB: size: 48, misses 25, miss rate 0.00%
DTLB: size: 128, misses 103124, miss rate 0.05%
Avg mem delay: 2.987 cycles
----------------------------------------
==== Statistics for Master ID: 3 ====
Reads: 366898707   Writes: 56748772
ICACHE: size: 64 KB assoc: 2
ICACHE: hits:226043357 misses:88808  Hit Ratio: 99.96%
DCACHE: size: 1*16 KB assoc: 1*4
DCACHE: hits:190906160 misses:6609282 writebacks:2981089  Hit Ratio: 96.65%
SCACHE: size: 512 KB assoc: 2
SCACHE: hits:4321609 misses:2376353  Hit Ratio: 64.52%
3CACHE: size: 4096 KB assoc: 2
3CACHE: hits:273498 misses:2102855  Hit Ratio: 11.51%
3CACHE: dirty items replaced:22479
ITLB: size: 48, misses 25, miss rate 0.00%
DTLB: size: 128, misses 104356, miss rate 0.05%
Avg mem delay: 2.987 cycles
----------------------------------------
==== Global Resource Utilization ====
STASH: size: 65536 entries, full 2534012575, empty 13452, misses 1037, full rate 100.00
icache bank util. 0.246 0.187 0.050 0.074 0.110 0.178 0.109 0.118 
dcache bank util. 0.074 0.099 0.118 0.090 0.157 0.066 0.152 0.089 
L2 bank util. 0.030 0.030 0.030 0.029 0.029 0.029 0.032 0.038 
L1-L2 bus util. = 0.140, L3 util. = 0.075
----------------------------------------

======================== 切片硬件状态 ========================
切片号 | 所属安全域 | 当前状态    | 路扩展 | LRU touched
------------------------------------------------------------------
  0    |   域2      | 正常运行   |  否   |  588780088
  1    |   域0      | 正常运行   |  是   |  588780036
  2    |   域0      | 正常运行   |  是   |  588780071
  3    |   域3      | 正常运行   |  否   |  588780085
==================================================================

branch prediction, hits = 109239718, misses = 10082893, hit rate = 91.55%
return_stack prediction, hits = 8177962, misses = 20, hit rate = 100.00%
jump prediction, hits = 139032138, misses = 166618, hit rate = 99.88%
total IPC 3.397

=== Results saved to: ./results/cacherand_2_gzip-program_1_gzip-source_1.txt ===
