===== 执行信息 =====
Cache目录：ssmtc64-500-5%
执行命令：./smtsim ../seqacc.arg2 ../gcc-scilab.arg ../gzip-program.arg
执行时间：2026-04-16 12:42:53
返回码：0
===== 输出内容 =====
动态重分配参数：每500万周期检查，阈值5
Process 0, Thread 0: seqacc
Process 0, Thread 1: seqacc
Process 2, Thread 2: gcc-scilab
Process 3, Thread 3: gzip-program
[切片调度] 新安全域2无任何切片，尝试分配空闲切片
[切片管理] 成功绑定切片0 → 安全域2

======================== 切片硬件状态 ========================
切片号 | 所属安全域 | 当前状态    | 路扩展 | LRU touched
------------------------------------------------------------------
  0    |   域2      | 正常运行   |  否   |  0
  1    |   域-1     | 切片空闲   |  否   |  0
  2    |   域-1     | 切片空闲   |  否   |  0
  3    |   域-1     | 切片空闲   |  否   |  0
==================================================================

[切片管理] 成功绑定切片1 → 安全域2，触发【路扩展模式】

======================== 切片硬件状态 ========================
切片号 | 所属安全域 | 当前状态    | 路扩展 | LRU touched
------------------------------------------------------------------
  0    |   域2      | 正常运行   |  是   |  0
  1    |   域2      | 正常运行   |  是   |  0
  2    |   域-1     | 切片空闲   |  否   |  0
  3    |   域-1     | 切片空闲   |  否   |  0
==================================================================

[切片调度] 新安全域3无任何切片，尝试分配空闲切片
[切片管理] 成功绑定切片2 → 安全域3

======================== 切片硬件状态 ========================
切片号 | 所属安全域 | 当前状态    | 路扩展 | LRU touched
------------------------------------------------------------------
  0    |   域2      | 正常运行   |  是   |  435
  1    |   域2      | 正常运行   |  是   |  0
  2    |   域3      | 正常运行   |  否   |  0
  3    |   域-1     | 切片空闲   |  否   |  0
==================================================================

[切片管理] 成功绑定切片3 → 安全域3，触发【路扩展模式】

======================== 切片硬件状态 ========================
切片号 | 所属安全域 | 当前状态    | 路扩展 | LRU touched
------------------------------------------------------------------
  0    |   域2      | 正常运行   |  是   |  435
  1    |   域2      | 正常运行   |  是   |  0
  2    |   域3      | 正常运行   |  是   |  0
  3    |   域3      | 正常运行   |  是   |  0
==================================================================

[切片调度] 新安全域0无任何切片，尝试分配空闲切片
[切片调度] 新安全域0未找到空闲切片，尝试剥夺切片
[切片替换] 优先从【路扩展切片】中选择LRU替换目标...
[切片替换] 找到路扩展切片作为受害者：切片1（最后访问：0）
[切片调度] 安全域0触发切片剥夺：从域2剥夺切片1
[切片剥夺] 周期1048：切片1（所属域2）进入待剥夺状态，禁止新替换
[切片剥夺] 周期1048：切片1在途请求已清空，开始执行脏行写回
[切片剥夺] 周期1048：切片1无脏行，直接完成剥夺
[切片管理] 周期1048：原域2仅剩1个切片，关闭路扩展模式
[动态重分配] 周期1048：切片1写回完成，自动绑定到域0
[切片管理] 成功绑定切片1 → 安全域0

======================== 切片硬件状态 ========================
切片号 | 所属安全域 | 当前状态    | 路扩展 | LRU touched
------------------------------------------------------------------
  0    |   域2      | 正常运行   |  否   |  1046
  1    |   域0      | 正常运行   |  否   |  1048
  2    |   域3      | 正常运行   |  是   |  1048
  3    |   域3      | 正常运行   |  是   |  0
==================================================================

[切片唤醒] 周期1048：域0切片就绪，唤醒等待指令

**** Debug Statistics at 1000000 Cycles *****
Threads: 4		Fetch Width: 8
No of useful instructions fetched:	1064565 (13.31% proc util.)
No of total instructions fetched:	1165156 (14.56% proc util.)
 includes 15320 misfetch (1.3%), 85271 (7.3%) wrong-path fetches
 and 0 flushed after failed lock(0.0%)
No of useful instructions issued/executed:	1064528 (13.31% proc util.)
No of total instructions issued/executed:	1103109 (13.79% proc util.)
 includes 38581 wrong-path (3.5%) insts and 0 flushed (0.0%)
	fp 68, 0.01%
	synch 0, 0.00%
	integer 887041, 80.41%
	load/store 216000, 19.58%
Avg size of int IQ (before scheduling): 34.91
Avg size of fp IQ (before scheduling): 0.00
No of cycles taken:		1000000
Parallelism [ 0.587, 0.000, 0.334, 0.143,] = 1.065
 IQ conflicts: 1215 (0.12%), FQ conflicts: 0 (0.00%) 
 I reg conflicts: 828747 (82.87%), FP reg conflicts: 0 (0.00%)
  Activelist confs: 0 (0.00%), ROB confs: 0 (0.00%)
  Int unit conflicts: 69036 (6.90%), FP unit conflicts: 0 (0.00%)
  Load/store unit conflicts: 12704 (1.27%)
  MSHR conflicts: 279245 (27.92%)
----------------------------------------
==== System-wide Cache Statistics ====
Stall for miss queue full 0 cycles (0.00%)
----------------------------------------
==== Statistics for Master ID: 0 ====
Reads: 181131   Writes: 0
ICACHE: size: 64 KB assoc: 2
ICACHE: hits:150642 misses:5  Hit Ratio: 100.00%
DCACHE: size: 1*16 KB assoc: 1*4
DCACHE: hits:27484 misses:2999 writebacks:0  Hit Ratio: 90.16%
SCACHE: size: 512 KB assoc: 2
SCACHE: hits:2491 misses:513  Hit Ratio: 82.92%
3CACHE: size: 4096 KB assoc: 2
3CACHE: hits:145 misses:368  Hit Ratio: 28.27%
3CACHE: dirty items replaced:0
ITLB: size: 48, misses 1, miss rate 0.00%
DTLB: size: 128, misses 28, miss rate 0.09%
Avg mem delay: 59.655 cycles
----------------------------------------
==== Statistics for Master ID: 2 ====
Reads: 177181   Writes: 51068
ICACHE: size: 64 KB assoc: 2
ICACHE: hits:110242 misses:1397  Hit Ratio: 98.75%
DCACHE: size: 1*16 KB assoc: 1*4
DCACHE: hits:113642 misses:2968 writebacks:2060  Hit Ratio: 97.45%
SCACHE: size: 512 KB assoc: 2
SCACHE: hits:671 misses:3694  Hit Ratio: 15.37%
3CACHE: size: 4096 KB assoc: 2
3CACHE: hits:25 misses:3669  Hit Ratio: 0.68%
3CACHE: dirty items replaced:0
ITLB: size: 48, misses 89, miss rate 0.08%
DTLB: size: 128, misses 397, miss rate 0.34%
Avg mem delay: 59.655 cycles
----------------------------------------
==== Statistics for Master ID: 3 ====
Reads: 103534   Writes: 23307
ICACHE: size: 64 KB assoc: 2
ICACHE: hits:57847 misses:203  Hit Ratio: 99.65%
DCACHE: size: 2*16 KB assoc: 2*4
DCACHE: hits:46248 misses:22543 writebacks:22377  Hit Ratio: 67.23%
SCACHE: size: 512 KB assoc: 2
SCACHE: hits:10 misses:22734  Hit Ratio: 0.04%
3CACHE: size: 4096 KB assoc: 2
3CACHE: hits:0 misses:22734  Hit Ratio: 0.00%
3CACHE: dirty items replaced:0
ITLB: size: 48, misses 18, miss rate 0.03%
DTLB: size: 128, misses 5617, miss rate 8.17%
Avg mem delay: 59.655 cycles
----------------------------------------
==== Global Resource Utilization ====
STASH: size: 65536 entries, full 101193637, empty 23222, misses 1983, full rate 99.98
icache bank util. 0.081 0.037 0.017 0.017 0.014 0.014 0.053 0.093 
dcache bank util. 0.022 0.026 0.038 0.016 0.016 0.016 0.216 0.024 
L2 bank util. 0.008 0.008 0.007 0.008 0.008 0.007 0.277 0.008 
L1-L2 bus util. = 0.164, L3 util. = 0.268
----------------------------------------

======================== 切片硬件状态 ========================
切片号 | 所属安全域 | 当前状态    | 路扩展 | LRU touched
------------------------------------------------------------------
  0    |   域2      | 正常运行   |  否   |  999991
  1    |   域0      | 正常运行   |  否   |  999961
  2    |   域3      | 正常运行   |  是   |  999996
  3    |   域3      | 正常运行   |  是   |  999866
==================================================================

branch prediction, hits = 77037, misses = 4939, hit rate = 93.98%
return_stack prediction, hits = 4267, misses = 14, hit rate = 99.67%
jump prediction, hits = 91282, misses = 3888, hit rate = 95.91%
 dgelq2_ dgelqf_
**** Debug Statistics at 101000000 Cycles *****
Threads: 4		Fetch Width: 8
No of useful instructions fetched:	190485443 (23.57% proc util.)
No of total instructions fetched:	225611620 (27.92% proc util.)
 includes 9900421 misfetch (4.4%), 25225756 (11.2%) wrong-path fetches
 and 0 flushed after failed lock(0.0%)
No of useful instructions issued/executed:	190485421 (23.57% proc util.)
No of total instructions issued/executed:	201268131 (24.91% proc util.)
 includes 10782710 wrong-path (5.4%) insts and 0 flushed (0.0%)
	fp 1242, 0.00%
	synch 0, 0.00%
	integer 155513787, 77.27%
	load/store 45753102, 22.73%
Avg size of int IQ (before scheduling): 21.63
Avg size of fp IQ (before scheduling): 0.00
No of cycles taken:		101000000
Parallelism [ 0.865, 0.000, 0.673, 0.348,] = 1.886
 IQ conflicts: 72333 (0.07%), FQ conflicts: 0 (0.00%) 
 I reg conflicts: 68259528 (67.58%), FP reg conflicts: 0 (0.00%)
  Activelist confs: 0 (0.00%), ROB confs: 1519 (0.00%)
  Int unit conflicts: 15848084 (15.69%), FP unit conflicts: 2 (0.00%)
  Load/store unit conflicts: 3026987 (3.00%)
  MSHR conflicts: 3710143 (3.67%)
----------------------------------------
==== System-wide Cache Statistics ====
Stall for miss queue full 0 cycles (0.00%)
----------------------------------------
==== Statistics for Master ID: 0 ====
Reads: 30046403   Writes: 0
ICACHE: size: 64 KB assoc: 2
ICACHE: hits:25501391 misses:11475  Hit Ratio: 99.96%
DCACHE: size: 1*16 KB assoc: 1*4
DCACHE: hits:4100236 misses:433300 writebacks:0  Hit Ratio: 90.44%
SCACHE: size: 512 KB assoc: 2
SCACHE: hits:429012 misses:15763  Hit Ratio: 96.46%
3CACHE: size: 4096 KB assoc: 2
3CACHE: hits:13028 misses:2735  Hit Ratio: 82.65%
3CACHE: dirty items replaced:6
ITLB: size: 48, misses 1, miss rate 0.00%
DTLB: size: 128, misses 510, miss rate 0.01%
Avg mem delay: 7.260 cycles
----------------------------------------
==== Statistics for Master ID: 2 ====
Reads: 47321619   Writes: 9155360
ICACHE: size: 64 KB assoc: 2
ICACHE: hits:25543729 misses:376422  Hit Ratio: 98.55%
DCACHE: size: 1*16 KB assoc: 1*4
DCACHE: hits:29705453 misses:851375 writebacks:231441  Hit Ratio: 97.21%
SCACHE: size: 512 KB assoc: 2
SCACHE: hits:948313 misses:279484  Hit Ratio: 77.24%
3CACHE: size: 4096 KB assoc: 2
3CACHE: hits:206953 misses:72531  Hit Ratio: 74.05%
3CACHE: dirty items replaced:5133
ITLB: size: 48, misses 18847, miss rate 0.07%
DTLB: size: 128, misses 20280, miss rate 0.07%
Avg mem delay: 7.260 cycles
----------------------------------------
==== Statistics for Master ID: 3 ====
Reads: 18089401   Writes: 5196393
ICACHE: size: 64 KB assoc: 2
ICACHE: hits:12692791 misses:15098  Hit Ratio: 99.88%
DCACHE: size: 2*16 KB assoc: 2*4
DCACHE: hits:9140694 misses:1437211 writebacks:810525  Hit Ratio: 86.41%
SCACHE: size: 512 KB assoc: 2
SCACHE: hits:14457 misses:1437852  Hit Ratio: 1.00%
3CACHE: size: 4096 KB assoc: 2
3CACHE: hits:115 misses:1437736  Hit Ratio: 0.01%
3CACHE: dirty items replaced:45824
ITLB: size: 48, misses 66, miss rate 0.00%
DTLB: size: 128, misses 65738, miss rate 0.62%
Avg mem delay: 7.260 cycles
----------------------------------------
==== Global Resource Utilization ====
STASH: size: 65536 entries, full 330594933, empty 7608295, misses 696310, full rate 97.55
icache bank util. 0.135 0.068 0.031 0.034 0.036 0.110 0.080 0.152 
dcache bank util. 0.061 0.069 0.079 0.076 0.062 0.058 0.088 0.072 
L2 bank util. 0.029 0.029 0.029 0.029 0.029 0.028 0.037 0.045 
L1-L2 bus util. = 0.124, L3 util. = 0.150
----------------------------------------

======================== 切片硬件状态 ========================
切片号 | 所属安全域 | 当前状态    | 路扩展 | LRU touched
------------------------------------------------------------------
  0    |   域2      | 正常运行   |  否   |  100999985
  1    |   域0      | 正常运行   |  否   |  100999999
  2    |   域3      | 正常运行   |  是   |  100999998
  3    |   域3      | 正常运行   |  是   |  100999824
==================================================================

branch prediction, hits = 17940938, misses = 1698807, hit rate = 91.35%
return_stack prediction, hits = 979341, misses = 934, hit rate = 99.90%
jump prediction, hits = 18257458, misses = 2392560, hit rate = 88.41%
 dgels_
**** Debug Statistics at 201000000 Cycles *****
Threads: 4		Fetch Width: 8
No of useful instructions fetched:	526154116 (32.72% proc util.)
No of total instructions fetched:	655855341 (40.79% proc util.)
 includes 21624362 misfetch (3.3%), 108076863 (16.5%) wrong-path fetches
 and 0 flushed after failed lock(0.0%)
No of useful instructions issued/executed:	526154083 (32.72% proc util.)
No of total instructions issued/executed:	572732507 (35.62% proc util.)
 includes 46578424 wrong-path (8.1%) insts and 0 flushed (0.0%)
	fp 5896, 0.00%
	synch 0, 0.00%
	integer 441014435, 77.00%
	load/store 131712176, 23.00%
Avg size of int IQ (before scheduling): 24.44
Avg size of fp IQ (before scheduling): 0.00
No of cycles taken:		201000000
Parallelism [ 1.067, 0.000, 0.808, 0.742,] = 2.618
 IQ conflicts: 416151 (0.21%), FQ conflicts: 0 (0.00%) 
 I reg conflicts: 104878942 (52.18%), FP reg conflicts: 0 (0.00%)
  Activelist confs: 626 (0.00%), ROB confs: 54711 (0.03%)
  Int unit conflicts: 160405526 (79.80%), FP unit conflicts: 3 (0.00%)
  Load/store unit conflicts: 11540653 (5.74%)
  MSHR conflicts: 11870808 (5.91%)
----------------------------------------
==== System-wide Cache Statistics ====
Stall for miss queue full 0 cycles (0.00%)
----------------------------------------
==== Statistics for Master ID: 0 ====
Reads: 76695942   Writes: 0
ICACHE: size: 64 KB assoc: 2
ICACHE: hits:65554611 misses:11657  Hit Ratio: 99.98%
DCACHE: size: 1*16 KB assoc: 1*4
DCACHE: hits:10066428 misses:1063245 writebacks:0  Hit Ratio: 90.45%
SCACHE: size: 512 KB assoc: 2
SCACHE: hits:1048889 misses:26013  Hit Ratio: 97.58%
3CACHE: size: 4096 KB assoc: 2
3CACHE: hits:21509 misses:4504  Hit Ratio: 82.69%
3CACHE: dirty items replaced:11
ITLB: size: 48, misses 1, miss rate 0.00%
DTLB: size: 128, misses 1114, miss rate 0.01%
Avg mem delay: 3.961 cycles
----------------------------------------
==== Statistics for Master ID: 2 ====
Reads: 123076115   Writes: 22241575
ICACHE: size: 64 KB assoc: 2
ICACHE: hits:68476861 misses:896591  Hit Ratio: 98.71%
DCACHE: size: 1*16 KB assoc: 1*4
DCACHE: hits:73899928 misses:2044310 writebacks:601990  Hit Ratio: 97.31%
SCACHE: size: 512 KB assoc: 2
SCACHE: hits:2307634 misses:633267  Hit Ratio: 78.47%
3CACHE: size: 4096 KB assoc: 2
3CACHE: hits:487077 misses:146190  Hit Ratio: 76.91%
3CACHE: dirty items replaced:18835
ITLB: size: 48, misses 39848, miss rate 0.06%
DTLB: size: 128, misses 71806, miss rate 0.09%
Avg mem delay: 3.961 cycles
----------------------------------------
==== Statistics for Master ID: 3 ====
Reads: 82517277   Writes: 14981657
ICACHE: size: 64 KB assoc: 2
ICACHE: hits:53081803 misses:23023  Hit Ratio: 99.96%
DCACHE: size: 2*16 KB assoc: 2*4
DCACHE: hits:41701634 misses:2692474 writebacks:1358950  Hit Ratio: 93.94%
SCACHE: size: 512 KB assoc: 2
SCACHE: hits:515484 misses:2200013  Hit Ratio: 18.98%
3CACHE: size: 4096 KB assoc: 2
3CACHE: hits:77149 misses:2122864  Hit Ratio: 3.51%
3CACHE: dirty items replaced:86827
ITLB: size: 48, misses 249, miss rate 0.00%
DTLB: size: 128, misses 100509, miss rate 0.23%
Avg mem delay: 3.961 cycles
----------------------------------------
==== Global Resource Utilization ====
STASH: size: 65536 entries, full 784859811, empty 17596079, misses 1589026, full rate 97.61
icache bank util. 0.186 0.101 0.053 0.062 0.077 0.146 0.122 0.203 
dcache bank util. 0.080 0.090 0.098 0.099 0.110 0.078 0.126 0.089 
L2 bank util. 0.030 0.030 0.030 0.031 0.030 0.029 0.034 0.039 
L1-L2 bus util. = 0.130, L3 util. = 0.113
----------------------------------------

======================== 切片硬件状态 ========================
切片号 | 所属安全域 | 当前状态    | 路扩展 | LRU touched
------------------------------------------------------------------
  0    |   域2      | 正常运行   |  否   |  200999997
  1    |   域0      | 正常运行   |  否   |  200999992
  2    |   域3      | 正常运行   |  是   |  200999987
  3    |   域3      | 正常运行   |  是   |  200999999
==================================================================

branch prediction, hits = 44145478, misses = 5155163, hit rate = 89.54%
return_stack prediction, hits = 2883953, misses = 2214, hit rate = 99.92%
jump prediction, hits = 48194385, misses = 5362767, hit rate = 89.99%

======================== 切片硬件状态 ========================
切片号 | 所属安全域 | 当前状态    | 路扩展 | LRU touched
------------------------------------------------------------------
  0    |   域2      | 正常运行   |  否   |  245000000
  1    |   域0      | 正常运行   |  否   |  244999985
  2    |   域3      | 正常运行   |  是   |  245000000
  3    |   域3      | 正常运行   |  是   |  244999991
==================================================================

[动态重分配] 周期245000000：预约迁移 冗余域3(1%) -> 切片2 -> 饥饿域0(9%)
[切片剥夺] 周期245000000：切片2（所属域3）进入待剥夺状态，禁止新替换
[切片剥夺] 周期245000000：切片2在途请求已清空，开始执行脏行写回
[切片管理] 周期245010615：原域3仅剩1个切片，关闭路扩展模式
[动态重分配] 周期245010615：切片2写回完成，自动绑定到域0
[切片管理] 成功绑定切片2 → 安全域0，触发【路扩展模式】

======================== 切片硬件状态 ========================
切片号 | 所属安全域 | 当前状态    | 路扩展 | LRU touched
------------------------------------------------------------------
  0    |   域2      | 正常运行   |  否   |  245010615
  1    |   域0      | 正常运行   |  是   |  245010608
  2    |   域0      | 正常运行   |  是   |  245010615
  3    |   域3      | 正常运行   |  否   |  245010614
==================================================================


**** Debug Statistics at 301000000 Cycles *****
Threads: 4		Fetch Width: 8
No of useful instructions fetched:	992321900 (41.21% proc util.)
No of total instructions fetched:	1248084865 (51.83% proc util.)
 includes 34197363 misfetch (2.7%), 221565602 (17.8%) wrong-path fetches
 and 0 flushed after failed lock(0.0%)
No of useful instructions issued/executed:	992321845 (41.21% proc util.)
No of total instructions issued/executed:	1085489968 (45.08% proc util.)
 includes 93168123 wrong-path (8.6%) insts and 0 flushed (0.0%)
	fp 21896, 0.00%
	synch 0, 0.00%
	integer 835151723, 76.94%
	load/store 250316349, 23.06%
Avg size of int IQ (before scheduling): 28.29
Avg size of fp IQ (before scheduling): 0.00
No of cycles taken:		301000000
Parallelism [ 1.239, 0.000, 0.985, 1.072,] = 3.297
 IQ conflicts: 1075609 (0.36%), FQ conflicts: 0 (0.00%) 
 I reg conflicts: 117283198 (38.96%), FP reg conflicts: 0 (0.00%)
  Activelist confs: 1058 (0.00%), ROB confs: 152432 (0.05%)
  Int unit conflicts: 488122674 (162.17%), FP unit conflicts: 3 (0.00%)
  Load/store unit conflicts: 25909263 (8.61%)
  MSHR conflicts: 24108190 (8.01%)
----------------------------------------
==== System-wide Cache Statistics ====
Stall for miss queue full 266 cycles (0.00%)
----------------------------------------
==== Statistics for Master ID: 0 ====
Reads: 135817428   Writes: 0
ICACHE: size: 64 KB assoc: 2
ICACHE: hits:116457423 misses:11936  Hit Ratio: 99.99%
DCACHE: size: 2*16 KB assoc: 2*4
DCACHE: hits:17944521 misses:1403547 writebacks:0  Hit Ratio: 92.75%
SCACHE: size: 512 KB assoc: 2
SCACHE: hits:1386283 misses:29200  Hit Ratio: 97.94%
3CACHE: size: 4096 KB assoc: 2
3CACHE: hits:24654 misses:4546  Hit Ratio: 84.43%
3CACHE: dirty items replaced:25
ITLB: size: 48, misses 1, miss rate 0.00%
DTLB: size: 128, misses 1769, miss rate 0.01%
Avg mem delay: 2.568 cycles
----------------------------------------
==== Statistics for Master ID: 2 ====
Reads: 227864141   Writes: 39615103
ICACHE: size: 64 KB assoc: 2
ICACHE: hits:128752005 misses:1417549  Hit Ratio: 98.91%
DCACHE: size: 1*16 KB assoc: 1*4
DCACHE: hits:133897338 misses:3412352 writebacks:1126322  Hit Ratio: 97.51%
SCACHE: size: 512 KB assoc: 2
SCACHE: hits:3850139 misses:979762  Hit Ratio: 79.71%
3CACHE: size: 4096 KB assoc: 2
3CACHE: hits:789801 misses:189961  Hit Ratio: 80.61%
3CACHE: dirty items replaced:31756
ITLB: size: 48, misses 57283, miss rate 0.04%
DTLB: size: 128, misses 134574, miss rate 0.10%
Avg mem delay: 2.568 cycles
----------------------------------------
==== Statistics for Master ID: 3 ====
Reads: 177870312   Writes: 27714969
ICACHE: size: 64 KB assoc: 2
ICACHE: hits:112315346 misses:30891  Hit Ratio: 99.97%
DCACHE: size: 1*16 KB assoc: 1*4
DCACHE: hits:89587523 misses:3651701 writebacks:1783725  Hit Ratio: 96.08%
SCACHE: size: 512 KB assoc: 2
SCACHE: hits:1353814 misses:2328596  Hit Ratio: 36.76%
3CACHE: size: 4096 KB assoc: 2
3CACHE: hits:178968 misses:2149628  Hit Ratio: 7.69%
3CACHE: dirty items replaced:92440
ITLB: size: 48, misses 484, miss rate 0.00%
DTLB: size: 128, misses 114729, miss rate 0.12%
Avg mem delay: 2.568 cycles
----------------------------------------
==== Global Resource Utilization ====
STASH: size: 65536 entries, full 1416044009, empty 27811615, misses 2489983, full rate 97.90
icache bank util. 0.230 0.130 0.073 0.087 0.110 0.166 0.158 0.254 
dcache bank util. 0.100 0.106 0.115 0.114 0.137 0.095 0.167 0.111 
L2 bank util. 0.028 0.029 0.028 0.030 0.029 0.027 0.031 0.036 
L1-L2 bus util. = 0.128, L3 util. = 0.078
----------------------------------------

======================== 切片硬件状态 ========================
切片号 | 所属安全域 | 当前状态    | 路扩展 | LRU touched
------------------------------------------------------------------
  0    |   域2      | 正常运行   |  否   |  300999990
  1    |   域0      | 正常运行   |  是   |  300999991
  2    |   域0      | 正常运行   |  是   |  300999968
  3    |   域3      | 正常运行   |  否   |  300999998
==================================================================

branch prediction, hits = 79029020, misses = 9463738, hit rate = 89.31%
return_stack prediction, hits = 5430841, misses = 2497, hit rate = 99.95%
jump prediction, hits = 88338362, misses = 8580937, hit rate = 91.15%
 dgemm_ dgemv_
**** Debug Statistics at 401000000 Cycles *****
Threads: 4		Fetch Width: 8
No of useful instructions fetched:	1448267679 (45.15% proc util.)
No of total instructions fetched:	1833695372 (57.16% proc util.)
 includes 46348064 misfetch (2.5%), 339079629 (18.5%) wrong-path fetches
 and 0 flushed after failed lock(0.0%)
No of useful instructions issued/executed:	1448267642 (45.15% proc util.)
No of total instructions issued/executed:	1591986139 (49.63% proc util.)
 includes 143718497 wrong-path (9.0%) insts and 0 flushed (0.0%)
	fp 28916, 0.00%
	synch 0, 0.00%
	integer 1223873610, 76.88%
	load/store 368083613, 23.12%
Avg size of int IQ (before scheduling): 30.12
Avg size of fp IQ (before scheduling): 0.00
No of cycles taken:		401000000
Parallelism [ 1.332, 0.000, 1.051, 1.229,] = 3.612
 IQ conflicts: 1684004 (0.42%), FQ conflicts: 0 (0.00%) 
 I reg conflicts: 130080045 (32.44%), FP reg conflicts: 0 (0.00%)
  Activelist confs: 1695 (0.00%), ROB confs: 288476 (0.07%)
  Int unit conflicts: 789681228 (196.93%), FP unit conflicts: 4 (0.00%)
  Load/store unit conflicts: 40793528 (10.17%)
  MSHR conflicts: 31589878 (7.88%)
----------------------------------------
==== System-wide Cache Statistics ====
Stall for miss queue full 266 cycles (0.00%)
----------------------------------------
==== Statistics for Master ID: 0 ====
Reads: 195728760   Writes: 0
ICACHE: size: 64 KB assoc: 2
ICACHE: hits:168012467 misses:12150  Hit Ratio: 99.99%
DCACHE: size: 2*16 KB assoc: 2*4
DCACHE: hits:26300592 misses:1403550 writebacks:0  Hit Ratio: 94.93%
SCACHE: size: 512 KB assoc: 2
SCACHE: hits:1386466 misses:29234  Hit Ratio: 97.94%
3CACHE: size: 4096 KB assoc: 2
3CACHE: hits:24683 misses:4551  Hit Ratio: 84.43%
3CACHE: dirty items replaced:27
ITLB: size: 48, misses 1, miss rate 0.00%
DTLB: size: 128, misses 2410, miss rate 0.01%
Avg mem delay: 2.090 cycles
----------------------------------------
==== Statistics for Master ID: 2 ====
Reads: 327901351   Writes: 57142778
ICACHE: size: 64 KB assoc: 2
ICACHE: hits:186469643 misses:2024363  Hit Ratio: 98.93%
DCACHE: size: 1*16 KB assoc: 1*4
DCACHE: hits:191678004 misses:4872119 writebacks:1638957  Hit Ratio: 97.52%
SCACHE: size: 512 KB assoc: 2
SCACHE: hits:5561764 misses:1334718  Hit Ratio: 80.65%
3CACHE: size: 4096 KB assoc: 2
3CACHE: hits:1087367 misses:247351  Hit Ratio: 81.47%
3CACHE: dirty items replaced:56212
ITLB: size: 48, misses 89488, miss rate 0.05%
DTLB: size: 128, misses 200589, miss rate 0.10%
Avg mem delay: 2.090 cycles
----------------------------------------
==== Statistics for Master ID: 3 ====
Reads: 274306450   Writes: 41061689
ICACHE: size: 64 KB assoc: 2
ICACHE: hits:172053512 misses:40933  Hit Ratio: 99.98%
DCACHE: size: 1*16 KB assoc: 1*4
DCACHE: hits:138272713 misses:5001161 writebacks:2345827  Hit Ratio: 96.51%
SCACHE: size: 512 KB assoc: 2
SCACHE: hits:2574179 misses:2467735  Hit Ratio: 51.06%
3CACHE: size: 4096 KB assoc: 2
3CACHE: hits:290296 misses:2177439  Hit Ratio: 11.76%
3CACHE: dirty items replaced:102458
ITLB: size: 48, misses 795, miss rate 0.00%
DTLB: size: 128, misses 127232, miss rate 0.09%
Avg mem delay: 2.090 cycles
----------------------------------------
==== Global Resource Utilization ====
STASH: size: 65536 entries, full 2040240095, empty 39656889, misses 3534331, full rate 97.93
icache bank util. 0.253 0.143 0.082 0.099 0.127 0.174 0.177 0.280 
dcache bank util. 0.108 0.116 0.128 0.123 0.153 0.101 0.183 0.118 
L2 bank util. 0.028 0.029 0.028 0.029 0.029 0.027 0.030 0.034 
L1-L2 bus util. = 0.130, L3 util. = 0.061
----------------------------------------

======================== 切片硬件状态 ========================
切片号 | 所属安全域 | 当前状态    | 路扩展 | LRU touched
------------------------------------------------------------------
  0    |   域2      | 正常运行   |  否   |  400999995
  1    |   域0      | 正常运行   |  是   |  400999989
  2    |   域0      | 正常运行   |  是   |  400999926
  3    |   域3      | 正常运行   |  否   |  400999999
==================================================================

branch prediction, hits = 111879035, misses = 13713379, hit rate = 89.08%
return_stack prediction, hits = 8197288, misses = 5195, hit rate = 99.94%
jump prediction, hits = 127738617, misses = 11722657, hit rate = 91.59%
 dgeqr2_ dgeqrf_ dger_
**** Debug Statistics at 501000000 Cycles *****
Threads: 4		Fetch Width: 8
No of useful instructions fetched:	1900513660 (47.42% proc util.)
No of total instructions fetched:	2428876442 (60.60% proc util.)
 includes 61042199 misfetch (2.5%), 467320583 (19.2%) wrong-path fetches
 and 0 flushed after failed lock(0.0%)
No of useful instructions issued/executed:	1900513614 (47.42% proc util.)
No of total instructions issued/executed:	2099069156 (52.37% proc util.)
 includes 198555542 wrong-path (9.5%) insts and 0 flushed (0.0%)
	fp 35547, 0.00%
	synch 0, 0.00%
	integer 1612552210, 76.82%
	load/store 486481399, 23.18%
Avg size of int IQ (before scheduling): 31.04
Avg size of fp IQ (before scheduling): 0.00
No of cycles taken:		501000000
Parallelism [ 1.386, 0.000, 1.086, 1.321,] = 3.793
 IQ conflicts: 2138178 (0.43%), FQ conflicts: 0 (0.00%) 
 I reg conflicts: 141711006 (28.29%), FP reg conflicts: 0 (0.00%)
  Activelist confs: 2748 (0.00%), ROB confs: 370957 (0.07%)
  Int unit conflicts: 1080902448 (215.75%), FP unit conflicts: 4 (0.00%)
  Load/store unit conflicts: 55065314 (10.99%)
  MSHR conflicts: 36422489 (7.27%)
----------------------------------------
==== System-wide Cache Statistics ====
Stall for miss queue full 266 cycles (0.00%)
----------------------------------------
==== Statistics for Master ID: 0 ====
Reads: 255814639   Writes: 0
ICACHE: size: 64 KB assoc: 2
ICACHE: hits:219779632 misses:12422  Hit Ratio: 99.99%
DCACHE: size: 2*16 KB assoc: 2*4
DCACHE: hits:34619034 misses:1403550 writebacks:0  Hit Ratio: 96.10%
SCACHE: size: 512 KB assoc: 2
SCACHE: hits:1386720 misses:29252  Hit Ratio: 97.93%
3CACHE: size: 4096 KB assoc: 2
3CACHE: hits:24701 misses:4551  Hit Ratio: 84.44%
3CACHE: dirty items replaced:27
ITLB: size: 48, misses 1, miss rate 0.00%
DTLB: size: 128, misses 3082, miss rate 0.01%
Avg mem delay: 1.834 cycles
----------------------------------------
==== Statistics for Master ID: 2 ====
Reads: 431831841   Writes: 74172671
ICACHE: size: 64 KB assoc: 2
ICACHE: hits:246129973 misses:2647385  Hit Ratio: 98.94%
DCACHE: size: 1*16 KB assoc: 1*4
DCACHE: hits:250986378 misses:6240776 writebacks:2038632  Hit Ratio: 97.57%
SCACHE: size: 512 KB assoc: 2
SCACHE: hits:7259971 misses:1628190  Hit Ratio: 81.68%
3CACHE: size: 4096 KB assoc: 2
3CACHE: hits:1327933 misses:300257  Hit Ratio: 81.56%
3CACHE: dirty items replaced:82276
ITLB: size: 48, misses 114954, miss rate 0.05%
DTLB: size: 128, misses 262795, miss rate 0.10%
Avg mem delay: 1.834 cycles
----------------------------------------
==== Statistics for Master ID: 3 ====
Reads: 371308055   Writes: 53711510
ICACHE: size: 64 KB assoc: 2
ICACHE: hits:232493264 misses:50786  Hit Ratio: 99.98%
DCACHE: size: 1*16 KB assoc: 1*4
DCACHE: hits:186073357 misses:6402338 writebacks:2892825  Hit Ratio: 96.67%
SCACHE: size: 512 KB assoc: 2
SCACHE: hits:3863640 misses:2589304  Hit Ratio: 59.87%
3CACHE: size: 4096 KB assoc: 2
3CACHE: hits:383441 misses:2205863  Hit Ratio: 14.81%
3CACHE: dirty items replaced:116314
ITLB: size: 48, misses 1073, miss rate 0.00%
DTLB: size: 128, misses 140314, miss rate 0.07%
Avg mem delay: 1.834 cycles
----------------------------------------
==== Global Resource Utilization ====
STASH: size: 65536 entries, full 2675055688, empty 51958726, misses 4625757, full rate 97.93
icache bank util. 0.267 0.151 0.088 0.107 0.138 0.180 0.189 0.296 
dcache bank util. 0.113 0.123 0.135 0.128 0.160 0.104 0.193 0.127 
L2 bank util. 0.028 0.028 0.028 0.029 0.028 0.026 0.030 0.034 
L1-L2 bus util. = 0.130, L3 util. = 0.050
----------------------------------------

======================== 切片硬件状态 ========================
切片号 | 所属安全域 | 当前状态    | 路扩展 | LRU touched
------------------------------------------------------------------
  0    |   域2      | 正常运行   |  否   |  500999999
  1    |   域0      | 正常运行   |  是   |  500999979
  2    |   域0      | 正常运行   |  是   |  500999713
  3    |   域3      | 正常运行   |  否   |  500999998
==================================================================

branch prediction, hits = 144628472, misses = 18481172, hit rate = 88.67%
return_stack prediction, hits = 10962198, misses = 6709, hit rate = 99.94%
jump prediction, hits = 166302788, misses = 15452467, hit rate = 91.50%
 dlabad_ dlacon_
**** Early Exiting at 522956000 Cycles *****
========================================
 SMTSIM Global Statistics
========================================
Threads: 4		Fetch Width: 8
No of useful instructions fetched:	2000000097 (47.81% proc util.)
No of total instructions fetched:	2560594732 (61.20% proc util.)
 includes 64232065 misfetch (2.5%), 496362570 (19.4%) wrong-path fetches
 and 0 flushed after failed lock(0.0%)
No of useful instructions issued/executed:	2000000050 (47.81% proc util.)
No of total instructions issued/executed:	2210795363 (52.84% proc util.)
 includes 210795313 wrong-path (9.5%) insts and 0 flushed (0.0%)
	fp 36811, 0.00%
	synch 0, 0.00%
	integer 1698090495, 76.81%
	load/store 512668057, 23.19%
Avg size of int IQ (before scheduling): 31.17
Avg size of fp IQ (before scheduling): 0.00
No of cycles taken:		522956000
Parallelism [ 1.396, 0.000, 1.090, 1.338,] = 3.824
 IQ conflicts: 2214814 (0.42%), FQ conflicts: 0 (0.00%) 
 I reg conflicts: 144051764 (27.55%), FP reg conflicts: 0 (0.00%)
  Activelist confs: 2847 (0.00%), ROB confs: 384288 (0.07%)
  Int unit conflicts: 1143241017 (218.61%), FP unit conflicts: 4 (0.00%)
  Load/store unit conflicts: 58186455 (11.13%)
  MSHR conflicts: 37037112 (7.08%)
----------------------------------------
==== System-wide Cache Statistics ====
Stall for miss queue full 266 cycles (0.00%)
----------------------------------------
==== Statistics for Master ID: 0 ====
Reads: 269295106   Writes: 0
ICACHE: size: 64 KB assoc: 2
ICACHE: hits:231401211 misses:12482  Hit Ratio: 99.99%
DCACHE: size: 2*16 KB assoc: 2*4
DCACHE: hits:36477862 misses:1403550 writebacks:0  Hit Ratio: 96.29%
SCACHE: size: 512 KB assoc: 2
SCACHE: hits:1386767 misses:29265  Hit Ratio: 97.93%
3CACHE: size: 4096 KB assoc: 2
3CACHE: hits:24713 misses:4552  Hit Ratio: 84.45%
3CACHE: dirty items replaced:27
ITLB: size: 48, misses 1, miss rate 0.00%
DTLB: size: 128, misses 3195, miss rate 0.01%
Avg mem delay: 1.791 cycles
----------------------------------------
==== Statistics for Master ID: 2 ====
Reads: 453827743   Writes: 77781653
ICACHE: size: 64 KB assoc: 2
ICACHE: hits:258785190 misses:2825704  Hit Ratio: 98.92%
DCACHE: size: 1*16 KB assoc: 1*4
DCACHE: hits:263500776 misses:6497726 writebacks:2116066  Hit Ratio: 97.59%
SCACHE: size: 512 KB assoc: 2
SCACHE: hits:7616463 misses:1706967  Hit Ratio: 81.69%
3CACHE: size: 4096 KB assoc: 2
3CACHE: hits:1396912 misses:310055  Hit Ratio: 81.84%
3CACHE: dirty items replaced:87759
ITLB: size: 48, misses 124415, miss rate 0.05%
DTLB: size: 128, misses 275381, miss rate 0.10%
Avg mem delay: 1.791 cycles
----------------------------------------
==== Statistics for Master ID: 3 ====
Reads: 393486787   Writes: 56790695
ICACHE: size: 64 KB assoc: 2
ICACHE: hits:246230122 misses:53237  Hit Ratio: 99.98%
DCACHE: size: 1*16 KB assoc: 1*4
DCACHE: hits:197296120 misses:6698183 writebacks:3006599  Hit Ratio: 96.72%
SCACHE: size: 512 KB assoc: 2
SCACHE: hits:4132312 misses:2618928  Hit Ratio: 61.21%
3CACHE: size: 4096 KB assoc: 2
3CACHE: hits:407252 misses:2211676  Hit Ratio: 15.55%
3CACHE: dirty items replaced:119854
ITLB: size: 48, misses 1150, miss rate 0.00%
DTLB: size: 128, misses 142675, miss rate 0.07%
Avg mem delay: 1.791 cycles
----------------------------------------
==== Global Resource Utilization ====
STASH: size: 65536 entries, full 2815305539, empty 55156351, misses 4904098, full rate 97.91
icache bank util. 0.270 0.153 0.088 0.108 0.140 0.182 0.191 0.298 
dcache bank util. 0.113 0.124 0.137 0.129 0.162 0.105 0.195 0.127 
L2 bank util. 0.028 0.028 0.027 0.029 0.028 0.026 0.029 0.034 
L1-L2 bus util. = 0.130, L3 util. = 0.048
----------------------------------------

======================== 切片硬件状态 ========================
切片号 | 所属安全域 | 当前状态    | 路扩展 | LRU touched
------------------------------------------------------------------
  0    |   域2      | 正常运行   |  否   |  522955999
  1    |   域0      | 正常运行   |  是   |  522955998
  2    |   域0      | 正常运行   |  是   |  522955858
  3    |   域3      | 正常运行   |  否   |  522955993
==================================================================

branch prediction, hits = 151543106, misses = 19585891, hit rate = 88.55%
return_stack prediction, hits = 11590133, misses = 7315, hit rate = 99.94%
jump prediction, hits = 174732020, misses = 16276112, hit rate = 91.48%
total IPC 3.824

=== Results saved to: ./results/seqacc_2_gcc-scilab_1_gzip-program_1.txt ===
