===== 执行信息 =====
Cache目录：ssmtc64-200-5%
执行命令：./smtsim ../gzip-program.arg3 ../randacc.arg
执行时间：2026-04-16 14:28:42
返回码：0
===== 输出内容 =====
动态重分配参数：每200万周期检查，阈值5
Process 0, Thread 0: gzip-program
Process 0, Thread 1: gzip-program
Process 0, Thread 2: gzip-program
Process 3, Thread 3: randacc
[切片调度] 新安全域0无任何切片，尝试分配空闲切片
[切片管理] 成功绑定切片0 → 安全域0

======================== 切片硬件状态 ========================
切片号 | 所属安全域 | 当前状态    | 路扩展 | LRU touched
------------------------------------------------------------------
  0    |   域0      | 正常运行   |  否   |  0
  1    |   域-1     | 切片空闲   |  否   |  0
  2    |   域-1     | 切片空闲   |  否   |  0
  3    |   域-1     | 切片空闲   |  否   |  0
==================================================================

[切片管理] 成功绑定切片1 → 安全域0，触发【路扩展模式】

======================== 切片硬件状态 ========================
切片号 | 所属安全域 | 当前状态    | 路扩展 | LRU touched
------------------------------------------------------------------
  0    |   域0      | 正常运行   |  是   |  0
  1    |   域0      | 正常运行   |  是   |  0
  2    |   域-1     | 切片空闲   |  否   |  0
  3    |   域-1     | 切片空闲   |  否   |  0
==================================================================

[切片调度] 新安全域3无任何切片，尝试分配空闲切片
[切片管理] 成功绑定切片2 → 安全域3

======================== 切片硬件状态 ========================
切片号 | 所属安全域 | 当前状态    | 路扩展 | LRU touched
------------------------------------------------------------------
  0    |   域0      | 正常运行   |  是   |  633
  1    |   域0      | 正常运行   |  是   |  0
  2    |   域3      | 正常运行   |  否   |  0
  3    |   域-1     | 切片空闲   |  否   |  0
==================================================================

[切片管理] 成功绑定切片3 → 安全域3，触发【路扩展模式】

======================== 切片硬件状态 ========================
切片号 | 所属安全域 | 当前状态    | 路扩展 | LRU touched
------------------------------------------------------------------
  0    |   域0      | 正常运行   |  是   |  633
  1    |   域0      | 正常运行   |  是   |  0
  2    |   域3      | 正常运行   |  是   |  0
  3    |   域3      | 正常运行   |  是   |  0
==================================================================


**** Debug Statistics at 1000000 Cycles *****
Threads: 4		Fetch Width: 8
No of useful instructions fetched:	809187 (10.11% proc util.)
No of total instructions fetched:	821976 (10.27% proc util.)
 includes 1379 misfetch (0.2%), 11410 (1.4%) wrong-path fetches
 and 0 flushed after failed lock(0.0%)
No of useful instructions issued/executed:	809134 (10.11% proc util.)
No of total instructions issued/executed:	811458 (10.14% proc util.)
 includes 2324 wrong-path (0.3%) insts and 0 flushed (0.0%)
	fp 29, 0.00%
	synch 0, 0.00%
	integer 692026, 85.28%
	load/store 119403, 14.71%
Avg size of int IQ (before scheduling): 38.71
Avg size of fp IQ (before scheduling): 0.00
No of cycles taken:		1000000
Parallelism [ 0.169, 0.000, 0.000, 0.640,] = 0.809
 IQ conflicts: 641 (0.06%), FQ conflicts: 0 (0.00%) 
 I reg conflicts: 877300 (87.73%), FP reg conflicts: 0 (0.00%)
  Activelist confs: 0 (0.00%), ROB confs: 0 (0.00%)
  Int unit conflicts: 2271 (0.23%), FP unit conflicts: 0 (0.00%)
  Load/store unit conflicts: 414 (0.04%)
  MSHR conflicts: 19358 (1.94%)
----------------------------------------
==== System-wide Cache Statistics ====
Stall for miss queue full 0 cycles (0.00%)
----------------------------------------
==== Statistics for Master ID: 0 ====
Reads: 142846   Writes: 27403
ICACHE: size: 64 KB assoc: 2
ICACHE: hits:88928 misses:199  Hit Ratio: 99.78%
DCACHE: size: 2*16 KB assoc: 2*4
DCACHE: hits:54485 misses:26637 writebacks:26463  Hit Ratio: 67.16%
SCACHE: size: 512 KB assoc: 2
SCACHE: hits:1 misses:26835  Hit Ratio: 0.00%
3CACHE: size: 4096 KB assoc: 2
3CACHE: hits:0 misses:26834  Hit Ratio: 0.00%
3CACHE: dirty items replaced:0
ITLB: size: 48, misses 18, miss rate 0.02%
DTLB: size: 128, misses 6640, miss rate 8.19%
Avg mem delay: 124.474 cycles
----------------------------------------
==== Statistics for Master ID: 3 ====
Reads: 155193   Writes: 36
ICACHE: size: 64 KB assoc: 2
ICACHE: hits:116928 misses:23  Hit Ratio: 99.98%
DCACHE: size: 2*16 KB assoc: 2*4
DCACHE: hits:37537 misses:741 writebacks:11  Hit Ratio: 98.06%
SCACHE: size: 512 KB assoc: 2
SCACHE: hits:91 misses:673  Hit Ratio: 11.91%
3CACHE: size: 4096 KB assoc: 2
3CACHE: hits:0 misses:673  Hit Ratio: 0.00%
3CACHE: dirty items replaced:0
ITLB: size: 48, misses 4, miss rate 0.00%
DTLB: size: 128, misses 120, miss rate 0.31%
Avg mem delay: 124.474 cycles
----------------------------------------
==== Global Resource Utilization ====
STASH: size: 65536 entries, full 833543, empty 2505, misses 211, full rate 99.68
icache bank util. 0.058 0.040 0.020 0.000 0.000 0.000 0.007 0.080 
dcache bank util. 0.003 0.003 0.029 0.003 0.003 0.022 0.215 0.003 
L2 bank util. 0.001 0.001 0.001 0.001 0.001 0.001 0.319 0.001 
L1-L2 bus util. = 0.162, L3 util. = 0.275
----------------------------------------

======================== 切片硬件状态 ========================
切片号 | 所属安全域 | 当前状态    | 路扩展 | LRU touched
------------------------------------------------------------------
  0    |   域0      | 正常运行   |  是   |  999959
  1    |   域0      | 正常运行   |  是   |  999849
  2    |   域3      | 正常运行   |  是   |  999965
  3    |   域3      | 正常运行   |  是   |  999956
==================================================================

branch prediction, hits = 43830, misses = 742, hit rate = 98.34%
return_stack prediction, hits = 87, misses = 9, hit rate = 90.62%
jump prediction, hits = 62566, misses = 255, hit rate = 99.59%

**** Debug Statistics at 101000000 Cycles *****
Threads: 4		Fetch Width: 8
No of useful instructions fetched:	110165040 (13.63% proc util.)
No of total instructions fetched:	111229450 (13.77% proc util.)
 includes 1662 misfetch (0.0%), 1062748 (1.0%) wrong-path fetches
 and 0 flushed after failed lock(0.0%)
No of useful instructions issued/executed:	110165012 (13.63% proc util.)
No of total instructions issued/executed:	110351372 (13.66% proc util.)
 includes 186360 wrong-path (0.2%) insts and 0 flushed (0.0%)
	fp 43, 0.00%
	synch 0, 0.00%
	integer 94271803, 85.43%
	load/store 16079526, 14.57%
Avg size of int IQ (before scheduling): 19.97
Avg size of fp IQ (before scheduling): 0.00
No of cycles taken:		101000000
Parallelism [ 0.385, 0.000, 0.000, 0.706,] = 1.091
 IQ conflicts: 2053 (0.00%), FQ conflicts: 0 (0.00%) 
 I reg conflicts: 85658678 (84.81%), FP reg conflicts: 0 (0.00%)
  Activelist confs: 0 (0.00%), ROB confs: 0 (0.00%)
  Int unit conflicts: 1018437 (1.01%), FP unit conflicts: 0 (0.00%)
  Load/store unit conflicts: 1113 (0.00%)
  MSHR conflicts: 2674559 (2.65%)
----------------------------------------
==== System-wide Cache Statistics ====
Stall for miss queue full 0 cycles (0.00%)
----------------------------------------
==== Statistics for Master ID: 0 ====
Reads: 20661535   Writes: 5821674
ICACHE: size: 64 KB assoc: 2
ICACHE: hits:14654618 misses:253  Hit Ratio: 100.00%
DCACHE: size: 2*16 KB assoc: 2*4
DCACHE: hits:10234833 misses:1593505 writebacks:888686  Hit Ratio: 86.53%
SCACHE: size: 512 KB assoc: 2
SCACHE: hits:1 misses:1593757  Hit Ratio: 0.00%
3CACHE: size: 4096 KB assoc: 2
3CACHE: hits:0 misses:1593757  Hit Ratio: 0.00%
3CACHE: dirty items replaced:0
ITLB: size: 48, misses 19, miss rate 0.00%
DTLB: size: 128, misses 68177, miss rate 0.58%
Avg mem delay: 26.275 cycles
----------------------------------------
==== Statistics for Master ID: 3 ====
Reads: 19342403   Writes: 36
ICACHE: size: 64 KB assoc: 2
ICACHE: hits:15091232 misses:23  Hit Ratio: 100.00%
DCACHE: size: 2*16 KB assoc: 2*4
DCACHE: hits:4220943 misses:30241 writebacks:13  Hit Ratio: 99.29%
SCACHE: size: 512 KB assoc: 2
SCACHE: hits:5911 misses:24353  Hit Ratio: 19.53%
3CACHE: size: 4096 KB assoc: 2
3CACHE: hits:16816 misses:7537  Hit Ratio: 69.05%
3CACHE: dirty items replaced:0
ITLB: size: 48, misses 4, miss rate 0.00%
DTLB: size: 128, misses 787, miss rate 0.02%
Avg mem delay: 26.275 cycles
----------------------------------------
==== Global Resource Utilization ====
STASH: size: 65536 entries, full 112614220, empty 3007, misses 254, full rate 100.00
icache bank util. 0.064 0.049 0.024 0.000 0.000 0.086 0.013 0.058 
dcache bank util. 0.025 0.025 0.026 0.024 0.024 0.046 0.029 0.034 
L2 bank util. 0.019 0.019 0.019 0.019 0.019 0.019 0.026 0.033 
L1-L2 bus util. = 0.075, L3 util. = 0.159
----------------------------------------

======================== 切片硬件状态 ========================
切片号 | 所属安全域 | 当前状态    | 路扩展 | LRU touched
------------------------------------------------------------------
  0    |   域0      | 正常运行   |  是   |  100999966
  1    |   域0      | 正常运行   |  是   |  100999999
  2    |   域3      | 正常运行   |  是   |  100999946
  3    |   域3      | 正常运行   |  是   |  100999899
==================================================================

branch prediction, hits = 9800233, misses = 65738, hit rate = 99.33%
return_stack prediction, hits = 224, misses = 10, hit rate = 95.73%
jump prediction, hits = 11891900, misses = 316, hit rate = 100.00%

**** Debug Statistics at 201000000 Cycles *****
Threads: 4		Fetch Width: 8
No of useful instructions fetched:	451923414 (28.10% proc util.)
No of total instructions fetched:	511874689 (31.83% proc util.)
 includes 5283 misfetch (0.0%), 59945992 (11.7%) wrong-path fetches
 and 0 flushed after failed lock(0.0%)
No of useful instructions issued/executed:	451923368 (28.10% proc util.)
No of total instructions issued/executed:	476159374 (29.61% proc util.)
 includes 24236006 wrong-path (5.1%) insts and 0 flushed (0.0%)
	fp 43, 0.00%
	synch 0, 0.00%
	integer 397329194, 83.44%
	load/store 78830137, 16.56%
Avg size of int IQ (before scheduling): 25.58
Avg size of fp IQ (before scheduling): 0.00
No of cycles taken:		201000000
Parallelism [ 1.061, 0.000, 0.000, 1.187,] = 2.248
 IQ conflicts: 28210 (0.01%), FQ conflicts: 0 (0.00%) 
 I reg conflicts: 127467531 (63.42%), FP reg conflicts: 0 (0.00%)
  Activelist confs: 3 (0.00%), ROB confs: 24 (0.00%)
  Int unit conflicts: 78639419 (39.12%), FP unit conflicts: 0 (0.00%)
  Load/store unit conflicts: 1203142 (0.60%)
  MSHR conflicts: 8240282 (4.10%)
----------------------------------------
==== System-wide Cache Statistics ====
Stall for miss queue full 0 cycles (0.00%)
----------------------------------------
==== Statistics for Master ID: 0 ====
Reads: 114965156   Writes: 20290582
ICACHE: size: 64 KB assoc: 2
ICACHE: hits:70687771 misses:529  Hit Ratio: 100.00%
DCACHE: size: 2*16 KB assoc: 2*4
DCACHE: hits:61541828 misses:3025610 writebacks:1508290  Hit Ratio: 95.31%
SCACHE: size: 512 KB assoc: 2
SCACHE: hits:882710 misses:2143429  Hit Ratio: 29.17%
3CACHE: size: 4096 KB assoc: 2
3CACHE: hits:14353 misses:2129076  Hit Ratio: 0.67%
3CACHE: dirty items replaced:0
ITLB: size: 48, misses 25, miss rate 0.00%
DTLB: size: 128, misses 91020, miss rate 0.14%
Avg mem delay: 5.474 cycles
----------------------------------------
==== Statistics for Master ID: 3 ====
Reads: 84597824   Writes: 37
ICACHE: size: 64 KB assoc: 2
ICACHE: hits:70335148 misses:23  Hit Ratio: 100.00%
DCACHE: size: 2*16 KB assoc: 2*4
DCACHE: hits:14162012 misses:100678 writebacks:14  Hit Ratio: 99.29%
SCACHE: size: 512 KB assoc: 2
SCACHE: hits:62507 misses:38194  Hit Ratio: 62.07%
3CACHE: size: 4096 KB assoc: 2
3CACHE: hits:27479 misses:10715  Hit Ratio: 71.95%
3CACHE: dirty items replaced:0
ITLB: size: 48, misses 4, miss rate 0.00%
DTLB: size: 128, misses 965, miss rate 0.01%
Avg mem delay: 5.474 cycles
----------------------------------------
==== Global Resource Utilization ====
STASH: size: 65536 entries, full 542831523, empty 6885, misses 526, full rate 100.00
icache bank util. 0.158 0.127 0.079 0.023 0.040 0.117 0.047 0.110 
dcache bank util. 0.040 0.050 0.056 0.048 0.071 0.072 0.075 0.050 
L2 bank util. 0.016 0.016 0.016 0.017 0.016 0.016 0.020 0.025 
L1-L2 bus util. = 0.069, L3 util. = 0.106
----------------------------------------

======================== 切片硬件状态 ========================
切片号 | 所属安全域 | 当前状态    | 路扩展 | LRU touched
------------------------------------------------------------------
  0    |   域0      | 正常运行   |  是   |  200999994
  1    |   域0      | 正常运行   |  是   |  200999995
  2    |   域3      | 正常运行   |  是   |  200999998
  3    |   域3      | 正常运行   |  是   |  200999959
==================================================================

branch prediction, hits = 30451483, misses = 1785113, hit rate = 94.46%
return_stack prediction, hits = 1091533, misses = 10, hit rate = 100.00%
jump prediction, hits = 41862486, misses = 1144, hit rate = 100.00%

**** Debug Statistics at 301000000 Cycles *****
Threads: 4		Fetch Width: 8
No of useful instructions fetched:	892151000 (37.05% proc util.)
No of total instructions fetched:	1021556225 (42.42% proc util.)
 includes 9011 misfetch (0.0%), 129396214 (12.7%) wrong-path fetches
 and 0 flushed after failed lock(0.0%)
No of useful instructions issued/executed:	892150939 (37.05% proc util.)
No of total instructions issued/executed:	945068309 (39.25% proc util.)
 includes 52917370 wrong-path (5.6%) insts and 0 flushed (0.0%)
	fp 43, 0.00%
	synch 0, 0.00%
	integer 785453195, 83.11%
	load/store 159615071, 16.89%
Avg size of int IQ (before scheduling): 29.38
Avg size of fp IQ (before scheduling): 0.00
No of cycles taken:		301000000
Parallelism [ 1.487, 0.000, 0.000, 1.477,] = 2.964
 IQ conflicts: 58481 (0.02%), FQ conflicts: 0 (0.00%) 
 I reg conflicts: 153124935 (50.87%), FP reg conflicts: 0 (0.00%)
  Activelist confs: 3 (0.00%), ROB confs: 24 (0.00%)
  Int unit conflicts: 188283384 (62.55%), FP unit conflicts: 0 (0.00%)
  Load/store unit conflicts: 2827194 (0.94%)
  MSHR conflicts: 10488620 (3.48%)
----------------------------------------
==== System-wide Cache Statistics ====
Stall for miss queue full 0 cycles (0.00%)
----------------------------------------
==== Statistics for Master ID: 0 ====
Reads: 237032091   Writes: 38264771
ICACHE: size: 64 KB assoc: 2
ICACHE: hits:142275975 misses:530  Hit Ratio: 100.00%
DCACHE: size: 2*16 KB assoc: 2*4
DCACHE: hits:128760583 misses:4259774 writebacks:2074070  Hit Ratio: 96.80%
SCACHE: size: 512 KB assoc: 2
SCACHE: hits:2068113 misses:2192191  Hit Ratio: 48.54%
3CACHE: size: 4096 KB assoc: 2
3CACHE: hits:32378 misses:2159813  Hit Ratio: 1.48%
3CACHE: dirty items replaced:57
ITLB: size: 48, misses 25, miss rate 0.00%
DTLB: size: 128, misses 91530, miss rate 0.07%
Avg mem delay: 2.930 cycles
----------------------------------------
==== Statistics for Master ID: 3 ====
Reads: 167240486   Writes: 38
ICACHE: size: 64 KB assoc: 2
ICACHE: hits:140645798 misses:23  Hit Ratio: 100.00%
DCACHE: size: 2*16 KB assoc: 2*4
DCACHE: hits:26407466 misses:187237 writebacks:15  Hit Ratio: 99.30%
SCACHE: size: 512 KB assoc: 2
SCACHE: hits:140714 misses:46546  Hit Ratio: 75.14%
3CACHE: size: 4096 KB assoc: 2
3CACHE: hits:35241 misses:11305  Hit Ratio: 75.71%
3CACHE: dirty items replaced:125
ITLB: size: 48, misses 4, miss rate 0.00%
DTLB: size: 128, misses 966, miss rate 0.00%
Avg mem delay: 2.930 cycles
----------------------------------------
==== Global Resource Utilization ====
STASH: size: 65536 entries, full 1091694420, empty 6911, misses 528, full rate 100.00
icache bank util. 0.213 0.172 0.111 0.038 0.064 0.129 0.068 0.145 
dcache bank util. 0.048 0.065 0.075 0.061 0.099 0.087 0.101 0.060 
L2 bank util. 0.014 0.014 0.014 0.015 0.014 0.014 0.017 0.021 
L1-L2 bus util. = 0.065, L3 util. = 0.072
----------------------------------------

======================== 切片硬件状态 ========================
切片号 | 所属安全域 | 当前状态    | 路扩展 | LRU touched
------------------------------------------------------------------
  0    |   域0      | 正常运行   |  是   |  300999993
  1    |   域0      | 正常运行   |  是   |  300999812
  2    |   域3      | 正常运行   |  是   |  300999996
  3    |   域3      | 正常运行   |  是   |  300999980
==================================================================

branch prediction, hits = 55704947, misses = 3790253, hit rate = 93.63%
return_stack prediction, hits = 2628203, misses = 10, hit rate = 100.00%
jump prediction, hits = 78995730, misses = 2031, hit rate = 100.00%

**** Debug Statistics at 401000000 Cycles *****
Threads: 4		Fetch Width: 8
No of useful instructions fetched:	1327548099 (41.38% proc util.)
No of total instructions fetched:	1534759320 (47.84% proc util.)
 includes 12839 misfetch (0.0%), 207198382 (13.5%) wrong-path fetches
 and 0 flushed after failed lock(0.0%)
No of useful instructions issued/executed:	1327548063 (41.38% proc util.)
No of total instructions issued/executed:	1413369880 (44.06% proc util.)
 includes 85821817 wrong-path (6.1%) insts and 0 flushed (0.0%)
	fp 43, 0.00%
	synch 0, 0.00%
	integer 1172720373, 82.97%
	load/store 240649464, 17.03%
Avg size of int IQ (before scheduling): 31.23
Avg size of fp IQ (before scheduling): 0.00
No of cycles taken:		401000000
Parallelism [ 1.687, 0.000, 0.000, 1.623,] = 3.311
 IQ conflicts: 87973 (0.02%), FQ conflicts: 0 (0.00%) 
 I reg conflicts: 178054290 (44.40%), FP reg conflicts: 0 (0.00%)
  Activelist confs: 3 (0.00%), ROB confs: 24 (0.00%)
  Int unit conflicts: 297548324 (74.20%), FP unit conflicts: 0 (0.00%)
  Load/store unit conflicts: 4482994 (1.12%)
  MSHR conflicts: 12543921 (3.13%)
----------------------------------------
==== System-wide Cache Statistics ====
Stall for miss queue full 0 cycles (0.00%)
----------------------------------------
==== Statistics for Master ID: 0 ====
Reads: 360247259   Writes: 56142443
ICACHE: size: 64 KB assoc: 2
ICACHE: hits:214682605 misses:531  Hit Ratio: 100.00%
DCACHE: size: 2*16 KB assoc: 2*4
DCACHE: hits:196086148 misses:5620418 writebacks:2660011  Hit Ratio: 97.21%
SCACHE: size: 512 KB assoc: 2
SCACHE: hits:3383057 misses:2237892  Hit Ratio: 60.19%
3CACHE: size: 4096 KB assoc: 2
3CACHE: hits:49134 misses:2188758  Hit Ratio: 2.20%
3CACHE: dirty items replaced:57
ITLB: size: 48, misses 25, miss rate 0.00%
DTLB: size: 128, misses 92001, miss rate 0.05%
Avg mem delay: 2.146 cycles
----------------------------------------
==== Statistics for Master ID: 3 ====
Reads: 250645904   Writes: 38
ICACHE: size: 64 KB assoc: 2
ICACHE: hits:211703036 misses:23  Hit Ratio: 100.00%
DCACHE: size: 2*16 KB assoc: 2*4
DCACHE: hits:38669069 misses:273814 writebacks:15  Hit Ratio: 99.30%
SCACHE: size: 512 KB assoc: 2
SCACHE: hits:219188 misses:54649  Hit Ratio: 80.04%
3CACHE: size: 4096 KB assoc: 2
3CACHE: hits:43300 misses:11349  Hit Ratio: 79.23%
3CACHE: dirty items replaced:127
ITLB: size: 48, misses 4, miss rate 0.00%
DTLB: size: 128, misses 966, miss rate 0.00%
Avg mem delay: 2.146 cycles
----------------------------------------
==== Global Resource Utilization ====
STASH: size: 65536 entries, full 1645854086, empty 6913, misses 529, full rate 100.00
icache bank util. 0.241 0.194 0.127 0.045 0.077 0.136 0.079 0.163 
dcache bank util. 0.053 0.073 0.084 0.068 0.112 0.095 0.115 0.065 
L2 bank util. 0.014 0.014 0.013 0.014 0.013 0.013 0.015 0.020 
L1-L2 bus util. = 0.064, L3 util. = 0.055
----------------------------------------

======================== 切片硬件状态 ========================
切片号 | 所属安全域 | 当前状态    | 路扩展 | LRU touched
------------------------------------------------------------------
  0    |   域0      | 正常运行   |  是   |  400999999
  1    |   域0      | 正常运行   |  是   |  400999995
  2    |   域3      | 正常运行   |  是   |  400999996
  3    |   域3      | 正常运行   |  是   |  400999996
==================================================================

branch prediction, hits = 80510735, misses = 6009772, hit rate = 93.05%
return_stack prediction, hits = 4184386, misses = 10, hit rate = 100.00%
jump prediction, hits = 115995411, misses = 2922, hit rate = 100.00%

**** Debug Statistics at 501000000 Cycles *****
Threads: 4		Fetch Width: 8
No of useful instructions fetched:	1766436065 (44.07% proc util.)
No of total instructions fetched:	2047108601 (51.08% proc util.)
 includes 16599 misfetch (0.0%), 280655937 (13.7%) wrong-path fetches
 and 0 flushed after failed lock(0.0%)
No of useful instructions issued/executed:	1766436018 (44.07% proc util.)
No of total instructions issued/executed:	1881579355 (46.95% proc util.)
 includes 115143337 wrong-path (6.1%) insts and 0 flushed (0.0%)
	fp 43, 0.00%
	synch 0, 0.00%
	integer 1560698434, 82.95%
	load/store 320880878, 17.05%
Avg size of int IQ (before scheduling): 32.37
Avg size of fp IQ (before scheduling): 0.00
No of cycles taken:		501000000
Parallelism [ 1.815, 0.000, 0.000, 1.711,] = 3.526
 IQ conflicts: 130804 (0.03%), FQ conflicts: 0 (0.00%) 
 I reg conflicts: 203336977 (40.59%), FP reg conflicts: 0 (0.00%)
  Activelist confs: 3 (0.00%), ROB confs: 24 (0.00%)
  Int unit conflicts: 406664226 (81.17%), FP unit conflicts: 0 (0.00%)
  Load/store unit conflicts: 6074416 (1.21%)
  MSHR conflicts: 14814379 (2.96%)
----------------------------------------
==== System-wide Cache Statistics ====
Stall for miss queue full 0 cycles (0.00%)
----------------------------------------
==== Statistics for Master ID: 0 ====
Reads: 482495385   Writes: 73784081
ICACHE: size: 64 KB assoc: 2
ICACHE: hits:286675724 misses:532  Hit Ratio: 100.00%
DCACHE: size: 2*16 KB assoc: 2*4
DCACHE: hits:262825870 misses:6777340 writebacks:3174353  Hit Ratio: 97.49%
SCACHE: size: 512 KB assoc: 2
SCACHE: hits:4491218 misses:2286654  Hit Ratio: 66.26%
3CACHE: size: 4096 KB assoc: 2
3CACHE: hits:65586 misses:2221068  Hit Ratio: 2.87%
3CACHE: dirty items replaced:621
ITLB: size: 48, misses 25, miss rate 0.00%
DTLB: size: 128, misses 92505, miss rate 0.03%
Avg mem delay: 1.766 cycles
----------------------------------------
==== Statistics for Master ID: 3 ====
Reads: 333685964   Writes: 40
ICACHE: size: 64 KB assoc: 2
ICACHE: hits:282408329 misses:23  Hit Ratio: 100.00%
DCACHE: size: 2*16 KB assoc: 2*4
DCACHE: hits:50917879 misses:359773 writebacks:17  Hit Ratio: 99.30%
SCACHE: size: 512 KB assoc: 2
SCACHE: hits:296692 misses:63104  Hit Ratio: 82.46%
3CACHE: size: 4096 KB assoc: 2
3CACHE: hits:50697 misses:12407  Hit Ratio: 80.34%
3CACHE: dirty items replaced:358
ITLB: size: 48, misses 4, miss rate 0.00%
DTLB: size: 128, misses 968, miss rate 0.00%
Avg mem delay: 1.766 cycles
----------------------------------------
==== Global Resource Utilization ====
STASH: size: 65536 entries, full 2197678410, empty 6941, misses 531, full rate 100.00
icache bank util. 0.258 0.208 0.137 0.050 0.084 0.140 0.086 0.173 
dcache bank util. 0.055 0.077 0.089 0.071 0.121 0.099 0.123 0.068 
L2 bank util. 0.013 0.013 0.013 0.013 0.013 0.013 0.014 0.019 
L1-L2 bus util. = 0.062, L3 util. = 0.045
----------------------------------------

======================== 切片硬件状态 ========================
切片号 | 所属安全域 | 当前状态    | 路扩展 | LRU touched
------------------------------------------------------------------
  0    |   域0      | 正常运行   |  是   |  500999995
  1    |   域0      | 正常运行   |  是   |  500999999
  2    |   域3      | 正常运行   |  是   |  500999988
  3    |   域3      | 正常运行   |  是   |  500999975
==================================================================

branch prediction, hits = 105748823, misses = 8168774, hit rate = 92.83%
return_stack prediction, hits = 5700351, misses = 10, hit rate = 100.00%
jump prediction, hits = 153214841, misses = 3815, hit rate = 100.00%

**** Early Exiting at 554399644 Cycles *****
========================================
 SMTSIM Global Statistics
========================================
Threads: 4		Fetch Width: 8
No of useful instructions fetched:	2000000127 (45.09% proc util.)
No of total instructions fetched:	2320532735 (52.32% proc util.)
 includes 18571 misfetch (0.0%), 320514037 (13.8%) wrong-path fetches
 and 0 flushed after failed lock(0.0%)
No of useful instructions issued/executed:	2000000084 (45.09% proc util.)
No of total instructions issued/executed:	2132020497 (48.07% proc util.)
 includes 132020413 wrong-path (6.2%) insts and 0 flushed (0.0%)
	fp 43, 0.00%
	synch 0, 0.00%
	integer 1767210993, 82.89%
	load/store 364809461, 17.11%
Avg size of int IQ (before scheduling): 32.80
Avg size of fp IQ (before scheduling): 0.00
No of cycles taken:		554399644
Parallelism [ 1.863, 0.000, 0.000, 1.744,] = 3.608
 IQ conflicts: 146681 (0.03%), FQ conflicts: 0 (0.00%) 
 I reg conflicts: 216730224 (39.09%), FP reg conflicts: 0 (0.00%)
  Activelist confs: 3 (0.00%), ROB confs: 24 (0.00%)
  Int unit conflicts: 465954934 (84.05%), FP unit conflicts: 0 (0.00%)
  Load/store unit conflicts: 7006399 (1.26%)
  MSHR conflicts: 15894396 (2.87%)
----------------------------------------
==== System-wide Cache Statistics ====
Stall for miss queue full 0 cycles (0.00%)
----------------------------------------
==== Statistics for Master ID: 0 ====
Reads: 548371304   Writes: 83803295
ICACHE: size: 64 KB assoc: 2
ICACHE: hits:325228962 misses:532  Hit Ratio: 100.00%
DCACHE: size: 2*16 KB assoc: 2*4
DCACHE: hits:299450864 misses:7494241 writebacks:3497394  Hit Ratio: 97.56%
SCACHE: size: 512 KB assoc: 2
SCACHE: hits:5181956 misses:2312817  Hit Ratio: 69.14%
3CACHE: size: 4096 KB assoc: 2
3CACHE: hits:75863 misses:2236954  Hit Ratio: 3.28%
3CACHE: dirty items replaced:621
ITLB: size: 48, misses 25, miss rate 0.00%
DTLB: size: 128, misses 92765, miss rate 0.03%
Avg mem delay: 1.633 cycles
----------------------------------------
==== Statistics for Master ID: 3 ====
Reads: 378084406   Writes: 40
ICACHE: size: 64 KB assoc: 2
ICACHE: hits:320220085 misses:23  Hit Ratio: 100.00%
DCACHE: size: 2*16 KB assoc: 2*4
DCACHE: hits:57457891 misses:406447 writebacks:17  Hit Ratio: 99.30%
SCACHE: size: 512 KB assoc: 2
SCACHE: hits:338583 misses:67887  Hit Ratio: 83.30%
3CACHE: size: 4096 KB assoc: 2
3CACHE: hits:55469 misses:12418  Hit Ratio: 81.71%
3CACHE: dirty items replaced:361
ITLB: size: 48, misses 4, miss rate 0.00%
DTLB: size: 128, misses 968, miss rate 0.00%
Avg mem delay: 1.633 cycles
----------------------------------------
==== Global Resource Utilization ====
STASH: size: 65536 entries, full 2492725734, empty 6941, misses 531, full rate 100.00
icache bank util. 0.265 0.213 0.141 0.052 0.087 0.142 0.088 0.178 
dcache bank util. 0.056 0.078 0.091 0.073 0.125 0.101 0.126 0.069 
L2 bank util. 0.013 0.013 0.013 0.013 0.012 0.012 0.014 0.018 
L1-L2 bus util. = 0.062, L3 util. = 0.041
----------------------------------------

======================== 切片硬件状态 ========================
切片号 | 所属安全域 | 当前状态    | 路扩展 | LRU touched
------------------------------------------------------------------
  0    |   域0      | 正常运行   |  是   |  554399641
  1    |   域0      | 正常运行   |  是   |  554399643
  2    |   域3      | 正常运行   |  是   |  554399634
  3    |   域3      | 正常运行   |  是   |  554399605
==================================================================

branch prediction, hits = 118906992, misses = 9300120, hit rate = 92.75%
return_stack prediction, hits = 6559716, misses = 10, hit rate = 100.00%
jump prediction, hits = 172914208, misses = 4286, hit rate = 100.00%
total IPC 3.608

=== Results saved to: ./results/gzip-program_3_randacc_1.txt ===
