测试组合（多线程优先）：gcc-expr.arg2 + gzip-log.arg2
执行命令：./smtsim gcc-expr.arg2 gzip-log.arg2
==================================================

 init_expr_once init_expr save_expr_status restore_expr_status enqueue_insn protect_from_queue queued_subexp_p emit_queue init_queue convert_moveProcess 0, Thread 0: gcc-expr
Process 0, Thread 1: gcc-expr
Process 2, Thread 2: gzip-log
Process 2, Thread 3: gzip-log

**** Debug Statistics at 1000000 Cycles *****
Threads: 4		Fetch Width: 8
No of useful instructions fetched:	366632 (4.58% proc util.)
No of total instructions fetched:	521312 (6.52% proc util.)
 includes 63799 misfetch (12.2%), 90881 (17.4%) wrong-path fetches
 and 0 flushed after failed lock(0.0%)
No of useful instructions issued/executed:	366590 (4.58% proc util.)
No of total instructions issued/executed:	404121 (5.05% proc util.)
 includes 37531 wrong-path (9.3%) insts and 0 flushed (0.0%)
	fp 30, 0.01%
	synch 0, 0.00%
	integer 230259, 56.98%
	load/store 173832, 43.01%
Avg size of int IQ (before scheduling): 41.33
Avg size of fp IQ (before scheduling): 0.00
No of cycles taken:		1000000
Parallelism [ 0.199, 0.000, 0.168, 0.000,] = 0.367
 IQ conflicts: 6175 (0.62%), FQ conflicts: 0 (0.00%) 
 I reg conflicts: 882507 (88.25%), FP reg conflicts: 0 (0.00%)
  Activelist confs: 0 (0.00%), ROB confs: 1044 (0.10%)
  Int unit conflicts: 4616 (0.46%), FP unit conflicts: 0 (0.00%)
  Load/store unit conflicts: 43360 (4.34%)
  MSHR conflicts: 2876486 (287.65%)
----------------------------------------
==== System-wide Cache Statistics ====
Stall for miss queue full 0 cycles (0.00%)
----------------------------------------
==== Statistics for Master ID: 0 ====
Reads: 136712   Writes: 29542
ICACHE: size: 64 KB assoc: 2
ICACHE: hits:72050 misses:1219  Hit Ratio: 98.34%
DCACHE: size: 16 KB assoc: 4
DCACHE: hits:91117 misses:1868 writebacks:1289  Hit Ratio: 97.99%
SCACHE: size: 512 KB assoc: 2
SCACHE: hits:1704 misses:1383  Hit Ratio: 55.20%
3CACHE: size: 4096 KB assoc: 2
3CACHE: hits:29 misses:1354  Hit Ratio: 2.10%
3CACHE: dirty items replaced:0
ITLB: size: 48, misses 29, miss rate 0.04%
DTLB: size: 128, misses 637, miss rate 0.69%
Avg mem delay: 101.388 cycles
----------------------------------------
==== Statistics for Master ID: 2 ====
Reads: 125576   Writes: 27239
ICACHE: size: 64 KB assoc: 2
ICACHE: hits:71913 misses:203  Hit Ratio: 99.72%
DCACHE: size: 16 KB assoc: 4
DCACHE: hits:28002 misses:52697 writebacks:49470  Hit Ratio: 34.70%
SCACHE: size: 512 KB assoc: 2
SCACHE: hits:26226 misses:26673  Hit Ratio: 49.58%
3CACHE: size: 4096 KB assoc: 2
3CACHE: hits:0 misses:26669  Hit Ratio: 0.00%
3CACHE: dirty items replaced:1
ITLB: size: 48, misses 18, miss rate 0.02%
DTLB: size: 128, misses 6603, miss rate 8.18%
Avg mem delay: 101.388 cycles
----------------------------------------
==== Global Resource Utilization ====
STASH: size: 65536 entries, full 92963263, empty 6799305, misses 814792, full rate 92.43
icache bank util. 0.029 0.009 0.010 0.010 0.011 0.011 0.022 0.047 
dcache bank util. 0.010 0.011 0.043 0.021 0.013 0.011 0.372 0.010 
L2 bank util. 0.003 0.003 0.003 0.004 0.004 0.004 0.520 0.003 
L1-L2 bus util. = 0.320, L3 util. = 0.280
----------------------------------------
branch prediction, hits = 29530, misses = 5074, hit rate = 85.34%
return_stack prediction, hits = 2876, misses = 9, hit rate = 99.69%
jump prediction, hits = 21322, misses = 9544, hit rate = 69.08%

**** Debug Statistics at 101000000 Cycles *****
Threads: 4		Fetch Width: 8
No of useful instructions fetched:	84185458 (10.42% proc util.)
No of total instructions fetched:	109945906 (13.61% proc util.)
 includes 7122944 misfetch (6.5%), 18637504 (17.0%) wrong-path fetches
 and 0 flushed after failed lock(0.0%)
No of useful instructions issued/executed:	84185413 (10.42% proc util.)
No of total instructions issued/executed:	91961062 (11.38% proc util.)
 includes 7775649 wrong-path (8.5%) insts and 0 flushed (0.0%)
	fp 44, 0.00%
	synch 0, 0.00%
	integer 59814191, 65.04%
	load/store 32146827, 34.96%
Avg size of int IQ (before scheduling): 19.89
Avg size of fp IQ (before scheduling): 0.00
No of cycles taken:		101000000
Parallelism [ 0.428, 0.000, 0.405, 0.000,] = 0.834
 IQ conflicts: 223648 (0.22%), FQ conflicts: 0 (0.00%) 
 I reg conflicts: 84165083 (83.33%), FP reg conflicts: 0 (0.00%)
  Activelist confs: 0 (0.00%), ROB confs: 1086 (0.00%)
  Int unit conflicts: 5849311 (5.79%), FP unit conflicts: 0 (0.00%)
  Load/store unit conflicts: 4752597 (4.71%)
  MSHR conflicts: 119485853 (118.30%)
----------------------------------------
==== System-wide Cache Statistics ====
Stall for miss queue full 0 cycles (0.00%)
----------------------------------------
==== Statistics for Master ID: 0 ====
Reads: 28673123   Writes: 5497852
ICACHE: size: 64 KB assoc: 2
ICACHE: hits:15129935 misses:200754  Hit Ratio: 98.69%
DCACHE: size: 16 KB assoc: 4
DCACHE: hits:18477417 misses:362869 writebacks:362258  Hit Ratio: 98.07%
SCACHE: size: 512 KB assoc: 2
SCACHE: hits:411190 misses:152433  Hit Ratio: 72.95%
3CACHE: size: 4096 KB assoc: 2
3CACHE: hits:97773 misses:54660  Hit Ratio: 64.14%
3CACHE: dirty items replaced:3880
ITLB: size: 48, misses 7271, miss rate 0.05%
DTLB: size: 128, misses 13880, miss rate 0.07%
Avg mem delay: 12.503 cycles
----------------------------------------
==== Statistics for Master ID: 2 ====
Reads: 21592408   Writes: 6534960
ICACHE: size: 64 KB assoc: 2
ICACHE: hits:14871379 misses:642  Hit Ratio: 100.00%
DCACHE: size: 16 KB assoc: 4
DCACHE: hits:11299487 misses:1955860 writebacks:1804549  Hit Ratio: 85.24%
SCACHE: size: 512 KB assoc: 2
SCACHE: hits:184119 misses:1772383  Hit Ratio: 9.41%
3CACHE: size: 4096 KB assoc: 2
3CACHE: hits:8 misses:1772375  Hit Ratio: 0.00%
3CACHE: dirty items replaced:26953
ITLB: size: 48, misses 43, miss rate 0.00%
DTLB: size: 128, misses 70974, miss rate 0.54%
Avg mem delay: 12.503 cycles
----------------------------------------
==== Global Resource Utilization ====
STASH: size: 65536 entries, full 206427432, empty 10663084, misses 1151077, full rate 94.59
icache bank util. 0.024 0.020 0.018 0.019 0.023 0.138 0.024 0.039 
dcache bank util. 0.055 0.050 0.053 0.060 0.048 0.050 0.066 0.068 
L2 bank util. 0.028 0.029 0.029 0.029 0.028 0.028 0.041 0.053 
L1-L2 bus util. = 0.139, L3 util. = 0.181
----------------------------------------
branch prediction, hits = 11401266, misses = 942717, hit rate = 92.36%
return_stack prediction, hits = 485560, misses = 336, hit rate = 99.93%
jump prediction, hits = 10202287, misses = 1264343, hit rate = 88.97%
 convert_to_mode
**** Debug Statistics at 201000000 Cycles *****
Threads: 4		Fetch Width: 8
No of useful instructions fetched:	387587569 (24.10% proc util.)
No of total instructions fetched:	561207051 (34.90% proc util.)
 includes 26535644 misfetch (4.7%), 147083838 (26.2%) wrong-path fetches
 and 0 flushed after failed lock(0.0%)
No of useful instructions issued/executed:	387587532 (24.10% proc util.)
No of total instructions issued/executed:	454101516 (28.24% proc util.)
 includes 66513984 wrong-path (14.6%) insts and 0 flushed (0.0%)
	fp 2780, 0.00%
	synch 0, 0.00%
	integer 310900091, 68.46%
	load/store 143198645, 31.53%
Avg size of int IQ (before scheduling): 25.73
Avg size of fp IQ (before scheduling): 0.00
No of cycles taken:		201000000
Parallelism [ 0.817, 0.000, 1.111, 0.000,] = 1.928
 IQ conflicts: 2345487 (1.17%), FQ conflicts: 0 (0.00%) 
 I reg conflicts: 112451231 (55.95%), FP reg conflicts: 0 (0.00%)
  Activelist confs: 409 (0.00%), ROB confs: 87658 (0.04%)
  Int unit conflicts: 134694712 (67.01%), FP unit conflicts: 2 (0.00%)
  Load/store unit conflicts: 24096944 (11.99%)
  MSHR conflicts: 174943638 (87.04%)
----------------------------------------
==== System-wide Cache Statistics ====
Stall for miss queue full 0 cycles (0.00%)
----------------------------------------
==== Statistics for Master ID: 0 ====
Reads: 136676528   Writes: 23535868
ICACHE: size: 64 KB assoc: 2
ICACHE: hits:76032023 misses:778386  Hit Ratio: 98.99%
DCACHE: size: 16 KB assoc: 4
DCACHE: hits:81736049 misses:1665938 writebacks:1665327  Hit Ratio: 98.00%
SCACHE: size: 512 KB assoc: 2
SCACHE: hits:2019225 misses:425099  Hit Ratio: 82.61%
3CACHE: size: 4096 KB assoc: 2
3CACHE: hits:292852 misses:132247  Hit Ratio: 68.89%
3CACHE: dirty items replaced:16151
ITLB: size: 48, misses 20804, miss rate 0.03%
DTLB: size: 128, misses 69854, miss rate 0.08%
Avg mem delay: 3.861 cycles
----------------------------------------
==== Statistics for Master ID: 2 ====
Reads: 118650248   Writes: 19194795
ICACHE: size: 64 KB assoc: 2
ICACHE: hits:78362651 misses:10087  Hit Ratio: 99.99%
DCACHE: size: 16 KB assoc: 4
DCACHE: hits:56407195 misses:3065110 writebacks:2904053  Hit Ratio: 94.85%
SCACHE: size: 512 KB assoc: 2
SCACHE: hits:871072 misses:2204125  Hit Ratio: 28.33%
3CACHE: size: 4096 KB assoc: 2
3CACHE: hits:77944 misses:2126181  Hit Ratio: 3.54%
3CACHE: dirty items replaced:42081
ITLB: size: 48, misses 330, miss rate 0.00%
DTLB: size: 128, misses 104707, miss rate 0.18%
Avg mem delay: 3.861 cycles
----------------------------------------
==== Global Resource Utilization ====
STASH: size: 65536 entries, full 691372240, empty 21778050, misses 2120961, full rate 96.66
icache bank util. 0.104 0.078 0.072 0.077 0.088 0.163 0.084 0.118 
dcache bank util. 0.108 0.108 0.107 0.098 0.104 0.102 0.120 0.102 
L2 bank util. 0.031 0.030 0.029 0.032 0.029 0.028 0.036 0.042 
L1-L2 bus util. = 0.151, L3 util. = 0.112
----------------------------------------
branch prediction, hits = 36135261, misses = 4293401, hit rate = 89.38%
return_stack prediction, hits = 2651487, misses = 972, hit rate = 99.96%
jump prediction, hits = 34072214, misses = 5079651, hit rate = 87.03%
 move_by_pieces move_by_pieces_ninsns move_by_pieces_1 emit_block_move
**** Debug Statistics at 301000000 Cycles *****
Threads: 4		Fetch Width: 8
No of useful instructions fetched:	724384015 (30.08% proc util.)
No of total instructions fetched:	1067081054 (44.31% proc util.)
 includes 48748188 misfetch (4.6%), 293948851 (27.5%) wrong-path fetches
 and 0 flushed after failed lock(0.0%)
No of useful instructions issued/executed:	724383973 (30.08% proc util.)
No of total instructions issued/executed:	859985629 (35.71% proc util.)
 includes 135601656 wrong-path (15.8%) insts and 0 flushed (0.0%)
	fp 3655, 0.00%
	synch 0, 0.00%
	integer 591920616, 68.83%
	load/store 268061358, 31.17%
Avg size of int IQ (before scheduling): 28.37
Avg size of fp IQ (before scheduling): 0.00
No of cycles taken:		301000000
Parallelism [ 0.970, 0.000, 1.437, 0.000,] = 2.407
 IQ conflicts: 5771970 (1.92%), FQ conflicts: 0 (0.00%) 
 I reg conflicts: 130427033 (43.33%), FP reg conflicts: 0 (0.00%)
  Activelist confs: 2253 (0.00%), ROB confs: 183522 (0.06%)
  Int unit conflicts: 270484018 (89.86%), FP unit conflicts: 31 (0.00%)
  Load/store unit conflicts: 46332846 (15.39%)
  MSHR conflicts: 218246769 (72.51%)
----------------------------------------
==== System-wide Cache Statistics ====
Stall for miss queue full 0 cycles (0.00%)
----------------------------------------
==== Statistics for Master ID: 0 ====
Reads: 255638571   Writes: 44629881
ICACHE: size: 64 KB assoc: 2
ICACHE: hits:144040315 misses:1452507  Hit Ratio: 99.00%
DCACHE: size: 16 KB assoc: 4
DCACHE: hits:151282343 misses:3493287 writebacks:3492676  Hit Ratio: 97.74%
SCACHE: size: 512 KB assoc: 2
SCACHE: hits:4104368 misses:841426  Hit Ratio: 82.99%
3CACHE: size: 4096 KB assoc: 2
3CACHE: hits:638396 misses:203029  Hit Ratio: 75.87%
3CACHE: dirty items replaced:34493
ITLB: size: 48, misses 34177, miss rate 0.02%
DTLB: size: 128, misses 144683, miss rate 0.09%
Avg mem delay: 2.723 cycles
----------------------------------------
==== Statistics for Master ID: 2 ====
Reads: 229536217   Writes: 33303542
ICACHE: size: 64 KB assoc: 2
ICACHE: hits:150183984 misses:21608  Hit Ratio: 99.99%
DCACHE: size: 16 KB assoc: 4
DCACHE: hits:108571935 misses:4062232 writebacks:3901175  Hit Ratio: 96.39%
SCACHE: size: 512 KB assoc: 2
SCACHE: hits:1698587 misses:2385253  Hit Ratio: 41.59%
3CACHE: size: 4096 KB assoc: 2
3CACHE: hits:205195 misses:2180057  Hit Ratio: 8.60%
3CACHE: dirty items replaced:52393
ITLB: size: 48, misses 635, miss rate 0.00%
DTLB: size: 128, misses 124554, miss rate 0.11%
Avg mem delay: 2.723 cycles
----------------------------------------
==== Global Resource Utilization ====
STASH: size: 65536 entries, full 1235392184, empty 34935508, misses 3277806, full rate 97.00
icache bank util. 0.137 0.101 0.096 0.103 0.121 0.176 0.111 0.152 
dcache bank util. 0.123 0.121 0.131 0.120 0.132 0.125 0.152 0.134 
L2 bank util. 0.033 0.033 0.031 0.033 0.031 0.030 0.036 0.040 
L1-L2 bus util. = 0.164, L3 util. = 0.079
----------------------------------------
branch prediction, hits = 62499363, misses = 8011603, hit rate = 88.64%
return_stack prediction, hits = 5158939, misses = 1851, hit rate = 99.96%
jump prediction, hits = 59897179, misses = 9462219, hit rate = 86.36%

**** Debug Statistics at 401000000 Cycles *****
Threads: 4		Fetch Width: 8
No of useful instructions fetched:	1079525377 (33.65% proc util.)
No of total instructions fetched:	1585833655 (49.43% proc util.)
 includes 70228998 misfetch (4.4%), 436079280 (27.5%) wrong-path fetches
 and 0 flushed after failed lock(0.0%)
No of useful instructions issued/executed:	1079525336 (33.65% proc util.)
No of total instructions issued/executed:	1279719766 (39.89% proc util.)
 includes 200194430 wrong-path (15.6%) insts and 0 flushed (0.0%)
	fp 3975, 0.00%
	synch 0, 0.00%
	integer 883353672, 69.03%
	load/store 396362119, 30.97%
Avg size of int IQ (before scheduling): 29.74
Avg size of fp IQ (before scheduling): 0.00
No of cycles taken:		401000000
Parallelism [ 1.086, 0.000, 1.606, 0.000,] = 2.692
 IQ conflicts: 8904736 (2.22%), FQ conflicts: 0 (0.00%) 
 I reg conflicts: 146852496 (36.62%), FP reg conflicts: 0 (0.00%)
  Activelist confs: 3152 (0.00%), ROB confs: 287839 (0.07%)
  Int unit conflicts: 448814789 (111.92%), FP unit conflicts: 61 (0.00%)
  Load/store unit conflicts: 72148889 (17.99%)
  MSHR conflicts: 277216010 (69.13%)
----------------------------------------
==== System-wide Cache Statistics ====
Stall for miss queue full 0 cycles (0.00%)
----------------------------------------
==== Statistics for Master ID: 0 ====
Reads: 377464421   Writes: 65234642
ICACHE: size: 64 KB assoc: 2
ICACHE: hits:212762688 misses:2255290  Hit Ratio: 98.95%
DCACHE: size: 16 KB assoc: 4
DCACHE: hits:222468091 misses:5212994 writebacks:5212383  Hit Ratio: 97.71%
SCACHE: size: 512 KB assoc: 2
SCACHE: hits:6275198 misses:1193086  Hit Ratio: 84.02%
3CACHE: size: 4096 KB assoc: 2
3CACHE: hits:931882 misses:261204  Hit Ratio: 78.11%
3CACHE: dirty items replaced:56227
ITLB: size: 48, misses 64126, miss rate 0.03%
DTLB: size: 128, misses 215707, miss rate 0.09%
Avg mem delay: 2.284 cycles
----------------------------------------
==== Statistics for Master ID: 2 ====
Reads: 342964694   Writes: 48221315
ICACHE: size: 64 KB assoc: 2
ICACHE: hits:223410618 misses:32371  Hit Ratio: 99.99%
DCACHE: size: 16 KB assoc: 4
DCACHE: hits:162678492 misses:5064528 writebacks:4903471  Hit Ratio: 96.98%
SCACHE: size: 512 KB assoc: 2
SCACHE: hits:2546053 misses:2550846  Hit Ratio: 49.95%
3CACHE: size: 4096 KB assoc: 2
3CACHE: hits:319095 misses:2231751  Hit Ratio: 12.51%
3CACHE: dirty items replaced:64925
ITLB: size: 48, misses 1030, miss rate 0.00%
DTLB: size: 128, misses 142536, miss rate 0.08%
Avg mem delay: 2.284 cycles
----------------------------------------
==== Global Resource Utilization ====
STASH: size: 65536 entries, full 1793425397, empty 48271600, misses 4419571, full rate 97.15
icache bank util. 0.152 0.116 0.106 0.115 0.137 0.185 0.125 0.175 
dcache bank util. 0.141 0.129 0.142 0.130 0.146 0.135 0.170 0.146 
L2 bank util. 0.034 0.034 0.032 0.033 0.032 0.030 0.035 0.039 
L1-L2 bus util. = 0.170, L3 util. = 0.062
----------------------------------------
branch prediction, hits = 91495358, misses = 11832295, hit rate = 88.55%
return_stack prediction, hits = 7502946, misses = 2671, hit rate = 99.96%
jump prediction, hits = 87912825, misses = 13671086, hit rate = 86.54%
 move_block_to_reg move_block_from_reg use_regs group_insns clear_storage
**** Debug Statistics at 501000000 Cycles *****
Threads: 4		Fetch Width: 8
No of useful instructions fetched:	1432044700 (35.73% proc util.)
No of total instructions fetched:	2086436208 (52.06% proc util.)
 includes 81063678 misfetch (3.9%), 573327830 (27.5%) wrong-path fetches
 and 0 flushed after failed lock(0.0%)
No of useful instructions issued/executed:	1432044638 (35.73% proc util.)
No of total instructions issued/executed:	1696886417 (42.34% proc util.)
 includes 264841779 wrong-path (15.6%) insts and 0 flushed (0.0%)
	fp 8146, 0.00%
	synch 0, 0.00%
	integer 1175866521, 69.30%
	load/store 521011750, 30.70%
Avg size of int IQ (before scheduling): 30.90
Avg size of fp IQ (before scheduling): 0.00
No of cycles taken:		501000000
Parallelism [ 1.165, 0.000, 1.693, 0.000,] = 2.858
 IQ conflicts: 13103025 (2.62%), FQ conflicts: 0 (0.00%) 
 I reg conflicts: 166053448 (33.14%), FP reg conflicts: 0 (0.00%)
  Activelist confs: 5979 (0.00%), ROB confs: 387767 (0.08%)
  Int unit conflicts: 623747311 (124.50%), FP unit conflicts: 61 (0.00%)
  Load/store unit conflicts: 110553805 (22.07%)
  MSHR conflicts: 362012885 (72.26%)
----------------------------------------
==== System-wide Cache Statistics ====
Stall for miss queue full 0 cycles (0.00%)
----------------------------------------
==== Statistics for Master ID: 0 ====
Reads: 498314091   Writes: 86989802
ICACHE: size: 64 KB assoc: 2
ICACHE: hits:282172354 misses:2545920  Hit Ratio: 99.11%
DCACHE: size: 16 KB assoc: 4
DCACHE: hits:293541844 misses:7043775 writebacks:7043164  Hit Ratio: 97.66%
SCACHE: size: 512 KB assoc: 2
SCACHE: hits:7948452 misses:1641243  Hit Ratio: 82.89%
3CACHE: size: 4096 KB assoc: 2
3CACHE: hits:1307417 misses:333826  Hit Ratio: 79.66%
3CACHE: dirty items replaced:89346
ITLB: size: 48, misses 71653, miss rate 0.03%
DTLB: size: 128, misses 287749, miss rate 0.10%
Avg mem delay: 2.081 cycles
----------------------------------------
==== Statistics for Master ID: 2 ====
Reads: 450927083   Writes: 61988357
ICACHE: size: 64 KB assoc: 2
ICACHE: hits:293572404 misses:39163  Hit Ratio: 99.99%
DCACHE: size: 16 KB assoc: 4
DCACHE: hits:213302691 misses:6001182 writebacks:5840125  Hit Ratio: 97.26%
SCACHE: size: 512 KB assoc: 2
SCACHE: hits:3308841 misses:2731504  Hit Ratio: 54.78%
3CACHE: size: 4096 KB assoc: 2
3CACHE: hits:442877 misses:2288626  Hit Ratio: 16.21%
3CACHE: dirty items replaced:86874
ITLB: size: 48, misses 1300, miss rate 0.00%
DTLB: size: 128, misses 160033, miss rate 0.07%
Avg mem delay: 2.081 cycles
----------------------------------------
==== Global Resource Utilization ====
STASH: size: 65536 entries, full 2333198154, empty 57147130, misses 5198116, full rate 97.40
icache bank util. 0.161 0.122 0.116 0.125 0.145 0.185 0.132 0.184 
dcache bank util. 0.145 0.134 0.151 0.141 0.158 0.142 0.175 0.147 
L2 bank util. 0.035 0.034 0.032 0.033 0.032 0.030 0.035 0.038 
L1-L2 bus util. = 0.171, L3 util. = 0.052
----------------------------------------
branch prediction, hits = 120440663, misses = 15056553, hit rate = 88.89%
return_stack prediction, hits = 9722523, misses = 3194, hit rate = 99.97%
jump prediction, hits = 117897899, misses = 16054815, hit rate = 88.01%
 emit_move_insn push_block gen_push_operand emit_push_insn
**** Debug Statistics at 601000000 Cycles *****
Threads: 4		Fetch Width: 8
No of useful instructions fetched:	1772784132 (36.87% proc util.)
No of total instructions fetched:	2594872108 (53.97% proc util.)
 includes 99178354 misfetch (3.8%), 722909622 (27.9%) wrong-path fetches
 and 0 flushed after failed lock(0.0%)
No of useful instructions issued/executed:	1772784081 (36.87% proc util.)
No of total instructions issued/executed:	2107214816 (43.83% proc util.)
 includes 334430735 wrong-path (15.9%) insts and 0 flushed (0.0%)
	fp 9612, 0.00%
	synch 0, 0.00%
	integer 1460856942, 69.33%
	load/store 646348262, 30.67%
Avg size of int IQ (before scheduling): 31.36
Avg size of fp IQ (before scheduling): 0.00
No of cycles taken:		601000000
Parallelism [ 1.186, 0.000, 1.764, 0.000,] = 2.950
 IQ conflicts: 16131455 (2.68%), FQ conflicts: 0 (0.00%) 
 I reg conflicts: 183687841 (30.56%), FP reg conflicts: 0 (0.00%)
  Activelist confs: 7041 (0.00%), ROB confs: 481285 (0.08%)
  Int unit conflicts: 776909259 (129.27%), FP unit conflicts: 80 (0.00%)
  Load/store unit conflicts: 132170452 (21.99%)
  MSHR conflicts: 406713869 (67.67%)
----------------------------------------
==== System-wide Cache Statistics ====
Stall for miss queue full 0 cycles (0.00%)
----------------------------------------
==== Statistics for Master ID: 0 ====
Reads: 615436688   Writes: 106284073
ICACHE: size: 64 KB assoc: 2
ICACHE: hits:348429488 misses:3360681  Hit Ratio: 99.04%
DCACHE: size: 16 KB assoc: 4
DCACHE: hits:361437221 misses:8493371 writebacks:8492760  Hit Ratio: 97.70%
SCACHE: size: 512 KB assoc: 2
SCACHE: hits:9811496 misses:2042556  Hit Ratio: 82.77%
3CACHE: size: 4096 KB assoc: 2
3CACHE: hits:1624683 misses:417873  Hit Ratio: 79.54%
3CACHE: dirty items replaced:131176
ITLB: size: 48, misses 103623, miss rate 0.03%
DTLB: size: 128, misses 364575, miss rate 0.10%
Avg mem delay: 1.930 cycles
----------------------------------------
==== Statistics for Master ID: 2 ====
Reads: 564194340   Writes: 77031162
ICACHE: size: 64 KB assoc: 2
ICACHE: hits:366159013 misses:50683  Hit Ratio: 99.99%
DCACHE: size: 16 KB assoc: 4
DCACHE: hits:267981355 misses:7034451 writebacks:6873394  Hit Ratio: 97.44%
SCACHE: size: 512 KB assoc: 2
SCACHE: hits:4170404 misses:2914729  Hit Ratio: 58.86%
3CACHE: size: 4096 KB assoc: 2
3CACHE: hits:572462 misses:2342267  Hit Ratio: 19.64%
3CACHE: dirty items replaced:112053
ITLB: size: 48, misses 1867, miss rate 0.00%
DTLB: size: 128, misses 177569, miss rate 0.06%
Avg mem delay: 1.930 cycles
----------------------------------------
==== Global Resource Utilization ====
STASH: size: 65536 entries, full 2880186032, empty 71130085, misses 6399480, full rate 97.38
icache bank util. 0.168 0.127 0.120 0.129 0.150 0.188 0.138 0.191 
dcache bank util. 0.148 0.138 0.157 0.145 0.165 0.147 0.179 0.148 
L2 bank util. 0.035 0.034 0.032 0.033 0.032 0.030 0.035 0.037 
L1-L2 bus util. = 0.171, L3 util. = 0.046
----------------------------------------
branch prediction, hits = 146596131, misses = 18935323, hit rate = 88.56%
return_stack prediction, hits = 12223294, misses = 4745, hit rate = 99.96%
jump prediction, hits = 144659961, misses = 19787019, hit rate = 87.97%
 emit_library_call
**** Early Exiting at 667738297 Cycles *****
========================================
 SMTSIM Global Statistics
========================================
Threads: 4		Fetch Width: 8
No of useful instructions fetched:	2000000069 (37.44% proc util.)
No of total instructions fetched:	2921761080 (54.70% proc util.)
 includes 107721217 misfetch (3.7%), 814039794 (27.9%) wrong-path fetches
 and 0 flushed after failed lock(0.0%)
No of useful instructions issued/executed:	2000000038 (37.44% proc util.)
No of total instructions issued/executed:	2377002208 (44.50% proc util.)
 includes 377002170 wrong-path (15.9%) insts and 0 flushed (0.0%)
	fp 12718, 0.00%
	synch 0, 0.00%
	integer 1649963746, 69.41%
	load/store 727025744, 30.59%
Avg size of int IQ (before scheduling): 31.73
Avg size of fp IQ (before scheduling): 0.00
No of cycles taken:		667738297
Parallelism [ 1.198, 0.000, 1.797, 0.000,] = 2.995
 IQ conflicts: 18533482 (2.78%), FQ conflicts: 0 (0.00%) 
 I reg conflicts: 197414913 (29.56%), FP reg conflicts: 0 (0.00%)
  Activelist confs: 8253 (0.00%), ROB confs: 585055 (0.09%)
  Int unit conflicts: 882992598 (132.24%), FP unit conflicts: 80 (0.00%)
  Load/store unit conflicts: 149061355 (22.32%)
  MSHR conflicts: 443910545 (66.48%)
----------------------------------------
==== System-wide Cache Statistics ====
Stall for miss queue full 0 cycles (0.00%)
----------------------------------------
==== Statistics for Master ID: 0 ====
Reads: 690527083   Writes: 119128787
ICACHE: size: 64 KB assoc: 2
ICACHE: hits:391131705 misses:3783309  Hit Ratio: 99.04%
DCACHE: size: 16 KB assoc: 4
DCACHE: hits:405329137 misses:9411719 writebacks:9411108  Hit Ratio: 97.73%
SCACHE: size: 512 KB assoc: 2
SCACHE: hits:10875031 misses:2319996  Hit Ratio: 82.42%
3CACHE: size: 4096 KB assoc: 2
3CACHE: hits:1842274 misses:477722  Hit Ratio: 79.41%
3CACHE: dirty items replaced:163193
ITLB: size: 48, misses 129278, miss rate 0.03%
DTLB: size: 128, misses 414164, miss rate 0.10%
Avg mem delay: 1.873 cycles
----------------------------------------
==== Statistics for Master ID: 2 ====
Reads: 636686316   Writes: 86738184
ICACHE: size: 64 KB assoc: 2
ICACHE: hits:412609178 misses:56401  Hit Ratio: 99.99%
DCACHE: size: 16 KB assoc: 4
DCACHE: hits:303125068 misses:7633853 writebacks:7472796  Hit Ratio: 97.54%
SCACHE: size: 512 KB assoc: 2
SCACHE: hits:4654989 misses:3035265  Hit Ratio: 60.53%
3CACHE: size: 4096 KB assoc: 2
3CACHE: hits:650609 misses:2384656  Hit Ratio: 21.43%
3CACHE: dirty items replaced:131132
ITLB: size: 48, misses 2206, miss rate 0.00%
DTLB: size: 128, misses 189770, miss rate 0.06%
Avg mem delay: 1.873 cycles
----------------------------------------
==== Global Resource Utilization ====
STASH: size: 65536 entries, full 3230728496, empty 79715667, misses 7138430, full rate 97.38
icache bank util. 0.171 0.129 0.123 0.132 0.152 0.186 0.140 0.194 
dcache bank util. 0.149 0.139 0.158 0.147 0.167 0.149 0.180 0.150 
L2 bank util. 0.035 0.033 0.032 0.033 0.031 0.030 0.034 0.036 
L1-L2 bus util. = 0.170, L3 util. = 0.043
----------------------------------------
branch prediction, hits = 164158873, misses = 21172975, hit rate = 88.58%
return_stack prediction, hits = 13781304, misses = 6013, hit rate = 99.96%
jump prediction, hits = 162986709, misses = 21639518, hit rate = 88.28%
total IPC 2.995

=== Results saved to: ./results/gcc-expr_2_gzip-log_2.txt ===
