测试组合（多线程优先）：gcc-integrate.arg2 + gzip-source.arg + mgrid.arg
执行命令：./smtsim gcc-integrate.arg2 gzip-source.arg mgrid.arg
==================================================

 function_cannot_inline_p save_for_inline copy_for_inline expand_inline_functionProcess 0, Thread 0: gcc-integrate
Process 0, Thread 1: gcc-integrate
Process 2, Thread 2: gzip-source
Process 3, Thread 3: mgrid
[切片调度] 新安全域0无任何切片，尝试分配空闲切片
[切片管理] 成功绑定切片0 → 安全域0

======================== 切片硬件状态 ========================
切片号 | 所属安全域 | 当前状态    | 路扩展 | LRU touched
------------------------------------------------------------------
  0    |   域0      | 正常运行   |  否   |  0
  1    |   域-1     | 切片空闲   |  否   |  0
  2    |   域-1     | 切片空闲   |  否   |  0
  3    |   域-1     | 切片空闲   |  否   |  0
==================================================================

[切片管理] 成功绑定切片1 → 安全域0，触发【路扩展模式】

======================== 切片硬件状态 ========================
切片号 | 所属安全域 | 当前状态    | 路扩展 | LRU touched
------------------------------------------------------------------
  0    |   域0      | 正常运行   |  是   |  0
  1    |   域0      | 正常运行   |  是   |  0
  2    |   域-1     | 切片空闲   |  否   |  0
  3    |   域-1     | 切片空闲   |  否   |  0
==================================================================

[切片调度] 新安全域2无任何切片，尝试分配空闲切片
[切片管理] 成功绑定切片2 → 安全域2

======================== 切片硬件状态 ========================
切片号 | 所属安全域 | 当前状态    | 路扩展 | LRU touched
------------------------------------------------------------------
  0    |   域0      | 正常运行   |  是   |  318
  1    |   域0      | 正常运行   |  是   |  0
  2    |   域2      | 正常运行   |  否   |  0
  3    |   域-1     | 切片空闲   |  否   |  0
==================================================================

[切片管理] 成功绑定切片3 → 安全域2，触发【路扩展模式】

======================== 切片硬件状态 ========================
切片号 | 所属安全域 | 当前状态    | 路扩展 | LRU touched
------------------------------------------------------------------
  0    |   域0      | 正常运行   |  是   |  318
  1    |   域0      | 正常运行   |  是   |  0
  2    |   域2      | 正常运行   |  是   |  0
  3    |   域2      | 正常运行   |  是   |  0
==================================================================

[切片调度] 新安全域3无任何切片，尝试分配空闲切片
[切片调度] 新安全域3未找到空闲切片，尝试剥夺切片
[切片替换] 优先从【路扩展切片】中选择LRU替换目标...
[切片替换] 找到路扩展切片作为受害者：切片1（最后访问：0）
[切片调度] 安全域3触发切片剥夺：从域0剥夺切片1
[切片剥夺] 周期753：切片1（所属域0）进入待剥夺状态，禁止新替换
[切片剥夺] 周期753：切片1在途请求已清空，开始执行脏行写回
[切片剥夺] 周期753：切片1无脏行，直接完成剥夺
[切片管理] 周期753：原域0仅剩1个切片，关闭路扩展模式
[动态重分配] 周期753：切片1写回完成，自动绑定到域3
[切片管理] 成功绑定切片1 → 安全域3

======================== 切片硬件状态 ========================
切片号 | 所属安全域 | 当前状态    | 路扩展 | LRU touched
------------------------------------------------------------------
  0    |   域0      | 正常运行   |  否   |  318
  1    |   域3      | 正常运行   |  否   |  753
  2    |   域2      | 正常运行   |  是   |  753
  3    |   域2      | 正常运行   |  是   |  0
==================================================================

[切片唤醒] 周期753：域3切片就绪，唤醒等待指令

**** Debug Statistics at 1000000 Cycles *****
Threads: 4		Fetch Width: 8
No of useful instructions fetched:	530159 (6.63% proc util.)
No of total instructions fetched:	713733 (8.92% proc util.)
 includes 46823 misfetch (6.6%), 136751 (19.2%) wrong-path fetches
 and 0 flushed after failed lock(0.0%)
No of useful instructions issued/executed:	530110 (6.63% proc util.)
No of total instructions issued/executed:	593885 (7.42% proc util.)
 includes 63775 wrong-path (10.7%) insts and 0 flushed (0.0%)
	fp 164, 0.03%
	synch 0, 0.00%
	integer 363311, 61.18%
	load/store 230410, 38.80%
Avg size of int IQ (before scheduling): 34.03
Avg size of fp IQ (before scheduling): 0.02
No of cycles taken:		1000000
Parallelism [ 0.148, 0.000, 0.139, 0.243,] = 0.530
 IQ conflicts: 7511 (0.75%), FQ conflicts: 0 (0.00%) 
 I reg conflicts: 859589 (85.96%), FP reg conflicts: 0 (0.00%)
  Activelist confs: 54 (0.01%), ROB confs: 349 (0.03%)
  Int unit conflicts: 63980 (6.40%), FP unit conflicts: 1 (0.00%)
  Load/store unit conflicts: 48469 (4.85%)
  MSHR conflicts: 2536045 (253.60%)
----------------------------------------
==== System-wide Cache Statistics ====
Stall for miss queue full 0 cycles (0.00%)
----------------------------------------
==== Statistics for Master ID: 0 ====
Reads: 124942   Writes: 21607
ICACHE: size: 64 KB assoc: 2
ICACHE: hits:71166 misses:2803  Hit Ratio: 96.21%
DCACHE: size: 1*32 KB assoc: 1*8
DCACHE: hits:71592 misses:988 writebacks:196  Hit Ratio: 98.64%
SCACHE: size: 512 KB assoc: 2
SCACHE: hits:1789 misses:2002  Hit Ratio: 47.19%
3CACHE: size: 4096 KB assoc: 2
3CACHE: hits:205 misses:1797  Hit Ratio: 10.24%
3CACHE: dirty items replaced:0
ITLB: size: 48, misses 129, miss rate 0.17%
DTLB: size: 128, misses 731, miss rate 1.01%
Avg mem delay: 54.903 cycles
----------------------------------------
==== Statistics for Master ID: 2 ====
Reads: 97692   Writes: 22631
ICACHE: size: 64 KB assoc: 2
ICACHE: hits:53286 misses:217  Hit Ratio: 99.59%
DCACHE: size: 2*32 KB assoc: 2*8
DCACHE: hits:44930 misses:21890 writebacks:21692  Hit Ratio: 67.24%
SCACHE: size: 512 KB assoc: 2
SCACHE: hits:15 misses:22090  Hit Ratio: 0.07%
3CACHE: size: 4096 KB assoc: 2
3CACHE: hits:0 misses:22088  Hit Ratio: 0.00%
3CACHE: dirty items replaced:0
ITLB: size: 48, misses 18, miss rate 0.03%
DTLB: size: 128, misses 5454, miss rate 8.16%
Avg mem delay: 54.903 cycles
----------------------------------------
==== Statistics for Master ID: 3 ====
Reads: 126769   Writes: 42890
ICACHE: size: 64 KB assoc: 2
ICACHE: hits:77795 misses:1502  Hit Ratio: 98.11%
DCACHE: size: 1*32 KB assoc: 1*8
DCACHE: hits:87910 misses:2451 writebacks:1903  Hit Ratio: 97.29%
SCACHE: size: 512 KB assoc: 2
SCACHE: hits:666 misses:3287  Hit Ratio: 16.85%
3CACHE: size: 4096 KB assoc: 2
3CACHE: hits:40 misses:3247  Hit Ratio: 1.22%
3CACHE: dirty items replaced:0
ITLB: size: 48, misses 109, miss rate 0.14%
DTLB: size: 128, misses 266, miss rate 0.29%
Avg mem delay: 54.903 cycles
----------------------------------------
==== Global Resource Utilization ====
STASH: size: 65536 entries, full 92832363, empty 7114049, misses 836817, full rate 92.11
icache bank util. 0.040 0.025 0.025 0.016 0.022 0.021 0.026 0.045 
dcache bank util. 0.017 0.019 0.055 0.029 0.019 0.015 0.197 0.025 
L2 bank util. 0.009 0.009 0.009 0.008 0.009 0.008 0.270 0.009 
L1-L2 bus util. = 0.161, L3 util. = 0.271
----------------------------------------

======================== 切片硬件状态 ========================
切片号 | 所属安全域 | 当前状态    | 路扩展 | LRU touched
------------------------------------------------------------------
  0    |   域0      | 正常运行   |  否   |  999970
  1    |   域3      | 正常运行   |  否   |  999938
  2    |   域2      | 正常运行   |  是   |  999971
  3    |   域2      | 正常运行   |  是   |  999970
==================================================================

branch prediction, hits = 40734, misses = 7970, hit rate = 83.64%
return_stack prediction, hits = 9986, misses = 35, hit rate = 99.65%
jump prediction, hits = 49135, misses = 10450, hit rate = 82.46%

======================== 切片硬件状态 ========================
切片号 | 所属安全域 | 当前状态    | 路扩展 | LRU touched
------------------------------------------------------------------
  0    |   域0      | 正常运行   |  否   |  32199977
  1    |   域3      | 正常运行   |  否   |  32199982
  2    |   域2      | 正常运行   |  是   |  32197064
  3    |   域2      | 正常运行   |  是   |  32199984
==================================================================

[动态重分配] 周期32200000：预约迁移 冗余域2(12%) -> 切片2 -> 饥饿域3(31%)
[切片剥夺] 周期32200000：切片2（所属域2）进入待剥夺状态，禁止新替换
[切片剥夺] 周期32200000：切片2在途请求已清空，开始执行脏行写回
[切片管理] 周期32209869：原域2仅剩1个切片，关闭路扩展模式
[动态重分配] 周期32209869：切片2写回完成，自动绑定到域3
[切片管理] 成功绑定切片2 → 安全域3，触发【路扩展模式】

======================== 切片硬件状态 ========================
切片号 | 所属安全域 | 当前状态    | 路扩展 | LRU touched
------------------------------------------------------------------
  0    |   域0      | 正常运行   |  否   |  32209855
  1    |   域3      | 正常运行   |  是   |  32209865
  2    |   域3      | 正常运行   |  是   |  32209869
  3    |   域2      | 正常运行   |  否   |  32209855
==================================================================


======================== 切片硬件状态 ========================
切片号 | 所属安全域 | 当前状态    | 路扩展 | LRU touched
------------------------------------------------------------------
  0    |   域0      | 正常运行   |  否   |  39399990
  1    |   域3      | 正常运行   |  是   |  39399994
  2    |   域3      | 正常运行   |  是   |  39399994
  3    |   域2      | 正常运行   |  否   |  39399992
==================================================================

[动态重分配] 周期39400000：预约迁移 冗余域3(2%) -> 切片1 -> 饥饿域0(25%)
[切片剥夺] 周期39400000：切片1（所属域3）进入待剥夺状态，禁止新替换
[切片剥夺] 周期39400000：切片1在途请求已清空，开始执行脏行写回
[切片管理] 周期39400296：原域3仅剩1个切片，关闭路扩展模式
[动态重分配] 周期39400296：切片1写回完成，自动绑定到域0
[切片管理] 成功绑定切片1 → 安全域0，触发【路扩展模式】

======================== 切片硬件状态 ========================
切片号 | 所属安全域 | 当前状态    | 路扩展 | LRU touched
------------------------------------------------------------------
  0    |   域0      | 正常运行   |  是   |  39400292
  1    |   域0      | 正常运行   |  是   |  39400296
  2    |   域3      | 正常运行   |  否   |  39400290
  3    |   域2      | 正常运行   |  否   |  39400010
==================================================================


======================== 切片硬件状态 ========================
切片号 | 所属安全域 | 当前状态    | 路扩展 | LRU touched
------------------------------------------------------------------
  0    |   域0      | 正常运行   |  是   |  41199932
  1    |   域0      | 正常运行   |  是   |  41199929
  2    |   域3      | 正常运行   |  否   |  41199930
  3    |   域2      | 正常运行   |  否   |  41199937
==================================================================

[动态重分配] 周期41200000：预约迁移 冗余域0(1%) -> 切片0 -> 饥饿域2(12%)
[切片剥夺] 周期41200000：切片0（所属域0）进入待剥夺状态，禁止新替换
[切片剥夺] 周期41200000：切片0在途请求已清空，开始执行脏行写回
[切片管理] 周期41200235：原域0仅剩1个切片，关闭路扩展模式
[动态重分配] 周期41200235：切片0写回完成，自动绑定到域2
[切片管理] 成功绑定切片0 → 安全域2，触发【路扩展模式】

======================== 切片硬件状态 ========================
切片号 | 所属安全域 | 当前状态    | 路扩展 | LRU touched
------------------------------------------------------------------
  0    |   域2      | 正常运行   |  是   |  41200235
  1    |   域0      | 正常运行   |  否   |  41200039
  2    |   域3      | 正常运行   |  否   |  41200007
  3    |   域2      | 正常运行   |  是   |  41200215
==================================================================


======================== 切片硬件状态 ========================
切片号 | 所属安全域 | 当前状态    | 路扩展 | LRU touched
------------------------------------------------------------------
  0    |   域2      | 正常运行   |  是   |  65299952
  1    |   域0      | 正常运行   |  否   |  65299959
  2    |   域3      | 正常运行   |  否   |  65299961
  3    |   域2      | 正常运行   |  是   |  65293825
==================================================================

[动态重分配] 周期65300000：预约迁移 冗余域2(12%) -> 切片0 -> 饥饿域0(27%)
[切片剥夺] 周期65300000：切片0（所属域2）进入待剥夺状态，禁止新替换
[切片剥夺] 周期65300208：切片0在途请求已清空，开始执行脏行写回
[切片管理] 周期65316366：原域2仅剩1个切片，关闭路扩展模式
[动态重分配] 周期65316366：切片0写回完成，自动绑定到域0
[切片管理] 成功绑定切片0 → 安全域0，触发【路扩展模式】

======================== 切片硬件状态 ========================
切片号 | 所属安全域 | 当前状态    | 路扩展 | LRU touched
------------------------------------------------------------------
  0    |   域0      | 正常运行   |  是   |  65316366
  1    |   域0      | 正常运行   |  是   |  65316352
  2    |   域3      | 正常运行   |  否   |  65316340
  3    |   域2      | 正常运行   |  否   |  65316357
==================================================================


======================== 切片硬件状态 ========================
切片号 | 所属安全域 | 当前状态    | 路扩展 | LRU touched
------------------------------------------------------------------
  0    |   域0      | 正常运行   |  是   |  66399996
  1    |   域0      | 正常运行   |  是   |  66399998
  2    |   域3      | 正常运行   |  否   |  66399997
  3    |   域2      | 正常运行   |  否   |  66399999
==================================================================

[动态重分配] 周期66400000：预约迁移 冗余域0(1%) -> 切片1 -> 饥饿域2(12%)
[切片剥夺] 周期66400000：切片1（所属域0）进入待剥夺状态，禁止新替换
[切片剥夺] 周期66400000：切片1在途请求已清空，开始执行脏行写回
[切片管理] 周期66400167：原域0仅剩1个切片，关闭路扩展模式
[动态重分配] 周期66400167：切片1写回完成，自动绑定到域2
[切片管理] 成功绑定切片1 → 安全域2，触发【路扩展模式】

======================== 切片硬件状态 ========================
切片号 | 所属安全域 | 当前状态    | 路扩展 | LRU touched
------------------------------------------------------------------
  0    |   域0      | 正常运行   |  否   |  66400030
  1    |   域2      | 正常运行   |  是   |  66400167
  2    |   域3      | 正常运行   |  否   |  66400162
  3    |   域2      | 正常运行   |  是   |  66400167
==================================================================


======================== 切片硬件状态 ========================
切片号 | 所属安全域 | 当前状态    | 路扩展 | LRU touched
------------------------------------------------------------------
  0    |   域0      | 正常运行   |  否   |  73799996
  1    |   域2      | 正常运行   |  是   |  73799983
  2    |   域3      | 正常运行   |  否   |  73799997
  3    |   域2      | 正常运行   |  是   |  73780028
==================================================================

[动态重分配] 周期73800000：预约迁移 冗余域2(12%) -> 切片1 -> 饥饿域0(41%)
[切片剥夺] 周期73800000：切片1（所属域2）进入待剥夺状态，禁止新替换
[切片剥夺] 周期73800172：切片1在途请求已清空，开始执行脏行写回
[切片管理] 周期73820662：原域2仅剩1个切片，关闭路扩展模式
[动态重分配] 周期73820662：切片1写回完成，自动绑定到域0
[切片管理] 成功绑定切片1 → 安全域0，触发【路扩展模式】

======================== 切片硬件状态 ========================
切片号 | 所属安全域 | 当前状态    | 路扩展 | LRU touched
------------------------------------------------------------------
  0    |   域0      | 正常运行   |  是   |  73820662
  1    |   域0      | 正常运行   |  是   |  73820662
  2    |   域3      | 正常运行   |  否   |  73820662
  3    |   域2      | 正常运行   |  否   |  73820659
==================================================================


======================== 切片硬件状态 ========================
切片号 | 所属安全域 | 当前状态    | 路扩展 | LRU touched
------------------------------------------------------------------
  0    |   域0      | 正常运行   |  是   |  73899988
  1    |   域0      | 正常运行   |  是   |  73899993
  2    |   域3      | 正常运行   |  否   |  73899994
  3    |   域2      | 正常运行   |  否   |  73899975
==================================================================

[动态重分配] 周期73900000：预约迁移 冗余域0(1%) -> 切片0 -> 饥饿域2(12%)
[切片剥夺] 周期73900000：切片0（所属域0）进入待剥夺状态，禁止新替换
[切片剥夺] 周期73900000：切片0在途请求已清空，开始执行脏行写回
[切片管理] 周期73900149：原域0仅剩1个切片，关闭路扩展模式
[动态重分配] 周期73900149：切片0写回完成，自动绑定到域2
[切片管理] 成功绑定切片0 → 安全域2，触发【路扩展模式】

======================== 切片硬件状态 ========================
切片号 | 所属安全域 | 当前状态    | 路扩展 | LRU touched
------------------------------------------------------------------
  0    |   域2      | 正常运行   |  是   |  73900149
  1    |   域0      | 正常运行   |  否   |  73900148
  2    |   域3      | 正常运行   |  否   |  73900145
  3    |   域2      | 正常运行   |  是   |  73900145
==================================================================


**** Debug Statistics at 101000000 Cycles *****
Threads: 4		Fetch Width: 8
No of useful instructions fetched:	113570698 (14.06% proc util.)
No of total instructions fetched:	131900890 (16.32% proc util.)
 includes 4643813 misfetch (3.5%), 13686379 (10.4%) wrong-path fetches
 and 0 flushed after failed lock(0.0%)
No of useful instructions issued/executed:	113570678 (14.06% proc util.)
No of total instructions issued/executed:	119321922 (14.77% proc util.)
 includes 5751244 wrong-path (4.8%) insts and 0 flushed (0.0%)
	fp 16399419, 13.74%
	synch 0, 0.00%
	integer 57272813, 48.00%
	load/store 45649690, 38.26%
Avg size of int IQ (before scheduling): 15.12
Avg size of fp IQ (before scheduling): 2.94
No of cycles taken:		101000000
Parallelism [ 0.370, 0.000, 0.268, 0.487,] = 1.124
 IQ conflicts: 97422 (0.10%), FQ conflicts: 0 (0.00%) 
 I reg conflicts: 76333178 (75.58%), FP reg conflicts: 3520577 (3.49%)
  Activelist confs: 54 (0.00%), ROB confs: 5985 (0.01%)
  Int unit conflicts: 5122547 (5.07%), FP unit conflicts: 66825 (0.07%)
  Load/store unit conflicts: 11783673 (11.67%)
  MSHR conflicts: 247728578 (245.28%)
----------------------------------------
==== System-wide Cache Statistics ====
Stall for miss queue full 1519 cycles (0.00%)
----------------------------------------
==== Statistics for Master ID: 0 ====
Reads: 26905102   Writes: 4860878
ICACHE: size: 64 KB assoc: 2
ICACHE: hits:15356800 misses:236474  Hit Ratio: 98.48%
DCACHE: size: 1*32 KB assoc: 1*8
DCACHE: hits:15991663 misses:181212 writebacks:55207  Hit Ratio: 98.88%
SCACHE: size: 512 KB assoc: 2
SCACHE: hits:218694 misses:198823  Hit Ratio: 52.38%
3CACHE: size: 4096 KB assoc: 2
3CACHE: hits:136511 misses:62312  Hit Ratio: 68.66%
3CACHE: dirty items replaced:5680
ITLB: size: 48, misses 8640, miss rate 0.06%
DTLB: size: 128, misses 17890, miss rate 0.11%
Avg mem delay: 10.135 cycles
----------------------------------------
==== Statistics for Master ID: 2 ====
Reads: 14544841   Writes: 4507655
ICACHE: size: 64 KB assoc: 2
ICACHE: hits:9851731 misses:646  Hit Ratio: 99.99%
DCACHE: size: 2*32 KB assoc: 2*8
DCACHE: hits:7935105 misses:1265782 writebacks:724180  Hit Ratio: 86.24%
SCACHE: size: 512 KB assoc: 2
SCACHE: hits:22 misses:1265638  Hit Ratio: 0.00%
3CACHE: size: 4096 KB assoc: 2
3CACHE: hits:6 misses:1265632  Hit Ratio: 0.00%
3CACHE: dirty items replaced:54861
ITLB: size: 48, misses 57, miss rate 0.00%
DTLB: size: 128, misses 63032, miss rate 0.69%
Avg mem delay: 10.135 cycles
----------------------------------------
==== Statistics for Master ID: 3 ====
Reads: 30863187   Writes: 5104716
ICACHE: size: 64 KB assoc: 2
ICACHE: hits:15721482 misses:7528  Hit Ratio: 99.95%
DCACHE: size: 1*32 KB assoc: 1*8
DCACHE: hits:19310589 misses:928395 writebacks:643001  Hit Ratio: 95.41%
SCACHE: size: 512 KB assoc: 2
SCACHE: hits:5319 misses:930512  Hit Ratio: 0.57%
3CACHE: size: 4096 KB assoc: 2
3CACHE: hits:78490 misses:852022  Hit Ratio: 8.44%
3CACHE: dirty items replaced:19067
ITLB: size: 48, misses 213, miss rate 0.00%
DTLB: size: 128, misses 18919, miss rate 0.09%
Avg mem delay: 10.135 cycles
----------------------------------------
==== Global Resource Utilization ====
STASH: size: 65536 entries, full 248100414, empty 10985321, misses 1184442, full rate 95.32
icache bank util. 0.035 0.039 0.037 0.040 0.043 0.146 0.038 0.037 
dcache bank util. 0.070 0.066 0.069 0.066 0.066 0.067 0.076 0.084 
L2 bank util. 0.030 0.031 0.031 0.031 0.031 0.030 0.038 0.045 
L1-L2 bus util. = 0.120, L3 util. = 0.216
----------------------------------------

======================== 切片硬件状态 ========================
切片号 | 所属安全域 | 当前状态    | 路扩展 | LRU touched
------------------------------------------------------------------
  0    |   域2      | 正常运行   |  是   |  100986122
  1    |   域0      | 正常运行   |  否   |  100999932
  2    |   域3      | 正常运行   |  否   |  100999932
  3    |   域2      | 正常运行   |  是   |  100999931
==================================================================

branch prediction, hits = 10367208, misses = 994959, hit rate = 91.24%
return_stack prediction, hits = 495450, misses = 148, hit rate = 99.97%
jump prediction, hits = 9521500, misses = 1275404, hit rate = 88.19%
 copy_parm_decls copy_decl_tree copy_rtx_and_substitute
======================== 切片硬件状态 ========================
切片号 | 所属安全域 | 当前状态    | 路扩展 | LRU touched
------------------------------------------------------------------
  0    |   域2      | 正常运行   |  是   |  133090697
  1    |   域0      | 正常运行   |  否   |  133099935
  2    |   域3      | 正常运行   |  否   |  133099861
  3    |   域2      | 正常运行   |  是   |  133099868
==================================================================

[动态重分配] 周期133100000：预约迁移 冗余域2(12%) -> 切片0 -> 饥饿域0(26%)
[切片剥夺] 周期133100000：切片0（所属域2）进入待剥夺状态，禁止新替换
[切片剥夺] 周期133100000：切片0在途请求已清空，开始执行脏行写回
[切片管理] 周期133120140：原域2仅剩1个切片，关闭路扩展模式
[动态重分配] 周期133120140：切片0写回完成，自动绑定到域0
[切片管理] 成功绑定切片0 → 安全域0，触发【路扩展模式】

======================== 切片硬件状态 ========================
切片号 | 所属安全域 | 当前状态    | 路扩展 | LRU touched
------------------------------------------------------------------
  0    |   域0      | 正常运行   |  是   |  133120140
  1    |   域0      | 正常运行   |  是   |  133120045
  2    |   域3      | 正常运行   |  否   |  133120120
  3    |   域2      | 正常运行   |  否   |  133120128
==================================================================


======================== 切片硬件状态 ========================
切片号 | 所属安全域 | 当前状态    | 路扩展 | LRU touched
------------------------------------------------------------------
  0    |   域0      | 正常运行   |  是   |  134599995
  1    |   域0      | 正常运行   |  是   |  134599989
  2    |   域3      | 正常运行   |  否   |  134599997
  3    |   域2      | 正常运行   |  否   |  134599991
==================================================================

[动态重分配] 周期134600000：预约迁移 冗余域0(1%) -> 切片0 -> 饥饿域2(12%)
[切片剥夺] 周期134600000：切片0（所属域0）进入待剥夺状态，禁止新替换
[切片剥夺] 周期134600000：切片0在途请求已清空，开始执行脏行写回
[切片管理] 周期134600170：原域0仅剩1个切片，关闭路扩展模式
[动态重分配] 周期134600170：切片0写回完成，自动绑定到域2
[切片管理] 成功绑定切片0 → 安全域2，触发【路扩展模式】

======================== 切片硬件状态 ========================
切片号 | 所属安全域 | 当前状态    | 路扩展 | LRU touched
------------------------------------------------------------------
  0    |   域2      | 正常运行   |  是   |  134600170
  1    |   域0      | 正常运行   |  否   |  134600166
  2    |   域3      | 正常运行   |  否   |  134600166
  3    |   域2      | 正常运行   |  是   |  134600170
==================================================================


======================== 切片硬件状态 ========================
切片号 | 所属安全域 | 当前状态    | 路扩展 | LRU touched
------------------------------------------------------------------
  0    |   域2      | 正常运行   |  是   |  197099982
  1    |   域0      | 正常运行   |  否   |  197099991
  2    |   域3      | 正常运行   |  否   |  197099981
  3    |   域2      | 正常运行   |  是   |  197099991
==================================================================

[动态重分配] 周期197100000：预约迁移 冗余域2(1%) -> 切片0 -> 饥饿域0(25%)
[切片剥夺] 周期197100000：切片0（所属域2）进入待剥夺状态，禁止新替换
[切片剥夺] 周期197100116：切片0在途请求已清空，开始执行脏行写回
[切片管理] 周期197125858：原域2仅剩1个切片，关闭路扩展模式
[动态重分配] 周期197125858：切片0写回完成，自动绑定到域0
[切片管理] 成功绑定切片0 → 安全域0，触发【路扩展模式】

======================== 切片硬件状态 ========================
切片号 | 所属安全域 | 当前状态    | 路扩展 | LRU touched
------------------------------------------------------------------
  0    |   域0      | 正常运行   |  是   |  197125858
  1    |   域0      | 正常运行   |  是   |  197125858
  2    |   域3      | 正常运行   |  否   |  197125858
  3    |   域2      | 正常运行   |  否   |  197125858
==================================================================


**** Debug Statistics at 201000000 Cycles *****
Threads: 4		Fetch Width: 8
No of useful instructions fetched:	292716450 (18.20% proc util.)
No of total instructions fetched:	340288771 (21.16% proc util.)
 includes 8004830 misfetch (2.4%), 39567491 (11.6%) wrong-path fetches
 and 0 flushed after failed lock(0.0%)
No of useful instructions issued/executed:	292716422 (18.20% proc util.)
No of total instructions issued/executed:	311238406 (19.36% proc util.)
 includes 18521984 wrong-path (6.0%) insts and 0 flushed (0.0%)
	fp 48245191, 15.50%
	synch 0, 0.00%
	integer 150449629, 48.34%
	load/store 112543586, 36.16%
Avg size of int IQ (before scheduling): 13.77
Avg size of fp IQ (before scheduling): 4.14
No of cycles taken:		201000000
Parallelism [ 0.429, 0.000, 0.408, 0.619,] = 1.456
 IQ conflicts: 256092 (0.13%), FQ conflicts: 0 (0.00%) 
 I reg conflicts: 108163505 (53.81%), FP reg conflicts: 36731522 (18.27%)
  Activelist confs: 54 (0.00%), ROB confs: 9876 (0.00%)
  Int unit conflicts: 20155497 (10.03%), FP unit conflicts: 202522 (0.10%)
  Load/store unit conflicts: 22224944 (11.06%)
  MSHR conflicts: 323835205 (161.11%)
----------------------------------------
==== System-wide Cache Statistics ====
Stall for miss queue full 2573 cycles (0.00%)
----------------------------------------
==== Statistics for Master ID: 0 ====
Reads: 63858179   Writes: 11049846
ICACHE: size: 64 KB assoc: 2
ICACHE: hits:36803008 misses:513026  Hit Ratio: 98.63%
DCACHE: size: 2*32 KB assoc: 2*8
DCACHE: hits:37137491 misses:454722 writebacks:117910  Hit Ratio: 98.79%
SCACHE: size: 512 KB assoc: 2
SCACHE: hits:496898 misses:470627  Hit Ratio: 51.36%
3CACHE: size: 4096 KB assoc: 2
3CACHE: hits:308967 misses:161660  Hit Ratio: 65.65%
3CACHE: dirty items replaced:17770
ITLB: size: 48, misses 31465, miss rate 0.08%
DTLB: size: 128, misses 47206, miss rate 0.13%
Avg mem delay: 6.836 cycles
----------------------------------------
==== Statistics for Master ID: 2 ====
Reads: 45521901   Writes: 9595976
ICACHE: size: 64 KB assoc: 2
ICACHE: hits:30318877 misses:3182  Hit Ratio: 99.99%
DCACHE: size: 1*32 KB assoc: 1*8
DCACHE: hits:22738649 misses:2058464 writebacks:1094981  Hit Ratio: 91.70%
SCACHE: size: 512 KB assoc: 2
SCACHE: hits:49367 misses:2010984  Hit Ratio: 2.40%
3CACHE: size: 4096 KB assoc: 2
3CACHE: hits:70205 misses:1940778  Hit Ratio: 3.49%
3CACHE: dirty items replaced:106918
ITLB: size: 48, misses 176, miss rate 0.00%
DTLB: size: 128, misses 91477, miss rate 0.37%
Avg mem delay: 6.836 cycles
----------------------------------------
==== Statistics for Master ID: 3 ====
Reads: 85749126   Writes: 6131306
ICACHE: size: 64 KB assoc: 2
ICACHE: hits:41786170 misses:10871  Hit Ratio: 99.97%
DCACHE: size: 1*32 KB assoc: 1*8
DCACHE: hits:48497011 misses:1586471 writebacks:773392  Hit Ratio: 96.83%
SCACHE: size: 512 KB assoc: 2
SCACHE: hits:22724 misses:1574526  Hit Ratio: 1.42%
3CACHE: size: 4096 KB assoc: 2
3CACHE: hits:269866 misses:1304659  Hit Ratio: 17.14%
3CACHE: dirty items replaced:58992
ITLB: size: 48, misses 213, miss rate 0.00%
DTLB: size: 128, misses 29471, miss rate 0.06%
Avg mem delay: 6.836 cycles
----------------------------------------
==== Global Resource Utilization ====
STASH: size: 65536 entries, full 507254027, empty 15737186, misses 1603198, full rate 96.69
icache bank util. 0.057 0.058 0.056 0.061 0.063 0.141 0.058 0.058 
dcache bank util. 0.078 0.079 0.081 0.079 0.085 0.076 0.088 0.086 
L2 bank util. 0.027 0.027 0.027 0.027 0.027 0.026 0.030 0.034 
L1-L2 bus util. = 0.099, L3 util. = 0.170
----------------------------------------

======================== 切片硬件状态 ========================
切片号 | 所属安全域 | 当前状态    | 路扩展 | LRU touched
------------------------------------------------------------------
  0    |   域0      | 正常运行   |  是   |  200999987
  1    |   域0      | 正常运行   |  是   |  200999997
  2    |   域3      | 正常运行   |  否   |  200999993
  3    |   域2      | 正常运行   |  否   |  200999998
==================================================================

branch prediction, hits = 21616339, misses = 2308455, hit rate = 90.35%
return_stack prediction, hits = 1281143, misses = 1418, hit rate = 99.89%
jump prediction, hits = 21103102, misses = 2361609, hit rate = 89.94%
 copy_address
======================== 切片硬件状态 ========================
切片号 | 所属安全域 | 当前状态    | 路扩展 | LRU touched
------------------------------------------------------------------
  0    |   域0      | 正常运行   |  是   |  245199931
  1    |   域0      | 正常运行   |  是   |  245199927
  2    |   域3      | 正常运行   |  否   |  245199985
  3    |   域2      | 正常运行   |  否   |  245199985
==================================================================

[动态重分配] 周期245200000：预约迁移 冗余域0(0%) -> 切片0 -> 饥饿域3(31%)
[切片剥夺] 周期245200000：切片0（所属域0）进入待剥夺状态，禁止新替换
[切片剥夺] 周期245200284：切片0在途请求已清空，开始执行脏行写回
[切片管理] 周期245207738：原域0仅剩1个切片，关闭路扩展模式
[动态重分配] 周期245207738：切片0写回完成，自动绑定到域3
[切片管理] 成功绑定切片0 → 安全域3，触发【路扩展模式】

======================== 切片硬件状态 ========================
切片号 | 所属安全域 | 当前状态    | 路扩展 | LRU touched
------------------------------------------------------------------
  0    |   域3      | 正常运行   |  是   |  245207738
  1    |   域0      | 正常运行   |  否   |  245207723
  2    |   域3      | 正常运行   |  是   |  245207723
  3    |   域2      | 正常运行   |  否   |  245207722
==================================================================


======================== 切片硬件状态 ========================
切片号 | 所属安全域 | 当前状态    | 路扩展 | LRU touched
------------------------------------------------------------------
  0    |   域3      | 正常运行   |  是   |  299499995
  1    |   域0      | 正常运行   |  否   |  299499963
  2    |   域3      | 正常运行   |  是   |  299499995
  3    |   域2      | 正常运行   |  否   |  299499994
==================================================================

[动态重分配] 周期299500000：预约迁移 冗余域3(5%) -> 切片0 -> 饥饿域0(25%)
[切片剥夺] 周期299500000：切片0（所属域3）进入待剥夺状态，禁止新替换
[切片剥夺] 周期299500260：切片0在途请求已清空，开始执行脏行写回
[切片管理] 周期299500382：原域3仅剩1个切片，关闭路扩展模式
[动态重分配] 周期299500382：切片0写回完成，自动绑定到域0
[切片管理] 成功绑定切片0 → 安全域0，触发【路扩展模式】

======================== 切片硬件状态 ========================
切片号 | 所属安全域 | 当前状态    | 路扩展 | LRU touched
------------------------------------------------------------------
  0    |   域0      | 正常运行   |  是   |  299500382
  1    |   域0      | 正常运行   |  是   |  299500220
  2    |   域3      | 正常运行   |  否   |  299500382
  3    |   域2      | 正常运行   |  否   |  299500382
==================================================================


**** Debug Statistics at 301000000 Cycles *****
Threads: 4		Fetch Width: 8
No of useful instructions fetched:	557335420 (23.15% proc util.)
No of total instructions fetched:	696862789 (28.94% proc util.)
 includes 16824750 misfetch (2.4%), 122702619 (17.6%) wrong-path fetches
 and 0 flushed after failed lock(0.0%)
No of useful instructions issued/executed:	557335355 (23.15% proc util.)
No of total instructions issued/executed:	616615127 (25.61% proc util.)
 includes 59279772 wrong-path (9.6%) insts and 0 flushed (0.0%)
	fp 78307483, 12.70%
	synch 0, 0.00%
	integer 325458840, 52.78%
	load/store 212848804, 34.52%
Avg size of int IQ (before scheduling): 15.86
Avg size of fp IQ (before scheduling): 8.89
No of cycles taken:		301000000
Parallelism [ 0.560, 0.000, 0.670, 0.621,] = 1.852
 IQ conflicts: 2680920 (0.89%), FQ conflicts: 2842860 (0.94%) 
 I reg conflicts: 119517228 (39.71%), FP reg conflicts: 64129805 (21.31%)
  Activelist confs: 164 (0.00%), ROB confs: 31362 (0.01%)
  Int unit conflicts: 96531981 (32.07%), FP unit conflicts: 546941 (0.18%)
  Load/store unit conflicts: 40829978 (13.56%)
  MSHR conflicts: 377081067 (125.28%)
----------------------------------------
==== System-wide Cache Statistics ====
Stall for miss queue full 3093 cycles (0.00%)
----------------------------------------
==== Statistics for Master ID: 0 ====
Reads: 135676862   Writes: 23433586
ICACHE: size: 64 KB assoc: 2
ICACHE: hits:77913550 misses:919573  Hit Ratio: 98.83%
DCACHE: size: 2*32 KB assoc: 2*8
DCACHE: hits:79399798 misses:877999 writebacks:229926  Hit Ratio: 98.91%
SCACHE: size: 512 KB assoc: 2
SCACHE: hits:973435 misses:823665  Hit Ratio: 54.17%
3CACHE: size: 4096 KB assoc: 2
3CACHE: hits:550412 misses:273253  Hit Ratio: 66.82%
3CACHE: dirty items replaced:49482
ITLB: size: 48, misses 44772, miss rate 0.06%
DTLB: size: 128, misses 102247, miss rate 0.13%
Avg mem delay: 4.923 cycles
----------------------------------------
==== Statistics for Master ID: 2 ====
Reads: 114627077   Writes: 19388888
ICACHE: size: 64 KB assoc: 2
ICACHE: hits:73433610 misses:9186  Hit Ratio: 99.99%
DCACHE: size: 1*32 KB assoc: 1*8
DCACHE: hits:57772217 misses:2802247 writebacks:1417314  Hit Ratio: 95.37%
SCACHE: size: 512 KB assoc: 2
SCACHE: hits:598752 misses:2211386  Hit Ratio: 21.31%
3CACHE: size: 4096 KB assoc: 2
3CACHE: hits:222830 misses:1988556  Hit Ratio: 10.08%
3CACHE: dirty items replaced:117767
ITLB: size: 48, misses 380, miss rate 0.00%
DTLB: size: 128, misses 100574, miss rate 0.17%
Avg mem delay: 4.923 cycles
----------------------------------------
==== Statistics for Master ID: 3 ====
Reads: 131369439   Writes: 7391675
ICACHE: size: 64 KB assoc: 2
ICACHE: hits:66949007 misses:18971  Hit Ratio: 99.97%
DCACHE: size: 1*32 KB assoc: 1*8
DCACHE: hits:69402220 misses:2391044 writebacks:879702  Hit Ratio: 96.67%
SCACHE: size: 512 KB assoc: 2
SCACHE: hits:57970 misses:2351916  Hit Ratio: 2.41%
3CACHE: size: 4096 KB assoc: 2
3CACHE: hits:425997 misses:1925919  Hit Ratio: 18.11%
3CACHE: dirty items replaced:152904
ITLB: size: 48, misses 253, miss rate 0.00%
DTLB: size: 128, misses 46452, miss rate 0.06%
Avg mem delay: 4.923 cycles
----------------------------------------
==== Global Resource Utilization ====
STASH: size: 65536 entries, full 919554754, empty 23047476, misses 2258248, full rate 97.32
icache bank util. 0.079 0.075 0.072 0.082 0.091 0.155 0.094 0.089 
dcache bank util. 0.089 0.099 0.103 0.098 0.112 0.085 0.111 0.095 
L2 bank util. 0.026 0.026 0.026 0.026 0.026 0.025 0.028 0.031 
L1-L2 bus util. = 0.095, L3 util. = 0.139
----------------------------------------

======================== 切片硬件状态 ========================
切片号 | 所属安全域 | 当前状态    | 路扩展 | LRU touched
------------------------------------------------------------------
  0    |   域0      | 正常运行   |  是   |  300999934
  1    |   域0      | 正常运行   |  是   |  300999936
  2    |   域3      | 正常运行   |  否   |  300999937
  3    |   域2      | 正常运行   |  否   |  300999940
==================================================================

branch prediction, hits = 38342373, misses = 5082617, hit rate = 88.30%
return_stack prediction, hits = 3229959, misses = 1970, hit rate = 99.94%
jump prediction, hits = 39759115, misses = 4721426, hit rate = 89.39%

======================== 切片硬件状态 ========================
切片号 | 所属安全域 | 当前状态    | 路扩展 | LRU touched
------------------------------------------------------------------
  0    |   域0      | 正常运行   |  是   |  321799921
  1    |   域0      | 正常运行   |  是   |  321799920
  2    |   域3      | 正常运行   |  否   |  321799921
  3    |   域2      | 正常运行   |  否   |  321799907
==================================================================

[动态重分配] 周期321800000：预约迁移 冗余域0(0%) -> 切片0 -> 饥饿域3(31%)
[切片剥夺] 周期321800000：切片0（所属域0）进入待剥夺状态，禁止新替换
[切片剥夺] 周期321800000：切片0在途请求已清空，开始执行脏行写回
[切片管理] 周期321808018：原域0仅剩1个切片，关闭路扩展模式
[动态重分配] 周期321808018：切片0写回完成，自动绑定到域3
[切片管理] 成功绑定切片0 → 安全域3，触发【路扩展模式】

======================== 切片硬件状态 ========================
切片号 | 所属安全域 | 当前状态    | 路扩展 | LRU touched
------------------------------------------------------------------
  0    |   域3      | 正常运行   |  是   |  321808018
  1    |   域0      | 正常运行   |  否   |  321808017
  2    |   域3      | 正常运行   |  是   |  321808017
  3    |   域2      | 正常运行   |  否   |  321808014
==================================================================


======================== 切片硬件状态 ========================
切片号 | 所属安全域 | 当前状态    | 路扩展 | LRU touched
------------------------------------------------------------------
  0    |   域3      | 正常运行   |  是   |  322999994
  1    |   域0      | 正常运行   |  否   |  322999995
  2    |   域3      | 正常运行   |  是   |  322999993
  3    |   域2      | 正常运行   |  否   |  322999998
==================================================================

[动态重分配] 周期323000000：预约迁移 冗余域3(6%) -> 切片0 -> 饥饿域0(21%)
[切片剥夺] 周期323000000：切片0（所属域3）进入待剥夺状态，禁止新替换
[切片剥夺] 周期323000148：切片0在途请求已清空，开始执行脏行写回
[切片管理] 周期323000261：原域3仅剩1个切片，关闭路扩展模式
[动态重分配] 周期323000261：切片0写回完成，自动绑定到域0
[切片管理] 成功绑定切片0 → 安全域0，触发【路扩展模式】

======================== 切片硬件状态 ========================
切片号 | 所属安全域 | 当前状态    | 路扩展 | LRU touched
------------------------------------------------------------------
  0    |   域0      | 正常运行   |  是   |  323000261
  1    |   域0      | 正常运行   |  是   |  323000032
  2    |   域3      | 正常运行   |  否   |  323000026
  3    |   域2      | 正常运行   |  否   |  323000053
==================================================================


======================== 切片硬件状态 ========================
切片号 | 所属安全域 | 当前状态    | 路扩展 | LRU touched
------------------------------------------------------------------
  0    |   域0      | 正常运行   |  是   |  329599898
  1    |   域0      | 正常运行   |  是   |  329599865
  2    |   域3      | 正常运行   |  否   |  329599931
  3    |   域2      | 正常运行   |  否   |  329599918
==================================================================

[动态重分配] 周期329600000：预约迁移 冗余域0(0%) -> 切片0 -> 饥饿域3(13%)
[切片剥夺] 周期329600000：切片0（所属域0）进入待剥夺状态，禁止新替换
[切片剥夺] 周期329600000：切片0在途请求已清空，开始执行脏行写回
[切片管理] 周期329606101：原域0仅剩1个切片，关闭路扩展模式
[动态重分配] 周期329606101：切片0写回完成，自动绑定到域3
[切片管理] 成功绑定切片0 → 安全域3，触发【路扩展模式】

======================== 切片硬件状态 ========================
切片号 | 所属安全域 | 当前状态    | 路扩展 | LRU touched
------------------------------------------------------------------
  0    |   域3      | 正常运行   |  是   |  329606101
  1    |   域0      | 正常运行   |  否   |  329606098
  2    |   域3      | 正常运行   |  是   |  329606100
  3    |   域2      | 正常运行   |  否   |  329606101
==================================================================


**** Debug Statistics at 401000000 Cycles *****
Threads: 4		Fetch Width: 8
No of useful instructions fetched:	817251555 (25.48% proc util.)
No of total instructions fetched:	1022312674 (31.87% proc util.)
 includes 26560724 misfetch (2.6%), 178500395 (17.5%) wrong-path fetches
 and 0 flushed after failed lock(0.0%)
No of useful instructions issued/executed:	817251542 (25.48% proc util.)
No of total instructions issued/executed:	903144612 (28.15% proc util.)
 includes 85893070 wrong-path (9.5%) insts and 0 flushed (0.0%)
	fp 117761198, 13.04%
	synch 0, 0.00%
	integer 476245226, 52.73%
	load/store 309138188, 34.23%
Avg size of int IQ (before scheduling): 16.47
Avg size of fp IQ (before scheduling): 9.02
No of cycles taken:		401000000
Parallelism [ 0.597, 0.000, 0.746, 0.695,] = 2.038
 IQ conflicts: 5098668 (1.27%), FQ conflicts: 2842876 (0.71%) 
 I reg conflicts: 129922741 (32.40%), FP reg conflicts: 99470727 (24.81%)
  Activelist confs: 526 (0.00%), ROB confs: 140004 (0.03%)
  Int unit conflicts: 142986087 (35.66%), FP unit conflicts: 1657940 (0.41%)
  Load/store unit conflicts: 58084273 (14.48%)
  MSHR conflicts: 456805399 (113.92%)
----------------------------------------
==== System-wide Cache Statistics ====
Stall for miss queue full 4020 cycles (0.00%)
----------------------------------------
==== Statistics for Master ID: 0 ====
Reads: 195054028   Writes: 34636847
ICACHE: size: 64 KB assoc: 2
ICACHE: hits:113661585 misses:1348876  Hit Ratio: 98.83%
DCACHE: size: 1*32 KB assoc: 1*8
DCACHE: hits:112925499 misses:1755856 writebacks:653121  Hit Ratio: 98.47%
SCACHE: size: 512 KB assoc: 2
SCACHE: hits:1868943 misses:1234848  Hit Ratio: 60.21%
3CACHE: size: 4096 KB assoc: 2
3CACHE: hits:883513 misses:351335  Hit Ratio: 71.55%
3CACHE: dirty items replaced:79805
ITLB: size: 48, misses 45714, miss rate 0.04%
DTLB: size: 128, misses 151543, miss rate 0.13%
Avg mem delay: 4.498 cycles
----------------------------------------
==== Statistics for Master ID: 2 ====
Reads: 167805555   Writes: 26312592
ICACHE: size: 64 KB assoc: 2
ICACHE: hits:107324903 misses:15256  Hit Ratio: 99.99%
DCACHE: size: 1*32 KB assoc: 1*8
DCACHE: hits:83471912 misses:3307371 writebacks:1653802  Hit Ratio: 96.19%
SCACHE: size: 512 KB assoc: 2
SCACHE: hits:863987 misses:2457345  Hit Ratio: 26.01%
3CACHE: size: 4096 KB assoc: 2
3CACHE: hits:413197 misses:2044148  Hit Ratio: 16.81%
3CACHE: dirty items replaced:139274
ITLB: size: 48, misses 554, miss rate 0.00%
DTLB: size: 128, misses 113971, miss rate 0.13%
Avg mem delay: 4.498 cycles
----------------------------------------
==== Statistics for Master ID: 3 ====
Reads: 194473747   Writes: 11317712
ICACHE: size: 64 KB assoc: 2
ICACHE: hits:98447692 misses:30805  Hit Ratio: 99.97%
DCACHE: size: 2*32 KB assoc: 2*8
DCACHE: hits:103657524 misses:3655600 writebacks:1407122  Hit Ratio: 96.59%
SCACHE: size: 512 KB assoc: 2
SCACHE: hits:268604 misses:3417638  Hit Ratio: 7.29%
3CACHE: size: 4096 KB assoc: 2
3CACHE: hits:749361 misses:2668277  Hit Ratio: 21.93%
3CACHE: dirty items replaced:330998
ITLB: size: 48, misses 532, miss rate 0.00%
DTLB: size: 128, misses 72660, miss rate 0.07%
Avg mem delay: 4.498 cycles
----------------------------------------
==== Global Resource Utilization ====
STASH: size: 65536 entries, full 1302419341, empty 30136131, misses 2898440, full rate 97.53
icache bank util. 0.091 0.084 0.081 0.089 0.107 0.158 0.102 0.099 
dcache bank util. 0.101 0.110 0.109 0.103 0.122 0.094 0.120 0.103 
L2 bank util. 0.027 0.028 0.028 0.028 0.027 0.027 0.029 0.031 
L1-L2 bus util. = 0.103, L3 util. = 0.126
----------------------------------------

======================== 切片硬件状态 ========================
切片号 | 所属安全域 | 当前状态    | 路扩展 | LRU touched
------------------------------------------------------------------
  0    |   域3      | 正常运行   |  是   |  400999910
  1    |   域0      | 正常运行   |  否   |  400999909
  2    |   域3      | 正常运行   |  是   |  400999915
  3    |   域2      | 正常运行   |  否   |  400999915
==================================================================

branch prediction, hits = 53940380, misses = 7562517, hit rate = 87.70%
return_stack prediction, hits = 4562183, misses = 2137, hit rate = 99.95%
jump prediction, hits = 55224455, misses = 7270879, hit rate = 88.37%

======================== 切片硬件状态 ========================
切片号 | 所属安全域 | 当前状态    | 路扩展 | LRU touched
------------------------------------------------------------------
  0    |   域3      | 正常运行   |  是   |  454499874
  1    |   域0      | 正常运行   |  否   |  454499888
  2    |   域3      | 正常运行   |  是   |  454499864
  3    |   域2      | 正常运行   |  否   |  454499823
==================================================================

[动态重分配] 周期454500000：预约迁移 冗余域3(2%) -> 切片0 -> 饥饿域0(14%)
[切片剥夺] 周期454500000：切片0（所属域3）进入待剥夺状态，禁止新替换
[切片剥夺] 周期454500084：切片0在途请求已清空，开始执行脏行写回
[切片管理] 周期454500377：原域3仅剩1个切片，关闭路扩展模式
[动态重分配] 周期454500377：切片0写回完成，自动绑定到域0
[切片管理] 成功绑定切片0 → 安全域0，触发【路扩展模式】

======================== 切片硬件状态 ========================
切片号 | 所属安全域 | 当前状态    | 路扩展 | LRU touched
------------------------------------------------------------------
  0    |   域0      | 正常运行   |  是   |  454500377
  1    |   域0      | 正常运行   |  是   |  454500073
  2    |   域3      | 正常运行   |  否   |  454500100
  3    |   域2      | 正常运行   |  否   |  454500082
==================================================================


**** Debug Statistics at 501000000 Cycles *****
Threads: 4		Fetch Width: 8
No of useful instructions fetched:	1034589817 (25.81% proc util.)
No of total instructions fetched:	1278953844 (31.91% proc util.)
 includes 30887265 misfetch (2.4%), 213476762 (16.7%) wrong-path fetches
 and 0 flushed after failed lock(0.0%)
No of useful instructions issued/executed:	1034589784 (25.81% proc util.)
No of total instructions issued/executed:	1138071729 (28.40% proc util.)
 includes 103481945 wrong-path (9.1%) insts and 0 flushed (0.0%)
	fp 154215201, 13.55%
	synch 0, 0.00%
	integer 591487784, 51.97%
	load/store 392368744, 34.48%
Avg size of int IQ (before scheduling): 15.48
Avg size of fp IQ (before scheduling): 8.42
No of cycles taken:		501000000
Parallelism [ 0.590, 0.000, 0.747, 0.728,] = 2.065
 IQ conflicts: 5804275 (1.16%), FQ conflicts: 2842876 (0.57%) 
 I reg conflicts: 133726915 (26.69%), FP reg conflicts: 152135283 (30.37%)
  Activelist confs: 670 (0.00%), ROB confs: 208882 (0.04%)
  Int unit conflicts: 172685582 (34.47%), FP unit conflicts: 1805751 (0.36%)
  Load/store unit conflicts: 75880159 (15.15%)
  MSHR conflicts: 497377106 (99.28%)
----------------------------------------
==== System-wide Cache Statistics ====
Stall for miss queue full 4020 cycles (0.00%)
----------------------------------------
==== Statistics for Master ID: 0 ====
Reads: 240511695   Writes: 45126123
ICACHE: size: 64 KB assoc: 2
ICACHE: hits:140968600 misses:1568310  Hit Ratio: 98.90%
DCACHE: size: 2*32 KB assoc: 2*8
DCACHE: hits:140633299 misses:2468550 writebacks:935168  Hit Ratio: 98.27%
SCACHE: size: 512 KB assoc: 2
SCACHE: hits:2360688 misses:1675231  Hit Ratio: 58.49%
3CACHE: size: 4096 KB assoc: 2
3CACHE: hits:1235118 misses:440113  Hit Ratio: 73.73%
3CACHE: dirty items replaced:116932
ITLB: size: 48, misses 47318, miss rate 0.03%
DTLB: size: 128, misses 194100, miss rate 0.14%
Avg mem delay: 4.192 cycles
----------------------------------------
==== Statistics for Master ID: 2 ====
Reads: 209305966   Writes: 31960707
ICACHE: size: 64 KB assoc: 2
ICACHE: hits:133914559 misses:18981  Hit Ratio: 99.99%
DCACHE: size: 1*32 KB assoc: 1*8
DCACHE: hits:103674330 misses:3660098 writebacks:1821275  Hit Ratio: 96.59%
SCACHE: size: 512 KB assoc: 2
SCACHE: hits:1039096 misses:2638688  Hit Ratio: 28.25%
3CACHE: size: 4096 KB assoc: 2
3CACHE: hits:550520 misses:2088168  Hit Ratio: 20.86%
3CACHE: dirty items replaced:153219
ITLB: size: 48, misses 672, miss rate 0.00%
DTLB: size: 128, misses 121940, miss rate 0.11%
Avg mem delay: 4.192 cycles
----------------------------------------
==== Statistics for Master ID: 3 ====
Reads: 257712463   Writes: 12492917
ICACHE: size: 64 KB assoc: 2
ICACHE: hits:128687389 misses:38032  Hit Ratio: 99.97%
DCACHE: size: 1*32 KB assoc: 1*8
DCACHE: hits:137071263 misses:4408951 writebacks:1556517  Hit Ratio: 96.88%
SCACHE: size: 512 KB assoc: 2
SCACHE: hits:299797 misses:4146930  Hit Ratio: 6.74%
3CACHE: size: 4096 KB assoc: 2
3CACHE: hits:991021 misses:3155908  Hit Ratio: 23.90%
3CACHE: dirty items replaced:473225
ITLB: size: 48, misses 533, miss rate 0.00%
DTLB: size: 128, misses 84554, miss rate 0.06%
Avg mem delay: 4.192 cycles
----------------------------------------
==== Global Resource Utilization ====
STASH: size: 65536 entries, full 1622193358, empty 33864980, misses 3237516, full rate 97.76
icache bank util. 0.093 0.086 0.083 0.092 0.111 0.152 0.103 0.100 
dcache bank util. 0.102 0.110 0.110 0.104 0.125 0.095 0.121 0.104 
L2 bank util. 0.026 0.027 0.027 0.027 0.026 0.026 0.028 0.029 
L1-L2 bus util. = 0.099, L3 util. = 0.113
----------------------------------------

======================== 切片硬件状态 ========================
切片号 | 所属安全域 | 当前状态    | 路扩展 | LRU touched
------------------------------------------------------------------
  0    |   域0      | 正常运行   |  是   |  500999998
  1    |   域0      | 正常运行   |  是   |  500999997
  2    |   域3      | 正常运行   |  否   |  500999980
  3    |   域2      | 正常运行   |  否   |  500999992
==================================================================

branch prediction, hits = 65908539, misses = 9214957, hit rate = 87.73%
return_stack prediction, hits = 5722578, misses = 2257, hit rate = 99.96%
jump prediction, hits = 68296998, misses = 8629620, hit rate = 88.78%

======================== 切片硬件状态 ========================
切片号 | 所属安全域 | 当前状态    | 路扩展 | LRU touched
------------------------------------------------------------------
  0    |   域0      | 正常运行   |  是   |  565500000
  1    |   域0      | 正常运行   |  是   |  565500000
  2    |   域3      | 正常运行   |  否   |  565500000
  3    |   域2      | 正常运行   |  否   |  565499995
==================================================================

[动态重分配] 周期565500000：预约迁移 冗余域0(1%) -> 切片0 -> 饥饿域3(31%)
[切片剥夺] 周期565500000：切片0（所属域0）进入待剥夺状态，禁止新替换
[切片剥夺] 周期565500000：切片0在途请求已清空，开始执行脏行写回
[切片管理] 周期565507995：原域0仅剩1个切片，关闭路扩展模式
[动态重分配] 周期565507995：切片0写回完成，自动绑定到域3
[切片管理] 成功绑定切片0 → 安全域3，触发【路扩展模式】

======================== 切片硬件状态 ========================
切片号 | 所属安全域 | 当前状态    | 路扩展 | LRU touched
------------------------------------------------------------------
  0    |   域3      | 正常运行   |  是   |  565507995
  1    |   域0      | 正常运行   |  否   |  565507989
  2    |   域3      | 正常运行   |  是   |  565507990
  3    |   域2      | 正常运行   |  否   |  565507989
==================================================================


**** Debug Statistics at 601000000 Cycles *****
Threads: 4		Fetch Width: 8
No of useful instructions fetched:	1286872792 (26.77% proc util.)
No of total instructions fetched:	1586711022 (33.00% proc util.)
 includes 40012089 misfetch (2.5%), 259826141 (16.4%) wrong-path fetches
 and 0 flushed after failed lock(0.0%)
No of useful instructions issued/executed:	1286872777 (26.77% proc util.)
No of total instructions issued/executed:	1412501205 (29.38% proc util.)
 includes 125628428 wrong-path (8.9%) insts and 0 flushed (0.0%)
	fp 195959761, 13.87%
	synch 0, 0.00%
	integer 728540975, 51.58%
	load/store 488000469, 34.55%
Avg size of int IQ (before scheduling): 14.82
Avg size of fp IQ (before scheduling): 8.05
No of cycles taken:		601000000
Parallelism [ 0.601, 0.000, 0.769, 0.771,] = 2.141
 IQ conflicts: 6854933 (1.14%), FQ conflicts: 2842876 (0.47%) 
 I reg conflicts: 137778130 (22.92%), FP reg conflicts: 196078165 (32.63%)
  Activelist confs: 772 (0.00%), ROB confs: 289033 (0.05%)
  Int unit conflicts: 204760758 (34.07%), FP unit conflicts: 2017065 (0.34%)
  Load/store unit conflicts: 91954331 (15.30%)
  MSHR conflicts: 540168823 (89.88%)
----------------------------------------
==== System-wide Cache Statistics ====
Stall for miss queue full 4628 cycles (0.00%)
----------------------------------------
==== Statistics for Master ID: 0 ====
Reads: 295929897   Writes: 55587459
ICACHE: size: 64 KB assoc: 2
ICACHE: hits:174608688 misses:1968302  Hit Ratio: 98.89%
DCACHE: size: 1*32 KB assoc: 1*8
DCACHE: hits:171511488 misses:3430098 writebacks:1432494  Hit Ratio: 98.04%
SCACHE: size: 512 KB assoc: 2
SCACHE: hits:3400193 misses:1996987  Hit Ratio: 63.00%
3CACHE: size: 4096 KB assoc: 2
3CACHE: hits:1510587 misses:486400  Hit Ratio: 75.64%
3CACHE: dirty items replaced:138650
ITLB: size: 48, misses 47830, miss rate 0.03%
DTLB: size: 128, misses 237443, miss rate 0.14%
Avg mem delay: 3.924 cycles
----------------------------------------
==== Statistics for Master ID: 2 ====
Reads: 257904906   Writes: 38754084
ICACHE: size: 64 KB assoc: 2
ICACHE: hits:164989664 misses:23695  Hit Ratio: 99.99%
DCACHE: size: 1*32 KB assoc: 1*8
DCACHE: hits:127604998 misses:4041928 writebacks:2001571  Hit Ratio: 96.93%
SCACHE: size: 512 KB assoc: 2
SCACHE: hits:1236145 misses:2828183  Hit Ratio: 30.41%
3CACHE: size: 4096 KB assoc: 2
3CACHE: hits:695915 misses:2132268  Hit Ratio: 24.61%
3CACHE: dirty items replaced:167759
ITLB: size: 48, misses 844, miss rate 0.00%
DTLB: size: 128, misses 132211, miss rate 0.10%
Avg mem delay: 3.924 cycles
----------------------------------------
==== Statistics for Master ID: 3 ====
Reads: 330358410   Writes: 13941079
ICACHE: size: 64 KB assoc: 2
ICACHE: hits:163436697 misses:54809  Hit Ratio: 99.97%
DCACHE: size: 2*32 KB assoc: 2*8
DCACHE: hits:175571238 misses:5237000 writebacks:1753015  Hit Ratio: 97.10%
SCACHE: size: 512 KB assoc: 2
SCACHE: hits:358683 misses:4932870  Hit Ratio: 6.78%
3CACHE: size: 4096 KB assoc: 2
3CACHE: hits:1278307 misses:3654563  Hit Ratio: 25.91%
3CACHE: dirty items replaced:639661
ITLB: size: 48, misses 569, miss rate 0.00%
DTLB: size: 128, misses 101700, miss rate 0.06%
Avg mem delay: 3.924 cycles
----------------------------------------
==== Global Resource Utilization ====
STASH: size: 65536 entries, full 1999674154, empty 40137894, misses 3810570, full rate 97.85
icache bank util. 0.097 0.088 0.086 0.097 0.119 0.154 0.106 0.103 
dcache bank util. 0.104 0.112 0.116 0.109 0.129 0.098 0.126 0.107 
L2 bank util. 0.026 0.027 0.027 0.027 0.026 0.026 0.027 0.029 
L1-L2 bus util. = 0.100, L3 util. = 0.104
----------------------------------------

======================== 切片硬件状态 ========================
切片号 | 所属安全域 | 当前状态    | 路扩展 | LRU touched
------------------------------------------------------------------
  0    |   域3      | 正常运行   |  是   |  600999858
  1    |   域0      | 正常运行   |  否   |  600999858
  2    |   域3      | 正常运行   |  是   |  600999859
  3    |   域2      | 正常运行   |  否   |  600999857
==================================================================

branch prediction, hits = 79905219, misses = 11545985, hit rate = 87.37%
return_stack prediction, hits = 7029898, misses = 2457, hit rate = 99.97%
jump prediction, hits = 82238761, misses = 11203795, hit rate = 88.01%

======================== 切片硬件状态 ========================
切片号 | 所属安全域 | 当前状态    | 路扩展 | LRU touched
------------------------------------------------------------------
  0    |   域3      | 正常运行   |  是   |  602999999
  1    |   域0      | 正常运行   |  否   |  602999788
  2    |   域3      | 正常运行   |  是   |  603000000
  3    |   域2      | 正常运行   |  否   |  602999998
==================================================================

[动态重分配] 周期603000000：预约迁移 冗余域3(1%) -> 切片0 -> 饥饿域0(21%)
[切片剥夺] 周期603000000：切片0（所属域3）进入待剥夺状态，禁止新替换
[切片剥夺] 周期603000000：切片0在途请求已清空，开始执行脏行写回
[切片管理] 周期603003489：原域3仅剩1个切片，关闭路扩展模式
[动态重分配] 周期603003489：切片0写回完成，自动绑定到域0
[切片管理] 成功绑定切片0 → 安全域0，触发【路扩展模式】

======================== 切片硬件状态 ========================
切片号 | 所属安全域 | 当前状态    | 路扩展 | LRU touched
------------------------------------------------------------------
  0    |   域0      | 正常运行   |  是   |  603003489
  1    |   域0      | 正常运行   |  是   |  603003489
  2    |   域3      | 正常运行   |  否   |  603003483
  3    |   域2      | 正常运行   |  否   |  603003489
==================================================================


======================== 切片硬件状态 ========================
切片号 | 所属安全域 | 当前状态    | 路扩展 | LRU touched
------------------------------------------------------------------
  0    |   域0      | 正常运行   |  是   |  693999900
  1    |   域0      | 正常运行   |  是   |  693999892
  2    |   域3      | 正常运行   |  否   |  693999911
  3    |   域2      | 正常运行   |  否   |  693999910
==================================================================

[动态重分配] 周期694000000：预约迁移 冗余域0(0%) -> 切片0 -> 饥饿域3(13%)
[切片剥夺] 周期694000000：切片0（所属域0）进入待剥夺状态，禁止新替换
[切片剥夺] 周期694000000：切片0在途请求已清空，开始执行脏行写回
[切片管理] 周期694003715：原域0仅剩1个切片，关闭路扩展模式
[动态重分配] 周期694003715：切片0写回完成，自动绑定到域3
[切片管理] 成功绑定切片0 → 安全域3，触发【路扩展模式】

======================== 切片硬件状态 ========================
切片号 | 所属安全域 | 当前状态    | 路扩展 | LRU touched
------------------------------------------------------------------
  0    |   域3      | 正常运行   |  是   |  694003715
  1    |   域0      | 正常运行   |  否   |  694003700
  2    |   域3      | 正常运行   |  是   |  694003700
  3    |   域2      | 正常运行   |  否   |  694003700
==================================================================


**** Debug Statistics at 701000000 Cycles *****
Threads: 4		Fetch Width: 8
No of useful instructions fetched:	1607194124 (28.66% proc util.)
No of total instructions fetched:	1945128922 (34.68% proc util.)
 includes 43179125 misfetch (2.2%), 294755673 (15.2%) wrong-path fetches
 and 0 flushed after failed lock(0.0%)
No of useful instructions issued/executed:	1607194112 (28.66% proc util.)
No of total instructions issued/executed:	1749531072 (31.20% proc util.)
 includes 142336960 wrong-path (8.1%) insts and 0 flushed (0.0%)
	fp 245555441, 14.04%
	synch 0, 0.00%
	integer 904275452, 51.69%
	load/store 599700179, 34.28%
Avg size of int IQ (before scheduling): 14.99
Avg size of fp IQ (before scheduling): 7.94
No of cycles taken:		701000000
Parallelism [ 0.660, 0.000, 0.806, 0.826,] = 2.293
 IQ conflicts: 9410445 (1.34%), FQ conflicts: 2842876 (0.41%) 
 I reg conflicts: 144846450 (20.66%), FP reg conflicts: 228169966 (32.55%)
  Activelist confs: 772 (0.00%), ROB confs: 301338 (0.04%)
  Int unit conflicts: 261633217 (37.32%), FP unit conflicts: 2330997 (0.33%)
  Load/store unit conflicts: 109499916 (15.62%)
  MSHR conflicts: 610537413 (87.10%)
----------------------------------------
==== System-wide Cache Statistics ====
Stall for miss queue full 5014 cycles (0.00%)
----------------------------------------
==== Statistics for Master ID: 0 ====
Reads: 361462821   Writes: 64393178
ICACHE: size: 64 KB assoc: 2
ICACHE: hits:211749207 misses:2216611  Hit Ratio: 98.96%
DCACHE: size: 1*32 KB assoc: 1*8
DCACHE: hits:208174584 misses:3716993 writebacks:1520729  Hit Ratio: 98.25%
SCACHE: size: 512 KB assoc: 2
SCACHE: hits:3652469 misses:2279739  Hit Ratio: 61.57%
3CACHE: size: 4096 KB assoc: 2
3CACHE: hits:1667426 misses:612313  Hit Ratio: 73.14%
3CACHE: dirty items replaced:202066
ITLB: size: 48, misses 66912, miss rate 0.03%
DTLB: size: 128, misses 265602, miss rate 0.13%
Avg mem delay: 3.651 cycles
----------------------------------------
==== Statistics for Master ID: 2 ====
Reads: 315009792   Writes: 46385051
ICACHE: size: 64 KB assoc: 2
ICACHE: hits:201689877 misses:26034  Hit Ratio: 99.99%
DCACHE: size: 1*32 KB assoc: 1*8
DCACHE: hits:155120333 misses:4559894 writebacks:2235689  Hit Ratio: 97.14%
SCACHE: size: 512 KB assoc: 2
SCACHE: hits:1554574 misses:3030059  Hit Ratio: 33.91%
3CACHE: size: 4096 KB assoc: 2
3CACHE: hits:839804 misses:2190255  Hit Ratio: 27.72%
3CACHE: dirty items replaced:193313
ITLB: size: 48, misses 940, miss rate 0.00%
DTLB: size: 128, misses 139043, miss rate 0.09%
Avg mem delay: 3.651 cycles
----------------------------------------
==== Statistics for Master ID: 3 ====
Reads: 416104413   Writes: 15642367
ICACHE: size: 64 KB assoc: 2
ICACHE: hits:204199073 misses:58915  Hit Ratio: 99.97%
DCACHE: size: 2*32 KB assoc: 2*8
DCACHE: hits:221383983 misses:6105194 writebacks:1982022  Hit Ratio: 97.32%
SCACHE: size: 512 KB assoc: 2
SCACHE: hits:423704 misses:5740019  Hit Ratio: 6.87%
3CACHE: size: 4096 KB assoc: 2
3CACHE: hits:1606662 misses:4133357  Hit Ratio: 27.99%
3CACHE: dirty items replaced:826703
ITLB: size: 48, misses 614, miss rate 0.00%
DTLB: size: 128, misses 119411, miss rate 0.05%
Avg mem delay: 3.651 cycles
----------------------------------------
==== Global Resource Utilization ====
STASH: size: 65536 entries, full 2443015568, empty 43241530, misses 4075022, full rate 98.10
icache bank util. 0.103 0.094 0.089 0.100 0.122 0.157 0.112 0.118 
dcache bank util. 0.116 0.115 0.120 0.112 0.134 0.104 0.130 0.109 
L2 bank util. 0.025 0.026 0.026 0.026 0.025 0.025 0.026 0.027 
L1-L2 bus util. = 0.096, L3 util. = 0.099
----------------------------------------

======================== 切片硬件状态 ========================
切片号 | 所属安全域 | 当前状态    | 路扩展 | LRU touched
------------------------------------------------------------------
  0    |   域3      | 正常运行   |  是   |  700999795
  1    |   域0      | 正常运行   |  否   |  700999793
  2    |   域3      | 正常运行   |  是   |  700999909
  3    |   域2      | 正常运行   |  否   |  700999794
==================================================================

branch prediction, hits = 100685398, misses = 13281519, hit rate = 88.35%
return_stack prediction, hits = 8069251, misses = 2697, hit rate = 99.97%
jump prediction, hits = 102853753, misses = 12169975, hit rate = 89.42%

**** Debug Statistics at 801000000 Cycles *****
Threads: 4		Fetch Width: 8
No of useful instructions fetched:	1835810323 (28.65% proc util.)
No of total instructions fetched:	2213533643 (34.54% proc util.)
 includes 47826755 misfetch (2.2%), 329896565 (14.9%) wrong-path fetches
 and 0 flushed after failed lock(0.0%)
No of useful instructions issued/executed:	1835810298 (28.65% proc util.)
No of total instructions issued/executed:	1995115346 (31.13% proc util.)
 includes 159305048 wrong-path (8.0%) insts and 0 flushed (0.0%)
	fp 283269937, 14.20%
	synch 0, 0.00%
	integer 1026729523, 51.46%
	load/store 685115886, 34.34%
Avg size of int IQ (before scheduling): 14.35
Avg size of fp IQ (before scheduling): 7.64
No of cycles taken:		801000000
Parallelism [ 0.656, 0.000, 0.802, 0.835,] = 2.292
 IQ conflicts: 9886110 (1.23%), FQ conflicts: 2842876 (0.35%) 
 I reg conflicts: 148505204 (18.54%), FP reg conflicts: 279395676 (34.88%)
  Activelist confs: 1062 (0.00%), ROB confs: 426102 (0.05%)
  Int unit conflicts: 292479623 (36.51%), FP unit conflicts: 2494709 (0.31%)
  Load/store unit conflicts: 129580818 (16.18%)
  MSHR conflicts: 649832853 (81.13%)
----------------------------------------
==== System-wide Cache Statistics ====
Stall for miss queue full 5014 cycles (0.00%)
----------------------------------------
==== Statistics for Master ID: 0 ====
Reads: 407963146   Writes: 74537045
ICACHE: size: 64 KB assoc: 2
ICACHE: hits:239077305 misses:2596067  Hit Ratio: 98.93%
DCACHE: size: 1*32 KB assoc: 1*8
DCACHE: hits:236359000 misses:4469215 writebacks:2143055  Hit Ratio: 98.14%
SCACHE: size: 512 KB assoc: 2
SCACHE: hits:4592014 misses:2471872  Hit Ratio: 65.01%
3CACHE: size: 4096 KB assoc: 2
3CACHE: hits:1782776 misses:689096  Hit Ratio: 72.12%
3CACHE: dirty items replaced:239118
ITLB: size: 48, misses 94358, miss rate 0.04%
DTLB: size: 128, misses 305792, miss rate 0.13%
Avg mem delay: 3.559 cycles
----------------------------------------
==== Statistics for Master ID: 2 ====
Reads: 358312745   Writes: 52137847
ICACHE: size: 64 KB assoc: 2
ICACHE: hits:229657907 misses:28531  Hit Ratio: 99.99%
DCACHE: size: 1*32 KB assoc: 1*8
DCACHE: hits:175824739 misses:4940710 writebacks:2409736  Hit Ratio: 97.27%
SCACHE: size: 512 KB assoc: 2
SCACHE: hits:1762427 misses:3205519  Hit Ratio: 35.48%
3CACHE: size: 4096 KB assoc: 2
3CACHE: hits:974546 misses:2230973  Hit Ratio: 30.40%
3CACHE: dirty items replaced:206848
ITLB: size: 48, misses 1134, miss rate 0.00%
DTLB: size: 128, misses 148347, miss rate 0.08%
Avg mem delay: 3.559 cycles
----------------------------------------
==== Statistics for Master ID: 3 ====
Reads: 481959006   Writes: 16858108
ICACHE: size: 64 KB assoc: 2
ICACHE: hits:235912781 misses:61659  Hit Ratio: 99.97%
DCACHE: size: 2*32 KB assoc: 2*8
DCACHE: hits:255958684 misses:6884375 writebacks:2136438  Hit Ratio: 97.38%
SCACHE: size: 512 KB assoc: 2
SCACHE: hits:469481 misses:6476167  Hit Ratio: 6.76%
3CACHE: size: 4096 KB assoc: 2
3CACHE: hits:1858172 misses:4617995  Hit Ratio: 28.69%
3CACHE: dirty items replaced:1025896
ITLB: size: 48, misses 618, miss rate 0.00%
DTLB: size: 128, misses 131780, miss rate 0.05%
Avg mem delay: 3.559 cycles
----------------------------------------
==== Global Resource Utilization ====
STASH: size: 65536 entries, full 2775335953, empty 48694250, misses 4551885, full rate 98.12
icache bank util. 0.102 0.095 0.090 0.102 0.123 0.154 0.111 0.116 
dcache bank util. 0.116 0.115 0.121 0.111 0.133 0.104 0.131 0.110 
L2 bank util. 0.025 0.026 0.026 0.025 0.025 0.025 0.026 0.027 
L1-L2 bus util. = 0.096, L3 util. = 0.094
----------------------------------------

======================== 切片硬件状态 ========================
切片号 | 所属安全域 | 当前状态    | 路扩展 | LRU touched
------------------------------------------------------------------
  0    |   域3      | 正常运行   |  是   |  800999999
  1    |   域0      | 正常运行   |  否   |  800999995
  2    |   域3      | 正常运行   |  是   |  800999998
  3    |   域2      | 正常运行   |  否   |  800999999
==================================================================

branch prediction, hits = 112796773, misses = 15140856, hit rate = 88.17%
return_stack prediction, hits = 9091611, misses = 3092, hit rate = 99.97%
jump prediction, hits = 115641479, misses = 13594356, hit rate = 89.48%

**** Early Exiting at 870667507 Cycles *****
========================================
 SMTSIM Global Statistics
========================================
Threads: 4		Fetch Width: 8
No of useful instructions fetched:	2000000106 (28.71% proc util.)
No of total instructions fetched:	2397848584 (34.43% proc util.)
 includes 48159287 misfetch (2.0%), 349689191 (14.6%) wrong-path fetches
 and 0 flushed after failed lock(0.0%)
No of useful instructions issued/executed:	2000000073 (28.71% proc util.)
No of total instructions issued/executed:	2168988825 (31.14% proc util.)
 includes 168988752 wrong-path (7.8%) insts and 0 flushed (0.0%)
	fp 308858272, 14.24%
	synch 0, 0.00%
	integer 1121460535, 51.70%
	load/store 738670018, 34.06%
Avg size of int IQ (before scheduling): 14.22
Avg size of fp IQ (before scheduling): 7.47
No of cycles taken:		870667507
Parallelism [ 0.659, 0.000, 0.800, 0.838,] = 2.297
 IQ conflicts: 10980637 (1.26%), FQ conflicts: 2842876 (0.33%) 
 I reg conflicts: 152585238 (17.53%), FP reg conflicts: 313612852 (36.02%)
  Activelist confs: 1062 (0.00%), ROB confs: 428762 (0.05%)
  Int unit conflicts: 315146929 (36.20%), FP unit conflicts: 2602259 (0.30%)
  Load/store unit conflicts: 136023680 (15.62%)
  MSHR conflicts: 684759372 (78.65%)
----------------------------------------
==== System-wide Cache Statistics ====
Stall for miss queue full 5014 cycles (0.00%)
----------------------------------------
==== Statistics for Master ID: 0 ====
Reads: 439055551   Writes: 77429484
ICACHE: size: 64 KB assoc: 2
ICACHE: hits:258812774 misses:2599520  Hit Ratio: 99.01%
DCACHE: size: 1*32 KB assoc: 1*8
DCACHE: hits:250441436 misses:4632701 writebacks:2160911  Hit Ratio: 98.18%
SCACHE: size: 512 KB assoc: 2
SCACHE: hits:4605534 misses:2625291  Hit Ratio: 63.69%
3CACHE: size: 4096 KB assoc: 2
3CACHE: hits:1852133 misses:773158  Hit Ratio: 70.55%
3CACHE: dirty items replaced:277059
ITLB: size: 48, misses 94397, miss rate 0.04%
DTLB: size: 128, misses 320820, miss rate 0.13%
Avg mem delay: 3.520 cycles
----------------------------------------
==== Statistics for Master ID: 2 ====
Reads: 388263493   Writes: 56368100
ICACHE: size: 64 KB assoc: 2
ICACHE: hits:248734399 misses:29101  Hit Ratio: 99.99%
DCACHE: size: 1*32 KB assoc: 1*8
DCACHE: hits:190669234 misses:5200154 writebacks:2528290  Hit Ratio: 97.35%
SCACHE: size: 512 KB assoc: 2
SCACHE: hits:1914397 misses:3313563  Hit Ratio: 36.62%
3CACHE: size: 4096 KB assoc: 2
3CACHE: hits:1050141 misses:2263422  Hit Ratio: 31.69%
3CACHE: dirty items replaced:220194
ITLB: size: 48, misses 1139, miss rate 0.00%
DTLB: size: 128, misses 151810, miss rate 0.08%
Avg mem delay: 3.520 cycles
----------------------------------------
==== Statistics for Master ID: 3 ====
Reads: 526547653   Writes: 17785082
ICACHE: size: 64 KB assoc: 2
ICACHE: hits:257250496 misses:62198  Hit Ratio: 99.98%
DCACHE: size: 2*32 KB assoc: 2*8
DCACHE: hits:279557148 misses:7463278 writebacks:2266418  Hit Ratio: 97.40%
SCACHE: size: 512 KB assoc: 2
SCACHE: hits:495299 misses:7029790  Hit Ratio: 6.58%
3CACHE: size: 4096 KB assoc: 2
3CACHE: hits:2037376 misses:4992414  Hit Ratio: 28.98%
3CACHE: dirty items replaced:1176508
ITLB: size: 48, misses 641, miss rate 0.00%
DTLB: size: 128, misses 144975, miss rate 0.05%
Avg mem delay: 3.520 cycles
----------------------------------------
==== Global Resource Utilization ====
STASH: size: 65536 entries, full 3005614108, empty 49130932, misses 4596488, full rate 98.24
icache bank util. 0.102 0.095 0.092 0.103 0.122 0.150 0.110 0.116 
dcache bank util. 0.115 0.113 0.119 0.109 0.133 0.104 0.130 0.109 
L2 bank util. 0.024 0.025 0.025 0.025 0.024 0.024 0.025 0.026 
L1-L2 bus util. = 0.093, L3 util. = 0.092
----------------------------------------

======================== 切片硬件状态 ========================
切片号 | 所属安全域 | 当前状态    | 路扩展 | LRU touched
------------------------------------------------------------------
  0    |   域3      | 正常运行   |  是   |  870667504
  1    |   域0      | 正常运行   |  否   |  870667506
  2    |   域3      | 正常运行   |  是   |  870667506
  3    |   域2      | 正常运行   |  否   |  870667505
==================================================================

branch prediction, hits = 123320362, misses = 16072026, hit rate = 88.47%
return_stack prediction, hits = 9663668, misses = 3092, hit rate = 99.97%
jump prediction, hits = 126653391, misses = 13792781, hit rate = 90.18%
total IPC 2.297

=== Results saved to: ./results/gcc-integrate_2_gzip-source_1_mgrid_1.txt ===
