测试组合（多线程优先）：gcc-scilab.arg2 + equake.arg + gcc-166.arg
执行命令：./smtsim gcc-scilab.arg2 equake.arg gcc-166.arg
==================================================

 dgelq2_ dgelqf_ dgels_ dgemm_ dgemv_ dgeqr2_ dgeqrf_equake: Reading nodes.
Process 0, Thread 0: gcc-scilab
Process 0, Thread 1: gcc-scilab
Process 2, Thread 2: equake
Process 3, Thread 3: gcc-166
[切片调度] 新安全域2无任何切片，尝试分配空闲切片
[切片管理] 成功绑定切片0 → 安全域2

======================== 切片硬件状态 ========================
切片号 | 所属安全域 | 当前状态    | 路扩展 | LRU touched
------------------------------------------------------------------
  0    |   域2      | 正常运行   |  否   |  0
  1    |   域-1     | 切片空闲   |  否   |  0
  2    |   域-1     | 切片空闲   |  否   |  0
  3    |   域-1     | 切片空闲   |  否   |  0
==================================================================

[切片管理] 成功绑定切片1 → 安全域2，触发【路扩展模式】

======================== 切片硬件状态 ========================
切片号 | 所属安全域 | 当前状态    | 路扩展 | LRU touched
------------------------------------------------------------------
  0    |   域2      | 正常运行   |  是   |  0
  1    |   域2      | 正常运行   |  是   |  0
  2    |   域-1     | 切片空闲   |  否   |  0
  3    |   域-1     | 切片空闲   |  否   |  0
==================================================================

[切片调度] 新安全域3无任何切片，尝试分配空闲切片
[切片管理] 成功绑定切片2 → 安全域3

======================== 切片硬件状态 ========================
切片号 | 所属安全域 | 当前状态    | 路扩展 | LRU touched
------------------------------------------------------------------
  0    |   域2      | 正常运行   |  是   |  435
  1    |   域2      | 正常运行   |  是   |  0
  2    |   域3      | 正常运行   |  否   |  0
  3    |   域-1     | 切片空闲   |  否   |  0
==================================================================

[切片管理] 成功绑定切片3 → 安全域3，触发【路扩展模式】

======================== 切片硬件状态 ========================
切片号 | 所属安全域 | 当前状态    | 路扩展 | LRU touched
------------------------------------------------------------------
  0    |   域2      | 正常运行   |  是   |  435
  1    |   域2      | 正常运行   |  是   |  0
  2    |   域3      | 正常运行   |  是   |  0
  3    |   域3      | 正常运行   |  是   |  0
==================================================================

[切片调度] 新安全域0无任何切片，尝试分配空闲切片
[切片调度] 新安全域0未找到空闲切片，尝试剥夺切片
[切片替换] 优先从【路扩展切片】中选择LRU替换目标...
[切片替换] 找到路扩展切片作为受害者：切片1（最后访问：0）
[切片调度] 安全域0触发切片剥夺：从域2剥夺切片1
[切片剥夺] 周期521：切片1（所属域2）进入待剥夺状态，禁止新替换
[切片剥夺] 周期521：切片1在途请求已清空，开始执行脏行写回
[切片剥夺] 周期521：切片1无脏行，直接完成剥夺
[切片管理] 周期521：原域2仅剩1个切片，关闭路扩展模式
[动态重分配] 周期521：切片1写回完成，自动绑定到域0
[切片管理] 成功绑定切片1 → 安全域0

======================== 切片硬件状态 ========================
切片号 | 所属安全域 | 当前状态    | 路扩展 | LRU touched
------------------------------------------------------------------
  0    |   域2      | 正常运行   |  否   |  435
  1    |   域0      | 正常运行   |  否   |  521
  2    |   域3      | 正常运行   |  是   |  511
  3    |   域3      | 正常运行   |  是   |  0
==================================================================

[切片唤醒] 周期521：域0切片就绪，唤醒等待指令

**** Debug Statistics at 1000000 Cycles *****
Threads: 4		Fetch Width: 8
No of useful instructions fetched:	1903631 (23.80% proc util.)
No of total instructions fetched:	2644989 (33.06% proc util.)
 includes 133828 misfetch (5.1%), 607530 (23.0%) wrong-path fetches
 and 0 flushed after failed lock(0.0%)
No of useful instructions issued/executed:	1903629 (23.80% proc util.)
No of total instructions issued/executed:	2182232 (27.28% proc util.)
 includes 278603 wrong-path (12.8%) insts and 0 flushed (0.0%)
	fp 203, 0.01%
	synch 0, 0.00%
	integer 1410025, 64.61%
	load/store 772004, 35.38%
Avg size of int IQ (before scheduling): 11.31
Avg size of fp IQ (before scheduling): 0.01
No of cycles taken:		1000000
Parallelism [ 0.414, 0.000, 0.944, 0.546,] = 1.904
 IQ conflicts: 12939 (1.29%), FQ conflicts: 0 (0.00%) 
 I reg conflicts: 518851 (51.89%), FP reg conflicts: 0 (0.00%)
  Activelist confs: 0 (0.00%), ROB confs: 2890 (0.29%)
  Int unit conflicts: 785079 (78.51%), FP unit conflicts: 3 (0.00%)
  Load/store unit conflicts: 163718 (16.37%)
  MSHR conflicts: 382904 (38.29%)
----------------------------------------
==== System-wide Cache Statistics ====
Stall for miss queue full 0 cycles (0.00%)
----------------------------------------
==== Statistics for Master ID: 0 ====
Reads: 389171   Writes: 58670
ICACHE: size: 64 KB assoc: 2
ICACHE: hits:223839 misses:5858  Hit Ratio: 97.45%
DCACHE: size: 1*32 KB assoc: 1*8
DCACHE: hits:215342 misses:2801 writebacks:776  Hit Ratio: 98.72%
SCACHE: size: 512 KB assoc: 2
SCACHE: hits:5225 misses:3434  Hit Ratio: 60.34%
3CACHE: size: 4096 KB assoc: 2
3CACHE: hits:958 misses:2476  Hit Ratio: 27.90%
3CACHE: dirty items replaced:1
ITLB: size: 48, misses 275, miss rate 0.12%
DTLB: size: 128, misses 346, miss rate 0.16%
Avg mem delay: 1.365 cycles
----------------------------------------
==== Statistics for Master ID: 2 ====
Reads: 518352   Writes: 144371
ICACHE: size: 64 KB assoc: 2
ICACHE: hits:312451 misses:1149  Hit Ratio: 99.63%
DCACHE: size: 1*32 KB assoc: 1*8
DCACHE: hits:343265 misses:5858 writebacks:5177  Hit Ratio: 98.32%
SCACHE: size: 512 KB assoc: 2
SCACHE: hits:768 misses:6239  Hit Ratio: 10.96%
3CACHE: size: 4096 KB assoc: 2
3CACHE: hits:69 misses:6170  Hit Ratio: 1.11%
3CACHE: dirty items replaced:2
ITLB: size: 48, misses 45, miss rate 0.01%
DTLB: size: 128, misses 145, miss rate 0.04%
Avg mem delay: 1.365 cycles
----------------------------------------
==== Statistics for Master ID: 3 ====
Reads: 336107   Writes: 81649
ICACHE: size: 64 KB assoc: 2
ICACHE: hits:211601 misses:3760  Hit Ratio: 98.25%
DCACHE: size: 2*32 KB assoc: 2*8
DCACHE: hits:199645 misses:2750 writebacks:1323  Hit Ratio: 98.64%
SCACHE: size: 512 KB assoc: 2
SCACHE: hits:2009 misses:4501  Hit Ratio: 30.86%
3CACHE: size: 4096 KB assoc: 2
3CACHE: hits:265 misses:4236  Hit Ratio: 5.89%
3CACHE: dirty items replaced:0
ITLB: size: 48, misses 250, miss rate 0.12%
DTLB: size: 128, misses 227, miss rate 0.11%
Avg mem delay: 1.365 cycles
----------------------------------------
==== Global Resource Utilization ====
STASH: size: 65536 entries, full 474621333, empty 25317014, misses 2975796, full rate 94.37
icache bank util. 0.096 0.089 0.066 0.110 0.116 0.120 0.111 0.082 
dcache bank util. 0.076 0.073 0.096 0.156 0.134 0.088 0.094 0.108 
L2 bank util. 0.024 0.025 0.023 0.024 0.024 0.023 0.023 0.023 
L1-L2 bus util. = 0.088, L3 util. = 0.129
----------------------------------------

======================== 切片硬件状态 ========================
切片号 | 所属安全域 | 当前状态    | 路扩展 | LRU touched
------------------------------------------------------------------
  0    |   域2      | 正常运行   |  否   |  999888
  1    |   域0      | 正常运行   |  否   |  999849
  2    |   域3      | 正常运行   |  是   |  999881
  3    |   域3      | 正常运行   |  是   |  999860
==================================================================

branch prediction, hits = 206552, misses = 30136, hit rate = 87.27%
return_stack prediction, hits = 34218, misses = 14, hit rate = 99.96%
jump prediction, hits = 214936, misses = 36916, hit rate = 85.34%
 __sigismember __sigaddset __sigdelset mem_access_latency dl1_access_fn dl2_access_fn il1_access_fn il2_access_fn itlb_access_fn dtlb_access_fn sim_reg_options dger_ sim_check_options
======================== 切片硬件状态 ========================
切片号 | 所属安全域 | 当前状态    | 路扩展 | LRU touched
------------------------------------------------------------------
  0    |   域2      | 正常运行   |  否   |  90699998
  1    |   域0      | 正常运行   |  否   |  90699999
  2    |   域3      | 正常运行   |  是   |  90699992
  3    |   域3      | 正常运行   |  是   |  90700000
==================================================================

[动态重分配] 周期90700000：预约迁移 冗余域3(0%) -> 切片2 -> 饥饿域0(12%)
[切片剥夺] 周期90700000：切片2（所属域3）进入待剥夺状态，禁止新替换
[切片剥夺] 周期90700000：切片2在途请求已清空，开始执行脏行写回
[切片管理] 周期90700083：原域3仅剩1个切片，关闭路扩展模式
[动态重分配] 周期90700083：切片2写回完成，自动绑定到域0
[切片管理] 成功绑定切片2 → 安全域0，触发【路扩展模式】

======================== 切片硬件状态 ========================
切片号 | 所属安全域 | 当前状态    | 路扩展 | LRU touched
------------------------------------------------------------------
  0    |   域2      | 正常运行   |  否   |  90700080
  1    |   域0      | 正常运行   |  是   |  90700010
  2    |   域0      | 正常运行   |  是   |  90700083
  3    |   域3      | 正常运行   |  否   |  90700076
==================================================================


======================== 切片硬件状态 ========================
切片号 | 所属安全域 | 当前状态    | 路扩展 | LRU touched
------------------------------------------------------------------
  0    |   域2      | 正常运行   |  否   |  95699996
  1    |   域0      | 正常运行   |  是   |  95700000
  2    |   域0      | 正常运行   |  是   |  95700000
  3    |   域3      | 正常运行   |  否   |  95699998
==================================================================

[动态重分配] 周期95700000：预约迁移 冗余域0(0%) -> 切片1 -> 饥饿域3(11%)
[切片剥夺] 周期95700000：切片1（所属域0）进入待剥夺状态，禁止新替换
[切片剥夺] 周期95700188：切片1在途请求已清空，开始执行脏行写回
[切片管理] 周期95702383：原域0仅剩1个切片，关闭路扩展模式
[动态重分配] 周期95702383：切片1写回完成，自动绑定到域3
[切片管理] 成功绑定切片1 → 安全域3，触发【路扩展模式】

======================== 切片硬件状态 ========================
切片号 | 所属安全域 | 当前状态    | 路扩展 | LRU touched
------------------------------------------------------------------
  0    |   域2      | 正常运行   |  否   |  95702382
  1    |   域3      | 正常运行   |  是   |  95702383
  2    |   域0      | 正常运行   |  否   |  95702382
  3    |   域3      | 正常运行   |  是   |  95702159
==================================================================


**** Debug Statistics at 101000000 Cycles *****
Threads: 4		Fetch Width: 8
No of useful instructions fetched:	315659914 (39.07% proc util.)
No of total instructions fetched:	514758831 (63.71% proc util.)
 includes 57062434 misfetch (11.1%), 142036483 (27.6%) wrong-path fetches
 and 0 flushed after failed lock(0.0%)
No of useful instructions issued/executed:	315659874 (39.07% proc util.)
No of total instructions issued/executed:	386952506 (47.89% proc util.)
 includes 71292632 wrong-path (18.4%) insts and 0 flushed (0.0%)
	fp 439163, 0.11%
	synch 0, 0.00%
	integer 254465833, 65.76%
	load/store 132047510, 34.12%
Avg size of int IQ (before scheduling): 18.94
Avg size of fp IQ (before scheduling): 0.04
No of cycles taken:		101000000
Parallelism [ 0.809, 0.000, 1.591, 0.725,] = 3.125
 IQ conflicts: 3170409 (3.14%), FQ conflicts: 0 (0.00%) 
 I reg conflicts: 8633112 (8.55%), FP reg conflicts: 0 (0.00%)
  Activelist confs: 244 (0.00%), ROB confs: 56635 (0.06%)
  Int unit conflicts: 104776461 (103.74%), FP unit conflicts: 8 (0.00%)
  Load/store unit conflicts: 21340857 (21.13%)
  MSHR conflicts: 5995016 (5.94%)
----------------------------------------
==== System-wide Cache Statistics ====
Stall for miss queue full 79 cycles (0.00%)
----------------------------------------
==== Statistics for Master ID: 0 ====
Reads: 73452918   Writes: 11258011
ICACHE: size: 64 KB assoc: 2
ICACHE: hits:41717675 misses:1666528  Hit Ratio: 96.16%
DCACHE: size: 1*32 KB assoc: 1*8
DCACHE: hits:40895893 misses:430954 writebacks:147064  Hit Ratio: 98.96%
SCACHE: size: 512 KB assoc: 2
SCACHE: hits:1821271 misses:276089  Hit Ratio: 86.84%
3CACHE: size: 4096 KB assoc: 2
3CACHE: hits:226132 misses:49957  Hit Ratio: 81.91%
3CACHE: dirty items replaced:5582
ITLB: size: 48, misses 168253, miss rate 0.39%
DTLB: size: 128, misses 90109, miss rate 0.22%
Avg mem delay: 1.129 cycles
----------------------------------------
==== Statistics for Master ID: 2 ====
Reads: 104929538   Writes: 17219153
ICACHE: size: 64 KB assoc: 2
ICACHE: hits:64896529 misses:907679  Hit Ratio: 98.62%
DCACHE: size: 1*32 KB assoc: 1*8
DCACHE: hits:56308713 misses:35770 writebacks:29824  Hit Ratio: 99.94%
SCACHE: size: 512 KB assoc: 2
SCACHE: hits:864449 misses:79000  Hit Ratio: 91.63%
3CACHE: size: 4096 KB assoc: 2
3CACHE: hits:50408 misses:28592  Hit Ratio: 63.81%
3CACHE: dirty items replaced:297
ITLB: size: 48, misses 14584, miss rate 0.02%
DTLB: size: 128, misses 8891, miss rate 0.02%
Avg mem delay: 1.129 cycles
----------------------------------------
==== Statistics for Master ID: 3 ====
Reads: 62476061   Writes: 8806598
ICACHE: size: 64 KB assoc: 2
ICACHE: hits:35800134 misses:1502620  Hit Ratio: 95.97%
DCACHE: size: 2*32 KB assoc: 2*8
DCACHE: hits:33290957 misses:688969 writebacks:92035  Hit Ratio: 97.97%
SCACHE: size: 512 KB assoc: 2
SCACHE: hits:1870019 misses:321549  Hit Ratio: 85.33%
3CACHE: size: 4096 KB assoc: 2
3CACHE: hits:240526 misses:81023  Hit Ratio: 74.80%
3CACHE: dirty items replaced:4724
ITLB: size: 48, misses 185225, miss rate 0.50%
DTLB: size: 128, misses 137745, miss rate 0.41%
Avg mem delay: 1.129 cycles
----------------------------------------
==== Global Resource Utilization ====
STASH: size: 65536 entries, full 1031190775, empty 41147012, misses 4322732, full rate 95.78
icache bank util. 0.230 0.212 0.204 0.185 0.183 0.181 0.184 0.194 
dcache bank util. 0.140 0.218 0.206 0.199 0.147 0.119 0.167 0.150 
L2 bank util. 0.037 0.043 0.040 0.038 0.034 0.033 0.034 0.035 
L1-L2 bus util. = 0.163, L3 util. = 0.016
----------------------------------------

======================== 切片硬件状态 ========================
切片号 | 所属安全域 | 当前状态    | 路扩展 | LRU touched
------------------------------------------------------------------
  0    |   域2      | 正常运行   |  否   |  100999999
  1    |   域3      | 正常运行   |  是   |  100999899
  2    |   域0      | 正常运行   |  否   |  100999998
  3    |   域3      | 正常运行   |  是   |  100999903
==================================================================

branch prediction, hits = 37145495, misses = 5981281, hit rate = 86.13%
return_stack prediction, hits = 6905182, misses = 1485, hit rate = 99.98%
jump prediction, hits = 29168565, misses = 12893477, hit rate = 69.35%
 dlabad_ dlacon_equake: Reading elements.
 dlae2_ dlaev2_
======================== 切片硬件状态 ========================
切片号 | 所属安全域 | 当前状态    | 路扩展 | LRU touched
------------------------------------------------------------------
  0    |   域2      | 正常运行   |  否   |  169200000
  1    |   域3      | 正常运行   |  是   |  169199999
  2    |   域0      | 正常运行   |  否   |  169199997
  3    |   域3      | 正常运行   |  是   |  169199993
==================================================================

[动态重分配] 周期169200000：预约迁移 冗余域3(0%) -> 切片1 -> 饥饿域0(11%)
[切片剥夺] 周期169200000：切片1（所属域3）进入待剥夺状态，禁止新替换
[切片剥夺] 周期169200000：切片1在途请求已清空，开始执行脏行写回
[切片管理] 周期169214269：原域3仅剩1个切片，关闭路扩展模式
[动态重分配] 周期169214269：切片1写回完成，自动绑定到域0
[切片管理] 成功绑定切片1 → 安全域0，触发【路扩展模式】

======================== 切片硬件状态 ========================
切片号 | 所属安全域 | 当前状态    | 路扩展 | LRU touched
------------------------------------------------------------------
  0    |   域2      | 正常运行   |  否   |  169214267
  1    |   域0      | 正常运行   |  是   |  169214269
  2    |   域0      | 正常运行   |  是   |  169214268
  3    |   域3      | 正常运行   |  否   |  169214238
==================================================================


**** Debug Statistics at 201000000 Cycles *****
Threads: 4		Fetch Width: 8
No of useful instructions fetched:	621135831 (38.63% proc util.)
No of total instructions fetched:	1009976469 (62.81% proc util.)
 includes 113715681 misfetch (11.3%), 275124957 (27.2%) wrong-path fetches
 and 0 flushed after failed lock(0.0%)
No of useful instructions issued/executed:	621135810 (38.63% proc util.)
No of total instructions issued/executed:	758250656 (47.15% proc util.)
 includes 137114846 wrong-path (18.1%) insts and 0 flushed (0.0%)
	fp 735412, 0.10%
	synch 0, 0.00%
	integer 496311130, 65.45%
	load/store 261204114, 34.45%
Avg size of int IQ (before scheduling): 16.64
Avg size of fp IQ (before scheduling): 0.03
No of cycles taken:		201000000
Parallelism [ 0.748, 0.000, 1.647, 0.695,] = 3.090
 IQ conflicts: 3728464 (1.85%), FQ conflicts: 0 (0.00%) 
 I reg conflicts: 19457535 (9.68%), FP reg conflicts: 0 (0.00%)
  Activelist confs: 755 (0.00%), ROB confs: 105306 (0.05%)
  Int unit conflicts: 195925862 (97.48%), FP unit conflicts: 20 (0.00%)
  Load/store unit conflicts: 43295944 (21.54%)
  MSHR conflicts: 10073018 (5.01%)
----------------------------------------
==== System-wide Cache Statistics ====
Stall for miss queue full 674 cycles (0.00%)
----------------------------------------
==== Statistics for Master ID: 0 ====
Reads: 134018994   Writes: 20802841
ICACHE: size: 64 KB assoc: 2
ICACHE: hits:75734122 misses:3400028  Hit Ratio: 95.70%
DCACHE: size: 2*32 KB assoc: 2*8
DCACHE: hits:74955615 misses:732191 writebacks:245198  Hit Ratio: 99.03%
SCACHE: size: 512 KB assoc: 2
SCACHE: hits:3474493 misses:657604  Hit Ratio: 84.09%
3CACHE: size: 4096 KB assoc: 2
3CACHE: hits:548777 misses:108827  Hit Ratio: 83.45%
3CACHE: dirty items replaced:22345
ITLB: size: 48, misses 358295, miss rate 0.45%
DTLB: size: 128, misses 168561, miss rate 0.22%
Avg mem delay: 1.066 cycles
----------------------------------------
==== Statistics for Master ID: 2 ====
Reads: 210980459   Writes: 36199266
ICACHE: size: 64 KB assoc: 2
ICACHE: hits:129683244 misses:1756256  Hit Ratio: 98.66%
DCACHE: size: 1*32 KB assoc: 1*8
DCACHE: hits:115590953 misses:149272 writebacks:137440  Hit Ratio: 99.87%
SCACHE: size: 512 KB assoc: 2
SCACHE: hits:1653401 misses:252127  Hit Ratio: 86.77%
3CACHE: size: 4096 KB assoc: 2
3CACHE: hits:114484 misses:137643  Hit Ratio: 45.41%
3CACHE: dirty items replaced:21187
ITLB: size: 48, misses 26884, miss rate 0.02%
DTLB: size: 128, misses 17817, miss rate 0.02%
Avg mem delay: 1.066 cycles
----------------------------------------
==== Statistics for Master ID: 3 ====
Reads: 125380020   Writes: 18442066
ICACHE: size: 64 KB assoc: 2
ICACHE: hits:71408966 misses:3484625  Hit Ratio: 95.35%
DCACHE: size: 1*32 KB assoc: 1*8
DCACHE: hits:67990271 misses:938539 writebacks:190968  Hit Ratio: 98.64%
SCACHE: size: 512 KB assoc: 2
SCACHE: hits:3749276 misses:673573  Hit Ratio: 84.77%
3CACHE: size: 4096 KB assoc: 2
3CACHE: hits:561006 misses:112567  Hit Ratio: 83.29%
3CACHE: dirty items replaced:13799
ITLB: size: 48, misses 367413, miss rate 0.49%
DTLB: size: 128, misses 217757, miss rate 0.32%
Avg mem delay: 1.066 cycles
----------------------------------------
==== Global Resource Utilization ====
STASH: size: 65536 entries, full 1566743780, empty 58346553, misses 5800048, full rate 96.07
icache bank util. 0.225 0.208 0.201 0.187 0.183 0.180 0.180 0.185 
dcache bank util. 0.127 0.203 0.208 0.198 0.155 0.139 0.166 0.134 
L2 bank util. 0.036 0.044 0.042 0.041 0.035 0.033 0.033 0.035 
L1-L2 bus util. = 0.165, L3 util. = 0.018
----------------------------------------

======================== 切片硬件状态 ========================
切片号 | 所属安全域 | 当前状态    | 路扩展 | LRU touched
------------------------------------------------------------------
  0    |   域2      | 正常运行   |  否   |  200999996
  1    |   域0      | 正常运行   |  是   |  200999999
  2    |   域0      | 正常运行   |  是   |  200999986
  3    |   域3      | 正常运行   |  否   |  200999999
==================================================================

branch prediction, hits = 72975632, misses = 11854028, hit rate = 86.03%
return_stack prediction, hits = 14089676, misses = 3618, hit rate = 99.97%
jump prediction, hits = 57556564, misses = 25562985, hit rate = 69.25%
 dlamch_ dlamc1_
======================== 切片硬件状态 ========================
切片号 | 所属安全域 | 当前状态    | 路扩展 | LRU touched
------------------------------------------------------------------
  0    |   域2      | 正常运行   |  否   |  223200000
  1    |   域0      | 正常运行   |  是   |  223199996
  2    |   域0      | 正常运行   |  是   |  223199999
  3    |   域3      | 正常运行   |  否   |  223200000
==================================================================

[动态重分配] 周期223200000：预约迁移 冗余域0(0%) -> 切片1 -> 饥饿域3(13%)
[切片剥夺] 周期223200000：切片1（所属域0）进入待剥夺状态，禁止新替换
[切片剥夺] 周期223200000：切片1在途请求已清空，开始执行脏行写回
[切片管理] 周期223215427：原域0仅剩1个切片，关闭路扩展模式
[动态重分配] 周期223215427：切片1写回完成，自动绑定到域3
[切片管理] 成功绑定切片1 → 安全域3，触发【路扩展模式】

======================== 切片硬件状态 ========================
切片号 | 所属安全域 | 当前状态    | 路扩展 | LRU touched
------------------------------------------------------------------
  0    |   域2      | 正常运行   |  否   |  223215422
  1    |   域3      | 正常运行   |  是   |  223215427
  2    |   域0      | 正常运行   |  否   |  223215423
  3    |   域3      | 正常运行   |  是   |  223215427
==================================================================


**** Debug Statistics at 301000000 Cycles *****
Threads: 4		Fetch Width: 8
No of useful instructions fetched:	969614775 (40.27% proc util.)
No of total instructions fetched:	1543807951 (64.11% proc util.)
 includes 172750417 misfetch (11.2%), 401442759 (26.0%) wrong-path fetches
 and 0 flushed after failed lock(0.0%)
No of useful instructions issued/executed:	969614754 (40.27% proc util.)
No of total instructions issued/executed:	1169143648 (48.55% proc util.)
 includes 199528894 wrong-path (17.1%) insts and 0 flushed (0.0%)
	fp 858036, 0.07%
	synch 0, 0.00%
	integer 764976790, 65.43%
	load/store 403308822, 34.50%
Avg size of int IQ (before scheduling): 16.04
Avg size of fp IQ (before scheduling): 0.02
No of cycles taken:		301000000
Parallelism [ 0.744, 0.000, 1.773, 0.705,] = 3.221
 IQ conflicts: 4125027 (1.37%), FQ conflicts: 0 (0.00%) 
 I reg conflicts: 22616898 (7.51%), FP reg conflicts: 0 (0.00%)
  Activelist confs: 1142 (0.00%), ROB confs: 138887 (0.05%)
  Int unit conflicts: 296198225 (98.40%), FP unit conflicts: 20 (0.00%)
  Load/store unit conflicts: 67728653 (22.50%)
  MSHR conflicts: 13765852 (4.57%)
----------------------------------------
==== System-wide Cache Statistics ====
Stall for miss queue full 1025 cycles (0.00%)
----------------------------------------
==== Statistics for Master ID: 0 ====
Reads: 198580317   Writes: 30759852
ICACHE: size: 64 KB assoc: 2
ICACHE: hits:111843675 misses:5397263  Hit Ratio: 95.40%
DCACHE: size: 1*32 KB assoc: 1*8
DCACHE: hits:111079103 misses:1020459 writebacks:335954  Hit Ratio: 99.09%
SCACHE: size: 512 KB assoc: 2
SCACHE: hits:5348962 misses:1068428  Hit Ratio: 83.35%
3CACHE: size: 4096 KB assoc: 2
3CACHE: hits:926377 misses:142051  Hit Ratio: 86.70%
3CACHE: dirty items replaced:33601
ITLB: size: 48, misses 561672, miss rate 0.48%
DTLB: size: 128, misses 241533, miss rate 0.22%
Avg mem delay: 1.015 cycles
----------------------------------------
==== Statistics for Master ID: 2 ====
Reads: 331139283   Writes: 57672298
ICACHE: size: 64 KB assoc: 2
ICACHE: hits:202855596 misses:2560672  Hit Ratio: 98.75%
DCACHE: size: 1*32 KB assoc: 1*8
DCACHE: hits:183229608 misses:165705 writebacks:149951  Hit Ratio: 99.91%
SCACHE: size: 512 KB assoc: 2
SCACHE: hits:2401705 misses:324672  Hit Ratio: 88.09%
3CACHE: size: 4096 KB assoc: 2
3CACHE: hits:173586 misses:151086  Hit Ratio: 53.47%
3CACHE: dirty items replaced:22434
ITLB: size: 48, misses 27516, miss rate 0.01%
DTLB: size: 128, misses 22840, miss rate 0.01%
Avg mem delay: 1.015 cycles
----------------------------------------
==== Statistics for Master ID: 3 ====
Reads: 192070754   Writes: 28936943
ICACHE: size: 64 KB assoc: 2
ICACHE: hits:108782323 misses:5727921  Hit Ratio: 95.00%
DCACHE: size: 2*32 KB assoc: 2*8
DCACHE: hits:105338121 misses:1159647 writebacks:270661  Hit Ratio: 98.91%
SCACHE: size: 512 KB assoc: 2
SCACHE: hits:5832021 misses:1055232  Hit Ratio: 84.68%
3CACHE: size: 4096 KB assoc: 2
3CACHE: hits:921304 misses:133928  Hit Ratio: 87.31%
3CACHE: dirty items replaced:21056
ITLB: size: 48, misses 563328, miss rate 0.49%
DTLB: size: 128, misses 289544, miss rate 0.27%
Avg mem delay: 1.015 cycles
----------------------------------------
==== Global Resource Utilization ====
STASH: size: 65536 entries, full 2146384745, empty 75466465, misses 7277852, full rate 96.29
icache bank util. 0.235 0.217 0.211 0.194 0.185 0.181 0.181 0.184 
dcache bank util. 0.124 0.202 0.217 0.202 0.166 0.152 0.172 0.132 
L2 bank util. 0.037 0.046 0.043 0.042 0.036 0.034 0.033 0.035 
L1-L2 bus util. = 0.167, L3 util. = 0.014
----------------------------------------

======================== 切片硬件状态 ========================
切片号 | 所属安全域 | 当前状态    | 路扩展 | LRU touched
------------------------------------------------------------------
  0    |   域2      | 正常运行   |  否   |  300999999
  1    |   域3      | 正常运行   |  是   |  300999990
  2    |   域0      | 正常运行   |  否   |  300999999
  3    |   域3      | 正常运行   |  是   |  300999999
==================================================================

branch prediction, hits = 116131428, misses = 17494903, hit rate = 86.91%
return_stack prediction, hits = 23081765, misses = 4644, hit rate = 99.98%
jump prediction, hits = 92608976, misses = 38667590, hit rate = 70.54%
 dlamc2_ sim_aux_config sim_reg_stats sim_init dlamc3_ dlamc4_ sim_aux_stats sim_uninit ruu_init dlamc5_
======================== 切片硬件状态 ========================
切片号 | 所属安全域 | 当前状态    | 路扩展 | LRU touched
------------------------------------------------------------------
  0    |   域2      | 正常运行   |  否   |  379499998
  1    |   域3      | 正常运行   |  是   |  379499997
  2    |   域0      | 正常运行   |  否   |  379499610
  3    |   域3      | 正常运行   |  是   |  379499998
==================================================================

[动态重分配] 周期379500000：预约迁移 冗余域3(2%) -> 切片1 -> 饥饿域0(14%)
[切片剥夺] 周期379500000：切片1（所属域3）进入待剥夺状态，禁止新替换
[切片剥夺] 周期379500000：切片1在途请求已清空，开始执行脏行写回
[切片管理] 周期379500164：原域3仅剩1个切片，关闭路扩展模式
[动态重分配] 周期379500164：切片1写回完成，自动绑定到域0
[切片管理] 成功绑定切片1 → 安全域0，触发【路扩展模式】

======================== 切片硬件状态 ========================
切片号 | 所属安全域 | 当前状态    | 路扩展 | LRU touched
------------------------------------------------------------------
  0    |   域2      | 正常运行   |  否   |  379500164
  1    |   域0      | 正常运行   |  是   |  379500164
  2    |   域0      | 正常运行   |  是   |  379500011
  3    |   域3      | 正常运行   |  否   |  379500161
==================================================================


======================== 切片硬件状态 ========================
切片号 | 所属安全域 | 当前状态    | 路扩展 | LRU touched
------------------------------------------------------------------
  0    |   域2      | 正常运行   |  否   |  398799922
  1    |   域0      | 正常运行   |  是   |  398799904
  2    |   域0      | 正常运行   |  是   |  398799923
  3    |   域3      | 正常运行   |  否   |  398799844
==================================================================

[动态重分配] 周期398800000：预约迁移 冗余域0(0%) -> 切片1 -> 饥饿域3(39%)
[切片剥夺] 周期398800000：切片1（所属域0）进入待剥夺状态，禁止新替换
[切片剥夺] 周期398800000：切片1在途请求已清空，开始执行脏行写回
有1切片写回中，跳过本次重分配
[切片管理] 周期398979003：原域0仅剩1个切片，关闭路扩展模式
[动态重分配] 周期398979003：切片1写回完成，自动绑定到域3
[切片管理] 成功绑定切片1 → 安全域3，触发【路扩展模式】

======================== 切片硬件状态 ========================
切片号 | 所属安全域 | 当前状态    | 路扩展 | LRU touched
------------------------------------------------------------------
  0    |   域2      | 正常运行   |  否   |  398978990
  1    |   域3      | 正常运行   |  是   |  398979003
  2    |   域0      | 正常运行   |  否   |  398978989
  3    |   域3      | 正常运行   |  是   |  398978870
==================================================================


**** Debug Statistics at 401000000 Cycles *****
Threads: 4		Fetch Width: 8
No of useful instructions fetched:	1337331059 (41.69% proc util.)
No of total instructions fetched:	2091979848 (65.21% proc util.)
 includes 222019262 misfetch (10.6%), 532629527 (25.5%) wrong-path fetches
 and 0 flushed after failed lock(0.0%)
No of useful instructions issued/executed:	1337331042 (41.69% proc util.)
No of total instructions issued/executed:	1601256200 (49.91% proc util.)
 includes 263925158 wrong-path (16.5%) insts and 0 flushed (0.0%)
	fp 992577, 0.06%
	synch 0, 0.00%
	integer 1048498631, 65.48%
	load/store 551764992, 34.46%
Avg size of int IQ (before scheduling): 16.50
Avg size of fp IQ (before scheduling): 0.02
No of cycles taken:		401000000
Parallelism [ 0.778, 0.000, 1.806, 0.751,] = 3.335
 IQ conflicts: 5182662 (1.29%), FQ conflicts: 0 (0.00%) 
 I reg conflicts: 28340344 (7.07%), FP reg conflicts: 0 (0.00%)
  Activelist confs: 3205 (0.00%), ROB confs: 243877 (0.06%)
  Int unit conflicts: 438209492 (109.28%), FP unit conflicts: 20 (0.00%)
  Load/store unit conflicts: 95876511 (23.91%)
  MSHR conflicts: 24980692 (6.23%)
----------------------------------------
==== System-wide Cache Statistics ====
Stall for miss queue full 1573 cycles (0.00%)
----------------------------------------
==== Statistics for Master ID: 0 ====
Reads: 274083900   Writes: 42750897
ICACHE: size: 64 KB assoc: 2
ICACHE: hits:154822844 misses:6807464  Hit Ratio: 95.79%
DCACHE: size: 1*32 KB assoc: 1*8
DCACHE: hits:153704208 misses:1500888 writebacks:495373  Hit Ratio: 99.03%
SCACHE: size: 512 KB assoc: 2
SCACHE: hits:6931708 misses:1376035  Hit Ratio: 83.44%
3CACHE: size: 4096 KB assoc: 2
3CACHE: hits:1173219 misses:202816  Hit Ratio: 85.26%
3CACHE: dirty items replaced:53363
ITLB: size: 48, misses 722505, miss rate 0.45%
DTLB: size: 128, misses 325132, miss rate 0.21%
Avg mem delay: 1.015 cycles
----------------------------------------
==== Statistics for Master ID: 2 ====
Reads: 445461791   Writes: 77821262
ICACHE: size: 64 KB assoc: 2
ICACHE: hits:273152539 misses:3265517  Hit Ratio: 98.82%
DCACHE: size: 1*32 KB assoc: 1*8
DCACHE: hits:246683584 misses:181413 writebacks:161736  Hit Ratio: 99.93%
SCACHE: size: 512 KB assoc: 2
SCACHE: hits:3084679 misses:362251  Hit Ratio: 89.49%
3CACHE: size: 4096 KB assoc: 2
3CACHE: hits:195927 misses:166324  Hit Ratio: 54.09%
3CACHE: dirty items replaced:26040
ITLB: size: 48, misses 28695, miss rate 0.01%
DTLB: size: 128, misses 26970, miss rate 0.01%
Avg mem delay: 1.015 cycles
----------------------------------------
==== Statistics for Master ID: 3 ====
Reads: 266444453   Writes: 40198744
ICACHE: size: 64 KB assoc: 2
ICACHE: hits:151490680 misses:7075173  Hit Ratio: 95.54%
DCACHE: size: 2*32 KB assoc: 2*8
DCACHE: hits:146564664 misses:1513045 writebacks:359166  Hit Ratio: 98.98%
SCACHE: size: 512 KB assoc: 2
SCACHE: hits:7234657 misses:1353196  Hit Ratio: 84.24%
3CACHE: size: 4096 KB assoc: 2
3CACHE: hits:1149441 misses:203755  Hit Ratio: 84.94%
3CACHE: dirty items replaced:45765
ITLB: size: 48, misses 722419, miss rate 0.46%
DTLB: size: 128, misses 377712, miss rate 0.26%
Avg mem delay: 1.015 cycles
----------------------------------------
==== Global Resource Utilization ====
STASH: size: 65536 entries, full 2741117349, empty 91941400, misses 8676991, full rate 96.46
icache bank util. 0.240 0.222 0.217 0.198 0.185 0.182 0.183 0.188 
dcache bank util. 0.130 0.203 0.222 0.209 0.168 0.152 0.180 0.140 
L2 bank util. 0.036 0.044 0.041 0.039 0.034 0.032 0.031 0.034 
L1-L2 bus util. = 0.160, L3 util. = 0.014
----------------------------------------

======================== 切片硬件状态 ========================
切片号 | 所属安全域 | 当前状态    | 路扩展 | LRU touched
------------------------------------------------------------------
  0    |   域2      | 正常运行   |  否   |  400999995
  1    |   域3      | 正常运行   |  是   |  400999990
  2    |   域0      | 正常运行   |  否   |  400999954
  3    |   域3      | 正常运行   |  是   |  400999999
==================================================================

branch prediction, hits = 161352427, misses = 22974662, hit rate = 87.54%
return_stack prediction, hits = 31792384, misses = 6727, hit rate = 99.98%
jump prediction, hits = 131086009, misses = 50209042, hit rate = 72.31%
 ruu_dumpent ruu_dump lsq_init lsq_dump rslink_init dlange_ ruu_release_fu eventq_init eventq_dump eventq_queue_event eventq_next_event readyq_init readyq_dump readyq_enqueue cv_init cv_dump ruu_commit ruu_recover ruu_writeback lsq_refresh ruu_issue rspec_dump dlansp_ tracer_recover tracer_init spec_mem_access mspec_dump simoo_mem_obj
**** Debug Statistics at 501000000 Cycles *****
Threads: 4		Fetch Width: 8
No of useful instructions fetched:	1679519467 (41.90% proc util.)
No of total instructions fetched:	2606876299 (65.04% proc util.)
 includes 271715320 misfetch (10.4%), 655641512 (25.2%) wrong-path fetches
 and 0 flushed after failed lock(0.0%)
No of useful instructions issued/executed:	1679519440 (41.90% proc util.)
No of total instructions issued/executed:	2005664251 (50.04% proc util.)
 includes 326144811 wrong-path (16.3%) insts and 0 flushed (0.0%)
	fp 1106004, 0.06%
	synch 0, 0.00%
	integer 1314197410, 65.52%
	load/store 690360837, 34.42%
Avg size of int IQ (before scheduling): 16.53
Avg size of fp IQ (before scheduling): 0.02
No of cycles taken:		501000000
Parallelism [ 0.772, 0.000, 1.852, 0.727,] = 3.352
 IQ conflicts: 6438748 (1.29%), FQ conflicts: 0 (0.00%) 
 I reg conflicts: 34417427 (6.87%), FP reg conflicts: 0 (0.00%)
  Activelist confs: 4270 (0.00%), ROB confs: 335852 (0.07%)
  Int unit conflicts: 543110133 (108.41%), FP unit conflicts: 23 (0.00%)
  Load/store unit conflicts: 119444980 (23.84%)
  MSHR conflicts: 31445414 (6.28%)
----------------------------------------
==== System-wide Cache Statistics ====
Stall for miss queue full 1573 cycles (0.00%)
----------------------------------------
==== Statistics for Master ID: 0 ====
Reads: 342479608   Writes: 53735629
ICACHE: size: 64 KB assoc: 2
ICACHE: hits:193512446 misses:8517030  Hit Ratio: 95.78%
DCACHE: size: 1*32 KB assoc: 1*8
DCACHE: hits:192186655 misses:1999713 writebacks:661407  Hit Ratio: 98.97%
SCACHE: size: 512 KB assoc: 2
SCACHE: hits:8734155 misses:1781980  Hit Ratio: 83.05%
3CACHE: size: 4096 KB assoc: 2
3CACHE: hits:1512006 misses:269974  Hit Ratio: 84.85%
3CACHE: dirty items replaced:83975
ITLB: size: 48, misses 920665, miss rate 0.46%
DTLB: size: 128, misses 406377, miss rate 0.21%
Avg mem delay: 1.010 cycles
----------------------------------------
==== Statistics for Master ID: 2 ====
Reads: 565216939   Writes: 99258282
ICACHE: size: 64 KB assoc: 2
ICACHE: hits:345981886 misses:3924299  Hit Ratio: 98.88%
DCACHE: size: 1*32 KB assoc: 1*8
DCACHE: hits:314371581 misses:197455 writebacks:173794  Hit Ratio: 99.94%
SCACHE: size: 512 KB assoc: 2
SCACHE: hits:3712594 misses:409160  Hit Ratio: 90.07%
3CACHE: size: 4096 KB assoc: 2
3CACHE: hits:226265 misses:182895  Hit Ratio: 55.30%
3CACHE: dirty items replaced:33556
ITLB: size: 48, misses 29547, miss rate 0.01%
DTLB: size: 128, misses 31658, miss rate 0.01%
Avg mem delay: 1.010 cycles
----------------------------------------
==== Statistics for Master ID: 3 ====
Reads: 322563938   Writes: 49173117
ICACHE: size: 64 KB assoc: 2
ICACHE: hits:183217803 misses:8863690  Hit Ratio: 95.39%
DCACHE: size: 2*32 KB assoc: 2*8
DCACHE: hits:177929134 misses:1726793 writebacks:433368  Hit Ratio: 99.04%
SCACHE: size: 512 KB assoc: 2
SCACHE: hits:8746902 misses:1843216  Hit Ratio: 82.59%
3CACHE: size: 4096 KB assoc: 2
3CACHE: hits:1558816 misses:284400  Hit Ratio: 84.57%
3CACHE: dirty items replaced:78066
ITLB: size: 48, misses 944438, miss rate 0.49%
DTLB: size: 128, misses 471972, miss rate 0.26%
Avg mem delay: 1.010 cycles
----------------------------------------
==== Global Resource Utilization ====
STASH: size: 65536 entries, full 3296070721, empty 113044040, misses 10471634, full rate 96.39
icache bank util. 0.241 0.223 0.218 0.197 0.183 0.180 0.182 0.187 
dcache bank util. 0.129 0.204 0.227 0.210 0.166 0.148 0.181 0.141 
L2 bank util. 0.036 0.044 0.041 0.039 0.034 0.032 0.031 0.035 
L1-L2 bus util. = 0.159, L3 util. = 0.015
----------------------------------------

======================== 切片硬件状态 ========================
切片号 | 所属安全域 | 当前状态    | 路扩展 | LRU touched
------------------------------------------------------------------
  0    |   域2      | 正常运行   |  否   |  500999997
  1    |   域3      | 正常运行   |  是   |  500999999
  2    |   域0      | 正常运行   |  否   |  500999998
  3    |   域3      | 正常运行   |  是   |  500999999
==================================================================

branch prediction, hits = 202959934, misses = 28143435, hit rate = 87.82%
return_stack prediction, hits = 40693516, misses = 12346, hit rate = 99.97%
jump prediction, hits = 167229366, misses = 61317398, hit rate = 73.17%
 ruu_link_idep ruu_install_odep InstSRA dlanst_ InstSRAV InstMULT InstMULTU simoo_reg_obj dlantr_
======================== 切片硬件状态 ========================
切片号 | 所属安全域 | 当前状态    | 路扩展 | LRU touched
------------------------------------------------------------------
  0    |   域2      | 正常运行   |  否   |  525299998
  1    |   域3      | 正常运行   |  是   |  525299999
  2    |   域0      | 正常运行   |  否   |  525299992
  3    |   域3      | 正常运行   |  是   |  525299997
==================================================================

[动态重分配] 周期525300000：预约迁移 冗余域3(0%) -> 切片1 -> 饥饿域0(12%)
[切片剥夺] 周期525300000：切片1（所属域3）进入待剥夺状态，禁止新替换
[切片剥夺] 周期525300000：切片1在途请求已清空，开始执行脏行写回
[切片管理] 周期525300185：原域3仅剩1个切片，关闭路扩展模式
[动态重分配] 周期525300185：切片1写回完成，自动绑定到域0
[切片管理] 成功绑定切片1 → 安全域0，触发【路扩展模式】

======================== 切片硬件状态 ========================
切片号 | 所属安全域 | 当前状态    | 路扩展 | LRU touched
------------------------------------------------------------------
  0    |   域2      | 正常运行   |  否   |  525300061
  1    |   域0      | 正常运行   |  是   |  525300185
  2    |   域0      | 正常运行   |  是   |  525300183
  3    |   域3      | 正常运行   |  否   |  525300046
==================================================================


**** Early Exiting at 590577928 Cycles *****
========================================
 SMTSIM Global Statistics
========================================
Threads: 4		Fetch Width: 8
No of useful instructions fetched:	2000000055 (42.33% proc util.)
No of total instructions fetched:	3090247010 (65.41% proc util.)
 includes 317243576 misfetch (10.3%), 773003379 (25.0%) wrong-path fetches
 and 0 flushed after failed lock(0.0%)
No of useful instructions issued/executed:	2000000026 (42.33% proc util.)
No of total instructions issued/executed:	2384289465 (50.47% proc util.)
 includes 384289439 wrong-path (16.1%) insts and 0 flushed (0.0%)
	fp 1207546, 0.05%
	synch 0, 0.00%
	integer 1562859544, 65.55%
	load/store 820222375, 34.40%
Avg size of int IQ (before scheduling): 16.55
Avg size of fp IQ (before scheduling): 0.01
No of cycles taken:		590577928
Parallelism [ 0.780, 0.000, 1.872, 0.734,] = 3.387
 IQ conflicts: 6970500 (1.18%), FQ conflicts: 0 (0.00%) 
 I reg conflicts: 39196586 (6.64%), FP reg conflicts: 0 (0.00%)
  Activelist confs: 6074 (0.00%), ROB confs: 412496 (0.07%)
  Int unit conflicts: 653739838 (110.69%), FP unit conflicts: 24 (0.00%)
  Load/store unit conflicts: 142546960 (24.14%)
  MSHR conflicts: 38695373 (6.55%)
----------------------------------------
==== System-wide Cache Statistics ====
Stall for miss queue full 1573 cycles (0.00%)
----------------------------------------
==== Statistics for Master ID: 0 ====
Reads: 406898388   Writes: 63832336
ICACHE: size: 64 KB assoc: 2
ICACHE: hits:230241043 misses:9909600  Hit Ratio: 95.87%
DCACHE: size: 2*32 KB assoc: 2*8
DCACHE: hits:228262267 misses:2318421 writebacks:765351  Hit Ratio: 98.99%
SCACHE: size: 512 KB assoc: 2
SCACHE: hits:10165954 misses:2061459  Hit Ratio: 83.14%
3CACHE: size: 4096 KB assoc: 2
3CACHE: hits:1731134 misses:330325  Hit Ratio: 83.98%
3CACHE: dirty items replaced:116552
ITLB: size: 48, misses 1087628, miss rate 0.45%
DTLB: size: 128, misses 485042, miss rate 0.21%
Avg mem delay: 1.003 cycles
----------------------------------------
==== Statistics for Master ID: 2 ====
Reads: 670658266   Writes: 117838411
ICACHE: size: 64 KB assoc: 2
ICACHE: hits:410606196 misses:4556038  Hit Ratio: 98.90%
DCACHE: size: 1*32 KB assoc: 1*8
DCACHE: hits:373123236 misses:211207 writebacks:184252  Hit Ratio: 99.94%
SCACHE: size: 512 KB assoc: 2
SCACHE: hits:4324386 misses:442859  Hit Ratio: 90.71%
3CACHE: size: 4096 KB assoc: 2
3CACHE: hits:246188 misses:196671  Hit Ratio: 55.59%
3CACHE: dirty items replaced:40645
ITLB: size: 48, misses 30552, miss rate 0.01%
DTLB: size: 128, misses 35709, miss rate 0.01%
Avg mem delay: 1.003 cycles
----------------------------------------
==== Statistics for Master ID: 3 ====
Reads: 383470646   Writes: 58819539
ICACHE: size: 64 KB assoc: 2
ICACHE: hits:217820563 misses:10401650  Hit Ratio: 95.44%
DCACHE: size: 1*32 KB assoc: 1*8
DCACHE: hits:212057869 misses:2010525 writebacks:518257  Hit Ratio: 99.06%
SCACHE: size: 512 KB assoc: 2
SCACHE: hits:10314175 misses:2097578  Hit Ratio: 83.10%
3CACHE: size: 4096 KB assoc: 2
3CACHE: hits:1765426 misses:332152  Hit Ratio: 84.16%
3CACHE: dirty items replaced:102695
ITLB: size: 48, misses 1131473, miss rate 0.50%
DTLB: size: 128, misses 540006, miss rate 0.25%
Avg mem delay: 1.003 cycles
----------------------------------------
==== Global Resource Utilization ====
STASH: size: 65536 entries, full 3819124309, empty 130102433, misses 11917797, full rate 96.41
icache bank util. 0.244 0.225 0.220 0.198 0.183 0.181 0.183 0.189 
dcache bank util. 0.130 0.206 0.231 0.211 0.166 0.146 0.182 0.143 
L2 bank util. 0.036 0.043 0.040 0.038 0.033 0.032 0.031 0.034 
L1-L2 bus util. = 0.157, L3 util. = 0.015
----------------------------------------

======================== 切片硬件状态 ========================
切片号 | 所属安全域 | 当前状态    | 路扩展 | LRU touched
------------------------------------------------------------------
  0    |   域2      | 正常运行   |  否   |  590577925
  1    |   域0      | 正常运行   |  是   |  590577913
  2    |   域0      | 正常运行   |  是   |  590577927
  3    |   域3      | 正常运行   |  否   |  590577926
==================================================================

branch prediction, hits = 241935125, misses = 33128501, hit rate = 87.96%
return_stack prediction, hits = 48582759, misses = 17417, hit rate = 99.96%
jump prediction, hits = 200289493, misses = 71836571, hit rate = 73.60%
total IPC 3.387

=== Results saved to: ./results/gcc-scilab_2_equake_1_gcc-166_1.txt ===
