===== 执行信息 =====
Cache目录：smtc64
执行命令：./smtsim ../cacherand.arg2 ../gzip-program.arg2
执行时间：2026-04-17 16:59:19
返回码：0
===== 输出内容 =====
SMTCache
Process 0, Thread 0: cacherand
Process 0, Thread 1: cacherand
Process 2, Thread 2: gzip-program
Process 2, Thread 3: gzip-program

**** Debug Statistics at 1000000 Cycles *****
Threads: 4		Fetch Width: 8
No of useful instructions fetched:	940354 (11.75% proc util.)
No of total instructions fetched:	943365 (11.79% proc util.)
 includes 1314 misfetch (0.1%), 1697 (0.2%) wrong-path fetches
 and 0 flushed after failed lock(0.0%)
No of useful instructions issued/executed:	940314 (11.75% proc util.)
No of total instructions issued/executed:	941089 (11.76% proc util.)
 includes 775 wrong-path (0.1%) insts and 0 flushed (0.0%)
	fp 24, 0.00%
	synch 0, 0.00%
	integer 833550, 88.57%
	load/store 107515, 11.42%
Avg size of int IQ (before scheduling): 34.78
Avg size of fp IQ (before scheduling): 0.00
No of cycles taken:		1000000
Parallelism [ 0.776, 0.000, 0.164, 0.000,] = 0.940
 IQ conflicts: 458 (0.05%), FQ conflicts: 0 (0.00%) 
 I reg conflicts: 874702 (87.47%), FP reg conflicts: 0 (0.00%)
  Activelist confs: 0 (0.00%), ROB confs: 0 (0.00%)
  Int unit conflicts: 1241 (0.12%), FP unit conflicts: 0 (0.00%)
  Load/store unit conflicts: 265 (0.03%)
  MSHR conflicts: 1559 (0.16%)
----------------------------------------
==== System-wide Cache Statistics ====
Stall for miss queue full 0 cycles (0.00%)
----------------------------------------
==== Statistics for Master ID: 0 ====
Reads: 152123   Writes: 0
ICACHE: size: 64 KB assoc: 2
ICACHE: hits:123367 misses:3  Hit Ratio: 100.00%
DCACHE: size: 16 KB assoc: 4
DCACHE: hits:9464 misses:19289 writebacks:0  Hit Ratio: 32.91%
SCACHE: size: 512 KB assoc: 2
SCACHE: hits:17537 misses:1755  Hit Ratio: 90.90%
3CACHE: size: 4096 KB assoc: 2
3CACHE: hits:950 misses:804  Hit Ratio: 54.16%
3CACHE: dirty items replaced:0
ITLB: size: 48, misses 1, miss rate 0.00%
DTLB: size: 128, misses 30, miss rate 0.10%
Avg mem delay: 165.272 cycles
----------------------------------------
==== Statistics for Master ID: 2 ====
Reads: 155816   Writes: 26638
ICACHE: size: 64 KB assoc: 2
ICACHE: hits:103498 misses:197  Hit Ratio: 99.81%
DCACHE: size: 16 KB assoc: 4
DCACHE: hits:27685 misses:51074 writebacks:25714  Hit Ratio: 35.15%
SCACHE: size: 512 KB assoc: 2
SCACHE: hits:25204 misses:26063  Hit Ratio: 49.16%
3CACHE: size: 4096 KB assoc: 2
3CACHE: hits:0 misses:26063  Hit Ratio: 0.00%
3CACHE: dirty items replaced:0
ITLB: size: 48, misses 18, miss rate 0.02%
DTLB: size: 128, misses 6449, miss rate 8.19%
Avg mem delay: 165.272 cycles
----------------------------------------
==== Global Resource Utilization ====
STASH: size: 65536 entries, full 100954503, empty 2408, misses 206, full rate 100.00
icache bank util. 0.079 0.064 0.000 0.000 0.000 0.000 0.020 0.064 
dcache bank util. 0.011 0.011 0.037 0.011 0.011 0.011 0.293 0.011 
L2 bank util. 0.013 0.013 0.013 0.013 0.013 0.013 0.452 0.013 
L1-L2 bus util. = 0.289, L3 util. = 0.269
----------------------------------------
branch prediction, hits = 35429, misses = 141, hit rate = 99.60%
return_stack prediction, hits = 79, misses = 9, hit rate = 89.77%
jump prediction, hits = 35404, misses = 236, hit rate = 99.34%

**** Debug Statistics at 101000000 Cycles *****
Threads: 4		Fetch Width: 8
No of useful instructions fetched:	110898789 (13.73% proc util.)
No of total instructions fetched:	110906554 (13.73% proc util.)
 includes 1609 misfetch (0.0%), 6156 (0.0%) wrong-path fetches
 and 0 flushed after failed lock(0.0%)
No of useful instructions issued/executed:	110898770 (13.73% proc util.)
No of total instructions issued/executed:	110901605 (13.73% proc util.)
 includes 2835 wrong-path (0.0%) insts and 0 flushed (0.0%)
	fp 38, 0.00%
	synch 0, 0.00%
	integer 96842673, 87.32%
	load/store 14058894, 12.68%
Avg size of int IQ (before scheduling): 20.47
Avg size of fp IQ (before scheduling): 0.00
No of cycles taken:		101000000
Parallelism [ 0.728, 0.000, 0.370, 0.000,] = 1.098
 IQ conflicts: 31281 (0.03%), FQ conflicts: 0 (0.00%) 
 I reg conflicts: 86216235 (85.36%), FP reg conflicts: 0 (0.00%)
  Activelist confs: 0 (0.00%), ROB confs: 0 (0.00%)
  Int unit conflicts: 888793 (0.88%), FP unit conflicts: 0 (0.00%)
  Load/store unit conflicts: 543 (0.00%)
  MSHR conflicts: 799818 (0.79%)
----------------------------------------
==== System-wide Cache Statistics ====
Stall for miss queue full 0 cycles (0.00%)
----------------------------------------
==== Statistics for Master ID: 0 ====
Reads: 17291869   Writes: 0
ICACHE: size: 64 KB assoc: 2
ICACHE: hits:14568976 misses:4  Hit Ratio: 100.00%
DCACHE: size: 16 KB assoc: 4
DCACHE: hits:907261 misses:1815628 writebacks:0  Hit Ratio: 33.32%
SCACHE: size: 512 KB assoc: 2
SCACHE: hits:1806366 misses:9266  Hit Ratio: 99.49%
3CACHE: size: 4096 KB assoc: 2
3CACHE: hits:7392 misses:1874  Hit Ratio: 79.78%
3CACHE: dirty items replaced:0
ITLB: size: 48, misses 1, miss rate 0.00%
DTLB: size: 128, misses 153, miss rate 0.01%
Avg mem delay: 32.301 cycles
----------------------------------------
==== Statistics for Master ID: 2 ====
Reads: 19714846   Writes: 5575580
ICACHE: size: 64 KB assoc: 2
ICACHE: hits:13954176 misses:248  Hit Ratio: 100.00%
DCACHE: size: 16 KB assoc: 4
DCACHE: hits:9620615 misses:1715387 writebacks:858054  Hit Ratio: 84.87%
SCACHE: size: 512 KB assoc: 2
SCACHE: hits:183405 misses:1532230  Hit Ratio: 10.69%
3CACHE: size: 4096 KB assoc: 2
3CACHE: hits:0 misses:1532230  Hit Ratio: 0.00%
3CACHE: dirty items replaced:0
ITLB: size: 48, misses 19, miss rate 0.00%
DTLB: size: 128, misses 67213, miss rate 0.59%
Avg mem delay: 32.301 cycles
----------------------------------------
==== Global Resource Utilization ====
STASH: size: 65536 entries, full 212291315, empty 2894, misses 250, full rate 100.00
icache bank util. 0.091 0.063 0.000 0.000 0.000 0.082 0.012 0.034 
dcache bank util. 0.031 0.031 0.033 0.031 0.031 0.031 0.038 0.044 
L2 bank util. 0.029 0.029 0.029 0.029 0.029 0.029 0.039 0.050 
L1-L2 bus util. = 0.130, L3 util. = 0.152
----------------------------------------
branch prediction, hits = 8159389, misses = 373, hit rate = 100.00%
return_stack prediction, hits = 216, misses = 10, hit rate = 95.58%
jump prediction, hits = 8159563, misses = 296, hit rate = 100.00%

**** Debug Statistics at 201000000 Cycles *****
Threads: 4		Fetch Width: 8
No of useful instructions fetched:	409242500 (25.45% proc util.)
No of total instructions fetched:	451199545 (28.06% proc util.)
 includes 4996 misfetch (0.0%), 41952049 (9.3%) wrong-path fetches
 and 0 flushed after failed lock(0.0%)
No of useful instructions issued/executed:	409242436 (25.45% proc util.)
No of total instructions issued/executed:	427912914 (26.61% proc util.)
 includes 18670478 wrong-path (4.4%) insts and 0 flushed (0.0%)
	fp 38, 0.00%
	synch 0, 0.00%
	integer 362754044, 84.77%
	load/store 65158832, 15.23%
Avg size of int IQ (before scheduling): 24.48
Avg size of fp IQ (before scheduling): 0.00
No of cycles taken:		201000000
Parallelism [ 1.089, 0.000, 0.947, 0.000,] = 2.036
 IQ conflicts: 55394 (0.03%), FQ conflicts: 0 (0.00%) 
 I reg conflicts: 138080873 (68.70%), FP reg conflicts: 0 (0.00%)
  Activelist confs: 0 (0.00%), ROB confs: 12 (0.00%)
  Int unit conflicts: 40539097 (20.17%), FP unit conflicts: 0 (0.00%)
  Load/store unit conflicts: 682343 (0.34%)
  MSHR conflicts: 2821059 (1.40%)
----------------------------------------
==== System-wide Cache Statistics ====
Stall for miss queue full 0 cycles (0.00%)
----------------------------------------
==== Statistics for Master ID: 0 ====
Reads: 67838140   Writes: 0
ICACHE: size: 64 KB assoc: 2
ICACHE: hits:59730497 misses:6  Hit Ratio: 100.00%
DCACHE: size: 16 KB assoc: 4
DCACHE: hits:2700549 misses:5407088 writebacks:0  Hit Ratio: 33.31%
SCACHE: size: 512 KB assoc: 2
SCACHE: hits:5396496 misses:10598  Hit Ratio: 99.80%
3CACHE: size: 4096 KB assoc: 2
3CACHE: hits:7831 misses:2767  Hit Ratio: 73.89%
3CACHE: dirty items replaced:0
ITLB: size: 48, misses 1, miss rate 0.00%
DTLB: size: 128, misses 167, miss rate 0.00%
Avg mem delay: 7.699 cycles
----------------------------------------
==== Statistics for Master ID: 2 ====
Reads: 99502450   Writes: 18171304
ICACHE: size: 64 KB assoc: 2
ICACHE: hits:60622041 misses:526  Hit Ratio: 100.00%
DCACHE: size: 16 KB assoc: 4
DCACHE: hits:53577035 misses:3474152 writebacks:1585899  Hit Ratio: 93.91%
SCACHE: size: 512 KB assoc: 2
SCACHE: hits:1332309 misses:2142369  Hit Ratio: 38.34%
3CACHE: size: 4096 KB assoc: 2
3CACHE: hits:16170 misses:2126199  Hit Ratio: 0.75%
3CACHE: dirty items replaced:0
ITLB: size: 48, misses 25, miss rate 0.00%
DTLB: size: 128, misses 90971, miss rate 0.16%
Avg mem delay: 7.699 cycles
----------------------------------------
==== Global Resource Utilization ====
STASH: size: 65536 entries, full 577208058, empty 6791, misses 521, full rate 100.00
icache bank util. 0.199 0.139 0.014 0.019 0.032 0.107 0.039 0.051 
dcache bank util. 0.048 0.058 0.062 0.055 0.072 0.045 0.079 0.060 
L2 bank util. 0.034 0.034 0.034 0.034 0.034 0.033 0.039 0.047 
L1-L2 bus util. = 0.156, L3 util. = 0.106
----------------------------------------
branch prediction, hits = 23542795, misses = 1332902, hit rate = 94.64%
return_stack prediction, hits = 915091, misses = 10, hit rate = 100.00%
jump prediction, hits = 27237490, misses = 1007, hit rate = 100.00%

**** Debug Statistics at 301000000 Cycles *****
Threads: 4		Fetch Width: 8
No of useful instructions fetched:	812570936 (33.74% proc util.)
No of total instructions fetched:	906505340 (37.65% proc util.)
 includes 8343 misfetch (0.0%), 93926061 (10.4%) wrong-path fetches
 and 0 flushed after failed lock(0.0%)
No of useful instructions issued/executed:	812570891 (33.74% proc util.)
No of total instructions issued/executed:	853963954 (35.46% proc util.)
 includes 41393063 wrong-path (4.8%) insts and 0 flushed (0.0%)
	fp 38, 0.00%
	synch 0, 0.00%
	integer 718092595, 84.09%
	load/store 135871321, 15.91%
Avg size of int IQ (before scheduling): 27.59
Avg size of fp IQ (before scheduling): 0.00
No of cycles taken:		301000000
Parallelism [ 1.334, 0.000, 1.365, 0.000,] = 2.700
 IQ conflicts: 91464 (0.03%), FQ conflicts: 0 (0.00%) 
 I reg conflicts: 173288039 (57.57%), FP reg conflicts: 0 (0.00%)
  Activelist confs: 0 (0.00%), ROB confs: 12 (0.00%)
  Int unit conflicts: 103478418 (34.38%), FP unit conflicts: 0 (0.00%)
  Load/store unit conflicts: 1754530 (0.58%)
  MSHR conflicts: 3745185 (1.24%)
----------------------------------------
==== System-wide Cache Statistics ====
Stall for miss queue full 0 cycles (0.00%)
----------------------------------------
==== Statistics for Master ID: 0 ====
Reads: 135005755   Writes: 0
ICACHE: size: 64 KB assoc: 2
ICACHE: hits:120133006 misses:6  Hit Ratio: 100.00%
DCACHE: size: 16 KB assoc: 4
DCACHE: hits:4955299 misses:9917444 writebacks:0  Hit Ratio: 33.32%
SCACHE: size: 512 KB assoc: 2
SCACHE: hits:9905543 misses:11906  Hit Ratio: 99.88%
3CACHE: size: 4096 KB assoc: 2
3CACHE: hits:8796 misses:3110  Hit Ratio: 73.88%
3CACHE: dirty items replaced:0
ITLB: size: 48, misses 1, miss rate 0.00%
DTLB: size: 128, misses 167, miss rate 0.00%
Avg mem delay: 4.324 cycles
----------------------------------------
==== Statistics for Master ID: 2 ====
Reads: 209558457   Writes: 34993341
ICACHE: size: 64 KB assoc: 2
ICACHE: hits:123552702 misses:527  Hit Ratio: 100.00%
DCACHE: size: 16 KB assoc: 4
DCACHE: hits:116040663 misses:4957906 writebacks:2228251  Hit Ratio: 95.90%
SCACHE: size: 512 KB assoc: 2
SCACHE: hits:2762868 misses:2195565  Hit Ratio: 55.72%
3CACHE: size: 4096 KB assoc: 2
3CACHE: hits:40968 misses:2154597  Hit Ratio: 1.87%
3CACHE: dirty items replaced:6
ITLB: size: 48, misses 25, miss rate 0.00%
DTLB: size: 128, misses 91453, miss rate 0.08%
Avg mem delay: 4.324 cycles
----------------------------------------
==== Global Resource Utilization ====
STASH: size: 65536 entries, full 1068081597, empty 6811, misses 523, full rate 100.00
icache bank util. 0.271 0.190 0.023 0.033 0.053 0.116 0.058 0.066 
dcache bank util. 0.059 0.074 0.083 0.070 0.103 0.053 0.107 0.072 
L2 bank util. 0.036 0.036 0.036 0.036 0.035 0.035 0.039 0.046 
L1-L2 bus util. = 0.170, L3 util. = 0.072
----------------------------------------
branch prediction, hits = 42971137, misses = 2995669, hit rate = 93.48%
return_stack prediction, hits = 2383860, misses = 10, hit rate = 100.00%
jump prediction, hits = 52190824, misses = 1795, hit rate = 100.00%

**** Debug Statistics at 401000000 Cycles *****
Threads: 4		Fetch Width: 8
No of useful instructions fetched:	1208287025 (37.66% proc util.)
No of total instructions fetched:	1361343633 (42.44% proc util.)
 includes 12081 misfetch (0.0%), 153044527 (11.2%) wrong-path fetches
 and 0 flushed after failed lock(0.0%)
No of useful instructions issued/executed:	1208286975 (37.66% proc util.)
No of total instructions issued/executed:	1276847893 (39.80% proc util.)
 includes 68560918 wrong-path (5.4%) insts and 0 flushed (0.0%)
	fp 38, 0.00%
	synch 0, 0.00%
	integer 1070890450, 83.87%
	load/store 205957405, 16.13%
Avg size of int IQ (before scheduling): 29.12
Avg size of fp IQ (before scheduling): 0.00
No of cycles taken:		401000000
Parallelism [ 1.456, 0.000, 1.557, 0.000,] = 3.013
 IQ conflicts: 126648 (0.03%), FQ conflicts: 0 (0.00%) 
 I reg conflicts: 208383176 (51.97%), FP reg conflicts: 0 (0.00%)
  Activelist confs: 0 (0.00%), ROB confs: 12 (0.00%)
  Int unit conflicts: 164606078 (41.05%), FP unit conflicts: 0 (0.00%)
  Load/store unit conflicts: 2822494 (0.70%)
  MSHR conflicts: 4572084 (1.14%)
----------------------------------------
==== System-wide Cache Statistics ====
Stall for miss queue full 0 cycles (0.00%)
----------------------------------------
==== Statistics for Master ID: 0 ====
Reads: 202398648   Writes: 0
ICACHE: size: 64 KB assoc: 2
ICACHE: hits:180769823 misses:6  Hit Ratio: 100.00%
DCACHE: size: 16 KB assoc: 4
DCACHE: hits:7207210 misses:14421609 writebacks:0  Hit Ratio: 33.32%
SCACHE: size: 512 KB assoc: 2
SCACHE: hits:14408705 misses:12910  Hit Ratio: 99.91%
3CACHE: size: 4096 KB assoc: 2
3CACHE: hits:9728 misses:3182  Hit Ratio: 75.35%
3CACHE: dirty items replaced:0
ITLB: size: 48, misses 1, miss rate 0.00%
DTLB: size: 128, misses 167, miss rate 0.00%
Avg mem delay: 3.364 cycles
----------------------------------------
==== Statistics for Master ID: 2 ====
Reads: 319504213   Writes: 51473047
ICACHE: size: 64 KB assoc: 2
ICACHE: hits:186648158 misses:527  Hit Ratio: 100.00%
DCACHE: size: 16 KB assoc: 4
DCACHE: hits:177587960 misses:6740615 writebacks:2946127  Hit Ratio: 96.34%
SCACHE: size: 512 KB assoc: 2
SCACHE: hits:4497549 misses:2243593  Hit Ratio: 66.72%
3CACHE: size: 4096 KB assoc: 2
3CACHE: hits:62395 misses:2181198  Hit Ratio: 2.78%
3CACHE: dirty items replaced:6
ITLB: size: 48, misses 25, miss rate 0.00%
DTLB: size: 128, misses 91880, miss rate 0.05%
Avg mem delay: 3.364 cycles
----------------------------------------
==== Global Resource Utilization ====
STASH: size: 65536 entries, full 1559772682, empty 6811, misses 523, full rate 100.00
icache bank util. 0.307 0.215 0.027 0.039 0.064 0.121 0.068 0.075 
dcache bank util. 0.065 0.083 0.093 0.078 0.118 0.058 0.122 0.078 
L2 bank util. 0.037 0.037 0.037 0.038 0.037 0.037 0.039 0.047 
L1-L2 bus util. = 0.180, L3 util. = 0.054
----------------------------------------
branch prediction, hits = 61691894, misses = 4829132, hit rate = 92.74%
return_stack prediction, hits = 3827715, misses = 10, hit rate = 100.00%
jump prediction, hits = 76553351, misses = 2617, hit rate = 100.00%

**** Debug Statistics at 501000000 Cycles *****
Threads: 4		Fetch Width: 8
No of useful instructions fetched:	1604844731 (40.04% proc util.)
No of total instructions fetched:	1818633708 (45.38% proc util.)
 includes 15637 misfetch (0.0%), 213773340 (11.8%) wrong-path fetches
 and 0 flushed after failed lock(0.0%)
No of useful instructions issued/executed:	1604844676 (40.04% proc util.)
No of total instructions issued/executed:	1700170570 (42.42% proc util.)
 includes 95325894 wrong-path (5.6%) insts and 0 flushed (0.0%)
	fp 38, 0.00%
	synch 0, 0.00%
	integer 1424060653, 83.76%
	load/store 276109879, 16.24%
Avg size of int IQ (before scheduling): 30.03
Avg size of fp IQ (before scheduling): 0.00
No of cycles taken:		501000000
Parallelism [ 1.530, 0.000, 1.673, 0.000,] = 3.203
 IQ conflicts: 164103 (0.03%), FQ conflicts: 0 (0.00%) 
 I reg conflicts: 243168130 (48.54%), FP reg conflicts: 0 (0.00%)
  Activelist confs: 0 (0.00%), ROB confs: 12 (0.00%)
  Int unit conflicts: 226161122 (45.14%), FP unit conflicts: 0 (0.00%)
  Load/store unit conflicts: 3889526 (0.78%)
  MSHR conflicts: 5427889 (1.08%)
----------------------------------------
==== System-wide Cache Statistics ====
Stall for miss queue full 0 cycles (0.00%)
----------------------------------------
==== Statistics for Master ID: 0 ====
Reads: 270064457   Writes: 0
ICACHE: size: 64 KB assoc: 2
ICACHE: hits:241674883 misses:6  Hit Ratio: 100.00%
DCACHE: size: 16 KB assoc: 4
DCACHE: hits:9459898 misses:18929670 writebacks:0  Hit Ratio: 33.32%
SCACHE: size: 512 KB assoc: 2
SCACHE: hits:18915606 misses:14069  Hit Ratio: 99.93%
3CACHE: size: 4096 KB assoc: 2
3CACHE: hits:10255 misses:3814  Hit Ratio: 72.89%
3CACHE: dirty items replaced:0
ITLB: size: 48, misses 1, miss rate 0.00%
DTLB: size: 128, misses 167, miss rate 0.00%
Avg mem delay: 2.899 cycles
----------------------------------------
==== Statistics for Master ID: 2 ====
Reads: 429827007   Writes: 67954953
ICACHE: size: 64 KB assoc: 2
ICACHE: hits:250061136 misses:527  Hit Ratio: 100.00%
DCACHE: size: 16 KB assoc: 4
DCACHE: hits:239332289 misses:8388008 writebacks:3617052  Hit Ratio: 96.61%
SCACHE: size: 512 KB assoc: 2
SCACHE: hits:6094621 misses:2293914  Hit Ratio: 72.65%
3CACHE: size: 4096 KB assoc: 2
3CACHE: hits:84682 misses:2209232  Hit Ratio: 3.69%
3CACHE: dirty items replaced:10
ITLB: size: 48, misses 25, miss rate 0.00%
DTLB: size: 128, misses 92325, miss rate 0.04%
Avg mem delay: 2.899 cycles
----------------------------------------
==== Global Resource Utilization ====
STASH: size: 65536 entries, full 2053926053, empty 6811, misses 523, full rate 100.00
icache bank util. 0.329 0.230 0.030 0.043 0.071 0.125 0.074 0.080 
dcache bank util. 0.068 0.088 0.099 0.083 0.127 0.060 0.130 0.082 
L2 bank util. 0.038 0.038 0.038 0.038 0.038 0.037 0.039 0.047 
L1-L2 bus util. = 0.185, L3 util. = 0.044
----------------------------------------
branch prediction, hits = 80471763, misses = 6758924, hit rate = 92.25%
return_stack prediction, hits = 5269112, misses = 10, hit rate = 100.00%
jump prediction, hits = 101084248, misses = 3423, hit rate = 100.00%

**** Early Exiting at 599241019 Cycles *****
========================================
 SMTSIM Global Statistics
========================================
Threads: 4		Fetch Width: 8
No of useful instructions fetched:	2000000086 (41.72% proc util.)
No of total instructions fetched:	2265328876 (47.25% proc util.)
 includes 19216 misfetch (0.0%), 265309574 (11.7%) wrong-path fetches
 and 0 flushed after failed lock(0.0%)
No of useful instructions issued/executed:	2000000051 (41.72% proc util.)
No of total instructions issued/executed:	2118013342 (44.18% proc util.)
 includes 118013291 wrong-path (5.6%) insts and 0 flushed (0.0%)
	fp 38, 0.00%
	synch 0, 0.00%
	integer 1772477694, 83.69%
	load/store 345535610, 16.31%
Avg size of int IQ (before scheduling): 30.66
Avg size of fp IQ (before scheduling): 0.00
No of cycles taken:		599241019
Parallelism [ 1.579, 0.000, 1.759, 0.000,] = 3.338
 IQ conflicts: 199963 (0.03%), FQ conflicts: 0 (0.00%) 
 I reg conflicts: 277826371 (46.36%), FP reg conflicts: 0 (0.00%)
  Activelist confs: 0 (0.00%), ROB confs: 12 (0.00%)
  Int unit conflicts: 287782317 (48.02%), FP unit conflicts: 0 (0.00%)
  Load/store unit conflicts: 4942713 (0.82%)
  MSHR conflicts: 6332982 (1.06%)
----------------------------------------
==== System-wide Cache Statistics ====
Stall for miss queue full 0 cycles (0.00%)
----------------------------------------
==== Statistics for Master ID: 0 ====
Reads: 335996664   Writes: 0
ICACHE: size: 64 KB assoc: 2
ICACHE: hits:300962769 misses:6  Hit Ratio: 100.00%
DCACHE: size: 16 KB assoc: 4
DCACHE: hits:11674198 misses:23359691 writebacks:0  Hit Ratio: 33.32%
SCACHE: size: 512 KB assoc: 2
SCACHE: hits:23344481 misses:15216  Hit Ratio: 99.93%
3CACHE: size: 4096 KB assoc: 2
3CACHE: hits:11346 misses:3870  Hit Ratio: 74.57%
3CACHE: dirty items replaced:0
ITLB: size: 48, misses 1, miss rate 0.00%
DTLB: size: 128, misses 167, miss rate 0.00%
Avg mem delay: 2.628 cycles
----------------------------------------
==== Statistics for Master ID: 2 ====
Reads: 537804264   Writes: 84525900
ICACHE: size: 64 KB assoc: 2
ICACHE: hits:311827930 misses:527  Hit Ratio: 100.00%
DCACHE: size: 16 KB assoc: 4
DCACHE: hits:300600207 misses:9901500 writebacks:4261526  Hit Ratio: 96.81%
SCACHE: size: 512 KB assoc: 2
SCACHE: hits:7556902 misses:2345125  Hit Ratio: 76.32%
3CACHE: size: 4096 KB assoc: 2
3CACHE: hits:107315 misses:2237810  Hit Ratio: 4.58%
3CACHE: dirty items replaced:15
ITLB: size: 48, misses 25, miss rate 0.00%
DTLB: size: 128, misses 92800, miss rate 0.03%
Avg mem delay: 2.628 cycles
----------------------------------------
==== Global Resource Utilization ====
STASH: size: 65536 entries, full 2535581617, empty 6811, misses 523, full rate 100.00
icache bank util. 0.343 0.240 0.032 0.046 0.075 0.126 0.077 0.083 
dcache bank util. 0.070 0.091 0.103 0.086 0.133 0.062 0.135 0.084 
L2 bank util. 0.038 0.038 0.038 0.039 0.038 0.038 0.039 0.047 
L1-L2 bus util. = 0.188, L3 util. = 0.037
----------------------------------------
branch prediction, hits = 99428899, misses = 8401674, hit rate = 92.21%
return_stack prediction, hits = 6717922, misses = 10, hit rate = 100.00%
jump prediction, hits = 125493180, misses = 4214, hit rate = 100.00%
total IPC 3.338

=== Results saved to: ./results/cacherand_2_gzip-program_2.txt ===
