===== 执行信息 =====
Cache目录：smtc128
执行命令：./smtsim ../smalltrans.arg3 ../gcc-scilab.arg
执行时间：2026-04-17 19:35:29
返回码：0
===== 输出内容 =====
SMTCache
Process 0, Thread 0: smalltrans
Process 0, Thread 1: smalltrans
Process 0, Thread 2: smalltrans
Process 3, Thread 3: gcc-scilab

**** Debug Statistics at 1000000 Cycles *****
Threads: 4		Fetch Width: 8
No of useful instructions fetched:	3710093 (46.38% proc util.)
No of total instructions fetched:	4281981 (53.52% proc util.)
 includes 30590 misfetch (0.7%), 541298 (12.6%) wrong-path fetches
 and 0 flushed after failed lock(0.0%)
No of useful instructions issued/executed:	3710084 (46.38% proc util.)
No of total instructions issued/executed:	3913756 (48.92% proc util.)
 includes 203672 wrong-path (5.2%) insts and 0 flushed (0.0%)
	fp 87, 0.00%
	synch 0, 0.00%
	integer 2204980, 56.34%
	load/store 1708689, 43.66%
Avg size of int IQ (before scheduling): 18.29
Avg size of fp IQ (before scheduling): 0.00
No of cycles taken:		1000000
Parallelism [ 2.646, 0.000, 0.000, 1.064,] = 3.710
 IQ conflicts: 15127 (1.51%), FQ conflicts: 0 (0.00%) 
 I reg conflicts: 193888 (19.39%), FP reg conflicts: 0 (0.00%)
  Activelist confs: 70 (0.01%), ROB confs: 7727 (0.77%)
  Int unit conflicts: 1578183 (157.82%), FP unit conflicts: 1 (0.00%)
  Load/store unit conflicts: 299092 (29.91%)
  MSHR conflicts: 456177 (45.62%)
----------------------------------------
==== System-wide Cache Statistics ====
Stall for miss queue full 0 cycles (0.00%)
----------------------------------------
==== Statistics for Master ID: 0 ====
Reads: 1407419   Writes: 632570
ICACHE: size: 64 KB assoc: 2
ICACHE: hits:760526 misses:6  Hit Ratio: 100.00%
DCACHE: size: 32 KB assoc: 8
DCACHE: hits:1279045 misses:412 writebacks:0  Hit Ratio: 99.97%
SCACHE: size: 512 KB assoc: 2
SCACHE: hits:0 misses:418  Hit Ratio: 0.00%
3CACHE: size: 4096 KB assoc: 2
3CACHE: hits:0 misses:418  Hit Ratio: 0.00%
3CACHE: dirty items replaced:0
ITLB: size: 48, misses 1, miss rate 0.00%
DTLB: size: 128, misses 9, miss rate 0.00%
Avg mem delay: 1.362 cycles
----------------------------------------
==== Statistics for Master ID: 3 ====
Reads: 683651   Writes: 166764
ICACHE: size: 64 KB assoc: 2
ICACHE: hits:418648 misses:2842  Hit Ratio: 99.33%
DCACHE: size: 32 KB assoc: 8
DCACHE: hits:424792 misses:4133 writebacks:2685  Hit Ratio: 99.04%
SCACHE: size: 512 KB assoc: 2
SCACHE: hits:1211 misses:5764  Hit Ratio: 17.36%
3CACHE: size: 4096 KB assoc: 2
3CACHE: hits:120 misses:5644  Hit Ratio: 2.08%
3CACHE: dirty items replaced:1
ITLB: size: 48, misses 167, miss rate 0.04%
DTLB: size: 128, misses 235, miss rate 0.05%
Avg mem delay: 1.362 cycles
----------------------------------------
==== Global Resource Utilization ====
STASH: size: 65536 entries, full 504371219, empty 62233, misses 5751, full rate 99.99
icache bank util. 0.050 0.056 0.071 0.061 0.043 0.052 0.436 0.422 
dcache bank util. 0.207 0.223 0.183 0.190 0.201 0.225 0.267 0.235 
L2 bank util. 0.009 0.009 0.008 0.009 0.008 0.008 0.008 0.009 
L1-L2 bus util. = 0.030, L3 util. = 0.061
----------------------------------------
branch prediction, hits = 429006, misses = 19340, hit rate = 95.69%
return_stack prediction, hits = 18652, misses = 24, hit rate = 99.87%
jump prediction, hits = 458558, misses = 7878, hit rate = 98.31%
 dgelq2_ dgelqf_ dgels_
**** Debug Statistics at 101000000 Cycles *****
Threads: 4		Fetch Width: 8
No of useful instructions fetched:	437912337 (54.20% proc util.)
No of total instructions fetched:	589796146 (72.99% proc util.)
 includes 17305129 misfetch (2.9%), 134578680 (22.8%) wrong-path fetches
 and 0 flushed after failed lock(0.0%)
No of useful instructions issued/executed:	437912312 (54.20% proc util.)
No of total instructions issued/executed:	494179400 (61.16% proc util.)
 includes 56267088 wrong-path (11.4%) insts and 0 flushed (0.0%)
	fp 6304, 0.00%
	synch 0, 0.00%
	integer 276505987, 55.95%
	load/store 217667109, 44.05%
Avg size of int IQ (before scheduling): 19.80
Avg size of fp IQ (before scheduling): 0.00
No of cycles taken:		101000000
Parallelism [ 2.945, 0.000, 0.000, 1.390,] = 4.336
 IQ conflicts: 1434419 (1.42%), FQ conflicts: 0 (0.00%) 
 I reg conflicts: 3828759 (3.79%), FP reg conflicts: 0 (0.00%)
  Activelist confs: 1275 (0.00%), ROB confs: 117439 (0.12%)
  Int unit conflicts: 196217983 (194.28%), FP unit conflicts: 4 (0.00%)
  Load/store unit conflicts: 43137119 (42.71%)
  MSHR conflicts: 8436489 (8.35%)
----------------------------------------
==== System-wide Cache Statistics ====
Stall for miss queue full 0 cycles (0.00%)
----------------------------------------
==== Statistics for Master ID: 0 ====
Reads: 164495220   Writes: 71166577
ICACHE: size: 64 KB assoc: 2
ICACHE: hits:91749485 misses:2857  Hit Ratio: 100.00%
DCACHE: size: 32 KB assoc: 8
DCACHE: hits:143909038 misses:417 writebacks:0  Hit Ratio: 100.00%
SCACHE: size: 512 KB assoc: 2
SCACHE: hits:2782 misses:492  Hit Ratio: 84.97%
3CACHE: size: 4096 KB assoc: 2
3CACHE: hits:68 misses:424  Hit Ratio: 13.82%
3CACHE: dirty items replaced:0
ITLB: size: 48, misses 1, miss rate 0.00%
DTLB: size: 128, misses 53, miss rate 0.00%
Avg mem delay: 1.218 cycles
----------------------------------------
==== Statistics for Master ID: 3 ====
Reads: 128294626   Writes: 20761502
ICACHE: size: 64 KB assoc: 2
ICACHE: hits:74786722 misses:786105  Hit Ratio: 98.96%
DCACHE: size: 32 KB assoc: 8
DCACHE: hits:72551034 misses:932267 writebacks:316006  Hit Ratio: 98.73%
SCACHE: size: 512 KB assoc: 2
SCACHE: hits:1456792 misses:261579  Hit Ratio: 84.78%
3CACHE: size: 4096 KB assoc: 2
3CACHE: hits:185251 misses:76328  Hit Ratio: 70.82%
3CACHE: dirty items replaced:5094
ITLB: size: 48, misses 36543, miss rate 0.05%
DTLB: size: 128, misses 45078, miss rate 0.06%
Avg mem delay: 1.218 cycles
----------------------------------------
==== Global Resource Utilization ====
STASH: size: 65536 entries, full 1102498609, empty 16239527, misses 1453839, full rate 98.42
icache bank util. 0.105 0.102 0.093 0.100 0.102 0.097 0.541 0.541 
dcache bank util. 0.266 0.274 0.284 0.290 0.276 0.262 0.270 0.268 
L2 bank util. 0.013 0.013 0.013 0.014 0.014 0.012 0.013 0.013 
L1-L2 bus util. = 0.061, L3 util. = 0.008
----------------------------------------
branch prediction, hits = 52379845, misses = 4146610, hit rate = 92.66%
return_stack prediction, hits = 1902592, misses = 2194, hit rate = 99.88%
jump prediction, hits = 51078858, misses = 4230005, hit rate = 92.35%

**** Debug Statistics at 201000000 Cycles *****
Threads: 4		Fetch Width: 8
No of useful instructions fetched:	889241970 (55.30% proc util.)
No of total instructions fetched:	1193485310 (74.22% proc util.)
 includes 33515824 misfetch (2.8%), 270727516 (22.7%) wrong-path fetches
 and 0 flushed after failed lock(0.0%)
No of useful instructions issued/executed:	889241956 (55.30% proc util.)
No of total instructions issued/executed:	1001549176 (62.29% proc util.)
 includes 112307220 wrong-path (11.2%) insts and 0 flushed (0.0%)
	fp 22874, 0.00%
	synch 0, 0.00%
	integer 563528990, 56.27%
	load/store 437997312, 43.73%
Avg size of int IQ (before scheduling): 20.99
Avg size of fp IQ (before scheduling): 0.00
No of cycles taken:		201000000
Parallelism [ 2.931, 0.000, 0.000, 1.493,] = 4.424
 IQ conflicts: 3215505 (1.60%), FQ conflicts: 0 (0.00%) 
 I reg conflicts: 6948816 (3.46%), FP reg conflicts: 0 (0.00%)
  Activelist confs: 3139 (0.00%), ROB confs: 372446 (0.19%)
  Int unit conflicts: 431719651 (214.79%), FP unit conflicts: 4 (0.00%)
  Load/store unit conflicts: 94290418 (46.91%)
  MSHR conflicts: 28149142 (14.00%)
----------------------------------------
==== System-wide Cache Statistics ====
Stall for miss queue full 0 cycles (0.00%)
----------------------------------------
==== Statistics for Master ID: 0 ====
Reads: 326798532   Writes: 140952064
ICACHE: size: 64 KB assoc: 2
ICACHE: hits:182722083 misses:5942  Hit Ratio: 100.00%
DCACHE: size: 32 KB assoc: 8
DCACHE: hits:285022154 misses:417 writebacks:0  Hit Ratio: 100.00%
SCACHE: size: 512 KB assoc: 2
SCACHE: hits:5750 misses:609  Hit Ratio: 90.42%
3CACHE: size: 4096 KB assoc: 2
3CACHE: hits:185 misses:424  Hit Ratio: 30.38%
3CACHE: dirty items replaced:0
ITLB: size: 48, misses 1, miss rate 0.00%
DTLB: size: 128, misses 96, miss rate 0.00%
Avg mem delay: 1.230 cycles
----------------------------------------
==== Statistics for Master ID: 3 ====
Reads: 265940310   Writes: 43048894
ICACHE: size: 64 KB assoc: 2
ICACHE: hits:155188365 misses:1371859  Hit Ratio: 99.12%
DCACHE: size: 32 KB assoc: 8
DCACHE: hits:150418915 misses:2010065 writebacks:798790  Hit Ratio: 98.68%
SCACHE: size: 512 KB assoc: 2
SCACHE: hits:2874049 misses:507875  Hit Ratio: 84.98%
3CACHE: size: 4096 KB assoc: 2
3CACHE: hits:388993 misses:118881  Hit Ratio: 76.59%
3CACHE: dirty items replaced:13894
ITLB: size: 48, misses 47652, miss rate 0.03%
DTLB: size: 128, misses 97684, miss rate 0.06%
Avg mem delay: 1.230 cycles
----------------------------------------
==== Global Resource Utilization ====
STASH: size: 65536 entries, full 1722192331, empty 29779578, misses 2666691, full rate 98.15
icache bank util. 0.104 0.106 0.096 0.105 0.107 0.103 0.541 0.546 
dcache bank util. 0.277 0.268 0.272 0.286 0.282 0.273 0.282 0.279 
L2 bank util. 0.013 0.014 0.013 0.014 0.014 0.012 0.013 0.013 
L1-L2 bus util. = 0.062, L3 util. = 0.006
----------------------------------------
branch prediction, hits = 106920758, misses = 8296592, hit rate = 92.80%
return_stack prediction, hits = 3693635, misses = 2519, hit rate = 99.93%
jump prediction, hits = 103777164, misses = 8185623, hit rate = 92.69%
 dgemm_ dgemv_ dgeqr2_ dgeqrf_
**** Debug Statistics at 301000000 Cycles *****
Threads: 4		Fetch Width: 8
No of useful instructions fetched:	1336075506 (55.48% proc util.)
No of total instructions fetched:	1784136137 (74.09% proc util.)
 includes 47523670 misfetch (2.7%), 400536961 (22.4%) wrong-path fetches
 and 0 flushed after failed lock(0.0%)
No of useful instructions issued/executed:	1336075490 (55.48% proc util.)
No of total instructions issued/executed:	1502485542 (62.40% proc util.)
 includes 166410052 wrong-path (11.1%) insts and 0 flushed (0.0%)
	fp 32080, 0.00%
	synch 0, 0.00%
	integer 845885406, 56.30%
	load/store 656568056, 43.70%
Avg size of int IQ (before scheduling): 21.16
Avg size of fp IQ (before scheduling): 0.00
No of cycles taken:		301000000
Parallelism [ 2.941, 0.000, 0.000, 1.498,] = 4.439
 IQ conflicts: 4819892 (1.60%), FQ conflicts: 0 (0.00%) 
 I reg conflicts: 10045406 (3.34%), FP reg conflicts: 0 (0.00%)
  Activelist confs: 5079 (0.00%), ROB confs: 595351 (0.20%)
  Int unit conflicts: 654208883 (217.35%), FP unit conflicts: 4 (0.00%)
  Load/store unit conflicts: 140534026 (46.69%)
  MSHR conflicts: 34829085 (11.57%)
----------------------------------------
==== System-wide Cache Statistics ====
Stall for miss queue full 0 cycles (0.00%)
----------------------------------------
==== Statistics for Master ID: 0 ====
Reads: 490447611   Writes: 211777907
ICACHE: size: 64 KB assoc: 2
ICACHE: hits:273935725 misses:7623  Hit Ratio: 100.00%
DCACHE: size: 32 KB assoc: 8
DCACHE: hits:428281753 misses:417 writebacks:0  Hit Ratio: 100.00%
SCACHE: size: 512 KB assoc: 2
SCACHE: hits:7367 misses:673  Hit Ratio: 91.63%
3CACHE: size: 4096 KB assoc: 2
3CACHE: hits:247 misses:426  Hit Ratio: 36.70%
3CACHE: dirty items replaced:1
ITLB: size: 48, misses 1, miss rate 0.00%
DTLB: size: 128, misses 157, miss rate 0.00%
Avg mem delay: 1.225 cycles
----------------------------------------
==== Statistics for Master ID: 3 ====
Reads: 396135949   Writes: 64778472
ICACHE: size: 64 KB assoc: 2
ICACHE: hits:231345976 misses:2029218  Hit Ratio: 99.13%
DCACHE: size: 32 KB assoc: 8
DCACHE: hits:224507792 misses:3031435 writebacks:1125341  Hit Ratio: 98.67%
SCACHE: size: 512 KB assoc: 2
SCACHE: hits:4293738 misses:766915  Hit Ratio: 84.85%
3CACHE: size: 4096 KB assoc: 2
3CACHE: hits:593722 misses:173193  Hit Ratio: 77.42%
3CACHE: dirty items replaced:35497
ITLB: size: 48, misses 80774, miss rate 0.03%
DTLB: size: 128, misses 146275, miss rate 0.06%
Avg mem delay: 1.225 cycles
----------------------------------------
==== Global Resource Utilization ====
STASH: size: 65536 entries, full 2326813482, empty 44400383, misses 3962367, full rate 97.96
icache bank util. 0.103 0.104 0.096 0.104 0.107 0.102 0.542 0.547 
dcache bank util. 0.278 0.271 0.275 0.283 0.280 0.273 0.281 0.280 
L2 bank util. 0.013 0.014 0.013 0.014 0.014 0.012 0.013 0.013 
L1-L2 bus util. = 0.062, L3 util. = 0.006
----------------------------------------
branch prediction, hits = 160629343, misses = 12094193, hit rate = 93.00%
return_stack prediction, hits = 5618183, misses = 5657, hit rate = 99.90%
jump prediction, hits = 156855226, misses = 11737595, hit rate = 93.04%
 dger_ dlabad_ dlacon_ dlae2_
**** Debug Statistics at 401000000 Cycles *****
Threads: 4		Fetch Width: 8
No of useful instructions fetched:	1779951689 (55.48% proc util.)
No of total instructions fetched:	2385892788 (74.37% proc util.)
 includes 64855260 misfetch (2.7%), 541085839 (22.7%) wrong-path fetches
 and 0 flushed after failed lock(0.0%)
No of useful instructions issued/executed:	1779951665 (55.48% proc util.)
No of total instructions issued/executed:	2004580137 (62.49% proc util.)
 includes 224628472 wrong-path (11.2%) insts and 0 flushed (0.0%)
	fp 41912, 0.00%
	synch 0, 0.00%
	integer 1127260485, 56.23%
	load/store 877277740, 43.76%
Avg size of int IQ (before scheduling): 20.82
Avg size of fp IQ (before scheduling): 0.00
No of cycles taken:		401000000
Parallelism [ 2.950, 0.000, 0.000, 1.489,] = 4.439
 IQ conflicts: 5657334 (1.41%), FQ conflicts: 0 (0.00%) 
 I reg conflicts: 12581181 (3.14%), FP reg conflicts: 0 (0.00%)
  Activelist confs: 7150 (0.00%), ROB confs: 719287 (0.18%)
  Int unit conflicts: 862405014 (215.06%), FP unit conflicts: 8 (0.00%)
  Load/store unit conflicts: 185449227 (46.25%)
  MSHR conflicts: 38934170 (9.71%)
----------------------------------------
==== System-wide Cache Statistics ====
Stall for miss queue full 0 cycles (0.00%)
----------------------------------------
==== Statistics for Master ID: 0 ====
Reads: 655786034   Writes: 282965971
ICACHE: size: 64 KB assoc: 2
ICACHE: hits:366479767 misses:10486  Hit Ratio: 100.00%
DCACHE: size: 32 KB assoc: 8
DCACHE: hits:572261335 misses:417 writebacks:0  Hit Ratio: 100.00%
SCACHE: size: 512 KB assoc: 2
SCACHE: hits:10178 misses:725  Hit Ratio: 93.35%
3CACHE: size: 4096 KB assoc: 2
3CACHE: hits:296 misses:429  Hit Ratio: 40.83%
3CACHE: dirty items replaced:2
ITLB: size: 48, misses 1, miss rate 0.00%
DTLB: size: 128, misses 189, miss rate 0.00%
Avg mem delay: 1.218 cycles
----------------------------------------
==== Statistics for Master ID: 3 ====
Reads: 529963306   Writes: 86160182
ICACHE: size: 64 KB assoc: 2
ICACHE: hits:309360001 misses:2767005  Hit Ratio: 99.11%
DCACHE: size: 32 KB assoc: 8
DCACHE: hits:300142316 misses:3854166 writebacks:1395502  Hit Ratio: 98.73%
SCACHE: size: 512 KB assoc: 2
SCACHE: hits:5640318 misses:980853  Hit Ratio: 85.19%
3CACHE: size: 4096 KB assoc: 2
3CACHE: hits:760102 misses:220751  Hit Ratio: 77.49%
3CACHE: dirty items replaced:59866
ITLB: size: 48, misses 107933, miss rate 0.03%
DTLB: size: 128, misses 191166, miss rate 0.06%
Avg mem delay: 1.218 cycles
----------------------------------------
==== Global Resource Utilization ====
STASH: size: 65536 entries, full 2942964781, empty 60165388, misses 5367014, full rate 97.82
icache bank util. 0.104 0.105 0.097 0.105 0.107 0.102 0.544 0.549 
dcache bank util. 0.278 0.271 0.276 0.283 0.279 0.273 0.282 0.284 
L2 bank util. 0.013 0.013 0.013 0.014 0.013 0.012 0.012 0.013 
L1-L2 bus util. = 0.060, L3 util. = 0.006
----------------------------------------
branch prediction, hits = 213679178, misses = 16422488, hit rate = 92.86%
return_stack prediction, hits = 7575427, misses = 7606, hit rate = 99.90%
jump prediction, hits = 208634561, misses = 16005090, hit rate = 92.88%
 dlaev2_ dlamch_ dlamc1_
**** Early Exiting at 450655440 Cycles *****
========================================
 SMTSIM Global Statistics
========================================
Threads: 4		Fetch Width: 8
No of useful instructions fetched:	2000000032 (55.47% proc util.)
No of total instructions fetched:	2684518134 (74.46% proc util.)
 includes 74472804 misfetch (2.8%), 610045298 (22.7%) wrong-path fetches
 and 0 flushed after failed lock(0.0%)
No of useful instructions issued/executed:	2000000023 (55.47% proc util.)
No of total instructions issued/executed:	2252815949 (62.49% proc util.)
 includes 252815926 wrong-path (11.2%) insts and 0 flushed (0.0%)
	fp 52548, 0.00%
	synch 0, 0.00%
	integer 1266466359, 56.22%
	load/store 986297042, 43.78%
Avg size of int IQ (before scheduling): 20.58
Avg size of fp IQ (before scheduling): 0.00
No of cycles taken:		450655440
Parallelism [ 2.955, 0.000, 0.000, 1.483,] = 4.438
 IQ conflicts: 5894795 (1.31%), FQ conflicts: 0 (0.00%) 
 I reg conflicts: 13670434 (3.03%), FP reg conflicts: 0 (0.00%)
  Activelist confs: 7970 (0.00%), ROB confs: 757730 (0.17%)
  Int unit conflicts: 959691390 (212.95%), FP unit conflicts: 10 (0.00%)
  Load/store unit conflicts: 206254404 (45.77%)
  MSHR conflicts: 39960392 (8.87%)
----------------------------------------
==== System-wide Cache Statistics ====
Stall for miss queue full 0 cycles (0.00%)
----------------------------------------
==== Statistics for Master ID: 0 ====
Reads: 738500443   Writes: 318554178
ICACHE: size: 64 KB assoc: 2
ICACHE: hits:412777995 misses:11915  Hit Ratio: 100.00%
DCACHE: size: 32 KB assoc: 8
DCACHE: hits:644264294 misses:417 writebacks:0  Hit Ratio: 100.00%
SCACHE: size: 512 KB assoc: 2
SCACHE: hits:11595 misses:737  Hit Ratio: 94.02%
3CACHE: size: 4096 KB assoc: 2
3CACHE: hits:306 misses:431  Hit Ratio: 41.52%
3CACHE: dirty items replaced:4
ITLB: size: 48, misses 1, miss rate 0.00%
DTLB: size: 128, misses 203, miss rate 0.00%
Avg mem delay: 1.211 cycles
----------------------------------------
==== Statistics for Master ID: 3 ====
Reads: 595287209   Writes: 96371875
ICACHE: size: 64 KB assoc: 2
ICACHE: hits:347641206 misses:3170365  Hit Ratio: 99.10%
DCACHE: size: 32 KB assoc: 8
DCACHE: hits:336676919 misses:4170594 writebacks:1496741  Hit Ratio: 98.78%
SCACHE: size: 512 KB assoc: 2
SCACHE: hits:6257688 misses:1083271  Hit Ratio: 85.24%
3CACHE: size: 4096 KB assoc: 2
3CACHE: hits:843319 misses:239952  Hit Ratio: 77.85%
3CACHE: dirty items replaced:69835
ITLB: size: 48, misses 125924, miss rate 0.04%
DTLB: size: 128, misses 207454, miss rate 0.06%
Avg mem delay: 1.211 cycles
----------------------------------------
==== Global Resource Utilization ====
STASH: size: 65536 entries, full 3247964811, empty 68699445, misses 6126908, full rate 97.75
icache bank util. 0.104 0.105 0.097 0.105 0.107 0.102 0.546 0.550 
dcache bank util. 0.278 0.270 0.275 0.282 0.282 0.275 0.280 0.282 
L2 bank util. 0.012 0.013 0.013 0.014 0.013 0.012 0.012 0.012 
L1-L2 bus util. = 0.059, L3 util. = 0.005
----------------------------------------
branch prediction, hits = 239870574, misses = 18643234, hit rate = 92.79%
return_stack prediction, hits = 8570663, misses = 8877, hit rate = 99.90%
jump prediction, hits = 234136106, misses = 18289484, hit rate = 92.75%
total IPC 4.438

=== Results saved to: ./results/smalltrans_3_gcc-scilab_1.txt ===
