测试组合（多线程优先）：cacheseq.arg2 + gcc-expr.arg + gcc-scilab.arg
执行命令：./smtsim cacheseq.arg2 gcc-expr.arg gcc-scilab.arg
==================================================

SMTCache
Process 0, Thread 0: cacheseq
Process 0, Thread 1: cacheseq
Process 2, Thread 2: gcc-expr
Process 3, Thread 3: gcc-scilab

**** Debug Statistics at 1000000 Cycles *****
Threads: 4		Fetch Width: 8
No of useful instructions fetched:	3920563 (49.01% proc util.)
No of total instructions fetched:	4456456 (55.71% proc util.)
 includes 120559 misfetch (2.7%), 415334 (9.3%) wrong-path fetches
 and 0 flushed after failed lock(0.0%)
No of useful instructions issued/executed:	3920518 (49.01% proc util.)
No of total instructions issued/executed:	4086562 (51.08% proc util.)
 includes 166044 wrong-path (4.1%) insts and 0 flushed (0.0%)
	fp 145, 0.00%
	synch 0, 0.00%
	integer 2977555, 72.86%
	load/store 1108862, 27.13%
Avg size of int IQ (before scheduling): 23.67
Avg size of fp IQ (before scheduling): 0.00
No of cycles taken:		1000000
Parallelism [ 2.220, 0.000, 0.852, 0.849,] = 3.921
 IQ conflicts: 18851 (1.89%), FQ conflicts: 0 (0.00%) 
 I reg conflicts: 260968 (26.10%), FP reg conflicts: 0 (0.00%)
  Activelist confs: 0 (0.00%), ROB confs: 1925 (0.19%)
  Int unit conflicts: 2349367 (234.94%), FP unit conflicts: 4 (0.00%)
  Load/store unit conflicts: 231993 (23.20%)
  MSHR conflicts: 1001213 (100.12%)
----------------------------------------
==== System-wide Cache Statistics ====
Stall for miss queue full 0 cycles (0.00%)
----------------------------------------
==== Statistics for Master ID: 0 ====
Reads: 1007898   Writes: 0
ICACHE: size: 64 KB assoc: 2
ICACHE: hits:563826 misses:7  Hit Ratio: 100.00%
DCACHE: size: 32 KB assoc: 8
DCACHE: hits:443743 misses:322 writebacks:0  Hit Ratio: 99.93%
SCACHE: size: 512 KB assoc: 2
SCACHE: hits:3 misses:326  Hit Ratio: 0.91%
3CACHE: size: 4096 KB assoc: 2
3CACHE: hits:0 misses:326  Hit Ratio: 0.00%
3CACHE: dirty items replaced:0
ITLB: size: 48, misses 1, miss rate 0.00%
DTLB: size: 128, misses 8, miss rate 0.00%
Avg mem delay: 1.161 cycles
----------------------------------------
==== Statistics for Master ID: 2 ====
Reads: 528856   Writes: 133178
ICACHE: size: 64 KB assoc: 2
ICACHE: hits:321941 misses:5206  Hit Ratio: 98.41%
DCACHE: size: 32 KB assoc: 8
DCACHE: hits:331814 misses:3073 writebacks:2280  Hit Ratio: 99.08%
SCACHE: size: 512 KB assoc: 2
SCACHE: hits:3645 misses:4634  Hit Ratio: 44.03%
3CACHE: size: 4096 KB assoc: 2
3CACHE: hits:218 misses:4416  Hit Ratio: 4.70%
3CACHE: dirty items replaced:2
ITLB: size: 48, misses 173, miss rate 0.05%
DTLB: size: 128, misses 183, miss rate 0.05%
Avg mem delay: 1.161 cycles
----------------------------------------
==== Statistics for Master ID: 3 ====
Reads: 512700   Writes: 131880
ICACHE: size: 64 KB assoc: 2
ICACHE: hits:309870 misses:5230  Hit Ratio: 98.34%
DCACHE: size: 32 KB assoc: 8
DCACHE: hits:326449 misses:3031 writebacks:2242  Hit Ratio: 99.08%
SCACHE: size: 512 KB assoc: 2
SCACHE: hits:3678 misses:4583  Hit Ratio: 44.52%
3CACHE: size: 4096 KB assoc: 2
3CACHE: hits:223 misses:4360  Hit Ratio: 4.87%
3CACHE: dirty items replaced:2
ITLB: size: 48, misses 195, miss rate 0.06%
DTLB: size: 128, misses 170, miss rate 0.05%
Avg mem delay: 1.161 cycles
----------------------------------------
==== Global Resource Utilization ====
STASH: size: 65536 entries, full 504645949, empty 85391, misses 7704, full rate 99.98
icache bank util. 0.077 0.089 0.116 0.099 0.062 0.083 0.642 0.070 
dcache bank util. 0.119 0.141 0.086 0.099 0.126 0.144 0.240 0.187 
L2 bank util. 0.017 0.016 0.017 0.019 0.015 0.017 0.017 0.018 
L1-L2 bus util. = 0.064, L3 util. = 0.091
----------------------------------------
branch prediction, hits = 613587, misses = 15021, hit rate = 97.61%
return_stack prediction, hits = 31092, misses = 12, hit rate = 99.96%
jump prediction, hits = 622953, misses = 33807, hit rate = 94.85%
 dgelq2_ init_expr_once dgelqf_ init_expr save_expr_status restore_expr_status enqueue_insn protect_from_queue queued_subexp_p emit_queue init_queue convert_move
**** Debug Statistics at 101000000 Cycles *****
Threads: 4		Fetch Width: 8
No of useful instructions fetched:	454662537 (56.27% proc util.)
No of total instructions fetched:	601548898 (74.45% proc util.)
 includes 28871826 misfetch (4.8%), 118014535 (19.6%) wrong-path fetches
 and 0 flushed after failed lock(0.0%)
No of useful instructions issued/executed:	454662496 (56.27% proc util.)
No of total instructions issued/executed:	506154313 (62.64% proc util.)
 includes 51491817 wrong-path (10.2%) insts and 0 flushed (0.0%)
	fp 7608, 0.00%
	synch 0, 0.00%
	integer 362786738, 71.68%
	load/store 143359967, 28.32%
Avg size of int IQ (before scheduling): 21.93
Avg size of fp IQ (before scheduling): 0.00
No of cycles taken:		101000000
Parallelism [ 2.735, 0.000, 0.849, 0.918,] = 4.502
 IQ conflicts: 1387010 (1.37%), FQ conflicts: 0 (0.00%) 
 I reg conflicts: 5182305 (5.13%), FP reg conflicts: 0 (0.00%)
  Activelist confs: 1072 (0.00%), ROB confs: 67536 (0.07%)
  Int unit conflicts: 208857575 (206.79%), FP unit conflicts: 11 (0.00%)
  Load/store unit conflicts: 18105342 (17.93%)
  MSHR conflicts: 8363537 (8.28%)
----------------------------------------
==== System-wide Cache Statistics ====
Stall for miss queue full 0 cycles (0.00%)
----------------------------------------
==== Statistics for Master ID: 0 ====
Reads: 130801836   Writes: 0
ICACHE: size: 64 KB assoc: 2
ICACHE: hits:75521806 misses:6847  Hit Ratio: 99.99%
DCACHE: size: 32 KB assoc: 8
DCACHE: hits:55272861 misses:322 writebacks:0  Hit Ratio: 100.00%
SCACHE: size: 512 KB assoc: 2
SCACHE: hits:6749 misses:420  Hit Ratio: 94.14%
3CACHE: size: 4096 KB assoc: 2
3CACHE: hits:89 misses:331  Hit Ratio: 21.19%
3CACHE: dirty items replaced:0
ITLB: size: 48, misses 1, miss rate 0.00%
DTLB: size: 128, misses 849, miss rate 0.00%
Avg mem delay: 0.924 cycles
----------------------------------------
==== Statistics for Master ID: 2 ====
Reads: 73110545   Writes: 11939163
ICACHE: size: 64 KB assoc: 2
ICACHE: hits:41276156 misses:1583845  Hit Ratio: 96.30%
DCACHE: size: 32 KB assoc: 8
DCACHE: hits:41722564 misses:467143 writebacks:466341  Hit Ratio: 98.89%
SCACHE: size: 512 KB assoc: 2
SCACHE: hits:1615400 misses:435588  Hit Ratio: 78.76%
3CACHE: size: 4096 KB assoc: 2
3CACHE: hits:355427 misses:80161  Hit Ratio: 81.60%
3CACHE: dirty items replaced:5930
ITLB: size: 48, misses 126889, miss rate 0.30%
DTLB: size: 128, misses 68042, miss rate 0.16%
Avg mem delay: 0.924 cycles
----------------------------------------
==== Statistics for Master ID: 3 ====
Reads: 78996927   Writes: 12743798
ICACHE: size: 64 KB assoc: 2
ICACHE: hits:44649261 misses:1517821  Hit Ratio: 96.71%
DCACHE: size: 32 KB assoc: 8
DCACHE: hits:45055803 misses:517840 writebacks:517046  Hit Ratio: 98.86%
SCACHE: size: 512 KB assoc: 2
SCACHE: hits:1656088 misses:379572  Hit Ratio: 81.35%
3CACHE: size: 4096 KB assoc: 2
3CACHE: hits:310311 misses:69261  Hit Ratio: 81.75%
3CACHE: dirty items replaced:7100
ITLB: size: 48, misses 116962, miss rate 0.25%
DTLB: size: 128, misses 64676, miss rate 0.14%
Avg mem delay: 0.924 cycles
----------------------------------------
==== Global Resource Utilization ====
STASH: size: 65536 entries, full 1117314351, empty 20751568, misses 1799400, full rate 98.02
icache bank util. 0.133 0.128 0.114 0.123 0.127 0.122 0.846 0.130 
dcache bank util. 0.178 0.189 0.193 0.192 0.178 0.186 0.184 0.175 
L2 bank util. 0.032 0.035 0.033 0.035 0.034 0.031 0.031 0.033 
L1-L2 bus util. = 0.151, L3 util. = 0.015
----------------------------------------
branch prediction, hits = 74507040, misses = 4942310, hit rate = 93.78%
return_stack prediction, hits = 2371473, misses = 2419, hit rate = 99.90%
jump prediction, hits = 69274029, misses = 7748865, hit rate = 89.94%
 dgels_ convert_to_mode
**** Debug Statistics at 201000000 Cycles *****
Threads: 4		Fetch Width: 8
No of useful instructions fetched:	911919056 (56.71% proc util.)
No of total instructions fetched:	1218492915 (75.78% proc util.)
 includes 59019569 misfetch (4.8%), 247554290 (20.3%) wrong-path fetches
 and 0 flushed after failed lock(0.0%)
No of useful instructions issued/executed:	911919044 (56.71% proc util.)
No of total instructions issued/executed:	1020113981 (63.44% proc util.)
 includes 108194937 wrong-path (10.6%) insts and 0 flushed (0.0%)
	fp 9731, 0.00%
	synch 0, 0.00%
	integer 727055713, 71.27%
	load/store 293048537, 28.73%
Avg size of int IQ (before scheduling): 22.57
Avg size of fp IQ (before scheduling): 0.00
No of cycles taken:		201000000
Parallelism [ 2.675, 0.000, 0.934, 0.928,] = 4.537
 IQ conflicts: 2512080 (1.25%), FQ conflicts: 0 (0.00%) 
 I reg conflicts: 9195244 (4.57%), FP reg conflicts: 0 (0.00%)
  Activelist confs: 3144 (0.00%), ROB confs: 174771 (0.09%)
  Int unit conflicts: 442044413 (219.92%), FP unit conflicts: 12 (0.00%)
  Load/store unit conflicts: 40946048 (20.37%)
  MSHR conflicts: 23623483 (11.75%)
----------------------------------------
==== System-wide Cache Statistics ====
Stall for miss queue full 0 cycles (0.00%)
----------------------------------------
==== Statistics for Master ID: 0 ====
Reads: 256569906   Writes: 0
ICACHE: size: 64 KB assoc: 2
ICACHE: hits:148970180 misses:13323  Hit Ratio: 99.99%
DCACHE: size: 32 KB assoc: 8
DCACHE: hits:107586081 misses:322 writebacks:0  Hit Ratio: 100.00%
SCACHE: size: 512 KB assoc: 2
SCACHE: hits:13118 misses:527  Hit Ratio: 96.14%
3CACHE: size: 4096 KB assoc: 2
3CACHE: hits:194 misses:333  Hit Ratio: 36.81%
3CACHE: dirty items replaced:0
ITLB: size: 48, misses 1, miss rate 0.00%
DTLB: size: 128, misses 1979, miss rate 0.00%
Avg mem delay: 0.993 cycles
----------------------------------------
==== Statistics for Master ID: 2 ====
Reads: 158365024   Writes: 25960836
ICACHE: size: 64 KB assoc: 2
ICACHE: hits:89989387 misses:2905087  Hit Ratio: 96.87%
DCACHE: size: 32 KB assoc: 8
DCACHE: hits:90468537 misses:962849 writebacks:962047  Hit Ratio: 98.95%
SCACHE: size: 512 KB assoc: 2
SCACHE: hits:3071837 misses:796099  Hit Ratio: 79.42%
3CACHE: size: 4096 KB assoc: 2
3CACHE: hits:670578 misses:125520  Hit Ratio: 84.23%
3CACHE: dirty items replaced:20401
ITLB: size: 48, misses 201802, miss rate 0.22%
DTLB: size: 128, misses 143218, miss rate 0.16%
Avg mem delay: 0.993 cycles
----------------------------------------
==== Statistics for Master ID: 3 ====
Reads: 161121985   Writes: 26582235
ICACHE: size: 64 KB assoc: 2
ICACHE: hits:91495421 misses:2886297  Hit Ratio: 96.94%
DCACHE: size: 32 KB assoc: 8
DCACHE: hits:91963478 misses:1359024 writebacks:1358230  Hit Ratio: 98.54%
SCACHE: size: 512 KB assoc: 2
SCACHE: hits:3412255 misses:833064  Hit Ratio: 80.38%
3CACHE: size: 4096 KB assoc: 2
3CACHE: hits:706368 misses:126696  Hit Ratio: 84.79%
3CACHE: dirty items replaced:24064
ITLB: size: 48, misses 193704, miss rate 0.21%
DTLB: size: 128, misses 152856, miss rate 0.16%
Avg mem delay: 0.993 cycles
----------------------------------------
==== Global Resource Utilization ====
STASH: size: 65536 entries, full 1754288689, empty 39396015, misses 3439888, full rate 97.62
icache bank util. 0.135 0.131 0.121 0.130 0.139 0.132 0.841 0.131 
dcache bank util. 0.187 0.190 0.191 0.202 0.194 0.188 0.189 0.183 
L2 bank util. 0.032 0.036 0.034 0.036 0.035 0.031 0.032 0.033 
L1-L2 bus util. = 0.156, L3 util. = 0.013
----------------------------------------
branch prediction, hits = 148680023, misses = 10291248, hit rate = 93.53%
return_stack prediction, hits = 5019293, misses = 4198, hit rate = 99.92%
jump prediction, hits = 137891994, misses = 15982393, hit rate = 89.61%
 move_by_pieces move_by_pieces_ninsns move_by_pieces_1
**** Debug Statistics at 301000000 Cycles *****
Threads: 4		Fetch Width: 8
No of useful instructions fetched:	1385160901 (57.52% proc util.)
No of total instructions fetched:	1834676491 (76.19% proc util.)
 includes 83531370 misfetch (4.6%), 365984220 (19.9%) wrong-path fetches
 and 0 flushed after failed lock(0.0%)
No of useful instructions issued/executed:	1385160864 (57.52% proc util.)
No of total instructions issued/executed:	1543009845 (64.08% proc util.)
 includes 157848981 wrong-path (10.2%) insts and 0 flushed (0.0%)
	fp 27421, 0.00%
	synch 0, 0.00%
	integer 1101480138, 71.39%
	load/store 441502286, 28.61%
Avg size of int IQ (before scheduling): 23.61
Avg size of fp IQ (before scheduling): 0.00
No of cycles taken:		301000000
Parallelism [ 2.649, 0.000, 0.962, 0.990,] = 4.602
 IQ conflicts: 3981724 (1.32%), FQ conflicts: 0 (0.00%) 
 I reg conflicts: 13377361 (4.44%), FP reg conflicts: 0 (0.00%)
  Activelist confs: 5652 (0.00%), ROB confs: 362640 (0.12%)
  Int unit conflicts: 747830885 (248.45%), FP unit conflicts: 16 (0.00%)
  Load/store unit conflicts: 64391553 (21.39%)
  MSHR conflicts: 44866397 (14.91%)
----------------------------------------
==== System-wide Cache Statistics ====
Stall for miss queue full 0 cycles (0.00%)
----------------------------------------
==== Statistics for Master ID: 0 ====
Reads: 381332888   Writes: 0
ICACHE: size: 64 KB assoc: 2
ICACHE: hits:221724967 misses:18730  Hit Ratio: 99.99%
DCACHE: size: 32 KB assoc: 8
DCACHE: hits:159588869 misses:322 writebacks:0  Hit Ratio: 100.00%
SCACHE: size: 512 KB assoc: 2
SCACHE: hits:18467 misses:585  Hit Ratio: 96.93%
3CACHE: size: 4096 KB assoc: 2
3CACHE: hits:248 misses:337  Hit Ratio: 42.39%
3CACHE: dirty items replaced:1
ITLB: size: 48, misses 1, miss rate 0.00%
DTLB: size: 128, misses 2868, miss rate 0.00%
Avg mem delay: 0.991 cycles
----------------------------------------
==== Statistics for Master ID: 2 ====
Reads: 241273374   Writes: 39410615
ICACHE: size: 64 KB assoc: 2
ICACHE: hits:137428517 misses:4187515  Hit Ratio: 97.04%
DCACHE: size: 32 KB assoc: 8
DCACHE: hits:137608915 misses:1459042 writebacks:1458240  Hit Ratio: 98.95%
SCACHE: size: 512 KB assoc: 2
SCACHE: hits:4503865 misses:1142692  Hit Ratio: 79.76%
3CACHE: size: 4096 KB assoc: 2
3CACHE: hits:967727 misses:174965  Hit Ratio: 84.69%
3CACHE: dirty items replaced:42472
ITLB: size: 48, misses 282039, miss rate 0.20%
DTLB: size: 128, misses 214524, miss rate 0.15%
Avg mem delay: 0.991 cycles
----------------------------------------
==== Statistics for Master ID: 3 ====
Reads: 245323068   Writes: 40250277
ICACHE: size: 64 KB assoc: 2
ICACHE: hits:139601436 misses:4099652  Hit Ratio: 97.15%
DCACHE: size: 32 KB assoc: 8
DCACHE: hits:139922815 misses:1949442 writebacks:1948648  Hit Ratio: 98.63%
SCACHE: size: 512 KB assoc: 2
SCACHE: hits:4849369 misses:1199725  Hit Ratio: 80.17%
3CACHE: size: 4096 KB assoc: 2
3CACHE: hits:1030176 misses:169549  Hit Ratio: 85.87%
3CACHE: dirty items replaced:43525
ITLB: size: 48, misses 283255, miss rate 0.20%
DTLB: size: 128, misses 226369, miss rate 0.16%
Avg mem delay: 0.991 cycles
----------------------------------------
==== Global Resource Utilization ====
STASH: size: 65536 entries, full 2391551669, empty 55344830, misses 4820225, full rate 97.55
icache bank util. 0.132 0.134 0.124 0.132 0.139 0.134 0.837 0.135 
dcache bank util. 0.195 0.189 0.186 0.196 0.190 0.192 0.197 0.186 
L2 bank util. 0.031 0.034 0.032 0.035 0.034 0.031 0.031 0.031 
L1-L2 bus util. = 0.151, L3 util. = 0.011
----------------------------------------
branch prediction, hits = 225143565, misses = 15069989, hit rate = 93.73%
return_stack prediction, hits = 7353148, misses = 5376, hit rate = 99.93%
jump prediction, hits = 208736255, misses = 22686490, hit rate = 90.20%
 emit_block_move dgemm_ dgemv_
**** Debug Statistics at 401000000 Cycles *****
Threads: 4		Fetch Width: 8
No of useful instructions fetched:	1839941436 (57.35% proc util.)
No of total instructions fetched:	2434122169 (75.88% proc util.)
 includes 110476177 misfetch (4.5%), 483704556 (19.9%) wrong-path fetches
 and 0 flushed after failed lock(0.0%)
No of useful instructions issued/executed:	1839941359 (57.35% proc util.)
No of total instructions issued/executed:	2050519575 (63.92% proc util.)
 includes 210578216 wrong-path (10.3%) insts and 0 flushed (0.0%)
	fp 31684, 0.00%
	synch 0, 0.00%
	integer 1462196657, 71.31%
	load/store 588291234, 28.69%
Avg size of int IQ (before scheduling): 23.78
Avg size of fp IQ (before scheduling): 0.00
No of cycles taken:		401000000
Parallelism [ 2.649, 0.000, 0.959, 0.981,] = 4.588
 IQ conflicts: 5496952 (1.37%), FQ conflicts: 0 (0.00%) 
 I reg conflicts: 18781255 (4.68%), FP reg conflicts: 0 (0.00%)
  Activelist confs: 7291 (0.00%), ROB confs: 597093 (0.15%)
  Int unit conflicts: 978962228 (244.13%), FP unit conflicts: 16 (0.00%)
  Load/store unit conflicts: 87081700 (21.72%)
  MSHR conflicts: 59677486 (14.88%)
----------------------------------------
==== System-wide Cache Statistics ====
Stall for miss queue full 0 cycles (0.00%)
----------------------------------------
==== Statistics for Master ID: 0 ====
Reads: 507330529   Writes: 0
ICACHE: size: 64 KB assoc: 2
ICACHE: hits:294741792 misses:24225  Hit Ratio: 99.99%
DCACHE: size: 32 KB assoc: 8
DCACHE: hits:212564190 misses:322 writebacks:0  Hit Ratio: 100.00%
SCACHE: size: 512 KB assoc: 2
SCACHE: hits:23924 misses:623  Hit Ratio: 97.46%
3CACHE: size: 4096 KB assoc: 2
3CACHE: hits:282 misses:341  Hit Ratio: 45.26%
3CACHE: dirty items replaced:2
ITLB: size: 48, misses 1, miss rate 0.00%
DTLB: size: 128, misses 4322, miss rate 0.00%
Avg mem delay: 1.035 cycles
----------------------------------------
==== Statistics for Master ID: 2 ====
Reads: 324036216   Writes: 54330382
ICACHE: size: 64 KB assoc: 2
ICACHE: hits:185004450 misses:5493200  Hit Ratio: 97.12%
DCACHE: size: 32 KB assoc: 8
DCACHE: hits:185447747 misses:2421201 writebacks:2420399  Hit Ratio: 98.71%
SCACHE: size: 512 KB assoc: 2
SCACHE: hits:6220283 misses:1694118  Hit Ratio: 78.59%
3CACHE: size: 4096 KB assoc: 2
3CACHE: hits:1468709 misses:225408  Hit Ratio: 86.69%
3CACHE: dirty items replaced:71014
ITLB: size: 48, misses 351141, miss rate 0.18%
DTLB: size: 128, misses 301737, miss rate 0.16%
Avg mem delay: 1.035 cycles
----------------------------------------
==== Statistics for Master ID: 3 ====
Reads: 321410426   Writes: 53482022
ICACHE: size: 64 KB assoc: 2
ICACHE: hits:183015807 misses:5317822  Hit Ratio: 97.18%
DCACHE: size: 32 KB assoc: 8
DCACHE: hits:183892235 misses:2666584 writebacks:2665790  Hit Ratio: 98.57%
SCACHE: size: 512 KB assoc: 2
SCACHE: hits:6321626 misses:1662780  Hit Ratio: 79.17%
3CACHE: size: 4096 KB assoc: 2
3CACHE: hits:1435444 misses:227336  Hit Ratio: 86.33%
3CACHE: dirty items replaced:75436
ITLB: size: 48, misses 383437, miss rate 0.20%
DTLB: size: 128, misses 315175, miss rate 0.17%
Avg mem delay: 1.035 cycles
----------------------------------------
==== Global Resource Utilization ====
STASH: size: 65536 entries, full 3009923472, empty 72506183, misses 6328310, full rate 97.45
icache bank util. 0.131 0.131 0.122 0.131 0.143 0.136 0.834 0.132 
dcache bank util. 0.193 0.185 0.189 0.196 0.190 0.191 0.199 0.196 
L2 bank util. 0.032 0.036 0.034 0.036 0.036 0.032 0.032 0.033 
L1-L2 bus util. = 0.157, L3 util. = 0.011
----------------------------------------
branch prediction, hits = 299630704, misses = 19676491, hit rate = 93.84%
return_stack prediction, hits = 9912506, misses = 8372, hit rate = 99.92%
jump prediction, hits = 278561015, misses = 30040531, hit rate = 90.27%

**** Early Exiting at 435575793 Cycles *****
========================================
 SMTSIM Global Statistics
========================================
Threads: 4		Fetch Width: 8
No of useful instructions fetched:	2000000075 (57.40% proc util.)
No of total instructions fetched:	2646295542 (75.94% proc util.)
 includes 120035716 misfetch (4.5%), 526259751 (19.9%) wrong-path fetches
 and 0 flushed after failed lock(0.0%)
No of useful instructions issued/executed:	2000000038 (57.40% proc util.)
No of total instructions issued/executed:	2229042999 (63.97% proc util.)
 includes 229042961 wrong-path (10.3%) insts and 0 flushed (0.0%)
	fp 35677, 0.00%
	synch 0, 0.00%
	integer 1587988582, 71.24%
	load/store 641018740, 28.76%
Avg size of int IQ (before scheduling): 23.83
Avg size of fp IQ (before scheduling): 0.00
No of cycles taken:		435575793
Parallelism [ 2.645, 0.000, 0.961, 0.986,] = 4.592
 IQ conflicts: 5967244 (1.37%), FQ conflicts: 0 (0.00%) 
 I reg conflicts: 20253906 (4.65%), FP reg conflicts: 0 (0.00%)
  Activelist confs: 7955 (0.00%), ROB confs: 732535 (0.17%)
  Int unit conflicts: 1066999244 (244.96%), FP unit conflicts: 16 (0.00%)
  Load/store unit conflicts: 96787864 (22.22%)
  MSHR conflicts: 70279300 (16.13%)
----------------------------------------
==== System-wide Cache Statistics ====
Stall for miss queue full 0 cycles (0.00%)
----------------------------------------
==== Statistics for Master ID: 0 ====
Reads: 550419570   Writes: 0
ICACHE: size: 64 KB assoc: 2
ICACHE: hits:319868565 misses:26256  Hit Ratio: 99.99%
DCACHE: size: 32 KB assoc: 8
DCACHE: hits:230524427 misses:322 writebacks:0  Hit Ratio: 100.00%
SCACHE: size: 512 KB assoc: 2
SCACHE: hits:25946 misses:632  Hit Ratio: 97.62%
3CACHE: size: 4096 KB assoc: 2
3CACHE: hits:290 misses:342  Hit Ratio: 45.89%
3CACHE: dirty items replaced:3
ITLB: size: 48, misses 1, miss rate 0.00%
DTLB: size: 128, misses 4689, miss rate 0.00%
Avg mem delay: 1.048 cycles
----------------------------------------
==== Statistics for Master ID: 2 ====
Reads: 353061706   Writes: 60229855
ICACHE: size: 64 KB assoc: 2
ICACHE: hits:201788428 misses:5921418  Hit Ratio: 97.15%
DCACHE: size: 32 KB assoc: 8
DCACHE: hits:202679955 misses:2901760 writebacks:2900958  Hit Ratio: 98.59%
SCACHE: size: 512 KB assoc: 2
SCACHE: hits:6938926 misses:1884252  Hit Ratio: 78.64%
3CACHE: size: 4096 KB assoc: 2
3CACHE: hits:1634591 misses:249661  Hit Ratio: 86.75%
3CACHE: dirty items replaced:85594
ITLB: size: 48, misses 370194, miss rate 0.18%
DTLB: size: 128, misses 331772, miss rate 0.16%
Avg mem delay: 1.048 cycles
----------------------------------------
==== Statistics for Master ID: 3 ====
Reads: 350339205   Writes: 58311975
ICACHE: size: 64 KB assoc: 2
ICACHE: hits:199413610 misses:5735393  Hit Ratio: 97.20%
DCACHE: size: 32 KB assoc: 8
DCACHE: hits:200654065 misses:2848112 writebacks:2847318  Hit Ratio: 98.60%
SCACHE: size: 512 KB assoc: 2
SCACHE: hits:6794441 misses:1789063  Hit Ratio: 79.16%
3CACHE: size: 4096 KB assoc: 2
3CACHE: hits:1543199 misses:245864  Hit Ratio: 86.26%
3CACHE: dirty items replaced:88277
ITLB: size: 48, misses 412481, miss rate 0.20%
DTLB: size: 128, misses 339668, miss rate 0.17%
Avg mem delay: 1.048 cycles
----------------------------------------
==== Global Resource Utilization ====
STASH: size: 65536 entries, full 3228842468, empty 78418105, misses 6844047, full rate 97.43
icache bank util. 0.131 0.131 0.122 0.131 0.144 0.138 0.833 0.132 
dcache bank util. 0.195 0.186 0.189 0.196 0.191 0.192 0.201 0.199 
L2 bank util. 0.033 0.036 0.034 0.037 0.036 0.032 0.033 0.033 
L1-L2 bus util. = 0.160, L3 util. = 0.011
----------------------------------------
branch prediction, hits = 325514617, misses = 21404949, hit rate = 93.83%
return_stack prediction, hits = 10749270, misses = 8548, hit rate = 99.92%
jump prediction, hits = 302681293, misses = 32651697, hit rate = 90.26%
total IPC 4.592

=== Results saved to: ./results/cacheseq_2_gcc-expr_1_gcc-scilab_1.txt ===
