测试组合（多线程优先）：gzip-program.arg2 + matmul.arg + recurseq.arg
执行命令：./smtsim gzip-program.arg2 matmul.arg recurseq.arg
==================================================

SMTCache
Process 0, Thread 0: gzip-program
Process 0, Thread 1: gzip-program
Process 2, Thread 2: matmul
Process 3, Thread 3: recurseq

**** Debug Statistics at 1000000 Cycles *****
Threads: 4		Fetch Width: 8
No of useful instructions fetched:	633077 (7.91% proc util.)
No of total instructions fetched:	639865 (8.00% proc util.)
 includes 1016 misfetch (0.2%), 5772 (0.9%) wrong-path fetches
 and 0 flushed after failed lock(0.0%)
No of useful instructions issued/executed:	633039 (7.91% proc util.)
No of total instructions issued/executed:	634937 (7.94% proc util.)
 includes 1898 wrong-path (0.3%) insts and 0 flushed (0.0%)
	fp 22, 0.00%
	synch 0, 0.00%
	integer 432195, 68.07%
	load/store 202720, 31.93%
Avg size of int IQ (before scheduling): 23.28
Avg size of fp IQ (before scheduling): 0.00
No of cycles taken:		1000000
Parallelism [ 0.152, 0.000, 0.225, 0.256,] = 0.633
 IQ conflicts: 593 (0.06%), FQ conflicts: 0 (0.00%) 
 I reg conflicts: 908551 (90.86%), FP reg conflicts: 0 (0.00%)
  Activelist confs: 0 (0.00%), ROB confs: 0 (0.00%)
  Int unit conflicts: 96295 (9.63%), FP unit conflicts: 0 (0.00%)
  Load/store unit conflicts: 2796 (0.28%)
  MSHR conflicts: 258149 (25.81%)
----------------------------------------
==== System-wide Cache Statistics ====
Stall for miss queue full 0 cycles (0.00%)
----------------------------------------
==== Statistics for Master ID: 0 ====
Reads: 124529   Writes: 24749
ICACHE: size: 64 KB assoc: 2
ICACHE: hits:76006 misses:196  Hit Ratio: 99.74%
DCACHE: size: 32 KB assoc: 8
DCACHE: hits:49087 misses:23989 writebacks:23818  Hit Ratio: 67.17%
SCACHE: size: 512 KB assoc: 2
SCACHE: hits:1 misses:24184  Hit Ratio: 0.00%
3CACHE: size: 4096 KB assoc: 2
3CACHE: hits:0 misses:24184  Hit Ratio: 0.00%
3CACHE: dirty items replaced:0
ITLB: size: 48, misses 18, miss rate 0.02%
DTLB: size: 128, misses 5978, miss rate 8.18%
Avg mem delay: 55.143 cycles
----------------------------------------
==== Statistics for Master ID: 2 ====
Reads: 104769   Writes: 30996
ICACHE: size: 64 KB assoc: 2
ICACHE: hits:48824 misses:24  Hit Ratio: 99.95%
DCACHE: size: 32 KB assoc: 8
DCACHE: hits:85952 misses:965 writebacks:441  Hit Ratio: 98.89%
SCACHE: size: 512 KB assoc: 2
SCACHE: hits:163 misses:826  Hit Ratio: 16.48%
3CACHE: size: 4096 KB assoc: 2
3CACHE: hits:8 misses:818  Hit Ratio: 0.97%
3CACHE: dirty items replaced:0
ITLB: size: 48, misses 4, miss rate 0.01%
DTLB: size: 128, misses 31, miss rate 0.04%
Avg mem delay: 55.143 cycles
----------------------------------------
==== Statistics for Master ID: 3 ====
Reads: 46691   Writes: 42660
ICACHE: size: 64 KB assoc: 2
ICACHE: hits:46602 misses:24  Hit Ratio: 99.95%
DCACHE: size: 32 KB assoc: 8
DCACHE: hits:40040 misses:2685 writebacks:2161  Hit Ratio: 93.72%
SCACHE: size: 512 KB assoc: 2
SCACHE: hits:0 misses:2709  Hit Ratio: 0.00%
3CACHE: size: 4096 KB assoc: 2
3CACHE: hits:0 misses:2709  Hit Ratio: 0.00%
3CACHE: dirty items replaced:0
ITLB: size: 48, misses 4, miss rate 0.01%
DTLB: size: 128, misses 49, miss rate 0.11%
Avg mem delay: 55.143 cycles
----------------------------------------
==== Global Resource Utilization ====
STASH: size: 65536 entries, full 650027, empty 2540, misses 229, full rate 99.58
icache bank util. 0.027 0.084 0.001 0.000 0.000 0.000 0.017 0.042 
dcache bank util. 0.018 0.019 0.045 0.020 0.018 0.018 0.209 0.018 
L2 bank util. 0.005 0.005 0.005 0.005 0.005 0.005 0.291 0.005 
L1-L2 bus util. = 0.163, L3 util. = 0.277
----------------------------------------
branch prediction, hits = 71441, misses = 508, hit rate = 99.29%
return_stack prediction, hits = 95, misses = 9, hit rate = 91.35%
jump prediction, hits = 71770, misses = 281, hit rate = 99.61%

**** Debug Statistics at 101000000 Cycles *****
Threads: 4		Fetch Width: 8
No of useful instructions fetched:	226050820 (27.98% proc util.)
No of total instructions fetched:	277517663 (34.35% proc util.)
 includes 1313 misfetch (0.0%), 51465530 (18.5%) wrong-path fetches
 and 0 flushed after failed lock(0.0%)
No of useful instructions issued/executed:	226050801 (27.98% proc util.)
No of total instructions issued/executed:	252555611 (31.26% proc util.)
 includes 26504810 wrong-path (10.5%) insts and 0 flushed (0.0%)
	fp 36, 0.00%
	synch 0, 0.00%
	integer 167706827, 66.40%
	load/store 84848748, 33.60%
Avg size of int IQ (before scheduling): 20.28
Avg size of fp IQ (before scheduling): 0.00
No of cycles taken:		101000000
Parallelism [ 0.343, 0.000, 1.037, 0.858,] = 2.238
 IQ conflicts: 611 (0.00%), FQ conflicts: 0 (0.00%) 
 I reg conflicts: 62182558 (61.57%), FP reg conflicts: 0 (0.00%)
  Activelist confs: 0 (0.00%), ROB confs: 0 (0.00%)
  Int unit conflicts: 29492311 (29.20%), FP unit conflicts: 0 (0.00%)
  Load/store unit conflicts: 1722333 (1.71%)
  MSHR conflicts: 21245353 (21.04%)
----------------------------------------
==== System-wide Cache Statistics ====
Stall for miss queue full 0 cycles (0.00%)
----------------------------------------
==== Statistics for Master ID: 0 ====
Reads: 24565644   Writes: 5122179
ICACHE: size: 64 KB assoc: 2
ICACHE: hits:19258451 misses:259  Hit Ratio: 100.00%
DCACHE: size: 32 KB assoc: 8
DCACHE: hits:9010467 misses:1418646 writebacks:1277331  Hit Ratio: 86.40%
SCACHE: size: 512 KB assoc: 2
SCACHE: hits:13 misses:1418892  Hit Ratio: 0.00%
3CACHE: size: 4096 KB assoc: 2
3CACHE: hits:0 misses:1418892  Hit Ratio: 0.00%
3CACHE: dirty items replaced:20
ITLB: size: 48, misses 19, miss rate 0.00%
DTLB: size: 128, misses 65441, miss rate 0.63%
Avg mem delay: 3.683 cycles
----------------------------------------
==== Statistics for Master ID: 2 ====
Reads: 59456868   Writes: 10366119
ICACHE: size: 64 KB assoc: 2
ICACHE: hits:28207675 misses:35  Hit Ratio: 100.00%
DCACHE: size: 32 KB assoc: 8
DCACHE: hits:41594059 misses:21218 writebacks:20694  Hit Ratio: 99.95%
SCACHE: size: 512 KB assoc: 2
SCACHE: hits:1190 misses:20063  Hit Ratio: 5.60%
3CACHE: size: 4096 KB assoc: 2
3CACHE: hits:5176 misses:14887  Hit Ratio: 25.80%
3CACHE: dirty items replaced:0
ITLB: size: 48, misses 4, miss rate 0.00%
DTLB: size: 128, misses 354, miss rate 0.00%
Avg mem delay: 3.683 cycles
----------------------------------------
==== Statistics for Master ID: 3 ====
Reads: 46436558   Writes: 17118873
ICACHE: size: 64 KB assoc: 2
ICACHE: hits:30751043 misses:32  Hit Ratio: 100.00%
DCACHE: size: 32 KB assoc: 8
DCACHE: hits:32555106 misses:249250 writebacks:248726  Hit Ratio: 99.24%
SCACHE: size: 512 KB assoc: 2
SCACHE: hits:13145 misses:236137  Hit Ratio: 5.27%
3CACHE: size: 4096 KB assoc: 2
3CACHE: hits:202548 misses:33589  Hit Ratio: 85.78%
3CACHE: dirty items replaced:0
ITLB: size: 48, misses 4, miss rate 0.00%
DTLB: size: 128, misses 4642, miss rate 0.01%
Avg mem delay: 3.683 cycles
----------------------------------------
==== Global Resource Utilization ====
STASH: size: 65536 entries, full 294456100, empty 3063, misses 272, full rate 100.00
icache bank util. 0.146 0.332 0.002 0.000 0.000 0.113 0.011 0.170 
dcache bank util. 0.095 0.095 0.101 0.250 0.095 0.095 0.100 0.105 
L2 bank util. 0.022 0.022 0.022 0.022 0.021 0.021 0.029 0.037 
L1-L2 bus util. = 0.096, L3 util. = 0.145
----------------------------------------
branch prediction, hits = 19329337, misses = 168676, hit rate = 99.13%
return_stack prediction, hits = 47260, misses = 3875846, hit rate = 1.20%
jump prediction, hits = 27342562, misses = 363, hit rate = 100.00%

**** Debug Statistics at 201000000 Cycles *****
Threads: 4		Fetch Width: 8
No of useful instructions fetched:	577899239 (35.94% proc util.)
No of total instructions fetched:	751840880 (46.76% proc util.)
 includes 3280 misfetch (0.0%), 173938361 (23.1%) wrong-path fetches
 and 0 flushed after failed lock(0.0%)
No of useful instructions issued/executed:	577899218 (35.94% proc util.)
No of total instructions issued/executed:	664238134 (41.31% proc util.)
 includes 86338916 wrong-path (13.0%) insts and 0 flushed (0.0%)
	fp 36, 0.00%
	synch 0, 0.00%
	integer 446679635, 67.25%
	load/store 217558463, 32.75%
Avg size of int IQ (before scheduling): 23.92
Avg size of fp IQ (before scheduling): 0.00
No of cycles taken:		201000000
Parallelism [ 0.703, 0.000, 1.228, 0.944,] = 2.875
 IQ conflicts: 1604062 (0.80%), FQ conflicts: 0 (0.00%) 
 I reg conflicts: 93348032 (46.44%), FP reg conflicts: 0 (0.00%)
  Activelist confs: 0 (0.00%), ROB confs: 39 (0.00%)
  Int unit conflicts: 323815854 (161.10%), FP unit conflicts: 0 (0.00%)
  Load/store unit conflicts: 12951170 (6.44%)
  MSHR conflicts: 35854582 (17.84%)
----------------------------------------
==== System-wide Cache Statistics ====
Stall for miss queue full 0 cycles (0.00%)
----------------------------------------
==== Statistics for Master ID: 0 ====
Reads: 90185649   Writes: 14356703
ICACHE: size: 64 KB assoc: 2
ICACHE: hits:63389412 misses:533  Hit Ratio: 100.00%
DCACHE: size: 32 KB assoc: 8
DCACHE: hits:38527843 misses:2624564 writebacks:2450270  Hit Ratio: 93.62%
SCACHE: size: 512 KB assoc: 2
SCACHE: hits:484592 misses:2140505  Hit Ratio: 18.46%
3CACHE: size: 4096 KB assoc: 2
3CACHE: hits:13923 misses:2126582  Hit Ratio: 0.65%
3CACHE: dirty items replaced:328
ITLB: size: 48, misses 25, miss rate 0.00%
DTLB: size: 128, misses 91507, miss rate 0.22%
Avg mem delay: 2.348 cycles
----------------------------------------
==== Statistics for Master ID: 2 ====
Reads: 141145920   Writes: 24419869
ICACHE: size: 64 KB assoc: 2
ICACHE: hits:67425140 misses:36  Hit Ratio: 100.00%
DCACHE: size: 32 KB assoc: 8
DCACHE: hits:98091782 misses:48831 writebacks:48307  Hit Ratio: 99.95%
SCACHE: size: 512 KB assoc: 2
SCACHE: hits:8860 misses:40007  Hit Ratio: 18.13%
3CACHE: size: 4096 KB assoc: 2
3CACHE: hits:12073 misses:27934  Hit Ratio: 30.18%
3CACHE: dirty items replaced:298
ITLB: size: 48, misses 4, miss rate 0.00%
DTLB: size: 128, misses 740, miss rate 0.00%
Avg mem delay: 2.348 cycles
----------------------------------------
==== Statistics for Master ID: 3 ====
Reads: 113967413   Writes: 43812132
ICACHE: size: 64 KB assoc: 2
ICACHE: hits:79514074 misses:36  Hit Ratio: 100.00%
DCACHE: size: 32 KB assoc: 8
DCACHE: hits:77723563 misses:541872 writebacks:541348  Hit Ratio: 99.31%
SCACHE: size: 512 KB assoc: 2
SCACHE: hits:187724 misses:354184  Hit Ratio: 34.64%
3CACHE: size: 4096 KB assoc: 2
3CACHE: hits:289560 misses:64624  Hit Ratio: 81.75%
3CACHE: dirty items replaced:285
ITLB: size: 48, misses 4, miss rate 0.00%
DTLB: size: 128, misses 8806, miss rate 0.01%
Avg mem delay: 2.348 cycles
----------------------------------------
==== Global Resource Utilization ====
STASH: size: 65536 entries, full 801872685, empty 6927, misses 545, full rate 100.00
icache bank util. 0.186 0.427 0.016 0.017 0.029 0.136 0.034 0.201 
dcache bank util. 0.116 0.123 0.136 0.292 0.133 0.115 0.136 0.125 
L2 bank util. 0.021 0.020 0.021 0.021 0.020 0.020 0.024 0.029 
L1-L2 bus util. = 0.093, L3 util. = 0.110
----------------------------------------
branch prediction, hits = 45758270, misses = 1276967, hit rate = 97.29%
return_stack prediction, hits = 710852, misses = 8507252, hit rate = 7.71%
jump prediction, hits = 65824729, misses = 1000, hit rate = 100.00%

**** Debug Statistics at 301000000 Cycles *****
Threads: 4		Fetch Width: 8
No of useful instructions fetched:	1040495976 (43.21% proc util.)
No of total instructions fetched:	1388893986 (57.68% proc util.)
 includes 5239 misfetch (0.0%), 348392771 (25.1%) wrong-path fetches
 and 0 flushed after failed lock(0.0%)
No of useful instructions issued/executed:	1040495947 (43.21% proc util.)
No of total instructions issued/executed:	1208563241 (50.19% proc util.)
 includes 168067294 wrong-path (13.9%) insts and 0 flushed (0.0%)
	fp 36, 0.00%
	synch 0, 0.00%
	integer 819520212, 67.81%
	load/store 389042993, 32.19%
Avg size of int IQ (before scheduling): 27.85
Avg size of fp IQ (before scheduling): 0.00
No of cycles taken:		301000000
Parallelism [ 1.029, 0.000, 1.397, 1.031,] = 3.457
 IQ conflicts: 4898425 (1.63%), FQ conflicts: 0 (0.00%) 
 I reg conflicts: 100041436 (33.24%), FP reg conflicts: 0 (0.00%)
  Activelist confs: 0 (0.00%), ROB confs: 39 (0.00%)
  Int unit conflicts: 851137820 (282.77%), FP unit conflicts: 0 (0.00%)
  Load/store unit conflicts: 31595143 (10.50%)
  MSHR conflicts: 41251714 (13.70%)
----------------------------------------
==== System-wide Cache Statistics ====
Stall for miss queue full 0 cycles (0.00%)
----------------------------------------
==== Statistics for Master ID: 0 ====
Reads: 188527012   Writes: 26368856
ICACHE: size: 64 KB assoc: 2
ICACHE: hits:127968763 misses:535  Hit Ratio: 100.00%
DCACHE: size: 32 KB assoc: 8
DCACHE: hits:83511967 misses:3414603 writebacks:3240309  Hit Ratio: 96.07%
SCACHE: size: 512 KB assoc: 2
SCACHE: hits:1215273 misses:2199865  Hit Ratio: 35.58%
3CACHE: size: 4096 KB assoc: 2
3CACHE: hits:40866 misses:2158999  Hit Ratio: 1.86%
3CACHE: dirty items replaced:1651
ITLB: size: 48, misses 25, miss rate 0.00%
DTLB: size: 128, misses 93213, miss rate 0.11%
Avg mem delay: 1.641 cycles
----------------------------------------
==== Statistics for Master ID: 2 ====
Reads: 243798775   Writes: 41585186
ICACHE: size: 64 KB assoc: 2
ICACHE: hits:118188424 misses:36  Hit Ratio: 100.00%
DCACHE: size: 32 KB assoc: 8
DCACHE: hits:167112890 misses:82611 writebacks:82087  Hit Ratio: 99.95%
SCACHE: size: 512 KB assoc: 2
SCACHE: hits:23060 misses:59587  Hit Ratio: 27.90%
3CACHE: size: 4096 KB assoc: 2
3CACHE: hits:20863 misses:38724  Hit Ratio: 35.01%
3CACHE: dirty items replaced:1453
ITLB: size: 48, misses 4, miss rate 0.00%
DTLB: size: 128, misses 1193, miss rate 0.00%
Avg mem delay: 1.641 cycles
----------------------------------------
==== Statistics for Master ID: 3 ====
Reads: 198623929   Writes: 78483765
ICACHE: size: 64 KB assoc: 2
ICACHE: hits:142186747 misses:36  Hit Ratio: 100.00%
DCACHE: size: 32 KB assoc: 8
DCACHE: hits:134036622 misses:884289 writebacks:883765  Hit Ratio: 99.34%
SCACHE: size: 512 KB assoc: 2
SCACHE: hits:498386 misses:385939  Hit Ratio: 56.36%
3CACHE: size: 4096 KB assoc: 2
3CACHE: hits:311582 misses:74357  Hit Ratio: 80.73%
3CACHE: dirty items replaced:1439
ITLB: size: 48, misses 4, miss rate 0.00%
DTLB: size: 128, misses 13415, miss rate 0.01%
Avg mem delay: 1.641 cycles
----------------------------------------
==== Global Resource Utilization ====
STASH: size: 65536 entries, full 1487428031, empty 6971, misses 547, full rate 100.00
icache bank util. 0.219 0.513 0.028 0.033 0.054 0.138 0.057 0.247 
dcache bank util. 0.134 0.145 0.164 0.329 0.165 0.131 0.166 0.144 
L2 bank util. 0.018 0.018 0.017 0.018 0.017 0.017 0.020 0.025 
L1-L2 bus util. = 0.086, L3 util. = 0.075
----------------------------------------
branch prediction, hits = 78258318, misses = 2853220, hit rate = 96.48%
return_stack prediction, hits = 1854096, misses = 13926512, hit rate = 11.75%
jump prediction, hits = 113664816, misses = 1703, hit rate = 100.00%

**** Debug Statistics at 401000000 Cycles *****
Threads: 4		Fetch Width: 8
No of useful instructions fetched:	1499981060 (46.76% proc util.)
No of total instructions fetched:	2020121223 (62.97% proc util.)
 includes 7418 misfetch (0.0%), 520132745 (25.7%) wrong-path fetches
 and 0 flushed after failed lock(0.0%)
No of useful instructions issued/executed:	1499981023 (46.76% proc util.)
No of total instructions issued/executed:	1752016326 (54.61% proc util.)
 includes 252035303 wrong-path (14.4%) insts and 0 flushed (0.0%)
	fp 36, 0.00%
	synch 0, 0.00%
	integer 1190277415, 67.94%
	load/store 561738875, 32.06%
Avg size of int IQ (before scheduling): 29.78
Avg size of fp IQ (before scheduling): 0.00
No of cycles taken:		401000000
Parallelism [ 1.185, 0.000, 1.484, 1.072,] = 3.741
 IQ conflicts: 7885072 (1.97%), FQ conflicts: 0 (0.00%) 
 I reg conflicts: 107431335 (26.79%), FP reg conflicts: 0 (0.00%)
  Activelist confs: 0 (0.00%), ROB confs: 39 (0.00%)
  Int unit conflicts: 1369846570 (341.61%), FP unit conflicts: 0 (0.00%)
  Load/store unit conflicts: 50835399 (12.68%)
  MSHR conflicts: 46323704 (11.55%)
----------------------------------------
==== System-wide Cache Statistics ====
Stall for miss queue full 0 cycles (0.00%)
----------------------------------------
==== Statistics for Master ID: 0 ====
Reads: 286780889   Writes: 39201493
ICACHE: size: 64 KB assoc: 2
ICACHE: hits:192115304 misses:535  Hit Ratio: 100.00%
DCACHE: size: 32 KB assoc: 8
DCACHE: hits:129465448 misses:4401095 writebacks:4226801  Hit Ratio: 96.71%
SCACHE: size: 512 KB assoc: 2
SCACHE: hits:2142273 misses:2259357  Hit Ratio: 48.67%
3CACHE: size: 4096 KB assoc: 2
3CACHE: hits:64954 misses:2194403  Hit Ratio: 2.87%
3CACHE: dirty items replaced:3015
ITLB: size: 48, misses 25, miss rate 0.00%
DTLB: size: 128, misses 94954, miss rate 0.07%
Avg mem delay: 1.380 cycles
----------------------------------------
==== Statistics for Master ID: 2 ====
Reads: 345591163   Writes: 58847108
ICACHE: size: 64 KB assoc: 2
ICACHE: hits:167800415 misses:36  Hit Ratio: 100.00%
DCACHE: size: 32 KB assoc: 8
DCACHE: hits:236521266 misses:116554 writebacks:116030  Hit Ratio: 99.95%
SCACHE: size: 512 KB assoc: 2
SCACHE: hits:37087 misses:79503  Hit Ratio: 31.81%
3CACHE: size: 4096 KB assoc: 2
3CACHE: hits:29269 misses:50234  Hit Ratio: 36.81%
3CACHE: dirty items replaced:2643
ITLB: size: 48, misses 4, miss rate 0.00%
DTLB: size: 128, misses 1636, miss rate 0.00%
Avg mem delay: 1.380 cycles
----------------------------------------
==== Statistics for Master ID: 3 ====
Reads: 283920825   Writes: 113002105
ICACHE: size: 64 KB assoc: 2
ICACHE: hits:205688401 misses:36  Hit Ratio: 100.00%
DCACHE: size: 32 KB assoc: 8
DCACHE: hits:190010537 misses:1223956 writebacks:1223432  Hit Ratio: 99.36%
SCACHE: size: 512 KB assoc: 2
SCACHE: hits:805219 misses:418773  Hit Ratio: 65.79%
3CACHE: size: 4096 KB assoc: 2
3CACHE: hits:330863 misses:87910  Hit Ratio: 79.01%
3CACHE: dirty items replaced:2936
ITLB: size: 48, misses 4, miss rate 0.00%
DTLB: size: 128, misses 17907, miss rate 0.01%
Avg mem delay: 1.380 cycles
----------------------------------------
==== Global Resource Utilization ====
STASH: size: 65536 entries, full 2165934522, empty 6984, misses 548, full rate 100.00
icache bank util. 0.239 0.554 0.035 0.041 0.068 0.138 0.068 0.268 
dcache bank util. 0.143 0.157 0.180 0.348 0.183 0.140 0.182 0.152 
L2 bank util. 0.017 0.017 0.017 0.017 0.016 0.016 0.018 0.022 
L1-L2 bus util. = 0.085, L3 util. = 0.058
----------------------------------------
branch prediction, hits = 109992101, misses = 4515866, hit rate = 96.06%
return_stack prediction, hits = 3062780, misses = 19302546, hit rate = 13.69%
jump prediction, hits = 160997931, misses = 2500, hit rate = 100.00%

**** Debug Statistics at 501000000 Cycles *****
Threads: 4		Fetch Width: 8
No of useful instructions fetched:	1960473662 (48.91% proc util.)
No of total instructions fetched:	2656369138 (66.28% proc util.)
 includes 9599 misfetch (0.0%), 695885877 (26.2%) wrong-path fetches
 and 0 flushed after failed lock(0.0%)
No of useful instructions issued/executed:	1960473640 (48.91% proc util.)
No of total instructions issued/executed:	2297231914 (57.32% proc util.)
 includes 336758274 wrong-path (14.7%) insts and 0 flushed (0.0%)
	fp 36, 0.00%
	synch 0, 0.00%
	integer 1562932511, 68.04%
	load/store 734299367, 31.96%
Avg size of int IQ (before scheduling): 30.92
Avg size of fp IQ (before scheduling): 0.00
No of cycles taken:		501000000
Parallelism [ 1.277, 0.000, 1.537, 1.099,] = 3.913
 IQ conflicts: 10881086 (2.17%), FQ conflicts: 0 (0.00%) 
 I reg conflicts: 114234949 (22.80%), FP reg conflicts: 0 (0.00%)
  Activelist confs: 0 (0.00%), ROB confs: 39 (0.00%)
  Int unit conflicts: 1888804744 (377.01%), FP unit conflicts: 0 (0.00%)
  Load/store unit conflicts: 69642918 (13.90%)
  MSHR conflicts: 51607559 (10.30%)
----------------------------------------
==== System-wide Cache Statistics ====
Stall for miss queue full 0 cycles (0.00%)
----------------------------------------
==== Statistics for Master ID: 0 ====
Reads: 385435489   Writes: 51368478
ICACHE: size: 64 KB assoc: 2
ICACHE: hits:256821767 misses:535  Hit Ratio: 100.00%
DCACHE: size: 32 KB assoc: 8
DCACHE: hits:174568621 misses:5413044 writebacks:5238750  Hit Ratio: 96.99%
SCACHE: size: 512 KB assoc: 2
SCACHE: hits:3097021 misses:2316558  Hit Ratio: 57.21%
3CACHE: size: 4096 KB assoc: 2
3CACHE: hits:89851 misses:2226707  Hit Ratio: 3.88%
3CACHE: dirty items replaced:4326
ITLB: size: 48, misses 25, miss rate 0.00%
DTLB: size: 128, misses 96602, miss rate 0.05%
Avg mem delay: 1.242 cycles
----------------------------------------
==== Statistics for Master ID: 2 ====
Reads: 447922212   Writes: 76165359
ICACHE: size: 64 KB assoc: 2
ICACHE: hits:217780139 misses:36  Hit Ratio: 100.00%
DCACHE: size: 32 KB assoc: 8
DCACHE: hits:306156775 misses:150621 writebacks:150097  Hit Ratio: 99.95%
SCACHE: size: 512 KB assoc: 2
SCACHE: hits:52048 misses:98609  Hit Ratio: 34.55%
3CACHE: size: 4096 KB assoc: 2
3CACHE: hits:37928 misses:60681  Hit Ratio: 38.46%
3CACHE: dirty items replaced:3738
ITLB: size: 48, misses 4, miss rate 0.00%
DTLB: size: 128, misses 2098, miss rate 0.00%
Avg mem delay: 1.242 cycles
----------------------------------------
==== Statistics for Master ID: 3 ====
Reads: 369728583   Writes: 147789220
ICACHE: size: 64 KB assoc: 2
ICACHE: hits:269507487 misses:36  Hit Ratio: 100.00%
DCACHE: size: 32 KB assoc: 8
DCACHE: hits:246443945 misses:1566335 writebacks:1565811  Hit Ratio: 99.37%
SCACHE: size: 512 KB assoc: 2
SCACHE: hits:1115560 misses:450811  Hit Ratio: 71.22%
3CACHE: size: 4096 KB assoc: 2
3CACHE: hits:352629 misses:98182  Hit Ratio: 78.22%
3CACHE: dirty items replaced:4079
ITLB: size: 48, misses 4, miss rate 0.00%
DTLB: size: 128, misses 22536, miss rate 0.01%
Avg mem delay: 1.242 cycles
----------------------------------------
==== Global Resource Utilization ====
STASH: size: 65536 entries, full 2850033154, empty 6986, misses 548, full rate 100.00
icache bank util. 0.251 0.579 0.039 0.045 0.076 0.139 0.075 0.280 
dcache bank util. 0.149 0.165 0.189 0.359 0.193 0.145 0.192 0.159 
L2 bank util. 0.016 0.016 0.016 0.016 0.016 0.016 0.017 0.021 
L1-L2 bus util. = 0.084, L3 util. = 0.048
----------------------------------------
branch prediction, hits = 142127697, misses = 6235854, hit rate = 95.80%
return_stack prediction, hits = 4239264, misses = 24721466, hit rate = 14.64%
jump prediction, hits = 208735107, misses = 3249, hit rate = 100.00%

**** Early Exiting at 509520064 Cycles *****
========================================
 SMTSIM Global Statistics
========================================
Threads: 4		Fetch Width: 8
No of useful instructions fetched:	2000000135 (49.07% proc util.)
No of total instructions fetched:	2710662555 (66.50% proc util.)
 includes 9869 misfetch (0.0%), 710652551 (26.2%) wrong-path fetches
 and 0 flushed after failed lock(0.0%)
No of useful instructions issued/executed:	2000000087 (49.07% proc util.)
No of total instructions issued/executed:	2343729282 (57.50% proc util.)
 includes 343729195 wrong-path (14.7%) insts and 0 flushed (0.0%)
	fp 36, 0.00%
	synch 0, 0.00%
	integer 1594667894, 68.04%
	load/store 749061352, 31.96%
Avg size of int IQ (before scheduling): 31.00
Avg size of fp IQ (before scheduling): 0.00
No of cycles taken:		509520064
Parallelism [ 1.284, 0.000, 1.540, 1.101,] = 3.925
 IQ conflicts: 11155728 (2.19%), FQ conflicts: 0 (0.00%) 
 I reg conflicts: 114776610 (22.53%), FP reg conflicts: 0 (0.00%)
  Activelist confs: 0 (0.00%), ROB confs: 39 (0.00%)
  Int unit conflicts: 1934434271 (379.66%), FP unit conflicts: 0 (0.00%)
  Load/store unit conflicts: 71333837 (14.00%)
  MSHR conflicts: 51988250 (10.20%)
----------------------------------------
==== System-wide Cache Statistics ====
Stall for miss queue full 0 cycles (0.00%)
----------------------------------------
==== Statistics for Master ID: 0 ====
Reads: 394001315   Writes: 52455439
ICACHE: size: 64 KB assoc: 2
ICACHE: hits:262415645 misses:535  Hit Ratio: 100.00%
DCACHE: size: 32 KB assoc: 8
DCACHE: hits:178570606 misses:5469968 writebacks:5295674  Hit Ratio: 97.03%
SCACHE: size: 512 KB assoc: 2
SCACHE: hits:3148563 misses:2321940  Hit Ratio: 57.56%
3CACHE: size: 4096 KB assoc: 2
3CACHE: hits:92394 misses:2229546  Hit Ratio: 3.98%
3CACHE: dirty items replaced:4431
ITLB: size: 48, misses 25, miss rate 0.00%
DTLB: size: 128, misses 96750, miss rate 0.05%
Avg mem delay: 1.232 cycles
----------------------------------------
==== Statistics for Master ID: 2 ====
Reads: 456592757   Writes: 77628776
ICACHE: size: 64 KB assoc: 2
ICACHE: hits:222027028 misses:36  Hit Ratio: 100.00%
DCACHE: size: 32 KB assoc: 8
DCACHE: hits:312040970 misses:153499 writebacks:152975  Hit Ratio: 99.95%
SCACHE: size: 512 KB assoc: 2
SCACHE: hits:53145 misses:100390  Hit Ratio: 34.61%
3CACHE: size: 4096 KB assoc: 2
3CACHE: hits:38818 misses:61572  Hit Ratio: 38.67%
3CACHE: dirty items replaced:3855
ITLB: size: 48, misses 4, miss rate 0.00%
DTLB: size: 128, misses 2136, miss rate 0.00%
Avg mem delay: 1.232 cycles
----------------------------------------
==== Statistics for Master ID: 3 ====
Reads: 377005709   Writes: 150734779
ICACHE: size: 64 KB assoc: 2
ICACHE: hits:274914169 misses:36  Hit Ratio: 100.00%
DCACHE: size: 32 KB assoc: 8
DCACHE: hits:251230826 misses:1595457 writebacks:1594933  Hit Ratio: 99.37%
SCACHE: size: 512 KB assoc: 2
SCACHE: hits:1142061 misses:453432  Hit Ratio: 71.58%
3CACHE: size: 4096 KB assoc: 2
3CACHE: hits:354315 misses:99117  Hit Ratio: 78.14%
3CACHE: dirty items replaced:4152
ITLB: size: 48, misses 4, miss rate 0.00%
DTLB: size: 128, misses 22924, miss rate 0.01%
Avg mem delay: 1.232 cycles
----------------------------------------
==== Global Resource Utilization ====
STASH: size: 65536 entries, full 2908457849, empty 6986, misses 548, full rate 100.00
icache bank util. 0.252 0.580 0.039 0.046 0.077 0.140 0.076 0.281 
dcache bank util. 0.149 0.165 0.189 0.360 0.194 0.145 0.193 0.159 
L2 bank util. 0.016 0.016 0.016 0.016 0.016 0.016 0.017 0.021 
L1-L2 bus util. = 0.084, L3 util. = 0.047
----------------------------------------
branch prediction, hits = 144909653, misses = 6379819, hit rate = 95.78%
return_stack prediction, hits = 4349338, misses = 25182917, hit rate = 14.73%
jump prediction, hits = 212881528, misses = 3334, hit rate = 100.00%
total IPC 3.925

=== Results saved to: ./results/gzip-program_2_matmul_1_recurseq_1.txt ===
