测试组合（多线程优先）：gcc-200.arg2 + cacherand.arg + gzip-source.arg
执行命令：./smtsim gcc-200.arg2 cacherand.arg gzip-source.arg
==================================================

 abend_ adia_ adib_ ambm6_ analie6_ betalf_SMTCache
Process 0, Thread 0: gcc-200
Process 0, Thread 1: gcc-200
Process 2, Thread 2: cacherand
Process 3, Thread 3: gzip-source

**** Debug Statistics at 1000000 Cycles *****
Threads: 4		Fetch Width: 8
No of useful instructions fetched:	1284776 (16.06% proc util.)
No of total instructions fetched:	1595389 (19.94% proc util.)
 includes 93330 misfetch (5.8%), 217283 (13.6%) wrong-path fetches
 and 0 flushed after failed lock(0.0%)
No of useful instructions issued/executed:	1284729 (16.06% proc util.)
No of total instructions issued/executed:	1388305 (17.35% proc util.)
 includes 103576 wrong-path (7.5%) insts and 0 flushed (0.0%)
	fp 30, 0.00%
	synch 0, 0.00%
	integer 1095271, 78.89%
	load/store 293004, 21.11%
Avg size of int IQ (before scheduling): 33.76
Avg size of fp IQ (before scheduling): 0.00
No of cycles taken:		1000000
Parallelism [ 0.390, 0.000, 0.752, 0.143,] = 1.285
 IQ conflicts: 1202 (0.12%), FQ conflicts: 0 (0.00%) 
 I reg conflicts: 771166 (77.12%), FP reg conflicts: 0 (0.00%)
  Activelist confs: 0 (0.00%), ROB confs: 0 (0.00%)
  Int unit conflicts: 57860 (5.79%), FP unit conflicts: 0 (0.00%)
  Load/store unit conflicts: 28278 (2.83%)
  MSHR conflicts: 392836 (39.28%)
----------------------------------------
==== System-wide Cache Statistics ====
Stall for miss queue full 0 cycles (0.00%)
----------------------------------------
==== Statistics for Master ID: 0 ====
Reads: 308546   Writes: 57771
ICACHE: size: 64 KB assoc: 2
ICACHE: hits:167663 misses:3270  Hit Ratio: 98.09%
DCACHE: size: 32 KB assoc: 8
DCACHE: hits:192932 misses:2452 writebacks:1233  Hit Ratio: 98.75%
SCACHE: size: 512 KB assoc: 2
SCACHE: hits:2845 misses:2877  Hit Ratio: 49.72%
3CACHE: size: 4096 KB assoc: 2
3CACHE: hits:336 misses:2541  Hit Ratio: 11.68%
3CACHE: dirty items replaced:1
ITLB: size: 48, misses 50, miss rate 0.03%
DTLB: size: 128, misses 1348, miss rate 0.69%
Avg mem delay: 41.328 cycles
----------------------------------------
==== Statistics for Master ID: 2 ====
Reads: 217757   Writes: 35
ICACHE: size: 64 KB assoc: 2
ICACHE: hits:189847 misses:23  Hit Ratio: 99.99%
DCACHE: size: 32 KB assoc: 8
DCACHE: hits:18490 misses:9432 writebacks:152  Hit Ratio: 66.22%
SCACHE: size: 512 KB assoc: 2
SCACHE: hits:8074 misses:1381  Hit Ratio: 85.39%
3CACHE: size: 4096 KB assoc: 2
3CACHE: hits:499 misses:882  Hit Ratio: 36.13%
3CACHE: dirty items replaced:0
ITLB: size: 48, misses 4, miss rate 0.00%
DTLB: size: 128, misses 50, miss rate 0.18%
Avg mem delay: 41.328 cycles
----------------------------------------
==== Statistics for Master ID: 3 ====
Reads: 117871   Writes: 23361
ICACHE: size: 64 KB assoc: 2
ICACHE: hits:72064 misses:201  Hit Ratio: 99.72%
DCACHE: size: 32 KB assoc: 8
DCACHE: hits:46379 misses:22588 writebacks:22415  Hit Ratio: 67.25%
SCACHE: size: 512 KB assoc: 2
SCACHE: hits:1 misses:22787  Hit Ratio: 0.00%
3CACHE: size: 4096 KB assoc: 2
3CACHE: hits:0 misses:22787  Hit Ratio: 0.00%
3CACHE: dirty items replaced:3
ITLB: size: 48, misses 18, miss rate 0.02%
DTLB: size: 128, misses 5628, miss rate 8.16%
Avg mem delay: 41.328 cycles
----------------------------------------
==== Global Resource Utilization ====
STASH: size: 65536 entries, full 93456454, empty 7366592, misses 871930, full rate 91.90
icache bank util. 0.145 0.108 0.022 0.025 0.026 0.022 0.032 0.064 
dcache bank util. 0.021 0.030 0.056 0.030 0.040 0.045 0.221 0.025 
L2 bank util. 0.011 0.013 0.012 0.013 0.013 0.011 0.284 0.013 
L1-L2 bus util. = 0.185, L3 util. = 0.262
----------------------------------------
branch prediction, hits = 77769, misses = 11780, hit rate = 86.85%
return_stack prediction, hits = 6048, misses = 13, hit rate = 99.79%
jump prediction, hits = 64683, misses = 18272, hit rate = 77.97%

**** Debug Statistics at 101000000 Cycles *****
Threads: 4		Fetch Width: 8
No of useful instructions fetched:	160469261 (19.86% proc util.)
No of total instructions fetched:	179426763 (22.21% proc util.)
 includes 5030770 misfetch (2.8%), 13926732 (7.8%) wrong-path fetches
 and 0 flushed after failed lock(0.0%)
No of useful instructions issued/executed:	160469238 (19.86% proc util.)
No of total instructions issued/executed:	166157947 (20.56% proc util.)
 includes 5688709 wrong-path (3.4%) insts and 0 flushed (0.0%)
	fp 26388, 0.02%
	synch 0, 0.00%
	integer 127931203, 76.99%
	load/store 38200356, 22.99%
Avg size of int IQ (before scheduling): 17.46
Avg size of fp IQ (before scheduling): 0.01
No of cycles taken:		101000000
Parallelism [ 0.594, 0.000, 0.662, 0.332,] = 1.589
 IQ conflicts: 8018 (0.01%), FQ conflicts: 0 (0.00%) 
 I reg conflicts: 76345159 (75.59%), FP reg conflicts: 0 (0.00%)
  Activelist confs: 0 (0.00%), ROB confs: 1445 (0.00%)
  Int unit conflicts: 7094915 (7.02%), FP unit conflicts: 0 (0.00%)
  Load/store unit conflicts: 2137316 (2.12%)
  MSHR conflicts: 14171125 (14.03%)
----------------------------------------
==== System-wide Cache Statistics ====
Stall for miss queue full 0 cycles (0.00%)
----------------------------------------
==== Statistics for Master ID: 0 ====
Reads: 36924268   Writes: 7382482
ICACHE: size: 64 KB assoc: 2
ICACHE: hits:19808977 misses:170058  Hit Ratio: 99.15%
DCACHE: size: 32 KB assoc: 8
DCACHE: hits:23997776 misses:329939 writebacks:328655  Hit Ratio: 98.64%
SCACHE: size: 512 KB assoc: 2
SCACHE: hits:268358 misses:231639  Hit Ratio: 53.67%
3CACHE: size: 4096 KB assoc: 2
3CACHE: hits:142862 misses:88777  Hit Ratio: 61.67%
3CACHE: dirty items replaced:12099
ITLB: size: 48, misses 4132, miss rate 0.02%
DTLB: size: 128, misses 27032, miss rate 0.11%
Avg mem delay: 10.063 cycles
----------------------------------------
==== Statistics for Master ID: 2 ====
Reads: 19461243   Writes: 48
ICACHE: size: 64 KB assoc: 2
ICACHE: hits:16983153 misses:48  Hit Ratio: 100.00%
DCACHE: size: 32 KB assoc: 8
DCACHE: hits:1650418 misses:827672 writebacks:14425  Hit Ratio: 66.60%
SCACHE: size: 512 KB assoc: 2
SCACHE: hits:775243 misses:52477  Hit Ratio: 93.66%
3CACHE: size: 4096 KB assoc: 2
3CACHE: hits:42786 misses:9691  Hit Ratio: 81.53%
3CACHE: dirty items replaced:433
ITLB: size: 48, misses 4, miss rate 0.00%
DTLB: size: 128, misses 308, miss rate 0.01%
Avg mem delay: 10.063 cycles
----------------------------------------
==== Statistics for Master ID: 3 ====
Reads: 18162113   Writes: 5589060
ICACHE: size: 64 KB assoc: 2
ICACHE: hits:12387213 misses:640  Hit Ratio: 99.99%
DCACHE: size: 32 KB assoc: 8
DCACHE: hits:9827961 misses:1535359 writebacks:1284522  Hit Ratio: 86.49%
SCACHE: size: 512 KB assoc: 2
SCACHE: hits:163 misses:1535836  Hit Ratio: 0.01%
3CACHE: size: 4096 KB assoc: 2
3CACHE: hits:33 misses:1535803  Hit Ratio: 0.00%
3CACHE: dirty items replaced:71500
ITLB: size: 48, misses 58, miss rate 0.00%
DTLB: size: 128, misses 67271, miss rate 0.59%
Avg mem delay: 10.063 cycles
----------------------------------------
==== Global Resource Utilization ====
STASH: size: 65536 entries, full 275033702, empty 11477987, misses 1246296, full rate 95.58
icache bank util. 0.120 0.099 0.026 0.028 0.026 0.141 0.023 0.030 
dcache bank util. 0.064 0.059 0.063 0.060 0.061 0.065 0.064 0.070 
L2 bank util. 0.030 0.030 0.030 0.030 0.030 0.029 0.038 0.045 
L1-L2 bus util. = 0.133, L3 util. = 0.162
----------------------------------------
branch prediction, hits = 14964193, misses = 1051238, hit rate = 93.44%
return_stack prediction, hits = 684761, misses = 330, hit rate = 99.95%
jump prediction, hits = 14141014, misses = 1262031, hit rate = 91.81%
 block_ blockdis_
**** Debug Statistics at 201000000 Cycles *****
Threads: 4		Fetch Width: 8
No of useful instructions fetched:	520422283 (32.36% proc util.)
No of total instructions fetched:	617099525 (38.38% proc util.)
 includes 13598088 misfetch (2.2%), 83079154 (13.5%) wrong-path fetches
 and 0 flushed after failed lock(0.0%)
No of useful instructions issued/executed:	520422220 (32.36% proc util.)
No of total instructions issued/executed:	557094532 (34.65% proc util.)
 includes 36672312 wrong-path (6.6%) insts and 0 flushed (0.0%)
	fp 35876, 0.01%
	synch 0, 0.00%
	integer 428542449, 76.92%
	load/store 128516207, 23.07%
Avg size of int IQ (before scheduling): 24.38
Avg size of fp IQ (before scheduling): 0.01
No of cycles taken:		201000000
Parallelism [ 0.825, 0.000, 0.934, 0.831,] = 2.589
 IQ conflicts: 366017 (0.18%), FQ conflicts: 0 (0.00%) 
 I reg conflicts: 112710019 (56.07%), FP reg conflicts: 0 (0.00%)
  Activelist confs: 0 (0.00%), ROB confs: 77959 (0.04%)
  Int unit conflicts: 178528762 (88.82%), FP unit conflicts: 3 (0.00%)
  Load/store unit conflicts: 12292016 (6.12%)
  MSHR conflicts: 26263258 (13.07%)
----------------------------------------
==== System-wide Cache Statistics ====
Stall for miss queue full 0 cycles (0.00%)
----------------------------------------
==== Statistics for Master ID: 0 ====
Reads: 115266990   Writes: 21534873
ICACHE: size: 64 KB assoc: 2
ICACHE: hits:64445551 misses:618792  Hit Ratio: 99.05%
DCACHE: size: 32 KB assoc: 8
DCACHE: hits:70443776 misses:1293744 writebacks:1292460  Hit Ratio: 98.20%
SCACHE: size: 512 KB assoc: 2
SCACHE: hits:1356081 misses:556455  Hit Ratio: 70.90%
3CACHE: size: 4096 KB assoc: 2
3CACHE: hits:393506 misses:162949  Hit Ratio: 70.72%
3CACHE: dirty items replaced:25721
ITLB: size: 48, misses 25608, miss rate 0.04%
DTLB: size: 128, misses 122966, miss rate 0.17%
Avg mem delay: 4.346 cycles
----------------------------------------
==== Statistics for Master ID: 2 ====
Reads: 58587366   Writes: 51
ICACHE: size: 64 KB assoc: 2
ICACHE: hits:51635720 misses:150  Hit Ratio: 100.00%
DCACHE: size: 32 KB assoc: 8
DCACHE: hits:4630315 misses:2321232 writebacks:40656  Hit Ratio: 66.61%
SCACHE: size: 512 KB assoc: 2
SCACHE: hits:2235806 misses:85575  Hit Ratio: 96.31%
3CACHE: size: 4096 KB assoc: 2
3CACHE: hits:69375 misses:16200  Hit Ratio: 81.07%
3CACHE: dirty items replaced:1931
ITLB: size: 48, misses 4, miss rate 0.00%
DTLB: size: 128, misses 1101, miss rate 0.02%
Avg mem delay: 4.346 cycles
----------------------------------------
==== Statistics for Master ID: 3 ====
Reads: 90369762   Writes: 16456388
ICACHE: size: 64 KB assoc: 2
ICACHE: hits:57118018 misses:8094  Hit Ratio: 99.99%
DCACHE: size: 32 KB assoc: 8
DCACHE: hits:47052672 misses:2647366 writebacks:2363765  Hit Ratio: 94.67%
SCACHE: size: 512 KB assoc: 2
SCACHE: hits:623533 misses:2031927  Hit Ratio: 23.48%
3CACHE: size: 4096 KB assoc: 2
3CACHE: hits:87807 misses:1944120  Hit Ratio: 4.32%
3CACHE: dirty items replaced:103130
ITLB: size: 48, misses 312, miss rate 0.00%
DTLB: size: 128, misses 108608, miss rate 0.22%
Avg mem delay: 4.346 cycles
----------------------------------------
==== Global Resource Utilization ====
STASH: size: 65536 entries, full 739801101, empty 20680465, misses 2074178, full rate 97.02
icache bank util. 0.212 0.169 0.054 0.067 0.076 0.150 0.069 0.078 
dcache bank util. 0.088 0.097 0.106 0.093 0.110 0.089 0.113 0.091 
L2 bank util. 0.034 0.034 0.034 0.033 0.033 0.033 0.037 0.041 
L1-L2 bus util. = 0.158, L3 util. = 0.106
----------------------------------------
branch prediction, hits = 40985477, misses = 3697254, hit rate = 91.73%
return_stack prediction, hits = 3092475, misses = 3594, hit rate = 99.88%
jump prediction, hits = 41843012, misses = 3406756, hit rate = 92.47%
 caconv_ calrms_ chroma_ cinvar_ clor6_
**** Debug Statistics at 301000000 Cycles *****
Threads: 4		Fetch Width: 8
No of useful instructions fetched:	952820767 (39.57% proc util.)
No of total instructions fetched:	1160131690 (48.18% proc util.)
 includes 25350211 misfetch (2.2%), 181960712 (15.7%) wrong-path fetches
 and 0 flushed after failed lock(0.0%)
No of useful instructions issued/executed:	952820726 (39.57% proc util.)
No of total instructions issued/executed:	1031339956 (42.83% proc util.)
 includes 78519230 wrong-path (7.6%) insts and 0 flushed (0.0%)
	fp 57544, 0.01%
	synch 0, 0.00%
	integer 794675652, 77.05%
	load/store 236606760, 22.94%
Avg size of int IQ (before scheduling): 28.03
Avg size of fp IQ (before scheduling): 0.01
No of cycles taken:		301000000
Parallelism [ 0.952, 0.000, 1.090, 1.123,] = 3.166
 IQ conflicts: 724968 (0.24%), FQ conflicts: 0 (0.00%) 
 I reg conflicts: 133933740 (44.50%), FP reg conflicts: 0 (0.00%)
  Activelist confs: 195 (0.00%), ROB confs: 190666 (0.06%)
  Int unit conflicts: 407733377 (135.46%), FP unit conflicts: 4 (0.00%)
  Load/store unit conflicts: 23935388 (7.95%)
  MSHR conflicts: 36165605 (12.02%)
----------------------------------------
==== System-wide Cache Statistics ====
Stall for miss queue full 0 cycles (0.00%)
----------------------------------------
==== Statistics for Master ID: 0 ====
Reads: 209544641   Writes: 37542814
ICACHE: size: 64 KB assoc: 2
ICACHE: hits:118579639 misses:1293607  Hit Ratio: 98.92%
DCACHE: size: 32 KB assoc: 8
DCACHE: hits:125219781 misses:1994428 writebacks:1993144  Hit Ratio: 98.43%
SCACHE: size: 512 KB assoc: 2
SCACHE: hits:2395125 misses:892910  Hit Ratio: 72.84%
3CACHE: size: 4096 KB assoc: 2
3CACHE: hits:663527 misses:229383  Hit Ratio: 74.31%
3CACHE: dirty items replaced:48590
ITLB: size: 48, misses 70416, miss rate 0.06%
DTLB: size: 128, misses 194090, miss rate 0.15%
Avg mem delay: 2.913 cycles
----------------------------------------
==== Statistics for Master ID: 2 ====
Reads: 105750067   Writes: 51
ICACHE: size: 64 KB assoc: 2
ICACHE: hits:93592782 misses:345  Hit Ratio: 100.00%
DCACHE: size: 32 KB assoc: 8
DCACHE: hits:8097678 misses:4059313 writebacks:71244  Hit Ratio: 66.61%
SCACHE: size: 512 KB assoc: 2
SCACHE: hits:3953234 misses:106424  Hit Ratio: 97.38%
3CACHE: size: 4096 KB assoc: 2
3CACHE: hits:82511 misses:23913  Hit Ratio: 77.53%
3CACHE: dirty items replaced:5753
ITLB: size: 48, misses 4, miss rate 0.00%
DTLB: size: 128, misses 1462, miss rate 0.01%
Avg mem delay: 2.913 cycles
----------------------------------------
==== Statistics for Master ID: 3 ====
Reads: 181865894   Writes: 29240942
ICACHE: size: 64 KB assoc: 2
ICACHE: hits:114101967 misses:16509  Hit Ratio: 99.99%
DCACHE: size: 32 KB assoc: 8
DCACHE: hits:93442847 misses:3545513 writebacks:3261912  Hit Ratio: 96.34%
SCACHE: size: 512 KB assoc: 2
SCACHE: hits:1377837 misses:2184185  Hit Ratio: 38.68%
3CACHE: size: 4096 KB assoc: 2
3CACHE: hits:193159 misses:1991026  Hit Ratio: 8.84%
3CACHE: dirty items replaced:120776
ITLB: size: 48, misses 734, miss rate 0.00%
DTLB: size: 128, misses 123945, miss rate 0.13%
Avg mem delay: 2.913 cycles
----------------------------------------
==== Global Resource Utilization ====
STASH: size: 65536 entries, full 1315413674, empty 33219434, misses 3171293, full rate 97.31
icache bank util. 0.266 0.212 0.073 0.090 0.102 0.158 0.094 0.107 
dcache bank util. 0.103 0.112 0.126 0.109 0.139 0.102 0.138 0.105 
L2 bank util. 0.034 0.035 0.034 0.033 0.033 0.033 0.036 0.039 
L1-L2 bus util. = 0.162, L3 util. = 0.075
----------------------------------------
branch prediction, hits = 69272728, misses = 7462770, hit rate = 90.27%
return_stack prediction, hits = 5655961, misses = 6795, hit rate = 99.88%
jump prediction, hits = 72111166, misses = 6333040, hit rate = 91.93%
 clorb_
**** Debug Statistics at 401000000 Cycles *****
Threads: 4		Fetch Width: 8
No of useful instructions fetched:	1385003426 (43.17% proc util.)
No of total instructions fetched:	1706475134 (53.19% proc util.)
 includes 38261615 misfetch (2.2%), 283210093 (16.6%) wrong-path fetches
 and 0 flushed after failed lock(0.0%)
No of useful instructions issued/executed:	1385003377 (43.17% proc util.)
No of total instructions issued/executed:	1506570005 (46.96% proc util.)
 includes 121566628 wrong-path (8.1%) insts and 0 flushed (0.0%)
	fp 70343, 0.00%
	synch 0, 0.00%
	integer 1160148611, 77.01%
	load/store 346351051, 22.99%
Avg size of int IQ (before scheduling): 29.93
Avg size of fp IQ (before scheduling): 0.01
No of cycles taken:		401000000
Parallelism [ 1.020, 0.000, 1.166, 1.269,] = 3.454
 IQ conflicts: 1176762 (0.29%), FQ conflicts: 0 (0.00%) 
 I reg conflicts: 154758849 (38.59%), FP reg conflicts: 0 (0.00%)
  Activelist confs: 253 (0.00%), ROB confs: 277445 (0.07%)
  Int unit conflicts: 635488235 (158.48%), FP unit conflicts: 7 (0.00%)
  Load/store unit conflicts: 36485840 (9.10%)
  MSHR conflicts: 49111587 (12.25%)
----------------------------------------
==== System-wide Cache Statistics ====
Stall for miss queue full 0 cycles (0.00%)
----------------------------------------
==== Statistics for Master ID: 0 ====
Reads: 307069569   Writes: 54328385
ICACHE: size: 64 KB assoc: 2
ICACHE: hits:174564529 misses:1883161  Hit Ratio: 98.93%
DCACHE: size: 32 KB assoc: 8
DCACHE: hits:182025911 misses:2924353 writebacks:2923069  Hit Ratio: 98.42%
SCACHE: size: 512 KB assoc: 2
SCACHE: hits:3525236 misses:1282278  Hit Ratio: 73.33%
3CACHE: size: 4096 KB assoc: 2
3CACHE: hits:987732 misses:294546  Hit Ratio: 77.03%
3CACHE: dirty items replaced:72540
ITLB: size: 48, misses 94253, miss rate 0.05%
DTLB: size: 128, misses 271496, miss rate 0.15%
Avg mem delay: 2.418 cycles
----------------------------------------
==== Statistics for Master ID: 2 ====
Reads: 152349004   Writes: 51
ICACHE: size: 64 KB assoc: 2
ICACHE: hits:135037273 misses:442  Hit Ratio: 100.00%
DCACHE: size: 32 KB assoc: 8
DCACHE: hits:11532390 misses:5778950 writebacks:101486  Hit Ratio: 66.62%
SCACHE: size: 512 KB assoc: 2
SCACHE: hits:5648490 misses:130902  Hit Ratio: 97.74%
3CACHE: size: 4096 KB assoc: 2
3CACHE: hits:100314 misses:30588  Hit Ratio: 76.63%
3CACHE: dirty items replaced:10513
ITLB: size: 48, misses 4, miss rate 0.00%
DTLB: size: 128, misses 1882, miss rate 0.01%
Avg mem delay: 2.418 cycles
----------------------------------------
==== Statistics for Master ID: 3 ====
Reads: 272757429   Writes: 41753533
ICACHE: size: 64 KB assoc: 2
ICACHE: hits:170807411 misses:24597  Hit Ratio: 99.99%
DCACHE: size: 32 KB assoc: 8
DCACHE: hits:139314783 misses:4364171 writebacks:4080570  Hit Ratio: 96.96%
SCACHE: size: 512 KB assoc: 2
SCACHE: hits:2043014 misses:2345753  Hit Ratio: 46.55%
3CACHE: size: 4096 KB assoc: 2
3CACHE: hits:311729 misses:2034024  Hit Ratio: 13.29%
3CACHE: dirty items replaced:134616
ITLB: size: 48, misses 1067, miss rate 0.00%
DTLB: size: 128, misses 141919, miss rate 0.10%
Avg mem delay: 2.418 cycles
----------------------------------------
==== Global Resource Utilization ====
STASH: size: 65536 entries, full 1894636920, empty 45270233, misses 4237550, full rate 97.45
icache bank util. 0.293 0.234 0.083 0.101 0.116 0.162 0.107 0.122 
dcache bank util. 0.112 0.121 0.136 0.119 0.155 0.107 0.149 0.114 
L2 bank util. 0.034 0.035 0.035 0.034 0.033 0.033 0.036 0.038 
L1-L2 bus util. = 0.165, L3 util. = 0.059
----------------------------------------
branch prediction, hits = 98033606, misses = 11263688, hit rate = 89.69%
return_stack prediction, hits = 8195339, misses = 8617, hit rate = 99.89%
jump prediction, hits = 102407742, misses = 9518355, hit rate = 91.50%
 clorb2_ combel_ comnul_
**** Debug Statistics at 501000000 Cycles *****
Threads: 4		Fetch Width: 8
No of useful instructions fetched:	1820009479 (45.41% proc util.)
No of total instructions fetched:	2253784878 (56.23% proc util.)
 includes 49931902 misfetch (2.2%), 383843497 (17.0%) wrong-path fetches
 and 0 flushed after failed lock(0.0%)
No of useful instructions issued/executed:	1820009433 (45.41% proc util.)
No of total instructions issued/executed:	1984884348 (49.52% proc util.)
 includes 164874915 wrong-path (8.3%) insts and 0 flushed (0.0%)
	fp 82375, 0.00%
	synch 0, 0.00%
	integer 1528468599, 77.01%
	load/store 456333374, 22.99%
Avg size of int IQ (before scheduling): 31.13
Avg size of fp IQ (before scheduling): 0.01
No of cycles taken:		501000000
Parallelism [ 1.049, 0.000, 1.218, 1.366,] = 3.633
 IQ conflicts: 1505358 (0.30%), FQ conflicts: 0 (0.00%) 
 I reg conflicts: 175422132 (35.01%), FP reg conflicts: 0 (0.00%)
  Activelist confs: 304 (0.00%), ROB confs: 342332 (0.07%)
  Int unit conflicts: 862410270 (172.14%), FP unit conflicts: 7 (0.00%)
  Load/store unit conflicts: 48971861 (9.77%)
  MSHR conflicts: 57027361 (11.38%)
----------------------------------------
==== System-wide Cache Statistics ====
Stall for miss queue full 0 cycles (0.00%)
----------------------------------------
==== Statistics for Master ID: 0 ====
Reads: 400430874   Writes: 70563898
ICACHE: size: 64 KB assoc: 2
ICACHE: hits:227894712 misses:2611185  Hit Ratio: 98.87%
DCACHE: size: 32 KB assoc: 8
DCACHE: hits:236652440 misses:3836435 writebacks:3835151  Hit Ratio: 98.40%
SCACHE: size: 512 KB assoc: 2
SCACHE: hits:4820399 misses:1627220  Hit Ratio: 74.76%
3CACHE: size: 4096 KB assoc: 2
3CACHE: hits:1281797 misses:345423  Hit Ratio: 78.77%
3CACHE: dirty items replaced:95313
ITLB: size: 48, misses 144303, miss rate 0.06%
DTLB: size: 128, misses 360771, miss rate 0.15%
Avg mem delay: 2.154 cycles
----------------------------------------
==== Statistics for Master ID: 2 ====
Reads: 200419415   Writes: 51
ICACHE: size: 64 KB assoc: 2
ICACHE: hits:177812340 misses:616  Hit Ratio: 100.00%
DCACHE: size: 32 KB assoc: 8
DCACHE: hits:15060394 misses:7546116 writebacks:132318  Hit Ratio: 66.62%
SCACHE: size: 512 KB assoc: 2
SCACHE: hits:7397283 misses:149449  Hit Ratio: 98.02%
3CACHE: size: 4096 KB assoc: 2
3CACHE: hits:114816 misses:34633  Hit Ratio: 76.83%
3CACHE: dirty items replaced:12901
ITLB: size: 48, misses 4, miss rate 0.00%
DTLB: size: 128, misses 2465, miss rate 0.01%
Avg mem delay: 2.154 cycles
----------------------------------------
==== Statistics for Master ID: 3 ====
Reads: 366458821   Writes: 55111064
ICACHE: size: 64 KB assoc: 2
ICACHE: hits:228838402 misses:32224  Hit Ratio: 99.99%
DCACHE: size: 32 KB assoc: 8
DCACHE: hits:187473383 misses:5225876 writebacks:4942275  Hit Ratio: 97.29%
SCACHE: size: 512 KB assoc: 2
SCACHE: hits:2762766 misses:2495333  Hit Ratio: 52.54%
3CACHE: size: 4096 KB assoc: 2
3CACHE: hits:423827 misses:2071506  Hit Ratio: 16.98%
3CACHE: dirty items replaced:156277
ITLB: size: 48, misses 1472, miss rate 0.00%
DTLB: size: 128, misses 162854, miss rate 0.08%
Avg mem delay: 2.154 cycles
----------------------------------------
==== Global Resource Utilization ====
STASH: size: 65536 entries, full 2474635713, empty 58130784, misses 5359549, full rate 97.50
icache bank util. 0.311 0.248 0.089 0.108 0.123 0.163 0.114 0.131 
dcache bank util. 0.118 0.127 0.143 0.125 0.164 0.109 0.157 0.119 
L2 bank util. 0.035 0.035 0.035 0.034 0.034 0.034 0.035 0.037 
L1-L2 bus util. = 0.169, L3 util. = 0.049
----------------------------------------
branch prediction, hits = 126285119, misses = 14996999, hit rate = 89.39%
return_stack prediction, hits = 10827810, misses = 13436, hit rate = 99.88%
jump prediction, hits = 132681359, misses = 12450823, hit rate = 91.42%

**** Early Exiting at 543366087 Cycles *****
========================================
 SMTSIM Global Statistics
========================================
Threads: 4		Fetch Width: 8
No of useful instructions fetched:	2000000113 (46.01% proc util.)
No of total instructions fetched:	2480986654 (57.07% proc util.)
 includes 55144704 misfetch (2.2%), 425841837 (17.2%) wrong-path fetches
 and 0 flushed after failed lock(0.0%)
No of useful instructions issued/executed:	2000000075 (46.01% proc util.)
No of total instructions issued/executed:	2183471400 (50.23% proc util.)
 includes 183471325 wrong-path (8.4%) insts and 0 flushed (0.0%)
	fp 82419, 0.00%
	synch 0, 0.00%
	integer 1679470691, 76.92%
	load/store 503918290, 23.08%
Avg size of int IQ (before scheduling): 31.50
Avg size of fp IQ (before scheduling): 0.00
No of cycles taken:		543366087
Parallelism [ 1.059, 0.000, 1.231, 1.391,] = 3.681
 IQ conflicts: 1716617 (0.32%), FQ conflicts: 0 (0.00%) 
 I reg conflicts: 184739100 (34.00%), FP reg conflicts: 0 (0.00%)
  Activelist confs: 304 (0.00%), ROB confs: 403811 (0.07%)
  Int unit conflicts: 956644483 (176.06%), FP unit conflicts: 7 (0.00%)
  Load/store unit conflicts: 55712254 (10.25%)
  MSHR conflicts: 63581180 (11.70%)
----------------------------------------
==== System-wide Cache Statistics ====
Stall for miss queue full 0 cycles (0.00%)
----------------------------------------
==== Statistics for Master ID: 0 ====
Reads: 441718055   Writes: 78477277
ICACHE: size: 64 KB assoc: 2
ICACHE: hits:251530089 misses:2826011  Hit Ratio: 98.89%
DCACHE: size: 32 KB assoc: 8
DCACHE: hits:261345065 misses:4494167 writebacks:4492883  Hit Ratio: 98.31%
SCACHE: size: 512 KB assoc: 2
SCACHE: hits:5530551 misses:1789627  Hit Ratio: 75.55%
3CACHE: size: 4096 KB assoc: 2
3CACHE: hits:1421046 misses:368581  Hit Ratio: 79.40%
3CACHE: dirty items replaced:106665
ITLB: size: 48, misses 145303, miss rate 0.06%
DTLB: size: 128, misses 426169, miss rate 0.16%
Avg mem delay: 2.105 cycles
----------------------------------------
==== Statistics for Master ID: 2 ====
Reads: 219724974   Writes: 51
ICACHE: size: 64 KB assoc: 2
ICACHE: hits:194958350 misses:616  Hit Ratio: 100.00%
DCACHE: size: 32 KB assoc: 8
DCACHE: hits:16499019 misses:8267040 writebacks:144856  Hit Ratio: 66.62%
SCACHE: size: 512 KB assoc: 2
SCACHE: hits:8109479 misses:158177  Hit Ratio: 98.09%
3CACHE: size: 4096 KB assoc: 2
3CACHE: hits:122007 misses:36170  Hit Ratio: 77.13%
3CACHE: dirty items replaced:13839
ITLB: size: 48, misses 4, miss rate 0.00%
DTLB: size: 128, misses 3080, miss rate 0.01%
Avg mem delay: 2.105 cycles
----------------------------------------
==== Statistics for Master ID: 3 ====
Reads: 404503043   Writes: 60664058
ICACHE: size: 64 KB assoc: 2
ICACHE: hits:252442419 misses:35589  Hit Ratio: 99.99%
DCACHE: size: 32 KB assoc: 8
DCACHE: hits:207128927 misses:5560166 writebacks:5276565  Hit Ratio: 97.39%
SCACHE: size: 512 KB assoc: 2
SCACHE: hits:3034563 misses:2561192  Hit Ratio: 54.23%
3CACHE: size: 4096 KB assoc: 2
3CACHE: hits:475577 misses:2085615  Hit Ratio: 18.57%
3CACHE: dirty items replaced:161712
ITLB: size: 48, misses 1607, miss rate 0.00%
DTLB: size: 128, misses 178848, miss rate 0.08%
Avg mem delay: 2.105 cycles
----------------------------------------
==== Global Resource Utilization ====
STASH: size: 65536 entries, full 2715562472, empty 63130022, misses 5803531, full rate 97.52
icache bank util. 0.316 0.252 0.091 0.109 0.126 0.164 0.116 0.134 
dcache bank util. 0.122 0.129 0.145 0.126 0.167 0.110 0.159 0.123 
L2 bank util. 0.035 0.036 0.036 0.035 0.034 0.034 0.036 0.037 
L1-L2 bus util. = 0.172, L3 util. = 0.046
----------------------------------------
branch prediction, hits = 138550074, misses = 16525211, hit rate = 89.34%
return_stack prediction, hits = 11956593, misses = 13563, hit rate = 99.89%
jump prediction, hits = 145616990, misses = 13739005, hit rate = 91.38%
total IPC 3.681

=== Results saved to: ./results/gcc-200_2_cacherand_1_gzip-source_1.txt ===
