===== 执行信息 =====
Cache目录：smtc128
执行命令：./smtsim ../gzip-source.arg2 ../gcc-200.arg ../recurseq.arg
执行时间：2026-04-17 10:28:46
返回码：0
===== 输出内容 =====
SMTCache
Process 0, Thread 0: gzip-source
Process 0, Thread 1: gzip-source
Process 2, Thread 2: gcc-200
Process 3, Thread 3: recurseq

**** Debug Statistics at 1000000 Cycles *****
Threads: 4		Fetch Width: 8
No of useful instructions fetched:	844436 (10.56% proc util.)
No of total instructions fetched:	968496 (12.11% proc util.)
 includes 11628 misfetch (1.2%), 112432 (11.6%) wrong-path fetches
 and 0 flushed after failed lock(0.0%)
No of useful instructions issued/executed:	844402 (10.56% proc util.)
No of total instructions issued/executed:	897816 (11.22% proc util.)
 includes 53414 wrong-path (5.9%) insts and 0 flushed (0.0%)
	fp 54, 0.01%
	synch 0, 0.00%
	integer 662590, 73.80%
	load/store 235172, 26.19%
Avg size of int IQ (before scheduling): 17.48
Avg size of fp IQ (before scheduling): 0.00
No of cycles taken:		1000000
Parallelism [ 0.118, 0.000, 0.270, 0.457,] = 0.844
 IQ conflicts: 810 (0.08%), FQ conflicts: 0 (0.00%) 
 I reg conflicts: 859469 (85.95%), FP reg conflicts: 0 (0.00%)
  Activelist confs: 0 (0.00%), ROB confs: 0 (0.00%)
  Int unit conflicts: 212388 (21.24%), FP unit conflicts: 0 (0.00%)
  Load/store unit conflicts: 10828 (1.08%)
  MSHR conflicts: 69564 (6.96%)
----------------------------------------
==== System-wide Cache Statistics ====
Stall for miss queue full 0 cycles (0.00%)
----------------------------------------
==== Statistics for Master ID: 0 ====
Reads: 89634   Writes: 19216
ICACHE: size: 64 KB assoc: 2
ICACHE: hits:52113 misses:208  Hit Ratio: 99.60%
DCACHE: size: 32 KB assoc: 8
DCACHE: hits:38063 misses:18466 writebacks:18294  Hit Ratio: 67.33%
SCACHE: size: 512 KB assoc: 2
SCACHE: hits:10 misses:18664  Hit Ratio: 0.05%
3CACHE: size: 4096 KB assoc: 2
3CACHE: hits:0 misses:18661  Hit Ratio: 0.00%
3CACHE: dirty items replaced:0
ITLB: size: 48, misses 18, miss rate 0.03%
DTLB: size: 128, misses 4597, miss rate 8.13%
Avg mem delay: 33.365 cycles
----------------------------------------
==== Statistics for Master ID: 2 ====
Reads: 148037   Writes: 33614
ICACHE: size: 64 KB assoc: 2
ICACHE: hits:94422 misses:1164  Hit Ratio: 98.78%
DCACHE: size: 32 KB assoc: 8
DCACHE: hits:84530 misses:1535 writebacks:706  Hit Ratio: 98.22%
SCACHE: size: 512 KB assoc: 2
SCACHE: hits:152 misses:2547  Hit Ratio: 5.63%
3CACHE: size: 4096 KB assoc: 2
3CACHE: hits:26 misses:2521  Hit Ratio: 1.02%
3CACHE: dirty items replaced:0
ITLB: size: 48, misses 66, miss rate 0.07%
DTLB: size: 128, misses 255, miss rate 0.30%
Avg mem delay: 33.365 cycles
----------------------------------------
==== Statistics for Master ID: 3 ====
Reads: 128326   Writes: 80662
ICACHE: size: 64 KB assoc: 2
ICACHE: hits:116433 misses:30  Hit Ratio: 99.97%
DCACHE: size: 32 KB assoc: 8
DCACHE: hits:87966 misses:4559 writebacks:4039  Hit Ratio: 95.07%
SCACHE: size: 512 KB assoc: 2
SCACHE: hits:163 misses:4426  Hit Ratio: 3.55%
3CACHE: size: 4096 KB assoc: 2
3CACHE: hits:17 misses:4409  Hit Ratio: 0.38%
3CACHE: dirty items replaced:0
ITLB: size: 48, misses 4, miss rate 0.00%
DTLB: size: 128, misses 93, miss rate 0.10%
Avg mem delay: 33.365 cycles
----------------------------------------
==== Global Resource Utilization ====
STASH: size: 65536 entries, full 1002596, empty 18734, misses 1622, full rate 98.01
icache bank util. 0.034 0.107 0.019 0.015 0.013 0.012 0.021 0.048 
dcache bank util. 0.029 0.031 0.040 0.034 0.021 0.021 0.172 0.030 
L2 bank util. 0.010 0.010 0.010 0.010 0.010 0.010 0.230 0.010 
L1-L2 bus util. = 0.147, L3 util. = 0.256
----------------------------------------
branch prediction, hits = 103293, misses = 4096, hit rate = 96.19%
return_stack prediction, hits = 3536, misses = 2181, hit rate = 61.85%
jump prediction, hits = 108271, misses = 3267, hit rate = 97.07%
 abend_ adia_ adib_ ambm6_
**** Debug Statistics at 101000000 Cycles *****
Threads: 4		Fetch Width: 8
No of useful instructions fetched:	153739083 (19.03% proc util.)
No of total instructions fetched:	216881284 (26.84% proc util.)
 includes 5047266 misfetch (2.3%), 58094935 (26.8%) wrong-path fetches
 and 0 flushed after failed lock(0.0%)
No of useful instructions issued/executed:	153739064 (19.03% proc util.)
No of total instructions issued/executed:	183121537 (22.66% proc util.)
 includes 29382473 wrong-path (16.0%) insts and 0 flushed (0.0%)
	fp 10007, 0.01%
	synch 0, 0.00%
	integer 123499671, 67.44%
	load/store 59611859, 32.55%
Avg size of int IQ (before scheduling): 15.06
Avg size of fp IQ (before scheduling): 0.00
No of cycles taken:		101000000
Parallelism [ 0.342, 0.000, 0.541, 0.639,] = 1.522
 IQ conflicts: 96109 (0.10%), FQ conflicts: 0 (0.00%) 
 I reg conflicts: 69771183 (69.08%), FP reg conflicts: 0 (0.00%)
  Activelist confs: 0 (0.00%), ROB confs: 225 (0.00%)
  Int unit conflicts: 20615320 (20.41%), FP unit conflicts: 2 (0.00%)
  Load/store unit conflicts: 3122005 (3.09%)
  MSHR conflicts: 15779048 (15.62%)
----------------------------------------
==== System-wide Cache Statistics ====
Stall for miss queue full 0 cycles (0.00%)
----------------------------------------
==== Statistics for Master ID: 0 ====
Reads: 19996433   Writes: 5756672
ICACHE: size: 64 KB assoc: 2
ICACHE: hits:14054056 misses:657  Hit Ratio: 100.00%
DCACHE: size: 32 KB assoc: 8
DCACHE: hits:10121121 misses:1577271 writebacks:880564  Hit Ratio: 86.52%
SCACHE: size: 512 KB assoc: 2
SCACHE: hits:61 misses:1577867  Hit Ratio: 0.00%
3CACHE: size: 4096 KB assoc: 2
3CACHE: hits:108 misses:1577759  Hit Ratio: 0.01%
3CACHE: dirty items replaced:38667
ITLB: size: 48, misses 58, miss rate 0.00%
DTLB: size: 128, misses 67913, miss rate 0.58%
Avg mem delay: 6.617 cycles
----------------------------------------
==== Statistics for Master ID: 2 ====
Reads: 37289949   Writes: 6782074
ICACHE: size: 64 KB assoc: 2
ICACHE: hits:21290496 misses:360408  Hit Ratio: 98.34%
DCACHE: size: 32 KB assoc: 8
DCACHE: hits:22111916 misses:309203 writebacks:83858  Hit Ratio: 98.62%
SCACHE: size: 512 KB assoc: 2
SCACHE: hits:395519 misses:274092  Hit Ratio: 59.07%
3CACHE: size: 4096 KB assoc: 2
3CACHE: hits:168657 misses:105435  Hit Ratio: 61.53%
3CACHE: dirty items replaced:8325
ITLB: size: 48, misses 29381, miss rate 0.14%
DTLB: size: 128, misses 22955, miss rate 0.10%
Avg mem delay: 6.617 cycles
----------------------------------------
==== Statistics for Master ID: 3 ====
Reads: 37713352   Writes: 13760064
ICACHE: size: 64 KB assoc: 2
ICACHE: hits:26010951 misses:1364  Hit Ratio: 99.99%
DCACHE: size: 32 KB assoc: 8
DCACHE: hits:25274623 misses:186478 writebacks:4111  Hit Ratio: 99.27%
SCACHE: size: 512 KB assoc: 2
SCACHE: hits:14294 misses:173548  Hit Ratio: 7.61%
3CACHE: size: 4096 KB assoc: 2
3CACHE: hits:116519 misses:57028  Hit Ratio: 67.14%
3CACHE: dirty items replaced:69
ITLB: size: 48, misses 4, miss rate 0.00%
DTLB: size: 128, misses 3959, miss rate 0.02%
Avg mem delay: 6.617 cycles
----------------------------------------
==== Global Resource Utilization ====
STASH: size: 65536 entries, full 229722757, empty 6605473, misses 596721, full rate 96.96
icache bank util. 0.135 0.088 0.031 0.028 0.028 0.159 0.029 0.124 
dcache bank util. 0.072 0.072 0.075 0.182 0.067 0.064 0.072 0.078 
L2 bank util. 0.026 0.026 0.026 0.026 0.026 0.026 0.033 0.041 
L1-L2 bus util. = 0.101, L3 util. = 0.172
----------------------------------------
branch prediction, hits = 14670958, misses = 1118383, hit rate = 92.92%
return_stack prediction, hits = 715695, misses = 2883131, hit rate = 19.89%
jump prediction, hits = 18683713, misses = 1522431, hit rate = 92.47%
 analie6_ betalf_
**** Debug Statistics at 201000000 Cycles *****
Threads: 4		Fetch Width: 8
No of useful instructions fetched:	485233468 (30.18% proc util.)
No of total instructions fetched:	731524104 (45.49% proc util.)
 includes 13558835 misfetch (1.9%), 232731801 (31.8%) wrong-path fetches
 and 0 flushed after failed lock(0.0%)
No of useful instructions issued/executed:	485233453 (30.18% proc util.)
No of total instructions issued/executed:	601350935 (37.40% proc util.)
 includes 116117482 wrong-path (19.3%) insts and 0 flushed (0.0%)
	fp 39751, 0.01%
	synch 0, 0.00%
	integer 412575392, 68.61%
	load/store 188735792, 31.39%
Avg size of int IQ (before scheduling): 19.70
Avg size of fp IQ (before scheduling): 0.01
No of cycles taken:		201000000
Parallelism [ 0.796, 0.000, 0.784, 0.834,] = 2.414
 IQ conflicts: 796500 (0.40%), FQ conflicts: 0 (0.00%) 
 I reg conflicts: 93480506 (46.51%), FP reg conflicts: 0 (0.00%)
  Activelist confs: 40 (0.00%), ROB confs: 62415 (0.03%)
  Int unit conflicts: 267365994 (133.02%), FP unit conflicts: 10 (0.00%)
  Load/store unit conflicts: 20301003 (10.10%)
  MSHR conflicts: 30209421 (15.03%)
----------------------------------------
==== System-wide Cache Statistics ====
Stall for miss queue full 0 cycles (0.00%)
----------------------------------------
==== Statistics for Master ID: 0 ====
Reads: 91633128   Writes: 15940317
ICACHE: size: 64 KB assoc: 2
ICACHE: hits:60282031 misses:6479  Hit Ratio: 99.99%
DCACHE: size: 32 KB assoc: 8
DCACHE: hits:44717656 misses:2567279 writebacks:1319074  Hit Ratio: 94.57%
SCACHE: size: 512 KB assoc: 2
SCACHE: hits:517706 misses:2056051  Hit Ratio: 20.11%
3CACHE: size: 4096 KB assoc: 2
3CACHE: hits:97135 misses:1958916  Hit Ratio: 4.72%
3CACHE: dirty items replaced:63803
ITLB: size: 48, misses 319, miss rate 0.00%
DTLB: size: 128, misses 97177, miss rate 0.21%
Avg mem delay: 3.075 cycles
----------------------------------------
==== Statistics for Master ID: 2 ====
Reads: 117348207   Writes: 20356354
ICACHE: size: 64 KB assoc: 2
ICACHE: hits:68476200 misses:839172  Hit Ratio: 98.79%
DCACHE: size: 32 KB assoc: 8
DCACHE: hits:67427198 misses:961991 writebacks:297952  Hit Ratio: 98.59%
SCACHE: size: 512 KB assoc: 2
SCACHE: hits:1183765 misses:617398  Hit Ratio: 65.72%
3CACHE: size: 4096 KB assoc: 2
3CACHE: hits:434151 misses:183247  Hit Ratio: 70.32%
3CACHE: dirty items replaced:18998
ITLB: size: 48, misses 57634, miss rate 0.08%
DTLB: size: 128, misses 68801, miss rate 0.10%
Avg mem delay: 3.075 cycles
----------------------------------------
==== Statistics for Master ID: 3 ====
Reads: 111094745   Writes: 42328072
ICACHE: size: 64 KB assoc: 2
ICACHE: hits:80483180 misses:2066  Hit Ratio: 100.00%
DCACHE: size: 32 KB assoc: 8
DCACHE: hits:72458622 misses:478949 writebacks:4136  Hit Ratio: 99.34%
SCACHE: size: 512 KB assoc: 2
SCACHE: hits:123226 misses:357789  Hit Ratio: 25.62%
3CACHE: size: 4096 KB assoc: 2
3CACHE: hits:268610 misses:89179  Hit Ratio: 75.07%
3CACHE: dirty items replaced:3582
ITLB: size: 48, misses 4, miss rate 0.00%
DTLB: size: 128, misses 8845, miss rate 0.01%
Avg mem delay: 3.075 cycles
----------------------------------------
==== Global Resource Utilization ====
STASH: size: 65536 entries, full 787286694, empty 16219757, misses 1466196, full rate 97.80
icache bank util. 0.214 0.171 0.071 0.070 0.080 0.164 0.074 0.213 
dcache bank util. 0.100 0.106 0.123 0.252 0.121 0.098 0.119 0.103 
L2 bank util. 0.024 0.025 0.025 0.024 0.024 0.024 0.028 0.032 
L1-L2 bus util. = 0.097, L3 util. = 0.111
----------------------------------------
branch prediction, hits = 38794099, misses = 4055194, hit rate = 90.54%
return_stack prediction, hits = 2876027, misses = 7513144, hit rate = 27.68%
jump prediction, hits = 51638658, misses = 4065357, hit rate = 92.70%
 block_ blockdis_
**** Debug Statistics at 301000000 Cycles *****
Threads: 4		Fetch Width: 8
No of useful instructions fetched:	868182815 (36.05% proc util.)
No of total instructions fetched:	1321506187 (54.88% proc util.)
 includes 21710106 misfetch (1.6%), 431613266 (32.7%) wrong-path fetches
 and 0 flushed after failed lock(0.0%)
No of useful instructions issued/executed:	868182767 (36.05% proc util.)
No of total instructions issued/executed:	1083889719 (45.01% proc util.)
 includes 215706952 wrong-path (19.9%) insts and 0 flushed (0.0%)
	fp 49214, 0.00%
	synch 0, 0.00%
	integer 748557490, 69.06%
	load/store 335283015, 30.93%
Avg size of int IQ (before scheduling): 22.45
Avg size of fp IQ (before scheduling): 0.01
No of cycles taken:		301000000
Parallelism [ 1.038, 0.000, 0.914, 0.932,] = 2.884
 IQ conflicts: 2002200 (0.67%), FQ conflicts: 0 (0.00%) 
 I reg conflicts: 105369492 (35.01%), FP reg conflicts: 0 (0.00%)
  Activelist confs: 97 (0.00%), ROB confs: 149364 (0.05%)
  Int unit conflicts: 593468376 (197.17%), FP unit conflicts: 12 (0.00%)
  Load/store unit conflicts: 41345522 (13.74%)
  MSHR conflicts: 43077224 (14.31%)
----------------------------------------
==== System-wide Cache Statistics ====
Stall for miss queue full 0 cycles (0.00%)
----------------------------------------
==== Statistics for Master ID: 0 ====
Reads: 177032172   Writes: 27193100
ICACHE: size: 64 KB assoc: 2
ICACHE: hits:115234623 misses:14431  Hit Ratio: 99.99%
DCACHE: size: 32 KB assoc: 8
DCACHE: hits:85554117 misses:3422101 writebacks:1701699  Hit Ratio: 96.15%
SCACHE: size: 512 KB assoc: 2
SCACHE: hits:1198450 misses:2238081  Hit Ratio: 34.87%
3CACHE: size: 4096 KB assoc: 2
3CACHE: hits:225529 misses:2012552  Hit Ratio: 10.08%
3CACHE: dirty items replaced:79083
ITLB: size: 48, misses 620, miss rate 0.00%
DTLB: size: 128, misses 115015, miss rate 0.13%
Avg mem delay: 2.228 cycles
----------------------------------------
==== Statistics for Master ID: 2 ====
Reads: 207798323   Writes: 35805588
ICACHE: size: 64 KB assoc: 2
ICACHE: hits:122369871 misses:1319517  Hit Ratio: 98.93%
DCACHE: size: 32 KB assoc: 8
DCACHE: hits:117963943 misses:1950580 writebacks:517405  Hit Ratio: 98.37%
SCACHE: size: 512 KB assoc: 2
SCACHE: hits:2326830 misses:943267  Hit Ratio: 71.15%
3CACHE: size: 4096 KB assoc: 2
3CACHE: hits:707888 misses:235379  Hit Ratio: 75.05%
3CACHE: dirty items replaced:33371
ITLB: size: 48, misses 82175, miss rate 0.07%
DTLB: size: 128, misses 152994, miss rate 0.13%
Avg mem delay: 2.228 cycles
----------------------------------------
==== Statistics for Master ID: 3 ====
Reads: 193267774   Writes: 74741717
ICACHE: size: 64 KB assoc: 2
ICACHE: hits:141833868 misses:3132  Hit Ratio: 100.00%
DCACHE: size: 32 KB assoc: 8
DCACHE: hits:125372360 misses:800131 writebacks:4172  Hit Ratio: 99.37%
SCACHE: size: 512 KB assoc: 2
SCACHE: hits:276021 misses:527242  Hit Ratio: 34.36%
3CACHE: size: 4096 KB assoc: 2
3CACHE: hits:414327 misses:112915  Hit Ratio: 78.58%
3CACHE: dirty items replaced:11887
ITLB: size: 48, misses 4, miss rate 0.00%
DTLB: size: 128, misses 16133, miss rate 0.01%
Avg mem delay: 2.228 cycles
----------------------------------------
==== Global Resource Utilization ====
STASH: size: 65536 entries, full 1428461078, empty 25728151, misses 2330180, full rate 98.07
icache bank util. 0.256 0.210 0.093 0.093 0.105 0.165 0.097 0.259 
dcache bank util. 0.114 0.125 0.150 0.289 0.147 0.112 0.144 0.117 
L2 bank util. 0.024 0.024 0.024 0.024 0.023 0.023 0.026 0.029 
L1-L2 bus util. = 0.097, L3 util. = 0.078
----------------------------------------
branch prediction, hits = 67042311, misses = 7107966, hit rate = 90.41%
return_stack prediction, hits = 5603262, misses = 12597618, hit rate = 30.79%
jump prediction, hits = 89556344, misses = 6521512, hit rate = 93.21%
 caconv_ calrms_ chroma_ cinvar_ clor6_
**** Debug Statistics at 401000000 Cycles *****
Threads: 4		Fetch Width: 8
No of useful instructions fetched:	1229242288 (38.32% proc util.)
No of total instructions fetched:	1886758648 (58.81% proc util.)
 includes 30558324 misfetch (1.6%), 626958036 (33.2%) wrong-path fetches
 and 0 flushed after failed lock(0.0%)
No of useful instructions issued/executed:	1229242254 (38.32% proc util.)
No of total instructions issued/executed:	1541548113 (48.05% proc util.)
 includes 312305859 wrong-path (20.3%) insts and 0 flushed (0.0%)
	fp 70858, 0.00%
	synch 0, 0.00%
	integer 1068439943, 69.31%
	load/store 473037312, 30.69%
Avg size of int IQ (before scheduling): 23.59
Avg size of fp IQ (before scheduling): 0.01
No of cycles taken:		401000000
Parallelism [ 1.151, 0.000, 0.946, 0.969,] = 3.065
 IQ conflicts: 3313816 (0.83%), FQ conflicts: 0 (0.00%) 
 I reg conflicts: 121013762 (30.18%), FP reg conflicts: 0 (0.00%)
  Activelist confs: 446 (0.00%), ROB confs: 232197 (0.06%)
  Int unit conflicts: 873698178 (217.88%), FP unit conflicts: 16 (0.00%)
  Load/store unit conflicts: 58373239 (14.56%)
  MSHR conflicts: 52674659 (13.14%)
----------------------------------------
==== System-wide Cache Statistics ====
Stall for miss queue full 0 cycles (0.00%)
----------------------------------------
==== Statistics for Master ID: 0 ====
Reads: 259587116   Writes: 38271671
ICACHE: size: 64 KB assoc: 2
ICACHE: hits:168387493 misses:21486  Hit Ratio: 99.99%
DCACHE: size: 32 KB assoc: 8
DCACHE: hits:125340467 misses:4109341 writebacks:2027066  Hit Ratio: 96.83%
SCACHE: size: 512 KB assoc: 2
SCACHE: hits:1710322 misses:2420505  Hit Ratio: 41.40%
3CACHE: size: 4096 KB assoc: 2
3CACHE: hits:328572 misses:2091933  Hit Ratio: 13.57%
3CACHE: dirty items replaced:105623
ITLB: size: 48, misses 995, miss rate 0.00%
DTLB: size: 128, misses 126901, miss rate 0.10%
Avg mem delay: 1.904 cycles
----------------------------------------
==== Statistics for Master ID: 2 ====
Reads: 290765849   Writes: 49227009
ICACHE: size: 64 KB assoc: 2
ICACHE: hits:171717848 misses:1931434  Hit Ratio: 98.89%
DCACHE: size: 32 KB assoc: 8
DCACHE: hits:163766393 misses:2577183 writebacks:707302  Hit Ratio: 98.45%
SCACHE: size: 512 KB assoc: 2
SCACHE: hits:3212541 misses:1296075  Hit Ratio: 71.25%
3CACHE: size: 4096 KB assoc: 2
3CACHE: hits:967258 misses:328817  Hit Ratio: 74.63%
3CACHE: dirty items replaced:67292
ITLB: size: 48, misses 125326, miss rate 0.07%
DTLB: size: 128, misses 205230, miss rate 0.12%
Avg mem delay: 1.904 cycles
----------------------------------------
==== Statistics for Master ID: 3 ====
Reads: 272310188   Writes: 105669863
ICACHE: size: 64 KB assoc: 2
ICACHE: hits:201050857 misses:4401  Hit Ratio: 100.00%
DCACHE: size: 32 KB assoc: 8
DCACHE: hits:175818151 misses:1106642 writebacks:4181  Hit Ratio: 99.37%
SCACHE: size: 512 KB assoc: 2
SCACHE: hits:405493 misses:705550  Hit Ratio: 36.50%
3CACHE: size: 4096 KB assoc: 2
3CACHE: hits:543458 misses:162091  Hit Ratio: 77.03%
3CACHE: dirty items replaced:29600
ITLB: size: 48, misses 4, miss rate 0.00%
DTLB: size: 128, misses 21100, miss rate 0.01%
Avg mem delay: 1.904 cycles
----------------------------------------
==== Global Resource Utilization ====
STASH: size: 65536 entries, full 2039431541, empty 36848640, misses 3317872, full rate 98.07
icache bank util. 0.273 0.229 0.102 0.101 0.115 0.164 0.107 0.279 
dcache bank util. 0.119 0.129 0.160 0.301 0.158 0.117 0.153 0.121 
L2 bank util. 0.023 0.023 0.023 0.023 0.022 0.022 0.024 0.026 
L1-L2 bus util. = 0.093, L3 util. = 0.064
----------------------------------------
branch prediction, hits = 91723213, misses = 10426847, hit rate = 89.79%
return_stack prediction, hits = 7822387, misses = 17451871, hit rate = 30.95%
jump prediction, hits = 123633167, misses = 9170135, hit rate = 93.09%
 clorb_
**** Debug Statistics at 501000000 Cycles *****
Threads: 4		Fetch Width: 8
No of useful instructions fetched:	1590507937 (39.68% proc util.)
No of total instructions fetched:	2452054144 (61.18% proc util.)
 includes 39868303 misfetch (1.6%), 821677904 (33.5%) wrong-path fetches
 and 0 flushed after failed lock(0.0%)
No of useful instructions issued/executed:	1590507913 (39.68% proc util.)
No of total instructions issued/executed:	1999405436 (49.89% proc util.)
 includes 408897523 wrong-path (20.5%) insts and 0 flushed (0.0%)
	fp 83637, 0.00%
	synch 0, 0.00%
	integer 1387362302, 69.39%
	load/store 611959497, 30.61%
Avg size of int IQ (before scheduling): 24.35
Avg size of fp IQ (before scheduling): 0.01
No of cycles taken:		501000000
Parallelism [ 1.213, 0.000, 0.972, 0.990,] = 3.175
 IQ conflicts: 4659733 (0.93%), FQ conflicts: 0 (0.00%) 
 I reg conflicts: 136752859 (27.30%), FP reg conflicts: 0 (0.00%)
  Activelist confs: 604 (0.00%), ROB confs: 316370 (0.06%)
  Int unit conflicts: 1152842350 (230.11%), FP unit conflicts: 16 (0.00%)
  Load/store unit conflicts: 76447949 (15.26%)
  MSHR conflicts: 65139740 (13.00%)
----------------------------------------
==== System-wide Cache Statistics ====
Stall for miss queue full 0 cycles (0.00%)
----------------------------------------
==== Statistics for Master ID: 0 ====
Reads: 341021532   Writes: 49082888
ICACHE: size: 64 KB assoc: 2
ICACHE: hits:220779387 misses:28221  Hit Ratio: 99.99%
DCACHE: size: 32 KB assoc: 8
DCACHE: hits:164448825 misses:4847987 writebacks:2361455  Hit Ratio: 97.14%
SCACHE: size: 512 KB assoc: 2
SCACHE: hits:2269108 misses:2607099  Hit Ratio: 46.53%
3CACHE: size: 4096 KB assoc: 2
3CACHE: hits:435929 misses:2171170  Hit Ratio: 16.72%
3CACHE: dirty items replaced:140830
ITLB: size: 48, misses 1272, miss rate 0.00%
DTLB: size: 128, misses 140419, miss rate 0.08%
Avg mem delay: 1.747 cycles
----------------------------------------
==== Statistics for Master ID: 2 ====
Reads: 376888647   Writes: 63453653
ICACHE: size: 64 KB assoc: 2
ICACHE: hits:223062808 misses:2416358  Hit Ratio: 98.93%
DCACHE: size: 32 KB assoc: 8
DCACHE: hits:211481129 misses:3382005 writebacks:987035  Hit Ratio: 98.43%
SCACHE: size: 512 KB assoc: 2
SCACHE: hits:4103015 misses:1695348  Hit Ratio: 70.76%
3CACHE: size: 4096 KB assoc: 2
3CACHE: hits:1274356 misses:420992  Hit Ratio: 75.17%
3CACHE: dirty items replaced:104754
ITLB: size: 48, misses 146740, miss rate 0.07%
DTLB: size: 128, misses 267353, miss rate 0.12%
Avg mem delay: 1.747 cycles
----------------------------------------
==== Statistics for Master ID: 3 ====
Reads: 350608954   Writes: 136370718
ICACHE: size: 64 KB assoc: 2
ICACHE: hits:259618642 misses:5178  Hit Ratio: 100.00%
DCACHE: size: 32 KB assoc: 8
DCACHE: hits:225944003 misses:1411849 writebacks:4194  Hit Ratio: 99.38%
SCACHE: size: 512 KB assoc: 2
SCACHE: hits:537358 misses:879669  Hit Ratio: 37.92%
3CACHE: size: 4096 KB assoc: 2
3CACHE: hits:668852 misses:210817  Hit Ratio: 76.03%
3CACHE: dirty items replaced:49988
ITLB: size: 48, misses 4, miss rate 0.00%
DTLB: size: 128, misses 26144, miss rate 0.01%
Avg mem delay: 1.747 cycles
----------------------------------------
==== Global Resource Utilization ====
STASH: size: 65536 entries, full 2651973790, empty 46673640, misses 4201377, full rate 98.12
icache bank util. 0.282 0.240 0.107 0.106 0.121 0.164 0.113 0.290 
dcache bank util. 0.124 0.133 0.165 0.310 0.166 0.118 0.158 0.125 
L2 bank util. 0.022 0.023 0.023 0.022 0.022 0.021 0.023 0.025 
L1-L2 bus util. = 0.092, L3 util. = 0.056
----------------------------------------
branch prediction, hits = 117151243, misses = 13741565, hit rate = 89.50%
return_stack prediction, hits = 10078157, misses = 22283775, hit rate = 31.14%
jump prediction, hits = 158091308, misses = 11935497, hit rate = 92.98%
 clorb2_ combel_ comnul_
**** Debug Statistics at 601000000 Cycles *****
Threads: 4		Fetch Width: 8
No of useful instructions fetched:	1966165443 (40.89% proc util.)
No of total instructions fetched:	3045218379 (63.34% proc util.)
 includes 49694710 misfetch (1.6%), 1029358226 (33.8%) wrong-path fetches
 and 0 flushed after failed lock(0.0%)
No of useful instructions issued/executed:	1966165429 (40.89% proc util.)
No of total instructions issued/executed:	2477620790 (51.53% proc util.)
 includes 511455361 wrong-path (20.6%) insts and 0 flushed (0.0%)
	fp 95710, 0.00%
	synch 0, 0.00%
	integer 1720514119, 69.44%
	load/store 757010961, 30.55%
Avg size of int IQ (before scheduling): 24.76
Avg size of fp IQ (before scheduling): 0.00
No of cycles taken:		601000000
Parallelism [ 1.268, 0.000, 0.989, 1.015,] = 3.271
 IQ conflicts: 5656332 (0.94%), FQ conflicts: 0 (0.00%) 
 I reg conflicts: 148515164 (24.71%), FP reg conflicts: 0 (0.00%)
  Activelist confs: 827 (0.00%), ROB confs: 408769 (0.07%)
  Int unit conflicts: 1453197490 (241.80%), FP unit conflicts: 17 (0.00%)
  Load/store unit conflicts: 95530054 (15.90%)
  MSHR conflicts: 73249514 (12.19%)
----------------------------------------
==== System-wide Cache Statistics ====
Stall for miss queue full 0 cycles (0.00%)
----------------------------------------
==== Statistics for Master ID: 0 ====
Reads: 427427940   Writes: 60699780
ICACHE: size: 64 KB assoc: 2
ICACHE: hits:276497569 misses:35988  Hit Ratio: 99.99%
DCACHE: size: 32 KB assoc: 8
DCACHE: hits:205995545 misses:5598618 writebacks:2706487  Hit Ratio: 97.35%
SCACHE: size: 512 KB assoc: 2
SCACHE: hits:2842114 misses:2792492  Hit Ratio: 50.44%
3CACHE: size: 4096 KB assoc: 2
3CACHE: hits:562814 misses:2229678  Hit Ratio: 20.15%
3CACHE: dirty items replaced:165228
ITLB: size: 48, misses 1637, miss rate 0.00%
DTLB: size: 128, misses 152522, miss rate 0.07%
Avg mem delay: 1.618 cycles
----------------------------------------
==== Statistics for Master ID: 2 ====
Reads: 463808466   Writes: 77895520
ICACHE: size: 64 KB assoc: 2
ICACHE: hits:274631453 misses:3117626  Hit Ratio: 98.88%
DCACHE: size: 32 KB assoc: 8
DCACHE: hits:259947738 misses:4007169 writebacks:1168125  Hit Ratio: 98.48%
SCACHE: size: 512 KB assoc: 2
SCACHE: hits:5086609 misses:2038186  Hit Ratio: 71.39%
3CACHE: size: 4096 KB assoc: 2
3CACHE: hits:1551165 misses:487021  Hit Ratio: 76.11%
3CACHE: dirty items replaced:132844
ITLB: size: 48, misses 197029, miss rate 0.07%
DTLB: size: 128, misses 319315, miss rate 0.12%
Avg mem delay: 1.618 cycles
----------------------------------------
==== Statistics for Master ID: 3 ====
Reads: 433907827   Writes: 169032896
ICACHE: size: 64 KB assoc: 2
ICACHE: hits:322022885 misses:6442  Hit Ratio: 100.00%
DCACHE: size: 32 KB assoc: 8
DCACHE: hits:279176701 misses:1734695 writebacks:4215  Hit Ratio: 99.38%
SCACHE: size: 512 KB assoc: 2
SCACHE: hits:690007 misses:1051130  Hit Ratio: 39.63%
3CACHE: size: 4096 KB assoc: 2
3CACHE: hits:813441 misses:237689  Hit Ratio: 77.39%
3CACHE: dirty items replaced:59808
ITLB: size: 48, misses 4, miss rate 0.00%
DTLB: size: 128, misses 31375, miss rate 0.01%
Avg mem delay: 1.618 cycles
----------------------------------------
==== Global Resource Utilization ====
STASH: size: 65536 entries, full 3293054928, empty 58871965, misses 5283413, full rate 98.09
icache bank util. 0.292 0.250 0.112 0.110 0.126 0.165 0.118 0.301 
dcache bank util. 0.126 0.136 0.170 0.318 0.172 0.120 0.163 0.128 
L2 bank util. 0.022 0.023 0.023 0.022 0.021 0.021 0.023 0.024 
L1-L2 bus util. = 0.092, L3 util. = 0.049
----------------------------------------
branch prediction, hits = 142691593, misses = 17255570, hit rate = 89.21%
return_stack prediction, hits = 12516692, misses = 27397623, hit rate = 31.36%
jump prediction, hits = 193377099, misses = 14894954, hit rate = 92.85%

**** Early Exiting at 609743740 Cycles *****
========================================
 SMTSIM Global Statistics
========================================
Threads: 4		Fetch Width: 8
No of useful instructions fetched:	2000000096 (41.00% proc util.)
No of total instructions fetched:	3097769036 (63.51% proc util.)
 includes 50262886 misfetch (1.6%), 1047506054 (33.8%) wrong-path fetches
 and 0 flushed after failed lock(0.0%)
No of useful instructions issued/executed:	2000000038 (41.00% proc util.)
No of total instructions issued/executed:	2520659253 (51.67% proc util.)
 includes 520659215 wrong-path (20.7%) insts and 0 flushed (0.0%)
	fp 95710, 0.00%
	synch 0, 0.00%
	integer 1750093128, 69.43%
	load/store 770470415, 30.57%
Avg size of int IQ (before scheduling): 24.82
Avg size of fp IQ (before scheduling): 0.00
No of cycles taken:		609743740
Parallelism [ 1.273, 0.000, 0.991, 1.017,] = 3.280
 IQ conflicts: 5786410 (0.95%), FQ conflicts: 0 (0.00%) 
 I reg conflicts: 149415469 (24.50%), FP reg conflicts: 0 (0.00%)
  Activelist confs: 827 (0.00%), ROB confs: 411898 (0.07%)
  Int unit conflicts: 1483565234 (243.31%), FP unit conflicts: 17 (0.00%)
  Load/store unit conflicts: 97899662 (16.06%)
  MSHR conflicts: 74216966 (12.17%)
----------------------------------------
==== System-wide Cache Statistics ====
Stall for miss queue full 0 cycles (0.00%)
----------------------------------------
==== Statistics for Master ID: 0 ====
Reads: 435068503   Writes: 61755494
ICACHE: size: 64 KB assoc: 2
ICACHE: hits:281392841 misses:36578  Hit Ratio: 99.99%
DCACHE: size: 32 KB assoc: 8
DCACHE: hits:209730800 misses:5663778 writebacks:2735761  Hit Ratio: 97.37%
SCACHE: size: 512 KB assoc: 2
SCACHE: hits:2890444 misses:2809912  Hit Ratio: 50.71%
3CACHE: size: 4096 KB assoc: 2
3CACHE: hits:576872 misses:2233040  Hit Ratio: 20.53%
3CACHE: dirty items replaced:166757
ITLB: size: 48, misses 1664, miss rate 0.00%
DTLB: size: 128, misses 154262, miss rate 0.07%
Avg mem delay: 1.610 cycles
----------------------------------------
==== Statistics for Master ID: 2 ====
Reads: 471990712   Writes: 79405239
ICACHE: size: 64 KB assoc: 2
ICACHE: hits:279427537 misses:3145710  Hit Ratio: 98.89%
DCACHE: size: 32 KB assoc: 8
DCACHE: hits:264672211 misses:4150493 writebacks:1185106  Hit Ratio: 98.46%
SCACHE: size: 512 KB assoc: 2
SCACHE: hits:5221825 misses:2074378  Hit Ratio: 71.57%
3CACHE: size: 4096 KB assoc: 2
3CACHE: hits:1580930 misses:493448  Hit Ratio: 76.21%
3CACHE: dirty items replaced:136578
ITLB: size: 48, misses 197197, miss rate 0.07%
DTLB: size: 128, misses 328326, miss rate 0.12%
Avg mem delay: 1.610 cycles
----------------------------------------
==== Statistics for Master ID: 3 ====
Reads: 441253522   Writes: 171942576
ICACHE: size: 64 KB assoc: 2
ICACHE: hits:327498824 misses:6445  Hit Ratio: 100.00%
DCACHE: size: 32 KB assoc: 8
DCACHE: hits:283927280 misses:1763549 writebacks:4215  Hit Ratio: 99.38%
SCACHE: size: 512 KB assoc: 2
SCACHE: hits:704184 misses:1065810  Hit Ratio: 39.78%
3CACHE: size: 4096 KB assoc: 2
3CACHE: hits:827417 misses:238393  Hit Ratio: 77.63%
3CACHE: dirty items replaced:60126
ITLB: size: 48, misses 4, miss rate 0.00%
DTLB: size: 128, misses 31964, miss rate 0.01%
Avg mem delay: 1.610 cycles
----------------------------------------
==== Global Resource Utilization ====
STASH: size: 65536 entries, full 3350174179, empty 59507746, misses 5341161, full rate 98.10
icache bank util. 0.293 0.251 0.113 0.111 0.126 0.164 0.118 0.302 
dcache bank util. 0.127 0.137 0.171 0.319 0.173 0.120 0.163 0.129 
L2 bank util. 0.022 0.023 0.023 0.022 0.021 0.021 0.023 0.024 
L1-L2 bus util. = 0.092, L3 util. = 0.049
----------------------------------------
branch prediction, hits = 145202535, misses = 17516048, hit rate = 89.24%
return_stack prediction, hits = 12747857, misses = 27853690, hit rate = 31.40%
jump prediction, hits = 196767033, misses = 15086492, hit rate = 92.88%
total IPC 3.280

=== Results saved to: ./results/gzip-source_2_gcc-200_1_recurseq_1.txt ===
