===== 执行信息 =====
Cache目录：smtc128
执行命令：./smtsim ../seqacc.arg2 ../gzip-program.arg ../recurseq.arg
执行时间：2026-04-16 16:30:07
返回码：0
===== 输出内容 =====
SMTCache
Process 0, Thread 0: seqacc
Process 0, Thread 1: seqacc
Process 2, Thread 2: gzip-program
Process 3, Thread 3: recurseq

**** Debug Statistics at 1000000 Cycles *****
Threads: 4		Fetch Width: 8
No of useful instructions fetched:	1242743 (15.53% proc util.)
No of total instructions fetched:	1394223 (17.43% proc util.)
 includes 937 misfetch (0.1%), 150543 (10.8%) wrong-path fetches
 and 0 flushed after failed lock(0.0%)
No of useful instructions issued/executed:	1242703 (15.53% proc util.)
No of total instructions issued/executed:	1325957 (16.57% proc util.)
 includes 83254 wrong-path (6.3%) insts and 0 flushed (0.0%)
	fp 20, 0.00%
	synch 0, 0.00%
	integer 1090482, 82.24%
	load/store 235455, 17.76%
Avg size of int IQ (before scheduling): 19.97
Avg size of fp IQ (before scheduling): 0.00
No of cycles taken:		1000000
Parallelism [ 0.523, 0.000, 0.127, 0.592,] = 1.243
 IQ conflicts: 560 (0.06%), FQ conflicts: 0 (0.00%) 
 I reg conflicts: 807149 (80.71%), FP reg conflicts: 0 (0.00%)
  Activelist confs: 0 (0.00%), ROB confs: 0 (0.00%)
  Int unit conflicts: 162247 (16.22%), FP unit conflicts: 0 (0.00%)
  Load/store unit conflicts: 469 (0.05%)
  MSHR conflicts: 4932 (0.49%)
----------------------------------------
==== System-wide Cache Statistics ====
Stall for miss queue full 0 cycles (0.00%)
----------------------------------------
==== Statistics for Master ID: 0 ====
Reads: 172971   Writes: 5127
ICACHE: size: 64 KB assoc: 2
ICACHE: hits:151114 misses:10  Hit Ratio: 99.99%
DCACHE: size: 32 KB assoc: 8
DCACHE: hits:26647 misses:327 writebacks:0  Hit Ratio: 98.79%
SCACHE: size: 512 KB assoc: 2
SCACHE: hits:0 misses:337  Hit Ratio: 0.00%
3CACHE: size: 4096 KB assoc: 2
3CACHE: hits:0 misses:337  Hit Ratio: 0.00%
3CACHE: dirty items replaced:0
ITLB: size: 48, misses 1, miss rate 0.00%
DTLB: size: 128, misses 27, miss rate 0.10%
Avg mem delay: 34.177 cycles
----------------------------------------
==== Statistics for Master ID: 2 ====
Reads: 88950   Writes: 20699
ICACHE: size: 64 KB assoc: 2
ICACHE: hits:48516 misses:195  Hit Ratio: 99.60%
DCACHE: size: 32 KB assoc: 8
DCACHE: hits:40981 misses:19957 writebacks:19790  Hit Ratio: 67.25%
SCACHE: size: 512 KB assoc: 2
SCACHE: hits:1 misses:20151  Hit Ratio: 0.00%
3CACHE: size: 4096 KB assoc: 2
3CACHE: hits:0 misses:20151  Hit Ratio: 0.00%
3CACHE: dirty items replaced:0
ITLB: size: 48, misses 18, miss rate 0.04%
DTLB: size: 128, misses 4971, miss rate 8.16%
Avg mem delay: 34.177 cycles
----------------------------------------
==== Statistics for Master ID: 3 ====
Reads: 204812   Writes: 111285
ICACHE: size: 64 KB assoc: 2
ICACHE: hits:168532 misses:24  Hit Ratio: 99.99%
DCACHE: size: 32 KB assoc: 8
DCACHE: hits:142607 misses:4934 writebacks:4411  Hit Ratio: 96.66%
SCACHE: size: 512 KB assoc: 2
SCACHE: hits:532 misses:4426  Hit Ratio: 10.73%
3CACHE: size: 4096 KB assoc: 2
3CACHE: hits:0 misses:4426  Hit Ratio: 0.00%
3CACHE: dirty items replaced:0
ITLB: size: 48, misses 4, miss rate 0.00%
DTLB: size: 128, misses 88, miss rate 0.06%
Avg mem delay: 34.177 cycles
----------------------------------------
==== Global Resource Utilization ====
STASH: size: 65536 entries, full 1438110, empty 2402, misses 217, full rate 99.82
icache bank util. 0.086 0.130 0.000 0.000 0.000 0.015 0.042 0.095 
dcache bank util. 0.020 0.020 0.042 0.056 0.020 0.020 0.187 0.020 
L2 bank util. 0.008 0.008 0.008 0.008 0.008 0.008 0.246 0.008 
L1-L2 bus util. = 0.149, L3 util. = 0.249
----------------------------------------
branch prediction, hits = 109812, misses = 198, hit rate = 99.82%
return_stack prediction, hits = 195, misses = 8910, hit rate = 2.14%
jump prediction, hits = 136243, misses = 272, hit rate = 99.80%

**** Debug Statistics at 101000000 Cycles *****
Threads: 4		Fetch Width: 8
No of useful instructions fetched:	204139529 (25.26% proc util.)
No of total instructions fetched:	258358368 (31.98% proc util.)
 includes 1171 misfetch (0.0%), 54217668 (21.0%) wrong-path fetches
 and 0 flushed after failed lock(0.0%)
No of useful instructions issued/executed:	204139509 (25.26% proc util.)
No of total instructions issued/executed:	231494576 (28.65% proc util.)
 includes 27355067 wrong-path (11.8%) insts and 0 flushed (0.0%)
	fp 34, 0.00%
	synch 0, 0.00%
	integer 184434842, 79.67%
	load/store 47059700, 20.33%
Avg size of int IQ (before scheduling): 21.11
Avg size of fp IQ (before scheduling): 0.00
No of cycles taken:		101000000
Parallelism [ 0.852, 0.000, 0.348, 0.821,] = 2.021
 IQ conflicts: 1026 (0.00%), FQ conflicts: 0 (0.00%) 
 I reg conflicts: 64615100 (63.98%), FP reg conflicts: 0 (0.00%)
  Activelist confs: 0 (0.00%), ROB confs: 0 (0.00%)
  Int unit conflicts: 23370929 (23.14%), FP unit conflicts: 0 (0.00%)
  Load/store unit conflicts: 68660 (0.07%)
  MSHR conflicts: 2457773 (2.43%)
----------------------------------------
==== System-wide Cache Statistics ====
Stall for miss queue full 0 cycles (0.00%)
----------------------------------------
==== Statistics for Master ID: 0 ====
Reads: 30530064   Writes: 5127
ICACHE: size: 64 KB assoc: 2
ICACHE: hits:26073693 misses:10  Hit Ratio: 100.00%
DCACHE: size: 32 KB assoc: 8
DCACHE: hits:4461161 misses:327 writebacks:0  Hit Ratio: 99.99%
SCACHE: size: 512 KB assoc: 2
SCACHE: hits:0 misses:337  Hit Ratio: 0.00%
3CACHE: size: 4096 KB assoc: 2
3CACHE: hits:0 misses:337  Hit Ratio: 0.00%
3CACHE: dirty items replaced:0
ITLB: size: 48, misses 1, miss rate 0.00%
DTLB: size: 128, misses 83, miss rate 0.00%
Avg mem delay: 6.307 cycles
----------------------------------------
==== Statistics for Master ID: 2 ====
Reads: 19578118   Writes: 5200699
ICACHE: size: 64 KB assoc: 2
ICACHE: hits:14192435 misses:245  Hit Ratio: 100.00%
DCACHE: size: 32 KB assoc: 8
DCACHE: hits:9147858 misses:1438279 writebacks:1293366  Hit Ratio: 86.41%
SCACHE: size: 512 KB assoc: 2
SCACHE: hits:1 misses:1438523  Hit Ratio: 0.00%
3CACHE: size: 4096 KB assoc: 2
3CACHE: hits:0 misses:1438523  Hit Ratio: 0.00%
3CACHE: dirty items replaced:0
ITLB: size: 48, misses 19, miss rate 0.00%
DTLB: size: 128, misses 65747, miss rate 0.62%
Avg mem delay: 6.307 cycles
----------------------------------------
==== Statistics for Master ID: 3 ====
Reads: 45180462   Writes: 16999310
ICACHE: size: 64 KB assoc: 2
ICACHE: hits:30167675 misses:24  Hit Ratio: 100.00%
DCACHE: size: 32 KB assoc: 8
DCACHE: hits:31773324 misses:238749 writebacks:238226  Hit Ratio: 99.25%
SCACHE: size: 512 KB assoc: 2
SCACHE: hits:20233 misses:218540  Hit Ratio: 8.47%
3CACHE: size: 4096 KB assoc: 2
3CACHE: hits:190740 misses:27800  Hit Ratio: 87.28%
3CACHE: dirty items replaced:0
ITLB: size: 48, misses 4, miss rate 0.00%
DTLB: size: 128, misses 3772, miss rate 0.01%
Avg mem delay: 6.307 cycles
----------------------------------------
==== Global Resource Utilization ====
STASH: size: 65536 entries, full 274626981, empty 2891, misses 260, full rate 100.00
icache bank util. 0.223 0.112 0.000 0.000 0.000 0.090 0.052 0.222 
dcache bank util. 0.046 0.046 0.055 0.195 0.046 0.046 0.070 0.056 
L2 bank util. 0.022 0.022 0.022 0.021 0.021 0.021 0.029 0.037 
L1-L2 bus util. = 0.095, L3 util. = 0.145
----------------------------------------
branch prediction, hits = 13979519, misses = 5105, hit rate = 99.96%
return_stack prediction, hits = 45236, misses = 3709558, hit rate = 1.20%
jump prediction, hits = 23402559, misses = 341, hit rate = 100.00%

**** Debug Statistics at 201000000 Cycles *****
Threads: 4		Fetch Width: 8
No of useful instructions fetched:	546758626 (34.00% proc util.)
No of total instructions fetched:	729869211 (45.39% proc util.)
 includes 3084 misfetch (0.0%), 183107501 (25.1%) wrong-path fetches
 and 0 flushed after failed lock(0.0%)
No of useful instructions issued/executed:	546758596 (34.00% proc util.)
No of total instructions issued/executed:	638589385 (39.71% proc util.)
 includes 91830789 wrong-path (14.4%) insts and 0 flushed (0.0%)
	fp 34, 0.00%
	synch 0, 0.00%
	integer 504591162, 79.02%
	load/store 133998189, 20.98%
Avg size of int IQ (before scheduling): 24.69
Avg size of fp IQ (before scheduling): 0.00
No of cycles taken:		201000000
Parallelism [ 1.031, 0.000, 0.756, 0.934,] = 2.720
 IQ conflicts: 449078 (0.22%), FQ conflicts: 0 (0.00%) 
 I reg conflicts: 96938451 (48.23%), FP reg conflicts: 0 (0.00%)
  Activelist confs: 0 (0.00%), ROB confs: 25 (0.00%)
  Int unit conflicts: 280372060 (139.49%), FP unit conflicts: 0 (0.00%)
  Load/store unit conflicts: 2367998 (1.18%)
  MSHR conflicts: 6477471 (3.22%)
----------------------------------------
==== System-wide Cache Statistics ====
Stall for miss queue full 0 cycles (0.00%)
----------------------------------------
==== Statistics for Master ID: 0 ====
Reads: 74423330   Writes: 5127
ICACHE: size: 64 KB assoc: 2
ICACHE: hits:63684853 misses:10  Hit Ratio: 100.00%
DCACHE: size: 32 KB assoc: 8
DCACHE: hits:10743266 misses:328 writebacks:0  Hit Ratio: 100.00%
SCACHE: size: 512 KB assoc: 2
SCACHE: hits:0 misses:338  Hit Ratio: 0.00%
3CACHE: size: 4096 KB assoc: 2
3CACHE: hits:0 misses:338  Hit Ratio: 0.00%
3CACHE: dirty items replaced:0
ITLB: size: 48, misses 1, miss rate 0.00%
DTLB: size: 128, misses 93, miss rate 0.00%
Avg mem delay: 3.271 cycles
----------------------------------------
==== Statistics for Master ID: 2 ====
Reads: 87503530   Writes: 15029155
ICACHE: size: 64 KB assoc: 2
ICACHE: hits:58410630 misses:517  Hit Ratio: 100.00%
DCACHE: size: 32 KB assoc: 8
DCACHE: hits:41417247 misses:2704291 writebacks:2526904  Hit Ratio: 93.87%
SCACHE: size: 512 KB assoc: 2
SCACHE: hits:564490 misses:2140318  Hit Ratio: 20.87%
3CACHE: size: 4096 KB assoc: 2
3CACHE: hits:18899 misses:2121419  Hit Ratio: 0.88%
3CACHE: dirty items replaced:0
ITLB: size: 48, misses 25, miss rate 0.00%
DTLB: size: 128, misses 91468, miss rate 0.21%
Avg mem delay: 3.271 cycles
----------------------------------------
==== Statistics for Master ID: 3 ====
Reads: 114621612   Writes: 45071636
ICACHE: size: 64 KB assoc: 2
ICACHE: hits:80560173 misses:26  Hit Ratio: 100.00%
DCACHE: size: 32 KB assoc: 8
DCACHE: hits:78597060 misses:535989 writebacks:535466  Hit Ratio: 99.32%
SCACHE: size: 512 KB assoc: 2
SCACHE: hits:217837 misses:318178  Hit Ratio: 40.64%
3CACHE: size: 4096 KB assoc: 2
3CACHE: hits:271042 misses:47136  Hit Ratio: 85.19%
3CACHE: dirty items replaced:0
ITLB: size: 48, misses 4, miss rate 0.00%
DTLB: size: 128, misses 7976, miss rate 0.01%
Avg mem delay: 3.271 cycles
----------------------------------------
==== Global Resource Utilization ====
STASH: size: 65536 entries, full 781327601, empty 6733, misses 528, full rate 100.00
icache bank util. 0.293 0.158 0.016 0.018 0.031 0.116 0.085 0.292 
dcache bank util. 0.061 0.068 0.086 0.235 0.078 0.059 0.105 0.070 
L2 bank util. 0.020 0.020 0.020 0.021 0.020 0.020 0.024 0.029 
L1-L2 bus util. = 0.094, L3 util. = 0.108
----------------------------------------
branch prediction, hits = 34159328, misses = 990411, hit rate = 97.18%
return_stack prediction, hits = 767441, misses = 8413836, hit rate = 8.36%
jump prediction, hits = 58488007, misses = 975, hit rate = 100.00%

**** Debug Statistics at 301000000 Cycles *****
Threads: 4		Fetch Width: 8
No of useful instructions fetched:	1004452853 (41.71% proc util.)
No of total instructions fetched:	1372442671 (57.00% proc util.)
 includes 5070 misfetch (0.0%), 367984748 (26.8%) wrong-path fetches
 and 0 flushed after failed lock(0.0%)
No of useful instructions issued/executed:	1004452824 (41.71% proc util.)
No of total instructions issued/executed:	1185600509 (49.24% proc util.)
 includes 181147685 wrong-path (15.3%) insts and 0 flushed (0.0%)
	fp 34, 0.00%
	synch 0, 0.00%
	integer 934425702, 78.81%
	load/store 251174773, 21.19%
Avg size of int IQ (before scheduling): 28.43
Avg size of fp IQ (before scheduling): 0.00
No of cycles taken:		301000000
Parallelism [ 1.195, 0.000, 1.098, 1.044,] = 3.337
 IQ conflicts: 1342130 (0.45%), FQ conflicts: 0 (0.00%) 
 I reg conflicts: 104245842 (34.63%), FP reg conflicts: 0 (0.00%)
  Activelist confs: 0 (0.00%), ROB confs: 25 (0.00%)
  Int unit conflicts: 725680764 (241.09%), FP unit conflicts: 0 (0.00%)
  Load/store unit conflicts: 6295584 (2.09%)
  MSHR conflicts: 7979473 (2.65%)
----------------------------------------
==== System-wide Cache Statistics ====
Stall for miss queue full 0 cycles (0.00%)
----------------------------------------
==== Statistics for Master ID: 0 ====
Reads: 130978155   Writes: 5127
ICACHE: size: 64 KB assoc: 2
ICACHE: hits:112325527 misses:10  Hit Ratio: 100.00%
DCACHE: size: 32 KB assoc: 8
DCACHE: hits:18657417 misses:328 writebacks:0  Hit Ratio: 100.00%
SCACHE: size: 512 KB assoc: 2
SCACHE: hits:0 misses:338  Hit Ratio: 0.00%
3CACHE: size: 4096 KB assoc: 2
3CACHE: hits:0 misses:338  Hit Ratio: 0.00%
3CACHE: dirty items replaced:0
ITLB: size: 48, misses 1, miss rate 0.00%
DTLB: size: 128, misses 103, miss rate 0.00%
Avg mem delay: 1.995 cycles
----------------------------------------
==== Statistics for Master ID: 2 ====
Reads: 188104129   Writes: 27976361
ICACHE: size: 64 KB assoc: 2
ICACHE: hits:123061899 misses:519  Hit Ratio: 100.00%
DCACHE: size: 32 KB assoc: 8
DCACHE: hits:89479300 misses:3538772 writebacks:3361385  Hit Ratio: 96.20%
SCACHE: size: 512 KB assoc: 2
SCACHE: hits:1342602 misses:2196689  Hit Ratio: 37.93%
3CACHE: size: 4096 KB assoc: 2
3CACHE: hits:52241 misses:2144448  Hit Ratio: 2.38%
3CACHE: dirty items replaced:0
ITLB: size: 48, misses 25, miss rate 0.00%
DTLB: size: 128, misses 92973, miss rate 0.10%
Avg mem delay: 1.995 cycles
----------------------------------------
==== Statistics for Master ID: 3 ====
Reads: 204249404   Writes: 82395021
ICACHE: size: 64 KB assoc: 2
ICACHE: hits:147145455 misses:26  Hit Ratio: 100.00%
DCACHE: size: 32 KB assoc: 8
DCACHE: hits:138603543 misses:895401 writebacks:894878  Hit Ratio: 99.36%
SCACHE: size: 512 KB assoc: 2
SCACHE: hits:556897 misses:338530  Hit Ratio: 62.19%
3CACHE: size: 4096 KB assoc: 2
3CACHE: hits:291377 misses:47153  Hit Ratio: 86.07%
3CACHE: dirty items replaced:0
ITLB: size: 48, misses 4, miss rate 0.00%
DTLB: size: 128, misses 12811, miss rate 0.01%
Avg mem delay: 1.995 cycles
----------------------------------------
==== Global Resource Utilization ====
STASH: size: 65536 entries, full 1475172434, empty 6788, misses 531, full rate 100.00
icache bank util. 0.352 0.199 0.026 0.034 0.056 0.125 0.115 0.364 
dcache bank util. 0.071 0.083 0.110 0.270 0.105 0.068 0.133 0.082 
L2 bank util. 0.018 0.018 0.017 0.018 0.017 0.017 0.020 0.025 
L1-L2 bus util. = 0.087, L3 util. = 0.073
----------------------------------------
branch prediction, hits = 59332371, misses = 2337957, hit rate = 96.21%
return_stack prediction, hits = 1992929, misses = 14103068, hit rate = 12.38%
jump prediction, hits = 102936161, misses = 1727, hit rate = 100.00%

**** Debug Statistics at 401000000 Cycles *****
Threads: 4		Fetch Width: 8
No of useful instructions fetched:	1458673309 (45.47% proc util.)
No of total instructions fetched:	2007303282 (62.57% proc util.)
 includes 7310 misfetch (0.0%), 548622663 (27.3%) wrong-path fetches
 and 0 flushed after failed lock(0.0%)
No of useful instructions issued/executed:	1458673240 (45.47% proc util.)
No of total instructions issued/executed:	1731251411 (53.97% proc util.)
 includes 272578171 wrong-path (15.7%) insts and 0 flushed (0.0%)
	fp 34, 0.00%
	synch 0, 0.00%
	integer 1362618780, 78.71%
	load/store 368632597, 21.29%
Avg size of int IQ (before scheduling): 30.28
Avg size of fp IQ (before scheduling): 0.00
No of cycles taken:		401000000
Parallelism [ 1.279, 0.000, 1.262, 1.097,] = 3.638
 IQ conflicts: 2176099 (0.54%), FQ conflicts: 0 (0.00%) 
 I reg conflicts: 112063267 (27.95%), FP reg conflicts: 0 (0.00%)
  Activelist confs: 0 (0.00%), ROB confs: 25 (0.00%)
  Int unit conflicts: 1163105901 (290.05%), FP unit conflicts: 0 (0.00%)
  Load/store unit conflicts: 10300093 (2.57%)
  MSHR conflicts: 9389977 (2.34%)
----------------------------------------
==== System-wide Cache Statistics ====
Stall for miss queue full 0 cycles (0.00%)
----------------------------------------
==== Statistics for Master ID: 0 ====
Reads: 186909790   Writes: 5127
ICACHE: size: 64 KB assoc: 2
ICACHE: hits:160319781 misses:10  Hit Ratio: 100.00%
DCACHE: size: 32 KB assoc: 8
DCACHE: hits:26594798 misses:328 writebacks:0  Hit Ratio: 100.00%
SCACHE: size: 512 KB assoc: 2
SCACHE: hits:0 misses:338  Hit Ratio: 0.00%
3CACHE: size: 4096 KB assoc: 2
3CACHE: hits:0 misses:338  Hit Ratio: 0.00%
3CACHE: dirty items replaced:0
ITLB: size: 48, misses 1, miss rate 0.00%
DTLB: size: 128, misses 107, miss rate 0.00%
Avg mem delay: 1.555 cycles
----------------------------------------
==== Statistics for Master ID: 2 ====
Reads: 288372177   Writes: 41339669
ICACHE: size: 64 KB assoc: 2
ICACHE: hits:187068941 misses:520  Hit Ratio: 100.00%
DCACHE: size: 32 KB assoc: 8
DCACHE: hits:138089648 misses:4552737 writebacks:4375350  Hit Ratio: 96.81%
SCACHE: size: 512 KB assoc: 2
SCACHE: hits:2302100 misses:2251157  Hit Ratio: 50.56%
3CACHE: size: 4096 KB assoc: 2
3CACHE: hits:80799 misses:2170358  Hit Ratio: 3.59%
3CACHE: dirty items replaced:395
ITLB: size: 48, misses 25, miss rate 0.00%
DTLB: size: 128, misses 94535, miss rate 0.07%
Avg mem delay: 1.555 cycles
----------------------------------------
==== Statistics for Master ID: 3 ====
Reads: 294156765   Writes: 119429735
ICACHE: size: 64 KB assoc: 2
ICACHE: hits:214191408 misses:26  Hit Ratio: 100.00%
DCACHE: size: 32 KB assoc: 8
DCACHE: hits:198142982 misses:1252084 writebacks:1251561  Hit Ratio: 99.37%
SCACHE: size: 512 KB assoc: 2
SCACHE: hits:892993 misses:359117  Hit Ratio: 71.32%
3CACHE: size: 4096 KB assoc: 2
3CACHE: hits:308879 misses:50238  Hit Ratio: 86.01%
3CACHE: dirty items replaced:118
ITLB: size: 48, misses 4, miss rate 0.00%
DTLB: size: 128, misses 17581, miss rate 0.01%
Avg mem delay: 1.555 cycles
----------------------------------------
==== Global Resource Utilization ====
STASH: size: 65536 entries, full 2159876888, empty 6825, misses 532, full rate 100.00
icache bank util. 0.384 0.219 0.033 0.042 0.069 0.128 0.129 0.397 
dcache bank util. 0.077 0.091 0.123 0.287 0.119 0.073 0.148 0.087 
L2 bank util. 0.017 0.017 0.017 0.017 0.016 0.016 0.018 0.022 
L1-L2 bus util. = 0.086, L3 util. = 0.055
----------------------------------------
branch prediction, hits = 83870162, misses = 3783995, hit rate = 95.68%
return_stack prediction, hits = 3247719, misses = 19748362, hit rate = 14.12%
jump prediction, hits = 146899327, misses = 2513, hit rate = 100.00%

**** Debug Statistics at 501000000 Cycles *****
Threads: 4		Fetch Width: 8
No of useful instructions fetched:	1912440765 (47.72% proc util.)
No of total instructions fetched:	2648432744 (66.08% proc util.)
 includes 9358 misfetch (0.0%), 735982621 (27.8%) wrong-path fetches
 and 0 flushed after failed lock(0.0%)
No of useful instructions issued/executed:	1912440716 (47.72% proc util.)
No of total instructions issued/executed:	2277903705 (56.83% proc util.)
 includes 365462989 wrong-path (16.0%) insts and 0 flushed (0.0%)
	fp 34, 0.00%
	synch 0, 0.00%
	integer 1791128619, 78.63%
	load/store 486775052, 21.37%
Avg size of int IQ (before scheduling): 31.30
Avg size of fp IQ (before scheduling): 0.00
No of cycles taken:		501000000
Parallelism [ 1.328, 0.000, 1.358, 1.131,] = 3.817
 IQ conflicts: 2999660 (0.60%), FQ conflicts: 0 (0.00%) 
 I reg conflicts: 119104002 (23.77%), FP reg conflicts: 0 (0.00%)
  Activelist confs: 0 (0.00%), ROB confs: 25 (0.00%)
  Int unit conflicts: 1598824430 (319.13%), FP unit conflicts: 0 (0.00%)
  Load/store unit conflicts: 14370296 (2.87%)
  MSHR conflicts: 10646848 (2.13%)
----------------------------------------
==== System-wide Cache Statistics ====
Stall for miss queue full 0 cycles (0.00%)
----------------------------------------
==== Statistics for Master ID: 0 ====
Reads: 243244454   Writes: 5127
ICACHE: size: 64 KB assoc: 2
ICACHE: hits:208744231 misses:10  Hit Ratio: 100.00%
DCACHE: size: 32 KB assoc: 8
DCACHE: hits:34505012 misses:328 writebacks:0  Hit Ratio: 100.00%
SCACHE: size: 512 KB assoc: 2
SCACHE: hits:0 misses:338  Hit Ratio: 0.00%
3CACHE: size: 4096 KB assoc: 2
3CACHE: hits:0 misses:338  Hit Ratio: 0.00%
3CACHE: dirty items replaced:0
ITLB: size: 48, misses 1, miss rate 0.00%
DTLB: size: 128, misses 107, miss rate 0.00%
Avg mem delay: 1.328 cycles
----------------------------------------
==== Statistics for Master ID: 2 ====
Reads: 389577217   Writes: 54592909
ICACHE: size: 64 KB assoc: 2
ICACHE: hits:251781540 misses:520  Hit Ratio: 100.00%
DCACHE: size: 32 KB assoc: 8
DCACHE: hits:186778560 misses:5609506 writebacks:5432119  Hit Ratio: 97.08%
SCACHE: size: 512 KB assoc: 2
SCACHE: hits:3304929 misses:2305097  Hit Ratio: 58.91%
3CACHE: size: 4096 KB assoc: 2
3CACHE: hits:113222 misses:2191875  Hit Ratio: 4.91%
3CACHE: dirty items replaced:398
ITLB: size: 48, misses 25, miss rate 0.00%
DTLB: size: 128, misses 96026, miss rate 0.05%
Avg mem delay: 1.328 cycles
----------------------------------------
==== Statistics for Master ID: 3 ====
Reads: 384813119   Writes: 156838657
ICACHE: size: 64 KB assoc: 2
ICACHE: hits:281770133 misses:26  Hit Ratio: 100.00%
DCACHE: size: 32 KB assoc: 8
DCACHE: hits:258269574 misses:1612043 writebacks:1611520  Hit Ratio: 99.38%
SCACHE: size: 512 KB assoc: 2
SCACHE: hits:1234230 misses:377839  Hit Ratio: 76.56%
3CACHE: size: 4096 KB assoc: 2
3CACHE: hits:327447 misses:50392  Hit Ratio: 86.66%
3CACHE: dirty items replaced:119
ITLB: size: 48, misses 4, miss rate 0.00%
DTLB: size: 128, misses 22391, miss rate 0.01%
Avg mem delay: 1.328 cycles
----------------------------------------
==== Global Resource Utilization ====
STASH: size: 65536 entries, full 2852023238, empty 6828, misses 532, full rate 100.00
icache bank util. 0.403 0.231 0.037 0.046 0.077 0.131 0.139 0.418 
dcache bank util. 0.081 0.097 0.130 0.298 0.128 0.075 0.157 0.091 
L2 bank util. 0.016 0.016 0.016 0.016 0.016 0.016 0.017 0.022 
L1-L2 bus util. = 0.085, L3 util. = 0.045
----------------------------------------
branch prediction, hits = 108471310, misses = 5343297, hit rate = 95.31%
return_stack prediction, hits = 4538783, misses = 25445991, hit rate = 15.14%
jump prediction, hits = 191231496, misses = 3292, hit rate = 100.00%

**** Early Exiting at 520368985 Cycles *****
========================================
 SMTSIM Global Statistics
========================================
Threads: 4		Fetch Width: 8
No of useful instructions fetched:	2000000127 (48.04% proc util.)
No of total instructions fetched:	2771960695 (66.59% proc util.)
 includes 9803 misfetch (0.0%), 771950765 (27.8%) wrong-path fetches
 and 0 flushed after failed lock(0.0%)
No of useful instructions issued/executed:	2000000052 (48.04% proc util.)
No of total instructions issued/executed:	2383557655 (57.26% proc util.)
 includes 383557603 wrong-path (16.1%) insts and 0 flushed (0.0%)
	fp 34, 0.00%
	synch 0, 0.00%
	integer 1874459445, 78.64%
	load/store 509098176, 21.36%
Avg size of int IQ (before scheduling): 31.46
Avg size of fp IQ (before scheduling): 0.00
No of cycles taken:		520368985
Parallelism [ 1.336, 0.000, 1.372, 1.136,] = 3.843
 IQ conflicts: 3141649 (0.60%), FQ conflicts: 0 (0.00%) 
 I reg conflicts: 120578182 (23.17%), FP reg conflicts: 0 (0.00%)
  Activelist confs: 0 (0.00%), ROB confs: 25 (0.00%)
  Int unit conflicts: 1680554938 (322.95%), FP unit conflicts: 0 (0.00%)
  Load/store unit conflicts: 15030815 (2.89%)
  MSHR conflicts: 10930824 (2.10%)
----------------------------------------
==== System-wide Cache Statistics ====
Stall for miss queue full 0 cycles (0.00%)
----------------------------------------
==== Statistics for Master ID: 0 ====
Reads: 254121120   Writes: 5127
ICACHE: size: 64 KB assoc: 2
ICACHE: hits:218078843 misses:10  Hit Ratio: 100.00%
DCACHE: size: 32 KB assoc: 8
DCACHE: hits:36047066 misses:328 writebacks:0  Hit Ratio: 100.00%
SCACHE: size: 512 KB assoc: 2
SCACHE: hits:0 misses:338  Hit Ratio: 0.00%
3CACHE: size: 4096 KB assoc: 2
3CACHE: hits:0 misses:338  Hit Ratio: 0.00%
3CACHE: dirty items replaced:0
ITLB: size: 48, misses 1, miss rate 0.00%
DTLB: size: 128, misses 107, miss rate 0.00%
Avg mem delay: 1.297 cycles
----------------------------------------
==== Statistics for Master ID: 2 ====
Reads: 408838793   Writes: 56875010
ICACHE: size: 64 KB assoc: 2
ICACHE: hits:264201745 misses:520  Hit Ratio: 100.00%
DCACHE: size: 32 KB assoc: 8
DCACHE: hits:195691288 misses:5820250 writebacks:5642863  Hit Ratio: 97.11%
SCACHE: size: 512 KB assoc: 2
SCACHE: hits:3506375 misses:2314395  Hit Ratio: 60.24%
3CACHE: size: 4096 KB assoc: 2
3CACHE: hits:117628 misses:2196767  Hit Ratio: 5.08%
3CACHE: dirty items replaced:942
ITLB: size: 48, misses 25, miss rate 0.00%
DTLB: size: 128, misses 96325, miss rate 0.05%
Avg mem delay: 1.297 cycles
----------------------------------------
==== Statistics for Master ID: 3 ====
Reads: 402308183   Writes: 164050393
ICACHE: size: 64 KB assoc: 2
ICACHE: hits:294819335 misses:26  Hit Ratio: 100.00%
DCACHE: size: 32 KB assoc: 8
DCACHE: hits:269857808 misses:1681407 writebacks:1680884  Hit Ratio: 99.38%
SCACHE: size: 512 KB assoc: 2
SCACHE: hits:1299609 misses:381824  Hit Ratio: 77.29%
3CACHE: size: 4096 KB assoc: 2
3CACHE: hits:330887 misses:50937  Hit Ratio: 86.66%
3CACHE: dirty items replaced:205
ITLB: size: 48, misses 4, miss rate 0.00%
DTLB: size: 128, misses 23358, miss rate 0.01%
Avg mem delay: 1.297 cycles
----------------------------------------
==== Global Resource Utilization ====
STASH: size: 65536 entries, full 2985248604, empty 6828, misses 532, full rate 100.00
icache bank util. 0.406 0.233 0.038 0.047 0.078 0.131 0.140 0.420 
dcache bank util. 0.081 0.098 0.131 0.299 0.129 0.076 0.158 0.092 
L2 bank util. 0.016 0.016 0.016 0.016 0.016 0.016 0.017 0.022 
L1-L2 bus util. = 0.085, L3 util. = 0.043
----------------------------------------
branch prediction, hits = 113271326, misses = 5664622, hit rate = 95.24%
return_stack prediction, hits = 4753156, misses = 26543781, hit rate = 15.19%
jump prediction, hits = 199740473, misses = 3457, hit rate = 100.00%
total IPC 3.843

=== Results saved to: ./results/seqacc_2_gzip-program_1_recurseq_1.txt ===
