===== 执行信息 =====
Cache目录：smtc128
执行命令：./smtsim ../recurseq.arg2 ../cacherand.arg ../seqacc.arg
执行时间：2026-04-16 16:19:14
返回码：0
===== 输出内容 =====
SMTCache
Process 0, Thread 0: recurseq
Process 0, Thread 1: recurseq
Process 2, Thread 2: cacherand
Process 3, Thread 3: seqacc

**** Debug Statistics at 1000000 Cycles *****
Threads: 4		Fetch Width: 8
No of useful instructions fetched:	2993347 (37.42% proc util.)
No of total instructions fetched:	3830422 (47.88% proc util.)
 includes 157 misfetch (0.0%), 836918 (21.8%) wrong-path fetches
 and 0 flushed after failed lock(0.0%)
No of useful instructions issued/executed:	2993322 (37.42% proc util.)
No of total instructions issued/executed:	3394181 (42.43% proc util.)
 includes 400859 wrong-path (11.8%) insts and 0 flushed (0.0%)
	fp 0, 0.00%
	synch 0, 0.00%
	integer 2939434, 86.60%
	load/store 454747, 13.40%
Avg size of int IQ (before scheduling): 20.76
Avg size of fp IQ (before scheduling): 0.00
No of cycles taken:		1000000
Parallelism [ 1.009, 0.000, 0.911, 1.073,] = 2.993
 IQ conflicts: 315 (0.03%), FQ conflicts: 0 (0.00%) 
 I reg conflicts: 471341 (47.13%), FP reg conflicts: 0 (0.00%)
  Activelist confs: 0 (0.00%), ROB confs: 0 (0.00%)
  Int unit conflicts: 1001832 (100.18%), FP unit conflicts: 0 (0.00%)
  Load/store unit conflicts: 1184 (0.12%)
  MSHR conflicts: 0 (0.00%)
----------------------------------------
==== System-wide Cache Statistics ====
Stall for miss queue full 0 cycles (0.00%)
----------------------------------------
==== Statistics for Master ID: 0 ====
Reads: 524673   Writes: 253486
ICACHE: size: 64 KB assoc: 2
ICACHE: hits:412708 misses:24  Hit Ratio: 99.99%
DCACHE: size: 32 KB assoc: 8
DCACHE: hits:359308 misses:6119 writebacks:5596  Hit Ratio: 98.33%
SCACHE: size: 512 KB assoc: 2
SCACHE: hits:1561 misses:4582  Hit Ratio: 25.41%
3CACHE: size: 4096 KB assoc: 2
3CACHE: hits:191 misses:4391  Hit Ratio: 4.17%
3CACHE: dirty items replaced:0
ITLB: size: 48, misses 4, miss rate 0.00%
DTLB: size: 128, misses 75, miss rate 0.02%
Avg mem delay: 1.134 cycles
----------------------------------------
==== Statistics for Master ID: 2 ====
Reads: 287102   Writes: 34
ICACHE: size: 64 KB assoc: 2
ICACHE: hits:253293 misses:22  Hit Ratio: 99.99%
DCACHE: size: 32 KB assoc: 8
DCACHE: hits:22382 misses:11439 writebacks:182  Hit Ratio: 66.18%
SCACHE: size: 512 KB assoc: 2
SCACHE: hits:10482 misses:979  Hit Ratio: 91.46%
3CACHE: size: 4096 KB assoc: 2
3CACHE: hits:167 misses:812  Hit Ratio: 17.06%
3CACHE: dirty items replaced:0
ITLB: size: 48, misses 4, miss rate 0.00%
DTLB: size: 128, misses 22, miss rate 0.07%
Avg mem delay: 1.134 cycles
----------------------------------------
==== Statistics for Master ID: 3 ====
Reads: 400139   Writes: 5127
ICACHE: size: 64 KB assoc: 2
ICACHE: hits:349757 misses:10  Hit Ratio: 100.00%
DCACHE: size: 32 KB assoc: 8
DCACHE: hits:55172 misses:327 writebacks:0  Hit Ratio: 99.41%
SCACHE: size: 512 KB assoc: 2
SCACHE: hits:0 misses:337  Hit Ratio: 0.00%
3CACHE: size: 4096 KB assoc: 2
3CACHE: hits:0 misses:337  Hit Ratio: 0.00%
3CACHE: dirty items replaced:0
ITLB: size: 48, misses 1, miss rate 0.00%
DTLB: size: 128, misses 10, miss rate 0.02%
Avg mem delay: 1.134 cycles
----------------------------------------
==== Global Resource Utilization ====
STASH: size: 65536 entries, full 3940554, empty 561, misses 52, full rate 99.98
icache bank util. 0.342 0.385 0.000 0.000 0.000 0.017 0.062 0.209 
dcache bank util. 0.046 0.047 0.068 0.158 0.046 0.046 0.068 0.046 
L2 bank util. 0.016 0.017 0.016 0.016 0.016 0.016 0.016 0.016 
L1-L2 bus util. = 0.071, L3 util. = 0.055
----------------------------------------
branch prediction, hits = 189920, misses = 81, hit rate = 99.96%
return_stack prediction, hits = 352, misses = 27474, hit rate = 1.27%
jump prediction, hits = 266393, misses = 56, hit rate = 99.98%

**** Debug Statistics at 101000000 Cycles *****
Threads: 4		Fetch Width: 8
No of useful instructions fetched:	441117372 (54.59% proc util.)
No of total instructions fetched:	625555425 (77.42% proc util.)
 includes 157 misfetch (0.0%), 184437896 (29.5%) wrong-path fetches
 and 0 flushed after failed lock(0.0%)
No of useful instructions issued/executed:	441117332 (54.59% proc util.)
No of total instructions issued/executed:	529509433 (65.53% proc util.)
 includes 88392101 wrong-path (16.7%) insts and 0 flushed (0.0%)
	fp 0, 0.00%
	synch 0, 0.00%
	integer 449809050, 84.95%
	load/store 79700383, 15.05%
Avg size of int IQ (before scheduling): 34.47
Avg size of fp IQ (before scheduling): 0.00
No of cycles taken:		101000000
Parallelism [ 1.340, 0.000, 1.395, 1.633,] = 4.367
 IQ conflicts: 3482 (0.00%), FQ conflicts: 0 (0.00%) 
 I reg conflicts: 13980385 (13.84%), FP reg conflicts: 0 (0.00%)
  Activelist confs: 0 (0.00%), ROB confs: 0 (0.00%)
  Int unit conflicts: 197194228 (195.24%), FP unit conflicts: 0 (0.00%)
  Load/store unit conflicts: 271550 (0.27%)
  MSHR conflicts: 0 (0.00%)
----------------------------------------
==== System-wide Cache Statistics ====
Stall for miss queue full 0 cycles (0.00%)
----------------------------------------
==== Statistics for Master ID: 0 ====
Reads: 95080716   Writes: 41397866
ICACHE: size: 64 KB assoc: 2
ICACHE: hits:70546388 misses:24  Hit Ratio: 100.00%
DCACHE: size: 32 KB assoc: 8
DCACHE: hits:65544769 misses:387401 writebacks:386878  Hit Ratio: 99.41%
SCACHE: size: 512 KB assoc: 2
SCACHE: hits:382842 misses:4583  Hit Ratio: 98.82%
3CACHE: size: 4096 KB assoc: 2
3CACHE: hits:192 misses:4391  Hit Ratio: 4.19%
3CACHE: dirty items replaced:0
ITLB: size: 48, misses 4, miss rate 0.00%
DTLB: size: 128, misses 75, miss rate 0.00%
Avg mem delay: 0.662 cycles
----------------------------------------
==== Statistics for Master ID: 2 ====
Reads: 47239863   Writes: 34
ICACHE: size: 64 KB assoc: 2
ICACHE: hits:42021544 misses:23  Hit Ratio: 100.00%
DCACHE: size: 32 KB assoc: 8
DCACHE: hits:3476027 misses:1742303 writebacks:27450  Hit Ratio: 66.61%
SCACHE: size: 512 KB assoc: 2
SCACHE: hits:1741346 misses:980  Hit Ratio: 99.94%
3CACHE: size: 4096 KB assoc: 2
3CACHE: hits:167 misses:813  Hit Ratio: 17.04%
3CACHE: dirty items replaced:0
ITLB: size: 48, misses 4, miss rate 0.00%
DTLB: size: 128, misses 22, miss rate 0.00%
Avg mem delay: 0.662 cycles
----------------------------------------
==== Statistics for Master ID: 3 ====
Reads: 63673335   Writes: 5127
ICACHE: size: 64 KB assoc: 2
ICACHE: hits:55128569 misses:10  Hit Ratio: 100.00%
DCACHE: size: 32 KB assoc: 8
DCACHE: hits:8549556 misses:327 writebacks:0  Hit Ratio: 100.00%
SCACHE: size: 512 KB assoc: 2
SCACHE: hits:0 misses:337  Hit Ratio: 0.00%
3CACHE: size: 4096 KB assoc: 2
3CACHE: hits:0 misses:337  Hit Ratio: 0.00%
3CACHE: dirty items replaced:0
ITLB: size: 48, misses 1, miss rate 0.00%
DTLB: size: 128, misses 10, miss rate 0.00%
Avg mem delay: 0.662 cycles
----------------------------------------
==== Global Resource Utilization ====
STASH: size: 65536 entries, full 649878957, empty 561, misses 52, full rate 100.00
icache bank util. 0.612 0.574 0.000 0.000 0.000 0.000 0.082 0.392 
dcache bank util. 0.067 0.067 0.114 0.310 0.068 0.067 0.103 0.067 
L2 bank util. 0.015 0.015 0.015 0.015 0.015 0.015 0.015 0.015 
L1-L2 bus util. = 0.076, L3 util. = 0.001
----------------------------------------
branch prediction, hits = 21189450, misses = 8186, hit rate = 99.96%
return_stack prediction, hits = 73576, misses = 6062537, hit rate = 1.20%
jump prediction, hits = 37130867, misses = 57, hit rate = 100.00%

**** Debug Statistics at 201000000 Cycles *****
Threads: 4		Fetch Width: 8
No of useful instructions fetched:	879258534 (54.68% proc util.)
No of total instructions fetched:	1247318868 (77.57% proc util.)
 includes 157 misfetch (0.0%), 368060177 (29.5%) wrong-path fetches
 and 0 flushed after failed lock(0.0%)
No of useful instructions issued/executed:	879258481 (54.68% proc util.)
No of total instructions issued/executed:	1055639449 (65.65% proc util.)
 includes 176380968 wrong-path (16.7%) insts and 0 flushed (0.0%)
	fp 0, 0.00%
	synch 0, 0.00%
	integer 896689911, 84.94%
	load/store 158949538, 15.06%
Avg size of int IQ (before scheduling): 34.54
Avg size of fp IQ (before scheduling): 0.00
No of cycles taken:		201000000
Parallelism [ 1.342, 0.000, 1.397, 1.635,] = 4.374
 IQ conflicts: 6564 (0.00%), FQ conflicts: 0 (0.00%) 
 I reg conflicts: 27487804 (13.68%), FP reg conflicts: 0 (0.00%)
  Activelist confs: 0 (0.00%), ROB confs: 0 (0.00%)
  Int unit conflicts: 393369998 (195.71%), FP unit conflicts: 0 (0.00%)
  Load/store unit conflicts: 541383 (0.27%)
  MSHR conflicts: 0 (0.00%)
----------------------------------------
==== System-wide Cache Statistics ====
Stall for miss queue full 0 cycles (0.00%)
----------------------------------------
==== Statistics for Master ID: 0 ====
Reads: 189640387   Writes: 82543540
ICACHE: size: 64 KB assoc: 2
ICACHE: hits:140681711 misses:24  Hit Ratio: 100.00%
DCACHE: size: 32 KB assoc: 8
DCACHE: hits:130733464 misses:768728 writebacks:768205  Hit Ratio: 99.42%
SCACHE: size: 512 KB assoc: 2
SCACHE: hits:764169 misses:4583  Hit Ratio: 99.40%
3CACHE: size: 4096 KB assoc: 2
3CACHE: hits:192 misses:4391  Hit Ratio: 4.19%
3CACHE: dirty items replaced:0
ITLB: size: 48, misses 4, miss rate 0.00%
DTLB: size: 128, misses 75, miss rate 0.00%
Avg mem delay: 0.661 cycles
----------------------------------------
==== Statistics for Master ID: 2 ====
Reads: 94197882   Writes: 34
ICACHE: size: 64 KB assoc: 2
ICACHE: hits:83795141 misses:23  Hit Ratio: 100.00%
DCACHE: size: 32 KB assoc: 8
DCACHE: hits:6929603 misses:3473149 writebacks:54572  Hit Ratio: 66.61%
SCACHE: size: 512 KB assoc: 2
SCACHE: hits:3472192 misses:980  Hit Ratio: 99.97%
3CACHE: size: 4096 KB assoc: 2
3CACHE: hits:167 misses:813  Hit Ratio: 17.04%
3CACHE: dirty items replaced:0
ITLB: size: 48, misses 4, miss rate 0.00%
DTLB: size: 128, misses 22, miss rate 0.00%
Avg mem delay: 0.661 cycles
----------------------------------------
==== Statistics for Master ID: 3 ====
Reads: 126947871   Writes: 5127
ICACHE: size: 64 KB assoc: 2
ICACHE: hits:109908394 misses:10  Hit Ratio: 100.00%
DCACHE: size: 32 KB assoc: 8
DCACHE: hits:17044267 misses:327 writebacks:0  Hit Ratio: 100.00%
SCACHE: size: 512 KB assoc: 2
SCACHE: hits:0 misses:337  Hit Ratio: 0.00%
3CACHE: size: 4096 KB assoc: 2
3CACHE: hits:0 misses:337  Hit Ratio: 0.00%
3CACHE: dirty items replaced:0
ITLB: size: 48, misses 1, miss rate 0.00%
DTLB: size: 128, misses 10, miss rate 0.00%
Avg mem delay: 0.661 cycles
----------------------------------------
==== Global Resource Utilization ====
STASH: size: 65536 entries, full 1295856059, empty 561, misses 52, full rate 100.00
icache bank util. 0.613 0.575 0.000 0.000 0.000 0.000 0.083 0.392 
dcache bank util. 0.067 0.067 0.115 0.311 0.068 0.067 0.104 0.067 
L2 bank util. 0.015 0.015 0.015 0.015 0.015 0.015 0.015 0.015 
L1-L2 bus util. = 0.076, L3 util. = 0.000
----------------------------------------
branch prediction, hits = 42189988, misses = 16289, hit rate = 99.96%
return_stack prediction, hits = 146800, misses = 12097448, hit rate = 1.20%
jump prediction, hits = 73997056, misses = 57, hit rate = 100.00%

**** Debug Statistics at 301000000 Cycles *****
Threads: 4		Fetch Width: 8
No of useful instructions fetched:	1317395561 (54.71% proc util.)
No of total instructions fetched:	1869086275 (77.62% proc util.)
 includes 157 misfetch (0.0%), 551690557 (29.5%) wrong-path fetches
 and 0 flushed after failed lock(0.0%)
No of useful instructions issued/executed:	1317395523 (54.71% proc util.)
No of total instructions issued/executed:	1581771946 (65.69% proc util.)
 includes 264376423 wrong-path (16.7%) insts and 0 flushed (0.0%)
	fp 0, 0.00%
	synch 0, 0.00%
	integer 1343573376, 84.94%
	load/store 238198570, 15.06%
Avg size of int IQ (before scheduling): 34.56
Avg size of fp IQ (before scheduling): 0.00
No of cycles taken:		301000000
Parallelism [ 1.342, 0.000, 1.398, 1.636,] = 4.377
 IQ conflicts: 9757 (0.00%), FQ conflicts: 0 (0.00%) 
 I reg conflicts: 40993585 (13.62%), FP reg conflicts: 0 (0.00%)
  Activelist confs: 0 (0.00%), ROB confs: 0 (0.00%)
  Int unit conflicts: 589568364 (195.87%), FP unit conflicts: 0 (0.00%)
  Load/store unit conflicts: 812468 (0.27%)
  MSHR conflicts: 0 (0.00%)
----------------------------------------
==== System-wide Cache Statistics ====
Stall for miss queue full 0 cycles (0.00%)
----------------------------------------
==== Statistics for Master ID: 0 ====
Reads: 284198431   Writes: 123690157
ICACHE: size: 64 KB assoc: 2
ICACHE: hits:210816598 misses:24  Hit Ratio: 100.00%
DCACHE: size: 32 KB assoc: 8
DCACHE: hits:195921938 misses:1150028 writebacks:1149505  Hit Ratio: 99.42%
SCACHE: size: 512 KB assoc: 2
SCACHE: hits:1145469 misses:4583  Hit Ratio: 99.60%
3CACHE: size: 4096 KB assoc: 2
3CACHE: hits:192 misses:4391  Hit Ratio: 4.19%
3CACHE: dirty items replaced:0
ITLB: size: 48, misses 4, miss rate 0.00%
DTLB: size: 128, misses 75, miss rate 0.00%
Avg mem delay: 0.660 cycles
----------------------------------------
==== Statistics for Master ID: 2 ====
Reads: 141155157   Writes: 34
ICACHE: size: 64 KB assoc: 2
ICACHE: hits:125567769 misses:23  Hit Ratio: 100.00%
DCACHE: size: 32 KB assoc: 8
DCACHE: hits:10383867 misses:5203532 writebacks:81578  Hit Ratio: 66.62%
SCACHE: size: 512 KB assoc: 2
SCACHE: hits:5202575 misses:980  Hit Ratio: 99.98%
3CACHE: size: 4096 KB assoc: 2
3CACHE: hits:167 misses:813  Hit Ratio: 17.04%
3CACHE: dirty items replaced:0
ITLB: size: 48, misses 4, miss rate 0.00%
DTLB: size: 128, misses 22, miss rate 0.00%
Avg mem delay: 0.660 cycles
----------------------------------------
==== Statistics for Master ID: 3 ====
Reads: 190225342   Writes: 5127
ICACHE: size: 64 KB assoc: 2
ICACHE: hits:164691254 misses:10  Hit Ratio: 100.00%
DCACHE: size: 32 KB assoc: 8
DCACHE: hits:25538878 misses:327 writebacks:0  Hit Ratio: 100.00%
SCACHE: size: 512 KB assoc: 2
SCACHE: hits:0 misses:337  Hit Ratio: 0.00%
3CACHE: size: 4096 KB assoc: 2
3CACHE: hits:0 misses:337  Hit Ratio: 0.00%
3CACHE: dirty items replaced:0
ITLB: size: 48, misses 1, miss rate 0.00%
DTLB: size: 128, misses 10, miss rate 0.00%
Avg mem delay: 0.660 cycles
----------------------------------------
==== Global Resource Utilization ====
STASH: size: 65536 entries, full 1941836677, empty 561, misses 52, full rate 100.00
icache bank util. 0.614 0.575 0.000 0.000 0.000 0.000 0.083 0.393 
dcache bank util. 0.067 0.067 0.115 0.311 0.068 0.067 0.104 0.067 
L2 bank util. 0.015 0.015 0.015 0.015 0.015 0.015 0.015 0.015 
L1-L2 bus util. = 0.076, L3 util. = 0.000
----------------------------------------
branch prediction, hits = 63190197, misses = 24394, hit rate = 99.96%
return_stack prediction, hits = 220036, misses = 18132355, hit rate = 1.20%
jump prediction, hits = 110862443, misses = 57, hit rate = 100.00%

**** Debug Statistics at 401000000 Cycles *****
Threads: 4		Fetch Width: 8
No of useful instructions fetched:	1755527240 (54.72% proc util.)
No of total instructions fetched:	2490847479 (77.64% proc util.)
 includes 157 misfetch (0.0%), 735320082 (29.5%) wrong-path fetches
 and 0 flushed after failed lock(0.0%)
No of useful instructions issued/executed:	1755527205 (54.72% proc util.)
No of total instructions issued/executed:	2107906431 (65.71% proc util.)
 includes 352379226 wrong-path (16.7%) insts and 0 flushed (0.0%)
	fp 0, 0.00%
	synch 0, 0.00%
	integer 1790458299, 84.94%
	load/store 317448132, 15.06%
Avg size of int IQ (before scheduling): 34.58
Avg size of fp IQ (before scheduling): 0.00
No of cycles taken:		401000000
Parallelism [ 1.342, 0.000, 1.399, 1.637,] = 4.378
 IQ conflicts: 12943 (0.00%), FQ conflicts: 0 (0.00%) 
 I reg conflicts: 54498773 (13.59%), FP reg conflicts: 0 (0.00%)
  Activelist confs: 0 (0.00%), ROB confs: 0 (0.00%)
  Int unit conflicts: 785752838 (195.95%), FP unit conflicts: 0 (0.00%)
  Load/store unit conflicts: 1083566 (0.27%)
  MSHR conflicts: 0 (0.00%)
----------------------------------------
==== System-wide Cache Statistics ====
Stall for miss queue full 0 cycles (0.00%)
----------------------------------------
==== Statistics for Master ID: 0 ====
Reads: 378757052   Writes: 164837663
ICACHE: size: 64 KB assoc: 2
ICACHE: hits:280952412 misses:24  Hit Ratio: 100.00%
DCACHE: size: 32 KB assoc: 8
DCACHE: hits:261110969 misses:1531310 writebacks:1530787  Hit Ratio: 99.42%
SCACHE: size: 512 KB assoc: 2
SCACHE: hits:1526751 misses:4583  Hit Ratio: 99.70%
3CACHE: size: 4096 KB assoc: 2
3CACHE: hits:192 misses:4391  Hit Ratio: 4.19%
3CACHE: dirty items replaced:0
ITLB: size: 48, misses 4, miss rate 0.00%
DTLB: size: 128, misses 75, miss rate 0.00%
Avg mem delay: 0.660 cycles
----------------------------------------
==== Statistics for Master ID: 2 ====
Reads: 188115485   Writes: 34
ICACHE: size: 64 KB assoc: 2
ICACHE: hits:167343637 misses:23  Hit Ratio: 100.00%
DCACHE: size: 32 KB assoc: 8
DCACHE: hits:13837788 misses:6934071 writebacks:108496  Hit Ratio: 66.62%
SCACHE: size: 512 KB assoc: 2
SCACHE: hits:6933114 misses:980  Hit Ratio: 99.99%
3CACHE: size: 4096 KB assoc: 2
3CACHE: hits:167 misses:813  Hit Ratio: 17.04%
3CACHE: dirty items replaced:0
ITLB: size: 48, misses 4, miss rate 0.00%
DTLB: size: 128, misses 22, miss rate 0.00%
Avg mem delay: 0.660 cycles
----------------------------------------
==== Statistics for Master ID: 3 ====
Reads: 253500749   Writes: 5127
ICACHE: size: 64 KB assoc: 2
ICACHE: hits:219471872 misses:10  Hit Ratio: 100.00%
DCACHE: size: 32 KB assoc: 8
DCACHE: hits:34033667 misses:327 writebacks:0  Hit Ratio: 100.00%
SCACHE: size: 512 KB assoc: 2
SCACHE: hits:0 misses:337  Hit Ratio: 0.00%
3CACHE: size: 4096 KB assoc: 2
3CACHE: hits:0 misses:337  Hit Ratio: 0.00%
3CACHE: dirty items replaced:0
ITLB: size: 48, misses 1, miss rate 0.00%
DTLB: size: 128, misses 10, miss rate 0.00%
Avg mem delay: 0.660 cycles
----------------------------------------
==== Global Resource Utilization ====
STASH: size: 65536 entries, full 2587812501, empty 561, misses 52, full rate 100.00
icache bank util. 0.614 0.576 0.000 0.000 0.000 0.000 0.083 0.393 
dcache bank util. 0.067 0.067 0.115 0.312 0.068 0.067 0.104 0.067 
L2 bank util. 0.015 0.015 0.015 0.015 0.015 0.015 0.015 0.015 
L1-L2 bus util. = 0.076, L3 util. = 0.000
----------------------------------------
branch prediction, hits = 84190140, misses = 32497, hit rate = 99.96%
return_stack prediction, hits = 293260, misses = 24167826, hit rate = 1.20%
jump prediction, hits = 147727910, misses = 57, hit rate = 100.00%

**** Early Exiting at 456798742 Cycles *****
========================================
 SMTSIM Global Statistics
========================================
Threads: 4		Fetch Width: 8
No of useful instructions fetched:	2000000094 (54.73% proc util.)
No of total instructions fetched:	2837779132 (77.65% proc util.)
 includes 157 misfetch (0.0%), 837778881 (29.5%) wrong-path fetches
 and 0 flushed after failed lock(0.0%)
No of useful instructions issued/executed:	2000000067 (54.73% proc util.)
No of total instructions issued/executed:	2401480632 (65.71% proc util.)
 includes 401480565 wrong-path (16.7%) insts and 0 flushed (0.0%)
	fp 0, 0.00%
	synch 0, 0.00%
	integer 2039812609, 84.94%
	load/store 361668023, 15.06%
Avg size of int IQ (before scheduling): 34.58
Avg size of fp IQ (before scheduling): 0.00
No of cycles taken:		456798742
Parallelism [ 1.342, 0.000, 1.399, 1.637,] = 4.378
 IQ conflicts: 14643 (0.00%), FQ conflicts: 0 (0.00%) 
 I reg conflicts: 62034189 (13.58%), FP reg conflicts: 0 (0.00%)
  Activelist confs: 0 (0.00%), ROB confs: 0 (0.00%)
  Int unit conflicts: 895225415 (195.98%), FP unit conflicts: 0 (0.00%)
  Load/store unit conflicts: 1234979 (0.27%)
  MSHR conflicts: 0 (0.00%)
----------------------------------------
==== System-wide Cache Statistics ====
Stall for miss queue full 0 cycles (0.00%)
----------------------------------------
==== Statistics for Master ID: 0 ====
Reads: 431517616   Writes: 187796917
ICACHE: size: 64 KB assoc: 2
ICACHE: hits:320085070 misses:24  Hit Ratio: 100.00%
DCACHE: size: 32 KB assoc: 8
DCACHE: hits:297485369 misses:1744070 writebacks:1743547  Hit Ratio: 99.42%
SCACHE: size: 512 KB assoc: 2
SCACHE: hits:1739511 misses:4583  Hit Ratio: 99.74%
3CACHE: size: 4096 KB assoc: 2
3CACHE: hits:192 misses:4391  Hit Ratio: 4.19%
3CACHE: dirty items replaced:0
ITLB: size: 48, misses 4, miss rate 0.00%
DTLB: size: 128, misses 75, miss rate 0.00%
Avg mem delay: 0.660 cycles
----------------------------------------
==== Statistics for Master ID: 2 ====
Reads: 214314454   Writes: 34
ICACHE: size: 64 KB assoc: 2
ICACHE: hits:190649682 misses:23  Hit Ratio: 100.00%
DCACHE: size: 32 KB assoc: 8
DCACHE: hits:15765123 misses:7899660 writebacks:123428  Hit Ratio: 66.62%
SCACHE: size: 512 KB assoc: 2
SCACHE: hits:7898703 misses:980  Hit Ratio: 99.99%
3CACHE: size: 4096 KB assoc: 2
3CACHE: hits:167 misses:813  Hit Ratio: 17.04%
3CACHE: dirty items replaced:0
ITLB: size: 48, misses 4, miss rate 0.00%
DTLB: size: 128, misses 22, miss rate 0.00%
Avg mem delay: 0.660 cycles
----------------------------------------
==== Statistics for Master ID: 3 ====
Reads: 288812293   Writes: 5127
ICACHE: size: 64 KB assoc: 2
ICACHE: hits:250043609 misses:10  Hit Ratio: 100.00%
DCACHE: size: 32 KB assoc: 8
DCACHE: hits:38773474 misses:327 writebacks:0  Hit Ratio: 100.00%
SCACHE: size: 512 KB assoc: 2
SCACHE: hits:0 misses:337  Hit Ratio: 0.00%
3CACHE: size: 4096 KB assoc: 2
3CACHE: hits:0 misses:337  Hit Ratio: 0.00%
3CACHE: dirty items replaced:0
ITLB: size: 48, misses 1, miss rate 0.00%
DTLB: size: 128, misses 10, miss rate 0.00%
Avg mem delay: 0.660 cycles
----------------------------------------
==== Global Resource Utilization ====
STASH: size: 65536 entries, full 2948255382, empty 561, misses 52, full rate 100.00
icache bank util. 0.614 0.576 0.000 0.000 0.000 0.000 0.083 0.393 
dcache bank util. 0.067 0.067 0.115 0.312 0.068 0.067 0.104 0.067 
L2 bank util. 0.015 0.015 0.015 0.015 0.015 0.015 0.015 0.015 
L1-L2 bus util. = 0.076, L3 util. = 0.000
----------------------------------------
branch prediction, hits = 95907863, misses = 37019, hit rate = 99.96%
return_stack prediction, hits = 334120, misses = 27535414, hit rate = 1.20%
jump prediction, hits = 168298353, misses = 57, hit rate = 100.00%
total IPC 4.378

=== Results saved to: ./results/recurseq_2_cacherand_1_seqacc_1.txt ===
