===== 执行信息 =====
Cache目录：smtc128
执行命令：./smtsim ../gzip-program.arg2 ../gcc-200.arg ../seqacc.arg
执行时间：2026-04-17 10:12:42
返回码：0
===== 输出内容 =====
SMTCache
Process 0, Thread 0: gzip-program
Process 0, Thread 1: gzip-program
Process 2, Thread 2: gcc-200
Process 3, Thread 3: seqacc

**** Debug Statistics at 1000000 Cycles *****
Threads: 4		Fetch Width: 8
No of useful instructions fetched:	1057212 (13.22% proc util.)
No of total instructions fetched:	1155558 (14.44% proc util.)
 includes 14911 misfetch (1.3%), 83435 (7.2%) wrong-path fetches
 and 0 flushed after failed lock(0.0%)
No of useful instructions issued/executed:	1057153 (13.21% proc util.)
No of total instructions issued/executed:	1094542 (13.68% proc util.)
 includes 37389 wrong-path (3.4%) insts and 0 flushed (0.0%)
	fp 71, 0.01%
	synch 0, 0.00%
	integer 881924, 80.57%
	load/store 212547, 19.42%
Avg size of int IQ (before scheduling): 34.42
Avg size of fp IQ (before scheduling): 0.00
No of cycles taken:		1000000
Parallelism [ 0.143, 0.000, 0.327, 0.588,] = 1.057
 IQ conflicts: 1155 (0.12%), FQ conflicts: 0 (0.00%) 
 I reg conflicts: 828431 (82.84%), FP reg conflicts: 0 (0.00%)
  Activelist confs: 0 (0.00%), ROB confs: 0 (0.00%)
  Int unit conflicts: 76764 (7.68%), FP unit conflicts: 0 (0.00%)
  Load/store unit conflicts: 13264 (1.33%)
  MSHR conflicts: 310478 (31.05%)
----------------------------------------
==== System-wide Cache Statistics ====
Stall for miss queue full 0 cycles (0.00%)
----------------------------------------
==== Statistics for Master ID: 0 ====
Reads: 103799   Writes: 23231
ICACHE: size: 64 KB assoc: 2
ICACHE: hits:58257 misses:206  Hit Ratio: 99.65%
DCACHE: size: 32 KB assoc: 8
DCACHE: hits:46102 misses:22465 writebacks:22297  Hit Ratio: 67.24%
SCACHE: size: 512 KB assoc: 2
SCACHE: hits:10 misses:22659  Hit Ratio: 0.04%
3CACHE: size: 4096 KB assoc: 2
3CACHE: hits:0 misses:22659  Hit Ratio: 0.00%
3CACHE: dirty items replaced:0
ITLB: size: 48, misses 18, miss rate 0.03%
DTLB: size: 128, misses 5599, miss rate 8.17%
Avg mem delay: 59.909 cycles
----------------------------------------
==== Statistics for Master ID: 2 ====
Reads: 173201   Writes: 49950
ICACHE: size: 64 KB assoc: 2
ICACHE: hits:108231 misses:1364  Hit Ratio: 98.76%
DCACHE: size: 32 KB assoc: 8
DCACHE: hits:111014 misses:2542 writebacks:1589  Hit Ratio: 97.76%
SCACHE: size: 512 KB assoc: 2
SCACHE: hits:286 misses:3620  Hit Ratio: 7.32%
3CACHE: size: 4096 KB assoc: 2
3CACHE: hits:17 misses:3603  Hit Ratio: 0.47%
3CACHE: dirty items replaced:0
ITLB: size: 48, misses 87, miss rate 0.08%
DTLB: size: 128, misses 382, miss rate 0.34%
Avg mem delay: 59.909 cycles
----------------------------------------
==== Statistics for Master ID: 3 ====
Reads: 174668   Writes: 5127
ICACHE: size: 64 KB assoc: 2
ICACHE: hits:149467 misses:10  Hit Ratio: 99.99%
DCACHE: size: 32 KB assoc: 8
DCACHE: hits:29990 misses:328 writebacks:0  Hit Ratio: 98.92%
SCACHE: size: 512 KB assoc: 2
SCACHE: hits:0 misses:338  Hit Ratio: 0.00%
3CACHE: size: 4096 KB assoc: 2
3CACHE: hits:0 misses:338  Hit Ratio: 0.00%
3CACHE: dirty items replaced:0
ITLB: size: 48, misses 1, miss rate 0.00%
DTLB: size: 128, misses 39, miss rate 0.13%
Avg mem delay: 59.909 cycles
----------------------------------------
==== Global Resource Utilization ====
STASH: size: 65536 entries, full 1184199, empty 21913, misses 1859, full rate 98.03
icache bank util. 0.071 0.033 0.017 0.016 0.014 0.028 0.060 0.084 
dcache bank util. 0.023 0.025 0.036 0.015 0.014 0.014 0.209 0.024 
L2 bank util. 0.006 0.006 0.006 0.006 0.006 0.005 0.273 0.006 
L1-L2 bus util. = 0.152, L3 util. = 0.266
----------------------------------------
branch prediction, hits = 75665, misses = 4840, hit rate = 93.99%
return_stack prediction, hits = 4159, misses = 14, hit rate = 99.66%
jump prediction, hits = 87437, misses = 3860, hit rate = 95.77%
 abend_ adia_ adib_ ambm6_ analie6_
**** Debug Statistics at 101000000 Cycles *****
Threads: 4		Fetch Width: 8
No of useful instructions fetched:	190027533 (23.52% proc util.)
No of total instructions fetched:	217170864 (26.88% proc util.)
 includes 7148933 misfetch (3.3%), 19994398 (9.2%) wrong-path fetches
 and 0 flushed after failed lock(0.0%)
No of useful instructions issued/executed:	190027510 (23.52% proc util.)
No of total instructions issued/executed:	198485377 (24.57% proc util.)
 includes 8457867 wrong-path (4.3%) insts and 0 flushed (0.0%)
	fp 10193, 0.01%
	synch 0, 0.00%
	integer 155344936, 78.27%
	load/store 43130248, 21.73%
Avg size of int IQ (before scheduling): 21.70
Avg size of fp IQ (before scheduling): 0.00
No of cycles taken:		101000000
Parallelism [ 0.351, 0.000, 0.670, 0.860,] = 1.881
 IQ conflicts: 71492 (0.07%), FQ conflicts: 0 (0.00%) 
 I reg conflicts: 69485812 (68.80%), FP reg conflicts: 0 (0.00%)
  Activelist confs: 0 (0.00%), ROB confs: 48 (0.00%)
  Int unit conflicts: 14376676 (14.23%), FP unit conflicts: 6 (0.00%)
  Load/store unit conflicts: 2389214 (2.37%)
  MSHR conflicts: 5493712 (5.44%)
----------------------------------------
==== System-wide Cache Statistics ====
Stall for miss queue full 0 cycles (0.00%)
----------------------------------------
==== Statistics for Master ID: 0 ====
Reads: 18115604   Writes: 5262125
ICACHE: size: 64 KB assoc: 2
ICACHE: hits:12658590 misses:9841  Hit Ratio: 99.92%
DCACHE: size: 32 KB assoc: 8
DCACHE: hits:9255663 misses:1453635 writebacks:818740  Hit Ratio: 86.43%
SCACHE: size: 512 KB assoc: 2
SCACHE: hits:9187 misses:1454289  Hit Ratio: 0.63%
3CACHE: size: 4096 KB assoc: 2
3CACHE: hits:101 misses:1454187  Hit Ratio: 0.01%
3CACHE: dirty items replaced:49996
ITLB: size: 48, misses 66, miss rate 0.00%
DTLB: size: 128, misses 66001, miss rate 0.62%
Avg mem delay: 7.452 cycles
----------------------------------------
==== Statistics for Master ID: 2 ====
Reads: 43488714   Writes: 8356430
ICACHE: size: 64 KB assoc: 2
ICACHE: hits:23551611 misses:421790  Hit Ratio: 98.24%
DCACHE: size: 32 KB assoc: 8
DCACHE: hits:27487222 misses:384521 writebacks:101137  Hit Ratio: 98.62%
SCACHE: size: 512 KB assoc: 2
SCACHE: hits:537704 misses:268607  Hit Ratio: 66.69%
3CACHE: size: 4096 KB assoc: 2
3CACHE: hits:163035 misses:105572  Hit Ratio: 60.70%
3CACHE: dirty items replaced:9631
ITLB: size: 48, misses 32903, miss rate 0.14%
DTLB: size: 128, misses 23795, miss rate 0.09%
Avg mem delay: 7.452 cycles
----------------------------------------
==== Statistics for Master ID: 3 ====
Reads: 29300166   Writes: 5127
ICACHE: size: 64 KB assoc: 2
ICACHE: hits:24791714 misses:7233  Hit Ratio: 99.97%
DCACHE: size: 32 KB assoc: 8
DCACHE: hits:4506018 misses:328 writebacks:0  Hit Ratio: 99.99%
SCACHE: size: 512 KB assoc: 2
SCACHE: hits:7150 misses:411  Hit Ratio: 94.56%
3CACHE: size: 4096 KB assoc: 2
3CACHE: hits:51 misses:360  Hit Ratio: 12.41%
3CACHE: dirty items replaced:0
ITLB: size: 48, misses 1, miss rate 0.00%
DTLB: size: 128, misses 450, miss rate 0.01%
Avg mem delay: 7.452 cycles
----------------------------------------
==== Global Resource Utilization ====
STASH: size: 65536 entries, full 220614741, empty 7915950, misses 702982, full rate 96.24
icache bank util. 0.130 0.065 0.030 0.031 0.031 0.107 0.079 0.148 
dcache bank util. 0.064 0.064 0.059 0.057 0.058 0.056 0.082 0.070 
L2 bank util. 0.024 0.023 0.023 0.023 0.023 0.023 0.031 0.039 
L1-L2 bus util. = 0.095, L3 util. = 0.154
----------------------------------------
branch prediction, hits = 17896681, misses = 1332603, hit rate = 93.07%
return_stack prediction, hits = 871694, misses = 1380, hit rate = 99.84%
jump prediction, hits = 18929370, misses = 1764543, hit rate = 91.47%
 betalf_ block_
**** Debug Statistics at 201000000 Cycles *****
Threads: 4		Fetch Width: 8
No of useful instructions fetched:	535873117 (33.33% proc util.)
No of total instructions fetched:	651183827 (40.50% proc util.)
 includes 17150556 misfetch (2.6%), 98160154 (15.1%) wrong-path fetches
 and 0 flushed after failed lock(0.0%)
No of useful instructions issued/executed:	535873083 (33.33% proc util.)
No of total instructions issued/executed:	576375677 (35.84% proc util.)
 includes 40502594 wrong-path (7.0%) insts and 0 flushed (0.0%)
	fp 39553, 0.01%
	synch 0, 0.00%
	integer 446169088, 77.41%
	load/store 130167036, 22.58%
Avg size of int IQ (before scheduling): 25.27
Avg size of fp IQ (before scheduling): 0.01
No of cycles taken:		201000000
Parallelism [ 0.753, 0.000, 0.847, 1.066,] = 2.666
 IQ conflicts: 441319 (0.22%), FQ conflicts: 0 (0.00%) 
 I reg conflicts: 105527651 (52.50%), FP reg conflicts: 0 (0.00%)
  Activelist confs: 152 (0.00%), ROB confs: 72718 (0.04%)
  Int unit conflicts: 207872714 (103.42%), FP unit conflicts: 9 (0.00%)
  Load/store unit conflicts: 12236989 (6.09%)
  MSHR conflicts: 17623217 (8.77%)
----------------------------------------
==== System-wide Cache Statistics ====
Stall for miss queue full 0 cycles (0.00%)
----------------------------------------
==== Statistics for Master ID: 0 ====
Reads: 83615373   Writes: 15089881
ICACHE: size: 64 KB assoc: 2
ICACHE: hits:53850181 misses:14639  Hit Ratio: 99.97%
DCACHE: size: 32 KB assoc: 8
DCACHE: hits:42135063 misses:2705371 writebacks:1365218  Hit Ratio: 93.97%
SCACHE: size: 512 KB assoc: 2
SCACHE: hits:536384 misses:2183626  Hit Ratio: 19.72%
3CACHE: size: 4096 KB assoc: 2
3CACHE: hits:59318 misses:2124308  Hit Ratio: 2.72%
3CACHE: dirty items replaced:92670
ITLB: size: 48, misses 272, miss rate 0.00%
DTLB: size: 128, misses 98740, miss rate 0.22%
Avg mem delay: 3.771 cycles
----------------------------------------
==== Statistics for Master ID: 2 ====
Reads: 120139779   Writes: 22045764
ICACHE: size: 64 KB assoc: 2
ICACHE: hits:67189819 misses:918693  Hit Ratio: 98.65%
DCACHE: size: 32 KB assoc: 8
DCACHE: hits:73035960 misses:1041071 writebacks:313459  Hit Ratio: 98.59%
SCACHE: size: 512 KB assoc: 2
SCACHE: hits:1354168 misses:605596  Hit Ratio: 69.10%
3CACHE: size: 4096 KB assoc: 2
3CACHE: hits:417798 misses:187798  Hit Ratio: 68.99%
3CACHE: dirty items replaced:18838
ITLB: size: 48, misses 63287, miss rate 0.09%
DTLB: size: 128, misses 73117, miss rate 0.10%
Avg mem delay: 3.771 cycles
----------------------------------------
==== Statistics for Master ID: 3 ====
Reads: 75655160   Writes: 5127
ICACHE: size: 64 KB assoc: 2
ICACHE: hits:64536086 misses:7352  Hit Ratio: 99.99%
DCACHE: size: 32 KB assoc: 8
DCACHE: hits:11116520 misses:329 writebacks:0  Hit Ratio: 100.00%
SCACHE: size: 512 KB assoc: 2
SCACHE: hits:7237 misses:444  Hit Ratio: 94.22%
3CACHE: size: 4096 KB assoc: 2
3CACHE: hits:75 misses:369  Hit Ratio: 16.89%
3CACHE: dirty items replaced:0
ITLB: size: 48, misses 1, miss rate 0.00%
DTLB: size: 128, misses 961, miss rate 0.01%
Avg mem delay: 3.771 cycles
----------------------------------------
==== Global Resource Utilization ====
STASH: size: 65536 entries, full 678944318, empty 17951246, misses 1602031, full rate 97.20
icache bank util. 0.184 0.100 0.053 0.063 0.074 0.143 0.121 0.204 
dcache bank util. 0.082 0.087 0.089 0.083 0.097 0.080 0.123 0.086 
L2 bank util. 0.023 0.024 0.023 0.024 0.023 0.022 0.026 0.032 
L1-L2 bus util. = 0.095, L3 util. = 0.115
----------------------------------------
branch prediction, hits = 45212075, misses = 4519147, hit rate = 90.91%
return_stack prediction, hits = 2884608, misses = 4403, hit rate = 99.85%
jump prediction, hits = 50432279, misses = 4299076, hit rate = 92.15%
 blockdis_ caconv_ calrms_ chroma_
**** Debug Statistics at 301000000 Cycles *****
Threads: 4		Fetch Width: 8
No of useful instructions fetched:	1003348141 (41.67% proc util.)
No of total instructions fetched:	1231315622 (51.13% proc util.)
 includes 27589112 misfetch (2.2%), 200378369 (16.3%) wrong-path fetches
 and 0 flushed after failed lock(0.0%)
No of useful instructions issued/executed:	1003348105 (41.67% proc util.)
No of total instructions issued/executed:	1085941806 (45.10% proc util.)
 includes 82593701 wrong-path (7.6%) insts and 0 flushed (0.0%)
	fp 62747, 0.01%
	synch 0, 0.00%
	integer 837824430, 77.15%
	load/store 248054629, 22.84%
Avg size of int IQ (before scheduling): 29.13
Avg size of fp IQ (before scheduling): 0.01
No of cycles taken:		301000000
Parallelism [ 1.084, 0.000, 1.006, 1.243,] = 3.333
 IQ conflicts: 1238970 (0.41%), FQ conflicts: 0 (0.00%) 
 I reg conflicts: 118876813 (39.49%), FP reg conflicts: 0 (0.00%)
  Activelist confs: 429 (0.00%), ROB confs: 260792 (0.09%)
  Int unit conflicts: 542366270 (180.19%), FP unit conflicts: 9 (0.00%)
  Load/store unit conflicts: 27319164 (9.08%)
  MSHR conflicts: 24996611 (8.30%)
----------------------------------------
==== System-wide Cache Statistics ====
Stall for miss queue full 0 cycles (0.00%)
----------------------------------------
==== Statistics for Master ID: 0 ====
Reads: 179139334   Writes: 27920759
ICACHE: size: 64 KB assoc: 2
ICACHE: hits:112920579 misses:24805  Hit Ratio: 99.98%
DCACHE: size: 32 KB assoc: 8
DCACHE: hits:90588074 misses:3526635 writebacks:1745290  Hit Ratio: 96.25%
SCACHE: size: 512 KB assoc: 2
SCACHE: hits:1240395 misses:2311044  Hit Ratio: 34.93%
3CACHE: size: 4096 KB assoc: 2
3CACHE: hits:158754 misses:2152290  Hit Ratio: 6.87%
3CACHE: dirty items replaced:98666
ITLB: size: 48, misses 585, miss rate 0.00%
DTLB: size: 128, misses 124105, miss rate 0.13%
Avg mem delay: 2.445 cycles
----------------------------------------
==== Statistics for Master ID: 2 ====
Reads: 221173217   Writes: 39737609
ICACHE: size: 64 KB assoc: 2
ICACHE: hits:125171540 misses:1461902  Hit Ratio: 98.85%
DCACHE: size: 32 KB assoc: 8
DCACHE: hits:132186155 misses:2091229 writebacks:567066  Hit Ratio: 98.44%
SCACHE: size: 512 KB assoc: 2
SCACHE: hits:2660621 misses:892509  Hit Ratio: 74.88%
3CACHE: size: 4096 KB assoc: 2
3CACHE: hits:659664 misses:232845  Hit Ratio: 73.91%
3CACHE: dirty items replaced:32642
ITLB: size: 48, misses 87316, miss rate 0.07%
DTLB: size: 128, misses 176388, miss rate 0.13%
Avg mem delay: 2.445 cycles
----------------------------------------
==== Statistics for Master ID: 3 ====
Reads: 134760003   Writes: 5127
ICACHE: size: 64 KB assoc: 2
ICACHE: hits:115347390 misses:7524  Hit Ratio: 99.99%
DCACHE: size: 32 KB assoc: 8
DCACHE: hits:19409887 misses:329 writebacks:0  Hit Ratio: 100.00%
SCACHE: size: 512 KB assoc: 2
SCACHE: hits:7376 misses:477  Hit Ratio: 93.93%
3CACHE: size: 4096 KB assoc: 2
3CACHE: hits:107 misses:370  Hit Ratio: 22.43%
3CACHE: dirty items replaced:0
ITLB: size: 48, misses 1, miss rate 0.00%
DTLB: size: 128, misses 1912, miss rate 0.01%
Avg mem delay: 2.445 cycles
----------------------------------------
==== Global Resource Utilization ====
STASH: size: 65536 entries, full 1297383264, empty 28875848, misses 2573238, full rate 97.63
icache bank util. 0.230 0.126 0.072 0.089 0.108 0.160 0.158 0.252 
dcache bank util. 0.096 0.107 0.115 0.103 0.129 0.094 0.157 0.101 
L2 bank util. 0.022 0.022 0.022 0.022 0.021 0.021 0.024 0.029 
L1-L2 bus util. = 0.094, L3 util. = 0.079
----------------------------------------
branch prediction, hits = 81054030, misses = 8310258, hit rate = 90.70%
return_stack prediction, hits = 5936735, misses = 6981, hit rate = 99.88%
jump prediction, hits = 92568732, misses = 6988969, hit rate = 92.98%
 cinvar_ clor6_
**** Debug Statistics at 401000000 Cycles *****
Threads: 4		Fetch Width: 8
No of useful instructions fetched:	1452330073 (45.27% proc util.)
No of total instructions fetched:	1811280276 (56.46% proc util.)
 includes 41395242 misfetch (2.3%), 317554961 (17.5%) wrong-path fetches
 and 0 flushed after failed lock(0.0%)
No of useful instructions issued/executed:	1452330044 (45.27% proc util.)
No of total instructions issued/executed:	1584298253 (49.39% proc util.)
 includes 131968209 wrong-path (8.3%) insts and 0 flushed (0.0%)
	fp 71143, 0.00%
	synch 0, 0.00%
	integer 1220813427, 77.06%
	load/store 363413683, 22.94%
Avg size of int IQ (before scheduling): 30.55
Avg size of fp IQ (before scheduling): 0.01
No of cycles taken:		401000000
Parallelism [ 1.243, 0.000, 1.045, 1.334,] = 3.622
 IQ conflicts: 1964707 (0.49%), FQ conflicts: 0 (0.00%) 
 I reg conflicts: 132147376 (32.95%), FP reg conflicts: 0 (0.00%)
  Activelist confs: 912 (0.00%), ROB confs: 411541 (0.10%)
  Int unit conflicts: 823125801 (205.27%), FP unit conflicts: 10 (0.00%)
  Load/store unit conflicts: 41308544 (10.30%)
  MSHR conflicts: 30918825 (7.71%)
----------------------------------------
==== System-wide Cache Statistics ====
Stall for miss queue full 0 cycles (0.00%)
----------------------------------------
==== Statistics for Master ID: 0 ====
Reads: 276082236   Writes: 41311534
ICACHE: size: 64 KB assoc: 2
ICACHE: hits:172887423 misses:36536  Hit Ratio: 99.98%
DCACHE: size: 32 KB assoc: 8
DCACHE: hits:139925611 misses:4544200 writebacks:2196871  Hit Ratio: 96.85%
SCACHE: size: 512 KB assoc: 2
SCACHE: hits:2124743 misses:2455993  Hit Ratio: 46.38%
3CACHE: size: 4096 KB assoc: 2
3CACHE: hits:267581 misses:2188412  Hit Ratio: 10.90%
3CACHE: dirty items replaced:112211
ITLB: size: 48, misses 956, miss rate 0.00%
DTLB: size: 128, misses 137952, miss rate 0.10%
Avg mem delay: 1.987 cycles
----------------------------------------
==== Statistics for Master ID: 2 ====
Reads: 317325366   Writes: 56261944
ICACHE: size: 64 KB assoc: 2
ICACHE: hits:180569879 misses:2243373  Hit Ratio: 98.77%
DCACHE: size: 32 KB assoc: 8
DCACHE: hits:187797259 misses:2976799 writebacks:849439  Hit Ratio: 98.44%
SCACHE: size: 512 KB assoc: 2
SCACHE: hits:3953709 misses:1266463  Hit Ratio: 75.74%
3CACHE: size: 4096 KB assoc: 2
3CACHE: hits:967554 misses:298909  Hit Ratio: 76.40%
3CACHE: dirty items replaced:60348
ITLB: size: 48, misses 131782, miss rate 0.07%
DTLB: size: 128, misses 251094, miss rate 0.13%
Avg mem delay: 1.987 cycles
----------------------------------------
==== Statistics for Master ID: 3 ====
Reads: 194862140   Writes: 5127
ICACHE: size: 64 KB assoc: 2
ICACHE: hits:167109779 misses:7756  Hit Ratio: 100.00%
DCACHE: size: 32 KB assoc: 8
DCACHE: hits:27749403 misses:329 writebacks:0  Hit Ratio: 100.00%
SCACHE: size: 512 KB assoc: 2
SCACHE: hits:7578 misses:507  Hit Ratio: 93.73%
3CACHE: size: 4096 KB assoc: 2
3CACHE: hits:134 misses:373  Hit Ratio: 26.43%
3CACHE: dirty items replaced:0
ITLB: size: 48, misses 1, miss rate 0.00%
DTLB: size: 128, misses 2587, miss rate 0.01%
Avg mem delay: 1.987 cycles
----------------------------------------
==== Global Resource Utilization ====
STASH: size: 65536 entries, full 1913470665, empty 43245419, misses 3837551, full rate 97.60
icache bank util. 0.254 0.140 0.080 0.100 0.124 0.169 0.177 0.277 
dcache bank util. 0.102 0.115 0.126 0.114 0.147 0.099 0.174 0.107 
L2 bank util. 0.022 0.022 0.022 0.023 0.022 0.021 0.023 0.028 
L1-L2 bus util. = 0.096, L3 util. = 0.062
----------------------------------------
branch prediction, hits = 112959894, misses = 12727449, hit rate = 89.87%
return_stack prediction, hits = 8704495, misses = 10401, hit rate = 99.88%
jump prediction, hits = 130752615, misses = 10488133, hit rate = 92.57%
 clorb_ clorb2_
**** Debug Statistics at 501000000 Cycles *****
Threads: 4		Fetch Width: 8
No of useful instructions fetched:	1913533467 (47.74% proc util.)
No of total instructions fetched:	2401658594 (59.92% proc util.)
 includes 53382056 misfetch (2.2%), 434743071 (18.1%) wrong-path fetches
 and 0 flushed after failed lock(0.0%)
No of useful instructions issued/executed:	1913533435 (47.74% proc util.)
No of total instructions issued/executed:	2093863767 (52.24% proc util.)
 includes 180330332 wrong-path (8.6%) insts and 0 flushed (0.0%)
	fp 88278, 0.00%
	synch 0, 0.00%
	integer 1612723575, 77.02%
	load/store 481051914, 22.97%
Avg size of int IQ (before scheduling): 31.56
Avg size of fp IQ (before scheduling): 0.01
No of cycles taken:		501000000
Parallelism [ 1.337, 0.000, 1.095, 1.387,] = 3.819
 IQ conflicts: 2641802 (0.53%), FQ conflicts: 0 (0.00%) 
 I reg conflicts: 144173803 (28.78%), FP reg conflicts: 0 (0.00%)
  Activelist confs: 1103 (0.00%), ROB confs: 563420 (0.11%)
  Int unit conflicts: 1139746964 (227.49%), FP unit conflicts: 12 (0.00%)
  Load/store unit conflicts: 55461471 (11.07%)
  MSHR conflicts: 38418391 (7.67%)
----------------------------------------
==== System-wide Cache Statistics ====
Stall for miss queue full 0 cycles (0.00%)
----------------------------------------
==== Statistics for Master ID: 0 ====
Reads: 373613850   Writes: 54360653
ICACHE: size: 64 KB assoc: 2
ICACHE: hits:233436396 misses:45921  Hit Ratio: 99.98%
DCACHE: size: 32 KB assoc: 8
DCACHE: hits:188904542 misses:5587644 writebacks:2636856  Hit Ratio: 97.13%
SCACHE: size: 512 KB assoc: 2
SCACHE: hits:3049603 misses:2583962  Hit Ratio: 54.13%
3CACHE: size: 4096 KB assoc: 2
3CACHE: hits:366449 misses:2217513  Hit Ratio: 14.18%
3CACHE: dirty items replaced:125722
ITLB: size: 48, misses 1268, miss rate 0.00%
DTLB: size: 128, misses 150833, miss rate 0.08%
Avg mem delay: 1.737 cycles
----------------------------------------
==== Statistics for Master ID: 2 ====
Reads: 418719252   Writes: 73117401
ICACHE: size: 64 KB assoc: 2
ICACHE: hits:239050078 misses:2834500  Hit Ratio: 98.83%
DCACHE: size: 32 KB assoc: 8
DCACHE: hits:246168984 misses:3783091 writebacks:1108573  Hit Ratio: 98.49%
SCACHE: size: 512 KB assoc: 2
SCACHE: hits:5031492 misses:1586099  Hit Ratio: 76.03%
3CACHE: size: 4096 KB assoc: 2
3CACHE: hits:1232332 misses:353767  Hit Ratio: 77.70%
3CACHE: dirty items replaced:84371
ITLB: size: 48, misses 159922, miss rate 0.07%
DTLB: size: 128, misses 322311, miss rate 0.13%
Avg mem delay: 1.737 cycles
----------------------------------------
==== Statistics for Master ID: 3 ====
Reads: 254693939   Writes: 5127
ICACHE: size: 64 KB assoc: 2
ICACHE: hits:218640733 misses:7962  Hit Ratio: 100.00%
DCACHE: size: 32 KB assoc: 8
DCACHE: hits:36050042 misses:329 writebacks:0  Hit Ratio: 100.00%
SCACHE: size: 512 KB assoc: 2
SCACHE: hits:7758 misses:533  Hit Ratio: 93.57%
3CACHE: size: 4096 KB assoc: 2
3CACHE: hits:159 misses:374  Hit Ratio: 29.83%
3CACHE: dirty items replaced:1
ITLB: size: 48, misses 1, miss rate 0.00%
DTLB: size: 128, misses 3259, miss rate 0.01%
Avg mem delay: 1.737 cycles
----------------------------------------
==== Global Resource Utilization ====
STASH: size: 65536 entries, full 2543465852, empty 54919196, misses 4865459, full rate 97.70
icache bank util. 0.267 0.149 0.086 0.108 0.135 0.176 0.189 0.293 
dcache bank util. 0.108 0.122 0.133 0.119 0.155 0.102 0.184 0.114 
L2 bank util. 0.022 0.022 0.021 0.022 0.021 0.020 0.022 0.027 
L1-L2 bus util. = 0.096, L3 util. = 0.051
----------------------------------------
branch prediction, hits = 146992312, misses = 17156704, hit rate = 89.55%
return_stack prediction, hits = 11513560, misses = 12492, hit rate = 99.89%
jump prediction, hits = 171117294, misses = 13557706, hit rate = 92.66%
 combel_
**** Early Exiting at 519599825 Cycles *****
========================================
 SMTSIM Global Statistics
========================================
Threads: 4		Fetch Width: 8
No of useful instructions fetched:	2000000066 (48.11% proc util.)
No of total instructions fetched:	2513875785 (60.48% proc util.)
 includes 55671960 misfetch (2.2%), 458203759 (18.2%) wrong-path fetches
 and 0 flushed after failed lock(0.0%)
No of useful instructions issued/executed:	2000000034 (48.11% proc util.)
No of total instructions issued/executed:	2189825487 (52.68% proc util.)
 includes 189825453 wrong-path (8.7%) insts and 0 flushed (0.0%)
	fp 92362, 0.00%
	synch 0, 0.00%
	integer 1686341962, 77.01%
	load/store 503391163, 22.99%
Avg size of int IQ (before scheduling): 31.68
Avg size of fp IQ (before scheduling): 0.01
No of cycles taken:		519599825
Parallelism [ 1.351, 0.000, 1.102, 1.395,] = 3.849
 IQ conflicts: 2717928 (0.52%), FQ conflicts: 0 (0.00%) 
 I reg conflicts: 146077358 (28.11%), FP reg conflicts: 0 (0.00%)
  Activelist confs: 1124 (0.00%), ROB confs: 578913 (0.11%)
  Int unit conflicts: 1198732054 (230.70%), FP unit conflicts: 12 (0.00%)
  Load/store unit conflicts: 58164584 (11.19%)
  MSHR conflicts: 38989599 (7.50%)
----------------------------------------
==== System-wide Cache Statistics ====
Stall for miss queue full 0 cycles (0.00%)
----------------------------------------
==== Statistics for Master ID: 0 ====
Reads: 392197321   Writes: 56882307
ICACHE: size: 64 KB assoc: 2
ICACHE: hits:245020325 misses:48011  Hit Ratio: 99.98%
DCACHE: size: 32 KB assoc: 8
DCACHE: hits:198234633 misses:5776659 writebacks:2713746  Hit Ratio: 97.17%
SCACHE: size: 512 KB assoc: 2
SCACHE: hits:3217422 misses:2607248  Hit Ratio: 55.24%
3CACHE: size: 4096 KB assoc: 2
3CACHE: hits:384581 misses:2222667  Hit Ratio: 14.75%
3CACHE: dirty items replaced:129051
ITLB: size: 48, misses 1334, miss rate 0.00%
DTLB: size: 128, misses 152917, miss rate 0.07%
Avg mem delay: 1.699 cycles
----------------------------------------
==== Statistics for Master ID: 2 ====
Reads: 438022436   Writes: 76312069
ICACHE: size: 64 KB assoc: 2
ICACHE: hits:250184711 misses:2962195  Hit Ratio: 98.83%
DCACHE: size: 32 KB assoc: 8
DCACHE: hits:257285162 misses:3902437 writebacks:1142531  Hit Ratio: 98.51%
SCACHE: size: 512 KB assoc: 2
SCACHE: hits:5224640 misses:1639992  Hit Ratio: 76.11%
3CACHE: size: 4096 KB assoc: 2
3CACHE: hits:1277944 misses:362048  Hit Ratio: 77.92%
3CACHE: dirty items replaced:88483
ITLB: size: 48, misses 166038, miss rate 0.07%
DTLB: size: 128, misses 333545, miss rate 0.13%
Avg mem delay: 1.699 cycles
----------------------------------------
==== Statistics for Master ID: 3 ====
Reads: 265992631   Writes: 5127
ICACHE: size: 64 KB assoc: 2
ICACHE: hits:228378230 misses:8010  Hit Ratio: 100.00%
DCACHE: size: 32 KB assoc: 8
DCACHE: hits:37611189 misses:329 writebacks:0  Hit Ratio: 100.00%
SCACHE: size: 512 KB assoc: 2
SCACHE: hits:7799 misses:540  Hit Ratio: 93.52%
3CACHE: size: 4096 KB assoc: 2
3CACHE: hits:166 misses:374  Hit Ratio: 30.74%
3CACHE: dirty items replaced:1
ITLB: size: 48, misses 1, miss rate 0.00%
DTLB: size: 128, misses 3374, miss rate 0.01%
Avg mem delay: 1.699 cycles
----------------------------------------
==== Global Resource Utilization ====
STASH: size: 65536 entries, full 2663082572, empty 57390022, misses 5080785, full rate 97.71
icache bank util. 0.269 0.150 0.087 0.109 0.137 0.177 0.191 0.296 
dcache bank util. 0.109 0.122 0.134 0.120 0.157 0.102 0.186 0.115 
L2 bank util. 0.021 0.022 0.021 0.022 0.021 0.020 0.022 0.027 
L1-L2 bus util. = 0.096, L3 util. = 0.050
----------------------------------------
branch prediction, hits = 153235068, misses = 18061109, hit rate = 89.46%
return_stack prediction, hits = 12064502, misses = 12964, hit rate = 99.89%
jump prediction, hits = 178667141, misses = 14156267, hit rate = 92.66%
total IPC 3.849

=== Results saved to: ./results/gzip-program_2_gcc-200_1_seqacc_1.txt ===
