===== 执行信息 =====
Cache目录：smtc128
执行命令：./smtsim ../gcc-200.arg2 ../crafty.arg ../gcc-scilab.arg
执行时间：2026-04-17 09:50:06
返回码：0
===== 输出内容 =====
 abend_ adia_ adib_ ambm6_ analie6_ betalf_ block_ blockdis_ caconv_ calrms_ chroma_ cinvar_ clor6_SMTCache
Process 0, Thread 0: gcc-200
Process 0, Thread 1: gcc-200
Process 2, Thread 2: crafty
Process 3, Thread 3: gcc-scilab

**** Debug Statistics at 1000000 Cycles *****
Threads: 4		Fetch Width: 8
No of useful instructions fetched:	2690051 (33.63% proc util.)
No of total instructions fetched:	3624340 (45.30% proc util.)
 includes 72579 misfetch (2.0%), 861710 (23.8%) wrong-path fetches
 and 0 flushed after failed lock(0.0%)
No of useful instructions issued/executed:	2690025 (33.63% proc util.)
No of total instructions issued/executed:	3071802 (38.40% proc util.)
 includes 381777 wrong-path (12.4%) insts and 0 flushed (0.0%)
	fp 7007, 0.23%
	synch 0, 0.00%
	integer 2256804, 73.47%
	load/store 807991, 26.30%
Avg size of int IQ (before scheduling): 21.82
Avg size of fp IQ (before scheduling): 0.24
No of cycles taken:		1000000
Parallelism [ 0.747, 0.000, 1.139, 0.804,] = 2.690
 IQ conflicts: 7757 (0.78%), FQ conflicts: 0 (0.00%) 
 I reg conflicts: 396827 (39.68%), FP reg conflicts: 0 (0.00%)
  Activelist confs: 0 (0.00%), ROB confs: 3150 (0.32%)
  Int unit conflicts: 1031256 (103.13%), FP unit conflicts: 0 (0.00%)
  Load/store unit conflicts: 100039 (10.00%)
  MSHR conflicts: 201954 (20.20%)
----------------------------------------
==== System-wide Cache Statistics ====
Stall for miss queue full 0 cycles (0.00%)
----------------------------------------
==== Statistics for Master ID: 0 ====
Reads: 601140   Writes: 66977
ICACHE: size: 64 KB assoc: 2
ICACHE: hits:360015 misses:1130  Hit Ratio: 99.69%
DCACHE: size: 32 KB assoc: 8
DCACHE: hits:303038 misses:3934 writebacks:601  Hit Ratio: 98.72%
SCACHE: size: 512 KB assoc: 2
SCACHE: hits:1456 misses:3608  Hit Ratio: 28.75%
3CACHE: size: 4096 KB assoc: 2
3CACHE: hits:107 misses:3501  Hit Ratio: 2.97%
3CACHE: dirty items replaced:0
ITLB: size: 48, misses 37, miss rate 0.01%
DTLB: size: 128, misses 563, miss rate 0.18%
Avg mem delay: 1.829 cycles
----------------------------------------
==== Statistics for Master ID: 2 ====
Reads: 561420   Writes: 58002
ICACHE: size: 64 KB assoc: 2
ICACHE: hits:429103 misses:202  Hit Ratio: 99.95%
DCACHE: size: 32 KB assoc: 8
DCACHE: hits:189022 misses:1095 writebacks:552  Hit Ratio: 99.42%
SCACHE: size: 512 KB assoc: 2
SCACHE: hits:50 misses:1247  Hit Ratio: 3.86%
3CACHE: size: 4096 KB assoc: 2
3CACHE: hits:1 misses:1246  Hit Ratio: 0.08%
3CACHE: dirty items replaced:0
ITLB: size: 48, misses 17, miss rate 0.00%
DTLB: size: 128, misses 41, miss rate 0.02%
Avg mem delay: 1.829 cycles
----------------------------------------
==== Statistics for Master ID: 3 ====
Reads: 496599   Writes: 125756
ICACHE: size: 64 KB assoc: 2
ICACHE: hits:310263 misses:2483  Hit Ratio: 99.21%
DCACHE: size: 32 KB assoc: 8
DCACHE: hits:306597 misses:3012 writebacks:2022  Hit Ratio: 99.03%
SCACHE: size: 512 KB assoc: 2
SCACHE: hits:1074 misses:4421  Hit Ratio: 19.55%
3CACHE: size: 4096 KB assoc: 2
3CACHE: hits:87 misses:4334  Hit Ratio: 1.97%
3CACHE: dirty items replaced:0
ITLB: size: 48, misses 129, miss rate 0.04%
DTLB: size: 128, misses 237, miss rate 0.08%
Avg mem delay: 1.829 cycles
----------------------------------------
==== Global Resource Utilization ====
STASH: size: 65536 entries, full 473505026, empty 27269362, misses 3219840, full rate 93.95
icache bank util. 0.204 0.145 0.089 0.073 0.101 0.154 0.192 0.156 
dcache bank util. 0.087 0.100 0.064 0.096 0.078 0.100 0.202 0.113 
L2 bank util. 0.015 0.013 0.013 0.013 0.012 0.012 0.014 0.014 
L1-L2 bus util. = 0.045, L3 util. = 0.091
----------------------------------------
branch prediction, hits = 314697, misses = 40351, hit rate = 88.64%
return_stack prediction, hits = 23874, misses = 8, hit rate = 99.97%
jump prediction, hits = 334911, misses = 22333, hit rate = 93.75%
 dgelq2_ clorb_ dgelqf_ clorb2_
**** Debug Statistics at 101000000 Cycles *****
Threads: 4		Fetch Width: 8
No of useful instructions fetched:	237981615 (29.45% proc util.)
No of total instructions fetched:	401119096 (49.64% proc util.)
 includes 36508399 misfetch (9.1%), 126629082 (31.6%) wrong-path fetches
 and 0 flushed after failed lock(0.0%)
No of useful instructions issued/executed:	237981612 (29.45% proc util.)
No of total instructions issued/executed:	304460312 (37.68% proc util.)
 includes 66478700 wrong-path (21.8%) insts and 0 flushed (0.0%)
	fp 16393, 0.01%
	synch 0, 0.00%
	integer 195780764, 64.30%
	load/store 108663155, 35.69%
Avg size of int IQ (before scheduling): 19.91
Avg size of fp IQ (before scheduling): 0.01
No of cycles taken:		101000000
Parallelism [ 0.692, 0.000, 1.038, 0.626,] = 2.356
 IQ conflicts: 2771519 (2.74%), FQ conflicts: 0 (0.00%) 
 I reg conflicts: 21707266 (21.49%), FP reg conflicts: 0 (0.00%)
  Activelist confs: 3875 (0.00%), ROB confs: 277004 (0.27%)
  Int unit conflicts: 76917493 (76.16%), FP unit conflicts: 8 (0.00%)
  Load/store unit conflicts: 20365126 (20.16%)
  MSHR conflicts: 9125010 (9.03%)
----------------------------------------
==== System-wide Cache Statistics ====
Stall for miss queue full 0 cycles (0.00%)
----------------------------------------
==== Statistics for Master ID: 0 ====
Reads: 59530365   Writes: 9415384
ICACHE: size: 64 KB assoc: 2
ICACHE: hits:33543415 misses:1485779  Hit Ratio: 95.76%
DCACHE: size: 32 KB assoc: 8
DCACHE: hits:33389478 misses:527077 writebacks:145466  Hit Ratio: 98.45%
SCACHE: size: 512 KB assoc: 2
SCACHE: hits:1575499 misses:437356  Hit Ratio: 78.27%
3CACHE: size: 4096 KB assoc: 2
3CACHE: hits:346380 misses:90976  Hit Ratio: 79.20%
3CACHE: dirty items replaced:11708
ITLB: size: 48, misses 138020, miss rate 0.39%
DTLB: size: 128, misses 226442, miss rate 0.67%
Avg mem delay: 2.269 cycles
----------------------------------------
==== Statistics for Master ID: 2 ====
Reads: 74394874   Writes: 8611173
ICACHE: size: 64 KB assoc: 2
ICACHE: hits:40708891 misses:1812203  Hit Ratio: 95.74%
DCACHE: size: 32 KB assoc: 8
DCACHE: hits:39994596 misses:490357 writebacks:83086  Hit Ratio: 98.79%
SCACHE: size: 512 KB assoc: 2
SCACHE: hits:2008765 misses:293795  Hit Ratio: 87.24%
3CACHE: size: 4096 KB assoc: 2
3CACHE: hits:223117 misses:70678  Hit Ratio: 75.94%
3CACHE: dirty items replaced:4707
ITLB: size: 48, misses 60092, miss rate 0.14%
DTLB: size: 128, misses 325209, miss rate 0.80%
Avg mem delay: 2.269 cycles
----------------------------------------
==== Statistics for Master ID: 3 ====
Reads: 58812571   Writes: 9389963
ICACHE: size: 64 KB assoc: 2
ICACHE: hits:32396754 misses:1821716  Hit Ratio: 94.68%
DCACHE: size: 32 KB assoc: 8
DCACHE: hits:33544702 misses:439362 writebacks:142988  Hit Ratio: 98.71%
SCACHE: size: 512 KB assoc: 2
SCACHE: hits:1859832 misses:401246  Hit Ratio: 82.25%
3CACHE: size: 4096 KB assoc: 2
3CACHE: hits:322587 misses:78659  Hit Ratio: 80.40%
3CACHE: dirty items replaced:11525
ITLB: size: 48, misses 145991, miss rate 0.43%
DTLB: size: 128, misses 215511, miss rate 0.63%
Avg mem delay: 2.269 cycles
----------------------------------------
==== Global Resource Utilization ====
STASH: size: 65536 entries, full 895565536, empty 55832077, misses 5703900, full rate 93.57
icache bank util. 0.161 0.165 0.156 0.162 0.169 0.147 0.147 0.152 
dcache bank util. 0.122 0.137 0.150 0.130 0.155 0.143 0.147 0.145 
L2 bank util. 0.045 0.053 0.048 0.048 0.050 0.047 0.044 0.047 
L1-L2 bus util. = 0.206, L3 util. = 0.024
----------------------------------------
branch prediction, hits = 22415208, misses = 5293978, hit rate = 80.89%
return_stack prediction, hits = 3646258, misses = 2825, hit rate = 99.92%
jump prediction, hits = 18298457, misses = 9039277, hit rate = 66.93%
 combel_ dgels_ comnul_
**** Debug Statistics at 201000000 Cycles *****
Threads: 4		Fetch Width: 8
No of useful instructions fetched:	469548193 (29.20% proc util.)
No of total instructions fetched:	795921729 (49.50% proc util.)
 includes 72534302 misfetch (9.1%), 253839234 (31.9%) wrong-path fetches
 and 0 flushed after failed lock(0.0%)
No of useful instructions issued/executed:	469548176 (29.20% proc util.)
No of total instructions issued/executed:	603353906 (37.52% proc util.)
 includes 133805730 wrong-path (22.2%) insts and 0 flushed (0.0%)
	fp 28488, 0.00%
	synch 0, 0.00%
	integer 386575044, 64.07%
	load/store 216750374, 35.92%
Avg size of int IQ (before scheduling): 19.51
Avg size of fp IQ (before scheduling): 0.00
No of cycles taken:		201000000
Parallelism [ 0.657, 0.000, 1.023, 0.655,] = 2.336
 IQ conflicts: 5293031 (2.63%), FQ conflicts: 0 (0.00%) 
 I reg conflicts: 42128226 (20.96%), FP reg conflicts: 0 (0.00%)
  Activelist confs: 8146 (0.00%), ROB confs: 461476 (0.23%)
  Int unit conflicts: 153460052 (76.35%), FP unit conflicts: 10 (0.00%)
  Load/store unit conflicts: 41132266 (20.46%)
  MSHR conflicts: 17599504 (8.76%)
----------------------------------------
==== System-wide Cache Statistics ====
Stall for miss queue full 0 cycles (0.00%)
----------------------------------------
==== Statistics for Master ID: 0 ====
Reads: 114532230   Writes: 18311897
ICACHE: size: 64 KB assoc: 2
ICACHE: hits:64111328 misses:3235424  Hit Ratio: 95.20%
DCACHE: size: 32 KB assoc: 8
DCACHE: hits:64587709 misses:909666 writebacks:258355  Hit Ratio: 98.61%
SCACHE: size: 512 KB assoc: 2
SCACHE: hits:3282154 misses:862936  Hit Ratio: 79.18%
3CACHE: size: 4096 KB assoc: 2
3CACHE: hits:706539 misses:156397  Hit Ratio: 81.88%
3CACHE: dirty items replaced:32514
ITLB: size: 48, misses 307471, miss rate 0.46%
DTLB: size: 128, misses 445630, miss rate 0.68%
Avg mem delay: 2.282 cycles
----------------------------------------
==== Statistics for Master ID: 2 ====
Reads: 148861521   Writes: 17277425
ICACHE: size: 64 KB assoc: 2
ICACHE: hits:80456731 misses:3752696  Hit Ratio: 95.54%
DCACHE: size: 32 KB assoc: 8
DCACHE: hits:80932597 misses:996922 writebacks:130549  Hit Ratio: 98.78%
SCACHE: size: 512 KB assoc: 2
SCACHE: hits:4155890 misses:593728  Hit Ratio: 87.50%
3CACHE: size: 4096 KB assoc: 2
3CACHE: hits:479161 misses:114567  Hit Ratio: 80.70%
3CACHE: dirty items replaced:12585
ITLB: size: 48, misses 128416, miss rate 0.15%
DTLB: size: 128, misses 678325, miss rate 0.83%
Avg mem delay: 2.282 cycles
----------------------------------------
==== Statistics for Master ID: 3 ====
Reads: 119000705   Writes: 19115455
ICACHE: size: 64 KB assoc: 2
ICACHE: hits:65829541 misses:3459593  Hit Ratio: 95.01%
DCACHE: size: 32 KB assoc: 8
DCACHE: hits:67915324 misses:911702 writebacks:295415  Hit Ratio: 98.68%
SCACHE: size: 512 KB assoc: 2
SCACHE: hits:3509726 misses:861569  Hit Ratio: 80.29%
3CACHE: size: 4096 KB assoc: 2
3CACHE: hits:712185 misses:149384  Hit Ratio: 82.66%
3CACHE: dirty items replaced:32216
ITLB: size: 48, misses 298526, miss rate 0.43%
DTLB: size: 128, misses 433372, miss rate 0.63%
Avg mem delay: 2.282 cycles
----------------------------------------
==== Global Resource Utilization ====
STASH: size: 65536 entries, full 1312806116, empty 86592403, misses 8368002, full rate 93.25
icache bank util. 0.160 0.163 0.155 0.161 0.167 0.148 0.147 0.154 
dcache bank util. 0.124 0.137 0.146 0.124 0.157 0.149 0.147 0.144 
L2 bank util. 0.046 0.054 0.049 0.048 0.050 0.048 0.044 0.048 
L1-L2 bus util. = 0.208, L3 util. = 0.021
----------------------------------------
branch prediction, hits = 43199102, misses = 10535627, hit rate = 80.39%
return_stack prediction, hits = 7118222, misses = 7890, hit rate = 99.89%
jump prediction, hits = 35271209, misses = 17939464, hit rate = 66.29%

**** Debug Statistics at 301000000 Cycles *****
Threads: 4		Fetch Width: 8
No of useful instructions fetched:	671743451 (27.90% proc util.)
No of total instructions fetched:	1150084953 (47.76% proc util.)
 includes 107470159 misfetch (9.3%), 370871343 (32.2%) wrong-path fetches
 and 0 flushed after failed lock(0.0%)
No of useful instructions issued/executed:	671743431 (27.90% proc util.)
No of total instructions issued/executed:	870080557 (36.13% proc util.)
 includes 198337126 wrong-path (22.8%) insts and 0 flushed (0.0%)
	fp 28681, 0.00%
	synch 0, 0.00%
	integer 552841085, 63.54%
	load/store 317210791, 36.46%
Avg size of int IQ (before scheduling): 20.62
Avg size of fp IQ (before scheduling): 0.00
No of cycles taken:		301000000
Parallelism [ 0.611, 0.000, 1.000, 0.621,] = 2.232
 IQ conflicts: 9554215 (3.17%), FQ conflicts: 0 (0.00%) 
 I reg conflicts: 68774134 (22.85%), FP reg conflicts: 0 (0.00%)
  Activelist confs: 15950 (0.01%), ROB confs: 716877 (0.24%)
  Int unit conflicts: 211017826 (70.11%), FP unit conflicts: 11 (0.00%)
  Load/store unit conflicts: 62507126 (20.77%)
  MSHR conflicts: 28136597 (9.35%)
----------------------------------------
==== System-wide Cache Statistics ====
Stall for miss queue full 0 cycles (0.00%)
----------------------------------------
==== Statistics for Master ID: 0 ====
Reads: 164388480   Writes: 26980397
ICACHE: size: 64 KB assoc: 2
ICACHE: hits:91509599 misses:4654682  Hit Ratio: 95.16%
DCACHE: size: 32 KB assoc: 8
DCACHE: hits:93447893 misses:1756703 writebacks:407746  Hit Ratio: 98.15%
SCACHE: size: 512 KB assoc: 2
SCACHE: hits:4942344 misses:1469040  Hit Ratio: 77.09%
3CACHE: size: 4096 KB assoc: 2
3CACHE: hits:1247985 misses:221055  Hit Ratio: 84.95%
3CACHE: dirty items replaced:61480
ITLB: size: 48, misses 424649, miss rate 0.44%
DTLB: size: 128, misses 816441, miss rate 0.86%
Avg mem delay: 2.517 cycles
----------------------------------------
==== Statistics for Master ID: 2 ====
Reads: 218861117   Writes: 25634083
ICACHE: size: 64 KB assoc: 2
ICACHE: hits:117311031 misses:5708553  Hit Ratio: 95.36%
DCACHE: size: 32 KB assoc: 8
DCACHE: hits:120000607 misses:1475009 writebacks:176192  Hit Ratio: 98.79%
SCACHE: size: 512 KB assoc: 2
SCACHE: hits:6362809 misses:820753  Hit Ratio: 88.57%
3CACHE: size: 4096 KB assoc: 2
3CACHE: hits:661963 misses:158790  Hit Ratio: 80.65%
3CACHE: dirty items replaced:24920
ITLB: size: 48, misses 179612, miss rate 0.15%
DTLB: size: 128, misses 1059501, miss rate 0.87%
Avg mem delay: 2.517 cycles
----------------------------------------
==== Statistics for Master ID: 3 ====
Reads: 172213746   Writes: 27798503
ICACHE: size: 64 KB assoc: 2
ICACHE: hits:95019233 misses:5311604  Hit Ratio: 94.71%
DCACHE: size: 32 KB assoc: 8
DCACHE: hits:98218606 misses:1462806 writebacks:520813  Hit Ratio: 98.53%
SCACHE: size: 512 KB assoc: 2
SCACHE: hits:5390410 misses:1383999  Hit Ratio: 79.57%
3CACHE: size: 4096 KB assoc: 2
3CACHE: hits:1181025 misses:202974  Hit Ratio: 85.33%
3CACHE: dirty items replaced:57557
ITLB: size: 48, misses 417644, miss rate 0.42%
DTLB: size: 128, misses 733471, miss rate 0.74%
Avg mem delay: 2.517 cycles
----------------------------------------
==== Global Resource Utilization ====
STASH: size: 65536 entries, full 1687899185, empty 113261006, misses 10711503, full rate 93.16
icache bank util. 0.157 0.159 0.149 0.156 0.165 0.142 0.141 0.148 
dcache bank util. 0.125 0.132 0.138 0.121 0.159 0.147 0.142 0.144 
L2 bank util. 0.047 0.056 0.051 0.051 0.052 0.049 0.045 0.048 
L1-L2 bus util. = 0.214, L3 util. = 0.019
----------------------------------------
branch prediction, hits = 62015676, misses = 15235557, hit rate = 80.28%
return_stack prediction, hits = 10301427, misses = 8491, hit rate = 99.92%
jump prediction, hits = 50038457, misses = 26422191, hit rate = 65.44%

**** Debug Statistics at 401000000 Cycles *****
Threads: 4		Fetch Width: 8
No of useful instructions fetched:	939112579 (29.27% proc util.)
No of total instructions fetched:	1571178860 (48.98% proc util.)
 includes 140979312 misfetch (9.0%), 491086969 (31.3%) wrong-path fetches
 and 0 flushed after failed lock(0.0%)
No of useful instructions issued/executed:	939112561 (29.27% proc util.)
No of total instructions issued/executed:	1199741515 (37.40% proc util.)
 includes 260628954 wrong-path (21.7%) insts and 0 flushed (0.0%)
	fp 46532, 0.00%
	synch 0, 0.00%
	integer 763737235, 63.66%
	load/store 435957748, 36.34%
Avg size of int IQ (before scheduling): 20.83
Avg size of fp IQ (before scheduling): 0.00
No of cycles taken:		401000000
Parallelism [ 0.680, 0.000, 0.998, 0.663,] = 2.342
 IQ conflicts: 12348999 (3.08%), FQ conflicts: 0 (0.00%) 
 I reg conflicts: 90245506 (22.51%), FP reg conflicts: 0 (0.00%)
  Activelist confs: 21035 (0.01%), ROB confs: 1273970 (0.32%)
  Int unit conflicts: 325109092 (81.07%), FP unit conflicts: 11 (0.00%)
  Load/store unit conflicts: 88572613 (22.09%)
  MSHR conflicts: 51727518 (12.90%)
----------------------------------------
==== System-wide Cache Statistics ====
Stall for miss queue full 0 cycles (0.00%)
----------------------------------------
==== Statistics for Master ID: 0 ====
Reads: 233904461   Writes: 39074313
ICACHE: size: 64 KB assoc: 2
ICACHE: hits:130900166 misses:5804232  Hit Ratio: 95.75%
DCACHE: size: 32 KB assoc: 8
DCACHE: hits:133934637 misses:2339739 writebacks:607366  Hit Ratio: 98.28%
SCACHE: size: 512 KB assoc: 2
SCACHE: hits:6242803 misses:1901168  Hit Ratio: 76.66%
3CACHE: size: 4096 KB assoc: 2
3CACHE: hits:1615346 misses:285822  Hit Ratio: 84.97%
3CACHE: dirty items replaced:92373
ITLB: size: 48, misses 506728, miss rate 0.37%
DTLB: size: 128, misses 1055572, miss rate 0.77%
Avg mem delay: 2.468 cycles
----------------------------------------
==== Statistics for Master ID: 2 ====
Reads: 292589877   Writes: 34188717
ICACHE: size: 64 KB assoc: 2
ICACHE: hits:157270810 misses:7417823  Hit Ratio: 95.50%
DCACHE: size: 32 KB assoc: 8
DCACHE: hits:160114494 misses:1975467 writebacks:221933  Hit Ratio: 98.78%
SCACHE: size: 512 KB assoc: 2
SCACHE: hits:8287583 misses:1105707  Hit Ratio: 88.23%
3CACHE: size: 4096 KB assoc: 2
3CACHE: hits:906404 misses:199303  Hit Ratio: 81.98%
3CACHE: dirty items replaced:38046
ITLB: size: 48, misses 222006, miss rate 0.13%
DTLB: size: 128, misses 1421282, miss rate 0.88%
Avg mem delay: 2.468 cycles
----------------------------------------
==== Statistics for Master ID: 3 ====
Reads: 236216546   Writes: 37892151
ICACHE: size: 64 KB assoc: 2
ICACHE: hits:130708953 misses:6855183  Hit Ratio: 95.02%
DCACHE: size: 32 KB assoc: 8
DCACHE: hits:134651137 misses:1893424 writebacks:735899  Hit Ratio: 98.61%
SCACHE: size: 512 KB assoc: 2
SCACHE: hits:6971372 misses:1777234  Hit Ratio: 79.69%
3CACHE: size: 4096 KB assoc: 2
3CACHE: hits:1519415 misses:257819  Hit Ratio: 85.49%
3CACHE: dirty items replaced:84862
ITLB: size: 48, misses 530646, miss rate 0.39%
DTLB: size: 128, misses 963299, miss rate 0.71%
Avg mem delay: 2.468 cycles
----------------------------------------
==== Global Resource Utilization ====
STASH: size: 65536 entries, full 2135519945, empty 140077579, misses 13066271, full rate 93.31
icache bank util. 0.158 0.164 0.151 0.159 0.168 0.147 0.144 0.154 
dcache bank util. 0.137 0.133 0.139 0.124 0.161 0.151 0.149 0.149 
L2 bank util. 0.045 0.054 0.049 0.049 0.050 0.048 0.044 0.047 
L1-L2 bus util. = 0.208, L3 util. = 0.019
----------------------------------------
branch prediction, hits = 88150875, misses = 20280329, hit rate = 81.30%
return_stack prediction, hits = 13792517, misses = 9401, hit rate = 99.93%
jump prediction, hits = 71153632, misses = 34922535, hit rate = 67.08%
 corrorb_ dgemm_
**** Debug Statistics at 501000000 Cycles *****
Threads: 4		Fetch Width: 8
No of useful instructions fetched:	1162494990 (29.00% proc util.)
No of total instructions fetched:	1941235223 (48.43% proc util.)
 includes 173335544 misfetch (8.9%), 605404689 (31.2%) wrong-path fetches
 and 0 flushed after failed lock(0.0%)
No of useful instructions issued/executed:	1162494951 (29.00% proc util.)
No of total instructions issued/executed:	1485597335 (37.07% proc util.)
 includes 323102384 wrong-path (21.7%) insts and 0 flushed (0.0%)
	fp 63200, 0.00%
	synch 0, 0.00%
	integer 945833955, 63.67%
	load/store 539700180, 36.33%
Avg size of int IQ (before scheduling): 21.14
Avg size of fp IQ (before scheduling): 0.00
No of cycles taken:		501000000
Parallelism [ 0.662, 0.000, 0.990, 0.668,] = 2.320
 IQ conflicts: 16748938 (3.34%), FQ conflicts: 0 (0.00%) 
 I reg conflicts: 115390340 (23.03%), FP reg conflicts: 0 (0.00%)
  Activelist confs: 25662 (0.01%), ROB confs: 1763796 (0.35%)
  Int unit conflicts: 400715458 (79.98%), FP unit conflicts: 11 (0.00%)
  Load/store unit conflicts: 109637865 (21.88%)
  MSHR conflicts: 66749041 (13.32%)
----------------------------------------
==== System-wide Cache Statistics ====
Stall for miss queue full 0 cycles (0.00%)
----------------------------------------
==== Statistics for Master ID: 0 ====
Reads: 285580571   Writes: 48477190
ICACHE: size: 64 KB assoc: 2
ICACHE: hits:160038301 misses:7184417  Hit Ratio: 95.70%
DCACHE: size: 32 KB assoc: 8
DCACHE: hits:163676136 misses:3158907 writebacks:891285  Hit Ratio: 98.11%
SCACHE: size: 512 KB assoc: 2
SCACHE: hits:7828911 misses:2514413  Hit Ratio: 75.69%
3CACHE: size: 4096 KB assoc: 2
3CACHE: hits:2140681 misses:373732  Hit Ratio: 85.14%
3CACHE: dirty items replaced:140907
ITLB: size: 48, misses 646593, miss rate 0.39%
DTLB: size: 128, misses 1286572, miss rate 0.77%
Avg mem delay: 2.509 cycles
----------------------------------------
==== Statistics for Master ID: 2 ====
Reads: 363322585   Writes: 42607135
ICACHE: size: 64 KB assoc: 2
ICACHE: hits:194917701 misses:9102067  Hit Ratio: 95.54%
DCACHE: size: 32 KB assoc: 8
DCACHE: hits:199434457 misses:2475495 writebacks:268197  Hit Ratio: 98.77%
SCACHE: size: 512 KB assoc: 2
SCACHE: hits:10169800 misses:1407761  Hit Ratio: 87.84%
3CACHE: size: 4096 KB assoc: 2
3CACHE: hits:1155373 misses:252388  Hit Ratio: 82.07%
3CACHE: dirty items replaced:59401
ITLB: size: 48, misses 275979, miss rate 0.14%
DTLB: size: 128, misses 1778435, miss rate 0.88%
Avg mem delay: 2.509 cycles
----------------------------------------
==== Statistics for Master ID: 3 ====
Reads: 293884448   Writes: 47381902
ICACHE: size: 64 KB assoc: 2
ICACHE: hits:163353506 misses:8207791  Hit Ratio: 95.22%
DCACHE: size: 32 KB assoc: 8
DCACHE: hits:167277596 misses:2427457 writebacks:917379  Hit Ratio: 98.57%
SCACHE: size: 512 KB assoc: 2
SCACHE: hits:8368674 misses:2266574  Hit Ratio: 78.69%
3CACHE: size: 4096 KB assoc: 2
3CACHE: hits:1939160 misses:327414  Hit Ratio: 85.55%
3CACHE: dirty items replaced:124325
ITLB: size: 48, misses 658159, miss rate 0.38%
DTLB: size: 128, misses 1190014, miss rate 0.70%
Avg mem delay: 2.509 cycles
----------------------------------------
==== Global Resource Utilization ====
STASH: size: 65536 entries, full 2525361543, empty 169731850, misses 15649200, full rate 93.16
icache bank util. 0.156 0.160 0.151 0.158 0.167 0.146 0.142 0.151 
dcache bank util. 0.133 0.131 0.138 0.122 0.161 0.155 0.147 0.147 
L2 bank util. 0.045 0.054 0.049 0.049 0.050 0.048 0.044 0.047 
L1-L2 bus util. = 0.207, L3 util. = 0.019
----------------------------------------
branch prediction, hits = 109129005, misses = 24597995, hit rate = 81.61%
return_stack prediction, hits = 17173323, misses = 13701, hit rate = 99.92%
jump prediction, hits = 89003959, misses = 42888015, hit rate = 67.48%
 dgemv_
**** Debug Statistics at 601000000 Cycles *****
Threads: 4		Fetch Width: 8
No of useful instructions fetched:	1397966972 (29.08% proc util.)
No of total instructions fetched:	2333325343 (48.53% proc util.)
 includes 207769785 misfetch (8.9%), 727588586 (31.2%) wrong-path fetches
 and 0 flushed after failed lock(0.0%)
No of useful instructions issued/executed:	1397966960 (29.08% proc util.)
No of total instructions issued/executed:	1786470906 (37.16% proc util.)
 includes 388503946 wrong-path (21.7%) insts and 0 flushed (0.0%)
	fp 67392, 0.00%
	synch 0, 0.00%
	integer 1135537586, 63.56%
	load/store 650865928, 36.43%
Avg size of int IQ (before scheduling): 21.19
Avg size of fp IQ (before scheduling): 0.00
No of cycles taken:		601000000
Parallelism [ 0.664, 0.000, 0.988, 0.674,] = 2.326
 IQ conflicts: 20399343 (3.39%), FQ conflicts: 0 (0.00%) 
 I reg conflicts: 138627106 (23.07%), FP reg conflicts: 0 (0.00%)
  Activelist confs: 32245 (0.01%), ROB confs: 2737936 (0.46%)
  Int unit conflicts: 478574482 (79.63%), FP unit conflicts: 11 (0.00%)
  Load/store unit conflicts: 137033666 (22.80%)
  MSHR conflicts: 105291743 (17.52%)
----------------------------------------
==== System-wide Cache Statistics ====
Stall for miss queue full 0 cycles (0.00%)
----------------------------------------
==== Statistics for Master ID: 0 ====
Reads: 345885720   Writes: 60488710
ICACHE: size: 64 KB assoc: 2
ICACHE: hits:194249120 misses:8642408  Hit Ratio: 95.74%
DCACHE: size: 32 KB assoc: 8
DCACHE: hits:199365955 misses:4116947 writebacks:1343565  Hit Ratio: 97.98%
SCACHE: size: 512 KB assoc: 2
SCACHE: hits:9636889 misses:3122464  Hit Ratio: 75.53%
3CACHE: size: 4096 KB assoc: 2
3CACHE: hits:2664849 misses:457615  Hit Ratio: 85.34%
3CACHE: dirty items replaced:198263
ITLB: size: 48, misses 762780, miss rate 0.38%
DTLB: size: 128, misses 1577959, miss rate 0.78%
Avg mem delay: 2.536 cycles
----------------------------------------
==== Statistics for Master ID: 2 ====
Reads: 434638425   Writes: 50461230
ICACHE: size: 64 KB assoc: 2
ICACHE: hits:233508899 misses:10835763  Hit Ratio: 95.57%
DCACHE: size: 32 KB assoc: 8
DCACHE: hits:237813303 misses:2941690 writebacks:307926  Hit Ratio: 98.78%
SCACHE: size: 512 KB assoc: 2
SCACHE: hits:12118393 misses:1659060  Hit Ratio: 87.96%
3CACHE: size: 4096 KB assoc: 2
3CACHE: hits:1364221 misses:294839  Hit Ratio: 82.23%
3CACHE: dirty items replaced:79056
ITLB: size: 48, misses 328895, miss rate 0.13%
DTLB: size: 128, misses 2122758, miss rate 0.88%
Avg mem delay: 2.536 cycles
----------------------------------------
==== Statistics for Master ID: 3 ====
Reads: 354049219   Writes: 57629135
ICACHE: size: 64 KB assoc: 2
ICACHE: hits:196885107 misses:9692963  Hit Ratio: 95.31%
DCACHE: size: 32 KB assoc: 8
DCACHE: hits:202151445 misses:2948839 writebacks:1102757  Hit Ratio: 98.56%
SCACHE: size: 512 KB assoc: 2
SCACHE: hits:9945117 misses:2696685  Hit Ratio: 78.67%
3CACHE: size: 4096 KB assoc: 2
3CACHE: hits:2299860 misses:396824  Hit Ratio: 85.28%
3CACHE: dirty items replaced:169902
ITLB: size: 48, misses 781202, miss rate 0.38%
DTLB: size: 128, misses 1417788, miss rate 0.69%
Avg mem delay: 2.536 cycles
----------------------------------------
==== Global Resource Utilization ====
STASH: size: 65536 entries, full 2942158134, empty 196944653, misses 18012594, full rate 93.19
icache bank util. 0.156 0.160 0.150 0.157 0.170 0.148 0.142 0.151 
dcache bank util. 0.134 0.132 0.139 0.122 0.162 0.159 0.150 0.147 
L2 bank util. 0.046 0.055 0.049 0.049 0.050 0.048 0.045 0.047 
L1-L2 bus util. = 0.209, L3 util. = 0.019
----------------------------------------
branch prediction, hits = 131203060, misses = 29629101, hit rate = 81.58%
return_stack prediction, hits = 20685943, misses = 15112, hit rate = 99.93%
jump prediction, hits = 107562078, misses = 51576259, hit rate = 67.59%
 dgeqr2_ dgeqrf_
**** Debug Statistics at 701000000 Cycles *****
Threads: 4		Fetch Width: 8
No of useful instructions fetched:	1656549768 (29.54% proc util.)
No of total instructions fetched:	2751044263 (49.06% proc util.)
 includes 244557179 misfetch (8.9%), 849937316 (30.9%) wrong-path fetches
 and 0 flushed after failed lock(0.0%)
No of useful instructions issued/executed:	1656549767 (29.54% proc util.)
No of total instructions issued/executed:	2108977830 (37.61% proc util.)
 includes 452428063 wrong-path (21.5%) insts and 0 flushed (0.0%)
	fp 72255, 0.00%
	synch 0, 0.00%
	integer 1343006353, 63.68%
	load/store 765899222, 36.32%
Avg size of int IQ (before scheduling): 20.95
Avg size of fp IQ (before scheduling): 0.00
No of cycles taken:		701000000
Parallelism [ 0.693, 0.000, 0.991, 0.678,] = 2.363
 IQ conflicts: 22653278 (3.23%), FQ conflicts: 0 (0.00%) 
 I reg conflicts: 158869957 (22.66%), FP reg conflicts: 0 (0.00%)
  Activelist confs: 35578 (0.01%), ROB confs: 3001850 (0.43%)
  Int unit conflicts: 581323703 (82.93%), FP unit conflicts: 12 (0.00%)
  Load/store unit conflicts: 159313976 (22.73%)
  MSHR conflicts: 123830440 (17.66%)
----------------------------------------
==== System-wide Cache Statistics ====
Stall for miss queue full 0 cycles (0.00%)
----------------------------------------
==== Statistics for Master ID: 0 ====
Reads: 411758490   Writes: 70991563
ICACHE: size: 64 KB assoc: 2
ICACHE: hits:230631783 misses:10280745  Hit Ratio: 95.73%
DCACHE: size: 32 KB assoc: 8
DCACHE: hits:237137456 misses:4700069 writebacks:1618611  Hit Ratio: 98.06%
SCACHE: size: 512 KB assoc: 2
SCACHE: hits:11477243 misses:3503570  Hit Ratio: 76.61%
3CACHE: size: 4096 KB assoc: 2
3CACHE: hits:2986224 misses:517346  Hit Ratio: 85.23%
3CACHE: dirty items replaced:240003
ITLB: size: 48, misses 909910, miss rate 0.38%
DTLB: size: 128, misses 1814331, miss rate 0.75%
Avg mem delay: 2.491 cycles
----------------------------------------
==== Statistics for Master ID: 2 ====
Reads: 508279633   Writes: 58770561
ICACHE: size: 64 KB assoc: 2
ICACHE: hits:273362155 misses:12740199  Hit Ratio: 95.55%
DCACHE: size: 32 KB assoc: 8
DCACHE: hits:277532061 misses:3415779 writebacks:349537  Hit Ratio: 98.78%
SCACHE: size: 512 KB assoc: 2
SCACHE: hits:14247948 misses:1908029  Hit Ratio: 88.19%
3CACHE: size: 4096 KB assoc: 2
3CACHE: hits:1569289 misses:338740  Hit Ratio: 82.25%
3CACHE: dirty items replaced:100610
ITLB: size: 48, misses 394648, miss rate 0.14%
DTLB: size: 128, misses 2456057, miss rate 0.87%
Avg mem delay: 2.491 cycles
----------------------------------------
==== Statistics for Master ID: 3 ====
Reads: 416906385   Writes: 67541285
ICACHE: size: 64 KB assoc: 2
ICACHE: hits:231758593 misses:11366337  Hit Ratio: 95.32%
DCACHE: size: 32 KB assoc: 8
DCACHE: hits:237961842 misses:3360898 writebacks:1235557  Hit Ratio: 98.61%
SCACHE: size: 512 KB assoc: 2
SCACHE: hits:11681291 misses:3045944  Hit Ratio: 79.32%
3CACHE: size: 4096 KB assoc: 2
3CACHE: hits:2580685 misses:465259  Hit Ratio: 84.73%
3CACHE: dirty items replaced:216350
ITLB: size: 48, misses 924836, miss rate 0.38%
DTLB: size: 128, misses 1638166, miss rate 0.68%
Avg mem delay: 2.491 cycles
----------------------------------------
==== Global Resource Utilization ====
STASH: size: 65536 entries, full 3386353483, empty 224987613, misses 20452537, full rate 93.24
icache bank util. 0.156 0.163 0.151 0.157 0.170 0.151 0.144 0.154 
dcache bank util. 0.138 0.132 0.139 0.121 0.160 0.159 0.152 0.151 
L2 bank util. 0.045 0.055 0.049 0.049 0.050 0.048 0.045 0.047 
L1-L2 bus util. = 0.210, L3 util. = 0.019
----------------------------------------
branch prediction, hits = 156117436, misses = 34952786, hit rate = 81.71%
return_stack prediction, hits = 24013045, misses = 16377, hit rate = 99.93%
jump prediction, hits = 126605283, misses = 60765666, hit rate = 67.57%
 dger_
**** Debug Statistics at 801000000 Cycles *****
Threads: 4		Fetch Width: 8
No of useful instructions fetched:	1926089573 (30.06% proc util.)
No of total instructions fetched:	3185110984 (49.71% proc util.)
 includes 280622621 misfetch (8.8%), 978398790 (30.7%) wrong-path fetches
 and 0 flushed after failed lock(0.0%)
No of useful instructions issued/executed:	1926089569 (30.06% proc util.)
No of total instructions issued/executed:	2444884323 (38.15% proc util.)
 includes 518794754 wrong-path (21.2%) insts and 0 flushed (0.0%)
	fp 113692, 0.00%
	synch 0, 0.00%
	integer 1562284989, 63.90%
	load/store 882485642, 36.10%
Avg size of int IQ (before scheduling): 20.88
Avg size of fp IQ (before scheduling): 0.00
No of cycles taken:		801000000
Parallelism [ 0.728, 0.000, 0.992, 0.685,] = 2.405
 IQ conflicts: 24354585 (3.04%), FQ conflicts: 0 (0.00%) 
 I reg conflicts: 179353567 (22.39%), FP reg conflicts: 0 (0.00%)
  Activelist confs: 39814 (0.00%), ROB confs: 3817117 (0.48%)
  Int unit conflicts: 686239246 (85.67%), FP unit conflicts: 12 (0.00%)
  Load/store unit conflicts: 186116518 (23.24%)
  MSHR conflicts: 151173310 (18.87%)
----------------------------------------
==== System-wide Cache Statistics ====
Stall for miss queue full 0 cycles (0.00%)
----------------------------------------
==== Statistics for Master ID: 0 ====
Reads: 483820598   Writes: 81665177
ICACHE: size: 64 KB assoc: 2
ICACHE: hits:272092640 misses:11485582  Hit Ratio: 95.95%
DCACHE: size: 32 KB assoc: 8
DCACHE: hits:276603685 misses:5303868 writebacks:1953801  Hit Ratio: 98.12%
SCACHE: size: 512 KB assoc: 2
SCACHE: hits:12904312 misses:3885138  Hit Ratio: 76.86%
3CACHE: size: 4096 KB assoc: 2
3CACHE: hits:3307035 misses:578103  Hit Ratio: 85.12%
3CACHE: dirty items replaced:286001
ITLB: size: 48, misses 1014879, miss rate 0.36%
DTLB: size: 128, misses 2033505, miss rate 0.72%
Avg mem delay: 2.463 cycles
----------------------------------------
==== Statistics for Master ID: 2 ====
Reads: 581583173   Writes: 66830607
ICACHE: size: 64 KB assoc: 2
ICACHE: hits:313585652 misses:14526338  Hit Ratio: 95.57%
DCACHE: size: 32 KB assoc: 8
DCACHE: hits:316419800 misses:3881990 writebacks:388669  Hit Ratio: 98.79%
SCACHE: size: 512 KB assoc: 2
SCACHE: hits:16246943 misses:2161385  Hit Ratio: 88.26%
3CACHE: size: 4096 KB assoc: 2
3CACHE: hits:1787205 misses:374180  Hit Ratio: 82.69%
3CACHE: dirty items replaced:118907
ITLB: size: 48, misses 451643, miss rate 0.14%
DTLB: size: 128, misses 2794064, miss rate 0.87%
Avg mem delay: 2.463 cycles
----------------------------------------
==== Statistics for Master ID: 3 ====
Reads: 481614629   Writes: 77666517
ICACHE: size: 64 KB assoc: 2
ICACHE: hits:268027237 misses:12992252  Hit Ratio: 95.38%
DCACHE: size: 32 KB assoc: 8
DCACHE: hits:274488695 misses:3772962 writebacks:1370018  Hit Ratio: 98.64%
SCACHE: size: 512 KB assoc: 2
SCACHE: hits:13417094 misses:3348120  Hit Ratio: 80.03%
3CACHE: size: 4096 KB assoc: 2
3CACHE: hits:2829024 misses:519096  Hit Ratio: 84.50%
3CACHE: dirty items replaced:256757
ITLB: size: 48, misses 1060841, miss rate 0.38%
DTLB: size: 128, misses 1857503, miss rate 0.67%
Avg mem delay: 2.463 cycles
----------------------------------------
==== Global Resource Utilization ====
STASH: size: 65536 entries, full 3848942407, empty 251673165, misses 22742264, full rate 93.34
icache bank util. 0.157 0.165 0.155 0.161 0.172 0.152 0.144 0.155 
dcache bank util. 0.139 0.132 0.141 0.121 0.160 0.161 0.155 0.152 
L2 bank util. 0.045 0.054 0.049 0.049 0.050 0.048 0.044 0.047 
L1-L2 bus util. = 0.209, L3 util. = 0.018
----------------------------------------
branch prediction, hits = 182199611, misses = 40440679, hit rate = 81.84%
return_stack prediction, hits = 27488189, misses = 17417, hit rate = 99.94%
jump prediction, hits = 147576509, misses = 69926275, hit rate = 67.85%
 dlabad_ dlacon_
**** Early Exiting at 831401098 Cycles *****
========================================
 SMTSIM Global Statistics
========================================
Threads: 4		Fetch Width: 8
No of useful instructions fetched:	2000000069 (30.07% proc util.)
No of total instructions fetched:	3304820453 (49.69% proc util.)
 includes 289989808 misfetch (8.8%), 1014830576 (30.7%) wrong-path fetches
 and 0 flushed after failed lock(0.0%)
No of useful instructions issued/executed:	2000000023 (30.07% proc util.)
No of total instructions issued/executed:	2537880773 (38.16% proc util.)
 includes 537880750 wrong-path (21.2%) insts and 0 flushed (0.0%)
	fp 114993, 0.00%
	synch 0, 0.00%
	integer 1621025870, 63.87%
	load/store 916739910, 36.12%
Avg size of int IQ (before scheduling): 20.93
Avg size of fp IQ (before scheduling): 0.00
No of cycles taken:		831401098
Parallelism [ 0.733, 0.000, 0.989, 0.683,] = 2.406
 IQ conflicts: 25720535 (3.09%), FQ conflicts: 0 (0.00%) 
 I reg conflicts: 186161410 (22.39%), FP reg conflicts: 0 (0.00%)
  Activelist confs: 41130 (0.00%), ROB confs: 4572590 (0.55%)
  Int unit conflicts: 711323266 (85.56%), FP unit conflicts: 12 (0.00%)
  Load/store unit conflicts: 198421810 (23.87%)
  MSHR conflicts: 170751179 (20.54%)
----------------------------------------
==== System-wide Cache Statistics ====
Stall for miss queue full 0 cycles (0.00%)
----------------------------------------
==== Statistics for Master ID: 0 ====
Reads: 504797984   Writes: 86357156
ICACHE: size: 64 KB assoc: 2
ICACHE: hits:284303726 misses:11768530  Hit Ratio: 96.03%
DCACHE: size: 32 KB assoc: 8
DCACHE: hits:289329528 misses:5753356 writebacks:2238087  Hit Ratio: 98.05%
SCACHE: size: 512 KB assoc: 2
SCACHE: hits:13436929 misses:4084957  Hit Ratio: 76.69%
3CACHE: size: 4096 KB assoc: 2
3CACHE: hits:3476912 misses:608045  Hit Ratio: 85.12%
3CACHE: dirty items replaced:309550
ITLB: size: 48, misses 1033346, miss rate 0.35%
DTLB: size: 128, misses 2098074, miss rate 0.71%
Avg mem delay: 2.470 cycles
----------------------------------------
==== Statistics for Master ID: 2 ====
Reads: 602830038   Writes: 69072649
ICACHE: size: 64 KB assoc: 2
ICACHE: hits:325154428 misses:15002353  Hit Ratio: 95.59%
DCACHE: size: 32 KB assoc: 8
DCACHE: hits:327724807 misses:4021099 writebacks:398164  Hit Ratio: 98.79%
SCACHE: size: 512 KB assoc: 2
SCACHE: hits:16762096 misses:2261356  Hit Ratio: 88.11%
3CACHE: size: 4096 KB assoc: 2
3CACHE: hits:1873794 misses:387562  Hit Ratio: 82.86%
3CACHE: dirty items replaced:126020
ITLB: size: 48, misses 463765, miss rate 0.14%
DTLB: size: 128, misses 2894194, miss rate 0.87%
Avg mem delay: 2.470 cycles
----------------------------------------
==== Statistics for Master ID: 3 ====
Reads: 498344510   Writes: 80312156
ICACHE: size: 64 KB assoc: 2
ICACHE: hits:277395785 misses:13426501  Hit Ratio: 95.38%
DCACHE: size: 32 KB assoc: 8
DCACHE: hits:283952813 misses:3881567 writebacks:1403232  Hit Ratio: 98.65%
SCACHE: size: 512 KB assoc: 2
SCACHE: hits:13826924 misses:3481144  Hit Ratio: 79.89%
3CACHE: size: 4096 KB assoc: 2
3CACHE: hits:2937321 misses:543823  Hit Ratio: 84.38%
3CACHE: dirty items replaced:275904
ITLB: size: 48, misses 1096008, miss rate 0.38%
DTLB: size: 128, misses 1915867, miss rate 0.67%
Avg mem delay: 2.470 cycles
----------------------------------------
==== Global Resource Utilization ====
STASH: size: 65536 entries, full 3976570869, empty 259662746, misses 23432150, full rate 93.35
icache bank util. 0.156 0.164 0.155 0.161 0.173 0.152 0.144 0.154 
dcache bank util. 0.139 0.133 0.141 0.121 0.160 0.162 0.156 0.152 
L2 bank util. 0.045 0.054 0.049 0.049 0.050 0.048 0.044 0.047 
L1-L2 bus util. = 0.209, L3 util. = 0.019
----------------------------------------
branch prediction, hits = 189254481, misses = 41950109, hit rate = 81.86%
return_stack prediction, hits = 28584240, misses = 18272, hit rate = 99.94%
jump prediction, hits = 153812884, misses = 72365331, hit rate = 68.01%
total IPC 2.406

=== Results saved to: ./results/gcc-200_2_crafty_1_gcc-scilab_1.txt ===
