===== 执行信息 =====
Cache目录：smtc128
执行命令：./smtsim ../gcc-expr.arg2 ../gzip-program.arg ../randacc.arg
执行时间：2026-04-17 10:03:31
返回码：0
===== 输出内容 =====
SMTCache
Process 0, Thread 0: gcc-expr
Process 0, Thread 1: gcc-expr
Process 2, Thread 2: gzip-program
Process 3, Thread 3: randacc

**** Debug Statistics at 1000000 Cycles *****
Threads: 4		Fetch Width: 8
No of useful instructions fetched:	1118051 (13.98% proc util.)
No of total instructions fetched:	1225286 (15.32% proc util.)
 includes 15411 misfetch (1.3%), 91824 (7.5%) wrong-path fetches
 and 0 flushed after failed lock(0.0%)
No of useful instructions issued/executed:	1118030 (13.98% proc util.)
No of total instructions issued/executed:	1156568 (14.46% proc util.)
 includes 38538 wrong-path (3.3%) insts and 0 flushed (0.0%)
	fp 73, 0.01%
	synch 0, 0.00%
	integer 931134, 80.51%
	load/store 225361, 19.49%
Avg size of int IQ (before scheduling): 33.42
Avg size of fp IQ (before scheduling): 0.00
No of cycles taken:		1000000
Parallelism [ 0.343, 0.000, 0.141, 0.634,] = 1.118
 IQ conflicts: 940 (0.09%), FQ conflicts: 0 (0.00%) 
 I reg conflicts: 817439 (81.74%), FP reg conflicts: 0 (0.00%)
  Activelist confs: 0 (0.00%), ROB confs: 0 (0.00%)
  Int unit conflicts: 53970 (5.40%), FP unit conflicts: 0 (0.00%)
  Load/store unit conflicts: 12364 (1.24%)
  MSHR conflicts: 253705 (25.37%)
----------------------------------------
==== System-wide Cache Statistics ====
Stall for miss queue full 0 cycles (0.00%)
----------------------------------------
==== Statistics for Master ID: 0 ====
Reads: 180832   Writes: 52290
ICACHE: size: 64 KB assoc: 2
ICACHE: hits:111910 misses:1404  Hit Ratio: 98.76%
DCACHE: size: 32 KB assoc: 8
DCACHE: hits:117189 misses:2619 writebacks:1658  Hit Ratio: 97.81%
SCACHE: size: 512 KB assoc: 2
SCACHE: hits:319 misses:3704  Hit Ratio: 7.93%
3CACHE: size: 4096 KB assoc: 2
3CACHE: hits:23 misses:3681  Hit Ratio: 0.62%
3CACHE: dirty items replaced:0
ITLB: size: 48, misses 89, miss rate 0.08%
DTLB: size: 128, misses 412, miss rate 0.34%
Avg mem delay: 55.410 cycles
----------------------------------------
==== Statistics for Master ID: 2 ====
Reads: 110880   Writes: 22907
ICACHE: size: 64 KB assoc: 2
ICACHE: hits:66046 misses:207  Hit Ratio: 99.69%
DCACHE: size: 32 KB assoc: 8
DCACHE: hits:45411 misses:22123 writebacks:21950  Hit Ratio: 67.24%
SCACHE: size: 512 KB assoc: 2
SCACHE: hits:10 misses:22317  Hit Ratio: 0.04%
3CACHE: size: 4096 KB assoc: 2
3CACHE: hits:0 misses:22317  Hit Ratio: 0.00%
3CACHE: dirty items replaced:0
ITLB: size: 48, misses 18, miss rate 0.03%
DTLB: size: 128, misses 5512, miss rate 8.16%
Avg mem delay: 55.410 cycles
----------------------------------------
==== Statistics for Master ID: 3 ====
Reads: 194420   Writes: 36
ICACHE: size: 64 KB assoc: 2
ICACHE: hits:156536 misses:23  Hit Ratio: 99.99%
DCACHE: size: 32 KB assoc: 8
DCACHE: hits:37159 misses:738 writebacks:11  Hit Ratio: 98.05%
SCACHE: size: 512 KB assoc: 2
SCACHE: hits:85 misses:676  Hit Ratio: 11.17%
3CACHE: size: 4096 KB assoc: 2
3CACHE: hits:6 misses:670  Hit Ratio: 0.89%
3CACHE: dirty items replaced:0
ITLB: size: 48, misses 4, miss rate 0.00%
DTLB: size: 128, misses 122, miss rate 0.32%
Avg mem delay: 55.410 cycles
----------------------------------------
==== Global Resource Utilization ====
STASH: size: 65536 entries, full 1252885, empty 24516, misses 2119, full rate 97.92
icache bank util. 0.085 0.067 0.042 0.017 0.014 0.015 0.024 0.078 
dcache bank util. 0.024 0.026 0.036 0.016 0.015 0.035 0.197 0.025 
L2 bank util. 0.006 0.006 0.006 0.006 0.006 0.006 0.270 0.006 
L1-L2 bus util. = 0.152, L3 util. = 0.267
----------------------------------------
branch prediction, hits = 79361, misses = 5597, hit rate = 93.41%
return_stack prediction, hits = 4417, misses = 14, hit rate = 99.68%
jump prediction, hits = 99304, misses = 3924, hit rate = 96.20%
 init_expr_once init_expr save_expr_status restore_expr_status enqueue_insn protect_from_queue queued_subexp_p emit_queue init_queue convert_move
**** Debug Statistics at 101000000 Cycles *****
Threads: 4		Fetch Width: 8
No of useful instructions fetched:	183637933 (22.73% proc util.)
No of total instructions fetched:	214483767 (26.55% proc util.)
 includes 8675502 misfetch (4.0%), 22170332 (10.3%) wrong-path fetches
 and 0 flushed after failed lock(0.0%)
No of useful instructions issued/executed:	183637911 (22.73% proc util.)
No of total instructions issued/executed:	192799545 (23.86% proc util.)
 includes 9161634 wrong-path (4.8%) insts and 0 flushed (0.0%)
	fp 2249, 0.00%
	synch 0, 0.00%
	integer 150116496, 77.86%
	load/store 42680800, 22.14%
Avg size of int IQ (before scheduling): 21.18
Avg size of fp IQ (before scheduling): 0.00
No of cycles taken:		101000000
Parallelism [ 0.630, 0.000, 0.342, 0.847,] = 1.818
 IQ conflicts: 58803 (0.06%), FQ conflicts: 0 (0.00%) 
 I reg conflicts: 70201660 (69.51%), FP reg conflicts: 0 (0.00%)
  Activelist confs: 0 (0.00%), ROB confs: 173 (0.00%)
  Int unit conflicts: 12760185 (12.63%), FP unit conflicts: 4 (0.00%)
  Load/store unit conflicts: 2067893 (2.05%)
  MSHR conflicts: 3109375 (3.08%)
----------------------------------------
==== System-wide Cache Statistics ====
Stall for miss queue full 0 cycles (0.00%)
----------------------------------------
==== Statistics for Master ID: 0 ====
Reads: 42481315   Writes: 8049554
ICACHE: size: 64 KB assoc: 2
ICACHE: hits:22941864 misses:440305  Hit Ratio: 98.12%
DCACHE: size: 32 KB assoc: 8
DCACHE: hits:26865617 misses:283083 writebacks:94507  Hit Ratio: 98.96%
SCACHE: size: 512 KB assoc: 2
SCACHE: hits:404123 misses:319265  Hit Ratio: 55.87%
3CACHE: size: 4096 KB assoc: 2
3CACHE: hits:202644 misses:116621  Hit Ratio: 63.47%
3CACHE: dirty items replaced:5500
ITLB: size: 48, misses 28569, miss rate 0.12%
DTLB: size: 128, misses 24245, miss rate 0.09%
Avg mem delay: 7.317 cycles
----------------------------------------
==== Statistics for Master ID: 2 ====
Reads: 18285099   Writes: 5099423
ICACHE: size: 64 KB assoc: 2
ICACHE: hits:12999912 misses:753  Hit Ratio: 99.99%
DCACHE: size: 32 KB assoc: 8
DCACHE: hits:8970879 misses:1412978 writebacks:798411  Hit Ratio: 86.39%
SCACHE: size: 512 KB assoc: 2
SCACHE: hits:134 misses:1413597  Hit Ratio: 0.01%
3CACHE: size: 4096 KB assoc: 2
3CACHE: hits:90 misses:1413506  Hit Ratio: 0.01%
3CACHE: dirty items replaced:37564
ITLB: size: 48, misses 72, miss rate 0.00%
DTLB: size: 128, misses 65366, miss rate 0.63%
Avg mem delay: 7.317 cycles
----------------------------------------
==== Statistics for Master ID: 3 ====
Reads: 29540697   Writes: 75
ICACHE: size: 64 KB assoc: 2
ICACHE: hits:24444033 misses:116  Hit Ratio: 100.00%
DCACHE: size: 32 KB assoc: 8
DCACHE: hits:5060275 misses:36348 writebacks:44  Hit Ratio: 99.29%
SCACHE: size: 512 KB assoc: 2
SCACHE: hits:8196 misses:28268  Hit Ratio: 22.48%
3CACHE: size: 4096 KB assoc: 2
3CACHE: hits:21085 misses:7183  Hit Ratio: 74.59%
3CACHE: dirty items replaced:84
ITLB: size: 48, misses 4, miss rate 0.00%
DTLB: size: 128, misses 1286, miss rate 0.03%
Avg mem delay: 7.317 cycles
----------------------------------------
==== Global Resource Utilization ====
STASH: size: 65536 entries, full 217795361, empty 8144225, misses 726999, full rate 96.09
icache bank util. 0.136 0.105 0.068 0.030 0.031 0.105 0.041 0.099 
dcache bank util. 0.056 0.063 0.060 0.056 0.055 0.085 0.062 0.064 
L2 bank util. 0.023 0.023 0.023 0.023 0.023 0.022 0.030 0.038 
L1-L2 bus util. = 0.091, L3 util. = 0.152
----------------------------------------
branch prediction, hits = 16861901, misses = 1477090, hit rate = 91.95%
return_stack prediction, hits = 807774, misses = 1374, hit rate = 99.83%
jump prediction, hits = 17647488, misses = 2119504, hit rate = 89.28%
 convert_to_mode
**** Debug Statistics at 201000000 Cycles *****
Threads: 4		Fetch Width: 8
No of useful instructions fetched:	523796514 (32.57% proc util.)
No of total instructions fetched:	652409422 (40.57% proc util.)
 includes 21683703 misfetch (3.3%), 106929205 (16.4%) wrong-path fetches
 and 0 flushed after failed lock(0.0%)
No of useful instructions issued/executed:	523796485 (32.57% proc util.)
No of total instructions issued/executed:	567177479 (35.27% proc util.)
 includes 43380994 wrong-path (7.6%) insts and 0 flushed (0.0%)
	fp 3403, 0.00%
	synch 0, 0.00%
	integer 435561020, 76.79%
	load/store 131613056, 23.20%
Avg size of int IQ (before scheduling): 24.50
Avg size of fp IQ (before scheduling): 0.00
No of cycles taken:		201000000
Parallelism [ 0.832, 0.000, 0.728, 1.046,] = 2.606
 IQ conflicts: 333658 (0.17%), FQ conflicts: 0 (0.00%) 
 I reg conflicts: 106203418 (52.84%), FP reg conflicts: 0 (0.00%)
  Activelist confs: 339 (0.00%), ROB confs: 29376 (0.01%)
  Int unit conflicts: 184152240 (91.62%), FP unit conflicts: 4 (0.00%)
  Load/store unit conflicts: 11280504 (5.61%)
  MSHR conflicts: 10610142 (5.28%)
----------------------------------------
==== System-wide Cache Statistics ====
Stall for miss queue full 0 cycles (0.00%)
----------------------------------------
==== Statistics for Master ID: 0 ====
Reads: 122475699   Writes: 22065982
ICACHE: size: 64 KB assoc: 2
ICACHE: hits:68287201 misses:865482  Hit Ratio: 98.75%
DCACHE: size: 32 KB assoc: 8
DCACHE: hits:74588499 misses:800499 writebacks:252615  Hit Ratio: 98.94%
SCACHE: size: 512 KB assoc: 2
SCACHE: hits:1119227 misses:546754  Hit Ratio: 67.18%
3CACHE: size: 4096 KB assoc: 2
3CACHE: hits:366200 misses:180554  Hit Ratio: 66.98%
3CACHE: dirty items replaced:16818
ITLB: size: 48, misses 42223, miss rate 0.06%
DTLB: size: 128, misses 66999, miss rate 0.09%
Avg mem delay: 3.680 cycles
----------------------------------------
==== Statistics for Master ID: 2 ====
Reads: 82043465   Writes: 14815801
ICACHE: size: 64 KB assoc: 2
ICACHE: hits:53366110 misses:6131  Hit Ratio: 99.99%
DCACHE: size: 32 KB assoc: 8
DCACHE: hits:40823641 misses:2663384 writebacks:1348685  Hit Ratio: 93.88%
SCACHE: size: 512 KB assoc: 2
SCACHE: hits:492677 misses:2176838  Hit Ratio: 18.46%
3CACHE: size: 4096 KB assoc: 2
3CACHE: hits:48702 misses:2128136  Hit Ratio: 2.24%
3CACHE: dirty items replaced:84692
ITLB: size: 48, misses 225, miss rate 0.00%
DTLB: size: 128, misses 98769, miss rate 0.23%
Avg mem delay: 3.680 cycles
----------------------------------------
==== Statistics for Master ID: 3 ====
Reads: 76947715   Writes: 104
ICACHE: size: 64 KB assoc: 2
ICACHE: hits:64406312 misses:163  Hit Ratio: 100.00%
DCACHE: size: 32 KB assoc: 8
DCACHE: hits:12452420 misses:88924 writebacks:69  Hit Ratio: 99.29%
SCACHE: size: 512 KB assoc: 2
SCACHE: hits:36661 misses:52426  Hit Ratio: 41.15%
3CACHE: size: 4096 KB assoc: 2
3CACHE: hits:38131 misses:14295  Hit Ratio: 72.73%
3CACHE: dirty items replaced:1287
ITLB: size: 48, misses 4, miss rate 0.00%
DTLB: size: 128, misses 2921, miss rate 0.02%
Avg mem delay: 3.680 cycles
----------------------------------------
==== Global Resource Utilization ====
STASH: size: 65536 entries, full 681625835, empty 16382219, misses 1469270, full rate 97.45
icache bank util. 0.191 0.156 0.105 0.060 0.075 0.148 0.076 0.132 
dcache bank util. 0.079 0.085 0.087 0.087 0.094 0.112 0.102 0.084 
L2 bank util. 0.022 0.022 0.022 0.023 0.023 0.022 0.025 0.031 
L1-L2 bus util. = 0.090, L3 util. = 0.116
----------------------------------------
branch prediction, hits = 43784416, misses = 5066286, hit rate = 89.63%
return_stack prediction, hits = 2775613, misses = 1965, hit rate = 99.93%
jump prediction, hits = 48784860, misses = 5350145, hit rate = 90.12%
 move_by_pieces move_by_pieces_ninsns move_by_pieces_1 emit_block_move
**** Debug Statistics at 301000000 Cycles *****
Threads: 4		Fetch Width: 8
No of useful instructions fetched:	982922818 (40.82% proc util.)
No of total instructions fetched:	1254999460 (52.12% proc util.)
 includes 38602040 misfetch (3.1%), 233474602 (18.6%) wrong-path fetches
 and 0 flushed after failed lock(0.0%)
No of useful instructions issued/executed:	982922798 (40.82% proc util.)
No of total instructions issued/executed:	1076432597 (44.70% proc util.)
 includes 93509799 wrong-path (8.7%) insts and 0 flushed (0.0%)
	fp 5201, 0.00%
	synch 0, 0.00%
	integer 824428886, 76.59%
	load/store 251998510, 23.41%
Avg size of int IQ (before scheduling): 27.94
Avg size of fp IQ (before scheduling): 0.00
No of cycles taken:		301000000
Parallelism [ 0.977, 0.000, 1.073, 1.215,] = 3.266
 IQ conflicts: 843933 (0.28%), FQ conflicts: 0 (0.00%) 
 I reg conflicts: 117267852 (38.96%), FP reg conflicts: 0 (0.00%)
  Activelist confs: 399 (0.00%), ROB confs: 71944 (0.02%)
  Int unit conflicts: 485253219 (161.21%), FP unit conflicts: 6 (0.00%)
  Load/store unit conflicts: 25435567 (8.45%)
  MSHR conflicts: 15158266 (5.04%)
----------------------------------------
==== System-wide Cache Statistics ====
Stall for miss queue full 0 cycles (0.00%)
----------------------------------------
==== Statistics for Master ID: 0 ====
Reads: 227556804   Writes: 39361539
ICACHE: size: 64 KB assoc: 2
ICACHE: hits:128907373 misses:1540092  Hit Ratio: 98.82%
DCACHE: size: 32 KB assoc: 8
DCACHE: hits:135072494 misses:1398384 writebacks:448358  Hit Ratio: 98.98%
SCACHE: size: 512 KB assoc: 2
SCACHE: hits:2149076 misses:789399  Hit Ratio: 73.14%
3CACHE: size: 4096 KB assoc: 2
3CACHE: hits:569778 misses:219621  Hit Ratio: 72.18%
3CACHE: dirty items replaced:26103
ITLB: size: 48, misses 68426, miss rate 0.05%
DTLB: size: 128, misses 123367, miss rate 0.09%
Avg mem delay: 2.319 cycles
----------------------------------------
==== Statistics for Master ID: 2 ====
Reads: 180347581   Writes: 27733000
ICACHE: size: 64 KB assoc: 2
ICACHE: hits:114751501 misses:16751  Hit Ratio: 99.99%
DCACHE: size: 32 KB assoc: 8
DCACHE: hits:89816485 misses:3495844 writebacks:1733061  Hit Ratio: 96.25%
SCACHE: size: 512 KB assoc: 2
SCACHE: hits:1217402 misses:2295193  Hit Ratio: 34.66%
3CACHE: size: 4096 KB assoc: 2
3CACHE: hits:136957 misses:2158236  Hit Ratio: 5.97%
3CACHE: dirty items replaced:89413
ITLB: size: 48, misses 470, miss rate 0.00%
DTLB: size: 128, misses 113415, miss rate 0.12%
Avg mem delay: 2.319 cycles
----------------------------------------
==== Statistics for Master ID: 3 ====
Reads: 137742607   Writes: 120
ICACHE: size: 64 KB assoc: 2
ICACHE: hits:115925492 misses:237  Hit Ratio: 100.00%
DCACHE: size: 32 KB assoc: 8
DCACHE: hits:21662612 misses:154386 writebacks:82  Hit Ratio: 99.29%
SCACHE: size: 512 KB assoc: 2
SCACHE: hits:83259 misses:71364  Hit Ratio: 53.85%
3CACHE: size: 4096 KB assoc: 2
3CACHE: hits:53477 misses:17887  Hit Ratio: 74.94%
3CACHE: dirty items replaced:3138
ITLB: size: 48, misses 4, miss rate 0.00%
DTLB: size: 128, misses 4801, miss rate 0.02%
Avg mem delay: 2.319 cycles
----------------------------------------
==== Global Resource Utilization ====
STASH: size: 65536 entries, full 1324001358, empty 28179749, misses 2513910, full rate 97.73
icache bank util. 0.240 0.198 0.135 0.087 0.111 0.170 0.107 0.168 
dcache bank util. 0.098 0.110 0.111 0.102 0.123 0.131 0.133 0.100 
L2 bank util. 0.020 0.021 0.020 0.022 0.021 0.020 0.023 0.027 
L1-L2 bus util. = 0.088, L3 util. = 0.080
----------------------------------------
branch prediction, hits = 77221851, misses = 9944541, hit rate = 88.59%
return_stack prediction, hits = 5536371, misses = 3042, hit rate = 99.95%
jump prediction, hits = 87988193, misses = 9575214, hit rate = 90.19%

**** Debug Statistics at 401000000 Cycles *****
Threads: 4		Fetch Width: 8
No of useful instructions fetched:	1427169062 (44.49% proc util.)
No of total instructions fetched:	1845245550 (57.52% proc util.)
 includes 58029921 misfetch (3.1%), 360046567 (19.5%) wrong-path fetches
 and 0 flushed after failed lock(0.0%)
No of useful instructions issued/executed:	1427169017 (44.49% proc util.)
No of total instructions issued/executed:	1573572137 (49.05% proc util.)
 includes 146403120 wrong-path (9.3%) insts and 0 flushed (0.0%)
	fp 5354, 0.00%
	synch 0, 0.00%
	integer 1199305624, 76.22%
	load/store 374261159, 23.78%
Avg size of int IQ (before scheduling): 29.41
Avg size of fp IQ (before scheduling): 0.00
No of cycles taken:		401000000
Parallelism [ 1.039, 0.000, 1.227, 1.293,] = 3.559
 IQ conflicts: 1447130 (0.36%), FQ conflicts: 0 (0.00%) 
 I reg conflicts: 129728187 (32.35%), FP reg conflicts: 0 (0.00%)
  Activelist confs: 728 (0.00%), ROB confs: 172173 (0.04%)
  Int unit conflicts: 747079990 (186.30%), FP unit conflicts: 11 (0.00%)
  Load/store unit conflicts: 40713613 (10.15%)
  MSHR conflicts: 21264931 (5.30%)
----------------------------------------
==== System-wide Cache Statistics ====
Stall for miss queue full 0 cycles (0.00%)
----------------------------------------
==== Statistics for Master ID: 0 ====
Reads: 333065352   Writes: 59285603
ICACHE: size: 64 KB assoc: 2
ICACHE: hits:190136255 misses:2150191  Hit Ratio: 98.88%
DCACHE: size: 32 KB assoc: 8
DCACHE: hits:197300837 misses:2763672 writebacks:1053020  Hit Ratio: 98.62%
SCACHE: size: 512 KB assoc: 2
SCACHE: hits:3738642 misses:1175219  Hit Ratio: 76.08%
3CACHE: size: 4096 KB assoc: 2
3CACHE: hits:914162 misses:261057  Hit Ratio: 77.79%
3CACHE: dirty items replaced:38396
ITLB: size: 48, misses 70496, miss rate 0.04%
DTLB: size: 128, misses 198384, miss rate 0.10%
Avg mem delay: 1.939 cycles
----------------------------------------
==== Statistics for Master ID: 2 ====
Reads: 276032366   Writes: 40957965
ICACHE: size: 64 KB assoc: 2
ICACHE: hits:174341274 misses:30761  Hit Ratio: 99.98%
DCACHE: size: 32 KB assoc: 8
DCACHE: hits:138113461 misses:4504835 writebacks:2181697  Hit Ratio: 96.84%
SCACHE: size: 512 KB assoc: 2
SCACHE: hits:2093604 misses:2441992  Hit Ratio: 46.16%
3CACHE: size: 4096 KB assoc: 2
3CACHE: hits:253728 misses:2188264  Hit Ratio: 10.39%
3CACHE: dirty items replaced:100227
ITLB: size: 48, misses 672, miss rate 0.00%
DTLB: size: 128, misses 131408, miss rate 0.09%
Avg mem delay: 1.939 cycles
----------------------------------------
==== Statistics for Master ID: 3 ====
Reads: 196903354   Writes: 129
ICACHE: size: 64 KB assoc: 2
ICACHE: hits:165979881 misses:268  Hit Ratio: 100.00%
DCACHE: size: 32 KB assoc: 8
DCACHE: hits:30705475 misses:217859 writebacks:90  Hit Ratio: 99.30%
SCACHE: size: 512 KB assoc: 2
SCACHE: hits:127765 misses:90362  Hit Ratio: 58.57%
3CACHE: size: 4096 KB assoc: 2
3CACHE: hits:68885 misses:21477  Hit Ratio: 76.23%
3CACHE: dirty items replaced:5051
ITLB: size: 48, misses 4, miss rate 0.00%
DTLB: size: 128, misses 8420, miss rate 0.03%
Avg mem delay: 1.939 cycles
----------------------------------------
==== Global Resource Utilization ====
STASH: size: 65536 entries, full 1953921583, empty 39107609, misses 3504187, full rate 97.87
icache bank util. 0.262 0.216 0.148 0.098 0.133 0.183 0.122 0.182 
dcache bank util. 0.106 0.115 0.123 0.113 0.141 0.141 0.153 0.119 
L2 bank util. 0.021 0.022 0.022 0.023 0.023 0.021 0.023 0.027 
L1-L2 bus util. = 0.097, L3 util. = 0.062
----------------------------------------
branch prediction, hits = 109340485, misses = 14733940, hit rate = 88.12%
return_stack prediction, hits = 8348629, misses = 3346, hit rate = 99.96%
jump prediction, hits = 125712216, misses = 14343399, hit rate = 89.76%

**** Debug Statistics at 501000000 Cycles *****
Threads: 4		Fetch Width: 8
No of useful instructions fetched:	1887730809 (47.10% proc util.)
No of total instructions fetched:	2438768564 (60.85% proc util.)
 includes 72347775 misfetch (3.0%), 478689980 (19.6%) wrong-path fetches
 and 0 flushed after failed lock(0.0%)
No of useful instructions issued/executed:	1887730790 (47.10% proc util.)
No of total instructions issued/executed:	2081481468 (51.93% proc util.)
 includes 193750678 wrong-path (9.3%) insts and 0 flushed (0.0%)
	fp 5408, 0.00%
	synch 0, 0.00%
	integer 1587806574, 76.28%
	load/store 493669486, 23.72%
Avg size of int IQ (before scheduling): 30.55
Avg size of fp IQ (before scheduling): 0.00
No of cycles taken:		501000000
Parallelism [ 1.105, 0.000, 1.321, 1.342,] = 3.768
 IQ conflicts: 1976458 (0.39%), FQ conflicts: 0 (0.00%) 
 I reg conflicts: 142205073 (28.38%), FP reg conflicts: 0 (0.00%)
  Activelist confs: 795 (0.00%), ROB confs: 225713 (0.05%)
  Int unit conflicts: 1075312056 (214.63%), FP unit conflicts: 17 (0.00%)
  Load/store unit conflicts: 54270583 (10.83%)
  MSHR conflicts: 32152088 (6.42%)
----------------------------------------
==== System-wide Cache Statistics ====
Stall for miss queue full 0 cycles (0.00%)
----------------------------------------
==== Statistics for Master ID: 0 ====
Reads: 436152944   Writes: 76970577
ICACHE: size: 64 KB assoc: 2
ICACHE: hits:249232505 misses:2838805  Hit Ratio: 98.87%
DCACHE: size: 32 KB assoc: 8
DCACHE: hits:257279257 misses:3772954 writebacks:1613320  Hit Ratio: 98.55%
SCACHE: size: 512 KB assoc: 2
SCACHE: hits:5179213 misses:1432546  Hit Ratio: 78.33%
3CACHE: size: 4096 KB assoc: 2
3CACHE: hits:1133456 misses:299090  Hit Ratio: 79.12%
3CACHE: dirty items replaced:54741
ITLB: size: 48, misses 107195, miss rate 0.04%
DTLB: size: 128, misses 261507, miss rate 0.10%
Avg mem delay: 1.712 cycles
----------------------------------------
==== Statistics for Master ID: 2 ====
Reads: 373046121   Writes: 53615499
ICACHE: size: 64 KB assoc: 2
ICACHE: hits:234938963 misses:39589  Hit Ratio: 99.98%
DCACHE: size: 32 KB assoc: 8
DCACHE: hits:186139297 misses:5543771 writebacks:2619945  Hit Ratio: 97.11%
SCACHE: size: 512 KB assoc: 2
SCACHE: hits:3027505 misses:2555855  Hit Ratio: 54.22%
3CACHE: size: 4096 KB assoc: 2
3CACHE: hits:338616 misses:2217239  Hit Ratio: 13.25%
3CACHE: dirty items replaced:109416
ITLB: size: 48, misses 922, miss rate 0.00%
DTLB: size: 128, misses 146611, miss rate 0.08%
Avg mem delay: 1.712 cycles
----------------------------------------
==== Statistics for Master ID: 3 ====
Reads: 257076693   Writes: 138
ICACHE: size: 64 KB assoc: 2
ICACHE: hits:216964448 misses:349  Hit Ratio: 100.00%
DCACHE: size: 32 KB assoc: 8
DCACHE: hits:39829108 misses:282926 writebacks:98  Hit Ratio: 99.29%
SCACHE: size: 512 KB assoc: 2
SCACHE: hits:173017 misses:110258  Hit Ratio: 61.08%
3CACHE: size: 4096 KB assoc: 2
3CACHE: hits:84049 misses:26209  Hit Ratio: 76.23%
3CACHE: dirty items replaced:7626
ITLB: size: 48, misses 4, miss rate 0.00%
DTLB: size: 128, misses 10878, miss rate 0.03%
Avg mem delay: 1.712 cycles
----------------------------------------
==== Global Resource Utilization ====
STASH: size: 65536 entries, full 2587265918, empty 49958652, misses 4449136, full rate 97.94
icache bank util. 0.274 0.229 0.155 0.104 0.144 0.191 0.130 0.196 
dcache bank util. 0.116 0.120 0.130 0.118 0.148 0.144 0.165 0.126 
L2 bank util. 0.022 0.022 0.022 0.023 0.023 0.021 0.023 0.027 
L1-L2 bus util. = 0.100, L3 util. = 0.051
----------------------------------------
branch prediction, hits = 143870410, misses = 19425712, hit rate = 88.10%
return_stack prediction, hits = 10737313, misses = 4190, hit rate = 99.96%
jump prediction, hits = 166298506, misses = 17894522, hit rate = 90.28%

**** Early Exiting at 525553782 Cycles *****
========================================
 SMTSIM Global Statistics
========================================
Threads: 4		Fetch Width: 8
No of useful instructions fetched:	2000000126 (47.57% proc util.)
No of total instructions fetched:	2579222945 (61.35% proc util.)
 includes 73574442 misfetch (2.9%), 505648377 (19.6%) wrong-path fetches
 and 0 flushed after failed lock(0.0%)
No of useful instructions issued/executed:	2000000062 (47.57% proc util.)
No of total instructions issued/executed:	2204566069 (52.43% proc util.)
 includes 204566007 wrong-path (9.3%) insts and 0 flushed (0.0%)
	fp 8567, 0.00%
	synch 0, 0.00%
	integer 1683393704, 76.36%
	load/store 521163798, 23.64%
Avg size of int IQ (before scheduling): 30.83
Avg size of fp IQ (before scheduling): 0.00
No of cycles taken:		525553782
Parallelism [ 1.121, 0.000, 1.336, 1.349,] = 3.806
 IQ conflicts: 2100699 (0.40%), FQ conflicts: 0 (0.00%) 
 I reg conflicts: 146210476 (27.82%), FP reg conflicts: 0 (0.00%)
  Activelist confs: 903 (0.00%), ROB confs: 237709 (0.05%)
  Int unit conflicts: 1158353049 (220.41%), FP unit conflicts: 17 (0.00%)
  Load/store unit conflicts: 56775264 (10.80%)
  MSHR conflicts: 33268567 (6.33%)
----------------------------------------
==== System-wide Cache Statistics ====
Stall for miss queue full 0 cycles (0.00%)
----------------------------------------
==== Statistics for Master ID: 0 ====
Reads: 460810111   Writes: 80200067
ICACHE: size: 64 KB assoc: 2
ICACHE: hits:263726377 misses:2851131  Hit Ratio: 98.93%
DCACHE: size: 32 KB assoc: 8
DCACHE: hits:270519207 misses:3913463 writebacks:1636676  Hit Ratio: 98.57%
SCACHE: size: 512 KB assoc: 2
SCACHE: hits:5225235 misses:1539359  Hit Ratio: 77.24%
3CACHE: size: 4096 KB assoc: 2
3CACHE: hits:1231032 misses:308327  Hit Ratio: 79.97%
3CACHE: dirty items replaced:59994
ITLB: size: 48, misses 107301, miss rate 0.04%
DTLB: size: 128, misses 276282, miss rate 0.10%
Avg mem delay: 1.674 cycles
----------------------------------------
==== Statistics for Master ID: 2 ====
Reads: 396048621   Writes: 56821384
ICACHE: size: 64 KB assoc: 2
ICACHE: hits:249231767 misses:40665  Hit Ratio: 99.98%
DCACHE: size: 32 KB assoc: 8
DCACHE: hits:197830859 misses:5766714 writebacks:2712886  Hit Ratio: 97.17%
SCACHE: size: 512 KB assoc: 2
SCACHE: hits:3213968 misses:2593411  Hit Ratio: 55.34%
3CACHE: size: 4096 KB assoc: 2
3CACHE: hits:367042 misses:2226369  Hit Ratio: 14.15%
3CACHE: dirty items replaced:114808
ITLB: size: 48, misses 941, miss rate 0.00%
DTLB: size: 128, misses 150334, miss rate 0.07%
Avg mem delay: 1.674 cycles
----------------------------------------
==== Statistics for Master ID: 3 ====
Reads: 271021756   Writes: 142
ICACHE: size: 64 KB assoc: 2
ICACHE: hits:228737252 misses:350  Hit Ratio: 100.00%
DCACHE: size: 32 KB assoc: 8
DCACHE: hits:41985884 misses:298412 writebacks:102  Hit Ratio: 99.29%
SCACHE: size: 512 KB assoc: 2
SCACHE: hits:182102 misses:116660  Hit Ratio: 60.95%
3CACHE: size: 4096 KB assoc: 2
3CACHE: hits:87586 misses:29074  Hit Ratio: 75.08%
3CACHE: dirty items replaced:9579
ITLB: size: 48, misses 4, miss rate 0.00%
DTLB: size: 128, misses 11427, miss rate 0.03%
Avg mem delay: 1.674 cycles
----------------------------------------
==== Global Resource Utilization ====
STASH: size: 65536 entries, full 2737944788, empty 51093224, misses 4546708, full rate 98.01
icache bank util. 0.275 0.231 0.158 0.106 0.144 0.190 0.131 0.197 
dcache bank util. 0.116 0.119 0.131 0.121 0.150 0.144 0.165 0.125 
L2 bank util. 0.021 0.022 0.021 0.023 0.022 0.021 0.023 0.027 
L1-L2 bus util. = 0.098, L3 util. = 0.049
----------------------------------------
branch prediction, hits = 152664467, misses = 20414505, hit rate = 88.21%
return_stack prediction, hits = 11254618, misses = 4191, hit rate = 99.96%
jump prediction, hits = 176871111, misses = 18275614, hit rate = 90.63%
total IPC 3.806

=== Results saved to: ./results/gcc-expr_2_gzip-program_1_randacc_1.txt ===
